// Validating benchmarks:
// ***** BenchmarkRunner: Start   *****
// ***** Found 2 benchmark(s) in total *****
// ***** Building 1 exe(s) in Parallel: Start   *****
// start dotnet  restore --nodeReuse:false /p:UseSharedCompilation=false /p:Deterministic=true /p:Optimize=true /p:ArtifactsPath="/home/runner/work/Encina/Encina/tests/Encina.BenchmarkTests/Encina.ADO.MySQL.Benchmarks/bin/Release/net10.0/Encina.ADO.MySQL.Benchmarks-ShortRun-1/" /p:OutDir="/home/runner/work/Encina/Encina/tests/Encina.BenchmarkTests/Encina.ADO.MySQL.Benchmarks/bin/Release/net10.0/Encina.ADO.MySQL.Benchmarks-ShortRun-1/bin/Release/net10.0/" /p:OutputPath="/home/runner/work/Encina/Encina/tests/Encina.BenchmarkTests/Encina.ADO.MySQL.Benchmarks/bin/Release/net10.0/Encina.ADO.MySQL.Benchmarks-ShortRun-1/bin/Release/net10.0/" /p:PublishDir="/home/runner/work/Encina/Encina/tests/Encina.BenchmarkTests/Encina.ADO.MySQL.Benchmarks/bin/Release/net10.0/Encina.ADO.MySQL.Benchmarks-ShortRun-1/publish/" in /home/runner/work/Encina/Encina/tests/Encina.BenchmarkTests/Encina.ADO.MySQL.Benchmarks/bin/Release/net10.0/Encina.ADO.MySQL.Benchmarks-ShortRun-1
// command took 2.11 sec and exited with 0
// start dotnet  build -c Release --no-restore --nodeReuse:false /p:UseSharedCompilation=false /p:Deterministic=true /p:Optimize=true /p:ArtifactsPath="/home/runner/work/Encina/Encina/tests/Encina.BenchmarkTests/Encina.ADO.MySQL.Benchmarks/bin/Release/net10.0/Encina.ADO.MySQL.Benchmarks-ShortRun-1/" /p:OutDir="/home/runner/work/Encina/Encina/tests/Encina.BenchmarkTests/Encina.ADO.MySQL.Benchmarks/bin/Release/net10.0/Encina.ADO.MySQL.Benchmarks-ShortRun-1/bin/Release/net10.0/" /p:OutputPath="/home/runner/work/Encina/Encina/tests/Encina.BenchmarkTests/Encina.ADO.MySQL.Benchmarks/bin/Release/net10.0/Encina.ADO.MySQL.Benchmarks-ShortRun-1/bin/Release/net10.0/" /p:PublishDir="/home/runner/work/Encina/Encina/tests/Encina.BenchmarkTests/Encina.ADO.MySQL.Benchmarks/bin/Release/net10.0/Encina.ADO.MySQL.Benchmarks-ShortRun-1/publish/" --output "/home/runner/work/Encina/Encina/tests/Encina.BenchmarkTests/Encina.ADO.MySQL.Benchmarks/bin/Release/net10.0/Encina.ADO.MySQL.Benchmarks-ShortRun-1/bin/Release/net10.0/" in /home/runner/work/Encina/Encina/tests/Encina.BenchmarkTests/Encina.ADO.MySQL.Benchmarks/bin/Release/net10.0/Encina.ADO.MySQL.Benchmarks-ShortRun-1
// command took 103.01 sec and exited with 0
// ***** Done, took 00:01:45 (105.22 sec)   *****
// Found 2 benchmarks:
//   OutboxStoreBenchmarks.AddAsync_Single: ShortRun(IterationCount=3, LaunchCount=1, WarmupCount=3)
//   OutboxStoreBenchmarks.GetPendingMessagesAsync_Batch100: ShortRun(IterationCount=3, LaunchCount=1, WarmupCount=3)

// **************************
// Benchmark: OutboxStoreBenchmarks.AddAsync_Single: ShortRun(IterationCount=3, LaunchCount=1, WarmupCount=3)
// *** Execute ***
// Launch: 1 / 1
// Execute: dotnet Encina.ADO.MySQL.Benchmarks-ShortRun-1.dll --anonymousPipes 148 149 --benchmarkName Encina.ADO.MySQL.Benchmarks.Benchmarks.OutboxStoreBenchmarks.AddAsync_Single --job ShortRun --benchmarkId 0 in /home/runner/work/Encina/Encina/tests/Encina.BenchmarkTests/Encina.ADO.MySQL.Benchmarks/bin/Release/net10.0/Encina.ADO.MySQL.Benchmarks-ShortRun-1/bin/Release/net10.0
// Failed to set up high priority (Permission denied). In order to run benchmarks with high priority, make sure you have the right permissions.
// BeforeAnythingElse

// Benchmark Process Environment Information:
// BenchmarkDotNet v0.15.8
// Runtime=.NET 10.0.12 (10.0.12, 10.0.1226.42308), X64 RyuJIT x86-64-v4
// GC=Concurrent Workstation
// HardwareIntrinsics=AVX512 BITALG+VBMI2+VNNI+VPOPCNTDQ,AVX512 IFMA+VBMI,AVX512 F+BW+CD+DQ+VL,AVX2+BMI1+BMI2+F16C+FMA+LZCNT+MOVBE,AVX,SSE3+SSSE3+SSE4.1+SSE4.2+POPCNT,X86Base+SSE+SSE2,AES+PCLMUL,AvxVnni VectorSize=256
// Job: ShortRun(IterationCount=3, LaunchCount=1, WarmupCount=3)

[testcontainers.org 00:00:00.27] Connected to Docker:
  Host: unix:///var/run/docker.sock
  Server Version: 28.0.4
  Kernel Version: 6.17.0-1022-azure
  API Version: 1.48
  Operating System: Ubuntu 24.04.5 LTS
  Total Memory: 15.61 GB
[testcontainers.org 00:00:00.31] Searching Docker registry credential in CredsStore
[testcontainers.org 00:00:00.31] Searching Docker registry credential in CredHelpers
[testcontainers.org 00:00:00.31] Searching Docker registry credential in Auths
[testcontainers.org 00:00:00.31] Searching Docker registry credential in Auths
[testcontainers.org 00:00:00.31] Docker registry credential https://index.docker.io/v1/ found
[testcontainers.org 00:00:01.06] Docker image testcontainers/ryuk:0.14.0@sha256:7c1a8a9a47c780ed0f983770a662f80deb115d95cce3e2daa3d12115b8cd28f0 created
[testcontainers.org 00:00:01.17] Docker container c13f9a107058 created
[testcontainers.org 00:00:01.24] Start Docker container c13f9a107058
[testcontainers.org 00:00:01.39] Wait for Docker container c13f9a107058 to complete readiness checks
[testcontainers.org 00:00:02.41] Docker container c13f9a107058 ready
[testcontainers.org 00:00:11.84] Docker image mysql:9.1 created
[testcontainers.org 00:00:11.85] Docker container 4c248529ee12 created
[testcontainers.org 00:00:11.85] Start Docker container 4c248529ee12
[testcontainers.org 00:00:11.93] Execute "mkdir /var/lib/mysql-files" at Docker container 4c248529ee12
[testcontainers.org 00:00:11.95] Add file to tar archive: Content length: 47 byte(s), Target file: "/etc/mysql/my.cnf", UID: 0, GID: 0, Mode: 0600
[testcontainers.org 00:00:11.98] Copy tar archive to container: Content length: 47 byte(s), Docker container: 4c248529ee12
[testcontainers.org 00:00:12.00] Wait for Docker container 4c248529ee12 to complete readiness checks
[testcontainers.org 00:00:12.00] Execute "mysql encina_bench --wait --silent --execute=SELECT 1;" at Docker container 4c248529ee12
[testcontainers.org 00:00:18.03] Execute "mysql encina_bench --wait --silent --execute=SELECT 1;" at Docker container 4c248529ee12
[testcontainers.org 00:00:18.06] Docker container 4c248529ee12 ready
OverheadJitting  1: 1 op, 153692.00 ns, 153.6920 us/op
WorkloadJitting  1: 1 op, 1223466.00 ns, 1.2235 ms/op

OverheadJitting  2: 16 op, 257639.00 ns, 16.1024 us/op
WorkloadJitting  2: 16 op, 8985452.00 ns, 561.5908 us/op

WorkloadPilot    1: 16 op, 8602174.00 ns, 537.6359 us/op
WorkloadPilot    2: 32 op, 16156256.00 ns, 504.8830 us/op
WorkloadPilot    3: 64 op, 34421563.00 ns, 537.8369 us/op
WorkloadPilot    4: 128 op, 68054363.00 ns, 531.6747 us/op
WorkloadPilot    5: 256 op, 132989123.00 ns, 519.4888 us/op
WorkloadPilot    6: 512 op, 277031290.00 ns, 541.0767 us/op
WorkloadPilot    7: 1024 op, 566753201.00 ns, 553.4699 us/op

OverheadWarmup   1: 1024 op, 2964.00 ns, 2.8945 ns/op
OverheadWarmup   2: 1024 op, 2333.00 ns, 2.2783 ns/op
OverheadWarmup   3: 1024 op, 2283.00 ns, 2.2295 ns/op
OverheadWarmup   4: 1024 op, 2253.00 ns, 2.2002 ns/op
OverheadWarmup   5: 1024 op, 2303.00 ns, 2.2490 ns/op
OverheadWarmup   6: 1024 op, 2263.00 ns, 2.2100 ns/op
OverheadWarmup   7: 1024 op, 2234.00 ns, 2.1816 ns/op
OverheadWarmup   8: 1024 op, 2274.00 ns, 2.2207 ns/op
OverheadWarmup   9: 1024 op, 2353.00 ns, 2.2979 ns/op
OverheadWarmup  10: 1024 op, 2273.00 ns, 2.2197 ns/op

OverheadActual   1: 1024 op, 2624.00 ns, 2.5625 ns/op
OverheadActual   2: 1024 op, 2594.00 ns, 2.5332 ns/op
OverheadActual   3: 1024 op, 2574.00 ns, 2.5137 ns/op
OverheadActual   4: 1024 op, 2383.00 ns, 2.3271 ns/op
OverheadActual   5: 1024 op, 2544.00 ns, 2.4844 ns/op
OverheadActual   6: 1024 op, 2314.00 ns, 2.2598 ns/op
OverheadActual   7: 1024 op, 2273.00 ns, 2.2197 ns/op
OverheadActual   8: 1024 op, 2253.00 ns, 2.2002 ns/op
OverheadActual   9: 1024 op, 2224.00 ns, 2.1719 ns/op
OverheadActual  10: 1024 op, 2254.00 ns, 2.2012 ns/op
OverheadActual  11: 1024 op, 3315.00 ns, 3.2373 ns/op
OverheadActual  12: 1024 op, 2253.00 ns, 2.2002 ns/op
OverheadActual  13: 1024 op, 2253.00 ns, 2.2002 ns/op
OverheadActual  14: 1024 op, 2254.00 ns, 2.2012 ns/op
OverheadActual  15: 1024 op, 2204.00 ns, 2.1523 ns/op
OverheadActual  16: 1024 op, 2263.00 ns, 2.2100 ns/op
OverheadActual  17: 1024 op, 3606.00 ns, 3.5215 ns/op
OverheadActual  18: 1024 op, 2494.00 ns, 2.4355 ns/op
OverheadActual  19: 1024 op, 2333.00 ns, 2.2783 ns/op
OverheadActual  20: 1024 op, 2313.00 ns, 2.2588 ns/op

WorkloadWarmup   1: 1024 op, 536959445.00 ns, 524.3745 us/op
WorkloadWarmup   2: 1024 op, 532724348.00 ns, 520.2386 us/op
WorkloadWarmup   3: 1024 op, 521581273.00 ns, 509.3567 us/op

// BeforeActualRun
WorkloadActual   1: 1024 op, 539805733.00 ns, 527.1540 us/op
WorkloadActual   2: 1024 op, 531100705.00 ns, 518.6530 us/op
WorkloadActual   3: 1024 op, 599739500.00 ns, 585.6831 us/op

// AfterActualRun
WorkloadResult   1: 1024 op, 539803419.50 ns, 527.1518 us/op
WorkloadResult   2: 1024 op, 531098391.50 ns, 518.6508 us/op
WorkloadResult   3: 1024 op, 599737186.50 ns, 585.6808 us/op
// GC:  0 0 0 7149840 1024
// Threading:  1024 0 1024

[testcontainers.org 00:00:23.56] Delete Docker container 4c248529ee12
// AfterAll
// Benchmark Process 3399 has exited with code 0.

Mean = 543.828 μs, StdErr = 21.070 μs (3.87%), N = 3, StdDev = 36.494 μs
Min = 518.651 μs, Q1 = 522.901 μs, Median = 527.152 μs, Q3 = 556.416 μs, Max = 585.681 μs
IQR = 33.515 μs, LowerFence = 472.629 μs, UpperFence = 606.689 μs
ConfidenceInterval = [-121.962 μs; 1,209.617 μs] (CI 99.9%), Margin = 665.790 μs (122.43% of Mean)
Skewness = 0.36, Kurtosis = 0.67, MValue = 2

// ** Remained 1 (50.0 %) benchmark(s) to run. Estimated finish 2026-10-06 9:53 (0h 0m from now) **
// **************************
// Benchmark: OutboxStoreBenchmarks.GetPendingMessagesAsync_Batch100: ShortRun(IterationCount=3, LaunchCount=1, WarmupCount=3)
// *** Execute ***
// Launch: 1 / 1
// Execute: dotnet Encina.ADO.MySQL.Benchmarks-ShortRun-1.dll --anonymousPipes 148 149 --benchmarkName Encina.ADO.MySQL.Benchmarks.Benchmarks.OutboxStoreBenchmarks.GetPendingMessagesAsync_Batch100 --job ShortRun --benchmarkId 1 in /home/runner/work/Encina/Encina/tests/Encina.BenchmarkTests/Encina.ADO.MySQL.Benchmarks/bin/Release/net10.0/Encina.ADO.MySQL.Benchmarks-ShortRun-1/bin/Release/net10.0
// Failed to set up high priority (Permission denied). In order to run benchmarks with high priority, make sure you have the right permissions.
// BeforeAnythingElse

// Benchmark Process Environment Information:
// BenchmarkDotNet v0.15.8
// Runtime=.NET 10.0.12 (10.0.12, 10.0.1226.42308), X64 RyuJIT x86-64-v4
// GC=Concurrent Workstation
// HardwareIntrinsics=AVX512 BITALG+VBMI2+VNNI+VPOPCNTDQ,AVX512 IFMA+VBMI,AVX512 F+BW+CD+DQ+VL,AVX2+BMI1+BMI2+F16C+FMA+LZCNT+MOVBE,AVX,SSE3+SSSE3+SSE4.1+SSE4.2+POPCNT,X86Base+SSE+SSE2,AES+PCLMUL,AvxVnni VectorSize=256
// Job: ShortRun(IterationCount=3, LaunchCount=1, WarmupCount=3)

[testcontainers.org 00:00:00.18] Connected to Docker:
  Host: unix:///var/run/docker.sock
  Server Version: 28.0.4
  Kernel Version: 6.17.0-1022-azure
  API Version: 1.48
  Operating System: Ubuntu 24.04.5 LTS
  Total Memory: 15.61 GB
[testcontainers.org 00:00:00.36] Docker container 2c2b8962f7f0 created
[testcontainers.org 00:00:00.42] Start Docker container 2c2b8962f7f0
[testcontainers.org 00:00:00.51] Wait for Docker container 2c2b8962f7f0 to complete readiness checks
[testcontainers.org 00:00:01.54] Docker container 2c2b8962f7f0 ready
[testcontainers.org 00:00:01.58] Docker container ef2b708d7d24 created
[testcontainers.org 00:00:01.58] Start Docker container ef2b708d7d24
[testcontainers.org 00:00:01.66] Execute "mkdir /var/lib/mysql-files" at Docker container ef2b708d7d24
[testcontainers.org 00:00:01.68] Add file to tar archive: Content length: 47 byte(s), Target file: "/etc/mysql/my.cnf", UID: 0, GID: 0, Mode: 0600
[testcontainers.org 00:00:01.70] Copy tar archive to container: Content length: 47 byte(s), Docker container: ef2b708d7d24
[testcontainers.org 00:00:01.73] Wait for Docker container ef2b708d7d24 to complete readiness checks
[testcontainers.org 00:00:01.73] Execute "mysql encina_bench --wait --silent --execute=SELECT 1;" at Docker container ef2b708d7d24
[testcontainers.org 00:00:07.76] Execute "mysql encina_bench --wait --silent --execute=SELECT 1;" at Docker container ef2b708d7d24
[testcontainers.org 00:00:07.80] Docker container ef2b708d7d24 ready
OverheadJitting  1: 1 op, 145840.00 ns, 145.8400 us/op
WorkloadJitting  1: 1 op, 28295396.00 ns, 28.2954 ms/op

OverheadJitting  2: 16 op, 255996.00 ns, 15.9998 us/op
WorkloadJitting  2: 16 op, 5999695.00 ns, 374.9809 us/op

WorkloadPilot    1: 16 op, 5922973.00 ns, 370.1858 us/op
WorkloadPilot    2: 32 op, 11115996.00 ns, 347.3749 us/op
WorkloadPilot    3: 64 op, 22224975.00 ns, 347.2652 us/op
WorkloadPilot    4: 128 op, 44250996.00 ns, 345.7109 us/op
WorkloadPilot    5: 256 op, 90970614.00 ns, 355.3540 us/op
WorkloadPilot    6: 512 op, 168632377.00 ns, 329.3601 us/op
WorkloadPilot    7: 1024 op, 339382367.00 ns, 331.4281 us/op
WorkloadPilot    8: 2048 op, 687813641.00 ns, 335.8465 us/op

OverheadWarmup   1: 2048 op, 5188.00 ns, 2.5332 ns/op
OverheadWarmup   2: 2048 op, 4447.00 ns, 2.1714 ns/op
OverheadWarmup   3: 2048 op, 4346.00 ns, 2.1221 ns/op
OverheadWarmup   4: 2048 op, 4326.00 ns, 2.1123 ns/op
OverheadWarmup   5: 2048 op, 4337.00 ns, 2.1177 ns/op
OverheadWarmup   6: 2048 op, 4317.00 ns, 2.1079 ns/op
OverheadWarmup   7: 2048 op, 4317.00 ns, 2.1079 ns/op
OverheadWarmup   8: 2048 op, 4337.00 ns, 2.1177 ns/op

OverheadActual   1: 2048 op, 4617.00 ns, 2.2544 ns/op
OverheadActual   2: 2048 op, 4606.00 ns, 2.2490 ns/op
OverheadActual   3: 2048 op, 4607.00 ns, 2.2495 ns/op
OverheadActual   4: 2048 op, 4597.00 ns, 2.2446 ns/op
OverheadActual   5: 2048 op, 4547.00 ns, 2.2202 ns/op
OverheadActual   6: 2048 op, 4457.00 ns, 2.1763 ns/op
OverheadActual   7: 2048 op, 4376.00 ns, 2.1367 ns/op
OverheadActual   8: 2048 op, 4417.00 ns, 2.1567 ns/op
OverheadActual   9: 2048 op, 4407.00 ns, 2.1519 ns/op
OverheadActual  10: 2048 op, 4407.00 ns, 2.1519 ns/op
OverheadActual  11: 2048 op, 4356.00 ns, 2.1270 ns/op
OverheadActual  12: 2048 op, 4456.00 ns, 2.1758 ns/op
OverheadActual  13: 2048 op, 4446.00 ns, 2.1709 ns/op
OverheadActual  14: 2048 op, 4447.00 ns, 2.1714 ns/op
OverheadActual  15: 2048 op, 4387.00 ns, 2.1421 ns/op

WorkloadWarmup   1: 2048 op, 715369689.00 ns, 349.3016 us/op
WorkloadWarmup   2: 2048 op, 680193255.00 ns, 332.1256 us/op
WorkloadWarmup   3: 2048 op, 669351287.00 ns, 326.8317 us/op

// BeforeActualRun
WorkloadActual   1: 2048 op, 660579854.00 ns, 322.5488 us/op
WorkloadActual   2: 2048 op, 682839026.00 ns, 333.4175 us/op
WorkloadActual   3: 2048 op, 671097089.00 ns, 327.6841 us/op

// AfterActualRun
WorkloadResult   1: 2048 op, 660575407.00 ns, 322.5466 us/op
WorkloadResult   2: 2048 op, 682834579.00 ns, 333.4153 us/op
WorkloadResult   3: 2048 op, 671092642.00 ns, 327.6820 us/op
// GC:  6 0 0 101723832 2048
// Threading:  3560 1 2048

[testcontainers.org 00:00:14.45] Delete Docker container ef2b708d7d24
// AfterAll
// Benchmark Process 4025 has exited with code 0.

Mean = 327.881 μs, StdErr = 3.139 μs (0.96%), N = 3, StdDev = 5.437 μs
Min = 322.547 μs, Q1 = 325.114 μs, Median = 327.682 μs, Q3 = 330.549 μs, Max = 333.415 μs
IQR = 5.434 μs, LowerFence = 316.963 μs, UpperFence = 338.700 μs
ConfidenceInterval = [228.688 μs; 427.074 μs] (CI 99.9%), Margin = 99.193 μs (30.25% of Mean)
Skewness = 0.04, Kurtosis = 0.67, MValue = 2

// ** Remained 0 (0.0 %) benchmark(s) to run. Estimated finish 2026-10-06 9:53 (0h 0m from now) **
// ***** BenchmarkRunner: Finish  *****

// * Export *
  artifacts/performance/ADOMySQL/results/Encina.ADO.MySQL.Benchmarks.Benchmarks.OutboxStoreBenchmarks-report.csv
  artifacts/performance/ADOMySQL/results/Encina.ADO.MySQL.Benchmarks.Benchmarks.OutboxStoreBenchmarks-report-github.md
  artifacts/performance/ADOMySQL/results/Encina.ADO.MySQL.Benchmarks.Benchmarks.OutboxStoreBenchmarks-report.html
  artifacts/performance/ADOMySQL/results/Encina.ADO.MySQL.Benchmarks.Benchmarks.OutboxStoreBenchmarks-report-full-compressed.json

// * Detailed results *
OutboxStoreBenchmarks.AddAsync_Single: ShortRun(IterationCount=3, LaunchCount=1, WarmupCount=3)
Runtime = .NET 10.0.12 (10.0.12, 10.0.1226.42308), X64 RyuJIT x86-64-v4; GC = Concurrent Workstation
Mean = 543.828 μs, StdErr = 21.070 μs (3.87%), N = 3, StdDev = 36.494 μs
Min = 518.651 μs, Q1 = 522.901 μs, Median = 527.152 μs, Q3 = 556.416 μs, Max = 585.681 μs
IQR = 33.515 μs, LowerFence = 472.629 μs, UpperFence = 606.689 μs
ConfidenceInterval = [-121.962 μs; 1,209.617 μs] (CI 99.9%), Margin = 665.790 μs (122.43% of Mean)
Skewness = 0.36, Kurtosis = 0.67, MValue = 2
-------------------- Histogram --------------------
[485.440 μs ; 556.112 μs) | @@
[556.112 μs ; 618.892 μs) | @
---------------------------------------------------

OutboxStoreBenchmarks.GetPendingMessagesAsync_Batch100: ShortRun(IterationCount=3, LaunchCount=1, WarmupCount=3)
Runtime = .NET 10.0.12 (10.0.12, 10.0.1226.42308), X64 RyuJIT x86-64-v4; GC = Concurrent Workstation
Mean = 327.881 μs, StdErr = 3.139 μs (0.96%), N = 3, StdDev = 5.437 μs
Min = 322.547 μs, Q1 = 325.114 μs, Median = 327.682 μs, Q3 = 330.549 μs, Max = 333.415 μs
IQR = 5.434 μs, LowerFence = 316.963 μs, UpperFence = 338.700 μs
ConfidenceInterval = [228.688 μs; 427.074 μs] (CI 99.9%), Margin = 99.193 μs (30.25% of Mean)
Skewness = 0.04, Kurtosis = 0.67, MValue = 2
-------------------- Histogram --------------------
[320.166 μs ; 330.062 μs) | @@
[330.062 μs ; 338.363 μs) | @
---------------------------------------------------

// * Summary *

BenchmarkDotNet v0.15.8, Linux Ubuntu 24.04.5 LTS (Noble Numbat)
AMD EPYC 9V45 4.52GHz, 1 CPU, 4 logical and 2 physical cores
.NET SDK 10.0.401
  [Host]   : .NET 10.0.12 (10.0.12, 10.0.1226.42308), X64 RyuJIT x86-64-v4
  ShortRun : .NET 10.0.12 (10.0.12, 10.0.1226.42308), X64 RyuJIT x86-64-v4

Job=ShortRun  IterationCount=3  LaunchCount=1  
WarmupCount=3  

| Method                           | Mean     | Error     | StdDev   | Ratio | RatioSD | Gen0   | Allocated | Alloc Ratio |
|--------------------------------- |---------:|----------:|---------:|------:|--------:|-------:|----------:|------------:|
| AddAsync_Single                  | 543.8 μs | 665.79 μs | 36.49 μs |  1.00 |    0.08 |      - |   6.82 KB |        1.00 |
| GetPendingMessagesAsync_Batch100 | 327.9 μs |  99.19 μs |  5.44 μs |  0.60 |    0.04 | 2.9297 |  48.51 KB |        7.11 |
// * Config Issues *

// * Warnings *
Configuration
  Summary -> The exporter CsvExporter is already present in configuration. There may be unexpected results.
  Summary -> The exporter HtmlExporter is already present in configuration. There may be unexpected results.
  Summary -> The exporter MarkdownExporter-github is already present in configuration. There may be unexpected results.

// * Legends *
  Mean        : Arithmetic mean of all measurements
  Error       : Half of 99.9% confidence interval
  StdDev      : Standard deviation of all measurements
  Ratio       : Mean of the ratio distribution ([Current]/[Baseline])
  RatioSD     : Standard deviation of the ratio distribution ([Current]/[Baseline])
  Gen0        : GC Generation 0 collects per 1000 operations
  Allocated   : Allocated memory per single operation (managed only, inclusive, 1KB = 1024B)
  Alloc Ratio : Allocated memory ratio distribution ([Current]/[Baseline])
  1 μs        : 1 Microsecond (0.000001 sec)

// * Diagnostic Output - MemoryDiagnoser *


// ***** BenchmarkRunner: End *****
Run time: 00:00:38 (38.9 sec), executed benchmarks: 2

Global total time: 00:02:24 (144.3 sec), executed benchmarks: 2
// * Artifacts cleanup *
Artifacts cleanup is finished
