// Validating benchmarks:
// ***** BenchmarkRunner: Start   *****
// ***** Found 5 benchmark(s) in total *****
// ***** Building 1 exe(s) in Parallel: Start   *****
// start dotnet  restore --nodeReuse:false /p:UseSharedCompilation=false /p:Deterministic=true /p:Optimize=true /p:ArtifactsPath="/home/runner/work/Encina/Encina/tests/Encina.BenchmarkTests/Encina.Extensions.Resilience.Benchmarks/bin/Release/net10.0/Encina.Extensions.Resilience.Benchmarks-ShortRun-1/" /p:OutDir="/home/runner/work/Encina/Encina/tests/Encina.BenchmarkTests/Encina.Extensions.Resilience.Benchmarks/bin/Release/net10.0/Encina.Extensions.Resilience.Benchmarks-ShortRun-1/bin/Release/net10.0/" /p:OutputPath="/home/runner/work/Encina/Encina/tests/Encina.BenchmarkTests/Encina.Extensions.Resilience.Benchmarks/bin/Release/net10.0/Encina.Extensions.Resilience.Benchmarks-ShortRun-1/bin/Release/net10.0/" /p:PublishDir="/home/runner/work/Encina/Encina/tests/Encina.BenchmarkTests/Encina.Extensions.Resilience.Benchmarks/bin/Release/net10.0/Encina.Extensions.Resilience.Benchmarks-ShortRun-1/publish/" in /home/runner/work/Encina/Encina/tests/Encina.BenchmarkTests/Encina.Extensions.Resilience.Benchmarks/bin/Release/net10.0/Encina.Extensions.Resilience.Benchmarks-ShortRun-1
// command took 1.8 sec and exited with 0
// start dotnet  build -c Release --no-restore --nodeReuse:false /p:UseSharedCompilation=false /p:Deterministic=true /p:Optimize=true /p:ArtifactsPath="/home/runner/work/Encina/Encina/tests/Encina.BenchmarkTests/Encina.Extensions.Resilience.Benchmarks/bin/Release/net10.0/Encina.Extensions.Resilience.Benchmarks-ShortRun-1/" /p:OutDir="/home/runner/work/Encina/Encina/tests/Encina.BenchmarkTests/Encina.Extensions.Resilience.Benchmarks/bin/Release/net10.0/Encina.Extensions.Resilience.Benchmarks-ShortRun-1/bin/Release/net10.0/" /p:OutputPath="/home/runner/work/Encina/Encina/tests/Encina.BenchmarkTests/Encina.Extensions.Resilience.Benchmarks/bin/Release/net10.0/Encina.Extensions.Resilience.Benchmarks-ShortRun-1/bin/Release/net10.0/" /p:PublishDir="/home/runner/work/Encina/Encina/tests/Encina.BenchmarkTests/Encina.Extensions.Resilience.Benchmarks/bin/Release/net10.0/Encina.Extensions.Resilience.Benchmarks-ShortRun-1/publish/" --output "/home/runner/work/Encina/Encina/tests/Encina.BenchmarkTests/Encina.Extensions.Resilience.Benchmarks/bin/Release/net10.0/Encina.Extensions.Resilience.Benchmarks-ShortRun-1/bin/Release/net10.0/" in /home/runner/work/Encina/Encina/tests/Encina.BenchmarkTests/Encina.Extensions.Resilience.Benchmarks/bin/Release/net10.0/Encina.Extensions.Resilience.Benchmarks-ShortRun-1
// command took 18.26 sec and exited with 0
// ***** Done, took 00:00:20 (20.2 sec)   *****
// Found 5 benchmarks:
//   StandardResilienceBenchmarks.NoResilience_Baseline: ShortRun(IterationCount=3, LaunchCount=1, WarmupCount=3)
//   StandardResilienceBenchmarks.StandardResilience_Success: ShortRun(IterationCount=3, LaunchCount=1, WarmupCount=3)
//   StandardResilienceBenchmarks.StandardResilience_WithRetry: ShortRun(IterationCount=3, LaunchCount=1, WarmupCount=3)
//   StandardResilienceBenchmarks.StandardResilience_ConcurrentRequests: ShortRun(IterationCount=3, LaunchCount=1, WarmupCount=3)
//   StandardResilienceBenchmarks.StandardResilience_MultipleSequentialRequests: ShortRun(IterationCount=3, LaunchCount=1, WarmupCount=3)

// **************************
// Benchmark: StandardResilienceBenchmarks.NoResilience_Baseline: ShortRun(IterationCount=3, LaunchCount=1, WarmupCount=3)
// *** Execute ***
// Launch: 1 / 1
// Execute: dotnet Encina.Extensions.Resilience.Benchmarks-ShortRun-1.dll --anonymousPipes 147 148 --benchmarkName Encina.Extensions.Resilience.Benchmarks.StandardResilienceBenchmarks.NoResilience_Baseline --job ShortRun --benchmarkId 0 in /home/runner/work/Encina/Encina/tests/Encina.BenchmarkTests/Encina.Extensions.Resilience.Benchmarks/bin/Release/net10.0/Encina.Extensions.Resilience.Benchmarks-ShortRun-1/bin/Release/net10.0
// Failed to set up high priority (Permission denied). In order to run benchmarks with high priority, make sure you have the right permissions.
// BeforeAnythingElse

// Benchmark Process Environment Information:
// BenchmarkDotNet v0.15.8
// Runtime=.NET 10.0.12 (10.0.12, 10.0.1226.42308), X64 RyuJIT x86-64-v4
// GC=Concurrent Workstation
// HardwareIntrinsics=AVX512 BITALG+VBMI2+VNNI+VPOPCNTDQ,AVX512 IFMA+VBMI,AVX512 F+BW+CD+DQ+VL,AVX2+BMI1+BMI2+F16C+FMA+LZCNT+MOVBE,AVX,SSE3+SSSE3+SSE4.1+SSE4.2+POPCNT,X86Base+SSE+SSE2,AES+PCLMUL,AvxVnni VectorSize=256
// Job: ShortRun(IterationCount=3, LaunchCount=1, WarmupCount=3)

OverheadJitting  1: 1 op, 152479.00 ns, 152.4790 us/op
WorkloadJitting  1: 1 op, 51265333.00 ns, 51.2653 ms/op

WorkloadPilot    1: 2 op, 1225109.00 ns, 612.5545 us/op
WorkloadPilot    2: 3 op, 52529.00 ns, 17.5097 us/op
WorkloadPilot    3: 4 op, 19669.00 ns, 4.9173 us/op
WorkloadPilot    4: 5 op, 36125.00 ns, 7.2250 us/op
WorkloadPilot    5: 6 op, 31197.00 ns, 5.1995 us/op
WorkloadPilot    6: 7 op, 38939.00 ns, 5.5627 us/op
WorkloadPilot    7: 8 op, 45839.00 ns, 5.7299 us/op
WorkloadPilot    8: 9 op, 44577.00 ns, 4.9530 us/op
WorkloadPilot    9: 10 op, 45919.00 ns, 4.5919 us/op
WorkloadPilot   10: 11 op, 43045.00 ns, 3.9132 us/op
WorkloadPilot   11: 12 op, 43786.00 ns, 3.6488 us/op
WorkloadPilot   12: 13 op, 44837.00 ns, 3.4490 us/op
WorkloadPilot   13: 14 op, 32769.00 ns, 2.3406 us/op
WorkloadPilot   14: 15 op, 44477.00 ns, 2.9651 us/op
WorkloadPilot   15: 16 op, 37617.00 ns, 2.3511 us/op
WorkloadPilot   16: 32 op, 84206.00 ns, 2.6314 us/op
WorkloadPilot   17: 64 op, 158097.00 ns, 2.4703 us/op
WorkloadPilot   18: 128 op, 338949.00 ns, 2.6480 us/op
WorkloadPilot   19: 256 op, 587302.00 ns, 2.2941 us/op
WorkloadPilot   20: 512 op, 1266652.00 ns, 2.4739 us/op
WorkloadPilot   21: 1024 op, 3095818.00 ns, 3.0233 us/op
WorkloadPilot   22: 2048 op, 4761689.00 ns, 2.3250 us/op
WorkloadPilot   23: 4096 op, 9076888.00 ns, 2.2160 us/op
WorkloadPilot   24: 8192 op, 17892976.00 ns, 2.1842 us/op
WorkloadPilot   25: 16384 op, 27284827.00 ns, 1.6653 us/op
WorkloadPilot   26: 32768 op, 54275723.00 ns, 1.6564 us/op
WorkloadPilot   27: 65536 op, 107212445.00 ns, 1.6359 us/op
WorkloadPilot   28: 131072 op, 213231870.00 ns, 1.6268 us/op
WorkloadPilot   29: 262144 op, 434463252.00 ns, 1.6573 us/op
WorkloadPilot   30: 524288 op, 866264847.00 ns, 1.6523 us/op

WorkloadWarmup   1: 524288 op, 859059358.00 ns, 1.6385 us/op
WorkloadWarmup   2: 524288 op, 867621584.00 ns, 1.6549 us/op
WorkloadWarmup   3: 524288 op, 866050785.00 ns, 1.6519 us/op

// BeforeActualRun
WorkloadActual   1: 524288 op, 870474988.00 ns, 1.6603 us/op
WorkloadActual   2: 524288 op, 868361897.00 ns, 1.6563 us/op
WorkloadActual   3: 524288 op, 868567451.00 ns, 1.6567 us/op

// AfterActualRun
WorkloadResult   1: 524288 op, 870474988.00 ns, 1.6603 us/op
WorkloadResult   2: 524288 op, 868361897.00 ns, 1.6563 us/op
WorkloadResult   3: 524288 op, 868567451.00 ns, 1.6567 us/op
// GC:  61 0 0 1031812672 524288
// Threading:  0 0 524288

// AfterAll
// Benchmark Process 2680 has exited with code 0.

Mean = 1.658 μs, StdErr = 0.001 μs (0.08%), N = 3, StdDev = 0.002 μs
Min = 1.656 μs, Q1 = 1.656 μs, Median = 1.657 μs, Q3 = 1.658 μs, Max = 1.660 μs
IQR = 0.002 μs, LowerFence = 1.653 μs, UpperFence = 1.662 μs
ConfidenceInterval = [1.617 μs; 1.698 μs] (CI 99.9%), Margin = 0.041 μs (2.45% of Mean)
Skewness = 0.37, Kurtosis = 0.67, MValue = 2

// ** Remained 4 (80.0 %) benchmark(s) to run. Estimated finish 2026-10-05 18:30 (0h 0m from now) **
// **************************
// Benchmark: StandardResilienceBenchmarks.StandardResilience_Success: ShortRun(IterationCount=3, LaunchCount=1, WarmupCount=3)
// *** Execute ***
// Launch: 1 / 1
// Execute: dotnet Encina.Extensions.Resilience.Benchmarks-ShortRun-1.dll --anonymousPipes 147 148 --benchmarkName Encina.Extensions.Resilience.Benchmarks.StandardResilienceBenchmarks.StandardResilience_Success --job ShortRun --benchmarkId 1 in /home/runner/work/Encina/Encina/tests/Encina.BenchmarkTests/Encina.Extensions.Resilience.Benchmarks/bin/Release/net10.0/Encina.Extensions.Resilience.Benchmarks-ShortRun-1/bin/Release/net10.0
// Failed to set up high priority (Permission denied). In order to run benchmarks with high priority, make sure you have the right permissions.
// BeforeAnythingElse

// Benchmark Process Environment Information:
// BenchmarkDotNet v0.15.8
// Runtime=.NET 10.0.12 (10.0.12, 10.0.1226.42308), X64 RyuJIT x86-64-v4
// GC=Concurrent Workstation
// HardwareIntrinsics=AVX512 BITALG+VBMI2+VNNI+VPOPCNTDQ,AVX512 IFMA+VBMI,AVX512 F+BW+CD+DQ+VL,AVX2+BMI1+BMI2+F16C+FMA+LZCNT+MOVBE,AVX,SSE3+SSSE3+SSE4.1+SSE4.2+POPCNT,X86Base+SSE+SSE2,AES+PCLMUL,AvxVnni VectorSize=256
// Job: ShortRun(IterationCount=3, LaunchCount=1, WarmupCount=3)

OverheadJitting  1: 1 op, 160441.00 ns, 160.4410 us/op
WorkloadJitting  1: 1 op, 132102075.00 ns, 132.1021 ms/op

WorkloadPilot    1: 2 op, 576946.00 ns, 288.4730 us/op
WorkloadPilot    2: 3 op, 64026.00 ns, 21.3420 us/op
WorkloadPilot    3: 4 op, 43215.00 ns, 10.8038 us/op
WorkloadPilot    4: 5 op, 40231.00 ns, 8.0462 us/op
WorkloadPilot    5: 6 op, 49354.00 ns, 8.2257 us/op
WorkloadPilot    6: 7 op, 63645.00 ns, 9.0921 us/op
WorkloadPilot    7: 8 op, 52138.00 ns, 6.5173 us/op
WorkloadPilot    8: 9 op, 60922.00 ns, 6.7691 us/op
WorkloadPilot    9: 10 op, 59480.00 ns, 5.9480 us/op
WorkloadPilot   10: 11 op, 66660.00 ns, 6.0600 us/op
WorkloadPilot   11: 12 op, 67361.00 ns, 5.6134 us/op
WorkloadPilot   12: 13 op, 108643.00 ns, 8.3572 us/op
WorkloadPilot   13: 14 op, 85148.00 ns, 6.0820 us/op
WorkloadPilot   14: 15 op, 80000.00 ns, 5.3333 us/op
WorkloadPilot   15: 16 op, 94051.00 ns, 5.8782 us/op
WorkloadPilot   16: 32 op, 185078.00 ns, 5.7837 us/op
WorkloadPilot   17: 64 op, 332890.00 ns, 5.2014 us/op
WorkloadPilot   18: 128 op, 597697.00 ns, 4.6695 us/op
WorkloadPilot   19: 256 op, 1532411.00 ns, 5.9860 us/op
WorkloadPilot   20: 512 op, 3793826.00 ns, 7.4098 us/op
WorkloadPilot   21: 1024 op, 4404923.00 ns, 4.3017 us/op
WorkloadPilot   22: 2048 op, 8450597.00 ns, 4.1263 us/op
WorkloadPilot   23: 4096 op, 16724134.00 ns, 4.0830 us/op
WorkloadPilot   24: 8192 op, 32747304.00 ns, 3.9975 us/op
WorkloadPilot   25: 16384 op, 58923933.00 ns, 3.5964 us/op
WorkloadPilot   26: 32768 op, 113468891.00 ns, 3.4628 us/op
WorkloadPilot   27: 65536 op, 235263792.00 ns, 3.5898 us/op
WorkloadPilot   28: 131072 op, 476381252.00 ns, 3.6345 us/op
WorkloadPilot   29: 262144 op, 923174422.00 ns, 3.5216 us/op

WorkloadWarmup   1: 262144 op, 917392342.00 ns, 3.4996 us/op
WorkloadWarmup   2: 262144 op, 912465444.00 ns, 3.4808 us/op
WorkloadWarmup   3: 262144 op, 910873535.00 ns, 3.4747 us/op

// BeforeActualRun
WorkloadActual   1: 262144 op, 907891457.00 ns, 3.4633 us/op
WorkloadActual   2: 262144 op, 927810456.00 ns, 3.5393 us/op
WorkloadActual   3: 262144 op, 929479614.00 ns, 3.5457 us/op

// AfterActualRun
WorkloadResult   1: 262144 op, 907891457.00 ns, 3.4633 us/op
WorkloadResult   2: 262144 op, 927810456.00 ns, 3.5393 us/op
WorkloadResult   3: 262144 op, 929479614.00 ns, 3.5457 us/op
// GC:  35 0 0 601890688 262144
// Threading:  0 0 262144

// AfterAll
// Benchmark Process 2692 has exited with code 0.

Mean = 3.516 μs, StdErr = 0.026 μs (0.75%), N = 3, StdDev = 0.046 μs
Min = 3.463 μs, Q1 = 3.501 μs, Median = 3.539 μs, Q3 = 3.542 μs, Max = 3.546 μs
IQR = 0.041 μs, LowerFence = 3.440 μs, UpperFence = 3.604 μs
ConfidenceInterval = [2.680 μs; 4.352 μs] (CI 99.9%), Margin = 0.836 μs (23.77% of Mean)
Skewness = -0.38, Kurtosis = 0.67, MValue = 2

// ** Remained 3 (60.0 %) benchmark(s) to run. Estimated finish 2026-10-05 18:30 (0h 0m from now) **
// **************************
// Benchmark: StandardResilienceBenchmarks.StandardResilience_WithRetry: ShortRun(IterationCount=3, LaunchCount=1, WarmupCount=3)
// *** Execute ***
// Launch: 1 / 1
// Execute: dotnet Encina.Extensions.Resilience.Benchmarks-ShortRun-1.dll --anonymousPipes 147 148 --benchmarkName Encina.Extensions.Resilience.Benchmarks.StandardResilienceBenchmarks.StandardResilience_WithRetry --job ShortRun --benchmarkId 2 in /home/runner/work/Encina/Encina/tests/Encina.BenchmarkTests/Encina.Extensions.Resilience.Benchmarks/bin/Release/net10.0/Encina.Extensions.Resilience.Benchmarks-ShortRun-1/bin/Release/net10.0
// Failed to set up high priority (Permission denied). In order to run benchmarks with high priority, make sure you have the right permissions.
// BeforeAnythingElse

// Benchmark Process Environment Information:
// BenchmarkDotNet v0.15.8
// Runtime=.NET 10.0.12 (10.0.12, 10.0.1226.42308), X64 RyuJIT x86-64-v4
// GC=Concurrent Workstation
// HardwareIntrinsics=AVX512 BITALG+VBMI2+VNNI+VPOPCNTDQ,AVX512 IFMA+VBMI,AVX512 F+BW+CD+DQ+VL,AVX2+BMI1+BMI2+F16C+FMA+LZCNT+MOVBE,AVX,SSE3+SSSE3+SSE4.1+SSE4.2+POPCNT,X86Base+SSE+SSE2,AES+PCLMUL,AvxVnni VectorSize=256
// Job: ShortRun(IterationCount=3, LaunchCount=1, WarmupCount=3)

OverheadJitting  1: 1 op, 159499.00 ns, 159.4990 us/op
WorkloadJitting  1: 1 op, 144334222.00 ns, 144.3342 ms/op

WorkloadPilot    1: 2 op, 29678134.00 ns, 14.8391 ms/op
WorkloadPilot    2: 3 op, 8068736.00 ns, 2.6896 ms/op
WorkloadPilot    3: 4 op, 5929454.00 ns, 1.4824 ms/op
WorkloadPilot    4: 5 op, 11494960.00 ns, 2.2990 ms/op
WorkloadPilot    5: 6 op, 8270569.00 ns, 1.3784 ms/op
WorkloadPilot    6: 7 op, 12722965.00 ns, 1.8176 ms/op
WorkloadPilot    7: 8 op, 14991361.00 ns, 1.8739 ms/op
WorkloadPilot    8: 9 op, 17371825.00 ns, 1.9302 ms/op
WorkloadPilot    9: 10 op, 20750799.00 ns, 2.0751 ms/op
WorkloadPilot   10: 11 op, 13160691.00 ns, 1.1964 ms/op
WorkloadPilot   11: 12 op, 27418201.00 ns, 2.2849 ms/op
WorkloadPilot   12: 13 op, 25349515.00 ns, 1.9500 ms/op
WorkloadPilot   13: 14 op, 26464018.00 ns, 1.8903 ms/op
WorkloadPilot   14: 15 op, 29873738.00 ns, 1.9916 ms/op
WorkloadPilot   15: 16 op, 17886478.00 ns, 1.1179 ms/op
WorkloadPilot   16: 32 op, 53499625.00 ns, 1.6719 ms/op
WorkloadPilot   17: 64 op, 115819514.00 ns, 1.8097 ms/op
WorkloadPilot   18: 128 op, 182719070.00 ns, 1.4275 ms/op
WorkloadPilot   19: 256 op, 428529870.00 ns, 1.6739 ms/op
WorkloadPilot   20: 512 op, 877119199.00 ns, 1.7131 ms/op

WorkloadWarmup   1: 512 op, 869618075.00 ns, 1.6985 ms/op
WorkloadWarmup   2: 512 op, 906768627.00 ns, 1.7710 ms/op
WorkloadWarmup   3: 512 op, 888988938.00 ns, 1.7363 ms/op

// BeforeActualRun
WorkloadActual   1: 512 op, 903131565.00 ns, 1.7639 ms/op
WorkloadActual   2: 512 op, 909034485.00 ns, 1.7755 ms/op
WorkloadActual   3: 512 op, 893856731.00 ns, 1.7458 ms/op

// AfterActualRun
WorkloadResult   1: 512 op, 903131565.00 ns, 1.7639 ms/op
WorkloadResult   2: 512 op, 909034485.00 ns, 1.7755 ms/op
WorkloadResult   3: 512 op, 893856731.00 ns, 1.7458 ms/op
// GC:  1 0 0 27797480 512
// Threading:  792 0 512
// Exceptions:  2

// AfterAll
// Benchmark Process 2706 has exited with code 0.

Mean = 1.762 ms, StdErr = 0.009 ms (0.49%), N = 3, StdDev = 0.015 ms
Min = 1.746 ms, Q1 = 1.755 ms, Median = 1.764 ms, Q3 = 1.770 ms, Max = 1.775 ms
IQR = 0.015 ms, LowerFence = 1.733 ms, UpperFence = 1.792 ms
ConfidenceInterval = [1.489 ms; 2.034 ms] (CI 99.9%), Margin = 0.273 ms (15.47% of Mean)
Skewness = -0.14, Kurtosis = 0.67, MValue = 2

// ** Remained 2 (40.0 %) benchmark(s) to run. Estimated finish 2026-10-05 18:30 (0h 0m from now) **
// **************************
// Benchmark: StandardResilienceBenchmarks.StandardResilience_ConcurrentRequests: ShortRun(IterationCount=3, LaunchCount=1, WarmupCount=3)
// *** Execute ***
// Launch: 1 / 1
// Execute: dotnet Encina.Extensions.Resilience.Benchmarks-ShortRun-1.dll --anonymousPipes 147 148 --benchmarkName Encina.Extensions.Resilience.Benchmarks.StandardResilienceBenchmarks.StandardResilience_ConcurrentRequests --job ShortRun --benchmarkId 3 in /home/runner/work/Encina/Encina/tests/Encina.BenchmarkTests/Encina.Extensions.Resilience.Benchmarks/bin/Release/net10.0/Encina.Extensions.Resilience.Benchmarks-ShortRun-1/bin/Release/net10.0
// Failed to set up high priority (Permission denied). In order to run benchmarks with high priority, make sure you have the right permissions.
// BeforeAnythingElse

// Benchmark Process Environment Information:
// BenchmarkDotNet v0.15.8
// Runtime=.NET 10.0.12 (10.0.12, 10.0.1226.42308), X64 RyuJIT x86-64-v4
// GC=Concurrent Workstation
// HardwareIntrinsics=AVX512 BITALG+VBMI2+VNNI+VPOPCNTDQ,AVX512 IFMA+VBMI,AVX512 F+BW+CD+DQ+VL,AVX2+BMI1+BMI2+F16C+FMA+LZCNT+MOVBE,AVX,SSE3+SSSE3+SSE4.1+SSE4.2+POPCNT,X86Base+SSE+SSE2,AES+PCLMUL,AvxVnni VectorSize=256
// Job: ShortRun(IterationCount=3, LaunchCount=1, WarmupCount=3)

OverheadJitting  1: 1 op, 178688.00 ns, 178.6880 us/op
WorkloadJitting  1: 1 op, 126580419.00 ns, 126.5804 ms/op

WorkloadPilot    1: 2 op, 1743357.00 ns, 871.6785 us/op
WorkloadPilot    2: 3 op, 211397.00 ns, 70.4657 us/op
WorkloadPilot    3: 4 op, 176645.00 ns, 44.1613 us/op
WorkloadPilot    4: 5 op, 199891.00 ns, 39.9782 us/op
WorkloadPilot    5: 6 op, 260421.00 ns, 43.4035 us/op
WorkloadPilot    6: 7 op, 286320.00 ns, 40.9029 us/op
WorkloadPilot    7: 8 op, 348393.00 ns, 43.5491 us/op
WorkloadPilot    8: 9 op, 341523.00 ns, 37.9470 us/op
WorkloadPilot    9: 10 op, 410756.00 ns, 41.0756 us/op
WorkloadPilot   10: 11 op, 421343.00 ns, 38.3039 us/op
WorkloadPilot   11: 12 op, 454562.00 ns, 37.8802 us/op
WorkloadPilot   12: 13 op, 486982.00 ns, 37.4602 us/op
WorkloadPilot   13: 14 op, 541593.00 ns, 38.6852 us/op
WorkloadPilot   14: 15 op, 566621.00 ns, 37.7747 us/op
WorkloadPilot   15: 16 op, 582395.00 ns, 36.3997 us/op
WorkloadPilot   16: 32 op, 1307202.00 ns, 40.8501 us/op
WorkloadPilot   17: 64 op, 2690259.00 ns, 42.0353 us/op
WorkloadPilot   18: 128 op, 5351846.00 ns, 41.8113 us/op
WorkloadPilot   19: 256 op, 10649359.00 ns, 41.5991 us/op
WorkloadPilot   20: 512 op, 21252570.00 ns, 41.5089 us/op
WorkloadPilot   21: 1024 op, 40063445.00 ns, 39.1245 us/op
WorkloadPilot   22: 2048 op, 73441932.00 ns, 35.8603 us/op
WorkloadPilot   23: 4096 op, 146329933.00 ns, 35.7251 us/op
WorkloadPilot   24: 8192 op, 289904139.00 ns, 35.3887 us/op
WorkloadPilot   25: 16384 op, 578569746.00 ns, 35.3131 us/op

WorkloadWarmup   1: 16384 op, 581834569.00 ns, 35.5124 us/op
WorkloadWarmup   2: 16384 op, 588436812.00 ns, 35.9153 us/op
WorkloadWarmup   3: 16384 op, 587942580.00 ns, 35.8852 us/op

// BeforeActualRun
WorkloadActual   1: 16384 op, 618827644.00 ns, 37.7702 us/op
WorkloadActual   2: 16384 op, 614758424.00 ns, 37.5219 us/op
WorkloadActual   3: 16384 op, 611469806.00 ns, 37.3212 us/op

// AfterActualRun
WorkloadResult   1: 16384 op, 618827644.00 ns, 37.7702 us/op
WorkloadResult   2: 16384 op, 614758424.00 ns, 37.5219 us/op
WorkloadResult   3: 16384 op, 611469806.00 ns, 37.3212 us/op
// GC:  22 0 0 382211104 16384
// Threading:  0 0 16384

// AfterAll
// Benchmark Process 2721 has exited with code 0.

Mean = 37.538 μs, StdErr = 0.130 μs (0.35%), N = 3, StdDev = 0.225 μs
Min = 37.321 μs, Q1 = 37.422 μs, Median = 37.522 μs, Q3 = 37.646 μs, Max = 37.770 μs
IQR = 0.225 μs, LowerFence = 37.085 μs, UpperFence = 37.983 μs
ConfidenceInterval = [33.434 μs; 41.642 μs] (CI 99.9%), Margin = 4.104 μs (10.93% of Mean)
Skewness = 0.07, Kurtosis = 0.67, MValue = 2

// ** Remained 1 (20.0 %) benchmark(s) to run. Estimated finish 2026-10-05 18:30 (0h 0m from now) **
// **************************
// Benchmark: StandardResilienceBenchmarks.StandardResilience_MultipleSequentialRequests: ShortRun(IterationCount=3, LaunchCount=1, WarmupCount=3)
// *** Execute ***
// Launch: 1 / 1
// Execute: dotnet Encina.Extensions.Resilience.Benchmarks-ShortRun-1.dll --anonymousPipes 147 148 --benchmarkName Encina.Extensions.Resilience.Benchmarks.StandardResilienceBenchmarks.StandardResilience_MultipleSequentialRequests --job ShortRun --benchmarkId 4 in /home/runner/work/Encina/Encina/tests/Encina.BenchmarkTests/Encina.Extensions.Resilience.Benchmarks/bin/Release/net10.0/Encina.Extensions.Resilience.Benchmarks-ShortRun-1/bin/Release/net10.0
// Failed to set up high priority (Permission denied). In order to run benchmarks with high priority, make sure you have the right permissions.
// BeforeAnythingElse

// Benchmark Process Environment Information:
// BenchmarkDotNet v0.15.8
// Runtime=.NET 10.0.12 (10.0.12, 10.0.1226.42308), X64 RyuJIT x86-64-v4
// GC=Concurrent Workstation
// HardwareIntrinsics=AVX512 BITALG+VBMI2+VNNI+VPOPCNTDQ,AVX512 IFMA+VBMI,AVX512 F+BW+CD+DQ+VL,AVX2+BMI1+BMI2+F16C+FMA+LZCNT+MOVBE,AVX,SSE3+SSSE3+SSE4.1+SSE4.2+POPCNT,X86Base+SSE+SSE2,AES+PCLMUL,AvxVnni VectorSize=256
// Job: ShortRun(IterationCount=3, LaunchCount=1, WarmupCount=3)

OverheadJitting  1: 1 op, 180852.00 ns, 180.8520 us/op
WorkloadJitting  1: 1 op, 124536850.00 ns, 124.5369 ms/op

WorkloadPilot    1: 2 op, 1712773.00 ns, 856.3865 us/op
WorkloadPilot    2: 3 op, 172989.00 ns, 57.6630 us/op
WorkloadPilot    3: 4 op, 156104.00 ns, 39.0260 us/op
WorkloadPilot    4: 5 op, 186420.00 ns, 37.2840 us/op
WorkloadPilot    5: 6 op, 234653.00 ns, 39.1088 us/op
WorkloadPilot    6: 7 op, 291248.00 ns, 41.6069 us/op
WorkloadPilot    7: 8 op, 330857.00 ns, 41.3571 us/op
WorkloadPilot    8: 9 op, 402664.00 ns, 44.7404 us/op
WorkloadPilot    9: 10 op, 406310.00 ns, 40.6310 us/op
WorkloadPilot   10: 11 op, 442214.00 ns, 40.2013 us/op
WorkloadPilot   11: 12 op, 435294.00 ns, 36.2745 us/op
WorkloadPilot   12: 13 op, 478188.00 ns, 36.7837 us/op
WorkloadPilot   13: 14 op, 494493.00 ns, 35.3209 us/op
WorkloadPilot   14: 15 op, 534854.00 ns, 35.6569 us/op
WorkloadPilot   15: 16 op, 575164.00 ns, 35.9478 us/op
WorkloadPilot   16: 32 op, 1259082.00 ns, 39.3463 us/op
WorkloadPilot   17: 64 op, 2661027.00 ns, 41.5785 us/op
WorkloadPilot   18: 128 op, 5312620.00 ns, 41.5048 us/op
WorkloadPilot   19: 256 op, 10324838.00 ns, 40.3314 us/op
WorkloadPilot   20: 512 op, 20703728.00 ns, 40.4370 us/op
WorkloadPilot   21: 1024 op, 38882774.00 ns, 37.9715 us/op
WorkloadPilot   22: 2048 op, 71019414.00 ns, 34.6774 us/op
WorkloadPilot   23: 4096 op, 146025197.00 ns, 35.6507 us/op
WorkloadPilot   24: 8192 op, 289558330.00 ns, 35.3465 us/op
WorkloadPilot   25: 16384 op, 582585871.00 ns, 35.5582 us/op

WorkloadWarmup   1: 16384 op, 590213107.00 ns, 36.0237 us/op
WorkloadWarmup   2: 16384 op, 591036594.00 ns, 36.0740 us/op
WorkloadWarmup   3: 16384 op, 590023643.00 ns, 36.0122 us/op

// BeforeActualRun
WorkloadActual   1: 16384 op, 594534799.00 ns, 36.2875 us/op
WorkloadActual   2: 16384 op, 594900788.00 ns, 36.3099 us/op
WorkloadActual   3: 16384 op, 593781297.00 ns, 36.2415 us/op

// AfterActualRun
WorkloadResult   1: 16384 op, 594534799.00 ns, 36.2875 us/op
WorkloadResult   2: 16384 op, 594900788.00 ns, 36.3099 us/op
WorkloadResult   3: 16384 op, 593781297.00 ns, 36.2415 us/op
// GC:  21 0 0 357700416 16384
// Threading:  0 0 16384

// AfterAll
// Benchmark Process 2732 has exited with code 0.

Mean = 36.280 μs, StdErr = 0.020 μs (0.06%), N = 3, StdDev = 0.035 μs
Min = 36.242 μs, Q1 = 36.265 μs, Median = 36.288 μs, Q3 = 36.299 μs, Max = 36.310 μs
IQR = 0.034 μs, LowerFence = 36.213 μs, UpperFence = 36.350 μs
ConfidenceInterval = [35.644 μs; 36.915 μs] (CI 99.9%), Margin = 0.636 μs (1.75% of Mean)
Skewness = -0.21, Kurtosis = 0.67, MValue = 2

// ** Remained 0 (0.0 %) benchmark(s) to run. Estimated finish 2026-10-05 18:30 (0h 0m from now) **
// ***** BenchmarkRunner: Finish  *****

// * Export *
  artifacts/performance/ExtensionsResilience/results/Encina.Extensions.Resilience.Benchmarks.StandardResilienceBenchmarks-report.csv
  artifacts/performance/ExtensionsResilience/results/Encina.Extensions.Resilience.Benchmarks.StandardResilienceBenchmarks-report-github.md
  artifacts/performance/ExtensionsResilience/results/Encina.Extensions.Resilience.Benchmarks.StandardResilienceBenchmarks-report.html
  artifacts/performance/ExtensionsResilience/results/Encina.Extensions.Resilience.Benchmarks.StandardResilienceBenchmarks-report-full-compressed.json

// * Detailed results *
StandardResilienceBenchmarks.NoResilience_Baseline: ShortRun(IterationCount=3, LaunchCount=1, WarmupCount=3)
Runtime = .NET 10.0.12 (10.0.12, 10.0.1226.42308), X64 RyuJIT x86-64-v4; GC = Concurrent Workstation
Mean = 1.658 μs, StdErr = 0.001 μs (0.08%), N = 3, StdDev = 0.002 μs
Min = 1.656 μs, Q1 = 1.656 μs, Median = 1.657 μs, Q3 = 1.658 μs, Max = 1.660 μs
IQR = 0.002 μs, LowerFence = 1.653 μs, UpperFence = 1.662 μs
ConfidenceInterval = [1.617 μs; 1.698 μs] (CI 99.9%), Margin = 0.041 μs (2.45% of Mean)
Skewness = 0.37, Kurtosis = 0.67, MValue = 2
-------------------- Histogram --------------------
[1.656 μs ; 1.660 μs) | @@@
---------------------------------------------------

StandardResilienceBenchmarks.StandardResilience_Success: ShortRun(IterationCount=3, LaunchCount=1, WarmupCount=3)
Runtime = .NET 10.0.12 (10.0.12, 10.0.1226.42308), X64 RyuJIT x86-64-v4; GC = Concurrent Workstation
Mean = 3.516 μs, StdErr = 0.026 μs (0.75%), N = 3, StdDev = 0.046 μs
Min = 3.463 μs, Q1 = 3.501 μs, Median = 3.539 μs, Q3 = 3.542 μs, Max = 3.546 μs
IQR = 0.041 μs, LowerFence = 3.440 μs, UpperFence = 3.604 μs
ConfidenceInterval = [2.680 μs; 4.352 μs] (CI 99.9%), Margin = 0.836 μs (23.77% of Mean)
Skewness = -0.38, Kurtosis = 0.67, MValue = 2
-------------------- Histogram --------------------
[3.463 μs ; 3.546 μs) | @@@
---------------------------------------------------

StandardResilienceBenchmarks.StandardResilience_MultipleSequentialRequests: ShortRun(IterationCount=3, LaunchCount=1, WarmupCount=3)
Runtime = .NET 10.0.12 (10.0.12, 10.0.1226.42308), X64 RyuJIT x86-64-v4; GC = Concurrent Workstation
Mean = 36.280 μs, StdErr = 0.020 μs (0.06%), N = 3, StdDev = 0.035 μs
Min = 36.242 μs, Q1 = 36.265 μs, Median = 36.288 μs, Q3 = 36.299 μs, Max = 36.310 μs
IQR = 0.034 μs, LowerFence = 36.213 μs, UpperFence = 36.350 μs
ConfidenceInterval = [35.644 μs; 36.915 μs] (CI 99.9%), Margin = 0.636 μs (1.75% of Mean)
Skewness = -0.21, Kurtosis = 0.67, MValue = 2
-------------------- Histogram --------------------
[36.210 μs ; 36.342 μs) | @@@
---------------------------------------------------

StandardResilienceBenchmarks.StandardResilience_ConcurrentRequests: ShortRun(IterationCount=3, LaunchCount=1, WarmupCount=3)
Runtime = .NET 10.0.12 (10.0.12, 10.0.1226.42308), X64 RyuJIT x86-64-v4; GC = Concurrent Workstation
Mean = 37.538 μs, StdErr = 0.130 μs (0.35%), N = 3, StdDev = 0.225 μs
Min = 37.321 μs, Q1 = 37.422 μs, Median = 37.522 μs, Q3 = 37.646 μs, Max = 37.770 μs
IQR = 0.225 μs, LowerFence = 37.085 μs, UpperFence = 37.983 μs
ConfidenceInterval = [33.434 μs; 41.642 μs] (CI 99.9%), Margin = 4.104 μs (10.93% of Mean)
Skewness = 0.07, Kurtosis = 0.67, MValue = 2
-------------------- Histogram --------------------
[37.116 μs ; 37.796 μs) | @@@
---------------------------------------------------

StandardResilienceBenchmarks.StandardResilience_WithRetry: ShortRun(IterationCount=3, LaunchCount=1, WarmupCount=3)
Runtime = .NET 10.0.12 (10.0.12, 10.0.1226.42308), X64 RyuJIT x86-64-v4; GC = Concurrent Workstation
Mean = 1.762 ms, StdErr = 0.009 ms (0.49%), N = 3, StdDev = 0.015 ms
Min = 1.746 ms, Q1 = 1.755 ms, Median = 1.764 ms, Q3 = 1.770 ms, Max = 1.775 ms
IQR = 0.015 ms, LowerFence = 1.733 ms, UpperFence = 1.792 ms
ConfidenceInterval = [1.489 ms; 2.034 ms] (CI 99.9%), Margin = 0.273 ms (15.47% of Mean)
Skewness = -0.14, Kurtosis = 0.67, MValue = 2
-------------------- Histogram --------------------
[1.732 ms ; 1.789 ms) | @@@
---------------------------------------------------

// * Summary *

BenchmarkDotNet v0.15.8, Linux Ubuntu 24.04.5 LTS (Noble Numbat)
AMD EPYC 9V45 4.20GHz, 1 CPU, 4 logical and 2 physical cores
.NET SDK 10.0.401
  [Host]   : .NET 10.0.12 (10.0.12, 10.0.1226.42308), X64 RyuJIT x86-64-v4
  ShortRun : .NET 10.0.12 (10.0.12, 10.0.1226.42308), X64 RyuJIT x86-64-v4

Job=ShortRun  IterationCount=3  LaunchCount=1  
WarmupCount=3  

| Method                                        | Mean         | Error       | StdDev     | Ratio    | RatioSD | Rank | Gen0   | Allocated | Alloc Ratio |
|---------------------------------------------- |-------------:|------------:|-----------:|---------:|--------:|-----:|-------:|----------:|------------:|
| NoResilience_Baseline                         |     1.658 μs |   0.0405 μs |  0.0022 μs |     1.00 |    0.00 |    1 | 0.1163 |   1.92 KB |        1.00 |
| StandardResilience_Success                    |     3.516 μs |   0.8359 μs |  0.0458 μs |     2.12 |    0.02 |    2 | 0.1335 |   2.24 KB |        1.17 |
| StandardResilience_MultipleSequentialRequests |    36.280 μs |   0.6356 μs |  0.0348 μs |    21.88 |    0.03 |    3 | 1.2817 |  21.32 KB |       11.09 |
| StandardResilience_ConcurrentRequests         |    37.538 μs |   4.1042 μs |  0.2250 μs |    22.64 |    0.12 |    3 | 1.3428 |  22.78 KB |       11.85 |
| StandardResilience_WithRetry                  | 1,761.734 μs | 272.6242 μs | 14.9435 μs | 1,062.73 |    7.90 |    4 | 1.9531 |  53.02 KB |       27.59 |
// * Config Issues *

// * Warnings *
Configuration
  Summary -> The exporter CsvExporter is already present in configuration. There may be unexpected results.
  Summary -> The exporter HtmlExporter is already present in configuration. There may be unexpected results.
  Summary -> The exporter MarkdownExporter-github is already present in configuration. There may be unexpected results.

// * Legends *
  Mean        : Arithmetic mean of all measurements
  Error       : Half of 99.9% confidence interval
  StdDev      : Standard deviation of all measurements
  Ratio       : Mean of the ratio distribution ([Current]/[Baseline])
  RatioSD     : Standard deviation of the ratio distribution ([Current]/[Baseline])
  Rank        : Relative position of current benchmark mean among all benchmarks (Arabic style)
  Gen0        : GC Generation 0 collects per 1000 operations
  Allocated   : Allocated memory per single operation (managed only, inclusive, 1KB = 1024B)
  Alloc Ratio : Allocated memory ratio distribution ([Current]/[Baseline])
  1 μs        : 1 Microsecond (0.000001 sec)

// * Diagnostic Output - MemoryDiagnoser *


// ***** BenchmarkRunner: End *****
Run time: 00:00:37 (37.09 sec), executed benchmarks: 5

Global total time: 00:00:57 (57.52 sec), executed benchmarks: 5
// * Artifacts cleanup *
Artifacts cleanup is finished
