// Validating benchmarks:
// ***** BenchmarkRunner: Start   *****
// ***** Found 4 benchmark(s) in total *****
// ***** Building 1 exe(s) in Parallel: Start   *****
// start dotnet  restore --nodeReuse:false /p:UseSharedCompilation=false /p:Deterministic=true /p:Optimize=true /p:ArtifactsPath="/home/runner/work/Encina/Encina/tests/Encina.BenchmarkTests/Encina.Cdc.PostgreSql.Benchmarks/bin/Release/net10.0/Encina.Cdc.PostgreSql.Benchmarks-ShortRun-1/" /p:OutDir="/home/runner/work/Encina/Encina/tests/Encina.BenchmarkTests/Encina.Cdc.PostgreSql.Benchmarks/bin/Release/net10.0/Encina.Cdc.PostgreSql.Benchmarks-ShortRun-1/bin/Release/net10.0/" /p:OutputPath="/home/runner/work/Encina/Encina/tests/Encina.BenchmarkTests/Encina.Cdc.PostgreSql.Benchmarks/bin/Release/net10.0/Encina.Cdc.PostgreSql.Benchmarks-ShortRun-1/bin/Release/net10.0/" /p:PublishDir="/home/runner/work/Encina/Encina/tests/Encina.BenchmarkTests/Encina.Cdc.PostgreSql.Benchmarks/bin/Release/net10.0/Encina.Cdc.PostgreSql.Benchmarks-ShortRun-1/publish/" in /home/runner/work/Encina/Encina/tests/Encina.BenchmarkTests/Encina.Cdc.PostgreSql.Benchmarks/bin/Release/net10.0/Encina.Cdc.PostgreSql.Benchmarks-ShortRun-1
// command took 3.03 sec and exited with 0
// start dotnet  build -c Release --no-restore --nodeReuse:false /p:UseSharedCompilation=false /p:Deterministic=true /p:Optimize=true /p:ArtifactsPath="/home/runner/work/Encina/Encina/tests/Encina.BenchmarkTests/Encina.Cdc.PostgreSql.Benchmarks/bin/Release/net10.0/Encina.Cdc.PostgreSql.Benchmarks-ShortRun-1/" /p:OutDir="/home/runner/work/Encina/Encina/tests/Encina.BenchmarkTests/Encina.Cdc.PostgreSql.Benchmarks/bin/Release/net10.0/Encina.Cdc.PostgreSql.Benchmarks-ShortRun-1/bin/Release/net10.0/" /p:OutputPath="/home/runner/work/Encina/Encina/tests/Encina.BenchmarkTests/Encina.Cdc.PostgreSql.Benchmarks/bin/Release/net10.0/Encina.Cdc.PostgreSql.Benchmarks-ShortRun-1/bin/Release/net10.0/" /p:PublishDir="/home/runner/work/Encina/Encina/tests/Encina.BenchmarkTests/Encina.Cdc.PostgreSql.Benchmarks/bin/Release/net10.0/Encina.Cdc.PostgreSql.Benchmarks-ShortRun-1/publish/" --output "/home/runner/work/Encina/Encina/tests/Encina.BenchmarkTests/Encina.Cdc.PostgreSql.Benchmarks/bin/Release/net10.0/Encina.Cdc.PostgreSql.Benchmarks-ShortRun-1/bin/Release/net10.0/" in /home/runner/work/Encina/Encina/tests/Encina.BenchmarkTests/Encina.Cdc.PostgreSql.Benchmarks/bin/Release/net10.0/Encina.Cdc.PostgreSql.Benchmarks-ShortRun-1
// command took 61.19 sec and exited with 0
// ***** Done, took 00:01:04 (64.41 sec)   *****
// Found 4 benchmarks:
//   PositionBenchmarks.ComparePositions: ShortRun(IterationCount=3, LaunchCount=1, WarmupCount=3)
//   PositionBenchmarks.CreatePosition: ShortRun(IterationCount=3, LaunchCount=1, WarmupCount=3)
//   PositionBenchmarks.FromBytes: ShortRun(IterationCount=3, LaunchCount=1, WarmupCount=3)
//   PositionBenchmarks.ToBytes: ShortRun(IterationCount=3, LaunchCount=1, WarmupCount=3)

// **************************
// Benchmark: PositionBenchmarks.ComparePositions: ShortRun(IterationCount=3, LaunchCount=1, WarmupCount=3)
// *** Execute ***
// Launch: 1 / 1
// Execute: dotnet Encina.Cdc.PostgreSql.Benchmarks-ShortRun-1.dll --anonymousPipes 152 153 --benchmarkName Encina.Cdc.PostgreSql.Benchmarks.Benchmarks.PositionBenchmarks.ComparePositions --job ShortRun --benchmarkId 0 in /home/runner/work/Encina/Encina/tests/Encina.BenchmarkTests/Encina.Cdc.PostgreSql.Benchmarks/bin/Release/net10.0/Encina.Cdc.PostgreSql.Benchmarks-ShortRun-1/bin/Release/net10.0
// Failed to set up high priority (Permission denied). In order to run benchmarks with high priority, make sure you have the right permissions.
// BeforeAnythingElse

// Benchmark Process Environment Information:
// BenchmarkDotNet v0.15.8
// Runtime=.NET 10.0.12 (10.0.12, 10.0.1226.42308), X64 RyuJIT x86-64-v3
// GC=Concurrent Workstation
// HardwareIntrinsics=AVX2+BMI1+BMI2+F16C+FMA+LZCNT+MOVBE,AVX,SSE3+SSSE3+SSE4.1+SSE4.2+POPCNT,X86Base+SSE+SSE2,AES+PCLMUL VectorSize=256
// Job: ShortRun(IterationCount=3, LaunchCount=1, WarmupCount=3)

OverheadJitting  1: 1 op, 219160.00 ns, 219.1600 us/op
WorkloadJitting  1: 1 op, 541523.00 ns, 541.5230 us/op

OverheadJitting  2: 16 op, 368330.00 ns, 23.0206 us/op
WorkloadJitting  2: 16 op, 336179.00 ns, 21.0112 us/op

WorkloadPilot    1: 16 op, 1002.00 ns, 62.6250 ns/op
WorkloadPilot    2: 32 op, 591.00 ns, 18.4688 ns/op
WorkloadPilot    3: 64 op, 751.00 ns, 11.7344 ns/op
WorkloadPilot    4: 128 op, 801.00 ns, 6.2578 ns/op
WorkloadPilot    5: 256 op, 1223.00 ns, 4.7773 ns/op
WorkloadPilot    6: 512 op, 2024.00 ns, 3.9531 ns/op
WorkloadPilot    7: 1024 op, 3687.00 ns, 3.6006 ns/op
WorkloadPilot    8: 2048 op, 10420.00 ns, 5.0879 ns/op
WorkloadPilot    9: 4096 op, 12453.00 ns, 3.0403 ns/op
WorkloadPilot   10: 8192 op, 24526.00 ns, 2.9939 ns/op
WorkloadPilot   11: 16384 op, 49112.00 ns, 2.9976 ns/op
WorkloadPilot   12: 32768 op, 98033.00 ns, 2.9917 ns/op
WorkloadPilot   13: 65536 op, 192872.00 ns, 2.9430 ns/op
WorkloadPilot   14: 131072 op, 420698.00 ns, 3.2097 ns/op
WorkloadPilot   15: 262144 op, 809355.00 ns, 3.0874 ns/op
WorkloadPilot   16: 524288 op, 1664845.00 ns, 3.1754 ns/op
WorkloadPilot   17: 1048576 op, 3128345.00 ns, 2.9834 ns/op
WorkloadPilot   18: 2097152 op, 6345997.00 ns, 3.0260 ns/op
WorkloadPilot   19: 4194304 op, 12998749.00 ns, 3.0991 ns/op
WorkloadPilot   20: 8388608 op, 25011272.00 ns, 2.9816 ns/op
WorkloadPilot   21: 16777216 op, 49513049.00 ns, 2.9512 ns/op
WorkloadPilot   22: 33554432 op, 99930853.00 ns, 2.9782 ns/op
WorkloadPilot   23: 67108864 op, 200217140.00 ns, 2.9835 ns/op
WorkloadPilot   24: 134217728 op, 415702916.00 ns, 3.0972 ns/op
WorkloadPilot   25: 268435456 op, 795941918.00 ns, 2.9651 ns/op

OverheadWarmup   1: 268435456 op, 444350814.00 ns, 1.6553 ns/op
OverheadWarmup   2: 268435456 op, 444396941.00 ns, 1.6555 ns/op
OverheadWarmup   3: 268435456 op, 444367636.00 ns, 1.6554 ns/op
OverheadWarmup   4: 268435456 op, 444388575.00 ns, 1.6555 ns/op
OverheadWarmup   5: 268435456 op, 444855649.00 ns, 1.6572 ns/op
OverheadWarmup   6: 268435456 op, 444020876.00 ns, 1.6541 ns/op

OverheadActual   1: 268435456 op, 447431120.00 ns, 1.6668 ns/op
OverheadActual   2: 268435456 op, 444025174.00 ns, 1.6541 ns/op
OverheadActual   3: 268435456 op, 444074207.00 ns, 1.6543 ns/op
OverheadActual   4: 268435456 op, 443834358.00 ns, 1.6534 ns/op
OverheadActual   5: 268435456 op, 445912066.00 ns, 1.6612 ns/op
OverheadActual   6: 268435456 op, 444408071.00 ns, 1.6555 ns/op
OverheadActual   7: 268435456 op, 447486811.00 ns, 1.6670 ns/op
OverheadActual   8: 268435456 op, 444911013.00 ns, 1.6574 ns/op
OverheadActual   9: 268435456 op, 445174286.00 ns, 1.6584 ns/op
OverheadActual  10: 268435456 op, 444494244.00 ns, 1.6559 ns/op
OverheadActual  11: 268435456 op, 444482182.00 ns, 1.6558 ns/op
OverheadActual  12: 268435456 op, 444747447.00 ns, 1.6568 ns/op
OverheadActual  13: 268435456 op, 444300261.00 ns, 1.6551 ns/op
OverheadActual  14: 268435456 op, 443961277.00 ns, 1.6539 ns/op
OverheadActual  15: 268435456 op, 444131505.00 ns, 1.6545 ns/op

WorkloadWarmup   1: 268435456 op, 796720362.00 ns, 2.9680 ns/op
WorkloadWarmup   2: 268435456 op, 797349886.00 ns, 2.9704 ns/op
WorkloadWarmup   3: 268435456 op, 797941318.00 ns, 2.9726 ns/op

// BeforeActualRun
WorkloadActual   1: 268435456 op, 796993362.00 ns, 2.9690 ns/op
WorkloadActual   2: 268435456 op, 796168299.00 ns, 2.9660 ns/op
WorkloadActual   3: 268435456 op, 796371085.00 ns, 2.9667 ns/op

// AfterActualRun
WorkloadResult   1: 268435456 op, 352511180.00 ns, 1.3132 ns/op
WorkloadResult   2: 268435456 op, 351686117.00 ns, 1.3101 ns/op
WorkloadResult   3: 268435456 op, 351888903.00 ns, 1.3109 ns/op
// GC:  0 0 0 0 268435456
// Threading:  0 0 268435456

// AfterAll
// Benchmark Process 3212 has exited with code 0.

Mean = 1.311 ns, StdErr = 0.001 ns (0.07%), N = 3, StdDev = 0.002 ns
Min = 1.310 ns, Q1 = 1.311 ns, Median = 1.311 ns, Q3 = 1.312 ns, Max = 1.313 ns
IQR = 0.002 ns, LowerFence = 1.308 ns, UpperFence = 1.314 ns
ConfidenceInterval = [1.282 ns; 1.341 ns] (CI 99.9%), Margin = 0.029 ns (2.23% of Mean)
Skewness = 0.29, Kurtosis = 0.67, MValue = 2

// ** Remained 3 (75.0 %) benchmark(s) to run. Estimated finish 2026-10-09 21:18 (0h 0m from now) **
// **************************
// Benchmark: PositionBenchmarks.CreatePosition: ShortRun(IterationCount=3, LaunchCount=1, WarmupCount=3)
// *** Execute ***
// Launch: 1 / 1
// Execute: dotnet Encina.Cdc.PostgreSql.Benchmarks-ShortRun-1.dll --anonymousPipes 152 153 --benchmarkName Encina.Cdc.PostgreSql.Benchmarks.Benchmarks.PositionBenchmarks.CreatePosition --job ShortRun --benchmarkId 1 in /home/runner/work/Encina/Encina/tests/Encina.BenchmarkTests/Encina.Cdc.PostgreSql.Benchmarks/bin/Release/net10.0/Encina.Cdc.PostgreSql.Benchmarks-ShortRun-1/bin/Release/net10.0
// Failed to set up high priority (Permission denied). In order to run benchmarks with high priority, make sure you have the right permissions.
// BeforeAnythingElse

// Benchmark Process Environment Information:
// BenchmarkDotNet v0.15.8
// Runtime=.NET 10.0.12 (10.0.12, 10.0.1226.42308), X64 RyuJIT x86-64-v3
// GC=Concurrent Workstation
// HardwareIntrinsics=AVX2+BMI1+BMI2+F16C+FMA+LZCNT+MOVBE,AVX,SSE3+SSSE3+SSE4.1+SSE4.2+POPCNT,X86Base+SSE+SSE2,AES+PCLMUL VectorSize=256
// Job: ShortRun(IterationCount=3, LaunchCount=1, WarmupCount=3)

OverheadJitting  1: 1 op, 309760.00 ns, 309.7600 us/op
WorkloadJitting  1: 1 op, 288250.00 ns, 288.2500 us/op

OverheadJitting  2: 16 op, 520925.00 ns, 32.5578 us/op
WorkloadJitting  2: 16 op, 507220.00 ns, 31.7013 us/op

WorkloadPilot    1: 16 op, 2525.00 ns, 157.8125 ns/op
WorkloadPilot    2: 32 op, 2555.00 ns, 79.8438 ns/op
WorkloadPilot    3: 64 op, 3015.00 ns, 47.1094 ns/op
WorkloadPilot    4: 128 op, 2895.00 ns, 22.6172 ns/op
WorkloadPilot    5: 256 op, 19136.00 ns, 74.7500 ns/op
WorkloadPilot    6: 512 op, 14678.00 ns, 28.6680 ns/op
WorkloadPilot    7: 1024 op, 32300.00 ns, 31.5430 ns/op
WorkloadPilot    8: 2048 op, 58380.00 ns, 28.5059 ns/op
WorkloadPilot    9: 4096 op, 100118.00 ns, 24.4429 ns/op
WorkloadPilot   10: 8192 op, 183814.00 ns, 22.4382 ns/op
WorkloadPilot   11: 16384 op, 261400.00 ns, 15.9546 ns/op
WorkloadPilot   12: 32768 op, 596888.00 ns, 18.2156 ns/op
WorkloadPilot   13: 65536 op, 1214905.00 ns, 18.5380 ns/op
WorkloadPilot   14: 131072 op, 2388782.00 ns, 18.2250 ns/op
WorkloadPilot   15: 262144 op, 4782032.00 ns, 18.2420 ns/op
WorkloadPilot   16: 524288 op, 9948254.00 ns, 18.9748 ns/op
WorkloadPilot   17: 1048576 op, 16339499.00 ns, 15.5826 ns/op
WorkloadPilot   18: 2097152 op, 27526061.00 ns, 13.1254 ns/op
WorkloadPilot   19: 4194304 op, 62909341.00 ns, 14.9988 ns/op
WorkloadPilot   20: 8388608 op, 125710740.00 ns, 14.9859 ns/op
WorkloadPilot   21: 16777216 op, 243468572.00 ns, 14.5119 ns/op
WorkloadPilot   22: 33554432 op, 489861258.00 ns, 14.5990 ns/op
WorkloadPilot   23: 67108864 op, 974478869.00 ns, 14.5209 ns/op

OverheadWarmup   1: 67108864 op, 221818801.00 ns, 3.3054 ns/op
OverheadWarmup   2: 67108864 op, 221880166.00 ns, 3.3063 ns/op
OverheadWarmup   3: 67108864 op, 222041919.00 ns, 3.3087 ns/op
OverheadWarmup   4: 67108864 op, 221824382.00 ns, 3.3054 ns/op
OverheadWarmup   5: 67108864 op, 222543729.00 ns, 3.3162 ns/op
OverheadWarmup   6: 67108864 op, 221833289.00 ns, 3.3056 ns/op

OverheadActual   1: 67108864 op, 222073578.00 ns, 3.3092 ns/op
OverheadActual   2: 67108864 op, 222290134.00 ns, 3.3124 ns/op
OverheadActual   3: 67108864 op, 221955428.00 ns, 3.3074 ns/op
OverheadActual   4: 67108864 op, 222020229.00 ns, 3.3084 ns/op
OverheadActual   5: 67108864 op, 222118903.00 ns, 3.3098 ns/op
OverheadActual   6: 67108864 op, 222200868.00 ns, 3.3111 ns/op
OverheadActual   7: 67108864 op, 221792773.00 ns, 3.3050 ns/op
OverheadActual   8: 67108864 op, 221953423.00 ns, 3.3074 ns/op
OverheadActual   9: 67108864 op, 221886889.00 ns, 3.3064 ns/op
OverheadActual  10: 67108864 op, 222069812.00 ns, 3.3091 ns/op
OverheadActual  11: 67108864 op, 222464760.00 ns, 3.3150 ns/op
OverheadActual  12: 67108864 op, 222001764.00 ns, 3.3081 ns/op
OverheadActual  13: 67108864 op, 222028945.00 ns, 3.3085 ns/op
OverheadActual  14: 67108864 op, 222013678.00 ns, 3.3083 ns/op
OverheadActual  15: 67108864 op, 222240874.00 ns, 3.3116 ns/op

WorkloadWarmup   1: 67108864 op, 937622750.00 ns, 13.9717 ns/op
WorkloadWarmup   2: 67108864 op, 877212187.00 ns, 13.0715 ns/op
WorkloadWarmup   3: 67108864 op, 897676494.00 ns, 13.3764 ns/op

// BeforeActualRun
WorkloadActual   1: 67108864 op, 910163657.00 ns, 13.5625 ns/op
WorkloadActual   2: 67108864 op, 957400448.00 ns, 14.2664 ns/op
WorkloadActual   3: 67108864 op, 910119345.00 ns, 13.5618 ns/op

// AfterActualRun
WorkloadResult   1: 67108864 op, 688134712.00 ns, 10.2540 ns/op
WorkloadResult   2: 67108864 op, 735371503.00 ns, 10.9579 ns/op
WorkloadResult   3: 67108864 op, 688090400.00 ns, 10.2533 ns/op
// GC:  96 0 0 1610612736 67108864
// Threading:  0 0 67108864

// AfterAll
// Benchmark Process 3224 has exited with code 0.

Mean = 10.488 ns, StdErr = 0.235 ns (2.24%), N = 3, StdDev = 0.407 ns
Min = 10.253 ns, Q1 = 10.254 ns, Median = 10.254 ns, Q3 = 10.606 ns, Max = 10.958 ns
IQR = 0.352 ns, LowerFence = 9.725 ns, UpperFence = 11.134 ns
ConfidenceInterval = [3.071 ns; 17.906 ns] (CI 99.9%), Margin = 7.417 ns (70.72% of Mean)
Skewness = 0.38, Kurtosis = 0.67, MValue = 2

// ** Remained 2 (50.0 %) benchmark(s) to run. Estimated finish 2026-10-09 21:17 (0h 0m from now) **
// **************************
// Benchmark: PositionBenchmarks.FromBytes: ShortRun(IterationCount=3, LaunchCount=1, WarmupCount=3)
// *** Execute ***
// Launch: 1 / 1
// Execute: dotnet Encina.Cdc.PostgreSql.Benchmarks-ShortRun-1.dll --anonymousPipes 152 153 --benchmarkName Encina.Cdc.PostgreSql.Benchmarks.Benchmarks.PositionBenchmarks.FromBytes --job ShortRun --benchmarkId 2 in /home/runner/work/Encina/Encina/tests/Encina.BenchmarkTests/Encina.Cdc.PostgreSql.Benchmarks/bin/Release/net10.0/Encina.Cdc.PostgreSql.Benchmarks-ShortRun-1/bin/Release/net10.0
// Failed to set up high priority (Permission denied). In order to run benchmarks with high priority, make sure you have the right permissions.
// BeforeAnythingElse

// Benchmark Process Environment Information:
// BenchmarkDotNet v0.15.8
// Runtime=.NET 10.0.12 (10.0.12, 10.0.1226.42308), X64 RyuJIT x86-64-v3
// GC=Concurrent Workstation
// HardwareIntrinsics=AVX2+BMI1+BMI2+F16C+FMA+LZCNT+MOVBE,AVX,SSE3+SSSE3+SSE4.1+SSE4.2+POPCNT,X86Base+SSE+SSE2,AES+PCLMUL VectorSize=256
// Job: ShortRun(IterationCount=3, LaunchCount=1, WarmupCount=3)

OverheadJitting  1: 1 op, 269805.00 ns, 269.8050 us/op
WorkloadJitting  1: 1 op, 647251.00 ns, 647.2510 us/op

OverheadJitting  2: 16 op, 498223.00 ns, 31.1389 us/op
WorkloadJitting  2: 16 op, 495728.00 ns, 30.9830 us/op

WorkloadPilot    1: 16 op, 3066.00 ns, 191.6250 ns/op
WorkloadPilot    2: 32 op, 3226.00 ns, 100.8125 ns/op
WorkloadPilot    3: 64 op, 3377.00 ns, 52.7656 ns/op
WorkloadPilot    4: 128 op, 4158.00 ns, 32.4844 ns/op
WorkloadPilot    5: 256 op, 24776.00 ns, 96.7813 ns/op
WorkloadPilot    6: 512 op, 17613.00 ns, 34.4004 ns/op
WorkloadPilot    7: 1024 op, 46207.00 ns, 45.1240 ns/op
WorkloadPilot    8: 2048 op, 67917.00 ns, 33.1626 ns/op
WorkloadPilot    9: 4096 op, 124904.00 ns, 30.4941 ns/op
WorkloadPilot   10: 8192 op, 211626.00 ns, 25.8333 ns/op
WorkloadPilot   11: 16384 op, 304269.00 ns, 18.5711 ns/op
WorkloadPilot   12: 32768 op, 676206.00 ns, 20.6362 ns/op
WorkloadPilot   13: 65536 op, 1415830.00 ns, 21.6039 ns/op
WorkloadPilot   14: 131072 op, 2820170.00 ns, 21.5162 ns/op
WorkloadPilot   15: 262144 op, 6613821.00 ns, 25.2297 ns/op
WorkloadPilot   16: 524288 op, 10860549.00 ns, 20.7149 ns/op
WorkloadPilot   17: 1048576 op, 14258690.00 ns, 13.5981 ns/op
WorkloadPilot   18: 2097152 op, 34045007.00 ns, 16.2339 ns/op
WorkloadPilot   19: 4194304 op, 61670750.00 ns, 14.7035 ns/op
WorkloadPilot   20: 8388608 op, 145786271.00 ns, 17.3791 ns/op
WorkloadPilot   21: 16777216 op, 340630763.00 ns, 20.3032 ns/op
WorkloadPilot   22: 33554432 op, 668362370.00 ns, 19.9188 ns/op

OverheadWarmup   1: 33554432 op, 110974389.00 ns, 3.3073 ns/op
OverheadWarmup   2: 33554432 op, 111146300.00 ns, 3.3124 ns/op
OverheadWarmup   3: 33554432 op, 110998103.00 ns, 3.3080 ns/op
OverheadWarmup   4: 33554432 op, 111083483.00 ns, 3.3105 ns/op
OverheadWarmup   5: 33554432 op, 110989557.00 ns, 3.3077 ns/op

OverheadActual   1: 33554432 op, 111144477.00 ns, 3.3124 ns/op
OverheadActual   2: 33554432 op, 111010196.00 ns, 3.3084 ns/op
OverheadActual   3: 33554432 op, 111040212.00 ns, 3.3093 ns/op
OverheadActual   4: 33554432 op, 111544246.00 ns, 3.3243 ns/op
OverheadActual   5: 33554432 op, 111112056.00 ns, 3.3114 ns/op
OverheadActual   6: 33554432 op, 111117717.00 ns, 3.3116 ns/op
OverheadActual   7: 33554432 op, 111104162.00 ns, 3.3112 ns/op
OverheadActual   8: 33554432 op, 111116595.00 ns, 3.3115 ns/op
OverheadActual   9: 33554432 op, 111049199.00 ns, 3.3095 ns/op
OverheadActual  10: 33554432 op, 111193018.00 ns, 3.3138 ns/op
OverheadActual  11: 33554432 op, 111000888.00 ns, 3.3081 ns/op
OverheadActual  12: 33554432 op, 111040542.00 ns, 3.3093 ns/op
OverheadActual  13: 33554432 op, 111370820.00 ns, 3.3191 ns/op
OverheadActual  14: 33554432 op, 110926880.00 ns, 3.3059 ns/op
OverheadActual  15: 33554432 op, 112190024.00 ns, 3.3435 ns/op

WorkloadWarmup   1: 33554432 op, 624276204.00 ns, 18.6049 ns/op
WorkloadWarmup   2: 33554432 op, 661379601.00 ns, 19.7106 ns/op
WorkloadWarmup   3: 33554432 op, 664474675.00 ns, 19.8029 ns/op

// BeforeActualRun
WorkloadActual   1: 33554432 op, 702351909.00 ns, 20.9317 ns/op
WorkloadActual   2: 33554432 op, 692312446.00 ns, 20.6325 ns/op
WorkloadActual   3: 33554432 op, 698234161.00 ns, 20.8090 ns/op

// AfterActualRun
WorkloadResult   1: 33554432 op, 591239853.00 ns, 17.6203 ns/op
WorkloadResult   2: 33554432 op, 581200390.00 ns, 17.3211 ns/op
WorkloadResult   3: 33554432 op, 587122105.00 ns, 17.4976 ns/op
// GC:  48 0 0 805306368 33554432
// Threading:  0 0 33554432

// AfterAll
// Benchmark Process 3235 has exited with code 0.

Mean = 17.480 ns, StdErr = 0.087 ns (0.50%), N = 3, StdDev = 0.150 ns
Min = 17.321 ns, Q1 = 17.409 ns, Median = 17.498 ns, Q3 = 17.559 ns, Max = 17.620 ns
IQR = 0.150 ns, LowerFence = 17.185 ns, UpperFence = 17.783 ns
ConfidenceInterval = [14.736 ns; 20.224 ns] (CI 99.9%), Margin = 2.744 ns (15.70% of Mean)
Skewness = -0.12, Kurtosis = 0.67, MValue = 2

// ** Remained 1 (25.0 %) benchmark(s) to run. Estimated finish 2026-10-09 21:17 (0h 0m from now) **
// **************************
// Benchmark: PositionBenchmarks.ToBytes: ShortRun(IterationCount=3, LaunchCount=1, WarmupCount=3)
// *** Execute ***
// Launch: 1 / 1
// Execute: dotnet Encina.Cdc.PostgreSql.Benchmarks-ShortRun-1.dll --anonymousPipes 152 153 --benchmarkName Encina.Cdc.PostgreSql.Benchmarks.Benchmarks.PositionBenchmarks.ToBytes --job ShortRun --benchmarkId 3 in /home/runner/work/Encina/Encina/tests/Encina.BenchmarkTests/Encina.Cdc.PostgreSql.Benchmarks/bin/Release/net10.0/Encina.Cdc.PostgreSql.Benchmarks-ShortRun-1/bin/Release/net10.0
// Failed to set up high priority (Permission denied). In order to run benchmarks with high priority, make sure you have the right permissions.
// BeforeAnythingElse

// Benchmark Process Environment Information:
// BenchmarkDotNet v0.15.8
// Runtime=.NET 10.0.12 (10.0.12, 10.0.1226.42308), X64 RyuJIT x86-64-v3
// GC=Concurrent Workstation
// HardwareIntrinsics=AVX2+BMI1+BMI2+F16C+FMA+LZCNT+MOVBE,AVX,SSE3+SSSE3+SSE4.1+SSE4.2+POPCNT,X86Base+SSE+SSE2,AES+PCLMUL VectorSize=256
// Job: ShortRun(IterationCount=3, LaunchCount=1, WarmupCount=3)

OverheadJitting  1: 1 op, 257954.00 ns, 257.9540 us/op
WorkloadJitting  1: 1 op, 249036.00 ns, 249.0360 us/op

OverheadJitting  2: 16 op, 416480.00 ns, 26.0300 us/op
WorkloadJitting  2: 16 op, 425096.00 ns, 26.5685 us/op

WorkloadPilot    1: 16 op, 2594.00 ns, 162.1250 ns/op
WorkloadPilot    2: 32 op, 2875.00 ns, 89.8438 ns/op
WorkloadPilot    3: 64 op, 2285.00 ns, 35.7031 ns/op
WorkloadPilot    4: 128 op, 19417.00 ns, 151.6953 ns/op
WorkloadPilot    5: 256 op, 24716.00 ns, 96.5469 ns/op
WorkloadPilot    6: 512 op, 15669.00 ns, 30.6035 ns/op
WorkloadPilot    7: 1024 op, 39915.00 ns, 38.9795 ns/op
WorkloadPilot    8: 2048 op, 71324.00 ns, 34.8262 ns/op
WorkloadPilot    9: 4096 op, 121347.00 ns, 29.6257 ns/op
WorkloadPilot   10: 8192 op, 231643.00 ns, 28.2767 ns/op
WorkloadPilot   11: 16384 op, 337592.00 ns, 20.6050 ns/op
WorkloadPilot   12: 32768 op, 742960.00 ns, 22.6733 ns/op
WorkloadPilot   13: 65536 op, 1494117.00 ns, 22.7984 ns/op
WorkloadPilot   14: 131072 op, 3076849.00 ns, 23.4745 ns/op
WorkloadPilot   15: 262144 op, 6224241.00 ns, 23.7436 ns/op
WorkloadPilot   16: 524288 op, 12695094.00 ns, 24.2140 ns/op
WorkloadPilot   17: 1048576 op, 12608683.00 ns, 12.0246 ns/op
WorkloadPilot   18: 2097152 op, 27042613.00 ns, 12.8949 ns/op
WorkloadPilot   19: 4194304 op, 50230148.00 ns, 11.9758 ns/op
WorkloadPilot   20: 8388608 op, 100814941.00 ns, 12.0181 ns/op
WorkloadPilot   21: 16777216 op, 198735804.00 ns, 11.8456 ns/op
WorkloadPilot   22: 33554432 op, 397641852.00 ns, 11.8507 ns/op
WorkloadPilot   23: 67108864 op, 790724375.00 ns, 11.7827 ns/op

OverheadWarmup   1: 67108864 op, 219603720.00 ns, 3.2724 ns/op
OverheadWarmup   2: 67108864 op, 219587788.00 ns, 3.2721 ns/op
OverheadWarmup   3: 67108864 op, 219404236.00 ns, 3.2694 ns/op
OverheadWarmup   4: 67108864 op, 221479295.00 ns, 3.3003 ns/op
OverheadWarmup   5: 67108864 op, 219550801.00 ns, 3.2716 ns/op
OverheadWarmup   6: 67108864 op, 219906416.00 ns, 3.2769 ns/op
OverheadWarmup   7: 67108864 op, 219438270.00 ns, 3.2699 ns/op

OverheadActual   1: 67108864 op, 219848859.00 ns, 3.2760 ns/op
OverheadActual   2: 67108864 op, 219719236.00 ns, 3.2741 ns/op
OverheadActual   3: 67108864 op, 219643635.00 ns, 3.2729 ns/op
OverheadActual   4: 67108864 op, 219662860.00 ns, 3.2732 ns/op
OverheadActual   5: 67108864 op, 219369742.00 ns, 3.2689 ns/op
OverheadActual   6: 67108864 op, 219426609.00 ns, 3.2697 ns/op
OverheadActual   7: 67108864 op, 219474297.00 ns, 3.2704 ns/op
OverheadActual   8: 67108864 op, 220392497.00 ns, 3.2841 ns/op
OverheadActual   9: 67108864 op, 219339124.00 ns, 3.2684 ns/op
OverheadActual  10: 67108864 op, 219415327.00 ns, 3.2695 ns/op
OverheadActual  11: 67108864 op, 219394759.00 ns, 3.2692 ns/op
OverheadActual  12: 67108864 op, 220013749.00 ns, 3.2785 ns/op
OverheadActual  13: 67108864 op, 219309979.00 ns, 3.2680 ns/op
OverheadActual  14: 67108864 op, 219312946.00 ns, 3.2680 ns/op
OverheadActual  15: 67108864 op, 219327052.00 ns, 3.2682 ns/op

WorkloadWarmup   1: 67108864 op, 801125360.00 ns, 11.9377 ns/op
WorkloadWarmup   2: 67108864 op, 802258332.00 ns, 11.9546 ns/op
WorkloadWarmup   3: 67108864 op, 789778498.00 ns, 11.7686 ns/op

// BeforeActualRun
WorkloadActual   1: 67108864 op, 797786335.00 ns, 11.8879 ns/op
WorkloadActual   2: 67108864 op, 793203626.00 ns, 11.8197 ns/op
WorkloadActual   3: 67108864 op, 798068162.00 ns, 11.8921 ns/op

// AfterActualRun
WorkloadResult   1: 67108864 op, 578359726.00 ns, 8.6182 ns/op
WorkloadResult   2: 67108864 op, 573777017.00 ns, 8.5499 ns/op
WorkloadResult   3: 67108864 op, 578641553.00 ns, 8.6224 ns/op
// GC:  128 0 0 2147483648 67108864
// Threading:  0 0 67108864

// AfterAll
// Benchmark Process 3242 has exited with code 0.

Mean = 8.597 ns, StdErr = 0.023 ns (0.27%), N = 3, StdDev = 0.041 ns
Min = 8.550 ns, Q1 = 8.584 ns, Median = 8.618 ns, Q3 = 8.620 ns, Max = 8.622 ns
IQR = 0.036 ns, LowerFence = 8.530 ns, UpperFence = 8.675 ns
ConfidenceInterval = [7.854 ns; 9.339 ns] (CI 99.9%), Margin = 0.742 ns (8.64% of Mean)
Skewness = -0.38, Kurtosis = 0.67, MValue = 2

// ** Remained 0 (0.0 %) benchmark(s) to run. Estimated finish 2026-10-09 21:17 (0h 0m from now) **
// ***** BenchmarkRunner: Finish  *****

// * Export *
  artifacts/performance/CdcPostgreSql/results/Encina.Cdc.PostgreSql.Benchmarks.Benchmarks.PositionBenchmarks-report.csv
  artifacts/performance/CdcPostgreSql/results/Encina.Cdc.PostgreSql.Benchmarks.Benchmarks.PositionBenchmarks-report-github.md
  artifacts/performance/CdcPostgreSql/results/Encina.Cdc.PostgreSql.Benchmarks.Benchmarks.PositionBenchmarks-report.html
  artifacts/performance/CdcPostgreSql/results/Encina.Cdc.PostgreSql.Benchmarks.Benchmarks.PositionBenchmarks-report-full-compressed.json

// * Detailed results *
PositionBenchmarks.ComparePositions: ShortRun(IterationCount=3, LaunchCount=1, WarmupCount=3)
Runtime = .NET 10.0.12 (10.0.12, 10.0.1226.42308), X64 RyuJIT x86-64-v3; GC = Concurrent Workstation
Mean = 1.311 ns, StdErr = 0.001 ns (0.07%), N = 3, StdDev = 0.002 ns
Min = 1.310 ns, Q1 = 1.311 ns, Median = 1.311 ns, Q3 = 1.312 ns, Max = 1.313 ns
IQR = 0.002 ns, LowerFence = 1.308 ns, UpperFence = 1.314 ns
ConfidenceInterval = [1.282 ns; 1.341 ns] (CI 99.9%), Margin = 0.029 ns (2.23% of Mean)
Skewness = 0.29, Kurtosis = 0.67, MValue = 2
-------------------- Histogram --------------------
[1.309 ns ; 1.315 ns) | @@@
---------------------------------------------------

PositionBenchmarks.CreatePosition: ShortRun(IterationCount=3, LaunchCount=1, WarmupCount=3)
Runtime = .NET 10.0.12 (10.0.12, 10.0.1226.42308), X64 RyuJIT x86-64-v3; GC = Concurrent Workstation
Mean = 10.488 ns, StdErr = 0.235 ns (2.24%), N = 3, StdDev = 0.407 ns
Min = 10.253 ns, Q1 = 10.254 ns, Median = 10.254 ns, Q3 = 10.606 ns, Max = 10.958 ns
IQR = 0.352 ns, LowerFence = 9.725 ns, UpperFence = 11.134 ns
ConfidenceInterval = [3.071 ns; 17.906 ns] (CI 99.9%), Margin = 7.417 ns (70.72% of Mean)
Skewness = 0.38, Kurtosis = 0.67, MValue = 2
-------------------- Histogram --------------------
[10.236 ns ; 10.976 ns) | @@@
---------------------------------------------------

PositionBenchmarks.FromBytes: ShortRun(IterationCount=3, LaunchCount=1, WarmupCount=3)
Runtime = .NET 10.0.12 (10.0.12, 10.0.1226.42308), X64 RyuJIT x86-64-v3; GC = Concurrent Workstation
Mean = 17.480 ns, StdErr = 0.087 ns (0.50%), N = 3, StdDev = 0.150 ns
Min = 17.321 ns, Q1 = 17.409 ns, Median = 17.498 ns, Q3 = 17.559 ns, Max = 17.620 ns
IQR = 0.150 ns, LowerFence = 17.185 ns, UpperFence = 17.783 ns
ConfidenceInterval = [14.736 ns; 20.224 ns] (CI 99.9%), Margin = 2.744 ns (15.70% of Mean)
Skewness = -0.12, Kurtosis = 0.67, MValue = 2
-------------------- Histogram --------------------
[17.184 ns ; 17.757 ns) | @@@
---------------------------------------------------

PositionBenchmarks.ToBytes: ShortRun(IterationCount=3, LaunchCount=1, WarmupCount=3)
Runtime = .NET 10.0.12 (10.0.12, 10.0.1226.42308), X64 RyuJIT x86-64-v3; GC = Concurrent Workstation
Mean = 8.597 ns, StdErr = 0.023 ns (0.27%), N = 3, StdDev = 0.041 ns
Min = 8.550 ns, Q1 = 8.584 ns, Median = 8.618 ns, Q3 = 8.620 ns, Max = 8.622 ns
IQR = 0.036 ns, LowerFence = 8.530 ns, UpperFence = 8.675 ns
ConfidenceInterval = [7.854 ns; 9.339 ns] (CI 99.9%), Margin = 0.742 ns (8.64% of Mean)
Skewness = -0.38, Kurtosis = 0.67, MValue = 2
-------------------- Histogram --------------------
[8.549 ns ; 8.623 ns) | @@@
---------------------------------------------------

// * Summary *

BenchmarkDotNet v0.15.8, Linux Ubuntu 24.04.5 LTS (Noble Numbat)
AMD EPYC 7763 2.45GHz, 1 CPU, 4 logical and 2 physical cores
.NET SDK 10.0.401
  [Host]   : .NET 10.0.12 (10.0.12, 10.0.1226.42308), X64 RyuJIT x86-64-v3
  ShortRun : .NET 10.0.12 (10.0.12, 10.0.1226.42308), X64 RyuJIT x86-64-v3

Job=ShortRun  IterationCount=3  LaunchCount=1  
WarmupCount=3  

| Method           | Mean      | Error     | StdDev    | Ratio | RatioSD | Gen0   | Allocated | Alloc Ratio |
|----------------- |----------:|----------:|----------:|------:|--------:|-------:|----------:|------------:|
| ComparePositions |  1.311 ns | 0.0292 ns | 0.0016 ns |  0.13 |    0.00 |      - |         - |        0.00 |
| CreatePosition   | 10.488 ns | 7.4175 ns | 0.4066 ns |  1.00 |    0.05 | 0.0014 |      24 B |        1.00 |
| FromBytes        | 17.480 ns | 2.7439 ns | 0.1504 ns |  1.67 |    0.06 | 0.0014 |      24 B |        1.00 |
| ToBytes          |  8.597 ns | 0.7424 ns | 0.0407 ns |  0.82 |    0.03 | 0.0019 |      32 B |        1.33 |
// * Config Issues *

// * Warnings *
Configuration
  Summary -> The exporter CsvExporter is already present in configuration. There may be unexpected results.
  Summary -> The exporter HtmlExporter is already present in configuration. There may be unexpected results.
  Summary -> The exporter MarkdownExporter-github is already present in configuration. There may be unexpected results.

// * Legends *
  Mean        : Arithmetic mean of all measurements
  Error       : Half of 99.9% confidence interval
  StdDev      : Standard deviation of all measurements
  Ratio       : Mean of the ratio distribution ([Current]/[Baseline])
  RatioSD     : Standard deviation of the ratio distribution ([Current]/[Baseline])
  Gen0        : GC Generation 0 collects per 1000 operations
  Allocated   : Allocated memory per single operation (managed only, inclusive, 1KB = 1024B)
  Alloc Ratio : Allocated memory ratio distribution ([Current]/[Baseline])
  1 ns        : 1 Nanosecond (0.000000001 sec)

// * Diagnostic Output - MemoryDiagnoser *


// ***** BenchmarkRunner: End *****
Run time: 00:00:51 (51.3 sec), executed benchmarks: 4

Global total time: 00:01:56 (116.03 sec), executed benchmarks: 4
// * Artifacts cleanup *
Artifacts cleanup is finished
