// Validating benchmarks:
// ***** BenchmarkRunner: Start   *****
// ***** Found 3 benchmark(s) in total *****
// ***** Building 1 exe(s) in Parallel: Start   *****
// start dotnet  restore --nodeReuse:false /p:UseSharedCompilation=false /p:Deterministic=true /p:Optimize=true /p:ArtifactsPath="/home/runner/work/Encina/Encina/tests/Encina.BenchmarkTests/Encina.Marten.GDPR.Benchmarks/bin/Release/net10.0/Encina.Marten.GDPR.Benchmarks-ShortRun-1/" /p:OutDir="/home/runner/work/Encina/Encina/tests/Encina.BenchmarkTests/Encina.Marten.GDPR.Benchmarks/bin/Release/net10.0/Encina.Marten.GDPR.Benchmarks-ShortRun-1/bin/Release/net10.0/" /p:OutputPath="/home/runner/work/Encina/Encina/tests/Encina.BenchmarkTests/Encina.Marten.GDPR.Benchmarks/bin/Release/net10.0/Encina.Marten.GDPR.Benchmarks-ShortRun-1/bin/Release/net10.0/" /p:PublishDir="/home/runner/work/Encina/Encina/tests/Encina.BenchmarkTests/Encina.Marten.GDPR.Benchmarks/bin/Release/net10.0/Encina.Marten.GDPR.Benchmarks-ShortRun-1/publish/" in /home/runner/work/Encina/Encina/tests/Encina.BenchmarkTests/Encina.Marten.GDPR.Benchmarks/bin/Release/net10.0/Encina.Marten.GDPR.Benchmarks-ShortRun-1
// command took 2.94 sec and exited with 0
// start dotnet  build -c Release --no-restore --nodeReuse:false /p:UseSharedCompilation=false /p:Deterministic=true /p:Optimize=true /p:ArtifactsPath="/home/runner/work/Encina/Encina/tests/Encina.BenchmarkTests/Encina.Marten.GDPR.Benchmarks/bin/Release/net10.0/Encina.Marten.GDPR.Benchmarks-ShortRun-1/" /p:OutDir="/home/runner/work/Encina/Encina/tests/Encina.BenchmarkTests/Encina.Marten.GDPR.Benchmarks/bin/Release/net10.0/Encina.Marten.GDPR.Benchmarks-ShortRun-1/bin/Release/net10.0/" /p:OutputPath="/home/runner/work/Encina/Encina/tests/Encina.BenchmarkTests/Encina.Marten.GDPR.Benchmarks/bin/Release/net10.0/Encina.Marten.GDPR.Benchmarks-ShortRun-1/bin/Release/net10.0/" /p:PublishDir="/home/runner/work/Encina/Encina/tests/Encina.BenchmarkTests/Encina.Marten.GDPR.Benchmarks/bin/Release/net10.0/Encina.Marten.GDPR.Benchmarks-ShortRun-1/publish/" --output "/home/runner/work/Encina/Encina/tests/Encina.BenchmarkTests/Encina.Marten.GDPR.Benchmarks/bin/Release/net10.0/Encina.Marten.GDPR.Benchmarks-ShortRun-1/bin/Release/net10.0/" in /home/runner/work/Encina/Encina/tests/Encina.BenchmarkTests/Encina.Marten.GDPR.Benchmarks/bin/Release/net10.0/Encina.Marten.GDPR.Benchmarks-ShortRun-1
// command took 82.69 sec and exited with 0
// ***** Done, took 00:01:25 (85.77 sec)   *****
// Found 3 benchmarks:
//   CryptoShredderSerializerBenchmarks.InnerSerializer_NonPii: ShortRun(IterationCount=3, LaunchCount=1, WarmupCount=3)
//   CryptoShredderSerializerBenchmarks.CryptoSerializer_NonPii: ShortRun(IterationCount=3, LaunchCount=1, WarmupCount=3)
//   CryptoShredderSerializerBenchmarks.CryptoSerializer_PiiEvent: ShortRun(IterationCount=3, LaunchCount=1, WarmupCount=3)

// **************************
// Benchmark: CryptoShredderSerializerBenchmarks.InnerSerializer_NonPii: ShortRun(IterationCount=3, LaunchCount=1, WarmupCount=3)
// *** Execute ***
// Launch: 1 / 1
// Execute: dotnet Encina.Marten.GDPR.Benchmarks-ShortRun-1.dll --anonymousPipes 147 148 --benchmarkName Encina.Marten.GDPR.Benchmarks.CryptoShredderSerializerBenchmarks.InnerSerializer_NonPii --job ShortRun --benchmarkId 0 in /home/runner/work/Encina/Encina/tests/Encina.BenchmarkTests/Encina.Marten.GDPR.Benchmarks/bin/Release/net10.0/Encina.Marten.GDPR.Benchmarks-ShortRun-1/bin/Release/net10.0
// Failed to set up high priority (Permission denied). In order to run benchmarks with high priority, make sure you have the right permissions.
// BeforeAnythingElse

// Benchmark Process Environment Information:
// BenchmarkDotNet v0.15.8
// Runtime=.NET 10.0.12 (10.0.12, 10.0.1226.42308), X64 RyuJIT x86-64-v4
// GC=Concurrent Workstation
// HardwareIntrinsics=AVX512 BITALG+VBMI2+VNNI+VPOPCNTDQ,AVX512 IFMA+VBMI,AVX512 F+BW+CD+DQ+VL,AVX2+BMI1+BMI2+F16C+FMA+LZCNT+MOVBE,AVX,SSE3+SSSE3+SSE4.1+SSE4.2+POPCNT,X86Base+SSE+SSE2,AES+PCLMUL,AvxVnni,SERIALIZE VectorSize=256
// Job: ShortRun(IterationCount=3, LaunchCount=1, WarmupCount=3)

OverheadJitting  1: 1 op, 235554.00 ns, 235.5540 us/op
WorkloadJitting  1: 1 op, 29844142.00 ns, 29.8441 ms/op

OverheadJitting  2: 16 op, 464555.00 ns, 29.0347 us/op
WorkloadJitting  2: 16 op, 614666.00 ns, 38.4166 us/op

WorkloadPilot    1: 16 op, 66199.00 ns, 4.1374 us/op
WorkloadPilot    2: 32 op, 59943.00 ns, 1.8732 us/op
WorkloadPilot    3: 64 op, 56143.00 ns, 877.2344 ns/op
WorkloadPilot    4: 128 op, 100228.00 ns, 783.0313 ns/op
WorkloadPilot    5: 256 op, 173166.00 ns, 676.4297 ns/op
WorkloadPilot    6: 512 op, 302934.00 ns, 591.6680 ns/op
WorkloadPilot    7: 1024 op, 593587.00 ns, 579.6748 ns/op
WorkloadPilot    8: 2048 op, 1115268.00 ns, 544.5645 ns/op
WorkloadPilot    9: 4096 op, 2318789.00 ns, 566.1106 ns/op
WorkloadPilot   10: 8192 op, 4651403.00 ns, 567.7982 ns/op
WorkloadPilot   11: 16384 op, 9381670.00 ns, 572.6117 ns/op
WorkloadPilot   12: 32768 op, 18738036.00 ns, 571.8395 ns/op
WorkloadPilot   13: 65536 op, 37253746.00 ns, 568.4471 ns/op
WorkloadPilot   14: 131072 op, 71915884.00 ns, 548.6747 ns/op
WorkloadPilot   15: 262144 op, 142121918.00 ns, 542.1521 ns/op
WorkloadPilot   16: 524288 op, 263836212.00 ns, 503.2276 ns/op
WorkloadPilot   17: 1048576 op, 513883952.00 ns, 490.0779 ns/op

OverheadWarmup   1: 1048576 op, 4648431.00 ns, 4.4331 ns/op
OverheadWarmup   2: 1048576 op, 4677872.00 ns, 4.4612 ns/op
OverheadWarmup   3: 1048576 op, 4933708.00 ns, 4.7052 ns/op
OverheadWarmup   4: 1048576 op, 4831011.00 ns, 4.6072 ns/op
OverheadWarmup   5: 1048576 op, 4721787.00 ns, 4.5030 ns/op
OverheadWarmup   6: 1048576 op, 4586626.00 ns, 4.3741 ns/op
OverheadWarmup   7: 1048576 op, 4599135.00 ns, 4.3861 ns/op
OverheadWarmup   8: 1048576 op, 4656461.00 ns, 4.4407 ns/op
OverheadWarmup   9: 1048576 op, 4763588.00 ns, 4.5429 ns/op
OverheadWarmup  10: 1048576 op, 4763995.00 ns, 4.5433 ns/op

OverheadActual   1: 1048576 op, 4656275.00 ns, 4.4406 ns/op
OverheadActual   2: 1048576 op, 4801453.00 ns, 4.5790 ns/op
OverheadActual   3: 1048576 op, 4789867.00 ns, 4.5680 ns/op
OverheadActual   4: 1048576 op, 4910347.00 ns, 4.6829 ns/op
OverheadActual   5: 1048576 op, 4794083.00 ns, 4.5720 ns/op
OverheadActual   6: 1048576 op, 4558919.00 ns, 4.3477 ns/op
OverheadActual   7: 1048576 op, 4631477.00 ns, 4.4169 ns/op
OverheadActual   8: 1048576 op, 4588009.00 ns, 4.3755 ns/op
OverheadActual   9: 1048576 op, 4696644.00 ns, 4.4791 ns/op
OverheadActual  10: 1048576 op, 4653874.00 ns, 4.4383 ns/op
OverheadActual  11: 1048576 op, 4611873.00 ns, 4.3982 ns/op
OverheadActual  12: 1048576 op, 4940295.00 ns, 4.7114 ns/op
OverheadActual  13: 1048576 op, 4895220.00 ns, 4.6684 ns/op
OverheadActual  14: 1048576 op, 4596634.00 ns, 4.3837 ns/op
OverheadActual  15: 1048576 op, 4686754.00 ns, 4.4696 ns/op

WorkloadWarmup   1: 1048576 op, 530725559.00 ns, 506.1393 ns/op
WorkloadWarmup   2: 1048576 op, 527780219.00 ns, 503.3304 ns/op
WorkloadWarmup   3: 1048576 op, 522850121.00 ns, 498.6287 ns/op

// BeforeActualRun
WorkloadActual   1: 1048576 op, 523241160.00 ns, 499.0017 ns/op
WorkloadActual   2: 1048576 op, 524550544.00 ns, 500.2504 ns/op
WorkloadActual   3: 1048576 op, 523093554.00 ns, 498.8609 ns/op

// AfterActualRun
WorkloadResult   1: 1048576 op, 518554406.00 ns, 494.5320 ns/op
WorkloadResult   2: 1048576 op, 519863790.00 ns, 495.7807 ns/op
WorkloadResult   3: 1048576 op, 518406800.00 ns, 494.3913 ns/op
// GC:  3 0 0 285212672 1048576
// Threading:  0 0 1048576

// AfterAll
// Benchmark Process 3002 has exited with code 0.

Mean = 494.901 ns, StdErr = 0.442 ns (0.09%), N = 3, StdDev = 0.765 ns
Min = 494.391 ns, Q1 = 494.462 ns, Median = 494.532 ns, Q3 = 495.156 ns, Max = 495.781 ns
IQR = 0.695 ns, LowerFence = 493.420 ns, UpperFence = 496.199 ns
ConfidenceInterval = [480.948 ns; 508.855 ns] (CI 99.9%), Margin = 13.953 ns (2.82% of Mean)
Skewness = 0.37, Kurtosis = 0.67, MValue = 2

// ** Remained 2 (66.7 %) benchmark(s) to run. Estimated finish 2026-09-27 16:25 (0h 0m from now) **
// **************************
// Benchmark: CryptoShredderSerializerBenchmarks.CryptoSerializer_NonPii: ShortRun(IterationCount=3, LaunchCount=1, WarmupCount=3)
// *** Execute ***
// Launch: 1 / 1
// Execute: dotnet Encina.Marten.GDPR.Benchmarks-ShortRun-1.dll --anonymousPipes 147 148 --benchmarkName Encina.Marten.GDPR.Benchmarks.CryptoShredderSerializerBenchmarks.CryptoSerializer_NonPii --job ShortRun --benchmarkId 1 in /home/runner/work/Encina/Encina/tests/Encina.BenchmarkTests/Encina.Marten.GDPR.Benchmarks/bin/Release/net10.0/Encina.Marten.GDPR.Benchmarks-ShortRun-1/bin/Release/net10.0
// Failed to set up high priority (Permission denied). In order to run benchmarks with high priority, make sure you have the right permissions.
// BeforeAnythingElse

// Benchmark Process Environment Information:
// BenchmarkDotNet v0.15.8
// Runtime=.NET 10.0.12 (10.0.12, 10.0.1226.42308), X64 RyuJIT x86-64-v4
// GC=Concurrent Workstation
// HardwareIntrinsics=AVX512 BITALG+VBMI2+VNNI+VPOPCNTDQ,AVX512 IFMA+VBMI,AVX512 F+BW+CD+DQ+VL,AVX2+BMI1+BMI2+F16C+FMA+LZCNT+MOVBE,AVX,SSE3+SSSE3+SSE4.1+SSE4.2+POPCNT,X86Base+SSE+SSE2,AES+PCLMUL,AvxVnni,SERIALIZE VectorSize=256
// Job: ShortRun(IterationCount=3, LaunchCount=1, WarmupCount=3)

OverheadJitting  1: 1 op, 224652.00 ns, 224.6520 us/op
WorkloadJitting  1: 1 op, 30859671.00 ns, 30.8597 ms/op

OverheadJitting  2: 16 op, 494692.00 ns, 30.9183 us/op
WorkloadJitting  2: 16 op, 636441.00 ns, 39.7776 us/op

WorkloadPilot    1: 16 op, 58862.00 ns, 3.6789 us/op
WorkloadPilot    2: 32 op, 65054.00 ns, 2.0329 us/op
WorkloadPilot    3: 64 op, 72978.00 ns, 1.1403 us/op
WorkloadPilot    4: 128 op, 113329.00 ns, 885.3828 ns/op
WorkloadPilot    5: 256 op, 194963.00 ns, 761.5742 ns/op
WorkloadPilot    6: 512 op, 331854.00 ns, 648.1523 ns/op
WorkloadPilot    7: 1024 op, 632733.00 ns, 617.9033 ns/op
WorkloadPilot    8: 2048 op, 1202654.00 ns, 587.2334 ns/op
WorkloadPilot    9: 4096 op, 2471393.00 ns, 603.3674 ns/op
WorkloadPilot   10: 8192 op, 4852014.00 ns, 592.2869 ns/op
WorkloadPilot   11: 16384 op, 9620538.00 ns, 587.1910 ns/op
WorkloadPilot   12: 32768 op, 19669955.00 ns, 600.2794 ns/op
WorkloadPilot   13: 65536 op, 39357871.00 ns, 600.5535 ns/op
WorkloadPilot   14: 131072 op, 76474802.00 ns, 583.4564 ns/op
WorkloadPilot   15: 262144 op, 153039404.00 ns, 583.7990 ns/op
WorkloadPilot   16: 524288 op, 277515521.00 ns, 529.3188 ns/op
WorkloadPilot   17: 1048576 op, 547362040.00 ns, 522.0051 ns/op

OverheadWarmup   1: 1048576 op, 4989502.00 ns, 4.7584 ns/op
OverheadWarmup   2: 1048576 op, 4913945.00 ns, 4.6863 ns/op
OverheadWarmup   3: 1048576 op, 4806451.00 ns, 4.5838 ns/op
OverheadWarmup   4: 1048576 op, 4935867.00 ns, 4.7072 ns/op
OverheadWarmup   5: 1048576 op, 4820304.00 ns, 4.5970 ns/op
OverheadWarmup   6: 1048576 op, 4723445.00 ns, 4.5046 ns/op
OverheadWarmup   7: 1048576 op, 4783978.00 ns, 4.5624 ns/op
OverheadWarmup   8: 1048576 op, 4797729.00 ns, 4.5755 ns/op
OverheadWarmup   9: 1048576 op, 4946300.00 ns, 4.7172 ns/op
OverheadWarmup  10: 1048576 op, 4849513.00 ns, 4.6249 ns/op

OverheadActual   1: 1048576 op, 4809453.00 ns, 4.5867 ns/op
OverheadActual   2: 1048576 op, 4862753.00 ns, 4.6375 ns/op
OverheadActual   3: 1048576 op, 4766309.00 ns, 4.5455 ns/op
OverheadActual   4: 1048576 op, 4712416.00 ns, 4.4941 ns/op
OverheadActual   5: 1048576 op, 4873843.00 ns, 4.6481 ns/op
OverheadActual   6: 1048576 op, 4732224.00 ns, 4.5130 ns/op
OverheadActual   7: 1048576 op, 4631174.00 ns, 4.4166 ns/op
OverheadActual   8: 1048576 op, 4824000.00 ns, 4.6005 ns/op
OverheadActual   9: 1048576 op, 4915698.00 ns, 4.6880 ns/op
OverheadActual  10: 1048576 op, 4816803.00 ns, 4.5937 ns/op
OverheadActual  11: 1048576 op, 4953417.00 ns, 4.7239 ns/op
OverheadActual  12: 1048576 op, 5004859.00 ns, 4.7730 ns/op
OverheadActual  13: 1048576 op, 4711557.00 ns, 4.4933 ns/op
OverheadActual  14: 1048576 op, 4754252.00 ns, 4.5340 ns/op
OverheadActual  15: 1048576 op, 4736670.00 ns, 4.5172 ns/op

WorkloadWarmup   1: 1048576 op, 564510817.00 ns, 538.3595 ns/op
WorkloadWarmup   2: 1048576 op, 549293126.00 ns, 523.8467 ns/op
WorkloadWarmup   3: 1048576 op, 558055823.00 ns, 532.2035 ns/op

// BeforeActualRun
WorkloadActual   1: 1048576 op, 544286724.00 ns, 519.0723 ns/op
WorkloadActual   2: 1048576 op, 542906993.00 ns, 517.7565 ns/op
WorkloadActual   3: 1048576 op, 539450841.00 ns, 514.4604 ns/op

// AfterActualRun
WorkloadResult   1: 1048576 op, 539477271.00 ns, 514.4856 ns/op
WorkloadResult   2: 1048576 op, 538097540.00 ns, 513.1698 ns/op
WorkloadResult   3: 1048576 op, 534641388.00 ns, 509.8738 ns/op
// GC:  3 0 0 285212672 1048576
// Threading:  0 0 1048576

// AfterAll
// Benchmark Process 3012 has exited with code 0.

Mean = 512.510 ns, StdErr = 1.372 ns (0.27%), N = 3, StdDev = 2.376 ns
Min = 509.874 ns, Q1 = 511.522 ns, Median = 513.170 ns, Q3 = 513.828 ns, Max = 514.486 ns
IQR = 2.306 ns, LowerFence = 508.063 ns, UpperFence = 517.287 ns
ConfidenceInterval = [469.168 ns; 555.852 ns] (CI 99.9%), Margin = 43.342 ns (8.46% of Mean)
Skewness = -0.26, Kurtosis = 0.67, MValue = 2

// ** Remained 1 (33.3 %) benchmark(s) to run. Estimated finish 2026-09-27 16:25 (0h 0m from now) **
// **************************
// Benchmark: CryptoShredderSerializerBenchmarks.CryptoSerializer_PiiEvent: ShortRun(IterationCount=3, LaunchCount=1, WarmupCount=3)
// *** Execute ***
// Launch: 1 / 1
// Execute: dotnet Encina.Marten.GDPR.Benchmarks-ShortRun-1.dll --anonymousPipes 147 148 --benchmarkName Encina.Marten.GDPR.Benchmarks.CryptoShredderSerializerBenchmarks.CryptoSerializer_PiiEvent --job ShortRun --benchmarkId 2 in /home/runner/work/Encina/Encina/tests/Encina.BenchmarkTests/Encina.Marten.GDPR.Benchmarks/bin/Release/net10.0/Encina.Marten.GDPR.Benchmarks-ShortRun-1/bin/Release/net10.0
// Failed to set up high priority (Permission denied). In order to run benchmarks with high priority, make sure you have the right permissions.
// BeforeAnythingElse

// Benchmark Process Environment Information:
// BenchmarkDotNet v0.15.8
// Runtime=.NET 10.0.12 (10.0.12, 10.0.1226.42308), X64 RyuJIT x86-64-v4
// GC=Concurrent Workstation
// HardwareIntrinsics=AVX512 BITALG+VBMI2+VNNI+VPOPCNTDQ,AVX512 IFMA+VBMI,AVX512 F+BW+CD+DQ+VL,AVX2+BMI1+BMI2+F16C+FMA+LZCNT+MOVBE,AVX,SSE3+SSSE3+SSE4.1+SSE4.2+POPCNT,X86Base+SSE+SSE2,AES+PCLMUL,AvxVnni,SERIALIZE VectorSize=256
// Job: ShortRun(IterationCount=3, LaunchCount=1, WarmupCount=3)

OverheadJitting  1: 1 op, 219307.00 ns, 219.3070 us/op
WorkloadJitting  1: 1 op, 60608919.00 ns, 60.6089 ms/op

WorkloadPilot    1: 2 op, 428739.00 ns, 214.3695 us/op
WorkloadPilot    2: 3 op, 119696.00 ns, 39.8987 us/op
WorkloadPilot    3: 4 op, 106597.00 ns, 26.6493 us/op
WorkloadPilot    4: 5 op, 97765.00 ns, 19.5530 us/op
WorkloadPilot    5: 6 op, 104814.00 ns, 17.4690 us/op
WorkloadPilot    6: 7 op, 111446.00 ns, 15.9209 us/op
WorkloadPilot    7: 8 op, 135624.00 ns, 16.9530 us/op
WorkloadPilot    8: 9 op, 129544.00 ns, 14.3938 us/op
WorkloadPilot    9: 10 op, 127042.00 ns, 12.7042 us/op
WorkloadPilot   10: 11 op, 143291.00 ns, 13.0265 us/op
WorkloadPilot   11: 12 op, 138967.00 ns, 11.5806 us/op
WorkloadPilot   12: 13 op, 142820.00 ns, 10.9862 us/op
WorkloadPilot   13: 14 op, 148934.00 ns, 10.6381 us/op
WorkloadPilot   14: 15 op, 176734.00 ns, 11.7823 us/op
WorkloadPilot   15: 16 op, 163401.00 ns, 10.2126 us/op
WorkloadPilot   16: 32 op, 308838.00 ns, 9.6512 us/op
WorkloadPilot   17: 64 op, 629407.00 ns, 9.8345 us/op
WorkloadPilot   18: 128 op, 1118893.00 ns, 8.7414 us/op
WorkloadPilot   19: 256 op, 2215654.00 ns, 8.6549 us/op
WorkloadPilot   20: 512 op, 4405826.00 ns, 8.6051 us/op
WorkloadPilot   21: 1024 op, 8821598.00 ns, 8.6148 us/op
WorkloadPilot   22: 2048 op, 17326253.00 ns, 8.4601 us/op
WorkloadPilot   23: 4096 op, 34347846.00 ns, 8.3857 us/op
WorkloadPilot   24: 8192 op, 68468992.00 ns, 8.3580 us/op
WorkloadPilot   25: 16384 op, 134667557.00 ns, 8.2195 us/op
WorkloadPilot   26: 32768 op, 264587608.00 ns, 8.0746 us/op
WorkloadPilot   27: 65536 op, 494314389.00 ns, 7.5426 us/op
WorkloadPilot   28: 131072 op, 984828469.00 ns, 7.5136 us/op

WorkloadWarmup   1: 131072 op, 981973984.00 ns, 7.4919 us/op
WorkloadWarmup   2: 131072 op, 1013312338.00 ns, 7.7310 us/op
WorkloadWarmup   3: 131072 op, 992627851.00 ns, 7.5731 us/op

// BeforeActualRun
WorkloadActual   1: 131072 op, 1018754867.00 ns, 7.7725 us/op
WorkloadActual   2: 131072 op, 991540646.00 ns, 7.5649 us/op
WorkloadActual   3: 131072 op, 989662452.00 ns, 7.5505 us/op

// AfterActualRun
WorkloadResult   1: 131072 op, 1018754867.00 ns, 7.7725 us/op
WorkloadResult   2: 131072 op, 991540646.00 ns, 7.5649 us/op
WorkloadResult   3: 131072 op, 989662452.00 ns, 7.5505 us/op
// GC:  4 0 0 376083792 131072
// Threading:  0 0 131072

// AfterAll
// Benchmark Process 3018 has exited with code 0.

Mean = 7.629 μs, StdErr = 0.072 μs (0.94%), N = 3, StdDev = 0.124 μs
Min = 7.551 μs, Q1 = 7.558 μs, Median = 7.565 μs, Q3 = 7.669 μs, Max = 7.772 μs
IQR = 0.111 μs, LowerFence = 7.391 μs, UpperFence = 7.835 μs
ConfidenceInterval = [5.363 μs; 9.895 μs] (CI 99.9%), Margin = 2.266 μs (29.70% of Mean)
Skewness = 0.38, Kurtosis = 0.67, MValue = 2

// ** Remained 0 (0.0 %) benchmark(s) to run. Estimated finish 2026-09-27 16:25 (0h 0m from now) **
// ***** BenchmarkRunner: Finish  *****

// * Export *
  artifacts/performance/MartenGDPR/results/Encina.Marten.GDPR.Benchmarks.CryptoShredderSerializerBenchmarks-report.csv
  artifacts/performance/MartenGDPR/results/Encina.Marten.GDPR.Benchmarks.CryptoShredderSerializerBenchmarks-report-github.md
  artifacts/performance/MartenGDPR/results/Encina.Marten.GDPR.Benchmarks.CryptoShredderSerializerBenchmarks-report.html
  artifacts/performance/MartenGDPR/results/Encina.Marten.GDPR.Benchmarks.CryptoShredderSerializerBenchmarks-report-full-compressed.json

// * Detailed results *
CryptoShredderSerializerBenchmarks.InnerSerializer_NonPii: ShortRun(IterationCount=3, LaunchCount=1, WarmupCount=3)
Runtime = .NET 10.0.12 (10.0.12, 10.0.1226.42308), X64 RyuJIT x86-64-v4; GC = Concurrent Workstation
Mean = 494.901 ns, StdErr = 0.442 ns (0.09%), N = 3, StdDev = 0.765 ns
Min = 494.391 ns, Q1 = 494.462 ns, Median = 494.532 ns, Q3 = 495.156 ns, Max = 495.781 ns
IQR = 0.695 ns, LowerFence = 493.420 ns, UpperFence = 496.199 ns
ConfidenceInterval = [480.948 ns; 508.855 ns] (CI 99.9%), Margin = 13.953 ns (2.82% of Mean)
Skewness = 0.37, Kurtosis = 0.67, MValue = 2
-------------------- Histogram --------------------
[494.390 ns ; 495.782 ns) | @@@
---------------------------------------------------

CryptoShredderSerializerBenchmarks.CryptoSerializer_NonPii: ShortRun(IterationCount=3, LaunchCount=1, WarmupCount=3)
Runtime = .NET 10.0.12 (10.0.12, 10.0.1226.42308), X64 RyuJIT x86-64-v4; GC = Concurrent Workstation
Mean = 512.510 ns, StdErr = 1.372 ns (0.27%), N = 3, StdDev = 2.376 ns
Min = 509.874 ns, Q1 = 511.522 ns, Median = 513.170 ns, Q3 = 513.828 ns, Max = 514.486 ns
IQR = 2.306 ns, LowerFence = 508.063 ns, UpperFence = 517.287 ns
ConfidenceInterval = [469.168 ns; 555.852 ns] (CI 99.9%), Margin = 43.342 ns (8.46% of Mean)
Skewness = -0.26, Kurtosis = 0.67, MValue = 2
-------------------- Histogram --------------------
[507.712 ns ; 516.648 ns) | @@@
---------------------------------------------------

CryptoShredderSerializerBenchmarks.CryptoSerializer_PiiEvent: ShortRun(IterationCount=3, LaunchCount=1, WarmupCount=3)
Runtime = .NET 10.0.12 (10.0.12, 10.0.1226.42308), X64 RyuJIT x86-64-v4; GC = Concurrent Workstation
Mean = 7.629 μs, StdErr = 0.072 μs (0.94%), N = 3, StdDev = 0.124 μs
Min = 7.551 μs, Q1 = 7.558 μs, Median = 7.565 μs, Q3 = 7.669 μs, Max = 7.772 μs
IQR = 0.111 μs, LowerFence = 7.391 μs, UpperFence = 7.835 μs
ConfidenceInterval = [5.363 μs; 9.895 μs] (CI 99.9%), Margin = 2.266 μs (29.70% of Mean)
Skewness = 0.38, Kurtosis = 0.67, MValue = 2
-------------------- Histogram --------------------
[7.548 μs ; 7.775 μs) | @@@
---------------------------------------------------

// * Summary *

BenchmarkDotNet v0.15.8, Linux Ubuntu 24.04.5 LTS (Noble Numbat)
INTEL XEON PLATINUM 8573C 2.30GHz, 1 CPU, 4 logical and 2 physical cores
.NET SDK 10.0.401
  [Host]   : .NET 10.0.12 (10.0.12, 10.0.1226.42308), X64 RyuJIT x86-64-v4
  ShortRun : .NET 10.0.12 (10.0.12, 10.0.1226.42308), X64 RyuJIT x86-64-v4

Job=ShortRun  IterationCount=3  LaunchCount=1  
WarmupCount=3  

| Method                    | Mean       | Error       | StdDev    | Ratio | RatioSD | Rank | Gen0   | Allocated | Alloc Ratio |
|-------------------------- |-----------:|------------:|----------:|------:|--------:|-----:|-------:|----------:|------------:|
| InnerSerializer_NonPii    |   494.9 ns |    13.95 ns |   0.76 ns |  1.00 |    0.00 |    1 | 0.0029 |     272 B |        1.00 |
| CryptoSerializer_NonPii   |   512.5 ns |    43.34 ns |   2.38 ns |  1.04 |    0.00 |    1 | 0.0029 |     272 B |        1.00 |
| CryptoSerializer_PiiEvent | 7,629.3 ns | 2,266.19 ns | 124.22 ns | 15.42 |    0.22 |    2 | 0.0305 |    2869 B |       10.55 |
// * Config Issues *

// * Warnings *
Configuration
  Summary -> The exporter CsvExporter is already present in configuration. There may be unexpected results.
  Summary -> The exporter HtmlExporter is already present in configuration. There may be unexpected results.
  Summary -> The exporter MarkdownExporter-github is already present in configuration. There may be unexpected results.

// * Legends *
  Mean        : Arithmetic mean of all measurements
  Error       : Half of 99.9% confidence interval
  StdDev      : Standard deviation of all measurements
  Ratio       : Mean of the ratio distribution ([Current]/[Baseline])
  RatioSD     : Standard deviation of the ratio distribution ([Current]/[Baseline])
  Rank        : Relative position of current benchmark mean among all benchmarks (Arabic style)
  Gen0        : GC Generation 0 collects per 1000 operations
  Allocated   : Allocated memory per single operation (managed only, inclusive, 1KB = 1024B)
  Alloc Ratio : Allocated memory ratio distribution ([Current]/[Baseline])
  1 ns        : 1 Nanosecond (0.000000001 sec)

// * Diagnostic Output - MemoryDiagnoser *


// ***** BenchmarkRunner: End *****
Run time: 00:00:21 (21.09 sec), executed benchmarks: 3

Global total time: 00:01:47 (107.18 sec), executed benchmarks: 3
// * Artifacts cleanup *
Artifacts cleanup is finished
