// Validating benchmarks:
// ***** BenchmarkRunner: Start   *****
// ***** Found 5 benchmark(s) in total *****
// ***** Building 1 exe(s) in Parallel: Start   *****
// start dotnet  restore --nodeReuse:false /p:UseSharedCompilation=false /p:Deterministic=true /p:Optimize=true /p:ArtifactsPath="/home/runner/work/Encina/Encina/tests/Encina.BenchmarkTests/Encina.Audit.Marten.Benchmarks/bin/Release/net10.0/Encina.Audit.Marten.Benchmarks-ShortRun-1/" /p:OutDir="/home/runner/work/Encina/Encina/tests/Encina.BenchmarkTests/Encina.Audit.Marten.Benchmarks/bin/Release/net10.0/Encina.Audit.Marten.Benchmarks-ShortRun-1/bin/Release/net10.0/" /p:OutputPath="/home/runner/work/Encina/Encina/tests/Encina.BenchmarkTests/Encina.Audit.Marten.Benchmarks/bin/Release/net10.0/Encina.Audit.Marten.Benchmarks-ShortRun-1/bin/Release/net10.0/" /p:PublishDir="/home/runner/work/Encina/Encina/tests/Encina.BenchmarkTests/Encina.Audit.Marten.Benchmarks/bin/Release/net10.0/Encina.Audit.Marten.Benchmarks-ShortRun-1/publish/" in /home/runner/work/Encina/Encina/tests/Encina.BenchmarkTests/Encina.Audit.Marten.Benchmarks/bin/Release/net10.0/Encina.Audit.Marten.Benchmarks-ShortRun-1
// command took 2.98 sec and exited with 0
// start dotnet  build -c Release --no-restore --nodeReuse:false /p:UseSharedCompilation=false /p:Deterministic=true /p:Optimize=true /p:ArtifactsPath="/home/runner/work/Encina/Encina/tests/Encina.BenchmarkTests/Encina.Audit.Marten.Benchmarks/bin/Release/net10.0/Encina.Audit.Marten.Benchmarks-ShortRun-1/" /p:OutDir="/home/runner/work/Encina/Encina/tests/Encina.BenchmarkTests/Encina.Audit.Marten.Benchmarks/bin/Release/net10.0/Encina.Audit.Marten.Benchmarks-ShortRun-1/bin/Release/net10.0/" /p:OutputPath="/home/runner/work/Encina/Encina/tests/Encina.BenchmarkTests/Encina.Audit.Marten.Benchmarks/bin/Release/net10.0/Encina.Audit.Marten.Benchmarks-ShortRun-1/bin/Release/net10.0/" /p:PublishDir="/home/runner/work/Encina/Encina/tests/Encina.BenchmarkTests/Encina.Audit.Marten.Benchmarks/bin/Release/net10.0/Encina.Audit.Marten.Benchmarks-ShortRun-1/publish/" --output "/home/runner/work/Encina/Encina/tests/Encina.BenchmarkTests/Encina.Audit.Marten.Benchmarks/bin/Release/net10.0/Encina.Audit.Marten.Benchmarks-ShortRun-1/bin/Release/net10.0/" in /home/runner/work/Encina/Encina/tests/Encina.BenchmarkTests/Encina.Audit.Marten.Benchmarks/bin/Release/net10.0/Encina.Audit.Marten.Benchmarks-ShortRun-1
// command took 102.35 sec and exited with 0
// ***** Done, took 00:01:45 (105.47 sec)   *****
// Found 5 benchmarks:
//   TemporalKeyProviderBenchmarks.GetOrCreateExistingKey: ShortRun(IterationCount=3, LaunchCount=1, WarmupCount=3) [PeriodCount=12]
//   TemporalKeyProviderBenchmarks.IsKeyDestroyed: ShortRun(IterationCount=3, LaunchCount=1, WarmupCount=3) [PeriodCount=12]
//   TemporalKeyProviderBenchmarks.GetActiveKeysCount: ShortRun(IterationCount=3, LaunchCount=1, WarmupCount=3) [PeriodCount=12]
//   TemporalKeyProviderBenchmarks.CreateNewKey: ShortRun(IterationCount=3, LaunchCount=1, WarmupCount=3) [PeriodCount=12]
//   TemporalKeyProviderBenchmarks.GetExistingKey: ShortRun(IterationCount=3, LaunchCount=1, WarmupCount=3) [PeriodCount=12]

// **************************
// Benchmark: TemporalKeyProviderBenchmarks.GetOrCreateExistingKey: ShortRun(IterationCount=3, LaunchCount=1, WarmupCount=3) [PeriodCount=12]
// *** Execute ***
// Launch: 1 / 1
// Execute: dotnet Encina.Audit.Marten.Benchmarks-ShortRun-1.dll --anonymousPipes 139 140 --benchmarkName "Encina.Audit.Marten.Benchmarks.TemporalKeyProviderBenchmarks.GetOrCreateExistingKey(PeriodCount: 12)" --job ShortRun --benchmarkId 0 in /home/runner/work/Encina/Encina/tests/Encina.BenchmarkTests/Encina.Audit.Marten.Benchmarks/bin/Release/net10.0/Encina.Audit.Marten.Benchmarks-ShortRun-1/bin/Release/net10.0
// Failed to set up high priority (Permission denied). In order to run benchmarks with high priority, make sure you have the right permissions.
// BeforeAnythingElse

// Benchmark Process Environment Information:
// BenchmarkDotNet v0.15.8
// Runtime=.NET 10.0.12 (10.0.12, 10.0.1226.42308), X64 RyuJIT x86-64-v4
// GC=Concurrent Workstation
// HardwareIntrinsics=AVX512 BITALG+VBMI2+VNNI+VPOPCNTDQ,AVX512 IFMA+VBMI,AVX512 F+BW+CD+DQ+VL,AVX2+BMI1+BMI2+F16C+FMA+LZCNT+MOVBE,AVX,SSE3+SSSE3+SSE4.1+SSE4.2+POPCNT,X86Base+SSE+SSE2,AES+PCLMUL VectorSize=256
// Job: ShortRun(IterationCount=3, LaunchCount=1, WarmupCount=3)

OverheadJitting  1: 1 op, 229981.00 ns, 229.9810 us/op
WorkloadJitting  1: 1 op, 6405544.00 ns, 6.4055 ms/op

OverheadJitting  2: 16 op, 491203.00 ns, 30.7002 us/op
WorkloadJitting  2: 16 op, 535976.00 ns, 33.4985 us/op

WorkloadPilot    1: 16 op, 32655.00 ns, 2.0409 us/op
WorkloadPilot    2: 32 op, 38624.00 ns, 1.2070 us/op
WorkloadPilot    3: 64 op, 42582.00 ns, 665.3438 ns/op
WorkloadPilot    4: 128 op, 66424.00 ns, 518.9375 ns/op
WorkloadPilot    5: 256 op, 94387.00 ns, 368.6992 ns/op
WorkloadPilot    6: 512 op, 162367.00 ns, 317.1230 ns/op
WorkloadPilot    7: 1024 op, 246745.00 ns, 240.9619 ns/op
WorkloadPilot    8: 2048 op, 539738.00 ns, 263.5439 ns/op
WorkloadPilot    9: 4096 op, 1053599.00 ns, 257.2263 ns/op
WorkloadPilot   10: 8192 op, 2097322.00 ns, 256.0208 ns/op
WorkloadPilot   11: 16384 op, 4207107.00 ns, 256.7814 ns/op
WorkloadPilot   12: 32768 op, 8233596.00 ns, 251.2694 ns/op
WorkloadPilot   13: 65536 op, 15726886.00 ns, 239.9732 ns/op
WorkloadPilot   14: 131072 op, 23663338.00 ns, 180.5369 ns/op
WorkloadPilot   15: 262144 op, 44299071.00 ns, 168.9875 ns/op
WorkloadPilot   16: 524288 op, 88475925.00 ns, 168.7544 ns/op
WorkloadPilot   17: 1048576 op, 178369266.00 ns, 170.1062 ns/op
WorkloadPilot   18: 2097152 op, 354395918.00 ns, 168.9891 ns/op
WorkloadPilot   19: 4194304 op, 710519560.00 ns, 169.4011 ns/op

OverheadWarmup   1: 4194304 op, 17711837.00 ns, 4.2228 ns/op
OverheadWarmup   2: 4194304 op, 17684155.00 ns, 4.2162 ns/op
OverheadWarmup   3: 4194304 op, 17719888.00 ns, 4.2248 ns/op
OverheadWarmup   4: 4194304 op, 17652815.00 ns, 4.2088 ns/op
OverheadWarmup   5: 4194304 op, 17788615.00 ns, 4.2411 ns/op
OverheadWarmup   6: 4194304 op, 17758648.00 ns, 4.2340 ns/op

OverheadActual   1: 4194304 op, 17761918.00 ns, 4.2348 ns/op
OverheadActual   2: 4194304 op, 17694232.00 ns, 4.2186 ns/op
OverheadActual   3: 4194304 op, 17744952.00 ns, 4.2307 ns/op
OverheadActual   4: 4194304 op, 17785965.00 ns, 4.2405 ns/op
OverheadActual   5: 4194304 op, 17647380.00 ns, 4.2075 ns/op
OverheadActual   6: 4194304 op, 17715943.00 ns, 4.2238 ns/op
OverheadActual   7: 4194304 op, 17673890.00 ns, 4.2138 ns/op
OverheadActual   8: 4194304 op, 17812329.00 ns, 4.2468 ns/op
OverheadActual   9: 4194304 op, 17718705.00 ns, 4.2245 ns/op
OverheadActual  10: 4194304 op, 17738846.00 ns, 4.2293 ns/op
OverheadActual  11: 4194304 op, 17816025.00 ns, 4.2477 ns/op
OverheadActual  12: 4194304 op, 17745975.00 ns, 4.2310 ns/op
OverheadActual  13: 4194304 op, 17818538.00 ns, 4.2483 ns/op
OverheadActual  14: 4194304 op, 17753305.00 ns, 4.2327 ns/op
OverheadActual  15: 4194304 op, 17760838.00 ns, 4.2345 ns/op

WorkloadWarmup   1: 4194304 op, 720578120.00 ns, 171.7992 ns/op
WorkloadWarmup   2: 4194304 op, 724139868.00 ns, 172.6484 ns/op
WorkloadWarmup   3: 4194304 op, 710849871.00 ns, 169.4798 ns/op

// BeforeActualRun
WorkloadActual   1: 4194304 op, 711059306.00 ns, 169.5297 ns/op
WorkloadActual   2: 4194304 op, 710715257.00 ns, 169.4477 ns/op
WorkloadActual   3: 4194304 op, 713812534.00 ns, 170.1862 ns/op

// AfterActualRun
WorkloadResult   1: 4194304 op, 693313331.00 ns, 165.2988 ns/op
WorkloadResult   2: 4194304 op, 692969282.00 ns, 165.2168 ns/op
WorkloadResult   3: 4194304 op, 696066559.00 ns, 165.9552 ns/op
// GC:  54 0 0 1375731712 4194304
// Threading:  0 0 4194304

// AfterAll
// Benchmark Process 3303 has exited with code 0.

Mean = 165.490 ns, StdErr = 0.234 ns (0.14%), N = 3, StdDev = 0.405 ns
Min = 165.217 ns, Q1 = 165.258 ns, Median = 165.299 ns, Q3 = 165.627 ns, Max = 165.955 ns
IQR = 0.369 ns, LowerFence = 164.704 ns, UpperFence = 166.181 ns
ConfidenceInterval = [158.106 ns; 172.874 ns] (CI 99.9%), Margin = 7.384 ns (4.46% of Mean)
Skewness = 0.37, Kurtosis = 0.67, MValue = 2

// ** Remained 4 (80.0 %) benchmark(s) to run. Estimated finish 2026-09-27 20:47 (0h 0m from now) **
// **************************
// Benchmark: TemporalKeyProviderBenchmarks.IsKeyDestroyed: ShortRun(IterationCount=3, LaunchCount=1, WarmupCount=3) [PeriodCount=12]
// *** Execute ***
// Launch: 1 / 1
// Execute: dotnet Encina.Audit.Marten.Benchmarks-ShortRun-1.dll --anonymousPipes 139 140 --benchmarkName "Encina.Audit.Marten.Benchmarks.TemporalKeyProviderBenchmarks.IsKeyDestroyed(PeriodCount: 12)" --job ShortRun --benchmarkId 1 in /home/runner/work/Encina/Encina/tests/Encina.BenchmarkTests/Encina.Audit.Marten.Benchmarks/bin/Release/net10.0/Encina.Audit.Marten.Benchmarks-ShortRun-1/bin/Release/net10.0
// Failed to set up high priority (Permission denied). In order to run benchmarks with high priority, make sure you have the right permissions.
// BeforeAnythingElse

// Benchmark Process Environment Information:
// BenchmarkDotNet v0.15.8
// Runtime=.NET 10.0.12 (10.0.12, 10.0.1226.42308), X64 RyuJIT x86-64-v4
// GC=Concurrent Workstation
// HardwareIntrinsics=AVX512 BITALG+VBMI2+VNNI+VPOPCNTDQ,AVX512 IFMA+VBMI,AVX512 F+BW+CD+DQ+VL,AVX2+BMI1+BMI2+F16C+FMA+LZCNT+MOVBE,AVX,SSE3+SSSE3+SSE4.1+SSE4.2+POPCNT,X86Base+SSE+SSE2,AES+PCLMUL VectorSize=256
// Job: ShortRun(IterationCount=3, LaunchCount=1, WarmupCount=3)

OverheadJitting  1: 1 op, 212056.00 ns, 212.0560 us/op
WorkloadJitting  1: 1 op, 10366407.00 ns, 10.3664 ms/op

OverheadJitting  2: 16 op, 385672.00 ns, 24.1045 us/op
WorkloadJitting  2: 16 op, 370769.00 ns, 23.1731 us/op

WorkloadPilot    1: 16 op, 13037.00 ns, 814.8125 ns/op
WorkloadPilot    2: 32 op, 12133.00 ns, 379.1563 ns/op
WorkloadPilot    3: 64 op, 28453.00 ns, 444.5781 ns/op
WorkloadPilot    4: 128 op, 42497.00 ns, 332.0078 ns/op
WorkloadPilot    5: 256 op, 58890.00 ns, 230.0391 ns/op
WorkloadPilot    6: 512 op, 84768.00 ns, 165.5625 ns/op
WorkloadPilot    7: 1024 op, 180532.00 ns, 176.3008 ns/op
WorkloadPilot    8: 2048 op, 328759.00 ns, 160.5269 ns/op
WorkloadPilot    9: 4096 op, 585764.00 ns, 143.0088 ns/op
WorkloadPilot   10: 8192 op, 1176364.00 ns, 143.5991 ns/op
WorkloadPilot   11: 16384 op, 2342166.00 ns, 142.9545 ns/op
WorkloadPilot   12: 32768 op, 4706928.00 ns, 143.6440 ns/op
WorkloadPilot   13: 65536 op, 9286736.00 ns, 141.7043 ns/op
WorkloadPilot   14: 131072 op, 18913616.00 ns, 144.2994 ns/op
WorkloadPilot   15: 262144 op, 33893926.00 ns, 129.2951 ns/op
WorkloadPilot   16: 524288 op, 60165507.00 ns, 114.7566 ns/op
WorkloadPilot   17: 1048576 op, 117510183.00 ns, 112.0664 ns/op
WorkloadPilot   18: 2097152 op, 238892123.00 ns, 113.9126 ns/op
WorkloadPilot   19: 4194304 op, 471310305.00 ns, 112.3691 ns/op
WorkloadPilot   20: 8388608 op, 945108112.00 ns, 112.6657 ns/op

OverheadWarmup   1: 8388608 op, 18143232.00 ns, 2.1628 ns/op
OverheadWarmup   2: 8388608 op, 18210181.00 ns, 2.1708 ns/op
OverheadWarmup   3: 8388608 op, 18237752.00 ns, 2.1741 ns/op
OverheadWarmup   4: 8388608 op, 18210787.00 ns, 2.1709 ns/op
OverheadWarmup   5: 8388608 op, 18143859.00 ns, 2.1629 ns/op
OverheadWarmup   6: 8388608 op, 18164588.00 ns, 2.1654 ns/op
OverheadWarmup   7: 8388608 op, 18212585.00 ns, 2.1711 ns/op
OverheadWarmup   8: 8388608 op, 18192118.00 ns, 2.1687 ns/op

OverheadActual   1: 8388608 op, 18186878.00 ns, 2.1680 ns/op
OverheadActual   2: 8388608 op, 18153219.00 ns, 2.1640 ns/op
OverheadActual   3: 8388608 op, 18198426.00 ns, 2.1694 ns/op
OverheadActual   4: 8388608 op, 18268617.00 ns, 2.1778 ns/op
OverheadActual   5: 8388608 op, 18272287.00 ns, 2.1782 ns/op
OverheadActual   6: 8388608 op, 18153917.00 ns, 2.1641 ns/op
OverheadActual   7: 8388608 op, 18154035.00 ns, 2.1641 ns/op
OverheadActual   8: 8388608 op, 18319246.00 ns, 2.1838 ns/op
OverheadActual   9: 8388608 op, 18146279.00 ns, 2.1632 ns/op
OverheadActual  10: 8388608 op, 18168701.00 ns, 2.1659 ns/op
OverheadActual  11: 8388608 op, 18239240.00 ns, 2.1743 ns/op
OverheadActual  12: 8388608 op, 18175678.00 ns, 2.1667 ns/op
OverheadActual  13: 8388608 op, 18151120.00 ns, 2.1638 ns/op
OverheadActual  14: 8388608 op, 18197143.00 ns, 2.1693 ns/op
OverheadActual  15: 8388608 op, 18196908.00 ns, 2.1692 ns/op

WorkloadWarmup   1: 8388608 op, 956272708.00 ns, 113.9966 ns/op
WorkloadWarmup   2: 8388608 op, 1000377803.00 ns, 119.2543 ns/op
WorkloadWarmup   3: 8388608 op, 939504433.00 ns, 111.9977 ns/op

// BeforeActualRun
WorkloadActual   1: 8388608 op, 946881912.00 ns, 112.8771 ns/op
WorkloadActual   2: 8388608 op, 942588414.00 ns, 112.3653 ns/op
WorkloadActual   3: 8388608 op, 941425006.00 ns, 112.2266 ns/op

// AfterActualRun
WorkloadResult   1: 8388608 op, 928695034.00 ns, 110.7091 ns/op
WorkloadResult   2: 8388608 op, 924401536.00 ns, 110.1973 ns/op
WorkloadResult   3: 8388608 op, 923238128.00 ns, 110.0586 ns/op
// GC:  37 0 0 939524096 8388608
// Threading:  0 0 8388608

// AfterAll
// Benchmark Process 3312 has exited with code 0.

Mean = 110.322 ns, StdErr = 0.198 ns (0.18%), N = 3, StdDev = 0.343 ns
Min = 110.059 ns, Q1 = 110.128 ns, Median = 110.197 ns, Q3 = 110.453 ns, Max = 110.709 ns
IQR = 0.325 ns, LowerFence = 109.640 ns, UpperFence = 110.941 ns
ConfidenceInterval = [104.071 ns; 116.572 ns] (CI 99.9%), Margin = 6.251 ns (5.67% of Mean)
Skewness = 0.32, Kurtosis = 0.67, MValue = 2

// ** Remained 3 (60.0 %) benchmark(s) to run. Estimated finish 2026-09-27 20:47 (0h 0m from now) **
// **************************
// Benchmark: TemporalKeyProviderBenchmarks.GetActiveKeysCount: ShortRun(IterationCount=3, LaunchCount=1, WarmupCount=3) [PeriodCount=12]
// *** Execute ***
// Launch: 1 / 1
// Execute: dotnet Encina.Audit.Marten.Benchmarks-ShortRun-1.dll --anonymousPipes 139 140 --benchmarkName "Encina.Audit.Marten.Benchmarks.TemporalKeyProviderBenchmarks.GetActiveKeysCount(PeriodCount: 12)" --job ShortRun --benchmarkId 2 in /home/runner/work/Encina/Encina/tests/Encina.BenchmarkTests/Encina.Audit.Marten.Benchmarks/bin/Release/net10.0/Encina.Audit.Marten.Benchmarks-ShortRun-1/bin/Release/net10.0
// Failed to set up high priority (Permission denied). In order to run benchmarks with high priority, make sure you have the right permissions.
// BeforeAnythingElse

// Benchmark Process Environment Information:
// BenchmarkDotNet v0.15.8
// Runtime=.NET 10.0.12 (10.0.12, 10.0.1226.42308), X64 RyuJIT x86-64-v4
// GC=Concurrent Workstation
// HardwareIntrinsics=AVX512 BITALG+VBMI2+VNNI+VPOPCNTDQ,AVX512 IFMA+VBMI,AVX512 F+BW+CD+DQ+VL,AVX2+BMI1+BMI2+F16C+FMA+LZCNT+MOVBE,AVX,SSE3+SSSE3+SSE4.1+SSE4.2+POPCNT,X86Base+SSE+SSE2,AES+PCLMUL VectorSize=256
// Job: ShortRun(IterationCount=3, LaunchCount=1, WarmupCount=3)

OverheadJitting  1: 1 op, 205247.00 ns, 205.2470 us/op
WorkloadJitting  1: 1 op, 11185960.00 ns, 11.1860 ms/op

OverheadJitting  2: 16 op, 361006.00 ns, 22.5629 us/op
WorkloadJitting  2: 16 op, 470750.00 ns, 29.4219 us/op

WorkloadPilot    1: 16 op, 78381.00 ns, 4.8988 us/op
WorkloadPilot    2: 32 op, 142767.00 ns, 4.4615 us/op
WorkloadPilot    3: 64 op, 275752.00 ns, 4.3086 us/op
WorkloadPilot    4: 128 op, 495747.00 ns, 3.8730 us/op
WorkloadPilot    5: 256 op, 968102.00 ns, 3.7816 us/op
WorkloadPilot    6: 512 op, 1877787.00 ns, 3.6676 us/op
WorkloadPilot    7: 1024 op, 4088997.00 ns, 3.9932 us/op
WorkloadPilot    8: 2048 op, 7605918.00 ns, 3.7138 us/op
WorkloadPilot    9: 4096 op, 15670867.00 ns, 3.8259 us/op
WorkloadPilot   10: 8192 op, 29420601.00 ns, 3.5914 us/op
WorkloadPilot   11: 16384 op, 53862789.00 ns, 3.2875 us/op
WorkloadPilot   12: 32768 op, 97393516.00 ns, 2.9722 us/op
WorkloadPilot   13: 65536 op, 198597536.00 ns, 3.0304 us/op
WorkloadPilot   14: 131072 op, 397778805.00 ns, 3.0348 us/op
WorkloadPilot   15: 262144 op, 802070969.00 ns, 3.0597 us/op

OverheadWarmup   1: 262144 op, 572342.00 ns, 2.1833 ns/op
OverheadWarmup   2: 262144 op, 589998.00 ns, 2.2507 ns/op
OverheadWarmup   3: 262144 op, 585859.00 ns, 2.2349 ns/op
OverheadWarmup   4: 262144 op, 585131.00 ns, 2.2321 ns/op
OverheadWarmup   5: 262144 op, 575909.00 ns, 2.1969 ns/op
OverheadWarmup   6: 262144 op, 585212.00 ns, 2.2324 ns/op
OverheadWarmup   7: 262144 op, 591221.00 ns, 2.2553 ns/op
OverheadWarmup   8: 262144 op, 570770.00 ns, 2.1773 ns/op

OverheadActual   1: 262144 op, 559399.00 ns, 2.1339 ns/op
OverheadActual   2: 262144 op, 587330.00 ns, 2.2405 ns/op
OverheadActual   3: 262144 op, 575592.00 ns, 2.1957 ns/op
OverheadActual   4: 262144 op, 585571.00 ns, 2.2338 ns/op
OverheadActual   5: 262144 op, 575262.00 ns, 2.1945 ns/op
OverheadActual   6: 262144 op, 575167.00 ns, 2.1941 ns/op
OverheadActual   7: 262144 op, 558788.00 ns, 2.1316 ns/op
OverheadActual   8: 262144 op, 575230.00 ns, 2.1943 ns/op
OverheadActual   9: 262144 op, 558893.00 ns, 2.1320 ns/op
OverheadActual  10: 262144 op, 575257.00 ns, 2.1944 ns/op
OverheadActual  11: 262144 op, 575315.00 ns, 2.1947 ns/op
OverheadActual  12: 262144 op, 565645.00 ns, 2.1578 ns/op
OverheadActual  13: 262144 op, 588495.00 ns, 2.2449 ns/op
OverheadActual  14: 262144 op, 572101.00 ns, 2.1824 ns/op
OverheadActual  15: 262144 op, 588624.00 ns, 2.2454 ns/op

WorkloadWarmup   1: 262144 op, 810958769.00 ns, 3.0936 us/op
WorkloadWarmup   2: 262144 op, 795223707.00 ns, 3.0335 us/op
WorkloadWarmup   3: 262144 op, 804308740.00 ns, 3.0682 us/op

// BeforeActualRun
WorkloadActual   1: 262144 op, 804514153.00 ns, 3.0690 us/op
WorkloadActual   2: 262144 op, 788058472.00 ns, 3.0062 us/op
WorkloadActual   3: 262144 op, 806343683.00 ns, 3.0760 us/op

// AfterActualRun
WorkloadResult   1: 262144 op, 803938896.00 ns, 3.0668 us/op
WorkloadResult   2: 262144 op, 787483215.00 ns, 3.0040 us/op
WorkloadResult   3: 262144 op, 805768426.00 ns, 3.0738 us/op
// GC:  25 0 0 645922816 262144
// Threading:  0 0 262144

// AfterAll
// Benchmark Process 3321 has exited with code 0.

Mean = 3.048 μs, StdErr = 0.022 μs (0.73%), N = 3, StdDev = 0.038 μs
Min = 3.004 μs, Q1 = 3.035 μs, Median = 3.067 μs, Q3 = 3.070 μs, Max = 3.074 μs
IQR = 0.035 μs, LowerFence = 2.983 μs, UpperFence = 3.123 μs
ConfidenceInterval = [2.347 μs; 3.749 μs] (CI 99.9%), Margin = 0.701 μs (22.99% of Mean)
Skewness = -0.37, Kurtosis = 0.67, MValue = 2

// ** Remained 2 (40.0 %) benchmark(s) to run. Estimated finish 2026-09-27 20:47 (0h 0m from now) **
// **************************
// Benchmark: TemporalKeyProviderBenchmarks.CreateNewKey: ShortRun(IterationCount=3, LaunchCount=1, WarmupCount=3) [PeriodCount=12]
// *** Execute ***
// Launch: 1 / 1
// Execute: dotnet Encina.Audit.Marten.Benchmarks-ShortRun-1.dll --anonymousPipes 139 140 --benchmarkName "Encina.Audit.Marten.Benchmarks.TemporalKeyProviderBenchmarks.CreateNewKey(PeriodCount: 12)" --job ShortRun --benchmarkId 3 in /home/runner/work/Encina/Encina/tests/Encina.BenchmarkTests/Encina.Audit.Marten.Benchmarks/bin/Release/net10.0/Encina.Audit.Marten.Benchmarks-ShortRun-1/bin/Release/net10.0
// Failed to set up high priority (Permission denied). In order to run benchmarks with high priority, make sure you have the right permissions.
// BeforeAnythingElse

// Benchmark Process Environment Information:
// BenchmarkDotNet v0.15.8
// Runtime=.NET 10.0.12 (10.0.12, 10.0.1226.42308), X64 RyuJIT x86-64-v4
// GC=Concurrent Workstation
// HardwareIntrinsics=AVX512 BITALG+VBMI2+VNNI+VPOPCNTDQ,AVX512 IFMA+VBMI,AVX512 F+BW+CD+DQ+VL,AVX2+BMI1+BMI2+F16C+FMA+LZCNT+MOVBE,AVX,SSE3+SSSE3+SSE4.1+SSE4.2+POPCNT,X86Base+SSE+SSE2,AES+PCLMUL VectorSize=256
// Job: ShortRun(IterationCount=3, LaunchCount=1, WarmupCount=3)

OverheadJitting  1: 1 op, 239132.00 ns, 239.1320 us/op
WorkloadJitting  1: 1 op, 7879946.00 ns, 7.8799 ms/op

OverheadJitting  2: 16 op, 523958.00 ns, 32.7474 us/op
WorkloadJitting  2: 16 op, 666309.00 ns, 41.6443 us/op

WorkloadPilot    1: 16 op, 94570.00 ns, 5.9106 us/op
WorkloadPilot    2: 32 op, 133100.00 ns, 4.1594 us/op
WorkloadPilot    3: 64 op, 214950.00 ns, 3.3586 us/op
WorkloadPilot    4: 128 op, 383268.00 ns, 2.9943 us/op
WorkloadPilot    5: 256 op, 781423.00 ns, 3.0524 us/op
WorkloadPilot    6: 512 op, 1469191.00 ns, 2.8695 us/op
WorkloadPilot    7: 1024 op, 2894396.00 ns, 2.8266 us/op
WorkloadPilot    8: 2048 op, 5896645.00 ns, 2.8792 us/op
WorkloadPilot    9: 4096 op, 11757431.00 ns, 2.8705 us/op
WorkloadPilot   10: 8192 op, 24280979.00 ns, 2.9640 us/op
WorkloadPilot   11: 16384 op, 43192045.00 ns, 2.6362 us/op
WorkloadPilot   12: 32768 op, 123060030.00 ns, 3.7555 us/op
WorkloadPilot   13: 65536 op, 278702588.00 ns, 4.2527 us/op
WorkloadPilot   14: 131072 op, 489220568.00 ns, 3.7325 us/op
WorkloadPilot   15: 262144 op, 1097093562.00 ns, 4.1851 us/op

OverheadWarmup   1: 262144 op, 1091832.00 ns, 4.1650 ns/op
OverheadWarmup   2: 262144 op, 1096676.00 ns, 4.1835 ns/op
OverheadWarmup   3: 262144 op, 1086150.00 ns, 4.1433 ns/op
OverheadWarmup   4: 262144 op, 1095055.00 ns, 4.1773 ns/op
OverheadWarmup   5: 262144 op, 1093745.00 ns, 4.1723 ns/op

OverheadActual   1: 262144 op, 1090482.00 ns, 4.1599 ns/op
OverheadActual   2: 262144 op, 1092255.00 ns, 4.1666 ns/op
OverheadActual   3: 262144 op, 1093694.00 ns, 4.1721 ns/op
OverheadActual   4: 262144 op, 1090726.00 ns, 4.1608 ns/op
OverheadActual   5: 262144 op, 1091207.00 ns, 4.1626 ns/op
OverheadActual   6: 262144 op, 1082561.00 ns, 4.1296 ns/op
OverheadActual   7: 262144 op, 1080546.00 ns, 4.1220 ns/op
OverheadActual   8: 262144 op, 1091574.00 ns, 4.1640 ns/op
OverheadActual   9: 262144 op, 1092392.00 ns, 4.1671 ns/op
OverheadActual  10: 262144 op, 1098117.00 ns, 4.1890 ns/op
OverheadActual  11: 262144 op, 1092831.00 ns, 4.1688 ns/op
OverheadActual  12: 262144 op, 1080691.00 ns, 4.1225 ns/op
OverheadActual  13: 262144 op, 1092890.00 ns, 4.1690 ns/op
OverheadActual  14: 262144 op, 1096467.00 ns, 4.1827 ns/op
OverheadActual  15: 262144 op, 1084820.00 ns, 4.1383 ns/op

WorkloadWarmup   1: 262144 op, 1179885717.00 ns, 4.5009 us/op
WorkloadWarmup   2: 262144 op, 996773911.00 ns, 3.8024 us/op
WorkloadWarmup   3: 262144 op, 1449831989.00 ns, 5.5307 us/op

// BeforeActualRun
WorkloadActual   1: 262144 op, 1009996115.00 ns, 3.8528 us/op
WorkloadActual   2: 262144 op, 1019807575.00 ns, 3.8903 us/op
WorkloadActual   3: 262144 op, 1025579303.00 ns, 3.9123 us/op

// AfterActualRun
WorkloadResult   1: 262144 op, 1008904541.00 ns, 3.8487 us/op
WorkloadResult   2: 262144 op, 1018716001.00 ns, 3.8861 us/op
WorkloadResult   3: 262144 op, 1024487729.00 ns, 3.9081 us/op
// GC:  8 7 0 222298112 262144
// Threading:  0 0 262144

// AfterAll
// Benchmark Process 3328 has exited with code 0.

Mean = 3.881 μs, StdErr = 0.017 μs (0.45%), N = 3, StdDev = 0.030 μs
Min = 3.849 μs, Q1 = 3.867 μs, Median = 3.886 μs, Q3 = 3.897 μs, Max = 3.908 μs
IQR = 0.030 μs, LowerFence = 3.823 μs, UpperFence = 3.942 μs
ConfidenceInterval = [3.333 μs; 4.429 μs] (CI 99.9%), Margin = 0.548 μs (14.13% of Mean)
Skewness = -0.17, Kurtosis = 0.67, MValue = 2

// ** Remained 1 (20.0 %) benchmark(s) to run. Estimated finish 2026-09-27 20:48 (0h 0m from now) **
// **************************
// Benchmark: TemporalKeyProviderBenchmarks.GetExistingKey: ShortRun(IterationCount=3, LaunchCount=1, WarmupCount=3) [PeriodCount=12]
// *** Execute ***
// Launch: 1 / 1
// Execute: dotnet Encina.Audit.Marten.Benchmarks-ShortRun-1.dll --anonymousPipes 139 140 --benchmarkName "Encina.Audit.Marten.Benchmarks.TemporalKeyProviderBenchmarks.GetExistingKey(PeriodCount: 12)" --job ShortRun --benchmarkId 4 in /home/runner/work/Encina/Encina/tests/Encina.BenchmarkTests/Encina.Audit.Marten.Benchmarks/bin/Release/net10.0/Encina.Audit.Marten.Benchmarks-ShortRun-1/bin/Release/net10.0
// Failed to set up high priority (Permission denied). In order to run benchmarks with high priority, make sure you have the right permissions.
// BeforeAnythingElse

// Benchmark Process Environment Information:
// BenchmarkDotNet v0.15.8
// Runtime=.NET 10.0.12 (10.0.12, 10.0.1226.42308), X64 RyuJIT x86-64-v4
// GC=Concurrent Workstation
// HardwareIntrinsics=AVX512 BITALG+VBMI2+VNNI+VPOPCNTDQ,AVX512 IFMA+VBMI,AVX512 F+BW+CD+DQ+VL,AVX2+BMI1+BMI2+F16C+FMA+LZCNT+MOVBE,AVX,SSE3+SSSE3+SSE4.1+SSE4.2+POPCNT,X86Base+SSE+SSE2,AES+PCLMUL VectorSize=256
// Job: ShortRun(IterationCount=3, LaunchCount=1, WarmupCount=3)

OverheadJitting  1: 1 op, 258561.00 ns, 258.5610 us/op
WorkloadJitting  1: 1 op, 14678512.00 ns, 14.6785 ms/op

OverheadJitting  2: 16 op, 492942.00 ns, 30.8089 us/op
WorkloadJitting  2: 16 op, 505404.00 ns, 31.5878 us/op

WorkloadPilot    1: 16 op, 35644.00 ns, 2.2278 us/op
WorkloadPilot    2: 32 op, 30326.00 ns, 947.6875 ns/op
WorkloadPilot    3: 64 op, 44477.00 ns, 694.9531 ns/op
WorkloadPilot    4: 128 op, 59123.00 ns, 461.8984 ns/op
WorkloadPilot    5: 256 op, 97986.00 ns, 382.7578 ns/op
WorkloadPilot    6: 512 op, 171623.00 ns, 335.2012 ns/op
WorkloadPilot    7: 1024 op, 250299.00 ns, 244.4326 ns/op
WorkloadPilot    8: 2048 op, 516753.00 ns, 252.3208 ns/op
WorkloadPilot    9: 4096 op, 1068192.00 ns, 260.7891 ns/op
WorkloadPilot   10: 8192 op, 2225448.00 ns, 271.6611 ns/op
WorkloadPilot   11: 16384 op, 4294144.00 ns, 262.0938 ns/op
WorkloadPilot   12: 32768 op, 8399672.00 ns, 256.3376 ns/op
WorkloadPilot   13: 65536 op, 15765132.00 ns, 240.5568 ns/op
WorkloadPilot   14: 131072 op, 21997310.00 ns, 167.8262 ns/op
WorkloadPilot   15: 262144 op, 42494903.00 ns, 162.1052 ns/op
WorkloadPilot   16: 524288 op, 83620314.00 ns, 159.4931 ns/op
WorkloadPilot   17: 1048576 op, 167347321.00 ns, 159.5948 ns/op
WorkloadPilot   18: 2097152 op, 333815620.00 ns, 159.1757 ns/op
WorkloadPilot   19: 4194304 op, 671810093.00 ns, 160.1720 ns/op

OverheadWarmup   1: 4194304 op, 17716750.00 ns, 4.2240 ns/op
OverheadWarmup   2: 4194304 op, 17772366.00 ns, 4.2373 ns/op
OverheadWarmup   3: 4194304 op, 17779750.00 ns, 4.2390 ns/op
OverheadWarmup   4: 4194304 op, 17744071.00 ns, 4.2305 ns/op
OverheadWarmup   5: 4194304 op, 17780924.00 ns, 4.2393 ns/op
OverheadWarmup   6: 4194304 op, 17741619.00 ns, 4.2299 ns/op

OverheadActual   1: 4194304 op, 17746619.00 ns, 4.2311 ns/op
OverheadActual   2: 4194304 op, 17656430.00 ns, 4.2096 ns/op
OverheadActual   3: 4194304 op, 17803840.00 ns, 4.2448 ns/op
OverheadActual   4: 4194304 op, 17708543.00 ns, 4.2220 ns/op
OverheadActual   5: 4194304 op, 17720162.00 ns, 4.2248 ns/op
OverheadActual   6: 4194304 op, 17686145.00 ns, 4.2167 ns/op
OverheadActual   7: 4194304 op, 17797775.00 ns, 4.2433 ns/op
OverheadActual   8: 4194304 op, 17797290.00 ns, 4.2432 ns/op
OverheadActual   9: 4194304 op, 17746633.00 ns, 4.2311 ns/op
OverheadActual  10: 4194304 op, 17734724.00 ns, 4.2283 ns/op
OverheadActual  11: 4194304 op, 17791598.00 ns, 4.2418 ns/op
OverheadActual  12: 4194304 op, 17726823.00 ns, 4.2264 ns/op
OverheadActual  13: 4194304 op, 17754415.00 ns, 4.2330 ns/op
OverheadActual  14: 4194304 op, 20138433.00 ns, 4.8014 ns/op
OverheadActual  15: 4194304 op, 17774612.00 ns, 4.2378 ns/op

WorkloadWarmup   1: 4194304 op, 680331909.00 ns, 162.2038 ns/op
WorkloadWarmup   2: 4194304 op, 689586419.00 ns, 164.4102 ns/op
WorkloadWarmup   3: 4194304 op, 672830061.00 ns, 160.4152 ns/op

// BeforeActualRun
WorkloadActual   1: 4194304 op, 667194542.00 ns, 159.0716 ns/op
WorkloadActual   2: 4194304 op, 673237091.00 ns, 160.5122 ns/op
WorkloadActual   3: 4194304 op, 669670121.00 ns, 159.6618 ns/op

// AfterActualRun
WorkloadResult   1: 4194304 op, 649447909.00 ns, 154.8404 ns/op
WorkloadResult   2: 4194304 op, 655490458.00 ns, 156.2811 ns/op
WorkloadResult   3: 4194304 op, 651923488.00 ns, 155.4307 ns/op
// GC:  58 0 0 1476395008 4194304
// Threading:  0 0 4194304

// AfterAll
// Benchmark Process 3344 has exited with code 0.

Mean = 155.517 ns, StdErr = 0.418 ns (0.27%), N = 3, StdDev = 0.724 ns
Min = 154.840 ns, Q1 = 155.136 ns, Median = 155.431 ns, Q3 = 155.856 ns, Max = 156.281 ns
IQR = 0.720 ns, LowerFence = 154.055 ns, UpperFence = 156.936 ns
ConfidenceInterval = [142.305 ns; 168.730 ns] (CI 99.9%), Margin = 13.213 ns (8.50% of Mean)
Skewness = 0.12, Kurtosis = 0.67, MValue = 2

// ** Remained 0 (0.0 %) benchmark(s) to run. Estimated finish 2026-09-27 20:48 (0h 0m from now) **
// ***** BenchmarkRunner: Finish  *****

// * Export *
  artifacts/performance/AuditMarten/results/Encina.Audit.Marten.Benchmarks.TemporalKeyProviderBenchmarks-report.csv
  artifacts/performance/AuditMarten/results/Encina.Audit.Marten.Benchmarks.TemporalKeyProviderBenchmarks-report-github.md
  artifacts/performance/AuditMarten/results/Encina.Audit.Marten.Benchmarks.TemporalKeyProviderBenchmarks-report.html
  artifacts/performance/AuditMarten/results/Encina.Audit.Marten.Benchmarks.TemporalKeyProviderBenchmarks-report-full-compressed.json

// * Detailed results *
TemporalKeyProviderBenchmarks.GetOrCreateExistingKey: ShortRun(IterationCount=3, LaunchCount=1, WarmupCount=3) [PeriodCount=12]
Runtime = .NET 10.0.12 (10.0.12, 10.0.1226.42308), X64 RyuJIT x86-64-v4; GC = Concurrent Workstation
Mean = 165.490 ns, StdErr = 0.234 ns (0.14%), N = 3, StdDev = 0.405 ns
Min = 165.217 ns, Q1 = 165.258 ns, Median = 165.299 ns, Q3 = 165.627 ns, Max = 165.955 ns
IQR = 0.369 ns, LowerFence = 164.704 ns, UpperFence = 166.181 ns
ConfidenceInterval = [158.106 ns; 172.874 ns] (CI 99.9%), Margin = 7.384 ns (4.46% of Mean)
Skewness = 0.37, Kurtosis = 0.67, MValue = 2
-------------------- Histogram --------------------
[164.848 ns ; 166.324 ns) | @@@
---------------------------------------------------

TemporalKeyProviderBenchmarks.IsKeyDestroyed: ShortRun(IterationCount=3, LaunchCount=1, WarmupCount=3) [PeriodCount=12]
Runtime = .NET 10.0.12 (10.0.12, 10.0.1226.42308), X64 RyuJIT x86-64-v4; GC = Concurrent Workstation
Mean = 110.322 ns, StdErr = 0.198 ns (0.18%), N = 3, StdDev = 0.343 ns
Min = 110.059 ns, Q1 = 110.128 ns, Median = 110.197 ns, Q3 = 110.453 ns, Max = 110.709 ns
IQR = 0.325 ns, LowerFence = 109.640 ns, UpperFence = 110.941 ns
ConfidenceInterval = [104.071 ns; 116.572 ns] (CI 99.9%), Margin = 6.251 ns (5.67% of Mean)
Skewness = 0.32, Kurtosis = 0.67, MValue = 2
-------------------- Histogram --------------------
[109.747 ns ; 111.021 ns) | @@@
---------------------------------------------------

TemporalKeyProviderBenchmarks.GetActiveKeysCount: ShortRun(IterationCount=3, LaunchCount=1, WarmupCount=3) [PeriodCount=12]
Runtime = .NET 10.0.12 (10.0.12, 10.0.1226.42308), X64 RyuJIT x86-64-v4; GC = Concurrent Workstation
Mean = 3.048 μs, StdErr = 0.022 μs (0.73%), N = 3, StdDev = 0.038 μs
Min = 3.004 μs, Q1 = 3.035 μs, Median = 3.067 μs, Q3 = 3.070 μs, Max = 3.074 μs
IQR = 0.035 μs, LowerFence = 2.983 μs, UpperFence = 3.123 μs
ConfidenceInterval = [2.347 μs; 3.749 μs] (CI 99.9%), Margin = 0.701 μs (22.99% of Mean)
Skewness = -0.37, Kurtosis = 0.67, MValue = 2
-------------------- Histogram --------------------
[3.004 μs ; 3.074 μs) | @@@
---------------------------------------------------

TemporalKeyProviderBenchmarks.CreateNewKey: ShortRun(IterationCount=3, LaunchCount=1, WarmupCount=3) [PeriodCount=12]
Runtime = .NET 10.0.12 (10.0.12, 10.0.1226.42308), X64 RyuJIT x86-64-v4; GC = Concurrent Workstation
Mean = 3.881 μs, StdErr = 0.017 μs (0.45%), N = 3, StdDev = 0.030 μs
Min = 3.849 μs, Q1 = 3.867 μs, Median = 3.886 μs, Q3 = 3.897 μs, Max = 3.908 μs
IQR = 0.030 μs, LowerFence = 3.823 μs, UpperFence = 3.942 μs
ConfidenceInterval = [3.333 μs; 4.429 μs] (CI 99.9%), Margin = 0.548 μs (14.13% of Mean)
Skewness = -0.17, Kurtosis = 0.67, MValue = 2
-------------------- Histogram --------------------
[3.821 μs ; 3.935 μs) | @@@
---------------------------------------------------

TemporalKeyProviderBenchmarks.GetExistingKey: ShortRun(IterationCount=3, LaunchCount=1, WarmupCount=3) [PeriodCount=12]
Runtime = .NET 10.0.12 (10.0.12, 10.0.1226.42308), X64 RyuJIT x86-64-v4; GC = Concurrent Workstation
Mean = 155.517 ns, StdErr = 0.418 ns (0.27%), N = 3, StdDev = 0.724 ns
Min = 154.840 ns, Q1 = 155.136 ns, Median = 155.431 ns, Q3 = 155.856 ns, Max = 156.281 ns
IQR = 0.720 ns, LowerFence = 154.055 ns, UpperFence = 156.936 ns
ConfidenceInterval = [142.305 ns; 168.730 ns] (CI 99.9%), Margin = 13.213 ns (8.50% of Mean)
Skewness = 0.12, Kurtosis = 0.67, MValue = 2
-------------------- Histogram --------------------
[154.181 ns ; 156.940 ns) | @@@
---------------------------------------------------

// * Summary *

BenchmarkDotNet v0.15.8, Linux Ubuntu 24.04.5 LTS (Noble Numbat)
Intel Xeon Platinum 8370C CPU 2.80GHz (Max: 2.79GHz), 1 CPU, 4 logical and 2 physical cores
.NET SDK 10.0.401
  [Host]   : .NET 10.0.12 (10.0.12, 10.0.1226.42308), X64 RyuJIT x86-64-v4
  ShortRun : .NET 10.0.12 (10.0.12, 10.0.1226.42308), X64 RyuJIT x86-64-v4

Job=ShortRun  IterationCount=3  LaunchCount=1  
WarmupCount=3  

| Method                 | PeriodCount | Mean       | Error     | StdDev   | Ratio | RatioSD | Rank | Gen0   | Gen1   | Allocated | Alloc Ratio |
|----------------------- |------------ |-----------:|----------:|---------:|------:|--------:|-----:|-------:|-------:|----------:|------------:|
| GetOrCreateExistingKey | 12          |   165.5 ns |   7.38 ns |  0.40 ns |  1.06 |    0.00 |    2 | 0.0129 |      - |     328 B |        0.93 |
| IsKeyDestroyed         | 12          |   110.3 ns |   6.25 ns |  0.34 ns |  0.71 |    0.00 |    1 | 0.0044 |      - |     112 B |        0.32 |
| GetActiveKeysCount     | 12          | 3,048.2 ns | 700.85 ns | 38.42 ns | 19.60 |    0.23 |    3 | 0.0954 |      - |    2464 B |        7.00 |
| CreateNewKey           | 12          | 3,881.0 ns | 548.29 ns | 30.05 ns | 24.96 |    0.20 |    4 | 0.0305 | 0.0267 |     848 B |        2.41 |
| GetExistingKey         | 12          |   155.5 ns |  13.21 ns |  0.72 ns |  1.00 |    0.01 |    2 | 0.0138 |      - |     352 B |        1.00 |
// * Config Issues *

// * Warnings *
Configuration
  Summary -> The exporter CsvExporter is already present in configuration. There may be unexpected results.
  Summary -> The exporter HtmlExporter is already present in configuration. There may be unexpected results.
  Summary -> The exporter MarkdownExporter-github is already present in configuration. There may be unexpected results.

// * Legends *
  PeriodCount : Value of the 'PeriodCount' parameter
  Mean        : Arithmetic mean of all measurements
  Error       : Half of 99.9% confidence interval
  StdDev      : Standard deviation of all measurements
  Ratio       : Mean of the ratio distribution ([Current]/[Baseline])
  RatioSD     : Standard deviation of the ratio distribution ([Current]/[Baseline])
  Rank        : Relative position of current benchmark mean among all benchmarks (Arabic style)
  Gen0        : GC Generation 0 collects per 1000 operations
  Gen1        : GC Generation 1 collects per 1000 operations
  Allocated   : Allocated memory per single operation (managed only, inclusive, 1KB = 1024B)
  Alloc Ratio : Allocated memory ratio distribution ([Current]/[Baseline])
  1 ns        : 1 Nanosecond (0.000000001 sec)

// * Diagnostic Output - MemoryDiagnoser *


// ***** BenchmarkRunner: End *****
Run time: 00:01:10 (70.07 sec), executed benchmarks: 5

Global total time: 00:02:55 (175.85 sec), executed benchmarks: 5
// * Artifacts cleanup *
Artifacts cleanup is finished
