// Validating benchmarks:
// ***** BenchmarkRunner: Start   *****
// ***** Found 9 benchmark(s) in total *****
// ***** Building 1 exe(s) in Parallel: Start   *****
// start dotnet  restore --nodeReuse:false /p:UseSharedCompilation=false /p:Deterministic=true /p:Optimize=true /p:ArtifactsPath="/home/runner/work/Encina/Encina/tests/Encina.BenchmarkTests/Encina.Audit.Marten.Benchmarks/bin/Release/net10.0/Encina.Audit.Marten.Benchmarks-ShortRun-1/" /p:OutDir="/home/runner/work/Encina/Encina/tests/Encina.BenchmarkTests/Encina.Audit.Marten.Benchmarks/bin/Release/net10.0/Encina.Audit.Marten.Benchmarks-ShortRun-1/bin/Release/net10.0/" /p:OutputPath="/home/runner/work/Encina/Encina/tests/Encina.BenchmarkTests/Encina.Audit.Marten.Benchmarks/bin/Release/net10.0/Encina.Audit.Marten.Benchmarks-ShortRun-1/bin/Release/net10.0/" /p:PublishDir="/home/runner/work/Encina/Encina/tests/Encina.BenchmarkTests/Encina.Audit.Marten.Benchmarks/bin/Release/net10.0/Encina.Audit.Marten.Benchmarks-ShortRun-1/publish/" in /home/runner/work/Encina/Encina/tests/Encina.BenchmarkTests/Encina.Audit.Marten.Benchmarks/bin/Release/net10.0/Encina.Audit.Marten.Benchmarks-ShortRun-1
// command took 2.3 sec and exited with 0
// start dotnet  build -c Release --no-restore --nodeReuse:false /p:UseSharedCompilation=false /p:Deterministic=true /p:Optimize=true /p:ArtifactsPath="/home/runner/work/Encina/Encina/tests/Encina.BenchmarkTests/Encina.Audit.Marten.Benchmarks/bin/Release/net10.0/Encina.Audit.Marten.Benchmarks-ShortRun-1/" /p:OutDir="/home/runner/work/Encina/Encina/tests/Encina.BenchmarkTests/Encina.Audit.Marten.Benchmarks/bin/Release/net10.0/Encina.Audit.Marten.Benchmarks-ShortRun-1/bin/Release/net10.0/" /p:OutputPath="/home/runner/work/Encina/Encina/tests/Encina.BenchmarkTests/Encina.Audit.Marten.Benchmarks/bin/Release/net10.0/Encina.Audit.Marten.Benchmarks-ShortRun-1/bin/Release/net10.0/" /p:PublishDir="/home/runner/work/Encina/Encina/tests/Encina.BenchmarkTests/Encina.Audit.Marten.Benchmarks/bin/Release/net10.0/Encina.Audit.Marten.Benchmarks-ShortRun-1/publish/" --output "/home/runner/work/Encina/Encina/tests/Encina.BenchmarkTests/Encina.Audit.Marten.Benchmarks/bin/Release/net10.0/Encina.Audit.Marten.Benchmarks-ShortRun-1/bin/Release/net10.0/" in /home/runner/work/Encina/Encina/tests/Encina.BenchmarkTests/Encina.Audit.Marten.Benchmarks/bin/Release/net10.0/Encina.Audit.Marten.Benchmarks-ShortRun-1
// command took 81.21 sec and exited with 0
// ***** Done, took 00:01:23 (83.67 sec)   *****
// Found 9 benchmarks:
//   EncryptedFieldBenchmarks.Encrypt_Medium_256B: ShortRun(IterationCount=3, LaunchCount=1, WarmupCount=3)
//   EncryptedFieldBenchmarks.Encrypt_VeryLong_64KB: ShortRun(IterationCount=3, LaunchCount=1, WarmupCount=3)
//   EncryptedFieldBenchmarks.Decrypt_Medium_256B: ShortRun(IterationCount=3, LaunchCount=1, WarmupCount=3)
//   EncryptedFieldBenchmarks.Decrypt_Long_4KB: ShortRun(IterationCount=3, LaunchCount=1, WarmupCount=3)
//   EncryptedFieldBenchmarks.DecryptOrPlaceholder_NullKey: ShortRun(IterationCount=3, LaunchCount=1, WarmupCount=3)
//   EncryptedFieldBenchmarks.Decrypt_Short_16B: ShortRun(IterationCount=3, LaunchCount=1, WarmupCount=3)
//   EncryptedFieldBenchmarks.Decrypt_VeryLong_64KB: ShortRun(IterationCount=3, LaunchCount=1, WarmupCount=3)
//   EncryptedFieldBenchmarks.Encrypt_Long_4KB: ShortRun(IterationCount=3, LaunchCount=1, WarmupCount=3)
//   EncryptedFieldBenchmarks.Encrypt_Short_16B: ShortRun(IterationCount=3, LaunchCount=1, WarmupCount=3)

// **************************
// Benchmark: EncryptedFieldBenchmarks.Encrypt_Medium_256B: ShortRun(IterationCount=3, LaunchCount=1, WarmupCount=3)
// *** Execute ***
// Launch: 1 / 1
// Execute: dotnet Encina.Audit.Marten.Benchmarks-ShortRun-1.dll --anonymousPipes 144 146 --benchmarkName Encina.Audit.Marten.Benchmarks.EncryptedFieldBenchmarks.Encrypt_Medium_256B --job ShortRun --benchmarkId 0 in /home/runner/work/Encina/Encina/tests/Encina.BenchmarkTests/Encina.Audit.Marten.Benchmarks/bin/Release/net10.0/Encina.Audit.Marten.Benchmarks-ShortRun-1/bin/Release/net10.0
// Failed to set up high priority (Permission denied). In order to run benchmarks with high priority, make sure you have the right permissions.
// BeforeAnythingElse

// Benchmark Process Environment Information:
// BenchmarkDotNet v0.15.8
// Runtime=.NET 10.0.12 (10.0.12, 10.0.1226.42308), X64 RyuJIT x86-64-v4
// GC=Concurrent Workstation
// HardwareIntrinsics=AVX512 BITALG+VBMI2+VNNI+VPOPCNTDQ,AVX512 IFMA+VBMI,AVX512 F+BW+CD+DQ+VL,AVX2+BMI1+BMI2+F16C+FMA+LZCNT+MOVBE,AVX,SSE3+SSSE3+SSE4.1+SSE4.2+POPCNT,X86Base+SSE+SSE2,AES+PCLMUL VectorSize=256
// Job: ShortRun(IterationCount=3, LaunchCount=1, WarmupCount=3)

OverheadJitting  1: 1 op, 184484.00 ns, 184.4840 us/op
WorkloadJitting  1: 1 op, 269939.00 ns, 269.9390 us/op

OverheadJitting  2: 16 op, 394654.00 ns, 24.6659 us/op
WorkloadJitting  2: 16 op, 556734.00 ns, 34.7959 us/op

WorkloadPilot    1: 16 op, 170863.00 ns, 10.6789 us/op
WorkloadPilot    2: 32 op, 303289.00 ns, 9.4778 us/op
WorkloadPilot    3: 64 op, 507331.00 ns, 7.9270 us/op
WorkloadPilot    4: 128 op, 992430.00 ns, 7.7534 us/op
WorkloadPilot    5: 256 op, 2074833.00 ns, 8.1048 us/op
WorkloadPilot    6: 512 op, 3897954.00 ns, 7.6132 us/op
WorkloadPilot    7: 1024 op, 7668369.00 ns, 7.4886 us/op
WorkloadPilot    8: 2048 op, 15985759.00 ns, 7.8055 us/op
WorkloadPilot    9: 4096 op, 20655476.00 ns, 5.0428 us/op
WorkloadPilot   10: 8192 op, 39372300.00 ns, 4.8062 us/op
WorkloadPilot   11: 16384 op, 79496965.00 ns, 4.8521 us/op
WorkloadPilot   12: 32768 op, 147754707.00 ns, 4.5091 us/op
WorkloadPilot   13: 65536 op, 298791915.00 ns, 4.5592 us/op
WorkloadPilot   14: 131072 op, 594829621.00 ns, 4.5382 us/op

OverheadWarmup   1: 131072 op, 355727.00 ns, 2.7140 ns/op
OverheadWarmup   2: 131072 op, 391860.00 ns, 2.9897 ns/op
OverheadWarmup   3: 131072 op, 353373.00 ns, 2.6960 ns/op
OverheadWarmup   4: 131072 op, 382837.00 ns, 2.9208 ns/op
OverheadWarmup   5: 131072 op, 382346.00 ns, 2.9171 ns/op

OverheadActual   1: 131072 op, 402596.00 ns, 3.0716 ns/op
OverheadActual   2: 131072 op, 382767.00 ns, 2.9203 ns/op
OverheadActual   3: 131072 op, 382807.00 ns, 2.9206 ns/op
OverheadActual   4: 131072 op, 385240.00 ns, 2.9391 ns/op
OverheadActual   5: 131072 op, 393593.00 ns, 3.0029 ns/op
OverheadActual   6: 131072 op, 382376.00 ns, 2.9173 ns/op
OverheadActual   7: 131072 op, 384059.00 ns, 2.9301 ns/op
OverheadActual   8: 131072 op, 382567.00 ns, 2.9188 ns/op
OverheadActual   9: 131072 op, 396718.00 ns, 3.0267 ns/op
OverheadActual  10: 131072 op, 391821.00 ns, 2.9894 ns/op
OverheadActual  11: 131072 op, 384009.00 ns, 2.9298 ns/op
OverheadActual  12: 131072 op, 380874.00 ns, 2.9058 ns/op
OverheadActual  13: 131072 op, 384539.00 ns, 2.9338 ns/op
OverheadActual  14: 131072 op, 382516.00 ns, 2.9184 ns/op
OverheadActual  15: 131072 op, 453872.00 ns, 3.4628 ns/op

WorkloadWarmup   1: 131072 op, 605944746.00 ns, 4.6230 us/op
WorkloadWarmup   2: 131072 op, 594947796.00 ns, 4.5391 us/op
WorkloadWarmup   3: 131072 op, 595669225.00 ns, 4.5446 us/op

// BeforeActualRun
WorkloadActual   1: 131072 op, 600584095.00 ns, 4.5821 us/op
WorkloadActual   2: 131072 op, 597686733.00 ns, 4.5600 us/op
WorkloadActual   3: 131072 op, 596225199.00 ns, 4.5488 us/op

// AfterActualRun
WorkloadResult   1: 131072 op, 600200036.00 ns, 4.5792 us/op
WorkloadResult   2: 131072 op, 597302674.00 ns, 4.5571 us/op
WorkloadResult   3: 131072 op, 595841140.00 ns, 4.5459 us/op
// GC:  59 1 0 991966336 131072
// Threading:  0 0 131072

// AfterAll
// Benchmark Process 3152 has exited with code 0.

Mean = 4.561 μs, StdErr = 0.010 μs (0.21%), N = 3, StdDev = 0.017 μs
Min = 4.546 μs, Q1 = 4.551 μs, Median = 4.557 μs, Q3 = 4.568 μs, Max = 4.579 μs
IQR = 0.017 μs, LowerFence = 4.527 μs, UpperFence = 4.593 μs
ConfidenceInterval = [4.252 μs; 4.870 μs] (CI 99.9%), Margin = 0.309 μs (6.77% of Mean)
Skewness = 0.21, Kurtosis = 0.67, MValue = 2

// ** Remained 8 (88.9 %) benchmark(s) to run. Estimated finish 2026-10-06 11:52 (0h 0m from now) **
// **************************
// Benchmark: EncryptedFieldBenchmarks.Encrypt_VeryLong_64KB: ShortRun(IterationCount=3, LaunchCount=1, WarmupCount=3)
// *** Execute ***
// Launch: 1 / 1
// Execute: dotnet Encina.Audit.Marten.Benchmarks-ShortRun-1.dll --anonymousPipes 144 146 --benchmarkName Encina.Audit.Marten.Benchmarks.EncryptedFieldBenchmarks.Encrypt_VeryLong_64KB --job ShortRun --benchmarkId 1 in /home/runner/work/Encina/Encina/tests/Encina.BenchmarkTests/Encina.Audit.Marten.Benchmarks/bin/Release/net10.0/Encina.Audit.Marten.Benchmarks-ShortRun-1/bin/Release/net10.0
// Failed to set up high priority (Permission denied). In order to run benchmarks with high priority, make sure you have the right permissions.
// BeforeAnythingElse

// Benchmark Process Environment Information:
// BenchmarkDotNet v0.15.8
// Runtime=.NET 10.0.12 (10.0.12, 10.0.1226.42308), X64 RyuJIT x86-64-v4
// GC=Concurrent Workstation
// HardwareIntrinsics=AVX512 BITALG+VBMI2+VNNI+VPOPCNTDQ,AVX512 IFMA+VBMI,AVX512 F+BW+CD+DQ+VL,AVX2+BMI1+BMI2+F16C+FMA+LZCNT+MOVBE,AVX,SSE3+SSSE3+SSE4.1+SSE4.2+POPCNT,X86Base+SSE+SSE2,AES+PCLMUL VectorSize=256
// Job: ShortRun(IterationCount=3, LaunchCount=1, WarmupCount=3)

OverheadJitting  1: 1 op, 190572.00 ns, 190.5720 us/op
WorkloadJitting  1: 1 op, 408004.00 ns, 408.0040 us/op

OverheadJitting  2: 16 op, 391000.00 ns, 24.4375 us/op
WorkloadJitting  2: 16 op, 3244436.00 ns, 202.7773 us/op

WorkloadPilot    1: 16 op, 2601513.00 ns, 162.5946 us/op
WorkloadPilot    2: 32 op, 4163917.00 ns, 130.1224 us/op
WorkloadPilot    3: 64 op, 7832813.00 ns, 122.3877 us/op
WorkloadPilot    4: 128 op, 14621759.00 ns, 114.2325 us/op
WorkloadPilot    5: 256 op, 28249055.00 ns, 110.3479 us/op
WorkloadPilot    6: 512 op, 55998109.00 ns, 109.3713 us/op
WorkloadPilot    7: 1024 op, 108342126.00 ns, 105.8029 us/op
WorkloadPilot    8: 2048 op, 219708261.00 ns, 107.2794 us/op
WorkloadPilot    9: 4096 op, 437064688.00 ns, 106.7052 us/op
WorkloadPilot   10: 8192 op, 870309859.00 ns, 106.2390 us/op

OverheadWarmup   1: 8192 op, 22072.00 ns, 2.6943 ns/op
OverheadWarmup   2: 8192 op, 29213.00 ns, 3.5660 ns/op
OverheadWarmup   3: 8192 op, 29043.00 ns, 3.5453 ns/op
OverheadWarmup   4: 8192 op, 28772.00 ns, 3.5122 ns/op
OverheadWarmup   5: 8192 op, 29033.00 ns, 3.5441 ns/op
OverheadWarmup   6: 8192 op, 29003.00 ns, 3.5404 ns/op

OverheadActual   1: 8192 op, 31397.00 ns, 3.8326 ns/op
OverheadActual   2: 8192 op, 27852.00 ns, 3.3999 ns/op
OverheadActual   3: 8192 op, 29745.00 ns, 3.6310 ns/op
OverheadActual   4: 8192 op, 27520.00 ns, 3.3594 ns/op
OverheadActual   5: 8192 op, 27761.00 ns, 3.3888 ns/op
OverheadActual   6: 8192 op, 27611.00 ns, 3.3705 ns/op
OverheadActual   7: 8192 op, 27460.00 ns, 3.3521 ns/op
OverheadActual   8: 8192 op, 27511.00 ns, 3.3583 ns/op
OverheadActual   9: 8192 op, 27371.00 ns, 3.3412 ns/op
OverheadActual  10: 8192 op, 27370.00 ns, 3.3411 ns/op
OverheadActual  11: 8192 op, 27411.00 ns, 3.3461 ns/op
OverheadActual  12: 8192 op, 27350.00 ns, 3.3386 ns/op
OverheadActual  13: 8192 op, 29543.00 ns, 3.6063 ns/op
OverheadActual  14: 8192 op, 28742.00 ns, 3.5085 ns/op
OverheadActual  15: 8192 op, 21772.00 ns, 2.6577 ns/op
OverheadActual  16: 8192 op, 27431.00 ns, 3.3485 ns/op
OverheadActual  17: 8192 op, 27421.00 ns, 3.3473 ns/op
OverheadActual  18: 8192 op, 27441.00 ns, 3.3497 ns/op
OverheadActual  19: 8192 op, 27441.00 ns, 3.3497 ns/op
OverheadActual  20: 8192 op, 27420.00 ns, 3.3472 ns/op

WorkloadWarmup   1: 8192 op, 869354613.00 ns, 106.1224 us/op
WorkloadWarmup   2: 8192 op, 874809975.00 ns, 106.7883 us/op
WorkloadWarmup   3: 8192 op, 877499228.00 ns, 107.1166 us/op

// BeforeActualRun
WorkloadActual   1: 8192 op, 873570389.00 ns, 106.6370 us/op
WorkloadActual   2: 8192 op, 880054514.00 ns, 107.4285 us/op
WorkloadActual   3: 8192 op, 878284237.00 ns, 107.2124 us/op

// AfterActualRun
WorkloadResult   1: 8192 op, 873542938.50 ns, 106.6337 us/op
WorkloadResult   2: 8192 op, 880027063.50 ns, 107.4252 us/op
WorkloadResult   3: 8192 op, 878256786.50 ns, 107.2091 us/op
// GC:  1129 1129 1129 4666730128 8192
// Threading:  0 0 8192

// AfterAll
// Benchmark Process 3163 has exited with code 0.

Mean = 107.089 μs, StdErr = 0.236 μs (0.22%), N = 3, StdDev = 0.409 μs
Min = 106.634 μs, Q1 = 106.921 μs, Median = 107.209 μs, Q3 = 107.317 μs, Max = 107.425 μs
IQR = 0.396 μs, LowerFence = 106.328 μs, UpperFence = 107.911 μs
ConfidenceInterval = [99.625 μs; 114.553 μs] (CI 99.9%), Margin = 7.464 μs (6.97% of Mean)
Skewness = -0.27, Kurtosis = 0.67, MValue = 2

// ** Remained 7 (77.8 %) benchmark(s) to run. Estimated finish 2026-10-06 11:52 (0h 0m from now) **
// **************************
// Benchmark: EncryptedFieldBenchmarks.Decrypt_Medium_256B: ShortRun(IterationCount=3, LaunchCount=1, WarmupCount=3)
// *** Execute ***
// Launch: 1 / 1
// Execute: dotnet Encina.Audit.Marten.Benchmarks-ShortRun-1.dll --anonymousPipes 144 146 --benchmarkName Encina.Audit.Marten.Benchmarks.EncryptedFieldBenchmarks.Decrypt_Medium_256B --job ShortRun --benchmarkId 2 in /home/runner/work/Encina/Encina/tests/Encina.BenchmarkTests/Encina.Audit.Marten.Benchmarks/bin/Release/net10.0/Encina.Audit.Marten.Benchmarks-ShortRun-1/bin/Release/net10.0
// Failed to set up high priority (Permission denied). In order to run benchmarks with high priority, make sure you have the right permissions.
// BeforeAnythingElse

// Benchmark Process Environment Information:
// BenchmarkDotNet v0.15.8
// Runtime=.NET 10.0.12 (10.0.12, 10.0.1226.42308), X64 RyuJIT x86-64-v4
// GC=Concurrent Workstation
// HardwareIntrinsics=AVX512 BITALG+VBMI2+VNNI+VPOPCNTDQ,AVX512 IFMA+VBMI,AVX512 F+BW+CD+DQ+VL,AVX2+BMI1+BMI2+F16C+FMA+LZCNT+MOVBE,AVX,SSE3+SSSE3+SSE4.1+SSE4.2+POPCNT,X86Base+SSE+SSE2,AES+PCLMUL VectorSize=256
// Job: ShortRun(IterationCount=3, LaunchCount=1, WarmupCount=3)

OverheadJitting  1: 1 op, 174289.00 ns, 174.2890 us/op
WorkloadJitting  1: 1 op, 7247583.00 ns, 7.2476 ms/op

OverheadJitting  2: 16 op, 393643.00 ns, 24.6027 us/op
WorkloadJitting  2: 16 op, 492249.00 ns, 30.7656 us/op

WorkloadPilot    1: 16 op, 103122.00 ns, 6.4451 us/op
WorkloadPilot    2: 32 op, 177773.00 ns, 5.5554 us/op
WorkloadPilot    3: 64 op, 292012.00 ns, 4.5627 us/op
WorkloadPilot    4: 128 op, 562373.00 ns, 4.3935 us/op
WorkloadPilot    5: 256 op, 1038378.00 ns, 4.0562 us/op
WorkloadPilot    6: 512 op, 2093080.00 ns, 4.0880 us/op
WorkloadPilot    7: 1024 op, 4119390.00 ns, 4.0228 us/op
WorkloadPilot    8: 2048 op, 8214996.00 ns, 4.0112 us/op
WorkloadPilot    9: 4096 op, 16174513.00 ns, 3.9489 us/op
WorkloadPilot   10: 8192 op, 32531677.00 ns, 3.9712 us/op
WorkloadPilot   11: 16384 op, 64280805.00 ns, 3.9234 us/op
WorkloadPilot   12: 32768 op, 116687446.00 ns, 3.5610 us/op
WorkloadPilot   13: 65536 op, 234683861.00 ns, 3.5810 us/op
WorkloadPilot   14: 131072 op, 457730788.00 ns, 3.4922 us/op
WorkloadPilot   15: 262144 op, 920718281.00 ns, 3.5123 us/op

OverheadWarmup   1: 262144 op, 695721.00 ns, 2.6540 ns/op
OverheadWarmup   2: 262144 op, 683322.00 ns, 2.6067 ns/op
OverheadWarmup   3: 262144 op, 695770.00 ns, 2.6542 ns/op
OverheadWarmup   4: 262144 op, 697143.00 ns, 2.6594 ns/op
OverheadWarmup   5: 262144 op, 694669.00 ns, 2.6500 ns/op
OverheadWarmup   6: 262144 op, 695029.00 ns, 2.6513 ns/op
OverheadWarmup   7: 262144 op, 694729.00 ns, 2.6502 ns/op

OverheadActual   1: 262144 op, 697153.00 ns, 2.6594 ns/op
OverheadActual   2: 262144 op, 683422.00 ns, 2.6070 ns/op
OverheadActual   3: 262144 op, 695741.00 ns, 2.6540 ns/op
OverheadActual   4: 262144 op, 683392.00 ns, 2.6069 ns/op
OverheadActual   5: 262144 op, 701098.00 ns, 2.6745 ns/op
OverheadActual   6: 262144 op, 694238.00 ns, 2.6483 ns/op
OverheadActual   7: 262144 op, 693637.00 ns, 2.6460 ns/op
OverheadActual   8: 262144 op, 683372.00 ns, 2.6069 ns/op
OverheadActual   9: 262144 op, 694769.00 ns, 2.6503 ns/op
OverheadActual  10: 262144 op, 693978.00 ns, 2.6473 ns/op
OverheadActual  11: 262144 op, 693588.00 ns, 2.6458 ns/op
OverheadActual  12: 262144 op, 695199.00 ns, 2.6520 ns/op
OverheadActual  13: 262144 op, 693637.00 ns, 2.6460 ns/op
OverheadActual  14: 262144 op, 685626.00 ns, 2.6155 ns/op
OverheadActual  15: 262144 op, 683382.00 ns, 2.6069 ns/op

WorkloadWarmup   1: 262144 op, 928941669.00 ns, 3.5436 us/op
WorkloadWarmup   2: 262144 op, 926388357.00 ns, 3.5339 us/op
WorkloadWarmup   3: 262144 op, 920365057.00 ns, 3.5109 us/op

// BeforeActualRun
WorkloadActual   1: 262144 op, 921918163.00 ns, 3.5168 us/op
WorkloadActual   2: 262144 op, 920458407.00 ns, 3.5113 us/op
WorkloadActual   3: 262144 op, 918048330.00 ns, 3.5021 us/op

// AfterActualRun
WorkloadResult   1: 262144 op, 921224526.00 ns, 3.5142 us/op
WorkloadResult   2: 262144 op, 919764770.00 ns, 3.5086 us/op
WorkloadResult   3: 262144 op, 917354693.00 ns, 3.4994 us/op
// GC:  20 0 0 343937632 262144
// Threading:  0 0 262144

// AfterAll
// Benchmark Process 3191 has exited with code 0.

Mean = 3.507 μs, StdErr = 0.004 μs (0.12%), N = 3, StdDev = 0.007 μs
Min = 3.499 μs, Q1 = 3.504 μs, Median = 3.509 μs, Q3 = 3.511 μs, Max = 3.514 μs
IQR = 0.007 μs, LowerFence = 3.493 μs, UpperFence = 3.522 μs
ConfidenceInterval = [3.371 μs; 3.643 μs] (CI 99.9%), Margin = 0.136 μs (3.88% of Mean)
Skewness = -0.16, Kurtosis = 0.67, MValue = 2

// ** Remained 6 (66.7 %) benchmark(s) to run. Estimated finish 2026-10-06 11:53 (0h 0m from now) **
// **************************
// Benchmark: EncryptedFieldBenchmarks.Decrypt_Long_4KB: ShortRun(IterationCount=3, LaunchCount=1, WarmupCount=3)
// *** Execute ***
// Launch: 1 / 1
// Execute: dotnet Encina.Audit.Marten.Benchmarks-ShortRun-1.dll --anonymousPipes 144 146 --benchmarkName Encina.Audit.Marten.Benchmarks.EncryptedFieldBenchmarks.Decrypt_Long_4KB --job ShortRun --benchmarkId 3 in /home/runner/work/Encina/Encina/tests/Encina.BenchmarkTests/Encina.Audit.Marten.Benchmarks/bin/Release/net10.0/Encina.Audit.Marten.Benchmarks-ShortRun-1/bin/Release/net10.0
// Failed to set up high priority (Permission denied). In order to run benchmarks with high priority, make sure you have the right permissions.
// BeforeAnythingElse

// Benchmark Process Environment Information:
// BenchmarkDotNet v0.15.8
// Runtime=.NET 10.0.12 (10.0.12, 10.0.1226.42308), X64 RyuJIT x86-64-v4
// GC=Concurrent Workstation
// HardwareIntrinsics=AVX512 BITALG+VBMI2+VNNI+VPOPCNTDQ,AVX512 IFMA+VBMI,AVX512 F+BW+CD+DQ+VL,AVX2+BMI1+BMI2+F16C+FMA+LZCNT+MOVBE,AVX,SSE3+SSSE3+SSE4.1+SSE4.2+POPCNT,X86Base+SSE+SSE2,AES+PCLMUL VectorSize=256
// Job: ShortRun(IterationCount=3, LaunchCount=1, WarmupCount=3)

OverheadJitting  1: 1 op, 177433.00 ns, 177.4330 us/op
WorkloadJitting  1: 1 op, 5961841.00 ns, 5.9618 ms/op

OverheadJitting  2: 16 op, 356308.00 ns, 22.2693 us/op
WorkloadJitting  2: 16 op, 671224.00 ns, 41.9515 us/op

WorkloadPilot    1: 16 op, 222240.00 ns, 13.8900 us/op
WorkloadPilot    2: 32 op, 366242.00 ns, 11.4451 us/op
WorkloadPilot    3: 64 op, 844040.00 ns, 13.1881 us/op
WorkloadPilot    4: 128 op, 1662242.00 ns, 12.9863 us/op
WorkloadPilot    5: 256 op, 3374959.00 ns, 13.1834 us/op
WorkloadPilot    6: 512 op, 6992457.00 ns, 13.6571 us/op
WorkloadPilot    7: 1024 op, 13247132.00 ns, 12.9367 us/op
WorkloadPilot    8: 2048 op, 13097760.00 ns, 6.3954 us/op
WorkloadPilot    9: 4096 op, 25115130.00 ns, 6.1316 us/op
WorkloadPilot   10: 8192 op, 51134329.00 ns, 6.2420 us/op
WorkloadPilot   11: 16384 op, 101403146.00 ns, 6.1892 us/op
WorkloadPilot   12: 32768 op, 199232428.00 ns, 6.0801 us/op
WorkloadPilot   13: 65536 op, 401600320.00 ns, 6.1279 us/op
WorkloadPilot   14: 131072 op, 796120814.00 ns, 6.0739 us/op

OverheadWarmup   1: 131072 op, 383578.00 ns, 2.9265 ns/op
OverheadWarmup   2: 131072 op, 393583.00 ns, 3.0028 ns/op
OverheadWarmup   3: 131072 op, 384319.00 ns, 2.9321 ns/op
OverheadWarmup   4: 131072 op, 381264.00 ns, 2.9088 ns/op
OverheadWarmup   5: 131072 op, 378000.00 ns, 2.8839 ns/op
OverheadWarmup   6: 131072 op, 400564.00 ns, 3.0561 ns/op
OverheadWarmup   7: 131072 op, 398560.00 ns, 3.0408 ns/op

OverheadActual   1: 131072 op, 384590.00 ns, 2.9342 ns/op
OverheadActual   2: 131072 op, 383318.00 ns, 2.9245 ns/op
OverheadActual   3: 131072 op, 385822.00 ns, 2.9436 ns/op
OverheadActual   4: 131072 op, 392983.00 ns, 2.9982 ns/op
OverheadActual   5: 131072 op, 395305.00 ns, 3.0159 ns/op
OverheadActual   6: 131072 op, 393773.00 ns, 3.0042 ns/op
OverheadActual   7: 131072 op, 398741.00 ns, 3.0422 ns/op
OverheadActual   8: 131072 op, 393192.00 ns, 2.9998 ns/op
OverheadActual   9: 131072 op, 381294.00 ns, 2.9090 ns/op
OverheadActual  10: 131072 op, 382757.00 ns, 2.9202 ns/op
OverheadActual  11: 131072 op, 382686.00 ns, 2.9197 ns/op
OverheadActual  12: 131072 op, 392141.00 ns, 2.9918 ns/op
OverheadActual  13: 131072 op, 399482.00 ns, 3.0478 ns/op
OverheadActual  14: 131072 op, 382386.00 ns, 2.9174 ns/op
OverheadActual  15: 131072 op, 382196.00 ns, 2.9159 ns/op

WorkloadWarmup   1: 131072 op, 807222628.00 ns, 6.1586 us/op
WorkloadWarmup   2: 131072 op, 835593179.00 ns, 6.3751 us/op
WorkloadWarmup   3: 131072 op, 823184039.00 ns, 6.2804 us/op

// BeforeActualRun
WorkloadActual   1: 131072 op, 796023138.00 ns, 6.0732 us/op
WorkloadActual   2: 131072 op, 814610480.00 ns, 6.2150 us/op
WorkloadActual   3: 131072 op, 822403913.00 ns, 6.2744 us/op

// AfterActualRun
WorkloadResult   1: 131072 op, 795637316.00 ns, 6.0702 us/op
WorkloadResult   2: 131072 op, 814224658.00 ns, 6.2120 us/op
WorkloadResult   3: 131072 op, 822018091.00 ns, 6.2715 us/op
// GC:  130 0 0 2185261728 131072
// Threading:  0 0 131072

// AfterAll
// Benchmark Process 3203 has exited with code 0.

Mean = 6.185 μs, StdErr = 0.060 μs (0.97%), N = 3, StdDev = 0.103 μs
Min = 6.070 μs, Q1 = 6.141 μs, Median = 6.212 μs, Q3 = 6.242 μs, Max = 6.272 μs
IQR = 0.101 μs, LowerFence = 5.990 μs, UpperFence = 6.393 μs
ConfidenceInterval = [4.298 μs; 8.071 μs] (CI 99.9%), Margin = 1.886 μs (30.50% of Mean)
Skewness = -0.25, Kurtosis = 0.67, MValue = 2

// ** Remained 5 (55.6 %) benchmark(s) to run. Estimated finish 2026-10-06 11:53 (0h 0m from now) **
// **************************
// Benchmark: EncryptedFieldBenchmarks.DecryptOrPlaceholder_NullKey: ShortRun(IterationCount=3, LaunchCount=1, WarmupCount=3)
// *** Execute ***
// Launch: 1 / 1
// Execute: dotnet Encina.Audit.Marten.Benchmarks-ShortRun-1.dll --anonymousPipes 144 146 --benchmarkName Encina.Audit.Marten.Benchmarks.EncryptedFieldBenchmarks.DecryptOrPlaceholder_NullKey --job ShortRun --benchmarkId 4 in /home/runner/work/Encina/Encina/tests/Encina.BenchmarkTests/Encina.Audit.Marten.Benchmarks/bin/Release/net10.0/Encina.Audit.Marten.Benchmarks-ShortRun-1/bin/Release/net10.0
// Failed to set up high priority (Permission denied). In order to run benchmarks with high priority, make sure you have the right permissions.
// BeforeAnythingElse

// Benchmark Process Environment Information:
// BenchmarkDotNet v0.15.8
// Runtime=.NET 10.0.12 (10.0.12, 10.0.1226.42308), X64 RyuJIT x86-64-v4
// GC=Concurrent Workstation
// HardwareIntrinsics=AVX512 BITALG+VBMI2+VNNI+VPOPCNTDQ,AVX512 IFMA+VBMI,AVX512 F+BW+CD+DQ+VL,AVX2+BMI1+BMI2+F16C+FMA+LZCNT+MOVBE,AVX,SSE3+SSSE3+SSE4.1+SSE4.2+POPCNT,X86Base+SSE+SSE2,AES+PCLMUL VectorSize=256
// Job: ShortRun(IterationCount=3, LaunchCount=1, WarmupCount=3)

OverheadJitting  1: 1 op, 176702.00 ns, 176.7020 us/op
WorkloadJitting  1: 1 op, 298151.00 ns, 298.1510 us/op

OverheadJitting  2: 16 op, 347515.00 ns, 21.7197 us/op
WorkloadJitting  2: 16 op, 344530.00 ns, 21.5331 us/op

WorkloadPilot    1: 16 op, 772.00 ns, 48.2500 ns/op
WorkloadPilot    2: 32 op, 761.00 ns, 23.7813 ns/op
WorkloadPilot    3: 64 op, 731.00 ns, 11.4219 ns/op
WorkloadPilot    4: 128 op, 1171.00 ns, 9.1484 ns/op
WorkloadPilot    5: 256 op, 1893.00 ns, 7.3945 ns/op
WorkloadPilot    6: 512 op, 3406.00 ns, 6.6523 ns/op
WorkloadPilot    7: 1024 op, 6279.00 ns, 6.1318 ns/op
WorkloadPilot    8: 2048 op, 11427.00 ns, 5.5796 ns/op
WorkloadPilot    9: 4096 op, 20250.00 ns, 4.9438 ns/op
WorkloadPilot   10: 8192 op, 36774.00 ns, 4.4890 ns/op
WorkloadPilot   11: 16384 op, 66789.00 ns, 4.0765 ns/op
WorkloadPilot   12: 32768 op, 127720.00 ns, 3.8977 ns/op
WorkloadPilot   13: 65536 op, 247797.00 ns, 3.7811 ns/op
WorkloadPilot   14: 131072 op, 489966.00 ns, 3.7381 ns/op
WorkloadPilot   15: 262144 op, 990086.00 ns, 3.7769 ns/op
WorkloadPilot   16: 524288 op, 1966172.00 ns, 3.7502 ns/op
WorkloadPilot   17: 1048576 op, 3931152.00 ns, 3.7490 ns/op
WorkloadPilot   18: 2097152 op, 7847492.00 ns, 3.7420 ns/op
WorkloadPilot   19: 4194304 op, 15705029.00 ns, 3.7444 ns/op
WorkloadPilot   20: 8388608 op, 28873492.00 ns, 3.4420 ns/op
WorkloadPilot   21: 16777216 op, 62348789.00 ns, 3.7163 ns/op
WorkloadPilot   22: 33554432 op, 124683296.00 ns, 3.7159 ns/op
WorkloadPilot   23: 67108864 op, 231037287.00 ns, 3.4427 ns/op
WorkloadPilot   24: 134217728 op, 498838413.00 ns, 3.7166 ns/op
WorkloadPilot   25: 268435456 op, 997789102.00 ns, 3.7171 ns/op

OverheadWarmup   1: 268435456 op, 704498807.00 ns, 2.6245 ns/op
OverheadWarmup   2: 268435456 op, 704526127.00 ns, 2.6246 ns/op
OverheadWarmup   3: 268435456 op, 777707640.00 ns, 2.8972 ns/op
OverheadWarmup   4: 268435456 op, 777805434.00 ns, 2.8976 ns/op
OverheadWarmup   5: 268435456 op, 727059349.00 ns, 2.7085 ns/op
OverheadWarmup   6: 268435456 op, 777815888.00 ns, 2.8976 ns/op
OverheadWarmup   7: 268435456 op, 777749921.00 ns, 2.8973 ns/op

OverheadActual   1: 268435456 op, 704430251.00 ns, 2.6242 ns/op
OverheadActual   2: 268435456 op, 704566112.00 ns, 2.6247 ns/op
OverheadActual   3: 268435456 op, 706561668.00 ns, 2.6321 ns/op
OverheadActual   4: 268435456 op, 704825086.00 ns, 2.6257 ns/op
OverheadActual   5: 268435456 op, 704604028.00 ns, 2.6249 ns/op
OverheadActual   6: 268435456 op, 859329818.00 ns, 3.2013 ns/op
OverheadActual   7: 268435456 op, 852078427.00 ns, 3.1742 ns/op
OverheadActual   8: 268435456 op, 704908319.00 ns, 2.6260 ns/op
OverheadActual   9: 268435456 op, 853891032.00 ns, 3.1810 ns/op
OverheadActual  10: 268435456 op, 707600389.00 ns, 2.6360 ns/op
OverheadActual  11: 268435456 op, 704797160.00 ns, 2.6256 ns/op
OverheadActual  12: 268435456 op, 706763031.00 ns, 2.6329 ns/op
OverheadActual  13: 268435456 op, 704943727.00 ns, 2.6261 ns/op
OverheadActual  14: 268435456 op, 850935240.00 ns, 3.1700 ns/op
OverheadActual  15: 268435456 op, 851237819.00 ns, 3.1711 ns/op
OverheadActual  16: 268435456 op, 851332659.00 ns, 3.1715 ns/op
OverheadActual  17: 268435456 op, 704935765.00 ns, 2.6261 ns/op
OverheadActual  18: 268435456 op, 704571615.00 ns, 2.6247 ns/op
OverheadActual  19: 268435456 op, 704455534.00 ns, 2.6243 ns/op
OverheadActual  20: 268435456 op, 786200595.00 ns, 2.9288 ns/op

WorkloadWarmup   1: 268435456 op, 930107483.00 ns, 3.4649 ns/op
WorkloadWarmup   2: 268435456 op, 997909479.00 ns, 3.7175 ns/op
WorkloadWarmup   3: 268435456 op, 997803652.00 ns, 3.7171 ns/op

// BeforeActualRun
WorkloadActual   1: 268435456 op, 932374677.00 ns, 3.4734 ns/op
WorkloadActual   2: 268435456 op, 998993455.00 ns, 3.7215 ns/op
WorkloadActual   3: 268435456 op, 924942076.00 ns, 3.4457 ns/op

// AfterActualRun
WorkloadResult   1: 268435456 op, 226621979.50 ns, 0.8442 ns/op
WorkloadResult   2: 268435456 op, 293240757.50 ns, 1.0924 ns/op
WorkloadResult   3: 268435456 op, 219189378.50 ns, 0.8165 ns/op
// GC:  0 0 0 0 268435456
// Threading:  0 0 268435456

// AfterAll
// Benchmark Process 3211 has exited with code 0.

Mean = 0.918 ns, StdErr = 0.088 ns (9.56%), N = 3, StdDev = 0.152 ns
Min = 0.817 ns, Q1 = 0.830 ns, Median = 0.844 ns, Q3 = 0.968 ns, Max = 1.092 ns
IQR = 0.138 ns, LowerFence = 0.623 ns, UpperFence = 1.175 ns
ConfidenceInterval = [-1.854 ns; 3.689 ns] (CI 99.9%), Margin = 2.771 ns (301.98% of Mean)
Skewness = 0.37, Kurtosis = 0.67, MValue = 2

// ** Remained 4 (44.4 %) benchmark(s) to run. Estimated finish 2026-10-06 11:53 (0h 0m from now) **
// **************************
// Benchmark: EncryptedFieldBenchmarks.Decrypt_Short_16B: ShortRun(IterationCount=3, LaunchCount=1, WarmupCount=3)
// *** Execute ***
// Launch: 1 / 1
// Execute: dotnet Encina.Audit.Marten.Benchmarks-ShortRun-1.dll --anonymousPipes 144 146 --benchmarkName Encina.Audit.Marten.Benchmarks.EncryptedFieldBenchmarks.Decrypt_Short_16B --job ShortRun --benchmarkId 5 in /home/runner/work/Encina/Encina/tests/Encina.BenchmarkTests/Encina.Audit.Marten.Benchmarks/bin/Release/net10.0/Encina.Audit.Marten.Benchmarks-ShortRun-1/bin/Release/net10.0
// Failed to set up high priority (Permission denied). In order to run benchmarks with high priority, make sure you have the right permissions.
// BeforeAnythingElse

// Benchmark Process Environment Information:
// BenchmarkDotNet v0.15.8
// Runtime=.NET 10.0.12 (10.0.12, 10.0.1226.42308), X64 RyuJIT x86-64-v4
// GC=Concurrent Workstation
// HardwareIntrinsics=AVX512 BITALG+VBMI2+VNNI+VPOPCNTDQ,AVX512 IFMA+VBMI,AVX512 F+BW+CD+DQ+VL,AVX2+BMI1+BMI2+F16C+FMA+LZCNT+MOVBE,AVX,SSE3+SSSE3+SSE4.1+SSE4.2+POPCNT,X86Base+SSE+SSE2,AES+PCLMUL VectorSize=256
// Job: ShortRun(IterationCount=3, LaunchCount=1, WarmupCount=3)

OverheadJitting  1: 1 op, 174528.00 ns, 174.5280 us/op
WorkloadJitting  1: 1 op, 5928712.00 ns, 5.9287 ms/op

OverheadJitting  2: 16 op, 354324.00 ns, 22.1453 us/op
WorkloadJitting  2: 16 op, 468474.00 ns, 29.2796 us/op

WorkloadPilot    1: 16 op, 83454.00 ns, 5.2159 us/op
WorkloadPilot    2: 32 op, 143573.00 ns, 4.4867 us/op
WorkloadPilot    3: 64 op, 267126.00 ns, 4.1738 us/op
WorkloadPilot    4: 128 op, 479259.00 ns, 3.7442 us/op
WorkloadPilot    5: 256 op, 907044.00 ns, 3.5431 us/op
WorkloadPilot    6: 512 op, 1792716.00 ns, 3.5014 us/op
WorkloadPilot    7: 1024 op, 3470641.00 ns, 3.3893 us/op
WorkloadPilot    8: 2048 op, 6990070.00 ns, 3.4131 us/op
WorkloadPilot    9: 4096 op, 13891389.00 ns, 3.3915 us/op
WorkloadPilot   10: 8192 op, 27662560.00 ns, 3.3768 us/op
WorkloadPilot   11: 16384 op, 55520928.00 ns, 3.3887 us/op
WorkloadPilot   12: 32768 op, 111038713.00 ns, 3.3886 us/op
WorkloadPilot   13: 65536 op, 218949852.00 ns, 3.3409 us/op
WorkloadPilot   14: 131072 op, 429268247.00 ns, 3.2751 us/op
WorkloadPilot   15: 262144 op, 855877209.00 ns, 3.2649 us/op

OverheadWarmup   1: 262144 op, 706236.00 ns, 2.6941 ns/op
OverheadWarmup   2: 262144 op, 694409.00 ns, 2.6490 ns/op
OverheadWarmup   3: 262144 op, 694488.00 ns, 2.6493 ns/op
OverheadWarmup   4: 262144 op, 694840.00 ns, 2.6506 ns/op
OverheadWarmup   5: 262144 op, 683362.00 ns, 2.6068 ns/op
OverheadWarmup   6: 262144 op, 685024.00 ns, 2.6132 ns/op
OverheadWarmup   7: 262144 op, 694839.00 ns, 2.6506 ns/op
OverheadWarmup   8: 262144 op, 699696.00 ns, 2.6691 ns/op
OverheadWarmup   9: 262144 op, 694819.00 ns, 2.6505 ns/op

OverheadActual   1: 262144 op, 683422.00 ns, 2.6070 ns/op
OverheadActual   2: 262144 op, 695010.00 ns, 2.6513 ns/op
OverheadActual   3: 262144 op, 683552.00 ns, 2.6075 ns/op
OverheadActual   4: 262144 op, 694889.00 ns, 2.6508 ns/op
OverheadActual   5: 262144 op, 695590.00 ns, 2.6535 ns/op
OverheadActual   6: 262144 op, 696031.00 ns, 2.6551 ns/op
OverheadActual   7: 262144 op, 694749.00 ns, 2.6503 ns/op
OverheadActual   8: 262144 op, 693377.00 ns, 2.6450 ns/op
OverheadActual   9: 262144 op, 693968.00 ns, 2.6473 ns/op
OverheadActual  10: 262144 op, 694188.00 ns, 2.6481 ns/op
OverheadActual  11: 262144 op, 693988.00 ns, 2.6474 ns/op
OverheadActual  12: 262144 op, 694319.00 ns, 2.6486 ns/op
OverheadActual  13: 262144 op, 683372.00 ns, 2.6069 ns/op
OverheadActual  14: 262144 op, 693117.00 ns, 2.6440 ns/op
OverheadActual  15: 262144 op, 693547.00 ns, 2.6457 ns/op

WorkloadWarmup   1: 262144 op, 862313374.00 ns, 3.2895 us/op
WorkloadWarmup   2: 262144 op, 861202549.00 ns, 3.2852 us/op
WorkloadWarmup   3: 262144 op, 857856422.00 ns, 3.2725 us/op

// BeforeActualRun
WorkloadActual   1: 262144 op, 857246228.00 ns, 3.2701 us/op
WorkloadActual   2: 262144 op, 860889895.00 ns, 3.2840 us/op
WorkloadActual   3: 262144 op, 855137284.00 ns, 3.2621 us/op

// AfterActualRun
WorkloadResult   1: 262144 op, 856552240.00 ns, 3.2675 us/op
WorkloadResult   2: 262144 op, 860195907.00 ns, 3.2814 us/op
WorkloadResult   3: 262144 op, 854443296.00 ns, 3.2594 us/op
// GC:  5 0 0 90178880 262144
// Threading:  0 0 262144

// AfterAll
// Benchmark Process 3227 has exited with code 0.

Mean = 3.269 μs, StdErr = 0.006 μs (0.20%), N = 3, StdDev = 0.011 μs
Min = 3.259 μs, Q1 = 3.263 μs, Median = 3.267 μs, Q3 = 3.274 μs, Max = 3.281 μs
IQR = 0.011 μs, LowerFence = 3.247 μs, UpperFence = 3.291 μs
ConfidenceInterval = [3.067 μs; 3.472 μs] (CI 99.9%), Margin = 0.203 μs (6.19% of Mean)
Skewness = 0.17, Kurtosis = 0.67, MValue = 2

// ** Remained 3 (33.3 %) benchmark(s) to run. Estimated finish 2026-10-06 11:53 (0h 0m from now) **
// **************************
// Benchmark: EncryptedFieldBenchmarks.Decrypt_VeryLong_64KB: ShortRun(IterationCount=3, LaunchCount=1, WarmupCount=3)
// *** Execute ***
// Launch: 1 / 1
// Execute: dotnet Encina.Audit.Marten.Benchmarks-ShortRun-1.dll --anonymousPipes 144 146 --benchmarkName Encina.Audit.Marten.Benchmarks.EncryptedFieldBenchmarks.Decrypt_VeryLong_64KB --job ShortRun --benchmarkId 6 in /home/runner/work/Encina/Encina/tests/Encina.BenchmarkTests/Encina.Audit.Marten.Benchmarks/bin/Release/net10.0/Encina.Audit.Marten.Benchmarks-ShortRun-1/bin/Release/net10.0
// Failed to set up high priority (Permission denied). In order to run benchmarks with high priority, make sure you have the right permissions.
// BeforeAnythingElse

// Benchmark Process Environment Information:
// BenchmarkDotNet v0.15.8
// Runtime=.NET 10.0.12 (10.0.12, 10.0.1226.42308), X64 RyuJIT x86-64-v4
// GC=Concurrent Workstation
// HardwareIntrinsics=AVX512 BITALG+VBMI2+VNNI+VPOPCNTDQ,AVX512 IFMA+VBMI,AVX512 F+BW+CD+DQ+VL,AVX2+BMI1+BMI2+F16C+FMA+LZCNT+MOVBE,AVX,SSE3+SSSE3+SSE4.1+SSE4.2+POPCNT,X86Base+SSE+SSE2,AES+PCLMUL VectorSize=256
// Job: ShortRun(IterationCount=3, LaunchCount=1, WarmupCount=3)

OverheadJitting  1: 1 op, 197522.00 ns, 197.5220 us/op
WorkloadJitting  1: 1 op, 6120926.00 ns, 6.1209 ms/op

OverheadJitting  2: 16 op, 373363.00 ns, 23.3352 us/op
WorkloadJitting  2: 16 op, 2725778.00 ns, 170.3611 us/op

WorkloadPilot    1: 16 op, 2202732.00 ns, 137.6708 us/op
WorkloadPilot    2: 32 op, 3525242.00 ns, 110.1638 us/op
WorkloadPilot    3: 64 op, 7124763.00 ns, 111.3244 us/op
WorkloadPilot    4: 128 op, 12807670.00 ns, 100.0599 us/op
WorkloadPilot    5: 256 op, 24197271.00 ns, 94.5206 us/op
WorkloadPilot    6: 512 op, 47341792.00 ns, 92.4644 us/op
WorkloadPilot    7: 1024 op, 93228308.00 ns, 91.0433 us/op
WorkloadPilot    8: 2048 op, 187532560.00 ns, 91.5686 us/op
WorkloadPilot    9: 4096 op, 373942827.00 ns, 91.2946 us/op
WorkloadPilot   10: 8192 op, 747740172.00 ns, 91.2769 us/op

OverheadWarmup   1: 8192 op, 31357.00 ns, 3.8278 ns/op
OverheadWarmup   2: 8192 op, 23935.00 ns, 2.9218 ns/op
OverheadWarmup   3: 8192 op, 29012.00 ns, 3.5415 ns/op
OverheadWarmup   4: 8192 op, 23956.00 ns, 2.9243 ns/op
OverheadWarmup   5: 8192 op, 23896.00 ns, 2.9170 ns/op
OverheadWarmup   6: 8192 op, 29834.00 ns, 3.6418 ns/op
OverheadWarmup   7: 8192 op, 29754.00 ns, 3.6321 ns/op

OverheadActual   1: 8192 op, 31237.00 ns, 3.8131 ns/op
OverheadActual   2: 8192 op, 27972.00 ns, 3.4146 ns/op
OverheadActual   3: 8192 op, 30155.00 ns, 3.6810 ns/op
OverheadActual   4: 8192 op, 27891.00 ns, 3.4047 ns/op
OverheadActual   5: 8192 op, 27721.00 ns, 3.3839 ns/op
OverheadActual   6: 8192 op, 23985.00 ns, 2.9279 ns/op
OverheadActual   7: 8192 op, 23915.00 ns, 2.9193 ns/op
OverheadActual   8: 8192 op, 21742.00 ns, 2.6541 ns/op
OverheadActual   9: 8192 op, 26059.00 ns, 3.1810 ns/op
OverheadActual  10: 8192 op, 23966.00 ns, 2.9255 ns/op
OverheadActual  11: 8192 op, 23945.00 ns, 2.9230 ns/op
OverheadActual  12: 8192 op, 23996.00 ns, 2.9292 ns/op
OverheadActual  13: 8192 op, 21792.00 ns, 2.6602 ns/op
OverheadActual  14: 8192 op, 23995.00 ns, 2.9291 ns/op
OverheadActual  15: 8192 op, 28142.00 ns, 3.4353 ns/op
OverheadActual  16: 8192 op, 27681.00 ns, 3.3790 ns/op
OverheadActual  17: 8192 op, 27671.00 ns, 3.3778 ns/op
OverheadActual  18: 8192 op, 28162.00 ns, 3.4377 ns/op
OverheadActual  19: 8192 op, 29604.00 ns, 3.6138 ns/op
OverheadActual  20: 8192 op, 27821.00 ns, 3.3961 ns/op

WorkloadWarmup   1: 8192 op, 746307003.00 ns, 91.1019 us/op
WorkloadWarmup   2: 8192 op, 739223551.00 ns, 90.2372 us/op
WorkloadWarmup   3: 8192 op, 737782997.00 ns, 90.0614 us/op

// BeforeActualRun
WorkloadActual   1: 8192 op, 737815786.00 ns, 90.0654 us/op
WorkloadActual   2: 8192 op, 746142224.00 ns, 91.0818 us/op
WorkloadActual   3: 8192 op, 738682180.00 ns, 90.1712 us/op

// AfterActualRun
WorkloadResult   1: 8192 op, 737788110.00 ns, 90.0620 us/op
WorkloadResult   2: 8192 op, 746114548.00 ns, 91.0784 us/op
WorkloadResult   3: 8192 op, 738654504.00 ns, 90.1678 us/op
// GC:  341 341 341 2150263280 8192
// Threading:  0 0 8192

// AfterAll
// Benchmark Process 3237 has exited with code 0.

Mean = 90.436 μs, StdErr = 0.323 μs (0.36%), N = 3, StdDev = 0.559 μs
Min = 90.062 μs, Q1 = 90.115 μs, Median = 90.168 μs, Q3 = 90.623 μs, Max = 91.078 μs
IQR = 0.508 μs, LowerFence = 89.353 μs, UpperFence = 91.385 μs
ConfidenceInterval = [80.241 μs; 100.631 μs] (CI 99.9%), Margin = 10.195 μs (11.27% of Mean)
Skewness = 0.37, Kurtosis = 0.67, MValue = 2

// ** Remained 2 (22.2 %) benchmark(s) to run. Estimated finish 2026-10-06 11:53 (0h 0m from now) **
// **************************
// Benchmark: EncryptedFieldBenchmarks.Encrypt_Long_4KB: ShortRun(IterationCount=3, LaunchCount=1, WarmupCount=3)
// *** Execute ***
// Launch: 1 / 1
// Execute: dotnet Encina.Audit.Marten.Benchmarks-ShortRun-1.dll --anonymousPipes 144 146 --benchmarkName Encina.Audit.Marten.Benchmarks.EncryptedFieldBenchmarks.Encrypt_Long_4KB --job ShortRun --benchmarkId 7 in /home/runner/work/Encina/Encina/tests/Encina.BenchmarkTests/Encina.Audit.Marten.Benchmarks/bin/Release/net10.0/Encina.Audit.Marten.Benchmarks-ShortRun-1/bin/Release/net10.0
// Failed to set up high priority (Permission denied). In order to run benchmarks with high priority, make sure you have the right permissions.
// BeforeAnythingElse

// Benchmark Process Environment Information:
// BenchmarkDotNet v0.15.8
// Runtime=.NET 10.0.12 (10.0.12, 10.0.1226.42308), X64 RyuJIT x86-64-v4
// GC=Concurrent Workstation
// HardwareIntrinsics=AVX512 BITALG+VBMI2+VNNI+VPOPCNTDQ,AVX512 IFMA+VBMI,AVX512 F+BW+CD+DQ+VL,AVX2+BMI1+BMI2+F16C+FMA+LZCNT+MOVBE,AVX,SSE3+SSSE3+SSE4.1+SSE4.2+POPCNT,X86Base+SSE+SSE2,AES+PCLMUL VectorSize=256
// Job: ShortRun(IterationCount=3, LaunchCount=1, WarmupCount=3)

OverheadJitting  1: 1 op, 194999.00 ns, 194.9990 us/op
WorkloadJitting  1: 1 op, 287276.00 ns, 287.2760 us/op

OverheadJitting  2: 16 op, 388966.00 ns, 24.3104 us/op
WorkloadJitting  2: 16 op, 824811.00 ns, 51.5507 us/op

WorkloadPilot    1: 16 op, 376388.00 ns, 23.5243 us/op
WorkloadPilot    2: 32 op, 564275.00 ns, 17.6336 us/op
WorkloadPilot    3: 64 op, 1428055.00 ns, 22.3134 us/op
WorkloadPilot    4: 128 op, 2900956.00 ns, 22.6637 us/op
WorkloadPilot    5: 256 op, 5563330.00 ns, 21.7318 us/op
WorkloadPilot    6: 512 op, 9312353.00 ns, 18.1882 us/op
WorkloadPilot    7: 1024 op, 7724862.00 ns, 7.5438 us/op
WorkloadPilot    8: 2048 op, 14144930.00 ns, 6.9067 us/op
WorkloadPilot    9: 4096 op, 30485813.00 ns, 7.4428 us/op
WorkloadPilot   10: 8192 op, 56003108.00 ns, 6.8363 us/op
WorkloadPilot   11: 16384 op, 111777487.00 ns, 6.8224 us/op
WorkloadPilot   12: 32768 op, 221258003.00 ns, 6.7523 us/op
WorkloadPilot   13: 65536 op, 442533803.00 ns, 6.7525 us/op
WorkloadPilot   14: 131072 op, 881887536.00 ns, 6.7283 us/op

OverheadWarmup   1: 131072 op, 349338.00 ns, 2.6652 ns/op
OverheadWarmup   2: 131072 op, 341906.00 ns, 2.6085 ns/op
OverheadWarmup   3: 131072 op, 357790.00 ns, 2.7297 ns/op
OverheadWarmup   4: 131072 op, 353924.00 ns, 2.7002 ns/op
OverheadWarmup   5: 131072 op, 341907.00 ns, 2.6085 ns/op
OverheadWarmup   6: 131072 op, 341856.00 ns, 2.6082 ns/op
OverheadWarmup   7: 131072 op, 358672.00 ns, 2.7365 ns/op
OverheadWarmup   8: 131072 op, 341887.00 ns, 2.6084 ns/op

OverheadActual   1: 131072 op, 420593.00 ns, 3.2089 ns/op
OverheadActual   2: 131072 op, 348215.00 ns, 2.6567 ns/op
OverheadActual   3: 131072 op, 417208.00 ns, 3.1830 ns/op
OverheadActual   4: 131072 op, 428195.00 ns, 3.2669 ns/op
OverheadActual   5: 131072 op, 393673.00 ns, 3.0035 ns/op
OverheadActual   6: 131072 op, 352101.00 ns, 2.6863 ns/op
OverheadActual   7: 131072 op, 344260.00 ns, 2.6265 ns/op
OverheadActual   8: 131072 op, 341846.00 ns, 2.6081 ns/op
OverheadActual   9: 131072 op, 341856.00 ns, 2.6082 ns/op
OverheadActual  10: 131072 op, 352262.00 ns, 2.6875 ns/op
OverheadActual  11: 131072 op, 351100.00 ns, 2.6787 ns/op
OverheadActual  12: 131072 op, 341936.00 ns, 2.6088 ns/op
OverheadActual  13: 131072 op, 358801.00 ns, 2.7374 ns/op
OverheadActual  14: 131072 op, 341896.00 ns, 2.6085 ns/op
OverheadActual  15: 131072 op, 341966.00 ns, 2.6090 ns/op
OverheadActual  16: 131072 op, 341866.00 ns, 2.6082 ns/op
OverheadActual  17: 131072 op, 341917.00 ns, 2.6086 ns/op

WorkloadWarmup   1: 131072 op, 890748155.00 ns, 6.7959 us/op
WorkloadWarmup   2: 131072 op, 889843301.00 ns, 6.7890 us/op
WorkloadWarmup   3: 131072 op, 883924174.00 ns, 6.7438 us/op

// BeforeActualRun
WorkloadActual   1: 131072 op, 886430326.00 ns, 6.7629 us/op
WorkloadActual   2: 131072 op, 892476160.00 ns, 6.8091 us/op
WorkloadActual   3: 131072 op, 886076351.00 ns, 6.7602 us/op

// AfterActualRun
WorkloadResult   1: 131072 op, 886082111.00 ns, 6.7603 us/op
WorkloadResult   2: 131072 op, 892127945.00 ns, 6.8064 us/op
WorkloadResult   3: 131072 op, 885728136.00 ns, 6.7576 us/op
// GC:  290 11 0 4864409248 131072
// Threading:  0 0 131072

// AfterAll
// Benchmark Process 3244 has exited with code 0.

Mean = 6.775 μs, StdErr = 0.016 μs (0.23%), N = 3, StdDev = 0.027 μs
Min = 6.758 μs, Q1 = 6.759 μs, Median = 6.760 μs, Q3 = 6.783 μs, Max = 6.806 μs
IQR = 0.024 μs, LowerFence = 6.722 μs, UpperFence = 6.820 μs
ConfidenceInterval = [6.274 μs; 7.275 μs] (CI 99.9%), Margin = 0.501 μs (7.39% of Mean)
Skewness = 0.38, Kurtosis = 0.67, MValue = 2

// ** Remained 1 (11.1 %) benchmark(s) to run. Estimated finish 2026-10-06 11:53 (0h 0m from now) **
// **************************
// Benchmark: EncryptedFieldBenchmarks.Encrypt_Short_16B: ShortRun(IterationCount=3, LaunchCount=1, WarmupCount=3)
// *** Execute ***
// Launch: 1 / 1
// Execute: dotnet Encina.Audit.Marten.Benchmarks-ShortRun-1.dll --anonymousPipes 144 146 --benchmarkName Encina.Audit.Marten.Benchmarks.EncryptedFieldBenchmarks.Encrypt_Short_16B --job ShortRun --benchmarkId 8 in /home/runner/work/Encina/Encina/tests/Encina.BenchmarkTests/Encina.Audit.Marten.Benchmarks/bin/Release/net10.0/Encina.Audit.Marten.Benchmarks-ShortRun-1/bin/Release/net10.0
// Failed to set up high priority (Permission denied). In order to run benchmarks with high priority, make sure you have the right permissions.
// BeforeAnythingElse

// Benchmark Process Environment Information:
// BenchmarkDotNet v0.15.8
// Runtime=.NET 10.0.12 (10.0.12, 10.0.1226.42308), X64 RyuJIT x86-64-v4
// GC=Concurrent Workstation
// HardwareIntrinsics=AVX512 BITALG+VBMI2+VNNI+VPOPCNTDQ,AVX512 IFMA+VBMI,AVX512 F+BW+CD+DQ+VL,AVX2+BMI1+BMI2+F16C+FMA+LZCNT+MOVBE,AVX,SSE3+SSSE3+SSE4.1+SSE4.2+POPCNT,X86Base+SSE+SSE2,AES+PCLMUL VectorSize=256
// Job: ShortRun(IterationCount=3, LaunchCount=1, WarmupCount=3)

OverheadJitting  1: 1 op, 181809.00 ns, 181.8090 us/op
WorkloadJitting  1: 1 op, 282638.00 ns, 282.6380 us/op

OverheadJitting  2: 16 op, 387684.00 ns, 24.2303 us/op
WorkloadJitting  2: 16 op, 500572.00 ns, 31.2858 us/op

WorkloadPilot    1: 16 op, 113498.00 ns, 7.0936 us/op
WorkloadPilot    2: 32 op, 179656.00 ns, 5.6143 us/op
WorkloadPilot    3: 64 op, 351421.00 ns, 5.4910 us/op
WorkloadPilot    4: 128 op, 654930.00 ns, 5.1166 us/op
WorkloadPilot    5: 256 op, 1186517.00 ns, 4.6348 us/op
WorkloadPilot    6: 512 op, 2385043.00 ns, 4.6583 us/op
WorkloadPilot    7: 1024 op, 4729315.00 ns, 4.6185 us/op
WorkloadPilot    8: 2048 op, 9486701.00 ns, 4.6322 us/op
WorkloadPilot    9: 4096 op, 18808868.00 ns, 4.5920 us/op
WorkloadPilot   10: 8192 op, 37636032.00 ns, 4.5942 us/op
WorkloadPilot   11: 16384 op, 71248444.00 ns, 4.3487 us/op
WorkloadPilot   12: 32768 op, 134590348.00 ns, 4.1074 us/op
WorkloadPilot   13: 65536 op, 263777553.00 ns, 4.0249 us/op
WorkloadPilot   14: 131072 op, 531374182.00 ns, 4.0541 us/op

OverheadWarmup   1: 131072 op, 391239.00 ns, 2.9849 ns/op
OverheadWarmup   2: 131072 op, 397309.00 ns, 3.0312 ns/op
OverheadWarmup   3: 131072 op, 393744.00 ns, 3.0040 ns/op
OverheadWarmup   4: 131072 op, 395837.00 ns, 3.0200 ns/op
OverheadWarmup   5: 131072 op, 382276.00 ns, 2.9165 ns/op

OverheadActual   1: 131072 op, 398891.00 ns, 3.0433 ns/op
OverheadActual   2: 131072 op, 381355.00 ns, 2.9095 ns/op
OverheadActual   3: 131072 op, 381485.00 ns, 2.9105 ns/op
OverheadActual   4: 131072 op, 382457.00 ns, 2.9179 ns/op
OverheadActual   5: 131072 op, 393824.00 ns, 3.0046 ns/op
OverheadActual   6: 131072 op, 382266.00 ns, 2.9165 ns/op
OverheadActual   7: 131072 op, 380774.00 ns, 2.9051 ns/op
OverheadActual   8: 131072 op, 383568.00 ns, 2.9264 ns/op
OverheadActual   9: 131072 op, 394685.00 ns, 3.0112 ns/op
OverheadActual  10: 131072 op, 391971.00 ns, 2.9905 ns/op
OverheadActual  11: 131072 op, 382116.00 ns, 2.9153 ns/op
OverheadActual  12: 131072 op, 380744.00 ns, 2.9048 ns/op
OverheadActual  13: 131072 op, 382667.00 ns, 2.9195 ns/op
OverheadActual  14: 131072 op, 395035.00 ns, 3.0139 ns/op
OverheadActual  15: 131072 op, 392762.00 ns, 2.9965 ns/op

WorkloadWarmup   1: 131072 op, 535981968.00 ns, 4.0892 us/op
WorkloadWarmup   2: 131072 op, 542433167.00 ns, 4.1384 us/op
WorkloadWarmup   3: 131072 op, 531000518.00 ns, 4.0512 us/op

// BeforeActualRun
WorkloadActual   1: 131072 op, 531463804.00 ns, 4.0547 us/op
WorkloadActual   2: 131072 op, 543416210.00 ns, 4.1459 us/op
WorkloadActual   3: 131072 op, 530425786.00 ns, 4.0468 us/op

// AfterActualRun
WorkloadResult   1: 131072 op, 531081137.00 ns, 4.0518 us/op
WorkloadResult   2: 131072 op, 543033543.00 ns, 4.1430 us/op
WorkloadResult   3: 131072 op, 530043119.00 ns, 4.0439 us/op
// GC:  11 0 0 196086400 131072
// Threading:  0 0 131072

// AfterAll
// Benchmark Process 3250 has exited with code 0.

Mean = 4.080 μs, StdErr = 0.032 μs (0.78%), N = 3, StdDev = 0.055 μs
Min = 4.044 μs, Q1 = 4.048 μs, Median = 4.052 μs, Q3 = 4.097 μs, Max = 4.143 μs
IQR = 0.050 μs, LowerFence = 3.974 μs, UpperFence = 4.172 μs
ConfidenceInterval = [3.075 μs; 5.084 μs] (CI 99.9%), Margin = 1.005 μs (24.63% of Mean)
Skewness = 0.38, Kurtosis = 0.67, MValue = 2

// ** Remained 0 (0.0 %) benchmark(s) to run. Estimated finish 2026-10-06 11:53 (0h 0m from now) **
// ***** BenchmarkRunner: Finish  *****

// * Export *
  artifacts/performance/AuditMarten/results/Encina.Audit.Marten.Benchmarks.EncryptedFieldBenchmarks-report.csv
  artifacts/performance/AuditMarten/results/Encina.Audit.Marten.Benchmarks.EncryptedFieldBenchmarks-report-github.md
  artifacts/performance/AuditMarten/results/Encina.Audit.Marten.Benchmarks.EncryptedFieldBenchmarks-report.html
  artifacts/performance/AuditMarten/results/Encina.Audit.Marten.Benchmarks.EncryptedFieldBenchmarks-report-full-compressed.json

// * Detailed results *
EncryptedFieldBenchmarks.Encrypt_Medium_256B: ShortRun(IterationCount=3, LaunchCount=1, WarmupCount=3)
Runtime = .NET 10.0.12 (10.0.12, 10.0.1226.42308), X64 RyuJIT x86-64-v4; GC = Concurrent Workstation
Mean = 4.561 μs, StdErr = 0.010 μs (0.21%), N = 3, StdDev = 0.017 μs
Min = 4.546 μs, Q1 = 4.551 μs, Median = 4.557 μs, Q3 = 4.568 μs, Max = 4.579 μs
IQR = 0.017 μs, LowerFence = 4.527 μs, UpperFence = 4.593 μs
ConfidenceInterval = [4.252 μs; 4.870 μs] (CI 99.9%), Margin = 0.309 μs (6.77% of Mean)
Skewness = 0.21, Kurtosis = 0.67, MValue = 2
-------------------- Histogram --------------------
[4.531 μs ; 4.595 μs) | @@@
---------------------------------------------------

EncryptedFieldBenchmarks.Encrypt_VeryLong_64KB: ShortRun(IterationCount=3, LaunchCount=1, WarmupCount=3)
Runtime = .NET 10.0.12 (10.0.12, 10.0.1226.42308), X64 RyuJIT x86-64-v4; GC = Concurrent Workstation
Mean = 107.089 μs, StdErr = 0.236 μs (0.22%), N = 3, StdDev = 0.409 μs
Min = 106.634 μs, Q1 = 106.921 μs, Median = 107.209 μs, Q3 = 107.317 μs, Max = 107.425 μs
IQR = 0.396 μs, LowerFence = 106.328 μs, UpperFence = 107.911 μs
ConfidenceInterval = [99.625 μs; 114.553 μs] (CI 99.9%), Margin = 7.464 μs (6.97% of Mean)
Skewness = -0.27, Kurtosis = 0.67, MValue = 2
-------------------- Histogram --------------------
[106.261 μs ; 107.797 μs) | @@@
---------------------------------------------------

EncryptedFieldBenchmarks.Decrypt_Medium_256B: ShortRun(IterationCount=3, LaunchCount=1, WarmupCount=3)
Runtime = .NET 10.0.12 (10.0.12, 10.0.1226.42308), X64 RyuJIT x86-64-v4; GC = Concurrent Workstation
Mean = 3.507 μs, StdErr = 0.004 μs (0.12%), N = 3, StdDev = 0.007 μs
Min = 3.499 μs, Q1 = 3.504 μs, Median = 3.509 μs, Q3 = 3.511 μs, Max = 3.514 μs
IQR = 0.007 μs, LowerFence = 3.493 μs, UpperFence = 3.522 μs
ConfidenceInterval = [3.371 μs; 3.643 μs] (CI 99.9%), Margin = 0.136 μs (3.88% of Mean)
Skewness = -0.16, Kurtosis = 0.67, MValue = 2
-------------------- Histogram --------------------
[3.493 μs ; 3.521 μs) | @@@
---------------------------------------------------

EncryptedFieldBenchmarks.Decrypt_Long_4KB: ShortRun(IterationCount=3, LaunchCount=1, WarmupCount=3)
Runtime = .NET 10.0.12 (10.0.12, 10.0.1226.42308), X64 RyuJIT x86-64-v4; GC = Concurrent Workstation
Mean = 6.185 μs, StdErr = 0.060 μs (0.97%), N = 3, StdDev = 0.103 μs
Min = 6.070 μs, Q1 = 6.141 μs, Median = 6.212 μs, Q3 = 6.242 μs, Max = 6.272 μs
IQR = 0.101 μs, LowerFence = 5.990 μs, UpperFence = 6.393 μs
ConfidenceInterval = [4.298 μs; 8.071 μs] (CI 99.9%), Margin = 1.886 μs (30.50% of Mean)
Skewness = -0.25, Kurtosis = 0.67, MValue = 2
-------------------- Histogram --------------------
[5.976 μs ; 6.148 μs) | @
[6.148 μs ; 6.366 μs) | @@
---------------------------------------------------

EncryptedFieldBenchmarks.DecryptOrPlaceholder_NullKey: ShortRun(IterationCount=3, LaunchCount=1, WarmupCount=3)
Runtime = .NET 10.0.12 (10.0.12, 10.0.1226.42308), X64 RyuJIT x86-64-v4; GC = Concurrent Workstation
Mean = 0.918 ns, StdErr = 0.088 ns (9.56%), N = 3, StdDev = 0.152 ns
Min = 0.817 ns, Q1 = 0.830 ns, Median = 0.844 ns, Q3 = 0.968 ns, Max = 1.092 ns
IQR = 0.138 ns, LowerFence = 0.623 ns, UpperFence = 1.175 ns
ConfidenceInterval = [-1.854 ns; 3.689 ns] (CI 99.9%), Margin = 2.771 ns (301.98% of Mean)
Skewness = 0.37, Kurtosis = 0.67, MValue = 2
-------------------- Histogram --------------------
[0.816 ns ; 1.093 ns) | @@@
---------------------------------------------------

EncryptedFieldBenchmarks.Decrypt_Short_16B: ShortRun(IterationCount=3, LaunchCount=1, WarmupCount=3)
Runtime = .NET 10.0.12 (10.0.12, 10.0.1226.42308), X64 RyuJIT x86-64-v4; GC = Concurrent Workstation
Mean = 3.269 μs, StdErr = 0.006 μs (0.20%), N = 3, StdDev = 0.011 μs
Min = 3.259 μs, Q1 = 3.263 μs, Median = 3.267 μs, Q3 = 3.274 μs, Max = 3.281 μs
IQR = 0.011 μs, LowerFence = 3.247 μs, UpperFence = 3.291 μs
ConfidenceInterval = [3.067 μs; 3.472 μs] (CI 99.9%), Margin = 0.203 μs (6.19% of Mean)
Skewness = 0.17, Kurtosis = 0.67, MValue = 2
-------------------- Histogram --------------------
[3.249 μs ; 3.291 μs) | @@@
---------------------------------------------------

EncryptedFieldBenchmarks.Decrypt_VeryLong_64KB: ShortRun(IterationCount=3, LaunchCount=1, WarmupCount=3)
Runtime = .NET 10.0.12 (10.0.12, 10.0.1226.42308), X64 RyuJIT x86-64-v4; GC = Concurrent Workstation
Mean = 90.436 μs, StdErr = 0.323 μs (0.36%), N = 3, StdDev = 0.559 μs
Min = 90.062 μs, Q1 = 90.115 μs, Median = 90.168 μs, Q3 = 90.623 μs, Max = 91.078 μs
IQR = 0.508 μs, LowerFence = 89.353 μs, UpperFence = 91.385 μs
ConfidenceInterval = [80.241 μs; 100.631 μs] (CI 99.9%), Margin = 10.195 μs (11.27% of Mean)
Skewness = 0.37, Kurtosis = 0.67, MValue = 2
-------------------- Histogram --------------------
[90.062 μs ; 91.079 μs) | @@@
---------------------------------------------------

EncryptedFieldBenchmarks.Encrypt_Long_4KB: ShortRun(IterationCount=3, LaunchCount=1, WarmupCount=3)
Runtime = .NET 10.0.12 (10.0.12, 10.0.1226.42308), X64 RyuJIT x86-64-v4; GC = Concurrent Workstation
Mean = 6.775 μs, StdErr = 0.016 μs (0.23%), N = 3, StdDev = 0.027 μs
Min = 6.758 μs, Q1 = 6.759 μs, Median = 6.760 μs, Q3 = 6.783 μs, Max = 6.806 μs
IQR = 0.024 μs, LowerFence = 6.722 μs, UpperFence = 6.820 μs
ConfidenceInterval = [6.274 μs; 7.275 μs] (CI 99.9%), Margin = 0.501 μs (7.39% of Mean)
Skewness = 0.38, Kurtosis = 0.67, MValue = 2
-------------------- Histogram --------------------
[6.757 μs ; 6.807 μs) | @@@
---------------------------------------------------

EncryptedFieldBenchmarks.Encrypt_Short_16B: ShortRun(IterationCount=3, LaunchCount=1, WarmupCount=3)
Runtime = .NET 10.0.12 (10.0.12, 10.0.1226.42308), X64 RyuJIT x86-64-v4; GC = Concurrent Workstation
Mean = 4.080 μs, StdErr = 0.032 μs (0.78%), N = 3, StdDev = 0.055 μs
Min = 4.044 μs, Q1 = 4.048 μs, Median = 4.052 μs, Q3 = 4.097 μs, Max = 4.143 μs
IQR = 0.050 μs, LowerFence = 3.974 μs, UpperFence = 4.172 μs
ConfidenceInterval = [3.075 μs; 5.084 μs] (CI 99.9%), Margin = 1.005 μs (24.63% of Mean)
Skewness = 0.38, Kurtosis = 0.67, MValue = 2
-------------------- Histogram --------------------
[4.043 μs ; 4.144 μs) | @@@
---------------------------------------------------

// * Summary *

BenchmarkDotNet v0.15.8, Linux Ubuntu 24.04.5 LTS (Noble Numbat)
AMD EPYC 9V74 2.60GHz, 1 CPU, 4 logical and 2 physical cores
.NET SDK 10.0.401
  [Host]   : .NET 10.0.12 (10.0.12, 10.0.1226.42308), X64 RyuJIT x86-64-v4
  ShortRun : .NET 10.0.12 (10.0.12, 10.0.1226.42308), X64 RyuJIT x86-64-v4

Job=ShortRun  IterationCount=3  LaunchCount=1  
WarmupCount=3  

| Method                       | Mean            | Error          | StdDev      | Ratio  | RatioSD | Rank | Gen0     | Gen1     | Gen2     | Allocated | Alloc Ratio |
|----------------------------- |----------------:|---------------:|------------:|-------:|--------:|-----:|---------:|---------:|---------:|----------:|------------:|
| Encrypt_Medium_256B          |   4,560.7093 ns |    308.7914 ns |  16.9259 ns |  1.118 |    0.01 |    2 |   0.4501 |   0.0076 |        - |    7568 B |        5.06 |
| Encrypt_VeryLong_64KB        | 107,089.3062 ns |  7,464.0026 ns | 409.1272 ns | 26.253 |    0.32 |    4 | 137.8174 | 137.8174 | 137.8174 |  569669 B |      380.79 |
| Decrypt_Medium_256B          |   3,507.4158 ns |    136.0058 ns |   7.4549 ns |  0.860 |    0.01 |    2 |   0.0763 |        - |        - |    1312 B |        0.88 |
| Decrypt_Long_4KB             |   6,184.5908 ns |  1,886.4818 ns | 103.4044 ns |  1.516 |    0.03 |    3 |   0.9918 |        - |        - |   16672 B |       11.14 |
| DecryptOrPlaceholder_NullKey |       0.9177 ns |      2.7714 ns |   0.1519 ns |  0.000 |    0.00 |    1 |        - |        - |        - |         - |        0.00 |
| Decrypt_Short_16B            |   3,269.4390 ns |    202.5351 ns |  11.1016 ns |  0.802 |    0.01 |    2 |   0.0191 |        - |        - |     344 B |        0.23 |
| Decrypt_VeryLong_64KB        |  90,436.0824 ns | 10,194.6332 ns | 558.8022 ns | 22.171 |    0.28 |    4 |  41.6260 |  41.6260 |  41.6260 |  262483 B |      175.46 |
| Encrypt_Long_4KB             |   6,774.7452 ns |    500.6758 ns |  27.4437 ns |  1.661 |    0.02 |    3 |   2.2125 |   0.0839 |        - |   37112 B |       24.81 |
| Encrypt_Short_16B            |   4,079.5842 ns |  1,004.8100 ns |  55.0770 ns |  1.000 |    0.02 |    2 |   0.0839 |        - |        - |    1496 B |        1.00 |
// * Config Issues *

// * Warnings *
Configuration
  Summary -> The exporter CsvExporter is already present in configuration. There may be unexpected results.
  Summary -> The exporter HtmlExporter is already present in configuration. There may be unexpected results.
  Summary -> The exporter MarkdownExporter-github is already present in configuration. There may be unexpected results.

// * Legends *
  Mean        : Arithmetic mean of all measurements
  Error       : Half of 99.9% confidence interval
  StdDev      : Standard deviation of all measurements
  Ratio       : Mean of the ratio distribution ([Current]/[Baseline])
  RatioSD     : Standard deviation of the ratio distribution ([Current]/[Baseline])
  Rank        : Relative position of current benchmark mean among all benchmarks (Arabic style)
  Gen0        : GC Generation 0 collects per 1000 operations
  Gen1        : GC Generation 1 collects per 1000 operations
  Gen2        : GC Generation 2 collects per 1000 operations
  Allocated   : Allocated memory per single operation (managed only, inclusive, 1KB = 1024B)
  Alloc Ratio : Allocated memory ratio distribution ([Current]/[Baseline])
  1 ns        : 1 Nanosecond (0.000000001 sec)

// * Diagnostic Output - MemoryDiagnoser *


// ***** BenchmarkRunner: End *****
Run time: 00:01:27 (87.57 sec), executed benchmarks: 9

Global total time: 00:02:55 (175.75 sec), executed benchmarks: 9
// * Artifacts cleanup *
Artifacts cleanup is finished
