// Validating benchmarks:
// ***** BenchmarkRunner: Start   *****
// ***** Found 8 benchmark(s) in total *****
// ***** Building 1 exe(s) in Parallel: Start   *****
// start dotnet  restore --nodeReuse:false /p:UseSharedCompilation=false /p:Deterministic=true /p:Optimize=true /p:ArtifactsPath="/home/runner/work/Encina/Encina/tests/Encina.BenchmarkTests/Encina.Benchmarks/bin/Release/net10.0/Encina.Benchmarks-ShortRun-1/" /p:OutDir="/home/runner/work/Encina/Encina/tests/Encina.BenchmarkTests/Encina.Benchmarks/bin/Release/net10.0/Encina.Benchmarks-ShortRun-1/bin/Release/net10.0/" /p:OutputPath="/home/runner/work/Encina/Encina/tests/Encina.BenchmarkTests/Encina.Benchmarks/bin/Release/net10.0/Encina.Benchmarks-ShortRun-1/bin/Release/net10.0/" /p:PublishDir="/home/runner/work/Encina/Encina/tests/Encina.BenchmarkTests/Encina.Benchmarks/bin/Release/net10.0/Encina.Benchmarks-ShortRun-1/publish/" in /home/runner/work/Encina/Encina/tests/Encina.BenchmarkTests/Encina.Benchmarks/bin/Release/net10.0/Encina.Benchmarks-ShortRun-1
// command took 2.73 sec and exited with 0
// start dotnet  build -c Release --no-restore --nodeReuse:false /p:UseSharedCompilation=false /p:Deterministic=true /p:Optimize=true /p:ArtifactsPath="/home/runner/work/Encina/Encina/tests/Encina.BenchmarkTests/Encina.Benchmarks/bin/Release/net10.0/Encina.Benchmarks-ShortRun-1/" /p:OutDir="/home/runner/work/Encina/Encina/tests/Encina.BenchmarkTests/Encina.Benchmarks/bin/Release/net10.0/Encina.Benchmarks-ShortRun-1/bin/Release/net10.0/" /p:OutputPath="/home/runner/work/Encina/Encina/tests/Encina.BenchmarkTests/Encina.Benchmarks/bin/Release/net10.0/Encina.Benchmarks-ShortRun-1/bin/Release/net10.0/" /p:PublishDir="/home/runner/work/Encina/Encina/tests/Encina.BenchmarkTests/Encina.Benchmarks/bin/Release/net10.0/Encina.Benchmarks-ShortRun-1/publish/" --output "/home/runner/work/Encina/Encina/tests/Encina.BenchmarkTests/Encina.Benchmarks/bin/Release/net10.0/Encina.Benchmarks-ShortRun-1/bin/Release/net10.0/" in /home/runner/work/Encina/Encina/tests/Encina.BenchmarkTests/Encina.Benchmarks/bin/Release/net10.0/Encina.Benchmarks-ShortRun-1
// command took 155.84 sec and exited with 0
// ***** Done, took 00:02:38 (158.72 sec)   *****
// Found 8 benchmarks:
//   StreamRequestBenchmarks.Stream_SmallDataset_10Items: ShortRun(IterationCount=3, LaunchCount=1, WarmupCount=3)
//   StreamRequestBenchmarks.Stream_MediumDataset_100Items: ShortRun(IterationCount=3, LaunchCount=1, WarmupCount=3)
//   StreamRequestBenchmarks.Stream_LargeDataset_1000Items: ShortRun(IterationCount=3, LaunchCount=1, WarmupCount=3)
//   StreamRequestBenchmarks.Stream_WithPipelineBehaviors: ShortRun(IterationCount=3, LaunchCount=1, WarmupCount=3)
//   StreamRequestBenchmarks.Stream_MaterializeToList_100Items: ShortRun(IterationCount=3, LaunchCount=1, WarmupCount=3)
//   StreamRequestBenchmarks.Stream_CountOnly_NoMaterialization: ShortRun(IterationCount=3, LaunchCount=1, WarmupCount=3)
//   StreamRequestBenchmarks.Stream_WithCancellation_EarlyExit: ShortRun(IterationCount=3, LaunchCount=1, WarmupCount=3)
//   StreamRequestBenchmarks.Stream_DirectHandlerInvocation_NoEncina: ShortRun(IterationCount=3, LaunchCount=1, WarmupCount=3)

// **************************
// Benchmark: StreamRequestBenchmarks.Stream_SmallDataset_10Items: ShortRun(IterationCount=3, LaunchCount=1, WarmupCount=3)
// *** Execute ***
// Launch: 1 / 1
// Execute: dotnet Encina.Benchmarks-ShortRun-1.dll --anonymousPipes 226 227 --benchmarkName Encina.Benchmarks.StreamRequestBenchmarks.Stream_SmallDataset_10Items --job ShortRun --benchmarkId 0 in /home/runner/work/Encina/Encina/tests/Encina.BenchmarkTests/Encina.Benchmarks/bin/Release/net10.0/Encina.Benchmarks-ShortRun-1/bin/Release/net10.0
// Failed to set up high priority (Permission denied). In order to run benchmarks with high priority, make sure you have the right permissions.
// BeforeAnythingElse

// Benchmark Process Environment Information:
// BenchmarkDotNet v0.15.8
// Runtime=.NET 10.0.12 (10.0.12, 10.0.1226.42308), X64 RyuJIT x86-64-v4
// GC=Concurrent Workstation
// HardwareIntrinsics=AVX512 BITALG+VBMI2+VNNI+VPOPCNTDQ,AVX512 IFMA+VBMI,AVX512 F+BW+CD+DQ+VL,AVX2+BMI1+BMI2+F16C+FMA+LZCNT+MOVBE,AVX,SSE3+SSSE3+SSE4.1+SSE4.2+POPCNT,X86Base+SSE+SSE2,AES+PCLMUL VectorSize=256
// Job: ShortRun(IterationCount=3, LaunchCount=1, WarmupCount=3)

OverheadJitting  1: 1 op, 160531.00 ns, 160.5310 us/op
WorkloadJitting  1: 1 op, 86425725.00 ns, 86.4257 ms/op

WorkloadPilot    1: 2 op, 1715112.00 ns, 857.5560 us/op
WorkloadPilot    2: 3 op, 95954.00 ns, 31.9847 us/op
WorkloadPilot    3: 4 op, 96314.00 ns, 24.0785 us/op
WorkloadPilot    4: 5 op, 72979.00 ns, 14.5958 us/op
WorkloadPilot    5: 6 op, 91186.00 ns, 15.1977 us/op
WorkloadPilot    6: 7 op, 213501.00 ns, 30.5001 us/op
WorkloadPilot    7: 8 op, 256955.00 ns, 32.1194 us/op
WorkloadPilot    8: 9 op, 285728.00 ns, 31.7476 us/op
WorkloadPilot    9: 10 op, 134662.00 ns, 13.4662 us/op
WorkloadPilot   10: 11 op, 400721.00 ns, 36.4292 us/op
WorkloadPilot   11: 12 op, 232288.00 ns, 19.3573 us/op
WorkloadPilot   12: 13 op, 178738.00 ns, 13.7491 us/op
WorkloadPilot   13: 14 op, 202865.00 ns, 14.4904 us/op
WorkloadPilot   14: 15 op, 272628.00 ns, 18.1752 us/op
WorkloadPilot   15: 16 op, 983605.00 ns, 61.4753 us/op
WorkloadPilot   16: 32 op, 418327.00 ns, 13.0727 us/op
WorkloadPilot   17: 64 op, 925267.00 ns, 14.4573 us/op
WorkloadPilot   18: 128 op, 1818056.00 ns, 14.2036 us/op
WorkloadPilot   19: 256 op, 3615893.00 ns, 14.1246 us/op
WorkloadPilot   20: 512 op, 7150904.00 ns, 13.9666 us/op
WorkloadPilot   21: 1024 op, 14247706.00 ns, 13.9138 us/op
WorkloadPilot   22: 2048 op, 21652400.00 ns, 10.5725 us/op
WorkloadPilot   23: 4096 op, 36850592.00 ns, 8.9967 us/op
WorkloadPilot   24: 8192 op, 75985764.00 ns, 9.2756 us/op
WorkloadPilot   25: 16384 op, 149260843.00 ns, 9.1102 us/op
WorkloadPilot   26: 32768 op, 293776040.00 ns, 8.9653 us/op
WorkloadPilot   27: 65536 op, 587404970.00 ns, 8.9631 us/op

WorkloadWarmup   1: 65536 op, 586735125.00 ns, 8.9529 us/op
WorkloadWarmup   2: 65536 op, 589142255.00 ns, 8.9896 us/op
WorkloadWarmup   3: 65536 op, 593800531.00 ns, 9.0607 us/op

// BeforeActualRun
WorkloadActual   1: 65536 op, 588361084.00 ns, 8.9777 us/op
WorkloadActual   2: 65536 op, 591525760.00 ns, 9.0260 us/op
WorkloadActual   3: 65536 op, 592271358.00 ns, 9.0373 us/op

// AfterActualRun
WorkloadResult   1: 65536 op, 588361084.00 ns, 8.9777 us/op
WorkloadResult   2: 65536 op, 591525760.00 ns, 9.0260 us/op
WorkloadResult   3: 65536 op, 592271358.00 ns, 9.0373 us/op
// GC:  50 0 0 842542648 65536
// Threading:  0 0 65536

// AfterAll
// Benchmark Process 3655 has exited with code 0.

Mean = 9.014 μs, StdErr = 0.018 μs (0.20%), N = 3, StdDev = 0.032 μs
Min = 8.978 μs, Q1 = 9.002 μs, Median = 9.026 μs, Q3 = 9.032 μs, Max = 9.037 μs
IQR = 0.030 μs, LowerFence = 8.957 μs, UpperFence = 9.076 μs
ConfidenceInterval = [8.436 μs; 9.592 μs] (CI 99.9%), Margin = 0.578 μs (6.41% of Mean)
Skewness = -0.33, Kurtosis = 0.67, MValue = 2

// ** Remained 7 (87.5 %) benchmark(s) to run. Estimated finish 2026-10-10 21:22 (0h 0m from now) **
// **************************
// Benchmark: StreamRequestBenchmarks.Stream_MediumDataset_100Items: ShortRun(IterationCount=3, LaunchCount=1, WarmupCount=3)
// *** Execute ***
// Launch: 1 / 1
// Execute: dotnet Encina.Benchmarks-ShortRun-1.dll --anonymousPipes 226 227 --benchmarkName Encina.Benchmarks.StreamRequestBenchmarks.Stream_MediumDataset_100Items --job ShortRun --benchmarkId 1 in /home/runner/work/Encina/Encina/tests/Encina.BenchmarkTests/Encina.Benchmarks/bin/Release/net10.0/Encina.Benchmarks-ShortRun-1/bin/Release/net10.0
// Failed to set up high priority (Permission denied). In order to run benchmarks with high priority, make sure you have the right permissions.
// BeforeAnythingElse

// Benchmark Process Environment Information:
// BenchmarkDotNet v0.15.8
// Runtime=.NET 10.0.12 (10.0.12, 10.0.1226.42308), X64 RyuJIT x86-64-v4
// GC=Concurrent Workstation
// HardwareIntrinsics=AVX512 BITALG+VBMI2+VNNI+VPOPCNTDQ,AVX512 IFMA+VBMI,AVX512 F+BW+CD+DQ+VL,AVX2+BMI1+BMI2+F16C+FMA+LZCNT+MOVBE,AVX,SSE3+SSSE3+SSE4.1+SSE4.2+POPCNT,X86Base+SSE+SSE2,AES+PCLMUL VectorSize=256
// Job: ShortRun(IterationCount=3, LaunchCount=1, WarmupCount=3)

OverheadJitting  1: 1 op, 162865.00 ns, 162.8650 us/op
WorkloadJitting  1: 1 op, 86962520.00 ns, 86.9625 ms/op

WorkloadPilot    1: 2 op, 2012738.00 ns, 1.0064 ms/op
WorkloadPilot    2: 3 op, 290996.00 ns, 96.9987 us/op
WorkloadPilot    3: 4 op, 300270.00 ns, 75.0675 us/op
WorkloadPilot    4: 5 op, 436835.00 ns, 87.3670 us/op
WorkloadPilot    5: 6 op, 1086470.00 ns, 181.0783 us/op
WorkloadPilot    6: 7 op, 1527090.00 ns, 218.1557 us/op
WorkloadPilot    7: 8 op, 1159859.00 ns, 144.9824 us/op
WorkloadPilot    8: 9 op, 1679028.00 ns, 186.5587 us/op
WorkloadPilot    9: 10 op, 759729.00 ns, 75.9729 us/op
WorkloadPilot   10: 11 op, 789955.00 ns, 71.8141 us/op
WorkloadPilot   11: 12 op, 841071.00 ns, 70.0893 us/op
WorkloadPilot   12: 13 op, 907641.00 ns, 69.8185 us/op
WorkloadPilot   13: 14 op, 943966.00 ns, 67.4261 us/op
WorkloadPilot   14: 15 op, 1012378.00 ns, 67.4919 us/op
WorkloadPilot   15: 16 op, 1066049.00 ns, 66.6281 us/op
WorkloadPilot   16: 32 op, 2735753.00 ns, 85.4923 us/op
WorkloadPilot   17: 64 op, 6068791.00 ns, 94.8249 us/op
WorkloadPilot   18: 128 op, 12094778.00 ns, 94.4905 us/op
WorkloadPilot   19: 256 op, 20314163.00 ns, 79.3522 us/op
WorkloadPilot   20: 512 op, 31136343.00 ns, 60.8132 us/op
WorkloadPilot   21: 1024 op, 62488108.00 ns, 61.0235 us/op
WorkloadPilot   22: 2048 op, 124673582.00 ns, 60.8758 us/op
WorkloadPilot   23: 4096 op, 248660535.00 ns, 60.7081 us/op
WorkloadPilot   24: 8192 op, 496814169.00 ns, 60.6463 us/op
WorkloadPilot   25: 16384 op, 1009153888.00 ns, 61.5939 us/op

WorkloadWarmup   1: 16384 op, 993494314.00 ns, 60.6381 us/op
WorkloadWarmup   2: 16384 op, 1002645915.00 ns, 61.1967 us/op
WorkloadWarmup   3: 16384 op, 1006516478.00 ns, 61.4329 us/op

// BeforeActualRun
WorkloadActual   1: 16384 op, 1002727999.00 ns, 61.2017 us/op
WorkloadActual   2: 16384 op, 997936023.00 ns, 60.9092 us/op
WorkloadActual   3: 16384 op, 998336253.00 ns, 60.9336 us/op

// AfterActualRun
WorkloadResult   1: 16384 op, 1002727999.00 ns, 61.2017 us/op
WorkloadResult   2: 16384 op, 997936023.00 ns, 60.9092 us/op
WorkloadResult   3: 16384 op, 998336253.00 ns, 60.9336 us/op
// GC:  85 0 0 1425690096 16384
// Threading:  0 0 16384

// AfterAll
// Benchmark Process 3669 has exited with code 0.

Mean = 61.015 μs, StdErr = 0.094 μs (0.15%), N = 3, StdDev = 0.162 μs
Min = 60.909 μs, Q1 = 60.921 μs, Median = 60.934 μs, Q3 = 61.068 μs, Max = 61.202 μs
IQR = 0.146 μs, LowerFence = 60.702 μs, UpperFence = 61.287 μs
ConfidenceInterval = [58.054 μs; 63.975 μs] (CI 99.9%), Margin = 2.960 μs (4.85% of Mean)
Skewness = 0.38, Kurtosis = 0.67, MValue = 2

// ** Remained 6 (75.0 %) benchmark(s) to run. Estimated finish 2026-10-10 21:22 (0h 0m from now) **
// **************************
// Benchmark: StreamRequestBenchmarks.Stream_LargeDataset_1000Items: ShortRun(IterationCount=3, LaunchCount=1, WarmupCount=3)
// *** Execute ***
// Launch: 1 / 1
// Execute: dotnet Encina.Benchmarks-ShortRun-1.dll --anonymousPipes 226 227 --benchmarkName Encina.Benchmarks.StreamRequestBenchmarks.Stream_LargeDataset_1000Items --job ShortRun --benchmarkId 2 in /home/runner/work/Encina/Encina/tests/Encina.BenchmarkTests/Encina.Benchmarks/bin/Release/net10.0/Encina.Benchmarks-ShortRun-1/bin/Release/net10.0
// Failed to set up high priority (Permission denied). In order to run benchmarks with high priority, make sure you have the right permissions.
// BeforeAnythingElse

// Benchmark Process Environment Information:
// BenchmarkDotNet v0.15.8
// Runtime=.NET 10.0.12 (10.0.12, 10.0.1226.42308), X64 RyuJIT x86-64-v4
// GC=Concurrent Workstation
// HardwareIntrinsics=AVX512 BITALG+VBMI2+VNNI+VPOPCNTDQ,AVX512 IFMA+VBMI,AVX512 F+BW+CD+DQ+VL,AVX2+BMI1+BMI2+F16C+FMA+LZCNT+MOVBE,AVX,SSE3+SSSE3+SSE4.1+SSE4.2+POPCNT,X86Base+SSE+SSE2,AES+PCLMUL VectorSize=256
// Job: ShortRun(IterationCount=3, LaunchCount=1, WarmupCount=3)

OverheadJitting  1: 1 op, 195633.00 ns, 195.6330 us/op
WorkloadJitting  1: 1 op, 87786266.00 ns, 87.7863 ms/op

WorkloadPilot    1: 2 op, 4168620.00 ns, 2.0843 ms/op
WorkloadPilot    2: 3 op, 5202791.00 ns, 1.7343 ms/op
WorkloadPilot    3: 4 op, 2821901.00 ns, 705.4753 us/op
WorkloadPilot    4: 5 op, 5236151.00 ns, 1.0472 ms/op
WorkloadPilot    5: 6 op, 4387388.00 ns, 731.2313 us/op
WorkloadPilot    6: 7 op, 5160377.00 ns, 737.1967 us/op
WorkloadPilot    7: 8 op, 5563442.00 ns, 695.4303 us/op
WorkloadPilot    8: 9 op, 6092995.00 ns, 676.9994 us/op
WorkloadPilot    9: 10 op, 6761208.00 ns, 676.1208 us/op
WorkloadPilot   10: 11 op, 7215719.00 ns, 655.9745 us/op
WorkloadPilot   11: 12 op, 7603621.00 ns, 633.6351 us/op
WorkloadPilot   12: 13 op, 7792133.00 ns, 599.3948 us/op
WorkloadPilot   13: 14 op, 8346705.00 ns, 596.1932 us/op
WorkloadPilot   14: 15 op, 8970510.00 ns, 598.0340 us/op
WorkloadPilot   15: 16 op, 9509388.00 ns, 594.3368 us/op
WorkloadPilot   16: 32 op, 20541451.00 ns, 641.9203 us/op
WorkloadPilot   17: 64 op, 37267360.00 ns, 582.3025 us/op
WorkloadPilot   18: 128 op, 74645876.00 ns, 583.1709 us/op
WorkloadPilot   19: 256 op, 149267816.00 ns, 583.0774 us/op
WorkloadPilot   20: 512 op, 296581730.00 ns, 579.2612 us/op
WorkloadPilot   21: 1024 op, 595406644.00 ns, 581.4518 us/op

WorkloadWarmup   1: 1024 op, 595814335.00 ns, 581.8499 us/op
WorkloadWarmup   2: 1024 op, 600550678.00 ns, 586.4753 us/op
WorkloadWarmup   3: 1024 op, 598397299.00 ns, 584.3724 us/op

// BeforeActualRun
WorkloadActual   1: 1024 op, 597753082.00 ns, 583.7432 us/op
WorkloadActual   2: 1024 op, 598214575.00 ns, 584.1939 us/op
WorkloadActual   3: 1024 op, 609687577.00 ns, 595.3980 us/op

// AfterActualRun
WorkloadResult   1: 1024 op, 597753082.00 ns, 583.7432 us/op
WorkloadResult   2: 1024 op, 598214575.00 ns, 584.1939 us/op
WorkloadResult   3: 1024 op, 609687577.00 ns, 595.3980 us/op
// GC:  50 0 0 848514616 1024
// Threading:  0 0 1024

// AfterAll
// Benchmark Process 3680 has exited with code 0.

Mean = 587.778 μs, StdErr = 3.812 μs (0.65%), N = 3, StdDev = 6.603 μs
Min = 583.743 μs, Q1 = 583.969 μs, Median = 584.194 μs, Q3 = 589.796 μs, Max = 595.398 μs
IQR = 5.827 μs, LowerFence = 575.227 μs, UpperFence = 598.537 μs
ConfidenceInterval = [467.322 μs; 708.235 μs] (CI 99.9%), Margin = 120.457 μs (20.49% of Mean)
Skewness = 0.38, Kurtosis = 0.67, MValue = 2

// ** Remained 5 (62.5 %) benchmark(s) to run. Estimated finish 2026-10-10 21:22 (0h 0m from now) **
// **************************
// Benchmark: StreamRequestBenchmarks.Stream_WithPipelineBehaviors: ShortRun(IterationCount=3, LaunchCount=1, WarmupCount=3)
// *** Execute ***
// Launch: 1 / 1
// Execute: dotnet Encina.Benchmarks-ShortRun-1.dll --anonymousPipes 226 227 --benchmarkName Encina.Benchmarks.StreamRequestBenchmarks.Stream_WithPipelineBehaviors --job ShortRun --benchmarkId 3 in /home/runner/work/Encina/Encina/tests/Encina.BenchmarkTests/Encina.Benchmarks/bin/Release/net10.0/Encina.Benchmarks-ShortRun-1/bin/Release/net10.0
// Failed to set up high priority (Permission denied). In order to run benchmarks with high priority, make sure you have the right permissions.
// BeforeAnythingElse

// Benchmark Process Environment Information:
// BenchmarkDotNet v0.15.8
// Runtime=.NET 10.0.12 (10.0.12, 10.0.1226.42308), X64 RyuJIT x86-64-v4
// GC=Concurrent Workstation
// HardwareIntrinsics=AVX512 BITALG+VBMI2+VNNI+VPOPCNTDQ,AVX512 IFMA+VBMI,AVX512 F+BW+CD+DQ+VL,AVX2+BMI1+BMI2+F16C+FMA+LZCNT+MOVBE,AVX,SSE3+SSSE3+SSE4.1+SSE4.2+POPCNT,X86Base+SSE+SSE2,AES+PCLMUL VectorSize=256
// Job: ShortRun(IterationCount=3, LaunchCount=1, WarmupCount=3)

OverheadJitting  1: 1 op, 161352.00 ns, 161.3520 us/op
WorkloadJitting  1: 1 op, 96050490.00 ns, 96.0505 ms/op

WorkloadPilot    1: 2 op, 2248662.00 ns, 1.1243 ms/op
WorkloadPilot    2: 3 op, 231127.00 ns, 77.0423 us/op
WorkloadPilot    3: 4 op, 351387.00 ns, 87.8468 us/op
WorkloadPilot    4: 5 op, 306660.00 ns, 61.3320 us/op
WorkloadPilot    5: 6 op, 418778.00 ns, 69.7963 us/op
WorkloadPilot    6: 7 op, 600951.00 ns, 85.8501 us/op
WorkloadPilot    7: 8 op, 1203555.00 ns, 150.4444 us/op
WorkloadPilot    8: 9 op, 706059.00 ns, 78.4510 us/op
WorkloadPilot    9: 10 op, 1326028.00 ns, 132.6028 us/op
WorkloadPilot   10: 11 op, 597516.00 ns, 54.3196 us/op
WorkloadPilot   11: 12 op, 661753.00 ns, 55.1461 us/op
WorkloadPilot   12: 13 op, 717857.00 ns, 55.2198 us/op
WorkloadPilot   13: 14 op, 746840.00 ns, 53.3457 us/op
WorkloadPilot   14: 15 op, 810696.00 ns, 54.0464 us/op
WorkloadPilot   15: 16 op, 837276.00 ns, 52.3298 us/op
WorkloadPilot   16: 32 op, 2072978.00 ns, 64.7806 us/op
WorkloadPilot   17: 64 op, 4493477.00 ns, 70.2106 us/op
WorkloadPilot   18: 128 op, 9045744.00 ns, 70.6699 us/op
WorkloadPilot   19: 256 op, 17900501.00 ns, 69.9238 us/op
WorkloadPilot   20: 512 op, 28596999.00 ns, 55.8535 us/op
WorkloadPilot   21: 1024 op, 51036655.00 ns, 49.8405 us/op
WorkloadPilot   22: 2048 op, 100996957.00 ns, 49.3149 us/op
WorkloadPilot   23: 4096 op, 202739652.00 ns, 49.4970 us/op
WorkloadPilot   24: 8192 op, 404612574.00 ns, 49.3912 us/op
WorkloadPilot   25: 16384 op, 808649805.00 ns, 49.3561 us/op

WorkloadWarmup   1: 16384 op, 813942483.00 ns, 49.6791 us/op
WorkloadWarmup   2: 16384 op, 815797301.00 ns, 49.7923 us/op
WorkloadWarmup   3: 16384 op, 815170662.00 ns, 49.7541 us/op

// BeforeActualRun
WorkloadActual   1: 16384 op, 812796242.00 ns, 49.6091 us/op
WorkloadActual   2: 16384 op, 814375770.00 ns, 49.7056 us/op
WorkloadActual   3: 16384 op, 813457333.00 ns, 49.6495 us/op

// AfterActualRun
WorkloadResult   1: 16384 op, 812796242.00 ns, 49.6091 us/op
WorkloadResult   2: 16384 op, 814375770.00 ns, 49.7056 us/op
WorkloadResult   3: 16384 op, 813457333.00 ns, 49.6495 us/op
// GC:  50 0 0 844509136 16384
// Threading:  0 0 16384

// AfterAll
// Benchmark Process 3695 has exited with code 0.

Mean = 49.655 μs, StdErr = 0.028 μs (0.06%), N = 3, StdDev = 0.048 μs
Min = 49.609 μs, Q1 = 49.629 μs, Median = 49.649 μs, Q3 = 49.678 μs, Max = 49.706 μs
IQR = 0.048 μs, LowerFence = 49.557 μs, UpperFence = 49.750 μs
ConfidenceInterval = [48.771 μs; 50.538 μs] (CI 99.9%), Margin = 0.883 μs (1.78% of Mean)
Skewness = 0.11, Kurtosis = 0.67, MValue = 2

// ** Remained 4 (50.0 %) benchmark(s) to run. Estimated finish 2026-10-10 21:22 (0h 0m from now) **
// **************************
// Benchmark: StreamRequestBenchmarks.Stream_MaterializeToList_100Items: ShortRun(IterationCount=3, LaunchCount=1, WarmupCount=3)
// *** Execute ***
// Launch: 1 / 1
// Execute: dotnet Encina.Benchmarks-ShortRun-1.dll --anonymousPipes 226 227 --benchmarkName Encina.Benchmarks.StreamRequestBenchmarks.Stream_MaterializeToList_100Items --job ShortRun --benchmarkId 4 in /home/runner/work/Encina/Encina/tests/Encina.BenchmarkTests/Encina.Benchmarks/bin/Release/net10.0/Encina.Benchmarks-ShortRun-1/bin/Release/net10.0
// Failed to set up high priority (Permission denied). In order to run benchmarks with high priority, make sure you have the right permissions.
// BeforeAnythingElse

// Benchmark Process Environment Information:
// BenchmarkDotNet v0.15.8
// Runtime=.NET 10.0.12 (10.0.12, 10.0.1226.42308), X64 RyuJIT x86-64-v4
// GC=Concurrent Workstation
// HardwareIntrinsics=AVX512 BITALG+VBMI2+VNNI+VPOPCNTDQ,AVX512 IFMA+VBMI,AVX512 F+BW+CD+DQ+VL,AVX2+BMI1+BMI2+F16C+FMA+LZCNT+MOVBE,AVX,SSE3+SSSE3+SSE4.1+SSE4.2+POPCNT,X86Base+SSE+SSE2,AES+PCLMUL VectorSize=256
// Job: ShortRun(IterationCount=3, LaunchCount=1, WarmupCount=3)

OverheadJitting  1: 1 op, 162073.00 ns, 162.0730 us/op
WorkloadJitting  1: 1 op, 87538347.00 ns, 87.5383 ms/op

WorkloadPilot    1: 2 op, 1939337.00 ns, 969.6685 us/op
WorkloadPilot    2: 3 op, 366209.00 ns, 122.0697 us/op
WorkloadPilot    3: 4 op, 316013.00 ns, 79.0033 us/op
WorkloadPilot    4: 5 op, 485728.00 ns, 97.1456 us/op
WorkloadPilot    5: 6 op, 927290.00 ns, 154.5483 us/op
WorkloadPilot    6: 7 op, 1543304.00 ns, 220.4720 us/op
WorkloadPilot    7: 8 op, 786269.00 ns, 98.2836 us/op
WorkloadPilot    8: 9 op, 716854.00 ns, 79.6504 us/op
WorkloadPilot    9: 10 op, 812468.00 ns, 81.2468 us/op
WorkloadPilot   10: 11 op, 836975.00 ns, 76.0886 us/op
WorkloadPilot   11: 12 op, 902573.00 ns, 75.2144 us/op
WorkloadPilot   12: 13 op, 963625.00 ns, 74.1250 us/op
WorkloadPilot   13: 14 op, 1046869.00 ns, 74.7764 us/op
WorkloadPilot   14: 15 op, 1145477.00 ns, 76.3651 us/op
WorkloadPilot   15: 16 op, 1216303.00 ns, 76.0189 us/op
WorkloadPilot   16: 32 op, 2973537.00 ns, 92.9230 us/op
WorkloadPilot   17: 64 op, 6925071.00 ns, 108.2042 us/op
WorkloadPilot   18: 128 op, 13621719.00 ns, 106.4197 us/op
WorkloadPilot   19: 256 op, 20176183.00 ns, 78.8132 us/op
WorkloadPilot   20: 512 op, 33372724.00 ns, 65.1811 us/op
WorkloadPilot   21: 1024 op, 66288624.00 ns, 64.7350 us/op
WorkloadPilot   22: 2048 op, 133614093.00 ns, 65.2413 us/op
WorkloadPilot   23: 4096 op, 266312402.00 ns, 65.0177 us/op
WorkloadPilot   24: 8192 op, 536793824.00 ns, 65.5266 us/op

WorkloadWarmup   1: 8192 op, 538427543.00 ns, 65.7260 us/op
WorkloadWarmup   2: 8192 op, 539872170.00 ns, 65.9024 us/op
WorkloadWarmup   3: 8192 op, 535412527.00 ns, 65.3580 us/op

// BeforeActualRun
WorkloadActual   1: 8192 op, 537052114.00 ns, 65.5581 us/op
WorkloadActual   2: 8192 op, 539847666.00 ns, 65.8994 us/op
WorkloadActual   3: 8192 op, 540773624.00 ns, 66.0124 us/op

// AfterActualRun
WorkloadResult   1: 8192 op, 537052114.00 ns, 65.5581 us/op
WorkloadResult   2: 8192 op, 539847666.00 ns, 65.8994 us/op
WorkloadResult   3: 8192 op, 540773624.00 ns, 66.0124 us/op
// GC:  47 0 0 793258880 8192
// Threading:  0 0 8192

// AfterAll
// Benchmark Process 3707 has exited with code 0.

Mean = 65.823 μs, StdErr = 0.137 μs (0.21%), N = 3, StdDev = 0.237 μs
Min = 65.558 μs, Q1 = 65.729 μs, Median = 65.899 μs, Q3 = 65.956 μs, Max = 66.012 μs
IQR = 0.227 μs, LowerFence = 65.388 μs, UpperFence = 66.297 μs
ConfidenceInterval = [61.509 μs; 70.138 μs] (CI 99.9%), Margin = 4.315 μs (6.56% of Mean)
Skewness = -0.29, Kurtosis = 0.67, MValue = 2

// ** Remained 3 (37.5 %) benchmark(s) to run. Estimated finish 2026-10-10 21:22 (0h 0m from now) **
// **************************
// Benchmark: StreamRequestBenchmarks.Stream_CountOnly_NoMaterialization: ShortRun(IterationCount=3, LaunchCount=1, WarmupCount=3)
// *** Execute ***
// Launch: 1 / 1
// Execute: dotnet Encina.Benchmarks-ShortRun-1.dll --anonymousPipes 226 227 --benchmarkName Encina.Benchmarks.StreamRequestBenchmarks.Stream_CountOnly_NoMaterialization --job ShortRun --benchmarkId 5 in /home/runner/work/Encina/Encina/tests/Encina.BenchmarkTests/Encina.Benchmarks/bin/Release/net10.0/Encina.Benchmarks-ShortRun-1/bin/Release/net10.0
// Failed to set up high priority (Permission denied). In order to run benchmarks with high priority, make sure you have the right permissions.
// BeforeAnythingElse

// Benchmark Process Environment Information:
// BenchmarkDotNet v0.15.8
// Runtime=.NET 10.0.12 (10.0.12, 10.0.1226.42308), X64 RyuJIT x86-64-v4
// GC=Concurrent Workstation
// HardwareIntrinsics=AVX512 BITALG+VBMI2+VNNI+VPOPCNTDQ,AVX512 IFMA+VBMI,AVX512 F+BW+CD+DQ+VL,AVX2+BMI1+BMI2+F16C+FMA+LZCNT+MOVBE,AVX,SSE3+SSSE3+SSE4.1+SSE4.2+POPCNT,X86Base+SSE+SSE2,AES+PCLMUL VectorSize=256
// Job: ShortRun(IterationCount=3, LaunchCount=1, WarmupCount=3)

OverheadJitting  1: 1 op, 167581.00 ns, 167.5810 us/op
WorkloadJitting  1: 1 op, 88283944.00 ns, 88.2839 ms/op

WorkloadPilot    1: 2 op, 2198226.00 ns, 1.0991 ms/op
WorkloadPilot    2: 3 op, 503925.00 ns, 167.9750 us/op
WorkloadPilot    3: 4 op, 552578.00 ns, 138.1445 us/op
WorkloadPilot    4: 5 op, 767300.00 ns, 153.4600 us/op
WorkloadPilot    5: 6 op, 1372538.00 ns, 228.7563 us/op
WorkloadPilot    6: 7 op, 1029914.00 ns, 147.1306 us/op
WorkloadPilot    7: 8 op, 1388092.00 ns, 173.5115 us/op
WorkloadPilot    8: 9 op, 662823.00 ns, 73.6470 us/op
WorkloadPilot    9: 10 op, 707471.00 ns, 70.7471 us/op
WorkloadPilot   10: 11 op, 812859.00 ns, 73.8963 us/op
WorkloadPilot   11: 12 op, 821392.00 ns, 68.4493 us/op
WorkloadPilot   12: 13 op, 893209.00 ns, 68.7084 us/op
WorkloadPilot   13: 14 op, 942083.00 ns, 67.2916 us/op
WorkloadPilot   14: 15 op, 1000250.00 ns, 66.6833 us/op
WorkloadPilot   15: 16 op, 1064265.00 ns, 66.5166 us/op
WorkloadPilot   16: 32 op, 2779709.00 ns, 86.8659 us/op
WorkloadPilot   17: 64 op, 6166888.00 ns, 96.3576 us/op
WorkloadPilot   18: 128 op, 12496789.00 ns, 97.6312 us/op
WorkloadPilot   19: 256 op, 20597476.00 ns, 80.4589 us/op
WorkloadPilot   20: 512 op, 31452714.00 ns, 61.4311 us/op
WorkloadPilot   21: 1024 op, 62975854.00 ns, 61.4999 us/op
WorkloadPilot   22: 2048 op, 122727573.00 ns, 59.9256 us/op
WorkloadPilot   23: 4096 op, 251944808.00 ns, 61.5100 us/op
WorkloadPilot   24: 8192 op, 499960695.00 ns, 61.0304 us/op
WorkloadPilot   25: 16384 op, 1007493433.00 ns, 61.4925 us/op

WorkloadWarmup   1: 16384 op, 993783965.00 ns, 60.6558 us/op
WorkloadWarmup   2: 16384 op, 1008685992.00 ns, 61.5653 us/op
WorkloadWarmup   3: 16384 op, 1029803978.00 ns, 62.8542 us/op

// BeforeActualRun
WorkloadActual   1: 16384 op, 1012680940.00 ns, 61.8091 us/op
WorkloadActual   2: 16384 op, 1005868797.00 ns, 61.3934 us/op
WorkloadActual   3: 16384 op, 1014119980.00 ns, 61.8970 us/op

// AfterActualRun
WorkloadResult   1: 16384 op, 1012680940.00 ns, 61.8091 us/op
WorkloadResult   2: 16384 op, 1005868797.00 ns, 61.3934 us/op
WorkloadResult   3: 16384 op, 1014119980.00 ns, 61.8970 us/op
// GC:  85 0 0 1425690096 16384
// Threading:  0 0 16384

// AfterAll
// Benchmark Process 3720 has exited with code 0.

Mean = 61.700 μs, StdErr = 0.155 μs (0.25%), N = 3, StdDev = 0.269 μs
Min = 61.393 μs, Q1 = 61.601 μs, Median = 61.809 μs, Q3 = 61.853 μs, Max = 61.897 μs
IQR = 0.252 μs, LowerFence = 61.224 μs, UpperFence = 62.231 μs
ConfidenceInterval = [56.792 μs; 66.608 μs] (CI 99.9%), Margin = 4.908 μs (7.95% of Mean)
Skewness = -0.34, Kurtosis = 0.67, MValue = 2

// ** Remained 2 (25.0 %) benchmark(s) to run. Estimated finish 2026-10-10 21:22 (0h 0m from now) **
// **************************
// Benchmark: StreamRequestBenchmarks.Stream_WithCancellation_EarlyExit: ShortRun(IterationCount=3, LaunchCount=1, WarmupCount=3)
// *** Execute ***
// Launch: 1 / 1
// Execute: dotnet Encina.Benchmarks-ShortRun-1.dll --anonymousPipes 226 227 --benchmarkName Encina.Benchmarks.StreamRequestBenchmarks.Stream_WithCancellation_EarlyExit --job ShortRun --benchmarkId 6 in /home/runner/work/Encina/Encina/tests/Encina.BenchmarkTests/Encina.Benchmarks/bin/Release/net10.0/Encina.Benchmarks-ShortRun-1/bin/Release/net10.0
// Failed to set up high priority (Permission denied). In order to run benchmarks with high priority, make sure you have the right permissions.
// BeforeAnythingElse

// Benchmark Process Environment Information:
// BenchmarkDotNet v0.15.8
// Runtime=.NET 10.0.12 (10.0.12, 10.0.1226.42308), X64 RyuJIT x86-64-v4
// GC=Concurrent Workstation
// HardwareIntrinsics=AVX512 BITALG+VBMI2+VNNI+VPOPCNTDQ,AVX512 IFMA+VBMI,AVX512 F+BW+CD+DQ+VL,AVX2+BMI1+BMI2+F16C+FMA+LZCNT+MOVBE,AVX,SSE3+SSSE3+SSE4.1+SSE4.2+POPCNT,X86Base+SSE+SSE2,AES+PCLMUL VectorSize=256
// Job: ShortRun(IterationCount=3, LaunchCount=1, WarmupCount=3)

OverheadJitting  1: 1 op, 168573.00 ns, 168.5730 us/op
WorkloadJitting  1: 1 op, 89365368.00 ns, 89.3654 ms/op

WorkloadPilot    1: 2 op, 2128852.00 ns, 1.0644 ms/op
WorkloadPilot    2: 3 op, 673240.00 ns, 224.4133 us/op
WorkloadPilot    3: 4 op, 740250.00 ns, 185.0625 us/op
WorkloadPilot    4: 5 op, 1177536.00 ns, 235.5072 us/op
WorkloadPilot    5: 6 op, 1464967.00 ns, 244.1612 us/op
WorkloadPilot    6: 7 op, 1038537.00 ns, 148.3624 us/op
WorkloadPilot    7: 8 op, 1948512.00 ns, 243.5640 us/op
WorkloadPilot    8: 9 op, 1077386.00 ns, 119.7096 us/op
WorkloadPilot    9: 10 op, 1074831.00 ns, 107.4831 us/op
WorkloadPilot   10: 11 op, 1166339.00 ns, 106.0308 us/op
WorkloadPilot   11: 12 op, 1305267.00 ns, 108.7723 us/op
WorkloadPilot   12: 13 op, 1342322.00 ns, 103.2555 us/op
WorkloadPilot   13: 14 op, 1430295.00 ns, 102.1639 us/op
WorkloadPilot   14: 15 op, 1531006.00 ns, 102.0671 us/op
WorkloadPilot   15: 16 op, 1606479.00 ns, 100.4049 us/op
WorkloadPilot   16: 32 op, 4004845.00 ns, 125.1514 us/op
WorkloadPilot   17: 64 op, 8981528.00 ns, 140.3364 us/op
WorkloadPilot   18: 128 op, 17497557.00 ns, 136.6997 us/op
WorkloadPilot   19: 256 op, 27044030.00 ns, 105.6407 us/op
WorkloadPilot   20: 512 op, 48268205.00 ns, 94.2738 us/op
WorkloadPilot   21: 1024 op, 97331462.00 ns, 95.0503 us/op
WorkloadPilot   22: 2048 op, 196912848.00 ns, 96.1489 us/op
WorkloadPilot   23: 4096 op, 391321563.00 ns, 95.5375 us/op
WorkloadPilot   24: 8192 op, 784492978.00 ns, 95.7633 us/op

WorkloadWarmup   1: 8192 op, 775181397.00 ns, 94.6266 us/op
WorkloadWarmup   2: 8192 op, 792773886.00 ns, 96.7742 us/op
WorkloadWarmup   3: 8192 op, 787944211.00 ns, 96.1846 us/op

// BeforeActualRun
WorkloadActual   1: 8192 op, 789151530.00 ns, 96.3320 us/op
WorkloadActual   2: 8192 op, 780061179.00 ns, 95.2223 us/op
WorkloadActual   3: 8192 op, 788477640.00 ns, 96.2497 us/op

// AfterActualRun
WorkloadResult   1: 8192 op, 789151530.00 ns, 96.3320 us/op
WorkloadResult   2: 8192 op, 780061179.00 ns, 95.2223 us/op
WorkloadResult   3: 8192 op, 788477640.00 ns, 96.2497 us/op
// GC:  50 1 0 842083896 8192
// Threading:  0 0 8192
// Exceptions:  13

// AfterAll
// Benchmark Process 3733 has exited with code 0.

Mean = 95.935 μs, StdErr = 0.357 μs (0.37%), N = 3, StdDev = 0.618 μs
Min = 95.222 μs, Q1 = 95.736 μs, Median = 96.250 μs, Q3 = 96.291 μs, Max = 96.332 μs
IQR = 0.555 μs, LowerFence = 94.904 μs, UpperFence = 97.123 μs
ConfidenceInterval = [84.655 μs; 107.215 μs] (CI 99.9%), Margin = 11.280 μs (11.76% of Mean)
Skewness = -0.38, Kurtosis = 0.67, MValue = 2

// ** Remained 1 (12.5 %) benchmark(s) to run. Estimated finish 2026-10-10 21:22 (0h 0m from now) **
// **************************
// Benchmark: StreamRequestBenchmarks.Stream_DirectHandlerInvocation_NoEncina: ShortRun(IterationCount=3, LaunchCount=1, WarmupCount=3)
// *** Execute ***
// Launch: 1 / 1
// Execute: dotnet Encina.Benchmarks-ShortRun-1.dll --anonymousPipes 226 227 --benchmarkName Encina.Benchmarks.StreamRequestBenchmarks.Stream_DirectHandlerInvocation_NoEncina --job ShortRun --benchmarkId 7 in /home/runner/work/Encina/Encina/tests/Encina.BenchmarkTests/Encina.Benchmarks/bin/Release/net10.0/Encina.Benchmarks-ShortRun-1/bin/Release/net10.0
// Failed to set up high priority (Permission denied). In order to run benchmarks with high priority, make sure you have the right permissions.
// BeforeAnythingElse

// Benchmark Process Environment Information:
// BenchmarkDotNet v0.15.8
// Runtime=.NET 10.0.12 (10.0.12, 10.0.1226.42308), X64 RyuJIT x86-64-v4
// GC=Concurrent Workstation
// HardwareIntrinsics=AVX512 BITALG+VBMI2+VNNI+VPOPCNTDQ,AVX512 IFMA+VBMI,AVX512 F+BW+CD+DQ+VL,AVX2+BMI1+BMI2+F16C+FMA+LZCNT+MOVBE,AVX,SSE3+SSSE3+SSE4.1+SSE4.2+POPCNT,X86Base+SSE+SSE2,AES+PCLMUL VectorSize=256
// Job: ShortRun(IterationCount=3, LaunchCount=1, WarmupCount=3)

OverheadJitting  1: 1 op, 162013.00 ns, 162.0130 us/op
WorkloadJitting  1: 1 op, 11456243.00 ns, 11.4562 ms/op

OverheadJitting  2: 16 op, 303735.00 ns, 18.9834 us/op
WorkloadJitting  2: 16 op, 359428.00 ns, 22.4643 us/op

WorkloadPilot    1: 16 op, 64837.00 ns, 4.0523 us/op
WorkloadPilot    2: 32 op, 120430.00 ns, 3.7634 us/op
WorkloadPilot    3: 64 op, 228072.00 ns, 3.5636 us/op
WorkloadPilot    4: 128 op, 452868.00 ns, 3.5380 us/op
WorkloadPilot    5: 256 op, 936863.00 ns, 3.6596 us/op
WorkloadPilot    6: 512 op, 1819995.00 ns, 3.5547 us/op
WorkloadPilot    7: 1024 op, 3614422.00 ns, 3.5297 us/op
WorkloadPilot    8: 2048 op, 7199780.00 ns, 3.5155 us/op
WorkloadPilot    9: 4096 op, 14723645.00 ns, 3.5946 us/op
WorkloadPilot   10: 8192 op, 29215023.00 ns, 3.5663 us/op
WorkloadPilot   11: 16384 op, 58209475.00 ns, 3.5528 us/op
WorkloadPilot   12: 32768 op, 117436776.00 ns, 3.5839 us/op
WorkloadPilot   13: 65536 op, 230515586.00 ns, 3.5174 us/op
WorkloadPilot   14: 131072 op, 453548059.00 ns, 3.4603 us/op
WorkloadPilot   15: 262144 op, 915261332.00 ns, 3.4914 us/op

OverheadWarmup   1: 262144 op, 391186.00 ns, 1.4923 ns/op
OverheadWarmup   2: 262144 op, 381972.00 ns, 1.4571 ns/op
OverheadWarmup   3: 262144 op, 389444.00 ns, 1.4856 ns/op
OverheadWarmup   4: 262144 op, 388542.00 ns, 1.4822 ns/op
OverheadWarmup   5: 262144 op, 390045.00 ns, 1.4879 ns/op
OverheadWarmup   6: 262144 op, 377256.00 ns, 1.4391 ns/op

OverheadActual   1: 262144 op, 377546.00 ns, 1.4402 ns/op
OverheadActual   2: 262144 op, 390476.00 ns, 1.4895 ns/op
OverheadActual   3: 262144 op, 390095.00 ns, 1.4881 ns/op
OverheadActual   4: 262144 op, 377315.00 ns, 1.4393 ns/op
OverheadActual   5: 262144 op, 377275.00 ns, 1.4392 ns/op
OverheadActual   6: 262144 op, 377225.00 ns, 1.4390 ns/op
OverheadActual   7: 262144 op, 390405.00 ns, 1.4893 ns/op
OverheadActual   8: 262144 op, 387871.00 ns, 1.4796 ns/op
OverheadActual   9: 262144 op, 416475.00 ns, 1.5887 ns/op
OverheadActual  10: 262144 op, 377276.00 ns, 1.4392 ns/op
OverheadActual  11: 262144 op, 377276.00 ns, 1.4392 ns/op
OverheadActual  12: 262144 op, 391958.00 ns, 1.4952 ns/op
OverheadActual  13: 262144 op, 377375.00 ns, 1.4396 ns/op
OverheadActual  14: 262144 op, 377486.00 ns, 1.4400 ns/op
OverheadActual  15: 262144 op, 377266.00 ns, 1.4392 ns/op

WorkloadWarmup   1: 262144 op, 911955074.00 ns, 3.4788 us/op
WorkloadWarmup   2: 262144 op, 919010304.00 ns, 3.5057 us/op
WorkloadWarmup   3: 262144 op, 907211488.00 ns, 3.4607 us/op

// BeforeActualRun
WorkloadActual   1: 262144 op, 911053502.00 ns, 3.4754 us/op
WorkloadActual   2: 262144 op, 942611180.00 ns, 3.5958 us/op
WorkloadActual   3: 262144 op, 937348739.00 ns, 3.5757 us/op

// AfterActualRun
WorkloadResult   1: 262144 op, 910676016.00 ns, 3.4740 us/op
WorkloadResult   2: 262144 op, 942233694.00 ns, 3.5943 us/op
WorkloadResult   3: 262144 op, 936971253.00 ns, 3.5743 us/op
// GC:  6 0 0 104857600 262144
// Threading:  0 0 262144

// AfterAll
// Benchmark Process 3749 has exited with code 0.

Mean = 3.548 μs, StdErr = 0.037 μs (1.05%), N = 3, StdDev = 0.064 μs
Min = 3.474 μs, Q1 = 3.524 μs, Median = 3.574 μs, Q3 = 3.584 μs, Max = 3.594 μs
IQR = 0.060 μs, LowerFence = 3.434 μs, UpperFence = 3.675 μs
ConfidenceInterval = [2.371 μs; 4.724 μs] (CI 99.9%), Margin = 1.177 μs (33.17% of Mean)
Skewness = -0.34, Kurtosis = 0.67, MValue = 2

// ** Remained 0 (0.0 %) benchmark(s) to run. Estimated finish 2026-10-10 21:22 (0h 0m from now) **
// ***** BenchmarkRunner: Finish  *****

// * Export *
  artifacts/performance/Core/results/Encina.Benchmarks.StreamRequestBenchmarks-report.csv
  artifacts/performance/Core/results/Encina.Benchmarks.StreamRequestBenchmarks-report-github.md
  artifacts/performance/Core/results/Encina.Benchmarks.StreamRequestBenchmarks-report.html
  artifacts/performance/Core/results/Encina.Benchmarks.StreamRequestBenchmarks-report-full-compressed.json

// * Detailed results *
StreamRequestBenchmarks.Stream_SmallDataset_10Items: ShortRun(IterationCount=3, LaunchCount=1, WarmupCount=3)
Runtime = .NET 10.0.12 (10.0.12, 10.0.1226.42308), X64 RyuJIT x86-64-v4; GC = Concurrent Workstation
Mean = 9.014 μs, StdErr = 0.018 μs (0.20%), N = 3, StdDev = 0.032 μs
Min = 8.978 μs, Q1 = 9.002 μs, Median = 9.026 μs, Q3 = 9.032 μs, Max = 9.037 μs
IQR = 0.030 μs, LowerFence = 8.957 μs, UpperFence = 9.076 μs
ConfidenceInterval = [8.436 μs; 9.592 μs] (CI 99.9%), Margin = 0.578 μs (6.41% of Mean)
Skewness = -0.33, Kurtosis = 0.67, MValue = 2
-------------------- Histogram --------------------
[8.949 μs ; 9.066 μs) | @@@
---------------------------------------------------

StreamRequestBenchmarks.Stream_MediumDataset_100Items: ShortRun(IterationCount=3, LaunchCount=1, WarmupCount=3)
Runtime = .NET 10.0.12 (10.0.12, 10.0.1226.42308), X64 RyuJIT x86-64-v4; GC = Concurrent Workstation
Mean = 61.015 μs, StdErr = 0.094 μs (0.15%), N = 3, StdDev = 0.162 μs
Min = 60.909 μs, Q1 = 60.921 μs, Median = 60.934 μs, Q3 = 61.068 μs, Max = 61.202 μs
IQR = 0.146 μs, LowerFence = 60.702 μs, UpperFence = 61.287 μs
ConfidenceInterval = [58.054 μs; 63.975 μs] (CI 99.9%), Margin = 2.960 μs (4.85% of Mean)
Skewness = 0.38, Kurtosis = 0.67, MValue = 2
-------------------- Histogram --------------------
[60.908 μs ; 61.203 μs) | @@@
---------------------------------------------------

StreamRequestBenchmarks.Stream_LargeDataset_1000Items: ShortRun(IterationCount=3, LaunchCount=1, WarmupCount=3)
Runtime = .NET 10.0.12 (10.0.12, 10.0.1226.42308), X64 RyuJIT x86-64-v4; GC = Concurrent Workstation
Mean = 587.778 μs, StdErr = 3.812 μs (0.65%), N = 3, StdDev = 6.603 μs
Min = 583.743 μs, Q1 = 583.969 μs, Median = 584.194 μs, Q3 = 589.796 μs, Max = 595.398 μs
IQR = 5.827 μs, LowerFence = 575.227 μs, UpperFence = 598.537 μs
ConfidenceInterval = [467.322 μs; 708.235 μs] (CI 99.9%), Margin = 120.457 μs (20.49% of Mean)
Skewness = 0.38, Kurtosis = 0.67, MValue = 2
-------------------- Histogram --------------------
[583.562 μs ; 595.579 μs) | @@@
---------------------------------------------------

StreamRequestBenchmarks.Stream_WithPipelineBehaviors: ShortRun(IterationCount=3, LaunchCount=1, WarmupCount=3)
Runtime = .NET 10.0.12 (10.0.12, 10.0.1226.42308), X64 RyuJIT x86-64-v4; GC = Concurrent Workstation
Mean = 49.655 μs, StdErr = 0.028 μs (0.06%), N = 3, StdDev = 0.048 μs
Min = 49.609 μs, Q1 = 49.629 μs, Median = 49.649 μs, Q3 = 49.678 μs, Max = 49.706 μs
IQR = 0.048 μs, LowerFence = 49.557 μs, UpperFence = 49.750 μs
ConfidenceInterval = [48.771 μs; 50.538 μs] (CI 99.9%), Margin = 0.883 μs (1.78% of Mean)
Skewness = 0.11, Kurtosis = 0.67, MValue = 2
-------------------- Histogram --------------------
[49.565 μs ; 49.750 μs) | @@@
---------------------------------------------------

StreamRequestBenchmarks.Stream_MaterializeToList_100Items: ShortRun(IterationCount=3, LaunchCount=1, WarmupCount=3)
Runtime = .NET 10.0.12 (10.0.12, 10.0.1226.42308), X64 RyuJIT x86-64-v4; GC = Concurrent Workstation
Mean = 65.823 μs, StdErr = 0.137 μs (0.21%), N = 3, StdDev = 0.237 μs
Min = 65.558 μs, Q1 = 65.729 μs, Median = 65.899 μs, Q3 = 65.956 μs, Max = 66.012 μs
IQR = 0.227 μs, LowerFence = 65.388 μs, UpperFence = 66.297 μs
ConfidenceInterval = [61.509 μs; 70.138 μs] (CI 99.9%), Margin = 4.315 μs (6.56% of Mean)
Skewness = -0.29, Kurtosis = 0.67, MValue = 2
-------------------- Histogram --------------------
[65.343 μs ; 66.228 μs) | @@@
---------------------------------------------------

StreamRequestBenchmarks.Stream_CountOnly_NoMaterialization: ShortRun(IterationCount=3, LaunchCount=1, WarmupCount=3)
Runtime = .NET 10.0.12 (10.0.12, 10.0.1226.42308), X64 RyuJIT x86-64-v4; GC = Concurrent Workstation
Mean = 61.700 μs, StdErr = 0.155 μs (0.25%), N = 3, StdDev = 0.269 μs
Min = 61.393 μs, Q1 = 61.601 μs, Median = 61.809 μs, Q3 = 61.853 μs, Max = 61.897 μs
IQR = 0.252 μs, LowerFence = 61.224 μs, UpperFence = 62.231 μs
ConfidenceInterval = [56.792 μs; 66.608 μs] (CI 99.9%), Margin = 4.908 μs (7.95% of Mean)
Skewness = -0.34, Kurtosis = 0.67, MValue = 2
-------------------- Histogram --------------------
[61.149 μs ; 62.142 μs) | @@@
---------------------------------------------------

StreamRequestBenchmarks.Stream_WithCancellation_EarlyExit: ShortRun(IterationCount=3, LaunchCount=1, WarmupCount=3)
Runtime = .NET 10.0.12 (10.0.12, 10.0.1226.42308), X64 RyuJIT x86-64-v4; GC = Concurrent Workstation
Mean = 95.935 μs, StdErr = 0.357 μs (0.37%), N = 3, StdDev = 0.618 μs
Min = 95.222 μs, Q1 = 95.736 μs, Median = 96.250 μs, Q3 = 96.291 μs, Max = 96.332 μs
IQR = 0.555 μs, LowerFence = 94.904 μs, UpperFence = 97.123 μs
ConfidenceInterval = [84.655 μs; 107.215 μs] (CI 99.9%), Margin = 11.280 μs (11.76% of Mean)
Skewness = -0.38, Kurtosis = 0.67, MValue = 2
-------------------- Histogram --------------------
[95.214 μs ; 96.340 μs) | @@@
---------------------------------------------------

StreamRequestBenchmarks.Stream_DirectHandlerInvocation_NoEncina: ShortRun(IterationCount=3, LaunchCount=1, WarmupCount=3)
Runtime = .NET 10.0.12 (10.0.12, 10.0.1226.42308), X64 RyuJIT x86-64-v4; GC = Concurrent Workstation
Mean = 3.548 μs, StdErr = 0.037 μs (1.05%), N = 3, StdDev = 0.064 μs
Min = 3.474 μs, Q1 = 3.524 μs, Median = 3.574 μs, Q3 = 3.584 μs, Max = 3.594 μs
IQR = 0.060 μs, LowerFence = 3.434 μs, UpperFence = 3.675 μs
ConfidenceInterval = [2.371 μs; 4.724 μs] (CI 99.9%), Margin = 1.177 μs (33.17% of Mean)
Skewness = -0.34, Kurtosis = 0.67, MValue = 2
-------------------- Histogram --------------------
[3.415 μs ; 3.526 μs) | @
[3.526 μs ; 3.653 μs) | @@
---------------------------------------------------

// * Summary *

BenchmarkDotNet v0.15.8, Linux Ubuntu 24.04.5 LTS (Noble Numbat)
AMD EPYC 9V74 2.60GHz, 1 CPU, 4 logical and 2 physical cores
.NET SDK 10.0.401
  [Host]   : .NET 10.0.12 (10.0.12, 10.0.1226.42308), X64 RyuJIT x86-64-v4
  ShortRun : .NET 10.0.12 (10.0.12, 10.0.1226.42308), X64 RyuJIT x86-64-v4

Job=ShortRun  IterationCount=3  LaunchCount=1  
WarmupCount=3  

| Method                                  | Mean       | Error       | StdDev    | Ratio | RatioSD | Gen0    | Gen1   | Allocated | Alloc Ratio |
|---------------------------------------- |-----------:|------------:|----------:|------:|--------:|--------:|-------:|----------:|------------:|
| Stream_SmallDataset_10Items             |   9.014 μs |   0.5779 μs | 0.0317 μs |  1.00 |    0.00 |  0.7629 |      - |   12856 B |        1.00 |
| Stream_MediumDataset_100Items           |  61.015 μs |   2.9604 μs | 0.1623 μs |  6.77 |    0.03 |  5.1880 |      - |   87017 B |        6.77 |
| Stream_LargeDataset_1000Items           | 587.778 μs | 120.4567 μs | 6.6026 μs | 65.21 |    0.66 | 48.8281 |      - |  828628 B |       64.45 |
| Stream_WithPipelineBehaviors            |  49.655 μs |   0.8833 μs | 0.0484 μs |  5.51 |    0.02 |  3.0518 |      - |   51545 B |        4.01 |
| Stream_MaterializeToList_100Items       |  65.823 μs |   4.3147 μs | 0.2365 μs |  7.30 |    0.03 |  5.7373 |      - |   96833 B |        7.53 |
| Stream_CountOnly_NoMaterialization      |  61.700 μs |   4.9078 μs | 0.2690 μs |  6.85 |    0.03 |  5.1880 |      - |   87017 B |        6.77 |
| Stream_WithCancellation_EarlyExit       |  95.935 μs |  11.2798 μs | 0.6183 μs | 10.64 |    0.07 |  6.1035 | 0.1221 |  102793 B |        8.00 |
| Stream_DirectHandlerInvocation_NoEncina |   3.548 μs |   1.1766 μs | 0.0645 μs |  0.39 |    0.01 |  0.0229 |      - |     400 B |        0.03 |
// * Config Issues *

// * Warnings *
Configuration
  Summary -> The exporter CsvExporter is already present in configuration. There may be unexpected results.
  Summary -> The exporter HtmlExporter is already present in configuration. There may be unexpected results.
  Summary -> The exporter MarkdownExporter-github is already present in configuration. There may be unexpected results.

// * Legends *
  Mean        : Arithmetic mean of all measurements
  Error       : Half of 99.9% confidence interval
  StdDev      : Standard deviation of all measurements
  Ratio       : Mean of the ratio distribution ([Current]/[Baseline])
  RatioSD     : Standard deviation of the ratio distribution ([Current]/[Baseline])
  Gen0        : GC Generation 0 collects per 1000 operations
  Gen1        : GC Generation 1 collects per 1000 operations
  Allocated   : Allocated memory per single operation (managed only, inclusive, 1KB = 1024B)
  Alloc Ratio : Allocated memory ratio distribution ([Current]/[Baseline])
  1 μs        : 1 Microsecond (0.000001 sec)

// * Diagnostic Output - MemoryDiagnoser *


// ***** BenchmarkRunner: End *****
Run time: 00:00:59 (59.42 sec), executed benchmarks: 8

Global total time: 00:03:38 (218.41 sec), executed benchmarks: 8
// * Artifacts cleanup *
Artifacts cleanup is finished
