// Validating benchmarks:
// ***** BenchmarkRunner: Start   *****
// ***** Found 1 benchmark(s) in total *****
// ***** Building 1 exe(s) in Parallel: Start   *****
// start dotnet  restore --nodeReuse:false /p:UseSharedCompilation=false /p:Deterministic=true /p:Optimize=true /p:ArtifactsPath="/home/runner/work/Encina/Encina/tests/Encina.BenchmarkTests/Encina.Cdc.MySql.Benchmarks/bin/Release/net10.0/Encina.Cdc.MySql.Benchmarks-ShortRun-1/" /p:OutDir="/home/runner/work/Encina/Encina/tests/Encina.BenchmarkTests/Encina.Cdc.MySql.Benchmarks/bin/Release/net10.0/Encina.Cdc.MySql.Benchmarks-ShortRun-1/bin/Release/net10.0/" /p:OutputPath="/home/runner/work/Encina/Encina/tests/Encina.BenchmarkTests/Encina.Cdc.MySql.Benchmarks/bin/Release/net10.0/Encina.Cdc.MySql.Benchmarks-ShortRun-1/bin/Release/net10.0/" /p:PublishDir="/home/runner/work/Encina/Encina/tests/Encina.BenchmarkTests/Encina.Cdc.MySql.Benchmarks/bin/Release/net10.0/Encina.Cdc.MySql.Benchmarks-ShortRun-1/publish/" in /home/runner/work/Encina/Encina/tests/Encina.BenchmarkTests/Encina.Cdc.MySql.Benchmarks/bin/Release/net10.0/Encina.Cdc.MySql.Benchmarks-ShortRun-1
// command took 3.04 sec and exited with 0
// start dotnet  build -c Release --no-restore --nodeReuse:false /p:UseSharedCompilation=false /p:Deterministic=true /p:Optimize=true /p:ArtifactsPath="/home/runner/work/Encina/Encina/tests/Encina.BenchmarkTests/Encina.Cdc.MySql.Benchmarks/bin/Release/net10.0/Encina.Cdc.MySql.Benchmarks-ShortRun-1/" /p:OutDir="/home/runner/work/Encina/Encina/tests/Encina.BenchmarkTests/Encina.Cdc.MySql.Benchmarks/bin/Release/net10.0/Encina.Cdc.MySql.Benchmarks-ShortRun-1/bin/Release/net10.0/" /p:OutputPath="/home/runner/work/Encina/Encina/tests/Encina.BenchmarkTests/Encina.Cdc.MySql.Benchmarks/bin/Release/net10.0/Encina.Cdc.MySql.Benchmarks-ShortRun-1/bin/Release/net10.0/" /p:PublishDir="/home/runner/work/Encina/Encina/tests/Encina.BenchmarkTests/Encina.Cdc.MySql.Benchmarks/bin/Release/net10.0/Encina.Cdc.MySql.Benchmarks-ShortRun-1/publish/" --output "/home/runner/work/Encina/Encina/tests/Encina.BenchmarkTests/Encina.Cdc.MySql.Benchmarks/bin/Release/net10.0/Encina.Cdc.MySql.Benchmarks-ShortRun-1/bin/Release/net10.0/" in /home/runner/work/Encina/Encina/tests/Encina.BenchmarkTests/Encina.Cdc.MySql.Benchmarks/bin/Release/net10.0/Encina.Cdc.MySql.Benchmarks-ShortRun-1
// command took 58.49 sec and exited with 0
// ***** Done, took 00:01:01 (61.8 sec)   *****
// Found 1 benchmarks:
//   ConnectorBenchmarks.GetCurrentPositionAsync: ShortRun(IterationCount=3, LaunchCount=1, WarmupCount=3)

// **************************
// Benchmark: ConnectorBenchmarks.GetCurrentPositionAsync: ShortRun(IterationCount=3, LaunchCount=1, WarmupCount=3)
// *** Execute ***
// Launch: 1 / 1
// Execute: dotnet Encina.Cdc.MySql.Benchmarks-ShortRun-1.dll --anonymousPipes 147 148 --benchmarkName Encina.Cdc.MySql.Benchmarks.Benchmarks.ConnectorBenchmarks.GetCurrentPositionAsync --job ShortRun --benchmarkId 0 in /home/runner/work/Encina/Encina/tests/Encina.BenchmarkTests/Encina.Cdc.MySql.Benchmarks/bin/Release/net10.0/Encina.Cdc.MySql.Benchmarks-ShortRun-1/bin/Release/net10.0
// Failed to set up high priority (Permission denied). In order to run benchmarks with high priority, make sure you have the right permissions.
// BeforeAnythingElse

// Benchmark Process Environment Information:
// BenchmarkDotNet v0.15.8
// Runtime=.NET 10.0.12 (10.0.12, 10.0.1226.42308), X64 RyuJIT x86-64-v3
// GC=Concurrent Workstation
// HardwareIntrinsics=AVX2+BMI1+BMI2+F16C+FMA+LZCNT+MOVBE,AVX,SSE3+SSSE3+SSE4.1+SSE4.2+POPCNT,X86Base+SSE+SSE2,AES+PCLMUL VectorSize=256
// Job: ShortRun(IterationCount=3, LaunchCount=1, WarmupCount=3)

[testcontainers.org 00:00:00.32] Connected to Docker:
  Host: unix:///var/run/docker.sock
  Server Version: 28.0.4
  Kernel Version: 6.17.0-1022-azure
  API Version: 1.48
  Operating System: Ubuntu 24.04.5 LTS
  Total Memory: 15.61 GB
[testcontainers.org 00:00:00.38] Searching Docker registry credential in CredsStore
[testcontainers.org 00:00:00.38] Searching Docker registry credential in CredHelpers
[testcontainers.org 00:00:00.39] Searching Docker registry credential in Auths
[testcontainers.org 00:00:00.39] Searching Docker registry credential in Auths
[testcontainers.org 00:00:00.39] Docker registry credential https://index.docker.io/v1/ found
[testcontainers.org 00:00:00.76] Docker image testcontainers/ryuk:0.14.0@sha256:7c1a8a9a47c780ed0f983770a662f80deb115d95cce3e2daa3d12115b8cd28f0 created
[testcontainers.org 00:00:00.95] Docker container f38f8ba73e6d created
[testcontainers.org 00:00:01.06] Start Docker container f38f8ba73e6d
[testcontainers.org 00:00:01.70] Wait for Docker container f38f8ba73e6d to complete readiness checks
[testcontainers.org 00:00:02.73] Docker container f38f8ba73e6d ready
[testcontainers.org 00:00:13.93] Docker image mysql:8.0 created
[testcontainers.org 00:00:13.95] Docker container 8cf88d7bd638 created
[testcontainers.org 00:00:13.95] Start Docker container 8cf88d7bd638
[testcontainers.org 00:00:14.07] Execute "mkdir /var/lib/mysql-files" at Docker container 8cf88d7bd638
[testcontainers.org 00:00:14.11] Add file to tar archive: Content length: 47 byte(s), Target file: "/etc/mysql/my.cnf", UID: 0, GID: 0, Mode: 0600
[testcontainers.org 00:00:14.15] Copy tar archive to container: Content length: 47 byte(s), Docker container: 8cf88d7bd638
[testcontainers.org 00:00:14.18] Wait for Docker container 8cf88d7bd638 to complete readiness checks
[testcontainers.org 00:00:14.19] Execute "mysql encina_cdc_bench --wait --silent --execute=SELECT 1;" at Docker container 8cf88d7bd638
[testcontainers.org 00:00:15.24] Execute "mysql encina_cdc_bench --wait --silent --execute=SELECT 1;" at Docker container 8cf88d7bd638
[testcontainers.org 00:00:16.29] Execute "mysql encina_cdc_bench --wait --silent --execute=SELECT 1;" at Docker container 8cf88d7bd638
[testcontainers.org 00:00:17.33] Execute "mysql encina_cdc_bench --wait --silent --execute=SELECT 1;" at Docker container 8cf88d7bd638
[testcontainers.org 00:00:18.37] Execute "mysql encina_cdc_bench --wait --silent --execute=SELECT 1;" at Docker container 8cf88d7bd638
[testcontainers.org 00:00:19.42] Execute "mysql encina_cdc_bench --wait --silent --execute=SELECT 1;" at Docker container 8cf88d7bd638
[testcontainers.org 00:00:20.46] Execute "mysql encina_cdc_bench --wait --silent --execute=SELECT 1;" at Docker container 8cf88d7bd638
[testcontainers.org 00:00:21.50] Execute "mysql encina_cdc_bench --wait --silent --execute=SELECT 1;" at Docker container 8cf88d7bd638
[testcontainers.org 00:00:21.56] Docker container 8cf88d7bd638 ready
OverheadJitting  1: 1 op, 221607.00 ns, 221.6070 us/op
WorkloadJitting  1: 1 op, 445892542.00 ns, 445.8925 ms/op

OverheadJitting  2: 1 op, 411.00 ns, 411.0000 ns/op
WorkloadJitting  2: 1 op, 19932937.00 ns, 19.9329 ms/op

OverheadJitting  3: 16 op, 430941.00 ns, 26.9338 us/op
WorkloadJitting  3: 16 op, 9978376.00 ns, 623.6485 us/op

WorkloadPilot    1: 16 op, 9110846.00 ns, 569.4279 us/op
WorkloadPilot    2: 32 op, 18232870.00 ns, 569.7772 us/op
WorkloadPilot    3: 64 op, 35870295.00 ns, 560.4734 us/op
WorkloadPilot    4: 128 op, 72042865.00 ns, 562.8349 us/op
WorkloadPilot    5: 256 op, 144074645.00 ns, 562.7916 us/op
WorkloadPilot    6: 512 op, 290600638.00 ns, 567.5794 us/op
WorkloadPilot    7: 1024 op, 580288143.00 ns, 566.6876 us/op

OverheadWarmup   1: 1024 op, 4037.00 ns, 3.9424 ns/op
OverheadWarmup   2: 1024 op, 4057.00 ns, 3.9619 ns/op
OverheadWarmup   3: 1024 op, 3928.00 ns, 3.8359 ns/op
OverheadWarmup   4: 1024 op, 3928.00 ns, 3.8359 ns/op
OverheadWarmup   5: 1024 op, 3827.00 ns, 3.7373 ns/op

OverheadActual   1: 1024 op, 4028.00 ns, 3.9336 ns/op
OverheadActual   2: 1024 op, 3887.00 ns, 3.7959 ns/op
OverheadActual   3: 1024 op, 3857.00 ns, 3.7666 ns/op
OverheadActual   4: 1024 op, 3867.00 ns, 3.7764 ns/op
OverheadActual   5: 1024 op, 3917.00 ns, 3.8252 ns/op
OverheadActual   6: 1024 op, 4017.00 ns, 3.9229 ns/op
OverheadActual   7: 1024 op, 3827.00 ns, 3.7373 ns/op
OverheadActual   8: 1024 op, 3857.00 ns, 3.7666 ns/op
OverheadActual   9: 1024 op, 3877.00 ns, 3.7861 ns/op
OverheadActual  10: 1024 op, 3867.00 ns, 3.7764 ns/op
OverheadActual  11: 1024 op, 3857.00 ns, 3.7666 ns/op
OverheadActual  12: 1024 op, 3847.00 ns, 3.7568 ns/op
OverheadActual  13: 1024 op, 3847.00 ns, 3.7568 ns/op
OverheadActual  14: 1024 op, 3898.00 ns, 3.8066 ns/op
OverheadActual  15: 1024 op, 3847.00 ns, 3.7568 ns/op

WorkloadWarmup   1: 1024 op, 583098650.00 ns, 569.4323 us/op
WorkloadWarmup   2: 1024 op, 581310336.00 ns, 567.6859 us/op
WorkloadWarmup   3: 1024 op, 587551163.00 ns, 573.7804 us/op

// BeforeActualRun
WorkloadActual   1: 1024 op, 583330040.00 ns, 569.6582 us/op
WorkloadActual   2: 1024 op, 593278541.00 ns, 579.3736 us/op
WorkloadActual   3: 1024 op, 587877037.00 ns, 574.0987 us/op

// AfterActualRun
WorkloadResult   1: 1024 op, 583326173.00 ns, 569.6545 us/op
WorkloadResult   2: 1024 op, 593274674.00 ns, 579.3698 us/op
WorkloadResult   3: 1024 op, 587873170.00 ns, 574.0949 us/op
// GC:  0 0 0 6548392 1024
// Threading:  3057 0 1024

[testcontainers.org 00:00:27.79] Delete Docker container 8cf88d7bd638
// AfterAll
// Benchmark Process 3150 has exited with code 0.

Mean = 574.373 μs, StdErr = 2.808 μs (0.49%), N = 3, StdDev = 4.864 μs
Min = 569.654 μs, Q1 = 571.875 μs, Median = 574.095 μs, Q3 = 576.732 μs, Max = 579.370 μs
IQR = 4.858 μs, LowerFence = 564.588 μs, UpperFence = 584.019 μs
ConfidenceInterval = [485.642 μs; 663.104 μs] (CI 99.9%), Margin = 88.731 μs (15.45% of Mean)
Skewness = 0.06, Kurtosis = 0.67, MValue = 2

// ** Remained 0 (0.0 %) benchmark(s) to run. Estimated finish 2026-10-07 13:16 (0h 0m from now) **
// ***** BenchmarkRunner: Finish  *****

// * Export *
  artifacts/performance/CdcMySql/results/Encina.Cdc.MySql.Benchmarks.Benchmarks.ConnectorBenchmarks-report.csv
  artifacts/performance/CdcMySql/results/Encina.Cdc.MySql.Benchmarks.Benchmarks.ConnectorBenchmarks-report-github.md
  artifacts/performance/CdcMySql/results/Encina.Cdc.MySql.Benchmarks.Benchmarks.ConnectorBenchmarks-report.html
  artifacts/performance/CdcMySql/results/Encina.Cdc.MySql.Benchmarks.Benchmarks.ConnectorBenchmarks-report-full-compressed.json

// * Detailed results *
ConnectorBenchmarks.GetCurrentPositionAsync: ShortRun(IterationCount=3, LaunchCount=1, WarmupCount=3)
Runtime = .NET 10.0.12 (10.0.12, 10.0.1226.42308), X64 RyuJIT x86-64-v3; GC = Concurrent Workstation
Mean = 574.373 μs, StdErr = 2.808 μs (0.49%), N = 3, StdDev = 4.864 μs
Min = 569.654 μs, Q1 = 571.875 μs, Median = 574.095 μs, Q3 = 576.732 μs, Max = 579.370 μs
IQR = 4.858 μs, LowerFence = 564.588 μs, UpperFence = 584.019 μs
ConfidenceInterval = [485.642 μs; 663.104 μs] (CI 99.9%), Margin = 88.731 μs (15.45% of Mean)
Skewness = 0.06, Kurtosis = 0.67, MValue = 2
-------------------- Histogram --------------------
[566.156 μs ; 583.796 μs) | @@@
---------------------------------------------------

// * Summary *

BenchmarkDotNet v0.15.8, Linux Ubuntu 24.04.5 LTS (Noble Numbat)
AMD EPYC 7763 2.45GHz, 1 CPU, 4 logical and 2 physical cores
.NET SDK 10.0.401
  [Host]   : .NET 10.0.12 (10.0.12, 10.0.1226.42308), X64 RyuJIT x86-64-v3
  ShortRun : .NET 10.0.12 (10.0.12, 10.0.1226.42308), X64 RyuJIT x86-64-v3

Job=ShortRun  IterationCount=3  LaunchCount=1  
WarmupCount=3  

| Method                  | Mean     | Error    | StdDev  | Ratio | Allocated | Alloc Ratio |
|------------------------ |---------:|---------:|--------:|------:|----------:|------------:|
| GetCurrentPositionAsync | 574.4 μs | 88.73 μs | 4.86 μs |  1.00 |   6.25 KB |        1.00 |
// * Config Issues *

// * Warnings *
Configuration
  Summary -> The exporter CsvExporter is already present in configuration. There may be unexpected results.
  Summary -> The exporter HtmlExporter is already present in configuration. There may be unexpected results.
  Summary -> The exporter MarkdownExporter-github is already present in configuration. There may be unexpected results.

// * Legends *
  Mean        : Arithmetic mean of all measurements
  Error       : Half of 99.9% confidence interval
  StdDev      : Standard deviation of all measurements
  Ratio       : Mean of the ratio distribution ([Current]/[Baseline])
  Allocated   : Allocated memory per single operation (managed only, inclusive, 1KB = 1024B)
  Alloc Ratio : Allocated memory ratio distribution ([Current]/[Baseline])
  1 μs        : 1 Microsecond (0.000001 sec)

// * Diagnostic Output - MemoryDiagnoser *


// ***** BenchmarkRunner: End *****
Run time: 00:00:28 (28.55 sec), executed benchmarks: 1

Global total time: 00:01:30 (90.72 sec), executed benchmarks: 1
// * Artifacts cleanup *
Artifacts cleanup is finished
