// Validating benchmarks:
// ***** BenchmarkRunner: Start   *****
// ***** Found 10 benchmark(s) in total *****
// ***** Building 1 exe(s) in Parallel: Start   *****
// start dotnet  restore --nodeReuse:false /p:UseSharedCompilation=false /p:Deterministic=true /p:Optimize=true /p:ArtifactsPath="/home/runner/work/Encina/Encina/tests/Encina.BenchmarkTests/Encina.Caching.Benchmarks/bin/Release/net10.0/Encina.Caching.Benchmarks-Job-YFEFPZ-1/" /p:OutDir="/home/runner/work/Encina/Encina/tests/Encina.BenchmarkTests/Encina.Caching.Benchmarks/bin/Release/net10.0/Encina.Caching.Benchmarks-Job-YFEFPZ-1/bin/Release/net10.0/" /p:OutputPath="/home/runner/work/Encina/Encina/tests/Encina.BenchmarkTests/Encina.Caching.Benchmarks/bin/Release/net10.0/Encina.Caching.Benchmarks-Job-YFEFPZ-1/bin/Release/net10.0/" /p:PublishDir="/home/runner/work/Encina/Encina/tests/Encina.BenchmarkTests/Encina.Caching.Benchmarks/bin/Release/net10.0/Encina.Caching.Benchmarks-Job-YFEFPZ-1/publish/" in /home/runner/work/Encina/Encina/tests/Encina.BenchmarkTests/Encina.Caching.Benchmarks/bin/Release/net10.0/Encina.Caching.Benchmarks-Job-YFEFPZ-1
// command took 1.74 sec and exited with 0
// start dotnet  build -c Release --no-restore --nodeReuse:false /p:UseSharedCompilation=false /p:Deterministic=true /p:Optimize=true /p:ArtifactsPath="/home/runner/work/Encina/Encina/tests/Encina.BenchmarkTests/Encina.Caching.Benchmarks/bin/Release/net10.0/Encina.Caching.Benchmarks-Job-YFEFPZ-1/" /p:OutDir="/home/runner/work/Encina/Encina/tests/Encina.BenchmarkTests/Encina.Caching.Benchmarks/bin/Release/net10.0/Encina.Caching.Benchmarks-Job-YFEFPZ-1/bin/Release/net10.0/" /p:OutputPath="/home/runner/work/Encina/Encina/tests/Encina.BenchmarkTests/Encina.Caching.Benchmarks/bin/Release/net10.0/Encina.Caching.Benchmarks-Job-YFEFPZ-1/bin/Release/net10.0/" /p:PublishDir="/home/runner/work/Encina/Encina/tests/Encina.BenchmarkTests/Encina.Caching.Benchmarks/bin/Release/net10.0/Encina.Caching.Benchmarks-Job-YFEFPZ-1/publish/" --output "/home/runner/work/Encina/Encina/tests/Encina.BenchmarkTests/Encina.Caching.Benchmarks/bin/Release/net10.0/Encina.Caching.Benchmarks-Job-YFEFPZ-1/bin/Release/net10.0/" in /home/runner/work/Encina/Encina/tests/Encina.BenchmarkTests/Encina.Caching.Benchmarks/bin/Release/net10.0/Encina.Caching.Benchmarks-Job-YFEFPZ-1
// command took 33.02 sec and exited with 0
// ***** Done, took 00:00:34 (34.87 sec)   *****
// Found 10 benchmarks:
//   CacheKeyGeneratorBenchmarks.GenerateKey_WithTemplate: Job-YFEFPZ(IterationCount=10, WarmupCount=3)
//   CacheKeyGeneratorBenchmarks.GeneratePattern: Job-YFEFPZ(IterationCount=10, WarmupCount=3)
//   CacheKeyGeneratorBenchmarks.GeneratePattern_WithTemplate: Job-YFEFPZ(IterationCount=10, WarmupCount=3)
//   CacheKeyGeneratorBenchmarks.GenerateKey_WithTemplate: ShortRun(IterationCount=3, LaunchCount=1, WarmupCount=3)
//   CacheKeyGeneratorBenchmarks.GeneratePattern: ShortRun(IterationCount=3, LaunchCount=1, WarmupCount=3)
//   CacheKeyGeneratorBenchmarks.GeneratePattern_WithTemplate: ShortRun(IterationCount=3, LaunchCount=1, WarmupCount=3)
//   CacheKeyGeneratorBenchmarks.GenerateKey_ComplexQuery: Job-YFEFPZ(IterationCount=10, WarmupCount=3)
//   CacheKeyGeneratorBenchmarks.GenerateKey_ComplexQuery: ShortRun(IterationCount=3, LaunchCount=1, WarmupCount=3)
//   CacheKeyGeneratorBenchmarks.GenerateKey_SimpleQuery: Job-YFEFPZ(IterationCount=10, WarmupCount=3)
//   CacheKeyGeneratorBenchmarks.GenerateKey_SimpleQuery: ShortRun(IterationCount=3, LaunchCount=1, WarmupCount=3)

// **************************
// Benchmark: CacheKeyGeneratorBenchmarks.GenerateKey_WithTemplate: Job-YFEFPZ(IterationCount=10, WarmupCount=3)
// *** Execute ***
// Launch: 1 / 1
// Execute: dotnet Encina.Caching.Benchmarks-Job-YFEFPZ-1.dll --anonymousPipes 150 151 --benchmarkName Encina.Caching.Benchmarks.CacheKeyGeneratorBenchmarks.GenerateKey_WithTemplate --job "IterationCount=10, WarmupCount=3" --benchmarkId 0 in /home/runner/work/Encina/Encina/tests/Encina.BenchmarkTests/Encina.Caching.Benchmarks/bin/Release/net10.0/Encina.Caching.Benchmarks-Job-YFEFPZ-1/bin/Release/net10.0
// Failed to set up high priority (Permission denied). In order to run benchmarks with high priority, make sure you have the right permissions.
// BeforeAnythingElse

// Benchmark Process Environment Information:
// BenchmarkDotNet v0.15.8
// Runtime=.NET 10.0.12 (10.0.12, 10.0.1226.42308), X64 RyuJIT x86-64-v4
// GC=Concurrent Workstation
// HardwareIntrinsics=AVX512 BITALG+VBMI2+VNNI+VPOPCNTDQ,AVX512 IFMA+VBMI,AVX512 F+BW+CD+DQ+VL,AVX2+BMI1+BMI2+F16C+FMA+LZCNT+MOVBE,AVX,SSE3+SSSE3+SSE4.1+SSE4.2+POPCNT,X86Base+SSE+SSE2,AES+PCLMUL,AvxVnni VectorSize=256
// Job: Job-YFEFPZ(IterationCount=10, WarmupCount=3)

OverheadJitting  1: 1 op, 164326.00 ns, 164.3260 us/op
WorkloadJitting  1: 1 op, 2948287.00 ns, 2.9483 ms/op

OverheadJitting  2: 16 op, 298357.00 ns, 18.6473 us/op
WorkloadJitting  2: 16 op, 752086.00 ns, 47.0054 us/op

WorkloadPilot    1: 16 op, 418287.00 ns, 26.1429 us/op
WorkloadPilot    2: 32 op, 419478.00 ns, 13.1087 us/op
WorkloadPilot    3: 64 op, 497886.00 ns, 7.7795 us/op
WorkloadPilot    4: 128 op, 608331.00 ns, 4.7526 us/op
WorkloadPilot    5: 256 op, 733610.00 ns, 2.8657 us/op
WorkloadPilot    6: 512 op, 1174750.00 ns, 2.2944 us/op
WorkloadPilot    7: 1024 op, 1990131.00 ns, 1.9435 us/op
WorkloadPilot    8: 2048 op, 3631982.00 ns, 1.7734 us/op
WorkloadPilot    9: 4096 op, 6961180.00 ns, 1.6995 us/op
WorkloadPilot   10: 8192 op, 14050862.00 ns, 1.7152 us/op
WorkloadPilot   11: 16384 op, 26146345.00 ns, 1.5958 us/op
WorkloadPilot   12: 32768 op, 45426893.00 ns, 1.3863 us/op
WorkloadPilot   13: 65536 op, 86787904.00 ns, 1.3243 us/op
WorkloadPilot   14: 131072 op, 172922161.00 ns, 1.3193 us/op
WorkloadPilot   15: 262144 op, 344947877.00 ns, 1.3159 us/op
WorkloadPilot   16: 524288 op, 689690638.00 ns, 1.3155 us/op

OverheadWarmup   1: 524288 op, 1299457.00 ns, 2.4785 ns/op
OverheadWarmup   2: 524288 op, 1116523.00 ns, 2.1296 ns/op
OverheadWarmup   3: 524288 op, 1317895.00 ns, 2.5137 ns/op
OverheadWarmup   4: 524288 op, 1225145.00 ns, 2.3368 ns/op
OverheadWarmup   5: 524288 op, 1422762.00 ns, 2.7137 ns/op
OverheadWarmup   6: 524288 op, 1152006.00 ns, 2.1973 ns/op

OverheadActual   1: 524288 op, 1246638.00 ns, 2.3778 ns/op
OverheadActual   2: 524288 op, 1231965.00 ns, 2.3498 ns/op
OverheadActual   3: 524288 op, 1358806.00 ns, 2.5917 ns/op
OverheadActual   4: 524288 op, 1118286.00 ns, 2.1330 ns/op
OverheadActual   5: 524288 op, 1195140.00 ns, 2.2795 ns/op
OverheadActual   6: 524288 op, 1435250.00 ns, 2.7375 ns/op
OverheadActual   7: 524288 op, 1379647.00 ns, 2.6315 ns/op
OverheadActual   8: 524288 op, 1224295.00 ns, 2.3352 ns/op
OverheadActual   9: 524288 op, 1403974.00 ns, 2.6779 ns/op
OverheadActual  10: 524288 op, 1260178.00 ns, 2.4036 ns/op
OverheadActual  11: 524288 op, 1120428.00 ns, 2.1370 ns/op
OverheadActual  12: 524288 op, 1220248.00 ns, 2.3274 ns/op
OverheadActual  13: 524288 op, 1164585.00 ns, 2.2213 ns/op
OverheadActual  14: 524288 op, 1259427.00 ns, 2.4022 ns/op
OverheadActual  15: 524288 op, 1503022.00 ns, 2.8668 ns/op
OverheadActual  16: 524288 op, 1217333.00 ns, 2.3219 ns/op
OverheadActual  17: 524288 op, 1174630.00 ns, 2.2404 ns/op
OverheadActual  18: 524288 op, 1253828.00 ns, 2.3915 ns/op
OverheadActual  19: 524288 op, 1252166.00 ns, 2.3883 ns/op
OverheadActual  20: 524288 op, 1122742.00 ns, 2.1415 ns/op

WorkloadWarmup   1: 524288 op, 709060039.00 ns, 1.3524 us/op
WorkloadWarmup   2: 524288 op, 699102359.00 ns, 1.3334 us/op
WorkloadWarmup   3: 524288 op, 698413938.00 ns, 1.3321 us/op

// BeforeActualRun
WorkloadActual   1: 524288 op, 702605388.00 ns, 1.3401 us/op
WorkloadActual   2: 524288 op, 694470009.00 ns, 1.3246 us/op
WorkloadActual   3: 524288 op, 717459233.00 ns, 1.3684 us/op
WorkloadActual   4: 524288 op, 776413956.00 ns, 1.4809 us/op
WorkloadActual   5: 524288 op, 703343153.00 ns, 1.3415 us/op
WorkloadActual   6: 524288 op, 713339010.00 ns, 1.3606 us/op
WorkloadActual   7: 524288 op, 702327811.00 ns, 1.3396 us/op
WorkloadActual   8: 524288 op, 707998978.00 ns, 1.3504 us/op
WorkloadActual   9: 524288 op, 707905368.00 ns, 1.3502 us/op
WorkloadActual  10: 524288 op, 715410092.00 ns, 1.3645 us/op

// AfterActualRun
WorkloadResult   1: 524288 op, 701366086.50 ns, 1.3377 us/op
WorkloadResult   2: 524288 op, 693230707.50 ns, 1.3222 us/op
WorkloadResult   3: 524288 op, 716219931.50 ns, 1.3661 us/op
WorkloadResult   4: 524288 op, 702103851.50 ns, 1.3392 us/op
WorkloadResult   5: 524288 op, 712099708.50 ns, 1.3582 us/op
WorkloadResult   6: 524288 op, 701088509.50 ns, 1.3372 us/op
WorkloadResult   7: 524288 op, 706759676.50 ns, 1.3480 us/op
WorkloadResult   8: 524288 op, 706666066.50 ns, 1.3479 us/op
WorkloadResult   9: 524288 op, 714170790.50 ns, 1.3622 us/op
// GC:  42 0 0 713044264 524288
// Threading:  0 0 524288

// AfterAll
// Benchmark Process 2809 has exited with code 0.

Mean = 1.347 μs, StdErr = 0.005 μs (0.35%), N = 9, StdDev = 0.014 μs
Min = 1.322 μs, Q1 = 1.338 μs, Median = 1.348 μs, Q3 = 1.358 μs, Max = 1.366 μs
IQR = 0.020 μs, LowerFence = 1.307 μs, UpperFence = 1.389 μs
ConfidenceInterval = [1.323 μs; 1.370 μs] (CI 99.9%), Margin = 0.024 μs (1.75% of Mean)
Skewness = -0.13, Kurtosis = 1.69, MValue = 2

// ** Remained 9 (90.0 %) benchmark(s) to run. Estimated finish 2026-09-24 9:36 (0h 1m from now) **
// **************************
// Benchmark: CacheKeyGeneratorBenchmarks.GeneratePattern: Job-YFEFPZ(IterationCount=10, WarmupCount=3)
// *** Execute ***
// Launch: 1 / 1
// Execute: dotnet Encina.Caching.Benchmarks-Job-YFEFPZ-1.dll --anonymousPipes 150 151 --benchmarkName Encina.Caching.Benchmarks.CacheKeyGeneratorBenchmarks.GeneratePattern --job "IterationCount=10, WarmupCount=3" --benchmarkId 1 in /home/runner/work/Encina/Encina/tests/Encina.BenchmarkTests/Encina.Caching.Benchmarks/bin/Release/net10.0/Encina.Caching.Benchmarks-Job-YFEFPZ-1/bin/Release/net10.0
// Failed to set up high priority (Permission denied). In order to run benchmarks with high priority, make sure you have the right permissions.
// BeforeAnythingElse

// Benchmark Process Environment Information:
// BenchmarkDotNet v0.15.8
// Runtime=.NET 10.0.12 (10.0.12, 10.0.1226.42308), X64 RyuJIT x86-64-v4
// GC=Concurrent Workstation
// HardwareIntrinsics=AVX512 BITALG+VBMI2+VNNI+VPOPCNTDQ,AVX512 IFMA+VBMI,AVX512 F+BW+CD+DQ+VL,AVX2+BMI1+BMI2+F16C+FMA+LZCNT+MOVBE,AVX,SSE3+SSSE3+SSE4.1+SSE4.2+POPCNT,X86Base+SSE+SSE2,AES+PCLMUL,AvxVnni VectorSize=256
// Job: Job-YFEFPZ(IterationCount=10, WarmupCount=3)

OverheadJitting  1: 1 op, 158788.00 ns, 158.7880 us/op
WorkloadJitting  1: 1 op, 805547.00 ns, 805.5470 us/op

OverheadJitting  2: 16 op, 283295.00 ns, 17.7059 us/op
WorkloadJitting  2: 16 op, 301892.00 ns, 18.8683 us/op

WorkloadPilot    1: 16 op, 17947.00 ns, 1.1217 us/op
WorkloadPilot    2: 32 op, 16495.00 ns, 515.4688 ns/op
WorkloadPilot    3: 64 op, 24477.00 ns, 382.4531 ns/op
WorkloadPilot    4: 128 op, 29704.00 ns, 232.0625 ns/op
WorkloadPilot    5: 256 op, 45949.00 ns, 179.4883 ns/op
WorkloadPilot    6: 512 op, 86329.00 ns, 168.6113 ns/op
WorkloadPilot    7: 1024 op, 173099.00 ns, 169.0420 ns/op
WorkloadPilot    8: 2048 op, 274882.00 ns, 134.2197 ns/op
WorkloadPilot    9: 4096 op, 565648.00 ns, 138.0977 ns/op
WorkloadPilot   10: 8192 op, 1149192.00 ns, 140.2822 ns/op
WorkloadPilot   11: 16384 op, 1884293.00 ns, 115.0081 ns/op
WorkloadPilot   12: 32768 op, 5062044.00 ns, 154.4813 ns/op
WorkloadPilot   13: 65536 op, 9411532.00 ns, 143.6086 ns/op
WorkloadPilot   14: 131072 op, 10594614.00 ns, 80.8305 ns/op
WorkloadPilot   15: 262144 op, 20947356.00 ns, 79.9078 ns/op
WorkloadPilot   16: 524288 op, 37013648.00 ns, 70.5979 ns/op
WorkloadPilot   17: 1048576 op, 70186200.00 ns, 66.9348 ns/op
WorkloadPilot   18: 2097152 op, 140180923.00 ns, 66.8435 ns/op
WorkloadPilot   19: 4194304 op, 268252184.00 ns, 63.9563 ns/op
WorkloadPilot   20: 8388608 op, 553840472.00 ns, 66.0229 ns/op

OverheadWarmup   1: 8388608 op, 18473489.00 ns, 2.2022 ns/op
OverheadWarmup   2: 8388608 op, 17854872.00 ns, 2.1285 ns/op
OverheadWarmup   3: 8388608 op, 18848751.00 ns, 2.2469 ns/op
OverheadWarmup   4: 8388608 op, 17765619.00 ns, 2.1178 ns/op
OverheadWarmup   5: 8388608 op, 18368802.00 ns, 2.1897 ns/op
OverheadWarmup   6: 8388608 op, 17688172.00 ns, 2.1086 ns/op

OverheadActual   1: 8388608 op, 17801442.00 ns, 2.1221 ns/op
OverheadActual   2: 8388608 op, 19630272.00 ns, 2.3401 ns/op
OverheadActual   3: 8388608 op, 20462579.00 ns, 2.4393 ns/op
OverheadActual   4: 8388608 op, 20818953.00 ns, 2.4818 ns/op
OverheadActual   5: 8388608 op, 19905955.00 ns, 2.3730 ns/op
OverheadActual   6: 8388608 op, 17930496.00 ns, 2.1375 ns/op
OverheadActual   7: 8388608 op, 18186870.00 ns, 2.1680 ns/op
OverheadActual   8: 8388608 op, 18249673.00 ns, 2.1755 ns/op
OverheadActual   9: 8388608 op, 17845888.00 ns, 2.1274 ns/op
OverheadActual  10: 8388608 op, 17674823.00 ns, 2.1070 ns/op
OverheadActual  11: 8388608 op, 18000400.00 ns, 2.1458 ns/op
OverheadActual  12: 8388608 op, 18210935.00 ns, 2.1709 ns/op
OverheadActual  13: 8388608 op, 18189273.00 ns, 2.1683 ns/op
OverheadActual  14: 8388608 op, 17599319.00 ns, 2.0980 ns/op
OverheadActual  15: 8388608 op, 17775814.00 ns, 2.1190 ns/op
OverheadActual  16: 8388608 op, 17638097.00 ns, 2.1026 ns/op
OverheadActual  17: 8388608 op, 17762964.00 ns, 2.1175 ns/op

WorkloadWarmup   1: 8388608 op, 605643739.00 ns, 72.1984 ns/op
WorkloadWarmup   2: 8388608 op, 541583017.00 ns, 64.5617 ns/op
WorkloadWarmup   3: 8388608 op, 532241821.00 ns, 63.4482 ns/op

// BeforeActualRun
WorkloadActual   1: 8388608 op, 537564666.00 ns, 64.0827 ns/op
WorkloadActual   2: 8388608 op, 558902948.00 ns, 66.6264 ns/op
WorkloadActual   3: 8388608 op, 580125035.00 ns, 69.1563 ns/op
WorkloadActual   4: 8388608 op, 569724961.00 ns, 67.9165 ns/op
WorkloadActual   5: 8388608 op, 589245262.00 ns, 70.2435 ns/op
WorkloadActual   6: 8388608 op, 576456448.00 ns, 68.7190 ns/op
WorkloadActual   7: 8388608 op, 579143925.00 ns, 69.0393 ns/op
WorkloadActual   8: 8388608 op, 563488306.00 ns, 67.1730 ns/op
WorkloadActual   9: 8388608 op, 550357409.00 ns, 65.6077 ns/op
WorkloadActual  10: 8388608 op, 552188544.00 ns, 65.8260 ns/op

// AfterActualRun
WorkloadResult   1: 8388608 op, 519564266.00 ns, 61.9369 ns/op
WorkloadResult   2: 8388608 op, 540902548.00 ns, 64.4806 ns/op
WorkloadResult   3: 8388608 op, 562124635.00 ns, 67.0105 ns/op
WorkloadResult   4: 8388608 op, 551724561.00 ns, 65.7707 ns/op
WorkloadResult   5: 8388608 op, 571244862.00 ns, 68.0977 ns/op
WorkloadResult   6: 8388608 op, 558456048.00 ns, 66.5731 ns/op
WorkloadResult   7: 8388608 op, 561143525.00 ns, 66.8935 ns/op
WorkloadResult   8: 8388608 op, 545487906.00 ns, 65.0272 ns/op
WorkloadResult   9: 8388608 op, 532357009.00 ns, 63.4619 ns/op
WorkloadResult  10: 8388608 op, 534188144.00 ns, 63.6802 ns/op
// GC:  128 0 0 2147511512 8388608
// Threading:  0 0 8388608

// AfterAll
// Benchmark Process 2819 has exited with code 0.

Mean = 65.293 ns, StdErr = 0.607 ns (0.93%), N = 10, StdDev = 1.920 ns
Min = 61.937 ns, Q1 = 63.880 ns, Median = 65.399 ns, Q3 = 66.813 ns, Max = 68.098 ns
IQR = 2.933 ns, LowerFence = 59.481 ns, UpperFence = 71.213 ns
ConfidenceInterval = [62.390 ns; 68.197 ns] (CI 99.9%), Margin = 2.903 ns (4.45% of Mean)
Skewness = -0.22, Kurtosis = 1.66, MValue = 2

// ** Remained 8 (80.0 %) benchmark(s) to run. Estimated finish 2026-09-24 9:36 (0h 1m from now) **
// **************************
// Benchmark: CacheKeyGeneratorBenchmarks.GeneratePattern_WithTemplate: Job-YFEFPZ(IterationCount=10, WarmupCount=3)
// *** Execute ***
// Launch: 1 / 1
// Execute: dotnet Encina.Caching.Benchmarks-Job-YFEFPZ-1.dll --anonymousPipes 150 151 --benchmarkName Encina.Caching.Benchmarks.CacheKeyGeneratorBenchmarks.GeneratePattern_WithTemplate --job "IterationCount=10, WarmupCount=3" --benchmarkId 2 in /home/runner/work/Encina/Encina/tests/Encina.BenchmarkTests/Encina.Caching.Benchmarks/bin/Release/net10.0/Encina.Caching.Benchmarks-Job-YFEFPZ-1/bin/Release/net10.0
// Failed to set up high priority (Permission denied). In order to run benchmarks with high priority, make sure you have the right permissions.
// BeforeAnythingElse

// Benchmark Process Environment Information:
// BenchmarkDotNet v0.15.8
// Runtime=.NET 10.0.12 (10.0.12, 10.0.1226.42308), X64 RyuJIT x86-64-v4
// GC=Concurrent Workstation
// HardwareIntrinsics=AVX512 BITALG+VBMI2+VNNI+VPOPCNTDQ,AVX512 IFMA+VBMI,AVX512 F+BW+CD+DQ+VL,AVX2+BMI1+BMI2+F16C+FMA+LZCNT+MOVBE,AVX,SSE3+SSSE3+SSE4.1+SSE4.2+POPCNT,X86Base+SSE+SSE2,AES+PCLMUL,AvxVnni VectorSize=256
// Job: Job-YFEFPZ(IterationCount=10, WarmupCount=3)

OverheadJitting  1: 1 op, 152749.00 ns, 152.7490 us/op
WorkloadJitting  1: 1 op, 2070132.00 ns, 2.0701 ms/op

OverheadJitting  2: 16 op, 288032.00 ns, 18.0020 us/op
WorkloadJitting  2: 16 op, 444666.00 ns, 27.7916 us/op

WorkloadPilot    1: 16 op, 156675.00 ns, 9.7922 us/op
WorkloadPilot    2: 32 op, 160601.00 ns, 5.0188 us/op
WorkloadPilot    3: 64 op, 166770.00 ns, 2.6058 us/op
WorkloadPilot    4: 128 op, 186960.00 ns, 1.4606 us/op
WorkloadPilot    5: 256 op, 260781.00 ns, 1.0187 us/op
WorkloadPilot    6: 512 op, 322523.00 ns, 629.9277 ns/op
WorkloadPilot    7: 1024 op, 486489.00 ns, 475.0869 ns/op
WorkloadPilot    8: 2048 op, 821701.00 ns, 401.2212 ns/op
WorkloadPilot    9: 4096 op, 1561539.00 ns, 381.2351 ns/op
WorkloadPilot   10: 8192 op, 3023912.00 ns, 369.1299 ns/op
WorkloadPilot   11: 16384 op, 7279639.00 ns, 444.3139 ns/op
WorkloadPilot   12: 32768 op, 8615941.00 ns, 262.9377 ns/op
WorkloadPilot   13: 65536 op, 12845418.00 ns, 196.0055 ns/op
WorkloadPilot   14: 131072 op, 21438926.00 ns, 163.5660 ns/op
WorkloadPilot   15: 262144 op, 43421176.00 ns, 165.6386 ns/op
WorkloadPilot   16: 524288 op, 83714294.00 ns, 159.6723 ns/op
WorkloadPilot   17: 1048576 op, 172030805.00 ns, 164.0614 ns/op
WorkloadPilot   18: 2097152 op, 351415949.00 ns, 167.5682 ns/op
WorkloadPilot   19: 4194304 op, 693837522.00 ns, 165.4238 ns/op

OverheadWarmup   1: 4194304 op, 10098272.00 ns, 2.4076 ns/op
OverheadWarmup   2: 4194304 op, 10299874.00 ns, 2.4557 ns/op
OverheadWarmup   3: 4194304 op, 9151113.00 ns, 2.1818 ns/op
OverheadWarmup   4: 4194304 op, 9164012.00 ns, 2.1849 ns/op
OverheadWarmup   5: 4194304 op, 9161087.00 ns, 2.1842 ns/op

OverheadActual   1: 4194304 op, 10171081.00 ns, 2.4250 ns/op
OverheadActual   2: 4194304 op, 9916640.00 ns, 2.3643 ns/op
OverheadActual   3: 4194304 op, 10828386.00 ns, 2.5817 ns/op
OverheadActual   4: 4194304 op, 11411660.00 ns, 2.7208 ns/op
OverheadActual   5: 4194304 op, 9879455.00 ns, 2.3554 ns/op
OverheadActual   6: 4194304 op, 9690050.00 ns, 2.3103 ns/op
OverheadActual   7: 4194304 op, 9184583.00 ns, 2.1898 ns/op
OverheadActual   8: 4194304 op, 9290752.00 ns, 2.2151 ns/op
OverheadActual   9: 4194304 op, 9074818.00 ns, 2.1636 ns/op
OverheadActual  10: 4194304 op, 9217272.00 ns, 2.1976 ns/op
OverheadActual  11: 4194304 op, 9632995.00 ns, 2.2967 ns/op
OverheadActual  12: 4194304 op, 9548759.00 ns, 2.2766 ns/op
OverheadActual  13: 4194304 op, 9340927.00 ns, 2.2271 ns/op
OverheadActual  14: 4194304 op, 9228108.00 ns, 2.2002 ns/op
OverheadActual  15: 4194304 op, 9047968.00 ns, 2.1572 ns/op
OverheadActual  16: 4194304 op, 8933997.00 ns, 2.1300 ns/op
OverheadActual  17: 4194304 op, 9152155.00 ns, 2.1820 ns/op
OverheadActual  18: 4194304 op, 8976882.00 ns, 2.1403 ns/op
OverheadActual  19: 4194304 op, 9348819.00 ns, 2.2289 ns/op

WorkloadWarmup   1: 4194304 op, 686015840.00 ns, 163.5589 ns/op
WorkloadWarmup   2: 4194304 op, 718034154.00 ns, 171.1927 ns/op
WorkloadWarmup   3: 4194304 op, 689701702.00 ns, 164.4377 ns/op

// BeforeActualRun
WorkloadActual   1: 4194304 op, 697687662.00 ns, 166.3417 ns/op
WorkloadActual   2: 4194304 op, 711932080.00 ns, 169.7378 ns/op
WorkloadActual   3: 4194304 op, 706103455.00 ns, 168.3482 ns/op
WorkloadActual   4: 4194304 op, 744004870.00 ns, 177.3846 ns/op
WorkloadActual   5: 4194304 op, 698769323.00 ns, 166.5996 ns/op
WorkloadActual   6: 4194304 op, 698468201.00 ns, 166.5278 ns/op
WorkloadActual   7: 4194304 op, 712551679.00 ns, 169.8856 ns/op
WorkloadActual   8: 4194304 op, 690503334.00 ns, 164.6288 ns/op
WorkloadActual   9: 4194304 op, 698685828.00 ns, 166.5797 ns/op
WorkloadActual  10: 4194304 op, 701156582.00 ns, 167.1688 ns/op

// AfterActualRun
WorkloadResult   1: 4194304 op, 688346735.00 ns, 164.1147 ns/op
WorkloadResult   2: 4194304 op, 702591153.00 ns, 167.5108 ns/op
WorkloadResult   3: 4194304 op, 696762528.00 ns, 166.1211 ns/op
WorkloadResult   4: 4194304 op, 689428396.00 ns, 164.3725 ns/op
WorkloadResult   5: 4194304 op, 689127274.00 ns, 164.3007 ns/op
WorkloadResult   6: 4194304 op, 703210752.00 ns, 167.6585 ns/op
WorkloadResult   7: 4194304 op, 681162407.00 ns, 162.4018 ns/op
WorkloadResult   8: 4194304 op, 689344901.00 ns, 164.3526 ns/op
WorkloadResult   9: 4194304 op, 691815655.00 ns, 164.9417 ns/op
// GC:  224 0 0 3758099768 4194304
// Threading:  0 0 4194304

// AfterAll
// Benchmark Process 2827 has exited with code 0.

Mean = 165.086 ns, StdErr = 0.570 ns (0.35%), N = 9, StdDev = 1.710 ns
Min = 162.402 ns, Q1 = 164.301 ns, Median = 164.373 ns, Q3 = 166.121 ns, Max = 167.659 ns
IQR = 1.820 ns, LowerFence = 161.570 ns, UpperFence = 168.852 ns
ConfidenceInterval = [162.212 ns; 167.960 ns] (CI 99.9%), Margin = 2.874 ns (1.74% of Mean)
Skewness = 0.24, Kurtosis = 1.73, MValue = 2

// ** Remained 7 (70.0 %) benchmark(s) to run. Estimated finish 2026-09-24 9:36 (0h 1m from now) **
// **************************
// Benchmark: CacheKeyGeneratorBenchmarks.GenerateKey_WithTemplate: ShortRun(IterationCount=3, LaunchCount=1, WarmupCount=3)
// *** Execute ***
// Launch: 1 / 1
// Execute: dotnet Encina.Caching.Benchmarks-Job-YFEFPZ-1.dll --anonymousPipes 150 151 --benchmarkName Encina.Caching.Benchmarks.CacheKeyGeneratorBenchmarks.GenerateKey_WithTemplate --job ShortRun --benchmarkId 3 in /home/runner/work/Encina/Encina/tests/Encina.BenchmarkTests/Encina.Caching.Benchmarks/bin/Release/net10.0/Encina.Caching.Benchmarks-Job-YFEFPZ-1/bin/Release/net10.0
// Failed to set up high priority (Permission denied). In order to run benchmarks with high priority, make sure you have the right permissions.
// BeforeAnythingElse

// Benchmark Process Environment Information:
// BenchmarkDotNet v0.15.8
// Runtime=.NET 10.0.12 (10.0.12, 10.0.1226.42308), X64 RyuJIT x86-64-v4
// GC=Concurrent Workstation
// HardwareIntrinsics=AVX512 BITALG+VBMI2+VNNI+VPOPCNTDQ,AVX512 IFMA+VBMI,AVX512 F+BW+CD+DQ+VL,AVX2+BMI1+BMI2+F16C+FMA+LZCNT+MOVBE,AVX,SSE3+SSSE3+SSE4.1+SSE4.2+POPCNT,X86Base+SSE+SSE2,AES+PCLMUL,AvxVnni VectorSize=256
// Job: ShortRun(IterationCount=3, LaunchCount=1, WarmupCount=3)

OverheadJitting  1: 1 op, 159569.00 ns, 159.5690 us/op
WorkloadJitting  1: 1 op, 3014357.00 ns, 3.0144 ms/op

OverheadJitting  2: 16 op, 282514.00 ns, 17.6571 us/op
WorkloadJitting  2: 16 op, 803114.00 ns, 50.1946 us/op

WorkloadPilot    1: 16 op, 377606.00 ns, 23.6004 us/op
WorkloadPilot    2: 32 op, 383535.00 ns, 11.9855 us/op
WorkloadPilot    3: 64 op, 458757.00 ns, 7.1681 us/op
WorkloadPilot    4: 128 op, 563645.00 ns, 4.4035 us/op
WorkloadPilot    5: 256 op, 737816.00 ns, 2.8821 us/op
WorkloadPilot    6: 512 op, 1135772.00 ns, 2.2183 us/op
WorkloadPilot    7: 1024 op, 1937293.00 ns, 1.8919 us/op
WorkloadPilot    8: 2048 op, 3556158.00 ns, 1.7364 us/op
WorkloadPilot    9: 4096 op, 6854350.00 ns, 1.6734 us/op
WorkloadPilot   10: 8192 op, 14030342.00 ns, 1.7127 us/op
WorkloadPilot   11: 16384 op, 27698711.00 ns, 1.6906 us/op
WorkloadPilot   12: 32768 op, 47062363.00 ns, 1.4362 us/op
WorkloadPilot   13: 65536 op, 88378226.00 ns, 1.3485 us/op
WorkloadPilot   14: 131072 op, 175687351.00 ns, 1.3404 us/op
WorkloadPilot   15: 262144 op, 353691513.00 ns, 1.3492 us/op
WorkloadPilot   16: 524288 op, 710264373.00 ns, 1.3547 us/op

OverheadWarmup   1: 524288 op, 1105446.00 ns, 2.1085 ns/op
OverheadWarmup   2: 524288 op, 1395180.00 ns, 2.6611 ns/op
OverheadWarmup   3: 524288 op, 1118606.00 ns, 2.1336 ns/op
OverheadWarmup   4: 524288 op, 1116233.00 ns, 2.1290 ns/op
OverheadWarmup   5: 524288 op, 1099347.00 ns, 2.0968 ns/op
OverheadWarmup   6: 524288 op, 1110033.00 ns, 2.1172 ns/op
OverheadWarmup   7: 524288 op, 1101240.00 ns, 2.1004 ns/op

OverheadActual   1: 524288 op, 1096332.00 ns, 2.0911 ns/op
OverheadActual   2: 524288 op, 1093027.00 ns, 2.0848 ns/op
OverheadActual   3: 524288 op, 1094340.00 ns, 2.0873 ns/op
OverheadActual   4: 524288 op, 1090334.00 ns, 2.0796 ns/op
OverheadActual   5: 524288 op, 1108691.00 ns, 2.1147 ns/op
OverheadActual   6: 524288 op, 1102993.00 ns, 2.1038 ns/op
OverheadActual   7: 524288 op, 1098646.00 ns, 2.0955 ns/op
OverheadActual   8: 524288 op, 1102001.00 ns, 2.1019 ns/op
OverheadActual   9: 524288 op, 1173157.00 ns, 2.2376 ns/op
OverheadActual  10: 524288 op, 1183824.00 ns, 2.2580 ns/op
OverheadActual  11: 524288 op, 1112738.00 ns, 2.1224 ns/op
OverheadActual  12: 524288 op, 1105877.00 ns, 2.1093 ns/op
OverheadActual  13: 524288 op, 1105997.00 ns, 2.1095 ns/op
OverheadActual  14: 524288 op, 1105917.00 ns, 2.1094 ns/op
OverheadActual  15: 524288 op, 1105426.00 ns, 2.1084 ns/op

WorkloadWarmup   1: 524288 op, 693716659.00 ns, 1.3232 us/op
WorkloadWarmup   2: 524288 op, 708003997.00 ns, 1.3504 us/op
WorkloadWarmup   3: 524288 op, 695239182.00 ns, 1.3261 us/op

// BeforeActualRun
WorkloadActual   1: 524288 op, 701669856.00 ns, 1.3383 us/op
WorkloadActual   2: 524288 op, 706410619.00 ns, 1.3474 us/op
WorkloadActual   3: 524288 op, 698442892.00 ns, 1.3322 us/op

// AfterActualRun
WorkloadResult   1: 524288 op, 700564430.00 ns, 1.3362 us/op
WorkloadResult   2: 524288 op, 705305193.00 ns, 1.3453 us/op
WorkloadResult   3: 524288 op, 697337466.00 ns, 1.3301 us/op
// GC:  42 0 0 713044264 524288
// Threading:  0 0 524288

// AfterAll
// Benchmark Process 2837 has exited with code 0.

Mean = 1.337 μs, StdErr = 0.004 μs (0.33%), N = 3, StdDev = 0.008 μs
Min = 1.330 μs, Q1 = 1.333 μs, Median = 1.336 μs, Q3 = 1.341 μs, Max = 1.345 μs
IQR = 0.008 μs, LowerFence = 1.322 μs, UpperFence = 1.352 μs
ConfidenceInterval = [1.198 μs; 1.477 μs] (CI 99.9%), Margin = 0.139 μs (10.43% of Mean)
Skewness = 0.12, Kurtosis = 0.67, MValue = 2

// ** Remained 6 (60.0 %) benchmark(s) to run. Estimated finish 2026-09-24 9:35 (0h 0m from now) **
// **************************
// Benchmark: CacheKeyGeneratorBenchmarks.GeneratePattern: ShortRun(IterationCount=3, LaunchCount=1, WarmupCount=3)
// *** Execute ***
// Launch: 1 / 1
// Execute: dotnet Encina.Caching.Benchmarks-Job-YFEFPZ-1.dll --anonymousPipes 150 151 --benchmarkName Encina.Caching.Benchmarks.CacheKeyGeneratorBenchmarks.GeneratePattern --job ShortRun --benchmarkId 4 in /home/runner/work/Encina/Encina/tests/Encina.BenchmarkTests/Encina.Caching.Benchmarks/bin/Release/net10.0/Encina.Caching.Benchmarks-Job-YFEFPZ-1/bin/Release/net10.0
// Failed to set up high priority (Permission denied). In order to run benchmarks with high priority, make sure you have the right permissions.
// BeforeAnythingElse

// Benchmark Process Environment Information:
// BenchmarkDotNet v0.15.8
// Runtime=.NET 10.0.12 (10.0.12, 10.0.1226.42308), X64 RyuJIT x86-64-v4
// GC=Concurrent Workstation
// HardwareIntrinsics=AVX512 BITALG+VBMI2+VNNI+VPOPCNTDQ,AVX512 IFMA+VBMI,AVX512 F+BW+CD+DQ+VL,AVX2+BMI1+BMI2+F16C+FMA+LZCNT+MOVBE,AVX,SSE3+SSSE3+SSE4.1+SSE4.2+POPCNT,X86Base+SSE+SSE2,AES+PCLMUL,AvxVnni VectorSize=256
// Job: ShortRun(IterationCount=3, LaunchCount=1, WarmupCount=3)

OverheadJitting  1: 1 op, 148792.00 ns, 148.7920 us/op
WorkloadJitting  1: 1 op, 812958.00 ns, 812.9580 us/op

OverheadJitting  2: 16 op, 305137.00 ns, 19.0711 us/op
WorkloadJitting  2: 16 op, 308863.00 ns, 19.3039 us/op

WorkloadPilot    1: 16 op, 17997.00 ns, 1.1248 us/op
WorkloadPilot    2: 32 op, 16174.00 ns, 505.4375 ns/op
WorkloadPilot    3: 64 op, 19429.00 ns, 303.5781 ns/op
WorkloadPilot    4: 128 op, 32228.00 ns, 251.7813 ns/op
WorkloadPilot    5: 256 op, 56335.00 ns, 220.0586 ns/op
WorkloadPilot    6: 512 op, 84928.00 ns, 165.8750 ns/op
WorkloadPilot    7: 1024 op, 189794.00 ns, 185.3457 ns/op
WorkloadPilot    8: 2048 op, 256023.00 ns, 125.0112 ns/op
WorkloadPilot    9: 4096 op, 595282.00 ns, 145.3325 ns/op
WorkloadPilot   10: 8192 op, 1211475.00 ns, 147.8851 ns/op
WorkloadPilot   11: 16384 op, 2386346.00 ns, 145.6510 ns/op
WorkloadPilot   12: 32768 op, 4733652.00 ns, 144.4596 ns/op
WorkloadPilot   13: 65536 op, 11786610.00 ns, 179.8494 ns/op
WorkloadPilot   14: 131072 op, 12613859.00 ns, 96.2361 ns/op
WorkloadPilot   15: 262144 op, 18563463.00 ns, 70.8140 ns/op
WorkloadPilot   16: 524288 op, 35366419.00 ns, 67.4561 ns/op
WorkloadPilot   17: 1048576 op, 68490829.00 ns, 65.3179 ns/op
WorkloadPilot   18: 2097152 op, 136801141.00 ns, 65.2319 ns/op
WorkloadPilot   19: 4194304 op, 269539726.00 ns, 64.2633 ns/op
WorkloadPilot   20: 8388608 op, 591123511.00 ns, 70.4674 ns/op

OverheadWarmup   1: 8388608 op, 20785664.00 ns, 2.4778 ns/op
OverheadWarmup   2: 8388608 op, 17861002.00 ns, 2.1292 ns/op
OverheadWarmup   3: 8388608 op, 18129674.00 ns, 2.1612 ns/op
OverheadWarmup   4: 8388608 op, 17897967.00 ns, 2.1336 ns/op
OverheadWarmup   5: 8388608 op, 18151968.00 ns, 2.1639 ns/op
OverheadWarmup   6: 8388608 op, 18114542.00 ns, 2.1594 ns/op

OverheadActual   1: 8388608 op, 19084245.00 ns, 2.2750 ns/op
OverheadActual   2: 8388608 op, 19514029.00 ns, 2.3263 ns/op
OverheadActual   3: 8388608 op, 18717045.00 ns, 2.2312 ns/op
OverheadActual   4: 8388608 op, 18516464.00 ns, 2.2073 ns/op
OverheadActual   5: 8388608 op, 18078478.00 ns, 2.1551 ns/op
OverheadActual   6: 8388608 op, 17902213.00 ns, 2.1341 ns/op
OverheadActual   7: 8388608 op, 17889114.00 ns, 2.1325 ns/op
OverheadActual   8: 8388608 op, 18195142.00 ns, 2.1690 ns/op
OverheadActual   9: 8388608 op, 17918869.00 ns, 2.1361 ns/op
OverheadActual  10: 8388608 op, 17861152.00 ns, 2.1292 ns/op
OverheadActual  11: 8388608 op, 17868093.00 ns, 2.1300 ns/op
OverheadActual  12: 8388608 op, 18148913.00 ns, 2.1635 ns/op
OverheadActual  13: 8388608 op, 17896836.00 ns, 2.1335 ns/op
OverheadActual  14: 8388608 op, 17874171.00 ns, 2.1308 ns/op
OverheadActual  15: 8388608 op, 18626790.00 ns, 2.2205 ns/op

WorkloadWarmup   1: 8388608 op, 562548867.00 ns, 67.0611 ns/op
WorkloadWarmup   2: 8388608 op, 568619883.00 ns, 67.7848 ns/op
WorkloadWarmup   3: 8388608 op, 544031601.00 ns, 64.8536 ns/op

// BeforeActualRun
WorkloadActual   1: 8388608 op, 536756210.00 ns, 63.9863 ns/op
WorkloadActual   2: 8388608 op, 556910989.00 ns, 66.3890 ns/op
WorkloadActual   3: 8388608 op, 550127395.00 ns, 65.5803 ns/op

// AfterActualRun
WorkloadResult   1: 8388608 op, 518677732.00 ns, 61.8312 ns/op
WorkloadResult   2: 8388608 op, 538832511.00 ns, 64.2338 ns/op
WorkloadResult   3: 8388608 op, 532048917.00 ns, 63.4252 ns/op
// GC:  128 0 0 2147511512 8388608
// Threading:  0 0 8388608

// AfterAll
// Benchmark Process 2844 has exited with code 0.

Mean = 63.163 ns, StdErr = 0.706 ns (1.12%), N = 3, StdDev = 1.223 ns
Min = 61.831 ns, Q1 = 62.628 ns, Median = 63.425 ns, Q3 = 63.830 ns, Max = 64.234 ns
IQR = 1.201 ns, LowerFence = 60.826 ns, UpperFence = 65.631 ns
ConfidenceInterval = [40.860 ns; 85.467 ns] (CI 99.9%), Margin = 22.303 ns (35.31% of Mean)
Skewness = -0.2, Kurtosis = 0.67, MValue = 2

// ** Remained 5 (50.0 %) benchmark(s) to run. Estimated finish 2026-09-24 9:35 (0h 0m from now) **
// **************************
// Benchmark: CacheKeyGeneratorBenchmarks.GeneratePattern_WithTemplate: ShortRun(IterationCount=3, LaunchCount=1, WarmupCount=3)
// *** Execute ***
// Launch: 1 / 1
// Execute: dotnet Encina.Caching.Benchmarks-Job-YFEFPZ-1.dll --anonymousPipes 150 151 --benchmarkName Encina.Caching.Benchmarks.CacheKeyGeneratorBenchmarks.GeneratePattern_WithTemplate --job ShortRun --benchmarkId 5 in /home/runner/work/Encina/Encina/tests/Encina.BenchmarkTests/Encina.Caching.Benchmarks/bin/Release/net10.0/Encina.Caching.Benchmarks-Job-YFEFPZ-1/bin/Release/net10.0
// Failed to set up high priority (Permission denied). In order to run benchmarks with high priority, make sure you have the right permissions.
// BeforeAnythingElse

// Benchmark Process Environment Information:
// BenchmarkDotNet v0.15.8
// Runtime=.NET 10.0.12 (10.0.12, 10.0.1226.42308), X64 RyuJIT x86-64-v4
// GC=Concurrent Workstation
// HardwareIntrinsics=AVX512 BITALG+VBMI2+VNNI+VPOPCNTDQ,AVX512 IFMA+VBMI,AVX512 F+BW+CD+DQ+VL,AVX2+BMI1+BMI2+F16C+FMA+LZCNT+MOVBE,AVX,SSE3+SSSE3+SSE4.1+SSE4.2+POPCNT,X86Base+SSE+SSE2,AES+PCLMUL,AvxVnni VectorSize=256
// Job: ShortRun(IterationCount=3, LaunchCount=1, WarmupCount=3)

OverheadJitting  1: 1 op, 156204.00 ns, 156.2040 us/op
WorkloadJitting  1: 1 op, 2142299.00 ns, 2.1423 ms/op

OverheadJitting  2: 16 op, 296394.00 ns, 18.5246 us/op
WorkloadJitting  2: 16 op, 456213.00 ns, 28.5133 us/op

WorkloadPilot    1: 16 op, 187851.00 ns, 11.7407 us/op
WorkloadPilot    2: 32 op, 162173.00 ns, 5.0679 us/op
WorkloadPilot    3: 64 op, 176265.00 ns, 2.7541 us/op
WorkloadPilot    4: 128 op, 218077.00 ns, 1.7037 us/op
WorkloadPilot    5: 256 op, 263435.00 ns, 1.0290 us/op
WorkloadPilot    6: 512 op, 324076.00 ns, 632.9609 ns/op
WorkloadPilot    7: 1024 op, 476975.00 ns, 465.7959 ns/op
WorkloadPilot    8: 2048 op, 839748.00 ns, 410.0332 ns/op
WorkloadPilot    9: 4096 op, 1536172.00 ns, 375.0420 ns/op
WorkloadPilot   10: 8192 op, 2921877.00 ns, 356.6744 ns/op
WorkloadPilot   11: 16384 op, 7684855.00 ns, 469.0463 ns/op
WorkloadPilot   12: 32768 op, 10055487.00 ns, 306.8691 ns/op
WorkloadPilot   13: 65536 op, 13094600.00 ns, 199.8077 ns/op
WorkloadPilot   14: 131072 op, 22451210.00 ns, 171.2891 ns/op
WorkloadPilot   15: 262144 op, 43425357.00 ns, 165.6546 ns/op
WorkloadPilot   16: 524288 op, 86874639.00 ns, 165.7002 ns/op
WorkloadPilot   17: 1048576 op, 175924006.00 ns, 167.7742 ns/op
WorkloadPilot   18: 2097152 op, 343953127.00 ns, 164.0096 ns/op
WorkloadPilot   19: 4194304 op, 685753190.00 ns, 163.4963 ns/op

OverheadWarmup   1: 4194304 op, 10125191.00 ns, 2.4140 ns/op
OverheadWarmup   2: 4194304 op, 10702706.00 ns, 2.5517 ns/op
OverheadWarmup   3: 4194304 op, 8974557.00 ns, 2.1397 ns/op
OverheadWarmup   4: 4194304 op, 8978223.00 ns, 2.1406 ns/op
OverheadWarmup   5: 4194304 op, 9335358.00 ns, 2.2257 ns/op
OverheadWarmup   6: 4194304 op, 10840963.00 ns, 2.5847 ns/op
OverheadWarmup   7: 4194304 op, 9923819.00 ns, 2.3660 ns/op

OverheadActual   1: 4194304 op, 9803659.00 ns, 2.3374 ns/op
OverheadActual   2: 4194304 op, 12819689.00 ns, 3.0565 ns/op
OverheadActual   3: 4194304 op, 11504878.00 ns, 2.7430 ns/op
OverheadActual   4: 4194304 op, 9060095.00 ns, 2.1601 ns/op
OverheadActual   5: 4194304 op, 9520936.00 ns, 2.2700 ns/op
OverheadActual   6: 4194304 op, 10029237.00 ns, 2.3912 ns/op
OverheadActual   7: 4194304 op, 8819515.00 ns, 2.1027 ns/op
OverheadActual   8: 4194304 op, 8854848.00 ns, 2.1112 ns/op
OverheadActual   9: 4194304 op, 9032554.00 ns, 2.1535 ns/op
OverheadActual  10: 4194304 op, 9007967.00 ns, 2.1477 ns/op
OverheadActual  11: 4194304 op, 9180666.00 ns, 2.1888 ns/op
OverheadActual  12: 4194304 op, 8924342.00 ns, 2.1277 ns/op
OverheadActual  13: 4194304 op, 8886505.00 ns, 2.1187 ns/op
OverheadActual  14: 4194304 op, 8886565.00 ns, 2.1187 ns/op
OverheadActual  15: 4194304 op, 8889349.00 ns, 2.1194 ns/op
OverheadActual  16: 4194304 op, 9019004.00 ns, 2.1503 ns/op

WorkloadWarmup   1: 4194304 op, 681091235.00 ns, 162.3848 ns/op
WorkloadWarmup   2: 4194304 op, 753463093.00 ns, 179.6396 ns/op
WorkloadWarmup   3: 4194304 op, 692392557.00 ns, 165.0792 ns/op

// BeforeActualRun
WorkloadActual   1: 4194304 op, 683361435.00 ns, 162.9261 ns/op
WorkloadActual   2: 4194304 op, 688329279.00 ns, 164.1105 ns/op
WorkloadActual   3: 4194304 op, 684302376.00 ns, 163.1504 ns/op

// AfterActualRun
WorkloadResult   1: 4194304 op, 674335656.00 ns, 160.7741 ns/op
WorkloadResult   2: 4194304 op, 679303500.00 ns, 161.9586 ns/op
WorkloadResult   3: 4194304 op, 675276597.00 ns, 160.9985 ns/op
// GC:  224 0 0 3758099768 4194304
// Threading:  0 0 4194304

// AfterAll
// Benchmark Process 2872 has exited with code 0.

Mean = 161.244 ns, StdErr = 0.363 ns (0.23%), N = 3, StdDev = 0.629 ns
Min = 160.774 ns, Q1 = 160.886 ns, Median = 160.998 ns, Q3 = 161.479 ns, Max = 161.959 ns
IQR = 0.592 ns, LowerFence = 159.998 ns, UpperFence = 162.367 ns
ConfidenceInterval = [149.766 ns; 172.722 ns] (CI 99.9%), Margin = 11.478 ns (7.12% of Mean)
Skewness = 0.33, Kurtosis = 0.67, MValue = 2

// ** Remained 4 (40.0 %) benchmark(s) to run. Estimated finish 2026-09-24 9:35 (0h 0m from now) **
// **************************
// Benchmark: CacheKeyGeneratorBenchmarks.GenerateKey_ComplexQuery: Job-YFEFPZ(IterationCount=10, WarmupCount=3)
// *** Execute ***
// Launch: 1 / 1
// Execute: dotnet Encina.Caching.Benchmarks-Job-YFEFPZ-1.dll --anonymousPipes 150 151 --benchmarkName Encina.Caching.Benchmarks.CacheKeyGeneratorBenchmarks.GenerateKey_ComplexQuery --job "IterationCount=10, WarmupCount=3" --benchmarkId 6 in /home/runner/work/Encina/Encina/tests/Encina.BenchmarkTests/Encina.Caching.Benchmarks/bin/Release/net10.0/Encina.Caching.Benchmarks-Job-YFEFPZ-1/bin/Release/net10.0
// Failed to set up high priority (Permission denied). In order to run benchmarks with high priority, make sure you have the right permissions.
// BeforeAnythingElse

// Benchmark Process Environment Information:
// BenchmarkDotNet v0.15.8
// Runtime=.NET 10.0.12 (10.0.12, 10.0.1226.42308), X64 RyuJIT x86-64-v4
// GC=Concurrent Workstation
// HardwareIntrinsics=AVX512 BITALG+VBMI2+VNNI+VPOPCNTDQ,AVX512 IFMA+VBMI,AVX512 F+BW+CD+DQ+VL,AVX2+BMI1+BMI2+F16C+FMA+LZCNT+MOVBE,AVX,SSE3+SSSE3+SSE4.1+SSE4.2+POPCNT,X86Base+SSE+SSE2,AES+PCLMUL,AvxVnni VectorSize=256
// Job: Job-YFEFPZ(IterationCount=10, WarmupCount=3)

OverheadJitting  1: 1 op, 166169.00 ns, 166.1690 us/op
WorkloadJitting  1: 1 op, 41286490.00 ns, 41.2865 ms/op

WorkloadPilot    1: 2 op, 399409.00 ns, 199.7045 us/op
WorkloadPilot    2: 3 op, 230996.00 ns, 76.9987 us/op
WorkloadPilot    3: 4 op, 214021.00 ns, 53.5053 us/op
WorkloadPilot    4: 5 op, 187651.00 ns, 37.5302 us/op
WorkloadPilot    5: 6 op, 185558.00 ns, 30.9263 us/op
WorkloadPilot    6: 7 op, 183145.00 ns, 26.1636 us/op
WorkloadPilot    7: 8 op, 186139.00 ns, 23.2674 us/op
WorkloadPilot    8: 9 op, 183345.00 ns, 20.3717 us/op
WorkloadPilot    9: 10 op, 198788.00 ns, 19.8788 us/op
WorkloadPilot   10: 11 op, 214271.00 ns, 19.4792 us/op
WorkloadPilot   11: 12 op, 196114.00 ns, 16.3428 us/op
WorkloadPilot   12: 13 op, 204527.00 ns, 15.7328 us/op
WorkloadPilot   13: 14 op, 200330.00 ns, 14.3093 us/op
WorkloadPilot   14: 15 op, 208903.00 ns, 13.9269 us/op
WorkloadPilot   15: 16 op, 229634.00 ns, 14.3521 us/op
WorkloadPilot   16: 32 op, 254101.00 ns, 7.9407 us/op
WorkloadPilot   17: 64 op, 298357.00 ns, 4.6618 us/op
WorkloadPilot   18: 128 op, 530585.00 ns, 4.1452 us/op
WorkloadPilot   19: 256 op, 829683.00 ns, 3.2409 us/op
WorkloadPilot   20: 512 op, 1500588.00 ns, 2.9308 us/op
WorkloadPilot   21: 1024 op, 2719725.00 ns, 2.6560 us/op
WorkloadPilot   22: 2048 op, 5353070.00 ns, 2.6138 us/op
WorkloadPilot   23: 4096 op, 10532240.00 ns, 2.5713 us/op
WorkloadPilot   24: 8192 op, 21948866.00 ns, 2.6793 us/op
WorkloadPilot   25: 16384 op, 41122244.00 ns, 2.5099 us/op
WorkloadPilot   26: 32768 op, 73237832.00 ns, 2.2350 us/op
WorkloadPilot   27: 65536 op, 143770112.00 ns, 2.1938 us/op
WorkloadPilot   28: 131072 op, 287933613.00 ns, 2.1968 us/op
WorkloadPilot   29: 262144 op, 576642878.00 ns, 2.1997 us/op

WorkloadWarmup   1: 262144 op, 573576153.00 ns, 2.1880 us/op
WorkloadWarmup   2: 262144 op, 587865748.00 ns, 2.2425 us/op
WorkloadWarmup   3: 262144 op, 578798318.00 ns, 2.2079 us/op

// BeforeActualRun
WorkloadActual   1: 262144 op, 563812474.00 ns, 2.1508 us/op
WorkloadActual   2: 262144 op, 566539642.00 ns, 2.1612 us/op
WorkloadActual   3: 262144 op, 567109417.00 ns, 2.1634 us/op
WorkloadActual   4: 262144 op, 567770216.00 ns, 2.1659 us/op
WorkloadActual   5: 262144 op, 568548032.00 ns, 2.1688 us/op
WorkloadActual   6: 262144 op, 587156504.00 ns, 2.2398 us/op
WorkloadActual   7: 262144 op, 572729613.00 ns, 2.1848 us/op
WorkloadActual   8: 262144 op, 568473600.00 ns, 2.1686 us/op
WorkloadActual   9: 262144 op, 571411502.00 ns, 2.1798 us/op
WorkloadActual  10: 262144 op, 568923404.00 ns, 2.1703 us/op

// AfterActualRun
WorkloadResult   1: 262144 op, 563812474.00 ns, 2.1508 us/op
WorkloadResult   2: 262144 op, 566539642.00 ns, 2.1612 us/op
WorkloadResult   3: 262144 op, 567109417.00 ns, 2.1634 us/op
WorkloadResult   4: 262144 op, 567770216.00 ns, 2.1659 us/op
WorkloadResult   5: 262144 op, 568548032.00 ns, 2.1688 us/op
WorkloadResult   6: 262144 op, 572729613.00 ns, 2.1848 us/op
WorkloadResult   7: 262144 op, 568473600.00 ns, 2.1686 us/op
WorkloadResult   8: 262144 op, 571411502.00 ns, 2.1798 us/op
WorkloadResult   9: 262144 op, 568923404.00 ns, 2.1703 us/op
// GC:  25 0 0 432018248 262144
// Threading:  0 0 262144

// AfterAll
// Benchmark Process 2880 has exited with code 0.

Mean = 2.168 μs, StdErr = 0.003 μs (0.15%), N = 9, StdDev = 0.010 μs
Min = 2.151 μs, Q1 = 2.163 μs, Median = 2.169 μs, Q3 = 2.170 μs, Max = 2.185 μs
IQR = 0.007 μs, LowerFence = 2.153 μs, UpperFence = 2.181 μs
ConfidenceInterval = [2.151 μs; 2.185 μs] (CI 99.9%), Margin = 0.017 μs (0.77% of Mean)
Skewness = 0.05, Kurtosis = 2.12, MValue = 2

// ** Remained 3 (30.0 %) benchmark(s) to run. Estimated finish 2026-09-24 9:35 (0h 0m from now) **
// **************************
// Benchmark: CacheKeyGeneratorBenchmarks.GenerateKey_ComplexQuery: ShortRun(IterationCount=3, LaunchCount=1, WarmupCount=3)
// *** Execute ***
// Launch: 1 / 1
// Execute: dotnet Encina.Caching.Benchmarks-Job-YFEFPZ-1.dll --anonymousPipes 150 151 --benchmarkName Encina.Caching.Benchmarks.CacheKeyGeneratorBenchmarks.GenerateKey_ComplexQuery --job ShortRun --benchmarkId 7 in /home/runner/work/Encina/Encina/tests/Encina.BenchmarkTests/Encina.Caching.Benchmarks/bin/Release/net10.0/Encina.Caching.Benchmarks-Job-YFEFPZ-1/bin/Release/net10.0
// Failed to set up high priority (Permission denied). In order to run benchmarks with high priority, make sure you have the right permissions.
// BeforeAnythingElse

// Benchmark Process Environment Information:
// BenchmarkDotNet v0.15.8
// Runtime=.NET 10.0.12 (10.0.12, 10.0.1226.42308), X64 RyuJIT x86-64-v4
// GC=Concurrent Workstation
// HardwareIntrinsics=AVX512 BITALG+VBMI2+VNNI+VPOPCNTDQ,AVX512 IFMA+VBMI,AVX512 F+BW+CD+DQ+VL,AVX2+BMI1+BMI2+F16C+FMA+LZCNT+MOVBE,AVX,SSE3+SSSE3+SSE4.1+SSE4.2+POPCNT,X86Base+SSE+SSE2,AES+PCLMUL,AvxVnni VectorSize=256
// Job: ShortRun(IterationCount=3, LaunchCount=1, WarmupCount=3)

OverheadJitting  1: 1 op, 179148.00 ns, 179.1480 us/op
WorkloadJitting  1: 1 op, 41260564.00 ns, 41.2606 ms/op

WorkloadPilot    1: 2 op, 309023.00 ns, 154.5115 us/op
WorkloadPilot    2: 3 op, 217916.00 ns, 72.6387 us/op
WorkloadPilot    3: 4 op, 188783.00 ns, 47.1958 us/op
WorkloadPilot    4: 5 op, 184246.00 ns, 36.8492 us/op
WorkloadPilot    5: 6 op, 190165.00 ns, 31.6942 us/op
WorkloadPilot    6: 7 op, 224566.00 ns, 32.0809 us/op
WorkloadPilot    7: 8 op, 190946.00 ns, 23.8683 us/op
WorkloadPilot    8: 9 op, 194922.00 ns, 21.6580 us/op
WorkloadPilot    9: 10 op, 195182.00 ns, 19.5182 us/op
WorkloadPilot   10: 11 op, 199349.00 ns, 18.1226 us/op
WorkloadPilot   11: 12 op, 217947.00 ns, 18.1623 us/op
WorkloadPilot   12: 13 op, 199900.00 ns, 15.3769 us/op
WorkloadPilot   13: 14 op, 212458.00 ns, 15.1756 us/op
WorkloadPilot   14: 15 op, 225798.00 ns, 15.0532 us/op
WorkloadPilot   15: 16 op, 211146.00 ns, 13.1966 us/op
WorkloadPilot   16: 32 op, 254411.00 ns, 7.9503 us/op
WorkloadPilot   17: 64 op, 319629.00 ns, 4.9942 us/op
WorkloadPilot   18: 128 op, 568021.00 ns, 4.4377 us/op
WorkloadPilot   19: 256 op, 823854.00 ns, 3.2182 us/op
WorkloadPilot   20: 512 op, 1473417.00 ns, 2.8778 us/op
WorkloadPilot   21: 1024 op, 2765153.00 ns, 2.7003 us/op
WorkloadPilot   22: 2048 op, 5333361.00 ns, 2.6042 us/op
WorkloadPilot   23: 4096 op, 10435406.00 ns, 2.5477 us/op
WorkloadPilot   24: 8192 op, 22216258.00 ns, 2.7119 us/op
WorkloadPilot   25: 16384 op, 40917880.00 ns, 2.4974 us/op
WorkloadPilot   26: 32768 op, 74937304.00 ns, 2.2869 us/op
WorkloadPilot   27: 65536 op, 144882797.00 ns, 2.2107 us/op
WorkloadPilot   28: 131072 op, 321178882.00 ns, 2.4504 us/op
WorkloadPilot   29: 262144 op, 575737413.00 ns, 2.1963 us/op

WorkloadWarmup   1: 262144 op, 566207354.00 ns, 2.1599 us/op
WorkloadWarmup   2: 262144 op, 579488255.00 ns, 2.2106 us/op
WorkloadWarmup   3: 262144 op, 572706828.00 ns, 2.1847 us/op

// BeforeActualRun
WorkloadActual   1: 262144 op, 573144641.00 ns, 2.1864 us/op
WorkloadActual   2: 262144 op, 567886690.00 ns, 2.1663 us/op
WorkloadActual   3: 262144 op, 569351706.00 ns, 2.1719 us/op

// AfterActualRun
WorkloadResult   1: 262144 op, 573144641.00 ns, 2.1864 us/op
WorkloadResult   2: 262144 op, 567886690.00 ns, 2.1663 us/op
WorkloadResult   3: 262144 op, 569351706.00 ns, 2.1719 us/op
// GC:  25 0 0 432018248 262144
// Threading:  0 0 262144

// AfterAll
// Benchmark Process 2889 has exited with code 0.

Mean = 2.175 μs, StdErr = 0.006 μs (0.27%), N = 3, StdDev = 0.010 μs
Min = 2.166 μs, Q1 = 2.169 μs, Median = 2.172 μs, Q3 = 2.179 μs, Max = 2.186 μs
IQR = 0.010 μs, LowerFence = 2.154 μs, UpperFence = 2.194 μs
ConfidenceInterval = [1.986 μs; 2.364 μs] (CI 99.9%), Margin = 0.189 μs (8.68% of Mean)
Skewness = 0.26, Kurtosis = 0.67, MValue = 2

// ** Remained 2 (20.0 %) benchmark(s) to run. Estimated finish 2026-09-24 9:35 (0h 0m from now) **
// **************************
// Benchmark: CacheKeyGeneratorBenchmarks.GenerateKey_SimpleQuery: Job-YFEFPZ(IterationCount=10, WarmupCount=3)
// *** Execute ***
// Launch: 1 / 1
// Execute: dotnet Encina.Caching.Benchmarks-Job-YFEFPZ-1.dll --anonymousPipes 150 151 --benchmarkName Encina.Caching.Benchmarks.CacheKeyGeneratorBenchmarks.GenerateKey_SimpleQuery --job "IterationCount=10, WarmupCount=3" --benchmarkId 8 in /home/runner/work/Encina/Encina/tests/Encina.BenchmarkTests/Encina.Caching.Benchmarks/bin/Release/net10.0/Encina.Caching.Benchmarks-Job-YFEFPZ-1/bin/Release/net10.0
// Failed to set up high priority (Permission denied). In order to run benchmarks with high priority, make sure you have the right permissions.
// BeforeAnythingElse

// Benchmark Process Environment Information:
// BenchmarkDotNet v0.15.8
// Runtime=.NET 10.0.12 (10.0.12, 10.0.1226.42308), X64 RyuJIT x86-64-v4
// GC=Concurrent Workstation
// HardwareIntrinsics=AVX512 BITALG+VBMI2+VNNI+VPOPCNTDQ,AVX512 IFMA+VBMI,AVX512 F+BW+CD+DQ+VL,AVX2+BMI1+BMI2+F16C+FMA+LZCNT+MOVBE,AVX,SSE3+SSSE3+SSE4.1+SSE4.2+POPCNT,X86Base+SSE+SSE2,AES+PCLMUL,AvxVnni VectorSize=256
// Job: Job-YFEFPZ(IterationCount=10, WarmupCount=3)

OverheadJitting  1: 1 op, 169634.00 ns, 169.6340 us/op
WorkloadJitting  1: 1 op, 24962515.00 ns, 24.9625 ms/op

OverheadJitting  2: 16 op, 294311.00 ns, 18.3944 us/op
WorkloadJitting  2: 16 op, 695182.00 ns, 43.4489 us/op

WorkloadPilot    1: 16 op, 331447.00 ns, 20.7154 us/op
WorkloadPilot    2: 32 op, 268393.00 ns, 8.3873 us/op
WorkloadPilot    3: 64 op, 349934.00 ns, 5.4677 us/op
WorkloadPilot    4: 128 op, 478296.00 ns, 3.7367 us/op
WorkloadPilot    5: 256 op, 711767.00 ns, 2.7803 us/op
WorkloadPilot    6: 512 op, 1230214.00 ns, 2.4028 us/op
WorkloadPilot    7: 1024 op, 2283102.00 ns, 2.2296 us/op
WorkloadPilot    8: 2048 op, 4347336.00 ns, 2.1227 us/op
WorkloadPilot    9: 4096 op, 8545919.00 ns, 2.0864 us/op
WorkloadPilot   10: 8192 op, 16976565.00 ns, 2.0723 us/op
WorkloadPilot   11: 16384 op, 35529393.00 ns, 2.1685 us/op
WorkloadPilot   12: 32768 op, 62886627.00 ns, 1.9191 us/op
WorkloadPilot   13: 65536 op, 125515667.00 ns, 1.9152 us/op
WorkloadPilot   14: 131072 op, 243197393.00 ns, 1.8554 us/op
WorkloadPilot   15: 262144 op, 482582453.00 ns, 1.8409 us/op
WorkloadPilot   16: 524288 op, 938085609.00 ns, 1.7893 us/op

OverheadWarmup   1: 524288 op, 1156764.00 ns, 2.2064 ns/op
OverheadWarmup   2: 524288 op, 1387280.00 ns, 2.6460 ns/op
OverheadWarmup   3: 524288 op, 1374521.00 ns, 2.6217 ns/op
OverheadWarmup   4: 524288 op, 1102022.00 ns, 2.1019 ns/op
OverheadWarmup   5: 524288 op, 1105387.00 ns, 2.1084 ns/op
OverheadWarmup   6: 524288 op, 1104085.00 ns, 2.1059 ns/op

OverheadActual   1: 524288 op, 1228071.00 ns, 2.3424 ns/op
OverheadActual   2: 524288 op, 1097235.00 ns, 2.0928 ns/op
OverheadActual   3: 524288 op, 1102682.00 ns, 2.1032 ns/op
OverheadActual   4: 524288 op, 1119048.00 ns, 2.1344 ns/op
OverheadActual   5: 524288 op, 1299428.00 ns, 2.4785 ns/op
OverheadActual   6: 524288 op, 1105016.00 ns, 2.1077 ns/op
OverheadActual   7: 524288 op, 1465427.00 ns, 2.7951 ns/op
OverheadActual   8: 524288 op, 1106498.00 ns, 2.1105 ns/op
OverheadActual   9: 524288 op, 1106729.00 ns, 2.1109 ns/op
OverheadActual  10: 524288 op, 1104435.00 ns, 2.1065 ns/op
OverheadActual  11: 524288 op, 1103224.00 ns, 2.1042 ns/op
OverheadActual  12: 524288 op, 1107841.00 ns, 2.1130 ns/op
OverheadActual  13: 524288 op, 1099348.00 ns, 2.0968 ns/op
OverheadActual  14: 524288 op, 1101681.00 ns, 2.1013 ns/op
OverheadActual  15: 524288 op, 1096474.00 ns, 2.0914 ns/op

WorkloadWarmup   1: 524288 op, 948920539.00 ns, 1.8099 us/op
WorkloadWarmup   2: 524288 op, 935624590.00 ns, 1.7846 us/op
WorkloadWarmup   3: 524288 op, 940833337.00 ns, 1.7945 us/op

// BeforeActualRun
WorkloadActual   1: 524288 op, 931352481.00 ns, 1.7764 us/op
WorkloadActual   2: 524288 op, 964782709.00 ns, 1.8402 us/op
WorkloadActual   3: 524288 op, 950624470.00 ns, 1.8132 us/op
WorkloadActual   4: 524288 op, 956198814.00 ns, 1.8238 us/op
WorkloadActual   5: 524288 op, 949295909.00 ns, 1.8106 us/op
WorkloadActual   6: 524288 op, 1012978301.00 ns, 1.9321 us/op
WorkloadActual   7: 524288 op, 955605866.00 ns, 1.8227 us/op
WorkloadActual   8: 524288 op, 959679691.00 ns, 1.8304 us/op
WorkloadActual   9: 524288 op, 999382755.00 ns, 1.9062 us/op
WorkloadActual  10: 524288 op, 957450550.00 ns, 1.8262 us/op

// AfterActualRun
WorkloadResult   1: 524288 op, 930247465.00 ns, 1.7743 us/op
WorkloadResult   2: 524288 op, 963677693.00 ns, 1.8381 us/op
WorkloadResult   3: 524288 op, 949519454.00 ns, 1.8111 us/op
WorkloadResult   4: 524288 op, 955093798.00 ns, 1.8217 us/op
WorkloadResult   5: 524288 op, 948190893.00 ns, 1.8085 us/op
WorkloadResult   6: 524288 op, 954500850.00 ns, 1.8206 us/op
WorkloadResult   7: 524288 op, 958574675.00 ns, 1.8283 us/op
WorkloadResult   8: 524288 op, 956345534.00 ns, 1.8241 us/op
// GC:  31 0 0 524292936 524288
// Threading:  0 0 524288

// AfterAll
// Benchmark Process 2895 has exited with code 0.

Mean = 1.816 μs, StdErr = 0.007 μs (0.37%), N = 8, StdDev = 0.019 μs
Min = 1.774 μs, Q1 = 1.810 μs, Median = 1.821 μs, Q3 = 1.825 μs, Max = 1.838 μs
IQR = 0.015 μs, LowerFence = 1.788 μs, UpperFence = 1.847 μs
ConfidenceInterval = [1.779 μs; 1.853 μs] (CI 99.9%), Margin = 0.037 μs (2.02% of Mean)
Skewness = -1.03, Kurtosis = 3, MValue = 2

// ** Remained 1 (10.0 %) benchmark(s) to run. Estimated finish 2026-09-24 9:35 (0h 0m from now) **
// **************************
// Benchmark: CacheKeyGeneratorBenchmarks.GenerateKey_SimpleQuery: ShortRun(IterationCount=3, LaunchCount=1, WarmupCount=3)
// *** Execute ***
// Launch: 1 / 1
// Execute: dotnet Encina.Caching.Benchmarks-Job-YFEFPZ-1.dll --anonymousPipes 150 151 --benchmarkName Encina.Caching.Benchmarks.CacheKeyGeneratorBenchmarks.GenerateKey_SimpleQuery --job ShortRun --benchmarkId 9 in /home/runner/work/Encina/Encina/tests/Encina.BenchmarkTests/Encina.Caching.Benchmarks/bin/Release/net10.0/Encina.Caching.Benchmarks-Job-YFEFPZ-1/bin/Release/net10.0
// Failed to set up high priority (Permission denied). In order to run benchmarks with high priority, make sure you have the right permissions.
// BeforeAnythingElse

// Benchmark Process Environment Information:
// BenchmarkDotNet v0.15.8
// Runtime=.NET 10.0.12 (10.0.12, 10.0.1226.42308), X64 RyuJIT x86-64-v4
// GC=Concurrent Workstation
// HardwareIntrinsics=AVX512 BITALG+VBMI2+VNNI+VPOPCNTDQ,AVX512 IFMA+VBMI,AVX512 F+BW+CD+DQ+VL,AVX2+BMI1+BMI2+F16C+FMA+LZCNT+MOVBE,AVX,SSE3+SSSE3+SSE4.1+SSE4.2+POPCNT,X86Base+SSE+SSE2,AES+PCLMUL,AvxVnni VectorSize=256
// Job: ShortRun(IterationCount=3, LaunchCount=1, WarmupCount=3)

OverheadJitting  1: 1 op, 149964.00 ns, 149.9640 us/op
WorkloadJitting  1: 1 op, 24185847.00 ns, 24.1858 ms/op

OverheadJitting  2: 16 op, 289895.00 ns, 18.1184 us/op
WorkloadJitting  2: 16 op, 648182.00 ns, 40.5114 us/op

WorkloadPilot    1: 16 op, 268693.00 ns, 16.7933 us/op
WorkloadPilot    2: 32 op, 269764.00 ns, 8.4301 us/op
WorkloadPilot    3: 64 op, 313730.00 ns, 4.9020 us/op
WorkloadPilot    4: 128 op, 458487.00 ns, 3.5819 us/op
WorkloadPilot    5: 256 op, 654311.00 ns, 2.5559 us/op
WorkloadPilot    6: 512 op, 1185737.00 ns, 2.3159 us/op
WorkloadPilot    7: 1024 op, 2187999.00 ns, 2.1367 us/op
WorkloadPilot    8: 2048 op, 4221427.00 ns, 2.0612 us/op
WorkloadPilot    9: 4096 op, 8248261.00 ns, 2.0137 us/op
WorkloadPilot   10: 8192 op, 16275192.00 ns, 1.9867 us/op
WorkloadPilot   11: 16384 op, 34748398.00 ns, 2.1209 us/op
WorkloadPilot   12: 32768 op, 61903315.00 ns, 1.8891 us/op
WorkloadPilot   13: 65536 op, 116545719.00 ns, 1.7783 us/op
WorkloadPilot   14: 131072 op, 231318942.00 ns, 1.7648 us/op
WorkloadPilot   15: 262144 op, 464410371.00 ns, 1.7716 us/op
WorkloadPilot   16: 524288 op, 945617064.00 ns, 1.8036 us/op

OverheadWarmup   1: 524288 op, 1315602.00 ns, 2.5093 ns/op
OverheadWarmup   2: 524288 op, 1306879.00 ns, 2.4927 ns/op
OverheadWarmup   3: 524288 op, 1385737.00 ns, 2.6431 ns/op
OverheadWarmup   4: 524288 op, 1488832.00 ns, 2.8397 ns/op
OverheadWarmup   5: 524288 op, 1300599.00 ns, 2.4807 ns/op
OverheadWarmup   6: 524288 op, 1393168.00 ns, 2.6573 ns/op
OverheadWarmup   7: 524288 op, 1497024.00 ns, 2.8553 ns/op
OverheadWarmup   8: 524288 op, 1286308.00 ns, 2.4534 ns/op

OverheadActual   1: 524288 op, 1485286.00 ns, 2.8330 ns/op
OverheadActual   2: 524288 op, 1410173.00 ns, 2.6897 ns/op
OverheadActual   3: 524288 op, 1157244.00 ns, 2.2073 ns/op
OverheadActual   4: 524288 op, 1122302.00 ns, 2.1406 ns/op
OverheadActual   5: 524288 op, 1498816.00 ns, 2.8588 ns/op
OverheadActual   6: 524288 op, 1317915.00 ns, 2.5137 ns/op
OverheadActual   7: 524288 op, 1244044.00 ns, 2.3728 ns/op
OverheadActual   8: 524288 op, 1389543.00 ns, 2.6503 ns/op
OverheadActual   9: 524288 op, 1255873.00 ns, 2.3954 ns/op
OverheadActual  10: 524288 op, 1393368.00 ns, 2.6576 ns/op
OverheadActual  11: 524288 op, 1313258.00 ns, 2.5048 ns/op
OverheadActual  12: 524288 op, 1123313.00 ns, 2.1425 ns/op
OverheadActual  13: 524288 op, 1296183.00 ns, 2.4723 ns/op
OverheadActual  14: 524288 op, 1332758.00 ns, 2.5420 ns/op
OverheadActual  15: 524288 op, 1329603.00 ns, 2.5360 ns/op
OverheadActual  16: 524288 op, 1216283.00 ns, 2.3199 ns/op
OverheadActual  17: 524288 op, 1400439.00 ns, 2.6711 ns/op
OverheadActual  18: 524288 op, 1312006.00 ns, 2.5025 ns/op
OverheadActual  19: 524288 op, 1288151.00 ns, 2.4570 ns/op
OverheadActual  20: 524288 op, 1236883.00 ns, 2.3592 ns/op

WorkloadWarmup   1: 524288 op, 952028303.00 ns, 1.8158 us/op
WorkloadWarmup   2: 524288 op, 938449042.00 ns, 1.7899 us/op
WorkloadWarmup   3: 524288 op, 948695598.00 ns, 1.8095 us/op

// BeforeActualRun
WorkloadActual   1: 524288 op, 931949300.00 ns, 1.7776 us/op
WorkloadActual   2: 524288 op, 931892573.00 ns, 1.7774 us/op
WorkloadActual   3: 524288 op, 923948668.00 ns, 1.7623 us/op

// AfterActualRun
WorkloadResult   1: 524288 op, 930636668.00 ns, 1.7750 us/op
WorkloadResult   2: 524288 op, 930579941.00 ns, 1.7749 us/op
WorkloadResult   3: 524288 op, 922636036.00 ns, 1.7598 us/op
// GC:  31 0 0 524292936 524288
// Threading:  0 0 524288

// AfterAll
// Benchmark Process 2904 has exited with code 0.

Mean = 1.770 μs, StdErr = 0.005 μs (0.29%), N = 3, StdDev = 0.009 μs
Min = 1.760 μs, Q1 = 1.767 μs, Median = 1.775 μs, Q3 = 1.775 μs, Max = 1.775 μs
IQR = 0.008 μs, LowerFence = 1.756 μs, UpperFence = 1.786 μs
ConfidenceInterval = [1.610 μs; 1.930 μs] (CI 99.9%), Margin = 0.160 μs (9.05% of Mean)
Skewness = -0.38, Kurtosis = 0.67, MValue = 2

// ** Remained 0 (0.0 %) benchmark(s) to run. Estimated finish 2026-09-24 9:35 (0h 0m from now) **
// ***** BenchmarkRunner: Finish  *****

// * Export *
  artifacts/performance/Caching/results/Encina.Caching.Benchmarks.CacheKeyGeneratorBenchmarks-report.csv
  artifacts/performance/Caching/results/Encina.Caching.Benchmarks.CacheKeyGeneratorBenchmarks-report-github.md
  artifacts/performance/Caching/results/Encina.Caching.Benchmarks.CacheKeyGeneratorBenchmarks-report.html
  artifacts/performance/Caching/results/Encina.Caching.Benchmarks.CacheKeyGeneratorBenchmarks-report-full-compressed.json

// * Detailed results *
CacheKeyGeneratorBenchmarks.GenerateKey_WithTemplate: Job-YFEFPZ(IterationCount=10, WarmupCount=3)
Runtime = .NET 10.0.12 (10.0.12, 10.0.1226.42308), X64 RyuJIT x86-64-v4; GC = Concurrent Workstation
Mean = 1.347 μs, StdErr = 0.005 μs (0.35%), N = 9, StdDev = 0.014 μs
Min = 1.322 μs, Q1 = 1.338 μs, Median = 1.348 μs, Q3 = 1.358 μs, Max = 1.366 μs
IQR = 0.020 μs, LowerFence = 1.307 μs, UpperFence = 1.389 μs
ConfidenceInterval = [1.323 μs; 1.370 μs] (CI 99.9%), Margin = 0.024 μs (1.75% of Mean)
Skewness = -0.13, Kurtosis = 1.69, MValue = 2
-------------------- Histogram --------------------
[1.313 μs ; 1.375 μs) | @@@@@@@@@
---------------------------------------------------

CacheKeyGeneratorBenchmarks.GeneratePattern: Job-YFEFPZ(IterationCount=10, WarmupCount=3)
Runtime = .NET 10.0.12 (10.0.12, 10.0.1226.42308), X64 RyuJIT x86-64-v4; GC = Concurrent Workstation
Mean = 65.293 ns, StdErr = 0.607 ns (0.93%), N = 10, StdDev = 1.920 ns
Min = 61.937 ns, Q1 = 63.880 ns, Median = 65.399 ns, Q3 = 66.813 ns, Max = 68.098 ns
IQR = 2.933 ns, LowerFence = 59.481 ns, UpperFence = 71.213 ns
ConfidenceInterval = [62.390 ns; 68.197 ns] (CI 99.9%), Margin = 2.903 ns (4.45% of Mean)
Skewness = -0.22, Kurtosis = 1.66, MValue = 2
-------------------- Histogram --------------------
[60.767 ns ; 62.801 ns) | @
[62.801 ns ; 64.849 ns) | @@@
[64.849 ns ; 67.189 ns) | @@@@@
[67.189 ns ; 69.268 ns) | @
---------------------------------------------------

CacheKeyGeneratorBenchmarks.GeneratePattern_WithTemplate: Job-YFEFPZ(IterationCount=10, WarmupCount=3)
Runtime = .NET 10.0.12 (10.0.12, 10.0.1226.42308), X64 RyuJIT x86-64-v4; GC = Concurrent Workstation
Mean = 165.086 ns, StdErr = 0.570 ns (0.35%), N = 9, StdDev = 1.710 ns
Min = 162.402 ns, Q1 = 164.301 ns, Median = 164.373 ns, Q3 = 166.121 ns, Max = 167.659 ns
IQR = 1.820 ns, LowerFence = 161.570 ns, UpperFence = 168.852 ns
ConfidenceInterval = [162.212 ns; 167.960 ns] (CI 99.9%), Margin = 2.874 ns (1.74% of Mean)
Skewness = 0.24, Kurtosis = 1.73, MValue = 2
-------------------- Histogram --------------------
[161.323 ns ; 168.738 ns) | @@@@@@@@@
---------------------------------------------------

CacheKeyGeneratorBenchmarks.GenerateKey_ComplexQuery: Job-YFEFPZ(IterationCount=10, WarmupCount=3)
Runtime = .NET 10.0.12 (10.0.12, 10.0.1226.42308), X64 RyuJIT x86-64-v4; GC = Concurrent Workstation
Mean = 2.168 μs, StdErr = 0.003 μs (0.15%), N = 9, StdDev = 0.010 μs
Min = 2.151 μs, Q1 = 2.163 μs, Median = 2.169 μs, Q3 = 2.170 μs, Max = 2.185 μs
IQR = 0.007 μs, LowerFence = 2.153 μs, UpperFence = 2.181 μs
ConfidenceInterval = [2.151 μs; 2.185 μs] (CI 99.9%), Margin = 0.017 μs (0.77% of Mean)
Skewness = 0.05, Kurtosis = 2.12, MValue = 2
-------------------- Histogram --------------------
[2.144 μs ; 2.187 μs) | @@@@@@@@@
---------------------------------------------------

CacheKeyGeneratorBenchmarks.GenerateKey_SimpleQuery: Job-YFEFPZ(IterationCount=10, WarmupCount=3)
Runtime = .NET 10.0.12 (10.0.12, 10.0.1226.42308), X64 RyuJIT x86-64-v4; GC = Concurrent Workstation
Mean = 1.816 μs, StdErr = 0.007 μs (0.37%), N = 8, StdDev = 0.019 μs
Min = 1.774 μs, Q1 = 1.810 μs, Median = 1.821 μs, Q3 = 1.825 μs, Max = 1.838 μs
IQR = 0.015 μs, LowerFence = 1.788 μs, UpperFence = 1.847 μs
ConfidenceInterval = [1.779 μs; 1.853 μs] (CI 99.9%), Margin = 0.037 μs (2.02% of Mean)
Skewness = -1.03, Kurtosis = 3, MValue = 2
-------------------- Histogram --------------------
[1.762 μs ; 1.800 μs) | @
[1.800 μs ; 1.851 μs) | @@@@@@@
---------------------------------------------------

CacheKeyGeneratorBenchmarks.GenerateKey_WithTemplate: ShortRun(IterationCount=3, LaunchCount=1, WarmupCount=3)
Runtime = .NET 10.0.12 (10.0.12, 10.0.1226.42308), X64 RyuJIT x86-64-v4; GC = Concurrent Workstation
Mean = 1.337 μs, StdErr = 0.004 μs (0.33%), N = 3, StdDev = 0.008 μs
Min = 1.330 μs, Q1 = 1.333 μs, Median = 1.336 μs, Q3 = 1.341 μs, Max = 1.345 μs
IQR = 0.008 μs, LowerFence = 1.322 μs, UpperFence = 1.352 μs
ConfidenceInterval = [1.198 μs; 1.477 μs] (CI 99.9%), Margin = 0.139 μs (10.43% of Mean)
Skewness = 0.12, Kurtosis = 0.67, MValue = 2
-------------------- Histogram --------------------
[1.323 μs ; 1.346 μs) | @@@
---------------------------------------------------

CacheKeyGeneratorBenchmarks.GeneratePattern: ShortRun(IterationCount=3, LaunchCount=1, WarmupCount=3)
Runtime = .NET 10.0.12 (10.0.12, 10.0.1226.42308), X64 RyuJIT x86-64-v4; GC = Concurrent Workstation
Mean = 63.163 ns, StdErr = 0.706 ns (1.12%), N = 3, StdDev = 1.223 ns
Min = 61.831 ns, Q1 = 62.628 ns, Median = 63.425 ns, Q3 = 63.830 ns, Max = 64.234 ns
IQR = 1.201 ns, LowerFence = 60.826 ns, UpperFence = 65.631 ns
ConfidenceInterval = [40.860 ns; 85.467 ns] (CI 99.9%), Margin = 22.303 ns (35.31% of Mean)
Skewness = -0.2, Kurtosis = 0.67, MValue = 2
-------------------- Histogram --------------------
[60.719 ns ; 62.717 ns) | @
[62.717 ns ; 65.346 ns) | @@
---------------------------------------------------

CacheKeyGeneratorBenchmarks.GeneratePattern_WithTemplate: ShortRun(IterationCount=3, LaunchCount=1, WarmupCount=3)
Runtime = .NET 10.0.12 (10.0.12, 10.0.1226.42308), X64 RyuJIT x86-64-v4; GC = Concurrent Workstation
Mean = 161.244 ns, StdErr = 0.363 ns (0.23%), N = 3, StdDev = 0.629 ns
Min = 160.774 ns, Q1 = 160.886 ns, Median = 160.998 ns, Q3 = 161.479 ns, Max = 161.959 ns
IQR = 0.592 ns, LowerFence = 159.998 ns, UpperFence = 162.367 ns
ConfidenceInterval = [149.766 ns; 172.722 ns] (CI 99.9%), Margin = 11.478 ns (7.12% of Mean)
Skewness = 0.33, Kurtosis = 0.67, MValue = 2
-------------------- Histogram --------------------
[160.202 ns ; 162.531 ns) | @@@
---------------------------------------------------

CacheKeyGeneratorBenchmarks.GenerateKey_ComplexQuery: ShortRun(IterationCount=3, LaunchCount=1, WarmupCount=3)
Runtime = .NET 10.0.12 (10.0.12, 10.0.1226.42308), X64 RyuJIT x86-64-v4; GC = Concurrent Workstation
Mean = 2.175 μs, StdErr = 0.006 μs (0.27%), N = 3, StdDev = 0.010 μs
Min = 2.166 μs, Q1 = 2.169 μs, Median = 2.172 μs, Q3 = 2.179 μs, Max = 2.186 μs
IQR = 0.010 μs, LowerFence = 2.154 μs, UpperFence = 2.194 μs
ConfidenceInterval = [1.986 μs; 2.364 μs] (CI 99.9%), Margin = 0.189 μs (8.68% of Mean)
Skewness = 0.26, Kurtosis = 0.67, MValue = 2
-------------------- Histogram --------------------
[2.157 μs ; 2.196 μs) | @@@
---------------------------------------------------

CacheKeyGeneratorBenchmarks.GenerateKey_SimpleQuery: ShortRun(IterationCount=3, LaunchCount=1, WarmupCount=3)
Runtime = .NET 10.0.12 (10.0.12, 10.0.1226.42308), X64 RyuJIT x86-64-v4; GC = Concurrent Workstation
Mean = 1.770 μs, StdErr = 0.005 μs (0.29%), N = 3, StdDev = 0.009 μs
Min = 1.760 μs, Q1 = 1.767 μs, Median = 1.775 μs, Q3 = 1.775 μs, Max = 1.775 μs
IQR = 0.008 μs, LowerFence = 1.756 μs, UpperFence = 1.786 μs
ConfidenceInterval = [1.610 μs; 1.930 μs] (CI 99.9%), Margin = 0.160 μs (9.05% of Mean)
Skewness = -0.38, Kurtosis = 0.67, MValue = 2
-------------------- Histogram --------------------
[1.759 μs ; 1.775 μs) | @@@
---------------------------------------------------

// * Summary *

BenchmarkDotNet v0.15.8, Linux Ubuntu 24.04.5 LTS (Noble Numbat)
AMD EPYC 9V45 4.41GHz, 1 CPU, 4 logical and 2 physical cores
.NET SDK 10.0.401
  [Host]     : .NET 10.0.12 (10.0.12, 10.0.1226.42308), X64 RyuJIT x86-64-v4
  Job-YFEFPZ : .NET 10.0.12 (10.0.12, 10.0.1226.42308), X64 RyuJIT x86-64-v4
  ShortRun   : .NET 10.0.12 (10.0.12, 10.0.1226.42308), X64 RyuJIT x86-64-v4

WarmupCount=3  

| Method                       | Job        | IterationCount | LaunchCount | Mean        | Error      | StdDev    | Ratio | Gen0   | Allocated | Alloc Ratio |
|----------------------------- |----------- |--------------- |------------ |------------:|-----------:|----------:|------:|-------:|----------:|------------:|
| GenerateKey_WithTemplate     | Job-YFEFPZ | 10             | Default     | 1,346.53 ns |  23.587 ns | 14.036 ns |  0.74 | 0.0801 |    1360 B |        1.36 |
| GeneratePattern              | Job-YFEFPZ | 10             | Default     |    65.29 ns |   2.903 ns |  1.920 ns |  0.04 | 0.0153 |     256 B |        0.26 |
| GeneratePattern_WithTemplate | Job-YFEFPZ | 10             | Default     |   165.09 ns |   2.874 ns |  1.710 ns |  0.09 | 0.0534 |     896 B |        0.90 |
| GenerateKey_ComplexQuery     | Job-YFEFPZ | 10             | Default     | 2,168.15 ns |  16.758 ns |  9.973 ns |  1.19 | 0.0954 |    1648 B |        1.65 |
| GenerateKey_SimpleQuery      | Job-YFEFPZ | 10             | Default     | 1,815.83 ns |  36.679 ns | 19.184 ns |  1.00 | 0.0591 |    1000 B |        1.00 |
|                              |            |                |             |             |            |           |       |        |           |             |
| GenerateKey_WithTemplate     | ShortRun   | 3              | 1           | 1,337.18 ns | 139.459 ns |  7.644 ns |  0.76 | 0.0801 |    1360 B |        1.36 |
| GeneratePattern              | ShortRun   | 3              | 1           |    63.16 ns |  22.303 ns |  1.223 ns |  0.04 | 0.0153 |     256 B |        0.26 |
| GeneratePattern_WithTemplate | ShortRun   | 3              | 1           |   161.24 ns |  11.478 ns |  0.629 ns |  0.09 | 0.0534 |     896 B |        0.90 |
| GenerateKey_ComplexQuery     | ShortRun   | 3              | 1           | 2,174.86 ns | 188.844 ns | 10.351 ns |  1.23 | 0.0954 |    1648 B |        1.65 |
| GenerateKey_SimpleQuery      | ShortRun   | 3              | 1           | 1,769.93 ns | 160.167 ns |  8.779 ns |  1.00 | 0.0591 |    1000 B |        1.00 |

// * Hints *
Outliers
  CacheKeyGeneratorBenchmarks.GenerateKey_WithTemplate: IterationCount=10, WarmupCount=3     -> 1 outlier  was  removed (1.48 μs)
  CacheKeyGeneratorBenchmarks.GeneratePattern_WithTemplate: IterationCount=10, WarmupCount=3 -> 1 outlier  was  removed (177.38 ns)
  CacheKeyGeneratorBenchmarks.GenerateKey_ComplexQuery: IterationCount=10, WarmupCount=3     -> 1 outlier  was  removed (2.24 μs)
  CacheKeyGeneratorBenchmarks.GenerateKey_SimpleQuery: IterationCount=10, WarmupCount=3      -> 2 outliers were removed, 3 outliers were detected (1.78 μs, 1.91 μs, 1.93 μs)
// * Config Issues *

// * Warnings *
Configuration
  Summary -> The exporter CsvExporter is already present in configuration. There may be unexpected results.
  Summary -> The exporter HtmlExporter is already present in configuration. There may be unexpected results.
  Summary -> The exporter MarkdownExporter-github is already present in configuration. There may be unexpected results.

// * Legends *
  Mean        : Arithmetic mean of all measurements
  Error       : Half of 99.9% confidence interval
  StdDev      : Standard deviation of all measurements
  Ratio       : Mean of the ratio distribution ([Current]/[Baseline])
  Gen0        : GC Generation 0 collects per 1000 operations
  Allocated   : Allocated memory per single operation (managed only, inclusive, 1KB = 1024B)
  Alloc Ratio : Allocated memory ratio distribution ([Current]/[Baseline])
  1 ns        : 1 Nanosecond (0.000000001 sec)

// * Diagnostic Output - MemoryDiagnoser *


// ***** BenchmarkRunner: End *****
Run time: 00:01:31 (91.23 sec), executed benchmarks: 10

Global total time: 00:02:06 (126.3 sec), executed benchmarks: 10
// * Artifacts cleanup *
Artifacts cleanup is finished
