// Validating benchmarks:
// ***** BenchmarkRunner: Start   *****
// ***** Found 2 benchmark(s) in total *****
// ***** Building 1 exe(s) in Parallel: Start   *****
// start dotnet  restore --nodeReuse:false /p:UseSharedCompilation=false /p:Deterministic=true /p:Optimize=true /p:ArtifactsPath="/home/runner/work/Encina/Encina/tests/Encina.BenchmarkTests/Encina.Cdc.Benchmarks/bin/Release/net10.0/Encina.Cdc.Benchmarks-MediumRun-1/" /p:OutDir="/home/runner/work/Encina/Encina/tests/Encina.BenchmarkTests/Encina.Cdc.Benchmarks/bin/Release/net10.0/Encina.Cdc.Benchmarks-MediumRun-1/bin/Release/net10.0/" /p:OutputPath="/home/runner/work/Encina/Encina/tests/Encina.BenchmarkTests/Encina.Cdc.Benchmarks/bin/Release/net10.0/Encina.Cdc.Benchmarks-MediumRun-1/bin/Release/net10.0/" /p:PublishDir="/home/runner/work/Encina/Encina/tests/Encina.BenchmarkTests/Encina.Cdc.Benchmarks/bin/Release/net10.0/Encina.Cdc.Benchmarks-MediumRun-1/publish/" in /home/runner/work/Encina/Encina/tests/Encina.BenchmarkTests/Encina.Cdc.Benchmarks/bin/Release/net10.0/Encina.Cdc.Benchmarks-MediumRun-1
// command took 2.25 sec and exited with 0
// start dotnet  build -c Release --no-restore --nodeReuse:false /p:UseSharedCompilation=false /p:Deterministic=true /p:Optimize=true /p:ArtifactsPath="/home/runner/work/Encina/Encina/tests/Encina.BenchmarkTests/Encina.Cdc.Benchmarks/bin/Release/net10.0/Encina.Cdc.Benchmarks-MediumRun-1/" /p:OutDir="/home/runner/work/Encina/Encina/tests/Encina.BenchmarkTests/Encina.Cdc.Benchmarks/bin/Release/net10.0/Encina.Cdc.Benchmarks-MediumRun-1/bin/Release/net10.0/" /p:OutputPath="/home/runner/work/Encina/Encina/tests/Encina.BenchmarkTests/Encina.Cdc.Benchmarks/bin/Release/net10.0/Encina.Cdc.Benchmarks-MediumRun-1/bin/Release/net10.0/" /p:PublishDir="/home/runner/work/Encina/Encina/tests/Encina.BenchmarkTests/Encina.Cdc.Benchmarks/bin/Release/net10.0/Encina.Cdc.Benchmarks-MediumRun-1/publish/" --output "/home/runner/work/Encina/Encina/tests/Encina.BenchmarkTests/Encina.Cdc.Benchmarks/bin/Release/net10.0/Encina.Cdc.Benchmarks-MediumRun-1/bin/Release/net10.0/" in /home/runner/work/Encina/Encina/tests/Encina.BenchmarkTests/Encina.Cdc.Benchmarks/bin/Release/net10.0/Encina.Cdc.Benchmarks-MediumRun-1
// command took 36.94 sec and exited with 0
// ***** Done, took 00:00:39 (39.29 sec)   *****
// Found 2 benchmarks:
//   CdcConfigurationBenchmarks.AddEncinaCdc_Registration: MediumRun(IterationCount=15, LaunchCount=2, WarmupCount=10)
//   CdcConfigurationBenchmarks.BuildConfigurationFluentChain: MediumRun(IterationCount=15, LaunchCount=2, WarmupCount=10)

// **************************
// Benchmark: CdcConfigurationBenchmarks.AddEncinaCdc_Registration: MediumRun(IterationCount=15, LaunchCount=2, WarmupCount=10)
// *** Execute ***
// Launch: 1 / 2
// Execute: dotnet Encina.Cdc.Benchmarks-MediumRun-1.dll --anonymousPipes 128 129 --benchmarkName Encina.Cdc.Benchmarks.Benchmarks.CdcConfigurationBenchmarks.AddEncinaCdc_Registration --job MediumRun --benchmarkId 0 in /home/runner/work/Encina/Encina/tests/Encina.BenchmarkTests/Encina.Cdc.Benchmarks/bin/Release/net10.0/Encina.Cdc.Benchmarks-MediumRun-1/bin/Release/net10.0
// Failed to set up high priority (Permission denied). In order to run benchmarks with high priority, make sure you have the right permissions.
// BeforeAnythingElse

// Benchmark Process Environment Information:
// BenchmarkDotNet v0.15.8
// Runtime=.NET 10.0.12 (10.0.12, 10.0.1226.42308), X64 RyuJIT x86-64-v4
// GC=Concurrent Workstation
// HardwareIntrinsics=AVX10v1,AVX512 BF16+FP16,AVX512 BITALG+VBMI2+VNNI+VPOPCNTDQ,AVX512 IFMA+VBMI,AVX512 F+BW+CD+DQ+VL,AVX2+BMI1+BMI2+F16C+FMA+LZCNT+MOVBE,AVX,SSE3+SSSE3+SSE4.1+SSE4.2+POPCNT,X86Base+SSE+SSE2,AES+PCLMUL,AvxVnni,SERIALIZE VectorSize=256
// Job: MediumRun(IterationCount=15, LaunchCount=2, WarmupCount=10)

OverheadJitting  1: 1 op, 171540.00 ns, 171.5400 us/op
WorkloadJitting  1: 1 op, 5190502.00 ns, 5.1905 ms/op

OverheadJitting  2: 16 op, 338299.00 ns, 21.1437 us/op
WorkloadJitting  2: 16 op, 411268.00 ns, 25.7043 us/op

WorkloadPilot    1: 16 op, 28606.00 ns, 1.7879 us/op
WorkloadPilot    2: 32 op, 40671.00 ns, 1.2710 us/op
WorkloadPilot    3: 64 op, 54986.00 ns, 859.1563 ns/op
WorkloadPilot    4: 128 op, 89468.00 ns, 698.9688 ns/op
WorkloadPilot    5: 256 op, 171469.00 ns, 669.8008 ns/op
WorkloadPilot    6: 512 op, 266573.00 ns, 520.6504 ns/op
WorkloadPilot    7: 1024 op, 604397.00 ns, 590.2314 ns/op
WorkloadPilot    8: 2048 op, 1170327.00 ns, 571.4487 ns/op
WorkloadPilot    9: 4096 op, 2358167.00 ns, 575.7244 ns/op
WorkloadPilot   10: 8192 op, 4640982.00 ns, 566.5261 ns/op
WorkloadPilot   11: 16384 op, 8206408.00 ns, 500.8794 ns/op
WorkloadPilot   12: 32768 op, 19002911.00 ns, 579.9228 ns/op
WorkloadPilot   13: 65536 op, 33958730.00 ns, 518.1691 ns/op
WorkloadPilot   14: 131072 op, 53926556.00 ns, 411.4270 ns/op
WorkloadPilot   15: 262144 op, 95744340.00 ns, 365.2357 ns/op
WorkloadPilot   16: 524288 op, 179873460.00 ns, 343.0814 ns/op
WorkloadPilot   17: 1048576 op, 356010214.00 ns, 339.5178 ns/op
WorkloadPilot   18: 2097152 op, 758185693.00 ns, 361.5311 ns/op

OverheadWarmup   1: 2097152 op, 5320949.00 ns, 2.5372 ns/op
OverheadWarmup   2: 2097152 op, 5368811.00 ns, 2.5600 ns/op
OverheadWarmup   3: 2097152 op, 5334030.00 ns, 2.5435 ns/op
OverheadWarmup   4: 2097152 op, 5314710.00 ns, 2.5343 ns/op
OverheadWarmup   5: 2097152 op, 5282950.00 ns, 2.5191 ns/op
OverheadWarmup   6: 2097152 op, 5331484.00 ns, 2.5422 ns/op
OverheadWarmup   7: 2097152 op, 5445176.00 ns, 2.5965 ns/op
OverheadWarmup   8: 2097152 op, 5374269.00 ns, 2.5627 ns/op

OverheadActual   1: 2097152 op, 5302122.00 ns, 2.5282 ns/op
OverheadActual   2: 2097152 op, 5313676.00 ns, 2.5338 ns/op
OverheadActual   3: 2097152 op, 5573660.00 ns, 2.6577 ns/op
OverheadActual   4: 2097152 op, 5526690.00 ns, 2.6353 ns/op
OverheadActual   5: 2097152 op, 5558982.00 ns, 2.6507 ns/op
OverheadActual   6: 2097152 op, 5594403.00 ns, 2.6676 ns/op
OverheadActual   7: 2097152 op, 5538469.00 ns, 2.6409 ns/op
OverheadActual   8: 2097152 op, 5258619.00 ns, 2.5075 ns/op
OverheadActual   9: 2097152 op, 5258361.00 ns, 2.5074 ns/op
OverheadActual  10: 2097152 op, 5283888.00 ns, 2.5196 ns/op
OverheadActual  11: 2097152 op, 5251614.00 ns, 2.5042 ns/op
OverheadActual  12: 2097152 op, 5455587.00 ns, 2.6014 ns/op
OverheadActual  13: 2097152 op, 5555912.00 ns, 2.6493 ns/op
OverheadActual  14: 2097152 op, 5425425.00 ns, 2.5870 ns/op
OverheadActual  15: 2097152 op, 5276712.00 ns, 2.5161 ns/op

WorkloadWarmup   1: 2097152 op, 698399131.00 ns, 333.0227 ns/op
WorkloadWarmup   2: 2097152 op, 694220075.00 ns, 331.0299 ns/op
WorkloadWarmup   3: 2097152 op, 686049383.00 ns, 327.1338 ns/op
WorkloadWarmup   4: 2097152 op, 743343468.00 ns, 354.4538 ns/op
WorkloadWarmup   5: 2097152 op, 703614654.00 ns, 335.5096 ns/op
WorkloadWarmup   6: 2097152 op, 694166074.00 ns, 331.0042 ns/op
WorkloadWarmup   7: 2097152 op, 705632602.00 ns, 336.4718 ns/op
WorkloadWarmup   8: 2097152 op, 684180725.00 ns, 326.2428 ns/op
WorkloadWarmup   9: 2097152 op, 674716987.00 ns, 321.7301 ns/op
WorkloadWarmup  10: 2097152 op, 680340333.00 ns, 324.4116 ns/op

// BeforeActualRun
WorkloadActual   1: 2097152 op, 689221152.00 ns, 328.6463 ns/op
WorkloadActual   2: 2097152 op, 687661331.00 ns, 327.9025 ns/op
WorkloadActual   3: 2097152 op, 721108836.00 ns, 343.8515 ns/op
WorkloadActual   4: 2097152 op, 697058076.00 ns, 332.3832 ns/op
WorkloadActual   5: 2097152 op, 675061767.00 ns, 321.8945 ns/op
WorkloadActual   6: 2097152 op, 717957693.00 ns, 342.3489 ns/op
WorkloadActual   7: 2097152 op, 740165325.00 ns, 352.9383 ns/op
WorkloadActual   8: 2097152 op, 701916175.00 ns, 334.6997 ns/op
WorkloadActual   9: 2097152 op, 718433099.00 ns, 342.5756 ns/op
WorkloadActual  10: 2097152 op, 678526310.00 ns, 323.5466 ns/op
WorkloadActual  11: 2097152 op, 683188940.00 ns, 325.7699 ns/op
WorkloadActual  12: 2097152 op, 715729478.00 ns, 341.2864 ns/op
WorkloadActual  13: 2097152 op, 698842146.00 ns, 333.2339 ns/op
WorkloadActual  14: 2097152 op, 722063657.00 ns, 344.3068 ns/op
WorkloadActual  15: 2097152 op, 724922302.00 ns, 345.6699 ns/op

// AfterActualRun
WorkloadResult   1: 2097152 op, 683795727.00 ns, 326.0592 ns/op
WorkloadResult   2: 2097152 op, 682235906.00 ns, 325.3154 ns/op
WorkloadResult   3: 2097152 op, 715683411.00 ns, 341.2644 ns/op
WorkloadResult   4: 2097152 op, 691632651.00 ns, 329.7961 ns/op
WorkloadResult   5: 2097152 op, 669636342.00 ns, 319.3075 ns/op
WorkloadResult   6: 2097152 op, 712532268.00 ns, 339.7619 ns/op
WorkloadResult   7: 2097152 op, 734739900.00 ns, 350.3513 ns/op
WorkloadResult   8: 2097152 op, 696490750.00 ns, 332.1127 ns/op
WorkloadResult   9: 2097152 op, 713007674.00 ns, 339.9886 ns/op
WorkloadResult  10: 2097152 op, 673100885.00 ns, 320.9595 ns/op
WorkloadResult  11: 2097152 op, 677763515.00 ns, 323.1828 ns/op
WorkloadResult  12: 2097152 op, 710304053.00 ns, 338.6994 ns/op
WorkloadResult  13: 2097152 op, 693416721.00 ns, 330.6469 ns/op
WorkloadResult  14: 2097152 op, 716638232.00 ns, 341.7197 ns/op
WorkloadResult  15: 2097152 op, 719496877.00 ns, 343.0828 ns/op
// GC:  24 0 0 2046820352 2097152
// Threading:  0 0 2097152

// AfterAll
// Benchmark Process 2864 has exited with code 0.
// Launch: 2 / 2
// Execute: dotnet Encina.Cdc.Benchmarks-MediumRun-1.dll --anonymousPipes 128 129 --benchmarkName Encina.Cdc.Benchmarks.Benchmarks.CdcConfigurationBenchmarks.AddEncinaCdc_Registration --job MediumRun --benchmarkId 0 in /home/runner/work/Encina/Encina/tests/Encina.BenchmarkTests/Encina.Cdc.Benchmarks/bin/Release/net10.0/Encina.Cdc.Benchmarks-MediumRun-1/bin/Release/net10.0
// Failed to set up high priority (Permission denied). In order to run benchmarks with high priority, make sure you have the right permissions.
// BeforeAnythingElse

// Benchmark Process Environment Information:
// BenchmarkDotNet v0.15.8
// Runtime=.NET 10.0.12 (10.0.12, 10.0.1226.42308), X64 RyuJIT x86-64-v4
// GC=Concurrent Workstation
// HardwareIntrinsics=AVX10v1,AVX512 BF16+FP16,AVX512 BITALG+VBMI2+VNNI+VPOPCNTDQ,AVX512 IFMA+VBMI,AVX512 F+BW+CD+DQ+VL,AVX2+BMI1+BMI2+F16C+FMA+LZCNT+MOVBE,AVX,SSE3+SSSE3+SSE4.1+SSE4.2+POPCNT,X86Base+SSE+SSE2,AES+PCLMUL,AvxVnni,SERIALIZE VectorSize=256
// Job: MediumRun(IterationCount=15, LaunchCount=2, WarmupCount=10)

OverheadJitting  1: 1 op, 171114.00 ns, 171.1140 us/op
WorkloadJitting  1: 1 op, 5458964.00 ns, 5.4590 ms/op

OverheadJitting  2: 16 op, 382947.00 ns, 23.9342 us/op
WorkloadJitting  2: 16 op, 420232.00 ns, 26.2645 us/op

WorkloadPilot    1: 16 op, 29815.00 ns, 1.8634 us/op
WorkloadPilot    2: 32 op, 41820.00 ns, 1.3069 us/op
WorkloadPilot    3: 64 op, 62861.00 ns, 982.2031 ns/op
WorkloadPilot    4: 128 op, 106116.00 ns, 829.0313 ns/op
WorkloadPilot    5: 256 op, 180674.00 ns, 705.7578 ns/op
WorkloadPilot    6: 512 op, 287685.00 ns, 561.8848 ns/op
WorkloadPilot    7: 1024 op, 603153.00 ns, 589.0166 ns/op
WorkloadPilot    8: 2048 op, 1238554.00 ns, 604.7627 ns/op
WorkloadPilot    9: 4096 op, 2534473.00 ns, 618.7678 ns/op
WorkloadPilot   10: 8192 op, 4963163.00 ns, 605.8549 ns/op
WorkloadPilot   11: 16384 op, 8471948.00 ns, 517.0867 ns/op
WorkloadPilot   12: 32768 op, 18302095.00 ns, 558.5356 ns/op
WorkloadPilot   13: 65536 op, 33111697.00 ns, 505.2444 ns/op
WorkloadPilot   14: 131072 op, 53428475.00 ns, 407.6269 ns/op
WorkloadPilot   15: 262144 op, 87909820.00 ns, 335.3493 ns/op
WorkloadPilot   16: 524288 op, 172685539.00 ns, 329.3715 ns/op
WorkloadPilot   17: 1048576 op, 353846738.00 ns, 337.4545 ns/op
WorkloadPilot   18: 2097152 op, 679134086.00 ns, 323.8364 ns/op

OverheadWarmup   1: 2097152 op, 5019829.00 ns, 2.3936 ns/op
OverheadWarmup   2: 2097152 op, 5042101.00 ns, 2.4043 ns/op
OverheadWarmup   3: 2097152 op, 5011960.00 ns, 2.3899 ns/op
OverheadWarmup   4: 2097152 op, 5008523.00 ns, 2.3882 ns/op
OverheadWarmup   5: 2097152 op, 5018739.00 ns, 2.3931 ns/op
OverheadWarmup   6: 2097152 op, 5019614.00 ns, 2.3935 ns/op
OverheadWarmup   7: 2097152 op, 5005262.00 ns, 2.3867 ns/op

OverheadActual   1: 2097152 op, 4996153.00 ns, 2.3824 ns/op
OverheadActual   2: 2097152 op, 5031380.00 ns, 2.3991 ns/op
OverheadActual   3: 2097152 op, 5027435.00 ns, 2.3973 ns/op
OverheadActual   4: 2097152 op, 5033951.00 ns, 2.4004 ns/op
OverheadActual   5: 2097152 op, 5002985.00 ns, 2.3856 ns/op
OverheadActual   6: 2097152 op, 5040613.00 ns, 2.4036 ns/op
OverheadActual   7: 2097152 op, 5020635.00 ns, 2.3940 ns/op
OverheadActual   8: 2097152 op, 5019560.00 ns, 2.3935 ns/op
OverheadActual   9: 2097152 op, 5053935.00 ns, 2.4099 ns/op
OverheadActual  10: 2097152 op, 5009317.00 ns, 2.3886 ns/op
OverheadActual  11: 2097152 op, 5036398.00 ns, 2.4015 ns/op
OverheadActual  12: 2097152 op, 5026242.00 ns, 2.3967 ns/op
OverheadActual  13: 2097152 op, 4998848.00 ns, 2.3836 ns/op
OverheadActual  14: 2097152 op, 4993207.00 ns, 2.3809 ns/op
OverheadActual  15: 2097152 op, 5000722.00 ns, 2.3845 ns/op

WorkloadWarmup   1: 2097152 op, 707871972.00 ns, 337.5397 ns/op
WorkloadWarmup   2: 2097152 op, 701812904.00 ns, 334.6505 ns/op
WorkloadWarmup   3: 2097152 op, 699843478.00 ns, 333.7114 ns/op
WorkloadWarmup   4: 2097152 op, 675974450.00 ns, 322.3297 ns/op
WorkloadWarmup   5: 2097152 op, 696785304.00 ns, 332.2531 ns/op
WorkloadWarmup   6: 2097152 op, 711461573.00 ns, 339.2513 ns/op
WorkloadWarmup   7: 2097152 op, 773496974.00 ns, 368.8321 ns/op
WorkloadWarmup   8: 2097152 op, 802503085.00 ns, 382.6633 ns/op
WorkloadWarmup   9: 2097152 op, 773569527.00 ns, 368.8667 ns/op
WorkloadWarmup  10: 2097152 op, 756627742.00 ns, 360.7882 ns/op

// BeforeActualRun
WorkloadActual   1: 2097152 op, 725961581.00 ns, 346.1655 ns/op
WorkloadActual   2: 2097152 op, 733554988.00 ns, 349.7863 ns/op
WorkloadActual   3: 2097152 op, 737635117.00 ns, 351.7318 ns/op
WorkloadActual   4: 2097152 op, 688282040.00 ns, 328.1985 ns/op
WorkloadActual   5: 2097152 op, 697047419.00 ns, 332.3781 ns/op
WorkloadActual   6: 2097152 op, 702276915.00 ns, 334.8717 ns/op
WorkloadActual   7: 2097152 op, 682390132.00 ns, 325.3890 ns/op
WorkloadActual   8: 2097152 op, 754207082.00 ns, 359.6340 ns/op
WorkloadActual   9: 2097152 op, 713404082.00 ns, 340.1776 ns/op
WorkloadActual  10: 2097152 op, 680195849.00 ns, 324.3427 ns/op
WorkloadActual  11: 2097152 op, 661927657.00 ns, 315.6317 ns/op
WorkloadActual  12: 2097152 op, 684075346.00 ns, 326.1925 ns/op
WorkloadActual  13: 2097152 op, 665047080.00 ns, 317.1192 ns/op
WorkloadActual  14: 2097152 op, 663247684.00 ns, 316.2611 ns/op
WorkloadActual  15: 2097152 op, 752598785.00 ns, 358.8671 ns/op

// AfterActualRun
WorkloadResult   1: 2097152 op, 720940946.00 ns, 343.7714 ns/op
WorkloadResult   2: 2097152 op, 728534353.00 ns, 347.3923 ns/op
WorkloadResult   3: 2097152 op, 732614482.00 ns, 349.3378 ns/op
WorkloadResult   4: 2097152 op, 683261405.00 ns, 325.8044 ns/op
WorkloadResult   5: 2097152 op, 692026784.00 ns, 329.9841 ns/op
WorkloadResult   6: 2097152 op, 697256280.00 ns, 332.4777 ns/op
WorkloadResult   7: 2097152 op, 677369497.00 ns, 322.9949 ns/op
WorkloadResult   8: 2097152 op, 749186447.00 ns, 357.2399 ns/op
WorkloadResult   9: 2097152 op, 708383447.00 ns, 337.7835 ns/op
WorkloadResult  10: 2097152 op, 675175214.00 ns, 321.9486 ns/op
WorkloadResult  11: 2097152 op, 656907022.00 ns, 313.2377 ns/op
WorkloadResult  12: 2097152 op, 679054711.00 ns, 323.7985 ns/op
WorkloadResult  13: 2097152 op, 660026445.00 ns, 314.7251 ns/op
WorkloadResult  14: 2097152 op, 658227049.00 ns, 313.8671 ns/op
WorkloadResult  15: 2097152 op, 747578150.00 ns, 356.4730 ns/op
// GC:  24 0 0 2046820352 2097152
// Threading:  0 0 2097152

// AfterAll
// Benchmark Process 2878 has exited with code 0.

Mean = 333.103 ns, StdErr = 2.258 ns (0.68%), N = 30, StdDev = 12.369 ns
Min = 313.238 ns, Q1 = 323.337 ns, Median = 331.380 ns, Q3 = 341.606 ns, Max = 357.240 ns
IQR = 18.269 ns, LowerFence = 295.933 ns, UpperFence = 369.010 ns
ConfidenceInterval = [324.839 ns; 341.367 ns] (CI 99.9%), Margin = 8.264 ns (2.48% of Mean)
Skewness = 0.22, Kurtosis = 1.98, MValue = 2

// ** Remained 1 (50.0 %) benchmark(s) to run. Estimated finish 2026-09-27 2:02 (0h 0m from now) **
// **************************
// Benchmark: CdcConfigurationBenchmarks.BuildConfigurationFluentChain: MediumRun(IterationCount=15, LaunchCount=2, WarmupCount=10)
// *** Execute ***
// Launch: 1 / 2
// Execute: dotnet Encina.Cdc.Benchmarks-MediumRun-1.dll --anonymousPipes 128 129 --benchmarkName Encina.Cdc.Benchmarks.Benchmarks.CdcConfigurationBenchmarks.BuildConfigurationFluentChain --job MediumRun --benchmarkId 1 in /home/runner/work/Encina/Encina/tests/Encina.BenchmarkTests/Encina.Cdc.Benchmarks/bin/Release/net10.0/Encina.Cdc.Benchmarks-MediumRun-1/bin/Release/net10.0
// Failed to set up high priority (Permission denied). In order to run benchmarks with high priority, make sure you have the right permissions.
// BeforeAnythingElse

// Benchmark Process Environment Information:
// BenchmarkDotNet v0.15.8
// Runtime=.NET 10.0.12 (10.0.12, 10.0.1226.42308), X64 RyuJIT x86-64-v4
// GC=Concurrent Workstation
// HardwareIntrinsics=AVX10v1,AVX512 BF16+FP16,AVX512 BITALG+VBMI2+VNNI+VPOPCNTDQ,AVX512 IFMA+VBMI,AVX512 F+BW+CD+DQ+VL,AVX2+BMI1+BMI2+F16C+FMA+LZCNT+MOVBE,AVX,SSE3+SSSE3+SSE4.1+SSE4.2+POPCNT,X86Base+SSE+SSE2,AES+PCLMUL,AvxVnni,SERIALIZE VectorSize=256
// Job: MediumRun(IterationCount=15, LaunchCount=2, WarmupCount=10)

OverheadJitting  1: 1 op, 171738.00 ns, 171.7380 us/op
WorkloadJitting  1: 1 op, 1333880.00 ns, 1.3339 ms/op

OverheadJitting  2: 16 op, 349386.00 ns, 21.8366 us/op
WorkloadJitting  2: 16 op, 406101.00 ns, 25.3813 us/op

WorkloadPilot    1: 16 op, 16426.00 ns, 1.0266 us/op
WorkloadPilot    2: 32 op, 25269.00 ns, 789.6563 ns/op
WorkloadPilot    3: 64 op, 24917.00 ns, 389.3281 ns/op
WorkloadPilot    4: 128 op, 36637.00 ns, 286.2266 ns/op
WorkloadPilot    5: 256 op, 82055.00 ns, 320.5273 ns/op
WorkloadPilot    6: 512 op, 126772.00 ns, 247.6016 ns/op
WorkloadPilot    7: 1024 op, 156396.00 ns, 152.7305 ns/op
WorkloadPilot    8: 2048 op, 400393.00 ns, 195.5044 ns/op
WorkloadPilot    9: 4096 op, 793523.00 ns, 193.7312 ns/op
WorkloadPilot   10: 8192 op, 1641441.00 ns, 200.3712 ns/op
WorkloadPilot   11: 16384 op, 2555332.00 ns, 155.9651 ns/op
WorkloadPilot   12: 32768 op, 6791792.00 ns, 207.2690 ns/op
WorkloadPilot   13: 65536 op, 11518183.00 ns, 175.7535 ns/op
WorkloadPilot   14: 131072 op, 21236258.00 ns, 162.0198 ns/op
WorkloadPilot   15: 262144 op, 38128369.00 ns, 145.4482 ns/op
WorkloadPilot   16: 524288 op, 51186742.00 ns, 97.6310 ns/op
WorkloadPilot   17: 1048576 op, 95062901.00 ns, 90.6590 ns/op
WorkloadPilot   18: 2097152 op, 182808371.00 ns, 87.1698 ns/op
WorkloadPilot   19: 4194304 op, 372978982.00 ns, 88.9251 ns/op
WorkloadPilot   20: 8388608 op, 725531356.00 ns, 86.4901 ns/op

OverheadWarmup   1: 8388608 op, 19759510.00 ns, 2.3555 ns/op
OverheadWarmup   2: 8388608 op, 19734446.00 ns, 2.3525 ns/op
OverheadWarmup   3: 8388608 op, 19694479.00 ns, 2.3478 ns/op
OverheadWarmup   4: 8388608 op, 19722451.00 ns, 2.3511 ns/op
OverheadWarmup   5: 8388608 op, 19705430.00 ns, 2.3491 ns/op
OverheadWarmup   6: 8388608 op, 19781766.00 ns, 2.3582 ns/op
OverheadWarmup   7: 8388608 op, 19698700.00 ns, 2.3483 ns/op

OverheadActual   1: 8388608 op, 19722576.00 ns, 2.3511 ns/op
OverheadActual   2: 8388608 op, 19786602.00 ns, 2.3587 ns/op
OverheadActual   3: 8388608 op, 19809889.00 ns, 2.3615 ns/op
OverheadActual   4: 8388608 op, 19757167.00 ns, 2.3552 ns/op
OverheadActual   5: 8388608 op, 19802723.00 ns, 2.3607 ns/op
OverheadActual   6: 8388608 op, 19725081.00 ns, 2.3514 ns/op
OverheadActual   7: 8388608 op, 19847946.00 ns, 2.3661 ns/op
OverheadActual   8: 8388608 op, 19746383.00 ns, 2.3540 ns/op
OverheadActual   9: 8388608 op, 19701196.00 ns, 2.3486 ns/op
OverheadActual  10: 8388608 op, 19744562.00 ns, 2.3537 ns/op
OverheadActual  11: 8388608 op, 19769362.00 ns, 2.3567 ns/op
OverheadActual  12: 8388608 op, 19757001.00 ns, 2.3552 ns/op
OverheadActual  13: 8388608 op, 19755725.00 ns, 2.3551 ns/op
OverheadActual  14: 8388608 op, 19751777.00 ns, 2.3546 ns/op
OverheadActual  15: 8388608 op, 19717556.00 ns, 2.3505 ns/op

WorkloadWarmup   1: 8388608 op, 743385228.00 ns, 88.6184 ns/op
WorkloadWarmup   2: 8388608 op, 730400096.00 ns, 87.0705 ns/op
WorkloadWarmup   3: 8388608 op, 715689382.00 ns, 85.3168 ns/op
WorkloadWarmup   4: 8388608 op, 777729754.00 ns, 92.7126 ns/op
WorkloadWarmup   5: 8388608 op, 742985380.00 ns, 88.5708 ns/op
WorkloadWarmup   6: 8388608 op, 742582384.00 ns, 88.5227 ns/op
WorkloadWarmup   7: 8388608 op, 775632263.00 ns, 92.4626 ns/op
WorkloadWarmup   8: 8388608 op, 795735930.00 ns, 94.8591 ns/op
WorkloadWarmup   9: 8388608 op, 762788506.00 ns, 90.9315 ns/op
WorkloadWarmup  10: 8388608 op, 809540569.00 ns, 96.5048 ns/op

// BeforeActualRun
WorkloadActual   1: 8388608 op, 817743619.00 ns, 97.4826 ns/op
WorkloadActual   2: 8388608 op, 850683871.00 ns, 101.4094 ns/op
WorkloadActual   3: 8388608 op, 825256594.00 ns, 98.3783 ns/op
WorkloadActual   4: 8388608 op, 830990983.00 ns, 99.0618 ns/op
WorkloadActual   5: 8388608 op, 833893609.00 ns, 99.4079 ns/op
WorkloadActual   6: 8388608 op, 807169947.00 ns, 96.2222 ns/op
WorkloadActual   7: 8388608 op, 819070513.00 ns, 97.6408 ns/op
WorkloadActual   8: 8388608 op, 812426579.00 ns, 96.8488 ns/op
WorkloadActual   9: 8388608 op, 890615275.00 ns, 106.1696 ns/op
WorkloadActual  10: 8388608 op, 866143132.00 ns, 103.2523 ns/op
WorkloadActual  11: 8388608 op, 862431934.00 ns, 102.8099 ns/op
WorkloadActual  12: 8388608 op, 838439948.00 ns, 99.9498 ns/op
WorkloadActual  13: 8388608 op, 845868304.00 ns, 100.8354 ns/op
WorkloadActual  14: 8388608 op, 804382803.00 ns, 95.8899 ns/op
WorkloadActual  15: 8388608 op, 767740547.00 ns, 91.5218 ns/op

// AfterActualRun
WorkloadResult   1: 8388608 op, 797987894.00 ns, 95.1276 ns/op
WorkloadResult   2: 8388608 op, 830928146.00 ns, 99.0544 ns/op
WorkloadResult   3: 8388608 op, 805500869.00 ns, 96.0232 ns/op
WorkloadResult   4: 8388608 op, 811235258.00 ns, 96.7068 ns/op
WorkloadResult   5: 8388608 op, 814137884.00 ns, 97.0528 ns/op
WorkloadResult   6: 8388608 op, 787414222.00 ns, 93.8671 ns/op
WorkloadResult   7: 8388608 op, 799314788.00 ns, 95.2857 ns/op
WorkloadResult   8: 8388608 op, 792670854.00 ns, 94.4937 ns/op
WorkloadResult   9: 8388608 op, 870859550.00 ns, 103.8145 ns/op
WorkloadResult  10: 8388608 op, 846387407.00 ns, 100.8972 ns/op
WorkloadResult  11: 8388608 op, 842676209.00 ns, 100.4548 ns/op
WorkloadResult  12: 8388608 op, 818684223.00 ns, 97.5948 ns/op
WorkloadResult  13: 8388608 op, 826112579.00 ns, 98.4803 ns/op
WorkloadResult  14: 8388608 op, 784627078.00 ns, 93.5348 ns/op
WorkloadResult  15: 8388608 op, 747984822.00 ns, 89.1667 ns/op
// GC:  37 0 0 3154116608 8388608
// Threading:  0 0 8388608

// AfterAll
// Benchmark Process 2891 has exited with code 0.
// Launch: 2 / 2
// Execute: dotnet Encina.Cdc.Benchmarks-MediumRun-1.dll --anonymousPipes 128 129 --benchmarkName Encina.Cdc.Benchmarks.Benchmarks.CdcConfigurationBenchmarks.BuildConfigurationFluentChain --job MediumRun --benchmarkId 1 in /home/runner/work/Encina/Encina/tests/Encina.BenchmarkTests/Encina.Cdc.Benchmarks/bin/Release/net10.0/Encina.Cdc.Benchmarks-MediumRun-1/bin/Release/net10.0
// Failed to set up high priority (Permission denied). In order to run benchmarks with high priority, make sure you have the right permissions.
// BeforeAnythingElse

// Benchmark Process Environment Information:
// BenchmarkDotNet v0.15.8
// Runtime=.NET 10.0.12 (10.0.12, 10.0.1226.42308), X64 RyuJIT x86-64-v4
// GC=Concurrent Workstation
// HardwareIntrinsics=AVX10v1,AVX512 BF16+FP16,AVX512 BITALG+VBMI2+VNNI+VPOPCNTDQ,AVX512 IFMA+VBMI,AVX512 F+BW+CD+DQ+VL,AVX2+BMI1+BMI2+F16C+FMA+LZCNT+MOVBE,AVX,SSE3+SSSE3+SSE4.1+SSE4.2+POPCNT,X86Base+SSE+SSE2,AES+PCLMUL,AvxVnni,SERIALIZE VectorSize=256
// Job: MediumRun(IterationCount=15, LaunchCount=2, WarmupCount=10)

OverheadJitting  1: 1 op, 178273.00 ns, 178.2730 us/op
WorkloadJitting  1: 1 op, 1341493.00 ns, 1.3415 ms/op

OverheadJitting  2: 16 op, 340719.00 ns, 21.2949 us/op
WorkloadJitting  2: 16 op, 359421.00 ns, 22.4638 us/op

WorkloadPilot    1: 16 op, 18370.00 ns, 1.1481 us/op
WorkloadPilot    2: 32 op, 16314.00 ns, 509.8125 ns/op
WorkloadPilot    3: 64 op, 22365.00 ns, 349.4531 ns/op
WorkloadPilot    4: 128 op, 36668.00 ns, 286.4688 ns/op
WorkloadPilot    5: 256 op, 65170.00 ns, 254.5703 ns/op
WorkloadPilot    6: 512 op, 110861.00 ns, 216.5254 ns/op
WorkloadPilot    7: 1024 op, 169220.00 ns, 165.2539 ns/op
WorkloadPilot    8: 2048 op, 379809.00 ns, 185.4536 ns/op
WorkloadPilot    9: 4096 op, 731871.00 ns, 178.6794 ns/op
WorkloadPilot   10: 8192 op, 1467834.00 ns, 179.1790 ns/op
WorkloadPilot   11: 16384 op, 2496237.00 ns, 152.3582 ns/op
WorkloadPilot   12: 32768 op, 6809495.00 ns, 207.8093 ns/op
WorkloadPilot   13: 65536 op, 11250747.00 ns, 171.6728 ns/op
WorkloadPilot   14: 131072 op, 20352279.00 ns, 155.2756 ns/op
WorkloadPilot   15: 262144 op, 37887363.00 ns, 144.5288 ns/op
WorkloadPilot   16: 524288 op, 52359735.00 ns, 99.8683 ns/op
WorkloadPilot   17: 1048576 op, 98480232.00 ns, 93.9181 ns/op
WorkloadPilot   18: 2097152 op, 186292141.00 ns, 88.8310 ns/op
WorkloadPilot   19: 4194304 op, 364581587.00 ns, 86.9230 ns/op
WorkloadPilot   20: 8388608 op, 745470972.00 ns, 88.8671 ns/op

OverheadWarmup   1: 8388608 op, 19814586.00 ns, 2.3621 ns/op
OverheadWarmup   2: 8388608 op, 19706440.00 ns, 2.3492 ns/op
OverheadWarmup   3: 8388608 op, 19801011.00 ns, 2.3605 ns/op
OverheadWarmup   4: 8388608 op, 19741994.00 ns, 2.3534 ns/op
OverheadWarmup   5: 8388608 op, 19736142.00 ns, 2.3527 ns/op
OverheadWarmup   6: 8388608 op, 19690802.00 ns, 2.3473 ns/op
OverheadWarmup   7: 8388608 op, 19706517.00 ns, 2.3492 ns/op
OverheadWarmup   8: 8388608 op, 19752245.00 ns, 2.3547 ns/op
OverheadWarmup   9: 8388608 op, 19849888.00 ns, 2.3663 ns/op
OverheadWarmup  10: 8388608 op, 19704574.00 ns, 2.3490 ns/op

OverheadActual   1: 8388608 op, 19762751.00 ns, 2.3559 ns/op
OverheadActual   2: 8388608 op, 19763044.00 ns, 2.3559 ns/op
OverheadActual   3: 8388608 op, 19739951.00 ns, 2.3532 ns/op
OverheadActual   4: 8388608 op, 19721188.00 ns, 2.3509 ns/op
OverheadActual   5: 8388608 op, 19740214.00 ns, 2.3532 ns/op
OverheadActual   6: 8388608 op, 19792744.00 ns, 2.3595 ns/op
OverheadActual   7: 8388608 op, 19802495.00 ns, 2.3606 ns/op
OverheadActual   8: 8388608 op, 19743799.00 ns, 2.3536 ns/op
OverheadActual   9: 8388608 op, 19684380.00 ns, 2.3466 ns/op
OverheadActual  10: 8388608 op, 19727692.00 ns, 2.3517 ns/op
OverheadActual  11: 8388608 op, 19718266.00 ns, 2.3506 ns/op
OverheadActual  12: 8388608 op, 19842541.00 ns, 2.3654 ns/op
OverheadActual  13: 8388608 op, 19720668.00 ns, 2.3509 ns/op
OverheadActual  14: 8388608 op, 19738880.00 ns, 2.3531 ns/op
OverheadActual  15: 8388608 op, 19687040.00 ns, 2.3469 ns/op

WorkloadWarmup   1: 8388608 op, 802455935.00 ns, 95.6602 ns/op
WorkloadWarmup   2: 8388608 op, 731552889.00 ns, 87.2079 ns/op
WorkloadWarmup   3: 8388608 op, 747130568.00 ns, 89.0649 ns/op
WorkloadWarmup   4: 8388608 op, 766069153.00 ns, 91.3226 ns/op
WorkloadWarmup   5: 8388608 op, 789948118.00 ns, 94.1692 ns/op
WorkloadWarmup   6: 8388608 op, 756644572.00 ns, 90.1991 ns/op
WorkloadWarmup   7: 8388608 op, 766983833.00 ns, 91.4316 ns/op
WorkloadWarmup   8: 8388608 op, 734789326.00 ns, 87.5937 ns/op
WorkloadWarmup   9: 8388608 op, 723827387.00 ns, 86.2869 ns/op
WorkloadWarmup  10: 8388608 op, 718922287.00 ns, 85.7022 ns/op

// BeforeActualRun
WorkloadActual   1: 8388608 op, 729587295.00 ns, 86.9736 ns/op
WorkloadActual   2: 8388608 op, 777706327.00 ns, 92.7098 ns/op
WorkloadActual   3: 8388608 op, 753760522.00 ns, 89.8553 ns/op
WorkloadActual   4: 8388608 op, 742820352.00 ns, 88.5511 ns/op
WorkloadActual   5: 8388608 op, 764360930.00 ns, 91.1189 ns/op
WorkloadActual   6: 8388608 op, 837981545.00 ns, 99.8952 ns/op
WorkloadActual   7: 8388608 op, 837835519.00 ns, 99.8778 ns/op
WorkloadActual   8: 8388608 op, 826465324.00 ns, 98.5223 ns/op
WorkloadActual   9: 8388608 op, 801197221.00 ns, 95.5102 ns/op
WorkloadActual  10: 8388608 op, 761678530.00 ns, 90.7992 ns/op
WorkloadActual  11: 8388608 op, 809323347.00 ns, 96.4789 ns/op
WorkloadActual  12: 8388608 op, 837424581.00 ns, 99.8288 ns/op
WorkloadActual  13: 8388608 op, 768538982.00 ns, 91.6170 ns/op
WorkloadActual  14: 8388608 op, 773521906.00 ns, 92.2110 ns/op
WorkloadActual  15: 8388608 op, 803056588.00 ns, 95.7318 ns/op

// AfterActualRun
WorkloadResult   1: 8388608 op, 709847344.00 ns, 84.6204 ns/op
WorkloadResult   2: 8388608 op, 757966376.00 ns, 90.3566 ns/op
WorkloadResult   3: 8388608 op, 734020571.00 ns, 87.5021 ns/op
WorkloadResult   4: 8388608 op, 723080401.00 ns, 86.1979 ns/op
WorkloadResult   5: 8388608 op, 744620979.00 ns, 88.7657 ns/op
WorkloadResult   6: 8388608 op, 818241594.00 ns, 97.5420 ns/op
WorkloadResult   7: 8388608 op, 818095568.00 ns, 97.5246 ns/op
WorkloadResult   8: 8388608 op, 806725373.00 ns, 96.1692 ns/op
WorkloadResult   9: 8388608 op, 781457270.00 ns, 93.1570 ns/op
WorkloadResult  10: 8388608 op, 741938579.00 ns, 88.4460 ns/op
WorkloadResult  11: 8388608 op, 789583396.00 ns, 94.1257 ns/op
WorkloadResult  12: 8388608 op, 817684630.00 ns, 97.4756 ns/op
WorkloadResult  13: 8388608 op, 748799031.00 ns, 89.2638 ns/op
WorkloadResult  14: 8388608 op, 753781955.00 ns, 89.8578 ns/op
WorkloadResult  15: 8388608 op, 783316637.00 ns, 93.3786 ns/op
// GC:  37 0 0 3154116608 8388608
// Threading:  0 0 8388608

// AfterAll
// Benchmark Process 2904 has exited with code 0.

Mean = 94.198 ns, StdErr = 0.855 ns (0.91%), N = 30, StdDev = 4.681 ns
Min = 84.620 ns, Q1 = 89.983 ns, Median = 94.811 ns, Q3 = 97.512 ns, Max = 103.815 ns
IQR = 7.530 ns, LowerFence = 78.688 ns, UpperFence = 108.807 ns
ConfidenceInterval = [91.070 ns; 97.325 ns] (CI 99.9%), Margin = 3.128 ns (3.32% of Mean)
Skewness = -0.19, Kurtosis = 2.22, MValue = 2.62

// ** Remained 0 (0.0 %) benchmark(s) to run. Estimated finish 2026-09-27 2:02 (0h 0m from now) **
// ***** BenchmarkRunner: Finish  *****

// * Export *
  artifacts/performance/Cdc/results/Encina.Cdc.Benchmarks.Benchmarks.CdcConfigurationBenchmarks-report.csv
  artifacts/performance/Cdc/results/Encina.Cdc.Benchmarks.Benchmarks.CdcConfigurationBenchmarks-report-github.md
  artifacts/performance/Cdc/results/Encina.Cdc.Benchmarks.Benchmarks.CdcConfigurationBenchmarks-report.html
  artifacts/performance/Cdc/results/Encina.Cdc.Benchmarks.Benchmarks.CdcConfigurationBenchmarks-report-full-compressed.json

// * Detailed results *
CdcConfigurationBenchmarks.AddEncinaCdc_Registration: MediumRun(IterationCount=15, LaunchCount=2, WarmupCount=10)
Runtime = .NET 10.0.12 (10.0.12, 10.0.1226.42308), X64 RyuJIT x86-64-v4; GC = Concurrent Workstation
Mean = 333.103 ns, StdErr = 2.258 ns (0.68%), N = 30, StdDev = 12.369 ns
Min = 313.238 ns, Q1 = 323.337 ns, Median = 331.380 ns, Q3 = 341.606 ns, Max = 357.240 ns
IQR = 18.269 ns, LowerFence = 295.933 ns, UpperFence = 369.010 ns
ConfidenceInterval = [324.839 ns; 341.367 ns] (CI 99.9%), Margin = 8.264 ns (2.48% of Mean)
Skewness = 0.22, Kurtosis = 1.98, MValue = 2
-------------------- Histogram --------------------
[312.369 ns ; 322.512 ns) | @@@@@@
[322.512 ns ; 332.961 ns) | @@@@@@@@@@@
[332.961 ns ; 347.812 ns) | @@@@@@@@@
[347.812 ns ; 358.513 ns) | @@@@
---------------------------------------------------

CdcConfigurationBenchmarks.BuildConfigurationFluentChain: MediumRun(IterationCount=15, LaunchCount=2, WarmupCount=10)
Runtime = .NET 10.0.12 (10.0.12, 10.0.1226.42308), X64 RyuJIT x86-64-v4; GC = Concurrent Workstation
Mean = 94.198 ns, StdErr = 0.855 ns (0.91%), N = 30, StdDev = 4.681 ns
Min = 84.620 ns, Q1 = 89.983 ns, Median = 94.811 ns, Q3 = 97.512 ns, Max = 103.815 ns
IQR = 7.530 ns, LowerFence = 78.688 ns, UpperFence = 108.807 ns
ConfidenceInterval = [91.070 ns; 97.325 ns] (CI 99.9%), Margin = 3.128 ns (3.32% of Mean)
Skewness = -0.19, Kurtosis = 2.22, MValue = 2.62
-------------------- Histogram --------------------
[ 82.643 ns ;  86.952 ns) | @@
[ 86.952 ns ;  90.907 ns) | @@@@@@@
[ 90.907 ns ;  93.754 ns) | @@@
[ 93.754 ns ;  97.708 ns) | @@@@@@@@@@@@@
[ 97.708 ns ; 101.666 ns) | @@@@
[101.666 ns ; 105.792 ns) | @
---------------------------------------------------

// * Summary *

BenchmarkDotNet v0.15.8, Linux Ubuntu 24.04.5 LTS (Noble Numbat)
Intel Xeon 6973P-C 3.73GHz, 1 CPU, 4 logical and 2 physical cores
.NET SDK 10.0.401
  [Host]    : .NET 10.0.12 (10.0.12, 10.0.1226.42308), X64 RyuJIT x86-64-v4
  MediumRun : .NET 10.0.12 (10.0.12, 10.0.1226.42308), X64 RyuJIT x86-64-v4

Job=MediumRun  IterationCount=15  LaunchCount=2  
WarmupCount=10  

| Method                        | Mean      | Error    | StdDev    | Ratio | RatioSD | Gen0   | Allocated | Alloc Ratio |
|------------------------------ |----------:|---------:|----------:|------:|--------:|-------:|----------:|------------:|
| AddEncinaCdc_Registration     | 333.10 ns | 8.264 ns | 12.369 ns |  3.54 |    0.22 | 0.0114 |     976 B |        2.60 |
| BuildConfigurationFluentChain |  94.20 ns | 3.128 ns |  4.681 ns |  1.00 |    0.07 | 0.0044 |     376 B |        1.00 |
// * Config Issues *

// * Warnings *
Configuration
  Summary -> The exporter CsvExporter is already present in configuration. There may be unexpected results.
  Summary -> The exporter HtmlExporter is already present in configuration. There may be unexpected results.
  Summary -> The exporter MarkdownExporter-github is already present in configuration. There may be unexpected results.

// * Legends *
  Mean        : Arithmetic mean of all measurements
  Error       : Half of 99.9% confidence interval
  StdDev      : Standard deviation of all measurements
  Ratio       : Mean of the ratio distribution ([Current]/[Baseline])
  RatioSD     : Standard deviation of the ratio distribution ([Current]/[Baseline])
  Gen0        : GC Generation 0 collects per 1000 operations
  Allocated   : Allocated memory per single operation (managed only, inclusive, 1KB = 1024B)
  Alloc Ratio : Allocated memory ratio distribution ([Current]/[Baseline])
  1 ns        : 1 Nanosecond (0.000000001 sec)

// * Diagnostic Output - MemoryDiagnoser *


// ***** BenchmarkRunner: End *****
Run time: 00:01:26 (86.14 sec), executed benchmarks: 2

Global total time: 00:02:05 (125.68 sec), executed benchmarks: 2
// * Artifacts cleanup *
Artifacts cleanup is finished
