// Validating benchmarks:
// ***** BenchmarkRunner: Start   *****
// ***** Found 12 benchmark(s) in total *****
// ***** Building 1 exe(s) in Parallel: Start   *****
// start dotnet  restore --nodeReuse:false /p:UseSharedCompilation=false /p:Deterministic=true /p:Optimize=true /p:ArtifactsPath="/home/runner/work/Encina/Encina/tests/Encina.BenchmarkTests/Encina.Benchmarks/bin/Release/net10.0/Encina.Benchmarks-ShortRun-1/" /p:OutDir="/home/runner/work/Encina/Encina/tests/Encina.BenchmarkTests/Encina.Benchmarks/bin/Release/net10.0/Encina.Benchmarks-ShortRun-1/bin/Release/net10.0/" /p:OutputPath="/home/runner/work/Encina/Encina/tests/Encina.BenchmarkTests/Encina.Benchmarks/bin/Release/net10.0/Encina.Benchmarks-ShortRun-1/bin/Release/net10.0/" /p:PublishDir="/home/runner/work/Encina/Encina/tests/Encina.BenchmarkTests/Encina.Benchmarks/bin/Release/net10.0/Encina.Benchmarks-ShortRun-1/publish/" in /home/runner/work/Encina/Encina/tests/Encina.BenchmarkTests/Encina.Benchmarks/bin/Release/net10.0/Encina.Benchmarks-ShortRun-1
// command took 3.59 sec and exited with 0
// start dotnet  build -c Release --no-restore --nodeReuse:false /p:UseSharedCompilation=false /p:Deterministic=true /p:Optimize=true /p:ArtifactsPath="/home/runner/work/Encina/Encina/tests/Encina.BenchmarkTests/Encina.Benchmarks/bin/Release/net10.0/Encina.Benchmarks-ShortRun-1/" /p:OutDir="/home/runner/work/Encina/Encina/tests/Encina.BenchmarkTests/Encina.Benchmarks/bin/Release/net10.0/Encina.Benchmarks-ShortRun-1/bin/Release/net10.0/" /p:OutputPath="/home/runner/work/Encina/Encina/tests/Encina.BenchmarkTests/Encina.Benchmarks/bin/Release/net10.0/Encina.Benchmarks-ShortRun-1/bin/Release/net10.0/" /p:PublishDir="/home/runner/work/Encina/Encina/tests/Encina.BenchmarkTests/Encina.Benchmarks/bin/Release/net10.0/Encina.Benchmarks-ShortRun-1/publish/" --output "/home/runner/work/Encina/Encina/tests/Encina.BenchmarkTests/Encina.Benchmarks/bin/Release/net10.0/Encina.Benchmarks-ShortRun-1/bin/Release/net10.0/" in /home/runner/work/Encina/Encina/tests/Encina.BenchmarkTests/Encina.Benchmarks/bin/Release/net10.0/Encina.Benchmarks-ShortRun-1
// command took 189.44 sec and exited with 0
// ***** Done, took 00:03:13 (193.22 sec)   *****
// Found 12 benchmarks:
//   DPIAServiceBenchmarks.'Create assessment (fast path)': ShortRun(IterationCount=3, LaunchCount=1, WarmupCount=3)
//   DPIAServiceBenchmarks.'Evaluate assessment (risk engine)': ShortRun(IterationCount=3, LaunchCount=1, WarmupCount=3)
//   DPIAServiceBenchmarks.'RequiresDPIA check (pipeline hot-path)': ShortRun(IterationCount=3, LaunchCount=1, WarmupCount=3)
//   DPIAServiceBenchmarks.'Request DPO consultation': ShortRun(IterationCount=3, LaunchCount=1, WarmupCount=3)
//   DPIAServiceBenchmarks.'Approve assessment': ShortRun(IterationCount=3, LaunchCount=1, WarmupCount=3)
//   DPIAServiceBenchmarks.'Reject assessment': ShortRun(IterationCount=3, LaunchCount=1, WarmupCount=3)
//   DPIAServiceBenchmarks.'Request revision': ShortRun(IterationCount=3, LaunchCount=1, WarmupCount=3)
//   DPIAServiceBenchmarks.'Expire assessment': ShortRun(IterationCount=3, LaunchCount=1, WarmupCount=3)
//   DPIAServiceBenchmarks.'Get assessment by ID (cached)': ShortRun(IterationCount=3, LaunchCount=1, WarmupCount=3)
//   DPIAServiceBenchmarks.'Get assessment by request type (pipeline hot-path)': ShortRun(IterationCount=3, LaunchCount=1, WarmupCount=3)
//   DPIAServiceBenchmarks.'Get expired assessments': ShortRun(IterationCount=3, LaunchCount=1, WarmupCount=3)
//   DPIAServiceBenchmarks.'Get all assessments': ShortRun(IterationCount=3, LaunchCount=1, WarmupCount=3)

// **************************
// Benchmark: DPIAServiceBenchmarks.'Create assessment (fast path)': ShortRun(IterationCount=3, LaunchCount=1, WarmupCount=3)
// *** Execute ***
// Launch: 1 / 1
// Execute: dotnet Encina.Benchmarks-ShortRun-1.dll --anonymousPipes 230 231 --benchmarkName Encina.Benchmarks.Compliance.DPIA.DPIAServiceBenchmarks.CreateAssessment --job ShortRun --benchmarkId 0 in /home/runner/work/Encina/Encina/tests/Encina.BenchmarkTests/Encina.Benchmarks/bin/Release/net10.0/Encina.Benchmarks-ShortRun-1/bin/Release/net10.0
// Failed to set up high priority (Permission denied). In order to run benchmarks with high priority, make sure you have the right permissions.
// BeforeAnythingElse

// Benchmark Process Environment Information:
// BenchmarkDotNet v0.15.8
// Runtime=.NET 10.0.12 (10.0.12, 10.0.1226.42308), X64 RyuJIT x86-64-v3
// GC=Concurrent Workstation
// HardwareIntrinsics=AVX2+BMI1+BMI2+F16C+FMA+LZCNT+MOVBE,AVX,SSE3+SSSE3+SSE4.1+SSE4.2+POPCNT,X86Base+SSE+SSE2,AES+PCLMUL VectorSize=256
// Job: ShortRun(IterationCount=3, LaunchCount=1, WarmupCount=3)

OverheadJitting  1: 1 op, 208798.00 ns, 208.7980 us/op
WorkloadJitting  1: 1 op, 8883201.00 ns, 8.8832 ms/op

OverheadJitting  2: 16 op, 226302.00 ns, 14.1439 us/op
WorkloadJitting  2: 16 op, 323572.00 ns, 20.2233 us/op

WorkloadPilot    1: 16 op, 86191.00 ns, 5.3869 us/op
WorkloadPilot    2: 32 op, 50845.00 ns, 1.5889 us/op
WorkloadPilot    3: 64 op, 94466.00 ns, 1.4760 us/op
WorkloadPilot    4: 128 op, 158455.00 ns, 1.2379 us/op
WorkloadPilot    5: 256 op, 313774.00 ns, 1.2257 us/op
WorkloadPilot    6: 512 op, 622559.00 ns, 1.2159 us/op
WorkloadPilot    7: 1024 op, 1253424.00 ns, 1.2240 us/op
WorkloadPilot    8: 2048 op, 2403796.00 ns, 1.1737 us/op
WorkloadPilot    9: 4096 op, 4630413.00 ns, 1.1305 us/op
WorkloadPilot   10: 8192 op, 9334672.00 ns, 1.1395 us/op
WorkloadPilot   11: 16384 op, 18874225.00 ns, 1.1520 us/op
WorkloadPilot   12: 32768 op, 37785348.00 ns, 1.1531 us/op
WorkloadPilot   13: 65536 op, 79005663.00 ns, 1.2055 us/op
WorkloadPilot   14: 131072 op, 184372343.00 ns, 1.4066 us/op
WorkloadPilot   15: 262144 op, 371109599.00 ns, 1.4157 us/op
WorkloadPilot   16: 524288 op, 772628510.00 ns, 1.4737 us/op

OverheadWarmup   1: 524288 op, 947154.00 ns, 1.8066 ns/op
OverheadWarmup   2: 524288 op, 910155.00 ns, 1.7360 ns/op
OverheadWarmup   3: 524288 op, 885048.00 ns, 1.6881 ns/op
OverheadWarmup   4: 524288 op, 963273.00 ns, 1.8373 ns/op
OverheadWarmup   5: 524288 op, 866643.00 ns, 1.6530 ns/op
OverheadWarmup   6: 524288 op, 862787.00 ns, 1.6456 ns/op
OverheadWarmup   7: 524288 op, 862055.00 ns, 1.6442 ns/op
OverheadWarmup   8: 524288 op, 850884.00 ns, 1.6229 ns/op
OverheadWarmup   9: 524288 op, 870251.00 ns, 1.6599 ns/op
OverheadWarmup  10: 524288 op, 881211.00 ns, 1.6808 ns/op

OverheadActual   1: 524288 op, 901108.00 ns, 1.7187 ns/op
OverheadActual   2: 524288 op, 862416.00 ns, 1.6449 ns/op
OverheadActual   3: 524288 op, 850172.00 ns, 1.6216 ns/op
OverheadActual   4: 524288 op, 886961.00 ns, 1.6917 ns/op
OverheadActual   5: 524288 op, 883846.00 ns, 1.6858 ns/op
OverheadActual   6: 524288 op, 863518.00 ns, 1.6470 ns/op
OverheadActual   7: 524288 op, 933588.00 ns, 1.7807 ns/op
OverheadActual   8: 524288 op, 955719.00 ns, 1.8229 ns/op
OverheadActual   9: 524288 op, 896489.00 ns, 1.7099 ns/op
OverheadActual  10: 524288 op, 877344.00 ns, 1.6734 ns/op
OverheadActual  11: 524288 op, 849692.00 ns, 1.6207 ns/op
OverheadActual  12: 524288 op, 947734.00 ns, 1.8077 ns/op
OverheadActual  13: 524288 op, 888355.00 ns, 1.6944 ns/op
OverheadActual  14: 524288 op, 865922.00 ns, 1.6516 ns/op
OverheadActual  15: 524288 op, 965949.00 ns, 1.8424 ns/op

WorkloadWarmup   1: 524288 op, 780604538.00 ns, 1.4889 us/op
WorkloadWarmup   2: 524288 op, 761295617.00 ns, 1.4521 us/op
WorkloadWarmup   3: 524288 op, 784530860.00 ns, 1.4964 us/op

// BeforeActualRun
WorkloadActual   1: 524288 op, 770454898.00 ns, 1.4695 us/op
WorkloadActual   2: 524288 op, 756964870.00 ns, 1.4438 us/op
WorkloadActual   3: 524288 op, 768047495.00 ns, 1.4649 us/op

// AfterActualRun
WorkloadResult   1: 524288 op, 769567937.00 ns, 1.4678 us/op
WorkloadResult   2: 524288 op, 756077909.00 ns, 1.4421 us/op
WorkloadResult   3: 524288 op, 767160534.00 ns, 1.4632 us/op
// GC:  13 12 0 226492416 524288
// Threading:  0 0 524288

// AfterAll
// Benchmark Process 3808 has exited with code 0.

Mean = 1.458 μs, StdErr = 0.008 μs (0.54%), N = 3, StdDev = 0.014 μs
Min = 1.442 μs, Q1 = 1.453 μs, Median = 1.463 μs, Q3 = 1.466 μs, Max = 1.468 μs
IQR = 0.013 μs, LowerFence = 1.433 μs, UpperFence = 1.485 μs
ConfidenceInterval = [1.207 μs; 1.708 μs] (CI 99.9%), Margin = 0.250 μs (17.17% of Mean)
Skewness = -0.34, Kurtosis = 0.67, MValue = 2

// ** Remained 11 (91.7 %) benchmark(s) to run. Estimated finish 2026-09-27 20:07 (0h 4m from now) **
// **************************
// Benchmark: DPIAServiceBenchmarks.'Evaluate assessment (risk engine)': ShortRun(IterationCount=3, LaunchCount=1, WarmupCount=3)
// *** Execute ***
// Launch: 1 / 1
// Execute: dotnet Encina.Benchmarks-ShortRun-1.dll --anonymousPipes 230 231 --benchmarkName Encina.Benchmarks.Compliance.DPIA.DPIAServiceBenchmarks.EvaluateAssessment --job ShortRun --benchmarkId 1 in /home/runner/work/Encina/Encina/tests/Encina.BenchmarkTests/Encina.Benchmarks/bin/Release/net10.0/Encina.Benchmarks-ShortRun-1/bin/Release/net10.0
// Failed to set up high priority (Permission denied). In order to run benchmarks with high priority, make sure you have the right permissions.
// BeforeAnythingElse

// Benchmark Process Environment Information:
// BenchmarkDotNet v0.15.8
// Runtime=.NET 10.0.12 (10.0.12, 10.0.1226.42308), X64 RyuJIT x86-64-v3
// GC=Concurrent Workstation
// HardwareIntrinsics=AVX2+BMI1+BMI2+F16C+FMA+LZCNT+MOVBE,AVX,SSE3+SSSE3+SSE4.1+SSE4.2+POPCNT,X86Base+SSE+SSE2,AES+PCLMUL VectorSize=256
// Job: ShortRun(IterationCount=3, LaunchCount=1, WarmupCount=3)

OverheadJitting  1: 1 op, 217716.00 ns, 217.7160 us/op
WorkloadJitting  1: 1 op, 8528800.00 ns, 8.5288 ms/op

OverheadJitting  2: 16 op, 453173.00 ns, 28.3233 us/op
WorkloadJitting  2: 16 op, 550445.00 ns, 34.4028 us/op

WorkloadPilot    1: 16 op, 65192.00 ns, 4.0745 us/op
WorkloadPilot    2: 32 op, 51336.00 ns, 1.6043 us/op
WorkloadPilot    3: 64 op, 103863.00 ns, 1.6229 us/op
WorkloadPilot    4: 128 op, 160098.00 ns, 1.2508 us/op
WorkloadPilot    5: 256 op, 280772.00 ns, 1.0968 us/op
WorkloadPilot    6: 512 op, 574189.00 ns, 1.1215 us/op
WorkloadPilot    7: 1024 op, 1123933.00 ns, 1.0976 us/op
WorkloadPilot    8: 2048 op, 2097475.00 ns, 1.0242 us/op
WorkloadPilot    9: 4096 op, 4182959.00 ns, 1.0212 us/op
WorkloadPilot   10: 8192 op, 8313319.00 ns, 1.0148 us/op
WorkloadPilot   11: 16384 op, 16780574.00 ns, 1.0242 us/op
WorkloadPilot   12: 32768 op, 34076158.00 ns, 1.0399 us/op
WorkloadPilot   13: 65536 op, 84842482.00 ns, 1.2946 us/op
WorkloadPilot   14: 131072 op, 171160822.00 ns, 1.3059 us/op
WorkloadPilot   15: 262144 op, 345780438.00 ns, 1.3190 us/op
WorkloadPilot   16: 524288 op, 732334983.00 ns, 1.3968 us/op

OverheadWarmup   1: 524288 op, 1714272.00 ns, 3.2697 ns/op
OverheadWarmup   2: 524288 op, 1725833.00 ns, 3.2918 ns/op
OverheadWarmup   3: 524288 op, 1754567.00 ns, 3.3466 ns/op
OverheadWarmup   4: 524288 op, 1726364.00 ns, 3.2928 ns/op
OverheadWarmup   5: 524288 op, 1726885.00 ns, 3.2938 ns/op
OverheadWarmup   6: 524288 op, 1725733.00 ns, 3.2916 ns/op

OverheadActual   1: 524288 op, 1794531.00 ns, 3.4228 ns/op
OverheadActual   2: 524288 op, 1752242.00 ns, 3.3421 ns/op
OverheadActual   3: 524288 op, 1767380.00 ns, 3.3710 ns/op
OverheadActual   4: 524288 op, 1755137.00 ns, 3.3477 ns/op
OverheadActual   5: 524288 op, 1749448.00 ns, 3.3368 ns/op
OverheadActual   6: 524288 op, 1774494.00 ns, 3.3846 ns/op
OverheadActual   7: 524288 op, 1747584.00 ns, 3.3333 ns/op
OverheadActual   8: 524288 op, 1747864.00 ns, 3.3338 ns/op
OverheadActual   9: 524288 op, 1758564.00 ns, 3.3542 ns/op
OverheadActual  10: 524288 op, 1771438.00 ns, 3.3787 ns/op
OverheadActual  11: 524288 op, 1759005.00 ns, 3.3550 ns/op
OverheadActual  12: 524288 op, 1764425.00 ns, 3.3654 ns/op
OverheadActual  13: 524288 op, 1757893.00 ns, 3.3529 ns/op
OverheadActual  14: 524288 op, 1753875.00 ns, 3.3453 ns/op
OverheadActual  15: 524288 op, 1724922.00 ns, 3.2900 ns/op

WorkloadWarmup   1: 524288 op, 709289088.00 ns, 1.3529 us/op
WorkloadWarmup   2: 524288 op, 696260470.00 ns, 1.3280 us/op
WorkloadWarmup   3: 524288 op, 724121573.00 ns, 1.3812 us/op

// BeforeActualRun
WorkloadActual   1: 524288 op, 706122151.00 ns, 1.3468 us/op
WorkloadActual   2: 524288 op, 706590506.00 ns, 1.3477 us/op
WorkloadActual   3: 524288 op, 718548188.00 ns, 1.3705 us/op

// AfterActualRun
WorkloadResult   1: 524288 op, 704364258.00 ns, 1.3435 us/op
WorkloadResult   2: 524288 op, 704832613.00 ns, 1.3444 us/op
WorkloadResult   3: 524288 op, 716790295.00 ns, 1.3672 us/op
// GC:  13 12 0 226492416 524288
// Threading:  0 0 524288

// AfterAll
// Benchmark Process 3850 has exited with code 0.

Mean = 1.352 μs, StdErr = 0.008 μs (0.57%), N = 3, StdDev = 0.013 μs
Min = 1.343 μs, Q1 = 1.344 μs, Median = 1.344 μs, Q3 = 1.356 μs, Max = 1.367 μs
IQR = 0.012 μs, LowerFence = 1.326 μs, UpperFence = 1.374 μs
ConfidenceInterval = [1.107 μs; 1.597 μs] (CI 99.9%), Margin = 0.245 μs (18.13% of Mean)
Skewness = 0.38, Kurtosis = 0.67, MValue = 2

// ** Remained 10 (83.3 %) benchmark(s) to run. Estimated finish 2026-09-27 20:07 (0h 3m from now) **
// **************************
// Benchmark: DPIAServiceBenchmarks.'RequiresDPIA check (pipeline hot-path)': ShortRun(IterationCount=3, LaunchCount=1, WarmupCount=3)
// *** Execute ***
// Launch: 1 / 1
// Execute: dotnet Encina.Benchmarks-ShortRun-1.dll --anonymousPipes 230 231 --benchmarkName Encina.Benchmarks.Compliance.DPIA.DPIAServiceBenchmarks.RequiresDPIA --job ShortRun --benchmarkId 2 in /home/runner/work/Encina/Encina/tests/Encina.BenchmarkTests/Encina.Benchmarks/bin/Release/net10.0/Encina.Benchmarks-ShortRun-1/bin/Release/net10.0
// Failed to set up high priority (Permission denied). In order to run benchmarks with high priority, make sure you have the right permissions.
// BeforeAnythingElse

// Benchmark Process Environment Information:
// BenchmarkDotNet v0.15.8
// Runtime=.NET 10.0.12 (10.0.12, 10.0.1226.42308), X64 RyuJIT x86-64-v3
// GC=Concurrent Workstation
// HardwareIntrinsics=AVX2+BMI1+BMI2+F16C+FMA+LZCNT+MOVBE,AVX,SSE3+SSSE3+SSE4.1+SSE4.2+POPCNT,X86Base+SSE+SSE2,AES+PCLMUL VectorSize=256
// Job: ShortRun(IterationCount=3, LaunchCount=1, WarmupCount=3)

OverheadJitting  1: 1 op, 202477.00 ns, 202.4770 us/op
WorkloadJitting  1: 1 op, 8546925.00 ns, 8.5469 ms/op

OverheadJitting  2: 16 op, 331478.00 ns, 20.7174 us/op
WorkloadJitting  2: 16 op, 407068.00 ns, 25.4418 us/op

WorkloadPilot    1: 16 op, 66093.00 ns, 4.1308 us/op
WorkloadPilot    2: 32 op, 34234.00 ns, 1.0698 us/op
WorkloadPilot    3: 64 op, 61605.00 ns, 962.5781 ns/op
WorkloadPilot    4: 128 op, 94886.00 ns, 741.2969 ns/op
WorkloadPilot    5: 256 op, 203920.00 ns, 796.5625 ns/op
WorkloadPilot    6: 512 op, 327710.00 ns, 640.0586 ns/op
WorkloadPilot    7: 1024 op, 633429.00 ns, 618.5830 ns/op
WorkloadPilot    8: 2048 op, 1184475.00 ns, 578.3569 ns/op
WorkloadPilot    9: 4096 op, 2561740.00 ns, 625.4248 ns/op
WorkloadPilot   10: 8192 op, 4726721.00 ns, 576.9923 ns/op
WorkloadPilot   11: 16384 op, 9417867.00 ns, 574.8210 ns/op
WorkloadPilot   12: 32768 op, 18575639.00 ns, 566.8835 ns/op
WorkloadPilot   13: 65536 op, 50363660.00 ns, 768.4885 ns/op
WorkloadPilot   14: 131072 op, 105048046.00 ns, 801.4530 ns/op
WorkloadPilot   15: 262144 op, 217253338.00 ns, 828.7557 ns/op
WorkloadPilot   16: 524288 op, 454217740.00 ns, 866.3516 ns/op
WorkloadPilot   17: 1048576 op, 957762826.00 ns, 913.3938 ns/op

OverheadWarmup   1: 1048576 op, 2013607.00 ns, 1.9203 ns/op
OverheadWarmup   2: 1048576 op, 2044685.00 ns, 1.9500 ns/op
OverheadWarmup   3: 1048576 op, 1917789.00 ns, 1.8289 ns/op
OverheadWarmup   4: 1048576 op, 1975005.00 ns, 1.8835 ns/op
OverheadWarmup   5: 1048576 op, 1947373.00 ns, 1.8572 ns/op

OverheadActual   1: 1048576 op, 2091412.00 ns, 1.9945 ns/op
OverheadActual   2: 1048576 op, 1929913.00 ns, 1.8405 ns/op
OverheadActual   3: 1048576 op, 2014741.00 ns, 1.9214 ns/op
OverheadActual   4: 1048576 op, 1986578.00 ns, 1.8945 ns/op
OverheadActual   5: 1048576 op, 2052772.00 ns, 1.9577 ns/op
OverheadActual   6: 1048576 op, 1928240.00 ns, 1.8389 ns/op
OverheadActual   7: 1048576 op, 1969858.00 ns, 1.8786 ns/op
OverheadActual   8: 1048576 op, 1973755.00 ns, 1.8823 ns/op
OverheadActual   9: 1048576 op, 1957713.00 ns, 1.8670 ns/op
OverheadActual  10: 1048576 op, 1980986.00 ns, 1.8892 ns/op
OverheadActual  11: 1048576 op, 1929631.00 ns, 1.8402 ns/op
OverheadActual  12: 1048576 op, 2046929.00 ns, 1.9521 ns/op
OverheadActual  13: 1048576 op, 1993209.00 ns, 1.9009 ns/op
OverheadActual  14: 1048576 op, 1969454.00 ns, 1.8782 ns/op
OverheadActual  15: 1048576 op, 1989603.00 ns, 1.8974 ns/op

WorkloadWarmup   1: 1048576 op, 926816260.00 ns, 883.8809 ns/op
WorkloadWarmup   2: 1048576 op, 950342902.00 ns, 906.3176 ns/op
WorkloadWarmup   3: 1048576 op, 945841038.00 ns, 902.0243 ns/op

// BeforeActualRun
WorkloadActual   1: 1048576 op, 967361140.00 ns, 922.5475 ns/op
WorkloadActual   2: 1048576 op, 980427979.00 ns, 935.0090 ns/op
WorkloadActual   3: 1048576 op, 957368338.00 ns, 913.0176 ns/op

// AfterActualRun
WorkloadResult   1: 1048576 op, 965380154.00 ns, 920.6583 ns/op
WorkloadResult   2: 1048576 op, 978446993.00 ns, 933.1198 ns/op
WorkloadResult   3: 1048576 op, 955387352.00 ns, 911.1284 ns/op
// GC:  20 19 0 352321792 1048576
// Threading:  0 0 1048576

// AfterAll
// Benchmark Process 3861 has exited with code 0.

Mean = 921.635 ns, StdErr = 6.367 ns (0.69%), N = 3, StdDev = 11.028 ns
Min = 911.128 ns, Q1 = 915.893 ns, Median = 920.658 ns, Q3 = 926.889 ns, Max = 933.120 ns
IQR = 10.996 ns, LowerFence = 899.400 ns, UpperFence = 943.383 ns
ConfidenceInterval = [720.440 ns; 1,122.831 ns] (CI 99.9%), Margin = 201.196 ns (21.83% of Mean)
Skewness = 0.09, Kurtosis = 0.67, MValue = 2

// ** Remained 9 (75.0 %) benchmark(s) to run. Estimated finish 2026-09-27 20:08 (0h 3m from now) **
// **************************
// Benchmark: DPIAServiceBenchmarks.'Request DPO consultation': ShortRun(IterationCount=3, LaunchCount=1, WarmupCount=3)
// *** Execute ***
// Launch: 1 / 1
// Execute: dotnet Encina.Benchmarks-ShortRun-1.dll --anonymousPipes 230 231 --benchmarkName Encina.Benchmarks.Compliance.DPIA.DPIAServiceBenchmarks.RequestDPOConsultation --job ShortRun --benchmarkId 3 in /home/runner/work/Encina/Encina/tests/Encina.BenchmarkTests/Encina.Benchmarks/bin/Release/net10.0/Encina.Benchmarks-ShortRun-1/bin/Release/net10.0
// Failed to set up high priority (Permission denied). In order to run benchmarks with high priority, make sure you have the right permissions.
// BeforeAnythingElse

// Benchmark Process Environment Information:
// BenchmarkDotNet v0.15.8
// Runtime=.NET 10.0.12 (10.0.12, 10.0.1226.42308), X64 RyuJIT x86-64-v3
// GC=Concurrent Workstation
// HardwareIntrinsics=AVX2+BMI1+BMI2+F16C+FMA+LZCNT+MOVBE,AVX,SSE3+SSSE3+SSE4.1+SSE4.2+POPCNT,X86Base+SSE+SSE2,AES+PCLMUL VectorSize=256
// Job: ShortRun(IterationCount=3, LaunchCount=1, WarmupCount=3)

OverheadJitting  1: 1 op, 259934.00 ns, 259.9340 us/op
WorkloadJitting  1: 1 op, 8945444.00 ns, 8.9454 ms/op

OverheadJitting  2: 16 op, 249554.00 ns, 15.5971 us/op
WorkloadJitting  2: 16 op, 353508.00 ns, 22.0943 us/op

WorkloadPilot    1: 16 op, 84417.00 ns, 5.2761 us/op
WorkloadPilot    2: 32 op, 48300.00 ns, 1.5094 us/op
WorkloadPilot    3: 64 op, 84477.00 ns, 1.3200 us/op
WorkloadPilot    4: 128 op, 132287.00 ns, 1.0335 us/op
WorkloadPilot    5: 256 op, 288527.00 ns, 1.1271 us/op
WorkloadPilot    6: 512 op, 496144.00 ns, 969.0313 ns/op
WorkloadPilot    7: 1024 op, 1001024.00 ns, 977.5625 ns/op
WorkloadPilot    8: 2048 op, 1814869.00 ns, 886.1665 ns/op
WorkloadPilot    9: 4096 op, 3721208.00 ns, 908.4980 ns/op
WorkloadPilot   10: 8192 op, 7344374.00 ns, 896.5300 ns/op
WorkloadPilot   11: 16384 op, 14727950.00 ns, 898.9227 ns/op
WorkloadPilot   12: 32768 op, 29158876.00 ns, 889.8583 ns/op
WorkloadPilot   13: 65536 op, 66269376.00 ns, 1.0112 us/op
WorkloadPilot   14: 131072 op, 160500151.00 ns, 1.2245 us/op
WorkloadPilot   15: 262144 op, 326297753.00 ns, 1.2447 us/op
WorkloadPilot   16: 524288 op, 682667404.00 ns, 1.3021 us/op

OverheadWarmup   1: 524288 op, 881181.00 ns, 1.6807 ns/op
OverheadWarmup   2: 524288 op, 883625.00 ns, 1.6854 ns/op
OverheadWarmup   3: 524288 op, 899314.00 ns, 1.7153 ns/op
OverheadWarmup   4: 524288 op, 849862.00 ns, 1.6210 ns/op
OverheadWarmup   5: 524288 op, 891640.00 ns, 1.7007 ns/op
OverheadWarmup   6: 524288 op, 863918.00 ns, 1.6478 ns/op

OverheadActual   1: 524288 op, 867545.00 ns, 1.6547 ns/op
OverheadActual   2: 524288 op, 862626.00 ns, 1.6453 ns/op
OverheadActual   3: 524288 op, 867665.00 ns, 1.6549 ns/op
OverheadActual   4: 524288 op, 863427.00 ns, 1.6469 ns/op
OverheadActual   5: 524288 op, 866313.00 ns, 1.6524 ns/op
OverheadActual   6: 524288 op, 862806.00 ns, 1.6457 ns/op
OverheadActual   7: 524288 op, 862175.00 ns, 1.6445 ns/op
OverheadActual   8: 524288 op, 862295.00 ns, 1.6447 ns/op
OverheadActual   9: 524288 op, 862326.00 ns, 1.6448 ns/op
OverheadActual  10: 524288 op, 863628.00 ns, 1.6472 ns/op
OverheadActual  11: 524288 op, 866704.00 ns, 1.6531 ns/op
OverheadActual  12: 524288 op, 895086.00 ns, 1.7072 ns/op
OverheadActual  13: 524288 op, 882082.00 ns, 1.6824 ns/op
OverheadActual  14: 524288 op, 898793.00 ns, 1.7143 ns/op
OverheadActual  15: 524288 op, 863879.00 ns, 1.6477 ns/op

WorkloadWarmup   1: 524288 op, 670633581.00 ns, 1.2791 us/op
WorkloadWarmup   2: 524288 op, 670998653.00 ns, 1.2798 us/op
WorkloadWarmup   3: 524288 op, 666712479.00 ns, 1.2717 us/op

// BeforeActualRun
WorkloadActual   1: 524288 op, 684578387.00 ns, 1.3057 us/op
WorkloadActual   2: 524288 op, 654903784.00 ns, 1.2491 us/op
WorkloadActual   3: 524288 op, 650156041.00 ns, 1.2401 us/op

// AfterActualRun
WorkloadResult   1: 524288 op, 683714508.00 ns, 1.3041 us/op
WorkloadResult   2: 524288 op, 654039905.00 ns, 1.2475 us/op
WorkloadResult   3: 524288 op, 649292162.00 ns, 1.2384 us/op
// GC:  13 12 0 226492416 524288
// Threading:  0 0 524288

// AfterAll
// Benchmark Process 3878 has exited with code 0.

Mean = 1.263 μs, StdErr = 0.021 μs (1.63%), N = 3, StdDev = 0.036 μs
Min = 1.238 μs, Q1 = 1.243 μs, Median = 1.247 μs, Q3 = 1.276 μs, Max = 1.304 μs
IQR = 0.033 μs, LowerFence = 1.194 μs, UpperFence = 1.325 μs
ConfidenceInterval = [0.614 μs; 1.912 μs] (CI 99.9%), Margin = 0.649 μs (51.38% of Mean)
Skewness = 0.36, Kurtosis = 0.67, MValue = 2

// ** Remained 8 (66.7 %) benchmark(s) to run. Estimated finish 2026-09-27 20:08 (0h 3m from now) **
// **************************
// Benchmark: DPIAServiceBenchmarks.'Approve assessment': ShortRun(IterationCount=3, LaunchCount=1, WarmupCount=3)
// *** Execute ***
// Launch: 1 / 1
// Execute: dotnet Encina.Benchmarks-ShortRun-1.dll --anonymousPipes 230 231 --benchmarkName Encina.Benchmarks.Compliance.DPIA.DPIAServiceBenchmarks.ApproveAssessment --job ShortRun --benchmarkId 4 in /home/runner/work/Encina/Encina/tests/Encina.BenchmarkTests/Encina.Benchmarks/bin/Release/net10.0/Encina.Benchmarks-ShortRun-1/bin/Release/net10.0
// Failed to set up high priority (Permission denied). In order to run benchmarks with high priority, make sure you have the right permissions.
// BeforeAnythingElse

// Benchmark Process Environment Information:
// BenchmarkDotNet v0.15.8
// Runtime=.NET 10.0.12 (10.0.12, 10.0.1226.42308), X64 RyuJIT x86-64-v3
// GC=Concurrent Workstation
// HardwareIntrinsics=AVX2+BMI1+BMI2+F16C+FMA+LZCNT+MOVBE,AVX,SSE3+SSSE3+SSE4.1+SSE4.2+POPCNT,X86Base+SSE+SSE2,AES+PCLMUL VectorSize=256
// Job: ShortRun(IterationCount=3, LaunchCount=1, WarmupCount=3)

OverheadJitting  1: 1 op, 229367.00 ns, 229.3670 us/op
WorkloadJitting  1: 1 op, 9920650.00 ns, 9.9207 ms/op

OverheadJitting  2: 16 op, 234847.00 ns, 14.6779 us/op
WorkloadJitting  2: 16 op, 364658.00 ns, 22.7911 us/op

WorkloadPilot    1: 16 op, 101689.00 ns, 6.3556 us/op
WorkloadPilot    2: 32 op, 96830.00 ns, 3.0259 us/op
WorkloadPilot    3: 64 op, 168954.00 ns, 2.6399 us/op
WorkloadPilot    4: 128 op, 234888.00 ns, 1.8351 us/op
WorkloadPilot    5: 256 op, 555384.00 ns, 2.1695 us/op
WorkloadPilot    6: 512 op, 1032493.00 ns, 2.0166 us/op
WorkloadPilot    7: 1024 op, 2029679.00 ns, 1.9821 us/op
WorkloadPilot    8: 2048 op, 4039240.00 ns, 1.9723 us/op
WorkloadPilot    9: 4096 op, 8001116.00 ns, 1.9534 us/op
WorkloadPilot   10: 8192 op, 16053989.00 ns, 1.9597 us/op
WorkloadPilot   11: 16384 op, 32355428.00 ns, 1.9748 us/op
WorkloadPilot   12: 32768 op, 64424322.00 ns, 1.9661 us/op
WorkloadPilot   13: 65536 op, 140140628.00 ns, 2.1384 us/op
WorkloadPilot   14: 131072 op, 304372587.00 ns, 2.3222 us/op
WorkloadPilot   15: 262144 op, 633304537.00 ns, 2.4159 us/op

OverheadWarmup   1: 262144 op, 466559.00 ns, 1.7798 ns/op
OverheadWarmup   2: 262144 op, 425582.00 ns, 1.6235 ns/op
OverheadWarmup   3: 262144 op, 425632.00 ns, 1.6237 ns/op
OverheadWarmup   4: 262144 op, 443736.00 ns, 1.6927 ns/op
OverheadWarmup   5: 262144 op, 425603.00 ns, 1.6235 ns/op
OverheadWarmup   6: 262144 op, 438496.00 ns, 1.6727 ns/op
OverheadWarmup   7: 262144 op, 461148.00 ns, 1.7591 ns/op
OverheadWarmup   8: 262144 op, 438426.00 ns, 1.6725 ns/op

OverheadActual   1: 262144 op, 441272.00 ns, 1.6833 ns/op
OverheadActual   2: 262144 op, 447583.00 ns, 1.7074 ns/op
OverheadActual   3: 262144 op, 437014.00 ns, 1.6671 ns/op
OverheadActual   4: 262144 op, 425492.00 ns, 1.6231 ns/op
OverheadActual   5: 262144 op, 481297.00 ns, 1.8360 ns/op
OverheadActual   6: 262144 op, 463423.00 ns, 1.7678 ns/op
OverheadActual   7: 262144 op, 437274.00 ns, 1.6681 ns/op
OverheadActual   8: 262144 op, 425663.00 ns, 1.6238 ns/op
OverheadActual   9: 262144 op, 425302.00 ns, 1.6224 ns/op
OverheadActual  10: 262144 op, 476827.00 ns, 1.8190 ns/op
OverheadActual  11: 262144 op, 425413.00 ns, 1.6228 ns/op
OverheadActual  12: 262144 op, 444868.00 ns, 1.6970 ns/op
OverheadActual  13: 262144 op, 425372.00 ns, 1.6227 ns/op
OverheadActual  14: 262144 op, 464294.00 ns, 1.7711 ns/op
OverheadActual  15: 262144 op, 425612.00 ns, 1.6236 ns/op

WorkloadWarmup   1: 262144 op, 631789218.00 ns, 2.4101 us/op
WorkloadWarmup   2: 262144 op, 626937364.00 ns, 2.3916 us/op
WorkloadWarmup   3: 262144 op, 628601773.00 ns, 2.3979 us/op

// BeforeActualRun
WorkloadActual   1: 262144 op, 606749849.00 ns, 2.3146 us/op
WorkloadActual   2: 262144 op, 604241539.00 ns, 2.3050 us/op
WorkloadActual   3: 262144 op, 600308316.00 ns, 2.2900 us/op

// AfterActualRun
WorkloadResult   1: 262144 op, 606312575.00 ns, 2.3129 us/op
WorkloadResult   2: 262144 op, 603804265.00 ns, 2.3033 us/op
WorkloadResult   3: 262144 op, 599871042.00 ns, 2.2883 us/op
// GC:  14 7 0 247487456 262144
// Threading:  0 0 262144

// AfterAll
// Benchmark Process 3890 has exited with code 0.

Mean = 2.302 μs, StdErr = 0.007 μs (0.31%), N = 3, StdDev = 0.012 μs
Min = 2.288 μs, Q1 = 2.296 μs, Median = 2.303 μs, Q3 = 2.308 μs, Max = 2.313 μs
IQR = 0.012 μs, LowerFence = 2.277 μs, UpperFence = 2.327 μs
ConfidenceInterval = [2.076 μs; 2.527 μs] (CI 99.9%), Margin = 0.226 μs (9.82% of Mean)
Skewness = -0.14, Kurtosis = 0.67, MValue = 2

// ** Remained 7 (58.3 %) benchmark(s) to run. Estimated finish 2026-09-27 20:07 (0h 2m from now) **
// **************************
// Benchmark: DPIAServiceBenchmarks.'Reject assessment': ShortRun(IterationCount=3, LaunchCount=1, WarmupCount=3)
// *** Execute ***
// Launch: 1 / 1
// Execute: dotnet Encina.Benchmarks-ShortRun-1.dll --anonymousPipes 230 231 --benchmarkName Encina.Benchmarks.Compliance.DPIA.DPIAServiceBenchmarks.RejectAssessment --job ShortRun --benchmarkId 5 in /home/runner/work/Encina/Encina/tests/Encina.BenchmarkTests/Encina.Benchmarks/bin/Release/net10.0/Encina.Benchmarks-ShortRun-1/bin/Release/net10.0
// Failed to set up high priority (Permission denied). In order to run benchmarks with high priority, make sure you have the right permissions.
// BeforeAnythingElse

// Benchmark Process Environment Information:
// BenchmarkDotNet v0.15.8
// Runtime=.NET 10.0.12 (10.0.12, 10.0.1226.42308), X64 RyuJIT x86-64-v3
// GC=Concurrent Workstation
// HardwareIntrinsics=AVX2+BMI1+BMI2+F16C+FMA+LZCNT+MOVBE,AVX,SSE3+SSSE3+SSE4.1+SSE4.2+POPCNT,X86Base+SSE+SSE2,AES+PCLMUL VectorSize=256
// Job: ShortRun(IterationCount=3, LaunchCount=1, WarmupCount=3)

OverheadJitting  1: 1 op, 222314.00 ns, 222.3140 us/op
WorkloadJitting  1: 1 op, 8992603.00 ns, 8.9926 ms/op

OverheadJitting  2: 16 op, 209300.00 ns, 13.0813 us/op
WorkloadJitting  2: 16 op, 307642.00 ns, 19.2276 us/op

WorkloadPilot    1: 16 op, 90829.00 ns, 5.6768 us/op
WorkloadPilot    2: 32 op, 42880.00 ns, 1.3400 us/op
WorkloadPilot    3: 64 op, 82704.00 ns, 1.2923 us/op
WorkloadPilot    4: 128 op, 127418.00 ns, 995.4531 ns/op
WorkloadPilot    5: 256 op, 249154.00 ns, 973.2578 ns/op
WorkloadPilot    6: 512 op, 419562.00 ns, 819.4570 ns/op
WorkloadPilot    7: 1024 op, 960819.00 ns, 938.2998 ns/op
WorkloadPilot    8: 2048 op, 1759135.00 ns, 858.9526 ns/op
WorkloadPilot    9: 4096 op, 3685772.00 ns, 899.8467 ns/op
WorkloadPilot   10: 8192 op, 7282349.00 ns, 888.9586 ns/op
WorkloadPilot   11: 16384 op, 14404089.00 ns, 879.1558 ns/op
WorkloadPilot   12: 32768 op, 28375311.00 ns, 865.9458 ns/op
WorkloadPilot   13: 65536 op, 65809888.00 ns, 1.0042 us/op
WorkloadPilot   14: 131072 op, 146030689.00 ns, 1.1141 us/op
WorkloadPilot   15: 262144 op, 306554592.00 ns, 1.1694 us/op
WorkloadPilot   16: 524288 op, 679796457.00 ns, 1.2966 us/op

OverheadWarmup   1: 524288 op, 899365.00 ns, 1.7154 ns/op
OverheadWarmup   2: 524288 op, 889496.00 ns, 1.6966 ns/op
OverheadWarmup   3: 524288 op, 888234.00 ns, 1.6942 ns/op
OverheadWarmup   4: 524288 op, 897872.00 ns, 1.7126 ns/op
OverheadWarmup   5: 524288 op, 886751.00 ns, 1.6913 ns/op
OverheadWarmup   6: 524288 op, 892872.00 ns, 1.7030 ns/op
OverheadWarmup   7: 524288 op, 888955.00 ns, 1.6955 ns/op

OverheadActual   1: 524288 op, 887122.00 ns, 1.6921 ns/op
OverheadActual   2: 524288 op, 876112.00 ns, 1.6711 ns/op
OverheadActual   3: 524288 op, 898714.00 ns, 1.7142 ns/op
OverheadActual   4: 524288 op, 901559.00 ns, 1.7196 ns/op
OverheadActual   5: 524288 op, 901189.00 ns, 1.7189 ns/op
OverheadActual   6: 524288 op, 869369.00 ns, 1.6582 ns/op
OverheadActual   7: 524288 op, 912709.00 ns, 1.7409 ns/op
OverheadActual   8: 524288 op, 868228.00 ns, 1.6560 ns/op
OverheadActual   9: 524288 op, 896860.00 ns, 1.7106 ns/op
OverheadActual  10: 524288 op, 901058.00 ns, 1.7186 ns/op
OverheadActual  11: 524288 op, 866063.00 ns, 1.6519 ns/op
OverheadActual  12: 524288 op, 862676.00 ns, 1.6454 ns/op
OverheadActual  13: 524288 op, 849763.00 ns, 1.6208 ns/op
OverheadActual  14: 524288 op, 863969.00 ns, 1.6479 ns/op
OverheadActual  15: 524288 op, 873868.00 ns, 1.6668 ns/op

WorkloadWarmup   1: 524288 op, 636829422.00 ns, 1.2147 us/op
WorkloadWarmup   2: 524288 op, 644217452.00 ns, 1.2287 us/op
WorkloadWarmup   3: 524288 op, 631879987.00 ns, 1.2052 us/op

// BeforeActualRun
WorkloadActual   1: 524288 op, 645841612.00 ns, 1.2318 us/op
WorkloadActual   2: 524288 op, 632177811.00 ns, 1.2058 us/op
WorkloadActual   3: 524288 op, 634061349.00 ns, 1.2094 us/op

// AfterActualRun
WorkloadResult   1: 524288 op, 644965500.00 ns, 1.2302 us/op
WorkloadResult   2: 524288 op, 631301699.00 ns, 1.2041 us/op
WorkloadResult   3: 524288 op, 633185237.00 ns, 1.2077 us/op
// GC:  11 10 0 192937984 524288
// Threading:  0 0 524288

// AfterAll
// Benchmark Process 3904 has exited with code 0.

Mean = 1.214 μs, StdErr = 0.008 μs (0.67%), N = 3, StdDev = 0.014 μs
Min = 1.204 μs, Q1 = 1.206 μs, Median = 1.208 μs, Q3 = 1.219 μs, Max = 1.230 μs
IQR = 0.013 μs, LowerFence = 1.186 μs, UpperFence = 1.238 μs
ConfidenceInterval = [0.956 μs; 1.472 μs] (CI 99.9%), Margin = 0.258 μs (21.23% of Mean)
Skewness = 0.36, Kurtosis = 0.67, MValue = 2

// ** Remained 6 (50.0 %) benchmark(s) to run. Estimated finish 2026-09-27 20:07 (0h 2m from now) **
// **************************
// Benchmark: DPIAServiceBenchmarks.'Request revision': ShortRun(IterationCount=3, LaunchCount=1, WarmupCount=3)
// *** Execute ***
// Launch: 1 / 1
// Execute: dotnet Encina.Benchmarks-ShortRun-1.dll --anonymousPipes 230 231 --benchmarkName Encina.Benchmarks.Compliance.DPIA.DPIAServiceBenchmarks.RequestRevision --job ShortRun --benchmarkId 6 in /home/runner/work/Encina/Encina/tests/Encina.BenchmarkTests/Encina.Benchmarks/bin/Release/net10.0/Encina.Benchmarks-ShortRun-1/bin/Release/net10.0
// Failed to set up high priority (Permission denied). In order to run benchmarks with high priority, make sure you have the right permissions.
// BeforeAnythingElse

// Benchmark Process Environment Information:
// BenchmarkDotNet v0.15.8
// Runtime=.NET 10.0.12 (10.0.12, 10.0.1226.42308), X64 RyuJIT x86-64-v3
// GC=Concurrent Workstation
// HardwareIntrinsics=AVX2+BMI1+BMI2+F16C+FMA+LZCNT+MOVBE,AVX,SSE3+SSSE3+SSE4.1+SSE4.2+POPCNT,X86Base+SSE+SSE2,AES+PCLMUL VectorSize=256
// Job: ShortRun(IterationCount=3, LaunchCount=1, WarmupCount=3)

OverheadJitting  1: 1 op, 238694.00 ns, 238.6940 us/op
WorkloadJitting  1: 1 op, 8793022.00 ns, 8.7930 ms/op

OverheadJitting  2: 16 op, 229447.00 ns, 14.3404 us/op
WorkloadJitting  2: 16 op, 316990.00 ns, 19.8119 us/op

WorkloadPilot    1: 16 op, 62807.00 ns, 3.9254 us/op
WorkloadPilot    2: 32 op, 59961.00 ns, 1.8738 us/op
WorkloadPilot    3: 64 op, 101970.00 ns, 1.5933 us/op
WorkloadPilot    4: 128 op, 119413.00 ns, 932.9141 ns/op
WorkloadPilot    5: 256 op, 240608.00 ns, 939.8750 ns/op
WorkloadPilot    6: 512 op, 431995.00 ns, 843.7402 ns/op
WorkloadPilot    7: 1024 op, 937786.00 ns, 915.8066 ns/op
WorkloadPilot    8: 2048 op, 1734951.00 ns, 847.1440 ns/op
WorkloadPilot    9: 4096 op, 3680012.00 ns, 898.4404 ns/op
WorkloadPilot   10: 8192 op, 6906951.00 ns, 843.1337 ns/op
WorkloadPilot   11: 16384 op, 13784216.00 ns, 841.3218 ns/op
WorkloadPilot   12: 32768 op, 27643070.00 ns, 843.5995 ns/op
WorkloadPilot   13: 65536 op, 64339766.00 ns, 981.7469 ns/op
WorkloadPilot   14: 131072 op, 141087596.00 ns, 1.0764 us/op
WorkloadPilot   15: 262144 op, 294514009.00 ns, 1.1235 us/op
WorkloadPilot   16: 524288 op, 655059044.00 ns, 1.2494 us/op

OverheadWarmup   1: 524288 op, 881310.00 ns, 1.6810 ns/op
OverheadWarmup   2: 524288 op, 886401.00 ns, 1.6907 ns/op
OverheadWarmup   3: 524288 op, 869128.00 ns, 1.6577 ns/op
OverheadWarmup   4: 524288 op, 889967.00 ns, 1.6975 ns/op
OverheadWarmup   5: 524288 op, 866222.00 ns, 1.6522 ns/op

OverheadActual   1: 524288 op, 881591.00 ns, 1.6815 ns/op
OverheadActual   2: 524288 op, 888665.00 ns, 1.6950 ns/op
OverheadActual   3: 524288 op, 877543.00 ns, 1.6738 ns/op
OverheadActual   4: 524288 op, 892491.00 ns, 1.7023 ns/op
OverheadActual   5: 524288 op, 900406.00 ns, 1.7174 ns/op
OverheadActual   6: 524288 op, 893313.00 ns, 1.7039 ns/op
OverheadActual   7: 524288 op, 900346.00 ns, 1.7173 ns/op
OverheadActual   8: 524288 op, 900396.00 ns, 1.7174 ns/op
OverheadActual   9: 524288 op, 866774.00 ns, 1.6532 ns/op
OverheadActual  10: 524288 op, 868307.00 ns, 1.6562 ns/op
OverheadActual  11: 524288 op, 899284.00 ns, 1.7152 ns/op
OverheadActual  12: 524288 op, 894836.00 ns, 1.7068 ns/op
OverheadActual  13: 524288 op, 902240.00 ns, 1.7209 ns/op
OverheadActual  14: 524288 op, 898482.00 ns, 1.7137 ns/op
OverheadActual  15: 524288 op, 896980.00 ns, 1.7109 ns/op

WorkloadWarmup   1: 524288 op, 628046381.00 ns, 1.1979 us/op
WorkloadWarmup   2: 524288 op, 622362855.00 ns, 1.1871 us/op
WorkloadWarmup   3: 524288 op, 630518654.00 ns, 1.2026 us/op

// BeforeActualRun
WorkloadActual   1: 524288 op, 637989133.00 ns, 1.2169 us/op
WorkloadActual   2: 524288 op, 660115451.00 ns, 1.2591 us/op
WorkloadActual   3: 524288 op, 633864198.00 ns, 1.2090 us/op

// AfterActualRun
WorkloadResult   1: 524288 op, 637094297.00 ns, 1.2152 us/op
WorkloadResult   2: 524288 op, 659220615.00 ns, 1.2574 us/op
WorkloadResult   3: 524288 op, 632969362.00 ns, 1.2073 us/op
// GC:  11 10 0 192937984 524288
// Threading:  0 0 524288

// AfterAll
// Benchmark Process 3916 has exited with code 0.

Mean = 1.227 μs, StdErr = 0.016 μs (1.27%), N = 3, StdDev = 0.027 μs
Min = 1.207 μs, Q1 = 1.211 μs, Median = 1.215 μs, Q3 = 1.236 μs, Max = 1.257 μs
IQR = 0.025 μs, LowerFence = 1.174 μs, UpperFence = 1.274 μs
ConfidenceInterval = [0.735 μs; 1.718 μs] (CI 99.9%), Margin = 0.491 μs (40.05% of Mean)
Skewness = 0.35, Kurtosis = 0.67, MValue = 2

// ** Remained 5 (41.7 %) benchmark(s) to run. Estimated finish 2026-09-27 20:07 (0h 1m from now) **
// **************************
// Benchmark: DPIAServiceBenchmarks.'Expire assessment': ShortRun(IterationCount=3, LaunchCount=1, WarmupCount=3)
// *** Execute ***
// Launch: 1 / 1
// Execute: dotnet Encina.Benchmarks-ShortRun-1.dll --anonymousPipes 230 231 --benchmarkName Encina.Benchmarks.Compliance.DPIA.DPIAServiceBenchmarks.ExpireAssessment --job ShortRun --benchmarkId 7 in /home/runner/work/Encina/Encina/tests/Encina.BenchmarkTests/Encina.Benchmarks/bin/Release/net10.0/Encina.Benchmarks-ShortRun-1/bin/Release/net10.0
// Failed to set up high priority (Permission denied). In order to run benchmarks with high priority, make sure you have the right permissions.
// BeforeAnythingElse

// Benchmark Process Environment Information:
// BenchmarkDotNet v0.15.8
// Runtime=.NET 10.0.12 (10.0.12, 10.0.1226.42308), X64 RyuJIT x86-64-v3
// GC=Concurrent Workstation
// HardwareIntrinsics=AVX2+BMI1+BMI2+F16C+FMA+LZCNT+MOVBE,AVX,SSE3+SSSE3+SSE4.1+SSE4.2+POPCNT,X86Base+SSE+SSE2,AES+PCLMUL VectorSize=256
// Job: ShortRun(IterationCount=3, LaunchCount=1, WarmupCount=3)

OverheadJitting  1: 1 op, 220901.00 ns, 220.9010 us/op
WorkloadJitting  1: 1 op, 9192685.00 ns, 9.1927 ms/op

OverheadJitting  2: 16 op, 208698.00 ns, 13.0436 us/op
WorkloadJitting  2: 16 op, 303786.00 ns, 18.9866 us/op

WorkloadPilot    1: 16 op, 68548.00 ns, 4.2843 us/op
WorkloadPilot    2: 32 op, 40586.00 ns, 1.2683 us/op
WorkloadPilot    3: 64 op, 72234.00 ns, 1.1287 us/op
WorkloadPilot    4: 128 op, 118871.00 ns, 928.6797 ns/op
WorkloadPilot    5: 256 op, 225170.00 ns, 879.5703 ns/op
WorkloadPilot    6: 512 op, 335173.00 ns, 654.6348 ns/op
WorkloadPilot    7: 1024 op, 847338.00 ns, 827.4785 ns/op
WorkloadPilot    8: 2048 op, 1500254.00 ns, 732.5459 ns/op
WorkloadPilot    9: 4096 op, 3175713.00 ns, 775.3206 ns/op
WorkloadPilot   10: 8192 op, 5840424.00 ns, 712.9424 ns/op
WorkloadPilot   11: 16384 op, 11767610.00 ns, 718.2379 ns/op
WorkloadPilot   12: 32768 op, 23277380.00 ns, 710.3693 ns/op
WorkloadPilot   13: 65536 op, 56207293.00 ns, 857.6552 ns/op
WorkloadPilot   14: 131072 op, 123608678.00 ns, 943.0594 ns/op
WorkloadPilot   15: 262144 op, 268181911.00 ns, 1.0230 us/op
WorkloadPilot   16: 524288 op, 552632923.00 ns, 1.0541 us/op

OverheadWarmup   1: 524288 op, 849722.00 ns, 1.6207 ns/op
OverheadWarmup   2: 524288 op, 875701.00 ns, 1.6703 ns/op
OverheadWarmup   3: 524288 op, 881271.00 ns, 1.6809 ns/op
OverheadWarmup   4: 524288 op, 883826.00 ns, 1.6858 ns/op
OverheadWarmup   5: 524288 op, 849742.00 ns, 1.6208 ns/op
OverheadWarmup   6: 524288 op, 882453.00 ns, 1.6831 ns/op
OverheadWarmup   7: 524288 op, 882053.00 ns, 1.6824 ns/op

OverheadActual   1: 524288 op, 850533.00 ns, 1.6223 ns/op
OverheadActual   2: 524288 op, 870891.00 ns, 1.6611 ns/op
OverheadActual   3: 524288 op, 864409.00 ns, 1.6487 ns/op
OverheadActual   4: 524288 op, 864690.00 ns, 1.6493 ns/op
OverheadActual   5: 524288 op, 849602.00 ns, 1.6205 ns/op
OverheadActual   6: 524288 op, 849592.00 ns, 1.6205 ns/op
OverheadActual   7: 524288 op, 882763.00 ns, 1.6837 ns/op
OverheadActual   8: 524288 op, 862986.00 ns, 1.6460 ns/op
OverheadActual   9: 524288 op, 862446.00 ns, 1.6450 ns/op
OverheadActual  10: 524288 op, 862466.00 ns, 1.6450 ns/op
OverheadActual  11: 524288 op, 863517.00 ns, 1.6470 ns/op
OverheadActual  12: 524288 op, 874027.00 ns, 1.6671 ns/op
OverheadActual  13: 524288 op, 863498.00 ns, 1.6470 ns/op
OverheadActual  14: 524288 op, 849992.00 ns, 1.6212 ns/op
OverheadActual  15: 524288 op, 867545.00 ns, 1.6547 ns/op

WorkloadWarmup   1: 524288 op, 562899192.00 ns, 1.0736 us/op
WorkloadWarmup   2: 524288 op, 535719181.00 ns, 1.0218 us/op
WorkloadWarmup   3: 524288 op, 532077458.00 ns, 1.0149 us/op

// BeforeActualRun
WorkloadActual   1: 524288 op, 555585745.00 ns, 1.0597 us/op
WorkloadActual   2: 524288 op, 532343843.00 ns, 1.0154 us/op
WorkloadActual   3: 524288 op, 537052170.00 ns, 1.0243 us/op

// AfterActualRun
WorkloadResult   1: 524288 op, 554722247.00 ns, 1.0580 us/op
WorkloadResult   2: 524288 op, 531480345.00 ns, 1.0137 us/op
WorkloadResult   3: 524288 op, 536188672.00 ns, 1.0227 us/op
// GC:  11 10 0 184549376 524288
// Threading:  0 0 524288

// AfterAll
// Benchmark Process 3932 has exited with code 0.

Mean = 1.031 μs, StdErr = 0.014 μs (1.31%), N = 3, StdDev = 0.023 μs
Min = 1.014 μs, Q1 = 1.018 μs, Median = 1.023 μs, Q3 = 1.040 μs, Max = 1.058 μs
IQR = 0.022 μs, LowerFence = 0.985 μs, UpperFence = 1.074 μs
ConfidenceInterval = [0.604 μs; 1.459 μs] (CI 99.9%), Margin = 0.428 μs (41.45% of Mean)
Skewness = 0.32, Kurtosis = 0.67, MValue = 2

// ** Remained 4 (33.3 %) benchmark(s) to run. Estimated finish 2026-09-27 20:07 (0h 1m from now) **
// **************************
// Benchmark: DPIAServiceBenchmarks.'Get assessment by ID (cached)': ShortRun(IterationCount=3, LaunchCount=1, WarmupCount=3)
// *** Execute ***
// Launch: 1 / 1
// Execute: dotnet Encina.Benchmarks-ShortRun-1.dll --anonymousPipes 230 231 --benchmarkName Encina.Benchmarks.Compliance.DPIA.DPIAServiceBenchmarks.GetAssessmentById --job ShortRun --benchmarkId 8 in /home/runner/work/Encina/Encina/tests/Encina.BenchmarkTests/Encina.Benchmarks/bin/Release/net10.0/Encina.Benchmarks-ShortRun-1/bin/Release/net10.0
// Failed to set up high priority (Permission denied). In order to run benchmarks with high priority, make sure you have the right permissions.
// BeforeAnythingElse

// Benchmark Process Environment Information:
// BenchmarkDotNet v0.15.8
// Runtime=.NET 10.0.12 (10.0.12, 10.0.1226.42308), X64 RyuJIT x86-64-v3
// GC=Concurrent Workstation
// HardwareIntrinsics=AVX2+BMI1+BMI2+F16C+FMA+LZCNT+MOVBE,AVX,SSE3+SSSE3+SSE4.1+SSE4.2+POPCNT,X86Base+SSE+SSE2,AES+PCLMUL VectorSize=256
// Job: ShortRun(IterationCount=3, LaunchCount=1, WarmupCount=3)

OverheadJitting  1: 1 op, 222554.00 ns, 222.5540 us/op
WorkloadJitting  1: 1 op, 8673979.00 ns, 8.6740 ms/op

OverheadJitting  2: 16 op, 483480.00 ns, 30.2175 us/op
WorkloadJitting  2: 16 op, 531880.00 ns, 33.2425 us/op

WorkloadPilot    1: 16 op, 66243.00 ns, 4.1402 us/op
WorkloadPilot    2: 32 op, 40155.00 ns, 1.2548 us/op
WorkloadPilot    3: 64 op, 75501.00 ns, 1.1797 us/op
WorkloadPilot    4: 128 op, 113642.00 ns, 887.8281 ns/op
WorkloadPilot    5: 256 op, 236099.00 ns, 922.2617 ns/op
WorkloadPilot    6: 512 op, 429981.00 ns, 839.8066 ns/op
WorkloadPilot    7: 1024 op, 864088.00 ns, 843.8359 ns/op
WorkloadPilot    8: 2048 op, 1573679.00 ns, 768.3979 ns/op
WorkloadPilot    9: 4096 op, 3207682.00 ns, 783.1255 ns/op
WorkloadPilot   10: 8192 op, 6666892.00 ns, 813.8296 ns/op
WorkloadPilot   11: 16384 op, 13424895.00 ns, 819.3906 ns/op
WorkloadPilot   12: 32768 op, 26297250.00 ns, 802.5284 ns/op
WorkloadPilot   13: 65536 op, 56305050.00 ns, 859.1469 ns/op
WorkloadPilot   14: 131072 op, 139078318.00 ns, 1.0611 us/op
WorkloadPilot   15: 262144 op, 279825502.00 ns, 1.0674 us/op
WorkloadPilot   16: 524288 op, 600966062.00 ns, 1.1463 us/op

OverheadWarmup   1: 524288 op, 1723369.00 ns, 3.2871 ns/op
OverheadWarmup   2: 524288 op, 1718680.00 ns, 3.2781 ns/op
OverheadWarmup   3: 524288 op, 1724852.00 ns, 3.2899 ns/op
OverheadWarmup   4: 524288 op, 1723630.00 ns, 3.2876 ns/op
OverheadWarmup   5: 524288 op, 1722908.00 ns, 3.2862 ns/op
OverheadWarmup   6: 524288 op, 1711547.00 ns, 3.2645 ns/op
OverheadWarmup   7: 524288 op, 1724361.00 ns, 3.2890 ns/op
OverheadWarmup   8: 524288 op, 1723609.00 ns, 3.2875 ns/op

OverheadActual   1: 524288 op, 1738878.00 ns, 3.3166 ns/op
OverheadActual   2: 524288 op, 1737996.00 ns, 3.3150 ns/op
OverheadActual   3: 524288 op, 1732105.00 ns, 3.3037 ns/op
OverheadActual   4: 524288 op, 1738688.00 ns, 3.3163 ns/op
OverheadActual   5: 524288 op, 1738407.00 ns, 3.3157 ns/op
OverheadActual   6: 524288 op, 1710915.00 ns, 3.2633 ns/op
OverheadActual   7: 524288 op, 1792016.00 ns, 3.4180 ns/op
OverheadActual   8: 524288 op, 1737925.00 ns, 3.3148 ns/op
OverheadActual   9: 524288 op, 1725973.00 ns, 3.2920 ns/op
OverheadActual  10: 524288 op, 1726674.00 ns, 3.2934 ns/op
OverheadActual  11: 524288 op, 1724380.00 ns, 3.2890 ns/op
OverheadActual  12: 524288 op, 1727967.00 ns, 3.2958 ns/op
OverheadActual  13: 524288 op, 1729410.00 ns, 3.2986 ns/op
OverheadActual  14: 524288 op, 1710084.00 ns, 3.2617 ns/op
OverheadActual  15: 524288 op, 1722848.00 ns, 3.2861 ns/op

WorkloadWarmup   1: 524288 op, 608652149.00 ns, 1.1609 us/op
WorkloadWarmup   2: 524288 op, 604547656.00 ns, 1.1531 us/op
WorkloadWarmup   3: 524288 op, 601718088.00 ns, 1.1477 us/op

// BeforeActualRun
WorkloadActual   1: 524288 op, 581453310.00 ns, 1.1090 us/op
WorkloadActual   2: 524288 op, 609732880.00 ns, 1.1630 us/op
WorkloadActual   3: 524288 op, 620888875.00 ns, 1.1843 us/op

// AfterActualRun
WorkloadResult   1: 524288 op, 579723900.00 ns, 1.1057 us/op
WorkloadResult   2: 524288 op, 608003470.00 ns, 1.1597 us/op
WorkloadResult   3: 524288 op, 619159465.00 ns, 1.1810 us/op
// GC:  13 12 0 222298112 524288
// Threading:  0 0 524288

// AfterAll
// Benchmark Process 3943 has exited with code 0.

Mean = 1.149 μs, StdErr = 0.022 μs (1.95%), N = 3, StdDev = 0.039 μs
Min = 1.106 μs, Q1 = 1.133 μs, Median = 1.160 μs, Q3 = 1.170 μs, Max = 1.181 μs
IQR = 0.038 μs, LowerFence = 1.076 μs, UpperFence = 1.227 μs
ConfidenceInterval = [0.441 μs; 1.856 μs] (CI 99.9%), Margin = 0.707 μs (61.57% of Mean)
Skewness = -0.26, Kurtosis = 0.67, MValue = 2

// ** Remained 3 (25.0 %) benchmark(s) to run. Estimated finish 2026-09-27 20:07 (0h 1m from now) **
// **************************
// Benchmark: DPIAServiceBenchmarks.'Get assessment by request type (pipeline hot-path)': ShortRun(IterationCount=3, LaunchCount=1, WarmupCount=3)
// *** Execute ***
// Launch: 1 / 1
// Execute: dotnet Encina.Benchmarks-ShortRun-1.dll --anonymousPipes 230 231 --benchmarkName Encina.Benchmarks.Compliance.DPIA.DPIAServiceBenchmarks.GetAssessmentByRequestType --job ShortRun --benchmarkId 9 in /home/runner/work/Encina/Encina/tests/Encina.BenchmarkTests/Encina.Benchmarks/bin/Release/net10.0/Encina.Benchmarks-ShortRun-1/bin/Release/net10.0
// Failed to set up high priority (Permission denied). In order to run benchmarks with high priority, make sure you have the right permissions.
// BeforeAnythingElse

// Benchmark Process Environment Information:
// BenchmarkDotNet v0.15.8
// Runtime=.NET 10.0.12 (10.0.12, 10.0.1226.42308), X64 RyuJIT x86-64-v3
// GC=Concurrent Workstation
// HardwareIntrinsics=AVX2+BMI1+BMI2+F16C+FMA+LZCNT+MOVBE,AVX,SSE3+SSSE3+SSE4.1+SSE4.2+POPCNT,X86Base+SSE+SSE2,AES+PCLMUL VectorSize=256
// Job: ShortRun(IterationCount=3, LaunchCount=1, WarmupCount=3)

OverheadJitting  1: 1 op, 224898.00 ns, 224.8980 us/op
WorkloadJitting  1: 1 op, 8580832.00 ns, 8.5808 ms/op

OverheadJitting  2: 16 op, 457782.00 ns, 28.6114 us/op
WorkloadJitting  2: 16 op, 553570.00 ns, 34.5981 us/op

WorkloadPilot    1: 16 op, 87663.00 ns, 5.4789 us/op
WorkloadPilot    2: 32 op, 37961.00 ns, 1.1863 us/op
WorkloadPilot    3: 64 op, 74358.00 ns, 1.1618 us/op
WorkloadPilot    4: 128 op, 105326.00 ns, 822.8594 ns/op
WorkloadPilot    5: 256 op, 200794.00 ns, 784.3516 ns/op
WorkloadPilot    6: 512 op, 406687.00 ns, 794.3105 ns/op
WorkloadPilot    7: 1024 op, 784809.00 ns, 766.4150 ns/op
WorkloadPilot    8: 2048 op, 1390887.00 ns, 679.1440 ns/op
WorkloadPilot    9: 4096 op, 2755014.00 ns, 672.6108 ns/op
WorkloadPilot   10: 8192 op, 5460838.00 ns, 666.6062 ns/op
WorkloadPilot   11: 16384 op, 11093445.00 ns, 677.0901 ns/op
WorkloadPilot   12: 32768 op, 22423067.00 ns, 684.2977 ns/op
WorkloadPilot   13: 65536 op, 50420171.00 ns, 769.3508 ns/op
WorkloadPilot   14: 131072 op, 127399546.00 ns, 971.9814 ns/op
WorkloadPilot   15: 262144 op, 246640851.00 ns, 940.8602 ns/op
WorkloadPilot   16: 524288 op, 528268079.00 ns, 1.0076 us/op

OverheadWarmup   1: 524288 op, 1789431.00 ns, 3.4131 ns/op
OverheadWarmup   2: 524288 op, 1741121.00 ns, 3.3209 ns/op
OverheadWarmup   3: 524288 op, 1735952.00 ns, 3.3111 ns/op
OverheadWarmup   4: 524288 op, 1740360.00 ns, 3.3195 ns/op
OverheadWarmup   5: 524288 op, 1739639.00 ns, 3.3181 ns/op
OverheadWarmup   6: 524288 op, 1741011.00 ns, 3.3207 ns/op
OverheadWarmup   7: 524288 op, 1741282.00 ns, 3.3212 ns/op
OverheadWarmup   8: 524288 op, 1740711.00 ns, 3.3201 ns/op

OverheadActual   1: 524288 op, 1759987.00 ns, 3.3569 ns/op
OverheadActual   2: 524288 op, 1747022.00 ns, 3.3322 ns/op
OverheadActual   3: 524288 op, 1730431.00 ns, 3.3005 ns/op
OverheadActual   4: 524288 op, 1734229.00 ns, 3.3078 ns/op
OverheadActual   5: 524288 op, 1753544.00 ns, 3.3446 ns/op
OverheadActual   6: 524288 op, 1734338.00 ns, 3.3080 ns/op
OverheadActual   7: 524288 op, 1745089.00 ns, 3.3285 ns/op
OverheadActual   8: 524288 op, 1744318.00 ns, 3.3270 ns/op
OverheadActual   9: 524288 op, 1740961.00 ns, 3.3206 ns/op
OverheadActual  10: 524288 op, 1742715.00 ns, 3.3240 ns/op
OverheadActual  11: 524288 op, 1739859.00 ns, 3.3185 ns/op
OverheadActual  12: 524288 op, 1731613.00 ns, 3.3028 ns/op
OverheadActual  13: 524288 op, 1732636.00 ns, 3.3047 ns/op
OverheadActual  14: 524288 op, 1746992.00 ns, 3.3321 ns/op
OverheadActual  15: 524288 op, 1743746.00 ns, 3.3259 ns/op

WorkloadWarmup   1: 524288 op, 526079532.00 ns, 1.0034 us/op
WorkloadWarmup   2: 524288 op, 519670952.00 ns, 991.1937 ns/op
WorkloadWarmup   3: 524288 op, 513771911.00 ns, 979.9422 ns/op

// BeforeActualRun
WorkloadActual   1: 524288 op, 502575206.00 ns, 958.5861 ns/op
WorkloadActual   2: 524288 op, 494679388.00 ns, 943.5261 ns/op
WorkloadActual   3: 524288 op, 485086746.00 ns, 925.2295 ns/op

// AfterActualRun
WorkloadResult   1: 524288 op, 500832491.00 ns, 955.2622 ns/op
WorkloadResult   2: 524288 op, 492936673.00 ns, 940.2021 ns/op
WorkloadResult   3: 524288 op, 483344031.00 ns, 921.9056 ns/op
// GC:  12 11 0 205520896 524288
// Threading:  0 0 524288

// AfterAll
// Benchmark Process 3956 has exited with code 0.

Mean = 939.123 ns, StdErr = 9.644 ns (1.03%), N = 3, StdDev = 16.704 ns
Min = 921.906 ns, Q1 = 931.054 ns, Median = 940.202 ns, Q3 = 947.732 ns, Max = 955.262 ns
IQR = 16.678 ns, LowerFence = 906.036 ns, UpperFence = 972.750 ns
ConfidenceInterval = [634.372 ns; 1,243.874 ns] (CI 99.9%), Margin = 304.751 ns (32.45% of Mean)
Skewness = -0.06, Kurtosis = 0.67, MValue = 2

// ** Remained 2 (16.7 %) benchmark(s) to run. Estimated finish 2026-09-27 20:07 (0h 0m from now) **
// **************************
// Benchmark: DPIAServiceBenchmarks.'Get expired assessments': ShortRun(IterationCount=3, LaunchCount=1, WarmupCount=3)
// *** Execute ***
// Launch: 1 / 1
// Execute: dotnet Encina.Benchmarks-ShortRun-1.dll --anonymousPipes 230 231 --benchmarkName Encina.Benchmarks.Compliance.DPIA.DPIAServiceBenchmarks.GetExpiredAssessments --job ShortRun --benchmarkId 10 in /home/runner/work/Encina/Encina/tests/Encina.BenchmarkTests/Encina.Benchmarks/bin/Release/net10.0/Encina.Benchmarks-ShortRun-1/bin/Release/net10.0
// Failed to set up high priority (Permission denied). In order to run benchmarks with high priority, make sure you have the right permissions.
// BeforeAnythingElse

// Benchmark Process Environment Information:
// BenchmarkDotNet v0.15.8
// Runtime=.NET 10.0.12 (10.0.12, 10.0.1226.42308), X64 RyuJIT x86-64-v3
// GC=Concurrent Workstation
// HardwareIntrinsics=AVX2+BMI1+BMI2+F16C+FMA+LZCNT+MOVBE,AVX,SSE3+SSSE3+SSE4.1+SSE4.2+POPCNT,X86Base+SSE+SSE2,AES+PCLMUL VectorSize=256
// Job: ShortRun(IterationCount=3, LaunchCount=1, WarmupCount=3)

OverheadJitting  1: 1 op, 224768.00 ns, 224.7680 us/op
WorkloadJitting  1: 1 op, 8519414.00 ns, 8.5194 ms/op

OverheadJitting  2: 16 op, 506573.00 ns, 31.6608 us/op
WorkloadJitting  2: 16 op, 572786.00 ns, 35.7991 us/op

WorkloadPilot    1: 16 op, 61174.00 ns, 3.8234 us/op
WorkloadPilot    2: 32 op, 38532.00 ns, 1.2041 us/op
WorkloadPilot    3: 64 op, 64470.00 ns, 1.0073 us/op
WorkloadPilot    4: 128 op, 119653.00 ns, 934.7891 ns/op
WorkloadPilot    5: 256 op, 185264.00 ns, 723.6875 ns/op
WorkloadPilot    6: 512 op, 349089.00 ns, 681.8145 ns/op
WorkloadPilot    7: 1024 op, 679294.00 ns, 663.3730 ns/op
WorkloadPilot    8: 2048 op, 1248483.00 ns, 609.6108 ns/op
WorkloadPilot    9: 4096 op, 2572868.00 ns, 628.1416 ns/op
WorkloadPilot   10: 8192 op, 5075285.00 ns, 619.5416 ns/op
WorkloadPilot   11: 16384 op, 10181519.00 ns, 621.4306 ns/op
WorkloadPilot   12: 32768 op, 20173703.00 ns, 615.6526 ns/op
WorkloadPilot   13: 65536 op, 46191501.00 ns, 704.8264 ns/op
WorkloadPilot   14: 131072 op, 112483429.00 ns, 858.1805 ns/op
WorkloadPilot   15: 262144 op, 224360560.00 ns, 855.8676 ns/op
WorkloadPilot   16: 524288 op, 460314967.00 ns, 877.9811 ns/op
WorkloadPilot   17: 1048576 op, 1027650445.00 ns, 980.0438 ns/op

OverheadWarmup   1: 1048576 op, 3495567.00 ns, 3.3336 ns/op
OverheadWarmup   2: 1048576 op, 3477594.00 ns, 3.3165 ns/op
OverheadWarmup   3: 1048576 op, 3481982.00 ns, 3.3207 ns/op
OverheadWarmup   4: 1048576 op, 3484557.00 ns, 3.3231 ns/op
OverheadWarmup   5: 1048576 op, 3499915.00 ns, 3.3378 ns/op
OverheadWarmup   6: 1048576 op, 3525323.00 ns, 3.3620 ns/op
OverheadWarmup   7: 1048576 op, 3508682.00 ns, 3.3461 ns/op
OverheadWarmup   8: 1048576 op, 3507720.00 ns, 3.3452 ns/op
OverheadWarmup   9: 1048576 op, 3515275.00 ns, 3.3524 ns/op
OverheadWarmup  10: 1048576 op, 3478747.00 ns, 3.3176 ns/op

OverheadActual   1: 1048576 op, 3504905.00 ns, 3.3425 ns/op
OverheadActual   2: 1048576 op, 3486911.00 ns, 3.3254 ns/op
OverheadActual   3: 1048576 op, 3499214.00 ns, 3.3371 ns/op
OverheadActual   4: 1048576 op, 3465892.00 ns, 3.3053 ns/op
OverheadActual   5: 1048576 op, 3478565.00 ns, 3.3174 ns/op
OverheadActual   6: 1048576 op, 3491650.00 ns, 3.3299 ns/op
OverheadActual   7: 1048576 op, 3486461.00 ns, 3.3249 ns/op
OverheadActual   8: 1048576 op, 3497091.00 ns, 3.3351 ns/op
OverheadActual   9: 1048576 op, 3529531.00 ns, 3.3660 ns/op
OverheadActual  10: 1048576 op, 3466614.00 ns, 3.3060 ns/op
OverheadActual  11: 1048576 op, 3499905.00 ns, 3.3378 ns/op
OverheadActual  12: 1048576 op, 3501840.00 ns, 3.3396 ns/op
OverheadActual  13: 1048576 op, 3508351.00 ns, 3.3458 ns/op
OverheadActual  14: 1048576 op, 3496429.00 ns, 3.3345 ns/op
OverheadActual  15: 1048576 op, 3519422.00 ns, 3.3564 ns/op

WorkloadWarmup   1: 1048576 op, 930728823.00 ns, 887.6122 ns/op
WorkloadWarmup   2: 1048576 op, 940685660.00 ns, 897.1078 ns/op
WorkloadWarmup   3: 1048576 op, 925774242.00 ns, 882.8871 ns/op

// BeforeActualRun
WorkloadActual   1: 1048576 op, 931063347.00 ns, 887.9312 ns/op
WorkloadActual   2: 1048576 op, 982297140.00 ns, 936.7916 ns/op
WorkloadActual   3: 1048576 op, 948406406.00 ns, 904.4708 ns/op

// AfterActualRun
WorkloadResult   1: 1048576 op, 927566256.00 ns, 884.5961 ns/op
WorkloadResult   2: 1048576 op, 978800049.00 ns, 933.4565 ns/op
WorkloadResult   3: 1048576 op, 944909315.00 ns, 901.1357 ns/op
// GC:  24 23 0 419430656 1048576
// Threading:  0 0 1048576

// AfterAll
// Benchmark Process 3964 has exited with code 0.

Mean = 906.396 ns, StdErr = 14.348 ns (1.58%), N = 3, StdDev = 24.851 ns
Min = 884.596 ns, Q1 = 892.866 ns, Median = 901.136 ns, Q3 = 917.296 ns, Max = 933.456 ns
IQR = 24.430 ns, LowerFence = 856.221 ns, UpperFence = 953.941 ns
ConfidenceInterval = [453.016 ns; 1,359.776 ns] (CI 99.9%), Margin = 453.380 ns (50.02% of Mean)
Skewness = 0.2, Kurtosis = 0.67, MValue = 2

// ** Remained 1 (8.3 %) benchmark(s) to run. Estimated finish 2026-09-27 20:07 (0h 0m from now) **
// **************************
// Benchmark: DPIAServiceBenchmarks.'Get all assessments': ShortRun(IterationCount=3, LaunchCount=1, WarmupCount=3)
// *** Execute ***
// Launch: 1 / 1
// Execute: dotnet Encina.Benchmarks-ShortRun-1.dll --anonymousPipes 230 231 --benchmarkName Encina.Benchmarks.Compliance.DPIA.DPIAServiceBenchmarks.GetAllAssessments --job ShortRun --benchmarkId 11 in /home/runner/work/Encina/Encina/tests/Encina.BenchmarkTests/Encina.Benchmarks/bin/Release/net10.0/Encina.Benchmarks-ShortRun-1/bin/Release/net10.0
// Failed to set up high priority (Permission denied). In order to run benchmarks with high priority, make sure you have the right permissions.
// BeforeAnythingElse

// Benchmark Process Environment Information:
// BenchmarkDotNet v0.15.8
// Runtime=.NET 10.0.12 (10.0.12, 10.0.1226.42308), X64 RyuJIT x86-64-v3
// GC=Concurrent Workstation
// HardwareIntrinsics=AVX2+BMI1+BMI2+F16C+FMA+LZCNT+MOVBE,AVX,SSE3+SSSE3+SSE4.1+SSE4.2+POPCNT,X86Base+SSE+SSE2,AES+PCLMUL VectorSize=256
// Job: ShortRun(IterationCount=3, LaunchCount=1, WarmupCount=3)

OverheadJitting  1: 1 op, 224177.00 ns, 224.1770 us/op
WorkloadJitting  1: 1 op, 8463476.00 ns, 8.4635 ms/op

OverheadJitting  2: 16 op, 505861.00 ns, 31.6163 us/op
WorkloadJitting  2: 16 op, 576883.00 ns, 36.0552 us/op

WorkloadPilot    1: 16 op, 82504.00 ns, 5.1565 us/op
WorkloadPilot    2: 32 op, 35506.00 ns, 1.1096 us/op
WorkloadPilot    3: 64 op, 58790.00 ns, 918.5938 ns/op
WorkloadPilot    4: 128 op, 93063.00 ns, 727.0547 ns/op
WorkloadPilot    5: 256 op, 172130.00 ns, 672.3828 ns/op
WorkloadPilot    6: 512 op, 354219.00 ns, 691.8340 ns/op
WorkloadPilot    7: 1024 op, 659827.00 ns, 644.3623 ns/op
WorkloadPilot    8: 2048 op, 1199582.00 ns, 585.7334 ns/op
WorkloadPilot    9: 4096 op, 2366793.00 ns, 577.8303 ns/op
WorkloadPilot   10: 8192 op, 4676830.00 ns, 570.9021 ns/op
WorkloadPilot   11: 16384 op, 9437448.00 ns, 576.0161 ns/op
WorkloadPilot   12: 32768 op, 18695482.00 ns, 570.5408 ns/op
WorkloadPilot   13: 65536 op, 43417114.00 ns, 662.4926 ns/op
WorkloadPilot   14: 131072 op, 108442218.00 ns, 827.3485 ns/op
WorkloadPilot   15: 262144 op, 214978189.00 ns, 820.0767 ns/op
WorkloadPilot   16: 524288 op, 435272009.00 ns, 830.2155 ns/op
WorkloadPilot   17: 1048576 op, 1016020361.00 ns, 968.9525 ns/op

OverheadWarmup   1: 1048576 op, 3489888.00 ns, 3.3282 ns/op
OverheadWarmup   2: 1048576 op, 3642170.00 ns, 3.4734 ns/op
OverheadWarmup   3: 1048576 op, 3589354.00 ns, 3.4231 ns/op
OverheadWarmup   4: 1048576 op, 3502903.00 ns, 3.3406 ns/op
OverheadWarmup   5: 1048576 op, 3543990.00 ns, 3.3798 ns/op
OverheadWarmup   6: 1048576 op, 3507663.00 ns, 3.3452 ns/op

OverheadActual   1: 1048576 op, 3509196.00 ns, 3.3466 ns/op
OverheadActual   2: 1048576 op, 3513905.00 ns, 3.3511 ns/op
OverheadActual   3: 1048576 op, 3511109.00 ns, 3.3485 ns/op
OverheadActual   4: 1048576 op, 3518042.00 ns, 3.3551 ns/op
OverheadActual   5: 1048576 op, 3506371.00 ns, 3.3439 ns/op
OverheadActual   6: 1048576 op, 3525245.00 ns, 3.3619 ns/op
OverheadActual   7: 1048576 op, 3501601.00 ns, 3.3394 ns/op
OverheadActual   8: 1048576 op, 3478778.00 ns, 3.3176 ns/op
OverheadActual   9: 1048576 op, 3478278.00 ns, 3.3171 ns/op
OverheadActual  10: 1048576 op, 3479978.00 ns, 3.3188 ns/op
OverheadActual  11: 1048576 op, 3488475.00 ns, 3.3269 ns/op
OverheadActual  12: 1048576 op, 3482052.00 ns, 3.3207 ns/op
OverheadActual  13: 1048576 op, 3480712.00 ns, 3.3195 ns/op
OverheadActual  14: 1048576 op, 3573535.00 ns, 3.4080 ns/op
OverheadActual  15: 1048576 op, 3469461.00 ns, 3.3087 ns/op

WorkloadWarmup   1: 1048576 op, 866126447.00 ns, 826.0025 ns/op
WorkloadWarmup   2: 1048576 op, 864932717.00 ns, 824.8641 ns/op
WorkloadWarmup   3: 1048576 op, 850314177.00 ns, 810.9228 ns/op

// BeforeActualRun
WorkloadActual   1: 1048576 op, 864692414.00 ns, 824.6349 ns/op
WorkloadActual   2: 1048576 op, 869106279.00 ns, 828.8443 ns/op
WorkloadActual   3: 1048576 op, 844340187.00 ns, 805.2256 ns/op

// AfterActualRun
WorkloadResult   1: 1048576 op, 861190813.00 ns, 821.2956 ns/op
WorkloadResult   2: 1048576 op, 865604678.00 ns, 825.5049 ns/op
WorkloadResult   3: 1048576 op, 840838586.00 ns, 801.8862 ns/op
// GC:  24 23 0 419430656 1048576
// Threading:  0 0 1048576

// AfterAll
// Benchmark Process 3977 has exited with code 0.

Mean = 816.229 ns, StdErr = 7.274 ns (0.89%), N = 3, StdDev = 12.598 ns
Min = 801.886 ns, Q1 = 811.591 ns, Median = 821.296 ns, Q3 = 823.400 ns, Max = 825.505 ns
IQR = 11.809 ns, LowerFence = 793.877 ns, UpperFence = 841.114 ns
ConfidenceInterval = [586.390 ns; 1,046.067 ns] (CI 99.9%), Margin = 229.838 ns (28.16% of Mean)
Skewness = -0.34, Kurtosis = 0.67, MValue = 2

// ** Remained 0 (0.0 %) benchmark(s) to run. Estimated finish 2026-09-27 20:07 (0h 0m from now) **
// ***** BenchmarkRunner: Finish  *****

// * Export *
  artifacts/performance/Core/results/Encina.Benchmarks.Compliance.DPIA.DPIAServiceBenchmarks-report.csv
  artifacts/performance/Core/results/Encina.Benchmarks.Compliance.DPIA.DPIAServiceBenchmarks-report-github.md
  artifacts/performance/Core/results/Encina.Benchmarks.Compliance.DPIA.DPIAServiceBenchmarks-report.html
  artifacts/performance/Core/results/Encina.Benchmarks.Compliance.DPIA.DPIAServiceBenchmarks-report-full-compressed.json

// * Detailed results *
DPIAServiceBenchmarks.'Create assessment (fast path)': ShortRun(IterationCount=3, LaunchCount=1, WarmupCount=3)
Runtime = .NET 10.0.12 (10.0.12, 10.0.1226.42308), X64 RyuJIT x86-64-v3; GC = Concurrent Workstation
Mean = 1.458 μs, StdErr = 0.008 μs (0.54%), N = 3, StdDev = 0.014 μs
Min = 1.442 μs, Q1 = 1.453 μs, Median = 1.463 μs, Q3 = 1.466 μs, Max = 1.468 μs
IQR = 0.013 μs, LowerFence = 1.433 μs, UpperFence = 1.485 μs
ConfidenceInterval = [1.207 μs; 1.708 μs] (CI 99.9%), Margin = 0.250 μs (17.17% of Mean)
Skewness = -0.34, Kurtosis = 0.67, MValue = 2
-------------------- Histogram --------------------
[1.430 μs ; 1.480 μs) | @@@
---------------------------------------------------

DPIAServiceBenchmarks.'Evaluate assessment (risk engine)': ShortRun(IterationCount=3, LaunchCount=1, WarmupCount=3)
Runtime = .NET 10.0.12 (10.0.12, 10.0.1226.42308), X64 RyuJIT x86-64-v3; GC = Concurrent Workstation
Mean = 1.352 μs, StdErr = 0.008 μs (0.57%), N = 3, StdDev = 0.013 μs
Min = 1.343 μs, Q1 = 1.344 μs, Median = 1.344 μs, Q3 = 1.356 μs, Max = 1.367 μs
IQR = 0.012 μs, LowerFence = 1.326 μs, UpperFence = 1.374 μs
ConfidenceInterval = [1.107 μs; 1.597 μs] (CI 99.9%), Margin = 0.245 μs (18.13% of Mean)
Skewness = 0.38, Kurtosis = 0.67, MValue = 2
-------------------- Histogram --------------------
[1.343 μs ; 1.368 μs) | @@@
---------------------------------------------------

DPIAServiceBenchmarks.'RequiresDPIA check (pipeline hot-path)': ShortRun(IterationCount=3, LaunchCount=1, WarmupCount=3)
Runtime = .NET 10.0.12 (10.0.12, 10.0.1226.42308), X64 RyuJIT x86-64-v3; GC = Concurrent Workstation
Mean = 921.635 ns, StdErr = 6.367 ns (0.69%), N = 3, StdDev = 11.028 ns
Min = 911.128 ns, Q1 = 915.893 ns, Median = 920.658 ns, Q3 = 926.889 ns, Max = 933.120 ns
IQR = 10.996 ns, LowerFence = 899.400 ns, UpperFence = 943.383 ns
ConfidenceInterval = [720.440 ns; 1,122.831 ns] (CI 99.9%), Margin = 201.196 ns (21.83% of Mean)
Skewness = 0.09, Kurtosis = 0.67, MValue = 2
-------------------- Histogram --------------------
[905.857 ns ; 943.156 ns) | @@@
---------------------------------------------------

DPIAServiceBenchmarks.'Request DPO consultation': ShortRun(IterationCount=3, LaunchCount=1, WarmupCount=3)
Runtime = .NET 10.0.12 (10.0.12, 10.0.1226.42308), X64 RyuJIT x86-64-v3; GC = Concurrent Workstation
Mean = 1.263 μs, StdErr = 0.021 μs (1.63%), N = 3, StdDev = 0.036 μs
Min = 1.238 μs, Q1 = 1.243 μs, Median = 1.247 μs, Q3 = 1.276 μs, Max = 1.304 μs
IQR = 0.033 μs, LowerFence = 1.194 μs, UpperFence = 1.325 μs
ConfidenceInterval = [0.614 μs; 1.912 μs] (CI 99.9%), Margin = 0.649 μs (51.38% of Mean)
Skewness = 0.36, Kurtosis = 0.67, MValue = 2
-------------------- Histogram --------------------
[1.206 μs ; 1.275 μs) | @@
[1.275 μs ; 1.336 μs) | @
---------------------------------------------------

DPIAServiceBenchmarks.'Approve assessment': ShortRun(IterationCount=3, LaunchCount=1, WarmupCount=3)
Runtime = .NET 10.0.12 (10.0.12, 10.0.1226.42308), X64 RyuJIT x86-64-v3; GC = Concurrent Workstation
Mean = 2.302 μs, StdErr = 0.007 μs (0.31%), N = 3, StdDev = 0.012 μs
Min = 2.288 μs, Q1 = 2.296 μs, Median = 2.303 μs, Q3 = 2.308 μs, Max = 2.313 μs
IQR = 0.012 μs, LowerFence = 2.277 μs, UpperFence = 2.327 μs
ConfidenceInterval = [2.076 μs; 2.527 μs] (CI 99.9%), Margin = 0.226 μs (9.82% of Mean)
Skewness = -0.14, Kurtosis = 0.67, MValue = 2
-------------------- Histogram --------------------
[2.285 μs ; 2.324 μs) | @@@
---------------------------------------------------

DPIAServiceBenchmarks.'Reject assessment': ShortRun(IterationCount=3, LaunchCount=1, WarmupCount=3)
Runtime = .NET 10.0.12 (10.0.12, 10.0.1226.42308), X64 RyuJIT x86-64-v3; GC = Concurrent Workstation
Mean = 1.214 μs, StdErr = 0.008 μs (0.67%), N = 3, StdDev = 0.014 μs
Min = 1.204 μs, Q1 = 1.206 μs, Median = 1.208 μs, Q3 = 1.219 μs, Max = 1.230 μs
IQR = 0.013 μs, LowerFence = 1.186 μs, UpperFence = 1.238 μs
ConfidenceInterval = [0.956 μs; 1.472 μs] (CI 99.9%), Margin = 0.258 μs (21.23% of Mean)
Skewness = 0.36, Kurtosis = 0.67, MValue = 2
-------------------- Histogram --------------------
[1.191 μs ; 1.243 μs) | @@@
---------------------------------------------------

DPIAServiceBenchmarks.'Request revision': ShortRun(IterationCount=3, LaunchCount=1, WarmupCount=3)
Runtime = .NET 10.0.12 (10.0.12, 10.0.1226.42308), X64 RyuJIT x86-64-v3; GC = Concurrent Workstation
Mean = 1.227 μs, StdErr = 0.016 μs (1.27%), N = 3, StdDev = 0.027 μs
Min = 1.207 μs, Q1 = 1.211 μs, Median = 1.215 μs, Q3 = 1.236 μs, Max = 1.257 μs
IQR = 0.025 μs, LowerFence = 1.174 μs, UpperFence = 1.274 μs
ConfidenceInterval = [0.735 μs; 1.718 μs] (CI 99.9%), Margin = 0.491 μs (40.05% of Mean)
Skewness = 0.35, Kurtosis = 0.67, MValue = 2
-------------------- Histogram --------------------
[1.183 μs ; 1.236 μs) | @@
[1.236 μs ; 1.282 μs) | @
---------------------------------------------------

DPIAServiceBenchmarks.'Expire assessment': ShortRun(IterationCount=3, LaunchCount=1, WarmupCount=3)
Runtime = .NET 10.0.12 (10.0.12, 10.0.1226.42308), X64 RyuJIT x86-64-v3; GC = Concurrent Workstation
Mean = 1.031 μs, StdErr = 0.014 μs (1.31%), N = 3, StdDev = 0.023 μs
Min = 1.014 μs, Q1 = 1.018 μs, Median = 1.023 μs, Q3 = 1.040 μs, Max = 1.058 μs
IQR = 0.022 μs, LowerFence = 0.985 μs, UpperFence = 1.074 μs
ConfidenceInterval = [0.604 μs; 1.459 μs] (CI 99.9%), Margin = 0.428 μs (41.45% of Mean)
Skewness = 0.32, Kurtosis = 0.67, MValue = 2
-------------------- Histogram --------------------
[0.997 μs ; 1.040 μs) | @@
[1.040 μs ; 1.079 μs) | @
---------------------------------------------------

DPIAServiceBenchmarks.'Get assessment by ID (cached)': ShortRun(IterationCount=3, LaunchCount=1, WarmupCount=3)
Runtime = .NET 10.0.12 (10.0.12, 10.0.1226.42308), X64 RyuJIT x86-64-v3; GC = Concurrent Workstation
Mean = 1.149 μs, StdErr = 0.022 μs (1.95%), N = 3, StdDev = 0.039 μs
Min = 1.106 μs, Q1 = 1.133 μs, Median = 1.160 μs, Q3 = 1.170 μs, Max = 1.181 μs
IQR = 0.038 μs, LowerFence = 1.076 μs, UpperFence = 1.227 μs
ConfidenceInterval = [0.441 μs; 1.856 μs] (CI 99.9%), Margin = 0.707 μs (61.57% of Mean)
Skewness = -0.26, Kurtosis = 0.67, MValue = 2
-------------------- Histogram --------------------
[1.070 μs ; 1.135 μs) | @
[1.135 μs ; 1.216 μs) | @@
---------------------------------------------------

DPIAServiceBenchmarks.'Get assessment by request type (pipeline hot-path)': ShortRun(IterationCount=3, LaunchCount=1, WarmupCount=3)
Runtime = .NET 10.0.12 (10.0.12, 10.0.1226.42308), X64 RyuJIT x86-64-v3; GC = Concurrent Workstation
Mean = 939.123 ns, StdErr = 9.644 ns (1.03%), N = 3, StdDev = 16.704 ns
Min = 921.906 ns, Q1 = 931.054 ns, Median = 940.202 ns, Q3 = 947.732 ns, Max = 955.262 ns
IQR = 16.678 ns, LowerFence = 906.036 ns, UpperFence = 972.750 ns
ConfidenceInterval = [634.372 ns; 1,243.874 ns] (CI 99.9%), Margin = 304.751 ns (32.45% of Mean)
Skewness = -0.06, Kurtosis = 0.67, MValue = 2
-------------------- Histogram --------------------
[906.704 ns ; 932.530 ns) | @
[932.530 ns ; 962.934 ns) | @@
---------------------------------------------------

DPIAServiceBenchmarks.'Get expired assessments': ShortRun(IterationCount=3, LaunchCount=1, WarmupCount=3)
Runtime = .NET 10.0.12 (10.0.12, 10.0.1226.42308), X64 RyuJIT x86-64-v3; GC = Concurrent Workstation
Mean = 906.396 ns, StdErr = 14.348 ns (1.58%), N = 3, StdDev = 24.851 ns
Min = 884.596 ns, Q1 = 892.866 ns, Median = 901.136 ns, Q3 = 917.296 ns, Max = 933.456 ns
IQR = 24.430 ns, LowerFence = 856.221 ns, UpperFence = 953.941 ns
ConfidenceInterval = [453.016 ns; 1,359.776 ns] (CI 99.9%), Margin = 453.380 ns (50.02% of Mean)
Skewness = 0.2, Kurtosis = 0.67, MValue = 2
-------------------- Histogram --------------------
[870.250 ns ; 915.482 ns) | @@
[915.482 ns ; 956.072 ns) | @
---------------------------------------------------

DPIAServiceBenchmarks.'Get all assessments': ShortRun(IterationCount=3, LaunchCount=1, WarmupCount=3)
Runtime = .NET 10.0.12 (10.0.12, 10.0.1226.42308), X64 RyuJIT x86-64-v3; GC = Concurrent Workstation
Mean = 816.229 ns, StdErr = 7.274 ns (0.89%), N = 3, StdDev = 12.598 ns
Min = 801.886 ns, Q1 = 811.591 ns, Median = 821.296 ns, Q3 = 823.400 ns, Max = 825.505 ns
IQR = 11.809 ns, LowerFence = 793.877 ns, UpperFence = 841.114 ns
ConfidenceInterval = [586.390 ns; 1,046.067 ns] (CI 99.9%), Margin = 229.838 ns (28.16% of Mean)
Skewness = -0.34, Kurtosis = 0.67, MValue = 2
-------------------- Histogram --------------------
[790.421 ns ; 811.935 ns) | @
[811.935 ns ; 836.970 ns) | @@
---------------------------------------------------

// * Summary *

BenchmarkDotNet v0.15.8, Linux Ubuntu 24.04.5 LTS (Noble Numbat)
AMD EPYC 7763 2.91GHz, 1 CPU, 4 logical and 2 physical cores
.NET SDK 10.0.401
  [Host]   : .NET 10.0.12 (10.0.12, 10.0.1226.42308), X64 RyuJIT x86-64-v3
  ShortRun : .NET 10.0.12 (10.0.12, 10.0.1226.42308), X64 RyuJIT x86-64-v3

Job=ShortRun  IterationCount=3  LaunchCount=1  
WarmupCount=3  

| Method                                               | Mean       | Error    | StdDev   | Ratio | RatioSD | Rank | Gen0   | Gen1   | Allocated | Alloc Ratio |
|----------------------------------------------------- |-----------:|---------:|---------:|------:|--------:|-----:|-------:|-------:|----------:|------------:|
| 'Create assessment (fast path)'                      | 1,457.7 ns | 250.4 ns | 13.72 ns |  1.00 |    0.01 |    1 | 0.0248 | 0.0229 |     432 B |        1.00 |
| 'Evaluate assessment (risk engine)'                  | 1,351.7 ns | 245.1 ns | 13.43 ns |  0.93 |    0.01 |    1 | 0.0248 | 0.0229 |     432 B |        1.00 |
| 'RequiresDPIA check (pipeline hot-path)'             |   921.6 ns | 201.2 ns | 11.03 ns |  0.63 |    0.01 |    1 | 0.0191 | 0.0181 |     336 B |        0.78 |
| 'Request DPO consultation'                           | 1,263.3 ns | 649.1 ns | 35.58 ns |  0.87 |    0.02 |    1 | 0.0248 | 0.0229 |     432 B |        1.00 |
| 'Approve assessment'                                 | 2,301.5 ns | 226.0 ns | 12.39 ns |  1.58 |    0.01 |    2 | 0.0534 | 0.0267 |     944 B |        2.19 |
| 'Reject assessment'                                  | 1,214.0 ns | 257.7 ns | 14.12 ns |  0.83 |    0.01 |    1 | 0.0210 | 0.0191 |     368 B |        0.85 |
| 'Request revision'                                   | 1,226.6 ns | 491.2 ns | 26.93 ns |  0.84 |    0.02 |    1 | 0.0210 | 0.0191 |     368 B |        0.85 |
| 'Expire assessment'                                  | 1,031.5 ns | 427.6 ns | 23.44 ns |  0.71 |    0.02 |    1 | 0.0210 | 0.0191 |     352 B |        0.81 |
| 'Get assessment by ID (cached)'                      | 1,148.8 ns | 707.4 ns | 38.77 ns |  0.79 |    0.02 |    1 | 0.0248 | 0.0229 |     424 B |        0.98 |
| 'Get assessment by request type (pipeline hot-path)' |   939.1 ns | 304.8 ns | 16.70 ns |  0.64 |    0.01 |    1 | 0.0229 | 0.0210 |     392 B |        0.91 |
| 'Get expired assessments'                            |   906.4 ns | 453.4 ns | 24.85 ns |  0.62 |    0.02 |    1 | 0.0229 | 0.0219 |     400 B |        0.93 |
| 'Get all assessments'                                |   816.2 ns | 229.8 ns | 12.60 ns |  0.56 |    0.01 |    1 | 0.0229 | 0.0219 |     400 B |        0.93 |
// * Config Issues *

// * Warnings *
Configuration
  Summary -> The exporter CsvExporter is already present in configuration. There may be unexpected results.
  Summary -> The exporter HtmlExporter is already present in configuration. There may be unexpected results.
  Summary -> The exporter MarkdownExporter-github is already present in configuration. There may be unexpected results.

// * Legends *
  Mean        : Arithmetic mean of all measurements
  Error       : Half of 99.9% confidence interval
  StdDev      : Standard deviation of all measurements
  Ratio       : Mean of the ratio distribution ([Current]/[Baseline])
  RatioSD     : Standard deviation of the ratio distribution ([Current]/[Baseline])
  Rank        : Relative position of current benchmark mean among all benchmarks (Arabic style)
  Gen0        : GC Generation 0 collects per 1000 operations
  Gen1        : GC Generation 1 collects per 1000 operations
  Allocated   : Allocated memory per single operation (managed only, inclusive, 1KB = 1024B)
  Alloc Ratio : Allocated memory ratio distribution ([Current]/[Baseline])
  1 ns        : 1 Nanosecond (0.000000001 sec)

// * Diagnostic Output - MemoryDiagnoser *


// ***** BenchmarkRunner: End *****
Run time: 00:04:32 (272.77 sec), executed benchmarks: 12

Global total time: 00:07:46 (466.33 sec), executed benchmarks: 12
// * Artifacts cleanup *
Artifacts cleanup is finished
