// Validating benchmarks:
// ***** BenchmarkRunner: Start   *****
// ***** Found 10 benchmark(s) in total *****
// ***** Building 1 exe(s) in Parallel: Start   *****
// start dotnet  restore --nodeReuse:false /p:UseSharedCompilation=false /p:Deterministic=true /p:Optimize=true /p:ArtifactsPath="/home/runner/work/Encina/Encina/tests/Encina.BenchmarkTests/Encina.Benchmarks/bin/Release/net10.0/Encina.Benchmarks-ShortRun-1/" /p:OutDir="/home/runner/work/Encina/Encina/tests/Encina.BenchmarkTests/Encina.Benchmarks/bin/Release/net10.0/Encina.Benchmarks-ShortRun-1/bin/Release/net10.0/" /p:OutputPath="/home/runner/work/Encina/Encina/tests/Encina.BenchmarkTests/Encina.Benchmarks/bin/Release/net10.0/Encina.Benchmarks-ShortRun-1/bin/Release/net10.0/" /p:PublishDir="/home/runner/work/Encina/Encina/tests/Encina.BenchmarkTests/Encina.Benchmarks/bin/Release/net10.0/Encina.Benchmarks-ShortRun-1/publish/" in /home/runner/work/Encina/Encina/tests/Encina.BenchmarkTests/Encina.Benchmarks/bin/Release/net10.0/Encina.Benchmarks-ShortRun-1
// command took 3.56 sec and exited with 0
// start dotnet  build -c Release --no-restore --nodeReuse:false /p:UseSharedCompilation=false /p:Deterministic=true /p:Optimize=true /p:ArtifactsPath="/home/runner/work/Encina/Encina/tests/Encina.BenchmarkTests/Encina.Benchmarks/bin/Release/net10.0/Encina.Benchmarks-ShortRun-1/" /p:OutDir="/home/runner/work/Encina/Encina/tests/Encina.BenchmarkTests/Encina.Benchmarks/bin/Release/net10.0/Encina.Benchmarks-ShortRun-1/bin/Release/net10.0/" /p:OutputPath="/home/runner/work/Encina/Encina/tests/Encina.BenchmarkTests/Encina.Benchmarks/bin/Release/net10.0/Encina.Benchmarks-ShortRun-1/bin/Release/net10.0/" /p:PublishDir="/home/runner/work/Encina/Encina/tests/Encina.BenchmarkTests/Encina.Benchmarks/bin/Release/net10.0/Encina.Benchmarks-ShortRun-1/publish/" --output "/home/runner/work/Encina/Encina/tests/Encina.BenchmarkTests/Encina.Benchmarks/bin/Release/net10.0/Encina.Benchmarks-ShortRun-1/bin/Release/net10.0/" in /home/runner/work/Encina/Encina/tests/Encina.BenchmarkTests/Encina.Benchmarks/bin/Release/net10.0/Encina.Benchmarks-ShortRun-1
// command took 189.63 sec and exited with 0
// ***** Done, took 00:03:13 (193.35 sec)   *****
// Found 10 benchmarks:
//   ScatterGatherBenchmarks.'Scatter-gather all shards (sync result)': ShortRun(IterationCount=3, LaunchCount=1, WarmupCount=3) [ShardCount=3]
//   ScatterGatherBenchmarks.'Scatter-gather subset (3 shards)': ShortRun(IterationCount=3, LaunchCount=1, WarmupCount=3) [ShardCount=3]
//   ScatterGatherBenchmarks.'Scatter-gather with large results': ShortRun(IterationCount=3, LaunchCount=1, WarmupCount=3) [ShardCount=3]
//   ScatterGatherBenchmarks.'Scatter-gather single shard': ShortRun(IterationCount=3, LaunchCount=1, WarmupCount=3) [ShardCount=3]
//   ScatterGatherBenchmarks.'Topology lookup all shards': ShortRun(IterationCount=3, LaunchCount=1, WarmupCount=3) [ShardCount=3]
//   ScatterGatherBenchmarks.'Scatter-gather all shards (sync result)': ShortRun(IterationCount=3, LaunchCount=1, WarmupCount=3) [ShardCount=25]
//   ScatterGatherBenchmarks.'Scatter-gather subset (3 shards)': ShortRun(IterationCount=3, LaunchCount=1, WarmupCount=3) [ShardCount=25]
//   ScatterGatherBenchmarks.'Scatter-gather with large results': ShortRun(IterationCount=3, LaunchCount=1, WarmupCount=3) [ShardCount=25]
//   ScatterGatherBenchmarks.'Scatter-gather single shard': ShortRun(IterationCount=3, LaunchCount=1, WarmupCount=3) [ShardCount=25]
//   ScatterGatherBenchmarks.'Topology lookup all shards': ShortRun(IterationCount=3, LaunchCount=1, WarmupCount=3) [ShardCount=25]

// **************************
// Benchmark: ScatterGatherBenchmarks.'Scatter-gather all shards (sync result)': ShortRun(IterationCount=3, LaunchCount=1, WarmupCount=3) [ShardCount=3]
// *** Execute ***
// Launch: 1 / 1
// Execute: dotnet Encina.Benchmarks-ShortRun-1.dll --anonymousPipes 228 229 --benchmarkName "Encina.Benchmarks.Sharding.ScatterGatherBenchmarks.ScatterGatherAllShards(ShardCount: 3)" --job ShortRun --benchmarkId 0 in /home/runner/work/Encina/Encina/tests/Encina.BenchmarkTests/Encina.Benchmarks/bin/Release/net10.0/Encina.Benchmarks-ShortRun-1/bin/Release/net10.0
// Failed to set up high priority (Permission denied). In order to run benchmarks with high priority, make sure you have the right permissions.
// BeforeAnythingElse

// Benchmark Process Environment Information:
// BenchmarkDotNet v0.15.8
// Runtime=.NET 10.0.12 (10.0.12, 10.0.1226.42308), X64 RyuJIT x86-64-v3
// GC=Concurrent Workstation
// HardwareIntrinsics=AVX2+BMI1+BMI2+F16C+FMA+LZCNT+MOVBE,AVX,SSE3+SSSE3+SSE4.1+SSE4.2+POPCNT,X86Base+SSE+SSE2,AES+PCLMUL VectorSize=256
// Job: ShortRun(IterationCount=3, LaunchCount=1, WarmupCount=3)

OverheadJitting  1: 1 op, 223607.00 ns, 223.6070 us/op
WorkloadJitting  1: 1 op, 41244870.00 ns, 41.2449 ms/op

WorkloadPilot    1: 2 op, 104448.00 ns, 52.2240 us/op
WorkloadPilot    2: 3 op, 38809.00 ns, 12.9363 us/op
WorkloadPilot    3: 4 op, 41572.00 ns, 10.3930 us/op
WorkloadPilot    4: 5 op, 60812.00 ns, 12.1624 us/op
WorkloadPilot    5: 6 op, 68563.00 ns, 11.4272 us/op
WorkloadPilot    6: 7 op, 57207.00 ns, 8.1724 us/op
WorkloadPilot    7: 8 op, 73340.00 ns, 9.1675 us/op
WorkloadPilot    8: 9 op, 75133.00 ns, 8.3481 us/op
WorkloadPilot    9: 10 op, 84467.00 ns, 8.4467 us/op
WorkloadPilot   10: 11 op, 87733.00 ns, 7.9757 us/op
WorkloadPilot   11: 12 op, 89525.00 ns, 7.4604 us/op
WorkloadPilot   12: 13 op, 98699.00 ns, 7.5922 us/op
WorkloadPilot   13: 14 op, 110657.00 ns, 7.9041 us/op
WorkloadPilot   14: 15 op, 109405.00 ns, 7.2937 us/op
WorkloadPilot   15: 16 op, 125940.00 ns, 7.8713 us/op
WorkloadPilot   16: 32 op, 202506.00 ns, 6.3283 us/op
WorkloadPilot   17: 64 op, 382647.00 ns, 5.9789 us/op
WorkloadPilot   18: 128 op, 590641.00 ns, 4.6144 us/op
WorkloadPilot   19: 256 op, 1296935.00 ns, 5.0662 us/op
WorkloadPilot   20: 512 op, 2583254.00 ns, 5.0454 us/op
WorkloadPilot   21: 1024 op, 5129211.00 ns, 5.0090 us/op
WorkloadPilot   22: 2048 op, 10197481.00 ns, 4.9792 us/op
WorkloadPilot   23: 4096 op, 20680072.00 ns, 5.0488 us/op
WorkloadPilot   24: 8192 op, 28019516.00 ns, 3.4204 us/op
WorkloadPilot   25: 16384 op, 52883555.00 ns, 3.2278 us/op
WorkloadPilot   26: 32768 op, 103491248.00 ns, 3.1583 us/op
WorkloadPilot   27: 65536 op, 206335261.00 ns, 3.1484 us/op
WorkloadPilot   28: 131072 op, 415617704.00 ns, 3.1709 us/op
WorkloadPilot   29: 262144 op, 828300149.00 ns, 3.1597 us/op

WorkloadWarmup   1: 262144 op, 827599303.00 ns, 3.1570 us/op
WorkloadWarmup   2: 262144 op, 833112784.00 ns, 3.1781 us/op
WorkloadWarmup   3: 262144 op, 834020643.00 ns, 3.1815 us/op

// BeforeActualRun
WorkloadActual   1: 262144 op, 825725929.00 ns, 3.1499 us/op
WorkloadActual   2: 262144 op, 831606093.00 ns, 3.1723 us/op
WorkloadActual   3: 262144 op, 832780283.00 ns, 3.1768 us/op

// AfterActualRun
WorkloadResult   1: 262144 op, 825725929.00 ns, 3.1499 us/op
WorkloadResult   2: 262144 op, 831606093.00 ns, 3.1723 us/op
WorkloadResult   3: 262144 op, 832780283.00 ns, 3.1768 us/op
// GC:  57 0 0 956301312 262144
// Threading:  0 0 262144

// AfterAll
// Benchmark Process 3749 has exited with code 0.

Mean = 3.166 μs, StdErr = 0.008 μs (0.26%), N = 3, StdDev = 0.014 μs
Min = 3.150 μs, Q1 = 3.161 μs, Median = 3.172 μs, Q3 = 3.175 μs, Max = 3.177 μs
IQR = 0.013 μs, LowerFence = 3.141 μs, UpperFence = 3.195 μs
ConfidenceInterval = [2.903 μs; 3.429 μs] (CI 99.9%), Margin = 0.263 μs (8.31% of Mean)
Skewness = -0.34, Kurtosis = 0.67, MValue = 2

// ** Remained 9 (90.0 %) benchmark(s) to run. Estimated finish 2026-09-27 20:03 (0h 1m from now) **
// **************************
// Benchmark: ScatterGatherBenchmarks.'Scatter-gather subset (3 shards)': ShortRun(IterationCount=3, LaunchCount=1, WarmupCount=3) [ShardCount=3]
// *** Execute ***
// Launch: 1 / 1
// Execute: dotnet Encina.Benchmarks-ShortRun-1.dll --anonymousPipes 228 229 --benchmarkName "Encina.Benchmarks.Sharding.ScatterGatherBenchmarks.ScatterGatherSubset(ShardCount: 3)" --job ShortRun --benchmarkId 1 in /home/runner/work/Encina/Encina/tests/Encina.BenchmarkTests/Encina.Benchmarks/bin/Release/net10.0/Encina.Benchmarks-ShortRun-1/bin/Release/net10.0
// Failed to set up high priority (Permission denied). In order to run benchmarks with high priority, make sure you have the right permissions.
// BeforeAnythingElse

// Benchmark Process Environment Information:
// BenchmarkDotNet v0.15.8
// Runtime=.NET 10.0.12 (10.0.12, 10.0.1226.42308), X64 RyuJIT x86-64-v3
// GC=Concurrent Workstation
// HardwareIntrinsics=AVX2+BMI1+BMI2+F16C+FMA+LZCNT+MOVBE,AVX,SSE3+SSSE3+SSE4.1+SSE4.2+POPCNT,X86Base+SSE+SSE2,AES+PCLMUL VectorSize=256
// Job: ShortRun(IterationCount=3, LaunchCount=1, WarmupCount=3)

OverheadJitting  1: 1 op, 237619.00 ns, 237.6190 us/op
WorkloadJitting  1: 1 op, 41188838.00 ns, 41.1888 ms/op

WorkloadPilot    1: 2 op, 115374.00 ns, 57.6870 us/op
WorkloadPilot    2: 3 op, 38248.00 ns, 12.7493 us/op
WorkloadPilot    3: 4 op, 56706.00 ns, 14.1765 us/op
WorkloadPilot    4: 5 op, 58578.00 ns, 11.7156 us/op
WorkloadPilot    5: 6 op, 65389.00 ns, 10.8982 us/op
WorkloadPilot    6: 7 op, 56284.00 ns, 8.0406 us/op
WorkloadPilot    7: 8 op, 84848.00 ns, 10.6060 us/op
WorkloadPilot    8: 9 op, 76104.00 ns, 8.4560 us/op
WorkloadPilot    9: 10 op, 86781.00 ns, 8.6781 us/op
WorkloadPilot   10: 11 op, 86090.00 ns, 7.8264 us/op
WorkloadPilot   11: 12 op, 116786.00 ns, 9.7322 us/op
WorkloadPilot   12: 13 op, 106601.00 ns, 8.2001 us/op
WorkloadPilot   13: 14 op, 103807.00 ns, 7.4148 us/op
WorkloadPilot   14: 15 op, 125369.00 ns, 8.3579 us/op
WorkloadPilot   15: 16 op, 108314.00 ns, 6.7696 us/op
WorkloadPilot   16: 32 op, 200723.00 ns, 6.2726 us/op
WorkloadPilot   17: 64 op, 377208.00 ns, 5.8939 us/op
WorkloadPilot   18: 128 op, 654076.00 ns, 5.1100 us/op
WorkloadPilot   19: 256 op, 1314972.00 ns, 5.1366 us/op
WorkloadPilot   20: 512 op, 2713280.00 ns, 5.2994 us/op
WorkloadPilot   21: 1024 op, 5148460.00 ns, 5.0278 us/op
WorkloadPilot   22: 2048 op, 10520999.00 ns, 5.1372 us/op
WorkloadPilot   23: 4096 op, 20833574.00 ns, 5.0863 us/op
WorkloadPilot   24: 8192 op, 28047008.00 ns, 3.4237 us/op
WorkloadPilot   25: 16384 op, 51932392.00 ns, 3.1697 us/op
WorkloadPilot   26: 32768 op, 107044677.00 ns, 3.2667 us/op
WorkloadPilot   27: 65536 op, 206046522.00 ns, 3.1440 us/op
WorkloadPilot   28: 131072 op, 410392070.00 ns, 3.1310 us/op
WorkloadPilot   29: 262144 op, 826762502.00 ns, 3.1538 us/op

WorkloadWarmup   1: 262144 op, 821739759.00 ns, 3.1347 us/op
WorkloadWarmup   2: 262144 op, 832034909.00 ns, 3.1740 us/op
WorkloadWarmup   3: 262144 op, 826976585.00 ns, 3.1547 us/op

// BeforeActualRun
WorkloadActual   1: 262144 op, 832409663.00 ns, 3.1754 us/op
WorkloadActual   2: 262144 op, 837880269.00 ns, 3.1963 us/op
WorkloadActual   3: 262144 op, 831412390.00 ns, 3.1716 us/op

// AfterActualRun
WorkloadResult   1: 262144 op, 832409663.00 ns, 3.1754 us/op
WorkloadResult   2: 262144 op, 837880269.00 ns, 3.1963 us/op
WorkloadResult   3: 262144 op, 831412390.00 ns, 3.1716 us/op
// GC:  58 0 0 970981376 262144
// Threading:  0 0 262144

// AfterAll
// Benchmark Process 3761 has exited with code 0.

Mean = 3.181 μs, StdErr = 0.008 μs (0.24%), N = 3, StdDev = 0.013 μs
Min = 3.172 μs, Q1 = 3.173 μs, Median = 3.175 μs, Q3 = 3.186 μs, Max = 3.196 μs
IQR = 0.012 μs, LowerFence = 3.155 μs, UpperFence = 3.204 μs
ConfidenceInterval = [2.939 μs; 3.423 μs] (CI 99.9%), Margin = 0.242 μs (7.62% of Mean)
Skewness = 0.35, Kurtosis = 0.67, MValue = 2

// ** Remained 8 (80.0 %) benchmark(s) to run. Estimated finish 2026-09-27 20:03 (0h 1m from now) **
// **************************
// Benchmark: ScatterGatherBenchmarks.'Scatter-gather with large results': ShortRun(IterationCount=3, LaunchCount=1, WarmupCount=3) [ShardCount=3]
// *** Execute ***
// Launch: 1 / 1
// Execute: dotnet Encina.Benchmarks-ShortRun-1.dll --anonymousPipes 228 229 --benchmarkName "Encina.Benchmarks.Sharding.ScatterGatherBenchmarks.ScatterGatherLargeResults(ShardCount: 3)" --job ShortRun --benchmarkId 2 in /home/runner/work/Encina/Encina/tests/Encina.BenchmarkTests/Encina.Benchmarks/bin/Release/net10.0/Encina.Benchmarks-ShortRun-1/bin/Release/net10.0
// Failed to set up high priority (Permission denied). In order to run benchmarks with high priority, make sure you have the right permissions.
// BeforeAnythingElse

// Benchmark Process Environment Information:
// BenchmarkDotNet v0.15.8
// Runtime=.NET 10.0.12 (10.0.12, 10.0.1226.42308), X64 RyuJIT x86-64-v3
// GC=Concurrent Workstation
// HardwareIntrinsics=AVX2+BMI1+BMI2+F16C+FMA+LZCNT+MOVBE,AVX,SSE3+SSSE3+SSE4.1+SSE4.2+POPCNT,X86Base+SSE+SSE2,AES+PCLMUL VectorSize=256
// Job: ShortRun(IterationCount=3, LaunchCount=1, WarmupCount=3)

OverheadJitting  1: 1 op, 223998.00 ns, 223.9980 us/op
WorkloadJitting  1: 1 op, 44503954.00 ns, 44.5040 ms/op

WorkloadPilot    1: 2 op, 168074.00 ns, 84.0370 us/op
WorkloadPilot    2: 3 op, 161333.00 ns, 53.7777 us/op
WorkloadPilot    3: 4 op, 124858.00 ns, 31.2145 us/op
WorkloadPilot    4: 5 op, 160522.00 ns, 32.1044 us/op
WorkloadPilot    5: 6 op, 254013.00 ns, 42.3355 us/op
WorkloadPilot    6: 7 op, 317098.00 ns, 45.2997 us/op
WorkloadPilot    7: 8 op, 218900.00 ns, 27.3625 us/op
WorkloadPilot    8: 9 op, 246492.00 ns, 27.3880 us/op
WorkloadPilot    9: 10 op, 267202.00 ns, 26.7202 us/op
WorkloadPilot   10: 11 op, 286812.00 ns, 26.0738 us/op
WorkloadPilot   11: 12 op, 309867.00 ns, 25.8223 us/op
WorkloadPilot   12: 13 op, 355075.00 ns, 27.3135 us/op
WorkloadPilot   13: 14 op, 380363.00 ns, 27.1688 us/op
WorkloadPilot   14: 15 op, 414375.00 ns, 27.6250 us/op
WorkloadPilot   15: 16 op, 421135.00 ns, 26.3209 us/op
WorkloadPilot   16: 32 op, 1031044.00 ns, 32.2201 us/op
WorkloadPilot   17: 64 op, 2329482.00 ns, 36.3982 us/op
WorkloadPilot   18: 128 op, 4610630.00 ns, 36.0205 us/op
WorkloadPilot   19: 256 op, 9035390.00 ns, 35.2945 us/op
WorkloadPilot   20: 512 op, 18897136.00 ns, 36.9085 us/op
WorkloadPilot   21: 1024 op, 27212610.00 ns, 26.5748 us/op
WorkloadPilot   22: 2048 op, 44494711.00 ns, 21.7259 us/op
WorkloadPilot   23: 4096 op, 91299374.00 ns, 22.2899 us/op
WorkloadPilot   24: 8192 op, 185000498.00 ns, 22.5831 us/op
WorkloadPilot   25: 16384 op, 361250504.00 ns, 22.0490 us/op
WorkloadPilot   26: 32768 op, 720444660.00 ns, 21.9862 us/op

WorkloadWarmup   1: 32768 op, 723362128.00 ns, 22.0753 us/op
WorkloadWarmup   2: 32768 op, 727940650.00 ns, 22.2150 us/op
WorkloadWarmup   3: 32768 op, 725956658.00 ns, 22.1544 us/op

// BeforeActualRun
WorkloadActual   1: 32768 op, 724645883.00 ns, 22.1144 us/op
WorkloadActual   2: 32768 op, 733712891.00 ns, 22.3911 us/op
WorkloadActual   3: 32768 op, 736907977.00 ns, 22.4886 us/op

// AfterActualRun
WorkloadResult   1: 32768 op, 724645883.00 ns, 22.1144 us/op
WorkloadResult   2: 32768 op, 733712891.00 ns, 22.3911 us/op
WorkloadResult   3: 32768 op, 736907977.00 ns, 22.4886 us/op
// GC:  56 7 0 940572672 32768
// Threading:  0 0 32768

// AfterAll
// Benchmark Process 3778 has exited with code 0.

Mean = 22.331 μs, StdErr = 0.112 μs (0.50%), N = 3, StdDev = 0.194 μs
Min = 22.114 μs, Q1 = 22.253 μs, Median = 22.391 μs, Q3 = 22.440 μs, Max = 22.489 μs
IQR = 0.187 μs, LowerFence = 21.972 μs, UpperFence = 22.721 μs
ConfidenceInterval = [18.790 μs; 25.873 μs] (CI 99.9%), Margin = 3.542 μs (15.86% of Mean)
Skewness = -0.28, Kurtosis = 0.67, MValue = 2

// ** Remained 7 (70.0 %) benchmark(s) to run. Estimated finish 2026-09-27 20:03 (0h 0m from now) **
// **************************
// Benchmark: ScatterGatherBenchmarks.'Scatter-gather single shard': ShortRun(IterationCount=3, LaunchCount=1, WarmupCount=3) [ShardCount=3]
// *** Execute ***
// Launch: 1 / 1
// Execute: dotnet Encina.Benchmarks-ShortRun-1.dll --anonymousPipes 228 229 --benchmarkName "Encina.Benchmarks.Sharding.ScatterGatherBenchmarks.ScatterGatherSingleShard(ShardCount: 3)" --job ShortRun --benchmarkId 3 in /home/runner/work/Encina/Encina/tests/Encina.BenchmarkTests/Encina.Benchmarks/bin/Release/net10.0/Encina.Benchmarks-ShortRun-1/bin/Release/net10.0
// Failed to set up high priority (Permission denied). In order to run benchmarks with high priority, make sure you have the right permissions.
// BeforeAnythingElse

// Benchmark Process Environment Information:
// BenchmarkDotNet v0.15.8
// Runtime=.NET 10.0.12 (10.0.12, 10.0.1226.42308), X64 RyuJIT x86-64-v3
// GC=Concurrent Workstation
// HardwareIntrinsics=AVX2+BMI1+BMI2+F16C+FMA+LZCNT+MOVBE,AVX,SSE3+SSSE3+SSE4.1+SSE4.2+POPCNT,X86Base+SSE+SSE2,AES+PCLMUL VectorSize=256
// Job: ShortRun(IterationCount=3, LaunchCount=1, WarmupCount=3)

OverheadJitting  1: 1 op, 225850.00 ns, 225.8500 us/op
WorkloadJitting  1: 1 op, 42093894.00 ns, 42.0939 ms/op

WorkloadPilot    1: 2 op, 124148.00 ns, 62.0740 us/op
WorkloadPilot    2: 3 op, 42544.00 ns, 14.1813 us/op
WorkloadPilot    3: 4 op, 28864.00 ns, 7.2160 us/op
WorkloadPilot    4: 5 op, 37036.00 ns, 7.4072 us/op
WorkloadPilot    5: 6 op, 40551.00 ns, 6.7585 us/op
WorkloadPilot    6: 7 op, 36064.00 ns, 5.1520 us/op
WorkloadPilot    7: 8 op, 44257.00 ns, 5.5321 us/op
WorkloadPilot    8: 9 op, 72460.00 ns, 8.0511 us/op
WorkloadPilot    9: 10 op, 52990.00 ns, 5.2990 us/op
WorkloadPilot   10: 11 op, 56014.00 ns, 5.0922 us/op
WorkloadPilot   11: 12 op, 56805.00 ns, 4.7338 us/op
WorkloadPilot   12: 13 op, 69154.00 ns, 5.3195 us/op
WorkloadPilot   13: 14 op, 64878.00 ns, 4.6341 us/op
WorkloadPilot   14: 15 op, 70386.00 ns, 4.6924 us/op
WorkloadPilot   15: 16 op, 92439.00 ns, 5.7774 us/op
WorkloadPilot   16: 32 op, 132069.00 ns, 4.1272 us/op
WorkloadPilot   17: 64 op, 248685.00 ns, 3.8857 us/op
WorkloadPilot   18: 128 op, 368846.00 ns, 2.8816 us/op
WorkloadPilot   19: 256 op, 793366.00 ns, 3.0991 us/op
WorkloadPilot   20: 512 op, 1641414.00 ns, 3.2059 us/op
WorkloadPilot   21: 1024 op, 3228987.00 ns, 3.1533 us/op
WorkloadPilot   22: 2048 op, 6420729.00 ns, 3.1351 us/op
WorkloadPilot   23: 4096 op, 13065876.00 ns, 3.1899 us/op
WorkloadPilot   24: 8192 op, 24130245.00 ns, 2.9456 us/op
WorkloadPilot   25: 16384 op, 33520180.00 ns, 2.0459 us/op
WorkloadPilot   26: 32768 op, 68933364.00 ns, 2.1037 us/op
WorkloadPilot   27: 65536 op, 135030582.00 ns, 2.0604 us/op
WorkloadPilot   28: 131072 op, 272784020.00 ns, 2.0812 us/op
WorkloadPilot   29: 262144 op, 544159567.00 ns, 2.0758 us/op

WorkloadWarmup   1: 262144 op, 527252851.00 ns, 2.0113 us/op
WorkloadWarmup   2: 262144 op, 533244293.00 ns, 2.0342 us/op
WorkloadWarmup   3: 262144 op, 534985669.00 ns, 2.0408 us/op

// BeforeActualRun
WorkloadActual   1: 262144 op, 545453262.00 ns, 2.0807 us/op
WorkloadActual   2: 262144 op, 536453135.00 ns, 2.0464 us/op
WorkloadActual   3: 262144 op, 533840477.00 ns, 2.0364 us/op

// AfterActualRun
WorkloadResult   1: 262144 op, 545453262.00 ns, 2.0807 us/op
WorkloadResult   2: 262144 op, 536453135.00 ns, 2.0464 us/op
WorkloadResult   3: 262144 op, 533840477.00 ns, 2.0364 us/op
// GC:  36 0 0 610271232 262144
// Threading:  0 0 262144

// AfterAll
// Benchmark Process 3802 has exited with code 0.

Mean = 2.055 μs, StdErr = 0.013 μs (0.65%), N = 3, StdDev = 0.023 μs
Min = 2.036 μs, Q1 = 2.041 μs, Median = 2.046 μs, Q3 = 2.064 μs, Max = 2.081 μs
IQR = 0.022 μs, LowerFence = 2.008 μs, UpperFence = 2.097 μs
ConfidenceInterval = [1.631 μs; 2.479 μs] (CI 99.9%), Margin = 0.424 μs (20.64% of Mean)
Skewness = 0.31, Kurtosis = 0.67, MValue = 2

// ** Remained 6 (60.0 %) benchmark(s) to run. Estimated finish 2026-09-27 20:03 (0h 0m from now) **
// **************************
// Benchmark: ScatterGatherBenchmarks.'Topology lookup all shards': ShortRun(IterationCount=3, LaunchCount=1, WarmupCount=3) [ShardCount=3]
// *** Execute ***
// Launch: 1 / 1
// Execute: dotnet Encina.Benchmarks-ShortRun-1.dll --anonymousPipes 228 229 --benchmarkName "Encina.Benchmarks.Sharding.ScatterGatherBenchmarks.TopologyGetAllShards(ShardCount: 3)" --job ShortRun --benchmarkId 4 in /home/runner/work/Encina/Encina/tests/Encina.BenchmarkTests/Encina.Benchmarks/bin/Release/net10.0/Encina.Benchmarks-ShortRun-1/bin/Release/net10.0
// Failed to set up high priority (Permission denied). In order to run benchmarks with high priority, make sure you have the right permissions.
// BeforeAnythingElse

// Benchmark Process Environment Information:
// BenchmarkDotNet v0.15.8
// Runtime=.NET 10.0.12 (10.0.12, 10.0.1226.42308), X64 RyuJIT x86-64-v3
// GC=Concurrent Workstation
// HardwareIntrinsics=AVX2+BMI1+BMI2+F16C+FMA+LZCNT+MOVBE,AVX,SSE3+SSSE3+SSE4.1+SSE4.2+POPCNT,X86Base+SSE+SSE2,AES+PCLMUL VectorSize=256
// Job: ShortRun(IterationCount=3, LaunchCount=1, WarmupCount=3)

OverheadJitting  1: 1 op, 249646.00 ns, 249.6460 us/op
WorkloadJitting  1: 1 op, 998255.00 ns, 998.2550 us/op

OverheadJitting  2: 16 op, 543068.00 ns, 33.9418 us/op
WorkloadJitting  2: 16 op, 553334.00 ns, 34.5834 us/op

WorkloadPilot    1: 16 op, 8392.00 ns, 524.5000 ns/op
WorkloadPilot    2: 32 op, 11107.00 ns, 347.0938 ns/op
WorkloadPilot    3: 64 op, 39659.00 ns, 619.6719 ns/op
WorkloadPilot    4: 128 op, 51467.00 ns, 402.0859 ns/op
WorkloadPilot    5: 256 op, 90696.00 ns, 354.2813 ns/op
WorkloadPilot    6: 512 op, 106100.00 ns, 207.2266 ns/op
WorkloadPilot    7: 1024 op, 235074.00 ns, 229.5645 ns/op
WorkloadPilot    8: 2048 op, 440484.00 ns, 215.0801 ns/op
WorkloadPilot    9: 4096 op, 703761.00 ns, 171.8167 ns/op
WorkloadPilot   10: 8192 op, 1460612.00 ns, 178.2974 ns/op
WorkloadPilot   11: 16384 op, 2993342.00 ns, 182.6991 ns/op
WorkloadPilot   12: 32768 op, 5963430.00 ns, 181.9894 ns/op
WorkloadPilot   13: 65536 op, 11907169.00 ns, 181.6890 ns/op
WorkloadPilot   14: 131072 op, 23612655.00 ns, 180.1503 ns/op
WorkloadPilot   15: 262144 op, 36650759.00 ns, 139.8116 ns/op
WorkloadPilot   16: 524288 op, 70064330.00 ns, 133.6371 ns/op
WorkloadPilot   17: 1048576 op, 134010787.00 ns, 127.8026 ns/op
WorkloadPilot   18: 2097152 op, 272429509.00 ns, 129.9045 ns/op
WorkloadPilot   19: 4194304 op, 553626433.00 ns, 131.9948 ns/op

OverheadWarmup   1: 4194304 op, 15609531.00 ns, 3.7216 ns/op
OverheadWarmup   2: 4194304 op, 14126746.00 ns, 3.3681 ns/op
OverheadWarmup   3: 4194304 op, 15618965.00 ns, 3.7239 ns/op
OverheadWarmup   4: 4194304 op, 14135438.00 ns, 3.3702 ns/op
OverheadWarmup   5: 4194304 op, 14196431.00 ns, 3.3847 ns/op
OverheadWarmup   6: 4194304 op, 14236481.00 ns, 3.3942 ns/op
OverheadWarmup   7: 4194304 op, 15601890.00 ns, 3.7198 ns/op
OverheadWarmup   8: 4194304 op, 14112013.00 ns, 3.3646 ns/op

OverheadActual   1: 4194304 op, 14139735.00 ns, 3.3712 ns/op
OverheadActual   2: 4194304 op, 15602711.00 ns, 3.7200 ns/op
OverheadActual   3: 4194304 op, 14175959.00 ns, 3.3798 ns/op
OverheadActual   4: 4194304 op, 15622991.00 ns, 3.7248 ns/op
OverheadActual   5: 4194304 op, 15615550.00 ns, 3.7230 ns/op
OverheadActual   6: 4194304 op, 14133606.00 ns, 3.3697 ns/op
OverheadActual   7: 4194304 op, 14095529.00 ns, 3.3606 ns/op
OverheadActual   8: 4194304 op, 14108909.00 ns, 3.3638 ns/op
OverheadActual   9: 4194304 op, 14091753.00 ns, 3.3597 ns/op
OverheadActual  10: 4194304 op, 14193436.00 ns, 3.3840 ns/op
OverheadActual  11: 4194304 op, 14095268.00 ns, 3.3606 ns/op
OverheadActual  12: 4194304 op, 14101508.00 ns, 3.3621 ns/op
OverheadActual  13: 4194304 op, 14119925.00 ns, 3.3665 ns/op
OverheadActual  14: 4194304 op, 14142820.00 ns, 3.3719 ns/op
OverheadActual  15: 4194304 op, 15590772.00 ns, 3.7171 ns/op

WorkloadWarmup   1: 4194304 op, 574353699.00 ns, 136.9366 ns/op
WorkloadWarmup   2: 4194304 op, 563036679.00 ns, 134.2384 ns/op
WorkloadWarmup   3: 4194304 op, 569162844.00 ns, 135.6990 ns/op

// BeforeActualRun
WorkloadActual   1: 4194304 op, 550488724.00 ns, 131.2467 ns/op
WorkloadActual   2: 4194304 op, 553186891.00 ns, 131.8900 ns/op
WorkloadActual   3: 4194304 op, 556480226.00 ns, 132.6752 ns/op

// AfterActualRun
WorkloadResult   1: 4194304 op, 536348989.00 ns, 127.8756 ns/op
WorkloadResult   2: 4194304 op, 539047156.00 ns, 128.5189 ns/op
WorkloadResult   3: 4194304 op, 542340491.00 ns, 129.3040 ns/op
// GC:  26 0 0 436207616 4194304
// Threading:  0 0 4194304

// AfterAll
// Benchmark Process 3815 has exited with code 0.

Mean = 128.566 ns, StdErr = 0.413 ns (0.32%), N = 3, StdDev = 0.715 ns
Min = 127.876 ns, Q1 = 128.197 ns, Median = 128.519 ns, Q3 = 128.911 ns, Max = 129.304 ns
IQR = 0.714 ns, LowerFence = 127.126 ns, UpperFence = 129.983 ns
ConfidenceInterval = [115.514 ns; 141.618 ns] (CI 99.9%), Margin = 13.052 ns (10.15% of Mean)
Skewness = 0.07, Kurtosis = 0.67, MValue = 2

// ** Remained 5 (50.0 %) benchmark(s) to run. Estimated finish 2026-09-27 20:03 (0h 0m from now) **
// **************************
// Benchmark: ScatterGatherBenchmarks.'Scatter-gather all shards (sync result)': ShortRun(IterationCount=3, LaunchCount=1, WarmupCount=3) [ShardCount=25]
// *** Execute ***
// Launch: 1 / 1
// Execute: dotnet Encina.Benchmarks-ShortRun-1.dll --anonymousPipes 228 229 --benchmarkName "Encina.Benchmarks.Sharding.ScatterGatherBenchmarks.ScatterGatherAllShards(ShardCount: 25)" --job ShortRun --benchmarkId 5 in /home/runner/work/Encina/Encina/tests/Encina.BenchmarkTests/Encina.Benchmarks/bin/Release/net10.0/Encina.Benchmarks-ShortRun-1/bin/Release/net10.0
// Failed to set up high priority (Permission denied). In order to run benchmarks with high priority, make sure you have the right permissions.
// BeforeAnythingElse

// Benchmark Process Environment Information:
// BenchmarkDotNet v0.15.8
// Runtime=.NET 10.0.12 (10.0.12, 10.0.1226.42308), X64 RyuJIT x86-64-v3
// GC=Concurrent Workstation
// HardwareIntrinsics=AVX2+BMI1+BMI2+F16C+FMA+LZCNT+MOVBE,AVX,SSE3+SSSE3+SSE4.1+SSE4.2+POPCNT,X86Base+SSE+SSE2,AES+PCLMUL VectorSize=256
// Job: ShortRun(IterationCount=3, LaunchCount=1, WarmupCount=3)

OverheadJitting  1: 1 op, 251820.00 ns, 251.8200 us/op
WorkloadJitting  1: 1 op, 42708461.00 ns, 42.7085 ms/op

WorkloadPilot    1: 2 op, 158980.00 ns, 79.4900 us/op
WorkloadPilot    2: 3 op, 98989.00 ns, 32.9963 us/op
WorkloadPilot    3: 4 op, 117236.00 ns, 29.3090 us/op
WorkloadPilot    4: 5 op, 170247.00 ns, 34.0494 us/op
WorkloadPilot    5: 6 op, 185640.00 ns, 30.9400 us/op
WorkloadPilot    6: 7 op, 244348.00 ns, 34.9069 us/op
WorkloadPilot    7: 8 op, 194644.00 ns, 24.3305 us/op
WorkloadPilot    8: 9 op, 201594.00 ns, 22.3993 us/op
WorkloadPilot    9: 10 op, 223157.00 ns, 22.3157 us/op
WorkloadPilot   10: 11 op, 203757.00 ns, 18.5234 us/op
WorkloadPilot   11: 12 op, 210106.00 ns, 17.5088 us/op
WorkloadPilot   12: 13 op, 209806.00 ns, 16.1389 us/op
WorkloadPilot   13: 14 op, 254123.00 ns, 18.1516 us/op
WorkloadPilot   14: 15 op, 264669.00 ns, 17.6446 us/op
WorkloadPilot   15: 16 op, 334324.00 ns, 20.8953 us/op
WorkloadPilot   16: 32 op, 676089.00 ns, 21.1278 us/op
WorkloadPilot   17: 64 op, 1557378.00 ns, 24.3340 us/op
WorkloadPilot   18: 128 op, 3073933.00 ns, 24.0151 us/op
WorkloadPilot   19: 256 op, 5997551.00 ns, 23.4279 us/op
WorkloadPilot   20: 512 op, 11911025.00 ns, 23.2637 us/op
WorkloadPilot   21: 1024 op, 20972675.00 ns, 20.4811 us/op
WorkloadPilot   22: 2048 op, 30717435.00 ns, 14.9987 us/op
WorkloadPilot   23: 4096 op, 55717851.00 ns, 13.6030 us/op
WorkloadPilot   24: 8192 op, 113688699.00 ns, 13.8780 us/op
WorkloadPilot   25: 16384 op, 223632764.00 ns, 13.6495 us/op
WorkloadPilot   26: 32768 op, 441837435.00 ns, 13.4838 us/op
WorkloadPilot   27: 65536 op, 882375190.00 ns, 13.4640 us/op

WorkloadWarmup   1: 65536 op, 885939172.00 ns, 13.5184 us/op
WorkloadWarmup   2: 65536 op, 890895684.00 ns, 13.5940 us/op
WorkloadWarmup   3: 65536 op, 887666196.00 ns, 13.5447 us/op

// BeforeActualRun
WorkloadActual   1: 65536 op, 882184573.00 ns, 13.4611 us/op
WorkloadActual   2: 65536 op, 907000662.00 ns, 13.8397 us/op
WorkloadActual   3: 65536 op, 887944545.00 ns, 13.5490 us/op

// AfterActualRun
WorkloadResult   1: 65536 op, 882184573.00 ns, 13.4611 us/op
WorkloadResult   2: 65536 op, 907000662.00 ns, 13.8397 us/op
WorkloadResult   3: 65536 op, 887944545.00 ns, 13.5490 us/op
// GC:  76 2 0 1275592704 65536
// Threading:  0 0 65536

// AfterAll
// Benchmark Process 3822 has exited with code 0.

Mean = 13.617 μs, StdErr = 0.114 μs (0.84%), N = 3, StdDev = 0.198 μs
Min = 13.461 μs, Q1 = 13.505 μs, Median = 13.549 μs, Q3 = 13.694 μs, Max = 13.840 μs
IQR = 0.189 μs, LowerFence = 13.221 μs, UpperFence = 13.978 μs
ConfidenceInterval = [10.001 μs; 17.232 μs] (CI 99.9%), Margin = 3.616 μs (26.55% of Mean)
Skewness = 0.3, Kurtosis = 0.67, MValue = 2

// ** Remained 4 (40.0 %) benchmark(s) to run. Estimated finish 2026-09-27 20:03 (0h 0m from now) **
// **************************
// Benchmark: ScatterGatherBenchmarks.'Scatter-gather subset (3 shards)': ShortRun(IterationCount=3, LaunchCount=1, WarmupCount=3) [ShardCount=25]
// *** Execute ***
// Launch: 1 / 1
// Execute: dotnet Encina.Benchmarks-ShortRun-1.dll --anonymousPipes 228 229 --benchmarkName "Encina.Benchmarks.Sharding.ScatterGatherBenchmarks.ScatterGatherSubset(ShardCount: 25)" --job ShortRun --benchmarkId 6 in /home/runner/work/Encina/Encina/tests/Encina.BenchmarkTests/Encina.Benchmarks/bin/Release/net10.0/Encina.Benchmarks-ShortRun-1/bin/Release/net10.0
// Failed to set up high priority (Permission denied). In order to run benchmarks with high priority, make sure you have the right permissions.
// BeforeAnythingElse

// Benchmark Process Environment Information:
// BenchmarkDotNet v0.15.8
// Runtime=.NET 10.0.12 (10.0.12, 10.0.1226.42308), X64 RyuJIT x86-64-v3
// GC=Concurrent Workstation
// HardwareIntrinsics=AVX2+BMI1+BMI2+F16C+FMA+LZCNT+MOVBE,AVX,SSE3+SSSE3+SSE4.1+SSE4.2+POPCNT,X86Base+SSE+SSE2,AES+PCLMUL VectorSize=256
// Job: ShortRun(IterationCount=3, LaunchCount=1, WarmupCount=3)

OverheadJitting  1: 1 op, 230348.00 ns, 230.3480 us/op
WorkloadJitting  1: 1 op, 40907208.00 ns, 40.9072 ms/op

WorkloadPilot    1: 2 op, 111889.00 ns, 55.9445 us/op
WorkloadPilot    2: 3 op, 38187.00 ns, 12.7290 us/op
WorkloadPilot    3: 4 op, 34783.00 ns, 8.6958 us/op
WorkloadPilot    4: 5 op, 50546.00 ns, 10.1092 us/op
WorkloadPilot    5: 6 op, 54913.00 ns, 9.1522 us/op
WorkloadPilot    6: 7 op, 54743.00 ns, 7.8204 us/op
WorkloadPilot    7: 8 op, 83336.00 ns, 10.4170 us/op
WorkloadPilot    8: 9 op, 71648.00 ns, 7.9609 us/op
WorkloadPilot    9: 10 op, 76605.00 ns, 7.6605 us/op
WorkloadPilot   10: 11 op, 79460.00 ns, 7.2236 us/op
WorkloadPilot   11: 12 op, 91478.00 ns, 7.6232 us/op
WorkloadPilot   12: 13 op, 109014.00 ns, 8.3857 us/op
WorkloadPilot   13: 14 op, 99791.00 ns, 7.1279 us/op
WorkloadPilot   14: 15 op, 99750.00 ns, 6.6500 us/op
WorkloadPilot   15: 16 op, 120862.00 ns, 7.5539 us/op
WorkloadPilot   16: 32 op, 221915.00 ns, 6.9348 us/op
WorkloadPilot   17: 64 op, 401986.00 ns, 6.2810 us/op
WorkloadPilot   18: 128 op, 641397.00 ns, 5.0109 us/op
WorkloadPilot   19: 256 op, 1399069.00 ns, 5.4651 us/op
WorkloadPilot   20: 512 op, 2707261.00 ns, 5.2876 us/op
WorkloadPilot   21: 1024 op, 5378809.00 ns, 5.2527 us/op
WorkloadPilot   22: 2048 op, 10848644.00 ns, 5.2972 us/op
WorkloadPilot   23: 4096 op, 21851271.00 ns, 5.3348 us/op
WorkloadPilot   24: 8192 op, 28007291.00 ns, 3.4189 us/op
WorkloadPilot   25: 16384 op, 54035389.00 ns, 3.2981 us/op
WorkloadPilot   26: 32768 op, 106531517.00 ns, 3.2511 us/op
WorkloadPilot   27: 65536 op, 213347212.00 ns, 3.2554 us/op
WorkloadPilot   28: 131072 op, 426058736.00 ns, 3.2506 us/op
WorkloadPilot   29: 262144 op, 871534723.00 ns, 3.3246 us/op

WorkloadWarmup   1: 262144 op, 873000944.00 ns, 3.3302 us/op
WorkloadWarmup   2: 262144 op, 873292513.00 ns, 3.3313 us/op
WorkloadWarmup   3: 262144 op, 881993228.00 ns, 3.3645 us/op

// BeforeActualRun
WorkloadActual   1: 262144 op, 871134880.00 ns, 3.3231 us/op
WorkloadActual   2: 262144 op, 880075078.00 ns, 3.3572 us/op
WorkloadActual   3: 262144 op, 869373906.00 ns, 3.3164 us/op

// AfterActualRun
WorkloadResult   1: 262144 op, 871134880.00 ns, 3.3231 us/op
WorkloadResult   2: 262144 op, 880075078.00 ns, 3.3572 us/op
WorkloadResult   3: 262144 op, 869373906.00 ns, 3.3164 us/op
// GC:  60 0 0 1017118720 262144
// Threading:  0 0 262144

// AfterAll
// Benchmark Process 3829 has exited with code 0.

Mean = 3.332 μs, StdErr = 0.013 μs (0.38%), N = 3, StdDev = 0.022 μs
Min = 3.316 μs, Q1 = 3.320 μs, Median = 3.323 μs, Q3 = 3.340 μs, Max = 3.357 μs
IQR = 0.020 μs, LowerFence = 3.289 μs, UpperFence = 3.371 μs
ConfidenceInterval = [2.933 μs; 3.732 μs] (CI 99.9%), Margin = 0.399 μs (11.98% of Mean)
Skewness = 0.34, Kurtosis = 0.67, MValue = 2

// ** Remained 3 (30.0 %) benchmark(s) to run. Estimated finish 2026-09-27 20:03 (0h 0m from now) **
// **************************
// Benchmark: ScatterGatherBenchmarks.'Scatter-gather with large results': ShortRun(IterationCount=3, LaunchCount=1, WarmupCount=3) [ShardCount=25]
// *** Execute ***
// Launch: 1 / 1
// Execute: dotnet Encina.Benchmarks-ShortRun-1.dll --anonymousPipes 228 229 --benchmarkName "Encina.Benchmarks.Sharding.ScatterGatherBenchmarks.ScatterGatherLargeResults(ShardCount: 25)" --job ShortRun --benchmarkId 7 in /home/runner/work/Encina/Encina/tests/Encina.BenchmarkTests/Encina.Benchmarks/bin/Release/net10.0/Encina.Benchmarks-ShortRun-1/bin/Release/net10.0
// Failed to set up high priority (Permission denied). In order to run benchmarks with high priority, make sure you have the right permissions.
// BeforeAnythingElse

// Benchmark Process Environment Information:
// BenchmarkDotNet v0.15.8
// Runtime=.NET 10.0.12 (10.0.12, 10.0.1226.42308), X64 RyuJIT x86-64-v3
// GC=Concurrent Workstation
// HardwareIntrinsics=AVX2+BMI1+BMI2+F16C+FMA+LZCNT+MOVBE,AVX,SSE3+SSSE3+SSE4.1+SSE4.2+POPCNT,X86Base+SSE+SSE2,AES+PCLMUL VectorSize=256
// Job: ShortRun(IterationCount=3, LaunchCount=1, WarmupCount=3)

OverheadJitting  1: 1 op, 230488.00 ns, 230.4880 us/op
WorkloadJitting  1: 1 op, 43212741.00 ns, 43.2127 ms/op

WorkloadPilot    1: 2 op, 580876.00 ns, 290.4380 us/op
WorkloadPilot    2: 3 op, 1002761.00 ns, 334.2537 us/op
WorkloadPilot    3: 4 op, 834839.00 ns, 208.7098 us/op
WorkloadPilot    4: 5 op, 1373330.00 ns, 274.6660 us/op
WorkloadPilot    5: 6 op, 1343936.00 ns, 223.9893 us/op
WorkloadPilot    6: 7 op, 1577729.00 ns, 225.3899 us/op
WorkloadPilot    7: 8 op, 1648014.00 ns, 206.0018 us/op
WorkloadPilot    8: 9 op, 1837831.00 ns, 204.2034 us/op
WorkloadPilot    9: 10 op, 1975187.00 ns, 197.5187 us/op
WorkloadPilot   10: 11 op, 2151053.00 ns, 195.5503 us/op
WorkloadPilot   11: 12 op, 2434480.00 ns, 202.8733 us/op
WorkloadPilot   12: 13 op, 2500109.00 ns, 192.3161 us/op
WorkloadPilot   13: 14 op, 2632889.00 ns, 188.0635 us/op
WorkloadPilot   14: 15 op, 2804939.00 ns, 186.9959 us/op
WorkloadPilot   15: 16 op, 2937558.00 ns, 183.5974 us/op
WorkloadPilot   16: 32 op, 8244247.00 ns, 257.6327 us/op
WorkloadPilot   17: 64 op, 18423052.00 ns, 287.8602 us/op
WorkloadPilot   18: 128 op, 23007272.00 ns, 179.7443 us/op
WorkloadPilot   19: 256 op, 43550901.00 ns, 170.1207 us/op
WorkloadPilot   20: 512 op, 85642902.00 ns, 167.2713 us/op
WorkloadPilot   21: 1024 op, 172345502.00 ns, 168.3062 us/op
WorkloadPilot   22: 2048 op, 347951399.00 ns, 169.8981 us/op
WorkloadPilot   23: 4096 op, 686640506.00 ns, 167.6368 us/op

WorkloadWarmup   1: 4096 op, 688963949.00 ns, 168.2041 us/op
WorkloadWarmup   2: 4096 op, 696894104.00 ns, 170.1402 us/op
WorkloadWarmup   3: 4096 op, 693417753.00 ns, 169.2914 us/op

// BeforeActualRun
WorkloadActual   1: 4096 op, 689550253.00 ns, 168.3472 us/op
WorkloadActual   2: 4096 op, 696693651.00 ns, 170.0912 us/op
WorkloadActual   3: 4096 op, 697322400.00 ns, 170.2447 us/op

// AfterActualRun
WorkloadResult   1: 4096 op, 689550253.00 ns, 168.3472 us/op
WorkloadResult   2: 4096 op, 696693651.00 ns, 170.0912 us/op
WorkloadResult   3: 4096 op, 697322400.00 ns, 170.2447 us/op
// GC:  59 43 0 995131392 4096
// Threading:  0 0 4096

// AfterAll
// Benchmark Process 3840 has exited with code 0.

Mean = 169.561 μs, StdErr = 0.609 μs (0.36%), N = 3, StdDev = 1.054 μs
Min = 168.347 μs, Q1 = 169.219 μs, Median = 170.091 μs, Q3 = 170.168 μs, Max = 170.245 μs
IQR = 0.949 μs, LowerFence = 167.796 μs, UpperFence = 171.591 μs
ConfidenceInterval = [150.332 μs; 188.790 μs] (CI 99.9%), Margin = 19.229 μs (11.34% of Mean)
Skewness = -0.38, Kurtosis = 0.67, MValue = 2

// ** Remained 2 (20.0 %) benchmark(s) to run. Estimated finish 2026-09-27 20:03 (0h 0m from now) **
// **************************
// Benchmark: ScatterGatherBenchmarks.'Scatter-gather single shard': ShortRun(IterationCount=3, LaunchCount=1, WarmupCount=3) [ShardCount=25]
// *** Execute ***
// Launch: 1 / 1
// Execute: dotnet Encina.Benchmarks-ShortRun-1.dll --anonymousPipes 228 229 --benchmarkName "Encina.Benchmarks.Sharding.ScatterGatherBenchmarks.ScatterGatherSingleShard(ShardCount: 25)" --job ShortRun --benchmarkId 8 in /home/runner/work/Encina/Encina/tests/Encina.BenchmarkTests/Encina.Benchmarks/bin/Release/net10.0/Encina.Benchmarks-ShortRun-1/bin/Release/net10.0
// Failed to set up high priority (Permission denied). In order to run benchmarks with high priority, make sure you have the right permissions.
// BeforeAnythingElse

// Benchmark Process Environment Information:
// BenchmarkDotNet v0.15.8
// Runtime=.NET 10.0.12 (10.0.12, 10.0.1226.42308), X64 RyuJIT x86-64-v3
// GC=Concurrent Workstation
// HardwareIntrinsics=AVX2+BMI1+BMI2+F16C+FMA+LZCNT+MOVBE,AVX,SSE3+SSSE3+SSE4.1+SSE4.2+POPCNT,X86Base+SSE+SSE2,AES+PCLMUL VectorSize=256
// Job: ShortRun(IterationCount=3, LaunchCount=1, WarmupCount=3)

OverheadJitting  1: 1 op, 259311.00 ns, 259.3110 us/op
WorkloadJitting  1: 1 op, 41827062.00 ns, 41.8271 ms/op

WorkloadPilot    1: 2 op, 136406.00 ns, 68.2030 us/op
WorkloadPilot    2: 3 op, 33300.00 ns, 11.1000 us/op
WorkloadPilot    3: 4 op, 27962.00 ns, 6.9905 us/op
WorkloadPilot    4: 5 op, 38769.00 ns, 7.7538 us/op
WorkloadPilot    5: 6 op, 40962.00 ns, 6.8270 us/op
WorkloadPilot    6: 7 op, 43846.00 ns, 6.2637 us/op
WorkloadPilot    7: 8 op, 44257.00 ns, 5.5321 us/op
WorkloadPilot    8: 9 op, 82966.00 ns, 9.2184 us/op
WorkloadPilot    9: 10 op, 53009.00 ns, 5.3009 us/op
WorkloadPilot   10: 11 op, 59379.00 ns, 5.3981 us/op
WorkloadPilot   11: 12 op, 61633.00 ns, 5.1361 us/op
WorkloadPilot   12: 13 op, 63696.00 ns, 4.8997 us/op
WorkloadPilot   13: 14 op, 73371.00 ns, 5.2408 us/op
WorkloadPilot   14: 15 op, 85809.00 ns, 5.7206 us/op
WorkloadPilot   15: 16 op, 73831.00 ns, 4.6144 us/op
WorkloadPilot   16: 32 op, 142775.00 ns, 4.4617 us/op
WorkloadPilot   17: 64 op, 281704.00 ns, 4.4016 us/op
WorkloadPilot   18: 128 op, 406843.00 ns, 3.1785 us/op
WorkloadPilot   19: 256 op, 888790.00 ns, 3.4718 us/op
WorkloadPilot   20: 512 op, 1704330.00 ns, 3.3288 us/op
WorkloadPilot   21: 1024 op, 3540487.00 ns, 3.4575 us/op
WorkloadPilot   22: 2048 op, 6995425.00 ns, 3.4157 us/op
WorkloadPilot   23: 4096 op, 13739872.00 ns, 3.3545 us/op
WorkloadPilot   24: 8192 op, 24128422.00 ns, 2.9454 us/op
WorkloadPilot   25: 16384 op, 36634846.00 ns, 2.2360 us/op
WorkloadPilot   26: 32768 op, 66677553.00 ns, 2.0348 us/op
WorkloadPilot   27: 65536 op, 154666712.00 ns, 2.3600 us/op
WorkloadPilot   28: 131072 op, 268493961.00 ns, 2.0484 us/op
WorkloadPilot   29: 262144 op, 533991611.00 ns, 2.0370 us/op

WorkloadWarmup   1: 262144 op, 533363597.00 ns, 2.0346 us/op
WorkloadWarmup   2: 262144 op, 539541451.00 ns, 2.0582 us/op
WorkloadWarmup   3: 262144 op, 539159615.00 ns, 2.0567 us/op

// BeforeActualRun
WorkloadActual   1: 262144 op, 532318952.00 ns, 2.0306 us/op
WorkloadActual   2: 262144 op, 537073090.00 ns, 2.0488 us/op
WorkloadActual   3: 262144 op, 534492039.00 ns, 2.0389 us/op

// AfterActualRun
WorkloadResult   1: 262144 op, 532318952.00 ns, 2.0306 us/op
WorkloadResult   2: 262144 op, 537073090.00 ns, 2.0488 us/op
WorkloadResult   3: 262144 op, 534492039.00 ns, 2.0389 us/op
// GC:  39 0 0 656408576 262144
// Threading:  0 0 262144

// AfterAll
// Benchmark Process 3847 has exited with code 0.

Mean = 2.039 μs, StdErr = 0.005 μs (0.26%), N = 3, StdDev = 0.009 μs
Min = 2.031 μs, Q1 = 2.035 μs, Median = 2.039 μs, Q3 = 2.044 μs, Max = 2.049 μs
IQR = 0.009 μs, LowerFence = 2.021 μs, UpperFence = 2.057 μs
ConfidenceInterval = [1.874 μs; 2.205 μs] (CI 99.9%), Margin = 0.166 μs (8.12% of Mean)
Skewness = 0.06, Kurtosis = 0.67, MValue = 2

// ** Remained 1 (10.0 %) benchmark(s) to run. Estimated finish 2026-09-27 20:03 (0h 0m from now) **
// **************************
// Benchmark: ScatterGatherBenchmarks.'Topology lookup all shards': ShortRun(IterationCount=3, LaunchCount=1, WarmupCount=3) [ShardCount=25]
// *** Execute ***
// Launch: 1 / 1
// Execute: dotnet Encina.Benchmarks-ShortRun-1.dll --anonymousPipes 228 229 --benchmarkName "Encina.Benchmarks.Sharding.ScatterGatherBenchmarks.TopologyGetAllShards(ShardCount: 25)" --job ShortRun --benchmarkId 9 in /home/runner/work/Encina/Encina/tests/Encina.BenchmarkTests/Encina.Benchmarks/bin/Release/net10.0/Encina.Benchmarks-ShortRun-1/bin/Release/net10.0
// Failed to set up high priority (Permission denied). In order to run benchmarks with high priority, make sure you have the right permissions.
// BeforeAnythingElse

// Benchmark Process Environment Information:
// BenchmarkDotNet v0.15.8
// Runtime=.NET 10.0.12 (10.0.12, 10.0.1226.42308), X64 RyuJIT x86-64-v3
// GC=Concurrent Workstation
// HardwareIntrinsics=AVX2+BMI1+BMI2+F16C+FMA+LZCNT+MOVBE,AVX,SSE3+SSSE3+SSE4.1+SSE4.2+POPCNT,X86Base+SSE+SSE2,AES+PCLMUL VectorSize=256
// Job: ShortRun(IterationCount=3, LaunchCount=1, WarmupCount=3)

OverheadJitting  1: 1 op, 248415.00 ns, 248.4150 us/op
WorkloadJitting  1: 1 op, 1019116.00 ns, 1.0191 ms/op

OverheadJitting  2: 16 op, 546844.00 ns, 34.1778 us/op
WorkloadJitting  2: 16 op, 576499.00 ns, 36.0312 us/op

WorkloadPilot    1: 16 op, 27201.00 ns, 1.7001 us/op
WorkloadPilot    2: 32 op, 30817.00 ns, 963.0313 ns/op
WorkloadPilot    3: 64 op, 50145.00 ns, 783.5156 ns/op
WorkloadPilot    4: 128 op, 86090.00 ns, 672.5781 ns/op
WorkloadPilot    5: 256 op, 104778.00 ns, 409.2891 ns/op
WorkloadPilot    6: 512 op, 176646.00 ns, 345.0117 ns/op
WorkloadPilot    7: 1024 op, 276316.00 ns, 269.8398 ns/op
WorkloadPilot    8: 2048 op, 534937.00 ns, 261.1997 ns/op
WorkloadPilot    9: 4096 op, 1146418.00 ns, 279.8872 ns/op
WorkloadPilot   10: 8192 op, 2322181.00 ns, 283.4694 ns/op
WorkloadPilot   11: 16384 op, 4693225.00 ns, 286.4517 ns/op
WorkloadPilot   12: 32768 op, 9208824.00 ns, 281.0310 ns/op
WorkloadPilot   13: 65536 op, 16622610.00 ns, 253.6409 ns/op
WorkloadPilot   14: 131072 op, 18748796.00 ns, 143.0420 ns/op
WorkloadPilot   15: 262144 op, 37008454.00 ns, 141.1760 ns/op
WorkloadPilot   16: 524288 op, 76150483.00 ns, 145.2455 ns/op
WorkloadPilot   17: 1048576 op, 148671877.00 ns, 141.7846 ns/op
WorkloadPilot   18: 2097152 op, 295509479.00 ns, 140.9099 ns/op
WorkloadPilot   19: 4194304 op, 590400406.00 ns, 140.7624 ns/op

OverheadWarmup   1: 4194304 op, 14017402.00 ns, 3.3420 ns/op
OverheadWarmup   2: 4194304 op, 15518015.00 ns, 3.6998 ns/op
OverheadWarmup   3: 4194304 op, 15497103.00 ns, 3.6948 ns/op
OverheadWarmup   4: 4194304 op, 15491475.00 ns, 3.6935 ns/op
OverheadWarmup   5: 4194304 op, 14034008.00 ns, 3.3460 ns/op
OverheadWarmup   6: 4194304 op, 15501620.00 ns, 3.6959 ns/op
OverheadWarmup   7: 4194304 op, 15473528.00 ns, 3.6892 ns/op

OverheadActual   1: 4194304 op, 14024203.00 ns, 3.3436 ns/op
OverheadActual   2: 4194304 op, 14017153.00 ns, 3.3419 ns/op
OverheadActual   3: 4194304 op, 14007598.00 ns, 3.3397 ns/op
OverheadActual   4: 4194304 op, 14092856.00 ns, 3.3600 ns/op
OverheadActual   5: 4194304 op, 14098014.00 ns, 3.3612 ns/op
OverheadActual   6: 4194304 op, 13998514.00 ns, 3.3375 ns/op
OverheadActual   7: 4194304 op, 15508691.00 ns, 3.6976 ns/op
OverheadActual   8: 4194304 op, 15507950.00 ns, 3.6974 ns/op
OverheadActual   9: 4194304 op, 15494730.00 ns, 3.6942 ns/op
OverheadActual  10: 4194304 op, 14034869.00 ns, 3.3462 ns/op
OverheadActual  11: 4194304 op, 14011503.00 ns, 3.3406 ns/op
OverheadActual  12: 4194304 op, 15482221.00 ns, 3.6912 ns/op
OverheadActual  13: 4194304 op, 15478746.00 ns, 3.6904 ns/op
OverheadActual  14: 4194304 op, 15515702.00 ns, 3.6992 ns/op
OverheadActual  15: 4194304 op, 14000998.00 ns, 3.3381 ns/op
OverheadActual  16: 4194304 op, 14005915.00 ns, 3.3393 ns/op
OverheadActual  17: 4194304 op, 14124414.00 ns, 3.3675 ns/op

WorkloadWarmup   1: 4194304 op, 599219571.00 ns, 142.8651 ns/op
WorkloadWarmup   2: 4194304 op, 598301758.00 ns, 142.6463 ns/op
WorkloadWarmup   3: 4194304 op, 593415461.00 ns, 141.4813 ns/op

// BeforeActualRun
WorkloadActual   1: 4194304 op, 590466884.00 ns, 140.7783 ns/op
WorkloadActual   2: 4194304 op, 588296459.00 ns, 140.2608 ns/op
WorkloadActual   3: 4194304 op, 590087319.00 ns, 140.6878 ns/op

// AfterActualRun
WorkloadResult   1: 4194304 op, 576374028.00 ns, 137.4183 ns/op
WorkloadResult   2: 4194304 op, 574203603.00 ns, 136.9008 ns/op
WorkloadResult   3: 4194304 op, 575994463.00 ns, 137.3278 ns/op
// GC:  70 0 0 1174405120 4194304
// Threading:  0 0 4194304

// AfterAll
// Benchmark Process 3857 has exited with code 0.

Mean = 137.216 ns, StdErr = 0.160 ns (0.12%), N = 3, StdDev = 0.276 ns
Min = 136.901 ns, Q1 = 137.114 ns, Median = 137.328 ns, Q3 = 137.373 ns, Max = 137.418 ns
IQR = 0.259 ns, LowerFence = 136.726 ns, UpperFence = 137.761 ns
ConfidenceInterval = [132.174 ns; 142.258 ns] (CI 99.9%), Margin = 5.042 ns (3.67% of Mean)
Skewness = -0.34, Kurtosis = 0.67, MValue = 2

// ** Remained 0 (0.0 %) benchmark(s) to run. Estimated finish 2026-09-27 20:03 (0h 0m from now) **
// ***** BenchmarkRunner: Finish  *****

// * Export *
  artifacts/performance/Core/results/Encina.Benchmarks.Sharding.ScatterGatherBenchmarks-report.csv
  artifacts/performance/Core/results/Encina.Benchmarks.Sharding.ScatterGatherBenchmarks-report-github.md
  artifacts/performance/Core/results/Encina.Benchmarks.Sharding.ScatterGatherBenchmarks-report.html
  artifacts/performance/Core/results/Encina.Benchmarks.Sharding.ScatterGatherBenchmarks-report-full-compressed.json
  artifacts/performance/Core/results/Encina.Benchmarks.Sharding.ScatterGatherBenchmarks-report-default.md

// * Detailed results *
ScatterGatherBenchmarks.'Scatter-gather all shards (sync result)': ShortRun(IterationCount=3, LaunchCount=1, WarmupCount=3) [ShardCount=3]
Runtime = .NET 10.0.12 (10.0.12, 10.0.1226.42308), X64 RyuJIT x86-64-v3; GC = Concurrent Workstation
Mean = 3.166 μs, StdErr = 0.008 μs (0.26%), N = 3, StdDev = 0.014 μs
Min = 3.150 μs, Q1 = 3.161 μs, Median = 3.172 μs, Q3 = 3.175 μs, Max = 3.177 μs
IQR = 0.013 μs, LowerFence = 3.141 μs, UpperFence = 3.195 μs
ConfidenceInterval = [2.903 μs; 3.429 μs] (CI 99.9%), Margin = 0.263 μs (8.31% of Mean)
Skewness = -0.34, Kurtosis = 0.67, MValue = 2
-------------------- Histogram --------------------
[3.137 μs ; 3.190 μs) | @@@
---------------------------------------------------

ScatterGatherBenchmarks.'Scatter-gather subset (3 shards)': ShortRun(IterationCount=3, LaunchCount=1, WarmupCount=3) [ShardCount=3]
Runtime = .NET 10.0.12 (10.0.12, 10.0.1226.42308), X64 RyuJIT x86-64-v3; GC = Concurrent Workstation
Mean = 3.181 μs, StdErr = 0.008 μs (0.24%), N = 3, StdDev = 0.013 μs
Min = 3.172 μs, Q1 = 3.173 μs, Median = 3.175 μs, Q3 = 3.186 μs, Max = 3.196 μs
IQR = 0.012 μs, LowerFence = 3.155 μs, UpperFence = 3.204 μs
ConfidenceInterval = [2.939 μs; 3.423 μs] (CI 99.9%), Margin = 0.242 μs (7.62% of Mean)
Skewness = 0.35, Kurtosis = 0.67, MValue = 2
-------------------- Histogram --------------------
[3.159 μs ; 3.208 μs) | @@@
---------------------------------------------------

ScatterGatherBenchmarks.'Scatter-gather with large results': ShortRun(IterationCount=3, LaunchCount=1, WarmupCount=3) [ShardCount=3]
Runtime = .NET 10.0.12 (10.0.12, 10.0.1226.42308), X64 RyuJIT x86-64-v3; GC = Concurrent Workstation
Mean = 22.331 μs, StdErr = 0.112 μs (0.50%), N = 3, StdDev = 0.194 μs
Min = 22.114 μs, Q1 = 22.253 μs, Median = 22.391 μs, Q3 = 22.440 μs, Max = 22.489 μs
IQR = 0.187 μs, LowerFence = 21.972 μs, UpperFence = 22.721 μs
ConfidenceInterval = [18.790 μs; 25.873 μs] (CI 99.9%), Margin = 3.542 μs (15.86% of Mean)
Skewness = -0.28, Kurtosis = 0.67, MValue = 2
-------------------- Histogram --------------------
[21.938 μs ; 22.665 μs) | @@@
---------------------------------------------------

ScatterGatherBenchmarks.'Scatter-gather single shard': ShortRun(IterationCount=3, LaunchCount=1, WarmupCount=3) [ShardCount=3]
Runtime = .NET 10.0.12 (10.0.12, 10.0.1226.42308), X64 RyuJIT x86-64-v3; GC = Concurrent Workstation
Mean = 2.055 μs, StdErr = 0.013 μs (0.65%), N = 3, StdDev = 0.023 μs
Min = 2.036 μs, Q1 = 2.041 μs, Median = 2.046 μs, Q3 = 2.064 μs, Max = 2.081 μs
IQR = 0.022 μs, LowerFence = 2.008 μs, UpperFence = 2.097 μs
ConfidenceInterval = [1.631 μs; 2.479 μs] (CI 99.9%), Margin = 0.424 μs (20.64% of Mean)
Skewness = 0.31, Kurtosis = 0.67, MValue = 2
-------------------- Histogram --------------------
[2.020 μs ; 2.102 μs) | @@@
---------------------------------------------------

ScatterGatherBenchmarks.'Topology lookup all shards': ShortRun(IterationCount=3, LaunchCount=1, WarmupCount=3) [ShardCount=3]
Runtime = .NET 10.0.12 (10.0.12, 10.0.1226.42308), X64 RyuJIT x86-64-v3; GC = Concurrent Workstation
Mean = 128.566 ns, StdErr = 0.413 ns (0.32%), N = 3, StdDev = 0.715 ns
Min = 127.876 ns, Q1 = 128.197 ns, Median = 128.519 ns, Q3 = 128.911 ns, Max = 129.304 ns
IQR = 0.714 ns, LowerFence = 127.126 ns, UpperFence = 129.983 ns
ConfidenceInterval = [115.514 ns; 141.618 ns] (CI 99.9%), Margin = 13.052 ns (10.15% of Mean)
Skewness = 0.07, Kurtosis = 0.67, MValue = 2
-------------------- Histogram --------------------
[127.224 ns ; 129.479 ns) | @@@
---------------------------------------------------

ScatterGatherBenchmarks.'Scatter-gather all shards (sync result)': ShortRun(IterationCount=3, LaunchCount=1, WarmupCount=3) [ShardCount=25]
Runtime = .NET 10.0.12 (10.0.12, 10.0.1226.42308), X64 RyuJIT x86-64-v3; GC = Concurrent Workstation
Mean = 13.617 μs, StdErr = 0.114 μs (0.84%), N = 3, StdDev = 0.198 μs
Min = 13.461 μs, Q1 = 13.505 μs, Median = 13.549 μs, Q3 = 13.694 μs, Max = 13.840 μs
IQR = 0.189 μs, LowerFence = 13.221 μs, UpperFence = 13.978 μs
ConfidenceInterval = [10.001 μs; 17.232 μs] (CI 99.9%), Margin = 3.616 μs (26.55% of Mean)
Skewness = 0.3, Kurtosis = 0.67, MValue = 2
-------------------- Histogram --------------------
[13.325 μs ; 13.685 μs) | @@
[13.685 μs ; 14.020 μs) | @
---------------------------------------------------

ScatterGatherBenchmarks.'Scatter-gather subset (3 shards)': ShortRun(IterationCount=3, LaunchCount=1, WarmupCount=3) [ShardCount=25]
Runtime = .NET 10.0.12 (10.0.12, 10.0.1226.42308), X64 RyuJIT x86-64-v3; GC = Concurrent Workstation
Mean = 3.332 μs, StdErr = 0.013 μs (0.38%), N = 3, StdDev = 0.022 μs
Min = 3.316 μs, Q1 = 3.320 μs, Median = 3.323 μs, Q3 = 3.340 μs, Max = 3.357 μs
IQR = 0.020 μs, LowerFence = 3.289 μs, UpperFence = 3.371 μs
ConfidenceInterval = [2.933 μs; 3.732 μs] (CI 99.9%), Margin = 0.399 μs (11.98% of Mean)
Skewness = 0.34, Kurtosis = 0.67, MValue = 2
-------------------- Histogram --------------------
[3.296 μs ; 3.377 μs) | @@@
---------------------------------------------------

ScatterGatherBenchmarks.'Scatter-gather with large results': ShortRun(IterationCount=3, LaunchCount=1, WarmupCount=3) [ShardCount=25]
Runtime = .NET 10.0.12 (10.0.12, 10.0.1226.42308), X64 RyuJIT x86-64-v3; GC = Concurrent Workstation
Mean = 169.561 μs, StdErr = 0.609 μs (0.36%), N = 3, StdDev = 1.054 μs
Min = 168.347 μs, Q1 = 169.219 μs, Median = 170.091 μs, Q3 = 170.168 μs, Max = 170.245 μs
IQR = 0.949 μs, LowerFence = 167.796 μs, UpperFence = 171.591 μs
ConfidenceInterval = [150.332 μs; 188.790 μs] (CI 99.9%), Margin = 19.229 μs (11.34% of Mean)
Skewness = -0.38, Kurtosis = 0.67, MValue = 2
-------------------- Histogram --------------------
[168.337 μs ; 170.255 μs) | @@@
---------------------------------------------------

ScatterGatherBenchmarks.'Scatter-gather single shard': ShortRun(IterationCount=3, LaunchCount=1, WarmupCount=3) [ShardCount=25]
Runtime = .NET 10.0.12 (10.0.12, 10.0.1226.42308), X64 RyuJIT x86-64-v3; GC = Concurrent Workstation
Mean = 2.039 μs, StdErr = 0.005 μs (0.26%), N = 3, StdDev = 0.009 μs
Min = 2.031 μs, Q1 = 2.035 μs, Median = 2.039 μs, Q3 = 2.044 μs, Max = 2.049 μs
IQR = 0.009 μs, LowerFence = 2.021 μs, UpperFence = 2.057 μs
ConfidenceInterval = [1.874 μs; 2.205 μs] (CI 99.9%), Margin = 0.166 μs (8.12% of Mean)
Skewness = 0.06, Kurtosis = 0.67, MValue = 2
-------------------- Histogram --------------------
[2.022 μs ; 2.057 μs) | @@@
---------------------------------------------------

ScatterGatherBenchmarks.'Topology lookup all shards': ShortRun(IterationCount=3, LaunchCount=1, WarmupCount=3) [ShardCount=25]
Runtime = .NET 10.0.12 (10.0.12, 10.0.1226.42308), X64 RyuJIT x86-64-v3; GC = Concurrent Workstation
Mean = 137.216 ns, StdErr = 0.160 ns (0.12%), N = 3, StdDev = 0.276 ns
Min = 136.901 ns, Q1 = 137.114 ns, Median = 137.328 ns, Q3 = 137.373 ns, Max = 137.418 ns
IQR = 0.259 ns, LowerFence = 136.726 ns, UpperFence = 137.761 ns
ConfidenceInterval = [132.174 ns; 142.258 ns] (CI 99.9%), Margin = 5.042 ns (3.67% of Mean)
Skewness = -0.34, Kurtosis = 0.67, MValue = 2
-------------------- Histogram --------------------
[136.649 ns ; 137.670 ns) | @@@
---------------------------------------------------

// * Summary *

BenchmarkDotNet v0.15.8, Linux Ubuntu 24.04.5 LTS (Noble Numbat)
AMD EPYC 9V74 2.60GHz, 1 CPU, 4 logical and 2 physical cores
.NET SDK 10.0.401
  [Host]   : .NET 10.0.12 (10.0.12, 10.0.1226.42308), X64 RyuJIT x86-64-v3
  ShortRun : .NET 10.0.12 (10.0.12, 10.0.1226.42308), X64 RyuJIT x86-64-v3

Job=ShortRun  IterationCount=3  LaunchCount=1  
WarmupCount=3  

| Method                                    | ShardCount | Mean         | Error        | StdDev      | Ratio | RatioSD | Rank | Gen0    | Gen1    | Allocated | Alloc Ratio |
|------------------------------------------ |----------- |-------------:|-------------:|------------:|------:|--------:|-----:|--------:|--------:|----------:|------------:|
| 'Scatter-gather all shards (sync result)' | 3          |   3,166.3 ns |    263.05 ns |    14.42 ns |  1.00 |    0.01 |    3 |  0.2174 |       - |    3648 B |        1.00 |
| 'Scatter-gather subset (3 shards)'        | 3          |   3,181.1 ns |    242.34 ns |    13.28 ns |  1.00 |    0.01 |    3 |  0.2213 |       - |    3704 B |        1.02 |
| 'Scatter-gather with large results'       | 3          |  22,331.4 ns |  3,541.54 ns |   194.12 ns |  7.05 |    0.06 |    4 |  1.7090 |  0.2136 |   28704 B |        7.87 |
| 'Scatter-gather single shard'             | 3          |   2,054.5 ns |    423.98 ns |    23.24 ns |  0.65 |    0.01 |    2 |  0.1373 |       - |    2328 B |        0.64 |
| 'Topology lookup all shards'              | 3          |     128.6 ns |     13.05 ns |     0.72 ns |  0.04 |    0.00 |    1 |  0.0062 |       - |     104 B |        0.03 |
|                                           |            |              |              |             |       |         |      |         |         |           |             |
| 'Scatter-gather all shards (sync result)' | 25         |  13,616.6 ns |  3,615.60 ns |   198.18 ns |  1.00 |    0.02 |    4 |  1.1597 |  0.0305 |   19464 B |        1.00 |
| 'Scatter-gather subset (3 shards)'        | 25         |   3,332.2 ns |    399.33 ns |    21.89 ns |  0.24 |    0.00 |    3 |  0.2289 |       - |    3880 B |        0.20 |
| 'Scatter-gather with large results'       | 25         | 169,561.1 ns | 19,228.99 ns | 1,054.01 ns | 12.45 |    0.17 |    5 | 14.4043 | 10.4980 |  242952 B |       12.48 |
| 'Scatter-gather single shard'             | 25         |   2,039.4 ns |    165.63 ns |     9.08 ns |  0.15 |    0.00 |    2 |  0.1488 |       - |    2504 B |        0.13 |
| 'Topology lookup all shards'              | 25         |     137.2 ns |      5.04 ns |     0.28 ns |  0.01 |    0.00 |    1 |  0.0167 |       - |     280 B |        0.01 |
// * Config Issues *

// * Warnings *
Configuration
  Summary -> The exporter CsvExporter is already present in configuration. There may be unexpected results.
  Summary -> The exporter HtmlExporter is already present in configuration. There may be unexpected results.
  Summary -> The exporter MarkdownExporter-github is already present in configuration. There may be unexpected results.

// * Legends *
  ShardCount  : Value of the 'ShardCount' parameter
  Mean        : Arithmetic mean of all measurements
  Error       : Half of 99.9% confidence interval
  StdDev      : Standard deviation of all measurements
  Ratio       : Mean of the ratio distribution ([Current]/[Baseline])
  RatioSD     : Standard deviation of the ratio distribution ([Current]/[Baseline])
  Rank        : Relative position of current benchmark mean among all benchmarks (Arabic style)
  Gen0        : GC Generation 0 collects per 1000 operations
  Gen1        : GC Generation 1 collects per 1000 operations
  Allocated   : Allocated memory per single operation (managed only, inclusive, 1KB = 1024B)
  Alloc Ratio : Allocated memory ratio distribution ([Current]/[Baseline])
  1 ns        : 1 Nanosecond (0.000000001 sec)

// * Diagnostic Output - MemoryDiagnoser *


// ***** BenchmarkRunner: End *****
Run time: 00:01:07 (67.84 sec), executed benchmarks: 10

Global total time: 00:04:21 (261.55 sec), executed benchmarks: 10
// * Artifacts cleanup *
Artifacts cleanup is finished
