// Validating benchmarks:
// ***** BenchmarkRunner: Start   *****
// ***** Found 10 benchmark(s) in total *****
// ***** Building 1 exe(s) in Parallel: Start   *****
// start dotnet  restore --nodeReuse:false /p:UseSharedCompilation=false /p:Deterministic=true /p:Optimize=true /p:ArtifactsPath="/home/runner/work/Encina/Encina/tests/Encina.BenchmarkTests/Encina.Benchmarks/bin/Release/net10.0/Encina.Benchmarks-ShortRun-1/" /p:OutDir="/home/runner/work/Encina/Encina/tests/Encina.BenchmarkTests/Encina.Benchmarks/bin/Release/net10.0/Encina.Benchmarks-ShortRun-1/bin/Release/net10.0/" /p:OutputPath="/home/runner/work/Encina/Encina/tests/Encina.BenchmarkTests/Encina.Benchmarks/bin/Release/net10.0/Encina.Benchmarks-ShortRun-1/bin/Release/net10.0/" /p:PublishDir="/home/runner/work/Encina/Encina/tests/Encina.BenchmarkTests/Encina.Benchmarks/bin/Release/net10.0/Encina.Benchmarks-ShortRun-1/publish/" in /home/runner/work/Encina/Encina/tests/Encina.BenchmarkTests/Encina.Benchmarks/bin/Release/net10.0/Encina.Benchmarks-ShortRun-1
// command took 3.78 sec and exited with 0
// start dotnet  build -c Release --no-restore --nodeReuse:false /p:UseSharedCompilation=false /p:Deterministic=true /p:Optimize=true /p:ArtifactsPath="/home/runner/work/Encina/Encina/tests/Encina.BenchmarkTests/Encina.Benchmarks/bin/Release/net10.0/Encina.Benchmarks-ShortRun-1/" /p:OutDir="/home/runner/work/Encina/Encina/tests/Encina.BenchmarkTests/Encina.Benchmarks/bin/Release/net10.0/Encina.Benchmarks-ShortRun-1/bin/Release/net10.0/" /p:OutputPath="/home/runner/work/Encina/Encina/tests/Encina.BenchmarkTests/Encina.Benchmarks/bin/Release/net10.0/Encina.Benchmarks-ShortRun-1/bin/Release/net10.0/" /p:PublishDir="/home/runner/work/Encina/Encina/tests/Encina.BenchmarkTests/Encina.Benchmarks/bin/Release/net10.0/Encina.Benchmarks-ShortRun-1/publish/" --output "/home/runner/work/Encina/Encina/tests/Encina.BenchmarkTests/Encina.Benchmarks/bin/Release/net10.0/Encina.Benchmarks-ShortRun-1/bin/Release/net10.0/" in /home/runner/work/Encina/Encina/tests/Encina.BenchmarkTests/Encina.Benchmarks/bin/Release/net10.0/Encina.Benchmarks-ShortRun-1
// command took 198.77 sec and exited with 0
// ***** Done, took 00:03:22 (202.74 sec)   *****
// Found 10 benchmarks:
//   ShadowShardRouterBenchmarks.'Bare HashRouter': ShortRun(InvocationCount=1, IterationCount=3, LaunchCount=1, UnrollFactor=1, WarmupCount=3) [ShardCount=3]
//   ShadowShardRouterBenchmarks.'Decorated GetShardId (production path)': ShortRun(InvocationCount=1, IterationCount=3, LaunchCount=1, UnrollFactor=1, WarmupCount=3) [ShardCount=3]
//   ShadowShardRouterBenchmarks.'Decorated CompareAsync': ShortRun(InvocationCount=1, IterationCount=3, LaunchCount=1, UnrollFactor=1, WarmupCount=3) [ShardCount=3]
//   ShadowShardRouterBenchmarks.'Decorated GetAllShardIds': ShortRun(InvocationCount=1, IterationCount=3, LaunchCount=1, UnrollFactor=1, WarmupCount=3) [ShardCount=3]
//   ShadowShardRouterBenchmarks.'Decorated GetShardConnectionString': ShortRun(InvocationCount=1, IterationCount=3, LaunchCount=1, UnrollFactor=1, WarmupCount=3) [ShardCount=3]
//   ShadowShardRouterBenchmarks.'Bare HashRouter': ShortRun(InvocationCount=1, IterationCount=3, LaunchCount=1, UnrollFactor=1, WarmupCount=3) [ShardCount=50]
//   ShadowShardRouterBenchmarks.'Decorated GetShardId (production path)': ShortRun(InvocationCount=1, IterationCount=3, LaunchCount=1, UnrollFactor=1, WarmupCount=3) [ShardCount=50]
//   ShadowShardRouterBenchmarks.'Decorated CompareAsync': ShortRun(InvocationCount=1, IterationCount=3, LaunchCount=1, UnrollFactor=1, WarmupCount=3) [ShardCount=50]
//   ShadowShardRouterBenchmarks.'Decorated GetAllShardIds': ShortRun(InvocationCount=1, IterationCount=3, LaunchCount=1, UnrollFactor=1, WarmupCount=3) [ShardCount=50]
//   ShadowShardRouterBenchmarks.'Decorated GetShardConnectionString': ShortRun(InvocationCount=1, IterationCount=3, LaunchCount=1, UnrollFactor=1, WarmupCount=3) [ShardCount=50]

// **************************
// Benchmark: ShadowShardRouterBenchmarks.'Bare HashRouter': ShortRun(InvocationCount=1, IterationCount=3, LaunchCount=1, UnrollFactor=1, WarmupCount=3) [ShardCount=3]
// *** Execute ***
// Launch: 1 / 1
// Execute: dotnet Encina.Benchmarks-ShortRun-1.dll --anonymousPipes 228 229 --benchmarkName "Encina.Benchmarks.Sharding.ShadowShardRouterBenchmarks.BareHashRouting(ShardCount: 3)" --job ShortRun --benchmarkId 0 in /home/runner/work/Encina/Encina/tests/Encina.BenchmarkTests/Encina.Benchmarks/bin/Release/net10.0/Encina.Benchmarks-ShortRun-1/bin/Release/net10.0
// Failed to set up high priority (Permission denied). In order to run benchmarks with high priority, make sure you have the right permissions.
// BeforeAnythingElse

// Benchmark Process Environment Information:
// BenchmarkDotNet v0.15.8
// Runtime=.NET 10.0.12 (10.0.12, 10.0.1226.42308), X64 RyuJIT x86-64-v3
// GC=Concurrent Workstation
// HardwareIntrinsics=AVX2+BMI1+BMI2+F16C+FMA+LZCNT+MOVBE,AVX,SSE3+SSSE3+SSE4.1+SSE4.2+POPCNT,X86Base+SSE+SSE2,AES+PCLMUL VectorSize=256
// Job: ShortRun(InvocationCount=1, IterationCount=3, LaunchCount=1, UnrollFactor=1, WarmupCount=3)

OverheadJitting  1: 1 op, 235773.00 ns, 235.7730 us/op
WorkloadJitting  1: 1 op, 18317188.00 ns, 18.3172 ms/op

OverheadWarmup   1: 1 op, 381.00 ns, 381.0000 ns/op
OverheadWarmup   2: 1 op, 311.00 ns, 311.0000 ns/op
OverheadWarmup   3: 1 op, 351.00 ns, 351.0000 ns/op
OverheadWarmup   4: 1 op, 230.00 ns, 230.0000 ns/op
OverheadWarmup   5: 1 op, 301.00 ns, 301.0000 ns/op
OverheadWarmup   6: 1 op, 251.00 ns, 251.0000 ns/op

OverheadActual   1: 1 op, 260.00 ns, 260.0000 ns/op
OverheadActual   2: 1 op, 261.00 ns, 261.0000 ns/op
OverheadActual   3: 1 op, 261.00 ns, 261.0000 ns/op
OverheadActual   4: 1 op, 251.00 ns, 251.0000 ns/op
OverheadActual   5: 1 op, 251.00 ns, 251.0000 ns/op
OverheadActual   6: 1 op, 250.00 ns, 250.0000 ns/op
OverheadActual   7: 1 op, 230.00 ns, 230.0000 ns/op
OverheadActual   8: 1 op, 280.00 ns, 280.0000 ns/op
OverheadActual   9: 1 op, 261.00 ns, 261.0000 ns/op
OverheadActual  10: 1 op, 290.00 ns, 290.0000 ns/op
OverheadActual  11: 1 op, 240.00 ns, 240.0000 ns/op
OverheadActual  12: 1 op, 360.00 ns, 360.0000 ns/op
OverheadActual  13: 1 op, 461.00 ns, 461.0000 ns/op
OverheadActual  14: 1 op, 261.00 ns, 261.0000 ns/op
OverheadActual  15: 1 op, 270.00 ns, 270.0000 ns/op
OverheadActual  16: 1 op, 270.00 ns, 270.0000 ns/op
OverheadActual  17: 1 op, 241.00 ns, 241.0000 ns/op
OverheadActual  18: 1 op, 241.00 ns, 241.0000 ns/op
OverheadActual  19: 1 op, 260.00 ns, 260.0000 ns/op
OverheadActual  20: 1 op, 281.00 ns, 281.0000 ns/op

WorkloadWarmup   1: 1 op, 59843.00 ns, 59.8430 us/op
WorkloadWarmup   2: 1 op, 3777.00 ns, 3.7770 us/op
WorkloadWarmup   3: 1 op, 3156.00 ns, 3.1560 us/op

// BeforeActualRun
WorkloadActual   1: 1 op, 4578.00 ns, 4.5780 us/op
WorkloadActual   2: 1 op, 4379.00 ns, 4.3790 us/op
WorkloadActual   3: 1 op, 3897.00 ns, 3.8970 us/op

// AfterActualRun
WorkloadResult   1: 1 op, 4317.00 ns, 4.3170 us/op
WorkloadResult   2: 1 op, 4118.00 ns, 4.1180 us/op
WorkloadResult   3: 1 op, 3636.00 ns, 3.6360 us/op
// GC:  0 0 0 56 1
// Threading:  0 0 1

// AfterAll
// Benchmark Process 3960 has exited with code 0.

Mean = 4.024 μs, StdErr = 0.202 μs (5.02%), N = 3, StdDev = 0.350 μs
Min = 3.636 μs, Q1 = 3.877 μs, Median = 4.118 μs, Q3 = 4.218 μs, Max = 4.317 μs
IQR = 0.341 μs, LowerFence = 3.366 μs, UpperFence = 4.728 μs
ConfidenceInterval = [-2.365 μs; 10.412 μs] (CI 99.9%), Margin = 6.388 μs (158.77% of Mean)
Skewness = -0.25, Kurtosis = 0.67, MValue = 2

// ** Remained 9 (90.0 %) benchmark(s) to run. Estimated finish 2026-10-09 19:56 (0h 0m from now) **
// **************************
// Benchmark: ShadowShardRouterBenchmarks.'Decorated GetShardId (production path)': ShortRun(InvocationCount=1, IterationCount=3, LaunchCount=1, UnrollFactor=1, WarmupCount=3) [ShardCount=3]
// *** Execute ***
// Launch: 1 / 1
// Execute: dotnet Encina.Benchmarks-ShortRun-1.dll --anonymousPipes 228 229 --benchmarkName "Encina.Benchmarks.Sharding.ShadowShardRouterBenchmarks.DecoratedGetShardId(ShardCount: 3)" --job ShortRun --benchmarkId 1 in /home/runner/work/Encina/Encina/tests/Encina.BenchmarkTests/Encina.Benchmarks/bin/Release/net10.0/Encina.Benchmarks-ShortRun-1/bin/Release/net10.0
// Failed to set up high priority (Permission denied). In order to run benchmarks with high priority, make sure you have the right permissions.
// BeforeAnythingElse

// Benchmark Process Environment Information:
// BenchmarkDotNet v0.15.8
// Runtime=.NET 10.0.12 (10.0.12, 10.0.1226.42308), X64 RyuJIT x86-64-v3
// GC=Concurrent Workstation
// HardwareIntrinsics=AVX2+BMI1+BMI2+F16C+FMA+LZCNT+MOVBE,AVX,SSE3+SSSE3+SSE4.1+SSE4.2+POPCNT,X86Base+SSE+SSE2,AES+PCLMUL VectorSize=256
// Job: ShortRun(InvocationCount=1, IterationCount=3, LaunchCount=1, UnrollFactor=1, WarmupCount=3)

OverheadJitting  1: 1 op, 240762.00 ns, 240.7620 us/op
WorkloadJitting  1: 1 op, 19205847.00 ns, 19.2058 ms/op

OverheadWarmup   1: 1 op, 330.00 ns, 330.0000 ns/op
OverheadWarmup   2: 1 op, 201.00 ns, 201.0000 ns/op
OverheadWarmup   3: 1 op, 231.00 ns, 231.0000 ns/op
OverheadWarmup   4: 1 op, 220.00 ns, 220.0000 ns/op
OverheadWarmup   5: 1 op, 240.00 ns, 240.0000 ns/op
OverheadWarmup   6: 1 op, 231.00 ns, 231.0000 ns/op

OverheadActual   1: 1 op, 261.00 ns, 261.0000 ns/op
OverheadActual   2: 1 op, 251.00 ns, 251.0000 ns/op
OverheadActual   3: 1 op, 260.00 ns, 260.0000 ns/op
OverheadActual   4: 1 op, 241.00 ns, 241.0000 ns/op
OverheadActual   5: 1 op, 250.00 ns, 250.0000 ns/op
OverheadActual   6: 1 op, 241.00 ns, 241.0000 ns/op
OverheadActual   7: 1 op, 211.00 ns, 211.0000 ns/op
OverheadActual   8: 1 op, 240.00 ns, 240.0000 ns/op
OverheadActual   9: 1 op, 290.00 ns, 290.0000 ns/op
OverheadActual  10: 1 op, 251.00 ns, 251.0000 ns/op
OverheadActual  11: 1 op, 210.00 ns, 210.0000 ns/op
OverheadActual  12: 1 op, 220.00 ns, 220.0000 ns/op
OverheadActual  13: 1 op, 230.00 ns, 230.0000 ns/op
OverheadActual  14: 1 op, 210.00 ns, 210.0000 ns/op
OverheadActual  15: 1 op, 220.00 ns, 220.0000 ns/op
OverheadActual  16: 1 op, 240.00 ns, 240.0000 ns/op
OverheadActual  17: 1 op, 230.00 ns, 230.0000 ns/op
OverheadActual  18: 1 op, 260.00 ns, 260.0000 ns/op
OverheadActual  19: 1 op, 251.00 ns, 251.0000 ns/op
OverheadActual  20: 1 op, 200.00 ns, 200.0000 ns/op

WorkloadWarmup   1: 1 op, 62607.00 ns, 62.6070 us/op
WorkloadWarmup   2: 1 op, 3727.00 ns, 3.7270 us/op
WorkloadWarmup   3: 1 op, 3306.00 ns, 3.3060 us/op

// BeforeActualRun
WorkloadActual   1: 1 op, 3647.00 ns, 3.6470 us/op
WorkloadActual   2: 1 op, 3256.00 ns, 3.2560 us/op
WorkloadActual   3: 1 op, 3237.00 ns, 3.2370 us/op

// AfterActualRun
WorkloadResult   1: 1 op, 3406.50 ns, 3.4065 us/op
WorkloadResult   2: 1 op, 3015.50 ns, 3.0155 us/op
WorkloadResult   3: 1 op, 2996.50 ns, 2.9965 us/op
// GC:  0 0 0 56 1
// Threading:  0 0 1

// AfterAll
// Benchmark Process 3967 has exited with code 0.

Mean = 3.139 μs, StdErr = 0.134 μs (4.26%), N = 3, StdDev = 0.231 μs
Min = 2.997 μs, Q1 = 3.006 μs, Median = 3.015 μs, Q3 = 3.211 μs, Max = 3.406 μs
IQR = 0.205 μs, LowerFence = 2.699 μs, UpperFence = 3.518 μs
ConfidenceInterval = [-1.083 μs; 7.362 μs] (CI 99.9%), Margin = 4.222 μs (134.48% of Mean)
Skewness = 0.38, Kurtosis = 0.67, MValue = 2

// ** Remained 8 (80.0 %) benchmark(s) to run. Estimated finish 2026-10-09 19:56 (0h 0m from now) **
// **************************
// Benchmark: ShadowShardRouterBenchmarks.'Decorated CompareAsync': ShortRun(InvocationCount=1, IterationCount=3, LaunchCount=1, UnrollFactor=1, WarmupCount=3) [ShardCount=3]
// *** Execute ***
// Launch: 1 / 1
// Execute: dotnet Encina.Benchmarks-ShortRun-1.dll --anonymousPipes 228 229 --benchmarkName "Encina.Benchmarks.Sharding.ShadowShardRouterBenchmarks.DecoratedCompareAsync(ShardCount: 3)" --job ShortRun --benchmarkId 2 in /home/runner/work/Encina/Encina/tests/Encina.BenchmarkTests/Encina.Benchmarks/bin/Release/net10.0/Encina.Benchmarks-ShortRun-1/bin/Release/net10.0
// Failed to set up high priority (Permission denied). In order to run benchmarks with high priority, make sure you have the right permissions.
// BeforeAnythingElse

// Benchmark Process Environment Information:
// BenchmarkDotNet v0.15.8
// Runtime=.NET 10.0.12 (10.0.12, 10.0.1226.42308), X64 RyuJIT x86-64-v3
// GC=Concurrent Workstation
// HardwareIntrinsics=AVX2+BMI1+BMI2+F16C+FMA+LZCNT+MOVBE,AVX,SSE3+SSSE3+SSE4.1+SSE4.2+POPCNT,X86Base+SSE+SSE2,AES+PCLMUL VectorSize=256
// Job: ShortRun(InvocationCount=1, IterationCount=3, LaunchCount=1, UnrollFactor=1, WarmupCount=3)

OverheadJitting  1: 1 op, 260900.00 ns, 260.9000 us/op
WorkloadJitting  1: 1 op, 17072301.00 ns, 17.0723 ms/op

OverheadWarmup   1: 1 op, 250.00 ns, 250.0000 ns/op
OverheadWarmup   2: 1 op, 280.00 ns, 280.0000 ns/op
OverheadWarmup   3: 1 op, 211.00 ns, 211.0000 ns/op
OverheadWarmup   4: 1 op, 281.00 ns, 281.0000 ns/op
OverheadWarmup   5: 1 op, 380.00 ns, 380.0000 ns/op
OverheadWarmup   6: 1 op, 200.00 ns, 200.0000 ns/op

OverheadActual   1: 1 op, 250.00 ns, 250.0000 ns/op
OverheadActual   2: 1 op, 240.00 ns, 240.0000 ns/op
OverheadActual   3: 1 op, 281.00 ns, 281.0000 ns/op
OverheadActual   4: 1 op, 300.00 ns, 300.0000 ns/op
OverheadActual   5: 1 op, 231.00 ns, 231.0000 ns/op
OverheadActual   6: 1 op, 231.00 ns, 231.0000 ns/op
OverheadActual   7: 1 op, 230.00 ns, 230.0000 ns/op
OverheadActual   8: 1 op, 221.00 ns, 221.0000 ns/op
OverheadActual   9: 1 op, 200.00 ns, 200.0000 ns/op
OverheadActual  10: 1 op, 200.00 ns, 200.0000 ns/op
OverheadActual  11: 1 op, 200.00 ns, 200.0000 ns/op
OverheadActual  12: 1 op, 200.00 ns, 200.0000 ns/op
OverheadActual  13: 1 op, 200.00 ns, 200.0000 ns/op
OverheadActual  14: 1 op, 201.00 ns, 201.0000 ns/op
OverheadActual  15: 1 op, 240.00 ns, 240.0000 ns/op
OverheadActual  16: 1 op, 200.00 ns, 200.0000 ns/op
OverheadActual  17: 1 op, 260.00 ns, 260.0000 ns/op
OverheadActual  18: 1 op, 241.00 ns, 241.0000 ns/op
OverheadActual  19: 1 op, 380.00 ns, 380.0000 ns/op
OverheadActual  20: 1 op, 220.00 ns, 220.0000 ns/op

WorkloadWarmup   1: 1 op, 11812.00 ns, 11.8120 us/op
WorkloadWarmup   2: 1 op, 4749.00 ns, 4.7490 us/op
WorkloadWarmup   3: 1 op, 4628.00 ns, 4.6280 us/op

// BeforeActualRun
WorkloadActual   1: 1 op, 5391.00 ns, 5.3910 us/op
WorkloadActual   2: 1 op, 4488.00 ns, 4.4880 us/op
WorkloadActual   3: 1 op, 4328.00 ns, 4.3280 us/op

// AfterActualRun
WorkloadResult   1: 1 op, 5160.50 ns, 5.1605 us/op
WorkloadResult   2: 1 op, 4257.50 ns, 4.2575 us/op
WorkloadResult   3: 1 op, 4097.50 ns, 4.0975 us/op
// GC:  0 0 0 320 1
// Threading:  0 0 1

// AfterAll
// Benchmark Process 3973 has exited with code 0.

Mean = 4.505 μs, StdErr = 0.331 μs (7.35%), N = 3, StdDev = 0.573 μs
Min = 4.098 μs, Q1 = 4.178 μs, Median = 4.258 μs, Q3 = 4.709 μs, Max = 5.160 μs
IQR = 0.531 μs, LowerFence = 3.380 μs, UpperFence = 5.506 μs
ConfidenceInterval = [-5.951 μs; 14.961 μs] (CI 99.9%), Margin = 10.456 μs (232.10% of Mean)
Skewness = 0.35, Kurtosis = 0.67, MValue = 2

// ** Remained 7 (70.0 %) benchmark(s) to run. Estimated finish 2026-10-09 19:56 (0h 0m from now) **
// **************************
// Benchmark: ShadowShardRouterBenchmarks.'Decorated GetAllShardIds': ShortRun(InvocationCount=1, IterationCount=3, LaunchCount=1, UnrollFactor=1, WarmupCount=3) [ShardCount=3]
// *** Execute ***
// Launch: 1 / 1
// Execute: dotnet Encina.Benchmarks-ShortRun-1.dll --anonymousPipes 228 229 --benchmarkName "Encina.Benchmarks.Sharding.ShadowShardRouterBenchmarks.DecoratedGetAllShardIds(ShardCount: 3)" --job ShortRun --benchmarkId 3 in /home/runner/work/Encina/Encina/tests/Encina.BenchmarkTests/Encina.Benchmarks/bin/Release/net10.0/Encina.Benchmarks-ShortRun-1/bin/Release/net10.0
// Failed to set up high priority (Permission denied). In order to run benchmarks with high priority, make sure you have the right permissions.
// BeforeAnythingElse

// Benchmark Process Environment Information:
// BenchmarkDotNet v0.15.8
// Runtime=.NET 10.0.12 (10.0.12, 10.0.1226.42308), X64 RyuJIT x86-64-v3
// GC=Concurrent Workstation
// HardwareIntrinsics=AVX2+BMI1+BMI2+F16C+FMA+LZCNT+MOVBE,AVX,SSE3+SSSE3+SSE4.1+SSE4.2+POPCNT,X86Base+SSE+SSE2,AES+PCLMUL VectorSize=256
// Job: ShortRun(InvocationCount=1, IterationCount=3, LaunchCount=1, UnrollFactor=1, WarmupCount=3)

OverheadJitting  1: 1 op, 260710.00 ns, 260.7100 us/op
WorkloadJitting  1: 1 op, 744929.00 ns, 744.9290 us/op

OverheadWarmup   1: 1 op, 240.00 ns, 240.0000 ns/op
OverheadWarmup   2: 1 op, 240.00 ns, 240.0000 ns/op
OverheadWarmup   3: 1 op, 241.00 ns, 241.0000 ns/op
OverheadWarmup   4: 1 op, 240.00 ns, 240.0000 ns/op
OverheadWarmup   5: 1 op, 271.00 ns, 271.0000 ns/op

OverheadActual   1: 1 op, 351.00 ns, 351.0000 ns/op
OverheadActual   2: 1 op, 300.00 ns, 300.0000 ns/op
OverheadActual   3: 1 op, 431.00 ns, 431.0000 ns/op
OverheadActual   4: 1 op, 330.00 ns, 330.0000 ns/op
OverheadActual   5: 1 op, 250.00 ns, 250.0000 ns/op
OverheadActual   6: 1 op, 281.00 ns, 281.0000 ns/op
OverheadActual   7: 1 op, 210.00 ns, 210.0000 ns/op
OverheadActual   8: 1 op, 220.00 ns, 220.0000 ns/op
OverheadActual   9: 1 op, 200.00 ns, 200.0000 ns/op
OverheadActual  10: 1 op, 200.00 ns, 200.0000 ns/op
OverheadActual  11: 1 op, 251.00 ns, 251.0000 ns/op
OverheadActual  12: 1 op, 210.00 ns, 210.0000 ns/op
OverheadActual  13: 1 op, 200.00 ns, 200.0000 ns/op
OverheadActual  14: 1 op, 190.00 ns, 190.0000 ns/op
OverheadActual  15: 1 op, 201.00 ns, 201.0000 ns/op
OverheadActual  16: 1 op, 270.00 ns, 270.0000 ns/op
OverheadActual  17: 1 op, 291.00 ns, 291.0000 ns/op
OverheadActual  18: 1 op, 231.00 ns, 231.0000 ns/op
OverheadActual  19: 1 op, 210.00 ns, 210.0000 ns/op
OverheadActual  20: 1 op, 240.00 ns, 240.0000 ns/op

WorkloadWarmup   1: 1 op, 66014.00 ns, 66.0140 us/op
WorkloadWarmup   2: 1 op, 4309.00 ns, 4.3090 us/op
WorkloadWarmup   3: 1 op, 3337.00 ns, 3.3370 us/op

// BeforeActualRun
WorkloadActual   1: 1 op, 3737.00 ns, 3.7370 us/op
WorkloadActual   2: 1 op, 4859.00 ns, 4.8590 us/op
WorkloadActual   3: 1 op, 3577.00 ns, 3.5770 us/op

// AfterActualRun
WorkloadResult   1: 1 op, 3501.50 ns, 3.5015 us/op
WorkloadResult   2: 1 op, 4623.50 ns, 4.6235 us/op
WorkloadResult   3: 1 op, 3341.50 ns, 3.3415 us/op
// GC:  0 0 0 104 1
// Threading:  0 0 1

// AfterAll
// Benchmark Process 3979 has exited with code 0.

Mean = 3.822 μs, StdErr = 0.403 μs (10.55%), N = 3, StdDev = 0.699 μs
Min = 3.341 μs, Q1 = 3.421 μs, Median = 3.502 μs, Q3 = 4.062 μs, Max = 4.623 μs
IQR = 0.641 μs, LowerFence = 2.460 μs, UpperFence = 5.024 μs
ConfidenceInterval = [-8.922 μs; 16.567 μs] (CI 99.9%), Margin = 12.745 μs (333.44% of Mean)
Skewness = 0.36, Kurtosis = 0.67, MValue = 2

// ** Remained 6 (60.0 %) benchmark(s) to run. Estimated finish 2026-10-09 19:56 (0h 0m from now) **
// **************************
// Benchmark: ShadowShardRouterBenchmarks.'Decorated GetShardConnectionString': ShortRun(InvocationCount=1, IterationCount=3, LaunchCount=1, UnrollFactor=1, WarmupCount=3) [ShardCount=3]
// *** Execute ***
// Launch: 1 / 1
// Execute: dotnet Encina.Benchmarks-ShortRun-1.dll --anonymousPipes 228 229 --benchmarkName "Encina.Benchmarks.Sharding.ShadowShardRouterBenchmarks.DecoratedGetShardConnectionString(ShardCount: 3)" --job ShortRun --benchmarkId 4 in /home/runner/work/Encina/Encina/tests/Encina.BenchmarkTests/Encina.Benchmarks/bin/Release/net10.0/Encina.Benchmarks-ShortRun-1/bin/Release/net10.0
// Failed to set up high priority (Permission denied). In order to run benchmarks with high priority, make sure you have the right permissions.
// BeforeAnythingElse

// Benchmark Process Environment Information:
// BenchmarkDotNet v0.15.8
// Runtime=.NET 10.0.12 (10.0.12, 10.0.1226.42308), X64 RyuJIT x86-64-v3
// GC=Concurrent Workstation
// HardwareIntrinsics=AVX2+BMI1+BMI2+F16C+FMA+LZCNT+MOVBE,AVX,SSE3+SSSE3+SSE4.1+SSE4.2+POPCNT,X86Base+SSE+SSE2,AES+PCLMUL VectorSize=256
// Job: ShortRun(InvocationCount=1, IterationCount=3, LaunchCount=1, UnrollFactor=1, WarmupCount=3)

OverheadJitting  1: 1 op, 233780.00 ns, 233.7800 us/op
WorkloadJitting  1: 1 op, 20037790.00 ns, 20.0378 ms/op

OverheadWarmup   1: 1 op, 441.00 ns, 441.0000 ns/op
OverheadWarmup   2: 1 op, 350.00 ns, 350.0000 ns/op
OverheadWarmup   3: 1 op, 231.00 ns, 231.0000 ns/op
OverheadWarmup   4: 1 op, 361.00 ns, 361.0000 ns/op
OverheadWarmup   5: 1 op, 380.00 ns, 380.0000 ns/op
OverheadWarmup   6: 1 op, 220.00 ns, 220.0000 ns/op
OverheadWarmup   7: 1 op, 230.00 ns, 230.0000 ns/op
OverheadWarmup   8: 1 op, 210.00 ns, 210.0000 ns/op

OverheadActual   1: 1 op, 261.00 ns, 261.0000 ns/op
OverheadActual   2: 1 op, 241.00 ns, 241.0000 ns/op
OverheadActual   3: 1 op, 250.00 ns, 250.0000 ns/op
OverheadActual   4: 1 op, 251.00 ns, 251.0000 ns/op
OverheadActual   5: 1 op, 311.00 ns, 311.0000 ns/op
OverheadActual   6: 1 op, 220.00 ns, 220.0000 ns/op
OverheadActual   7: 1 op, 261.00 ns, 261.0000 ns/op
OverheadActual   8: 1 op, 221.00 ns, 221.0000 ns/op
OverheadActual   9: 1 op, 191.00 ns, 191.0000 ns/op
OverheadActual  10: 1 op, 260.00 ns, 260.0000 ns/op
OverheadActual  11: 1 op, 231.00 ns, 231.0000 ns/op
OverheadActual  12: 1 op, 652.00 ns, 652.0000 ns/op
OverheadActual  13: 1 op, 230.00 ns, 230.0000 ns/op
OverheadActual  14: 1 op, 311.00 ns, 311.0000 ns/op
OverheadActual  15: 1 op, 220.00 ns, 220.0000 ns/op
OverheadActual  16: 1 op, 201.00 ns, 201.0000 ns/op
OverheadActual  17: 1 op, 230.00 ns, 230.0000 ns/op
OverheadActual  18: 1 op, 281.00 ns, 281.0000 ns/op
OverheadActual  19: 1 op, 201.00 ns, 201.0000 ns/op
OverheadActual  20: 1 op, 210.00 ns, 210.0000 ns/op

WorkloadWarmup   1: 1 op, 79539.00 ns, 79.5390 us/op
WorkloadWarmup   2: 1 op, 3607.00 ns, 3.6070 us/op
WorkloadWarmup   3: 1 op, 3406.00 ns, 3.4060 us/op

// BeforeActualRun
WorkloadActual   1: 1 op, 3737.00 ns, 3.7370 us/op
WorkloadActual   2: 1 op, 3547.00 ns, 3.5470 us/op
WorkloadActual   3: 1 op, 3396.00 ns, 3.3960 us/op

// AfterActualRun
WorkloadResult   1: 1 op, 3501.00 ns, 3.5010 us/op
WorkloadResult   2: 1 op, 3311.00 ns, 3.3110 us/op
WorkloadResult   3: 1 op, 3160.00 ns, 3.1600 us/op
// GC:  0 0 0 64 1
// Threading:  0 0 1

// AfterAll
// Benchmark Process 3985 has exited with code 0.

Mean = 3.324 μs, StdErr = 0.099 μs (2.97%), N = 3, StdDev = 0.171 μs
Min = 3.160 μs, Q1 = 3.236 μs, Median = 3.311 μs, Q3 = 3.406 μs, Max = 3.501 μs
IQR = 0.171 μs, LowerFence = 2.980 μs, UpperFence = 3.662 μs
ConfidenceInterval = [0.207 μs; 6.441 μs] (CI 99.9%), Margin = 3.117 μs (93.78% of Mean)
Skewness = 0.08, Kurtosis = 0.67, MValue = 2

// ** Remained 5 (50.0 %) benchmark(s) to run. Estimated finish 2026-10-09 19:56 (0h 0m from now) **
// **************************
// Benchmark: ShadowShardRouterBenchmarks.'Bare HashRouter': ShortRun(InvocationCount=1, IterationCount=3, LaunchCount=1, UnrollFactor=1, WarmupCount=3) [ShardCount=50]
// *** Execute ***
// Launch: 1 / 1
// Execute: dotnet Encina.Benchmarks-ShortRun-1.dll --anonymousPipes 228 229 --benchmarkName "Encina.Benchmarks.Sharding.ShadowShardRouterBenchmarks.BareHashRouting(ShardCount: 50)" --job ShortRun --benchmarkId 5 in /home/runner/work/Encina/Encina/tests/Encina.BenchmarkTests/Encina.Benchmarks/bin/Release/net10.0/Encina.Benchmarks-ShortRun-1/bin/Release/net10.0
// Failed to set up high priority (Permission denied). In order to run benchmarks with high priority, make sure you have the right permissions.
// BeforeAnythingElse

// Benchmark Process Environment Information:
// BenchmarkDotNet v0.15.8
// Runtime=.NET 10.0.12 (10.0.12, 10.0.1226.42308), X64 RyuJIT x86-64-v3
// GC=Concurrent Workstation
// HardwareIntrinsics=AVX2+BMI1+BMI2+F16C+FMA+LZCNT+MOVBE,AVX,SSE3+SSSE3+SSE4.1+SSE4.2+POPCNT,X86Base+SSE+SSE2,AES+PCLMUL VectorSize=256
// Job: ShortRun(InvocationCount=1, IterationCount=3, LaunchCount=1, UnrollFactor=1, WarmupCount=3)

OverheadJitting  1: 1 op, 217809.00 ns, 217.8090 us/op
WorkloadJitting  1: 1 op, 18619316.00 ns, 18.6193 ms/op

OverheadWarmup   1: 1 op, 350.00 ns, 350.0000 ns/op
OverheadWarmup   2: 1 op, 330.00 ns, 330.0000 ns/op
OverheadWarmup   3: 1 op, 541.00 ns, 541.0000 ns/op
OverheadWarmup   4: 1 op, 330.00 ns, 330.0000 ns/op
OverheadWarmup   5: 1 op, 321.00 ns, 321.0000 ns/op
OverheadWarmup   6: 1 op, 291.00 ns, 291.0000 ns/op
OverheadWarmup   7: 1 op, 251.00 ns, 251.0000 ns/op
OverheadWarmup   8: 1 op, 301.00 ns, 301.0000 ns/op
OverheadWarmup   9: 1 op, 561.00 ns, 561.0000 ns/op
OverheadWarmup  10: 1 op, 240.00 ns, 240.0000 ns/op

OverheadActual   1: 1 op, 261.00 ns, 261.0000 ns/op
OverheadActual   2: 1 op, 270.00 ns, 270.0000 ns/op
OverheadActual   3: 1 op, 350.00 ns, 350.0000 ns/op
OverheadActual   4: 1 op, 260.00 ns, 260.0000 ns/op
OverheadActual   5: 1 op, 260.00 ns, 260.0000 ns/op
OverheadActual   6: 1 op, 261.00 ns, 261.0000 ns/op
OverheadActual   7: 1 op, 320.00 ns, 320.0000 ns/op
OverheadActual   8: 1 op, 390.00 ns, 390.0000 ns/op
OverheadActual   9: 1 op, 251.00 ns, 251.0000 ns/op
OverheadActual  10: 1 op, 270.00 ns, 270.0000 ns/op
OverheadActual  11: 1 op, 521.00 ns, 521.0000 ns/op
OverheadActual  12: 1 op, 210.00 ns, 210.0000 ns/op
OverheadActual  13: 1 op, 221.00 ns, 221.0000 ns/op
OverheadActual  14: 1 op, 260.00 ns, 260.0000 ns/op
OverheadActual  15: 1 op, 220.00 ns, 220.0000 ns/op
OverheadActual  16: 1 op, 291.00 ns, 291.0000 ns/op
OverheadActual  17: 1 op, 261.00 ns, 261.0000 ns/op
OverheadActual  18: 1 op, 261.00 ns, 261.0000 ns/op
OverheadActual  19: 1 op, 270.00 ns, 270.0000 ns/op
OverheadActual  20: 1 op, 230.00 ns, 230.0000 ns/op

WorkloadWarmup   1: 1 op, 59341.00 ns, 59.3410 us/op
WorkloadWarmup   2: 1 op, 4859.00 ns, 4.8590 us/op
WorkloadWarmup   3: 1 op, 5660.00 ns, 5.6600 us/op

// BeforeActualRun
WorkloadActual   1: 1 op, 4328.00 ns, 4.3280 us/op
WorkloadActual   2: 1 op, 4088.00 ns, 4.0880 us/op
WorkloadActual   3: 1 op, 3707.00 ns, 3.7070 us/op

// AfterActualRun
WorkloadResult   1: 1 op, 4067.00 ns, 4.0670 us/op
WorkloadResult   2: 1 op, 3827.00 ns, 3.8270 us/op
WorkloadResult   3: 1 op, 3446.00 ns, 3.4460 us/op
// GC:  0 0 0 56 1
// Threading:  0 0 1

// AfterAll
// Benchmark Process 3991 has exited with code 0.

Mean = 3.780 μs, StdErr = 0.181 μs (4.78%), N = 3, StdDev = 0.313 μs
Min = 3.446 μs, Q1 = 3.636 μs, Median = 3.827 μs, Q3 = 3.947 μs, Max = 4.067 μs
IQR = 0.310 μs, LowerFence = 3.171 μs, UpperFence = 4.413 μs
ConfidenceInterval = [-1.933 μs; 9.493 μs] (CI 99.9%), Margin = 5.713 μs (151.14% of Mean)
Skewness = -0.15, Kurtosis = 0.67, MValue = 2

// ** Remained 4 (40.0 %) benchmark(s) to run. Estimated finish 2026-10-09 19:56 (0h 0m from now) **
// **************************
// Benchmark: ShadowShardRouterBenchmarks.'Decorated GetShardId (production path)': ShortRun(InvocationCount=1, IterationCount=3, LaunchCount=1, UnrollFactor=1, WarmupCount=3) [ShardCount=50]
// *** Execute ***
// Launch: 1 / 1
// Execute: dotnet Encina.Benchmarks-ShortRun-1.dll --anonymousPipes 228 229 --benchmarkName "Encina.Benchmarks.Sharding.ShadowShardRouterBenchmarks.DecoratedGetShardId(ShardCount: 50)" --job ShortRun --benchmarkId 6 in /home/runner/work/Encina/Encina/tests/Encina.BenchmarkTests/Encina.Benchmarks/bin/Release/net10.0/Encina.Benchmarks-ShortRun-1/bin/Release/net10.0
// Failed to set up high priority (Permission denied). In order to run benchmarks with high priority, make sure you have the right permissions.
// BeforeAnythingElse

// Benchmark Process Environment Information:
// BenchmarkDotNet v0.15.8
// Runtime=.NET 10.0.12 (10.0.12, 10.0.1226.42308), X64 RyuJIT x86-64-v3
// GC=Concurrent Workstation
// HardwareIntrinsics=AVX2+BMI1+BMI2+F16C+FMA+LZCNT+MOVBE,AVX,SSE3+SSSE3+SSE4.1+SSE4.2+POPCNT,X86Base+SSE+SSE2,AES+PCLMUL VectorSize=256
// Job: ShortRun(InvocationCount=1, IterationCount=3, LaunchCount=1, UnrollFactor=1, WarmupCount=3)

OverheadJitting  1: 1 op, 224712.00 ns, 224.7120 us/op
WorkloadJitting  1: 1 op, 18635145.00 ns, 18.6351 ms/op

OverheadWarmup   1: 1 op, 410.00 ns, 410.0000 ns/op
OverheadWarmup   2: 1 op, 271.00 ns, 271.0000 ns/op
OverheadWarmup   3: 1 op, 301.00 ns, 301.0000 ns/op
OverheadWarmup   4: 1 op, 231.00 ns, 231.0000 ns/op
OverheadWarmup   5: 1 op, 230.00 ns, 230.0000 ns/op
OverheadWarmup   6: 1 op, 341.00 ns, 341.0000 ns/op
OverheadWarmup   7: 1 op, 280.00 ns, 280.0000 ns/op

OverheadActual   1: 1 op, 331.00 ns, 331.0000 ns/op
OverheadActual   2: 1 op, 260.00 ns, 260.0000 ns/op
OverheadActual   3: 1 op, 301.00 ns, 301.0000 ns/op
OverheadActual   4: 1 op, 261.00 ns, 261.0000 ns/op
OverheadActual   5: 1 op, 281.00 ns, 281.0000 ns/op
OverheadActual   6: 1 op, 401.00 ns, 401.0000 ns/op
OverheadActual   7: 1 op, 230.00 ns, 230.0000 ns/op
OverheadActual   8: 1 op, 230.00 ns, 230.0000 ns/op
OverheadActual   9: 1 op, 261.00 ns, 261.0000 ns/op
OverheadActual  10: 1 op, 230.00 ns, 230.0000 ns/op
OverheadActual  11: 1 op, 231.00 ns, 231.0000 ns/op
OverheadActual  12: 1 op, 221.00 ns, 221.0000 ns/op
OverheadActual  13: 1 op, 240.00 ns, 240.0000 ns/op
OverheadActual  14: 1 op, 451.00 ns, 451.0000 ns/op
OverheadActual  15: 1 op, 231.00 ns, 231.0000 ns/op
OverheadActual  16: 1 op, 321.00 ns, 321.0000 ns/op
OverheadActual  17: 1 op, 230.00 ns, 230.0000 ns/op
OverheadActual  18: 1 op, 280.00 ns, 280.0000 ns/op
OverheadActual  19: 1 op, 221.00 ns, 221.0000 ns/op
OverheadActual  20: 1 op, 230.00 ns, 230.0000 ns/op

WorkloadWarmup   1: 1 op, 64812.00 ns, 64.8120 us/op
WorkloadWarmup   2: 1 op, 4689.00 ns, 4.6890 us/op
WorkloadWarmup   3: 1 op, 4128.00 ns, 4.1280 us/op

// BeforeActualRun
WorkloadActual   1: 1 op, 4348.00 ns, 4.3480 us/op
WorkloadActual   2: 1 op, 3987.00 ns, 3.9870 us/op
WorkloadActual   3: 1 op, 3787.00 ns, 3.7870 us/op

// AfterActualRun
WorkloadResult   1: 1 op, 4098.00 ns, 4.0980 us/op
WorkloadResult   2: 1 op, 3737.00 ns, 3.7370 us/op
WorkloadResult   3: 1 op, 3537.00 ns, 3.5370 us/op
// GC:  0 0 0 56 1
// Threading:  0 0 1

// AfterAll
// Benchmark Process 3997 has exited with code 0.

Mean = 3.791 μs, StdErr = 0.164 μs (4.33%), N = 3, StdDev = 0.284 μs
Min = 3.537 μs, Q1 = 3.637 μs, Median = 3.737 μs, Q3 = 3.917 μs, Max = 4.098 μs
IQR = 0.281 μs, LowerFence = 3.216 μs, UpperFence = 4.338 μs
ConfidenceInterval = [-1.396 μs; 8.978 μs] (CI 99.9%), Margin = 5.187 μs (136.84% of Mean)
Skewness = 0.18, Kurtosis = 0.67, MValue = 2

// ** Remained 3 (30.0 %) benchmark(s) to run. Estimated finish 2026-10-09 19:56 (0h 0m from now) **
// **************************
// Benchmark: ShadowShardRouterBenchmarks.'Decorated CompareAsync': ShortRun(InvocationCount=1, IterationCount=3, LaunchCount=1, UnrollFactor=1, WarmupCount=3) [ShardCount=50]
// *** Execute ***
// Launch: 1 / 1
// Execute: dotnet Encina.Benchmarks-ShortRun-1.dll --anonymousPipes 228 229 --benchmarkName "Encina.Benchmarks.Sharding.ShadowShardRouterBenchmarks.DecoratedCompareAsync(ShardCount: 50)" --job ShortRun --benchmarkId 7 in /home/runner/work/Encina/Encina/tests/Encina.BenchmarkTests/Encina.Benchmarks/bin/Release/net10.0/Encina.Benchmarks-ShortRun-1/bin/Release/net10.0
// Failed to set up high priority (Permission denied). In order to run benchmarks with high priority, make sure you have the right permissions.
// BeforeAnythingElse

// Benchmark Process Environment Information:
// BenchmarkDotNet v0.15.8
// Runtime=.NET 10.0.12 (10.0.12, 10.0.1226.42308), X64 RyuJIT x86-64-v3
// GC=Concurrent Workstation
// HardwareIntrinsics=AVX2+BMI1+BMI2+F16C+FMA+LZCNT+MOVBE,AVX,SSE3+SSSE3+SSE4.1+SSE4.2+POPCNT,X86Base+SSE+SSE2,AES+PCLMUL VectorSize=256
// Job: ShortRun(InvocationCount=1, IterationCount=3, LaunchCount=1, UnrollFactor=1, WarmupCount=3)

OverheadJitting  1: 1 op, 269576.00 ns, 269.5760 us/op
WorkloadJitting  1: 1 op, 17350793.00 ns, 17.3508 ms/op

OverheadWarmup   1: 1 op, 341.00 ns, 341.0000 ns/op
OverheadWarmup   2: 1 op, 240.00 ns, 240.0000 ns/op
OverheadWarmup   3: 1 op, 250.00 ns, 250.0000 ns/op
OverheadWarmup   4: 1 op, 251.00 ns, 251.0000 ns/op
OverheadWarmup   5: 1 op, 260.00 ns, 260.0000 ns/op
OverheadWarmup   6: 1 op, 251.00 ns, 251.0000 ns/op
OverheadWarmup   7: 1 op, 241.00 ns, 241.0000 ns/op
OverheadWarmup   8: 1 op, 240.00 ns, 240.0000 ns/op
OverheadWarmup   9: 1 op, 250.00 ns, 250.0000 ns/op
OverheadWarmup  10: 1 op, 270.00 ns, 270.0000 ns/op

OverheadActual   1: 1 op, 250.00 ns, 250.0000 ns/op
OverheadActual   2: 1 op, 340.00 ns, 340.0000 ns/op
OverheadActual   3: 1 op, 260.00 ns, 260.0000 ns/op
OverheadActual   4: 1 op, 260.00 ns, 260.0000 ns/op
OverheadActual   5: 1 op, 260.00 ns, 260.0000 ns/op
OverheadActual   6: 1 op, 571.00 ns, 571.0000 ns/op
OverheadActual   7: 1 op, 250.00 ns, 250.0000 ns/op
OverheadActual   8: 1 op, 240.00 ns, 240.0000 ns/op
OverheadActual   9: 1 op, 401.00 ns, 401.0000 ns/op
OverheadActual  10: 1 op, 251.00 ns, 251.0000 ns/op
OverheadActual  11: 1 op, 281.00 ns, 281.0000 ns/op
OverheadActual  12: 1 op, 251.00 ns, 251.0000 ns/op
OverheadActual  13: 1 op, 250.00 ns, 250.0000 ns/op
OverheadActual  14: 1 op, 261.00 ns, 261.0000 ns/op
OverheadActual  15: 1 op, 230.00 ns, 230.0000 ns/op
OverheadActual  16: 1 op, 310.00 ns, 310.0000 ns/op
OverheadActual  17: 1 op, 250.00 ns, 250.0000 ns/op
OverheadActual  18: 1 op, 270.00 ns, 270.0000 ns/op
OverheadActual  19: 1 op, 251.00 ns, 251.0000 ns/op
OverheadActual  20: 1 op, 240.00 ns, 240.0000 ns/op

WorkloadWarmup   1: 1 op, 65242.00 ns, 65.2420 us/op
WorkloadWarmup   2: 1 op, 6762.00 ns, 6.7620 us/op
WorkloadWarmup   3: 1 op, 5981.00 ns, 5.9810 us/op

// BeforeActualRun
WorkloadActual   1: 1 op, 5981.00 ns, 5.9810 us/op
WorkloadActual   2: 1 op, 5280.00 ns, 5.2800 us/op
WorkloadActual   3: 1 op, 4999.00 ns, 4.9990 us/op

// AfterActualRun
WorkloadResult   1: 1 op, 5725.50 ns, 5.7255 us/op
WorkloadResult   2: 1 op, 5024.50 ns, 5.0245 us/op
WorkloadResult   3: 1 op, 4743.50 ns, 4.7435 us/op
// GC:  0 0 0 320 1
// Threading:  0 0 1

// AfterAll
// Benchmark Process 4003 has exited with code 0.

Mean = 5.165 μs, StdErr = 0.292 μs (5.65%), N = 3, StdDev = 0.506 μs
Min = 4.744 μs, Q1 = 4.884 μs, Median = 5.024 μs, Q3 = 5.375 μs, Max = 5.726 μs
IQR = 0.491 μs, LowerFence = 4.147 μs, UpperFence = 6.112 μs
ConfidenceInterval = [-4.062 μs; 14.391 μs] (CI 99.9%), Margin = 9.227 μs (178.66% of Mean)
Skewness = 0.26, Kurtosis = 0.67, MValue = 2

// ** Remained 2 (20.0 %) benchmark(s) to run. Estimated finish 2026-10-09 19:56 (0h 0m from now) **
// **************************
// Benchmark: ShadowShardRouterBenchmarks.'Decorated GetAllShardIds': ShortRun(InvocationCount=1, IterationCount=3, LaunchCount=1, UnrollFactor=1, WarmupCount=3) [ShardCount=50]
// *** Execute ***
// Launch: 1 / 1
// Execute: dotnet Encina.Benchmarks-ShortRun-1.dll --anonymousPipes 228 229 --benchmarkName "Encina.Benchmarks.Sharding.ShadowShardRouterBenchmarks.DecoratedGetAllShardIds(ShardCount: 50)" --job ShortRun --benchmarkId 8 in /home/runner/work/Encina/Encina/tests/Encina.BenchmarkTests/Encina.Benchmarks/bin/Release/net10.0/Encina.Benchmarks-ShortRun-1/bin/Release/net10.0
// Failed to set up high priority (Permission denied). In order to run benchmarks with high priority, make sure you have the right permissions.
// BeforeAnythingElse

// Benchmark Process Environment Information:
// BenchmarkDotNet v0.15.8
// Runtime=.NET 10.0.12 (10.0.12, 10.0.1226.42308), X64 RyuJIT x86-64-v3
// GC=Concurrent Workstation
// HardwareIntrinsics=AVX2+BMI1+BMI2+F16C+FMA+LZCNT+MOVBE,AVX,SSE3+SSSE3+SSE4.1+SSE4.2+POPCNT,X86Base+SSE+SSE2,AES+PCLMUL VectorSize=256
// Job: ShortRun(InvocationCount=1, IterationCount=3, LaunchCount=1, UnrollFactor=1, WarmupCount=3)

OverheadJitting  1: 1 op, 241103.00 ns, 241.1030 us/op
WorkloadJitting  1: 1 op, 726665.00 ns, 726.6650 us/op

OverheadWarmup   1: 1 op, 351.00 ns, 351.0000 ns/op
OverheadWarmup   2: 1 op, 481.00 ns, 481.0000 ns/op
OverheadWarmup   3: 1 op, 251.00 ns, 251.0000 ns/op
OverheadWarmup   4: 1 op, 250.00 ns, 250.0000 ns/op
OverheadWarmup   5: 1 op, 311.00 ns, 311.0000 ns/op
OverheadWarmup   6: 1 op, 711.00 ns, 711.0000 ns/op
OverheadWarmup   7: 1 op, 341.00 ns, 341.0000 ns/op

OverheadActual   1: 1 op, 281.00 ns, 281.0000 ns/op
OverheadActual   2: 1 op, 251.00 ns, 251.0000 ns/op
OverheadActual   3: 1 op, 501.00 ns, 501.0000 ns/op
OverheadActual   4: 1 op, 261.00 ns, 261.0000 ns/op
OverheadActual   5: 1 op, 260.00 ns, 260.0000 ns/op
OverheadActual   6: 1 op, 260.00 ns, 260.0000 ns/op
OverheadActual   7: 1 op, 261.00 ns, 261.0000 ns/op
OverheadActual   8: 1 op, 250.00 ns, 250.0000 ns/op
OverheadActual   9: 1 op, 251.00 ns, 251.0000 ns/op
OverheadActual  10: 1 op, 291.00 ns, 291.0000 ns/op
OverheadActual  11: 1 op, 371.00 ns, 371.0000 ns/op
OverheadActual  12: 1 op, 471.00 ns, 471.0000 ns/op
OverheadActual  13: 1 op, 251.00 ns, 251.0000 ns/op
OverheadActual  14: 1 op, 261.00 ns, 261.0000 ns/op
OverheadActual  15: 1 op, 731.00 ns, 731.0000 ns/op
OverheadActual  16: 1 op, 450.00 ns, 450.0000 ns/op
OverheadActual  17: 1 op, 251.00 ns, 251.0000 ns/op
OverheadActual  18: 1 op, 261.00 ns, 261.0000 ns/op
OverheadActual  19: 1 op, 251.00 ns, 251.0000 ns/op
OverheadActual  20: 1 op, 300.00 ns, 300.0000 ns/op

WorkloadWarmup   1: 1 op, 66185.00 ns, 66.1850 us/op
WorkloadWarmup   2: 1 op, 4819.00 ns, 4.8190 us/op
WorkloadWarmup   3: 1 op, 4439.00 ns, 4.4390 us/op

// BeforeActualRun
WorkloadActual   1: 1 op, 4318.00 ns, 4.3180 us/op
WorkloadActual   2: 1 op, 4057.00 ns, 4.0570 us/op
WorkloadActual   3: 1 op, 3587.00 ns, 3.5870 us/op

// AfterActualRun
WorkloadResult   1: 1 op, 4057.00 ns, 4.0570 us/op
WorkloadResult   2: 1 op, 3796.00 ns, 3.7960 us/op
WorkloadResult   3: 1 op, 3326.00 ns, 3.3260 us/op
// GC:  0 0 0 480 1
// Threading:  0 0 1

// AfterAll
// Benchmark Process 4009 has exited with code 0.

Mean = 3.726 μs, StdErr = 0.214 μs (5.74%), N = 3, StdDev = 0.370 μs
Min = 3.326 μs, Q1 = 3.561 μs, Median = 3.796 μs, Q3 = 3.926 μs, Max = 4.057 μs
IQR = 0.365 μs, LowerFence = 3.013 μs, UpperFence = 4.475 μs
ConfidenceInterval = [-3.032 μs; 10.485 μs] (CI 99.9%), Margin = 6.758 μs (181.37% of Mean)
Skewness = -0.18, Kurtosis = 0.67, MValue = 2

// ** Remained 1 (10.0 %) benchmark(s) to run. Estimated finish 2026-10-09 19:56 (0h 0m from now) **
// **************************
// Benchmark: ShadowShardRouterBenchmarks.'Decorated GetShardConnectionString': ShortRun(InvocationCount=1, IterationCount=3, LaunchCount=1, UnrollFactor=1, WarmupCount=3) [ShardCount=50]
// *** Execute ***
// Launch: 1 / 1
// Execute: dotnet Encina.Benchmarks-ShortRun-1.dll --anonymousPipes 228 229 --benchmarkName "Encina.Benchmarks.Sharding.ShadowShardRouterBenchmarks.DecoratedGetShardConnectionString(ShardCount: 50)" --job ShortRun --benchmarkId 9 in /home/runner/work/Encina/Encina/tests/Encina.BenchmarkTests/Encina.Benchmarks/bin/Release/net10.0/Encina.Benchmarks-ShortRun-1/bin/Release/net10.0
// Failed to set up high priority (Permission denied). In order to run benchmarks with high priority, make sure you have the right permissions.
// BeforeAnythingElse

// Benchmark Process Environment Information:
// BenchmarkDotNet v0.15.8
// Runtime=.NET 10.0.12 (10.0.12, 10.0.1226.42308), X64 RyuJIT x86-64-v3
// GC=Concurrent Workstation
// HardwareIntrinsics=AVX2+BMI1+BMI2+F16C+FMA+LZCNT+MOVBE,AVX,SSE3+SSSE3+SSE4.1+SSE4.2+POPCNT,X86Base+SSE+SSE2,AES+PCLMUL VectorSize=256
// Job: ShortRun(InvocationCount=1, IterationCount=3, LaunchCount=1, UnrollFactor=1, WarmupCount=3)

OverheadJitting  1: 1 op, 227778.00 ns, 227.7780 us/op
WorkloadJitting  1: 1 op, 19757323.00 ns, 19.7573 ms/op

OverheadWarmup   1: 1 op, 431.00 ns, 431.0000 ns/op
OverheadWarmup   2: 1 op, 221.00 ns, 221.0000 ns/op
OverheadWarmup   3: 1 op, 261.00 ns, 261.0000 ns/op
OverheadWarmup   4: 1 op, 251.00 ns, 251.0000 ns/op
OverheadWarmup   5: 1 op, 250.00 ns, 250.0000 ns/op
OverheadWarmup   6: 1 op, 431.00 ns, 431.0000 ns/op
OverheadWarmup   7: 1 op, 230.00 ns, 230.0000 ns/op

OverheadActual   1: 1 op, 290.00 ns, 290.0000 ns/op
OverheadActual   2: 1 op, 261.00 ns, 261.0000 ns/op
OverheadActual   3: 1 op, 250.00 ns, 250.0000 ns/op
OverheadActual   4: 1 op, 251.00 ns, 251.0000 ns/op
OverheadActual   5: 1 op, 260.00 ns, 260.0000 ns/op
OverheadActual   6: 1 op, 270.00 ns, 270.0000 ns/op
OverheadActual   7: 1 op, 271.00 ns, 271.0000 ns/op
OverheadActual   8: 1 op, 271.00 ns, 271.0000 ns/op
OverheadActual   9: 1 op, 260.00 ns, 260.0000 ns/op
OverheadActual  10: 1 op, 261.00 ns, 261.0000 ns/op
OverheadActual  11: 1 op, 280.00 ns, 280.0000 ns/op
OverheadActual  12: 1 op, 261.00 ns, 261.0000 ns/op
OverheadActual  13: 1 op, 260.00 ns, 260.0000 ns/op
OverheadActual  14: 1 op, 250.00 ns, 250.0000 ns/op
OverheadActual  15: 1 op, 381.00 ns, 381.0000 ns/op

WorkloadWarmup   1: 1 op, 61205.00 ns, 61.2050 us/op
WorkloadWarmup   2: 1 op, 5220.00 ns, 5.2200 us/op
WorkloadWarmup   3: 1 op, 4148.00 ns, 4.1480 us/op

// BeforeActualRun
WorkloadActual   1: 1 op, 5731.00 ns, 5.7310 us/op
WorkloadActual   2: 1 op, 5440.00 ns, 5.4400 us/op
WorkloadActual   3: 1 op, 3858.00 ns, 3.8580 us/op

// AfterActualRun
WorkloadResult   1: 1 op, 5470.00 ns, 5.4700 us/op
WorkloadResult   2: 1 op, 5179.00 ns, 5.1790 us/op
WorkloadResult   3: 1 op, 3597.00 ns, 3.5970 us/op
// GC:  0 0 0 64 1
// Threading:  0 0 1

// AfterAll
// Benchmark Process 4015 has exited with code 0.

Mean = 4.749 μs, StdErr = 0.582 μs (12.25%), N = 3, StdDev = 1.008 μs
Min = 3.597 μs, Q1 = 4.388 μs, Median = 5.179 μs, Q3 = 5.324 μs, Max = 5.470 μs
IQR = 0.936 μs, LowerFence = 2.983 μs, UpperFence = 6.729 μs
ConfidenceInterval = [-13.640 μs; 23.137 μs] (CI 99.9%), Margin = 18.388 μs (387.23% of Mean)
Skewness = -0.35, Kurtosis = 0.67, MValue = 2

// ** Remained 0 (0.0 %) benchmark(s) to run. Estimated finish 2026-10-09 19:56 (0h 0m from now) **
// ***** BenchmarkRunner: Finish  *****

// * Export *
  artifacts/performance/Core/results/Encina.Benchmarks.Sharding.ShadowShardRouterBenchmarks-report.csv
  artifacts/performance/Core/results/Encina.Benchmarks.Sharding.ShadowShardRouterBenchmarks-report-github.md
  artifacts/performance/Core/results/Encina.Benchmarks.Sharding.ShadowShardRouterBenchmarks-report.html
  artifacts/performance/Core/results/Encina.Benchmarks.Sharding.ShadowShardRouterBenchmarks-report-full-compressed.json
  artifacts/performance/Core/results/Encina.Benchmarks.Sharding.ShadowShardRouterBenchmarks-report-default.md

// * Detailed results *
ShadowShardRouterBenchmarks.'Bare HashRouter': ShortRun(InvocationCount=1, IterationCount=3, LaunchCount=1, UnrollFactor=1, WarmupCount=3) [ShardCount=3]
Runtime = .NET 10.0.12 (10.0.12, 10.0.1226.42308), X64 RyuJIT x86-64-v3; GC = Concurrent Workstation
Mean = 4.024 μs, StdErr = 0.202 μs (5.02%), N = 3, StdDev = 0.350 μs
Min = 3.636 μs, Q1 = 3.877 μs, Median = 4.118 μs, Q3 = 4.218 μs, Max = 4.317 μs
IQR = 0.341 μs, LowerFence = 3.366 μs, UpperFence = 4.728 μs
ConfidenceInterval = [-2.365 μs; 10.412 μs] (CI 99.9%), Margin = 6.388 μs (158.77% of Mean)
Skewness = -0.25, Kurtosis = 0.67, MValue = 2
-------------------- Histogram --------------------
[3.317 μs ; 3.899 μs) | @
[3.899 μs ; 4.636 μs) | @@
---------------------------------------------------

ShadowShardRouterBenchmarks.'Decorated GetShardId (production path)': ShortRun(InvocationCount=1, IterationCount=3, LaunchCount=1, UnrollFactor=1, WarmupCount=3) [ShardCount=3]
Runtime = .NET 10.0.12 (10.0.12, 10.0.1226.42308), X64 RyuJIT x86-64-v3; GC = Concurrent Workstation
Mean = 3.139 μs, StdErr = 0.134 μs (4.26%), N = 3, StdDev = 0.231 μs
Min = 2.997 μs, Q1 = 3.006 μs, Median = 3.015 μs, Q3 = 3.211 μs, Max = 3.406 μs
IQR = 0.205 μs, LowerFence = 2.699 μs, UpperFence = 3.518 μs
ConfidenceInterval = [-1.083 μs; 7.362 μs] (CI 99.9%), Margin = 4.222 μs (134.48% of Mean)
Skewness = 0.38, Kurtosis = 0.67, MValue = 2
-------------------- Histogram --------------------
[2.991 μs ; 3.412 μs) | @@@
---------------------------------------------------

ShadowShardRouterBenchmarks.'Decorated CompareAsync': ShortRun(InvocationCount=1, IterationCount=3, LaunchCount=1, UnrollFactor=1, WarmupCount=3) [ShardCount=3]
Runtime = .NET 10.0.12 (10.0.12, 10.0.1226.42308), X64 RyuJIT x86-64-v3; GC = Concurrent Workstation
Mean = 4.505 μs, StdErr = 0.331 μs (7.35%), N = 3, StdDev = 0.573 μs
Min = 4.098 μs, Q1 = 4.178 μs, Median = 4.258 μs, Q3 = 4.709 μs, Max = 5.160 μs
IQR = 0.531 μs, LowerFence = 3.380 μs, UpperFence = 5.506 μs
ConfidenceInterval = [-5.951 μs; 14.961 μs] (CI 99.9%), Margin = 10.456 μs (232.10% of Mean)
Skewness = 0.35, Kurtosis = 0.67, MValue = 2
-------------------- Histogram --------------------
[3.576 μs ; 4.699 μs) | @@
[4.699 μs ; 5.682 μs) | @
---------------------------------------------------

ShadowShardRouterBenchmarks.'Decorated GetAllShardIds': ShortRun(InvocationCount=1, IterationCount=3, LaunchCount=1, UnrollFactor=1, WarmupCount=3) [ShardCount=3]
Runtime = .NET 10.0.12 (10.0.12, 10.0.1226.42308), X64 RyuJIT x86-64-v3; GC = Concurrent Workstation
Mean = 3.822 μs, StdErr = 0.403 μs (10.55%), N = 3, StdDev = 0.699 μs
Min = 3.341 μs, Q1 = 3.421 μs, Median = 3.502 μs, Q3 = 4.062 μs, Max = 4.623 μs
IQR = 0.641 μs, LowerFence = 2.460 μs, UpperFence = 5.024 μs
ConfidenceInterval = [-8.922 μs; 16.567 μs] (CI 99.9%), Margin = 12.745 μs (333.44% of Mean)
Skewness = 0.36, Kurtosis = 0.67, MValue = 2
-------------------- Histogram --------------------
[2.706 μs ; 4.057 μs) | @@
[4.057 μs ; 5.259 μs) | @
---------------------------------------------------

ShadowShardRouterBenchmarks.'Decorated GetShardConnectionString': ShortRun(InvocationCount=1, IterationCount=3, LaunchCount=1, UnrollFactor=1, WarmupCount=3) [ShardCount=3]
Runtime = .NET 10.0.12 (10.0.12, 10.0.1226.42308), X64 RyuJIT x86-64-v3; GC = Concurrent Workstation
Mean = 3.324 μs, StdErr = 0.099 μs (2.97%), N = 3, StdDev = 0.171 μs
Min = 3.160 μs, Q1 = 3.236 μs, Median = 3.311 μs, Q3 = 3.406 μs, Max = 3.501 μs
IQR = 0.171 μs, LowerFence = 2.980 μs, UpperFence = 3.662 μs
ConfidenceInterval = [0.207 μs; 6.441 μs] (CI 99.9%), Margin = 3.117 μs (93.78% of Mean)
Skewness = 0.08, Kurtosis = 0.67, MValue = 2
-------------------- Histogram --------------------
[3.080 μs ; 3.391 μs) | @@
[3.391 μs ; 3.656 μs) | @
---------------------------------------------------

ShadowShardRouterBenchmarks.'Bare HashRouter': ShortRun(InvocationCount=1, IterationCount=3, LaunchCount=1, UnrollFactor=1, WarmupCount=3) [ShardCount=50]
Runtime = .NET 10.0.12 (10.0.12, 10.0.1226.42308), X64 RyuJIT x86-64-v3; GC = Concurrent Workstation
Mean = 3.780 μs, StdErr = 0.181 μs (4.78%), N = 3, StdDev = 0.313 μs
Min = 3.446 μs, Q1 = 3.636 μs, Median = 3.827 μs, Q3 = 3.947 μs, Max = 4.067 μs
IQR = 0.310 μs, LowerFence = 3.171 μs, UpperFence = 4.413 μs
ConfidenceInterval = [-1.933 μs; 9.493 μs] (CI 99.9%), Margin = 5.713 μs (151.14% of Mean)
Skewness = -0.15, Kurtosis = 0.67, MValue = 2
-------------------- Histogram --------------------
[3.161 μs ; 3.662 μs) | @
[3.662 μs ; 4.232 μs) | @@
---------------------------------------------------

ShadowShardRouterBenchmarks.'Decorated GetShardId (production path)': ShortRun(InvocationCount=1, IterationCount=3, LaunchCount=1, UnrollFactor=1, WarmupCount=3) [ShardCount=50]
Runtime = .NET 10.0.12 (10.0.12, 10.0.1226.42308), X64 RyuJIT x86-64-v3; GC = Concurrent Workstation
Mean = 3.791 μs, StdErr = 0.164 μs (4.33%), N = 3, StdDev = 0.284 μs
Min = 3.537 μs, Q1 = 3.637 μs, Median = 3.737 μs, Q3 = 3.917 μs, Max = 4.098 μs
IQR = 0.281 μs, LowerFence = 3.216 μs, UpperFence = 4.338 μs
ConfidenceInterval = [-1.396 μs; 8.978 μs] (CI 99.9%), Margin = 5.187 μs (136.84% of Mean)
Skewness = 0.18, Kurtosis = 0.67, MValue = 2
-------------------- Histogram --------------------
[3.378 μs ; 3.896 μs) | @@
[3.896 μs ; 4.357 μs) | @
---------------------------------------------------

ShadowShardRouterBenchmarks.'Decorated CompareAsync': ShortRun(InvocationCount=1, IterationCount=3, LaunchCount=1, UnrollFactor=1, WarmupCount=3) [ShardCount=50]
Runtime = .NET 10.0.12 (10.0.12, 10.0.1226.42308), X64 RyuJIT x86-64-v3; GC = Concurrent Workstation
Mean = 5.165 μs, StdErr = 0.292 μs (5.65%), N = 3, StdDev = 0.506 μs
Min = 4.744 μs, Q1 = 4.884 μs, Median = 5.024 μs, Q3 = 5.375 μs, Max = 5.726 μs
IQR = 0.491 μs, LowerFence = 4.147 μs, UpperFence = 6.112 μs
ConfidenceInterval = [-4.062 μs; 14.391 μs] (CI 99.9%), Margin = 9.227 μs (178.66% of Mean)
Skewness = 0.26, Kurtosis = 0.67, MValue = 2
-------------------- Histogram --------------------
[4.424 μs ; 5.344 μs) | @@
[5.344 μs ; 6.186 μs) | @
---------------------------------------------------

ShadowShardRouterBenchmarks.'Decorated GetAllShardIds': ShortRun(InvocationCount=1, IterationCount=3, LaunchCount=1, UnrollFactor=1, WarmupCount=3) [ShardCount=50]
Runtime = .NET 10.0.12 (10.0.12, 10.0.1226.42308), X64 RyuJIT x86-64-v3; GC = Concurrent Workstation
Mean = 3.726 μs, StdErr = 0.214 μs (5.74%), N = 3, StdDev = 0.370 μs
Min = 3.326 μs, Q1 = 3.561 μs, Median = 3.796 μs, Q3 = 3.926 μs, Max = 4.057 μs
IQR = 0.365 μs, LowerFence = 3.013 μs, UpperFence = 4.475 μs
ConfidenceInterval = [-3.032 μs; 10.485 μs] (CI 99.9%), Margin = 6.758 μs (181.37% of Mean)
Skewness = -0.18, Kurtosis = 0.67, MValue = 2
-------------------- Histogram --------------------
[2.989 μs ; 3.589 μs) | @
[3.589 μs ; 4.394 μs) | @@
---------------------------------------------------

ShadowShardRouterBenchmarks.'Decorated GetShardConnectionString': ShortRun(InvocationCount=1, IterationCount=3, LaunchCount=1, UnrollFactor=1, WarmupCount=3) [ShardCount=50]
Runtime = .NET 10.0.12 (10.0.12, 10.0.1226.42308), X64 RyuJIT x86-64-v3; GC = Concurrent Workstation
Mean = 4.749 μs, StdErr = 0.582 μs (12.25%), N = 3, StdDev = 1.008 μs
Min = 3.597 μs, Q1 = 4.388 μs, Median = 5.179 μs, Q3 = 5.324 μs, Max = 5.470 μs
IQR = 0.936 μs, LowerFence = 2.983 μs, UpperFence = 6.729 μs
ConfidenceInterval = [-13.640 μs; 23.137 μs] (CI 99.9%), Margin = 18.388 μs (387.23% of Mean)
Skewness = -0.35, Kurtosis = 0.67, MValue = 2
-------------------- Histogram --------------------
[2.680 μs ; 4.407 μs) | @
[4.407 μs ; 6.387 μs) | @@
---------------------------------------------------

// * Summary *

BenchmarkDotNet v0.15.8, Linux Ubuntu 24.04.5 LTS (Noble Numbat)
AMD EPYC 7763 3.23GHz, 1 CPU, 4 logical and 2 physical cores
.NET SDK 10.0.401
  [Host]   : .NET 10.0.12 (10.0.12, 10.0.1226.42308), X64 RyuJIT x86-64-v3
  ShortRun : .NET 10.0.12 (10.0.12, 10.0.1226.42308), X64 RyuJIT x86-64-v3

Job=ShortRun  InvocationCount=1  IterationCount=3  
LaunchCount=1  UnrollFactor=1  WarmupCount=3  

| Method                                   | ShardCount | Mean     | Error     | StdDev    | Ratio | RatioSD | Rank | Allocated | Alloc Ratio |
|----------------------------------------- |----------- |---------:|----------:|----------:|------:|--------:|-----:|----------:|------------:|
| 'Bare HashRouter'                        | 3          | 4.024 μs |  6.388 μs | 0.3502 μs |  1.01 |    0.11 |    1 |      56 B |        1.00 |
| 'Decorated GetShardId (production path)' | 3          | 3.139 μs |  4.222 μs | 0.2314 μs |  0.78 |    0.08 |    1 |      56 B |        1.00 |
| 'Decorated CompareAsync'                 | 3          | 4.505 μs | 10.456 μs | 0.5731 μs |  1.13 |    0.15 |    1 |     320 B |        5.71 |
| 'Decorated GetAllShardIds'               | 3          | 3.822 μs | 12.745 μs | 0.6986 μs |  0.95 |    0.17 |    1 |     104 B |        1.86 |
| 'Decorated GetShardConnectionString'     | 3          | 3.324 μs |  3.117 μs | 0.1709 μs |  0.83 |    0.07 |    1 |      64 B |        1.14 |
|                                          |            |          |           |           |       |         |      |           |             |
| 'Bare HashRouter'                        | 50         | 3.780 μs |  5.713 μs | 0.3132 μs |  1.00 |    0.10 |    1 |      56 B |        1.00 |
| 'Decorated GetShardId (production path)' | 50         | 3.791 μs |  5.187 μs | 0.2843 μs |  1.01 |    0.10 |    1 |      56 B |        1.00 |
| 'Decorated CompareAsync'                 | 50         | 5.165 μs |  9.227 μs | 0.5057 μs |  1.37 |    0.15 |    2 |     320 B |        5.71 |
| 'Decorated GetAllShardIds'               | 50         | 3.726 μs |  6.758 μs | 0.3704 μs |  0.99 |    0.11 |    1 |     480 B |        8.57 |
| 'Decorated GetShardConnectionString'     | 50         | 4.749 μs | 18.388 μs | 1.0079 μs |  1.26 |    0.25 |    2 |      64 B |        1.14 |

// * Warnings *
MinIterationTime
  ShadowShardRouterBenchmarks.'Bare HashRouter': ShortRun                        -> The minimum observed iteration time is 3.897μs which is very small. It's recommended to increase it to at least 100ms using more operations.
  ShadowShardRouterBenchmarks.'Decorated GetShardId (production path)': ShortRun -> The minimum observed iteration time is 3.237μs which is very small. It's recommended to increase it to at least 100ms using more operations.
  ShadowShardRouterBenchmarks.'Decorated CompareAsync': ShortRun                 -> The minimum observed iteration time is 4.328μs which is very small. It's recommended to increase it to at least 100ms using more operations.
  ShadowShardRouterBenchmarks.'Decorated GetAllShardIds': ShortRun               -> The minimum observed iteration time is 3.577μs which is very small. It's recommended to increase it to at least 100ms using more operations.
  ShadowShardRouterBenchmarks.'Decorated GetShardConnectionString': ShortRun     -> The minimum observed iteration time is 3.396μs which is very small. It's recommended to increase it to at least 100ms using more operations.
  ShadowShardRouterBenchmarks.'Bare HashRouter': ShortRun                        -> The minimum observed iteration time is 3.707μs which is very small. It's recommended to increase it to at least 100ms using more operations.
  ShadowShardRouterBenchmarks.'Decorated GetShardId (production path)': ShortRun -> The minimum observed iteration time is 3.787μs which is very small. It's recommended to increase it to at least 100ms using more operations.
  ShadowShardRouterBenchmarks.'Decorated CompareAsync': ShortRun                 -> The minimum observed iteration time is 4.999μs which is very small. It's recommended to increase it to at least 100ms using more operations.
  ShadowShardRouterBenchmarks.'Decorated GetAllShardIds': ShortRun               -> The minimum observed iteration time is 3.587μs which is very small. It's recommended to increase it to at least 100ms using more operations.
  ShadowShardRouterBenchmarks.'Decorated GetShardConnectionString': ShortRun     -> The minimum observed iteration time is 3.858μs which is very small. It's recommended to increase it to at least 100ms using more operations.
// * Config Issues *

// * Warnings *
Configuration
  Summary -> The exporter CsvExporter is already present in configuration. There may be unexpected results.
  Summary -> The exporter HtmlExporter is already present in configuration. There may be unexpected results.
  Summary -> The exporter MarkdownExporter-github is already present in configuration. There may be unexpected results.

// * Legends *
  ShardCount  : Value of the 'ShardCount' parameter
  Mean        : Arithmetic mean of all measurements
  Error       : Half of 99.9% confidence interval
  StdDev      : Standard deviation of all measurements
  Ratio       : Mean of the ratio distribution ([Current]/[Baseline])
  RatioSD     : Standard deviation of the ratio distribution ([Current]/[Baseline])
  Rank        : Relative position of current benchmark mean among all benchmarks (Arabic style)
  Allocated   : Allocated memory per single operation (managed only, inclusive, 1KB = 1024B)
  Alloc Ratio : Allocated memory ratio distribution ([Current]/[Baseline])
  1 μs        : 1 Microsecond (0.000001 sec)

// * Diagnostic Output - MemoryDiagnoser *


// ***** BenchmarkRunner: End *****
Run time: 00:00:03 (3.64 sec), executed benchmarks: 10

Global total time: 00:03:26 (206.77 sec), executed benchmarks: 10
// * Artifacts cleanup *
Artifacts cleanup is finished
