// Validating benchmarks:
// ***** BenchmarkRunner: Start   *****
// ***** Found 8 benchmark(s) in total *****
// ***** Building 1 exe(s) in Parallel: Start   *****
// start dotnet  restore --nodeReuse:false /p:UseSharedCompilation=false /p:Deterministic=true /p:Optimize=true /p:ArtifactsPath="/home/runner/work/Encina/Encina/tests/Encina.BenchmarkTests/Encina.Marten.GDPR.Benchmarks/bin/Release/net10.0/Encina.Marten.GDPR.Benchmarks-ShortRun-1/" /p:OutDir="/home/runner/work/Encina/Encina/tests/Encina.BenchmarkTests/Encina.Marten.GDPR.Benchmarks/bin/Release/net10.0/Encina.Marten.GDPR.Benchmarks-ShortRun-1/bin/Release/net10.0/" /p:OutputPath="/home/runner/work/Encina/Encina/tests/Encina.BenchmarkTests/Encina.Marten.GDPR.Benchmarks/bin/Release/net10.0/Encina.Marten.GDPR.Benchmarks-ShortRun-1/bin/Release/net10.0/" /p:PublishDir="/home/runner/work/Encina/Encina/tests/Encina.BenchmarkTests/Encina.Marten.GDPR.Benchmarks/bin/Release/net10.0/Encina.Marten.GDPR.Benchmarks-ShortRun-1/publish/" in /home/runner/work/Encina/Encina/tests/Encina.BenchmarkTests/Encina.Marten.GDPR.Benchmarks/bin/Release/net10.0/Encina.Marten.GDPR.Benchmarks-ShortRun-1
// command took 3.2 sec and exited with 0
// start dotnet  build -c Release --no-restore --nodeReuse:false /p:UseSharedCompilation=false /p:Deterministic=true /p:Optimize=true /p:ArtifactsPath="/home/runner/work/Encina/Encina/tests/Encina.BenchmarkTests/Encina.Marten.GDPR.Benchmarks/bin/Release/net10.0/Encina.Marten.GDPR.Benchmarks-ShortRun-1/" /p:OutDir="/home/runner/work/Encina/Encina/tests/Encina.BenchmarkTests/Encina.Marten.GDPR.Benchmarks/bin/Release/net10.0/Encina.Marten.GDPR.Benchmarks-ShortRun-1/bin/Release/net10.0/" /p:OutputPath="/home/runner/work/Encina/Encina/tests/Encina.BenchmarkTests/Encina.Marten.GDPR.Benchmarks/bin/Release/net10.0/Encina.Marten.GDPR.Benchmarks-ShortRun-1/bin/Release/net10.0/" /p:PublishDir="/home/runner/work/Encina/Encina/tests/Encina.BenchmarkTests/Encina.Marten.GDPR.Benchmarks/bin/Release/net10.0/Encina.Marten.GDPR.Benchmarks-ShortRun-1/publish/" --output "/home/runner/work/Encina/Encina/tests/Encina.BenchmarkTests/Encina.Marten.GDPR.Benchmarks/bin/Release/net10.0/Encina.Marten.GDPR.Benchmarks-ShortRun-1/bin/Release/net10.0/" in /home/runner/work/Encina/Encina/tests/Encina.BenchmarkTests/Encina.Marten.GDPR.Benchmarks/bin/Release/net10.0/Encina.Marten.GDPR.Benchmarks-ShortRun-1
// command took 87.16 sec and exited with 0
// ***** Done, took 00:01:30 (90.54 sec)   *****
// Found 8 benchmarks:
//   SubjectKeyProviderBenchmarks.GetOrCreateExistingKey: ShortRun(IterationCount=3, LaunchCount=1, WarmupCount=3) [SubjectCount=10]
//   SubjectKeyProviderBenchmarks.CreateNewKey: ShortRun(IterationCount=3, LaunchCount=1, WarmupCount=3) [SubjectCount=10]
//   SubjectKeyProviderBenchmarks.GetOrCreateExistingKey: ShortRun(IterationCount=3, LaunchCount=1, WarmupCount=3) [SubjectCount=100]
//   SubjectKeyProviderBenchmarks.CreateNewKey: ShortRun(IterationCount=3, LaunchCount=1, WarmupCount=3) [SubjectCount=100]
//   SubjectKeyProviderBenchmarks.CheckIsForgotten: ShortRun(IterationCount=3, LaunchCount=1, WarmupCount=3) [SubjectCount=10]
//   SubjectKeyProviderBenchmarks.CheckIsForgotten: ShortRun(IterationCount=3, LaunchCount=1, WarmupCount=3) [SubjectCount=100]
//   SubjectKeyProviderBenchmarks.GetExistingKey: ShortRun(IterationCount=3, LaunchCount=1, WarmupCount=3) [SubjectCount=10]
//   SubjectKeyProviderBenchmarks.GetExistingKey: ShortRun(IterationCount=3, LaunchCount=1, WarmupCount=3) [SubjectCount=100]

// **************************
// Benchmark: SubjectKeyProviderBenchmarks.GetOrCreateExistingKey: ShortRun(IterationCount=3, LaunchCount=1, WarmupCount=3) [SubjectCount=10]
// *** Execute ***
// Launch: 1 / 1
// Execute: dotnet Encina.Marten.GDPR.Benchmarks-ShortRun-1.dll --anonymousPipes 152 153 --benchmarkName "Encina.Marten.GDPR.Benchmarks.SubjectKeyProviderBenchmarks.GetOrCreateExistingKey(SubjectCount: 10)" --job ShortRun --benchmarkId 0 in /home/runner/work/Encina/Encina/tests/Encina.BenchmarkTests/Encina.Marten.GDPR.Benchmarks/bin/Release/net10.0/Encina.Marten.GDPR.Benchmarks-ShortRun-1/bin/Release/net10.0
// Failed to set up high priority (Permission denied). In order to run benchmarks with high priority, make sure you have the right permissions.
// BeforeAnythingElse

// Benchmark Process Environment Information:
// BenchmarkDotNet v0.15.8
// Runtime=.NET 10.0.12 (10.0.12, 10.0.1226.42308), X64 RyuJIT x86-64-v3
// GC=Concurrent Workstation
// HardwareIntrinsics=AVX2+BMI1+BMI2+F16C+FMA+LZCNT+MOVBE,AVX,SSE3+SSSE3+SSE4.1+SSE4.2+POPCNT,X86Base+SSE+SSE2,AES+PCLMUL VectorSize=256
// Job: ShortRun(IterationCount=3, LaunchCount=1, WarmupCount=3)

OverheadJitting  1: 1 op, 240852.00 ns, 240.8520 us/op
WorkloadJitting  1: 1 op, 6243909.00 ns, 6.2439 ms/op

OverheadJitting  2: 16 op, 481613.00 ns, 30.1008 us/op
WorkloadJitting  2: 16 op, 529965.00 ns, 33.1228 us/op

WorkloadPilot    1: 16 op, 9688.00 ns, 605.5000 ns/op
WorkloadPilot    2: 32 op, 35487.00 ns, 1.1090 us/op
WorkloadPilot    3: 64 op, 32351.00 ns, 505.4844 ns/op
WorkloadPilot    4: 128 op, 48701.00 ns, 380.4766 ns/op
WorkloadPilot    5: 256 op, 89879.00 ns, 351.0898 ns/op
WorkloadPilot    6: 512 op, 156093.00 ns, 304.8691 ns/op
WorkloadPilot    7: 1024 op, 330942.00 ns, 323.1855 ns/op
WorkloadPilot    8: 2048 op, 505849.00 ns, 246.9966 ns/op
WorkloadPilot    9: 4096 op, 1066082.00 ns, 260.2739 ns/op
WorkloadPilot   10: 8192 op, 2095022.00 ns, 255.7400 ns/op
WorkloadPilot   11: 16384 op, 4195034.00 ns, 256.0446 ns/op
WorkloadPilot   12: 32768 op, 8371884.00 ns, 255.4896 ns/op
WorkloadPilot   13: 65536 op, 16712368.00 ns, 255.0105 ns/op
WorkloadPilot   14: 131072 op, 21606814.00 ns, 164.8469 ns/op
WorkloadPilot   15: 262144 op, 43884588.00 ns, 167.4064 ns/op
WorkloadPilot   16: 524288 op, 82740476.00 ns, 157.8149 ns/op
WorkloadPilot   17: 1048576 op, 167300237.00 ns, 159.5499 ns/op
WorkloadPilot   18: 2097152 op, 332280501.00 ns, 158.4437 ns/op
WorkloadPilot   19: 4194304 op, 671512770.00 ns, 160.1011 ns/op

OverheadWarmup   1: 4194304 op, 13816462.00 ns, 3.2941 ns/op
OverheadWarmup   2: 4194304 op, 13743265.00 ns, 3.2766 ns/op
OverheadWarmup   3: 4194304 op, 13747774.00 ns, 3.2777 ns/op
OverheadWarmup   4: 4194304 op, 13711906.00 ns, 3.2692 ns/op
OverheadWarmup   5: 4194304 op, 13980230.00 ns, 3.3331 ns/op
OverheadWarmup   6: 4194304 op, 13699032.00 ns, 3.2661 ns/op

OverheadActual   1: 4194304 op, 13748024.00 ns, 3.2778 ns/op
OverheadActual   2: 4194304 op, 13779633.00 ns, 3.2853 ns/op
OverheadActual   3: 4194304 op, 13764094.00 ns, 3.2816 ns/op
OverheadActual   4: 4194304 op, 13764144.00 ns, 3.2816 ns/op
OverheadActual   5: 4194304 op, 13798709.00 ns, 3.2899 ns/op
OverheadActual   6: 4194304 op, 13708801.00 ns, 3.2684 ns/op
OverheadActual   7: 4194304 op, 13785114.00 ns, 3.2866 ns/op
OverheadActual   8: 4194304 op, 13780695.00 ns, 3.2856 ns/op
OverheadActual   9: 4194304 op, 13703320.00 ns, 3.2671 ns/op
OverheadActual  10: 4194304 op, 13709040.00 ns, 3.2685 ns/op
OverheadActual  11: 4194304 op, 13706306.00 ns, 3.2678 ns/op
OverheadActual  12: 4194304 op, 13703781.00 ns, 3.2672 ns/op
OverheadActual  13: 4194304 op, 13734348.00 ns, 3.2745 ns/op
OverheadActual  14: 4194304 op, 13711595.00 ns, 3.2691 ns/op
OverheadActual  15: 4194304 op, 13706386.00 ns, 3.2679 ns/op

WorkloadWarmup   1: 4194304 op, 672028968.00 ns, 160.2242 ns/op
WorkloadWarmup   2: 4194304 op, 684157216.00 ns, 163.1158 ns/op
WorkloadWarmup   3: 4194304 op, 685586342.00 ns, 163.4565 ns/op

// BeforeActualRun
WorkloadActual   1: 4194304 op, 684139168.00 ns, 163.1115 ns/op
WorkloadActual   2: 4194304 op, 687016669.00 ns, 163.7975 ns/op
WorkloadActual   3: 4194304 op, 690437259.00 ns, 164.6131 ns/op

// AfterActualRun
WorkloadResult   1: 4194304 op, 670404820.00 ns, 159.8370 ns/op
WorkloadResult   2: 4194304 op, 673282321.00 ns, 160.5230 ns/op
WorkloadResult   3: 4194304 op, 676702911.00 ns, 161.3385 ns/op
// GC:  62 0 0 1040187392 4194304
// Threading:  0 0 4194304

// AfterAll
// Benchmark Process 3250 has exited with code 0.

Mean = 160.566 ns, StdErr = 0.434 ns (0.27%), N = 3, StdDev = 0.752 ns
Min = 159.837 ns, Q1 = 160.180 ns, Median = 160.523 ns, Q3 = 160.931 ns, Max = 161.339 ns
IQR = 0.751 ns, LowerFence = 159.054 ns, UpperFence = 162.057 ns
ConfidenceInterval = [146.852 ns; 174.280 ns] (CI 99.9%), Margin = 13.714 ns (8.54% of Mean)
Skewness = 0.06, Kurtosis = 0.67, MValue = 2

// ** Remained 7 (87.5 %) benchmark(s) to run. Estimated finish 2026-09-27 14:05 (0h 0m from now) **
// **************************
// Benchmark: SubjectKeyProviderBenchmarks.CreateNewKey: ShortRun(IterationCount=3, LaunchCount=1, WarmupCount=3) [SubjectCount=10]
// *** Execute ***
// Launch: 1 / 1
// Execute: dotnet Encina.Marten.GDPR.Benchmarks-ShortRun-1.dll --anonymousPipes 152 153 --benchmarkName "Encina.Marten.GDPR.Benchmarks.SubjectKeyProviderBenchmarks.CreateNewKey(SubjectCount: 10)" --job ShortRun --benchmarkId 1 in /home/runner/work/Encina/Encina/tests/Encina.BenchmarkTests/Encina.Marten.GDPR.Benchmarks/bin/Release/net10.0/Encina.Marten.GDPR.Benchmarks-ShortRun-1/bin/Release/net10.0
// Failed to set up high priority (Permission denied). In order to run benchmarks with high priority, make sure you have the right permissions.
// BeforeAnythingElse

// Benchmark Process Environment Information:
// BenchmarkDotNet v0.15.8
// Runtime=.NET 10.0.12 (10.0.12, 10.0.1226.42308), X64 RyuJIT x86-64-v3
// GC=Concurrent Workstation
// HardwareIntrinsics=AVX2+BMI1+BMI2+F16C+FMA+LZCNT+MOVBE,AVX,SSE3+SSSE3+SSE4.1+SSE4.2+POPCNT,X86Base+SSE+SSE2,AES+PCLMUL VectorSize=256
// Job: ShortRun(IterationCount=3, LaunchCount=1, WarmupCount=3)

OverheadJitting  1: 1 op, 236945.00 ns, 236.9450 us/op
WorkloadJitting  1: 1 op, 7726041.00 ns, 7.7260 ms/op

OverheadJitting  2: 16 op, 521078.00 ns, 32.5674 us/op
WorkloadJitting  2: 16 op, 579868.00 ns, 36.2418 us/op

WorkloadPilot    1: 16 op, 185277.00 ns, 11.5798 us/op
WorkloadPilot    2: 32 op, 136085.00 ns, 4.2527 us/op
WorkloadPilot    3: 64 op, 256221.00 ns, 4.0035 us/op
WorkloadPilot    4: 128 op, 476314.00 ns, 3.7212 us/op
WorkloadPilot    5: 256 op, 811062.00 ns, 3.1682 us/op
WorkloadPilot    6: 512 op, 1822551.00 ns, 3.5597 us/op
WorkloadPilot    7: 1024 op, 3667563.00 ns, 3.5816 us/op
WorkloadPilot    8: 2048 op, 7271467.00 ns, 3.5505 us/op
WorkloadPilot    9: 4096 op, 12755630.00 ns, 3.1142 us/op
WorkloadPilot   10: 8192 op, 27992688.00 ns, 3.4171 us/op
WorkloadPilot   11: 16384 op, 55175345.00 ns, 3.3676 us/op
WorkloadPilot   12: 32768 op, 124734486.00 ns, 3.8066 us/op
WorkloadPilot   13: 65536 op, 262147999.00 ns, 4.0001 us/op
WorkloadPilot   14: 131072 op, 522989146.00 ns, 3.9901 us/op

OverheadWarmup   1: 131072 op, 448502.00 ns, 3.4218 ns/op
OverheadWarmup   2: 131072 op, 430728.00 ns, 3.2862 ns/op
OverheadWarmup   3: 131072 op, 467978.00 ns, 3.5704 ns/op
OverheadWarmup   4: 131072 op, 430849.00 ns, 3.2871 ns/op
OverheadWarmup   5: 131072 op, 449804.00 ns, 3.4317 ns/op
OverheadWarmup   6: 131072 op, 431360.00 ns, 3.2910 ns/op

OverheadActual   1: 131072 op, 431480.00 ns, 3.2919 ns/op
OverheadActual   2: 131072 op, 459022.00 ns, 3.5021 ns/op
OverheadActual   3: 131072 op, 448101.00 ns, 3.4187 ns/op
OverheadActual   4: 131072 op, 444144.00 ns, 3.3885 ns/op
OverheadActual   5: 131072 op, 430688.00 ns, 3.2859 ns/op
OverheadActual   6: 131072 op, 434816.00 ns, 3.3174 ns/op
OverheadActual   7: 131072 op, 430728.00 ns, 3.2862 ns/op
OverheadActual   8: 131072 op, 434986.00 ns, 3.3187 ns/op
OverheadActual   9: 131072 op, 430649.00 ns, 3.2856 ns/op
OverheadActual  10: 131072 op, 430849.00 ns, 3.2871 ns/op
OverheadActual  11: 131072 op, 443302.00 ns, 3.3821 ns/op
OverheadActual  12: 131072 op, 443523.00 ns, 3.3838 ns/op
OverheadActual  13: 131072 op, 430669.00 ns, 3.2857 ns/op
OverheadActual  14: 131072 op, 444344.00 ns, 3.3901 ns/op
OverheadActual  15: 131072 op, 444024.00 ns, 3.3876 ns/op

WorkloadWarmup   1: 131072 op, 609634077.00 ns, 4.6511 us/op
WorkloadWarmup   2: 131072 op, 531849302.00 ns, 4.0577 us/op
WorkloadWarmup   3: 131072 op, 703315949.00 ns, 5.3659 us/op

// BeforeActualRun
WorkloadActual   1: 131072 op, 522216301.00 ns, 3.9842 us/op
WorkloadActual   2: 131072 op, 532993851.00 ns, 4.0664 us/op
WorkloadActual   3: 131072 op, 530946212.00 ns, 4.0508 us/op

// AfterActualRun
WorkloadResult   1: 131072 op, 521781315.00 ns, 3.9809 us/op
WorkloadResult   2: 131072 op, 532558865.00 ns, 4.0631 us/op
WorkloadResult   3: 131072 op, 530511226.00 ns, 4.0475 us/op
// GC:  7 6 0 121634816 131072
// Threading:  0 0 131072

// AfterAll
// Benchmark Process 3258 has exited with code 0.

Mean = 4.030 μs, StdErr = 0.025 μs (0.63%), N = 3, StdDev = 0.044 μs
Min = 3.981 μs, Q1 = 4.014 μs, Median = 4.047 μs, Q3 = 4.055 μs, Max = 4.063 μs
IQR = 0.041 μs, LowerFence = 3.953 μs, UpperFence = 4.117 μs
ConfidenceInterval = [3.234 μs; 4.827 μs] (CI 99.9%), Margin = 0.797 μs (19.77% of Mean)
Skewness = -0.33, Kurtosis = 0.67, MValue = 2

// ** Remained 6 (75.0 %) benchmark(s) to run. Estimated finish 2026-09-27 14:06 (0h 1m from now) **
// **************************
// Benchmark: SubjectKeyProviderBenchmarks.GetOrCreateExistingKey: ShortRun(IterationCount=3, LaunchCount=1, WarmupCount=3) [SubjectCount=100]
// *** Execute ***
// Launch: 1 / 1
// Execute: dotnet Encina.Marten.GDPR.Benchmarks-ShortRun-1.dll --anonymousPipes 152 153 --benchmarkName "Encina.Marten.GDPR.Benchmarks.SubjectKeyProviderBenchmarks.GetOrCreateExistingKey(SubjectCount: 100)" --job ShortRun --benchmarkId 2 in /home/runner/work/Encina/Encina/tests/Encina.BenchmarkTests/Encina.Marten.GDPR.Benchmarks/bin/Release/net10.0/Encina.Marten.GDPR.Benchmarks-ShortRun-1/bin/Release/net10.0
// Failed to set up high priority (Permission denied). In order to run benchmarks with high priority, make sure you have the right permissions.
// BeforeAnythingElse

// Benchmark Process Environment Information:
// BenchmarkDotNet v0.15.8
// Runtime=.NET 10.0.12 (10.0.12, 10.0.1226.42308), X64 RyuJIT x86-64-v3
// GC=Concurrent Workstation
// HardwareIntrinsics=AVX2+BMI1+BMI2+F16C+FMA+LZCNT+MOVBE,AVX,SSE3+SSSE3+SSE4.1+SSE4.2+POPCNT,X86Base+SSE+SSE2,AES+PCLMUL VectorSize=256
// Job: ShortRun(IterationCount=3, LaunchCount=1, WarmupCount=3)

OverheadJitting  1: 1 op, 227978.00 ns, 227.9780 us/op
WorkloadJitting  1: 1 op, 6334408.00 ns, 6.3344 ms/op

OverheadJitting  2: 16 op, 452369.00 ns, 28.2731 us/op
WorkloadJitting  2: 16 op, 594976.00 ns, 37.1860 us/op

WorkloadPilot    1: 16 op, 8025.00 ns, 501.5625 ns/op
WorkloadPilot    2: 32 op, 25638.00 ns, 801.1875 ns/op
WorkloadPilot    3: 64 op, 57939.00 ns, 905.2969 ns/op
WorkloadPilot    4: 128 op, 70332.00 ns, 549.4688 ns/op
WorkloadPilot    5: 256 op, 105097.00 ns, 410.5352 ns/op
WorkloadPilot    6: 512 op, 170440.00 ns, 332.8906 ns/op
WorkloadPilot    7: 1024 op, 334588.00 ns, 326.7461 ns/op
WorkloadPilot    8: 2048 op, 493476.00 ns, 240.9551 ns/op
WorkloadPilot    9: 4096 op, 1089375.00 ns, 265.9607 ns/op
WorkloadPilot   10: 8192 op, 2223112.00 ns, 271.3760 ns/op
WorkloadPilot   11: 16384 op, 4446315.00 ns, 271.3815 ns/op
WorkloadPilot   12: 32768 op, 8860630.00 ns, 270.4050 ns/op
WorkloadPilot   13: 65536 op, 17386602.00 ns, 265.2985 ns/op
WorkloadPilot   14: 131072 op, 22925878.00 ns, 174.9106 ns/op
WorkloadPilot   15: 262144 op, 46420023.00 ns, 177.0783 ns/op
WorkloadPilot   16: 524288 op, 89269695.00 ns, 170.2684 ns/op
WorkloadPilot   17: 1048576 op, 182751105.00 ns, 174.2850 ns/op
WorkloadPilot   18: 2097152 op, 352806191.00 ns, 168.2311 ns/op
WorkloadPilot   19: 4194304 op, 697027690.00 ns, 166.1844 ns/op

OverheadWarmup   1: 4194304 op, 13706796.00 ns, 3.2680 ns/op
OverheadWarmup   2: 4194304 op, 13829405.00 ns, 3.2972 ns/op
OverheadWarmup   3: 4194304 op, 13696196.00 ns, 3.2654 ns/op
OverheadWarmup   4: 4194304 op, 13745147.00 ns, 3.2771 ns/op
OverheadWarmup   5: 4194304 op, 13703019.00 ns, 3.2671 ns/op

OverheadActual   1: 4194304 op, 13723176.00 ns, 3.2719 ns/op
OverheadActual   2: 4194304 op, 13704661.00 ns, 3.2674 ns/op
OverheadActual   3: 4194304 op, 13791224.00 ns, 3.2881 ns/op
OverheadActual   4: 4194304 op, 13714770.00 ns, 3.2699 ns/op
OverheadActual   5: 4194304 op, 13763041.00 ns, 3.2814 ns/op
OverheadActual   6: 4194304 op, 13705603.00 ns, 3.2677 ns/op
OverheadActual   7: 4194304 op, 13758282.00 ns, 3.2802 ns/op
OverheadActual   8: 4194304 op, 13760847.00 ns, 3.2808 ns/op
OverheadActual   9: 4194304 op, 13700434.00 ns, 3.2664 ns/op
OverheadActual  10: 4194304 op, 13705563.00 ns, 3.2677 ns/op
OverheadActual  11: 4194304 op, 13711805.00 ns, 3.2691 ns/op
OverheadActual  12: 4194304 op, 13708078.00 ns, 3.2683 ns/op
OverheadActual  13: 4194304 op, 13710493.00 ns, 3.2688 ns/op
OverheadActual  14: 4194304 op, 13692238.00 ns, 3.2645 ns/op
OverheadActual  15: 4194304 op, 13844243.00 ns, 3.3007 ns/op

WorkloadWarmup   1: 4194304 op, 713054509.00 ns, 170.0054 ns/op
WorkloadWarmup   2: 4194304 op, 711790627.00 ns, 169.7041 ns/op
WorkloadWarmup   3: 4194304 op, 694750739.00 ns, 165.6415 ns/op

// BeforeActualRun
WorkloadActual   1: 4194304 op, 692177616.00 ns, 165.0280 ns/op
WorkloadActual   2: 4194304 op, 693371447.00 ns, 165.3126 ns/op
WorkloadActual   3: 4194304 op, 695252581.00 ns, 165.7611 ns/op

// AfterActualRun
WorkloadResult   1: 4194304 op, 678465811.00 ns, 161.7589 ns/op
WorkloadResult   2: 4194304 op, 679659642.00 ns, 162.0435 ns/op
WorkloadResult   3: 4194304 op, 681540776.00 ns, 162.4920 ns/op
// GC:  62 0 0 1040187392 4194304
// Threading:  0 0 4194304

// AfterAll
// Benchmark Process 3266 has exited with code 0.

Mean = 162.098 ns, StdErr = 0.213 ns (0.13%), N = 3, StdDev = 0.370 ns
Min = 161.759 ns, Q1 = 161.901 ns, Median = 162.043 ns, Q3 = 162.268 ns, Max = 162.492 ns
IQR = 0.367 ns, LowerFence = 161.351 ns, UpperFence = 162.818 ns
ConfidenceInterval = [155.355 ns; 168.841 ns] (CI 99.9%), Margin = 6.743 ns (4.16% of Mean)
Skewness = 0.14, Kurtosis = 0.67, MValue = 2

// ** Remained 5 (62.5 %) benchmark(s) to run. Estimated finish 2026-09-27 14:06 (0h 0m from now) **
// **************************
// Benchmark: SubjectKeyProviderBenchmarks.CreateNewKey: ShortRun(IterationCount=3, LaunchCount=1, WarmupCount=3) [SubjectCount=100]
// *** Execute ***
// Launch: 1 / 1
// Execute: dotnet Encina.Marten.GDPR.Benchmarks-ShortRun-1.dll --anonymousPipes 152 153 --benchmarkName "Encina.Marten.GDPR.Benchmarks.SubjectKeyProviderBenchmarks.CreateNewKey(SubjectCount: 100)" --job ShortRun --benchmarkId 3 in /home/runner/work/Encina/Encina/tests/Encina.BenchmarkTests/Encina.Marten.GDPR.Benchmarks/bin/Release/net10.0/Encina.Marten.GDPR.Benchmarks-ShortRun-1/bin/Release/net10.0
// Failed to set up high priority (Permission denied). In order to run benchmarks with high priority, make sure you have the right permissions.
// BeforeAnythingElse

// Benchmark Process Environment Information:
// BenchmarkDotNet v0.15.8
// Runtime=.NET 10.0.12 (10.0.12, 10.0.1226.42308), X64 RyuJIT x86-64-v3
// GC=Concurrent Workstation
// HardwareIntrinsics=AVX2+BMI1+BMI2+F16C+FMA+LZCNT+MOVBE,AVX,SSE3+SSSE3+SSE4.1+SSE4.2+POPCNT,X86Base+SSE+SSE2,AES+PCLMUL VectorSize=256
// Job: ShortRun(IterationCount=3, LaunchCount=1, WarmupCount=3)

OverheadJitting  1: 1 op, 228719.00 ns, 228.7190 us/op
WorkloadJitting  1: 1 op, 7640751.00 ns, 7.6408 ms/op

OverheadJitting  2: 16 op, 476695.00 ns, 29.7934 us/op
WorkloadJitting  2: 16 op, 573857.00 ns, 35.8661 us/op

WorkloadPilot    1: 16 op, 99868.00 ns, 6.2418 us/op
WorkloadPilot    2: 32 op, 134463.00 ns, 4.2020 us/op
WorkloadPilot    3: 64 op, 259116.00 ns, 4.0487 us/op
WorkloadPilot    4: 128 op, 506821.00 ns, 3.9595 us/op
WorkloadPilot    5: 256 op, 948200.00 ns, 3.7039 us/op
WorkloadPilot    6: 512 op, 1877313.00 ns, 3.6666 us/op
WorkloadPilot    7: 1024 op, 3566835.00 ns, 3.4832 us/op
WorkloadPilot    8: 2048 op, 7444292.00 ns, 3.6349 us/op
WorkloadPilot    9: 4096 op, 14398364.00 ns, 3.5152 us/op
WorkloadPilot   10: 8192 op, 26969489.00 ns, 3.2922 us/op
WorkloadPilot   11: 16384 op, 55821130.00 ns, 3.4071 us/op
WorkloadPilot   12: 32768 op, 122537379.00 ns, 3.7395 us/op
WorkloadPilot   13: 65536 op, 277748905.00 ns, 4.2381 us/op
WorkloadPilot   14: 131072 op, 521596743.00 ns, 3.9795 us/op

OverheadWarmup   1: 131072 op, 451728.00 ns, 3.4464 ns/op
OverheadWarmup   2: 131072 op, 471195.00 ns, 3.5949 ns/op
OverheadWarmup   3: 131072 op, 450686.00 ns, 3.4385 ns/op
OverheadWarmup   4: 131072 op, 457859.00 ns, 3.4932 ns/op
OverheadWarmup   5: 131072 op, 469150.00 ns, 3.5793 ns/op
OverheadWarmup   6: 131072 op, 455385.00 ns, 3.4743 ns/op

OverheadActual   1: 131072 op, 455225.00 ns, 3.4731 ns/op
OverheadActual   2: 131072 op, 453682.00 ns, 3.4613 ns/op
OverheadActual   3: 131072 op, 462518.00 ns, 3.5287 ns/op
OverheadActual   4: 131072 op, 431029.00 ns, 3.2885 ns/op
OverheadActual   5: 131072 op, 430819.00 ns, 3.2869 ns/op
OverheadActual   6: 131072 op, 465063.00 ns, 3.5481 ns/op
OverheadActual   7: 131072 op, 431741.00 ns, 3.2939 ns/op
OverheadActual   8: 131072 op, 461757.00 ns, 3.5229 ns/op
OverheadActual   9: 131072 op, 446808.00 ns, 3.4089 ns/op
OverheadActual  10: 131072 op, 447019.00 ns, 3.4105 ns/op
OverheadActual  11: 131072 op, 430899.00 ns, 3.2875 ns/op
OverheadActual  12: 131072 op, 430718.00 ns, 3.2861 ns/op
OverheadActual  13: 131072 op, 465173.00 ns, 3.5490 ns/op
OverheadActual  14: 131072 op, 461617.00 ns, 3.5219 ns/op
OverheadActual  15: 131072 op, 430848.00 ns, 3.2871 ns/op

WorkloadWarmup   1: 131072 op, 608500525.00 ns, 4.6425 us/op
WorkloadWarmup   2: 131072 op, 523051650.00 ns, 3.9906 us/op
WorkloadWarmup   3: 131072 op, 696860553.00 ns, 5.3166 us/op

// BeforeActualRun
WorkloadActual   1: 131072 op, 532459450.00 ns, 4.0623 us/op
WorkloadActual   2: 131072 op, 536385656.00 ns, 4.0923 us/op
WorkloadActual   3: 131072 op, 536900712.00 ns, 4.0962 us/op

// AfterActualRun
WorkloadResult   1: 131072 op, 532012431.00 ns, 4.0589 us/op
WorkloadResult   2: 131072 op, 535938637.00 ns, 4.0889 us/op
WorkloadResult   3: 131072 op, 536453693.00 ns, 4.0928 us/op
// GC:  7 6 0 121634816 131072
// Threading:  0 0 131072

// AfterAll
// Benchmark Process 3277 has exited with code 0.

Mean = 4.080 μs, StdErr = 0.011 μs (0.26%), N = 3, StdDev = 0.019 μs
Min = 4.059 μs, Q1 = 4.074 μs, Median = 4.089 μs, Q3 = 4.091 μs, Max = 4.093 μs
IQR = 0.017 μs, LowerFence = 4.048 μs, UpperFence = 4.116 μs
ConfidenceInterval = [3.742 μs; 4.418 μs] (CI 99.9%), Margin = 0.338 μs (8.29% of Mean)
Skewness = -0.37, Kurtosis = 0.67, MValue = 2

// ** Remained 4 (50.0 %) benchmark(s) to run. Estimated finish 2026-09-27 14:06 (0h 0m from now) **
// **************************
// Benchmark: SubjectKeyProviderBenchmarks.CheckIsForgotten: ShortRun(IterationCount=3, LaunchCount=1, WarmupCount=3) [SubjectCount=10]
// *** Execute ***
// Launch: 1 / 1
// Execute: dotnet Encina.Marten.GDPR.Benchmarks-ShortRun-1.dll --anonymousPipes 152 153 --benchmarkName "Encina.Marten.GDPR.Benchmarks.SubjectKeyProviderBenchmarks.CheckIsForgotten(SubjectCount: 10)" --job ShortRun --benchmarkId 4 in /home/runner/work/Encina/Encina/tests/Encina.BenchmarkTests/Encina.Marten.GDPR.Benchmarks/bin/Release/net10.0/Encina.Marten.GDPR.Benchmarks-ShortRun-1/bin/Release/net10.0
// Failed to set up high priority (Permission denied). In order to run benchmarks with high priority, make sure you have the right permissions.
// BeforeAnythingElse

// Benchmark Process Environment Information:
// BenchmarkDotNet v0.15.8
// Runtime=.NET 10.0.12 (10.0.12, 10.0.1226.42308), X64 RyuJIT x86-64-v3
// GC=Concurrent Workstation
// HardwareIntrinsics=AVX2+BMI1+BMI2+F16C+FMA+LZCNT+MOVBE,AVX,SSE3+SSSE3+SSE4.1+SSE4.2+POPCNT,X86Base+SSE+SSE2,AES+PCLMUL VectorSize=256
// Job: ShortRun(IterationCount=3, LaunchCount=1, WarmupCount=3)

OverheadJitting  1: 1 op, 212508.00 ns, 212.5080 us/op
WorkloadJitting  1: 1 op, 10555331.00 ns, 10.5553 ms/op

OverheadJitting  2: 16 op, 327314.00 ns, 20.4571 us/op
WorkloadJitting  2: 16 op, 364063.00 ns, 22.7539 us/op

WorkloadPilot    1: 16 op, 7414.00 ns, 463.3750 ns/op
WorkloadPilot    2: 32 op, 9197.00 ns, 287.4063 ns/op
WorkloadPilot    3: 64 op, 25338.00 ns, 395.9063 ns/op
WorkloadPilot    4: 128 op, 37089.00 ns, 289.7578 ns/op
WorkloadPilot    5: 256 op, 67607.00 ns, 264.0898 ns/op
WorkloadPilot    6: 512 op, 87605.00 ns, 171.1035 ns/op
WorkloadPilot    7: 1024 op, 193564.00 ns, 189.0273 ns/op
WorkloadPilot    8: 2048 op, 366819.00 ns, 179.1108 ns/op
WorkloadPilot    9: 4096 op, 613311.00 ns, 149.7341 ns/op
WorkloadPilot   10: 8192 op, 1325718.00 ns, 161.8308 ns/op
WorkloadPilot   11: 16384 op, 2728782.00 ns, 166.5516 ns/op
WorkloadPilot   12: 32768 op, 5358498.00 ns, 163.5284 ns/op
WorkloadPilot   13: 65536 op, 10725120.00 ns, 163.6523 ns/op
WorkloadPilot   14: 131072 op, 20792825.00 ns, 158.6367 ns/op
WorkloadPilot   15: 262144 op, 32428234.00 ns, 123.7039 ns/op
WorkloadPilot   16: 524288 op, 63666815.00 ns, 121.4348 ns/op
WorkloadPilot   17: 1048576 op, 124599980.00 ns, 118.8278 ns/op
WorkloadPilot   18: 2097152 op, 249263860.00 ns, 118.8583 ns/op
WorkloadPilot   19: 4194304 op, 491897496.00 ns, 117.2775 ns/op
WorkloadPilot   20: 8388608 op, 971646021.00 ns, 115.8292 ns/op

OverheadWarmup   1: 8388608 op, 15546639.00 ns, 1.8533 ns/op
OverheadWarmup   2: 8388608 op, 15602454.00 ns, 1.8600 ns/op
OverheadWarmup   3: 8388608 op, 15422085.00 ns, 1.8385 ns/op
OverheadWarmup   4: 8388608 op, 15291250.00 ns, 1.8229 ns/op
OverheadWarmup   5: 8388608 op, 15641457.00 ns, 1.8646 ns/op
OverheadWarmup   6: 8388608 op, 15469826.00 ns, 1.8441 ns/op

OverheadActual   1: 8388608 op, 15591924.00 ns, 1.8587 ns/op
OverheadActual   2: 8388608 op, 15533084.00 ns, 1.8517 ns/op
OverheadActual   3: 8388608 op, 15539286.00 ns, 1.8524 ns/op
OverheadActual   4: 8388608 op, 15743359.00 ns, 1.8768 ns/op
OverheadActual   5: 8388608 op, 15461139.00 ns, 1.8431 ns/op
OverheadActual   6: 8388608 op, 15459386.00 ns, 1.8429 ns/op
OverheadActual   7: 8388608 op, 15483541.00 ns, 1.8458 ns/op
OverheadActual   8: 8388608 op, 15274578.00 ns, 1.8209 ns/op
OverheadActual   9: 8388608 op, 15723220.00 ns, 1.8744 ns/op
OverheadActual  10: 8388608 op, 15389514.00 ns, 1.8346 ns/op
OverheadActual  11: 8388608 op, 15396708.00 ns, 1.8354 ns/op
OverheadActual  12: 8388608 op, 15569131.00 ns, 1.8560 ns/op
OverheadActual  13: 8388608 op, 15306909.00 ns, 1.8247 ns/op
OverheadActual  14: 8388608 op, 15664641.00 ns, 1.8674 ns/op
OverheadActual  15: 8388608 op, 15597925.00 ns, 1.8594 ns/op

WorkloadWarmup   1: 8388608 op, 986160773.00 ns, 117.5595 ns/op
WorkloadWarmup   2: 8388608 op, 995781883.00 ns, 118.7065 ns/op
WorkloadWarmup   3: 8388608 op, 1004200529.00 ns, 119.7100 ns/op

// BeforeActualRun
WorkloadActual   1: 8388608 op, 999060051.00 ns, 119.0972 ns/op
WorkloadActual   2: 8388608 op, 996620422.00 ns, 118.8064 ns/op
WorkloadActual   3: 8388608 op, 989552028.00 ns, 117.9638 ns/op

// AfterActualRun
WorkloadResult   1: 8388608 op, 983526967.00 ns, 117.2456 ns/op
WorkloadResult   2: 8388608 op, 981087338.00 ns, 116.9547 ns/op
WorkloadResult   3: 8388608 op, 974018944.00 ns, 116.1121 ns/op
// GC:  56 0 0 939524096 8388608
// Threading:  0 0 8388608

// AfterAll
// Benchmark Process 3287 has exited with code 0.

Mean = 116.771 ns, StdErr = 0.340 ns (0.29%), N = 3, StdDev = 0.589 ns
Min = 116.112 ns, Q1 = 116.533 ns, Median = 116.955 ns, Q3 = 117.100 ns, Max = 117.246 ns
IQR = 0.567 ns, LowerFence = 115.683 ns, UpperFence = 117.950 ns
ConfidenceInterval = [106.031 ns; 127.511 ns] (CI 99.9%), Margin = 10.740 ns (9.20% of Mean)
Skewness = -0.28, Kurtosis = 0.67, MValue = 2

// ** Remained 3 (37.5 %) benchmark(s) to run. Estimated finish 2026-09-27 14:06 (0h 0m from now) **
// **************************
// Benchmark: SubjectKeyProviderBenchmarks.CheckIsForgotten: ShortRun(IterationCount=3, LaunchCount=1, WarmupCount=3) [SubjectCount=100]
// *** Execute ***
// Launch: 1 / 1
// Execute: dotnet Encina.Marten.GDPR.Benchmarks-ShortRun-1.dll --anonymousPipes 152 153 --benchmarkName "Encina.Marten.GDPR.Benchmarks.SubjectKeyProviderBenchmarks.CheckIsForgotten(SubjectCount: 100)" --job ShortRun --benchmarkId 5 in /home/runner/work/Encina/Encina/tests/Encina.BenchmarkTests/Encina.Marten.GDPR.Benchmarks/bin/Release/net10.0/Encina.Marten.GDPR.Benchmarks-ShortRun-1/bin/Release/net10.0
// Failed to set up high priority (Permission denied). In order to run benchmarks with high priority, make sure you have the right permissions.
// BeforeAnythingElse

// Benchmark Process Environment Information:
// BenchmarkDotNet v0.15.8
// Runtime=.NET 10.0.12 (10.0.12, 10.0.1226.42308), X64 RyuJIT x86-64-v3
// GC=Concurrent Workstation
// HardwareIntrinsics=AVX2+BMI1+BMI2+F16C+FMA+LZCNT+MOVBE,AVX,SSE3+SSSE3+SSE4.1+SSE4.2+POPCNT,X86Base+SSE+SSE2,AES+PCLMUL VectorSize=256
// Job: ShortRun(IterationCount=3, LaunchCount=1, WarmupCount=3)

OverheadJitting  1: 1 op, 206919.00 ns, 206.9190 us/op
WorkloadJitting  1: 1 op, 10426108.00 ns, 10.4261 ms/op

OverheadJitting  2: 16 op, 375916.00 ns, 23.4948 us/op
WorkloadJitting  2: 16 op, 340869.00 ns, 21.3043 us/op

WorkloadPilot    1: 16 op, 5871.00 ns, 366.9375 ns/op
WorkloadPilot    2: 32 op, 7564.00 ns, 236.3750 ns/op
WorkloadPilot    3: 64 op, 33703.00 ns, 526.6094 ns/op
WorkloadPilot    4: 128 op, 58360.00 ns, 455.9375 ns/op
WorkloadPilot    5: 256 op, 79950.00 ns, 312.3047 ns/op
WorkloadPilot    6: 512 op, 104105.00 ns, 203.3301 ns/op
WorkloadPilot    7: 1024 op, 228328.00 ns, 222.9766 ns/op
WorkloadPilot    8: 2048 op, 401153.00 ns, 195.8755 ns/op
WorkloadPilot    9: 4096 op, 675147.00 ns, 164.8308 ns/op
WorkloadPilot   10: 8192 op, 1392133.00 ns, 169.9381 ns/op
WorkloadPilot   11: 16384 op, 2811427.00 ns, 171.5959 ns/op
WorkloadPilot   12: 32768 op, 5565365.00 ns, 169.8415 ns/op
WorkloadPilot   13: 65536 op, 11150839.00 ns, 170.1483 ns/op
WorkloadPilot   14: 131072 op, 22072147.00 ns, 168.3971 ns/op
WorkloadPilot   15: 262144 op, 35739639.00 ns, 136.3359 ns/op
WorkloadPilot   16: 524288 op, 69928056.00 ns, 133.3772 ns/op
WorkloadPilot   17: 1048576 op, 134917693.00 ns, 128.6675 ns/op
WorkloadPilot   18: 2097152 op, 268090693.00 ns, 127.8356 ns/op
WorkloadPilot   19: 4194304 op, 532693479.00 ns, 127.0040 ns/op

OverheadWarmup   1: 4194304 op, 7961112.00 ns, 1.8981 ns/op
OverheadWarmup   2: 4194304 op, 7875582.00 ns, 1.8777 ns/op
OverheadWarmup   3: 4194304 op, 7730670.00 ns, 1.8431 ns/op
OverheadWarmup   4: 4194304 op, 7778990.00 ns, 1.8547 ns/op
OverheadWarmup   5: 4194304 op, 7832270.00 ns, 1.8674 ns/op
OverheadWarmup   6: 4194304 op, 7818355.00 ns, 1.8640 ns/op
OverheadWarmup   7: 4194304 op, 7856416.00 ns, 1.8731 ns/op
OverheadWarmup   8: 4194304 op, 7712305.00 ns, 1.8388 ns/op

OverheadActual   1: 4194304 op, 7732793.00 ns, 1.8436 ns/op
OverheadActual   2: 4194304 op, 7783690.00 ns, 1.8558 ns/op
OverheadActual   3: 4194304 op, 7898124.00 ns, 1.8831 ns/op
OverheadActual   4: 4194304 op, 7841137.00 ns, 1.8695 ns/op
OverheadActual   5: 4194304 op, 7750888.00 ns, 1.8480 ns/op
OverheadActual   6: 4194304 op, 7719559.00 ns, 1.8405 ns/op
OverheadActual   7: 4194304 op, 7898224.00 ns, 1.8831 ns/op
OverheadActual   8: 4194304 op, 7734818.00 ns, 1.8441 ns/op
OverheadActual   9: 4194304 op, 7861385.00 ns, 1.8743 ns/op
OverheadActual  10: 4194304 op, 7986359.00 ns, 1.9041 ns/op
OverheadActual  11: 4194304 op, 7865122.00 ns, 1.8752 ns/op
OverheadActual  12: 4194304 op, 7776575.00 ns, 1.8541 ns/op
OverheadActual  13: 4194304 op, 7762359.00 ns, 1.8507 ns/op
OverheadActual  14: 4194304 op, 7761698.00 ns, 1.8505 ns/op
OverheadActual  15: 4194304 op, 7681086.00 ns, 1.8313 ns/op

WorkloadWarmup   1: 4194304 op, 543846501.00 ns, 129.6631 ns/op
WorkloadWarmup   2: 4194304 op, 539788924.00 ns, 128.6957 ns/op
WorkloadWarmup   3: 4194304 op, 534381608.00 ns, 127.4065 ns/op

// BeforeActualRun
WorkloadActual   1: 4194304 op, 535477555.00 ns, 127.6678 ns/op
WorkloadActual   2: 4194304 op, 536438208.00 ns, 127.8968 ns/op
WorkloadActual   3: 4194304 op, 536155878.00 ns, 127.8295 ns/op

// AfterActualRun
WorkloadResult   1: 4194304 op, 527700980.00 ns, 125.8137 ns/op
WorkloadResult   2: 4194304 op, 528661633.00 ns, 126.0428 ns/op
WorkloadResult   3: 4194304 op, 528379303.00 ns, 125.9754 ns/op
// GC:  28 0 0 469762048 4194304
// Threading:  0 0 4194304

// AfterAll
// Benchmark Process 3297 has exited with code 0.

Mean = 125.944 ns, StdErr = 0.068 ns (0.05%), N = 3, StdDev = 0.118 ns
Min = 125.814 ns, Q1 = 125.895 ns, Median = 125.975 ns, Q3 = 126.009 ns, Max = 126.043 ns
IQR = 0.115 ns, LowerFence = 125.723 ns, UpperFence = 126.181 ns
ConfidenceInterval = [123.796 ns; 128.092 ns] (CI 99.9%), Margin = 2.148 ns (1.71% of Mean)
Skewness = -0.25, Kurtosis = 0.67, MValue = 2

// ** Remained 2 (25.0 %) benchmark(s) to run. Estimated finish 2026-09-27 14:06 (0h 0m from now) **
// **************************
// Benchmark: SubjectKeyProviderBenchmarks.GetExistingKey: ShortRun(IterationCount=3, LaunchCount=1, WarmupCount=3) [SubjectCount=10]
// *** Execute ***
// Launch: 1 / 1
// Execute: dotnet Encina.Marten.GDPR.Benchmarks-ShortRun-1.dll --anonymousPipes 152 153 --benchmarkName "Encina.Marten.GDPR.Benchmarks.SubjectKeyProviderBenchmarks.GetExistingKey(SubjectCount: 10)" --job ShortRun --benchmarkId 6 in /home/runner/work/Encina/Encina/tests/Encina.BenchmarkTests/Encina.Marten.GDPR.Benchmarks/bin/Release/net10.0/Encina.Marten.GDPR.Benchmarks-ShortRun-1/bin/Release/net10.0
// Failed to set up high priority (Permission denied). In order to run benchmarks with high priority, make sure you have the right permissions.
// BeforeAnythingElse

// Benchmark Process Environment Information:
// BenchmarkDotNet v0.15.8
// Runtime=.NET 10.0.12 (10.0.12, 10.0.1226.42308), X64 RyuJIT x86-64-v3
// GC=Concurrent Workstation
// HardwareIntrinsics=AVX2+BMI1+BMI2+F16C+FMA+LZCNT+MOVBE,AVX,SSE3+SSSE3+SSE4.1+SSE4.2+POPCNT,X86Base+SSE+SSE2,AES+PCLMUL VectorSize=256
// Job: ShortRun(IterationCount=3, LaunchCount=1, WarmupCount=3)

OverheadJitting  1: 1 op, 263535.00 ns, 263.5350 us/op
WorkloadJitting  1: 1 op, 15726486.00 ns, 15.7265 ms/op

OverheadJitting  2: 16 op, 476885.00 ns, 29.8053 us/op
WorkloadJitting  2: 16 op, 464502.00 ns, 29.0314 us/op

WorkloadPilot    1: 16 op, 25528.00 ns, 1.5955 us/op
WorkloadPilot    2: 32 op, 23484.00 ns, 733.8750 ns/op
WorkloadPilot    3: 64 op, 31560.00 ns, 493.1250 ns/op
WorkloadPilot    4: 128 op, 58620.00 ns, 457.9688 ns/op
WorkloadPilot    5: 256 op, 86633.00 ns, 338.4102 ns/op
WorkloadPilot    6: 512 op, 148007.00 ns, 289.0762 ns/op
WorkloadPilot    7: 1024 op, 212699.00 ns, 207.7139 ns/op
WorkloadPilot    8: 2048 op, 453270.00 ns, 221.3232 ns/op
WorkloadPilot    9: 4096 op, 983947.00 ns, 240.2214 ns/op
WorkloadPilot   10: 8192 op, 1944319.00 ns, 237.3436 ns/op
WorkloadPilot   11: 16384 op, 3783190.00 ns, 230.9076 ns/op
WorkloadPilot   12: 32768 op, 7743122.00 ns, 236.3013 ns/op
WorkloadPilot   13: 65536 op, 14709948.00 ns, 224.4560 ns/op
WorkloadPilot   14: 131072 op, 17750204.00 ns, 135.4233 ns/op
WorkloadPilot   15: 262144 op, 34572256.00 ns, 131.8827 ns/op
WorkloadPilot   16: 524288 op, 68366932.00 ns, 130.3996 ns/op
WorkloadPilot   17: 1048576 op, 141731725.00 ns, 135.1659 ns/op
WorkloadPilot   18: 2097152 op, 272675032.00 ns, 130.0216 ns/op
WorkloadPilot   19: 4194304 op, 565210940.00 ns, 134.7568 ns/op

OverheadWarmup   1: 4194304 op, 13749325.00 ns, 3.2781 ns/op
OverheadWarmup   2: 4194304 op, 13743414.00 ns, 3.2767 ns/op
OverheadWarmup   3: 4194304 op, 13756438.00 ns, 3.2798 ns/op
OverheadWarmup   4: 4194304 op, 13701485.00 ns, 3.2667 ns/op
OverheadWarmup   5: 4194304 op, 13820578.00 ns, 3.2951 ns/op
OverheadWarmup   6: 4194304 op, 13712987.00 ns, 3.2694 ns/op

OverheadActual   1: 4194304 op, 13775104.00 ns, 3.2842 ns/op
OverheadActual   2: 4194304 op, 13739596.00 ns, 3.2758 ns/op
OverheadActual   3: 4194304 op, 13722846.00 ns, 3.2718 ns/op
OverheadActual   4: 4194304 op, 13724188.00 ns, 3.2721 ns/op
OverheadActual   5: 4194304 op, 13724268.00 ns, 3.2721 ns/op
OverheadActual   6: 4194304 op, 13722935.00 ns, 3.2718 ns/op
OverheadActual   7: 4194304 op, 13757431.00 ns, 3.2800 ns/op
OverheadActual   8: 4194304 op, 13715992.00 ns, 3.2701 ns/op
OverheadActual   9: 4194304 op, 13730580.00 ns, 3.2736 ns/op
OverheadActual  10: 4194304 op, 13733445.00 ns, 3.2743 ns/op
OverheadActual  11: 4194304 op, 13696326.00 ns, 3.2655 ns/op
OverheadActual  12: 4194304 op, 13708719.00 ns, 3.2684 ns/op
OverheadActual  13: 4194304 op, 13734678.00 ns, 3.2746 ns/op
OverheadActual  14: 4194304 op, 13704060.00 ns, 3.2673 ns/op
OverheadActual  15: 4194304 op, 13762430.00 ns, 3.2812 ns/op

WorkloadWarmup   1: 4194304 op, 552296451.00 ns, 131.6777 ns/op
WorkloadWarmup   2: 4194304 op, 549699638.00 ns, 131.0586 ns/op
WorkloadWarmup   3: 4194304 op, 543020843.00 ns, 129.4663 ns/op

// BeforeActualRun
WorkloadActual   1: 4194304 op, 544071104.00 ns, 129.7167 ns/op
WorkloadActual   2: 4194304 op, 541883358.00 ns, 129.1951 ns/op
WorkloadActual   3: 4194304 op, 540192685.00 ns, 128.7920 ns/op

// AfterActualRun
WorkloadResult   1: 4194304 op, 530346836.00 ns, 126.4445 ns/op
WorkloadResult   2: 4194304 op, 528159090.00 ns, 125.9229 ns/op
WorkloadResult   3: 4194304 op, 526468417.00 ns, 125.5199 ns/op
// GC:  68 0 0 1140850688 4194304
// Threading:  0 0 4194304

// AfterAll
// Benchmark Process 3304 has exited with code 0.

Mean = 125.962 ns, StdErr = 0.268 ns (0.21%), N = 3, StdDev = 0.464 ns
Min = 125.520 ns, Q1 = 125.721 ns, Median = 125.923 ns, Q3 = 126.184 ns, Max = 126.445 ns
IQR = 0.462 ns, LowerFence = 125.028 ns, UpperFence = 126.877 ns
ConfidenceInterval = [117.505 ns; 134.420 ns] (CI 99.9%), Margin = 8.458 ns (6.71% of Mean)
Skewness = 0.08, Kurtosis = 0.67, MValue = 2

// ** Remained 1 (12.5 %) benchmark(s) to run. Estimated finish 2026-09-27 14:05 (0h 0m from now) **
// **************************
// Benchmark: SubjectKeyProviderBenchmarks.GetExistingKey: ShortRun(IterationCount=3, LaunchCount=1, WarmupCount=3) [SubjectCount=100]
// *** Execute ***
// Launch: 1 / 1
// Execute: dotnet Encina.Marten.GDPR.Benchmarks-ShortRun-1.dll --anonymousPipes 152 153 --benchmarkName "Encina.Marten.GDPR.Benchmarks.SubjectKeyProviderBenchmarks.GetExistingKey(SubjectCount: 100)" --job ShortRun --benchmarkId 7 in /home/runner/work/Encina/Encina/tests/Encina.BenchmarkTests/Encina.Marten.GDPR.Benchmarks/bin/Release/net10.0/Encina.Marten.GDPR.Benchmarks-ShortRun-1/bin/Release/net10.0
// Failed to set up high priority (Permission denied). In order to run benchmarks with high priority, make sure you have the right permissions.
// BeforeAnythingElse

// Benchmark Process Environment Information:
// BenchmarkDotNet v0.15.8
// Runtime=.NET 10.0.12 (10.0.12, 10.0.1226.42308), X64 RyuJIT x86-64-v3
// GC=Concurrent Workstation
// HardwareIntrinsics=AVX2+BMI1+BMI2+F16C+FMA+LZCNT+MOVBE,AVX,SSE3+SSSE3+SSE4.1+SSE4.2+POPCNT,X86Base+SSE+SSE2,AES+PCLMUL VectorSize=256
// Job: ShortRun(IterationCount=3, LaunchCount=1, WarmupCount=3)

OverheadJitting  1: 1 op, 233829.00 ns, 233.8290 us/op
WorkloadJitting  1: 1 op, 16097250.00 ns, 16.0973 ms/op

OverheadJitting  2: 16 op, 464933.00 ns, 29.0583 us/op
WorkloadJitting  2: 16 op, 512672.00 ns, 32.0420 us/op

WorkloadPilot    1: 16 op, 27521.00 ns, 1.7201 us/op
WorkloadPilot    2: 32 op, 38292.00 ns, 1.1966 us/op
WorkloadPilot    3: 64 op, 54582.00 ns, 852.8438 ns/op
WorkloadPilot    4: 128 op, 63068.00 ns, 492.7188 ns/op
WorkloadPilot    5: 256 op, 112681.00 ns, 440.1602 ns/op
WorkloadPilot    6: 512 op, 155572.00 ns, 303.8516 ns/op
WorkloadPilot    7: 1024 op, 233418.00 ns, 227.9473 ns/op
WorkloadPilot    8: 2048 op, 436730.00 ns, 213.2471 ns/op
WorkloadPilot    9: 4096 op, 991481.00 ns, 242.0608 ns/op
WorkloadPilot   10: 8192 op, 2017616.00 ns, 246.2910 ns/op
WorkloadPilot   11: 16384 op, 4059750.00 ns, 247.7875 ns/op
WorkloadPilot   12: 32768 op, 7918772.00 ns, 241.6617 ns/op
WorkloadPilot   13: 65536 op, 14972770.00 ns, 228.4663 ns/op
WorkloadPilot   14: 131072 op, 17975877.00 ns, 137.1451 ns/op
WorkloadPilot   15: 262144 op, 34610486.00 ns, 132.0285 ns/op
WorkloadPilot   16: 524288 op, 71291939.00 ns, 135.9786 ns/op
WorkloadPilot   17: 1048576 op, 142105741.00 ns, 135.5226 ns/op
WorkloadPilot   18: 2097152 op, 279731353.00 ns, 133.3863 ns/op
WorkloadPilot   19: 4194304 op, 558548650.00 ns, 133.1684 ns/op

OverheadWarmup   1: 4194304 op, 13729637.00 ns, 3.2734 ns/op
OverheadWarmup   2: 4194304 op, 13763010.00 ns, 3.2814 ns/op
OverheadWarmup   3: 4194304 op, 13750927.00 ns, 3.2785 ns/op
OverheadWarmup   4: 4194304 op, 13724878.00 ns, 3.2723 ns/op
OverheadWarmup   5: 4194304 op, 14080025.00 ns, 3.3569 ns/op
OverheadWarmup   6: 4194304 op, 13723176.00 ns, 3.2719 ns/op

OverheadActual   1: 4194304 op, 13725459.00 ns, 3.2724 ns/op
OverheadActual   2: 4194304 op, 13747691.00 ns, 3.2777 ns/op
OverheadActual   3: 4194304 op, 13730549.00 ns, 3.2736 ns/op
OverheadActual   4: 4194304 op, 13698749.00 ns, 3.2660 ns/op
OverheadActual   5: 4194304 op, 13721252.00 ns, 3.2714 ns/op
OverheadActual   6: 4194304 op, 13712676.00 ns, 3.2694 ns/op
OverheadActual   7: 4194304 op, 13691465.00 ns, 3.2643 ns/op
OverheadActual   8: 4194304 op, 13726772.00 ns, 3.2727 ns/op
OverheadActual   9: 4194304 op, 13712174.00 ns, 3.2692 ns/op
OverheadActual  10: 4194304 op, 13730980.00 ns, 3.2737 ns/op
OverheadActual  11: 4194304 op, 13710391.00 ns, 3.2688 ns/op
OverheadActual  12: 4194304 op, 13747681.00 ns, 3.2777 ns/op
OverheadActual  13: 4194304 op, 13749384.00 ns, 3.2781 ns/op
OverheadActual  14: 4194304 op, 13713998.00 ns, 3.2697 ns/op
OverheadActual  15: 4194304 op, 13739606.00 ns, 3.2758 ns/op

WorkloadWarmup   1: 4194304 op, 555536268.00 ns, 132.4502 ns/op
WorkloadWarmup   2: 4194304 op, 558921309.00 ns, 133.2572 ns/op
WorkloadWarmup   3: 4194304 op, 552665178.00 ns, 131.7656 ns/op

// BeforeActualRun
WorkloadActual   1: 4194304 op, 550134248.00 ns, 131.1622 ns/op
WorkloadActual   2: 4194304 op, 547575145.00 ns, 130.5521 ns/op
WorkloadActual   3: 4194304 op, 558964229.00 ns, 133.2675 ns/op

// AfterActualRun
WorkloadResult   1: 4194304 op, 536408789.00 ns, 127.8898 ns/op
WorkloadResult   2: 4194304 op, 533849686.00 ns, 127.2797 ns/op
WorkloadResult   3: 4194304 op, 545238770.00 ns, 129.9951 ns/op
// GC:  68 0 0 1140850688 4194304
// Threading:  0 0 4194304

// AfterAll
// Benchmark Process 3311 has exited with code 0.

Mean = 128.388 ns, StdErr = 0.823 ns (0.64%), N = 3, StdDev = 1.425 ns
Min = 127.280 ns, Q1 = 127.585 ns, Median = 127.890 ns, Q3 = 128.942 ns, Max = 129.995 ns
IQR = 1.358 ns, LowerFence = 125.548 ns, UpperFence = 130.979 ns
ConfidenceInterval = [102.398 ns; 154.379 ns] (CI 99.9%), Margin = 25.991 ns (20.24% of Mean)
Skewness = 0.31, Kurtosis = 0.67, MValue = 2

// ** Remained 0 (0.0 %) benchmark(s) to run. Estimated finish 2026-09-27 14:05 (0h 0m from now) **
// ***** BenchmarkRunner: Finish  *****

// * Export *
  artifacts/performance/MartenGDPR/results/Encina.Marten.GDPR.Benchmarks.SubjectKeyProviderBenchmarks-report.csv
  artifacts/performance/MartenGDPR/results/Encina.Marten.GDPR.Benchmarks.SubjectKeyProviderBenchmarks-report-github.md
  artifacts/performance/MartenGDPR/results/Encina.Marten.GDPR.Benchmarks.SubjectKeyProviderBenchmarks-report.html
  artifacts/performance/MartenGDPR/results/Encina.Marten.GDPR.Benchmarks.SubjectKeyProviderBenchmarks-report-full-compressed.json

// * Detailed results *
SubjectKeyProviderBenchmarks.GetOrCreateExistingKey: ShortRun(IterationCount=3, LaunchCount=1, WarmupCount=3) [SubjectCount=10]
Runtime = .NET 10.0.12 (10.0.12, 10.0.1226.42308), X64 RyuJIT x86-64-v3; GC = Concurrent Workstation
Mean = 160.566 ns, StdErr = 0.434 ns (0.27%), N = 3, StdDev = 0.752 ns
Min = 159.837 ns, Q1 = 160.180 ns, Median = 160.523 ns, Q3 = 160.931 ns, Max = 161.339 ns
IQR = 0.751 ns, LowerFence = 159.054 ns, UpperFence = 162.057 ns
ConfidenceInterval = [146.852 ns; 174.280 ns] (CI 99.9%), Margin = 13.714 ns (8.54% of Mean)
Skewness = 0.06, Kurtosis = 0.67, MValue = 2
-------------------- Histogram --------------------
[159.153 ns ; 162.023 ns) | @@@
---------------------------------------------------

SubjectKeyProviderBenchmarks.CreateNewKey: ShortRun(IterationCount=3, LaunchCount=1, WarmupCount=3) [SubjectCount=10]
Runtime = .NET 10.0.12 (10.0.12, 10.0.1226.42308), X64 RyuJIT x86-64-v3; GC = Concurrent Workstation
Mean = 4.030 μs, StdErr = 0.025 μs (0.63%), N = 3, StdDev = 0.044 μs
Min = 3.981 μs, Q1 = 4.014 μs, Median = 4.047 μs, Q3 = 4.055 μs, Max = 4.063 μs
IQR = 0.041 μs, LowerFence = 3.953 μs, UpperFence = 4.117 μs
ConfidenceInterval = [3.234 μs; 4.827 μs] (CI 99.9%), Margin = 0.797 μs (19.77% of Mean)
Skewness = -0.33, Kurtosis = 0.67, MValue = 2
-------------------- Histogram --------------------
[3.941 μs ; 4.103 μs) | @@@
---------------------------------------------------

SubjectKeyProviderBenchmarks.CheckIsForgotten: ShortRun(IterationCount=3, LaunchCount=1, WarmupCount=3) [SubjectCount=10]
Runtime = .NET 10.0.12 (10.0.12, 10.0.1226.42308), X64 RyuJIT x86-64-v3; GC = Concurrent Workstation
Mean = 116.771 ns, StdErr = 0.340 ns (0.29%), N = 3, StdDev = 0.589 ns
Min = 116.112 ns, Q1 = 116.533 ns, Median = 116.955 ns, Q3 = 117.100 ns, Max = 117.246 ns
IQR = 0.567 ns, LowerFence = 115.683 ns, UpperFence = 117.950 ns
ConfidenceInterval = [106.031 ns; 127.511 ns] (CI 99.9%), Margin = 10.740 ns (9.20% of Mean)
Skewness = -0.28, Kurtosis = 0.67, MValue = 2
-------------------- Histogram --------------------
[115.576 ns ; 117.781 ns) | @@@
---------------------------------------------------

SubjectKeyProviderBenchmarks.GetExistingKey: ShortRun(IterationCount=3, LaunchCount=1, WarmupCount=3) [SubjectCount=10]
Runtime = .NET 10.0.12 (10.0.12, 10.0.1226.42308), X64 RyuJIT x86-64-v3; GC = Concurrent Workstation
Mean = 125.962 ns, StdErr = 0.268 ns (0.21%), N = 3, StdDev = 0.464 ns
Min = 125.520 ns, Q1 = 125.721 ns, Median = 125.923 ns, Q3 = 126.184 ns, Max = 126.445 ns
IQR = 0.462 ns, LowerFence = 125.028 ns, UpperFence = 126.877 ns
ConfidenceInterval = [117.505 ns; 134.420 ns] (CI 99.9%), Margin = 8.458 ns (6.71% of Mean)
Skewness = 0.08, Kurtosis = 0.67, MValue = 2
-------------------- Histogram --------------------
[125.098 ns ; 126.867 ns) | @@@
---------------------------------------------------

SubjectKeyProviderBenchmarks.GetOrCreateExistingKey: ShortRun(IterationCount=3, LaunchCount=1, WarmupCount=3) [SubjectCount=100]
Runtime = .NET 10.0.12 (10.0.12, 10.0.1226.42308), X64 RyuJIT x86-64-v3; GC = Concurrent Workstation
Mean = 162.098 ns, StdErr = 0.213 ns (0.13%), N = 3, StdDev = 0.370 ns
Min = 161.759 ns, Q1 = 161.901 ns, Median = 162.043 ns, Q3 = 162.268 ns, Max = 162.492 ns
IQR = 0.367 ns, LowerFence = 161.351 ns, UpperFence = 162.818 ns
ConfidenceInterval = [155.355 ns; 168.841 ns] (CI 99.9%), Margin = 6.743 ns (4.16% of Mean)
Skewness = 0.14, Kurtosis = 0.67, MValue = 2
-------------------- Histogram --------------------
[161.422 ns ; 162.828 ns) | @@@
---------------------------------------------------

SubjectKeyProviderBenchmarks.CreateNewKey: ShortRun(IterationCount=3, LaunchCount=1, WarmupCount=3) [SubjectCount=100]
Runtime = .NET 10.0.12 (10.0.12, 10.0.1226.42308), X64 RyuJIT x86-64-v3; GC = Concurrent Workstation
Mean = 4.080 μs, StdErr = 0.011 μs (0.26%), N = 3, StdDev = 0.019 μs
Min = 4.059 μs, Q1 = 4.074 μs, Median = 4.089 μs, Q3 = 4.091 μs, Max = 4.093 μs
IQR = 0.017 μs, LowerFence = 4.048 μs, UpperFence = 4.116 μs
ConfidenceInterval = [3.742 μs; 4.418 μs] (CI 99.9%), Margin = 0.338 μs (8.29% of Mean)
Skewness = -0.37, Kurtosis = 0.67, MValue = 2
-------------------- Histogram --------------------
[4.042 μs ; 4.110 μs) | @@@
---------------------------------------------------

SubjectKeyProviderBenchmarks.CheckIsForgotten: ShortRun(IterationCount=3, LaunchCount=1, WarmupCount=3) [SubjectCount=100]
Runtime = .NET 10.0.12 (10.0.12, 10.0.1226.42308), X64 RyuJIT x86-64-v3; GC = Concurrent Workstation
Mean = 125.944 ns, StdErr = 0.068 ns (0.05%), N = 3, StdDev = 0.118 ns
Min = 125.814 ns, Q1 = 125.895 ns, Median = 125.975 ns, Q3 = 126.009 ns, Max = 126.043 ns
IQR = 0.115 ns, LowerFence = 125.723 ns, UpperFence = 126.181 ns
ConfidenceInterval = [123.796 ns; 128.092 ns] (CI 99.9%), Margin = 2.148 ns (1.71% of Mean)
Skewness = -0.25, Kurtosis = 0.67, MValue = 2
-------------------- Histogram --------------------
[125.707 ns ; 126.150 ns) | @@@
---------------------------------------------------

SubjectKeyProviderBenchmarks.GetExistingKey: ShortRun(IterationCount=3, LaunchCount=1, WarmupCount=3) [SubjectCount=100]
Runtime = .NET 10.0.12 (10.0.12, 10.0.1226.42308), X64 RyuJIT x86-64-v3; GC = Concurrent Workstation
Mean = 128.388 ns, StdErr = 0.823 ns (0.64%), N = 3, StdDev = 1.425 ns
Min = 127.280 ns, Q1 = 127.585 ns, Median = 127.890 ns, Q3 = 128.942 ns, Max = 129.995 ns
IQR = 1.358 ns, LowerFence = 125.548 ns, UpperFence = 130.979 ns
ConfidenceInterval = [102.398 ns; 154.379 ns] (CI 99.9%), Margin = 25.991 ns (20.24% of Mean)
Skewness = 0.31, Kurtosis = 0.67, MValue = 2
-------------------- Histogram --------------------
[126.288 ns ; 131.292 ns) | @@@
---------------------------------------------------

// * Summary *

BenchmarkDotNet v0.15.8, Linux Ubuntu 24.04.5 LTS (Noble Numbat)
AMD EPYC 7763 2.45GHz, 1 CPU, 4 logical and 2 physical cores
.NET SDK 10.0.401
  [Host]   : .NET 10.0.12 (10.0.12, 10.0.1226.42308), X64 RyuJIT x86-64-v3
  ShortRun : .NET 10.0.12 (10.0.12, 10.0.1226.42308), X64 RyuJIT x86-64-v3

Job=ShortRun  IterationCount=3  LaunchCount=1  
WarmupCount=3  

| Method                 | SubjectCount | Mean       | Error     | StdDev   | Ratio | RatioSD | Rank | Gen0   | Gen1   | Allocated | Alloc Ratio |
|----------------------- |------------- |-----------:|----------:|---------:|------:|--------:|-----:|-------:|-------:|----------:|------------:|
| GetOrCreateExistingKey | 10           |   160.6 ns |  13.71 ns |  0.75 ns |  1.27 |    0.01 |    2 | 0.0148 |      - |     248 B |        0.91 |
| CreateNewKey           | 10           | 4,030.5 ns | 796.66 ns | 43.67 ns | 32.00 |    0.32 |    3 | 0.0534 | 0.0458 |     928 B |        3.41 |
| CheckIsForgotten       | 10           |   116.8 ns |  10.74 ns |  0.59 ns |  0.93 |    0.01 |    1 | 0.0067 |      - |     112 B |        0.41 |
| GetExistingKey         | 10           |   126.0 ns |   8.46 ns |  0.46 ns |  1.00 |    0.00 |    1 | 0.0162 |      - |     272 B |        1.00 |
|                        |              |            |           |          |       |         |      |        |        |           |             |
| GetOrCreateExistingKey | 100          |   162.1 ns |   6.74 ns |  0.37 ns |  1.26 |    0.01 |    2 | 0.0148 |      - |     248 B |        0.91 |
| CreateNewKey           | 100          | 4,080.2 ns | 338.11 ns | 18.53 ns | 31.78 |    0.33 |    3 | 0.0534 | 0.0458 |     928 B |        3.41 |
| CheckIsForgotten       | 100          |   125.9 ns |   2.15 ns |  0.12 ns |  0.98 |    0.01 |    1 | 0.0067 |      - |     112 B |        0.41 |
| GetExistingKey         | 100          |   128.4 ns |  25.99 ns |  1.42 ns |  1.00 |    0.01 |    1 | 0.0162 |      - |     272 B |        1.00 |
// * Config Issues *

// * Warnings *
Configuration
  Summary -> The exporter CsvExporter is already present in configuration. There may be unexpected results.
  Summary -> The exporter HtmlExporter is already present in configuration. There may be unexpected results.
  Summary -> The exporter MarkdownExporter-github is already present in configuration. There may be unexpected results.

// * Legends *
  SubjectCount : Value of the 'SubjectCount' parameter
  Mean         : Arithmetic mean of all measurements
  Error        : Half of 99.9% confidence interval
  StdDev       : Standard deviation of all measurements
  Ratio        : Mean of the ratio distribution ([Current]/[Baseline])
  RatioSD      : Standard deviation of the ratio distribution ([Current]/[Baseline])
  Rank         : Relative position of current benchmark mean among all benchmarks (Arabic style)
  Gen0         : GC Generation 0 collects per 1000 operations
  Gen1         : GC Generation 1 collects per 1000 operations
  Allocated    : Allocated memory per single operation (managed only, inclusive, 1KB = 1024B)
  Alloc Ratio  : Allocated memory ratio distribution ([Current]/[Baseline])
  1 ns         : 1 Nanosecond (0.000000001 sec)

// * Diagnostic Output - MemoryDiagnoser *


// ***** BenchmarkRunner: End *****
Run time: 00:01:16 (76.53 sec), executed benchmarks: 8

Global total time: 00:02:47 (167.41 sec), executed benchmarks: 8
// * Artifacts cleanup *
Artifacts cleanup is finished
