// Validating benchmarks:
// ***** BenchmarkRunner: Start   *****
// ***** Found 10 benchmark(s) in total *****
// ***** Building 1 exe(s) in Parallel: Start   *****
// start dotnet  restore --nodeReuse:false /p:UseSharedCompilation=false /p:Deterministic=true /p:Optimize=true /p:ArtifactsPath="/home/runner/work/Encina/Encina/tests/Encina.BenchmarkTests/Encina.IdGeneration.Benchmarks/bin/Release/net10.0/Encina.IdGeneration.Benchmarks-Job-YFEFPZ-1/" /p:OutDir="/home/runner/work/Encina/Encina/tests/Encina.BenchmarkTests/Encina.IdGeneration.Benchmarks/bin/Release/net10.0/Encina.IdGeneration.Benchmarks-Job-YFEFPZ-1/bin/Release/net10.0/" /p:OutputPath="/home/runner/work/Encina/Encina/tests/Encina.BenchmarkTests/Encina.IdGeneration.Benchmarks/bin/Release/net10.0/Encina.IdGeneration.Benchmarks-Job-YFEFPZ-1/bin/Release/net10.0/" /p:PublishDir="/home/runner/work/Encina/Encina/tests/Encina.BenchmarkTests/Encina.IdGeneration.Benchmarks/bin/Release/net10.0/Encina.IdGeneration.Benchmarks-Job-YFEFPZ-1/publish/" in /home/runner/work/Encina/Encina/tests/Encina.BenchmarkTests/Encina.IdGeneration.Benchmarks/bin/Release/net10.0/Encina.IdGeneration.Benchmarks-Job-YFEFPZ-1
// command took 2.32 sec and exited with 0
// start dotnet  build -c Release --no-restore --nodeReuse:false /p:UseSharedCompilation=false /p:Deterministic=true /p:Optimize=true /p:ArtifactsPath="/home/runner/work/Encina/Encina/tests/Encina.BenchmarkTests/Encina.IdGeneration.Benchmarks/bin/Release/net10.0/Encina.IdGeneration.Benchmarks-Job-YFEFPZ-1/" /p:OutDir="/home/runner/work/Encina/Encina/tests/Encina.BenchmarkTests/Encina.IdGeneration.Benchmarks/bin/Release/net10.0/Encina.IdGeneration.Benchmarks-Job-YFEFPZ-1/bin/Release/net10.0/" /p:OutputPath="/home/runner/work/Encina/Encina/tests/Encina.BenchmarkTests/Encina.IdGeneration.Benchmarks/bin/Release/net10.0/Encina.IdGeneration.Benchmarks-Job-YFEFPZ-1/bin/Release/net10.0/" /p:PublishDir="/home/runner/work/Encina/Encina/tests/Encina.BenchmarkTests/Encina.IdGeneration.Benchmarks/bin/Release/net10.0/Encina.IdGeneration.Benchmarks-Job-YFEFPZ-1/publish/" --output "/home/runner/work/Encina/Encina/tests/Encina.BenchmarkTests/Encina.IdGeneration.Benchmarks/bin/Release/net10.0/Encina.IdGeneration.Benchmarks-Job-YFEFPZ-1/bin/Release/net10.0/" in /home/runner/work/Encina/Encina/tests/Encina.BenchmarkTests/Encina.IdGeneration.Benchmarks/bin/Release/net10.0/Encina.IdGeneration.Benchmarks-Job-YFEFPZ-1
// command took 40.23 sec and exited with 0
// ***** Done, took 00:00:42 (42.73 sec)   *****
// Found 10 benchmarks:
//   ShardPrefixedIdBenchmarks.Generate_TimestampRandomFormat: Job-YFEFPZ(IterationCount=10, WarmupCount=3)
//   ShardPrefixedIdBenchmarks.Generate_ToString: Job-YFEFPZ(IterationCount=10, WarmupCount=3)
//   ShardPrefixedIdBenchmarks.Generate_TimestampRandomFormat: ShortRun(IterationCount=3, LaunchCount=1, WarmupCount=3)
//   ShardPrefixedIdBenchmarks.Generate_ToString: ShortRun(IterationCount=3, LaunchCount=1, WarmupCount=3)
//   ShardPrefixedIdBenchmarks.Generate_UlidFormat: Job-YFEFPZ(IterationCount=10, WarmupCount=3)
//   ShardPrefixedIdBenchmarks.Generate_UlidFormat: ShortRun(IterationCount=3, LaunchCount=1, WarmupCount=3)
//   ShardPrefixedIdBenchmarks.Generate_UuidV7Format: Job-YFEFPZ(IterationCount=10, WarmupCount=3)
//   ShardPrefixedIdBenchmarks.Generate_UuidV7Format: ShortRun(IterationCount=3, LaunchCount=1, WarmupCount=3)
//   ShardPrefixedIdBenchmarks.ExtractShardId_Ulid: Job-YFEFPZ(IterationCount=10, WarmupCount=3)
//   ShardPrefixedIdBenchmarks.ExtractShardId_Ulid: ShortRun(IterationCount=3, LaunchCount=1, WarmupCount=3)

// **************************
// Benchmark: ShardPrefixedIdBenchmarks.Generate_TimestampRandomFormat: Job-YFEFPZ(IterationCount=10, WarmupCount=3)
// *** Execute ***
// Launch: 1 / 1
// Execute: dotnet Encina.IdGeneration.Benchmarks-Job-YFEFPZ-1.dll --anonymousPipes 136 137 --benchmarkName Encina.IdGeneration.Benchmarks.ShardPrefixedIdBenchmarks.Generate_TimestampRandomFormat --job "IterationCount=10, WarmupCount=3" --benchmarkId 0 in /home/runner/work/Encina/Encina/tests/Encina.BenchmarkTests/Encina.IdGeneration.Benchmarks/bin/Release/net10.0/Encina.IdGeneration.Benchmarks-Job-YFEFPZ-1/bin/Release/net10.0
// Failed to set up high priority (Permission denied). In order to run benchmarks with high priority, make sure you have the right permissions.
// BeforeAnythingElse

// Benchmark Process Environment Information:
// BenchmarkDotNet v0.15.8
// Runtime=.NET 10.0.12 (10.0.12, 10.0.1226.42308), X64 RyuJIT x86-64-v3
// GC=Concurrent Workstation
// HardwareIntrinsics=AVX2+BMI1+BMI2+F16C+FMA+LZCNT+MOVBE,AVX,SSE3+SSSE3+SSE4.1+SSE4.2+POPCNT,X86Base+SSE+SSE2,AES+PCLMUL VectorSize=256
// Job: Job-YFEFPZ(IterationCount=10, WarmupCount=3)

OverheadJitting  1: 1 op, 236332.00 ns, 236.3320 us/op
WorkloadJitting  1: 1 op, 21196682.00 ns, 21.1967 ms/op

OverheadJitting  2: 16 op, 227316.00 ns, 14.2073 us/op
WorkloadJitting  2: 16 op, 341620.00 ns, 21.3513 us/op

WorkloadPilot    1: 16 op, 56016.00 ns, 3.5010 us/op
WorkloadPilot    2: 32 op, 79539.00 ns, 2.4856 us/op
WorkloadPilot    3: 64 op, 121327.00 ns, 1.8957 us/op
WorkloadPilot    4: 128 op, 212177.00 ns, 1.6576 us/op
WorkloadPilot    5: 256 op, 399177.00 ns, 1.5593 us/op
WorkloadPilot    6: 512 op, 751777.00 ns, 1.4683 us/op
WorkloadPilot    7: 1024 op, 1549871.00 ns, 1.5135 us/op
WorkloadPilot    8: 2048 op, 2942196.00 ns, 1.4366 us/op
WorkloadPilot    9: 4096 op, 5944194.00 ns, 1.4512 us/op
WorkloadPilot   10: 8192 op, 11802726.00 ns, 1.4408 us/op
WorkloadPilot   11: 16384 op, 23327205.00 ns, 1.4238 us/op
WorkloadPilot   12: 32768 op, 47342302.00 ns, 1.4448 us/op
WorkloadPilot   13: 65536 op, 93813975.00 ns, 1.4315 us/op
WorkloadPilot   14: 131072 op, 190013706.00 ns, 1.4497 us/op
WorkloadPilot   15: 262144 op, 362856699.00 ns, 1.3842 us/op
WorkloadPilot   16: 524288 op, 721231942.00 ns, 1.3756 us/op

OverheadWarmup   1: 524288 op, 882071.00 ns, 1.6824 ns/op
OverheadWarmup   2: 524288 op, 1016222.00 ns, 1.9383 ns/op
OverheadWarmup   3: 524288 op, 876741.00 ns, 1.6723 ns/op
OverheadWarmup   4: 524288 op, 874167.00 ns, 1.6673 ns/op
OverheadWarmup   5: 524288 op, 875348.00 ns, 1.6696 ns/op
OverheadWarmup   6: 524288 op, 877402.00 ns, 1.6735 ns/op
OverheadWarmup   7: 524288 op, 849740.00 ns, 1.6208 ns/op

OverheadActual   1: 524288 op, 880888.00 ns, 1.6802 ns/op
OverheadActual   2: 524288 op, 867183.00 ns, 1.6540 ns/op
OverheadActual   3: 524288 op, 888973.00 ns, 1.6956 ns/op
OverheadActual   4: 524288 op, 866912.00 ns, 1.6535 ns/op
OverheadActual   5: 524288 op, 867724.00 ns, 1.6551 ns/op
OverheadActual   6: 524288 op, 870428.00 ns, 1.6602 ns/op
OverheadActual   7: 524288 op, 876741.00 ns, 1.6723 ns/op
OverheadActual   8: 524288 op, 864558.00 ns, 1.6490 ns/op
OverheadActual   9: 524288 op, 848939.00 ns, 1.6192 ns/op
OverheadActual  10: 524288 op, 868155.00 ns, 1.6559 ns/op
OverheadActual  11: 524288 op, 865119.00 ns, 1.6501 ns/op
OverheadActual  12: 524288 op, 865109.00 ns, 1.6501 ns/op
OverheadActual  13: 524288 op, 868836.00 ns, 1.6572 ns/op
OverheadActual  14: 524288 op, 849740.00 ns, 1.6208 ns/op
OverheadActual  15: 524288 op, 874035.00 ns, 1.6671 ns/op

WorkloadWarmup   1: 524288 op, 731196108.00 ns, 1.3946 us/op
WorkloadWarmup   2: 524288 op, 722297426.00 ns, 1.3777 us/op
WorkloadWarmup   3: 524288 op, 720078343.00 ns, 1.3734 us/op

// BeforeActualRun
WorkloadActual   1: 524288 op, 721249635.00 ns, 1.3757 us/op
WorkloadActual   2: 524288 op, 721553403.00 ns, 1.3763 us/op
WorkloadActual   3: 524288 op, 718409841.00 ns, 1.3703 us/op
WorkloadActual   4: 524288 op, 718977152.00 ns, 1.3713 us/op
WorkloadActual   5: 524288 op, 718134184.00 ns, 1.3697 us/op
WorkloadActual   6: 524288 op, 719198874.00 ns, 1.3718 us/op
WorkloadActual   7: 524288 op, 718740766.00 ns, 1.3709 us/op
WorkloadActual   8: 524288 op, 717665553.00 ns, 1.3688 us/op
WorkloadActual   9: 524288 op, 722012560.00 ns, 1.3771 us/op
WorkloadActual  10: 524288 op, 718009027.00 ns, 1.3695 us/op

// AfterActualRun
WorkloadResult   1: 524288 op, 720381911.00 ns, 1.3740 us/op
WorkloadResult   2: 524288 op, 720685679.00 ns, 1.3746 us/op
WorkloadResult   3: 524288 op, 717542117.00 ns, 1.3686 us/op
WorkloadResult   4: 524288 op, 718109428.00 ns, 1.3697 us/op
WorkloadResult   5: 524288 op, 717266460.00 ns, 1.3681 us/op
WorkloadResult   6: 524288 op, 718331150.00 ns, 1.3701 us/op
WorkloadResult   7: 524288 op, 717873042.00 ns, 1.3692 us/op
WorkloadResult   8: 524288 op, 716797829.00 ns, 1.3672 us/op
WorkloadResult   9: 524288 op, 721144836.00 ns, 1.3755 us/op
WorkloadResult  10: 524288 op, 717141303.00 ns, 1.3678 us/op
// GC:  4 0 0 79205776 524288
// Threading:  0 0 524288

// AfterAll
// Benchmark Process 2969 has exited with code 0.

Mean = 1.370 μs, StdErr = 0.001 μs (0.07%), N = 10, StdDev = 0.003 μs
Min = 1.367 μs, Q1 = 1.368 μs, Median = 1.369 μs, Q3 = 1.373 μs, Max = 1.375 μs
IQR = 0.005 μs, LowerFence = 1.361 μs, UpperFence = 1.380 μs
ConfidenceInterval = [1.366 μs; 1.375 μs] (CI 99.9%), Margin = 0.005 μs (0.34% of Mean)
Skewness = 0.57, Kurtosis = 1.47, MValue = 2

// ** Remained 9 (90.0 %) benchmark(s) to run. Estimated finish 2026-09-24 8:00 (0h 1m from now) **
// **************************
// Benchmark: ShardPrefixedIdBenchmarks.Generate_ToString: Job-YFEFPZ(IterationCount=10, WarmupCount=3)
// *** Execute ***
// Launch: 1 / 1
// Execute: dotnet Encina.IdGeneration.Benchmarks-Job-YFEFPZ-1.dll --anonymousPipes 136 137 --benchmarkName Encina.IdGeneration.Benchmarks.ShardPrefixedIdBenchmarks.Generate_ToString --job "IterationCount=10, WarmupCount=3" --benchmarkId 1 in /home/runner/work/Encina/Encina/tests/Encina.BenchmarkTests/Encina.IdGeneration.Benchmarks/bin/Release/net10.0/Encina.IdGeneration.Benchmarks-Job-YFEFPZ-1/bin/Release/net10.0
// Failed to set up high priority (Permission denied). In order to run benchmarks with high priority, make sure you have the right permissions.
// BeforeAnythingElse

// Benchmark Process Environment Information:
// BenchmarkDotNet v0.15.8
// Runtime=.NET 10.0.12 (10.0.12, 10.0.1226.42308), X64 RyuJIT x86-64-v3
// GC=Concurrent Workstation
// HardwareIntrinsics=AVX2+BMI1+BMI2+F16C+FMA+LZCNT+MOVBE,AVX,SSE3+SSSE3+SSE4.1+SSE4.2+POPCNT,X86Base+SSE+SSE2,AES+PCLMUL VectorSize=256
// Job: Job-YFEFPZ(IterationCount=10, WarmupCount=3)

OverheadJitting  1: 1 op, 249276.00 ns, 249.2760 us/op
WorkloadJitting  1: 1 op, 22488338.00 ns, 22.4883 ms/op

OverheadJitting  2: 16 op, 450423.00 ns, 28.1514 us/op
WorkloadJitting  2: 16 op, 516968.00 ns, 32.3105 us/op

WorkloadPilot    1: 16 op, 51587.00 ns, 3.2242 us/op
WorkloadPilot    2: 32 op, 83917.00 ns, 2.6224 us/op
WorkloadPilot    3: 64 op, 123191.00 ns, 1.9249 us/op
WorkloadPilot    4: 128 op, 210124.00 ns, 1.6416 us/op
WorkloadPilot    5: 256 op, 389850.00 ns, 1.5229 us/op
WorkloadPilot    6: 512 op, 752168.00 ns, 1.4691 us/op
WorkloadPilot    7: 1024 op, 1566523.00 ns, 1.5298 us/op
WorkloadPilot    8: 2048 op, 2938411.00 ns, 1.4348 us/op
WorkloadPilot    9: 4096 op, 5991376.00 ns, 1.4627 us/op
WorkloadPilot   10: 8192 op, 11936505.00 ns, 1.4571 us/op
WorkloadPilot   11: 16384 op, 23186925.00 ns, 1.4152 us/op
WorkloadPilot   12: 32768 op, 47733348.00 ns, 1.4567 us/op
WorkloadPilot   13: 65536 op, 93648438.00 ns, 1.4290 us/op
WorkloadPilot   14: 131072 op, 177902289.00 ns, 1.3573 us/op
WorkloadPilot   15: 262144 op, 353851292.00 ns, 1.3498 us/op
WorkloadPilot   16: 524288 op, 702113209.00 ns, 1.3392 us/op

OverheadWarmup   1: 524288 op, 1727604.00 ns, 3.2951 ns/op
OverheadWarmup   2: 524288 op, 1727113.00 ns, 3.2942 ns/op
OverheadWarmup   3: 524288 op, 1729328.00 ns, 3.2984 ns/op
OverheadWarmup   4: 524288 op, 1728325.00 ns, 3.2965 ns/op
OverheadWarmup   5: 524288 op, 1715992.00 ns, 3.2730 ns/op
OverheadWarmup   6: 524288 op, 1726412.00 ns, 3.2929 ns/op
OverheadWarmup   7: 524288 op, 1724879.00 ns, 3.2899 ns/op

OverheadActual   1: 524288 op, 1712435.00 ns, 3.2662 ns/op
OverheadActual   2: 524288 op, 1734246.00 ns, 3.3078 ns/op
OverheadActual   3: 524288 op, 1727974.00 ns, 3.2958 ns/op
OverheadActual   4: 524288 op, 1727764.00 ns, 3.2954 ns/op
OverheadActual   5: 524288 op, 1718757.00 ns, 3.2783 ns/op
OverheadActual   6: 524288 op, 1725390.00 ns, 3.2909 ns/op
OverheadActual   7: 524288 op, 1726332.00 ns, 3.2927 ns/op
OverheadActual   8: 524288 op, 1714350.00 ns, 3.2699 ns/op
OverheadActual   9: 524288 op, 1723406.00 ns, 3.2871 ns/op
OverheadActual  10: 524288 op, 1728796.00 ns, 3.2974 ns/op
OverheadActual  11: 524288 op, 1726822.00 ns, 3.2937 ns/op
OverheadActual  12: 524288 op, 1714920.00 ns, 3.2710 ns/op
OverheadActual  13: 524288 op, 1727484.00 ns, 3.2949 ns/op
OverheadActual  14: 524288 op, 1725280.00 ns, 3.2907 ns/op
OverheadActual  15: 524288 op, 1725530.00 ns, 3.2912 ns/op

WorkloadWarmup   1: 524288 op, 710147269.00 ns, 1.3545 us/op
WorkloadWarmup   2: 524288 op, 708351006.00 ns, 1.3511 us/op
WorkloadWarmup   3: 524288 op, 703163608.00 ns, 1.3412 us/op

// BeforeActualRun
WorkloadActual   1: 524288 op, 707075851.00 ns, 1.3486 us/op
WorkloadActual   2: 524288 op, 703290760.00 ns, 1.3414 us/op
WorkloadActual   3: 524288 op, 703895471.00 ns, 1.3426 us/op
WorkloadActual   4: 524288 op, 702125591.00 ns, 1.3392 us/op
WorkloadActual   5: 524288 op, 701628300.00 ns, 1.3382 us/op
WorkloadActual   6: 524288 op, 703362123.00 ns, 1.3416 us/op
WorkloadActual   7: 524288 op, 703243732.00 ns, 1.3413 us/op
WorkloadActual   8: 524288 op, 703431312.00 ns, 1.3417 us/op
WorkloadActual   9: 524288 op, 706651977.00 ns, 1.3478 us/op
WorkloadActual  10: 524288 op, 703514419.00 ns, 1.3418 us/op

// AfterActualRun
WorkloadResult   1: 524288 op, 701565230.00 ns, 1.3381 us/op
WorkloadResult   2: 524288 op, 702169941.00 ns, 1.3393 us/op
WorkloadResult   3: 524288 op, 700400061.00 ns, 1.3359 us/op
WorkloadResult   4: 524288 op, 699902770.00 ns, 1.3350 us/op
WorkloadResult   5: 524288 op, 701636593.00 ns, 1.3383 us/op
WorkloadResult   6: 524288 op, 701518202.00 ns, 1.3380 us/op
WorkloadResult   7: 524288 op, 701705782.00 ns, 1.3384 us/op
WorkloadResult   8: 524288 op, 701788889.00 ns, 1.3386 us/op
// GC:  6 0 0 113246208 524288
// Threading:  0 0 524288

// AfterAll
// Benchmark Process 2979 has exited with code 0.

Mean = 1.338 μs, StdErr = 0.001 μs (0.04%), N = 8, StdDev = 0.001 μs
Min = 1.335 μs, Q1 = 1.338 μs, Median = 1.338 μs, Q3 = 1.338 μs, Max = 1.339 μs
IQR = 0.001 μs, LowerFence = 1.336 μs, UpperFence = 1.340 μs
ConfidenceInterval = [1.335 μs; 1.340 μs] (CI 99.9%), Margin = 0.003 μs (0.21% of Mean)
Skewness = -0.82, Kurtosis = 1.98, MValue = 2

// ** Remained 8 (80.0 %) benchmark(s) to run. Estimated finish 2026-09-24 8:00 (0h 1m from now) **
// **************************
// Benchmark: ShardPrefixedIdBenchmarks.Generate_TimestampRandomFormat: ShortRun(IterationCount=3, LaunchCount=1, WarmupCount=3)
// *** Execute ***
// Launch: 1 / 1
// Execute: dotnet Encina.IdGeneration.Benchmarks-Job-YFEFPZ-1.dll --anonymousPipes 136 137 --benchmarkName Encina.IdGeneration.Benchmarks.ShardPrefixedIdBenchmarks.Generate_TimestampRandomFormat --job ShortRun --benchmarkId 2 in /home/runner/work/Encina/Encina/tests/Encina.BenchmarkTests/Encina.IdGeneration.Benchmarks/bin/Release/net10.0/Encina.IdGeneration.Benchmarks-Job-YFEFPZ-1/bin/Release/net10.0
// Failed to set up high priority (Permission denied). In order to run benchmarks with high priority, make sure you have the right permissions.
// BeforeAnythingElse

// Benchmark Process Environment Information:
// BenchmarkDotNet v0.15.8
// Runtime=.NET 10.0.12 (10.0.12, 10.0.1226.42308), X64 RyuJIT x86-64-v3
// GC=Concurrent Workstation
// HardwareIntrinsics=AVX2+BMI1+BMI2+F16C+FMA+LZCNT+MOVBE,AVX,SSE3+SSSE3+SSE4.1+SSE4.2+POPCNT,X86Base+SSE+SSE2,AES+PCLMUL VectorSize=256
// Job: ShortRun(IterationCount=3, LaunchCount=1, WarmupCount=3)

OverheadJitting  1: 1 op, 243937.00 ns, 243.9370 us/op
WorkloadJitting  1: 1 op, 21289560.00 ns, 21.2896 ms/op

OverheadJitting  2: 16 op, 204623.00 ns, 12.7889 us/op
WorkloadJitting  2: 16 op, 302947.00 ns, 18.9342 us/op

WorkloadPilot    1: 16 op, 53991.00 ns, 3.3744 us/op
WorkloadPilot    2: 32 op, 63969.00 ns, 1.9990 us/op
WorkloadPilot    3: 64 op, 145241.00 ns, 2.2694 us/op
WorkloadPilot    4: 128 op, 195045.00 ns, 1.5238 us/op
WorkloadPilot    5: 256 op, 387886.00 ns, 1.5152 us/op
WorkloadPilot    6: 512 op, 770592.00 ns, 1.5051 us/op
WorkloadPilot    7: 1024 op, 1540452.00 ns, 1.5043 us/op
WorkloadPilot    8: 2048 op, 2954990.00 ns, 1.4429 us/op
WorkloadPilot    9: 4096 op, 5900652.00 ns, 1.4406 us/op
WorkloadPilot   10: 8192 op, 11767901.00 ns, 1.4365 us/op
WorkloadPilot   11: 16384 op, 23651379.00 ns, 1.4436 us/op
WorkloadPilot   12: 32768 op, 47236164.00 ns, 1.4415 us/op
WorkloadPilot   13: 65536 op, 94797406.00 ns, 1.4465 us/op
WorkloadPilot   14: 131072 op, 187480076.00 ns, 1.4304 us/op
WorkloadPilot   15: 262144 op, 368986307.00 ns, 1.4076 us/op
WorkloadPilot   16: 524288 op, 728701072.00 ns, 1.3899 us/op

OverheadWarmup   1: 524288 op, 868304.00 ns, 1.6562 ns/op
OverheadWarmup   2: 524288 op, 886719.00 ns, 1.6913 ns/op
OverheadWarmup   3: 524288 op, 866932.00 ns, 1.6535 ns/op
OverheadWarmup   4: 524288 op, 864578.00 ns, 1.6491 ns/op
OverheadWarmup   5: 524288 op, 883082.00 ns, 1.6843 ns/op
OverheadWarmup   6: 524288 op, 874075.00 ns, 1.6672 ns/op

OverheadActual   1: 524288 op, 889404.00 ns, 1.6964 ns/op
OverheadActual   2: 524288 op, 866561.00 ns, 1.6528 ns/op
OverheadActual   3: 524288 op, 888072.00 ns, 1.6939 ns/op
OverheadActual   4: 524288 op, 885356.00 ns, 1.6887 ns/op
OverheadActual   5: 524288 op, 877592.00 ns, 1.6739 ns/op
OverheadActual   6: 524288 op, 868285.00 ns, 1.6561 ns/op
OverheadActual   7: 524288 op, 882671.00 ns, 1.6836 ns/op
OverheadActual   8: 524288 op, 866772.00 ns, 1.6532 ns/op
OverheadActual   9: 524288 op, 875818.00 ns, 1.6705 ns/op
OverheadActual  10: 524288 op, 881479.00 ns, 1.6813 ns/op
OverheadActual  11: 524288 op, 848938.00 ns, 1.6192 ns/op
OverheadActual  12: 524288 op, 874505.00 ns, 1.6680 ns/op
OverheadActual  13: 524288 op, 877432.00 ns, 1.6736 ns/op
OverheadActual  14: 524288 op, 875598.00 ns, 1.6701 ns/op
OverheadActual  15: 524288 op, 876600.00 ns, 1.6720 ns/op

WorkloadWarmup   1: 524288 op, 731278523.00 ns, 1.3948 us/op
WorkloadWarmup   2: 524288 op, 729372668.00 ns, 1.3912 us/op
WorkloadWarmup   3: 524288 op, 723736194.00 ns, 1.3804 us/op

// BeforeActualRun
WorkloadActual   1: 524288 op, 726386882.00 ns, 1.3855 us/op
WorkloadActual   2: 524288 op, 726425395.00 ns, 1.3855 us/op
WorkloadActual   3: 524288 op, 724052633.00 ns, 1.3810 us/op

// AfterActualRun
WorkloadResult   1: 524288 op, 725510282.00 ns, 1.3838 us/op
WorkloadResult   2: 524288 op, 725548795.00 ns, 1.3839 us/op
WorkloadResult   3: 524288 op, 723176033.00 ns, 1.3793 us/op
// GC:  4 0 0 79211216 524288
// Threading:  0 0 524288

// AfterAll
// Benchmark Process 2988 has exited with code 0.

Mean = 1.382 μs, StdErr = 0.001 μs (0.11%), N = 3, StdDev = 0.003 μs
Min = 1.379 μs, Q1 = 1.382 μs, Median = 1.384 μs, Q3 = 1.384 μs, Max = 1.384 μs
IQR = 0.002 μs, LowerFence = 1.378 μs, UpperFence = 1.387 μs
ConfidenceInterval = [1.335 μs; 1.430 μs] (CI 99.9%), Margin = 0.047 μs (3.42% of Mean)
Skewness = -0.38, Kurtosis = 0.67, MValue = 2

// ** Remained 7 (70.0 %) benchmark(s) to run. Estimated finish 2026-09-24 8:00 (0h 1m from now) **
// **************************
// Benchmark: ShardPrefixedIdBenchmarks.Generate_ToString: ShortRun(IterationCount=3, LaunchCount=1, WarmupCount=3)
// *** Execute ***
// Launch: 1 / 1
// Execute: dotnet Encina.IdGeneration.Benchmarks-Job-YFEFPZ-1.dll --anonymousPipes 136 137 --benchmarkName Encina.IdGeneration.Benchmarks.ShardPrefixedIdBenchmarks.Generate_ToString --job ShortRun --benchmarkId 3 in /home/runner/work/Encina/Encina/tests/Encina.BenchmarkTests/Encina.IdGeneration.Benchmarks/bin/Release/net10.0/Encina.IdGeneration.Benchmarks-Job-YFEFPZ-1/bin/Release/net10.0
// Failed to set up high priority (Permission denied). In order to run benchmarks with high priority, make sure you have the right permissions.
// BeforeAnythingElse

// Benchmark Process Environment Information:
// BenchmarkDotNet v0.15.8
// Runtime=.NET 10.0.12 (10.0.12, 10.0.1226.42308), X64 RyuJIT x86-64-v3
// GC=Concurrent Workstation
// HardwareIntrinsics=AVX2+BMI1+BMI2+F16C+FMA+LZCNT+MOVBE,AVX,SSE3+SSSE3+SSE4.1+SSE4.2+POPCNT,X86Base+SSE+SSE2,AES+PCLMUL VectorSize=256
// Job: ShortRun(IterationCount=3, LaunchCount=1, WarmupCount=3)

OverheadJitting  1: 1 op, 222516.00 ns, 222.5160 us/op
WorkloadJitting  1: 1 op, 22556779.00 ns, 22.5568 ms/op

OverheadJitting  2: 16 op, 441015.00 ns, 27.5634 us/op
WorkloadJitting  2: 16 op, 533097.00 ns, 33.3186 us/op

WorkloadPilot    1: 16 op, 31188.00 ns, 1.9493 us/op
WorkloadPilot    2: 32 op, 66996.00 ns, 2.0936 us/op
WorkloadPilot    3: 64 op, 120476.00 ns, 1.8824 us/op
WorkloadPilot    4: 128 op, 192159.00 ns, 1.5012 us/op
WorkloadPilot    5: 256 op, 373578.00 ns, 1.4593 us/op
WorkloadPilot    6: 512 op, 764681.00 ns, 1.4935 us/op
WorkloadPilot    7: 1024 op, 1544258.00 ns, 1.5081 us/op
WorkloadPilot    8: 2048 op, 2934440.00 ns, 1.4328 us/op
WorkloadPilot    9: 4096 op, 5918783.00 ns, 1.4450 us/op
WorkloadPilot   10: 8192 op, 11795657.00 ns, 1.4399 us/op
WorkloadPilot   11: 16384 op, 23420786.00 ns, 1.4295 us/op
WorkloadPilot   12: 32768 op, 47035263.00 ns, 1.4354 us/op
WorkloadPilot   13: 65536 op, 93693552.00 ns, 1.4297 us/op
WorkloadPilot   14: 131072 op, 178711323.00 ns, 1.3635 us/op
WorkloadPilot   15: 262144 op, 353830054.00 ns, 1.3498 us/op
WorkloadPilot   16: 524288 op, 703855170.00 ns, 1.3425 us/op

OverheadWarmup   1: 524288 op, 1727722.00 ns, 3.2954 ns/op
OverheadWarmup   2: 524288 op, 1730688.00 ns, 3.3010 ns/op
OverheadWarmup   3: 524288 op, 1723375.00 ns, 3.2871 ns/op
OverheadWarmup   4: 524288 op, 1739685.00 ns, 3.3182 ns/op
OverheadWarmup   5: 524288 op, 1716591.00 ns, 3.2741 ns/op

OverheadActual   1: 524288 op, 1724827.00 ns, 3.2898 ns/op
OverheadActual   2: 524288 op, 1725508.00 ns, 3.2911 ns/op
OverheadActual   3: 524288 op, 1750936.00 ns, 3.3396 ns/op
OverheadActual   4: 524288 op, 1745956.00 ns, 3.3301 ns/op
OverheadActual   5: 524288 op, 1715309.00 ns, 3.2717 ns/op
OverheadActual   6: 524288 op, 1746337.00 ns, 3.3309 ns/op
OverheadActual   7: 524288 op, 1734205.00 ns, 3.3077 ns/op
OverheadActual   8: 524288 op, 1712924.00 ns, 3.2671 ns/op
OverheadActual   9: 524288 op, 1740606.00 ns, 3.3199 ns/op
OverheadActual  10: 524288 op, 1723625.00 ns, 3.2876 ns/op
OverheadActual  11: 524288 op, 1743172.00 ns, 3.3248 ns/op
OverheadActual  12: 524288 op, 1713827.00 ns, 3.2689 ns/op
OverheadActual  13: 524288 op, 1724086.00 ns, 3.2884 ns/op
OverheadActual  14: 524288 op, 1724617.00 ns, 3.2894 ns/op
OverheadActual  15: 524288 op, 1724356.00 ns, 3.2889 ns/op

WorkloadWarmup   1: 524288 op, 708585620.00 ns, 1.3515 us/op
WorkloadWarmup   2: 524288 op, 700862618.00 ns, 1.3368 us/op
WorkloadWarmup   3: 524288 op, 699172303.00 ns, 1.3336 us/op

// BeforeActualRun
WorkloadActual   1: 524288 op, 707348532.00 ns, 1.3492 us/op
WorkloadActual   2: 524288 op, 702408723.00 ns, 1.3397 us/op
WorkloadActual   3: 524288 op, 701939444.00 ns, 1.3388 us/op

// AfterActualRun
WorkloadResult   1: 524288 op, 705623705.00 ns, 1.3459 us/op
WorkloadResult   2: 524288 op, 700683896.00 ns, 1.3364 us/op
WorkloadResult   3: 524288 op, 700214617.00 ns, 1.3356 us/op
// GC:  6 0 0 113246208 524288
// Threading:  0 0 524288

// AfterAll
// Benchmark Process 2995 has exited with code 0.

Mean = 1.339 μs, StdErr = 0.003 μs (0.25%), N = 3, StdDev = 0.006 μs
Min = 1.336 μs, Q1 = 1.336 μs, Median = 1.336 μs, Q3 = 1.341 μs, Max = 1.346 μs
IQR = 0.005 μs, LowerFence = 1.328 μs, UpperFence = 1.349 μs
ConfidenceInterval = [1.235 μs; 1.444 μs] (CI 99.9%), Margin = 0.104 μs (7.79% of Mean)
Skewness = 0.37, Kurtosis = 0.67, MValue = 2

// ** Remained 6 (60.0 %) benchmark(s) to run. Estimated finish 2026-09-24 7:59 (0h 0m from now) **
// **************************
// Benchmark: ShardPrefixedIdBenchmarks.Generate_UlidFormat: Job-YFEFPZ(IterationCount=10, WarmupCount=3)
// *** Execute ***
// Launch: 1 / 1
// Execute: dotnet Encina.IdGeneration.Benchmarks-Job-YFEFPZ-1.dll --anonymousPipes 136 137 --benchmarkName Encina.IdGeneration.Benchmarks.ShardPrefixedIdBenchmarks.Generate_UlidFormat --job "IterationCount=10, WarmupCount=3" --benchmarkId 4 in /home/runner/work/Encina/Encina/tests/Encina.BenchmarkTests/Encina.IdGeneration.Benchmarks/bin/Release/net10.0/Encina.IdGeneration.Benchmarks-Job-YFEFPZ-1/bin/Release/net10.0
// Failed to set up high priority (Permission denied). In order to run benchmarks with high priority, make sure you have the right permissions.
// BeforeAnythingElse

// Benchmark Process Environment Information:
// BenchmarkDotNet v0.15.8
// Runtime=.NET 10.0.12 (10.0.12, 10.0.1226.42308), X64 RyuJIT x86-64-v3
// GC=Concurrent Workstation
// HardwareIntrinsics=AVX2+BMI1+BMI2+F16C+FMA+LZCNT+MOVBE,AVX,SSE3+SSSE3+SSE4.1+SSE4.2+POPCNT,X86Base+SSE+SSE2,AES+PCLMUL VectorSize=256
// Job: Job-YFEFPZ(IterationCount=10, WarmupCount=3)

OverheadJitting  1: 1 op, 240941.00 ns, 240.9410 us/op
WorkloadJitting  1: 1 op, 21818134.00 ns, 21.8181 ms/op

OverheadJitting  2: 16 op, 217057.00 ns, 13.5661 us/op
WorkloadJitting  2: 16 op, 293860.00 ns, 18.3663 us/op

WorkloadPilot    1: 16 op, 29675.00 ns, 1.8547 us/op
WorkloadPilot    2: 32 op, 64561.00 ns, 2.0175 us/op
WorkloadPilot    3: 64 op, 96049.00 ns, 1.5008 us/op
WorkloadPilot    4: 128 op, 179065.00 ns, 1.3989 us/op
WorkloadPilot    5: 256 op, 376945.00 ns, 1.4724 us/op
WorkloadPilot    6: 512 op, 717122.00 ns, 1.4006 us/op
WorkloadPilot    7: 1024 op, 1386755.00 ns, 1.3543 us/op
WorkloadPilot    8: 2048 op, 2760075.00 ns, 1.3477 us/op
WorkloadPilot    9: 4096 op, 5359409.00 ns, 1.3084 us/op
WorkloadPilot   10: 8192 op, 10765276.00 ns, 1.3141 us/op
WorkloadPilot   11: 16384 op, 21226872.00 ns, 1.2956 us/op
WorkloadPilot   12: 32768 op, 43471860.00 ns, 1.3267 us/op
WorkloadPilot   13: 65536 op, 86962178.00 ns, 1.3269 us/op
WorkloadPilot   14: 131072 op, 172262010.00 ns, 1.3143 us/op
WorkloadPilot   15: 262144 op, 335782410.00 ns, 1.2809 us/op
WorkloadPilot   16: 524288 op, 661394439.00 ns, 1.2615 us/op

OverheadWarmup   1: 524288 op, 885387.00 ns, 1.6887 ns/op
OverheadWarmup   2: 524288 op, 879346.00 ns, 1.6772 ns/op
OverheadWarmup   3: 524288 op, 867203.00 ns, 1.6541 ns/op
OverheadWarmup   4: 524288 op, 873695.00 ns, 1.6664 ns/op
OverheadWarmup   5: 524288 op, 867474.00 ns, 1.6546 ns/op
OverheadWarmup   6: 524288 op, 852225.00 ns, 1.6255 ns/op
OverheadWarmup   7: 524288 op, 863265.00 ns, 1.6465 ns/op
OverheadWarmup   8: 524288 op, 863806.00 ns, 1.6476 ns/op
OverheadWarmup   9: 524288 op, 873244.00 ns, 1.6656 ns/op
OverheadWarmup  10: 524288 op, 873164.00 ns, 1.6654 ns/op

OverheadActual   1: 524288 op, 875929.00 ns, 1.6707 ns/op
OverheadActual   2: 524288 op, 867583.00 ns, 1.6548 ns/op
OverheadActual   3: 524288 op, 868535.00 ns, 1.6566 ns/op
OverheadActual   4: 524288 op, 868294.00 ns, 1.6561 ns/op
OverheadActual   5: 524288 op, 867032.00 ns, 1.6537 ns/op
OverheadActual   6: 524288 op, 864779.00 ns, 1.6494 ns/op
OverheadActual   7: 524288 op, 865349.00 ns, 1.6505 ns/op
OverheadActual   8: 524288 op, 867143.00 ns, 1.6539 ns/op
OverheadActual   9: 524288 op, 873254.00 ns, 1.6656 ns/op
OverheadActual  10: 524288 op, 864678.00 ns, 1.6492 ns/op
OverheadActual  11: 524288 op, 865920.00 ns, 1.6516 ns/op
OverheadActual  12: 524288 op, 863837.00 ns, 1.6476 ns/op
OverheadActual  13: 524288 op, 864287.00 ns, 1.6485 ns/op
OverheadActual  14: 524288 op, 849701.00 ns, 1.6207 ns/op
OverheadActual  15: 524288 op, 864688.00 ns, 1.6493 ns/op

WorkloadWarmup   1: 524288 op, 663426281.00 ns, 1.2654 us/op
WorkloadWarmup   2: 524288 op, 661775422.00 ns, 1.2622 us/op
WorkloadWarmup   3: 524288 op, 661963363.00 ns, 1.2626 us/op

// BeforeActualRun
WorkloadActual   1: 524288 op, 661968952.00 ns, 1.2626 us/op
WorkloadActual   2: 524288 op, 661893771.00 ns, 1.2625 us/op
WorkloadActual   3: 524288 op, 659952950.00 ns, 1.2588 us/op
WorkloadActual   4: 524288 op, 658922221.00 ns, 1.2568 us/op
WorkloadActual   5: 524288 op, 658268538.00 ns, 1.2555 us/op
WorkloadActual   6: 524288 op, 658866587.00 ns, 1.2567 us/op
WorkloadActual   7: 524288 op, 659342187.00 ns, 1.2576 us/op
WorkloadActual   8: 524288 op, 659493370.00 ns, 1.2579 us/op
WorkloadActual   9: 524288 op, 660932142.00 ns, 1.2606 us/op
WorkloadActual  10: 524288 op, 674376941.00 ns, 1.2863 us/op

// AfterActualRun
WorkloadResult   1: 524288 op, 661103032.00 ns, 1.2610 us/op
WorkloadResult   2: 524288 op, 661027851.00 ns, 1.2608 us/op
WorkloadResult   3: 524288 op, 659087030.00 ns, 1.2571 us/op
WorkloadResult   4: 524288 op, 658056301.00 ns, 1.2551 us/op
WorkloadResult   5: 524288 op, 657402618.00 ns, 1.2539 us/op
WorkloadResult   6: 524288 op, 658000667.00 ns, 1.2550 us/op
WorkloadResult   7: 524288 op, 658476267.00 ns, 1.2559 us/op
WorkloadResult   8: 524288 op, 658627450.00 ns, 1.2562 us/op
WorkloadResult   9: 524288 op, 660066222.00 ns, 1.2590 us/op
// GC:  3 0 0 62914560 524288
// Threading:  0 0 524288

// AfterAll
// Benchmark Process 3001 has exited with code 0.

Mean = 1.257 μs, StdErr = 0.001 μs (0.07%), N = 9, StdDev = 0.003 μs
Min = 1.254 μs, Q1 = 1.255 μs, Median = 1.256 μs, Q3 = 1.259 μs, Max = 1.261 μs
IQR = 0.004 μs, LowerFence = 1.249 μs, UpperFence = 1.265 μs
ConfidenceInterval = [1.253 μs; 1.261 μs] (CI 99.9%), Margin = 0.004 μs (0.34% of Mean)
Skewness = 0.4, Kurtosis = 1.43, MValue = 2

// ** Remained 5 (50.0 %) benchmark(s) to run. Estimated finish 2026-09-24 7:59 (0h 0m from now) **
// **************************
// Benchmark: ShardPrefixedIdBenchmarks.Generate_UlidFormat: ShortRun(IterationCount=3, LaunchCount=1, WarmupCount=3)
// *** Execute ***
// Launch: 1 / 1
// Execute: dotnet Encina.IdGeneration.Benchmarks-Job-YFEFPZ-1.dll --anonymousPipes 136 137 --benchmarkName Encina.IdGeneration.Benchmarks.ShardPrefixedIdBenchmarks.Generate_UlidFormat --job ShortRun --benchmarkId 5 in /home/runner/work/Encina/Encina/tests/Encina.BenchmarkTests/Encina.IdGeneration.Benchmarks/bin/Release/net10.0/Encina.IdGeneration.Benchmarks-Job-YFEFPZ-1/bin/Release/net10.0
// Failed to set up high priority (Permission denied). In order to run benchmarks with high priority, make sure you have the right permissions.
// BeforeAnythingElse

// Benchmark Process Environment Information:
// BenchmarkDotNet v0.15.8
// Runtime=.NET 10.0.12 (10.0.12, 10.0.1226.42308), X64 RyuJIT x86-64-v3
// GC=Concurrent Workstation
// HardwareIntrinsics=AVX2+BMI1+BMI2+F16C+FMA+LZCNT+MOVBE,AVX,SSE3+SSSE3+SSE4.1+SSE4.2+POPCNT,X86Base+SSE+SSE2,AES+PCLMUL VectorSize=256
// Job: ShortRun(IterationCount=3, LaunchCount=1, WarmupCount=3)

OverheadJitting  1: 1 op, 232425.00 ns, 232.4250 us/op
WorkloadJitting  1: 1 op, 21425990.00 ns, 21.4260 ms/op

OverheadJitting  2: 16 op, 214491.00 ns, 13.4057 us/op
WorkloadJitting  2: 16 op, 295163.00 ns, 18.4477 us/op

WorkloadPilot    1: 16 op, 44323.00 ns, 2.7702 us/op
WorkloadPilot    2: 32 op, 63168.00 ns, 1.9740 us/op
WorkloadPilot    3: 64 op, 96180.00 ns, 1.5028 us/op
WorkloadPilot    4: 128 op, 201598.00 ns, 1.5750 us/op
WorkloadPilot    5: 256 op, 344134.00 ns, 1.3443 us/op
WorkloadPilot    6: 512 op, 706051.00 ns, 1.3790 us/op
WorkloadPilot    7: 1024 op, 1359405.00 ns, 1.3275 us/op
WorkloadPilot    8: 2048 op, 2754014.00 ns, 1.3447 us/op
WorkloadPilot    9: 4096 op, 5340225.00 ns, 1.3038 us/op
WorkloadPilot   10: 8192 op, 10785847.00 ns, 1.3166 us/op
WorkloadPilot   11: 16384 op, 21584257.00 ns, 1.3174 us/op
WorkloadPilot   12: 32768 op, 42770730.00 ns, 1.3053 us/op
WorkloadPilot   13: 65536 op, 85916272.00 ns, 1.3110 us/op
WorkloadPilot   14: 131072 op, 171817464.00 ns, 1.3109 us/op
WorkloadPilot   15: 262144 op, 334241348.00 ns, 1.2750 us/op
WorkloadPilot   16: 524288 op, 660593982.00 ns, 1.2600 us/op

OverheadWarmup   1: 524288 op, 897169.00 ns, 1.7112 ns/op
OverheadWarmup   2: 524288 op, 880418.00 ns, 1.6793 ns/op
OverheadWarmup   3: 524288 op, 865690.00 ns, 1.6512 ns/op
OverheadWarmup   4: 524288 op, 849811.00 ns, 1.6209 ns/op
OverheadWarmup   5: 524288 op, 884876.00 ns, 1.6878 ns/op
OverheadWarmup   6: 524288 op, 866381.00 ns, 1.6525 ns/op
OverheadWarmup   7: 524288 op, 866792.00 ns, 1.6533 ns/op
OverheadWarmup   8: 524288 op, 880398.00 ns, 1.6792 ns/op
OverheadWarmup   9: 524288 op, 866372.00 ns, 1.6525 ns/op

OverheadActual   1: 524288 op, 870810.00 ns, 1.6609 ns/op
OverheadActual   2: 524288 op, 887691.00 ns, 1.6931 ns/op
OverheadActual   3: 524288 op, 849811.00 ns, 1.6209 ns/op
OverheadActual   4: 524288 op, 865680.00 ns, 1.6512 ns/op
OverheadActual   5: 524288 op, 899393.00 ns, 1.7155 ns/op
OverheadActual   6: 524288 op, 881910.00 ns, 1.6821 ns/op
OverheadActual   7: 524288 op, 866061.00 ns, 1.6519 ns/op
OverheadActual   8: 524288 op, 853077.00 ns, 1.6271 ns/op
OverheadActual   9: 524288 op, 865220.00 ns, 1.6503 ns/op
OverheadActual  10: 524288 op, 879225.00 ns, 1.6770 ns/op
OverheadActual  11: 524288 op, 869036.00 ns, 1.6576 ns/op
OverheadActual  12: 524288 op, 866191.00 ns, 1.6521 ns/op
OverheadActual  13: 524288 op, 868796.00 ns, 1.6571 ns/op
OverheadActual  14: 524288 op, 865009.00 ns, 1.6499 ns/op
OverheadActual  15: 524288 op, 864969.00 ns, 1.6498 ns/op

WorkloadWarmup   1: 524288 op, 661787958.00 ns, 1.2623 us/op
WorkloadWarmup   2: 524288 op, 660731843.00 ns, 1.2602 us/op
WorkloadWarmup   3: 524288 op, 658693876.00 ns, 1.2564 us/op

// BeforeActualRun
WorkloadActual   1: 524288 op, 659173704.00 ns, 1.2573 us/op
WorkloadActual   2: 524288 op, 656195650.00 ns, 1.2516 us/op
WorkloadActual   3: 524288 op, 657432937.00 ns, 1.2540 us/op

// AfterActualRun
WorkloadResult   1: 524288 op, 658307513.00 ns, 1.2556 us/op
WorkloadResult   2: 524288 op, 655329459.00 ns, 1.2499 us/op
WorkloadResult   3: 524288 op, 656566746.00 ns, 1.2523 us/op
// GC:  3 0 0 62914560 524288
// Threading:  0 0 524288

// AfterAll
// Benchmark Process 3013 has exited with code 0.

Mean = 1.253 μs, StdErr = 0.002 μs (0.13%), N = 3, StdDev = 0.003 μs
Min = 1.250 μs, Q1 = 1.251 μs, Median = 1.252 μs, Q3 = 1.254 μs, Max = 1.256 μs
IQR = 0.003 μs, LowerFence = 1.247 μs, UpperFence = 1.258 μs
ConfidenceInterval = [1.201 μs; 1.305 μs] (CI 99.9%), Margin = 0.052 μs (4.16% of Mean)
Skewness = 0.11, Kurtosis = 0.67, MValue = 2

// ** Remained 4 (40.0 %) benchmark(s) to run. Estimated finish 2026-09-24 7:59 (0h 0m from now) **
// **************************
// Benchmark: ShardPrefixedIdBenchmarks.Generate_UuidV7Format: Job-YFEFPZ(IterationCount=10, WarmupCount=3)
// *** Execute ***
// Launch: 1 / 1
// Execute: dotnet Encina.IdGeneration.Benchmarks-Job-YFEFPZ-1.dll --anonymousPipes 136 137 --benchmarkName Encina.IdGeneration.Benchmarks.ShardPrefixedIdBenchmarks.Generate_UuidV7Format --job "IterationCount=10, WarmupCount=3" --benchmarkId 6 in /home/runner/work/Encina/Encina/tests/Encina.BenchmarkTests/Encina.IdGeneration.Benchmarks/bin/Release/net10.0/Encina.IdGeneration.Benchmarks-Job-YFEFPZ-1/bin/Release/net10.0
// Failed to set up high priority (Permission denied). In order to run benchmarks with high priority, make sure you have the right permissions.
// BeforeAnythingElse

// Benchmark Process Environment Information:
// BenchmarkDotNet v0.15.8
// Runtime=.NET 10.0.12 (10.0.12, 10.0.1226.42308), X64 RyuJIT x86-64-v3
// GC=Concurrent Workstation
// HardwareIntrinsics=AVX2+BMI1+BMI2+F16C+FMA+LZCNT+MOVBE,AVX,SSE3+SSSE3+SSE4.1+SSE4.2+POPCNT,X86Base+SSE+SSE2,AES+PCLMUL VectorSize=256
// Job: Job-YFEFPZ(IterationCount=10, WarmupCount=3)

OverheadJitting  1: 1 op, 219530.00 ns, 219.5300 us/op
WorkloadJitting  1: 1 op, 20123593.00 ns, 20.1236 ms/op

OverheadJitting  2: 16 op, 212538.00 ns, 13.2836 us/op
WorkloadJitting  2: 16 op, 346529.00 ns, 21.6581 us/op

WorkloadPilot    1: 16 op, 51005.00 ns, 3.1878 us/op
WorkloadPilot    2: 32 op, 68519.00 ns, 2.1412 us/op
WorkloadPilot    3: 64 op, 109816.00 ns, 1.7159 us/op
WorkloadPilot    4: 128 op, 188613.00 ns, 1.4735 us/op
WorkloadPilot    5: 256 op, 344735.00 ns, 1.3466 us/op
WorkloadPilot    6: 512 op, 673301.00 ns, 1.3150 us/op
WorkloadPilot    7: 1024 op, 1325140.00 ns, 1.2941 us/op
WorkloadPilot    8: 2048 op, 2657093.00 ns, 1.2974 us/op
WorkloadPilot    9: 4096 op, 5123779.00 ns, 1.2509 us/op
WorkloadPilot   10: 8192 op, 10181856.00 ns, 1.2429 us/op
WorkloadPilot   11: 16384 op, 20409639.00 ns, 1.2457 us/op
WorkloadPilot   12: 32768 op, 41161809.00 ns, 1.2562 us/op
WorkloadPilot   13: 65536 op, 81512459.00 ns, 1.2438 us/op
WorkloadPilot   14: 131072 op, 162855572.00 ns, 1.2425 us/op
WorkloadPilot   15: 262144 op, 320986150.00 ns, 1.2245 us/op
WorkloadPilot   16: 524288 op, 628450232.00 ns, 1.1987 us/op

OverheadWarmup   1: 524288 op, 884946.00 ns, 1.6879 ns/op
OverheadWarmup   2: 524288 op, 864928.00 ns, 1.6497 ns/op
OverheadWarmup   3: 524288 op, 864217.00 ns, 1.6484 ns/op
OverheadWarmup   4: 524288 op, 848969.00 ns, 1.6193 ns/op
OverheadWarmup   5: 524288 op, 865781.00 ns, 1.6513 ns/op
OverheadWarmup   6: 524288 op, 867564.00 ns, 1.6547 ns/op
OverheadWarmup   7: 524288 op, 848909.00 ns, 1.6192 ns/op
OverheadWarmup   8: 524288 op, 866963.00 ns, 1.6536 ns/op
OverheadWarmup   9: 524288 op, 865109.00 ns, 1.6501 ns/op

OverheadActual   1: 524288 op, 866221.00 ns, 1.6522 ns/op
OverheadActual   2: 524288 op, 868525.00 ns, 1.6566 ns/op
OverheadActual   3: 524288 op, 876029.00 ns, 1.6709 ns/op
OverheadActual   4: 524288 op, 866021.00 ns, 1.6518 ns/op
OverheadActual   5: 524288 op, 867313.00 ns, 1.6543 ns/op
OverheadActual   6: 524288 op, 866031.00 ns, 1.6518 ns/op
OverheadActual   7: 524288 op, 864898.00 ns, 1.6497 ns/op
OverheadActual   8: 524288 op, 865159.00 ns, 1.6502 ns/op
OverheadActual   9: 524288 op, 849730.00 ns, 1.6207 ns/op
OverheadActual  10: 524288 op, 866602.00 ns, 1.6529 ns/op
OverheadActual  11: 524288 op, 866371.00 ns, 1.6525 ns/op
OverheadActual  12: 524288 op, 848889.00 ns, 1.6191 ns/op
OverheadActual  13: 524288 op, 866321.00 ns, 1.6524 ns/op
OverheadActual  14: 524288 op, 866101.00 ns, 1.6520 ns/op
OverheadActual  15: 524288 op, 866151.00 ns, 1.6521 ns/op

WorkloadWarmup   1: 524288 op, 635967942.00 ns, 1.2130 us/op
WorkloadWarmup   2: 524288 op, 630104602.00 ns, 1.2018 us/op
WorkloadWarmup   3: 524288 op, 628286819.00 ns, 1.1984 us/op

// BeforeActualRun
WorkloadActual   1: 524288 op, 630017759.00 ns, 1.2017 us/op
WorkloadActual   2: 524288 op, 628020562.00 ns, 1.1979 us/op
WorkloadActual   3: 524288 op, 628963476.00 ns, 1.1997 us/op
WorkloadActual   4: 524288 op, 628409950.00 ns, 1.1986 us/op
WorkloadActual   5: 524288 op, 627884207.00 ns, 1.1976 us/op
WorkloadActual   6: 524288 op, 629381989.00 ns, 1.2005 us/op
WorkloadActual   7: 524288 op, 631234757.00 ns, 1.2040 us/op
WorkloadActual   8: 524288 op, 630004724.00 ns, 1.2016 us/op
WorkloadActual   9: 524288 op, 626777676.00 ns, 1.1955 us/op
WorkloadActual  10: 524288 op, 627797494.00 ns, 1.1974 us/op

// AfterActualRun
WorkloadResult   1: 524288 op, 629151608.00 ns, 1.2000 us/op
WorkloadResult   2: 524288 op, 627154411.00 ns, 1.1962 us/op
WorkloadResult   3: 524288 op, 628097325.00 ns, 1.1980 us/op
WorkloadResult   4: 524288 op, 627543799.00 ns, 1.1969 us/op
WorkloadResult   5: 524288 op, 627018056.00 ns, 1.1959 us/op
WorkloadResult   6: 524288 op, 628515838.00 ns, 1.1988 us/op
WorkloadResult   7: 524288 op, 630368606.00 ns, 1.2023 us/op
WorkloadResult   8: 524288 op, 629138573.00 ns, 1.2000 us/op
WorkloadResult   9: 524288 op, 625911525.00 ns, 1.1938 us/op
WorkloadResult  10: 524288 op, 626931343.00 ns, 1.1958 us/op
// GC:  3 0 0 50331648 524288
// Threading:  0 0 524288

// AfterAll
// Benchmark Process 3020 has exited with code 0.

Mean = 1.198 μs, StdErr = 0.001 μs (0.07%), N = 10, StdDev = 0.003 μs
Min = 1.194 μs, Q1 = 1.196 μs, Median = 1.197 μs, Q3 = 1.200 μs, Max = 1.202 μs
IQR = 0.004 μs, LowerFence = 1.190 μs, UpperFence = 1.205 μs
ConfidenceInterval = [1.194 μs; 1.202 μs] (CI 99.9%), Margin = 0.004 μs (0.32% of Mean)
Skewness = 0.22, Kurtosis = 1.83, MValue = 2

// ** Remained 3 (30.0 %) benchmark(s) to run. Estimated finish 2026-09-24 7:59 (0h 0m from now) **
// **************************
// Benchmark: ShardPrefixedIdBenchmarks.Generate_UuidV7Format: ShortRun(IterationCount=3, LaunchCount=1, WarmupCount=3)
// *** Execute ***
// Launch: 1 / 1
// Execute: dotnet Encina.IdGeneration.Benchmarks-Job-YFEFPZ-1.dll --anonymousPipes 136 137 --benchmarkName Encina.IdGeneration.Benchmarks.ShardPrefixedIdBenchmarks.Generate_UuidV7Format --job ShortRun --benchmarkId 7 in /home/runner/work/Encina/Encina/tests/Encina.BenchmarkTests/Encina.IdGeneration.Benchmarks/bin/Release/net10.0/Encina.IdGeneration.Benchmarks-Job-YFEFPZ-1/bin/Release/net10.0
// Failed to set up high priority (Permission denied). In order to run benchmarks with high priority, make sure you have the right permissions.
// BeforeAnythingElse

// Benchmark Process Environment Information:
// BenchmarkDotNet v0.15.8
// Runtime=.NET 10.0.12 (10.0.12, 10.0.1226.42308), X64 RyuJIT x86-64-v3
// GC=Concurrent Workstation
// HardwareIntrinsics=AVX2+BMI1+BMI2+F16C+FMA+LZCNT+MOVBE,AVX,SSE3+SSSE3+SSE4.1+SSE4.2+POPCNT,X86Base+SSE+SSE2,AES+PCLMUL VectorSize=256
// Job: ShortRun(IterationCount=3, LaunchCount=1, WarmupCount=3)

OverheadJitting  1: 1 op, 218699.00 ns, 218.6990 us/op
WorkloadJitting  1: 1 op, 19884663.00 ns, 19.8847 ms/op

OverheadJitting  2: 16 op, 206396.00 ns, 12.8998 us/op
WorkloadJitting  2: 16 op, 345636.00 ns, 21.6023 us/op

WorkloadPilot    1: 16 op, 28664.00 ns, 1.7915 us/op
WorkloadPilot    2: 32 op, 63429.00 ns, 1.9822 us/op
WorkloadPilot    3: 64 op, 121497.00 ns, 1.8984 us/op
WorkloadPilot    4: 128 op, 184145.00 ns, 1.4386 us/op
WorkloadPilot    5: 256 op, 326121.00 ns, 1.2739 us/op
WorkloadPilot    6: 512 op, 630791.00 ns, 1.2320 us/op
WorkloadPilot    7: 1024 op, 1290635.00 ns, 1.2604 us/op
WorkloadPilot    8: 2048 op, 2565261.00 ns, 1.2526 us/op
WorkloadPilot    9: 4096 op, 5040834.00 ns, 1.2307 us/op
WorkloadPilot   10: 8192 op, 10362693.00 ns, 1.2650 us/op
WorkloadPilot   11: 16384 op, 20447335.00 ns, 1.2480 us/op
WorkloadPilot   12: 32768 op, 40880885.00 ns, 1.2476 us/op
WorkloadPilot   13: 65536 op, 81412448.00 ns, 1.2423 us/op
WorkloadPilot   14: 131072 op, 163756368.00 ns, 1.2494 us/op
WorkloadPilot   15: 262144 op, 323716692.00 ns, 1.2349 us/op
WorkloadPilot   16: 524288 op, 632449923.00 ns, 1.2063 us/op

OverheadWarmup   1: 524288 op, 906257.00 ns, 1.7285 ns/op
OverheadWarmup   2: 524288 op, 866041.00 ns, 1.6518 ns/op
OverheadWarmup   3: 524288 op, 882943.00 ns, 1.6841 ns/op
OverheadWarmup   4: 524288 op, 867363.00 ns, 1.6544 ns/op
OverheadWarmup   5: 524288 op, 878384.00 ns, 1.6754 ns/op
OverheadWarmup   6: 524288 op, 883674.00 ns, 1.6855 ns/op
OverheadWarmup   7: 524288 op, 868044.00 ns, 1.6557 ns/op

OverheadActual   1: 524288 op, 874868.00 ns, 1.6687 ns/op
OverheadActual   2: 524288 op, 878013.00 ns, 1.6747 ns/op
OverheadActual   3: 524288 op, 866892.00 ns, 1.6535 ns/op
OverheadActual   4: 524288 op, 849740.00 ns, 1.6208 ns/op
OverheadActual   5: 524288 op, 849810.00 ns, 1.6209 ns/op
OverheadActual   6: 524288 op, 867354.00 ns, 1.6543 ns/op
OverheadActual   7: 524288 op, 869637.00 ns, 1.6587 ns/op
OverheadActual   8: 524288 op, 873865.00 ns, 1.6668 ns/op
OverheadActual   9: 524288 op, 866522.00 ns, 1.6528 ns/op
OverheadActual  10: 524288 op, 849761.00 ns, 1.6208 ns/op
OverheadActual  11: 524288 op, 867563.00 ns, 1.6547 ns/op
OverheadActual  12: 524288 op, 865981.00 ns, 1.6517 ns/op
OverheadActual  13: 524288 op, 884005.00 ns, 1.6861 ns/op
OverheadActual  14: 524288 op, 891127.00 ns, 1.6997 ns/op
OverheadActual  15: 524288 op, 874196.00 ns, 1.6674 ns/op

WorkloadWarmup   1: 524288 op, 641752763.00 ns, 1.2240 us/op
WorkloadWarmup   2: 524288 op, 634834626.00 ns, 1.2109 us/op
WorkloadWarmup   3: 524288 op, 631965216.00 ns, 1.2054 us/op

// BeforeActualRun
WorkloadActual   1: 524288 op, 640742351.00 ns, 1.2221 us/op
WorkloadActual   2: 524288 op, 631928528.00 ns, 1.2053 us/op
WorkloadActual   3: 524288 op, 630975424.00 ns, 1.2035 us/op

// AfterActualRun
WorkloadResult   1: 524288 op, 639874788.00 ns, 1.2205 us/op
WorkloadResult   2: 524288 op, 631060965.00 ns, 1.2037 us/op
WorkloadResult   3: 524288 op, 630107861.00 ns, 1.2018 us/op
// GC:  3 0 0 50331648 524288
// Threading:  0 0 524288

// AfterAll
// Benchmark Process 3029 has exited with code 0.

Mean = 1.209 μs, StdErr = 0.006 μs (0.49%), N = 3, StdDev = 0.010 μs
Min = 1.202 μs, Q1 = 1.203 μs, Median = 1.204 μs, Q3 = 1.212 μs, Max = 1.220 μs
IQR = 0.009 μs, LowerFence = 1.189 μs, UpperFence = 1.226 μs
ConfidenceInterval = [1.021 μs; 1.396 μs] (CI 99.9%), Margin = 0.187 μs (15.50% of Mean)
Skewness = 0.37, Kurtosis = 0.67, MValue = 2

// ** Remained 2 (20.0 %) benchmark(s) to run. Estimated finish 2026-09-24 7:59 (0h 0m from now) **
// **************************
// Benchmark: ShardPrefixedIdBenchmarks.ExtractShardId_Ulid: Job-YFEFPZ(IterationCount=10, WarmupCount=3)
// *** Execute ***
// Launch: 1 / 1
// Execute: dotnet Encina.IdGeneration.Benchmarks-Job-YFEFPZ-1.dll --anonymousPipes 136 137 --benchmarkName Encina.IdGeneration.Benchmarks.ShardPrefixedIdBenchmarks.ExtractShardId_Ulid --job "IterationCount=10, WarmupCount=3" --benchmarkId 8 in /home/runner/work/Encina/Encina/tests/Encina.BenchmarkTests/Encina.IdGeneration.Benchmarks/bin/Release/net10.0/Encina.IdGeneration.Benchmarks-Job-YFEFPZ-1/bin/Release/net10.0
// Failed to set up high priority (Permission denied). In order to run benchmarks with high priority, make sure you have the right permissions.
// BeforeAnythingElse

// Benchmark Process Environment Information:
// BenchmarkDotNet v0.15.8
// Runtime=.NET 10.0.12 (10.0.12, 10.0.1226.42308), X64 RyuJIT x86-64-v3
// GC=Concurrent Workstation
// HardwareIntrinsics=AVX2+BMI1+BMI2+F16C+FMA+LZCNT+MOVBE,AVX,SSE3+SSSE3+SSE4.1+SSE4.2+POPCNT,X86Base+SSE+SSE2,AES+PCLMUL VectorSize=256
// Job: Job-YFEFPZ(IterationCount=10, WarmupCount=3)

OverheadJitting  1: 1 op, 220142.00 ns, 220.1420 us/op
WorkloadJitting  1: 1 op, 25030362.00 ns, 25.0304 ms/op

OverheadJitting  2: 16 op, 449631.00 ns, 28.1019 us/op
WorkloadJitting  2: 16 op, 481902.00 ns, 30.1189 us/op

WorkloadPilot    1: 16 op, 29666.00 ns, 1.8541 us/op
WorkloadPilot    2: 32 op, 48671.00 ns, 1.5210 us/op
WorkloadPilot    3: 64 op, 99977.00 ns, 1.5621 us/op
WorkloadPilot    4: 128 op, 180027.00 ns, 1.4065 us/op
WorkloadPilot    5: 256 op, 343833.00 ns, 1.3431 us/op
WorkloadPilot    6: 512 op, 702425.00 ns, 1.3719 us/op
WorkloadPilot    7: 1024 op, 1393658.00 ns, 1.3610 us/op
WorkloadPilot    8: 2048 op, 2739858.00 ns, 1.3378 us/op
WorkloadPilot    9: 4096 op, 5410706.00 ns, 1.3210 us/op
WorkloadPilot   10: 8192 op, 10867447.00 ns, 1.3266 us/op
WorkloadPilot   11: 16384 op, 21408785.00 ns, 1.3067 us/op
WorkloadPilot   12: 32768 op, 43927777.00 ns, 1.3406 us/op
WorkloadPilot   13: 65536 op, 86428304.00 ns, 1.3188 us/op
WorkloadPilot   14: 131072 op, 173068345.00 ns, 1.3204 us/op
WorkloadPilot   15: 262144 op, 336227124.00 ns, 1.2826 us/op
WorkloadPilot   16: 524288 op, 665152323.00 ns, 1.2687 us/op

OverheadWarmup   1: 524288 op, 1715510.00 ns, 3.2721 ns/op
OverheadWarmup   2: 524288 op, 1724848.00 ns, 3.2899 ns/op
OverheadWarmup   3: 524288 op, 1718837.00 ns, 3.2784 ns/op
OverheadWarmup   4: 524288 op, 1724437.00 ns, 3.2891 ns/op
OverheadWarmup   5: 524288 op, 1727533.00 ns, 3.2950 ns/op
OverheadWarmup   6: 524288 op, 1707816.00 ns, 3.2574 ns/op

OverheadActual   1: 524288 op, 1718065.00 ns, 3.2769 ns/op
OverheadActual   2: 524288 op, 1727223.00 ns, 3.2944 ns/op
OverheadActual   3: 524288 op, 1725460.00 ns, 3.2911 ns/op
OverheadActual   4: 524288 op, 1727924.00 ns, 3.2958 ns/op
OverheadActual   5: 524288 op, 1770443.00 ns, 3.3769 ns/op
OverheadActual   6: 524288 op, 1723616.00 ns, 3.2875 ns/op
OverheadActual   7: 524288 op, 1743302.00 ns, 3.3251 ns/op
OverheadActual   8: 524288 op, 1718957.00 ns, 3.2787 ns/op
OverheadActual   9: 524288 op, 1717735.00 ns, 3.2763 ns/op
OverheadActual  10: 524288 op, 1740728.00 ns, 3.3202 ns/op
OverheadActual  11: 524288 op, 1725610.00 ns, 3.2913 ns/op
OverheadActual  12: 524288 op, 1738874.00 ns, 3.3166 ns/op
OverheadActual  13: 524288 op, 1713918.00 ns, 3.2690 ns/op
OverheadActual  14: 524288 op, 1754995.00 ns, 3.3474 ns/op
OverheadActual  15: 524288 op, 1757929.00 ns, 3.3530 ns/op

WorkloadWarmup   1: 524288 op, 667513744.00 ns, 1.2732 us/op
WorkloadWarmup   2: 524288 op, 666249507.00 ns, 1.2708 us/op
WorkloadWarmup   3: 524288 op, 664459117.00 ns, 1.2674 us/op

// BeforeActualRun
WorkloadActual   1: 524288 op, 668219345.00 ns, 1.2745 us/op
WorkloadActual   2: 524288 op, 666800476.00 ns, 1.2718 us/op
WorkloadActual   3: 524288 op, 667238023.00 ns, 1.2727 us/op
WorkloadActual   4: 524288 op, 662671972.00 ns, 1.2639 us/op
WorkloadActual   5: 524288 op, 662783481.00 ns, 1.2642 us/op
WorkloadActual   6: 524288 op, 662095103.00 ns, 1.2628 us/op
WorkloadActual   7: 524288 op, 662210819.00 ns, 1.2631 us/op
WorkloadActual   8: 524288 op, 662607712.00 ns, 1.2638 us/op
WorkloadActual   9: 524288 op, 662679075.00 ns, 1.2640 us/op
WorkloadActual  10: 524288 op, 662143279.00 ns, 1.2629 us/op

// AfterActualRun
WorkloadResult   1: 524288 op, 666492122.00 ns, 1.2712 us/op
WorkloadResult   2: 524288 op, 665073253.00 ns, 1.2685 us/op
WorkloadResult   3: 524288 op, 665510800.00 ns, 1.2694 us/op
WorkloadResult   4: 524288 op, 660944749.00 ns, 1.2607 us/op
WorkloadResult   5: 524288 op, 661056258.00 ns, 1.2609 us/op
WorkloadResult   6: 524288 op, 660367880.00 ns, 1.2596 us/op
WorkloadResult   7: 524288 op, 660483596.00 ns, 1.2598 us/op
WorkloadResult   8: 524288 op, 660880489.00 ns, 1.2605 us/op
WorkloadResult   9: 524288 op, 660951852.00 ns, 1.2607 us/op
WorkloadResult  10: 524288 op, 660416056.00 ns, 1.2596 us/op
// GC:  3 0 0 62914560 524288
// Threading:  0 0 524288

// AfterAll
// Benchmark Process 3037 has exited with code 0.

Mean = 1.263 μs, StdErr = 0.001 μs (0.12%), N = 10, StdDev = 0.005 μs
Min = 1.260 μs, Q1 = 1.260 μs, Median = 1.261 μs, Q3 = 1.267 μs, Max = 1.271 μs
IQR = 0.007 μs, LowerFence = 1.250 μs, UpperFence = 1.277 μs
ConfidenceInterval = [1.256 μs; 1.270 μs] (CI 99.9%), Margin = 0.007 μs (0.56% of Mean)
Skewness = 0.77, Kurtosis = 1.59, MValue = 2

// ** Remained 1 (10.0 %) benchmark(s) to run. Estimated finish 2026-09-24 7:59 (0h 0m from now) **
// **************************
// Benchmark: ShardPrefixedIdBenchmarks.ExtractShardId_Ulid: ShortRun(IterationCount=3, LaunchCount=1, WarmupCount=3)
// *** Execute ***
// Launch: 1 / 1
// Execute: dotnet Encina.IdGeneration.Benchmarks-Job-YFEFPZ-1.dll --anonymousPipes 136 137 --benchmarkName Encina.IdGeneration.Benchmarks.ShardPrefixedIdBenchmarks.ExtractShardId_Ulid --job ShortRun --benchmarkId 9 in /home/runner/work/Encina/Encina/tests/Encina.BenchmarkTests/Encina.IdGeneration.Benchmarks/bin/Release/net10.0/Encina.IdGeneration.Benchmarks-Job-YFEFPZ-1/bin/Release/net10.0
// Failed to set up high priority (Permission denied). In order to run benchmarks with high priority, make sure you have the right permissions.
// BeforeAnythingElse

// Benchmark Process Environment Information:
// BenchmarkDotNet v0.15.8
// Runtime=.NET 10.0.12 (10.0.12, 10.0.1226.42308), X64 RyuJIT x86-64-v3
// GC=Concurrent Workstation
// HardwareIntrinsics=AVX2+BMI1+BMI2+F16C+FMA+LZCNT+MOVBE,AVX,SSE3+SSSE3+SSE4.1+SSE4.2+POPCNT,X86Base+SSE+SSE2,AES+PCLMUL VectorSize=256
// Job: ShortRun(IterationCount=3, LaunchCount=1, WarmupCount=3)

OverheadJitting  1: 1 op, 219531.00 ns, 219.5310 us/op
WorkloadJitting  1: 1 op, 25075670.00 ns, 25.0757 ms/op

OverheadJitting  2: 16 op, 418253.00 ns, 26.1408 us/op
WorkloadJitting  2: 16 op, 503492.00 ns, 31.4683 us/op

WorkloadPilot    1: 16 op, 52167.00 ns, 3.2604 us/op
WorkloadPilot    2: 32 op, 70963.00 ns, 2.2176 us/op
WorkloadPilot    3: 64 op, 121318.00 ns, 1.8956 us/op
WorkloadPilot    4: 128 op, 209301.00 ns, 1.6352 us/op
WorkloadPilot    5: 256 op, 382205.00 ns, 1.4930 us/op
WorkloadPilot    6: 512 op, 737040.00 ns, 1.4395 us/op
WorkloadPilot    7: 1024 op, 1478567.00 ns, 1.4439 us/op
WorkloadPilot    8: 2048 op, 2960100.00 ns, 1.4454 us/op
WorkloadPilot    9: 4096 op, 5718162.00 ns, 1.3960 us/op
WorkloadPilot   10: 8192 op, 11465949.00 ns, 1.3997 us/op
WorkloadPilot   11: 16384 op, 22850375.00 ns, 1.3947 us/op
WorkloadPilot   12: 32768 op, 45457726.00 ns, 1.3873 us/op
WorkloadPilot   13: 65536 op, 91088525.00 ns, 1.3899 us/op
WorkloadPilot   14: 131072 op, 181687403.00 ns, 1.3862 us/op
WorkloadPilot   15: 262144 op, 354220884.00 ns, 1.3512 us/op
WorkloadPilot   16: 524288 op, 698887567.00 ns, 1.3330 us/op

OverheadWarmup   1: 524288 op, 1730509.00 ns, 3.3007 ns/op
OverheadWarmup   2: 524288 op, 1795901.00 ns, 3.4254 ns/op
OverheadWarmup   3: 524288 op, 1735909.00 ns, 3.3110 ns/op
OverheadWarmup   4: 524288 op, 1743483.00 ns, 3.3254 ns/op
OverheadWarmup   5: 524288 op, 1749514.00 ns, 3.3369 ns/op
OverheadWarmup   6: 524288 op, 1744305.00 ns, 3.3270 ns/op

OverheadActual   1: 524288 op, 1727423.00 ns, 3.2948 ns/op
OverheadActual   2: 524288 op, 1767158.00 ns, 3.3706 ns/op
OverheadActual   3: 524288 op, 1737822.00 ns, 3.3146 ns/op
OverheadActual   4: 524288 op, 1739055.00 ns, 3.3170 ns/op
OverheadActual   5: 524288 op, 1764482.00 ns, 3.3655 ns/op
OverheadActual   6: 524288 op, 1740237.00 ns, 3.3192 ns/op
OverheadActual   7: 524288 op, 1735589.00 ns, 3.3104 ns/op
OverheadActual   8: 524288 op, 1744114.00 ns, 3.3266 ns/op
OverheadActual   9: 524288 op, 1746248.00 ns, 3.3307 ns/op
OverheadActual  10: 524288 op, 1740127.00 ns, 3.3190 ns/op
OverheadActual  11: 524288 op, 1744094.00 ns, 3.3266 ns/op
OverheadActual  12: 524288 op, 1744084.00 ns, 3.3266 ns/op
OverheadActual  13: 524288 op, 1735709.00 ns, 3.3106 ns/op
OverheadActual  14: 524288 op, 1753261.00 ns, 3.3441 ns/op
OverheadActual  15: 524288 op, 1746197.00 ns, 3.3306 ns/op

WorkloadWarmup   1: 524288 op, 704365390.00 ns, 1.3435 us/op
WorkloadWarmup   2: 524288 op, 705043839.00 ns, 1.3448 us/op
WorkloadWarmup   3: 524288 op, 702519434.00 ns, 1.3399 us/op

// BeforeActualRun
WorkloadActual   1: 524288 op, 699573742.00 ns, 1.3343 us/op
WorkloadActual   2: 524288 op, 724814210.00 ns, 1.3825 us/op
WorkloadActual   3: 524288 op, 717396918.00 ns, 1.3683 us/op

// AfterActualRun
WorkloadResult   1: 524288 op, 697829658.00 ns, 1.3310 us/op
WorkloadResult   2: 524288 op, 723070126.00 ns, 1.3791 us/op
WorkloadResult   3: 524288 op, 715652834.00 ns, 1.3650 us/op
// GC:  3 0 0 62914560 524288
// Threading:  0 0 524288

// AfterAll
// Benchmark Process 3050 has exited with code 0.

Mean = 1.358 μs, StdErr = 0.014 μs (1.05%), N = 3, StdDev = 0.025 μs
Min = 1.331 μs, Q1 = 1.348 μs, Median = 1.365 μs, Q3 = 1.372 μs, Max = 1.379 μs
IQR = 0.024 μs, LowerFence = 1.312 μs, UpperFence = 1.408 μs
ConfidenceInterval = [0.907 μs; 1.810 μs] (CI 99.9%), Margin = 0.451 μs (33.23% of Mean)
Skewness = -0.25, Kurtosis = 0.67, MValue = 2

// ** Remained 0 (0.0 %) benchmark(s) to run. Estimated finish 2026-09-24 7:59 (0h 0m from now) **
// ***** BenchmarkRunner: Finish  *****

// * Export *
  artifacts/performance/IdGeneration/results/Encina.IdGeneration.Benchmarks.ShardPrefixedIdBenchmarks-report.csv
  artifacts/performance/IdGeneration/results/Encina.IdGeneration.Benchmarks.ShardPrefixedIdBenchmarks-report-github.md
  artifacts/performance/IdGeneration/results/Encina.IdGeneration.Benchmarks.ShardPrefixedIdBenchmarks-report.html
  artifacts/performance/IdGeneration/results/Encina.IdGeneration.Benchmarks.ShardPrefixedIdBenchmarks-report-full-compressed.json

// * Detailed results *
ShardPrefixedIdBenchmarks.Generate_TimestampRandomFormat: Job-YFEFPZ(IterationCount=10, WarmupCount=3)
Runtime = .NET 10.0.12 (10.0.12, 10.0.1226.42308), X64 RyuJIT x86-64-v3; GC = Concurrent Workstation
Mean = 1.370 μs, StdErr = 0.001 μs (0.07%), N = 10, StdDev = 0.003 μs
Min = 1.367 μs, Q1 = 1.368 μs, Median = 1.369 μs, Q3 = 1.373 μs, Max = 1.375 μs
IQR = 0.005 μs, LowerFence = 1.361 μs, UpperFence = 1.380 μs
ConfidenceInterval = [1.366 μs; 1.375 μs] (CI 99.9%), Margin = 0.005 μs (0.34% of Mean)
Skewness = 0.57, Kurtosis = 1.47, MValue = 2
-------------------- Histogram --------------------
[1.365 μs ; 1.377 μs) | @@@@@@@@@@
---------------------------------------------------

ShardPrefixedIdBenchmarks.Generate_ToString: Job-YFEFPZ(IterationCount=10, WarmupCount=3)
Runtime = .NET 10.0.12 (10.0.12, 10.0.1226.42308), X64 RyuJIT x86-64-v3; GC = Concurrent Workstation
Mean = 1.338 μs, StdErr = 0.001 μs (0.04%), N = 8, StdDev = 0.001 μs
Min = 1.335 μs, Q1 = 1.338 μs, Median = 1.338 μs, Q3 = 1.338 μs, Max = 1.339 μs
IQR = 0.001 μs, LowerFence = 1.336 μs, UpperFence = 1.340 μs
ConfidenceInterval = [1.335 μs; 1.340 μs] (CI 99.9%), Margin = 0.003 μs (0.21% of Mean)
Skewness = -0.82, Kurtosis = 1.98, MValue = 2
-------------------- Histogram --------------------
[1.334 μs ; 1.340 μs) | @@@@@@@@
---------------------------------------------------

ShardPrefixedIdBenchmarks.Generate_UlidFormat: Job-YFEFPZ(IterationCount=10, WarmupCount=3)
Runtime = .NET 10.0.12 (10.0.12, 10.0.1226.42308), X64 RyuJIT x86-64-v3; GC = Concurrent Workstation
Mean = 1.257 μs, StdErr = 0.001 μs (0.07%), N = 9, StdDev = 0.003 μs
Min = 1.254 μs, Q1 = 1.255 μs, Median = 1.256 μs, Q3 = 1.259 μs, Max = 1.261 μs
IQR = 0.004 μs, LowerFence = 1.249 μs, UpperFence = 1.265 μs
ConfidenceInterval = [1.253 μs; 1.261 μs] (CI 99.9%), Margin = 0.004 μs (0.34% of Mean)
Skewness = 0.4, Kurtosis = 1.43, MValue = 2
-------------------- Histogram --------------------
[1.252 μs ; 1.263 μs) | @@@@@@@@@
---------------------------------------------------

ShardPrefixedIdBenchmarks.Generate_UuidV7Format: Job-YFEFPZ(IterationCount=10, WarmupCount=3)
Runtime = .NET 10.0.12 (10.0.12, 10.0.1226.42308), X64 RyuJIT x86-64-v3; GC = Concurrent Workstation
Mean = 1.198 μs, StdErr = 0.001 μs (0.07%), N = 10, StdDev = 0.003 μs
Min = 1.194 μs, Q1 = 1.196 μs, Median = 1.197 μs, Q3 = 1.200 μs, Max = 1.202 μs
IQR = 0.004 μs, LowerFence = 1.190 μs, UpperFence = 1.205 μs
ConfidenceInterval = [1.194 μs; 1.202 μs] (CI 99.9%), Margin = 0.004 μs (0.32% of Mean)
Skewness = 0.22, Kurtosis = 1.83, MValue = 2
-------------------- Histogram --------------------
[1.192 μs ; 1.204 μs) | @@@@@@@@@@
---------------------------------------------------

ShardPrefixedIdBenchmarks.ExtractShardId_Ulid: Job-YFEFPZ(IterationCount=10, WarmupCount=3)
Runtime = .NET 10.0.12 (10.0.12, 10.0.1226.42308), X64 RyuJIT x86-64-v3; GC = Concurrent Workstation
Mean = 1.263 μs, StdErr = 0.001 μs (0.12%), N = 10, StdDev = 0.005 μs
Min = 1.260 μs, Q1 = 1.260 μs, Median = 1.261 μs, Q3 = 1.267 μs, Max = 1.271 μs
IQR = 0.007 μs, LowerFence = 1.250 μs, UpperFence = 1.277 μs
ConfidenceInterval = [1.256 μs; 1.270 μs] (CI 99.9%), Margin = 0.007 μs (0.56% of Mean)
Skewness = 0.77, Kurtosis = 1.59, MValue = 2
-------------------- Histogram --------------------
[1.257 μs ; 1.274 μs) | @@@@@@@@@@
---------------------------------------------------

ShardPrefixedIdBenchmarks.Generate_TimestampRandomFormat: ShortRun(IterationCount=3, LaunchCount=1, WarmupCount=3)
Runtime = .NET 10.0.12 (10.0.12, 10.0.1226.42308), X64 RyuJIT x86-64-v3; GC = Concurrent Workstation
Mean = 1.382 μs, StdErr = 0.001 μs (0.11%), N = 3, StdDev = 0.003 μs
Min = 1.379 μs, Q1 = 1.382 μs, Median = 1.384 μs, Q3 = 1.384 μs, Max = 1.384 μs
IQR = 0.002 μs, LowerFence = 1.378 μs, UpperFence = 1.387 μs
ConfidenceInterval = [1.335 μs; 1.430 μs] (CI 99.9%), Margin = 0.047 μs (3.42% of Mean)
Skewness = -0.38, Kurtosis = 0.67, MValue = 2
-------------------- Histogram --------------------
[1.379 μs ; 1.384 μs) | @@@
---------------------------------------------------

ShardPrefixedIdBenchmarks.Generate_ToString: ShortRun(IterationCount=3, LaunchCount=1, WarmupCount=3)
Runtime = .NET 10.0.12 (10.0.12, 10.0.1226.42308), X64 RyuJIT x86-64-v3; GC = Concurrent Workstation
Mean = 1.339 μs, StdErr = 0.003 μs (0.25%), N = 3, StdDev = 0.006 μs
Min = 1.336 μs, Q1 = 1.336 μs, Median = 1.336 μs, Q3 = 1.341 μs, Max = 1.346 μs
IQR = 0.005 μs, LowerFence = 1.328 μs, UpperFence = 1.349 μs
ConfidenceInterval = [1.235 μs; 1.444 μs] (CI 99.9%), Margin = 0.104 μs (7.79% of Mean)
Skewness = 0.37, Kurtosis = 0.67, MValue = 2
-------------------- Histogram --------------------
[1.336 μs ; 1.346 μs) | @@@
---------------------------------------------------

ShardPrefixedIdBenchmarks.Generate_UlidFormat: ShortRun(IterationCount=3, LaunchCount=1, WarmupCount=3)
Runtime = .NET 10.0.12 (10.0.12, 10.0.1226.42308), X64 RyuJIT x86-64-v3; GC = Concurrent Workstation
Mean = 1.253 μs, StdErr = 0.002 μs (0.13%), N = 3, StdDev = 0.003 μs
Min = 1.250 μs, Q1 = 1.251 μs, Median = 1.252 μs, Q3 = 1.254 μs, Max = 1.256 μs
IQR = 0.003 μs, LowerFence = 1.247 μs, UpperFence = 1.258 μs
ConfidenceInterval = [1.201 μs; 1.305 μs] (CI 99.9%), Margin = 0.052 μs (4.16% of Mean)
Skewness = 0.11, Kurtosis = 0.67, MValue = 2
-------------------- Histogram --------------------
[1.247 μs ; 1.258 μs) | @@@
---------------------------------------------------

ShardPrefixedIdBenchmarks.Generate_UuidV7Format: ShortRun(IterationCount=3, LaunchCount=1, WarmupCount=3)
Runtime = .NET 10.0.12 (10.0.12, 10.0.1226.42308), X64 RyuJIT x86-64-v3; GC = Concurrent Workstation
Mean = 1.209 μs, StdErr = 0.006 μs (0.49%), N = 3, StdDev = 0.010 μs
Min = 1.202 μs, Q1 = 1.203 μs, Median = 1.204 μs, Q3 = 1.212 μs, Max = 1.220 μs
IQR = 0.009 μs, LowerFence = 1.189 μs, UpperFence = 1.226 μs
ConfidenceInterval = [1.021 μs; 1.396 μs] (CI 99.9%), Margin = 0.187 μs (15.50% of Mean)
Skewness = 0.37, Kurtosis = 0.67, MValue = 2
-------------------- Histogram --------------------
[1.202 μs ; 1.220 μs) | @@@
---------------------------------------------------

ShardPrefixedIdBenchmarks.ExtractShardId_Ulid: ShortRun(IterationCount=3, LaunchCount=1, WarmupCount=3)
Runtime = .NET 10.0.12 (10.0.12, 10.0.1226.42308), X64 RyuJIT x86-64-v3; GC = Concurrent Workstation
Mean = 1.358 μs, StdErr = 0.014 μs (1.05%), N = 3, StdDev = 0.025 μs
Min = 1.331 μs, Q1 = 1.348 μs, Median = 1.365 μs, Q3 = 1.372 μs, Max = 1.379 μs
IQR = 0.024 μs, LowerFence = 1.312 μs, UpperFence = 1.408 μs
ConfidenceInterval = [0.907 μs; 1.810 μs] (CI 99.9%), Margin = 0.451 μs (33.23% of Mean)
Skewness = -0.25, Kurtosis = 0.67, MValue = 2
-------------------- Histogram --------------------
[1.308 μs ; 1.350 μs) | @
[1.350 μs ; 1.402 μs) | @@
---------------------------------------------------

// * Summary *

BenchmarkDotNet v0.15.8, Linux Ubuntu 24.04.5 LTS (Noble Numbat)
AMD EPYC 7763 2.59GHz, 1 CPU, 4 logical and 2 physical cores
.NET SDK 10.0.401
  [Host]     : .NET 10.0.12 (10.0.12, 10.0.1226.42308), X64 RyuJIT x86-64-v3
  Job-YFEFPZ : .NET 10.0.12 (10.0.12, 10.0.1226.42308), X64 RyuJIT x86-64-v3
  ShortRun   : .NET 10.0.12 (10.0.12, 10.0.1226.42308), X64 RyuJIT x86-64-v3

WarmupCount=3  

| Method                         | Job        | IterationCount | LaunchCount | Mean     | Error     | StdDev    | Ratio | RatioSD | Gen0   | Allocated | Alloc Ratio |
|------------------------------- |----------- |--------------- |------------ |---------:|----------:|----------:|------:|--------:|-------:|----------:|------------:|
| Generate_TimestampRandomFormat | Job-YFEFPZ | 10             | Default     | 1.370 μs | 0.0046 μs | 0.0031 μs |  1.09 |    0.00 | 0.0076 |     151 B |        1.26 |
| Generate_ToString              | Job-YFEFPZ | 10             | Default     | 1.338 μs | 0.0028 μs | 0.0015 μs |  1.06 |    0.00 | 0.0114 |     216 B |        1.80 |
| Generate_UlidFormat            | Job-YFEFPZ | 10             | Default     | 1.257 μs | 0.0043 μs | 0.0026 μs |  1.00 |    0.00 | 0.0057 |     120 B |        1.00 |
| Generate_UuidV7Format          | Job-YFEFPZ | 10             | Default     | 1.198 μs | 0.0038 μs | 0.0025 μs |  0.95 |    0.00 | 0.0057 |      96 B |        0.80 |
| ExtractShardId_Ulid            | Job-YFEFPZ | 10             | Default     | 1.263 μs | 0.0070 μs | 0.0046 μs |  1.00 |    0.00 | 0.0057 |     120 B |        1.00 |
|                                |            |                |             |          |           |           |       |         |        |           |             |
| Generate_TimestampRandomFormat | ShortRun   | 3              | 1           | 1.382 μs | 0.0473 μs | 0.0026 μs |  1.10 |    0.00 | 0.0076 |     151 B |        1.26 |
| Generate_ToString              | ShortRun   | 3              | 1           | 1.339 μs | 0.1043 μs | 0.0057 μs |  1.07 |    0.00 | 0.0114 |     216 B |        1.80 |
| Generate_UlidFormat            | ShortRun   | 3              | 1           | 1.253 μs | 0.0521 μs | 0.0029 μs |  1.00 |    0.00 | 0.0057 |     120 B |        1.00 |
| Generate_UuidV7Format          | ShortRun   | 3              | 1           | 1.209 μs | 0.1874 μs | 0.0103 μs |  0.96 |    0.01 | 0.0057 |      96 B |        0.80 |
| ExtractShardId_Ulid            | ShortRun   | 3              | 1           | 1.358 μs | 0.4514 μs | 0.0247 μs |  1.08 |    0.02 | 0.0057 |     120 B |        1.00 |

// * Hints *
Outliers
  ShardPrefixedIdBenchmarks.Generate_ToString: IterationCount=10, WarmupCount=3   -> 2 outliers were removed, 4 outliers were detected (1.34 μs, 1.34 μs, 1.35 μs, 1.35 μs)
  ShardPrefixedIdBenchmarks.Generate_UlidFormat: IterationCount=10, WarmupCount=3 -> 1 outlier  was  removed (1.29 μs)
// * Config Issues *

// * Warnings *
Configuration
  Summary -> The exporter CsvExporter is already present in configuration. There may be unexpected results.
  Summary -> The exporter HtmlExporter is already present in configuration. There may be unexpected results.
  Summary -> The exporter MarkdownExporter-github is already present in configuration. There may be unexpected results.

// * Legends *
  Mean        : Arithmetic mean of all measurements
  Error       : Half of 99.9% confidence interval
  StdDev      : Standard deviation of all measurements
  Ratio       : Mean of the ratio distribution ([Current]/[Baseline])
  RatioSD     : Standard deviation of the ratio distribution ([Current]/[Baseline])
  Gen0        : GC Generation 0 collects per 1000 operations
  Allocated   : Allocated memory per single operation (managed only, inclusive, 1KB = 1024B)
  Alloc Ratio : Allocated memory ratio distribution ([Current]/[Baseline])
  1 μs        : 1 Microsecond (0.000001 sec)

// * Diagnostic Output - MemoryDiagnoser *


// ***** BenchmarkRunner: End *****
Run time: 00:01:28 (88.71 sec), executed benchmarks: 10

Global total time: 00:02:11 (131.79 sec), executed benchmarks: 10
// * Artifacts cleanup *
Artifacts cleanup is finished
