// Validating benchmarks:
// ***** BenchmarkRunner: Start   *****
// ***** Found 9 benchmark(s) in total *****
// ***** Building 1 exe(s) in Parallel: Start   *****
// start dotnet  restore --nodeReuse:false /p:UseSharedCompilation=false /p:Deterministic=true /p:Optimize=true /p:ArtifactsPath="/home/runner/work/Encina/Encina/tests/Encina.BenchmarkTests/Encina.Audit.Marten.Benchmarks/bin/Release/net10.0/Encina.Audit.Marten.Benchmarks-ShortRun-1/" /p:OutDir="/home/runner/work/Encina/Encina/tests/Encina.BenchmarkTests/Encina.Audit.Marten.Benchmarks/bin/Release/net10.0/Encina.Audit.Marten.Benchmarks-ShortRun-1/bin/Release/net10.0/" /p:OutputPath="/home/runner/work/Encina/Encina/tests/Encina.BenchmarkTests/Encina.Audit.Marten.Benchmarks/bin/Release/net10.0/Encina.Audit.Marten.Benchmarks-ShortRun-1/bin/Release/net10.0/" /p:PublishDir="/home/runner/work/Encina/Encina/tests/Encina.BenchmarkTests/Encina.Audit.Marten.Benchmarks/bin/Release/net10.0/Encina.Audit.Marten.Benchmarks-ShortRun-1/publish/" in /home/runner/work/Encina/Encina/tests/Encina.BenchmarkTests/Encina.Audit.Marten.Benchmarks/bin/Release/net10.0/Encina.Audit.Marten.Benchmarks-ShortRun-1
// command took 3.05 sec and exited with 0
// start dotnet  build -c Release --no-restore --nodeReuse:false /p:UseSharedCompilation=false /p:Deterministic=true /p:Optimize=true /p:ArtifactsPath="/home/runner/work/Encina/Encina/tests/Encina.BenchmarkTests/Encina.Audit.Marten.Benchmarks/bin/Release/net10.0/Encina.Audit.Marten.Benchmarks-ShortRun-1/" /p:OutDir="/home/runner/work/Encina/Encina/tests/Encina.BenchmarkTests/Encina.Audit.Marten.Benchmarks/bin/Release/net10.0/Encina.Audit.Marten.Benchmarks-ShortRun-1/bin/Release/net10.0/" /p:OutputPath="/home/runner/work/Encina/Encina/tests/Encina.BenchmarkTests/Encina.Audit.Marten.Benchmarks/bin/Release/net10.0/Encina.Audit.Marten.Benchmarks-ShortRun-1/bin/Release/net10.0/" /p:PublishDir="/home/runner/work/Encina/Encina/tests/Encina.BenchmarkTests/Encina.Audit.Marten.Benchmarks/bin/Release/net10.0/Encina.Audit.Marten.Benchmarks-ShortRun-1/publish/" --output "/home/runner/work/Encina/Encina/tests/Encina.BenchmarkTests/Encina.Audit.Marten.Benchmarks/bin/Release/net10.0/Encina.Audit.Marten.Benchmarks-ShortRun-1/bin/Release/net10.0/" in /home/runner/work/Encina/Encina/tests/Encina.BenchmarkTests/Encina.Audit.Marten.Benchmarks/bin/Release/net10.0/Encina.Audit.Marten.Benchmarks-ShortRun-1
// command took 105.35 sec and exited with 0
// ***** Done, took 00:01:48 (108.55 sec)   *****
// Found 9 benchmarks:
//   EncryptedFieldBenchmarks.Encrypt_Medium_256B: ShortRun(IterationCount=3, LaunchCount=1, WarmupCount=3)
//   EncryptedFieldBenchmarks.Encrypt_VeryLong_64KB: ShortRun(IterationCount=3, LaunchCount=1, WarmupCount=3)
//   EncryptedFieldBenchmarks.Decrypt_Medium_256B: ShortRun(IterationCount=3, LaunchCount=1, WarmupCount=3)
//   EncryptedFieldBenchmarks.Decrypt_Long_4KB: ShortRun(IterationCount=3, LaunchCount=1, WarmupCount=3)
//   EncryptedFieldBenchmarks.DecryptOrPlaceholder_NullKey: ShortRun(IterationCount=3, LaunchCount=1, WarmupCount=3)
//   EncryptedFieldBenchmarks.Decrypt_Short_16B: ShortRun(IterationCount=3, LaunchCount=1, WarmupCount=3)
//   EncryptedFieldBenchmarks.Decrypt_VeryLong_64KB: ShortRun(IterationCount=3, LaunchCount=1, WarmupCount=3)
//   EncryptedFieldBenchmarks.Encrypt_Long_4KB: ShortRun(IterationCount=3, LaunchCount=1, WarmupCount=3)
//   EncryptedFieldBenchmarks.Encrypt_Short_16B: ShortRun(IterationCount=3, LaunchCount=1, WarmupCount=3)

// **************************
// Benchmark: EncryptedFieldBenchmarks.Encrypt_Medium_256B: ShortRun(IterationCount=3, LaunchCount=1, WarmupCount=3)
// *** Execute ***
// Launch: 1 / 1
// Execute: dotnet Encina.Audit.Marten.Benchmarks-ShortRun-1.dll --anonymousPipes 144 146 --benchmarkName Encina.Audit.Marten.Benchmarks.EncryptedFieldBenchmarks.Encrypt_Medium_256B --job ShortRun --benchmarkId 0 in /home/runner/work/Encina/Encina/tests/Encina.BenchmarkTests/Encina.Audit.Marten.Benchmarks/bin/Release/net10.0/Encina.Audit.Marten.Benchmarks-ShortRun-1/bin/Release/net10.0
// Failed to set up high priority (Permission denied). In order to run benchmarks with high priority, make sure you have the right permissions.
// BeforeAnythingElse

// Benchmark Process Environment Information:
// BenchmarkDotNet v0.15.8
// Runtime=.NET 10.0.12 (10.0.12, 10.0.1226.42308), X64 RyuJIT x86-64-v3
// GC=Concurrent Workstation
// HardwareIntrinsics=AVX2+BMI1+BMI2+F16C+FMA+LZCNT+MOVBE,AVX,SSE3+SSSE3+SSE4.1+SSE4.2+POPCNT,X86Base+SSE+SSE2,AES+PCLMUL VectorSize=256
// Job: ShortRun(IterationCount=3, LaunchCount=1, WarmupCount=3)

OverheadJitting  1: 1 op, 248135.00 ns, 248.1350 us/op
WorkloadJitting  1: 1 op, 344635.00 ns, 344.6350 us/op

OverheadJitting  2: 16 op, 466894.00 ns, 29.1809 us/op
WorkloadJitting  2: 16 op, 681204.00 ns, 42.5753 us/op

WorkloadPilot    1: 16 op, 204012.00 ns, 12.7508 us/op
WorkloadPilot    2: 32 op, 397323.00 ns, 12.4163 us/op
WorkloadPilot    3: 64 op, 655236.00 ns, 10.2381 us/op
WorkloadPilot    4: 128 op, 1228749.00 ns, 9.5996 us/op
WorkloadPilot    5: 256 op, 2432842.00 ns, 9.5033 us/op
WorkloadPilot    6: 512 op, 4800753.00 ns, 9.3765 us/op
WorkloadPilot    7: 1024 op, 9496590.00 ns, 9.2740 us/op
WorkloadPilot    8: 2048 op, 18903762.00 ns, 9.2304 us/op
WorkloadPilot    9: 4096 op, 26168075.00 ns, 6.3887 us/op
WorkloadPilot   10: 8192 op, 51605052.00 ns, 6.2994 us/op
WorkloadPilot   11: 16384 op, 97531157.00 ns, 5.9528 us/op
WorkloadPilot   12: 32768 op, 193658459.00 ns, 5.9100 us/op
WorkloadPilot   13: 65536 op, 392237354.00 ns, 5.9851 us/op
WorkloadPilot   14: 131072 op, 779086074.00 ns, 5.9440 us/op

OverheadWarmup   1: 131072 op, 451705.00 ns, 3.4462 ns/op
OverheadWarmup   2: 131072 op, 432419.00 ns, 3.2991 ns/op
OverheadWarmup   3: 131072 op, 432308.00 ns, 3.2982 ns/op
OverheadWarmup   4: 131072 op, 432338.00 ns, 3.2985 ns/op
OverheadWarmup   5: 131072 op, 432449.00 ns, 3.2993 ns/op
OverheadWarmup   6: 131072 op, 432349.00 ns, 3.2986 ns/op
OverheadWarmup   7: 131072 op, 432470.00 ns, 3.2995 ns/op
OverheadWarmup   8: 131072 op, 432399.00 ns, 3.2989 ns/op

OverheadActual   1: 131072 op, 451124.00 ns, 3.4418 ns/op
OverheadActual   2: 131072 op, 451955.00 ns, 3.4481 ns/op
OverheadActual   3: 131072 op, 471712.00 ns, 3.5989 ns/op
OverheadActual   4: 131072 op, 432379.00 ns, 3.2988 ns/op
OverheadActual   5: 131072 op, 454480.00 ns, 3.4674 ns/op
OverheadActual   6: 131072 op, 434192.00 ns, 3.3126 ns/op
OverheadActual   7: 131072 op, 432369.00 ns, 3.2987 ns/op
OverheadActual   8: 131072 op, 433161.00 ns, 3.3048 ns/op
OverheadActual   9: 131072 op, 432319.00 ns, 3.2983 ns/op
OverheadActual  10: 131072 op, 433151.00 ns, 3.3047 ns/op
OverheadActual  11: 131072 op, 432439.00 ns, 3.2992 ns/op
OverheadActual  12: 131072 op, 432609.00 ns, 3.3005 ns/op
OverheadActual  13: 131072 op, 432329.00 ns, 3.2984 ns/op
OverheadActual  14: 131072 op, 432389.00 ns, 3.2989 ns/op
OverheadActual  15: 131072 op, 435986.00 ns, 3.3263 ns/op

WorkloadWarmup   1: 131072 op, 787427392.00 ns, 6.0076 us/op
WorkloadWarmup   2: 131072 op, 814583316.00 ns, 6.2148 us/op
WorkloadWarmup   3: 131072 op, 804242206.00 ns, 6.1359 us/op

// BeforeActualRun
WorkloadActual   1: 131072 op, 796276125.00 ns, 6.0751 us/op
WorkloadActual   2: 131072 op, 804807257.00 ns, 6.1402 us/op
WorkloadActual   3: 131072 op, 790076024.00 ns, 6.0278 us/op

// AfterActualRun
WorkloadResult   1: 131072 op, 795842974.00 ns, 6.0718 us/op
WorkloadResult   2: 131072 op, 804374106.00 ns, 6.1369 us/op
WorkloadResult   3: 131072 op, 789642873.00 ns, 6.0245 us/op
// GC:  59 1 0 991966336 131072
// Threading:  0 0 131072

// AfterAll
// Benchmark Process 3381 has exited with code 0.

Mean = 6.078 μs, StdErr = 0.033 μs (0.54%), N = 3, StdDev = 0.056 μs
Min = 6.024 μs, Q1 = 6.048 μs, Median = 6.072 μs, Q3 = 6.104 μs, Max = 6.137 μs
IQR = 0.056 μs, LowerFence = 5.964 μs, UpperFence = 6.189 μs
ConfidenceInterval = [5.048 μs; 7.107 μs] (CI 99.9%), Margin = 1.029 μs (16.94% of Mean)
Skewness = 0.1, Kurtosis = 0.67, MValue = 2

// ** Remained 8 (88.9 %) benchmark(s) to run. Estimated finish 2026-10-10 14:30 (0h 1m from now) **
// **************************
// Benchmark: EncryptedFieldBenchmarks.Encrypt_VeryLong_64KB: ShortRun(IterationCount=3, LaunchCount=1, WarmupCount=3)
// *** Execute ***
// Launch: 1 / 1
// Execute: dotnet Encina.Audit.Marten.Benchmarks-ShortRun-1.dll --anonymousPipes 144 146 --benchmarkName Encina.Audit.Marten.Benchmarks.EncryptedFieldBenchmarks.Encrypt_VeryLong_64KB --job ShortRun --benchmarkId 1 in /home/runner/work/Encina/Encina/tests/Encina.BenchmarkTests/Encina.Audit.Marten.Benchmarks/bin/Release/net10.0/Encina.Audit.Marten.Benchmarks-ShortRun-1/bin/Release/net10.0
// Failed to set up high priority (Permission denied). In order to run benchmarks with high priority, make sure you have the right permissions.
// BeforeAnythingElse

// Benchmark Process Environment Information:
// BenchmarkDotNet v0.15.8
// Runtime=.NET 10.0.12 (10.0.12, 10.0.1226.42308), X64 RyuJIT x86-64-v3
// GC=Concurrent Workstation
// HardwareIntrinsics=AVX2+BMI1+BMI2+F16C+FMA+LZCNT+MOVBE,AVX,SSE3+SSSE3+SSE4.1+SSE4.2+POPCNT,X86Base+SSE+SSE2,AES+PCLMUL VectorSize=256
// Job: ShortRun(IterationCount=3, LaunchCount=1, WarmupCount=3)

OverheadJitting  1: 1 op, 262832.00 ns, 262.8320 us/op
WorkloadJitting  1: 1 op, 546072.00 ns, 546.0720 us/op

OverheadJitting  2: 16 op, 459930.00 ns, 28.7456 us/op
WorkloadJitting  2: 16 op, 4022486.00 ns, 251.4054 us/op

WorkloadPilot    1: 16 op, 3471616.00 ns, 216.9760 us/op
WorkloadPilot    2: 32 op, 5554483.00 ns, 173.5776 us/op
WorkloadPilot    3: 64 op, 10576770.00 ns, 165.2620 us/op
WorkloadPilot    4: 128 op, 20169218.00 ns, 157.5720 us/op
WorkloadPilot    5: 256 op, 38191239.00 ns, 149.1845 us/op
WorkloadPilot    6: 512 op, 75406132.00 ns, 147.2776 us/op
WorkloadPilot    7: 1024 op, 150533161.00 ns, 147.0050 us/op
WorkloadPilot    8: 2048 op, 293863395.00 ns, 143.4880 us/op
WorkloadPilot    9: 4096 op, 598158118.00 ns, 146.0347 us/op

OverheadWarmup   1: 4096 op, 14247.00 ns, 3.4783 ns/op
OverheadWarmup   2: 4096 op, 14096.00 ns, 3.4414 ns/op
OverheadWarmup   3: 4096 op, 14137.00 ns, 3.4514 ns/op
OverheadWarmup   4: 4096 op, 14147.00 ns, 3.4539 ns/op
OverheadWarmup   5: 4096 op, 14126.00 ns, 3.4487 ns/op
OverheadWarmup   6: 4096 op, 13966.00 ns, 3.4097 ns/op
OverheadWarmup   7: 4096 op, 13936.00 ns, 3.4023 ns/op
OverheadWarmup   8: 4096 op, 13986.00 ns, 3.4146 ns/op
OverheadWarmup   9: 4096 op, 13946.00 ns, 3.4048 ns/op

OverheadActual   1: 4096 op, 14056.00 ns, 3.4316 ns/op
OverheadActual   2: 4096 op, 13997.00 ns, 3.4172 ns/op
OverheadActual   3: 4096 op, 14026.00 ns, 3.4243 ns/op
OverheadActual   4: 4096 op, 14036.00 ns, 3.4268 ns/op
OverheadActual   5: 4096 op, 14027.00 ns, 3.4246 ns/op
OverheadActual   6: 4096 op, 14026.00 ns, 3.4243 ns/op
OverheadActual   7: 4096 op, 14006.00 ns, 3.4194 ns/op
OverheadActual   8: 4096 op, 13986.00 ns, 3.4146 ns/op
OverheadActual   9: 4096 op, 13976.00 ns, 3.4121 ns/op
OverheadActual  10: 4096 op, 13966.00 ns, 3.4097 ns/op
OverheadActual  11: 4096 op, 14006.00 ns, 3.4194 ns/op
OverheadActual  12: 4096 op, 13996.00 ns, 3.4170 ns/op
OverheadActual  13: 4096 op, 14026.00 ns, 3.4243 ns/op
OverheadActual  14: 4096 op, 14047.00 ns, 3.4294 ns/op
OverheadActual  15: 4096 op, 13996.00 ns, 3.4170 ns/op

WorkloadWarmup   1: 4096 op, 604037619.00 ns, 147.4701 us/op
WorkloadWarmup   2: 4096 op, 594344190.00 ns, 145.1036 us/op
WorkloadWarmup   3: 4096 op, 600776118.00 ns, 146.6739 us/op

// BeforeActualRun
WorkloadActual   1: 4096 op, 602553703.00 ns, 147.1078 us/op
WorkloadActual   2: 4096 op, 599374914.00 ns, 146.3318 us/op
WorkloadActual   3: 4096 op, 609306697.00 ns, 148.7565 us/op

// AfterActualRun
WorkloadResult   1: 4096 op, 602539697.00 ns, 147.1044 us/op
WorkloadResult   2: 4096 op, 599360908.00 ns, 146.3283 us/op
WorkloadResult   3: 4096 op, 609292691.00 ns, 148.7531 us/op
// GC:  564 564 564 2333364896 4096
// Threading:  0 0 4096

// AfterAll
// Benchmark Process 3409 has exited with code 0.

Mean = 147.395 μs, StdErr = 0.715 μs (0.49%), N = 3, StdDev = 1.238 μs
Min = 146.328 μs, Q1 = 146.716 μs, Median = 147.104 μs, Q3 = 147.929 μs, Max = 148.753 μs
IQR = 1.212 μs, LowerFence = 144.898 μs, UpperFence = 149.747 μs
ConfidenceInterval = [124.805 μs; 169.986 μs] (CI 99.9%), Margin = 22.591 μs (15.33% of Mean)
Skewness = 0.22, Kurtosis = 0.67, MValue = 2

// ** Remained 7 (77.8 %) benchmark(s) to run. Estimated finish 2026-10-10 14:30 (0h 0m from now) **
// **************************
// Benchmark: EncryptedFieldBenchmarks.Decrypt_Medium_256B: ShortRun(IterationCount=3, LaunchCount=1, WarmupCount=3)
// *** Execute ***
// Launch: 1 / 1
// Execute: dotnet Encina.Audit.Marten.Benchmarks-ShortRun-1.dll --anonymousPipes 144 146 --benchmarkName Encina.Audit.Marten.Benchmarks.EncryptedFieldBenchmarks.Decrypt_Medium_256B --job ShortRun --benchmarkId 2 in /home/runner/work/Encina/Encina/tests/Encina.BenchmarkTests/Encina.Audit.Marten.Benchmarks/bin/Release/net10.0/Encina.Audit.Marten.Benchmarks-ShortRun-1/bin/Release/net10.0
// Failed to set up high priority (Permission denied). In order to run benchmarks with high priority, make sure you have the right permissions.
// BeforeAnythingElse

// Benchmark Process Environment Information:
// BenchmarkDotNet v0.15.8
// Runtime=.NET 10.0.12 (10.0.12, 10.0.1226.42308), X64 RyuJIT x86-64-v3
// GC=Concurrent Workstation
// HardwareIntrinsics=AVX2+BMI1+BMI2+F16C+FMA+LZCNT+MOVBE,AVX,SSE3+SSSE3+SSE4.1+SSE4.2+POPCNT,X86Base+SSE+SSE2,AES+PCLMUL VectorSize=256
// Job: ShortRun(IterationCount=3, LaunchCount=1, WarmupCount=3)

OverheadJitting  1: 1 op, 228548.00 ns, 228.5480 us/op
WorkloadJitting  1: 1 op, 7924728.00 ns, 7.9247 ms/op

OverheadJitting  2: 16 op, 677247.00 ns, 42.3279 us/op
WorkloadJitting  2: 16 op, 739805.00 ns, 46.2378 us/op

WorkloadPilot    1: 16 op, 166241.00 ns, 10.3901 us/op
WorkloadPilot    2: 32 op, 223218.00 ns, 6.9756 us/op
WorkloadPilot    3: 64 op, 425787.00 ns, 6.6529 us/op
WorkloadPilot    4: 128 op, 770212.00 ns, 6.0173 us/op
WorkloadPilot    5: 256 op, 1380072.00 ns, 5.3909 us/op
WorkloadPilot    6: 512 op, 2758241.00 ns, 5.3872 us/op
WorkloadPilot    7: 1024 op, 5607472.00 ns, 5.4760 us/op
WorkloadPilot    8: 2048 op, 10917017.00 ns, 5.3306 us/op
WorkloadPilot    9: 4096 op, 21799559.00 ns, 5.3222 us/op
WorkloadPilot   10: 8192 op, 43759798.00 ns, 5.3418 us/op
WorkloadPilot   11: 16384 op, 83977048.00 ns, 5.1256 us/op
WorkloadPilot   12: 32768 op, 158985976.00 ns, 4.8519 us/op
WorkloadPilot   13: 65536 op, 316054083.00 ns, 4.8226 us/op
WorkloadPilot   14: 131072 op, 635350449.00 ns, 4.8473 us/op

OverheadWarmup   1: 131072 op, 449421.00 ns, 3.4288 ns/op
OverheadWarmup   2: 131072 op, 460852.00 ns, 3.5160 ns/op
OverheadWarmup   3: 131072 op, 446706.00 ns, 3.4081 ns/op
OverheadWarmup   4: 131072 op, 445253.00 ns, 3.3970 ns/op
OverheadWarmup   5: 131072 op, 446716.00 ns, 3.4082 ns/op
OverheadWarmup   6: 131072 op, 429865.00 ns, 3.2796 ns/op

OverheadActual   1: 131072 op, 429884.00 ns, 3.2798 ns/op
OverheadActual   2: 131072 op, 430646.00 ns, 3.2856 ns/op
OverheadActual   3: 131072 op, 429864.00 ns, 3.2796 ns/op
OverheadActual   4: 131072 op, 446536.00 ns, 3.4068 ns/op
OverheadActual   5: 131072 op, 447257.00 ns, 3.4123 ns/op
OverheadActual   6: 131072 op, 447337.00 ns, 3.4129 ns/op
OverheadActual   7: 131072 op, 449471.00 ns, 3.4292 ns/op
OverheadActual   8: 131072 op, 445573.00 ns, 3.3995 ns/op
OverheadActual   9: 131072 op, 446255.00 ns, 3.4047 ns/op
OverheadActual  10: 131072 op, 429854.00 ns, 3.2795 ns/op
OverheadActual  11: 131072 op, 429834.00 ns, 3.2794 ns/op
OverheadActual  12: 131072 op, 429795.00 ns, 3.2791 ns/op
OverheadActual  13: 131072 op, 429854.00 ns, 3.2795 ns/op
OverheadActual  14: 131072 op, 429854.00 ns, 3.2795 ns/op
OverheadActual  15: 131072 op, 429914.00 ns, 3.2800 ns/op

WorkloadWarmup   1: 131072 op, 630903161.00 ns, 4.8134 us/op
WorkloadWarmup   2: 131072 op, 634645403.00 ns, 4.8420 us/op
WorkloadWarmup   3: 131072 op, 626867359.00 ns, 4.7826 us/op

// BeforeActualRun
WorkloadActual   1: 131072 op, 625085986.00 ns, 4.7690 us/op
WorkloadActual   2: 131072 op, 625965582.00 ns, 4.7757 us/op
WorkloadActual   3: 131072 op, 625842111.00 ns, 4.7748 us/op

// AfterActualRun
WorkloadResult   1: 131072 op, 624656072.00 ns, 4.7657 us/op
WorkloadResult   2: 131072 op, 625535668.00 ns, 4.7725 us/op
WorkloadResult   3: 131072 op, 625412197.00 ns, 4.7715 us/op
// GC:  10 0 0 171968928 131072
// Threading:  0 0 131072

// AfterAll
// Benchmark Process 3422 has exited with code 0.

Mean = 4.770 μs, StdErr = 0.002 μs (0.04%), N = 3, StdDev = 0.004 μs
Min = 4.766 μs, Q1 = 4.769 μs, Median = 4.772 μs, Q3 = 4.772 μs, Max = 4.772 μs
IQR = 0.003 μs, LowerFence = 4.764 μs, UpperFence = 4.777 μs
ConfidenceInterval = [4.704 μs; 4.836 μs] (CI 99.9%), Margin = 0.066 μs (1.39% of Mean)
Skewness = -0.36, Kurtosis = 0.67, MValue = 2

// ** Remained 6 (66.7 %) benchmark(s) to run. Estimated finish 2026-10-10 14:30 (0h 0m from now) **
// **************************
// Benchmark: EncryptedFieldBenchmarks.Decrypt_Long_4KB: ShortRun(IterationCount=3, LaunchCount=1, WarmupCount=3)
// *** Execute ***
// Launch: 1 / 1
// Execute: dotnet Encina.Audit.Marten.Benchmarks-ShortRun-1.dll --anonymousPipes 144 146 --benchmarkName Encina.Audit.Marten.Benchmarks.EncryptedFieldBenchmarks.Decrypt_Long_4KB --job ShortRun --benchmarkId 3 in /home/runner/work/Encina/Encina/tests/Encina.BenchmarkTests/Encina.Audit.Marten.Benchmarks/bin/Release/net10.0/Encina.Audit.Marten.Benchmarks-ShortRun-1/bin/Release/net10.0
// Failed to set up high priority (Permission denied). In order to run benchmarks with high priority, make sure you have the right permissions.
// BeforeAnythingElse

// Benchmark Process Environment Information:
// BenchmarkDotNet v0.15.8
// Runtime=.NET 10.0.12 (10.0.12, 10.0.1226.42308), X64 RyuJIT x86-64-v3
// GC=Concurrent Workstation
// HardwareIntrinsics=AVX2+BMI1+BMI2+F16C+FMA+LZCNT+MOVBE,AVX,SSE3+SSSE3+SSE4.1+SSE4.2+POPCNT,X86Base+SSE+SSE2,AES+PCLMUL VectorSize=256
// Job: ShortRun(IterationCount=3, LaunchCount=1, WarmupCount=3)

OverheadJitting  1: 1 op, 221545.00 ns, 221.5450 us/op
WorkloadJitting  1: 1 op, 8147344.00 ns, 8.1473 ms/op

OverheadJitting  2: 16 op, 432109.00 ns, 27.0068 us/op
WorkloadJitting  2: 16 op, 853938.00 ns, 53.3711 us/op

WorkloadPilot    1: 16 op, 272380.00 ns, 17.0238 us/op
WorkloadPilot    2: 32 op, 504885.00 ns, 15.7777 us/op
WorkloadPilot    3: 64 op, 1145704.00 ns, 17.9016 us/op
WorkloadPilot    4: 128 op, 2087346.00 ns, 16.3074 us/op
WorkloadPilot    5: 256 op, 4364617.00 ns, 17.0493 us/op
WorkloadPilot    6: 512 op, 8285182.00 ns, 16.1820 us/op
WorkloadPilot    7: 1024 op, 16481077.00 ns, 16.0948 us/op
WorkloadPilot    8: 2048 op, 18718925.00 ns, 9.1401 us/op
WorkloadPilot    9: 4096 op, 36403464.00 ns, 8.8876 us/op
WorkloadPilot   10: 8192 op, 72787982.00 ns, 8.8853 us/op
WorkloadPilot   11: 16384 op, 142255201.00 ns, 8.6826 us/op
WorkloadPilot   12: 32768 op, 280774532.00 ns, 8.5686 us/op
WorkloadPilot   13: 65536 op, 551701607.00 ns, 8.4183 us/op

OverheadWarmup   1: 65536 op, 216886.00 ns, 3.3094 ns/op
OverheadWarmup   2: 65536 op, 219781.00 ns, 3.3536 ns/op
OverheadWarmup   3: 65536 op, 216495.00 ns, 3.3035 ns/op
OverheadWarmup   4: 65536 op, 216445.00 ns, 3.3027 ns/op
OverheadWarmup   5: 65536 op, 233847.00 ns, 3.5682 ns/op
OverheadWarmup   6: 65536 op, 216485.00 ns, 3.3033 ns/op

OverheadActual   1: 65536 op, 216455.00 ns, 3.3028 ns/op
OverheadActual   2: 65536 op, 217266.00 ns, 3.3152 ns/op
OverheadActual   3: 65536 op, 216525.00 ns, 3.3039 ns/op
OverheadActual   4: 65536 op, 216515.00 ns, 3.3038 ns/op
OverheadActual   5: 65536 op, 235300.00 ns, 3.5904 ns/op
OverheadActual   6: 65536 op, 216455.00 ns, 3.3028 ns/op
OverheadActual   7: 65536 op, 216586.00 ns, 3.3048 ns/op
OverheadActual   8: 65536 op, 216445.00 ns, 3.3027 ns/op
OverheadActual   9: 65536 op, 216585.00 ns, 3.3048 ns/op
OverheadActual  10: 65536 op, 232635.00 ns, 3.5497 ns/op
OverheadActual  11: 65536 op, 217216.00 ns, 3.3145 ns/op
OverheadActual  12: 65536 op, 217307.00 ns, 3.3158 ns/op
OverheadActual  13: 65536 op, 216435.00 ns, 3.3025 ns/op
OverheadActual  14: 65536 op, 216445.00 ns, 3.3027 ns/op
OverheadActual  15: 65536 op, 233667.00 ns, 3.5655 ns/op

WorkloadWarmup   1: 65536 op, 564521023.00 ns, 8.6139 us/op
WorkloadWarmup   2: 65536 op, 568004007.00 ns, 8.6671 us/op
WorkloadWarmup   3: 65536 op, 562635123.00 ns, 8.5851 us/op

// BeforeActualRun
WorkloadActual   1: 65536 op, 561729358.00 ns, 8.5713 us/op
WorkloadActual   2: 65536 op, 564439769.00 ns, 8.6127 us/op
WorkloadActual   3: 65536 op, 567884424.00 ns, 8.6652 us/op

// AfterActualRun
WorkloadResult   1: 65536 op, 561512773.00 ns, 8.5680 us/op
WorkloadResult   2: 65536 op, 564223184.00 ns, 8.6094 us/op
WorkloadResult   3: 65536 op, 567667839.00 ns, 8.6619 us/op
// GC:  65 0 0 1092630976 65536
// Threading:  0 0 65536

// AfterAll
// Benchmark Process 3430 has exited with code 0.

Mean = 8.613 μs, StdErr = 0.027 μs (0.32%), N = 3, StdDev = 0.047 μs
Min = 8.568 μs, Q1 = 8.589 μs, Median = 8.609 μs, Q3 = 8.636 μs, Max = 8.662 μs
IQR = 0.047 μs, LowerFence = 8.518 μs, UpperFence = 8.706 μs
ConfidenceInterval = [7.754 μs; 9.472 μs] (CI 99.9%), Margin = 0.859 μs (9.97% of Mean)
Skewness = 0.08, Kurtosis = 0.67, MValue = 2

// ** Remained 5 (55.6 %) benchmark(s) to run. Estimated finish 2026-10-10 14:30 (0h 0m from now) **
// **************************
// Benchmark: EncryptedFieldBenchmarks.DecryptOrPlaceholder_NullKey: ShortRun(IterationCount=3, LaunchCount=1, WarmupCount=3)
// *** Execute ***
// Launch: 1 / 1
// Execute: dotnet Encina.Audit.Marten.Benchmarks-ShortRun-1.dll --anonymousPipes 144 146 --benchmarkName Encina.Audit.Marten.Benchmarks.EncryptedFieldBenchmarks.DecryptOrPlaceholder_NullKey --job ShortRun --benchmarkId 4 in /home/runner/work/Encina/Encina/tests/Encina.BenchmarkTests/Encina.Audit.Marten.Benchmarks/bin/Release/net10.0/Encina.Audit.Marten.Benchmarks-ShortRun-1/bin/Release/net10.0
// Failed to set up high priority (Permission denied). In order to run benchmarks with high priority, make sure you have the right permissions.
// BeforeAnythingElse

// Benchmark Process Environment Information:
// BenchmarkDotNet v0.15.8
// Runtime=.NET 10.0.12 (10.0.12, 10.0.1226.42308), X64 RyuJIT x86-64-v3
// GC=Concurrent Workstation
// HardwareIntrinsics=AVX2+BMI1+BMI2+F16C+FMA+LZCNT+MOVBE,AVX,SSE3+SSSE3+SSE4.1+SSE4.2+POPCNT,X86Base+SSE+SSE2,AES+PCLMUL VectorSize=256
// Job: ShortRun(IterationCount=3, LaunchCount=1, WarmupCount=3)

OverheadJitting  1: 1 op, 230822.00 ns, 230.8220 us/op
WorkloadJitting  1: 1 op, 375784.00 ns, 375.7840 us/op

OverheadJitting  2: 16 op, 424805.00 ns, 26.5503 us/op
WorkloadJitting  2: 16 op, 415377.00 ns, 25.9611 us/op

WorkloadPilot    1: 16 op, 621.00 ns, 38.8125 ns/op
WorkloadPilot    2: 32 op, 681.00 ns, 21.2813 ns/op
WorkloadPilot    3: 64 op, 881.00 ns, 13.7656 ns/op
WorkloadPilot    4: 128 op, 1152.00 ns, 9.0000 ns/op
WorkloadPilot    5: 256 op, 1723.00 ns, 6.7305 ns/op
WorkloadPilot    6: 512 op, 2885.00 ns, 5.6348 ns/op
WorkloadPilot    7: 1024 op, 5250.00 ns, 5.1270 ns/op
WorkloadPilot    8: 2048 op, 9838.00 ns, 4.8037 ns/op
WorkloadPilot    9: 4096 op, 19246.00 ns, 4.6987 ns/op
WorkloadPilot   10: 8192 op, 37560.00 ns, 4.5850 ns/op
WorkloadPilot   11: 16384 op, 74670.00 ns, 4.5575 ns/op
WorkloadPilot   12: 32768 op, 149269.00 ns, 4.5553 ns/op
WorkloadPilot   13: 65536 op, 296995.00 ns, 4.5318 ns/op
WorkloadPilot   14: 131072 op, 591697.00 ns, 4.5143 ns/op
WorkloadPilot   15: 262144 op, 1200266.00 ns, 4.5787 ns/op
WorkloadPilot   16: 524288 op, 2397085.00 ns, 4.5721 ns/op
WorkloadPilot   17: 1048576 op, 4787729.00 ns, 4.5659 ns/op
WorkloadPilot   18: 2097152 op, 9564686.00 ns, 4.5608 ns/op
WorkloadPilot   19: 4194304 op, 19108223.00 ns, 4.5558 ns/op
WorkloadPilot   20: 8388608 op, 38158207.00 ns, 4.5488 ns/op
WorkloadPilot   21: 16777216 op, 76587121.00 ns, 4.5649 ns/op
WorkloadPilot   22: 33554432 op, 152920716.00 ns, 4.5574 ns/op
WorkloadPilot   23: 67108864 op, 305664902.00 ns, 4.5548 ns/op
WorkloadPilot   24: 134217728 op, 611781599.00 ns, 4.5581 ns/op

OverheadWarmup   1: 134217728 op, 446453798.00 ns, 3.3263 ns/op
OverheadWarmup   2: 134217728 op, 446864437.00 ns, 3.3294 ns/op
OverheadWarmup   3: 134217728 op, 446514281.00 ns, 3.3268 ns/op
OverheadWarmup   4: 134217728 op, 447060293.00 ns, 3.3309 ns/op
OverheadWarmup   5: 134217728 op, 446523950.00 ns, 3.3269 ns/op

OverheadActual   1: 134217728 op, 446922715.00 ns, 3.3298 ns/op
OverheadActual   2: 134217728 op, 446340932.00 ns, 3.3255 ns/op
OverheadActual   3: 134217728 op, 447074461.00 ns, 3.3310 ns/op
OverheadActual   4: 134217728 op, 446242303.00 ns, 3.3248 ns/op
OverheadActual   5: 134217728 op, 446401412.00 ns, 3.3259 ns/op
OverheadActual   6: 134217728 op, 447003748.00 ns, 3.3304 ns/op
OverheadActual   7: 134217728 op, 446452327.00 ns, 3.3263 ns/op
OverheadActual   8: 134217728 op, 446930471.00 ns, 3.3299 ns/op
OverheadActual   9: 134217728 op, 446452397.00 ns, 3.3263 ns/op
OverheadActual  10: 134217728 op, 447059804.00 ns, 3.3309 ns/op
OverheadActual  11: 134217728 op, 446504054.00 ns, 3.3267 ns/op
OverheadActual  12: 134217728 op, 446938847.00 ns, 3.3300 ns/op
OverheadActual  13: 134217728 op, 446457857.00 ns, 3.3264 ns/op
OverheadActual  14: 134217728 op, 446459981.00 ns, 3.3264 ns/op
OverheadActual  15: 134217728 op, 446956229.00 ns, 3.3301 ns/op

WorkloadWarmup   1: 134217728 op, 611446420.00 ns, 4.5556 ns/op
WorkloadWarmup   2: 134217728 op, 611728628.00 ns, 4.5577 ns/op
WorkloadWarmup   3: 134217728 op, 611826912.00 ns, 4.5585 ns/op

// BeforeActualRun
WorkloadActual   1: 134217728 op, 610837900.00 ns, 4.5511 ns/op
WorkloadActual   2: 134217728 op, 611134334.00 ns, 4.5533 ns/op
WorkloadActual   3: 134217728 op, 611030860.00 ns, 4.5525 ns/op

// AfterActualRun
WorkloadResult   1: 134217728 op, 164333846.00 ns, 1.2244 ns/op
WorkloadResult   2: 134217728 op, 164630280.00 ns, 1.2266 ns/op
WorkloadResult   3: 134217728 op, 164526806.00 ns, 1.2258 ns/op
// GC:  0 0 0 0 134217728
// Threading:  0 0 134217728

// AfterAll
// Benchmark Process 3437 has exited with code 0.

Mean = 1.226 ns, StdErr = 0.001 ns (0.05%), N = 3, StdDev = 0.001 ns
Min = 1.224 ns, Q1 = 1.225 ns, Median = 1.226 ns, Q3 = 1.226 ns, Max = 1.227 ns
IQR = 0.001 ns, LowerFence = 1.223 ns, UpperFence = 1.228 ns
ConfidenceInterval = [1.205 ns; 1.246 ns] (CI 99.9%), Margin = 0.020 ns (1.67% of Mean)
Skewness = -0.19, Kurtosis = 0.67, MValue = 2

// ** Remained 4 (44.4 %) benchmark(s) to run. Estimated finish 2026-10-10 14:30 (0h 0m from now) **
// **************************
// Benchmark: EncryptedFieldBenchmarks.Decrypt_Short_16B: ShortRun(IterationCount=3, LaunchCount=1, WarmupCount=3)
// *** Execute ***
// Launch: 1 / 1
// Execute: dotnet Encina.Audit.Marten.Benchmarks-ShortRun-1.dll --anonymousPipes 144 146 --benchmarkName Encina.Audit.Marten.Benchmarks.EncryptedFieldBenchmarks.Decrypt_Short_16B --job ShortRun --benchmarkId 5 in /home/runner/work/Encina/Encina/tests/Encina.BenchmarkTests/Encina.Audit.Marten.Benchmarks/bin/Release/net10.0/Encina.Audit.Marten.Benchmarks-ShortRun-1/bin/Release/net10.0
// Failed to set up high priority (Permission denied). In order to run benchmarks with high priority, make sure you have the right permissions.
// BeforeAnythingElse

// Benchmark Process Environment Information:
// BenchmarkDotNet v0.15.8
// Runtime=.NET 10.0.12 (10.0.12, 10.0.1226.42308), X64 RyuJIT x86-64-v3
// GC=Concurrent Workstation
// HardwareIntrinsics=AVX2+BMI1+BMI2+F16C+FMA+LZCNT+MOVBE,AVX,SSE3+SSSE3+SSE4.1+SSE4.2+POPCNT,X86Base+SSE+SSE2,AES+PCLMUL VectorSize=256
// Job: ShortRun(IterationCount=3, LaunchCount=1, WarmupCount=3)

OverheadJitting  1: 1 op, 223627.00 ns, 223.6270 us/op
WorkloadJitting  1: 1 op, 7645411.00 ns, 7.6454 ms/op

OverheadJitting  2: 16 op, 426578.00 ns, 26.6611 us/op
WorkloadJitting  2: 16 op, 588129.00 ns, 36.7581 us/op

WorkloadPilot    1: 16 op, 110175.00 ns, 6.8859 us/op
WorkloadPilot    2: 32 op, 180197.00 ns, 5.6312 us/op
WorkloadPilot    3: 64 op, 330618.00 ns, 5.1659 us/op
WorkloadPilot    4: 128 op, 598448.00 ns, 4.6754 us/op
WorkloadPilot    5: 256 op, 1178162.00 ns, 4.6022 us/op
WorkloadPilot    6: 512 op, 2327060.00 ns, 4.5450 us/op
WorkloadPilot    7: 1024 op, 4534896.00 ns, 4.4286 us/op
WorkloadPilot    8: 2048 op, 9676577.00 ns, 4.7249 us/op
WorkloadPilot    9: 4096 op, 18022837.00 ns, 4.4001 us/op
WorkloadPilot   10: 8192 op, 36091300.00 ns, 4.4057 us/op
WorkloadPilot   11: 16384 op, 71767473.00 ns, 4.3803 us/op
WorkloadPilot   12: 32768 op, 143710094.00 ns, 4.3857 us/op
WorkloadPilot   13: 65536 op, 280878000.00 ns, 4.2859 us/op
WorkloadPilot   14: 131072 op, 561191196.00 ns, 4.2815 us/op

OverheadWarmup   1: 131072 op, 455712.00 ns, 3.4768 ns/op
OverheadWarmup   2: 131072 op, 464107.00 ns, 3.5409 ns/op
OverheadWarmup   3: 131072 op, 463536.00 ns, 3.5365 ns/op
OverheadWarmup   4: 131072 op, 450812.00 ns, 3.4394 ns/op
OverheadWarmup   5: 131072 op, 452706.00 ns, 3.4539 ns/op
OverheadWarmup   6: 131072 op, 449170.00 ns, 3.4269 ns/op

OverheadActual   1: 131072 op, 450101.00 ns, 3.4340 ns/op
OverheadActual   2: 131072 op, 464598.00 ns, 3.5446 ns/op
OverheadActual   3: 131072 op, 464900.00 ns, 3.5469 ns/op
OverheadActual   4: 131072 op, 449250.00 ns, 3.4275 ns/op
OverheadActual   5: 131072 op, 449851.00 ns, 3.4321 ns/op
OverheadActual   6: 131072 op, 448819.00 ns, 3.4242 ns/op
OverheadActual   7: 131072 op, 450893.00 ns, 3.4400 ns/op
OverheadActual   8: 131072 op, 464127.00 ns, 3.5410 ns/op
OverheadActual   9: 131072 op, 463035.00 ns, 3.5327 ns/op
OverheadActual  10: 131072 op, 463266.00 ns, 3.5344 ns/op
OverheadActual  11: 131072 op, 469197.00 ns, 3.5797 ns/op
OverheadActual  12: 131072 op, 448889.00 ns, 3.4248 ns/op
OverheadActual  13: 131072 op, 449400.00 ns, 3.4286 ns/op
OverheadActual  14: 131072 op, 448579.00 ns, 3.4224 ns/op
OverheadActual  15: 131072 op, 449641.00 ns, 3.4305 ns/op

WorkloadWarmup   1: 131072 op, 568125849.00 ns, 4.3345 us/op
WorkloadWarmup   2: 131072 op, 557252222.00 ns, 4.2515 us/op
WorkloadWarmup   3: 131072 op, 552196179.00 ns, 4.2129 us/op

// BeforeActualRun
WorkloadActual   1: 131072 op, 555173201.00 ns, 4.2356 us/op
WorkloadActual   2: 131072 op, 550146387.00 ns, 4.1973 us/op
WorkloadActual   3: 131072 op, 552040811.00 ns, 4.2117 us/op

// AfterActualRun
WorkloadResult   1: 131072 op, 554723100.00 ns, 4.2322 us/op
WorkloadResult   2: 131072 op, 549696286.00 ns, 4.1938 us/op
WorkloadResult   3: 131072 op, 551590710.00 ns, 4.2083 us/op
// GC:  2 0 0 45089440 131072
// Threading:  0 0 131072

// AfterAll
// Benchmark Process 3446 has exited with code 0.

Mean = 4.211 μs, StdErr = 0.011 μs (0.27%), N = 3, StdDev = 0.019 μs
Min = 4.194 μs, Q1 = 4.201 μs, Median = 4.208 μs, Q3 = 4.220 μs, Max = 4.232 μs
IQR = 0.019 μs, LowerFence = 4.172 μs, UpperFence = 4.249 μs
ConfidenceInterval = [3.858 μs; 4.565 μs] (CI 99.9%), Margin = 0.353 μs (8.39% of Mean)
Skewness = 0.16, Kurtosis = 0.67, MValue = 2

// ** Remained 3 (33.3 %) benchmark(s) to run. Estimated finish 2026-10-10 14:30 (0h 0m from now) **
// **************************
// Benchmark: EncryptedFieldBenchmarks.Decrypt_VeryLong_64KB: ShortRun(IterationCount=3, LaunchCount=1, WarmupCount=3)
// *** Execute ***
// Launch: 1 / 1
// Execute: dotnet Encina.Audit.Marten.Benchmarks-ShortRun-1.dll --anonymousPipes 144 146 --benchmarkName Encina.Audit.Marten.Benchmarks.EncryptedFieldBenchmarks.Decrypt_VeryLong_64KB --job ShortRun --benchmarkId 6 in /home/runner/work/Encina/Encina/tests/Encina.BenchmarkTests/Encina.Audit.Marten.Benchmarks/bin/Release/net10.0/Encina.Audit.Marten.Benchmarks-ShortRun-1/bin/Release/net10.0
// Failed to set up high priority (Permission denied). In order to run benchmarks with high priority, make sure you have the right permissions.
// BeforeAnythingElse

// Benchmark Process Environment Information:
// BenchmarkDotNet v0.15.8
// Runtime=.NET 10.0.12 (10.0.12, 10.0.1226.42308), X64 RyuJIT x86-64-v3
// GC=Concurrent Workstation
// HardwareIntrinsics=AVX2+BMI1+BMI2+F16C+FMA+LZCNT+MOVBE,AVX,SSE3+SSSE3+SSE4.1+SSE4.2+POPCNT,X86Base+SSE+SSE2,AES+PCLMUL VectorSize=256
// Job: ShortRun(IterationCount=3, LaunchCount=1, WarmupCount=3)

OverheadJitting  1: 1 op, 220733.00 ns, 220.7330 us/op
WorkloadJitting  1: 1 op, 7952289.00 ns, 7.9523 ms/op

OverheadJitting  2: 16 op, 432540.00 ns, 27.0338 us/op
WorkloadJitting  2: 16 op, 3508445.00 ns, 219.2778 us/op

WorkloadPilot    1: 16 op, 2860332.00 ns, 178.7708 us/op
WorkloadPilot    2: 32 op, 5145368.00 ns, 160.7928 us/op
WorkloadPilot    3: 64 op, 9986924.00 ns, 156.0457 us/op
WorkloadPilot    4: 128 op, 17950429.00 ns, 140.2377 us/op
WorkloadPilot    5: 256 op, 35030991.00 ns, 136.8398 us/op
WorkloadPilot    6: 512 op, 67860605.00 ns, 132.5402 us/op
WorkloadPilot    7: 1024 op, 133313999.00 ns, 130.1895 us/op
WorkloadPilot    8: 2048 op, 262836135.00 ns, 128.3380 us/op
WorkloadPilot    9: 4096 op, 531299145.00 ns, 129.7117 us/op

OverheadWarmup   1: 4096 op, 14327.00 ns, 3.4978 ns/op
OverheadWarmup   2: 4096 op, 14037.00 ns, 3.4270 ns/op
OverheadWarmup   3: 4096 op, 14007.00 ns, 3.4197 ns/op
OverheadWarmup   4: 4096 op, 13996.00 ns, 3.4170 ns/op
OverheadWarmup   5: 4096 op, 14026.00 ns, 3.4243 ns/op
OverheadWarmup   6: 4096 op, 14007.00 ns, 3.4197 ns/op
OverheadWarmup   7: 4096 op, 13986.00 ns, 3.4146 ns/op
OverheadWarmup   8: 4096 op, 13996.00 ns, 3.4170 ns/op
OverheadWarmup   9: 4096 op, 14006.00 ns, 3.4194 ns/op
OverheadWarmup  10: 4096 op, 14017.00 ns, 3.4221 ns/op

OverheadActual   1: 4096 op, 33883.00 ns, 8.2722 ns/op
OverheadActual   2: 4096 op, 14046.00 ns, 3.4292 ns/op
OverheadActual   3: 4096 op, 14026.00 ns, 3.4243 ns/op
OverheadActual   4: 4096 op, 14036.00 ns, 3.4268 ns/op
OverheadActual   5: 4096 op, 14057.00 ns, 3.4319 ns/op
OverheadActual   6: 4096 op, 13996.00 ns, 3.4170 ns/op
OverheadActual   7: 4096 op, 14017.00 ns, 3.4221 ns/op
OverheadActual   8: 4096 op, 13976.00 ns, 3.4121 ns/op
OverheadActual   9: 4096 op, 14016.00 ns, 3.4219 ns/op
OverheadActual  10: 4096 op, 13987.00 ns, 3.4148 ns/op
OverheadActual  11: 4096 op, 13996.00 ns, 3.4170 ns/op
OverheadActual  12: 4096 op, 13986.00 ns, 3.4146 ns/op
OverheadActual  13: 4096 op, 14017.00 ns, 3.4221 ns/op
OverheadActual  14: 4096 op, 13997.00 ns, 3.4172 ns/op
OverheadActual  15: 4096 op, 13996.00 ns, 3.4170 ns/op

WorkloadWarmup   1: 4096 op, 515798625.00 ns, 125.9274 us/op
WorkloadWarmup   2: 4096 op, 524612719.00 ns, 128.0793 us/op
WorkloadWarmup   3: 4096 op, 516983992.00 ns, 126.2168 us/op

// BeforeActualRun
WorkloadActual   1: 4096 op, 523128794.00 ns, 127.7170 us/op
WorkloadActual   2: 4096 op, 514975827.00 ns, 125.7265 us/op
WorkloadActual   3: 4096 op, 519313729.00 ns, 126.7856 us/op

// AfterActualRun
WorkloadResult   1: 4096 op, 523114778.00 ns, 127.7136 us/op
WorkloadResult   2: 4096 op, 514961811.00 ns, 125.7231 us/op
WorkloadResult   3: 4096 op, 519299713.00 ns, 126.7822 us/op
// GC:  170 170 170 1075131136 4096
// Threading:  0 0 4096

// AfterAll
// Benchmark Process 3457 has exited with code 0.

Mean = 126.740 μs, StdErr = 0.575 μs (0.45%), N = 3, StdDev = 0.996 μs
Min = 125.723 μs, Q1 = 126.253 μs, Median = 126.782 μs, Q3 = 127.248 μs, Max = 127.714 μs
IQR = 0.995 μs, LowerFence = 124.760 μs, UpperFence = 128.741 μs
ConfidenceInterval = [108.570 μs; 144.909 μs] (CI 99.9%), Margin = 18.169 μs (14.34% of Mean)
Skewness = -0.04, Kurtosis = 0.67, MValue = 2

// ** Remained 2 (22.2 %) benchmark(s) to run. Estimated finish 2026-10-10 14:30 (0h 0m from now) **
// **************************
// Benchmark: EncryptedFieldBenchmarks.Encrypt_Long_4KB: ShortRun(IterationCount=3, LaunchCount=1, WarmupCount=3)
// *** Execute ***
// Launch: 1 / 1
// Execute: dotnet Encina.Audit.Marten.Benchmarks-ShortRun-1.dll --anonymousPipes 144 146 --benchmarkName Encina.Audit.Marten.Benchmarks.EncryptedFieldBenchmarks.Encrypt_Long_4KB --job ShortRun --benchmarkId 7 in /home/runner/work/Encina/Encina/tests/Encina.BenchmarkTests/Encina.Audit.Marten.Benchmarks/bin/Release/net10.0/Encina.Audit.Marten.Benchmarks-ShortRun-1/bin/Release/net10.0
// Failed to set up high priority (Permission denied). In order to run benchmarks with high priority, make sure you have the right permissions.
// BeforeAnythingElse

// Benchmark Process Environment Information:
// BenchmarkDotNet v0.15.8
// Runtime=.NET 10.0.12 (10.0.12, 10.0.1226.42308), X64 RyuJIT x86-64-v3
// GC=Concurrent Workstation
// HardwareIntrinsics=AVX2+BMI1+BMI2+F16C+FMA+LZCNT+MOVBE,AVX,SSE3+SSSE3+SSE4.1+SSE4.2+POPCNT,X86Base+SSE+SSE2,AES+PCLMUL VectorSize=256
// Job: ShortRun(IterationCount=3, LaunchCount=1, WarmupCount=3)

OverheadJitting  1: 1 op, 259796.00 ns, 259.7960 us/op
WorkloadJitting  1: 1 op, 382165.00 ns, 382.1650 us/op

OverheadJitting  2: 16 op, 502520.00 ns, 31.4075 us/op
WorkloadJitting  2: 16 op, 1025017.00 ns, 64.0636 us/op

WorkloadPilot    1: 16 op, 500015.00 ns, 31.2509 us/op
WorkloadPilot    2: 32 op, 696041.00 ns, 21.7513 us/op
WorkloadPilot    3: 64 op, 1779989.00 ns, 27.8123 us/op
WorkloadPilot    4: 128 op, 3379831.00 ns, 26.4049 us/op
WorkloadPilot    5: 256 op, 6538217.00 ns, 25.5399 us/op
WorkloadPilot    6: 512 op, 11440986.00 ns, 22.3457 us/op
WorkloadPilot    7: 1024 op, 11058340.00 ns, 10.7992 us/op
WorkloadPilot    8: 2048 op, 21681476.00 ns, 10.5867 us/op
WorkloadPilot    9: 4096 op, 45055166.00 ns, 10.9998 us/op
WorkloadPilot   10: 8192 op, 84546819.00 ns, 10.3207 us/op
WorkloadPilot   11: 16384 op, 169481895.00 ns, 10.3444 us/op
WorkloadPilot   12: 32768 op, 342596554.00 ns, 10.4552 us/op
WorkloadPilot   13: 65536 op, 694643780.00 ns, 10.5994 us/op

OverheadWarmup   1: 65536 op, 216675.00 ns, 3.3062 ns/op
OverheadWarmup   2: 65536 op, 233046.00 ns, 3.5560 ns/op
OverheadWarmup   3: 65536 op, 232465.00 ns, 3.5471 ns/op
OverheadWarmup   4: 65536 op, 234889.00 ns, 3.5841 ns/op
OverheadWarmup   5: 65536 op, 249928.00 ns, 3.8136 ns/op
OverheadWarmup   6: 65536 op, 246151.00 ns, 3.7560 ns/op

OverheadActual   1: 65536 op, 234790.00 ns, 3.5826 ns/op
OverheadActual   2: 65536 op, 232826.00 ns, 3.5526 ns/op
OverheadActual   3: 65536 op, 232685.00 ns, 3.5505 ns/op
OverheadActual   4: 65536 op, 246541.00 ns, 3.7619 ns/op
OverheadActual   5: 65536 op, 232294.00 ns, 3.5445 ns/op
OverheadActual   6: 65536 op, 247383.00 ns, 3.7748 ns/op
OverheadActual   7: 65536 op, 247744.00 ns, 3.7803 ns/op
OverheadActual   8: 65536 op, 257692.00 ns, 3.9321 ns/op
OverheadActual   9: 65536 op, 232525.00 ns, 3.5480 ns/op
OverheadActual  10: 65536 op, 232104.00 ns, 3.5416 ns/op
OverheadActual  11: 65536 op, 231874.00 ns, 3.5381 ns/op
OverheadActual  12: 65536 op, 226473.00 ns, 3.4557 ns/op
OverheadActual  13: 65536 op, 232134.00 ns, 3.5421 ns/op
OverheadActual  14: 65536 op, 247994.00 ns, 3.7841 ns/op
OverheadActual  15: 65536 op, 234689.00 ns, 3.5811 ns/op

WorkloadWarmup   1: 65536 op, 699830706.00 ns, 10.6786 us/op
WorkloadWarmup   2: 65536 op, 697012110.00 ns, 10.6356 us/op
WorkloadWarmup   3: 65536 op, 689192707.00 ns, 10.5162 us/op

// BeforeActualRun
WorkloadActual   1: 65536 op, 689054552.00 ns, 10.5141 us/op
WorkloadActual   2: 65536 op, 678989417.00 ns, 10.3606 us/op
WorkloadActual   3: 65536 op, 684709701.00 ns, 10.4478 us/op

// AfterActualRun
WorkloadResult   1: 65536 op, 688821726.00 ns, 10.5106 us/op
WorkloadResult   2: 65536 op, 678756591.00 ns, 10.3570 us/op
WorkloadResult   3: 65536 op, 684476875.00 ns, 10.4443 us/op
// GC:  145 5 0 2432204736 65536
// Threading:  0 0 65536

// AfterAll
// Benchmark Process 3464 has exited with code 0.

Mean = 10.437 μs, StdErr = 0.044 μs (0.43%), N = 3, StdDev = 0.077 μs
Min = 10.357 μs, Q1 = 10.401 μs, Median = 10.444 μs, Q3 = 10.477 μs, Max = 10.511 μs
IQR = 0.077 μs, LowerFence = 10.285 μs, UpperFence = 10.593 μs
ConfidenceInterval = [9.032 μs; 11.843 μs] (CI 99.9%), Margin = 1.405 μs (13.46% of Mean)
Skewness = -0.09, Kurtosis = 0.67, MValue = 2

// ** Remained 1 (11.1 %) benchmark(s) to run. Estimated finish 2026-10-10 14:30 (0h 0m from now) **
// **************************
// Benchmark: EncryptedFieldBenchmarks.Encrypt_Short_16B: ShortRun(IterationCount=3, LaunchCount=1, WarmupCount=3)
// *** Execute ***
// Launch: 1 / 1
// Execute: dotnet Encina.Audit.Marten.Benchmarks-ShortRun-1.dll --anonymousPipes 144 146 --benchmarkName Encina.Audit.Marten.Benchmarks.EncryptedFieldBenchmarks.Encrypt_Short_16B --job ShortRun --benchmarkId 8 in /home/runner/work/Encina/Encina/tests/Encina.BenchmarkTests/Encina.Audit.Marten.Benchmarks/bin/Release/net10.0/Encina.Audit.Marten.Benchmarks-ShortRun-1/bin/Release/net10.0
// Failed to set up high priority (Permission denied). In order to run benchmarks with high priority, make sure you have the right permissions.
// BeforeAnythingElse

// Benchmark Process Environment Information:
// BenchmarkDotNet v0.15.8
// Runtime=.NET 10.0.12 (10.0.12, 10.0.1226.42308), X64 RyuJIT x86-64-v3
// GC=Concurrent Workstation
// HardwareIntrinsics=AVX2+BMI1+BMI2+F16C+FMA+LZCNT+MOVBE,AVX,SSE3+SSSE3+SSE4.1+SSE4.2+POPCNT,X86Base+SSE+SSE2,AES+PCLMUL VectorSize=256
// Job: ShortRun(IterationCount=3, LaunchCount=1, WarmupCount=3)

OverheadJitting  1: 1 op, 235391.00 ns, 235.3910 us/op
WorkloadJitting  1: 1 op, 308478.00 ns, 308.4780 us/op

OverheadJitting  2: 16 op, 457546.00 ns, 28.5966 us/op
WorkloadJitting  2: 16 op, 610763.00 ns, 38.1727 us/op

WorkloadPilot    1: 16 op, 123952.00 ns, 7.7470 us/op
WorkloadPilot    2: 32 op, 212728.00 ns, 6.6478 us/op
WorkloadPilot    3: 64 op, 403926.00 ns, 6.3113 us/op
WorkloadPilot    4: 128 op, 745615.00 ns, 5.8251 us/op
WorkloadPilot    5: 256 op, 1465172.00 ns, 5.7233 us/op
WorkloadPilot    6: 512 op, 2868478.00 ns, 5.6025 us/op
WorkloadPilot    7: 1024 op, 5685139.00 ns, 5.5519 us/op
WorkloadPilot    8: 2048 op, 11365900.00 ns, 5.5498 us/op
WorkloadPilot    9: 4096 op, 22751897.00 ns, 5.5547 us/op
WorkloadPilot   10: 8192 op, 45628677.00 ns, 5.5699 us/op
WorkloadPilot   11: 16384 op, 85021494.00 ns, 5.1893 us/op
WorkloadPilot   12: 32768 op, 163707203.00 ns, 4.9959 us/op
WorkloadPilot   13: 65536 op, 321417885.00 ns, 4.9044 us/op
WorkloadPilot   14: 131072 op, 643878842.00 ns, 4.9124 us/op

OverheadWarmup   1: 131072 op, 432559.00 ns, 3.3002 ns/op
OverheadWarmup   2: 131072 op, 449381.00 ns, 3.4285 ns/op
OverheadWarmup   3: 131072 op, 467054.00 ns, 3.5633 ns/op
OverheadWarmup   4: 131072 op, 449992.00 ns, 3.4332 ns/op
OverheadWarmup   5: 131072 op, 449421.00 ns, 3.4288 ns/op
OverheadWarmup   6: 131072 op, 448480.00 ns, 3.4216 ns/op
OverheadWarmup   7: 131072 op, 466233.00 ns, 3.5571 ns/op
OverheadWarmup   8: 131072 op, 450864.00 ns, 3.4398 ns/op

OverheadActual   1: 131072 op, 449892.00 ns, 3.4324 ns/op
OverheadActual   2: 131072 op, 432399.00 ns, 3.2989 ns/op
OverheadActual   3: 131072 op, 432409.00 ns, 3.2990 ns/op
OverheadActual   4: 131072 op, 450022.00 ns, 3.4334 ns/op
OverheadActual   5: 131072 op, 483254.00 ns, 3.6869 ns/op
OverheadActual   6: 131072 op, 460301.00 ns, 3.5118 ns/op
OverheadActual   7: 131072 op, 452156.00 ns, 3.4497 ns/op
OverheadActual   8: 131072 op, 517990.00 ns, 3.9520 ns/op
OverheadActual   9: 131072 op, 459449.00 ns, 3.5053 ns/op
OverheadActual  10: 131072 op, 461343.00 ns, 3.5198 ns/op
OverheadActual  11: 131072 op, 459110.00 ns, 3.5027 ns/op
OverheadActual  12: 131072 op, 460882.00 ns, 3.5163 ns/op
OverheadActual  13: 131072 op, 461163.00 ns, 3.5184 ns/op
OverheadActual  14: 131072 op, 432379.00 ns, 3.2988 ns/op
OverheadActual  15: 131072 op, 432719.00 ns, 3.3014 ns/op

WorkloadWarmup   1: 131072 op, 650001596.00 ns, 4.9591 us/op
WorkloadWarmup   2: 131072 op, 646429997.00 ns, 4.9319 us/op
WorkloadWarmup   3: 131072 op, 647129124.00 ns, 4.9372 us/op

// BeforeActualRun
WorkloadActual   1: 131072 op, 646259728.00 ns, 4.9306 us/op
WorkloadActual   2: 131072 op, 643835352.00 ns, 4.9121 us/op
WorkloadActual   3: 131072 op, 645440539.00 ns, 4.9243 us/op

// AfterActualRun
WorkloadResult   1: 131072 op, 645800618.00 ns, 4.9271 us/op
WorkloadResult   2: 131072 op, 643376242.00 ns, 4.9086 us/op
WorkloadResult   3: 131072 op, 644981429.00 ns, 4.9208 us/op
// GC:  11 0 0 196086400 131072
// Threading:  0 0 131072

// AfterAll
// Benchmark Process 3474 has exited with code 0.

Mean = 4.919 μs, StdErr = 0.005 μs (0.11%), N = 3, StdDev = 0.009 μs
Min = 4.909 μs, Q1 = 4.915 μs, Median = 4.921 μs, Q3 = 4.924 μs, Max = 4.927 μs
IQR = 0.009 μs, LowerFence = 4.901 μs, UpperFence = 4.938 μs
ConfidenceInterval = [4.747 μs; 5.090 μs] (CI 99.9%), Margin = 0.172 μs (3.49% of Mean)
Skewness = -0.2, Kurtosis = 0.67, MValue = 2

// ** Remained 0 (0.0 %) benchmark(s) to run. Estimated finish 2026-10-10 14:30 (0h 0m from now) **
// ***** BenchmarkRunner: Finish  *****

// * Export *
  artifacts/performance/AuditMarten/results/Encina.Audit.Marten.Benchmarks.EncryptedFieldBenchmarks-report.csv
  artifacts/performance/AuditMarten/results/Encina.Audit.Marten.Benchmarks.EncryptedFieldBenchmarks-report-github.md
  artifacts/performance/AuditMarten/results/Encina.Audit.Marten.Benchmarks.EncryptedFieldBenchmarks-report.html
  artifacts/performance/AuditMarten/results/Encina.Audit.Marten.Benchmarks.EncryptedFieldBenchmarks-report-full-compressed.json

// * Detailed results *
EncryptedFieldBenchmarks.Encrypt_Medium_256B: ShortRun(IterationCount=3, LaunchCount=1, WarmupCount=3)
Runtime = .NET 10.0.12 (10.0.12, 10.0.1226.42308), X64 RyuJIT x86-64-v3; GC = Concurrent Workstation
Mean = 6.078 μs, StdErr = 0.033 μs (0.54%), N = 3, StdDev = 0.056 μs
Min = 6.024 μs, Q1 = 6.048 μs, Median = 6.072 μs, Q3 = 6.104 μs, Max = 6.137 μs
IQR = 0.056 μs, LowerFence = 5.964 μs, UpperFence = 6.189 μs
ConfidenceInterval = [5.048 μs; 7.107 μs] (CI 99.9%), Margin = 1.029 μs (16.94% of Mean)
Skewness = 0.1, Kurtosis = 0.67, MValue = 2
-------------------- Histogram --------------------
[5.988 μs ; 6.188 μs) | @@@
---------------------------------------------------

EncryptedFieldBenchmarks.Encrypt_VeryLong_64KB: ShortRun(IterationCount=3, LaunchCount=1, WarmupCount=3)
Runtime = .NET 10.0.12 (10.0.12, 10.0.1226.42308), X64 RyuJIT x86-64-v3; GC = Concurrent Workstation
Mean = 147.395 μs, StdErr = 0.715 μs (0.49%), N = 3, StdDev = 1.238 μs
Min = 146.328 μs, Q1 = 146.716 μs, Median = 147.104 μs, Q3 = 147.929 μs, Max = 148.753 μs
IQR = 1.212 μs, LowerFence = 144.898 μs, UpperFence = 149.747 μs
ConfidenceInterval = [124.805 μs; 169.986 μs] (CI 99.9%), Margin = 22.591 μs (15.33% of Mean)
Skewness = 0.22, Kurtosis = 0.67, MValue = 2
-------------------- Histogram --------------------
[145.201 μs ; 149.880 μs) | @@@
---------------------------------------------------

EncryptedFieldBenchmarks.Decrypt_Medium_256B: ShortRun(IterationCount=3, LaunchCount=1, WarmupCount=3)
Runtime = .NET 10.0.12 (10.0.12, 10.0.1226.42308), X64 RyuJIT x86-64-v3; GC = Concurrent Workstation
Mean = 4.770 μs, StdErr = 0.002 μs (0.04%), N = 3, StdDev = 0.004 μs
Min = 4.766 μs, Q1 = 4.769 μs, Median = 4.772 μs, Q3 = 4.772 μs, Max = 4.772 μs
IQR = 0.003 μs, LowerFence = 4.764 μs, UpperFence = 4.777 μs
ConfidenceInterval = [4.704 μs; 4.836 μs] (CI 99.9%), Margin = 0.066 μs (1.39% of Mean)
Skewness = -0.36, Kurtosis = 0.67, MValue = 2
-------------------- Histogram --------------------
[4.762 μs ; 4.776 μs) | @@@
---------------------------------------------------

EncryptedFieldBenchmarks.Decrypt_Long_4KB: ShortRun(IterationCount=3, LaunchCount=1, WarmupCount=3)
Runtime = .NET 10.0.12 (10.0.12, 10.0.1226.42308), X64 RyuJIT x86-64-v3; GC = Concurrent Workstation
Mean = 8.613 μs, StdErr = 0.027 μs (0.32%), N = 3, StdDev = 0.047 μs
Min = 8.568 μs, Q1 = 8.589 μs, Median = 8.609 μs, Q3 = 8.636 μs, Max = 8.662 μs
IQR = 0.047 μs, LowerFence = 8.518 μs, UpperFence = 8.706 μs
ConfidenceInterval = [7.754 μs; 9.472 μs] (CI 99.9%), Margin = 0.859 μs (9.97% of Mean)
Skewness = 0.08, Kurtosis = 0.67, MValue = 2
-------------------- Histogram --------------------
[8.525 μs ; 8.675 μs) | @@@
---------------------------------------------------

EncryptedFieldBenchmarks.DecryptOrPlaceholder_NullKey: ShortRun(IterationCount=3, LaunchCount=1, WarmupCount=3)
Runtime = .NET 10.0.12 (10.0.12, 10.0.1226.42308), X64 RyuJIT x86-64-v3; GC = Concurrent Workstation
Mean = 1.226 ns, StdErr = 0.001 ns (0.05%), N = 3, StdDev = 0.001 ns
Min = 1.224 ns, Q1 = 1.225 ns, Median = 1.226 ns, Q3 = 1.226 ns, Max = 1.227 ns
IQR = 0.001 ns, LowerFence = 1.223 ns, UpperFence = 1.228 ns
ConfidenceInterval = [1.205 ns; 1.246 ns] (CI 99.9%), Margin = 0.020 ns (1.67% of Mean)
Skewness = -0.19, Kurtosis = 0.67, MValue = 2
-------------------- Histogram --------------------
[1.223 ns ; 1.228 ns) | @@@
---------------------------------------------------

EncryptedFieldBenchmarks.Decrypt_Short_16B: ShortRun(IterationCount=3, LaunchCount=1, WarmupCount=3)
Runtime = .NET 10.0.12 (10.0.12, 10.0.1226.42308), X64 RyuJIT x86-64-v3; GC = Concurrent Workstation
Mean = 4.211 μs, StdErr = 0.011 μs (0.27%), N = 3, StdDev = 0.019 μs
Min = 4.194 μs, Q1 = 4.201 μs, Median = 4.208 μs, Q3 = 4.220 μs, Max = 4.232 μs
IQR = 0.019 μs, LowerFence = 4.172 μs, UpperFence = 4.249 μs
ConfidenceInterval = [3.858 μs; 4.565 μs] (CI 99.9%), Margin = 0.353 μs (8.39% of Mean)
Skewness = 0.16, Kurtosis = 0.67, MValue = 2
-------------------- Histogram --------------------
[4.176 μs ; 4.250 μs) | @@@
---------------------------------------------------

EncryptedFieldBenchmarks.Decrypt_VeryLong_64KB: ShortRun(IterationCount=3, LaunchCount=1, WarmupCount=3)
Runtime = .NET 10.0.12 (10.0.12, 10.0.1226.42308), X64 RyuJIT x86-64-v3; GC = Concurrent Workstation
Mean = 126.740 μs, StdErr = 0.575 μs (0.45%), N = 3, StdDev = 0.996 μs
Min = 125.723 μs, Q1 = 126.253 μs, Median = 126.782 μs, Q3 = 127.248 μs, Max = 127.714 μs
IQR = 0.995 μs, LowerFence = 124.760 μs, UpperFence = 128.741 μs
ConfidenceInterval = [108.570 μs; 144.909 μs] (CI 99.9%), Margin = 18.169 μs (14.34% of Mean)
Skewness = -0.04, Kurtosis = 0.67, MValue = 2
-------------------- Histogram --------------------
[124.817 μs ; 128.620 μs) | @@@
---------------------------------------------------

EncryptedFieldBenchmarks.Encrypt_Long_4KB: ShortRun(IterationCount=3, LaunchCount=1, WarmupCount=3)
Runtime = .NET 10.0.12 (10.0.12, 10.0.1226.42308), X64 RyuJIT x86-64-v3; GC = Concurrent Workstation
Mean = 10.437 μs, StdErr = 0.044 μs (0.43%), N = 3, StdDev = 0.077 μs
Min = 10.357 μs, Q1 = 10.401 μs, Median = 10.444 μs, Q3 = 10.477 μs, Max = 10.511 μs
IQR = 0.077 μs, LowerFence = 10.285 μs, UpperFence = 10.593 μs
ConfidenceInterval = [9.032 μs; 11.843 μs] (CI 99.9%), Margin = 1.405 μs (13.46% of Mean)
Skewness = -0.09, Kurtosis = 0.67, MValue = 2
-------------------- Histogram --------------------
[10.287 μs ; 10.581 μs) | @@@
---------------------------------------------------

EncryptedFieldBenchmarks.Encrypt_Short_16B: ShortRun(IterationCount=3, LaunchCount=1, WarmupCount=3)
Runtime = .NET 10.0.12 (10.0.12, 10.0.1226.42308), X64 RyuJIT x86-64-v3; GC = Concurrent Workstation
Mean = 4.919 μs, StdErr = 0.005 μs (0.11%), N = 3, StdDev = 0.009 μs
Min = 4.909 μs, Q1 = 4.915 μs, Median = 4.921 μs, Q3 = 4.924 μs, Max = 4.927 μs
IQR = 0.009 μs, LowerFence = 4.901 μs, UpperFence = 4.938 μs
ConfidenceInterval = [4.747 μs; 5.090 μs] (CI 99.9%), Margin = 0.172 μs (3.49% of Mean)
Skewness = -0.2, Kurtosis = 0.67, MValue = 2
-------------------- Histogram --------------------
[4.900 μs ; 4.936 μs) | @@@
---------------------------------------------------

// * Summary *

BenchmarkDotNet v0.15.8, Linux Ubuntu 24.04.5 LTS (Noble Numbat)
AMD EPYC 7763 2.45GHz, 1 CPU, 4 logical and 2 physical cores
.NET SDK 10.0.401
  [Host]   : .NET 10.0.12 (10.0.12, 10.0.1226.42308), X64 RyuJIT x86-64-v3
  ShortRun : .NET 10.0.12 (10.0.12, 10.0.1226.42308), X64 RyuJIT x86-64-v3

Job=ShortRun  IterationCount=3  LaunchCount=1  
WarmupCount=3  

| Method                       | Mean           | Error          | StdDev        | Ratio  | RatioSD | Rank | Gen0     | Gen1     | Gen2     | Allocated | Alloc Ratio |
|----------------------------- |---------------:|---------------:|--------------:|-------:|--------:|-----:|---------:|---------:|---------:|----------:|------------:|
| Encrypt_Medium_256B          |   6,077.728 ns |  1,029.4790 ns |    56.4292 ns |  1.236 |    0.01 |    3 |   0.4501 |   0.0076 |        - |    7568 B |        5.06 |
| Encrypt_VeryLong_64KB        | 147,395.288 ns | 22,590.6281 ns | 1,238.2686 ns | 29.966 |    0.22 |    6 | 137.6953 | 137.6953 | 137.6953 |  569669 B |      380.79 |
| Decrypt_Medium_256B          |   4,769.907 ns |     66.2831 ns |     3.6332 ns |  0.970 |    0.00 |    2 |   0.0763 |        - |        - |    1312 B |        0.88 |
| Decrypt_Long_4KB             |   8,613.097 ns |    858.7442 ns |    47.0707 ns |  1.751 |    0.01 |    4 |   0.9918 |        - |        - |   16672 B |       11.14 |
| DecryptOrPlaceholder_NullKey |       1.226 ns |      0.0205 ns |     0.0011 ns |  0.000 |    0.00 |    1 |        - |        - |        - |         - |        0.00 |
| Decrypt_Short_16B            |   4,211.451 ns |    353.3561 ns |    19.3686 ns |  0.856 |    0.00 |    2 |   0.0153 |        - |        - |     344 B |        0.23 |
| Decrypt_VeryLong_64KB        | 126,739.608 ns | 18,169.2360 ns |   995.9171 ns | 25.766 |    0.18 |    6 |  41.5039 |  41.5039 |  41.5039 |  262483 B |      175.46 |
| Encrypt_Long_4KB             |  10,437.292 ns |  1,405.3051 ns |    77.0295 ns |  2.122 |    0.01 |    5 |   2.2125 |   0.0763 |        - |   37112 B |       24.81 |
| Encrypt_Short_16B            |   4,918.819 ns |    171.6530 ns |     9.4089 ns |  1.000 |    0.00 |    2 |   0.0839 |        - |        - |    1496 B |        1.00 |
// * Config Issues *

// * Warnings *
Configuration
  Summary -> The exporter CsvExporter is already present in configuration. There may be unexpected results.
  Summary -> The exporter HtmlExporter is already present in configuration. There may be unexpected results.
  Summary -> The exporter MarkdownExporter-github is already present in configuration. There may be unexpected results.

// * Legends *
  Mean        : Arithmetic mean of all measurements
  Error       : Half of 99.9% confidence interval
  StdDev      : Standard deviation of all measurements
  Ratio       : Mean of the ratio distribution ([Current]/[Baseline])
  RatioSD     : Standard deviation of the ratio distribution ([Current]/[Baseline])
  Rank        : Relative position of current benchmark mean among all benchmarks (Arabic style)
  Gen0        : GC Generation 0 collects per 1000 operations
  Gen1        : GC Generation 1 collects per 1000 operations
  Gen2        : GC Generation 2 collects per 1000 operations
  Allocated   : Allocated memory per single operation (managed only, inclusive, 1KB = 1024B)
  Alloc Ratio : Allocated memory ratio distribution ([Current]/[Baseline])
  1 ns        : 1 Nanosecond (0.000000001 sec)

// * Diagnostic Output - MemoryDiagnoser *


// ***** BenchmarkRunner: End *****
Run time: 00:01:02 (62.6 sec), executed benchmarks: 9

Global total time: 00:02:51 (171.5 sec), executed benchmarks: 9
// * Artifacts cleanup *
Artifacts cleanup is finished
