// Validating benchmarks:
// ***** BenchmarkRunner: Start   *****
// ***** Found 9 benchmark(s) in total *****
// ***** Building 1 exe(s) in Parallel: Start   *****
// start dotnet  restore --nodeReuse:false /p:UseSharedCompilation=false /p:Deterministic=true /p:Optimize=true /p:ArtifactsPath="/home/runner/work/Encina/Encina/tests/Encina.BenchmarkTests/Encina.Audit.Marten.Benchmarks/bin/Release/net10.0/Encina.Audit.Marten.Benchmarks-ShortRun-1/" /p:OutDir="/home/runner/work/Encina/Encina/tests/Encina.BenchmarkTests/Encina.Audit.Marten.Benchmarks/bin/Release/net10.0/Encina.Audit.Marten.Benchmarks-ShortRun-1/bin/Release/net10.0/" /p:OutputPath="/home/runner/work/Encina/Encina/tests/Encina.BenchmarkTests/Encina.Audit.Marten.Benchmarks/bin/Release/net10.0/Encina.Audit.Marten.Benchmarks-ShortRun-1/bin/Release/net10.0/" /p:PublishDir="/home/runner/work/Encina/Encina/tests/Encina.BenchmarkTests/Encina.Audit.Marten.Benchmarks/bin/Release/net10.0/Encina.Audit.Marten.Benchmarks-ShortRun-1/publish/" in /home/runner/work/Encina/Encina/tests/Encina.BenchmarkTests/Encina.Audit.Marten.Benchmarks/bin/Release/net10.0/Encina.Audit.Marten.Benchmarks-ShortRun-1
// command took 3.1 sec and exited with 0
// start dotnet  build -c Release --no-restore --nodeReuse:false /p:UseSharedCompilation=false /p:Deterministic=true /p:Optimize=true /p:ArtifactsPath="/home/runner/work/Encina/Encina/tests/Encina.BenchmarkTests/Encina.Audit.Marten.Benchmarks/bin/Release/net10.0/Encina.Audit.Marten.Benchmarks-ShortRun-1/" /p:OutDir="/home/runner/work/Encina/Encina/tests/Encina.BenchmarkTests/Encina.Audit.Marten.Benchmarks/bin/Release/net10.0/Encina.Audit.Marten.Benchmarks-ShortRun-1/bin/Release/net10.0/" /p:OutputPath="/home/runner/work/Encina/Encina/tests/Encina.BenchmarkTests/Encina.Audit.Marten.Benchmarks/bin/Release/net10.0/Encina.Audit.Marten.Benchmarks-ShortRun-1/bin/Release/net10.0/" /p:PublishDir="/home/runner/work/Encina/Encina/tests/Encina.BenchmarkTests/Encina.Audit.Marten.Benchmarks/bin/Release/net10.0/Encina.Audit.Marten.Benchmarks-ShortRun-1/publish/" --output "/home/runner/work/Encina/Encina/tests/Encina.BenchmarkTests/Encina.Audit.Marten.Benchmarks/bin/Release/net10.0/Encina.Audit.Marten.Benchmarks-ShortRun-1/bin/Release/net10.0/" in /home/runner/work/Encina/Encina/tests/Encina.BenchmarkTests/Encina.Audit.Marten.Benchmarks/bin/Release/net10.0/Encina.Audit.Marten.Benchmarks-ShortRun-1
// command took 105.77 sec and exited with 0
// ***** Done, took 00:01:49 (109.05 sec)   *****
// Found 9 benchmarks:
//   EncryptedFieldBenchmarks.Encrypt_Medium_256B: ShortRun(IterationCount=3, LaunchCount=1, WarmupCount=3)
//   EncryptedFieldBenchmarks.Encrypt_VeryLong_64KB: ShortRun(IterationCount=3, LaunchCount=1, WarmupCount=3)
//   EncryptedFieldBenchmarks.Decrypt_Medium_256B: ShortRun(IterationCount=3, LaunchCount=1, WarmupCount=3)
//   EncryptedFieldBenchmarks.Decrypt_Long_4KB: ShortRun(IterationCount=3, LaunchCount=1, WarmupCount=3)
//   EncryptedFieldBenchmarks.DecryptOrPlaceholder_NullKey: ShortRun(IterationCount=3, LaunchCount=1, WarmupCount=3)
//   EncryptedFieldBenchmarks.Decrypt_Short_16B: ShortRun(IterationCount=3, LaunchCount=1, WarmupCount=3)
//   EncryptedFieldBenchmarks.Decrypt_VeryLong_64KB: ShortRun(IterationCount=3, LaunchCount=1, WarmupCount=3)
//   EncryptedFieldBenchmarks.Encrypt_Long_4KB: ShortRun(IterationCount=3, LaunchCount=1, WarmupCount=3)
//   EncryptedFieldBenchmarks.Encrypt_Short_16B: ShortRun(IterationCount=3, LaunchCount=1, WarmupCount=3)

// **************************
// Benchmark: EncryptedFieldBenchmarks.Encrypt_Medium_256B: ShortRun(IterationCount=3, LaunchCount=1, WarmupCount=3)
// *** Execute ***
// Launch: 1 / 1
// Execute: dotnet Encina.Audit.Marten.Benchmarks-ShortRun-1.dll --anonymousPipes 144 146 --benchmarkName Encina.Audit.Marten.Benchmarks.EncryptedFieldBenchmarks.Encrypt_Medium_256B --job ShortRun --benchmarkId 0 in /home/runner/work/Encina/Encina/tests/Encina.BenchmarkTests/Encina.Audit.Marten.Benchmarks/bin/Release/net10.0/Encina.Audit.Marten.Benchmarks-ShortRun-1/bin/Release/net10.0
// Failed to set up high priority (Permission denied). In order to run benchmarks with high priority, make sure you have the right permissions.
// BeforeAnythingElse

// Benchmark Process Environment Information:
// BenchmarkDotNet v0.15.8
// Runtime=.NET 10.0.12 (10.0.12, 10.0.1226.42308), X64 RyuJIT x86-64-v3
// GC=Concurrent Workstation
// HardwareIntrinsics=AVX2+BMI1+BMI2+F16C+FMA+LZCNT+MOVBE,AVX,SSE3+SSSE3+SSE4.1+SSE4.2+POPCNT,X86Base+SSE+SSE2,AES+PCLMUL VectorSize=256
// Job: ShortRun(IterationCount=3, LaunchCount=1, WarmupCount=3)

OverheadJitting  1: 1 op, 228956.00 ns, 228.9560 us/op
WorkloadJitting  1: 1 op, 312312.00 ns, 312.3120 us/op

OverheadJitting  2: 16 op, 462231.00 ns, 28.8894 us/op
WorkloadJitting  2: 16 op, 757171.00 ns, 47.3232 us/op

WorkloadPilot    1: 16 op, 218237.00 ns, 13.6398 us/op
WorkloadPilot    2: 32 op, 362045.00 ns, 11.3139 us/op
WorkloadPilot    3: 64 op, 638729.00 ns, 9.9801 us/op
WorkloadPilot    4: 128 op, 1236663.00 ns, 9.6614 us/op
WorkloadPilot    5: 256 op, 2379471.00 ns, 9.2948 us/op
WorkloadPilot    6: 512 op, 4643387.00 ns, 9.0691 us/op
WorkloadPilot    7: 1024 op, 9082634.00 ns, 8.8698 us/op
WorkloadPilot    8: 2048 op, 18420753.00 ns, 8.9945 us/op
WorkloadPilot    9: 4096 op, 24710496.00 ns, 6.0328 us/op
WorkloadPilot   10: 8192 op, 48917636.00 ns, 5.9714 us/op
WorkloadPilot   11: 16384 op, 92858574.00 ns, 5.6676 us/op
WorkloadPilot   12: 32768 op, 182920100.00 ns, 5.5823 us/op
WorkloadPilot   13: 65536 op, 369271059.00 ns, 5.6346 us/op
WorkloadPilot   14: 131072 op, 740467884.00 ns, 5.6493 us/op

OverheadWarmup   1: 131072 op, 432656.00 ns, 3.3009 ns/op
OverheadWarmup   2: 131072 op, 432325.00 ns, 3.2984 ns/op
OverheadWarmup   3: 131072 op, 460658.00 ns, 3.5145 ns/op
OverheadWarmup   4: 131072 op, 449969.00 ns, 3.4330 ns/op
OverheadWarmup   5: 131072 op, 449297.00 ns, 3.4279 ns/op
OverheadWarmup   6: 131072 op, 451572.00 ns, 3.4452 ns/op
OverheadWarmup   7: 131072 op, 465397.00 ns, 3.5507 ns/op
OverheadWarmup   8: 131072 op, 451090.00 ns, 3.4415 ns/op

OverheadActual   1: 131072 op, 451932.00 ns, 3.4480 ns/op
OverheadActual   2: 131072 op, 451671.00 ns, 3.4460 ns/op
OverheadActual   3: 131072 op, 455228.00 ns, 3.4731 ns/op
OverheadActual   4: 131072 op, 432405.00 ns, 3.2990 ns/op
OverheadActual   5: 131072 op, 461399.00 ns, 3.5202 ns/op
OverheadActual   6: 131072 op, 450579.00 ns, 3.4376 ns/op
OverheadActual   7: 131072 op, 448705.00 ns, 3.4233 ns/op
OverheadActual   8: 131072 op, 451641.00 ns, 3.4457 ns/op
OverheadActual   9: 131072 op, 449206.00 ns, 3.4272 ns/op
OverheadActual  10: 131072 op, 448806.00 ns, 3.4241 ns/op
OverheadActual  11: 131072 op, 453464.00 ns, 3.4597 ns/op
OverheadActual  12: 131072 op, 448114.00 ns, 3.4188 ns/op
OverheadActual  13: 131072 op, 447883.00 ns, 3.4171 ns/op
OverheadActual  14: 131072 op, 450910.00 ns, 3.4402 ns/op
OverheadActual  15: 131072 op, 442544.00 ns, 3.3763 ns/op

WorkloadWarmup   1: 131072 op, 748490243.00 ns, 5.7105 us/op
WorkloadWarmup   2: 131072 op, 741294493.00 ns, 5.6556 us/op
WorkloadWarmup   3: 131072 op, 748370843.00 ns, 5.7096 us/op

// BeforeActualRun
WorkloadActual   1: 131072 op, 734647946.00 ns, 5.6049 us/op
WorkloadActual   2: 131072 op, 760119834.00 ns, 5.7993 us/op
WorkloadActual   3: 131072 op, 741452387.00 ns, 5.6568 us/op

// AfterActualRun
WorkloadResult   1: 131072 op, 734197367.00 ns, 5.6015 us/op
WorkloadResult   2: 131072 op, 759669255.00 ns, 5.7958 us/op
WorkloadResult   3: 131072 op, 741001808.00 ns, 5.6534 us/op
// GC:  59 1 0 991966336 131072
// Threading:  0 0 131072

// AfterAll
// Benchmark Process 3401 has exited with code 0.

Mean = 5.684 μs, StdErr = 0.058 μs (1.02%), N = 3, StdDev = 0.101 μs
Min = 5.601 μs, Q1 = 5.627 μs, Median = 5.653 μs, Q3 = 5.725 μs, Max = 5.796 μs
IQR = 0.097 μs, LowerFence = 5.482 μs, UpperFence = 5.870 μs
ConfidenceInterval = [3.848 μs; 7.519 μs] (CI 99.9%), Margin = 1.836 μs (32.30% of Mean)
Skewness = 0.27, Kurtosis = 0.67, MValue = 2

// ** Remained 8 (88.9 %) benchmark(s) to run. Estimated finish 2026-10-07 13:35 (0h 0m from now) **
// **************************
// Benchmark: EncryptedFieldBenchmarks.Encrypt_VeryLong_64KB: ShortRun(IterationCount=3, LaunchCount=1, WarmupCount=3)
// *** Execute ***
// Launch: 1 / 1
// Execute: dotnet Encina.Audit.Marten.Benchmarks-ShortRun-1.dll --anonymousPipes 144 146 --benchmarkName Encina.Audit.Marten.Benchmarks.EncryptedFieldBenchmarks.Encrypt_VeryLong_64KB --job ShortRun --benchmarkId 1 in /home/runner/work/Encina/Encina/tests/Encina.BenchmarkTests/Encina.Audit.Marten.Benchmarks/bin/Release/net10.0/Encina.Audit.Marten.Benchmarks-ShortRun-1/bin/Release/net10.0
// Failed to set up high priority (Permission denied). In order to run benchmarks with high priority, make sure you have the right permissions.
// BeforeAnythingElse

// Benchmark Process Environment Information:
// BenchmarkDotNet v0.15.8
// Runtime=.NET 10.0.12 (10.0.12, 10.0.1226.42308), X64 RyuJIT x86-64-v3
// GC=Concurrent Workstation
// HardwareIntrinsics=AVX2+BMI1+BMI2+F16C+FMA+LZCNT+MOVBE,AVX,SSE3+SSSE3+SSE4.1+SSE4.2+POPCNT,X86Base+SSE+SSE2,AES+PCLMUL VectorSize=256
// Job: ShortRun(IterationCount=3, LaunchCount=1, WarmupCount=3)

OverheadJitting  1: 1 op, 244706.00 ns, 244.7060 us/op
WorkloadJitting  1: 1 op, 592574.00 ns, 592.5740 us/op

OverheadJitting  2: 16 op, 469154.00 ns, 29.3221 us/op
WorkloadJitting  2: 16 op, 4170807.00 ns, 260.6754 us/op

WorkloadPilot    1: 16 op, 3520086.00 ns, 220.0054 us/op
WorkloadPilot    2: 32 op, 5562970.00 ns, 173.8428 us/op
WorkloadPilot    3: 64 op, 10165783.00 ns, 158.8404 us/op
WorkloadPilot    4: 128 op, 19117023.00 ns, 149.3517 us/op
WorkloadPilot    5: 256 op, 36788515.00 ns, 143.7051 us/op
WorkloadPilot    6: 512 op, 73469179.00 ns, 143.4945 us/op
WorkloadPilot    7: 1024 op, 146336506.00 ns, 142.9067 us/op
WorkloadPilot    8: 2048 op, 301390856.00 ns, 147.1635 us/op
WorkloadPilot    9: 4096 op, 585495143.00 ns, 142.9432 us/op

OverheadWarmup   1: 4096 op, 14237.00 ns, 3.4758 ns/op
OverheadWarmup   2: 4096 op, 18865.00 ns, 4.6057 ns/op
OverheadWarmup   3: 4096 op, 14036.00 ns, 3.4268 ns/op
OverheadWarmup   4: 4096 op, 14036.00 ns, 3.4268 ns/op
OverheadWarmup   5: 4096 op, 14026.00 ns, 3.4243 ns/op

OverheadActual   1: 4096 op, 14077.00 ns, 3.4368 ns/op
OverheadActual   2: 4096 op, 14056.00 ns, 3.4316 ns/op
OverheadActual   3: 4096 op, 14037.00 ns, 3.4270 ns/op
OverheadActual   4: 4096 op, 14036.00 ns, 3.4268 ns/op
OverheadActual   5: 4096 op, 14037.00 ns, 3.4270 ns/op
OverheadActual   6: 4096 op, 14066.00 ns, 3.4341 ns/op
OverheadActual   7: 4096 op, 14056.00 ns, 3.4316 ns/op
OverheadActual   8: 4096 op, 14026.00 ns, 3.4243 ns/op
OverheadActual   9: 4096 op, 14026.00 ns, 3.4243 ns/op
OverheadActual  10: 4096 op, 14076.00 ns, 3.4365 ns/op
OverheadActual  11: 4096 op, 14066.00 ns, 3.4341 ns/op
OverheadActual  12: 4096 op, 14056.00 ns, 3.4316 ns/op
OverheadActual  13: 4096 op, 14066.00 ns, 3.4341 ns/op
OverheadActual  14: 4096 op, 14036.00 ns, 3.4268 ns/op
OverheadActual  15: 4096 op, 14066.00 ns, 3.4341 ns/op

WorkloadWarmup   1: 4096 op, 584291973.00 ns, 142.6494 us/op
WorkloadWarmup   2: 4096 op, 587587491.00 ns, 143.4540 us/op
WorkloadWarmup   3: 4096 op, 595452993.00 ns, 145.3743 us/op

// BeforeActualRun
WorkloadActual   1: 4096 op, 587468388.00 ns, 143.4249 us/op
WorkloadActual   2: 4096 op, 590236114.00 ns, 144.1006 us/op
WorkloadActual   3: 4096 op, 597822676.00 ns, 145.9528 us/op

// AfterActualRun
WorkloadResult   1: 4096 op, 587454332.00 ns, 143.4215 us/op
WorkloadResult   2: 4096 op, 590222058.00 ns, 144.0972 us/op
WorkloadResult   3: 4096 op, 597808620.00 ns, 145.9494 us/op
// GC:  564 564 564 2333364896 4096
// Threading:  0 0 4096

// AfterAll
// Benchmark Process 3411 has exited with code 0.

Mean = 144.489 μs, StdErr = 0.756 μs (0.52%), N = 3, StdDev = 1.309 μs
Min = 143.421 μs, Q1 = 143.759 μs, Median = 144.097 μs, Q3 = 145.023 μs, Max = 145.949 μs
IQR = 1.264 μs, LowerFence = 141.863 μs, UpperFence = 146.919 μs
ConfidenceInterval = [120.612 μs; 168.366 μs] (CI 99.9%), Margin = 23.877 μs (16.53% of Mean)
Skewness = 0.27, Kurtosis = 0.67, MValue = 2

// ** Remained 7 (77.8 %) benchmark(s) to run. Estimated finish 2026-10-07 13:35 (0h 0m from now) **
// **************************
// Benchmark: EncryptedFieldBenchmarks.Decrypt_Medium_256B: ShortRun(IterationCount=3, LaunchCount=1, WarmupCount=3)
// *** Execute ***
// Launch: 1 / 1
// Execute: dotnet Encina.Audit.Marten.Benchmarks-ShortRun-1.dll --anonymousPipes 144 146 --benchmarkName Encina.Audit.Marten.Benchmarks.EncryptedFieldBenchmarks.Decrypt_Medium_256B --job ShortRun --benchmarkId 2 in /home/runner/work/Encina/Encina/tests/Encina.BenchmarkTests/Encina.Audit.Marten.Benchmarks/bin/Release/net10.0/Encina.Audit.Marten.Benchmarks-ShortRun-1/bin/Release/net10.0
// Failed to set up high priority (Permission denied). In order to run benchmarks with high priority, make sure you have the right permissions.
// BeforeAnythingElse

// Benchmark Process Environment Information:
// BenchmarkDotNet v0.15.8
// Runtime=.NET 10.0.12 (10.0.12, 10.0.1226.42308), X64 RyuJIT x86-64-v3
// GC=Concurrent Workstation
// HardwareIntrinsics=AVX2+BMI1+BMI2+F16C+FMA+LZCNT+MOVBE,AVX,SSE3+SSSE3+SSE4.1+SSE4.2+POPCNT,X86Base+SSE+SSE2,AES+PCLMUL VectorSize=256
// Job: ShortRun(IterationCount=3, LaunchCount=1, WarmupCount=3)

OverheadJitting  1: 1 op, 221412.00 ns, 221.4120 us/op
WorkloadJitting  1: 1 op, 7542326.00 ns, 7.5423 ms/op

OverheadJitting  2: 16 op, 441843.00 ns, 27.6152 us/op
WorkloadJitting  2: 16 op, 599446.00 ns, 37.4654 us/op

WorkloadPilot    1: 16 op, 141634.00 ns, 8.8521 us/op
WorkloadPilot    2: 32 op, 250777.00 ns, 7.8368 us/op
WorkloadPilot    3: 64 op, 427205.00 ns, 6.6751 us/op
WorkloadPilot    4: 128 op, 820057.00 ns, 6.4067 us/op
WorkloadPilot    5: 256 op, 1378337.00 ns, 5.3841 us/op
WorkloadPilot    6: 512 op, 2812517.00 ns, 5.4932 us/op
WorkloadPilot    7: 1024 op, 5538454.00 ns, 5.4086 us/op
WorkloadPilot    8: 2048 op, 11001257.00 ns, 5.3717 us/op
WorkloadPilot    9: 4096 op, 21857845.00 ns, 5.3364 us/op
WorkloadPilot   10: 8192 op, 43769200.00 ns, 5.3429 us/op
WorkloadPilot   11: 16384 op, 83375678.00 ns, 5.0888 us/op
WorkloadPilot   12: 32768 op, 158441475.00 ns, 4.8353 us/op
WorkloadPilot   13: 65536 op, 310014081.00 ns, 4.7304 us/op
WorkloadPilot   14: 131072 op, 621663978.00 ns, 4.7429 us/op

OverheadWarmup   1: 131072 op, 447544.00 ns, 3.4145 ns/op
OverheadWarmup   2: 131072 op, 446622.00 ns, 3.4075 ns/op
OverheadWarmup   3: 131072 op, 429931.00 ns, 3.2801 ns/op
OverheadWarmup   4: 131072 op, 429841.00 ns, 3.2794 ns/op
OverheadWarmup   5: 131072 op, 429901.00 ns, 3.2799 ns/op
OverheadWarmup   6: 131072 op, 429810.00 ns, 3.2792 ns/op
OverheadWarmup   7: 131072 op, 429800.00 ns, 3.2791 ns/op
OverheadWarmup   8: 131072 op, 429861.00 ns, 3.2796 ns/op
OverheadWarmup   9: 131072 op, 433277.00 ns, 3.3056 ns/op
OverheadWarmup  10: 131072 op, 429850.00 ns, 3.2795 ns/op

OverheadActual   1: 131072 op, 429900.00 ns, 3.2799 ns/op
OverheadActual   2: 131072 op, 433497.00 ns, 3.3073 ns/op
OverheadActual   3: 131072 op, 429951.00 ns, 3.2803 ns/op
OverheadActual   4: 131072 op, 453354.00 ns, 3.4588 ns/op
OverheadActual   5: 131072 op, 430802.00 ns, 3.2868 ns/op
OverheadActual   6: 131072 op, 433367.00 ns, 3.3063 ns/op
OverheadActual   7: 131072 op, 429800.00 ns, 3.2791 ns/op
OverheadActual   8: 131072 op, 465226.00 ns, 3.5494 ns/op
OverheadActual   9: 131072 op, 449137.00 ns, 3.4266 ns/op
OverheadActual  10: 131072 op, 449016.00 ns, 3.4257 ns/op
OverheadActual  11: 131072 op, 454046.00 ns, 3.4641 ns/op
OverheadActual  12: 131072 op, 456440.00 ns, 3.4824 ns/op
OverheadActual  13: 131072 op, 455999.00 ns, 3.4790 ns/op
OverheadActual  14: 131072 op, 453474.00 ns, 3.4597 ns/op
OverheadActual  15: 131072 op, 456290.00 ns, 3.4812 ns/op

WorkloadWarmup   1: 131072 op, 627245492.00 ns, 4.7855 us/op
WorkloadWarmup   2: 131072 op, 627385032.00 ns, 4.7866 us/op
WorkloadWarmup   3: 131072 op, 621509801.00 ns, 4.7417 us/op

// BeforeActualRun
WorkloadActual   1: 131072 op, 626348271.00 ns, 4.7787 us/op
WorkloadActual   2: 131072 op, 624594965.00 ns, 4.7653 us/op
WorkloadActual   3: 131072 op, 629166930.00 ns, 4.8002 us/op

// AfterActualRun
WorkloadResult   1: 131072 op, 625899134.00 ns, 4.7752 us/op
WorkloadResult   2: 131072 op, 624145828.00 ns, 4.7619 us/op
WorkloadResult   3: 131072 op, 628717793.00 ns, 4.7967 us/op
// GC:  10 0 0 171968928 131072
// Threading:  0 0 131072

// AfterAll
// Benchmark Process 3419 has exited with code 0.

Mean = 4.778 μs, StdErr = 0.010 μs (0.21%), N = 3, StdDev = 0.018 μs
Min = 4.762 μs, Q1 = 4.769 μs, Median = 4.775 μs, Q3 = 4.786 μs, Max = 4.797 μs
IQR = 0.017 μs, LowerFence = 4.742 μs, UpperFence = 4.812 μs
ConfidenceInterval = [4.457 μs; 5.099 μs] (CI 99.9%), Margin = 0.321 μs (6.72% of Mean)
Skewness = 0.15, Kurtosis = 0.67, MValue = 2

// ** Remained 6 (66.7 %) benchmark(s) to run. Estimated finish 2026-10-07 13:35 (0h 0m from now) **
// **************************
// Benchmark: EncryptedFieldBenchmarks.Decrypt_Long_4KB: ShortRun(IterationCount=3, LaunchCount=1, WarmupCount=3)
// *** Execute ***
// Launch: 1 / 1
// Execute: dotnet Encina.Audit.Marten.Benchmarks-ShortRun-1.dll --anonymousPipes 144 146 --benchmarkName Encina.Audit.Marten.Benchmarks.EncryptedFieldBenchmarks.Decrypt_Long_4KB --job ShortRun --benchmarkId 3 in /home/runner/work/Encina/Encina/tests/Encina.BenchmarkTests/Encina.Audit.Marten.Benchmarks/bin/Release/net10.0/Encina.Audit.Marten.Benchmarks-ShortRun-1/bin/Release/net10.0
// Failed to set up high priority (Permission denied). In order to run benchmarks with high priority, make sure you have the right permissions.
// BeforeAnythingElse

// Benchmark Process Environment Information:
// BenchmarkDotNet v0.15.8
// Runtime=.NET 10.0.12 (10.0.12, 10.0.1226.42308), X64 RyuJIT x86-64-v3
// GC=Concurrent Workstation
// HardwareIntrinsics=AVX2+BMI1+BMI2+F16C+FMA+LZCNT+MOVBE,AVX,SSE3+SSSE3+SSE4.1+SSE4.2+POPCNT,X86Base+SSE+SSE2,AES+PCLMUL VectorSize=256
// Job: ShortRun(IterationCount=3, LaunchCount=1, WarmupCount=3)

OverheadJitting  1: 1 op, 223316.00 ns, 223.3160 us/op
WorkloadJitting  1: 1 op, 7458199.00 ns, 7.4582 ms/op

OverheadJitting  2: 16 op, 441131.00 ns, 27.5707 us/op
WorkloadJitting  2: 16 op, 792806.00 ns, 49.5504 us/op

WorkloadPilot    1: 16 op, 285822.00 ns, 17.8639 us/op
WorkloadPilot    2: 32 op, 452683.00 ns, 14.1463 us/op
WorkloadPilot    3: 64 op, 1023516.00 ns, 15.9924 us/op
WorkloadPilot    4: 128 op, 2023839.00 ns, 15.8112 us/op
WorkloadPilot    5: 256 op, 4124772.00 ns, 16.1124 us/op
WorkloadPilot    6: 512 op, 8060310.00 ns, 15.7428 us/op
WorkloadPilot    7: 1024 op, 16181233.00 ns, 15.8020 us/op
WorkloadPilot    8: 2048 op, 18076684.00 ns, 8.8265 us/op
WorkloadPilot    9: 4096 op, 34750915.00 ns, 8.4841 us/op
WorkloadPilot   10: 8192 op, 67571786.00 ns, 8.2485 us/op
WorkloadPilot   11: 16384 op, 135269187.00 ns, 8.2562 us/op
WorkloadPilot   12: 32768 op, 276211459.00 ns, 8.4293 us/op
WorkloadPilot   13: 65536 op, 546190039.00 ns, 8.3342 us/op

OverheadWarmup   1: 65536 op, 216743.00 ns, 3.3072 ns/op
OverheadWarmup   2: 65536 op, 232864.00 ns, 3.5532 ns/op
OverheadWarmup   3: 65536 op, 233225.00 ns, 3.5587 ns/op
OverheadWarmup   4: 65536 op, 217274.00 ns, 3.3153 ns/op
OverheadWarmup   5: 65536 op, 216483.00 ns, 3.3033 ns/op
OverheadWarmup   6: 65536 op, 216463.00 ns, 3.3030 ns/op
OverheadWarmup   7: 65536 op, 216483.00 ns, 3.3033 ns/op
OverheadWarmup   8: 65536 op, 234306.00 ns, 3.5752 ns/op
OverheadWarmup   9: 65536 op, 216483.00 ns, 3.3033 ns/op

OverheadActual   1: 65536 op, 216483.00 ns, 3.3033 ns/op
OverheadActual   2: 65536 op, 216443.00 ns, 3.3027 ns/op
OverheadActual   3: 65536 op, 216463.00 ns, 3.3030 ns/op
OverheadActual   4: 65536 op, 216464.00 ns, 3.3030 ns/op
OverheadActual   5: 65536 op, 234647.00 ns, 3.5804 ns/op
OverheadActual   6: 65536 op, 216403.00 ns, 3.3020 ns/op
OverheadActual   7: 65536 op, 217265.00 ns, 3.3152 ns/op
OverheadActual   8: 65536 op, 216493.00 ns, 3.3034 ns/op
OverheadActual   9: 65536 op, 219870.00 ns, 3.3549 ns/op
OverheadActual  10: 65536 op, 216463.00 ns, 3.3030 ns/op
OverheadActual  11: 65536 op, 235038.00 ns, 3.5864 ns/op
OverheadActual  12: 65536 op, 217255.00 ns, 3.3150 ns/op
OverheadActual  13: 65536 op, 216453.00 ns, 3.3028 ns/op
OverheadActual  14: 65536 op, 216484.00 ns, 3.3033 ns/op
OverheadActual  15: 65536 op, 216463.00 ns, 3.3030 ns/op

WorkloadWarmup   1: 65536 op, 553655392.00 ns, 8.4481 us/op
WorkloadWarmup   2: 65536 op, 556627947.00 ns, 8.4935 us/op
WorkloadWarmup   3: 65536 op, 551931541.00 ns, 8.4218 us/op

// BeforeActualRun
WorkloadActual   1: 65536 op, 552520449.00 ns, 8.4308 us/op
WorkloadActual   2: 65536 op, 557391089.00 ns, 8.5051 us/op
WorkloadActual   3: 65536 op, 553470077.00 ns, 8.4453 us/op

// AfterActualRun
WorkloadResult   1: 65536 op, 552303966.00 ns, 8.4275 us/op
WorkloadResult   2: 65536 op, 557174606.00 ns, 8.5018 us/op
WorkloadResult   3: 65536 op, 553253594.00 ns, 8.4420 us/op
// GC:  65 0 0 1092630976 65536
// Threading:  0 0 65536

// AfterAll
// Benchmark Process 3426 has exited with code 0.

Mean = 8.457 μs, StdErr = 0.023 μs (0.27%), N = 3, StdDev = 0.039 μs
Min = 8.427 μs, Q1 = 8.435 μs, Median = 8.442 μs, Q3 = 8.472 μs, Max = 8.502 μs
IQR = 0.037 μs, LowerFence = 8.379 μs, UpperFence = 8.528 μs
ConfidenceInterval = [7.738 μs; 9.176 μs] (CI 99.9%), Margin = 0.719 μs (8.50% of Mean)
Skewness = 0.33, Kurtosis = 0.67, MValue = 2

// ** Remained 5 (55.6 %) benchmark(s) to run. Estimated finish 2026-10-07 13:35 (0h 0m from now) **
// **************************
// Benchmark: EncryptedFieldBenchmarks.DecryptOrPlaceholder_NullKey: ShortRun(IterationCount=3, LaunchCount=1, WarmupCount=3)
// *** Execute ***
// Launch: 1 / 1
// Execute: dotnet Encina.Audit.Marten.Benchmarks-ShortRun-1.dll --anonymousPipes 144 146 --benchmarkName Encina.Audit.Marten.Benchmarks.EncryptedFieldBenchmarks.DecryptOrPlaceholder_NullKey --job ShortRun --benchmarkId 4 in /home/runner/work/Encina/Encina/tests/Encina.BenchmarkTests/Encina.Audit.Marten.Benchmarks/bin/Release/net10.0/Encina.Audit.Marten.Benchmarks-ShortRun-1/bin/Release/net10.0
// Failed to set up high priority (Permission denied). In order to run benchmarks with high priority, make sure you have the right permissions.
// BeforeAnythingElse

// Benchmark Process Environment Information:
// BenchmarkDotNet v0.15.8
// Runtime=.NET 10.0.12 (10.0.12, 10.0.1226.42308), X64 RyuJIT x86-64-v3
// GC=Concurrent Workstation
// HardwareIntrinsics=AVX2+BMI1+BMI2+F16C+FMA+LZCNT+MOVBE,AVX,SSE3+SSSE3+SSE4.1+SSE4.2+POPCNT,X86Base+SSE+SSE2,AES+PCLMUL VectorSize=256
// Job: ShortRun(IterationCount=3, LaunchCount=1, WarmupCount=3)

OverheadJitting  1: 1 op, 219960.00 ns, 219.9600 us/op
WorkloadJitting  1: 1 op, 395567.00 ns, 395.5670 us/op

OverheadJitting  2: 16 op, 441973.00 ns, 27.6233 us/op
WorkloadJitting  2: 16 op, 431534.00 ns, 26.9709 us/op

WorkloadPilot    1: 16 op, 621.00 ns, 38.8125 ns/op
WorkloadPilot    2: 32 op, 701.00 ns, 21.9063 ns/op
WorkloadPilot    3: 64 op, 851.00 ns, 13.2969 ns/op
WorkloadPilot    4: 128 op, 1112.00 ns, 8.6875 ns/op
WorkloadPilot    5: 256 op, 1723.00 ns, 6.7305 ns/op
WorkloadPilot    6: 512 op, 2865.00 ns, 5.5957 ns/op
WorkloadPilot    7: 1024 op, 5149.00 ns, 5.0283 ns/op
WorkloadPilot    8: 2048 op, 9828.00 ns, 4.7988 ns/op
WorkloadPilot    9: 4096 op, 19837.00 ns, 4.8430 ns/op
WorkloadPilot   10: 8192 op, 37570.00 ns, 4.5862 ns/op
WorkloadPilot   11: 16384 op, 75290.00 ns, 4.5953 ns/op
WorkloadPilot   12: 32768 op, 148356.00 ns, 4.5275 ns/op
WorkloadPilot   13: 65536 op, 316429.00 ns, 4.8283 ns/op
WorkloadPilot   14: 131072 op, 608012.00 ns, 4.6388 ns/op
WorkloadPilot   15: 262144 op, 1199865.00 ns, 4.5771 ns/op
WorkloadPilot   16: 524288 op, 2402615.00 ns, 4.5826 ns/op
WorkloadPilot   17: 1048576 op, 4781134.00 ns, 4.5596 ns/op
WorkloadPilot   18: 2097152 op, 9595750.00 ns, 4.5756 ns/op
WorkloadPilot   19: 4194304 op, 19178145.00 ns, 4.5724 ns/op
WorkloadPilot   20: 8388608 op, 38362851.00 ns, 4.5732 ns/op
WorkloadPilot   21: 16777216 op, 76589088.00 ns, 4.5651 ns/op
WorkloadPilot   22: 33554432 op, 153192836.00 ns, 4.5655 ns/op
WorkloadPilot   23: 67108864 op, 306881083.00 ns, 4.5729 ns/op
WorkloadPilot   24: 134217728 op, 612649895.00 ns, 4.5646 ns/op

OverheadWarmup   1: 134217728 op, 447478422.00 ns, 3.3340 ns/op
OverheadWarmup   2: 134217728 op, 448251212.00 ns, 3.3397 ns/op
OverheadWarmup   3: 134217728 op, 447454169.00 ns, 3.3338 ns/op
OverheadWarmup   4: 134217728 op, 448272002.00 ns, 3.3399 ns/op
OverheadWarmup   5: 134217728 op, 447230923.00 ns, 3.3321 ns/op

OverheadActual   1: 134217728 op, 447065685.00 ns, 3.3309 ns/op
OverheadActual   2: 134217728 op, 447176653.00 ns, 3.3317 ns/op
OverheadActual   3: 134217728 op, 447193544.00 ns, 3.3319 ns/op
OverheadActual   4: 134217728 op, 446599076.00 ns, 3.3274 ns/op
OverheadActual   5: 134217728 op, 447130776.00 ns, 3.3314 ns/op
OverheadActual   6: 134217728 op, 447128503.00 ns, 3.3314 ns/op
OverheadActual   7: 134217728 op, 447172685.00 ns, 3.3317 ns/op
OverheadActual   8: 134217728 op, 447284113.00 ns, 3.3325 ns/op
OverheadActual   9: 134217728 op, 447795074.00 ns, 3.3363 ns/op
OverheadActual  10: 134217728 op, 446770205.00 ns, 3.3287 ns/op
OverheadActual  11: 134217728 op, 446437626.00 ns, 3.3262 ns/op
OverheadActual  12: 134217728 op, 448617235.00 ns, 3.3425 ns/op
OverheadActual  13: 134217728 op, 446659479.00 ns, 3.3279 ns/op
OverheadActual  14: 134217728 op, 447512377.00 ns, 3.3342 ns/op
OverheadActual  15: 134217728 op, 446659764.00 ns, 3.3279 ns/op

WorkloadWarmup   1: 134217728 op, 611703614.00 ns, 4.5575 ns/op
WorkloadWarmup   2: 134217728 op, 611470671.00 ns, 4.5558 ns/op
WorkloadWarmup   3: 134217728 op, 611305914.00 ns, 4.5546 ns/op

// BeforeActualRun
WorkloadActual   1: 134217728 op, 613318121.00 ns, 4.5696 ns/op
WorkloadActual   2: 134217728 op, 612873513.00 ns, 4.5663 ns/op
WorkloadActual   3: 134217728 op, 612692936.00 ns, 4.5649 ns/op

// AfterActualRun
WorkloadResult   1: 134217728 op, 166187345.00 ns, 1.2382 ns/op
WorkloadResult   2: 134217728 op, 165742737.00 ns, 1.2349 ns/op
WorkloadResult   3: 134217728 op, 165562160.00 ns, 1.2335 ns/op
// GC:  0 0 0 0 134217728
// Threading:  0 0 134217728

// AfterAll
// Benchmark Process 3432 has exited with code 0.

Mean = 1.236 ns, StdErr = 0.001 ns (0.11%), N = 3, StdDev = 0.002 ns
Min = 1.234 ns, Q1 = 1.234 ns, Median = 1.235 ns, Q3 = 1.237 ns, Max = 1.238 ns
IQR = 0.002 ns, LowerFence = 1.231 ns, UpperFence = 1.240 ns
ConfidenceInterval = [1.192 ns; 1.279 ns] (CI 99.9%), Margin = 0.044 ns (3.54% of Mean)
Skewness = 0.25, Kurtosis = 0.67, MValue = 2

// ** Remained 4 (44.4 %) benchmark(s) to run. Estimated finish 2026-10-07 13:35 (0h 0m from now) **
// **************************
// Benchmark: EncryptedFieldBenchmarks.Decrypt_Short_16B: ShortRun(IterationCount=3, LaunchCount=1, WarmupCount=3)
// *** Execute ***
// Launch: 1 / 1
// Execute: dotnet Encina.Audit.Marten.Benchmarks-ShortRun-1.dll --anonymousPipes 144 146 --benchmarkName Encina.Audit.Marten.Benchmarks.EncryptedFieldBenchmarks.Decrypt_Short_16B --job ShortRun --benchmarkId 5 in /home/runner/work/Encina/Encina/tests/Encina.BenchmarkTests/Encina.Audit.Marten.Benchmarks/bin/Release/net10.0/Encina.Audit.Marten.Benchmarks-ShortRun-1/bin/Release/net10.0
// Failed to set up high priority (Permission denied). In order to run benchmarks with high priority, make sure you have the right permissions.
// BeforeAnythingElse

// Benchmark Process Environment Information:
// BenchmarkDotNet v0.15.8
// Runtime=.NET 10.0.12 (10.0.12, 10.0.1226.42308), X64 RyuJIT x86-64-v3
// GC=Concurrent Workstation
// HardwareIntrinsics=AVX2+BMI1+BMI2+F16C+FMA+LZCNT+MOVBE,AVX,SSE3+SSSE3+SSE4.1+SSE4.2+POPCNT,X86Base+SSE+SSE2,AES+PCLMUL VectorSize=256
// Job: ShortRun(IterationCount=3, LaunchCount=1, WarmupCount=3)

OverheadJitting  1: 1 op, 225621.00 ns, 225.6210 us/op
WorkloadJitting  1: 1 op, 7563303.00 ns, 7.5633 ms/op

OverheadJitting  2: 16 op, 443806.00 ns, 27.7379 us/op
WorkloadJitting  2: 16 op, 586873.00 ns, 36.6796 us/op

WorkloadPilot    1: 16 op, 108602.00 ns, 6.7876 us/op
WorkloadPilot    2: 32 op, 198068.00 ns, 6.1896 us/op
WorkloadPilot    3: 64 op, 320617.00 ns, 5.0096 us/op
WorkloadPilot    4: 128 op, 638398.00 ns, 4.9875 us/op
WorkloadPilot    5: 256 op, 1258203.00 ns, 4.9149 us/op
WorkloadPilot    6: 512 op, 2470811.00 ns, 4.8258 us/op
WorkloadPilot    7: 1024 op, 4733073.00 ns, 4.6221 us/op
WorkloadPilot    8: 2048 op, 9463141.00 ns, 4.6207 us/op
WorkloadPilot    9: 4096 op, 18963250.00 ns, 4.6297 us/op
WorkloadPilot   10: 8192 op, 37837184.00 ns, 4.6188 us/op
WorkloadPilot   11: 16384 op, 75632087.00 ns, 4.6162 us/op
WorkloadPilot   12: 32768 op, 151025220.00 ns, 4.6089 us/op
WorkloadPilot   13: 65536 op, 298142052.00 ns, 4.5493 us/op
WorkloadPilot   14: 131072 op, 591140466.00 ns, 4.5100 us/op

OverheadWarmup   1: 131072 op, 469134.00 ns, 3.5792 ns/op
OverheadWarmup   2: 131072 op, 433147.00 ns, 3.3046 ns/op
OverheadWarmup   3: 131072 op, 451280.00 ns, 3.4430 ns/op
OverheadWarmup   4: 131072 op, 450309.00 ns, 3.4356 ns/op
OverheadWarmup   5: 131072 op, 448826.00 ns, 3.4243 ns/op
OverheadWarmup   6: 131072 op, 447573.00 ns, 3.4147 ns/op
OverheadWarmup   7: 131072 op, 448154.00 ns, 3.4191 ns/op
OverheadWarmup   8: 131072 op, 450078.00 ns, 3.4338 ns/op
OverheadWarmup   9: 131072 op, 450599.00 ns, 3.4378 ns/op
OverheadWarmup  10: 131072 op, 449167.00 ns, 3.4269 ns/op

OverheadActual   1: 131072 op, 432355.00 ns, 3.2986 ns/op
OverheadActual   2: 131072 op, 432336.00 ns, 3.2985 ns/op
OverheadActual   3: 131072 op, 433217.00 ns, 3.3052 ns/op
OverheadActual   4: 131072 op, 454255.00 ns, 3.4657 ns/op
OverheadActual   5: 131072 op, 432335.00 ns, 3.2985 ns/op
OverheadActual   6: 131072 op, 432375.00 ns, 3.2988 ns/op
OverheadActual   7: 131072 op, 449036.00 ns, 3.4259 ns/op
OverheadActual   8: 131072 op, 450730.00 ns, 3.4388 ns/op
OverheadActual   9: 131072 op, 451802.00 ns, 3.4470 ns/op
OverheadActual  10: 131072 op, 449146.00 ns, 3.4267 ns/op
OverheadActual  11: 131072 op, 448274.00 ns, 3.4201 ns/op
OverheadActual  12: 131072 op, 449096.00 ns, 3.4263 ns/op
OverheadActual  13: 131072 op, 449797.00 ns, 3.4317 ns/op
OverheadActual  14: 131072 op, 449747.00 ns, 3.4313 ns/op
OverheadActual  15: 131072 op, 432406.00 ns, 3.2990 ns/op

WorkloadWarmup   1: 131072 op, 590191939.00 ns, 4.5028 us/op
WorkloadWarmup   2: 131072 op, 590262251.00 ns, 4.5033 us/op
WorkloadWarmup   3: 131072 op, 585156534.00 ns, 4.4644 us/op

// BeforeActualRun
WorkloadActual   1: 131072 op, 586056238.00 ns, 4.4713 us/op
WorkloadActual   2: 131072 op, 583604724.00 ns, 4.4526 us/op
WorkloadActual   3: 131072 op, 583338207.00 ns, 4.4505 us/op

// AfterActualRun
WorkloadResult   1: 131072 op, 585607202.00 ns, 4.4678 us/op
WorkloadResult   2: 131072 op, 583155688.00 ns, 4.4491 us/op
WorkloadResult   3: 131072 op, 582889171.00 ns, 4.4471 us/op
// GC:  2 0 0 45089440 131072
// Threading:  0 0 131072

// AfterAll
// Benchmark Process 3439 has exited with code 0.

Mean = 4.455 μs, StdErr = 0.007 μs (0.15%), N = 3, StdDev = 0.011 μs
Min = 4.447 μs, Q1 = 4.448 μs, Median = 4.449 μs, Q3 = 4.458 μs, Max = 4.468 μs
IQR = 0.010 μs, LowerFence = 4.433 μs, UpperFence = 4.474 μs
ConfidenceInterval = [4.246 μs; 4.663 μs] (CI 99.9%), Margin = 0.209 μs (4.68% of Mean)
Skewness = 0.37, Kurtosis = 0.67, MValue = 2

// ** Remained 3 (33.3 %) benchmark(s) to run. Estimated finish 2026-10-07 13:35 (0h 0m from now) **
// **************************
// Benchmark: EncryptedFieldBenchmarks.Decrypt_VeryLong_64KB: ShortRun(IterationCount=3, LaunchCount=1, WarmupCount=3)
// *** Execute ***
// Launch: 1 / 1
// Execute: dotnet Encina.Audit.Marten.Benchmarks-ShortRun-1.dll --anonymousPipes 144 146 --benchmarkName Encina.Audit.Marten.Benchmarks.EncryptedFieldBenchmarks.Decrypt_VeryLong_64KB --job ShortRun --benchmarkId 6 in /home/runner/work/Encina/Encina/tests/Encina.BenchmarkTests/Encina.Audit.Marten.Benchmarks/bin/Release/net10.0/Encina.Audit.Marten.Benchmarks-ShortRun-1/bin/Release/net10.0
// Failed to set up high priority (Permission denied). In order to run benchmarks with high priority, make sure you have the right permissions.
// BeforeAnythingElse

// Benchmark Process Environment Information:
// BenchmarkDotNet v0.15.8
// Runtime=.NET 10.0.12 (10.0.12, 10.0.1226.42308), X64 RyuJIT x86-64-v3
// GC=Concurrent Workstation
// HardwareIntrinsics=AVX2+BMI1+BMI2+F16C+FMA+LZCNT+MOVBE,AVX,SSE3+SSSE3+SSE4.1+SSE4.2+POPCNT,X86Base+SSE+SSE2,AES+PCLMUL VectorSize=256
// Job: ShortRun(IterationCount=3, LaunchCount=1, WarmupCount=3)

OverheadJitting  1: 1 op, 225730.00 ns, 225.7300 us/op
WorkloadJitting  1: 1 op, 7811675.00 ns, 7.8117 ms/op

OverheadJitting  2: 16 op, 421776.00 ns, 26.3610 us/op
WorkloadJitting  2: 16 op, 3479658.00 ns, 217.4786 us/op

WorkloadPilot    1: 16 op, 2883629.00 ns, 180.2268 us/op
WorkloadPilot    2: 32 op, 4777626.00 ns, 149.3008 us/op
WorkloadPilot    3: 64 op, 9621455.00 ns, 150.3352 us/op
WorkloadPilot    4: 128 op, 17752886.00 ns, 138.6944 us/op
WorkloadPilot    5: 256 op, 33722920.00 ns, 131.7302 us/op
WorkloadPilot    6: 512 op, 66630603.00 ns, 130.1379 us/op
WorkloadPilot    7: 1024 op, 132000749.00 ns, 128.9070 us/op
WorkloadPilot    8: 2048 op, 259814194.00 ns, 126.8624 us/op
WorkloadPilot    9: 4096 op, 515293852.00 ns, 125.8042 us/op

OverheadWarmup   1: 4096 op, 14306.00 ns, 3.4927 ns/op
OverheadWarmup   2: 4096 op, 14006.00 ns, 3.4194 ns/op
OverheadWarmup   3: 4096 op, 13976.00 ns, 3.4121 ns/op
OverheadWarmup   4: 4096 op, 14006.00 ns, 3.4194 ns/op
OverheadWarmup   5: 4096 op, 14017.00 ns, 3.4221 ns/op
OverheadWarmup   6: 4096 op, 13986.00 ns, 3.4146 ns/op
OverheadWarmup   7: 4096 op, 14016.00 ns, 3.4219 ns/op
OverheadWarmup   8: 4096 op, 14207.00 ns, 3.4685 ns/op
OverheadWarmup   9: 4096 op, 14027.00 ns, 3.4246 ns/op

OverheadActual   1: 4096 op, 14076.00 ns, 3.4365 ns/op
OverheadActual   2: 4096 op, 32540.00 ns, 7.9443 ns/op
OverheadActual   3: 4096 op, 14127.00 ns, 3.4490 ns/op
OverheadActual   4: 4096 op, 14106.00 ns, 3.4438 ns/op
OverheadActual   5: 4096 op, 14047.00 ns, 3.4294 ns/op
OverheadActual   6: 4096 op, 14006.00 ns, 3.4194 ns/op
OverheadActual   7: 4096 op, 14016.00 ns, 3.4219 ns/op
OverheadActual   8: 4096 op, 14046.00 ns, 3.4292 ns/op
OverheadActual   9: 4096 op, 13997.00 ns, 3.4172 ns/op
OverheadActual  10: 4096 op, 14026.00 ns, 3.4243 ns/op
OverheadActual  11: 4096 op, 31749.00 ns, 7.7512 ns/op
OverheadActual  12: 4096 op, 14006.00 ns, 3.4194 ns/op
OverheadActual  13: 4096 op, 14006.00 ns, 3.4194 ns/op
OverheadActual  14: 4096 op, 14006.00 ns, 3.4194 ns/op
OverheadActual  15: 4096 op, 13996.00 ns, 3.4170 ns/op

WorkloadWarmup   1: 4096 op, 515704296.00 ns, 125.9044 us/op
WorkloadWarmup   2: 4096 op, 506114671.00 ns, 123.5632 us/op
WorkloadWarmup   3: 4096 op, 505956406.00 ns, 123.5245 us/op

// BeforeActualRun
WorkloadActual   1: 4096 op, 513312423.00 ns, 125.3204 us/op
WorkloadActual   2: 4096 op, 518256388.00 ns, 126.5274 us/op
WorkloadActual   3: 4096 op, 525931927.00 ns, 128.4013 us/op

// AfterActualRun
WorkloadResult   1: 4096 op, 513298397.00 ns, 125.3170 us/op
WorkloadResult   2: 4096 op, 518242362.00 ns, 126.5240 us/op
WorkloadResult   3: 4096 op, 525917901.00 ns, 128.3979 us/op
// GC:  170 170 170 1075131136 4096
// Threading:  0 0 4096

// AfterAll
// Benchmark Process 3451 has exited with code 0.

Mean = 126.746 μs, StdErr = 0.896 μs (0.71%), N = 3, StdDev = 1.552 μs
Min = 125.317 μs, Q1 = 125.921 μs, Median = 126.524 μs, Q3 = 127.461 μs, Max = 128.398 μs
IQR = 1.540 μs, LowerFence = 123.610 μs, UpperFence = 129.772 μs
ConfidenceInterval = [98.424 μs; 155.069 μs] (CI 99.9%), Margin = 28.322 μs (22.35% of Mean)
Skewness = 0.14, Kurtosis = 0.67, MValue = 2

// ** Remained 2 (22.2 %) benchmark(s) to run. Estimated finish 2026-10-07 13:35 (0h 0m from now) **
// **************************
// Benchmark: EncryptedFieldBenchmarks.Encrypt_Long_4KB: ShortRun(IterationCount=3, LaunchCount=1, WarmupCount=3)
// *** Execute ***
// Launch: 1 / 1
// Execute: dotnet Encina.Audit.Marten.Benchmarks-ShortRun-1.dll --anonymousPipes 144 146 --benchmarkName Encina.Audit.Marten.Benchmarks.EncryptedFieldBenchmarks.Encrypt_Long_4KB --job ShortRun --benchmarkId 7 in /home/runner/work/Encina/Encina/tests/Encina.BenchmarkTests/Encina.Audit.Marten.Benchmarks/bin/Release/net10.0/Encina.Audit.Marten.Benchmarks-ShortRun-1/bin/Release/net10.0
// Failed to set up high priority (Permission denied). In order to run benchmarks with high priority, make sure you have the right permissions.
// BeforeAnythingElse

// Benchmark Process Environment Information:
// BenchmarkDotNet v0.15.8
// Runtime=.NET 10.0.12 (10.0.12, 10.0.1226.42308), X64 RyuJIT x86-64-v3
// GC=Concurrent Workstation
// HardwareIntrinsics=AVX2+BMI1+BMI2+F16C+FMA+LZCNT+MOVBE,AVX,SSE3+SSSE3+SSE4.1+SSE4.2+POPCNT,X86Base+SSE+SSE2,AES+PCLMUL VectorSize=256
// Job: ShortRun(IterationCount=3, LaunchCount=1, WarmupCount=3)

OverheadJitting  1: 1 op, 232272.00 ns, 232.2720 us/op
WorkloadJitting  1: 1 op, 340714.00 ns, 340.7140 us/op

OverheadJitting  2: 16 op, 494531.00 ns, 30.9082 us/op
WorkloadJitting  2: 16 op, 1054233.00 ns, 65.8896 us/op

WorkloadPilot    1: 16 op, 455108.00 ns, 28.4443 us/op
WorkloadPilot    2: 32 op, 718778.00 ns, 22.4618 us/op
WorkloadPilot    3: 64 op, 1709614.00 ns, 26.7127 us/op
WorkloadPilot    4: 128 op, 3430216.00 ns, 26.7986 us/op
WorkloadPilot    5: 256 op, 6621500.00 ns, 25.8652 us/op
WorkloadPilot    6: 512 op, 11333873.00 ns, 22.1365 us/op
WorkloadPilot    7: 1024 op, 11079239.00 ns, 10.8196 us/op
WorkloadPilot    8: 2048 op, 20117538.00 ns, 9.8230 us/op
WorkloadPilot    9: 4096 op, 43377507.00 ns, 10.5902 us/op
WorkloadPilot   10: 8192 op, 80660135.00 ns, 9.8462 us/op
WorkloadPilot   11: 16384 op, 162598791.00 ns, 9.9242 us/op
WorkloadPilot   12: 32768 op, 318969124.00 ns, 9.7342 us/op
WorkloadPilot   13: 65536 op, 647770343.00 ns, 9.8842 us/op

OverheadWarmup   1: 65536 op, 217004.00 ns, 3.3112 ns/op
OverheadWarmup   2: 65536 op, 216593.00 ns, 3.3049 ns/op
OverheadWarmup   3: 65536 op, 216543.00 ns, 3.3042 ns/op
OverheadWarmup   4: 65536 op, 233515.00 ns, 3.5632 ns/op
OverheadWarmup   5: 65536 op, 232873.00 ns, 3.5534 ns/op
OverheadWarmup   6: 65536 op, 216473.00 ns, 3.3031 ns/op
OverheadWarmup   7: 65536 op, 216493.00 ns, 3.3034 ns/op
OverheadWarmup   8: 65536 op, 217265.00 ns, 3.3152 ns/op
OverheadWarmup   9: 65536 op, 216483.00 ns, 3.3033 ns/op

OverheadActual   1: 65536 op, 216534.00 ns, 3.3040 ns/op
OverheadActual   2: 65536 op, 216464.00 ns, 3.3030 ns/op
OverheadActual   3: 65536 op, 240427.00 ns, 3.6686 ns/op
OverheadActual   4: 65536 op, 216463.00 ns, 3.3030 ns/op
OverheadActual   5: 65536 op, 216503.00 ns, 3.3036 ns/op
OverheadActual   6: 65536 op, 216494.00 ns, 3.3034 ns/op
OverheadActual   7: 65536 op, 216453.00 ns, 3.3028 ns/op
OverheadActual   8: 65536 op, 233155.00 ns, 3.5577 ns/op
OverheadActual   9: 65536 op, 216453.00 ns, 3.3028 ns/op
OverheadActual  10: 65536 op, 231321.00 ns, 3.5297 ns/op
OverheadActual  11: 65536 op, 216513.00 ns, 3.3037 ns/op
OverheadActual  12: 65536 op, 216483.00 ns, 3.3033 ns/op
OverheadActual  13: 65536 op, 232543.00 ns, 3.5483 ns/op
OverheadActual  14: 65536 op, 216483.00 ns, 3.3033 ns/op
OverheadActual  15: 65536 op, 217335.00 ns, 3.3163 ns/op

WorkloadWarmup   1: 65536 op, 651707504.00 ns, 9.9443 us/op
WorkloadWarmup   2: 65536 op, 673099511.00 ns, 10.2707 us/op
WorkloadWarmup   3: 65536 op, 699454380.00 ns, 10.6728 us/op

// BeforeActualRun
WorkloadActual   1: 65536 op, 698639883.00 ns, 10.6604 us/op
WorkloadActual   2: 65536 op, 701786433.00 ns, 10.7084 us/op
WorkloadActual   3: 65536 op, 692542188.00 ns, 10.5674 us/op

// AfterActualRun
WorkloadResult   1: 65536 op, 698423380.00 ns, 10.6571 us/op
WorkloadResult   2: 65536 op, 701569930.00 ns, 10.7051 us/op
WorkloadResult   3: 65536 op, 692325685.00 ns, 10.5641 us/op
// GC:  145 5 0 2432204736 65536
// Threading:  0 0 65536

// AfterAll
// Benchmark Process 3458 has exited with code 0.

Mean = 10.642 μs, StdErr = 0.041 μs (0.39%), N = 3, StdDev = 0.072 μs
Min = 10.564 μs, Q1 = 10.611 μs, Median = 10.657 μs, Q3 = 10.681 μs, Max = 10.705 μs
IQR = 0.071 μs, LowerFence = 10.505 μs, UpperFence = 10.787 μs
ConfidenceInterval = [9.334 μs; 11.950 μs] (CI 99.9%), Margin = 1.308 μs (12.29% of Mean)
Skewness = -0.2, Kurtosis = 0.67, MValue = 2

// ** Remained 1 (11.1 %) benchmark(s) to run. Estimated finish 2026-10-07 13:35 (0h 0m from now) **
// **************************
// Benchmark: EncryptedFieldBenchmarks.Encrypt_Short_16B: ShortRun(IterationCount=3, LaunchCount=1, WarmupCount=3)
// *** Execute ***
// Launch: 1 / 1
// Execute: dotnet Encina.Audit.Marten.Benchmarks-ShortRun-1.dll --anonymousPipes 144 146 --benchmarkName Encina.Audit.Marten.Benchmarks.EncryptedFieldBenchmarks.Encrypt_Short_16B --job ShortRun --benchmarkId 8 in /home/runner/work/Encina/Encina/tests/Encina.BenchmarkTests/Encina.Audit.Marten.Benchmarks/bin/Release/net10.0/Encina.Audit.Marten.Benchmarks-ShortRun-1/bin/Release/net10.0
// Failed to set up high priority (Permission denied). In order to run benchmarks with high priority, make sure you have the right permissions.
// BeforeAnythingElse

// Benchmark Process Environment Information:
// BenchmarkDotNet v0.15.8
// Runtime=.NET 10.0.12 (10.0.12, 10.0.1226.42308), X64 RyuJIT x86-64-v3
// GC=Concurrent Workstation
// HardwareIntrinsics=AVX2+BMI1+BMI2+F16C+FMA+LZCNT+MOVBE,AVX,SSE3+SSSE3+SSE4.1+SSE4.2+POPCNT,X86Base+SSE+SSE2,AES+PCLMUL VectorSize=256
// Job: ShortRun(IterationCount=3, LaunchCount=1, WarmupCount=3)

OverheadJitting  1: 1 op, 254975.00 ns, 254.9750 us/op
WorkloadJitting  1: 1 op, 387021.00 ns, 387.0210 us/op

OverheadJitting  2: 16 op, 472089.00 ns, 29.5056 us/op
WorkloadJitting  2: 16 op, 776065.00 ns, 48.5041 us/op

WorkloadPilot    1: 16 op, 152855.00 ns, 9.5534 us/op
WorkloadPilot    2: 32 op, 229127.00 ns, 7.1602 us/op
WorkloadPilot    3: 64 op, 451080.00 ns, 7.0481 us/op
WorkloadPilot    4: 128 op, 827110.00 ns, 6.4618 us/op
WorkloadPilot    5: 256 op, 1471400.00 ns, 5.7477 us/op
WorkloadPilot    6: 512 op, 3001149.00 ns, 5.8616 us/op
WorkloadPilot    7: 1024 op, 5851978.00 ns, 5.7148 us/op
WorkloadPilot    8: 2048 op, 11748187.00 ns, 5.7364 us/op
WorkloadPilot    9: 4096 op, 23361876.00 ns, 5.7036 us/op
WorkloadPilot   10: 8192 op, 47058605.00 ns, 5.7445 us/op
WorkloadPilot   11: 16384 op, 86922742.00 ns, 5.3053 us/op
WorkloadPilot   12: 32768 op, 167822969.00 ns, 5.1216 us/op
WorkloadPilot   13: 65536 op, 329586402.00 ns, 5.0291 us/op
WorkloadPilot   14: 131072 op, 665187947.00 ns, 5.0750 us/op

OverheadWarmup   1: 131072 op, 451611.00 ns, 3.4455 ns/op
OverheadWarmup   2: 131072 op, 432536.00 ns, 3.3000 ns/op
OverheadWarmup   3: 131072 op, 453375.00 ns, 3.4590 ns/op
OverheadWarmup   4: 131072 op, 432355.00 ns, 3.2986 ns/op
OverheadWarmup   5: 131072 op, 449237.00 ns, 3.4274 ns/op
OverheadWarmup   6: 131072 op, 447434.00 ns, 3.4137 ns/op

OverheadActual   1: 131072 op, 451030.00 ns, 3.4411 ns/op
OverheadActual   2: 131072 op, 432475.00 ns, 3.2995 ns/op
OverheadActual   3: 131072 op, 455348.00 ns, 3.4740 ns/op
OverheadActual   4: 131072 op, 432356.00 ns, 3.2986 ns/op
OverheadActual   5: 131072 op, 452583.00 ns, 3.4529 ns/op
OverheadActual   6: 131072 op, 432435.00 ns, 3.2992 ns/op
OverheadActual   7: 131072 op, 432345.00 ns, 3.2985 ns/op
OverheadActual   8: 131072 op, 432425.00 ns, 3.2991 ns/op
OverheadActual   9: 131072 op, 435942.00 ns, 3.3260 ns/op
OverheadActual  10: 131072 op, 432605.00 ns, 3.3005 ns/op
OverheadActual  11: 131072 op, 432375.00 ns, 3.2988 ns/op
OverheadActual  12: 131072 op, 433196.00 ns, 3.3050 ns/op
OverheadActual  13: 131072 op, 432375.00 ns, 3.2988 ns/op
OverheadActual  14: 131072 op, 432395.00 ns, 3.2989 ns/op
OverheadActual  15: 131072 op, 432355.00 ns, 3.2986 ns/op

WorkloadWarmup   1: 131072 op, 664700760.00 ns, 5.0713 us/op
WorkloadWarmup   2: 131072 op, 661669550.00 ns, 5.0481 us/op
WorkloadWarmup   3: 131072 op, 661137186.00 ns, 5.0441 us/op

// BeforeActualRun
WorkloadActual   1: 131072 op, 661986577.00 ns, 5.0506 us/op
WorkloadActual   2: 131072 op, 659923867.00 ns, 5.0348 us/op
WorkloadActual   3: 131072 op, 660676859.00 ns, 5.0406 us/op

// AfterActualRun
WorkloadResult   1: 131072 op, 661554142.00 ns, 5.0473 us/op
WorkloadResult   2: 131072 op, 659491432.00 ns, 5.0315 us/op
WorkloadResult   3: 131072 op, 660244424.00 ns, 5.0373 us/op
// GC:  11 0 0 196086400 131072
// Threading:  0 0 131072

// AfterAll
// Benchmark Process 3466 has exited with code 0.

Mean = 5.039 μs, StdErr = 0.005 μs (0.09%), N = 3, StdDev = 0.008 μs
Min = 5.032 μs, Q1 = 5.034 μs, Median = 5.037 μs, Q3 = 5.042 μs, Max = 5.047 μs
IQR = 0.008 μs, LowerFence = 5.023 μs, UpperFence = 5.054 μs
ConfidenceInterval = [4.893 μs; 5.184 μs] (CI 99.9%), Margin = 0.145 μs (2.88% of Mean)
Skewness = 0.17, Kurtosis = 0.67, MValue = 2

// ** Remained 0 (0.0 %) benchmark(s) to run. Estimated finish 2026-10-07 13:35 (0h 0m from now) **
// ***** BenchmarkRunner: Finish  *****

// * Export *
  artifacts/performance/AuditMarten/results/Encina.Audit.Marten.Benchmarks.EncryptedFieldBenchmarks-report.csv
  artifacts/performance/AuditMarten/results/Encina.Audit.Marten.Benchmarks.EncryptedFieldBenchmarks-report-github.md
  artifacts/performance/AuditMarten/results/Encina.Audit.Marten.Benchmarks.EncryptedFieldBenchmarks-report.html
  artifacts/performance/AuditMarten/results/Encina.Audit.Marten.Benchmarks.EncryptedFieldBenchmarks-report-full-compressed.json

// * Detailed results *
EncryptedFieldBenchmarks.Encrypt_Medium_256B: ShortRun(IterationCount=3, LaunchCount=1, WarmupCount=3)
Runtime = .NET 10.0.12 (10.0.12, 10.0.1226.42308), X64 RyuJIT x86-64-v3; GC = Concurrent Workstation
Mean = 5.684 μs, StdErr = 0.058 μs (1.02%), N = 3, StdDev = 0.101 μs
Min = 5.601 μs, Q1 = 5.627 μs, Median = 5.653 μs, Q3 = 5.725 μs, Max = 5.796 μs
IQR = 0.097 μs, LowerFence = 5.482 μs, UpperFence = 5.870 μs
ConfidenceInterval = [3.848 μs; 7.519 μs] (CI 99.9%), Margin = 1.836 μs (32.30% of Mean)
Skewness = 0.27, Kurtosis = 0.67, MValue = 2
-------------------- Histogram --------------------
[5.536 μs ; 5.719 μs) | @@
[5.719 μs ; 5.887 μs) | @
---------------------------------------------------

EncryptedFieldBenchmarks.Encrypt_VeryLong_64KB: ShortRun(IterationCount=3, LaunchCount=1, WarmupCount=3)
Runtime = .NET 10.0.12 (10.0.12, 10.0.1226.42308), X64 RyuJIT x86-64-v3; GC = Concurrent Workstation
Mean = 144.489 μs, StdErr = 0.756 μs (0.52%), N = 3, StdDev = 1.309 μs
Min = 143.421 μs, Q1 = 143.759 μs, Median = 144.097 μs, Q3 = 145.023 μs, Max = 145.949 μs
IQR = 1.264 μs, LowerFence = 141.863 μs, UpperFence = 146.919 μs
ConfidenceInterval = [120.612 μs; 168.366 μs] (CI 99.9%), Margin = 23.877 μs (16.53% of Mean)
Skewness = 0.27, Kurtosis = 0.67, MValue = 2
-------------------- Histogram --------------------
[142.230 μs ; 147.140 μs) | @@@
---------------------------------------------------

EncryptedFieldBenchmarks.Decrypt_Medium_256B: ShortRun(IterationCount=3, LaunchCount=1, WarmupCount=3)
Runtime = .NET 10.0.12 (10.0.12, 10.0.1226.42308), X64 RyuJIT x86-64-v3; GC = Concurrent Workstation
Mean = 4.778 μs, StdErr = 0.010 μs (0.21%), N = 3, StdDev = 0.018 μs
Min = 4.762 μs, Q1 = 4.769 μs, Median = 4.775 μs, Q3 = 4.786 μs, Max = 4.797 μs
IQR = 0.017 μs, LowerFence = 4.742 μs, UpperFence = 4.812 μs
ConfidenceInterval = [4.457 μs; 5.099 μs] (CI 99.9%), Margin = 0.321 μs (6.72% of Mean)
Skewness = 0.15, Kurtosis = 0.67, MValue = 2
-------------------- Histogram --------------------
[4.746 μs ; 4.813 μs) | @@@
---------------------------------------------------

EncryptedFieldBenchmarks.Decrypt_Long_4KB: ShortRun(IterationCount=3, LaunchCount=1, WarmupCount=3)
Runtime = .NET 10.0.12 (10.0.12, 10.0.1226.42308), X64 RyuJIT x86-64-v3; GC = Concurrent Workstation
Mean = 8.457 μs, StdErr = 0.023 μs (0.27%), N = 3, StdDev = 0.039 μs
Min = 8.427 μs, Q1 = 8.435 μs, Median = 8.442 μs, Q3 = 8.472 μs, Max = 8.502 μs
IQR = 0.037 μs, LowerFence = 8.379 μs, UpperFence = 8.528 μs
ConfidenceInterval = [7.738 μs; 9.176 μs] (CI 99.9%), Margin = 0.719 μs (8.50% of Mean)
Skewness = 0.33, Kurtosis = 0.67, MValue = 2
-------------------- Histogram --------------------
[8.392 μs ; 8.538 μs) | @@@
---------------------------------------------------

EncryptedFieldBenchmarks.DecryptOrPlaceholder_NullKey: ShortRun(IterationCount=3, LaunchCount=1, WarmupCount=3)
Runtime = .NET 10.0.12 (10.0.12, 10.0.1226.42308), X64 RyuJIT x86-64-v3; GC = Concurrent Workstation
Mean = 1.236 ns, StdErr = 0.001 ns (0.11%), N = 3, StdDev = 0.002 ns
Min = 1.234 ns, Q1 = 1.234 ns, Median = 1.235 ns, Q3 = 1.237 ns, Max = 1.238 ns
IQR = 0.002 ns, LowerFence = 1.231 ns, UpperFence = 1.240 ns
ConfidenceInterval = [1.192 ns; 1.279 ns] (CI 99.9%), Margin = 0.044 ns (3.54% of Mean)
Skewness = 0.25, Kurtosis = 0.67, MValue = 2
-------------------- Histogram --------------------
[1.231 ns ; 1.240 ns) | @@@
---------------------------------------------------

EncryptedFieldBenchmarks.Decrypt_Short_16B: ShortRun(IterationCount=3, LaunchCount=1, WarmupCount=3)
Runtime = .NET 10.0.12 (10.0.12, 10.0.1226.42308), X64 RyuJIT x86-64-v3; GC = Concurrent Workstation
Mean = 4.455 μs, StdErr = 0.007 μs (0.15%), N = 3, StdDev = 0.011 μs
Min = 4.447 μs, Q1 = 4.448 μs, Median = 4.449 μs, Q3 = 4.458 μs, Max = 4.468 μs
IQR = 0.010 μs, LowerFence = 4.433 μs, UpperFence = 4.474 μs
ConfidenceInterval = [4.246 μs; 4.663 μs] (CI 99.9%), Margin = 0.209 μs (4.68% of Mean)
Skewness = 0.37, Kurtosis = 0.67, MValue = 2
-------------------- Histogram --------------------
[4.447 μs ; 4.468 μs) | @@@
---------------------------------------------------

EncryptedFieldBenchmarks.Decrypt_VeryLong_64KB: ShortRun(IterationCount=3, LaunchCount=1, WarmupCount=3)
Runtime = .NET 10.0.12 (10.0.12, 10.0.1226.42308), X64 RyuJIT x86-64-v3; GC = Concurrent Workstation
Mean = 126.746 μs, StdErr = 0.896 μs (0.71%), N = 3, StdDev = 1.552 μs
Min = 125.317 μs, Q1 = 125.921 μs, Median = 126.524 μs, Q3 = 127.461 μs, Max = 128.398 μs
IQR = 1.540 μs, LowerFence = 123.610 μs, UpperFence = 129.772 μs
ConfidenceInterval = [98.424 μs; 155.069 μs] (CI 99.9%), Margin = 28.322 μs (22.35% of Mean)
Skewness = 0.14, Kurtosis = 0.67, MValue = 2
-------------------- Histogram --------------------
[124.508 μs ; 129.811 μs) | @@@
---------------------------------------------------

EncryptedFieldBenchmarks.Encrypt_Long_4KB: ShortRun(IterationCount=3, LaunchCount=1, WarmupCount=3)
Runtime = .NET 10.0.12 (10.0.12, 10.0.1226.42308), X64 RyuJIT x86-64-v3; GC = Concurrent Workstation
Mean = 10.642 μs, StdErr = 0.041 μs (0.39%), N = 3, StdDev = 0.072 μs
Min = 10.564 μs, Q1 = 10.611 μs, Median = 10.657 μs, Q3 = 10.681 μs, Max = 10.705 μs
IQR = 0.071 μs, LowerFence = 10.505 μs, UpperFence = 10.787 μs
ConfidenceInterval = [9.334 μs; 11.950 μs] (CI 99.9%), Margin = 1.308 μs (12.29% of Mean)
Skewness = -0.2, Kurtosis = 0.67, MValue = 2
-------------------- Histogram --------------------
[10.499 μs ; 10.770 μs) | @@@
---------------------------------------------------

EncryptedFieldBenchmarks.Encrypt_Short_16B: ShortRun(IterationCount=3, LaunchCount=1, WarmupCount=3)
Runtime = .NET 10.0.12 (10.0.12, 10.0.1226.42308), X64 RyuJIT x86-64-v3; GC = Concurrent Workstation
Mean = 5.039 μs, StdErr = 0.005 μs (0.09%), N = 3, StdDev = 0.008 μs
Min = 5.032 μs, Q1 = 5.034 μs, Median = 5.037 μs, Q3 = 5.042 μs, Max = 5.047 μs
IQR = 0.008 μs, LowerFence = 5.023 μs, UpperFence = 5.054 μs
ConfidenceInterval = [4.893 μs; 5.184 μs] (CI 99.9%), Margin = 0.145 μs (2.88% of Mean)
Skewness = 0.17, Kurtosis = 0.67, MValue = 2
-------------------- Histogram --------------------
[5.024 μs ; 5.055 μs) | @@@
---------------------------------------------------

// * Summary *

BenchmarkDotNet v0.15.8, Linux Ubuntu 24.04.5 LTS (Noble Numbat)
AMD EPYC 7763 2.45GHz, 1 CPU, 4 logical and 2 physical cores
.NET SDK 10.0.401
  [Host]   : .NET 10.0.12 (10.0.12, 10.0.1226.42308), X64 RyuJIT x86-64-v3
  ShortRun : .NET 10.0.12 (10.0.12, 10.0.1226.42308), X64 RyuJIT x86-64-v3

Job=ShortRun  IterationCount=3  LaunchCount=1  
WarmupCount=3  

| Method                       | Mean           | Error          | StdDev        | Ratio  | RatioSD | Rank | Gen0     | Gen1     | Gen2     | Allocated | Alloc Ratio |
|----------------------------- |---------------:|---------------:|--------------:|-------:|--------:|-----:|---------:|---------:|---------:|----------:|------------:|
| Encrypt_Medium_256B          |   5,683.564 ns |  1,835.6636 ns |   100.6189 ns |  1.128 |    0.02 |    2 |   0.4501 |   0.0076 |        - |    7568 B |        5.06 |
| Encrypt_VeryLong_64KB        | 144,489.340 ns | 23,877.0773 ns | 1,308.7832 ns | 28.676 |    0.23 |    5 | 137.6953 | 137.6953 | 137.6953 |  569669 B |      380.79 |
| Decrypt_Medium_256B          |   4,777.941 ns |    321.0491 ns |    17.5978 ns |  0.948 |    0.00 |    2 |   0.0763 |        - |        - |    1312 B |        0.88 |
| Decrypt_Long_4KB             |   8,457.093 ns |    718.7600 ns |    39.3977 ns |  1.678 |    0.01 |    3 |   0.9918 |        - |        - |   16672 B |       11.14 |
| DecryptOrPlaceholder_NullKey |       1.236 ns |      0.0437 ns |     0.0024 ns |  0.000 |    0.00 |    1 |        - |        - |        - |         - |        0.00 |
| Decrypt_Short_16B            |   4,454.682 ns |    208.5402 ns |    11.4308 ns |  0.884 |    0.00 |    2 |   0.0153 |        - |        - |     344 B |        0.23 |
| Decrypt_VeryLong_64KB        | 126,746.310 ns | 28,322.4589 ns | 1,552.4496 ns | 25.155 |    0.27 |    5 |  41.5039 |  41.5039 |  41.5039 |  262483 B |      175.46 |
| Encrypt_Long_4KB             |  10,642.085 ns |  1,308.3662 ns |    71.7160 ns |  2.112 |    0.01 |    4 |   2.2125 |   0.0763 |        - |   37112 B |       24.81 |
| Encrypt_Short_16B            |   5,038.681 ns |    145.2852 ns |     7.9636 ns |  1.000 |    0.00 |    2 |   0.0839 |        - |        - |    1496 B |        1.00 |
// * Config Issues *

// * Warnings *
Configuration
  Summary -> The exporter CsvExporter is already present in configuration. There may be unexpected results.
  Summary -> The exporter HtmlExporter is already present in configuration. There may be unexpected results.
  Summary -> The exporter MarkdownExporter-github is already present in configuration. There may be unexpected results.

// * Legends *
  Mean        : Arithmetic mean of all measurements
  Error       : Half of 99.9% confidence interval
  StdDev      : Standard deviation of all measurements
  Ratio       : Mean of the ratio distribution ([Current]/[Baseline])
  RatioSD     : Standard deviation of the ratio distribution ([Current]/[Baseline])
  Rank        : Relative position of current benchmark mean among all benchmarks (Arabic style)
  Gen0        : GC Generation 0 collects per 1000 operations
  Gen1        : GC Generation 1 collects per 1000 operations
  Gen2        : GC Generation 2 collects per 1000 operations
  Allocated   : Allocated memory per single operation (managed only, inclusive, 1KB = 1024B)
  Alloc Ratio : Allocated memory ratio distribution ([Current]/[Baseline])
  1 ns        : 1 Nanosecond (0.000000001 sec)

// * Diagnostic Output - MemoryDiagnoser *


// ***** BenchmarkRunner: End *****
Run time: 00:01:02 (62.15 sec), executed benchmarks: 9

Global total time: 00:02:51 (171.55 sec), executed benchmarks: 9
// * Artifacts cleanup *
Artifacts cleanup is finished
