// Validating benchmarks:
// ***** BenchmarkRunner: Start   *****
// ***** Found 10 benchmark(s) in total *****
// ***** Building 1 exe(s) in Parallel: Start   *****
// start dotnet  restore --nodeReuse:false /p:UseSharedCompilation=false /p:Deterministic=true /p:Optimize=true /p:ArtifactsPath="/home/runner/work/Encina/Encina/tests/Encina.BenchmarkTests/Encina.Caching.Benchmarks/bin/Release/net10.0/Encina.Caching.Benchmarks-Job-YFEFPZ-1/" /p:OutDir="/home/runner/work/Encina/Encina/tests/Encina.BenchmarkTests/Encina.Caching.Benchmarks/bin/Release/net10.0/Encina.Caching.Benchmarks-Job-YFEFPZ-1/bin/Release/net10.0/" /p:OutputPath="/home/runner/work/Encina/Encina/tests/Encina.BenchmarkTests/Encina.Caching.Benchmarks/bin/Release/net10.0/Encina.Caching.Benchmarks-Job-YFEFPZ-1/bin/Release/net10.0/" /p:PublishDir="/home/runner/work/Encina/Encina/tests/Encina.BenchmarkTests/Encina.Caching.Benchmarks/bin/Release/net10.0/Encina.Caching.Benchmarks-Job-YFEFPZ-1/publish/" in /home/runner/work/Encina/Encina/tests/Encina.BenchmarkTests/Encina.Caching.Benchmarks/bin/Release/net10.0/Encina.Caching.Benchmarks-Job-YFEFPZ-1
// command took 2.64 sec and exited with 0
// start dotnet  build -c Release --no-restore --nodeReuse:false /p:UseSharedCompilation=false /p:Deterministic=true /p:Optimize=true /p:ArtifactsPath="/home/runner/work/Encina/Encina/tests/Encina.BenchmarkTests/Encina.Caching.Benchmarks/bin/Release/net10.0/Encina.Caching.Benchmarks-Job-YFEFPZ-1/" /p:OutDir="/home/runner/work/Encina/Encina/tests/Encina.BenchmarkTests/Encina.Caching.Benchmarks/bin/Release/net10.0/Encina.Caching.Benchmarks-Job-YFEFPZ-1/bin/Release/net10.0/" /p:OutputPath="/home/runner/work/Encina/Encina/tests/Encina.BenchmarkTests/Encina.Caching.Benchmarks/bin/Release/net10.0/Encina.Caching.Benchmarks-Job-YFEFPZ-1/bin/Release/net10.0/" /p:PublishDir="/home/runner/work/Encina/Encina/tests/Encina.BenchmarkTests/Encina.Caching.Benchmarks/bin/Release/net10.0/Encina.Caching.Benchmarks-Job-YFEFPZ-1/publish/" --output "/home/runner/work/Encina/Encina/tests/Encina.BenchmarkTests/Encina.Caching.Benchmarks/bin/Release/net10.0/Encina.Caching.Benchmarks-Job-YFEFPZ-1/bin/Release/net10.0/" in /home/runner/work/Encina/Encina/tests/Encina.BenchmarkTests/Encina.Caching.Benchmarks/bin/Release/net10.0/Encina.Caching.Benchmarks-Job-YFEFPZ-1
// command took 55.57 sec and exited with 0
// ***** Done, took 00:00:58 (58.42 sec)   *****
// Found 10 benchmarks:
//   CacheKeyGeneratorBenchmarks.GenerateKey_WithTemplate: Job-YFEFPZ(IterationCount=10, WarmupCount=3)
//   CacheKeyGeneratorBenchmarks.GeneratePattern: Job-YFEFPZ(IterationCount=10, WarmupCount=3)
//   CacheKeyGeneratorBenchmarks.GeneratePattern_WithTemplate: Job-YFEFPZ(IterationCount=10, WarmupCount=3)
//   CacheKeyGeneratorBenchmarks.GenerateKey_WithTemplate: ShortRun(IterationCount=3, LaunchCount=1, WarmupCount=3)
//   CacheKeyGeneratorBenchmarks.GeneratePattern: ShortRun(IterationCount=3, LaunchCount=1, WarmupCount=3)
//   CacheKeyGeneratorBenchmarks.GeneratePattern_WithTemplate: ShortRun(IterationCount=3, LaunchCount=1, WarmupCount=3)
//   CacheKeyGeneratorBenchmarks.GenerateKey_ComplexQuery: Job-YFEFPZ(IterationCount=10, WarmupCount=3)
//   CacheKeyGeneratorBenchmarks.GenerateKey_ComplexQuery: ShortRun(IterationCount=3, LaunchCount=1, WarmupCount=3)
//   CacheKeyGeneratorBenchmarks.GenerateKey_SimpleQuery: Job-YFEFPZ(IterationCount=10, WarmupCount=3)
//   CacheKeyGeneratorBenchmarks.GenerateKey_SimpleQuery: ShortRun(IterationCount=3, LaunchCount=1, WarmupCount=3)

// **************************
// Benchmark: CacheKeyGeneratorBenchmarks.GenerateKey_WithTemplate: Job-YFEFPZ(IterationCount=10, WarmupCount=3)
// *** Execute ***
// Launch: 1 / 1
// Execute: dotnet Encina.Caching.Benchmarks-Job-YFEFPZ-1.dll --anonymousPipes 150 151 --benchmarkName Encina.Caching.Benchmarks.CacheKeyGeneratorBenchmarks.GenerateKey_WithTemplate --job "IterationCount=10, WarmupCount=3" --benchmarkId 0 in /home/runner/work/Encina/Encina/tests/Encina.BenchmarkTests/Encina.Caching.Benchmarks/bin/Release/net10.0/Encina.Caching.Benchmarks-Job-YFEFPZ-1/bin/Release/net10.0
// Failed to set up high priority (Permission denied). In order to run benchmarks with high priority, make sure you have the right permissions.
// BeforeAnythingElse

// Benchmark Process Environment Information:
// BenchmarkDotNet v0.15.8
// Runtime=.NET 10.0.12 (10.0.12, 10.0.1226.42308), X64 RyuJIT x86-64-v3
// GC=Concurrent Workstation
// HardwareIntrinsics=AVX2+BMI1+BMI2+F16C+FMA+LZCNT+MOVBE,AVX,SSE3+SSSE3+SSE4.1+SSE4.2+POPCNT,X86Base+SSE+SSE2,AES+PCLMUL VectorSize=256
// Job: Job-YFEFPZ(IterationCount=10, WarmupCount=3)

OverheadJitting  1: 1 op, 261510.00 ns, 261.5100 us/op
WorkloadJitting  1: 1 op, 4510660.00 ns, 4.5107 ms/op

OverheadJitting  2: 16 op, 536715.00 ns, 33.5447 us/op
WorkloadJitting  2: 16 op, 1332075.00 ns, 83.2547 us/op

WorkloadPilot    1: 16 op, 807914.00 ns, 50.4946 us/op
WorkloadPilot    2: 32 op, 754423.00 ns, 23.5757 us/op
WorkloadPilot    3: 64 op, 855613.00 ns, 13.3690 us/op
WorkloadPilot    4: 128 op, 1045289.00 ns, 8.1663 us/op
WorkloadPilot    5: 256 op, 1320123.00 ns, 5.1567 us/op
WorkloadPilot    6: 512 op, 2182228.00 ns, 4.2622 us/op
WorkloadPilot    7: 1024 op, 3589995.00 ns, 3.5059 us/op
WorkloadPilot    8: 2048 op, 6648124.00 ns, 3.2462 us/op
WorkloadPilot    9: 4096 op, 12746609.00 ns, 3.1120 us/op
WorkloadPilot   10: 8192 op, 25743236.00 ns, 3.1425 us/op
WorkloadPilot   11: 16384 op, 52138913.00 ns, 3.1823 us/op
WorkloadPilot   12: 32768 op, 86846400.00 ns, 2.6503 us/op
WorkloadPilot   13: 65536 op, 176852149.00 ns, 2.6985 us/op
WorkloadPilot   14: 131072 op, 339391597.00 ns, 2.5894 us/op
WorkloadPilot   15: 262144 op, 674799039.00 ns, 2.5742 us/op

OverheadWarmup   1: 262144 op, 867154.00 ns, 3.3079 ns/op
OverheadWarmup   2: 262144 op, 877844.00 ns, 3.3487 ns/op
OverheadWarmup   3: 262144 op, 877524.00 ns, 3.3475 ns/op
OverheadWarmup   4: 262144 op, 849191.00 ns, 3.2394 ns/op
OverheadWarmup   5: 262144 op, 866052.00 ns, 3.3037 ns/op
OverheadWarmup   6: 262144 op, 849170.00 ns, 3.2393 ns/op

OverheadActual   1: 262144 op, 868257.00 ns, 3.3121 ns/op
OverheadActual   2: 262144 op, 906298.00 ns, 3.4573 ns/op
OverheadActual   3: 262144 op, 869329.00 ns, 3.3162 ns/op
OverheadActual   4: 262144 op, 873085.00 ns, 3.3306 ns/op
OverheadActual   5: 262144 op, 876422.00 ns, 3.3433 ns/op
OverheadActual   6: 262144 op, 866143.00 ns, 3.3041 ns/op
OverheadActual   7: 262144 op, 873366.00 ns, 3.3316 ns/op
OverheadActual   8: 262144 op, 873907.00 ns, 3.3337 ns/op
OverheadActual   9: 262144 op, 866423.00 ns, 3.3051 ns/op
OverheadActual  10: 262144 op, 849090.00 ns, 3.2390 ns/op
OverheadActual  11: 262144 op, 1028537.00 ns, 3.9236 ns/op
OverheadActual  12: 262144 op, 880780.00 ns, 3.3599 ns/op
OverheadActual  13: 262144 op, 877073.00 ns, 3.3458 ns/op
OverheadActual  14: 262144 op, 876312.00 ns, 3.3429 ns/op
OverheadActual  15: 262144 op, 873156.00 ns, 3.3308 ns/op

WorkloadWarmup   1: 262144 op, 673097833.00 ns, 2.5677 us/op
WorkloadWarmup   2: 262144 op, 672016717.00 ns, 2.5635 us/op
WorkloadWarmup   3: 262144 op, 670379451.00 ns, 2.5573 us/op

// BeforeActualRun
WorkloadActual   1: 262144 op, 670840123.00 ns, 2.5591 us/op
WorkloadActual   2: 262144 op, 668885663.00 ns, 2.5516 us/op
WorkloadActual   3: 262144 op, 669542223.00 ns, 2.5541 us/op
WorkloadActual   4: 262144 op, 670633568.00 ns, 2.5583 us/op
WorkloadActual   5: 262144 op, 669708013.00 ns, 2.5547 us/op
WorkloadActual   6: 262144 op, 668359687.00 ns, 2.5496 us/op
WorkloadActual   7: 262144 op, 670818464.00 ns, 2.5590 us/op
WorkloadActual   8: 262144 op, 669876359.00 ns, 2.5554 us/op
WorkloadActual   9: 262144 op, 668750991.00 ns, 2.5511 us/op
WorkloadActual  10: 262144 op, 681942389.00 ns, 2.6014 us/op

// AfterActualRun
WorkloadResult   1: 262144 op, 669966757.00 ns, 2.5557 us/op
WorkloadResult   2: 262144 op, 668012297.00 ns, 2.5483 us/op
WorkloadResult   3: 262144 op, 668668857.00 ns, 2.5508 us/op
WorkloadResult   4: 262144 op, 669760202.00 ns, 2.5549 us/op
WorkloadResult   5: 262144 op, 668834647.00 ns, 2.5514 us/op
WorkloadResult   6: 262144 op, 667486321.00 ns, 2.5463 us/op
WorkloadResult   7: 262144 op, 669945098.00 ns, 2.5556 us/op
WorkloadResult   8: 262144 op, 669002993.00 ns, 2.5520 us/op
WorkloadResult   9: 262144 op, 667877625.00 ns, 2.5478 us/op
// GC:  21 0 0 356528424 262144
// Threading:  0 0 262144

// AfterAll
// Benchmark Process 3261 has exited with code 0.

Mean = 2.551 μs, StdErr = 0.001 μs (0.05%), N = 9, StdDev = 0.004 μs
Min = 2.546 μs, Q1 = 2.548 μs, Median = 2.551 μs, Q3 = 2.555 μs, Max = 2.556 μs
IQR = 0.007 μs, LowerFence = 2.538 μs, UpperFence = 2.565 μs
ConfidenceInterval = [2.545 μs; 2.557 μs] (CI 99.9%), Margin = 0.006 μs (0.23% of Mean)
Skewness = -0.05, Kurtosis = 1.29, MValue = 2

// ** Remained 9 (90.0 %) benchmark(s) to run. Estimated finish 2026-10-07 15:20 (0h 1m from now) **
// **************************
// Benchmark: CacheKeyGeneratorBenchmarks.GeneratePattern: Job-YFEFPZ(IterationCount=10, WarmupCount=3)
// *** Execute ***
// Launch: 1 / 1
// Execute: dotnet Encina.Caching.Benchmarks-Job-YFEFPZ-1.dll --anonymousPipes 150 151 --benchmarkName Encina.Caching.Benchmarks.CacheKeyGeneratorBenchmarks.GeneratePattern --job "IterationCount=10, WarmupCount=3" --benchmarkId 1 in /home/runner/work/Encina/Encina/tests/Encina.BenchmarkTests/Encina.Caching.Benchmarks/bin/Release/net10.0/Encina.Caching.Benchmarks-Job-YFEFPZ-1/bin/Release/net10.0
// Failed to set up high priority (Permission denied). In order to run benchmarks with high priority, make sure you have the right permissions.
// BeforeAnythingElse

// Benchmark Process Environment Information:
// BenchmarkDotNet v0.15.8
// Runtime=.NET 10.0.12 (10.0.12, 10.0.1226.42308), X64 RyuJIT x86-64-v3
// GC=Concurrent Workstation
// HardwareIntrinsics=AVX2+BMI1+BMI2+F16C+FMA+LZCNT+MOVBE,AVX,SSE3+SSSE3+SSE4.1+SSE4.2+POPCNT,X86Base+SSE+SSE2,AES+PCLMUL VectorSize=256
// Job: Job-YFEFPZ(IterationCount=10, WarmupCount=3)

OverheadJitting  1: 1 op, 274475.00 ns, 274.4750 us/op
WorkloadJitting  1: 1 op, 1236306.00 ns, 1.2363 ms/op

OverheadJitting  2: 16 op, 460623.00 ns, 28.7889 us/op
WorkloadJitting  2: 16 op, 454852.00 ns, 28.4283 us/op

WorkloadPilot    1: 16 op, 37400.00 ns, 2.3375 us/op
WorkloadPilot    2: 32 op, 49282.00 ns, 1.5401 us/op
WorkloadPilot    3: 64 op, 64050.00 ns, 1.0008 us/op
WorkloadPilot    4: 128 op, 63198.00 ns, 493.7344 ns/op
WorkloadPilot    5: 256 op, 102983.00 ns, 402.2773 ns/op
WorkloadPilot    6: 512 op, 181220.00 ns, 353.9453 ns/op
WorkloadPilot    7: 1024 op, 357710.00 ns, 349.3262 ns/op
WorkloadPilot    8: 2048 op, 502190.00 ns, 245.2100 ns/op
WorkloadPilot    9: 4096 op, 1041913.00 ns, 254.3733 ns/op
WorkloadPilot   10: 8192 op, 2004737.00 ns, 244.7189 ns/op
WorkloadPilot   11: 16384 op, 3468570.00 ns, 211.7047 ns/op
WorkloadPilot   12: 32768 op, 8352231.00 ns, 254.8899 ns/op
WorkloadPilot   13: 65536 op, 16053703.00 ns, 244.9601 ns/op
WorkloadPilot   14: 131072 op, 21077948.00 ns, 160.8120 ns/op
WorkloadPilot   15: 262144 op, 39731903.00 ns, 151.5652 ns/op
WorkloadPilot   16: 524288 op, 76574914.00 ns, 146.0551 ns/op
WorkloadPilot   17: 1048576 op, 148299639.00 ns, 141.4296 ns/op
WorkloadPilot   18: 2097152 op, 299047634.00 ns, 142.5970 ns/op
WorkloadPilot   19: 4194304 op, 594737458.00 ns, 141.7965 ns/op

OverheadWarmup   1: 4194304 op, 13911040.00 ns, 3.3167 ns/op
OverheadWarmup   2: 4194304 op, 13882387.00 ns, 3.3098 ns/op
OverheadWarmup   3: 4194304 op, 13895190.00 ns, 3.3129 ns/op
OverheadWarmup   4: 4194304 op, 13892566.00 ns, 3.3122 ns/op
OverheadWarmup   5: 4194304 op, 13955675.00 ns, 3.3273 ns/op
OverheadWarmup   6: 4194304 op, 13888207.00 ns, 3.3112 ns/op

OverheadActual   1: 4194304 op, 13936037.00 ns, 3.3226 ns/op
OverheadActual   2: 4194304 op, 13881174.00 ns, 3.3095 ns/op
OverheadActual   3: 4194304 op, 13912784.00 ns, 3.3171 ns/op
OverheadActual   4: 4194304 op, 14219939.00 ns, 3.3903 ns/op
OverheadActual   5: 4194304 op, 13914407.00 ns, 3.3175 ns/op
OverheadActual   6: 4194304 op, 13890141.00 ns, 3.3117 ns/op
OverheadActual   7: 4194304 op, 13885543.00 ns, 3.3106 ns/op
OverheadActual   8: 4194304 op, 13898607.00 ns, 3.3137 ns/op
OverheadActual   9: 4194304 op, 13920308.00 ns, 3.3189 ns/op
OverheadActual  10: 4194304 op, 13936869.00 ns, 3.3228 ns/op
OverheadActual  11: 4194304 op, 13874682.00 ns, 3.3080 ns/op
OverheadActual  12: 4194304 op, 13879641.00 ns, 3.3092 ns/op
OverheadActual  13: 4194304 op, 15120727.00 ns, 3.6051 ns/op
OverheadActual  14: 4194304 op, 13893978.00 ns, 3.3126 ns/op
OverheadActual  15: 4194304 op, 14016237.00 ns, 3.3417 ns/op

WorkloadWarmup   1: 4194304 op, 598138715.00 ns, 142.6074 ns/op
WorkloadWarmup   2: 4194304 op, 603054354.00 ns, 143.7794 ns/op
WorkloadWarmup   3: 4194304 op, 593546891.00 ns, 141.5126 ns/op

// BeforeActualRun
WorkloadActual   1: 4194304 op, 600689875.00 ns, 143.2156 ns/op
WorkloadActual   2: 4194304 op, 598100584.00 ns, 142.5983 ns/op
WorkloadActual   3: 4194304 op, 599072976.00 ns, 142.8301 ns/op
WorkloadActual   4: 4194304 op, 599496630.00 ns, 142.9311 ns/op
WorkloadActual   5: 4194304 op, 600712968.00 ns, 143.2211 ns/op
WorkloadActual   6: 4194304 op, 598365270.00 ns, 142.6614 ns/op
WorkloadActual   7: 4194304 op, 599128700.00 ns, 142.8434 ns/op
WorkloadActual   8: 4194304 op, 599921115.00 ns, 143.0323 ns/op
WorkloadActual   9: 4194304 op, 601765129.00 ns, 143.4720 ns/op
WorkloadActual  10: 4194304 op, 603901331.00 ns, 143.9813 ns/op

// AfterActualRun
WorkloadResult   1: 4194304 op, 586777091.00 ns, 139.8986 ns/op
WorkloadResult   2: 4194304 op, 584187800.00 ns, 139.2812 ns/op
WorkloadResult   3: 4194304 op, 585160192.00 ns, 139.5131 ns/op
WorkloadResult   4: 4194304 op, 585583846.00 ns, 139.6141 ns/op
WorkloadResult   5: 4194304 op, 586800184.00 ns, 139.9041 ns/op
WorkloadResult   6: 4194304 op, 584452486.00 ns, 139.3443 ns/op
WorkloadResult   7: 4194304 op, 585215916.00 ns, 139.5263 ns/op
WorkloadResult   8: 4194304 op, 586008331.00 ns, 139.7153 ns/op
WorkloadResult   9: 4194304 op, 587852345.00 ns, 140.1549 ns/op
// GC:  64 0 0 1073755864 4194304
// Threading:  0 0 4194304

// AfterAll
// Benchmark Process 3272 has exited with code 0.

Mean = 139.661 ns, StdErr = 0.095 ns (0.07%), N = 9, StdDev = 0.285 ns
Min = 139.281 ns, Q1 = 139.513 ns, Median = 139.614 ns, Q3 = 139.899 ns, Max = 140.155 ns
IQR = 0.385 ns, LowerFence = 138.935 ns, UpperFence = 140.477 ns
ConfidenceInterval = [139.183 ns; 140.140 ns] (CI 99.9%), Margin = 0.479 ns (0.34% of Mean)
Skewness = 0.27, Kurtosis = 1.65, MValue = 2

// ** Remained 8 (80.0 %) benchmark(s) to run. Estimated finish 2026-10-07 15:20 (0h 1m from now) **
// **************************
// Benchmark: CacheKeyGeneratorBenchmarks.GeneratePattern_WithTemplate: Job-YFEFPZ(IterationCount=10, WarmupCount=3)
// *** Execute ***
// Launch: 1 / 1
// Execute: dotnet Encina.Caching.Benchmarks-Job-YFEFPZ-1.dll --anonymousPipes 150 151 --benchmarkName Encina.Caching.Benchmarks.CacheKeyGeneratorBenchmarks.GeneratePattern_WithTemplate --job "IterationCount=10, WarmupCount=3" --benchmarkId 2 in /home/runner/work/Encina/Encina/tests/Encina.BenchmarkTests/Encina.Caching.Benchmarks/bin/Release/net10.0/Encina.Caching.Benchmarks-Job-YFEFPZ-1/bin/Release/net10.0
// Failed to set up high priority (Permission denied). In order to run benchmarks with high priority, make sure you have the right permissions.
// BeforeAnythingElse

// Benchmark Process Environment Information:
// BenchmarkDotNet v0.15.8
// Runtime=.NET 10.0.12 (10.0.12, 10.0.1226.42308), X64 RyuJIT x86-64-v3
// GC=Concurrent Workstation
// HardwareIntrinsics=AVX2+BMI1+BMI2+F16C+FMA+LZCNT+MOVBE,AVX,SSE3+SSSE3+SSE4.1+SSE4.2+POPCNT,X86Base+SSE+SSE2,AES+PCLMUL VectorSize=256
// Job: Job-YFEFPZ(IterationCount=10, WarmupCount=3)

OverheadJitting  1: 1 op, 275164.00 ns, 275.1640 us/op
WorkloadJitting  1: 1 op, 3245992.00 ns, 3.2460 ms/op

OverheadJitting  2: 16 op, 482813.00 ns, 30.1758 us/op
WorkloadJitting  2: 16 op, 796530.00 ns, 49.7831 us/op

WorkloadPilot    1: 16 op, 263864.00 ns, 16.4915 us/op
WorkloadPilot    2: 32 op, 253604.00 ns, 7.9251 us/op
WorkloadPilot    3: 64 op, 272750.00 ns, 4.2617 us/op
WorkloadPilot    4: 128 op, 321822.00 ns, 2.5142 us/op
WorkloadPilot    5: 256 op, 425356.00 ns, 1.6615 us/op
WorkloadPilot    6: 512 op, 514102.00 ns, 1.0041 us/op
WorkloadPilot    7: 1024 op, 767656.00 ns, 749.6641 ns/op
WorkloadPilot    8: 2048 op, 1393477.00 ns, 680.4087 ns/op
WorkloadPilot    9: 4096 op, 2611395.00 ns, 637.5476 ns/op
WorkloadPilot   10: 8192 op, 5030611.00 ns, 614.0883 ns/op
WorkloadPilot   11: 16384 op, 11740533.00 ns, 716.5853 ns/op
WorkloadPilot   12: 32768 op, 15670875.00 ns, 478.2372 ns/op
WorkloadPilot   13: 65536 op, 25897796.00 ns, 395.1690 ns/op
WorkloadPilot   14: 131072 op, 48576199.00 ns, 370.6070 ns/op
WorkloadPilot   15: 262144 op, 92800247.00 ns, 354.0048 ns/op
WorkloadPilot   16: 524288 op, 183397291.00 ns, 349.8026 ns/op
WorkloadPilot   17: 1048576 op, 368774105.00 ns, 351.6904 ns/op
WorkloadPilot   18: 2097152 op, 732286587.00 ns, 349.1815 ns/op

OverheadWarmup   1: 2097152 op, 6955362.00 ns, 3.3166 ns/op
OverheadWarmup   2: 2097152 op, 7009512.00 ns, 3.3424 ns/op
OverheadWarmup   3: 2097152 op, 6979696.00 ns, 3.3282 ns/op
OverheadWarmup   4: 2097152 op, 7104029.00 ns, 3.3875 ns/op
OverheadWarmup   5: 2097152 op, 7082278.00 ns, 3.3771 ns/op

OverheadActual   1: 2097152 op, 6973875.00 ns, 3.3254 ns/op
OverheadActual   2: 2097152 op, 6950422.00 ns, 3.3142 ns/op
OverheadActual   3: 2097152 op, 6952476.00 ns, 3.3152 ns/op
OverheadActual   4: 2097152 op, 6952686.00 ns, 3.3153 ns/op
OverheadActual   5: 2097152 op, 6960982.00 ns, 3.3193 ns/op
OverheadActual   6: 2097152 op, 6970770.00 ns, 3.3239 ns/op
OverheadActual   7: 2097152 op, 6986659.00 ns, 3.3315 ns/op
OverheadActual   8: 2097152 op, 7014802.00 ns, 3.3449 ns/op
OverheadActual   9: 2097152 op, 6996889.00 ns, 3.3364 ns/op
OverheadActual  10: 2097152 op, 6976851.00 ns, 3.3268 ns/op
OverheadActual  11: 2097152 op, 6952025.00 ns, 3.3150 ns/op
OverheadActual  12: 2097152 op, 7093610.00 ns, 3.3825 ns/op
OverheadActual  13: 2097152 op, 6965029.00 ns, 3.3212 ns/op
OverheadActual  14: 2097152 op, 6963797.00 ns, 3.3206 ns/op
OverheadActual  15: 2097152 op, 6945332.00 ns, 3.3118 ns/op

WorkloadWarmup   1: 2097152 op, 724605799.00 ns, 345.5190 ns/op
WorkloadWarmup   2: 2097152 op, 729092799.00 ns, 347.6585 ns/op
WorkloadWarmup   3: 2097152 op, 724573907.00 ns, 345.5038 ns/op

// BeforeActualRun
WorkloadActual   1: 2097152 op, 722352897.00 ns, 344.4447 ns/op
WorkloadActual   2: 2097152 op, 730838854.00 ns, 348.4911 ns/op
WorkloadActual   3: 2097152 op, 735523099.00 ns, 350.7247 ns/op
WorkloadActual   4: 2097152 op, 738761262.00 ns, 352.2688 ns/op
WorkloadActual   5: 2097152 op, 740312735.00 ns, 353.0086 ns/op
WorkloadActual   6: 2097152 op, 745437773.00 ns, 355.4524 ns/op
WorkloadActual   7: 2097152 op, 755304090.00 ns, 360.1571 ns/op
WorkloadActual   8: 2097152 op, 743939637.00 ns, 354.7381 ns/op
WorkloadActual   9: 2097152 op, 744073407.00 ns, 354.8018 ns/op
WorkloadActual  10: 2097152 op, 729450439.00 ns, 347.8291 ns/op

// AfterActualRun
WorkloadResult   1: 2097152 op, 715387868.00 ns, 341.1235 ns/op
WorkloadResult   2: 2097152 op, 723873825.00 ns, 345.1699 ns/op
WorkloadResult   3: 2097152 op, 728558070.00 ns, 347.4036 ns/op
WorkloadResult   4: 2097152 op, 731796233.00 ns, 348.9476 ns/op
WorkloadResult   5: 2097152 op, 733347706.00 ns, 349.6874 ns/op
WorkloadResult   6: 2097152 op, 738472744.00 ns, 352.1312 ns/op
WorkloadResult   7: 2097152 op, 748339061.00 ns, 356.8359 ns/op
WorkloadResult   8: 2097152 op, 736974608.00 ns, 351.4169 ns/op
WorkloadResult   9: 2097152 op, 737108378.00 ns, 351.4807 ns/op
WorkloadResult  10: 2097152 op, 722485410.00 ns, 344.5079 ns/op
// GC:  112 0 0 1879051576 2097152
// Threading:  0 0 2097152

// AfterAll
// Benchmark Process 3278 has exited with code 0.

Mean = 348.870 ns, StdErr = 1.426 ns (0.41%), N = 10, StdDev = 4.509 ns
Min = 341.124 ns, Q1 = 345.728 ns, Median = 349.318 ns, Q3 = 351.465 ns, Max = 356.836 ns
IQR = 5.736 ns, LowerFence = 337.124 ns, UpperFence = 360.069 ns
ConfidenceInterval = [342.054 ns; 355.687 ns] (CI 99.9%), Margin = 6.816 ns (1.95% of Mean)
Skewness = -0.03, Kurtosis = 2.03, MValue = 2

// ** Remained 7 (70.0 %) benchmark(s) to run. Estimated finish 2026-10-07 15:20 (0h 1m from now) **
// **************************
// Benchmark: CacheKeyGeneratorBenchmarks.GenerateKey_WithTemplate: ShortRun(IterationCount=3, LaunchCount=1, WarmupCount=3)
// *** Execute ***
// Launch: 1 / 1
// Execute: dotnet Encina.Caching.Benchmarks-Job-YFEFPZ-1.dll --anonymousPipes 150 151 --benchmarkName Encina.Caching.Benchmarks.CacheKeyGeneratorBenchmarks.GenerateKey_WithTemplate --job ShortRun --benchmarkId 3 in /home/runner/work/Encina/Encina/tests/Encina.BenchmarkTests/Encina.Caching.Benchmarks/bin/Release/net10.0/Encina.Caching.Benchmarks-Job-YFEFPZ-1/bin/Release/net10.0
// Failed to set up high priority (Permission denied). In order to run benchmarks with high priority, make sure you have the right permissions.
// BeforeAnythingElse

// Benchmark Process Environment Information:
// BenchmarkDotNet v0.15.8
// Runtime=.NET 10.0.12 (10.0.12, 10.0.1226.42308), X64 RyuJIT x86-64-v3
// GC=Concurrent Workstation
// HardwareIntrinsics=AVX2+BMI1+BMI2+F16C+FMA+LZCNT+MOVBE,AVX,SSE3+SSSE3+SSE4.1+SSE4.2+POPCNT,X86Base+SSE+SSE2,AES+PCLMUL VectorSize=256
// Job: ShortRun(IterationCount=3, LaunchCount=1, WarmupCount=3)

OverheadJitting  1: 1 op, 256551.00 ns, 256.5510 us/op
WorkloadJitting  1: 1 op, 4439004.00 ns, 4.4390 ms/op

OverheadJitting  2: 16 op, 481032.00 ns, 30.0645 us/op
WorkloadJitting  2: 16 op, 1317918.00 ns, 82.3699 us/op

WorkloadPilot    1: 16 op, 784650.00 ns, 49.0406 us/op
WorkloadPilot    2: 32 op, 727312.00 ns, 22.7285 us/op
WorkloadPilot    3: 64 op, 848349.00 ns, 13.2555 us/op
WorkloadPilot    4: 128 op, 1020922.00 ns, 7.9760 us/op
WorkloadPilot    5: 256 op, 1327687.00 ns, 5.1863 us/op
WorkloadPilot    6: 512 op, 2169212.00 ns, 4.2367 us/op
WorkloadPilot    7: 1024 op, 3612817.00 ns, 3.5281 us/op
WorkloadPilot    8: 2048 op, 6781371.00 ns, 3.3112 us/op
WorkloadPilot    9: 4096 op, 12927923.00 ns, 3.1562 us/op
WorkloadPilot   10: 8192 op, 25421233.00 ns, 3.1032 us/op
WorkloadPilot   11: 16384 op, 49290799.00 ns, 3.0085 us/op
WorkloadPilot   12: 32768 op, 86303764.00 ns, 2.6338 us/op
WorkloadPilot   13: 65536 op, 165060371.00 ns, 2.5186 us/op
WorkloadPilot   14: 131072 op, 326288785.00 ns, 2.4894 us/op
WorkloadPilot   15: 262144 op, 658273608.00 ns, 2.5111 us/op

OverheadWarmup   1: 262144 op, 872804.00 ns, 3.3295 ns/op
OverheadWarmup   2: 262144 op, 891970.00 ns, 3.4026 ns/op
OverheadWarmup   3: 262144 op, 849060.00 ns, 3.2389 ns/op
OverheadWarmup   4: 262144 op, 865761.00 ns, 3.3026 ns/op
OverheadWarmup   5: 262144 op, 897110.00 ns, 3.4222 ns/op
OverheadWarmup   6: 262144 op, 877333.00 ns, 3.3468 ns/op

OverheadActual   1: 262144 op, 849391.00 ns, 3.2402 ns/op
OverheadActual   2: 262144 op, 870581.00 ns, 3.3210 ns/op
OverheadActual   3: 262144 op, 870831.00 ns, 3.3220 ns/op
OverheadActual   4: 262144 op, 877083.00 ns, 3.3458 ns/op
OverheadActual   5: 262144 op, 871833.00 ns, 3.3258 ns/op
OverheadActual   6: 262144 op, 895477.00 ns, 3.4160 ns/op
OverheadActual   7: 262144 op, 885499.00 ns, 3.3779 ns/op
OverheadActual   8: 262144 op, 865301.00 ns, 3.3009 ns/op
OverheadActual   9: 262144 op, 867605.00 ns, 3.3097 ns/op
OverheadActual  10: 262144 op, 852597.00 ns, 3.2524 ns/op
OverheadActual  11: 262144 op, 865231.00 ns, 3.3006 ns/op
OverheadActual  12: 262144 op, 864970.00 ns, 3.2996 ns/op
OverheadActual  13: 262144 op, 874939.00 ns, 3.3376 ns/op
OverheadActual  14: 262144 op, 866323.00 ns, 3.3048 ns/op
OverheadActual  15: 262144 op, 872835.00 ns, 3.3296 ns/op

WorkloadWarmup   1: 262144 op, 678449497.00 ns, 2.5881 us/op
WorkloadWarmup   2: 262144 op, 664282220.00 ns, 2.5340 us/op
WorkloadWarmup   3: 262144 op, 661016381.00 ns, 2.5216 us/op

// BeforeActualRun
WorkloadActual   1: 262144 op, 671320597.00 ns, 2.5609 us/op
WorkloadActual   2: 262144 op, 654588638.00 ns, 2.4971 us/op
WorkloadActual   3: 262144 op, 656938691.00 ns, 2.5060 us/op

// AfterActualRun
WorkloadResult   1: 262144 op, 670450016.00 ns, 2.5576 us/op
WorkloadResult   2: 262144 op, 653718057.00 ns, 2.4937 us/op
WorkloadResult   3: 262144 op, 656068110.00 ns, 2.5027 us/op
// GC:  21 0 0 356528424 262144
// Threading:  0 0 262144

// AfterAll
// Benchmark Process 3288 has exited with code 0.

Mean = 2.518 μs, StdErr = 0.020 μs (0.79%), N = 3, StdDev = 0.035 μs
Min = 2.494 μs, Q1 = 2.498 μs, Median = 2.503 μs, Q3 = 2.530 μs, Max = 2.558 μs
IQR = 0.032 μs, LowerFence = 2.450 μs, UpperFence = 2.578 μs
ConfidenceInterval = [1.888 μs; 3.148 μs] (CI 99.9%), Margin = 0.630 μs (25.04% of Mean)
Skewness = 0.36, Kurtosis = 0.67, MValue = 2

// ** Remained 6 (60.0 %) benchmark(s) to run. Estimated finish 2026-10-07 15:20 (0h 1m from now) **
// **************************
// Benchmark: CacheKeyGeneratorBenchmarks.GeneratePattern: ShortRun(IterationCount=3, LaunchCount=1, WarmupCount=3)
// *** Execute ***
// Launch: 1 / 1
// Execute: dotnet Encina.Caching.Benchmarks-Job-YFEFPZ-1.dll --anonymousPipes 150 151 --benchmarkName Encina.Caching.Benchmarks.CacheKeyGeneratorBenchmarks.GeneratePattern --job ShortRun --benchmarkId 4 in /home/runner/work/Encina/Encina/tests/Encina.BenchmarkTests/Encina.Caching.Benchmarks/bin/Release/net10.0/Encina.Caching.Benchmarks-Job-YFEFPZ-1/bin/Release/net10.0
// Failed to set up high priority (Permission denied). In order to run benchmarks with high priority, make sure you have the right permissions.
// BeforeAnythingElse

// Benchmark Process Environment Information:
// BenchmarkDotNet v0.15.8
// Runtime=.NET 10.0.12 (10.0.12, 10.0.1226.42308), X64 RyuJIT x86-64-v3
// GC=Concurrent Workstation
// HardwareIntrinsics=AVX2+BMI1+BMI2+F16C+FMA+LZCNT+MOVBE,AVX,SSE3+SSSE3+SSE4.1+SSE4.2+POPCNT,X86Base+SSE+SSE2,AES+PCLMUL VectorSize=256
// Job: ShortRun(IterationCount=3, LaunchCount=1, WarmupCount=3)

OverheadJitting  1: 1 op, 239037.00 ns, 239.0370 us/op
WorkloadJitting  1: 1 op, 1281671.00 ns, 1.2817 ms/op

OverheadJitting  2: 16 op, 463337.00 ns, 28.9586 us/op
WorkloadJitting  2: 16 op, 455112.00 ns, 28.4445 us/op

WorkloadPilot    1: 16 op, 44403.00 ns, 2.7752 us/op
WorkloadPilot    2: 32 op, 28062.00 ns, 876.9375 ns/op
WorkloadPilot    3: 64 op, 39905.00 ns, 623.5156 ns/op
WorkloadPilot    4: 128 op, 78066.00 ns, 609.8906 ns/op
WorkloadPilot    5: 256 op, 86672.00 ns, 338.5625 ns/op
WorkloadPilot    6: 512 op, 142948.00 ns, 279.1953 ns/op
WorkloadPilot    7: 1024 op, 294542.00 ns, 287.6387 ns/op
WorkloadPilot    8: 2048 op, 448359.00 ns, 218.9253 ns/op
WorkloadPilot    9: 4096 op, 952083.00 ns, 232.4421 ns/op
WorkloadPilot   10: 8192 op, 1924334.00 ns, 234.9041 ns/op
WorkloadPilot   11: 16384 op, 6463447.00 ns, 394.4975 ns/op
WorkloadPilot   12: 32768 op, 7783510.00 ns, 237.5339 ns/op
WorkloadPilot   13: 65536 op, 15806177.00 ns, 241.1831 ns/op
WorkloadPilot   14: 131072 op, 20670830.00 ns, 157.7059 ns/op
WorkloadPilot   15: 262144 op, 38572351.00 ns, 147.1418 ns/op
WorkloadPilot   16: 524288 op, 74449875.00 ns, 142.0019 ns/op
WorkloadPilot   17: 1048576 op, 146836437.00 ns, 140.0341 ns/op
WorkloadPilot   18: 2097152 op, 281964161.00 ns, 134.4510 ns/op
WorkloadPilot   19: 4194304 op, 582026521.00 ns, 138.7659 ns/op

OverheadWarmup   1: 4194304 op, 13893535.00 ns, 3.3125 ns/op
OverheadWarmup   2: 4194304 op, 14028357.00 ns, 3.3446 ns/op
OverheadWarmup   3: 4194304 op, 13882304.00 ns, 3.3098 ns/op
OverheadWarmup   4: 4194304 op, 13882965.00 ns, 3.3100 ns/op
OverheadWarmup   5: 4194304 op, 13883266.00 ns, 3.3100 ns/op
OverheadWarmup   6: 4194304 op, 13908372.00 ns, 3.3160 ns/op
OverheadWarmup   7: 4194304 op, 13937918.00 ns, 3.3231 ns/op
OverheadWarmup   8: 4194304 op, 13935724.00 ns, 3.3225 ns/op

OverheadActual   1: 4194304 op, 13895969.00 ns, 3.3131 ns/op
OverheadActual   2: 4194304 op, 13866213.00 ns, 3.3060 ns/op
OverheadActual   3: 4194304 op, 13971751.00 ns, 3.3311 ns/op
OverheadActual   4: 4194304 op, 13892934.00 ns, 3.3123 ns/op
OverheadActual   5: 4194304 op, 13870972.00 ns, 3.3071 ns/op
OverheadActual   6: 4194304 op, 13878356.00 ns, 3.3089 ns/op
OverheadActual   7: 4194304 op, 13874779.00 ns, 3.3080 ns/op
OverheadActual   8: 4194304 op, 13908243.00 ns, 3.3160 ns/op
OverheadActual   9: 4194304 op, 13926756.00 ns, 3.3204 ns/op
OverheadActual  10: 4194304 op, 13852037.00 ns, 3.3026 ns/op
OverheadActual  11: 4194304 op, 13919142.00 ns, 3.3186 ns/op
OverheadActual  12: 4194304 op, 13876332.00 ns, 3.3084 ns/op
OverheadActual  13: 4194304 op, 13917299.00 ns, 3.3181 ns/op
OverheadActual  14: 4194304 op, 14084222.00 ns, 3.3579 ns/op
OverheadActual  15: 4194304 op, 13913372.00 ns, 3.3172 ns/op

WorkloadWarmup   1: 4194304 op, 584892080.00 ns, 139.4491 ns/op
WorkloadWarmup   2: 4194304 op, 573161465.00 ns, 136.6523 ns/op
WorkloadWarmup   3: 4194304 op, 569193623.00 ns, 135.7063 ns/op

// BeforeActualRun
WorkloadActual   1: 4194304 op, 576943631.00 ns, 137.5541 ns/op
WorkloadActual   2: 4194304 op, 578849988.00 ns, 138.0086 ns/op
WorkloadActual   3: 4194304 op, 574614654.00 ns, 136.9988 ns/op

// AfterActualRun
WorkloadResult   1: 4194304 op, 563047662.00 ns, 134.2410 ns/op
WorkloadResult   2: 4194304 op, 564954019.00 ns, 134.6955 ns/op
WorkloadResult   3: 4194304 op, 560718685.00 ns, 133.6858 ns/op
// GC:  64 0 0 1073755864 4194304
// Threading:  0 0 4194304

// AfterAll
// Benchmark Process 3317 has exited with code 0.

Mean = 134.207 ns, StdErr = 0.292 ns (0.22%), N = 3, StdDev = 0.506 ns
Min = 133.686 ns, Q1 = 133.963 ns, Median = 134.241 ns, Q3 = 134.468 ns, Max = 134.696 ns
IQR = 0.505 ns, LowerFence = 133.206 ns, UpperFence = 135.226 ns
ConfidenceInterval = [124.981 ns; 143.434 ns] (CI 99.9%), Margin = 9.226 ns (6.87% of Mean)
Skewness = -0.07, Kurtosis = 0.67, MValue = 2

// ** Remained 5 (50.0 %) benchmark(s) to run. Estimated finish 2026-10-07 15:20 (0h 0m from now) **
// **************************
// Benchmark: CacheKeyGeneratorBenchmarks.GeneratePattern_WithTemplate: ShortRun(IterationCount=3, LaunchCount=1, WarmupCount=3)
// *** Execute ***
// Launch: 1 / 1
// Execute: dotnet Encina.Caching.Benchmarks-Job-YFEFPZ-1.dll --anonymousPipes 150 151 --benchmarkName Encina.Caching.Benchmarks.CacheKeyGeneratorBenchmarks.GeneratePattern_WithTemplate --job ShortRun --benchmarkId 5 in /home/runner/work/Encina/Encina/tests/Encina.BenchmarkTests/Encina.Caching.Benchmarks/bin/Release/net10.0/Encina.Caching.Benchmarks-Job-YFEFPZ-1/bin/Release/net10.0
// Failed to set up high priority (Permission denied). In order to run benchmarks with high priority, make sure you have the right permissions.
// BeforeAnythingElse

// Benchmark Process Environment Information:
// BenchmarkDotNet v0.15.8
// Runtime=.NET 10.0.12 (10.0.12, 10.0.1226.42308), X64 RyuJIT x86-64-v3
// GC=Concurrent Workstation
// HardwareIntrinsics=AVX2+BMI1+BMI2+F16C+FMA+LZCNT+MOVBE,AVX,SSE3+SSSE3+SSE4.1+SSE4.2+POPCNT,X86Base+SSE+SSE2,AES+PCLMUL VectorSize=256
// Job: ShortRun(IterationCount=3, LaunchCount=1, WarmupCount=3)

OverheadJitting  1: 1 op, 243697.00 ns, 243.6970 us/op
WorkloadJitting  1: 1 op, 3234609.00 ns, 3.2346 ms/op

OverheadJitting  2: 16 op, 465401.00 ns, 29.0876 us/op
WorkloadJitting  2: 16 op, 817351.00 ns, 51.0844 us/op

WorkloadPilot    1: 16 op, 293811.00 ns, 18.3632 us/op
WorkloadPilot    2: 32 op, 229611.00 ns, 7.1753 us/op
WorkloadPilot    3: 64 op, 243005.00 ns, 3.7970 us/op
WorkloadPilot    4: 128 op, 286717.00 ns, 2.2400 us/op
WorkloadPilot    5: 256 op, 408025.00 ns, 1.5938 us/op
WorkloadPilot    6: 512 op, 487383.00 ns, 951.9199 ns/op
WorkloadPilot    7: 1024 op, 792474.00 ns, 773.9004 ns/op
WorkloadPilot    8: 2048 op, 1447381.00 ns, 706.7290 ns/op
WorkloadPilot    9: 4096 op, 2579141.00 ns, 629.6731 ns/op
WorkloadPilot   10: 8192 op, 4948819.00 ns, 604.1039 ns/op
WorkloadPilot   11: 16384 op, 11362383.00 ns, 693.5048 ns/op
WorkloadPilot   12: 32768 op, 17306457.00 ns, 528.1512 ns/op
WorkloadPilot   13: 65536 op, 25548415.00 ns, 389.8379 ns/op
WorkloadPilot   14: 131072 op, 46982924.00 ns, 358.4513 ns/op
WorkloadPilot   15: 262144 op, 91826421.00 ns, 350.2900 ns/op
WorkloadPilot   16: 524288 op, 183504614.00 ns, 350.0073 ns/op
WorkloadPilot   17: 1048576 op, 364953196.00 ns, 348.0465 ns/op
WorkloadPilot   18: 2097152 op, 727682175.00 ns, 346.9859 ns/op

OverheadWarmup   1: 2097152 op, 6958193.00 ns, 3.3179 ns/op
OverheadWarmup   2: 2097152 op, 7027783.00 ns, 3.3511 ns/op
OverheadWarmup   3: 2097152 op, 6973913.00 ns, 3.3254 ns/op
OverheadWarmup   4: 2097152 op, 6990003.00 ns, 3.3331 ns/op
OverheadWarmup   5: 2097152 op, 6957682.00 ns, 3.3177 ns/op

OverheadActual   1: 2097152 op, 6957242.00 ns, 3.3175 ns/op
OverheadActual   2: 2097152 op, 6955718.00 ns, 3.3167 ns/op
OverheadActual   3: 2097152 op, 6955709.00 ns, 3.3167 ns/op
OverheadActual   4: 2097152 op, 6976668.00 ns, 3.3267 ns/op
OverheadActual   5: 2097152 op, 6968123.00 ns, 3.3227 ns/op
OverheadActual   6: 2097152 op, 6993820.00 ns, 3.3349 ns/op
OverheadActual   7: 2097152 op, 6953685.00 ns, 3.3158 ns/op
OverheadActual   8: 2097152 op, 6964856.00 ns, 3.3211 ns/op
OverheadActual   9: 2097152 op, 6943506.00 ns, 3.3109 ns/op
OverheadActual  10: 2097152 op, 6939399.00 ns, 3.3090 ns/op
OverheadActual  11: 2097152 op, 6979633.00 ns, 3.3281 ns/op
OverheadActual  12: 2097152 op, 6935852.00 ns, 3.3073 ns/op
OverheadActual  13: 2097152 op, 6959636.00 ns, 3.3186 ns/op
OverheadActual  14: 2097152 op, 6968232.00 ns, 3.3227 ns/op
OverheadActual  15: 2097152 op, 6950088.00 ns, 3.3141 ns/op

WorkloadWarmup   1: 2097152 op, 739718291.00 ns, 352.7252 ns/op
WorkloadWarmup   2: 2097152 op, 740675985.00 ns, 353.1818 ns/op
WorkloadWarmup   3: 2097152 op, 732882607.00 ns, 349.4657 ns/op

// BeforeActualRun
WorkloadActual   1: 2097152 op, 739540938.00 ns, 352.6406 ns/op
WorkloadActual   2: 2097152 op, 726039439.00 ns, 346.2026 ns/op
WorkloadActual   3: 2097152 op, 725561694.00 ns, 345.9748 ns/op

// AfterActualRun
WorkloadResult   1: 2097152 op, 732583696.00 ns, 349.3231 ns/op
WorkloadResult   2: 2097152 op, 719082197.00 ns, 342.8851 ns/op
WorkloadResult   3: 2097152 op, 718604452.00 ns, 342.6573 ns/op
// GC:  112 0 0 1879051576 2097152
// Threading:  0 0 2097152

// AfterAll
// Benchmark Process 3324 has exited with code 0.

Mean = 344.955 ns, StdErr = 2.185 ns (0.63%), N = 3, StdDev = 3.784 ns
Min = 342.657 ns, Q1 = 342.771 ns, Median = 342.885 ns, Q3 = 346.104 ns, Max = 349.323 ns
IQR = 3.333 ns, LowerFence = 337.772 ns, UpperFence = 351.103 ns
ConfidenceInterval = [275.912 ns; 413.998 ns] (CI 99.9%), Margin = 69.043 ns (20.01% of Mean)
Skewness = 0.38, Kurtosis = 0.67, MValue = 2

// ** Remained 4 (40.0 %) benchmark(s) to run. Estimated finish 2026-10-07 15:20 (0h 0m from now) **
// **************************
// Benchmark: CacheKeyGeneratorBenchmarks.GenerateKey_ComplexQuery: Job-YFEFPZ(IterationCount=10, WarmupCount=3)
// *** Execute ***
// Launch: 1 / 1
// Execute: dotnet Encina.Caching.Benchmarks-Job-YFEFPZ-1.dll --anonymousPipes 150 151 --benchmarkName Encina.Caching.Benchmarks.CacheKeyGeneratorBenchmarks.GenerateKey_ComplexQuery --job "IterationCount=10, WarmupCount=3" --benchmarkId 6 in /home/runner/work/Encina/Encina/tests/Encina.BenchmarkTests/Encina.Caching.Benchmarks/bin/Release/net10.0/Encina.Caching.Benchmarks-Job-YFEFPZ-1/bin/Release/net10.0
// Failed to set up high priority (Permission denied). In order to run benchmarks with high priority, make sure you have the right permissions.
// BeforeAnythingElse

// Benchmark Process Environment Information:
// BenchmarkDotNet v0.15.8
// Runtime=.NET 10.0.12 (10.0.12, 10.0.1226.42308), X64 RyuJIT x86-64-v3
// GC=Concurrent Workstation
// HardwareIntrinsics=AVX2+BMI1+BMI2+F16C+FMA+LZCNT+MOVBE,AVX,SSE3+SSSE3+SSE4.1+SSE4.2+POPCNT,X86Base+SSE+SSE2,AES+PCLMUL VectorSize=256
// Job: Job-YFEFPZ(IterationCount=10, WarmupCount=3)

OverheadJitting  1: 1 op, 285374.00 ns, 285.3740 us/op
WorkloadJitting  1: 1 op, 65479996.00 ns, 65.4800 ms/op

WorkloadPilot    1: 2 op, 556603.00 ns, 278.3015 us/op
WorkloadPilot    2: 3 op, 390011.00 ns, 130.0037 us/op
WorkloadPilot    3: 4 op, 373740.00 ns, 93.4350 us/op
WorkloadPilot    4: 5 op, 365756.00 ns, 73.1512 us/op
WorkloadPilot    5: 6 op, 373950.00 ns, 62.3250 us/op
WorkloadPilot    6: 7 op, 341770.00 ns, 48.8243 us/op
WorkloadPilot    7: 8 op, 347912.00 ns, 43.4890 us/op
WorkloadPilot    8: 9 op, 349415.00 ns, 38.8239 us/op
WorkloadPilot    9: 10 op, 363281.00 ns, 36.3281 us/op
WorkloadPilot   10: 11 op, 363682.00 ns, 33.0620 us/op
WorkloadPilot   11: 12 op, 373099.00 ns, 31.0916 us/op
WorkloadPilot   12: 13 op, 418184.00 ns, 32.1680 us/op
WorkloadPilot   13: 14 op, 426039.00 ns, 30.4314 us/op
WorkloadPilot   14: 15 op, 414296.00 ns, 27.6197 us/op
WorkloadPilot   15: 16 op, 394659.00 ns, 24.6662 us/op
WorkloadPilot   16: 32 op, 485870.00 ns, 15.1834 us/op
WorkloadPilot   17: 64 op, 621234.00 ns, 9.7068 us/op
WorkloadPilot   18: 128 op, 1060387.00 ns, 8.2843 us/op
WorkloadPilot   19: 256 op, 1795584.00 ns, 7.0140 us/op
WorkloadPilot   20: 512 op, 3057709.00 ns, 5.9721 us/op
WorkloadPilot   21: 1024 op, 5887020.00 ns, 5.7490 us/op
WorkloadPilot   22: 2048 op, 11432521.00 ns, 5.5823 us/op
WorkloadPilot   23: 4096 op, 22502612.00 ns, 5.4938 us/op
WorkloadPilot   24: 8192 op, 46256127.00 ns, 5.6465 us/op
WorkloadPilot   25: 16384 op, 86750819.00 ns, 5.2948 us/op
WorkloadPilot   26: 32768 op, 159793536.00 ns, 4.8765 us/op
WorkloadPilot   27: 65536 op, 314567116.00 ns, 4.7999 us/op
WorkloadPilot   28: 131072 op, 626077655.00 ns, 4.7766 us/op

WorkloadWarmup   1: 131072 op, 626822721.00 ns, 4.7823 us/op
WorkloadWarmup   2: 131072 op, 631583310.00 ns, 4.8186 us/op
WorkloadWarmup   3: 131072 op, 632547597.00 ns, 4.8260 us/op

// BeforeActualRun
WorkloadActual   1: 131072 op, 626253685.00 ns, 4.7779 us/op
WorkloadActual   2: 131072 op, 637337372.00 ns, 4.8625 us/op
WorkloadActual   3: 131072 op, 635702919.00 ns, 4.8500 us/op
WorkloadActual   4: 131072 op, 633319523.00 ns, 4.8318 us/op
WorkloadActual   5: 131072 op, 630324913.00 ns, 4.8090 us/op
WorkloadActual   6: 131072 op, 630197103.00 ns, 4.8080 us/op
WorkloadActual   7: 131072 op, 635540096.00 ns, 4.8488 us/op
WorkloadActual   8: 131072 op, 627992158.00 ns, 4.7912 us/op
WorkloadActual   9: 131072 op, 639754202.00 ns, 4.8809 us/op
WorkloadActual  10: 131072 op, 629998987.00 ns, 4.8065 us/op

// AfterActualRun
WorkloadResult   1: 131072 op, 626253685.00 ns, 4.7779 us/op
WorkloadResult   2: 131072 op, 637337372.00 ns, 4.8625 us/op
WorkloadResult   3: 131072 op, 635702919.00 ns, 4.8500 us/op
WorkloadResult   4: 131072 op, 633319523.00 ns, 4.8318 us/op
WorkloadResult   5: 131072 op, 630324913.00 ns, 4.8090 us/op
WorkloadResult   6: 131072 op, 630197103.00 ns, 4.8080 us/op
WorkloadResult   7: 131072 op, 635540096.00 ns, 4.8488 us/op
WorkloadResult   8: 131072 op, 627992158.00 ns, 4.7912 us/op
WorkloadResult   9: 131072 op, 639754202.00 ns, 4.8809 us/op
WorkloadResult  10: 131072 op, 629998987.00 ns, 4.8065 us/op
// GC:  12 0 0 216011592 131072
// Threading:  0 0 131072

// AfterAll
// Benchmark Process 3333 has exited with code 0.

Mean = 4.827 μs, StdErr = 0.011 μs (0.22%), N = 10, StdDev = 0.033 μs
Min = 4.778 μs, Q1 = 4.807 μs, Median = 4.820 μs, Q3 = 4.850 μs, Max = 4.881 μs
IQR = 0.043 μs, LowerFence = 4.743 μs, UpperFence = 4.914 μs
ConfidenceInterval = [4.776 μs; 4.877 μs] (CI 99.9%), Margin = 0.050 μs (1.04% of Mean)
Skewness = 0.13, Kurtosis = 1.5, MValue = 2

// ** Remained 3 (30.0 %) benchmark(s) to run. Estimated finish 2026-10-07 15:20 (0h 0m from now) **
// **************************
// Benchmark: CacheKeyGeneratorBenchmarks.GenerateKey_ComplexQuery: ShortRun(IterationCount=3, LaunchCount=1, WarmupCount=3)
// *** Execute ***
// Launch: 1 / 1
// Execute: dotnet Encina.Caching.Benchmarks-Job-YFEFPZ-1.dll --anonymousPipes 150 151 --benchmarkName Encina.Caching.Benchmarks.CacheKeyGeneratorBenchmarks.GenerateKey_ComplexQuery --job ShortRun --benchmarkId 7 in /home/runner/work/Encina/Encina/tests/Encina.BenchmarkTests/Encina.Caching.Benchmarks/bin/Release/net10.0/Encina.Caching.Benchmarks-Job-YFEFPZ-1/bin/Release/net10.0
// Failed to set up high priority (Permission denied). In order to run benchmarks with high priority, make sure you have the right permissions.
// BeforeAnythingElse

// Benchmark Process Environment Information:
// BenchmarkDotNet v0.15.8
// Runtime=.NET 10.0.12 (10.0.12, 10.0.1226.42308), X64 RyuJIT x86-64-v3
// GC=Concurrent Workstation
// HardwareIntrinsics=AVX2+BMI1+BMI2+F16C+FMA+LZCNT+MOVBE,AVX,SSE3+SSSE3+SSE4.1+SSE4.2+POPCNT,X86Base+SSE+SSE2,AES+PCLMUL VectorSize=256
// Job: ShortRun(IterationCount=3, LaunchCount=1, WarmupCount=3)

OverheadJitting  1: 1 op, 228628.00 ns, 228.6280 us/op
WorkloadJitting  1: 1 op, 64162853.00 ns, 64.1629 ms/op

WorkloadPilot    1: 2 op, 518161.00 ns, 259.0805 us/op
WorkloadPilot    2: 3 op, 392275.00 ns, 130.7583 us/op
WorkloadPilot    3: 4 op, 333534.00 ns, 83.3835 us/op
WorkloadPilot    4: 5 op, 349996.00 ns, 69.9992 us/op
WorkloadPilot    5: 6 op, 347621.00 ns, 57.9368 us/op
WorkloadPilot    6: 7 op, 343634.00 ns, 49.0906 us/op
WorkloadPilot    7: 8 op, 345798.00 ns, 43.2248 us/op
WorkloadPilot    8: 9 op, 351789.00 ns, 39.0877 us/op
WorkloadPilot    9: 10 op, 404988.00 ns, 40.4988 us/op
WorkloadPilot   10: 11 op, 410990.00 ns, 37.3627 us/op
WorkloadPilot   11: 12 op, 408125.00 ns, 34.0104 us/op
WorkloadPilot   12: 13 op, 398366.00 ns, 30.6435 us/op
WorkloadPilot   13: 14 op, 417883.00 ns, 29.8488 us/op
WorkloadPilot   14: 15 op, 388097.00 ns, 25.8731 us/op
WorkloadPilot   15: 16 op, 395702.00 ns, 24.7314 us/op
WorkloadPilot   16: 32 op, 494225.00 ns, 15.4445 us/op
WorkloadPilot   17: 64 op, 687037.00 ns, 10.7350 us/op
WorkloadPilot   18: 128 op, 1122612.00 ns, 8.7704 us/op
WorkloadPilot   19: 256 op, 1671681.00 ns, 6.5300 us/op
WorkloadPilot   20: 512 op, 3057367.00 ns, 5.9714 us/op
WorkloadPilot   21: 1024 op, 5779807.00 ns, 5.6443 us/op
WorkloadPilot   22: 2048 op, 11220930.00 ns, 5.4790 us/op
WorkloadPilot   23: 4096 op, 22303050.00 ns, 5.4451 us/op
WorkloadPilot   24: 8192 op, 46161893.00 ns, 5.6350 us/op
WorkloadPilot   25: 16384 op, 86511428.00 ns, 5.2802 us/op
WorkloadPilot   26: 32768 op, 159884043.00 ns, 4.8793 us/op
WorkloadPilot   27: 65536 op, 313139029.00 ns, 4.7781 us/op
WorkloadPilot   28: 131072 op, 623995592.00 ns, 4.7607 us/op

WorkloadWarmup   1: 131072 op, 627136034.00 ns, 4.7847 us/op
WorkloadWarmup   2: 131072 op, 623306370.00 ns, 4.7555 us/op
WorkloadWarmup   3: 131072 op, 622778191.00 ns, 4.7514 us/op

// BeforeActualRun
WorkloadActual   1: 131072 op, 623736536.00 ns, 4.7587 us/op
WorkloadActual   2: 131072 op, 630072596.00 ns, 4.8071 us/op
WorkloadActual   3: 131072 op, 631837350.00 ns, 4.8205 us/op

// AfterActualRun
WorkloadResult   1: 131072 op, 623736536.00 ns, 4.7587 us/op
WorkloadResult   2: 131072 op, 630072596.00 ns, 4.8071 us/op
WorkloadResult   3: 131072 op, 631837350.00 ns, 4.8205 us/op
// GC:  12 0 0 216011592 131072
// Threading:  0 0 131072

// AfterAll
// Benchmark Process 3343 has exited with code 0.

Mean = 4.795 μs, StdErr = 0.019 μs (0.39%), N = 3, StdDev = 0.033 μs
Min = 4.759 μs, Q1 = 4.783 μs, Median = 4.807 μs, Q3 = 4.814 μs, Max = 4.821 μs
IQR = 0.031 μs, LowerFence = 4.737 μs, UpperFence = 4.860 μs
ConfidenceInterval = [4.203 μs; 5.388 μs] (CI 99.9%), Margin = 0.593 μs (12.36% of Mean)
Skewness = -0.31, Kurtosis = 0.67, MValue = 2

// ** Remained 2 (20.0 %) benchmark(s) to run. Estimated finish 2026-10-07 15:20 (0h 0m from now) **
// **************************
// Benchmark: CacheKeyGeneratorBenchmarks.GenerateKey_SimpleQuery: Job-YFEFPZ(IterationCount=10, WarmupCount=3)
// *** Execute ***
// Launch: 1 / 1
// Execute: dotnet Encina.Caching.Benchmarks-Job-YFEFPZ-1.dll --anonymousPipes 150 151 --benchmarkName Encina.Caching.Benchmarks.CacheKeyGeneratorBenchmarks.GenerateKey_SimpleQuery --job "IterationCount=10, WarmupCount=3" --benchmarkId 8 in /home/runner/work/Encina/Encina/tests/Encina.BenchmarkTests/Encina.Caching.Benchmarks/bin/Release/net10.0/Encina.Caching.Benchmarks-Job-YFEFPZ-1/bin/Release/net10.0
// Failed to set up high priority (Permission denied). In order to run benchmarks with high priority, make sure you have the right permissions.
// BeforeAnythingElse

// Benchmark Process Environment Information:
// BenchmarkDotNet v0.15.8
// Runtime=.NET 10.0.12 (10.0.12, 10.0.1226.42308), X64 RyuJIT x86-64-v3
// GC=Concurrent Workstation
// HardwareIntrinsics=AVX2+BMI1+BMI2+F16C+FMA+LZCNT+MOVBE,AVX,SSE3+SSSE3+SSE4.1+SSE4.2+POPCNT,X86Base+SSE+SSE2,AES+PCLMUL VectorSize=256
// Job: Job-YFEFPZ(IterationCount=10, WarmupCount=3)

OverheadJitting  1: 1 op, 226034.00 ns, 226.0340 us/op
WorkloadJitting  1: 1 op, 37577559.00 ns, 37.5776 ms/op

WorkloadPilot    1: 2 op, 424656.00 ns, 212.3280 us/op
WorkloadPilot    2: 3 op, 317234.00 ns, 105.7447 us/op
WorkloadPilot    3: 4 op, 307036.00 ns, 76.7590 us/op
WorkloadPilot    4: 5 op, 305883.00 ns, 61.1766 us/op
WorkloadPilot    5: 6 op, 305632.00 ns, 50.9387 us/op
WorkloadPilot    6: 7 op, 308267.00 ns, 44.0381 us/op
WorkloadPilot    7: 8 op, 320491.00 ns, 40.0614 us/op
WorkloadPilot    8: 9 op, 321232.00 ns, 35.6924 us/op
WorkloadPilot    9: 10 op, 323145.00 ns, 32.3145 us/op
WorkloadPilot   10: 11 op, 333535.00 ns, 30.3214 us/op
WorkloadPilot   11: 12 op, 330750.00 ns, 27.5625 us/op
WorkloadPilot   12: 13 op, 332804.00 ns, 25.6003 us/op
WorkloadPilot   13: 14 op, 339957.00 ns, 24.2826 us/op
WorkloadPilot   14: 15 op, 342141.00 ns, 22.8094 us/op
WorkloadPilot   15: 16 op, 345658.00 ns, 21.6036 us/op
WorkloadPilot   16: 32 op, 409688.00 ns, 12.8028 us/op
WorkloadPilot   17: 64 op, 561772.00 ns, 8.7777 us/op
WorkloadPilot   18: 128 op, 830136.00 ns, 6.4854 us/op
WorkloadPilot   19: 256 op, 1275009.00 ns, 4.9805 us/op
WorkloadPilot   20: 512 op, 2326349.00 ns, 4.5437 us/op
WorkloadPilot   21: 1024 op, 4415363.00 ns, 4.3119 us/op
WorkloadPilot   22: 2048 op, 8524643.00 ns, 4.1624 us/op
WorkloadPilot   23: 4096 op, 16615773.00 ns, 4.0566 us/op
WorkloadPilot   24: 8192 op, 32646650.00 ns, 3.9852 us/op
WorkloadPilot   25: 16384 op, 67891608.00 ns, 4.1438 us/op
WorkloadPilot   26: 32768 op, 124109634.00 ns, 3.7875 us/op
WorkloadPilot   27: 65536 op, 242281978.00 ns, 3.6969 us/op
WorkloadPilot   28: 131072 op, 472331255.00 ns, 3.6036 us/op
WorkloadPilot   29: 262144 op, 945311735.00 ns, 3.6061 us/op

WorkloadWarmup   1: 262144 op, 943146548.00 ns, 3.5978 us/op
WorkloadWarmup   2: 262144 op, 945730721.00 ns, 3.6077 us/op
WorkloadWarmup   3: 262144 op, 944282277.00 ns, 3.6022 us/op

// BeforeActualRun
WorkloadActual   1: 262144 op, 942022903.00 ns, 3.5935 us/op
WorkloadActual   2: 262144 op, 943442496.00 ns, 3.5989 us/op
WorkloadActual   3: 262144 op, 946370801.00 ns, 3.6101 us/op
WorkloadActual   4: 262144 op, 944519042.00 ns, 3.6031 us/op
WorkloadActual   5: 262144 op, 946823438.00 ns, 3.6118 us/op
WorkloadActual   6: 262144 op, 946570324.00 ns, 3.6109 us/op
WorkloadActual   7: 262144 op, 949700357.00 ns, 3.6228 us/op
WorkloadActual   8: 262144 op, 947800048.00 ns, 3.6156 us/op
WorkloadActual   9: 262144 op, 946159816.00 ns, 3.6093 us/op
WorkloadActual  10: 262144 op, 949314403.00 ns, 3.6213 us/op

// AfterActualRun
WorkloadResult   1: 262144 op, 942022903.00 ns, 3.5935 us/op
WorkloadResult   2: 262144 op, 943442496.00 ns, 3.5989 us/op
WorkloadResult   3: 262144 op, 946370801.00 ns, 3.6101 us/op
WorkloadResult   4: 262144 op, 944519042.00 ns, 3.6031 us/op
WorkloadResult   5: 262144 op, 946823438.00 ns, 3.6118 us/op
WorkloadResult   6: 262144 op, 946570324.00 ns, 3.6109 us/op
WorkloadResult   7: 262144 op, 949700357.00 ns, 3.6228 us/op
WorkloadResult   8: 262144 op, 947800048.00 ns, 3.6156 us/op
WorkloadResult   9: 262144 op, 946159816.00 ns, 3.6093 us/op
WorkloadResult  10: 262144 op, 949314403.00 ns, 3.6213 us/op
// GC:  15 0 0 262148936 262144
// Threading:  0 0 262144

// AfterAll
// Benchmark Process 3352 has exited with code 0.

Mean = 3.610 μs, StdErr = 0.003 μs (0.08%), N = 10, StdDev = 0.009 μs
Min = 3.594 μs, Q1 = 3.605 μs, Median = 3.610 μs, Q3 = 3.615 μs, Max = 3.623 μs
IQR = 0.010 μs, LowerFence = 3.590 μs, UpperFence = 3.630 μs
ConfidenceInterval = [3.596 μs; 3.624 μs] (CI 99.9%), Margin = 0.014 μs (0.39% of Mean)
Skewness = -0.23, Kurtosis = 1.82, MValue = 2

// ** Remained 1 (10.0 %) benchmark(s) to run. Estimated finish 2026-10-07 15:20 (0h 0m from now) **
// **************************
// Benchmark: CacheKeyGeneratorBenchmarks.GenerateKey_SimpleQuery: ShortRun(IterationCount=3, LaunchCount=1, WarmupCount=3)
// *** Execute ***
// Launch: 1 / 1
// Execute: dotnet Encina.Caching.Benchmarks-Job-YFEFPZ-1.dll --anonymousPipes 150 151 --benchmarkName Encina.Caching.Benchmarks.CacheKeyGeneratorBenchmarks.GenerateKey_SimpleQuery --job ShortRun --benchmarkId 9 in /home/runner/work/Encina/Encina/tests/Encina.BenchmarkTests/Encina.Caching.Benchmarks/bin/Release/net10.0/Encina.Caching.Benchmarks-Job-YFEFPZ-1/bin/Release/net10.0
// Failed to set up high priority (Permission denied). In order to run benchmarks with high priority, make sure you have the right permissions.
// BeforeAnythingElse

// Benchmark Process Environment Information:
// BenchmarkDotNet v0.15.8
// Runtime=.NET 10.0.12 (10.0.12, 10.0.1226.42308), X64 RyuJIT x86-64-v3
// GC=Concurrent Workstation
// HardwareIntrinsics=AVX2+BMI1+BMI2+F16C+FMA+LZCNT+MOVBE,AVX,SSE3+SSSE3+SSE4.1+SSE4.2+POPCNT,X86Base+SSE+SSE2,AES+PCLMUL VectorSize=256
// Job: ShortRun(IterationCount=3, LaunchCount=1, WarmupCount=3)

OverheadJitting  1: 1 op, 221906.00 ns, 221.9060 us/op
WorkloadJitting  1: 1 op, 38201770.00 ns, 38.2018 ms/op

WorkloadPilot    1: 2 op, 370273.00 ns, 185.1365 us/op
WorkloadPilot    2: 3 op, 354694.00 ns, 118.2313 us/op
WorkloadPilot    3: 4 op, 348924.00 ns, 87.2310 us/op
WorkloadPilot    4: 5 op, 365164.00 ns, 73.0328 us/op
WorkloadPilot    5: 6 op, 370002.00 ns, 61.6670 us/op
WorkloadPilot    6: 7 op, 360024.00 ns, 51.4320 us/op
WorkloadPilot    7: 8 op, 366898.00 ns, 45.8623 us/op
WorkloadPilot    8: 9 op, 373099.00 ns, 41.4554 us/op
WorkloadPilot    9: 10 op, 388778.00 ns, 38.8778 us/op
WorkloadPilot   10: 11 op, 376254.00 ns, 34.2049 us/op
WorkloadPilot   11: 12 op, 381886.00 ns, 31.8238 us/op
WorkloadPilot   12: 13 op, 382366.00 ns, 29.4128 us/op
WorkloadPilot   13: 14 op, 411170.00 ns, 29.3693 us/op
WorkloadPilot   14: 15 op, 385662.00 ns, 25.7108 us/op
WorkloadPilot   15: 16 op, 386544.00 ns, 24.1590 us/op
WorkloadPilot   16: 32 op, 431859.00 ns, 13.4956 us/op
WorkloadPilot   17: 64 op, 569747.00 ns, 8.9023 us/op
WorkloadPilot   18: 128 op, 888193.00 ns, 6.9390 us/op
WorkloadPilot   19: 256 op, 1355718.00 ns, 5.2958 us/op
WorkloadPilot   20: 512 op, 2356092.00 ns, 4.6017 us/op
WorkloadPilot   21: 1024 op, 4416961.00 ns, 4.3134 us/op
WorkloadPilot   22: 2048 op, 8573313.00 ns, 4.1862 us/op
WorkloadPilot   23: 4096 op, 16460160.00 ns, 4.0186 us/op
WorkloadPilot   24: 8192 op, 32861250.00 ns, 4.0114 us/op
WorkloadPilot   25: 16384 op, 68217541.00 ns, 4.1637 us/op
WorkloadPilot   26: 32768 op, 126357552.00 ns, 3.8561 us/op
WorkloadPilot   27: 65536 op, 247051962.00 ns, 3.7697 us/op
WorkloadPilot   28: 131072 op, 478992861.00 ns, 3.6544 us/op
WorkloadPilot   29: 262144 op, 958081549.00 ns, 3.6548 us/op

WorkloadWarmup   1: 262144 op, 955665465.00 ns, 3.6456 us/op
WorkloadWarmup   2: 262144 op, 956515066.00 ns, 3.6488 us/op
WorkloadWarmup   3: 262144 op, 958613014.00 ns, 3.6568 us/op

// BeforeActualRun
WorkloadActual   1: 262144 op, 964903863.00 ns, 3.6808 us/op
WorkloadActual   2: 262144 op, 958706209.00 ns, 3.6572 us/op
WorkloadActual   3: 262144 op, 956711594.00 ns, 3.6496 us/op

// AfterActualRun
WorkloadResult   1: 262144 op, 964903863.00 ns, 3.6808 us/op
WorkloadResult   2: 262144 op, 958706209.00 ns, 3.6572 us/op
WorkloadResult   3: 262144 op, 956711594.00 ns, 3.6496 us/op
// GC:  15 0 0 262148936 262144
// Threading:  0 0 262144

// AfterAll
// Benchmark Process 3359 has exited with code 0.

Mean = 3.663 μs, StdErr = 0.009 μs (0.26%), N = 3, StdDev = 0.016 μs
Min = 3.650 μs, Q1 = 3.653 μs, Median = 3.657 μs, Q3 = 3.669 μs, Max = 3.681 μs
IQR = 0.016 μs, LowerFence = 3.630 μs, UpperFence = 3.692 μs
ConfidenceInterval = [3.365 μs; 3.960 μs] (CI 99.9%), Margin = 0.297 μs (8.12% of Mean)
Skewness = 0.29, Kurtosis = 0.67, MValue = 2

// ** Remained 0 (0.0 %) benchmark(s) to run. Estimated finish 2026-10-07 15:20 (0h 0m from now) **
// ***** BenchmarkRunner: Finish  *****

// * Export *
  artifacts/performance/Caching/results/Encina.Caching.Benchmarks.CacheKeyGeneratorBenchmarks-report.csv
  artifacts/performance/Caching/results/Encina.Caching.Benchmarks.CacheKeyGeneratorBenchmarks-report-github.md
  artifacts/performance/Caching/results/Encina.Caching.Benchmarks.CacheKeyGeneratorBenchmarks-report.html
  artifacts/performance/Caching/results/Encina.Caching.Benchmarks.CacheKeyGeneratorBenchmarks-report-full-compressed.json

// * Detailed results *
CacheKeyGeneratorBenchmarks.GenerateKey_WithTemplate: Job-YFEFPZ(IterationCount=10, WarmupCount=3)
Runtime = .NET 10.0.12 (10.0.12, 10.0.1226.42308), X64 RyuJIT x86-64-v3; GC = Concurrent Workstation
Mean = 2.551 μs, StdErr = 0.001 μs (0.05%), N = 9, StdDev = 0.004 μs
Min = 2.546 μs, Q1 = 2.548 μs, Median = 2.551 μs, Q3 = 2.555 μs, Max = 2.556 μs
IQR = 0.007 μs, LowerFence = 2.538 μs, UpperFence = 2.565 μs
ConfidenceInterval = [2.545 μs; 2.557 μs] (CI 99.9%), Margin = 0.006 μs (0.23% of Mean)
Skewness = -0.05, Kurtosis = 1.29, MValue = 2
-------------------- Histogram --------------------
[2.544 μs ; 2.558 μs) | @@@@@@@@@
---------------------------------------------------

CacheKeyGeneratorBenchmarks.GeneratePattern: Job-YFEFPZ(IterationCount=10, WarmupCount=3)
Runtime = .NET 10.0.12 (10.0.12, 10.0.1226.42308), X64 RyuJIT x86-64-v3; GC = Concurrent Workstation
Mean = 139.661 ns, StdErr = 0.095 ns (0.07%), N = 9, StdDev = 0.285 ns
Min = 139.281 ns, Q1 = 139.513 ns, Median = 139.614 ns, Q3 = 139.899 ns, Max = 140.155 ns
IQR = 0.385 ns, LowerFence = 138.935 ns, UpperFence = 140.477 ns
ConfidenceInterval = [139.183 ns; 140.140 ns] (CI 99.9%), Margin = 0.479 ns (0.34% of Mean)
Skewness = 0.27, Kurtosis = 1.65, MValue = 2
-------------------- Histogram --------------------
[139.101 ns ; 140.335 ns) | @@@@@@@@@
---------------------------------------------------

CacheKeyGeneratorBenchmarks.GeneratePattern_WithTemplate: Job-YFEFPZ(IterationCount=10, WarmupCount=3)
Runtime = .NET 10.0.12 (10.0.12, 10.0.1226.42308), X64 RyuJIT x86-64-v3; GC = Concurrent Workstation
Mean = 348.870 ns, StdErr = 1.426 ns (0.41%), N = 10, StdDev = 4.509 ns
Min = 341.124 ns, Q1 = 345.728 ns, Median = 349.318 ns, Q3 = 351.465 ns, Max = 356.836 ns
IQR = 5.736 ns, LowerFence = 337.124 ns, UpperFence = 360.069 ns
ConfidenceInterval = [342.054 ns; 355.687 ns] (CI 99.9%), Margin = 6.816 ns (1.95% of Mean)
Skewness = -0.03, Kurtosis = 2.03, MValue = 2
-------------------- Histogram --------------------
[339.715 ns ; 359.583 ns) | @@@@@@@@@@
---------------------------------------------------

CacheKeyGeneratorBenchmarks.GenerateKey_ComplexQuery: Job-YFEFPZ(IterationCount=10, WarmupCount=3)
Runtime = .NET 10.0.12 (10.0.12, 10.0.1226.42308), X64 RyuJIT x86-64-v3; GC = Concurrent Workstation
Mean = 4.827 μs, StdErr = 0.011 μs (0.22%), N = 10, StdDev = 0.033 μs
Min = 4.778 μs, Q1 = 4.807 μs, Median = 4.820 μs, Q3 = 4.850 μs, Max = 4.881 μs
IQR = 0.043 μs, LowerFence = 4.743 μs, UpperFence = 4.914 μs
ConfidenceInterval = [4.776 μs; 4.877 μs] (CI 99.9%), Margin = 0.050 μs (1.04% of Mean)
Skewness = 0.13, Kurtosis = 1.5, MValue = 2
-------------------- Histogram --------------------
[4.758 μs ; 4.901 μs) | @@@@@@@@@@
---------------------------------------------------

CacheKeyGeneratorBenchmarks.GenerateKey_SimpleQuery: Job-YFEFPZ(IterationCount=10, WarmupCount=3)
Runtime = .NET 10.0.12 (10.0.12, 10.0.1226.42308), X64 RyuJIT x86-64-v3; GC = Concurrent Workstation
Mean = 3.610 μs, StdErr = 0.003 μs (0.08%), N = 10, StdDev = 0.009 μs
Min = 3.594 μs, Q1 = 3.605 μs, Median = 3.610 μs, Q3 = 3.615 μs, Max = 3.623 μs
IQR = 0.010 μs, LowerFence = 3.590 μs, UpperFence = 3.630 μs
ConfidenceInterval = [3.596 μs; 3.624 μs] (CI 99.9%), Margin = 0.014 μs (0.39% of Mean)
Skewness = -0.23, Kurtosis = 1.82, MValue = 2
-------------------- Histogram --------------------
[3.588 μs ; 3.628 μs) | @@@@@@@@@@
---------------------------------------------------

CacheKeyGeneratorBenchmarks.GenerateKey_WithTemplate: ShortRun(IterationCount=3, LaunchCount=1, WarmupCount=3)
Runtime = .NET 10.0.12 (10.0.12, 10.0.1226.42308), X64 RyuJIT x86-64-v3; GC = Concurrent Workstation
Mean = 2.518 μs, StdErr = 0.020 μs (0.79%), N = 3, StdDev = 0.035 μs
Min = 2.494 μs, Q1 = 2.498 μs, Median = 2.503 μs, Q3 = 2.530 μs, Max = 2.558 μs
IQR = 0.032 μs, LowerFence = 2.450 μs, UpperFence = 2.578 μs
ConfidenceInterval = [1.888 μs; 3.148 μs] (CI 99.9%), Margin = 0.630 μs (25.04% of Mean)
Skewness = 0.36, Kurtosis = 0.67, MValue = 2
-------------------- Histogram --------------------
[2.462 μs ; 2.530 μs) | @@
[2.530 μs ; 2.589 μs) | @
---------------------------------------------------

CacheKeyGeneratorBenchmarks.GeneratePattern: ShortRun(IterationCount=3, LaunchCount=1, WarmupCount=3)
Runtime = .NET 10.0.12 (10.0.12, 10.0.1226.42308), X64 RyuJIT x86-64-v3; GC = Concurrent Workstation
Mean = 134.207 ns, StdErr = 0.292 ns (0.22%), N = 3, StdDev = 0.506 ns
Min = 133.686 ns, Q1 = 133.963 ns, Median = 134.241 ns, Q3 = 134.468 ns, Max = 134.696 ns
IQR = 0.505 ns, LowerFence = 133.206 ns, UpperFence = 135.226 ns
ConfidenceInterval = [124.981 ns; 143.434 ns] (CI 99.9%), Margin = 9.226 ns (6.87% of Mean)
Skewness = -0.07, Kurtosis = 0.67, MValue = 2
-------------------- Histogram --------------------
[133.226 ns ; 135.156 ns) | @@@
---------------------------------------------------

CacheKeyGeneratorBenchmarks.GeneratePattern_WithTemplate: ShortRun(IterationCount=3, LaunchCount=1, WarmupCount=3)
Runtime = .NET 10.0.12 (10.0.12, 10.0.1226.42308), X64 RyuJIT x86-64-v3; GC = Concurrent Workstation
Mean = 344.955 ns, StdErr = 2.185 ns (0.63%), N = 3, StdDev = 3.784 ns
Min = 342.657 ns, Q1 = 342.771 ns, Median = 342.885 ns, Q3 = 346.104 ns, Max = 349.323 ns
IQR = 3.333 ns, LowerFence = 337.772 ns, UpperFence = 351.103 ns
ConfidenceInterval = [275.912 ns; 413.998 ns] (CI 99.9%), Margin = 69.043 ns (20.01% of Mean)
Skewness = 0.38, Kurtosis = 0.67, MValue = 2
-------------------- Histogram --------------------
[342.546 ns ; 349.434 ns) | @@@
---------------------------------------------------

CacheKeyGeneratorBenchmarks.GenerateKey_ComplexQuery: ShortRun(IterationCount=3, LaunchCount=1, WarmupCount=3)
Runtime = .NET 10.0.12 (10.0.12, 10.0.1226.42308), X64 RyuJIT x86-64-v3; GC = Concurrent Workstation
Mean = 4.795 μs, StdErr = 0.019 μs (0.39%), N = 3, StdDev = 0.033 μs
Min = 4.759 μs, Q1 = 4.783 μs, Median = 4.807 μs, Q3 = 4.814 μs, Max = 4.821 μs
IQR = 0.031 μs, LowerFence = 4.737 μs, UpperFence = 4.860 μs
ConfidenceInterval = [4.203 μs; 5.388 μs] (CI 99.9%), Margin = 0.593 μs (12.36% of Mean)
Skewness = -0.31, Kurtosis = 0.67, MValue = 2
-------------------- Histogram --------------------
[4.729 μs ; 4.850 μs) | @@@
---------------------------------------------------

CacheKeyGeneratorBenchmarks.GenerateKey_SimpleQuery: ShortRun(IterationCount=3, LaunchCount=1, WarmupCount=3)
Runtime = .NET 10.0.12 (10.0.12, 10.0.1226.42308), X64 RyuJIT x86-64-v3; GC = Concurrent Workstation
Mean = 3.663 μs, StdErr = 0.009 μs (0.26%), N = 3, StdDev = 0.016 μs
Min = 3.650 μs, Q1 = 3.653 μs, Median = 3.657 μs, Q3 = 3.669 μs, Max = 3.681 μs
IQR = 0.016 μs, LowerFence = 3.630 μs, UpperFence = 3.692 μs
ConfidenceInterval = [3.365 μs; 3.960 μs] (CI 99.9%), Margin = 0.297 μs (8.12% of Mean)
Skewness = 0.29, Kurtosis = 0.67, MValue = 2
-------------------- Histogram --------------------
[3.635 μs ; 3.696 μs) | @@@
---------------------------------------------------

// * Summary *

BenchmarkDotNet v0.15.8, Linux Ubuntu 24.04.5 LTS (Noble Numbat)
AMD EPYC 7763 2.45GHz, 1 CPU, 4 logical and 2 physical cores
.NET SDK 10.0.401
  [Host]     : .NET 10.0.12 (10.0.12, 10.0.1226.42308), X64 RyuJIT x86-64-v3
  Job-YFEFPZ : .NET 10.0.12 (10.0.12, 10.0.1226.42308), X64 RyuJIT x86-64-v3
  ShortRun   : .NET 10.0.12 (10.0.12, 10.0.1226.42308), X64 RyuJIT x86-64-v3

WarmupCount=3  

| Method                       | Job        | IterationCount | LaunchCount | Mean       | Error     | StdDev   | Ratio | Gen0   | Allocated | Alloc Ratio |
|----------------------------- |----------- |--------------- |------------ |-----------:|----------:|---------:|------:|-------:|----------:|------------:|
| GenerateKey_WithTemplate     | Job-YFEFPZ | 10             | Default     | 2,551.4 ns |   5.93 ns |  3.53 ns |  0.71 | 0.0801 |    1360 B |        1.36 |
| GeneratePattern              | Job-YFEFPZ | 10             | Default     |   139.7 ns |   0.48 ns |  0.28 ns |  0.04 | 0.0153 |     256 B |        0.26 |
| GeneratePattern_WithTemplate | Job-YFEFPZ | 10             | Default     |   348.9 ns |   6.82 ns |  4.51 ns |  0.10 | 0.0534 |     896 B |        0.90 |
| GenerateKey_ComplexQuery     | Job-YFEFPZ | 10             | Default     | 4,826.7 ns |  50.37 ns | 33.32 ns |  1.34 | 0.0916 |    1648 B |        1.65 |
| GenerateKey_SimpleQuery      | Job-YFEFPZ | 10             | Default     | 3,609.7 ns |  13.98 ns |  9.25 ns |  1.00 | 0.0572 |    1000 B |        1.00 |
|                              |            |                |             |            |           |          |       |        |           |             |
| GenerateKey_WithTemplate     | ShortRun   | 3              | 1           | 2,518.0 ns | 630.41 ns | 34.55 ns |  0.69 | 0.0801 |    1360 B |        1.36 |
| GeneratePattern              | ShortRun   | 3              | 1           |   134.2 ns |   9.23 ns |  0.51 ns |  0.04 | 0.0153 |     256 B |        0.26 |
| GeneratePattern_WithTemplate | ShortRun   | 3              | 1           |   345.0 ns |  69.04 ns |  3.78 ns |  0.09 | 0.0534 |     896 B |        0.90 |
| GenerateKey_ComplexQuery     | ShortRun   | 3              | 1           | 4,795.4 ns | 592.94 ns | 32.50 ns |  1.31 | 0.0916 |    1648 B |        1.65 |
| GenerateKey_SimpleQuery      | ShortRun   | 3              | 1           | 3,662.5 ns | 297.31 ns | 16.30 ns |  1.00 | 0.0572 |    1000 B |        1.00 |

// * Hints *
Outliers
  CacheKeyGeneratorBenchmarks.GenerateKey_WithTemplate: IterationCount=10, WarmupCount=3 -> 1 outlier  was  removed (2.60 μs)
  CacheKeyGeneratorBenchmarks.GeneratePattern: IterationCount=10, WarmupCount=3          -> 1 outlier  was  removed (143.98 ns)
// * Config Issues *

// * Warnings *
Configuration
  Summary -> The exporter CsvExporter is already present in configuration. There may be unexpected results.
  Summary -> The exporter HtmlExporter is already present in configuration. There may be unexpected results.
  Summary -> The exporter MarkdownExporter-github is already present in configuration. There may be unexpected results.

// * Legends *
  Mean        : Arithmetic mean of all measurements
  Error       : Half of 99.9% confidence interval
  StdDev      : Standard deviation of all measurements
  Ratio       : Mean of the ratio distribution ([Current]/[Baseline])
  Gen0        : GC Generation 0 collects per 1000 operations
  Allocated   : Allocated memory per single operation (managed only, inclusive, 1KB = 1024B)
  Alloc Ratio : Allocated memory ratio distribution ([Current]/[Baseline])
  1 ns        : 1 Nanosecond (0.000000001 sec)

// * Diagnostic Output - MemoryDiagnoser *


// ***** BenchmarkRunner: End *****
Run time: 00:01:34 (94.2 sec), executed benchmarks: 10

Global total time: 00:02:32 (152.98 sec), executed benchmarks: 10
// * Artifacts cleanup *
Artifacts cleanup is finished
