// Validating benchmarks:
// ***** BenchmarkRunner: Start   *****
// ***** Found 3 benchmark(s) in total *****
// ***** Building 1 exe(s) in Parallel: Start   *****
// start dotnet  restore --nodeReuse:false /p:UseSharedCompilation=false /p:Deterministic=true /p:Optimize=true /p:ArtifactsPath="/home/runner/work/Encina/Encina/tests/Encina.BenchmarkTests/Encina.Audit.Marten.Benchmarks/bin/Release/net10.0/Encina.Audit.Marten.Benchmarks-ShortRun-1/" /p:OutDir="/home/runner/work/Encina/Encina/tests/Encina.BenchmarkTests/Encina.Audit.Marten.Benchmarks/bin/Release/net10.0/Encina.Audit.Marten.Benchmarks-ShortRun-1/bin/Release/net10.0/" /p:OutputPath="/home/runner/work/Encina/Encina/tests/Encina.BenchmarkTests/Encina.Audit.Marten.Benchmarks/bin/Release/net10.0/Encina.Audit.Marten.Benchmarks-ShortRun-1/bin/Release/net10.0/" /p:PublishDir="/home/runner/work/Encina/Encina/tests/Encina.BenchmarkTests/Encina.Audit.Marten.Benchmarks/bin/Release/net10.0/Encina.Audit.Marten.Benchmarks-ShortRun-1/publish/" in /home/runner/work/Encina/Encina/tests/Encina.BenchmarkTests/Encina.Audit.Marten.Benchmarks/bin/Release/net10.0/Encina.Audit.Marten.Benchmarks-ShortRun-1
// command took 3.06 sec and exited with 0
// start dotnet  build -c Release --no-restore --nodeReuse:false /p:UseSharedCompilation=false /p:Deterministic=true /p:Optimize=true /p:ArtifactsPath="/home/runner/work/Encina/Encina/tests/Encina.BenchmarkTests/Encina.Audit.Marten.Benchmarks/bin/Release/net10.0/Encina.Audit.Marten.Benchmarks-ShortRun-1/" /p:OutDir="/home/runner/work/Encina/Encina/tests/Encina.BenchmarkTests/Encina.Audit.Marten.Benchmarks/bin/Release/net10.0/Encina.Audit.Marten.Benchmarks-ShortRun-1/bin/Release/net10.0/" /p:OutputPath="/home/runner/work/Encina/Encina/tests/Encina.BenchmarkTests/Encina.Audit.Marten.Benchmarks/bin/Release/net10.0/Encina.Audit.Marten.Benchmarks-ShortRun-1/bin/Release/net10.0/" /p:PublishDir="/home/runner/work/Encina/Encina/tests/Encina.BenchmarkTests/Encina.Audit.Marten.Benchmarks/bin/Release/net10.0/Encina.Audit.Marten.Benchmarks-ShortRun-1/publish/" --output "/home/runner/work/Encina/Encina/tests/Encina.BenchmarkTests/Encina.Audit.Marten.Benchmarks/bin/Release/net10.0/Encina.Audit.Marten.Benchmarks-ShortRun-1/bin/Release/net10.0/" in /home/runner/work/Encina/Encina/tests/Encina.BenchmarkTests/Encina.Audit.Marten.Benchmarks/bin/Release/net10.0/Encina.Audit.Marten.Benchmarks-ShortRun-1
// command took 102.15 sec and exited with 0
// ***** Done, took 00:01:45 (105.39 sec)   *****
// Found 3 benchmarks:
//   AuditEventEncryptorBenchmarks.EncryptReadAuditEntry: ShortRun(IterationCount=3, LaunchCount=1, WarmupCount=3)
//   AuditEventEncryptorBenchmarks.EncryptAuditEntry_Full_AllPii: ShortRun(IterationCount=3, LaunchCount=1, WarmupCount=3)
//   AuditEventEncryptorBenchmarks.EncryptAuditEntry_Minimal_NoPii: ShortRun(IterationCount=3, LaunchCount=1, WarmupCount=3)

// **************************
// Benchmark: AuditEventEncryptorBenchmarks.EncryptReadAuditEntry: ShortRun(IterationCount=3, LaunchCount=1, WarmupCount=3)
// *** Execute ***
// Launch: 1 / 1
// Execute: dotnet Encina.Audit.Marten.Benchmarks-ShortRun-1.dll --anonymousPipes 137 138 --benchmarkName Encina.Audit.Marten.Benchmarks.AuditEventEncryptorBenchmarks.EncryptReadAuditEntry --job ShortRun --benchmarkId 0 in /home/runner/work/Encina/Encina/tests/Encina.BenchmarkTests/Encina.Audit.Marten.Benchmarks/bin/Release/net10.0/Encina.Audit.Marten.Benchmarks-ShortRun-1/bin/Release/net10.0
// Failed to set up high priority (Permission denied). In order to run benchmarks with high priority, make sure you have the right permissions.
// BeforeAnythingElse

// Benchmark Process Environment Information:
// BenchmarkDotNet v0.15.8
// Runtime=.NET 10.0.12 (10.0.12, 10.0.1226.42308), X64 RyuJIT x86-64-v3
// GC=Concurrent Workstation
// HardwareIntrinsics=AVX2+BMI1+BMI2+F16C+FMA+LZCNT+MOVBE,AVX,SSE3+SSSE3+SSE4.1+SSE4.2+POPCNT,X86Base+SSE+SSE2,AES+PCLMUL VectorSize=256
// Job: ShortRun(IterationCount=3, LaunchCount=1, WarmupCount=3)

OverheadJitting  1: 1 op, 225469.00 ns, 225.4690 us/op
WorkloadJitting  1: 1 op, 85669481.00 ns, 85.6695 ms/op

WorkloadPilot    1: 2 op, 260404.00 ns, 130.2020 us/op
WorkloadPilot    2: 3 op, 118982.00 ns, 39.6607 us/op
WorkloadPilot    3: 4 op, 116456.00 ns, 29.1140 us/op
WorkloadPilot    4: 5 op, 148777.00 ns, 29.7554 us/op
WorkloadPilot    5: 6 op, 208167.00 ns, 34.6945 us/op
WorkloadPilot    6: 7 op, 189923.00 ns, 27.1319 us/op
WorkloadPilot    7: 8 op, 216322.00 ns, 27.0403 us/op
WorkloadPilot    8: 9 op, 229697.00 ns, 25.5219 us/op
WorkloadPilot    9: 10 op, 254283.00 ns, 25.4283 us/op
WorkloadPilot   10: 11 op, 280121.00 ns, 25.4655 us/op
WorkloadPilot   11: 12 op, 302953.00 ns, 25.2461 us/op
WorkloadPilot   12: 13 op, 329433.00 ns, 25.3410 us/op
WorkloadPilot   13: 14 op, 349570.00 ns, 24.9693 us/op
WorkloadPilot   14: 15 op, 361061.00 ns, 24.0707 us/op
WorkloadPilot   15: 16 op, 396387.00 ns, 24.7742 us/op
WorkloadPilot   16: 32 op, 808693.00 ns, 25.2717 us/op
WorkloadPilot   17: 64 op, 1451628.00 ns, 22.6817 us/op
WorkloadPilot   18: 128 op, 2742368.00 ns, 21.4248 us/op
WorkloadPilot   19: 256 op, 5386984.00 ns, 21.0429 us/op
WorkloadPilot   20: 512 op, 10769210.00 ns, 21.0336 us/op
WorkloadPilot   21: 1024 op, 21317840.00 ns, 20.8182 us/op
WorkloadPilot   22: 2048 op, 42885735.00 ns, 20.9403 us/op
WorkloadPilot   23: 4096 op, 79504921.00 ns, 19.4104 us/op
WorkloadPilot   24: 8192 op, 147667566.00 ns, 18.0258 us/op
WorkloadPilot   25: 16384 op, 294292424.00 ns, 17.9622 us/op
WorkloadPilot   26: 32768 op, 588272998.00 ns, 17.9527 us/op

WorkloadWarmup   1: 32768 op, 588195564.00 ns, 17.9503 us/op
WorkloadWarmup   2: 32768 op, 601151480.00 ns, 18.3457 us/op
WorkloadWarmup   3: 32768 op, 592355798.00 ns, 18.0773 us/op

// BeforeActualRun
WorkloadActual   1: 32768 op, 589216046.00 ns, 17.9814 us/op
WorkloadActual   2: 32768 op, 590585153.00 ns, 18.0232 us/op
WorkloadActual   3: 32768 op, 591804631.00 ns, 18.0604 us/op

// AfterActualRun
WorkloadResult   1: 32768 op, 589216046.00 ns, 17.9814 us/op
WorkloadResult   2: 32768 op, 590585153.00 ns, 18.0232 us/op
WorkloadResult   3: 32768 op, 591804631.00 ns, 18.0604 us/op
// GC:  10 0 0 183503264 32768
// Threading:  0 0 32768

// AfterAll
// Benchmark Process 3343 has exited with code 0.

Mean = 18.022 μs, StdErr = 0.023 μs (0.13%), N = 3, StdDev = 0.040 μs
Min = 17.981 μs, Q1 = 18.002 μs, Median = 18.023 μs, Q3 = 18.042 μs, Max = 18.060 μs
IQR = 0.039 μs, LowerFence = 17.943 μs, UpperFence = 18.101 μs
ConfidenceInterval = [17.301 μs; 18.743 μs] (CI 99.9%), Margin = 0.721 μs (4.00% of Mean)
Skewness = -0.04, Kurtosis = 0.67, MValue = 2

// ** Remained 2 (66.7 %) benchmark(s) to run. Estimated finish 2026-10-03 10:15 (0h 0m from now) **
// **************************
// Benchmark: AuditEventEncryptorBenchmarks.EncryptAuditEntry_Full_AllPii: ShortRun(IterationCount=3, LaunchCount=1, WarmupCount=3)
// *** Execute ***
// Launch: 1 / 1
// Execute: dotnet Encina.Audit.Marten.Benchmarks-ShortRun-1.dll --anonymousPipes 137 138 --benchmarkName Encina.Audit.Marten.Benchmarks.AuditEventEncryptorBenchmarks.EncryptAuditEntry_Full_AllPii --job ShortRun --benchmarkId 1 in /home/runner/work/Encina/Encina/tests/Encina.BenchmarkTests/Encina.Audit.Marten.Benchmarks/bin/Release/net10.0/Encina.Audit.Marten.Benchmarks-ShortRun-1/bin/Release/net10.0
// Failed to set up high priority (Permission denied). In order to run benchmarks with high priority, make sure you have the right permissions.
// BeforeAnythingElse

// Benchmark Process Environment Information:
// BenchmarkDotNet v0.15.8
// Runtime=.NET 10.0.12 (10.0.12, 10.0.1226.42308), X64 RyuJIT x86-64-v3
// GC=Concurrent Workstation
// HardwareIntrinsics=AVX2+BMI1+BMI2+F16C+FMA+LZCNT+MOVBE,AVX,SSE3+SSSE3+SSE4.1+SSE4.2+POPCNT,X86Base+SSE+SSE2,AES+PCLMUL VectorSize=256
// Job: ShortRun(IterationCount=3, LaunchCount=1, WarmupCount=3)

OverheadJitting  1: 1 op, 215390.00 ns, 215.3900 us/op
WorkloadJitting  1: 1 op, 88650423.00 ns, 88.6504 ms/op

WorkloadPilot    1: 2 op, 299276.00 ns, 149.6380 us/op
WorkloadPilot    2: 3 op, 294097.00 ns, 98.0323 us/op
WorkloadPilot    3: 4 op, 239034.00 ns, 59.7585 us/op
WorkloadPilot    4: 5 op, 262439.00 ns, 52.4878 us/op
WorkloadPilot    5: 6 op, 292353.00 ns, 48.7255 us/op
WorkloadPilot    6: 7 op, 335755.00 ns, 47.9650 us/op
WorkloadPilot    7: 8 op, 369046.00 ns, 46.1308 us/op
WorkloadPilot    8: 9 op, 376861.00 ns, 41.8734 us/op
WorkloadPilot    9: 10 op, 497435.00 ns, 49.7435 us/op
WorkloadPilot   10: 11 op, 531779.00 ns, 48.3435 us/op
WorkloadPilot   11: 12 op, 533642.00 ns, 44.4702 us/op
WorkloadPilot   12: 13 op, 611508.00 ns, 47.0391 us/op
WorkloadPilot   13: 14 op, 649868.00 ns, 46.4191 us/op
WorkloadPilot   14: 15 op, 649057.00 ns, 43.2705 us/op
WorkloadPilot   15: 16 op, 716623.00 ns, 44.7889 us/op
WorkloadPilot   16: 32 op, 1702526.00 ns, 53.2039 us/op
WorkloadPilot   17: 64 op, 3788756.00 ns, 59.1993 us/op
WorkloadPilot   18: 128 op, 7385384.00 ns, 57.6983 us/op
WorkloadPilot   19: 256 op, 14938891.00 ns, 58.3550 us/op
WorkloadPilot   20: 512 op, 26232942.00 ns, 51.2362 us/op
WorkloadPilot   21: 1024 op, 42609756.00 ns, 41.6111 us/op
WorkloadPilot   22: 2048 op, 79934655.00 ns, 39.0306 us/op
WorkloadPilot   23: 4096 op, 159625516.00 ns, 38.9711 us/op
WorkloadPilot   24: 8192 op, 317242126.00 ns, 38.7258 us/op
WorkloadPilot   25: 16384 op, 632743344.00 ns, 38.6196 us/op

WorkloadWarmup   1: 16384 op, 638951689.00 ns, 38.9985 us/op
WorkloadWarmup   2: 16384 op, 638839380.00 ns, 38.9917 us/op
WorkloadWarmup   3: 16384 op, 637839510.00 ns, 38.9306 us/op

// BeforeActualRun
WorkloadActual   1: 16384 op, 635099255.00 ns, 38.7634 us/op
WorkloadActual   2: 16384 op, 638738132.00 ns, 38.9855 us/op
WorkloadActual   3: 16384 op, 639286351.00 ns, 39.0189 us/op

// AfterActualRun
WorkloadResult   1: 16384 op, 635099255.00 ns, 38.7634 us/op
WorkloadResult   2: 16384 op, 638738132.00 ns, 38.9855 us/op
WorkloadResult   3: 16384 op, 639286351.00 ns, 39.0189 us/op
// GC:  40 1 0 683418592 16384
// Threading:  0 0 16384

// AfterAll
// Benchmark Process 3350 has exited with code 0.

Mean = 38.923 μs, StdErr = 0.080 μs (0.21%), N = 3, StdDev = 0.139 μs
Min = 38.763 μs, Q1 = 38.874 μs, Median = 38.985 μs, Q3 = 39.002 μs, Max = 39.019 μs
IQR = 0.128 μs, LowerFence = 38.683 μs, UpperFence = 39.194 μs
ConfidenceInterval = [36.389 μs; 41.457 μs] (CI 99.9%), Margin = 2.534 μs (6.51% of Mean)
Skewness = -0.36, Kurtosis = 0.67, MValue = 2

// ** Remained 1 (33.3 %) benchmark(s) to run. Estimated finish 2026-10-03 10:15 (0h 0m from now) **
// **************************
// Benchmark: AuditEventEncryptorBenchmarks.EncryptAuditEntry_Minimal_NoPii: ShortRun(IterationCount=3, LaunchCount=1, WarmupCount=3)
// *** Execute ***
// Launch: 1 / 1
// Execute: dotnet Encina.Audit.Marten.Benchmarks-ShortRun-1.dll --anonymousPipes 137 138 --benchmarkName Encina.Audit.Marten.Benchmarks.AuditEventEncryptorBenchmarks.EncryptAuditEntry_Minimal_NoPii --job ShortRun --benchmarkId 2 in /home/runner/work/Encina/Encina/tests/Encina.BenchmarkTests/Encina.Audit.Marten.Benchmarks/bin/Release/net10.0/Encina.Audit.Marten.Benchmarks-ShortRun-1/bin/Release/net10.0
// Failed to set up high priority (Permission denied). In order to run benchmarks with high priority, make sure you have the right permissions.
// BeforeAnythingElse

// Benchmark Process Environment Information:
// BenchmarkDotNet v0.15.8
// Runtime=.NET 10.0.12 (10.0.12, 10.0.1226.42308), X64 RyuJIT x86-64-v3
// GC=Concurrent Workstation
// HardwareIntrinsics=AVX2+BMI1+BMI2+F16C+FMA+LZCNT+MOVBE,AVX,SSE3+SSSE3+SSE4.1+SSE4.2+POPCNT,X86Base+SSE+SSE2,AES+PCLMUL VectorSize=256
// Job: ShortRun(IterationCount=3, LaunchCount=1, WarmupCount=3)

OverheadJitting  1: 1 op, 225088.00 ns, 225.0880 us/op
WorkloadJitting  1: 1 op, 48140732.00 ns, 48.1407 ms/op

WorkloadPilot    1: 2 op, 114433.00 ns, 57.2165 us/op
WorkloadPilot    2: 3 op, 10530.00 ns, 3.5100 us/op
WorkloadPilot    3: 4 op, 16080.00 ns, 4.0200 us/op
WorkloadPilot    4: 5 op, 13966.00 ns, 2.7932 us/op
WorkloadPilot    5: 6 op, 34073.00 ns, 5.6788 us/op
WorkloadPilot    6: 7 op, 34555.00 ns, 4.9364 us/op
WorkloadPilot    7: 8 op, 34534.00 ns, 4.3168 us/op
WorkloadPilot    8: 9 op, 37670.00 ns, 4.1856 us/op
WorkloadPilot    9: 10 op, 37089.00 ns, 3.7089 us/op
WorkloadPilot   10: 11 op, 39343.00 ns, 3.5766 us/op
WorkloadPilot   11: 12 op, 44313.00 ns, 3.6928 us/op
WorkloadPilot   12: 13 op, 39434.00 ns, 3.0334 us/op
WorkloadPilot   13: 14 op, 49102.00 ns, 3.5073 us/op
WorkloadPilot   14: 15 op, 41838.00 ns, 2.7892 us/op
WorkloadPilot   15: 16 op, 52086.00 ns, 3.2554 us/op
WorkloadPilot   16: 32 op, 62596.00 ns, 1.9561 us/op
WorkloadPilot   17: 64 op, 89577.00 ns, 1.3996 us/op
WorkloadPilot   18: 128 op, 156822.00 ns, 1.2252 us/op
WorkloadPilot   19: 256 op, 335964.00 ns, 1.3124 us/op
WorkloadPilot   20: 512 op, 408409.00 ns, 797.6738 ns/op
WorkloadPilot   21: 1024 op, 921343.00 ns, 899.7490 ns/op
WorkloadPilot   22: 2048 op, 1944316.00 ns, 949.3730 ns/op
WorkloadPilot   23: 4096 op, 3547988.00 ns, 866.2080 ns/op
WorkloadPilot   24: 8192 op, 7281972.00 ns, 888.9126 ns/op
WorkloadPilot   25: 16384 op, 14346909.00 ns, 875.6658 ns/op
WorkloadPilot   26: 32768 op, 20972620.00 ns, 640.0336 ns/op
WorkloadPilot   27: 65536 op, 36713201.00 ns, 560.1990 ns/op
WorkloadPilot   28: 131072 op, 74028271.00 ns, 564.7909 ns/op
WorkloadPilot   29: 262144 op, 150941076.00 ns, 575.7945 ns/op
WorkloadPilot   30: 524288 op, 289221168.00 ns, 551.6456 ns/op
WorkloadPilot   31: 1048576 op, 577645715.00 ns, 550.8859 ns/op

WorkloadWarmup   1: 1048576 op, 583630565.00 ns, 556.5935 ns/op
WorkloadWarmup   2: 1048576 op, 582271087.00 ns, 555.2970 ns/op
WorkloadWarmup   3: 1048576 op, 580430174.00 ns, 553.5413 ns/op

// BeforeActualRun
WorkloadActual   1: 1048576 op, 577980669.00 ns, 551.2053 ns/op
WorkloadActual   2: 1048576 op, 575563745.00 ns, 548.9004 ns/op
WorkloadActual   3: 1048576 op, 578244349.00 ns, 551.4568 ns/op

// AfterActualRun
WorkloadResult   1: 1048576 op, 577980669.00 ns, 551.2053 ns/op
WorkloadResult   2: 1048576 op, 575563745.00 ns, 548.9004 ns/op
WorkloadResult   3: 1048576 op, 578244349.00 ns, 551.4568 ns/op
// GC:  50 0 0 838860800 1048576
// Threading:  0 0 1048576

// AfterAll
// Benchmark Process 3356 has exited with code 0.

Mean = 550.521 ns, StdErr = 0.813 ns (0.15%), N = 3, StdDev = 1.409 ns
Min = 548.900 ns, Q1 = 550.053 ns, Median = 551.205 ns, Q3 = 551.331 ns, Max = 551.457 ns
IQR = 1.278 ns, LowerFence = 548.136 ns, UpperFence = 553.248 ns
ConfidenceInterval = [524.816 ns; 576.226 ns] (CI 99.9%), Margin = 25.705 ns (4.67% of Mean)
Skewness = -0.37, Kurtosis = 0.67, MValue = 2

// ** Remained 0 (0.0 %) benchmark(s) to run. Estimated finish 2026-10-03 10:15 (0h 0m from now) **
// ***** BenchmarkRunner: Finish  *****

// * Export *
  artifacts/performance/AuditMarten/results/Encina.Audit.Marten.Benchmarks.AuditEventEncryptorBenchmarks-report.csv
  artifacts/performance/AuditMarten/results/Encina.Audit.Marten.Benchmarks.AuditEventEncryptorBenchmarks-report-github.md
  artifacts/performance/AuditMarten/results/Encina.Audit.Marten.Benchmarks.AuditEventEncryptorBenchmarks-report.html
  artifacts/performance/AuditMarten/results/Encina.Audit.Marten.Benchmarks.AuditEventEncryptorBenchmarks-report-full-compressed.json

// * Detailed results *
AuditEventEncryptorBenchmarks.EncryptReadAuditEntry: ShortRun(IterationCount=3, LaunchCount=1, WarmupCount=3)
Runtime = .NET 10.0.12 (10.0.12, 10.0.1226.42308), X64 RyuJIT x86-64-v3; GC = Concurrent Workstation
Mean = 18.022 μs, StdErr = 0.023 μs (0.13%), N = 3, StdDev = 0.040 μs
Min = 17.981 μs, Q1 = 18.002 μs, Median = 18.023 μs, Q3 = 18.042 μs, Max = 18.060 μs
IQR = 0.039 μs, LowerFence = 17.943 μs, UpperFence = 18.101 μs
ConfidenceInterval = [17.301 μs; 18.743 μs] (CI 99.9%), Margin = 0.721 μs (4.00% of Mean)
Skewness = -0.04, Kurtosis = 0.67, MValue = 2
-------------------- Histogram --------------------
[17.945 μs ; 18.096 μs) | @@@
---------------------------------------------------

AuditEventEncryptorBenchmarks.EncryptAuditEntry_Full_AllPii: ShortRun(IterationCount=3, LaunchCount=1, WarmupCount=3)
Runtime = .NET 10.0.12 (10.0.12, 10.0.1226.42308), X64 RyuJIT x86-64-v3; GC = Concurrent Workstation
Mean = 38.923 μs, StdErr = 0.080 μs (0.21%), N = 3, StdDev = 0.139 μs
Min = 38.763 μs, Q1 = 38.874 μs, Median = 38.985 μs, Q3 = 39.002 μs, Max = 39.019 μs
IQR = 0.128 μs, LowerFence = 38.683 μs, UpperFence = 39.194 μs
ConfidenceInterval = [36.389 μs; 41.457 μs] (CI 99.9%), Margin = 2.534 μs (6.51% of Mean)
Skewness = -0.36, Kurtosis = 0.67, MValue = 2
-------------------- Histogram --------------------
[38.637 μs ; 39.145 μs) | @@@
---------------------------------------------------

AuditEventEncryptorBenchmarks.EncryptAuditEntry_Minimal_NoPii: ShortRun(IterationCount=3, LaunchCount=1, WarmupCount=3)
Runtime = .NET 10.0.12 (10.0.12, 10.0.1226.42308), X64 RyuJIT x86-64-v3; GC = Concurrent Workstation
Mean = 550.521 ns, StdErr = 0.813 ns (0.15%), N = 3, StdDev = 1.409 ns
Min = 548.900 ns, Q1 = 550.053 ns, Median = 551.205 ns, Q3 = 551.331 ns, Max = 551.457 ns
IQR = 1.278 ns, LowerFence = 548.136 ns, UpperFence = 553.248 ns
ConfidenceInterval = [524.816 ns; 576.226 ns] (CI 99.9%), Margin = 25.705 ns (4.67% of Mean)
Skewness = -0.37, Kurtosis = 0.67, MValue = 2
-------------------- Histogram --------------------
[548.896 ns ; 551.461 ns) | @@@
---------------------------------------------------

// * Summary *

BenchmarkDotNet v0.15.8, Linux Ubuntu 24.04.5 LTS (Noble Numbat)
AMD EPYC 7763 2.45GHz, 1 CPU, 4 logical and 2 physical cores
.NET SDK 10.0.401
  [Host]   : .NET 10.0.12 (10.0.12, 10.0.1226.42308), X64 RyuJIT x86-64-v3
  ShortRun : .NET 10.0.12 (10.0.12, 10.0.1226.42308), X64 RyuJIT x86-64-v3

Job=ShortRun  IterationCount=3  LaunchCount=1  
WarmupCount=3  

| Method                          | Mean        | Error       | StdDev    | Ratio | RatioSD | Rank | Gen0   | Gen1   | Allocated | Alloc Ratio |
|-------------------------------- |------------:|------------:|----------:|------:|--------:|-----:|-------:|-------:|----------:|------------:|
| EncryptReadAuditEntry           | 18,021.7 ns |   721.00 ns |  39.52 ns | 32.74 |    0.10 |    2 | 0.3052 |      - |    5600 B |        7.00 |
| EncryptAuditEntry_Full_AllPii   | 38,922.6 ns | 2,534.05 ns | 138.90 ns | 70.70 |    0.27 |    3 | 2.4414 | 0.0610 |   41713 B |       52.14 |
| EncryptAuditEntry_Minimal_NoPii |    550.5 ns |    25.71 ns |   1.41 ns |  1.00 |    0.00 |    1 | 0.0477 |      - |     800 B |        1.00 |
// * Config Issues *

// * Warnings *
Configuration
  Summary -> The exporter CsvExporter is already present in configuration. There may be unexpected results.
  Summary -> The exporter HtmlExporter is already present in configuration. There may be unexpected results.
  Summary -> The exporter MarkdownExporter-github is already present in configuration. There may be unexpected results.

// * Legends *
  Mean        : Arithmetic mean of all measurements
  Error       : Half of 99.9% confidence interval
  StdDev      : Standard deviation of all measurements
  Ratio       : Mean of the ratio distribution ([Current]/[Baseline])
  RatioSD     : Standard deviation of the ratio distribution ([Current]/[Baseline])
  Rank        : Relative position of current benchmark mean among all benchmarks (Arabic style)
  Gen0        : GC Generation 0 collects per 1000 operations
  Gen1        : GC Generation 1 collects per 1000 operations
  Allocated   : Allocated memory per single operation (managed only, inclusive, 1KB = 1024B)
  Alloc Ratio : Allocated memory ratio distribution ([Current]/[Baseline])
  1 ns        : 1 Nanosecond (0.000000001 sec)

// * Diagnostic Output - MemoryDiagnoser *


// ***** BenchmarkRunner: End *****
Run time: 00:00:17 (17.53 sec), executed benchmarks: 3

Global total time: 00:02:03 (123.24 sec), executed benchmarks: 3
// * Artifacts cleanup *
Artifacts cleanup is finished
