// Validating benchmarks:
// ***** BenchmarkRunner: Start   *****
// ***** Found 4 benchmark(s) in total *****
// ***** Building 1 exe(s) in Parallel: Start   *****
// start dotnet  restore --nodeReuse:false /p:UseSharedCompilation=false /p:Deterministic=true /p:Optimize=true /p:ArtifactsPath="/home/runner/work/Encina/Encina/tests/Encina.BenchmarkTests/Encina.Cdc.PostgreSql.Benchmarks/bin/Release/net10.0/Encina.Cdc.PostgreSql.Benchmarks-ShortRun-1/" /p:OutDir="/home/runner/work/Encina/Encina/tests/Encina.BenchmarkTests/Encina.Cdc.PostgreSql.Benchmarks/bin/Release/net10.0/Encina.Cdc.PostgreSql.Benchmarks-ShortRun-1/bin/Release/net10.0/" /p:OutputPath="/home/runner/work/Encina/Encina/tests/Encina.BenchmarkTests/Encina.Cdc.PostgreSql.Benchmarks/bin/Release/net10.0/Encina.Cdc.PostgreSql.Benchmarks-ShortRun-1/bin/Release/net10.0/" /p:PublishDir="/home/runner/work/Encina/Encina/tests/Encina.BenchmarkTests/Encina.Cdc.PostgreSql.Benchmarks/bin/Release/net10.0/Encina.Cdc.PostgreSql.Benchmarks-ShortRun-1/publish/" in /home/runner/work/Encina/Encina/tests/Encina.BenchmarkTests/Encina.Cdc.PostgreSql.Benchmarks/bin/Release/net10.0/Encina.Cdc.PostgreSql.Benchmarks-ShortRun-1
// command took 2.93 sec and exited with 0
// start dotnet  build -c Release --no-restore --nodeReuse:false /p:UseSharedCompilation=false /p:Deterministic=true /p:Optimize=true /p:ArtifactsPath="/home/runner/work/Encina/Encina/tests/Encina.BenchmarkTests/Encina.Cdc.PostgreSql.Benchmarks/bin/Release/net10.0/Encina.Cdc.PostgreSql.Benchmarks-ShortRun-1/" /p:OutDir="/home/runner/work/Encina/Encina/tests/Encina.BenchmarkTests/Encina.Cdc.PostgreSql.Benchmarks/bin/Release/net10.0/Encina.Cdc.PostgreSql.Benchmarks-ShortRun-1/bin/Release/net10.0/" /p:OutputPath="/home/runner/work/Encina/Encina/tests/Encina.BenchmarkTests/Encina.Cdc.PostgreSql.Benchmarks/bin/Release/net10.0/Encina.Cdc.PostgreSql.Benchmarks-ShortRun-1/bin/Release/net10.0/" /p:PublishDir="/home/runner/work/Encina/Encina/tests/Encina.BenchmarkTests/Encina.Cdc.PostgreSql.Benchmarks/bin/Release/net10.0/Encina.Cdc.PostgreSql.Benchmarks-ShortRun-1/publish/" --output "/home/runner/work/Encina/Encina/tests/Encina.BenchmarkTests/Encina.Cdc.PostgreSql.Benchmarks/bin/Release/net10.0/Encina.Cdc.PostgreSql.Benchmarks-ShortRun-1/bin/Release/net10.0/" in /home/runner/work/Encina/Encina/tests/Encina.BenchmarkTests/Encina.Cdc.PostgreSql.Benchmarks/bin/Release/net10.0/Encina.Cdc.PostgreSql.Benchmarks-ShortRun-1
// command took 57.8 sec and exited with 0
// ***** Done, took 00:01:00 (60.92 sec)   *****
// Found 4 benchmarks:
//   PositionBenchmarks.ComparePositions: ShortRun(IterationCount=3, LaunchCount=1, WarmupCount=3)
//   PositionBenchmarks.CreatePosition: ShortRun(IterationCount=3, LaunchCount=1, WarmupCount=3)
//   PositionBenchmarks.FromBytes: ShortRun(IterationCount=3, LaunchCount=1, WarmupCount=3)
//   PositionBenchmarks.ToBytes: ShortRun(IterationCount=3, LaunchCount=1, WarmupCount=3)

// **************************
// Benchmark: PositionBenchmarks.ComparePositions: ShortRun(IterationCount=3, LaunchCount=1, WarmupCount=3)
// *** Execute ***
// Launch: 1 / 1
// Execute: dotnet Encina.Cdc.PostgreSql.Benchmarks-ShortRun-1.dll --anonymousPipes 152 153 --benchmarkName Encina.Cdc.PostgreSql.Benchmarks.Benchmarks.PositionBenchmarks.ComparePositions --job ShortRun --benchmarkId 0 in /home/runner/work/Encina/Encina/tests/Encina.BenchmarkTests/Encina.Cdc.PostgreSql.Benchmarks/bin/Release/net10.0/Encina.Cdc.PostgreSql.Benchmarks-ShortRun-1/bin/Release/net10.0
// Failed to set up high priority (Permission denied). In order to run benchmarks with high priority, make sure you have the right permissions.
// BeforeAnythingElse

// Benchmark Process Environment Information:
// BenchmarkDotNet v0.15.8
// Runtime=.NET 10.0.12 (10.0.12, 10.0.1226.42308), X64 RyuJIT x86-64-v3
// GC=Concurrent Workstation
// HardwareIntrinsics=AVX2+BMI1+BMI2+F16C+FMA+LZCNT+MOVBE,AVX,SSE3+SSSE3+SSE4.1+SSE4.2+POPCNT,X86Base+SSE+SSE2,AES+PCLMUL VectorSize=256
// Job: ShortRun(IterationCount=3, LaunchCount=1, WarmupCount=3)

OverheadJitting  1: 1 op, 218095.00 ns, 218.0950 us/op
WorkloadJitting  1: 1 op, 567494.00 ns, 567.4940 us/op

OverheadJitting  2: 16 op, 395498.00 ns, 24.7186 us/op
WorkloadJitting  2: 16 op, 378122.00 ns, 23.6326 us/op

WorkloadPilot    1: 16 op, 510.00 ns, 31.8750 ns/op
WorkloadPilot    2: 32 op, 591.00 ns, 18.4688 ns/op
WorkloadPilot    3: 64 op, 651.00 ns, 10.1719 ns/op
WorkloadPilot    4: 128 op, 861.00 ns, 6.7266 ns/op
WorkloadPilot    5: 256 op, 1251.00 ns, 4.8867 ns/op
WorkloadPilot    6: 512 op, 2103.00 ns, 4.1074 ns/op
WorkloadPilot    7: 1024 op, 3695.00 ns, 3.6084 ns/op
WorkloadPilot    8: 2048 op, 6980.00 ns, 3.4082 ns/op
WorkloadPilot    9: 4096 op, 13440.00 ns, 3.2813 ns/op
WorkloadPilot   10: 8192 op, 26489.00 ns, 3.2335 ns/op
WorkloadPilot   11: 16384 op, 52538.00 ns, 3.2067 ns/op
WorkloadPilot   12: 32768 op, 104605.00 ns, 3.1923 ns/op
WorkloadPilot   13: 65536 op, 231764.00 ns, 3.5364 ns/op
WorkloadPilot   14: 131072 op, 431312.00 ns, 3.2906 ns/op
WorkloadPilot   15: 262144 op, 860590.00 ns, 3.2829 ns/op
WorkloadPilot   16: 524288 op, 1707059.00 ns, 3.2560 ns/op
WorkloadPilot   17: 1048576 op, 3391135.00 ns, 3.2340 ns/op
WorkloadPilot   18: 2097152 op, 6733006.00 ns, 3.2105 ns/op
WorkloadPilot   19: 4194304 op, 13438341.00 ns, 3.2040 ns/op
WorkloadPilot   20: 8388608 op, 26891322.00 ns, 3.2057 ns/op
WorkloadPilot   21: 16777216 op, 53906098.00 ns, 3.2131 ns/op
WorkloadPilot   22: 33554432 op, 107595274.00 ns, 3.2066 ns/op
WorkloadPilot   23: 67108864 op, 215401711.00 ns, 3.2097 ns/op
WorkloadPilot   24: 134217728 op, 431398618.00 ns, 3.2142 ns/op
WorkloadPilot   25: 268435456 op, 862842394.00 ns, 3.2143 ns/op

OverheadWarmup   1: 268435456 op, 501690094.00 ns, 1.8689 ns/op
OverheadWarmup   2: 268435456 op, 502444636.00 ns, 1.8718 ns/op
OverheadWarmup   3: 268435456 op, 501331540.00 ns, 1.8676 ns/op
OverheadWarmup   4: 268435456 op, 501378260.00 ns, 1.8678 ns/op
OverheadWarmup   5: 268435456 op, 501488253.00 ns, 1.8682 ns/op
OverheadWarmup   6: 268435456 op, 501695061.00 ns, 1.8690 ns/op
OverheadWarmup   7: 268435456 op, 501394955.00 ns, 1.8678 ns/op

OverheadActual   1: 268435456 op, 501368850.00 ns, 1.8677 ns/op
OverheadActual   2: 268435456 op, 501487071.00 ns, 1.8682 ns/op
OverheadActual   3: 268435456 op, 501313754.00 ns, 1.8675 ns/op
OverheadActual   4: 268435456 op, 501381113.00 ns, 1.8678 ns/op
OverheadActual   5: 268435456 op, 501312913.00 ns, 1.8675 ns/op
OverheadActual   6: 268435456 op, 501659268.00 ns, 1.8688 ns/op
OverheadActual   7: 268435456 op, 501501032.00 ns, 1.8682 ns/op
OverheadActual   8: 268435456 op, 501295166.00 ns, 1.8675 ns/op
OverheadActual   9: 268435456 op, 501379561.00 ns, 1.8678 ns/op
OverheadActual  10: 268435456 op, 503553952.00 ns, 1.8759 ns/op
OverheadActual  11: 268435456 op, 501459826.00 ns, 1.8681 ns/op
OverheadActual  12: 268435456 op, 504834496.00 ns, 1.8807 ns/op
OverheadActual  13: 268435456 op, 501301721.00 ns, 1.8675 ns/op
OverheadActual  14: 268435456 op, 501561057.00 ns, 1.8685 ns/op
OverheadActual  15: 268435456 op, 501826702.00 ns, 1.8695 ns/op

WorkloadWarmup   1: 268435456 op, 860956456.00 ns, 3.2073 ns/op
WorkloadWarmup   2: 268435456 op, 861709267.00 ns, 3.2101 ns/op
WorkloadWarmup   3: 268435456 op, 859582833.00 ns, 3.2022 ns/op

// BeforeActualRun
WorkloadActual   1: 268435456 op, 860325257.00 ns, 3.2050 ns/op
WorkloadActual   2: 268435456 op, 862420935.00 ns, 3.2128 ns/op
WorkloadActual   3: 268435456 op, 860390385.00 ns, 3.2052 ns/op

// AfterActualRun
WorkloadResult   1: 268435456 op, 358865431.00 ns, 1.3369 ns/op
WorkloadResult   2: 268435456 op, 360961109.00 ns, 1.3447 ns/op
WorkloadResult   3: 268435456 op, 358930559.00 ns, 1.3371 ns/op
// GC:  0 0 0 0 268435456
// Threading:  0 0 268435456

// AfterAll
// Benchmark Process 3162 has exited with code 0.

Mean = 1.340 ns, StdErr = 0.003 ns (0.19%), N = 3, StdDev = 0.004 ns
Min = 1.337 ns, Q1 = 1.337 ns, Median = 1.337 ns, Q3 = 1.341 ns, Max = 1.345 ns
IQR = 0.004 ns, LowerFence = 1.331 ns, UpperFence = 1.347 ns
ConfidenceInterval = [1.259 ns; 1.421 ns] (CI 99.9%), Margin = 0.081 ns (6.05% of Mean)
Skewness = 0.38, Kurtosis = 0.67, MValue = 2

// ** Remained 3 (75.0 %) benchmark(s) to run. Estimated finish 2026-10-09 19:16 (0h 0m from now) **
// **************************
// Benchmark: PositionBenchmarks.CreatePosition: ShortRun(IterationCount=3, LaunchCount=1, WarmupCount=3)
// *** Execute ***
// Launch: 1 / 1
// Execute: dotnet Encina.Cdc.PostgreSql.Benchmarks-ShortRun-1.dll --anonymousPipes 152 153 --benchmarkName Encina.Cdc.PostgreSql.Benchmarks.Benchmarks.PositionBenchmarks.CreatePosition --job ShortRun --benchmarkId 1 in /home/runner/work/Encina/Encina/tests/Encina.BenchmarkTests/Encina.Cdc.PostgreSql.Benchmarks/bin/Release/net10.0/Encina.Cdc.PostgreSql.Benchmarks-ShortRun-1/bin/Release/net10.0
// Failed to set up high priority (Permission denied). In order to run benchmarks with high priority, make sure you have the right permissions.
// BeforeAnythingElse

// Benchmark Process Environment Information:
// BenchmarkDotNet v0.15.8
// Runtime=.NET 10.0.12 (10.0.12, 10.0.1226.42308), X64 RyuJIT x86-64-v3
// GC=Concurrent Workstation
// HardwareIntrinsics=AVX2+BMI1+BMI2+F16C+FMA+LZCNT+MOVBE,AVX,SSE3+SSSE3+SSE4.1+SSE4.2+POPCNT,X86Base+SSE+SSE2,AES+PCLMUL VectorSize=256
// Job: ShortRun(IterationCount=3, LaunchCount=1, WarmupCount=3)

OverheadJitting  1: 1 op, 240117.00 ns, 240.1170 us/op
WorkloadJitting  1: 1 op, 323762.00 ns, 323.7620 us/op

OverheadJitting  2: 16 op, 540414.00 ns, 33.7759 us/op
WorkloadJitting  2: 16 op, 513063.00 ns, 32.0664 us/op

WorkloadPilot    1: 16 op, 2273.00 ns, 142.0625 ns/op
WorkloadPilot    2: 32 op, 2053.00 ns, 64.1563 ns/op
WorkloadPilot    3: 64 op, 2093.00 ns, 32.7031 ns/op
WorkloadPilot    4: 128 op, 2554.00 ns, 19.9531 ns/op
WorkloadPilot    5: 256 op, 20460.00 ns, 79.9219 ns/op
WorkloadPilot    6: 512 op, 11737.00 ns, 22.9238 ns/op
WorkloadPilot    7: 1024 op, 36474.00 ns, 35.6191 ns/op
WorkloadPilot    8: 2048 op, 56224.00 ns, 27.4531 ns/op
WorkloadPilot    9: 4096 op, 121911.00 ns, 29.7634 ns/op
WorkloadPilot   10: 8192 op, 208731.00 ns, 25.4799 ns/op
WorkloadPilot   11: 16384 op, 275140.00 ns, 16.7932 ns/op
WorkloadPilot   12: 32768 op, 650928.00 ns, 19.8647 ns/op
WorkloadPilot   13: 65536 op, 1313574.00 ns, 20.0435 ns/op
WorkloadPilot   14: 131072 op, 2595271.00 ns, 19.8003 ns/op
WorkloadPilot   15: 262144 op, 5396499.00 ns, 20.5860 ns/op
WorkloadPilot   16: 524288 op, 10615663.00 ns, 20.2478 ns/op
WorkloadPilot   17: 1048576 op, 10639669.00 ns, 10.1468 ns/op
WorkloadPilot   18: 2097152 op, 21802435.00 ns, 10.3962 ns/op
WorkloadPilot   19: 4194304 op, 41132892.00 ns, 9.8068 ns/op
WorkloadPilot   20: 8388608 op, 76728797.00 ns, 9.1468 ns/op
WorkloadPilot   21: 16777216 op, 155453223.00 ns, 9.2657 ns/op
WorkloadPilot   22: 33554432 op, 313338754.00 ns, 9.3382 ns/op
WorkloadPilot   23: 67108864 op, 625594427.00 ns, 9.3221 ns/op

OverheadWarmup   1: 67108864 op, 227291284.00 ns, 3.3869 ns/op
OverheadWarmup   2: 67108864 op, 274468378.00 ns, 4.0899 ns/op
OverheadWarmup   3: 67108864 op, 226960532.00 ns, 3.3820 ns/op
OverheadWarmup   4: 67108864 op, 274330433.00 ns, 4.0878 ns/op
OverheadWarmup   5: 67108864 op, 227028894.00 ns, 3.3830 ns/op

OverheadActual   1: 67108864 op, 227276923.00 ns, 3.3867 ns/op
OverheadActual   2: 67108864 op, 227257835.00 ns, 3.3864 ns/op
OverheadActual   3: 67108864 op, 227271585.00 ns, 3.3866 ns/op
OverheadActual   4: 67108864 op, 227133669.00 ns, 3.3846 ns/op
OverheadActual   5: 67108864 op, 227037997.00 ns, 3.3831 ns/op
OverheadActual   6: 67108864 op, 227237233.00 ns, 3.3861 ns/op
OverheadActual   7: 67108864 op, 250651756.00 ns, 3.7350 ns/op
OverheadActual   8: 67108864 op, 227105417.00 ns, 3.3841 ns/op
OverheadActual   9: 67108864 op, 274220109.00 ns, 4.0862 ns/op
OverheadActual  10: 67108864 op, 227147630.00 ns, 3.3848 ns/op
OverheadActual  11: 67108864 op, 250831004.00 ns, 3.7377 ns/op
OverheadActual  12: 67108864 op, 227492463.00 ns, 3.3899 ns/op
OverheadActual  13: 67108864 op, 227110305.00 ns, 3.3842 ns/op
OverheadActual  14: 67108864 op, 227427036.00 ns, 3.3889 ns/op
OverheadActual  15: 67108864 op, 250706288.00 ns, 3.7358 ns/op

WorkloadWarmup   1: 67108864 op, 633644212.00 ns, 9.4420 ns/op
WorkloadWarmup   2: 67108864 op, 663525506.00 ns, 9.8873 ns/op
WorkloadWarmup   3: 67108864 op, 623918578.00 ns, 9.2971 ns/op

// BeforeActualRun
WorkloadActual   1: 67108864 op, 638015198.00 ns, 9.5072 ns/op
WorkloadActual   2: 67108864 op, 647992791.00 ns, 9.6558 ns/op
WorkloadActual   3: 67108864 op, 643117559.00 ns, 9.5832 ns/op

// AfterActualRun
WorkloadResult   1: 67108864 op, 410743613.00 ns, 6.1206 ns/op
WorkloadResult   2: 67108864 op, 420721206.00 ns, 6.2692 ns/op
WorkloadResult   3: 67108864 op, 415845974.00 ns, 6.1966 ns/op
// GC:  96 0 0 1610612736 67108864
// Threading:  0 0 67108864

// AfterAll
// Benchmark Process 3171 has exited with code 0.

Mean = 6.195 ns, StdErr = 0.043 ns (0.69%), N = 3, StdDev = 0.074 ns
Min = 6.121 ns, Q1 = 6.159 ns, Median = 6.197 ns, Q3 = 6.233 ns, Max = 6.269 ns
IQR = 0.074 ns, LowerFence = 6.047 ns, UpperFence = 6.344 ns
ConfidenceInterval = [4.839 ns; 7.552 ns] (CI 99.9%), Margin = 1.356 ns (21.89% of Mean)
Skewness = -0.02, Kurtosis = 0.67, MValue = 2

// ** Remained 2 (50.0 %) benchmark(s) to run. Estimated finish 2026-10-09 19:16 (0h 0m from now) **
// **************************
// Benchmark: PositionBenchmarks.FromBytes: ShortRun(IterationCount=3, LaunchCount=1, WarmupCount=3)
// *** Execute ***
// Launch: 1 / 1
// Execute: dotnet Encina.Cdc.PostgreSql.Benchmarks-ShortRun-1.dll --anonymousPipes 152 153 --benchmarkName Encina.Cdc.PostgreSql.Benchmarks.Benchmarks.PositionBenchmarks.FromBytes --job ShortRun --benchmarkId 2 in /home/runner/work/Encina/Encina/tests/Encina.BenchmarkTests/Encina.Cdc.PostgreSql.Benchmarks/bin/Release/net10.0/Encina.Cdc.PostgreSql.Benchmarks-ShortRun-1/bin/Release/net10.0
// Failed to set up high priority (Permission denied). In order to run benchmarks with high priority, make sure you have the right permissions.
// BeforeAnythingElse

// Benchmark Process Environment Information:
// BenchmarkDotNet v0.15.8
// Runtime=.NET 10.0.12 (10.0.12, 10.0.1226.42308), X64 RyuJIT x86-64-v3
// GC=Concurrent Workstation
// HardwareIntrinsics=AVX2+BMI1+BMI2+F16C+FMA+LZCNT+MOVBE,AVX,SSE3+SSSE3+SSE4.1+SSE4.2+POPCNT,X86Base+SSE+SSE2,AES+PCLMUL VectorSize=256
// Job: ShortRun(IterationCount=3, LaunchCount=1, WarmupCount=3)

OverheadJitting  1: 1 op, 247508.00 ns, 247.5080 us/op
WorkloadJitting  1: 1 op, 610058.00 ns, 610.0580 us/op

OverheadJitting  2: 16 op, 510700.00 ns, 31.9188 us/op
WorkloadJitting  2: 16 op, 481907.00 ns, 30.1192 us/op

WorkloadPilot    1: 16 op, 12028.00 ns, 751.7500 ns/op
WorkloadPilot    2: 32 op, 2033.00 ns, 63.5313 ns/op
WorkloadPilot    3: 64 op, 2735.00 ns, 42.7344 ns/op
WorkloadPilot    4: 128 op, 3555.00 ns, 27.7734 ns/op
WorkloadPilot    5: 256 op, 19589.00 ns, 76.5195 ns/op
WorkloadPilot    6: 512 op, 18568.00 ns, 36.2656 ns/op
WorkloadPilot    7: 1024 op, 36735.00 ns, 35.8740 ns/op
WorkloadPilot    8: 2048 op, 57686.00 ns, 28.1670 ns/op
WorkloadPilot    9: 4096 op, 110394.00 ns, 26.9517 ns/op
WorkloadPilot   10: 8192 op, 210403.00 ns, 25.6840 ns/op
WorkloadPilot   11: 16384 op, 315970.00 ns, 19.2853 ns/op
WorkloadPilot   12: 32768 op, 711348.00 ns, 21.7086 ns/op
WorkloadPilot   13: 65536 op, 1454824.00 ns, 22.1989 ns/op
WorkloadPilot   14: 131072 op, 2768638.00 ns, 21.1230 ns/op
WorkloadPilot   15: 262144 op, 5624698.00 ns, 21.4565 ns/op
WorkloadPilot   16: 524288 op, 11267652.00 ns, 21.4913 ns/op
WorkloadPilot   17: 1048576 op, 11388532.00 ns, 10.8610 ns/op
WorkloadPilot   18: 2097152 op, 23187194.00 ns, 11.0565 ns/op
WorkloadPilot   19: 4194304 op, 44778724.00 ns, 10.6761 ns/op
WorkloadPilot   20: 8388608 op, 84806160.00 ns, 10.1097 ns/op
WorkloadPilot   21: 16777216 op, 174702172.00 ns, 10.4131 ns/op
WorkloadPilot   22: 33554432 op, 361925019.00 ns, 10.7862 ns/op
WorkloadPilot   23: 67108864 op, 676553238.00 ns, 10.0814 ns/op

OverheadWarmup   1: 67108864 op, 226989957.00 ns, 3.3824 ns/op
OverheadWarmup   2: 67108864 op, 250923129.00 ns, 3.7390 ns/op
OverheadWarmup   3: 67108864 op, 227502619.00 ns, 3.3901 ns/op
OverheadWarmup   4: 67108864 op, 274428187.00 ns, 4.0893 ns/op
OverheadWarmup   5: 67108864 op, 274394507.00 ns, 4.0888 ns/op

OverheadActual   1: 67108864 op, 250701621.00 ns, 3.7357 ns/op
OverheadActual   2: 67108864 op, 250637956.00 ns, 3.7348 ns/op
OverheadActual   3: 67108864 op, 274225054.00 ns, 4.0863 ns/op
OverheadActual   4: 67108864 op, 250708760.00 ns, 3.7359 ns/op
OverheadActual   5: 67108864 op, 250752746.00 ns, 3.7365 ns/op
OverheadActual   6: 67108864 op, 227050021.00 ns, 3.3833 ns/op
OverheadActual   7: 67108864 op, 227498151.00 ns, 3.3900 ns/op
OverheadActual   8: 67108864 op, 250566863.00 ns, 3.7337 ns/op
OverheadActual   9: 67108864 op, 227141068.00 ns, 3.3847 ns/op
OverheadActual  10: 67108864 op, 227193446.00 ns, 3.3854 ns/op
OverheadActual  11: 67108864 op, 250774501.00 ns, 3.7368 ns/op
OverheadActual  12: 67108864 op, 250656990.00 ns, 3.7351 ns/op
OverheadActual  13: 67108864 op, 250935933.00 ns, 3.7392 ns/op
OverheadActual  14: 67108864 op, 227306956.00 ns, 3.3871 ns/op
OverheadActual  15: 67108864 op, 227146728.00 ns, 3.3848 ns/op
OverheadActual  16: 67108864 op, 226933399.00 ns, 3.3816 ns/op
OverheadActual  17: 67108864 op, 250610918.00 ns, 3.7344 ns/op
OverheadActual  18: 67108864 op, 250794162.00 ns, 3.7371 ns/op
OverheadActual  19: 67108864 op, 227075291.00 ns, 3.3837 ns/op
OverheadActual  20: 67108864 op, 274187587.00 ns, 4.0857 ns/op

WorkloadWarmup   1: 67108864 op, 736877829.00 ns, 10.9803 ns/op
WorkloadWarmup   2: 67108864 op, 699844580.00 ns, 10.4285 ns/op
WorkloadWarmup   3: 67108864 op, 714146331.00 ns, 10.6416 ns/op

// BeforeActualRun
WorkloadActual   1: 67108864 op, 668661989.00 ns, 9.9638 ns/op
WorkloadActual   2: 67108864 op, 696068543.00 ns, 10.3722 ns/op
WorkloadActual   3: 67108864 op, 699813474.00 ns, 10.4280 ns/op

// AfterActualRun
WorkloadResult   1: 67108864 op, 418037552.00 ns, 6.2292 ns/op
WorkloadResult   2: 67108864 op, 445444106.00 ns, 6.6376 ns/op
WorkloadResult   3: 67108864 op, 449189037.00 ns, 6.6934 ns/op
// GC:  96 0 0 1610612736 67108864
// Threading:  0 0 67108864

// AfterAll
// Benchmark Process 3180 has exited with code 0.

Mean = 6.520 ns, StdErr = 0.146 ns (2.24%), N = 3, StdDev = 0.253 ns
Min = 6.229 ns, Q1 = 6.433 ns, Median = 6.638 ns, Q3 = 6.666 ns, Max = 6.693 ns
IQR = 0.232 ns, LowerFence = 6.085 ns, UpperFence = 7.014 ns
ConfidenceInterval = [1.897 ns; 11.144 ns] (CI 99.9%), Margin = 4.624 ns (70.91% of Mean)
Skewness = -0.36, Kurtosis = 0.67, MValue = 2

// ** Remained 1 (25.0 %) benchmark(s) to run. Estimated finish 2026-10-09 19:16 (0h 0m from now) **
// **************************
// Benchmark: PositionBenchmarks.ToBytes: ShortRun(IterationCount=3, LaunchCount=1, WarmupCount=3)
// *** Execute ***
// Launch: 1 / 1
// Execute: dotnet Encina.Cdc.PostgreSql.Benchmarks-ShortRun-1.dll --anonymousPipes 152 153 --benchmarkName Encina.Cdc.PostgreSql.Benchmarks.Benchmarks.PositionBenchmarks.ToBytes --job ShortRun --benchmarkId 3 in /home/runner/work/Encina/Encina/tests/Encina.BenchmarkTests/Encina.Cdc.PostgreSql.Benchmarks/bin/Release/net10.0/Encina.Cdc.PostgreSql.Benchmarks-ShortRun-1/bin/Release/net10.0
// Failed to set up high priority (Permission denied). In order to run benchmarks with high priority, make sure you have the right permissions.
// BeforeAnythingElse

// Benchmark Process Environment Information:
// BenchmarkDotNet v0.15.8
// Runtime=.NET 10.0.12 (10.0.12, 10.0.1226.42308), X64 RyuJIT x86-64-v3
// GC=Concurrent Workstation
// HardwareIntrinsics=AVX2+BMI1+BMI2+F16C+FMA+LZCNT+MOVBE,AVX,SSE3+SSSE3+SSE4.1+SSE4.2+POPCNT,X86Base+SSE+SSE2,AES+PCLMUL VectorSize=256
// Job: ShortRun(IterationCount=3, LaunchCount=1, WarmupCount=3)

OverheadJitting  1: 1 op, 251914.00 ns, 251.9140 us/op
WorkloadJitting  1: 1 op, 291042.00 ns, 291.0420 us/op

OverheadJitting  2: 16 op, 459532.00 ns, 28.7208 us/op
WorkloadJitting  2: 16 op, 436558.00 ns, 27.2849 us/op

WorkloadPilot    1: 16 op, 2183.00 ns, 136.4375 ns/op
WorkloadPilot    2: 32 op, 2163.00 ns, 67.5938 ns/op
WorkloadPilot    3: 64 op, 2273.00 ns, 35.5156 ns/op
WorkloadPilot    4: 128 op, 19880.00 ns, 155.3125 ns/op
WorkloadPilot    5: 256 op, 20711.00 ns, 80.9023 ns/op
WorkloadPilot    6: 512 op, 12429.00 ns, 24.2754 ns/op
WorkloadPilot    7: 1024 op, 42283.00 ns, 41.2920 ns/op
WorkloadPilot    8: 2048 op, 80459.00 ns, 39.2866 ns/op
WorkloadPilot    9: 4096 op, 163352.00 ns, 39.8809 ns/op
WorkloadPilot   10: 8192 op, 269861.00 ns, 32.9420 ns/op
WorkloadPilot   11: 16384 op, 388427.00 ns, 23.7077 ns/op
WorkloadPilot   12: 32768 op, 830012.00 ns, 25.3300 ns/op
WorkloadPilot   13: 65536 op, 1667585.00 ns, 25.4453 ns/op
WorkloadPilot   14: 131072 op, 3305447.00 ns, 25.2186 ns/op
WorkloadPilot   15: 262144 op, 6598906.00 ns, 25.1728 ns/op
WorkloadPilot   16: 524288 op, 13402826.00 ns, 25.5639 ns/op
WorkloadPilot   17: 1048576 op, 11182810.00 ns, 10.6648 ns/op
WorkloadPilot   18: 2097152 op, 24469052.00 ns, 11.6678 ns/op
WorkloadPilot   19: 4194304 op, 43426533.00 ns, 10.3537 ns/op
WorkloadPilot   20: 8388608 op, 89510902.00 ns, 10.6705 ns/op
WorkloadPilot   21: 16777216 op, 173540668.00 ns, 10.3438 ns/op
WorkloadPilot   22: 33554432 op, 346934488.00 ns, 10.3395 ns/op
WorkloadPilot   23: 67108864 op, 720742487.00 ns, 10.7399 ns/op

OverheadWarmup   1: 67108864 op, 224781271.00 ns, 3.3495 ns/op
OverheadWarmup   2: 67108864 op, 248706665.00 ns, 3.7060 ns/op
OverheadWarmup   3: 67108864 op, 247724457.00 ns, 3.6914 ns/op
OverheadWarmup   4: 67108864 op, 248324418.00 ns, 3.7003 ns/op
OverheadWarmup   5: 67108864 op, 224612960.00 ns, 3.3470 ns/op

OverheadActual   1: 67108864 op, 240956011.00 ns, 3.5905 ns/op
OverheadActual   2: 67108864 op, 224333997.00 ns, 3.3428 ns/op
OverheadActual   3: 67108864 op, 224324843.00 ns, 3.3427 ns/op
OverheadActual   4: 67108864 op, 224326084.00 ns, 3.3427 ns/op
OverheadActual   5: 67108864 op, 224472432.00 ns, 3.3449 ns/op
OverheadActual   6: 67108864 op, 271343558.00 ns, 4.0433 ns/op
OverheadActual   7: 67108864 op, 247905697.00 ns, 3.6941 ns/op
OverheadActual   8: 67108864 op, 247761478.00 ns, 3.6919 ns/op
OverheadActual   9: 67108864 op, 247882806.00 ns, 3.6937 ns/op
OverheadActual  10: 67108864 op, 224319123.00 ns, 3.3426 ns/op
OverheadActual  11: 67108864 op, 271541791.00 ns, 4.0463 ns/op
OverheadActual  12: 67108864 op, 224174638.00 ns, 3.3405 ns/op
OverheadActual  13: 67108864 op, 224336058.00 ns, 3.3429 ns/op
OverheadActual  14: 67108864 op, 271380100.00 ns, 4.0439 ns/op
OverheadActual  15: 67108864 op, 247829627.00 ns, 3.6929 ns/op
OverheadActual  16: 67108864 op, 251819442.00 ns, 3.7524 ns/op
OverheadActual  17: 67108864 op, 247924528.00 ns, 3.6944 ns/op
OverheadActual  18: 67108864 op, 224222680.00 ns, 3.3412 ns/op
OverheadActual  19: 67108864 op, 248381549.00 ns, 3.7012 ns/op
OverheadActual  20: 67108864 op, 247757853.00 ns, 3.6919 ns/op

WorkloadWarmup   1: 67108864 op, 718125185.00 ns, 10.7009 ns/op
WorkloadWarmup   2: 67108864 op, 714075801.00 ns, 10.6406 ns/op
WorkloadWarmup   3: 67108864 op, 719226323.00 ns, 10.7173 ns/op

// BeforeActualRun
WorkloadActual   1: 67108864 op, 726058666.00 ns, 10.8191 ns/op
WorkloadActual   2: 67108864 op, 723172663.00 ns, 10.7761 ns/op
WorkloadActual   3: 67108864 op, 743935700.00 ns, 11.0855 ns/op

// AfterActualRun
WorkloadResult   1: 67108864 op, 478299000.50 ns, 7.1272 ns/op
WorkloadResult   2: 67108864 op, 475412997.50 ns, 7.0842 ns/op
WorkloadResult   3: 67108864 op, 496176034.50 ns, 7.3936 ns/op
// GC:  128 0 0 2147483648 67108864
// Threading:  0 0 67108864

// AfterAll
// Benchmark Process 3192 has exited with code 0.

Mean = 7.202 ns, StdErr = 0.097 ns (1.34%), N = 3, StdDev = 0.168 ns
Min = 7.084 ns, Q1 = 7.106 ns, Median = 7.127 ns, Q3 = 7.260 ns, Max = 7.394 ns
IQR = 0.155 ns, LowerFence = 6.874 ns, UpperFence = 7.492 ns
ConfidenceInterval = [4.144 ns; 10.259 ns] (CI 99.9%), Margin = 3.058 ns (42.46% of Mean)
Skewness = 0.36, Kurtosis = 0.67, MValue = 2

// ** Remained 0 (0.0 %) benchmark(s) to run. Estimated finish 2026-10-09 19:16 (0h 0m from now) **
// ***** BenchmarkRunner: Finish  *****

// * Export *
  artifacts/performance/CdcPostgreSql/results/Encina.Cdc.PostgreSql.Benchmarks.Benchmarks.PositionBenchmarks-report.csv
  artifacts/performance/CdcPostgreSql/results/Encina.Cdc.PostgreSql.Benchmarks.Benchmarks.PositionBenchmarks-report-github.md
  artifacts/performance/CdcPostgreSql/results/Encina.Cdc.PostgreSql.Benchmarks.Benchmarks.PositionBenchmarks-report.html
  artifacts/performance/CdcPostgreSql/results/Encina.Cdc.PostgreSql.Benchmarks.Benchmarks.PositionBenchmarks-report-full-compressed.json

// * Detailed results *
PositionBenchmarks.ComparePositions: ShortRun(IterationCount=3, LaunchCount=1, WarmupCount=3)
Runtime = .NET 10.0.12 (10.0.12, 10.0.1226.42308), X64 RyuJIT x86-64-v3; GC = Concurrent Workstation
Mean = 1.340 ns, StdErr = 0.003 ns (0.19%), N = 3, StdDev = 0.004 ns
Min = 1.337 ns, Q1 = 1.337 ns, Median = 1.337 ns, Q3 = 1.341 ns, Max = 1.345 ns
IQR = 0.004 ns, LowerFence = 1.331 ns, UpperFence = 1.347 ns
ConfidenceInterval = [1.259 ns; 1.421 ns] (CI 99.9%), Margin = 0.081 ns (6.05% of Mean)
Skewness = 0.38, Kurtosis = 0.67, MValue = 2
-------------------- Histogram --------------------
[1.337 ns ; 1.345 ns) | @@@
---------------------------------------------------

PositionBenchmarks.CreatePosition: ShortRun(IterationCount=3, LaunchCount=1, WarmupCount=3)
Runtime = .NET 10.0.12 (10.0.12, 10.0.1226.42308), X64 RyuJIT x86-64-v3; GC = Concurrent Workstation
Mean = 6.195 ns, StdErr = 0.043 ns (0.69%), N = 3, StdDev = 0.074 ns
Min = 6.121 ns, Q1 = 6.159 ns, Median = 6.197 ns, Q3 = 6.233 ns, Max = 6.269 ns
IQR = 0.074 ns, LowerFence = 6.047 ns, UpperFence = 6.344 ns
ConfidenceInterval = [4.839 ns; 7.552 ns] (CI 99.9%), Margin = 1.356 ns (21.89% of Mean)
Skewness = -0.02, Kurtosis = 0.67, MValue = 2
-------------------- Histogram --------------------
[6.053 ns ; 6.301 ns) | @@@
---------------------------------------------------

PositionBenchmarks.FromBytes: ShortRun(IterationCount=3, LaunchCount=1, WarmupCount=3)
Runtime = .NET 10.0.12 (10.0.12, 10.0.1226.42308), X64 RyuJIT x86-64-v3; GC = Concurrent Workstation
Mean = 6.520 ns, StdErr = 0.146 ns (2.24%), N = 3, StdDev = 0.253 ns
Min = 6.229 ns, Q1 = 6.433 ns, Median = 6.638 ns, Q3 = 6.666 ns, Max = 6.693 ns
IQR = 0.232 ns, LowerFence = 6.085 ns, UpperFence = 7.014 ns
ConfidenceInterval = [1.897 ns; 11.144 ns] (CI 99.9%), Margin = 4.624 ns (70.91% of Mean)
Skewness = -0.36, Kurtosis = 0.67, MValue = 2
-------------------- Histogram --------------------
[5.998 ns ; 6.435 ns) | @
[6.435 ns ; 6.924 ns) | @@
---------------------------------------------------

PositionBenchmarks.ToBytes: ShortRun(IterationCount=3, LaunchCount=1, WarmupCount=3)
Runtime = .NET 10.0.12 (10.0.12, 10.0.1226.42308), X64 RyuJIT x86-64-v3; GC = Concurrent Workstation
Mean = 7.202 ns, StdErr = 0.097 ns (1.34%), N = 3, StdDev = 0.168 ns
Min = 7.084 ns, Q1 = 7.106 ns, Median = 7.127 ns, Q3 = 7.260 ns, Max = 7.394 ns
IQR = 0.155 ns, LowerFence = 6.874 ns, UpperFence = 7.492 ns
ConfidenceInterval = [4.144 ns; 10.259 ns] (CI 99.9%), Margin = 3.058 ns (42.46% of Mean)
Skewness = 0.36, Kurtosis = 0.67, MValue = 2
-------------------- Histogram --------------------
[6.932 ns ; 7.258 ns) | @@
[7.258 ns ; 7.546 ns) | @
---------------------------------------------------

// * Summary *

BenchmarkDotNet v0.15.8, Linux Ubuntu 24.04.5 LTS (Noble Numbat)
AMD EPYC 9V74 2.60GHz, 1 CPU, 4 logical and 2 physical cores
.NET SDK 10.0.401
  [Host]   : .NET 10.0.12 (10.0.12, 10.0.1226.42308), X64 RyuJIT x86-64-v3
  ShortRun : .NET 10.0.12 (10.0.12, 10.0.1226.42308), X64 RyuJIT x86-64-v3

Job=ShortRun  IterationCount=3  LaunchCount=1  
WarmupCount=3  

| Method           | Mean     | Error     | StdDev    | Ratio | RatioSD | Gen0   | Allocated | Alloc Ratio |
|----------------- |---------:|----------:|----------:|------:|--------:|-------:|----------:|------------:|
| ComparePositions | 1.340 ns | 0.0810 ns | 0.0044 ns |  0.22 |    0.00 |      - |         - |        0.00 |
| CreatePosition   | 6.195 ns | 1.3563 ns | 0.0743 ns |  1.00 |    0.01 | 0.0014 |      24 B |        1.00 |
| FromBytes        | 6.520 ns | 4.6236 ns | 0.2534 ns |  1.05 |    0.04 | 0.0014 |      24 B |        1.00 |
| ToBytes          | 7.202 ns | 3.0576 ns | 0.1676 ns |  1.16 |    0.03 | 0.0019 |      32 B |        1.33 |
// * Config Issues *

// * Warnings *
Configuration
  Summary -> The exporter CsvExporter is already present in configuration. There may be unexpected results.
  Summary -> The exporter HtmlExporter is already present in configuration. There may be unexpected results.
  Summary -> The exporter MarkdownExporter-github is already present in configuration. There may be unexpected results.

// * Legends *
  Mean        : Arithmetic mean of all measurements
  Error       : Half of 99.9% confidence interval
  StdDev      : Standard deviation of all measurements
  Ratio       : Mean of the ratio distribution ([Current]/[Baseline])
  RatioSD     : Standard deviation of the ratio distribution ([Current]/[Baseline])
  Gen0        : GC Generation 0 collects per 1000 operations
  Allocated   : Allocated memory per single operation (managed only, inclusive, 1KB = 1024B)
  Alloc Ratio : Allocated memory ratio distribution ([Current]/[Baseline])
  1 ns        : 1 Nanosecond (0.000000001 sec)

// * Diagnostic Output - MemoryDiagnoser *


// ***** BenchmarkRunner: End *****
Run time: 00:00:55 (55.64 sec), executed benchmarks: 4

Global total time: 00:01:56 (116.87 sec), executed benchmarks: 4
// * Artifacts cleanup *
Artifacts cleanup is finished
