// Validating benchmarks:
// ***** BenchmarkRunner: Start   *****
// ***** Found 1 benchmark(s) in total *****
// ***** Building 1 exe(s) in Parallel: Start   *****
// start dotnet  restore --nodeReuse:false /p:UseSharedCompilation=false /p:Deterministic=true /p:Optimize=true /p:ArtifactsPath="/home/runner/work/Encina/Encina/tests/Encina.BenchmarkTests/Encina.Cdc.SqlServer.Benchmarks/bin/Release/net10.0/Encina.Cdc.SqlServer.Benchmarks-ShortRun-1/" /p:OutDir="/home/runner/work/Encina/Encina/tests/Encina.BenchmarkTests/Encina.Cdc.SqlServer.Benchmarks/bin/Release/net10.0/Encina.Cdc.SqlServer.Benchmarks-ShortRun-1/bin/Release/net10.0/" /p:OutputPath="/home/runner/work/Encina/Encina/tests/Encina.BenchmarkTests/Encina.Cdc.SqlServer.Benchmarks/bin/Release/net10.0/Encina.Cdc.SqlServer.Benchmarks-ShortRun-1/bin/Release/net10.0/" /p:PublishDir="/home/runner/work/Encina/Encina/tests/Encina.BenchmarkTests/Encina.Cdc.SqlServer.Benchmarks/bin/Release/net10.0/Encina.Cdc.SqlServer.Benchmarks-ShortRun-1/publish/" in /home/runner/work/Encina/Encina/tests/Encina.BenchmarkTests/Encina.Cdc.SqlServer.Benchmarks/bin/Release/net10.0/Encina.Cdc.SqlServer.Benchmarks-ShortRun-1
// command took 3.21 sec and exited with 0
// start dotnet  build -c Release --no-restore --nodeReuse:false /p:UseSharedCompilation=false /p:Deterministic=true /p:Optimize=true /p:ArtifactsPath="/home/runner/work/Encina/Encina/tests/Encina.BenchmarkTests/Encina.Cdc.SqlServer.Benchmarks/bin/Release/net10.0/Encina.Cdc.SqlServer.Benchmarks-ShortRun-1/" /p:OutDir="/home/runner/work/Encina/Encina/tests/Encina.BenchmarkTests/Encina.Cdc.SqlServer.Benchmarks/bin/Release/net10.0/Encina.Cdc.SqlServer.Benchmarks-ShortRun-1/bin/Release/net10.0/" /p:OutputPath="/home/runner/work/Encina/Encina/tests/Encina.BenchmarkTests/Encina.Cdc.SqlServer.Benchmarks/bin/Release/net10.0/Encina.Cdc.SqlServer.Benchmarks-ShortRun-1/bin/Release/net10.0/" /p:PublishDir="/home/runner/work/Encina/Encina/tests/Encina.BenchmarkTests/Encina.Cdc.SqlServer.Benchmarks/bin/Release/net10.0/Encina.Cdc.SqlServer.Benchmarks-ShortRun-1/publish/" --output "/home/runner/work/Encina/Encina/tests/Encina.BenchmarkTests/Encina.Cdc.SqlServer.Benchmarks/bin/Release/net10.0/Encina.Cdc.SqlServer.Benchmarks-ShortRun-1/bin/Release/net10.0/" in /home/runner/work/Encina/Encina/tests/Encina.BenchmarkTests/Encina.Cdc.SqlServer.Benchmarks/bin/Release/net10.0/Encina.Cdc.SqlServer.Benchmarks-ShortRun-1
// command took 56.67 sec and exited with 0
// ***** Done, took 00:01:00 (60.06 sec)   *****
// Found 1 benchmarks:
//   ConnectorBenchmarks.GetCurrentPositionAsync: ShortRun(IterationCount=3, LaunchCount=1, WarmupCount=3)

// **************************
// Benchmark: ConnectorBenchmarks.GetCurrentPositionAsync: ShortRun(IterationCount=3, LaunchCount=1, WarmupCount=3)
// *** Execute ***
// Launch: 1 / 1
// Execute: dotnet Encina.Cdc.SqlServer.Benchmarks-ShortRun-1.dll --anonymousPipes 151 152 --benchmarkName Encina.Cdc.SqlServer.Benchmarks.Benchmarks.ConnectorBenchmarks.GetCurrentPositionAsync --job ShortRun --benchmarkId 0 in /home/runner/work/Encina/Encina/tests/Encina.BenchmarkTests/Encina.Cdc.SqlServer.Benchmarks/bin/Release/net10.0/Encina.Cdc.SqlServer.Benchmarks-ShortRun-1/bin/Release/net10.0
// Failed to set up high priority (Permission denied). In order to run benchmarks with high priority, make sure you have the right permissions.
// BeforeAnythingElse

// Benchmark Process Environment Information:
// BenchmarkDotNet v0.15.8
// Runtime=.NET 10.0.12 (10.0.12, 10.0.1226.42308), X64 RyuJIT x86-64-v3
// GC=Concurrent Workstation
// HardwareIntrinsics=AVX2+BMI1+BMI2+F16C+FMA+LZCNT+MOVBE,AVX,SSE3+SSSE3+SSE4.1+SSE4.2+POPCNT,X86Base+SSE+SSE2,AES+PCLMUL VectorSize=256
// Job: ShortRun(IterationCount=3, LaunchCount=1, WarmupCount=3)

[testcontainers.org 00:00:00.33] Connected to Docker:
  Host: unix:///var/run/docker.sock
  Server Version: 28.0.4
  Kernel Version: 6.17.0-1022-azure
  API Version: 1.48
  Operating System: Ubuntu 24.04.5 LTS
  Total Memory: 15.61 GB
[testcontainers.org 00:00:00.40] Searching Docker registry credential in CredsStore
[testcontainers.org 00:00:00.40] Searching Docker registry credential in CredHelpers
[testcontainers.org 00:00:00.40] Searching Docker registry credential in Auths
[testcontainers.org 00:00:00.40] Searching Docker registry credential in Auths
[testcontainers.org 00:00:00.40] Docker registry credential https://index.docker.io/v1/ found
[testcontainers.org 00:00:00.83] Docker image testcontainers/ryuk:0.14.0@sha256:7c1a8a9a47c780ed0f983770a662f80deb115d95cce3e2daa3d12115b8cd28f0 created
[testcontainers.org 00:00:01.02] Docker container 2efc84159b64 created
[testcontainers.org 00:00:01.13] Start Docker container 2efc84159b64
[testcontainers.org 00:00:01.31] Wait for Docker container 2efc84159b64 to complete readiness checks
[testcontainers.org 00:00:02.34] Docker container 2efc84159b64 ready
[testcontainers.org 00:00:02.38] Searching Docker registry credential in Auths
[testcontainers.org 00:00:02.38] Searching Docker registry credential in CredsStore
[testcontainers.org 00:00:02.38] Searching Docker registry credential in CredHelpers
[testcontainers.org 00:00:02.38] Searching Docker registry credential in Auths
[testcontainers.org 00:00:02.38] Docker registry credential mcr.microsoft.com not found
[testcontainers.org 00:00:16.51] Docker image mcr.microsoft.com/mssql/server:2022-latest created
[testcontainers.org 00:00:16.52] Docker container 3944ab3ace34 created
[testcontainers.org 00:00:16.52] Start Docker container 3944ab3ace34
[testcontainers.org 00:00:16.64] Wait for Docker container 3944ab3ace34 to complete readiness checks
[testcontainers.org 00:00:16.65] Execute "/bin/sh -c find /opt/mssql-tools*/bin/sqlcmd -type f -print -quit" at Docker container 3944ab3ace34
[testcontainers.org 00:00:16.74] Execute "/opt/mssql-tools18/bin/sqlcmd -C -b -r 1 -d master -Q SELECT 1;" at Docker container 3944ab3ace34
[testcontainers.org 00:00:20.30] Docker container 3944ab3ace34 ready
OverheadJitting  1: 1 op, 238402.00 ns, 238.4020 us/op
WorkloadJitting  1: 1 op, 148081477.00 ns, 148.0815 ms/op

WorkloadPilot    1: 2 op, 10940211.00 ns, 5.4701 ms/op
WorkloadPilot    2: 3 op, 1737126.00 ns, 579.0420 us/op
WorkloadPilot    3: 4 op, 2318435.00 ns, 579.6088 us/op
WorkloadPilot    4: 5 op, 2785335.00 ns, 557.0670 us/op
WorkloadPilot    5: 6 op, 3417178.00 ns, 569.5297 us/op
WorkloadPilot    6: 7 op, 3779044.00 ns, 539.8634 us/op
WorkloadPilot    7: 8 op, 4527338.00 ns, 565.9173 us/op
WorkloadPilot    8: 9 op, 5033606.00 ns, 559.2896 us/op
WorkloadPilot    9: 10 op, 5492729.00 ns, 549.2729 us/op
WorkloadPilot   10: 11 op, 6114018.00 ns, 555.8198 us/op
WorkloadPilot   11: 12 op, 6524283.00 ns, 543.6903 us/op
WorkloadPilot   12: 13 op, 7129678.00 ns, 548.4368 us/op
WorkloadPilot   13: 14 op, 7713656.00 ns, 550.9754 us/op
WorkloadPilot   14: 15 op, 8039972.00 ns, 535.9981 us/op
WorkloadPilot   15: 16 op, 8755193.00 ns, 547.1996 us/op
WorkloadPilot   16: 32 op, 17674045.00 ns, 552.3139 us/op
WorkloadPilot   17: 64 op, 34553355.00 ns, 539.8962 us/op
WorkloadPilot   18: 128 op, 69188791.00 ns, 540.5374 us/op
WorkloadPilot   19: 256 op, 138987392.00 ns, 542.9195 us/op
WorkloadPilot   20: 512 op, 278607521.00 ns, 544.1553 us/op
WorkloadPilot   21: 1024 op, 550638155.00 ns, 537.7326 us/op

WorkloadWarmup   1: 1024 op, 547404682.00 ns, 534.5749 us/op
WorkloadWarmup   2: 1024 op, 547896534.00 ns, 535.0552 us/op
WorkloadWarmup   3: 1024 op, 542904821.00 ns, 530.1805 us/op

// BeforeActualRun
WorkloadActual   1: 1024 op, 545333312.00 ns, 532.5521 us/op
WorkloadActual   2: 1024 op, 551863906.00 ns, 538.9296 us/op
WorkloadActual   3: 1024 op, 543543965.00 ns, 530.8047 us/op

// AfterActualRun
WorkloadResult   1: 1024 op, 545333312.00 ns, 532.5521 us/op
WorkloadResult   2: 1024 op, 551863906.00 ns, 538.9296 us/op
WorkloadResult   3: 1024 op, 543543965.00 ns, 530.8047 us/op
// GC:  0 0 0 16382624 1024
// Threading:  7168 1 1024

[testcontainers.org 00:00:26.48] Delete Docker container 3944ab3ace34
// AfterAll
// Benchmark Process 3870 has exited with code 0.

Mean = 534.095 μs, StdErr = 2.469 μs (0.46%), N = 3, StdDev = 4.277 μs
Min = 530.805 μs, Q1 = 531.678 μs, Median = 532.552 μs, Q3 = 535.741 μs, Max = 538.930 μs
IQR = 4.062 μs, LowerFence = 525.585 μs, UpperFence = 541.835 μs
ConfidenceInterval = [456.072 μs; 612.118 μs] (CI 99.9%), Margin = 78.023 μs (14.61% of Mean)
Skewness = 0.31, Kurtosis = 0.67, MValue = 2

// ** Remained 0 (0.0 %) benchmark(s) to run. Estimated finish 2026-09-23 21:42 (0h 0m from now) **
// ***** BenchmarkRunner: Finish  *****

// * Export *
  artifacts/performance/CdcSqlServer/results/Encina.Cdc.SqlServer.Benchmarks.Benchmarks.ConnectorBenchmarks-report.csv
  artifacts/performance/CdcSqlServer/results/Encina.Cdc.SqlServer.Benchmarks.Benchmarks.ConnectorBenchmarks-report-github.md
  artifacts/performance/CdcSqlServer/results/Encina.Cdc.SqlServer.Benchmarks.Benchmarks.ConnectorBenchmarks-report.html
  artifacts/performance/CdcSqlServer/results/Encina.Cdc.SqlServer.Benchmarks.Benchmarks.ConnectorBenchmarks-report-full-compressed.json

// * Detailed results *
ConnectorBenchmarks.GetCurrentPositionAsync: ShortRun(IterationCount=3, LaunchCount=1, WarmupCount=3)
Runtime = .NET 10.0.12 (10.0.12, 10.0.1226.42308), X64 RyuJIT x86-64-v3; GC = Concurrent Workstation
Mean = 534.095 μs, StdErr = 2.469 μs (0.46%), N = 3, StdDev = 4.277 μs
Min = 530.805 μs, Q1 = 531.678 μs, Median = 532.552 μs, Q3 = 535.741 μs, Max = 538.930 μs
IQR = 4.062 μs, LowerFence = 525.585 μs, UpperFence = 541.835 μs
ConfidenceInterval = [456.072 μs; 612.118 μs] (CI 99.9%), Margin = 78.023 μs (14.61% of Mean)
Skewness = 0.31, Kurtosis = 0.67, MValue = 2
-------------------- Histogram --------------------
[526.913 μs ; 542.822 μs) | @@@
---------------------------------------------------

// * Summary *

BenchmarkDotNet v0.15.8, Linux Ubuntu 24.04.5 LTS (Noble Numbat)
AMD EPYC 9V74 2.60GHz, 1 CPU, 4 logical and 2 physical cores
.NET SDK 10.0.401
  [Host]   : .NET 10.0.12 (10.0.12, 10.0.1226.42308), X64 RyuJIT x86-64-v3
  ShortRun : .NET 10.0.12 (10.0.12, 10.0.1226.42308), X64 RyuJIT x86-64-v3

Job=ShortRun  IterationCount=3  LaunchCount=1  
WarmupCount=3  

| Method                  | Mean     | Error    | StdDev  | Ratio | Allocated | Alloc Ratio |
|------------------------ |---------:|---------:|--------:|------:|----------:|------------:|
| GetCurrentPositionAsync | 534.1 μs | 78.02 μs | 4.28 μs |  1.00 |  15.62 KB |        1.00 |
// * Config Issues *

// * Warnings *
Configuration
  Summary -> The exporter CsvExporter is already present in configuration. There may be unexpected results.
  Summary -> The exporter HtmlExporter is already present in configuration. There may be unexpected results.
  Summary -> The exporter MarkdownExporter-github is already present in configuration. There may be unexpected results.

// * Legends *
  Mean        : Arithmetic mean of all measurements
  Error       : Half of 99.9% confidence interval
  StdDev      : Standard deviation of all measurements
  Ratio       : Mean of the ratio distribution ([Current]/[Baseline])
  Allocated   : Allocated memory per single operation (managed only, inclusive, 1KB = 1024B)
  Alloc Ratio : Allocated memory ratio distribution ([Current]/[Baseline])
  1 μs        : 1 Microsecond (0.000001 sec)

// * Diagnostic Output - MemoryDiagnoser *


// ***** BenchmarkRunner: End *****
Run time: 00:00:27 (27.17 sec), executed benchmarks: 1

Global total time: 00:01:27 (87.51 sec), executed benchmarks: 1
// * Artifacts cleanup *
Artifacts cleanup is finished
