// Validating benchmarks:
// ***** BenchmarkRunner: Start   *****
// ***** Found 3 benchmark(s) in total *****
// ***** Building 1 exe(s) in Parallel: Start   *****
// start dotnet  restore --nodeReuse:false /p:UseSharedCompilation=false /p:Deterministic=true /p:Optimize=true /p:ArtifactsPath="/home/runner/work/Encina/Encina/tests/Encina.BenchmarkTests/Encina.Cdc.Debezium.Benchmarks/bin/Release/net10.0/Encina.Cdc.Debezium.Benchmarks-ShortRun-1/" /p:OutDir="/home/runner/work/Encina/Encina/tests/Encina.BenchmarkTests/Encina.Cdc.Debezium.Benchmarks/bin/Release/net10.0/Encina.Cdc.Debezium.Benchmarks-ShortRun-1/bin/Release/net10.0/" /p:OutputPath="/home/runner/work/Encina/Encina/tests/Encina.BenchmarkTests/Encina.Cdc.Debezium.Benchmarks/bin/Release/net10.0/Encina.Cdc.Debezium.Benchmarks-ShortRun-1/bin/Release/net10.0/" /p:PublishDir="/home/runner/work/Encina/Encina/tests/Encina.BenchmarkTests/Encina.Cdc.Debezium.Benchmarks/bin/Release/net10.0/Encina.Cdc.Debezium.Benchmarks-ShortRun-1/publish/" in /home/runner/work/Encina/Encina/tests/Encina.BenchmarkTests/Encina.Cdc.Debezium.Benchmarks/bin/Release/net10.0/Encina.Cdc.Debezium.Benchmarks-ShortRun-1
// command took 2.38 sec and exited with 0
// start dotnet  build -c Release --no-restore --nodeReuse:false /p:UseSharedCompilation=false /p:Deterministic=true /p:Optimize=true /p:ArtifactsPath="/home/runner/work/Encina/Encina/tests/Encina.BenchmarkTests/Encina.Cdc.Debezium.Benchmarks/bin/Release/net10.0/Encina.Cdc.Debezium.Benchmarks-ShortRun-1/" /p:OutDir="/home/runner/work/Encina/Encina/tests/Encina.BenchmarkTests/Encina.Cdc.Debezium.Benchmarks/bin/Release/net10.0/Encina.Cdc.Debezium.Benchmarks-ShortRun-1/bin/Release/net10.0/" /p:OutputPath="/home/runner/work/Encina/Encina/tests/Encina.BenchmarkTests/Encina.Cdc.Debezium.Benchmarks/bin/Release/net10.0/Encina.Cdc.Debezium.Benchmarks-ShortRun-1/bin/Release/net10.0/" /p:PublishDir="/home/runner/work/Encina/Encina/tests/Encina.BenchmarkTests/Encina.Cdc.Debezium.Benchmarks/bin/Release/net10.0/Encina.Cdc.Debezium.Benchmarks-ShortRun-1/publish/" --output "/home/runner/work/Encina/Encina/tests/Encina.BenchmarkTests/Encina.Cdc.Debezium.Benchmarks/bin/Release/net10.0/Encina.Cdc.Debezium.Benchmarks-ShortRun-1/bin/Release/net10.0/" in /home/runner/work/Encina/Encina/tests/Encina.BenchmarkTests/Encina.Cdc.Debezium.Benchmarks/bin/Release/net10.0/Encina.Cdc.Debezium.Benchmarks-ShortRun-1
// command took 50.36 sec and exited with 0
// ***** Done, took 00:00:52 (52.93 sec)   *****
// Found 3 benchmarks:
//   DebeziumKafkaPositionBenchmarks.ComparePositions: ShortRun(IterationCount=3, LaunchCount=1, WarmupCount=3)
//   DebeziumKafkaPositionBenchmarks.FromBytes: ShortRun(IterationCount=3, LaunchCount=1, WarmupCount=3)
//   DebeziumKafkaPositionBenchmarks.ToBytes: ShortRun(IterationCount=3, LaunchCount=1, WarmupCount=3)

// **************************
// Benchmark: DebeziumKafkaPositionBenchmarks.ComparePositions: ShortRun(IterationCount=3, LaunchCount=1, WarmupCount=3)
// *** Execute ***
// Launch: 1 / 1
// Execute: dotnet Encina.Cdc.Debezium.Benchmarks-ShortRun-1.dll --anonymousPipes 127 128 --benchmarkName Encina.Cdc.Debezium.Benchmarks.Benchmarks.DebeziumKafkaPositionBenchmarks.ComparePositions --job ShortRun --benchmarkId 0 in /home/runner/work/Encina/Encina/tests/Encina.BenchmarkTests/Encina.Cdc.Debezium.Benchmarks/bin/Release/net10.0/Encina.Cdc.Debezium.Benchmarks-ShortRun-1/bin/Release/net10.0
// Failed to set up high priority (Permission denied). In order to run benchmarks with high priority, make sure you have the right permissions.
// BeforeAnythingElse

// Benchmark Process Environment Information:
// BenchmarkDotNet v0.15.8
// Runtime=.NET 10.0.12 (10.0.12, 10.0.1226.42308), X64 RyuJIT x86-64-v4
// GC=Concurrent Workstation
// HardwareIntrinsics=AVX512 BITALG+VBMI2+VNNI+VPOPCNTDQ,AVX512 IFMA+VBMI,AVX512 F+BW+CD+DQ+VL,AVX2+BMI1+BMI2+F16C+FMA+LZCNT+MOVBE,AVX,SSE3+SSSE3+SSE4.1+SSE4.2+POPCNT,X86Base+SSE+SSE2,AES+PCLMUL VectorSize=256
// Job: ShortRun(IterationCount=3, LaunchCount=1, WarmupCount=3)

OverheadJitting  1: 1 op, 196491.00 ns, 196.4910 us/op
WorkloadJitting  1: 1 op, 652267.00 ns, 652.2670 us/op

OverheadJitting  2: 16 op, 272965.00 ns, 17.0603 us/op
WorkloadJitting  2: 16 op, 276380.00 ns, 17.2738 us/op

WorkloadPilot    1: 16 op, 1092.00 ns, 68.2500 ns/op
WorkloadPilot    2: 32 op, 1172.00 ns, 36.6250 ns/op
WorkloadPilot    3: 64 op, 851.00 ns, 13.2969 ns/op
WorkloadPilot    4: 128 op, 1592.00 ns, 12.4375 ns/op
WorkloadPilot    5: 256 op, 1422.00 ns, 5.5547 ns/op
WorkloadPilot    6: 512 op, 2504.00 ns, 4.8906 ns/op
WorkloadPilot    7: 1024 op, 7110.00 ns, 6.9434 ns/op
WorkloadPilot    8: 2048 op, 13900.00 ns, 6.7871 ns/op
WorkloadPilot    9: 4096 op, 24707.00 ns, 6.0320 ns/op
WorkloadPilot   10: 8192 op, 46679.00 ns, 5.6981 ns/op
WorkloadPilot   11: 16384 op, 113478.00 ns, 6.9261 ns/op
WorkloadPilot   12: 32768 op, 134910.00 ns, 4.1171 ns/op
WorkloadPilot   13: 65536 op, 269309.00 ns, 4.1093 ns/op
WorkloadPilot   14: 131072 op, 565599.00 ns, 4.3152 ns/op
WorkloadPilot   15: 262144 op, 1095435.00 ns, 4.1788 ns/op
WorkloadPilot   16: 524288 op, 2195747.00 ns, 4.1881 ns/op
WorkloadPilot   17: 1048576 op, 4372176.00 ns, 4.1696 ns/op
WorkloadPilot   18: 2097152 op, 8718844.00 ns, 4.1575 ns/op
WorkloadPilot   19: 4194304 op, 17393034.00 ns, 4.1468 ns/op
WorkloadPilot   20: 8388608 op, 35049137.00 ns, 4.1782 ns/op
WorkloadPilot   21: 16777216 op, 69729307.00 ns, 4.1562 ns/op
WorkloadPilot   22: 33554432 op, 140971398.00 ns, 4.2013 ns/op
WorkloadPilot   23: 67108864 op, 286717840.00 ns, 4.2724 ns/op
WorkloadPilot   24: 134217728 op, 557437214.00 ns, 4.1532 ns/op

OverheadWarmup   1: 134217728 op, 199816647.00 ns, 1.4888 ns/op
OverheadWarmup   2: 134217728 op, 204245077.00 ns, 1.5217 ns/op
OverheadWarmup   3: 134217728 op, 197210882.00 ns, 1.4693 ns/op
OverheadWarmup   4: 134217728 op, 196759713.00 ns, 1.4660 ns/op
OverheadWarmup   5: 134217728 op, 196857617.00 ns, 1.4667 ns/op
OverheadWarmup   6: 134217728 op, 198705389.00 ns, 1.4805 ns/op
OverheadWarmup   7: 134217728 op, 203081992.00 ns, 1.5131 ns/op
OverheadWarmup   8: 134217728 op, 198158771.00 ns, 1.4764 ns/op

OverheadActual   1: 134217728 op, 196689438.00 ns, 1.4655 ns/op
OverheadActual   2: 134217728 op, 196983344.00 ns, 1.4676 ns/op
OverheadActual   3: 134217728 op, 203274825.00 ns, 1.5145 ns/op
OverheadActual   4: 134217728 op, 203363256.00 ns, 1.5152 ns/op
OverheadActual   5: 134217728 op, 204971234.00 ns, 1.5272 ns/op
OverheadActual   6: 134217728 op, 196913426.00 ns, 1.4671 ns/op
OverheadActual   7: 134217728 op, 197829905.00 ns, 1.4739 ns/op
OverheadActual   8: 134217728 op, 212404488.00 ns, 1.5825 ns/op
OverheadActual   9: 134217728 op, 212743821.00 ns, 1.5851 ns/op
OverheadActual  10: 134217728 op, 198701918.00 ns, 1.4804 ns/op
OverheadActual  11: 134217728 op, 196720029.00 ns, 1.4657 ns/op
OverheadActual  12: 134217728 op, 201980545.00 ns, 1.5049 ns/op
OverheadActual  13: 134217728 op, 202750672.00 ns, 1.5106 ns/op
OverheadActual  14: 134217728 op, 210474366.00 ns, 1.5682 ns/op
OverheadActual  15: 134217728 op, 207138679.00 ns, 1.5433 ns/op

WorkloadWarmup   1: 134217728 op, 565651818.00 ns, 4.2144 ns/op
WorkloadWarmup   2: 134217728 op, 566092087.00 ns, 4.2177 ns/op
WorkloadWarmup   3: 134217728 op, 580298012.00 ns, 4.3236 ns/op

// BeforeActualRun
WorkloadActual   1: 134217728 op, 567463530.00 ns, 4.2279 ns/op
WorkloadActual   2: 134217728 op, 596378699.00 ns, 4.4434 ns/op
WorkloadActual   3: 134217728 op, 563276552.00 ns, 4.1967 ns/op

// AfterActualRun
WorkloadResult   1: 134217728 op, 364712858.00 ns, 2.7173 ns/op
WorkloadResult   2: 134217728 op, 393628027.00 ns, 2.9328 ns/op
WorkloadResult   3: 134217728 op, 360525880.00 ns, 2.6861 ns/op
// GC:  0 0 0 0 134217728
// Threading:  0 0 134217728

// AfterAll
// Benchmark Process 2934 has exited with code 0.

Mean = 2.779 ns, StdErr = 0.078 ns (2.79%), N = 3, StdDev = 0.134 ns
Min = 2.686 ns, Q1 = 2.702 ns, Median = 2.717 ns, Q3 = 2.825 ns, Max = 2.933 ns
IQR = 0.123 ns, LowerFence = 2.517 ns, UpperFence = 3.010 ns
ConfidenceInterval = [0.329 ns; 5.229 ns] (CI 99.9%), Margin = 2.450 ns (88.17% of Mean)
Skewness = 0.36, Kurtosis = 0.67, MValue = 2

// ** Remained 2 (66.7 %) benchmark(s) to run. Estimated finish 2026-10-02 16:07 (0h 0m from now) **
// **************************
// Benchmark: DebeziumKafkaPositionBenchmarks.FromBytes: ShortRun(IterationCount=3, LaunchCount=1, WarmupCount=3)
// *** Execute ***
// Launch: 1 / 1
// Execute: dotnet Encina.Cdc.Debezium.Benchmarks-ShortRun-1.dll --anonymousPipes 127 128 --benchmarkName Encina.Cdc.Debezium.Benchmarks.Benchmarks.DebeziumKafkaPositionBenchmarks.FromBytes --job ShortRun --benchmarkId 1 in /home/runner/work/Encina/Encina/tests/Encina.BenchmarkTests/Encina.Cdc.Debezium.Benchmarks/bin/Release/net10.0/Encina.Cdc.Debezium.Benchmarks-ShortRun-1/bin/Release/net10.0
// Failed to set up high priority (Permission denied). In order to run benchmarks with high priority, make sure you have the right permissions.
// BeforeAnythingElse

// Benchmark Process Environment Information:
// BenchmarkDotNet v0.15.8
// Runtime=.NET 10.0.12 (10.0.12, 10.0.1226.42308), X64 RyuJIT x86-64-v4
// GC=Concurrent Workstation
// HardwareIntrinsics=AVX512 BITALG+VBMI2+VNNI+VPOPCNTDQ,AVX512 IFMA+VBMI,AVX512 F+BW+CD+DQ+VL,AVX2+BMI1+BMI2+F16C+FMA+LZCNT+MOVBE,AVX,SSE3+SSSE3+SSE4.1+SSE4.2+POPCNT,X86Base+SSE+SSE2,AES+PCLMUL VectorSize=256
// Job: ShortRun(IterationCount=3, LaunchCount=1, WarmupCount=3)

OverheadJitting  1: 1 op, 196351.00 ns, 196.3510 us/op
WorkloadJitting  1: 1 op, 3512178.00 ns, 3.5122 ms/op

OverheadJitting  2: 16 op, 400564.00 ns, 25.0353 us/op
WorkloadJitting  2: 16 op, 490638.00 ns, 30.6649 us/op

WorkloadPilot    1: 16 op, 56715.00 ns, 3.5447 us/op
WorkloadPilot    2: 32 op, 95932.00 ns, 2.9979 us/op
WorkloadPilot    3: 64 op, 217413.00 ns, 3.3971 us/op
WorkloadPilot    4: 128 op, 266285.00 ns, 2.0804 us/op
WorkloadPilot    5: 256 op, 501103.00 ns, 1.9574 us/op
WorkloadPilot    6: 512 op, 911532.00 ns, 1.7803 us/op
WorkloadPilot    7: 1024 op, 1814581.00 ns, 1.7721 us/op
WorkloadPilot    8: 2048 op, 3901025.00 ns, 1.9048 us/op
WorkloadPilot    9: 4096 op, 7427204.00 ns, 1.8133 us/op
WorkloadPilot   10: 8192 op, 15033043.00 ns, 1.8351 us/op
WorkloadPilot   11: 16384 op, 30400040.00 ns, 1.8555 us/op
WorkloadPilot   12: 32768 op, 63950413.00 ns, 1.9516 us/op
WorkloadPilot   13: 65536 op, 120906994.00 ns, 1.8449 us/op
WorkloadPilot   14: 131072 op, 212936056.00 ns, 1.6246 us/op
WorkloadPilot   15: 262144 op, 404674178.00 ns, 1.5437 us/op
WorkloadPilot   16: 524288 op, 836465410.00 ns, 1.5954 us/op

OverheadWarmup   1: 524288 op, 1519213.00 ns, 2.8977 ns/op
OverheadWarmup   2: 524288 op, 1519552.00 ns, 2.8983 ns/op
OverheadWarmup   3: 524288 op, 1518811.00 ns, 2.8969 ns/op
OverheadWarmup   4: 524288 op, 1521155.00 ns, 2.9014 ns/op
OverheadWarmup   5: 524288 op, 1382931.00 ns, 2.6377 ns/op

OverheadActual   1: 524288 op, 1378464.00 ns, 2.6292 ns/op
OverheadActual   2: 524288 op, 1369470.00 ns, 2.6121 ns/op
OverheadActual   3: 524288 op, 1526052.00 ns, 2.9107 ns/op
OverheadActual   4: 524288 op, 1414477.00 ns, 2.6979 ns/op
OverheadActual   5: 524288 op, 1389730.00 ns, 2.6507 ns/op
OverheadActual   6: 524288 op, 1377423.00 ns, 2.6272 ns/op
OverheadActual   7: 524288 op, 1368188.00 ns, 2.6096 ns/op
OverheadActual   8: 524288 op, 1369741.00 ns, 2.6126 ns/op
OverheadActual   9: 524288 op, 1379586.00 ns, 2.6314 ns/op
OverheadActual  10: 524288 op, 1374508.00 ns, 2.6217 ns/op
OverheadActual  11: 524288 op, 1379966.00 ns, 2.6321 ns/op
OverheadActual  12: 524288 op, 1375770.00 ns, 2.6241 ns/op
OverheadActual  13: 524288 op, 1374297.00 ns, 2.6213 ns/op
OverheadActual  14: 524288 op, 1379635.00 ns, 2.6314 ns/op
OverheadActual  15: 524288 op, 1382940.00 ns, 2.6377 ns/op

WorkloadWarmup   1: 524288 op, 838580136.00 ns, 1.5995 us/op
WorkloadWarmup   2: 524288 op, 849730418.00 ns, 1.6207 us/op
WorkloadWarmup   3: 524288 op, 832569435.00 ns, 1.5880 us/op

// BeforeActualRun
WorkloadActual   1: 524288 op, 828311593.00 ns, 1.5799 us/op
WorkloadActual   2: 524288 op, 856544801.00 ns, 1.6337 us/op
WorkloadActual   3: 524288 op, 847137814.00 ns, 1.6158 us/op

// AfterActualRun
WorkloadResult   1: 524288 op, 826933129.00 ns, 1.5772 us/op
WorkloadResult   2: 524288 op, 855166337.00 ns, 1.6311 us/op
WorkloadResult   3: 524288 op, 845759350.00 ns, 1.6132 us/op
// GC:  23 0 0 390070272 524288
// Threading:  0 0 524288

// AfterAll
// Benchmark Process 2946 has exited with code 0.

Mean = 1.607 μs, StdErr = 0.016 μs (0.99%), N = 3, StdDev = 0.027 μs
Min = 1.577 μs, Q1 = 1.595 μs, Median = 1.613 μs, Q3 = 1.622 μs, Max = 1.631 μs
IQR = 0.027 μs, LowerFence = 1.555 μs, UpperFence = 1.663 μs
ConfidenceInterval = [1.107 μs; 2.107 μs] (CI 99.9%), Margin = 0.500 μs (31.13% of Mean)
Skewness = -0.21, Kurtosis = 0.67, MValue = 2

// ** Remained 1 (33.3 %) benchmark(s) to run. Estimated finish 2026-10-02 16:07 (0h 0m from now) **
// **************************
// Benchmark: DebeziumKafkaPositionBenchmarks.ToBytes: ShortRun(IterationCount=3, LaunchCount=1, WarmupCount=3)
// *** Execute ***
// Launch: 1 / 1
// Execute: dotnet Encina.Cdc.Debezium.Benchmarks-ShortRun-1.dll --anonymousPipes 127 128 --benchmarkName Encina.Cdc.Debezium.Benchmarks.Benchmarks.DebeziumKafkaPositionBenchmarks.ToBytes --job ShortRun --benchmarkId 2 in /home/runner/work/Encina/Encina/tests/Encina.BenchmarkTests/Encina.Cdc.Debezium.Benchmarks/bin/Release/net10.0/Encina.Cdc.Debezium.Benchmarks-ShortRun-1/bin/Release/net10.0
// Failed to set up high priority (Permission denied). In order to run benchmarks with high priority, make sure you have the right permissions.
// BeforeAnythingElse

// Benchmark Process Environment Information:
// BenchmarkDotNet v0.15.8
// Runtime=.NET 10.0.12 (10.0.12, 10.0.1226.42308), X64 RyuJIT x86-64-v4
// GC=Concurrent Workstation
// HardwareIntrinsics=AVX512 BITALG+VBMI2+VNNI+VPOPCNTDQ,AVX512 IFMA+VBMI,AVX512 F+BW+CD+DQ+VL,AVX2+BMI1+BMI2+F16C+FMA+LZCNT+MOVBE,AVX,SSE3+SSSE3+SSE4.1+SSE4.2+POPCNT,X86Base+SSE+SSE2,AES+PCLMUL VectorSize=256
// Job: ShortRun(IterationCount=3, LaunchCount=1, WarmupCount=3)

OverheadJitting  1: 1 op, 192986.00 ns, 192.9860 us/op
WorkloadJitting  1: 1 op, 334005.00 ns, 334.0050 us/op

OverheadJitting  2: 16 op, 326154.00 ns, 20.3846 us/op
WorkloadJitting  2: 16 op, 361275.00 ns, 22.5797 us/op

WorkloadPilot    1: 16 op, 32428.00 ns, 2.0268 us/op
WorkloadPilot    2: 32 op, 39058.00 ns, 1.2206 us/op
WorkloadPilot    3: 64 op, 63104.00 ns, 986.0000 ns/op
WorkloadPilot    4: 128 op, 112567.00 ns, 879.4297 ns/op
WorkloadPilot    5: 256 op, 220868.00 ns, 862.7656 ns/op
WorkloadPilot    6: 512 op, 424049.00 ns, 828.2207 ns/op
WorkloadPilot    7: 1024 op, 848097.00 ns, 828.2197 ns/op
WorkloadPilot    8: 2048 op, 1682825.00 ns, 821.6919 ns/op
WorkloadPilot    9: 4096 op, 3152194.00 ns, 769.5786 ns/op
WorkloadPilot   10: 8192 op, 6350195.00 ns, 775.1703 ns/op
WorkloadPilot   11: 16384 op, 12994085.00 ns, 793.0960 ns/op
WorkloadPilot   12: 32768 op, 25293661.00 ns, 771.9013 ns/op
WorkloadPilot   13: 65536 op, 50803592.00 ns, 775.2013 ns/op
WorkloadPilot   14: 131072 op, 94263976.00 ns, 719.1771 ns/op
WorkloadPilot   15: 262144 op, 201345425.00 ns, 768.0718 ns/op
WorkloadPilot   16: 524288 op, 383818922.00 ns, 732.0765 ns/op
WorkloadPilot   17: 1048576 op, 738624434.00 ns, 704.4072 ns/op

OverheadWarmup   1: 1048576 op, 2921663.00 ns, 2.7863 ns/op
OverheadWarmup   2: 1048576 op, 3226655.00 ns, 3.0772 ns/op
OverheadWarmup   3: 1048576 op, 2956946.00 ns, 2.8200 ns/op
OverheadWarmup   4: 1048576 op, 3256830.00 ns, 3.1060 ns/op
OverheadWarmup   5: 1048576 op, 2972668.00 ns, 2.8350 ns/op

OverheadActual   1: 1048576 op, 2957355.00 ns, 2.8204 ns/op
OverheadActual   2: 1048576 op, 2941032.00 ns, 2.8048 ns/op
OverheadActual   3: 1048576 op, 2866682.00 ns, 2.7339 ns/op
OverheadActual   4: 1048576 op, 2842468.00 ns, 2.7108 ns/op
OverheadActual   5: 1048576 op, 2824071.00 ns, 2.6932 ns/op
OverheadActual   6: 1048576 op, 2815228.00 ns, 2.6848 ns/op
OverheadActual   7: 1048576 op, 2818903.00 ns, 2.6883 ns/op
OverheadActual   8: 1048576 op, 3106250.00 ns, 2.9624 ns/op
OverheadActual   9: 1048576 op, 2795479.00 ns, 2.6660 ns/op
OverheadActual  10: 1048576 op, 3097988.00 ns, 2.9545 ns/op
OverheadActual  11: 1048576 op, 3097257.00 ns, 2.9538 ns/op
OverheadActual  12: 1048576 op, 3100742.00 ns, 2.9571 ns/op
OverheadActual  13: 1048576 op, 2831803.00 ns, 2.7006 ns/op
OverheadActual  14: 1048576 op, 3136255.00 ns, 2.9910 ns/op
OverheadActual  15: 1048576 op, 2853885.00 ns, 2.7217 ns/op

WorkloadWarmup   1: 1048576 op, 730005116.00 ns, 696.1871 ns/op
WorkloadWarmup   2: 1048576 op, 734561288.00 ns, 700.5322 ns/op
WorkloadWarmup   3: 1048576 op, 743519582.00 ns, 709.0755 ns/op

// BeforeActualRun
WorkloadActual   1: 1048576 op, 746132200.00 ns, 711.5671 ns/op
WorkloadActual   2: 1048576 op, 728270471.00 ns, 694.5328 ns/op
WorkloadActual   3: 1048576 op, 726887268.00 ns, 693.2137 ns/op

// AfterActualRun
WorkloadResult   1: 1048576 op, 743265518.00 ns, 708.8332 ns/op
WorkloadResult   2: 1048576 op, 725403789.00 ns, 691.7990 ns/op
WorkloadResult   3: 1048576 op, 724020586.00 ns, 690.4798 ns/op
// GC:  16 0 0 276824064 1048576
// Threading:  0 0 1048576

// AfterAll
// Benchmark Process 2952 has exited with code 0.

Mean = 697.037 ns, StdErr = 5.910 ns (0.85%), N = 3, StdDev = 10.237 ns
Min = 690.480 ns, Q1 = 691.139 ns, Median = 691.799 ns, Q3 = 700.316 ns, Max = 708.833 ns
IQR = 9.177 ns, LowerFence = 677.374 ns, UpperFence = 714.081 ns
ConfidenceInterval = [510.280 ns; 883.795 ns] (CI 99.9%), Margin = 186.758 ns (26.79% of Mean)
Skewness = 0.38, Kurtosis = 0.67, MValue = 2

// ** Remained 0 (0.0 %) benchmark(s) to run. Estimated finish 2026-10-02 16:07 (0h 0m from now) **
// ***** BenchmarkRunner: Finish  *****

// * Export *
  artifacts/performance/CdcDebezium/results/Encina.Cdc.Debezium.Benchmarks.Benchmarks.DebeziumKafkaPositionBenchmarks-report.csv
  artifacts/performance/CdcDebezium/results/Encina.Cdc.Debezium.Benchmarks.Benchmarks.DebeziumKafkaPositionBenchmarks-report-github.md
  artifacts/performance/CdcDebezium/results/Encina.Cdc.Debezium.Benchmarks.Benchmarks.DebeziumKafkaPositionBenchmarks-report.html
  artifacts/performance/CdcDebezium/results/Encina.Cdc.Debezium.Benchmarks.Benchmarks.DebeziumKafkaPositionBenchmarks-report-full-compressed.json

// * Detailed results *
DebeziumKafkaPositionBenchmarks.ComparePositions: ShortRun(IterationCount=3, LaunchCount=1, WarmupCount=3)
Runtime = .NET 10.0.12 (10.0.12, 10.0.1226.42308), X64 RyuJIT x86-64-v4; GC = Concurrent Workstation
Mean = 2.779 ns, StdErr = 0.078 ns (2.79%), N = 3, StdDev = 0.134 ns
Min = 2.686 ns, Q1 = 2.702 ns, Median = 2.717 ns, Q3 = 2.825 ns, Max = 2.933 ns
IQR = 0.123 ns, LowerFence = 2.517 ns, UpperFence = 3.010 ns
ConfidenceInterval = [0.329 ns; 5.229 ns] (CI 99.9%), Margin = 2.450 ns (88.17% of Mean)
Skewness = 0.36, Kurtosis = 0.67, MValue = 2
-------------------- Histogram --------------------
[2.564 ns ; 2.824 ns) | @@
[2.824 ns ; 3.055 ns) | @
---------------------------------------------------

DebeziumKafkaPositionBenchmarks.FromBytes: ShortRun(IterationCount=3, LaunchCount=1, WarmupCount=3)
Runtime = .NET 10.0.12 (10.0.12, 10.0.1226.42308), X64 RyuJIT x86-64-v4; GC = Concurrent Workstation
Mean = 1.607 μs, StdErr = 0.016 μs (0.99%), N = 3, StdDev = 0.027 μs
Min = 1.577 μs, Q1 = 1.595 μs, Median = 1.613 μs, Q3 = 1.622 μs, Max = 1.631 μs
IQR = 0.027 μs, LowerFence = 1.555 μs, UpperFence = 1.663 μs
ConfidenceInterval = [1.107 μs; 2.107 μs] (CI 99.9%), Margin = 0.500 μs (31.13% of Mean)
Skewness = -0.21, Kurtosis = 0.67, MValue = 2
-------------------- Histogram --------------------
[1.552 μs ; 1.597 μs) | @
[1.597 μs ; 1.656 μs) | @@
---------------------------------------------------

DebeziumKafkaPositionBenchmarks.ToBytes: ShortRun(IterationCount=3, LaunchCount=1, WarmupCount=3)
Runtime = .NET 10.0.12 (10.0.12, 10.0.1226.42308), X64 RyuJIT x86-64-v4; GC = Concurrent Workstation
Mean = 697.037 ns, StdErr = 5.910 ns (0.85%), N = 3, StdDev = 10.237 ns
Min = 690.480 ns, Q1 = 691.139 ns, Median = 691.799 ns, Q3 = 700.316 ns, Max = 708.833 ns
IQR = 9.177 ns, LowerFence = 677.374 ns, UpperFence = 714.081 ns
ConfidenceInterval = [510.280 ns; 883.795 ns] (CI 99.9%), Margin = 186.758 ns (26.79% of Mean)
Skewness = 0.38, Kurtosis = 0.67, MValue = 2
-------------------- Histogram --------------------
[690.341 ns ; 708.972 ns) | @@@
---------------------------------------------------

// * Summary *

BenchmarkDotNet v0.15.8, Linux Ubuntu 24.04.5 LTS (Noble Numbat)
AMD EPYC 9V74 3.63GHz, 1 CPU, 4 logical and 2 physical cores
.NET SDK 10.0.401
  [Host]   : .NET 10.0.12 (10.0.12, 10.0.1226.42308), X64 RyuJIT x86-64-v4
  ShortRun : .NET 10.0.12 (10.0.12, 10.0.1226.42308), X64 RyuJIT x86-64-v4

Job=ShortRun  IterationCount=3  LaunchCount=1  
WarmupCount=3  

| Method           | Mean         | Error      | StdDev     | Gen0   | Allocated |
|----------------- |-------------:|-----------:|-----------:|-------:|----------:|
| ComparePositions |     2.779 ns |   2.450 ns |  0.1343 ns |      - |         - |
| FromBytes        | 1,607.169 ns | 500.247 ns | 27.4202 ns | 0.0439 |     744 B |
| ToBytes          |   697.037 ns | 186.758 ns | 10.2368 ns | 0.0153 |     264 B |
// * Config Issues *

// * Warnings *
Configuration
  Summary -> The exporter CsvExporter is already present in configuration. There may be unexpected results.
  Summary -> The exporter HtmlExporter is already present in configuration. There may be unexpected results.
  Summary -> The exporter MarkdownExporter-github is already present in configuration. There may be unexpected results.

// * Legends *
  Mean      : Arithmetic mean of all measurements
  Error     : Half of 99.9% confidence interval
  StdDev    : Standard deviation of all measurements
  Gen0      : GC Generation 0 collects per 1000 operations
  Allocated : Allocated memory per single operation (managed only, inclusive, 1KB = 1024B)
  1 ns      : 1 Nanosecond (0.000000001 sec)

// * Diagnostic Output - MemoryDiagnoser *


// ***** BenchmarkRunner: End *****
Run time: 00:00:25 (25.11 sec), executed benchmarks: 3

Global total time: 00:01:18 (78.28 sec), executed benchmarks: 3
// * Artifacts cleanup *
Artifacts cleanup is finished
