// Validating benchmarks:
// ***** BenchmarkRunner: Start   *****
// ***** Found 6 benchmark(s) in total *****
// ***** Building 1 exe(s) in Parallel: Start   *****
// start dotnet  restore --nodeReuse:false /p:UseSharedCompilation=false /p:Deterministic=true /p:Optimize=true /p:ArtifactsPath="/home/runner/work/Encina/Encina/tests/Encina.BenchmarkTests/Encina.Benchmarks/bin/Release/net10.0/Encina.Benchmarks-ShortRun-1/" /p:OutDir="/home/runner/work/Encina/Encina/tests/Encina.BenchmarkTests/Encina.Benchmarks/bin/Release/net10.0/Encina.Benchmarks-ShortRun-1/bin/Release/net10.0/" /p:OutputPath="/home/runner/work/Encina/Encina/tests/Encina.BenchmarkTests/Encina.Benchmarks/bin/Release/net10.0/Encina.Benchmarks-ShortRun-1/bin/Release/net10.0/" /p:PublishDir="/home/runner/work/Encina/Encina/tests/Encina.BenchmarkTests/Encina.Benchmarks/bin/Release/net10.0/Encina.Benchmarks-ShortRun-1/publish/" in /home/runner/work/Encina/Encina/tests/Encina.BenchmarkTests/Encina.Benchmarks/bin/Release/net10.0/Encina.Benchmarks-ShortRun-1
// command took 3.59 sec and exited with 0
// start dotnet  build -c Release --no-restore --nodeReuse:false /p:UseSharedCompilation=false /p:Deterministic=true /p:Optimize=true /p:ArtifactsPath="/home/runner/work/Encina/Encina/tests/Encina.BenchmarkTests/Encina.Benchmarks/bin/Release/net10.0/Encina.Benchmarks-ShortRun-1/" /p:OutDir="/home/runner/work/Encina/Encina/tests/Encina.BenchmarkTests/Encina.Benchmarks/bin/Release/net10.0/Encina.Benchmarks-ShortRun-1/bin/Release/net10.0/" /p:OutputPath="/home/runner/work/Encina/Encina/tests/Encina.BenchmarkTests/Encina.Benchmarks/bin/Release/net10.0/Encina.Benchmarks-ShortRun-1/bin/Release/net10.0/" /p:PublishDir="/home/runner/work/Encina/Encina/tests/Encina.BenchmarkTests/Encina.Benchmarks/bin/Release/net10.0/Encina.Benchmarks-ShortRun-1/publish/" --output "/home/runner/work/Encina/Encina/tests/Encina.BenchmarkTests/Encina.Benchmarks/bin/Release/net10.0/Encina.Benchmarks-ShortRun-1/bin/Release/net10.0/" in /home/runner/work/Encina/Encina/tests/Encina.BenchmarkTests/Encina.Benchmarks/bin/Release/net10.0/Encina.Benchmarks-ShortRun-1
// command took 195.62 sec and exited with 0
// ***** Done, took 00:03:19 (199.36 sec)   *****
// Found 6 benchmarks:
//   GDPRExportBenchmarks.'JSON export: 10 activities': ShortRun(IterationCount=3, LaunchCount=1, WarmupCount=3)
//   GDPRExportBenchmarks.'JSON export: 50 activities': ShortRun(IterationCount=3, LaunchCount=1, WarmupCount=3)
//   GDPRExportBenchmarks.'JSON export: 200 activities': ShortRun(IterationCount=3, LaunchCount=1, WarmupCount=3)
//   GDPRExportBenchmarks.'CSV export: 10 activities': ShortRun(IterationCount=3, LaunchCount=1, WarmupCount=3)
//   GDPRExportBenchmarks.'CSV export: 50 activities': ShortRun(IterationCount=3, LaunchCount=1, WarmupCount=3)
//   GDPRExportBenchmarks.'CSV export: 200 activities': ShortRun(IterationCount=3, LaunchCount=1, WarmupCount=3)

// **************************
// Benchmark: GDPRExportBenchmarks.'JSON export: 10 activities': ShortRun(IterationCount=3, LaunchCount=1, WarmupCount=3)
// *** Execute ***
// Launch: 1 / 1
// Execute: dotnet Encina.Benchmarks-ShortRun-1.dll --anonymousPipes 224 225 --benchmarkName Encina.Benchmarks.Compliance.GDPR.GDPRExportBenchmarks.JsonExport_10Activities --job ShortRun --benchmarkId 0 in /home/runner/work/Encina/Encina/tests/Encina.BenchmarkTests/Encina.Benchmarks/bin/Release/net10.0/Encina.Benchmarks-ShortRun-1/bin/Release/net10.0
// Failed to set up high priority (Permission denied). In order to run benchmarks with high priority, make sure you have the right permissions.
// BeforeAnythingElse

// Benchmark Process Environment Information:
// BenchmarkDotNet v0.15.8
// Runtime=.NET 10.0.12 (10.0.12, 10.0.1226.42308), X64 RyuJIT x86-64-v3
// GC=Concurrent Workstation
// HardwareIntrinsics=AVX2+BMI1+BMI2+F16C+FMA+LZCNT+MOVBE,AVX,SSE3+SSSE3+SSE4.1+SSE4.2+POPCNT,X86Base+SSE+SSE2,AES+PCLMUL VectorSize=256
// Job: ShortRun(IterationCount=3, LaunchCount=1, WarmupCount=3)

OverheadJitting  1: 1 op, 207490.00 ns, 207.4900 us/op
WorkloadJitting  1: 1 op, 92710444.00 ns, 92.7104 ms/op

WorkloadPilot    1: 2 op, 186581.00 ns, 93.2905 us/op
WorkloadPilot    2: 3 op, 183435.00 ns, 61.1450 us/op
WorkloadPilot    3: 4 op, 194816.00 ns, 48.7040 us/op
WorkloadPilot    4: 5 op, 262524.00 ns, 52.5048 us/op
WorkloadPilot    5: 6 op, 293823.00 ns, 48.9705 us/op
WorkloadPilot    6: 7 op, 369014.00 ns, 52.7163 us/op
WorkloadPilot    7: 8 op, 378723.00 ns, 47.3404 us/op
WorkloadPilot    8: 9 op, 468581.00 ns, 52.0646 us/op
WorkloadPilot    9: 10 op, 458863.00 ns, 45.8863 us/op
WorkloadPilot   10: 11 op, 552549.00 ns, 50.2317 us/op
WorkloadPilot   11: 12 op, 445137.00 ns, 37.0948 us/op
WorkloadPilot   12: 13 op, 575353.00 ns, 44.2579 us/op
WorkloadPilot   13: 14 op, 620367.00 ns, 44.3119 us/op
WorkloadPilot   14: 15 op, 618714.00 ns, 41.2476 us/op
WorkloadPilot   15: 16 op, 613654.00 ns, 38.3534 us/op
WorkloadPilot   16: 32 op, 1204877.00 ns, 37.6524 us/op
WorkloadPilot   17: 64 op, 2554755.00 ns, 39.9180 us/op
WorkloadPilot   18: 128 op, 5152692.00 ns, 40.2554 us/op
WorkloadPilot   19: 256 op, 10203122.00 ns, 39.8559 us/op
WorkloadPilot   20: 512 op, 20344166.00 ns, 39.7347 us/op
WorkloadPilot   21: 1024 op, 40273382.00 ns, 39.3295 us/op
WorkloadPilot   22: 2048 op, 74302670.00 ns, 36.2806 us/op
WorkloadPilot   23: 4096 op, 141065278.00 ns, 34.4398 us/op
WorkloadPilot   24: 8192 op, 283657377.00 ns, 34.6261 us/op
WorkloadPilot   25: 16384 op, 567753319.00 ns, 34.6529 us/op

WorkloadWarmup   1: 16384 op, 571514404.00 ns, 34.8825 us/op
WorkloadWarmup   2: 16384 op, 567267936.00 ns, 34.6233 us/op
WorkloadWarmup   3: 16384 op, 568670154.00 ns, 34.7089 us/op

// BeforeActualRun
WorkloadActual   1: 16384 op, 567021345.00 ns, 34.6082 us/op
WorkloadActual   2: 16384 op, 574186089.00 ns, 35.0455 us/op
WorkloadActual   3: 16384 op, 568526294.00 ns, 34.7001 us/op

// AfterActualRun
WorkloadResult   1: 16384 op, 567021345.00 ns, 34.6082 us/op
WorkloadResult   2: 16384 op, 574186089.00 ns, 35.0455 us/op
WorkloadResult   3: 16384 op, 568526294.00 ns, 34.7001 us/op
// GC:  12 0 0 202248048 16384
// Threading:  0 0 16384

// AfterAll
// Benchmark Process 3872 has exited with code 0.

Mean = 34.785 μs, StdErr = 0.133 μs (0.38%), N = 3, StdDev = 0.231 μs
Min = 34.608 μs, Q1 = 34.654 μs, Median = 34.700 μs, Q3 = 34.873 μs, Max = 35.046 μs
IQR = 0.219 μs, LowerFence = 34.326 μs, UpperFence = 35.201 μs
ConfidenceInterval = [30.578 μs; 38.991 μs] (CI 99.9%), Margin = 4.207 μs (12.09% of Mean)
Skewness = 0.32, Kurtosis = 0.67, MValue = 2

// ** Remained 5 (83.3 %) benchmark(s) to run. Estimated finish 2026-10-07 13:50 (0h 0m from now) **
// **************************
// Benchmark: GDPRExportBenchmarks.'JSON export: 50 activities': ShortRun(IterationCount=3, LaunchCount=1, WarmupCount=3)
// *** Execute ***
// Launch: 1 / 1
// Execute: dotnet Encina.Benchmarks-ShortRun-1.dll --anonymousPipes 224 225 --benchmarkName Encina.Benchmarks.Compliance.GDPR.GDPRExportBenchmarks.JsonExport_50Activities --job ShortRun --benchmarkId 1 in /home/runner/work/Encina/Encina/tests/Encina.BenchmarkTests/Encina.Benchmarks/bin/Release/net10.0/Encina.Benchmarks-ShortRun-1/bin/Release/net10.0
// Failed to set up high priority (Permission denied). In order to run benchmarks with high priority, make sure you have the right permissions.
// BeforeAnythingElse

// Benchmark Process Environment Information:
// BenchmarkDotNet v0.15.8
// Runtime=.NET 10.0.12 (10.0.12, 10.0.1226.42308), X64 RyuJIT x86-64-v3
// GC=Concurrent Workstation
// HardwareIntrinsics=AVX2+BMI1+BMI2+F16C+FMA+LZCNT+MOVBE,AVX,SSE3+SSSE3+SSE4.1+SSE4.2+POPCNT,X86Base+SSE+SSE2,AES+PCLMUL VectorSize=256
// Job: ShortRun(IterationCount=3, LaunchCount=1, WarmupCount=3)

OverheadJitting  1: 1 op, 214664.00 ns, 214.6640 us/op
WorkloadJitting  1: 1 op, 93805915.00 ns, 93.8059 ms/op

WorkloadPilot    1: 2 op, 436170.00 ns, 218.0850 us/op
WorkloadPilot    2: 3 op, 643811.00 ns, 214.6037 us/op
WorkloadPilot    3: 4 op, 706979.00 ns, 176.7448 us/op
WorkloadPilot    4: 5 op, 893300.00 ns, 178.6600 us/op
WorkloadPilot    5: 6 op, 1053722.00 ns, 175.6203 us/op
WorkloadPilot    6: 7 op, 1241254.00 ns, 177.3220 us/op
WorkloadPilot    7: 8 op, 1406315.00 ns, 175.7894 us/op
WorkloadPilot    8: 9 op, 1571726.00 ns, 174.6362 us/op
WorkloadPilot    9: 10 op, 1748980.00 ns, 174.8980 us/op
WorkloadPilot   10: 11 op, 1945369.00 ns, 176.8517 us/op
WorkloadPilot   11: 12 op, 2130948.00 ns, 177.5790 us/op
WorkloadPilot   12: 13 op, 2307029.00 ns, 177.4638 us/op
WorkloadPilot   13: 14 op, 2448295.00 ns, 174.8782 us/op
WorkloadPilot   14: 15 op, 2606352.00 ns, 173.7568 us/op
WorkloadPilot   15: 16 op, 2804274.00 ns, 175.2671 us/op
WorkloadPilot   16: 32 op, 5884438.00 ns, 183.8887 us/op
WorkloadPilot   17: 64 op, 12228150.00 ns, 191.0648 us/op
WorkloadPilot   18: 128 op, 24494100.00 ns, 191.3602 us/op
WorkloadPilot   19: 256 op, 49304665.00 ns, 192.5963 us/op
WorkloadPilot   20: 512 op, 88193709.00 ns, 172.2533 us/op
WorkloadPilot   21: 1024 op, 172527739.00 ns, 168.4841 us/op
WorkloadPilot   22: 2048 op, 344153371.00 ns, 168.0436 us/op
WorkloadPilot   23: 4096 op, 687254484.00 ns, 167.7867 us/op

WorkloadWarmup   1: 4096 op, 687554238.00 ns, 167.8599 us/op
WorkloadWarmup   2: 4096 op, 688407563.00 ns, 168.0683 us/op
WorkloadWarmup   3: 4096 op, 687980269.00 ns, 167.9639 us/op

// BeforeActualRun
WorkloadActual   1: 4096 op, 697573884.00 ns, 170.3061 us/op
WorkloadActual   2: 4096 op, 685514621.00 ns, 167.3620 us/op
WorkloadActual   3: 4096 op, 688282927.00 ns, 168.0378 us/op

// AfterActualRun
WorkloadResult   1: 4096 op, 697573884.00 ns, 170.3061 us/op
WorkloadResult   2: 4096 op, 685514621.00 ns, 167.3620 us/op
WorkloadResult   3: 4096 op, 688282927.00 ns, 168.0378 us/op
// GC:  13 0 0 233902240 4096
// Threading:  0 0 4096

// AfterAll
// Benchmark Process 3904 has exited with code 0.

Mean = 168.569 μs, StdErr = 0.890 μs (0.53%), N = 3, StdDev = 1.542 μs
Min = 167.362 μs, Q1 = 167.700 μs, Median = 168.038 μs, Q3 = 169.172 μs, Max = 170.306 μs
IQR = 1.472 μs, LowerFence = 165.492 μs, UpperFence = 171.380 μs
ConfidenceInterval = [140.433 μs; 196.704 μs] (CI 99.9%), Margin = 28.135 μs (16.69% of Mean)
Skewness = 0.3, Kurtosis = 0.67, MValue = 2

// ** Remained 4 (66.7 %) benchmark(s) to run. Estimated finish 2026-10-07 13:50 (0h 0m from now) **
// **************************
// Benchmark: GDPRExportBenchmarks.'JSON export: 200 activities': ShortRun(IterationCount=3, LaunchCount=1, WarmupCount=3)
// *** Execute ***
// Launch: 1 / 1
// Execute: dotnet Encina.Benchmarks-ShortRun-1.dll --anonymousPipes 224 225 --benchmarkName Encina.Benchmarks.Compliance.GDPR.GDPRExportBenchmarks.JsonExport_200Activities --job ShortRun --benchmarkId 2 in /home/runner/work/Encina/Encina/tests/Encina.BenchmarkTests/Encina.Benchmarks/bin/Release/net10.0/Encina.Benchmarks-ShortRun-1/bin/Release/net10.0
// Failed to set up high priority (Permission denied). In order to run benchmarks with high priority, make sure you have the right permissions.
// BeforeAnythingElse

// Benchmark Process Environment Information:
// BenchmarkDotNet v0.15.8
// Runtime=.NET 10.0.12 (10.0.12, 10.0.1226.42308), X64 RyuJIT x86-64-v3
// GC=Concurrent Workstation
// HardwareIntrinsics=AVX2+BMI1+BMI2+F16C+FMA+LZCNT+MOVBE,AVX,SSE3+SSSE3+SSE4.1+SSE4.2+POPCNT,X86Base+SSE+SSE2,AES+PCLMUL VectorSize=256
// Job: ShortRun(IterationCount=3, LaunchCount=1, WarmupCount=3)

OverheadJitting  1: 1 op, 259678.00 ns, 259.6780 us/op
WorkloadJitting  1: 1 op, 93599014.00 ns, 93.5990 ms/op

WorkloadPilot    1: 2 op, 1494331.00 ns, 747.1655 us/op
WorkloadPilot    2: 3 op, 2166856.00 ns, 722.2853 us/op
WorkloadPilot    3: 4 op, 2918008.00 ns, 729.5020 us/op
WorkloadPilot    4: 5 op, 3635949.00 ns, 727.1898 us/op
WorkloadPilot    5: 6 op, 4351594.00 ns, 725.2657 us/op
WorkloadPilot    6: 7 op, 5120551.00 ns, 731.5073 us/op
WorkloadPilot    7: 8 op, 5839784.00 ns, 729.9730 us/op
WorkloadPilot    8: 9 op, 6532246.00 ns, 725.8051 us/op
WorkloadPilot    9: 10 op, 7252020.00 ns, 725.2020 us/op
WorkloadPilot   10: 11 op, 7983556.00 ns, 725.7778 us/op
WorkloadPilot   11: 12 op, 8663074.00 ns, 721.9228 us/op
WorkloadPilot   12: 13 op, 9397686.00 ns, 722.8989 us/op
WorkloadPilot   13: 14 op, 10095238.00 ns, 721.0884 us/op
WorkloadPilot   14: 15 op, 10832594.00 ns, 722.1729 us/op
WorkloadPilot   15: 16 op, 11607532.00 ns, 725.4708 us/op
WorkloadPilot   16: 32 op, 23899150.00 ns, 746.8484 us/op
WorkloadPilot   17: 64 op, 48566726.00 ns, 758.8551 us/op
WorkloadPilot   18: 128 op, 97279606.00 ns, 759.9969 us/op
WorkloadPilot   19: 256 op, 195393101.00 ns, 763.2543 us/op
WorkloadPilot   20: 512 op, 389319383.00 ns, 760.3894 us/op
WorkloadPilot   21: 1024 op, 774186693.00 ns, 756.0417 us/op

WorkloadWarmup   1: 1024 op, 779353941.00 ns, 761.0878 us/op
WorkloadWarmup   2: 1024 op, 773301408.00 ns, 755.1772 us/op
WorkloadWarmup   3: 1024 op, 774077577.00 ns, 755.9351 us/op

// BeforeActualRun
WorkloadActual   1: 1024 op, 779961242.00 ns, 761.6809 us/op
WorkloadActual   2: 1024 op, 777745636.00 ns, 759.5172 us/op
WorkloadActual   3: 1024 op, 783233308.00 ns, 764.8763 us/op

// AfterActualRun
WorkloadResult   1: 1024 op, 779961242.00 ns, 761.6809 us/op
WorkloadResult   2: 1024 op, 777745636.00 ns, 759.5172 us/op
WorkloadResult   3: 1024 op, 783233308.00 ns, 764.8763 us/op
// GC:  56 56 56 230588464 1024
// Threading:  0 0 1024

// AfterAll
// Benchmark Process 3917 has exited with code 0.

Mean = 762.025 μs, StdErr = 1.557 μs (0.20%), N = 3, StdDev = 2.696 μs
Min = 759.517 μs, Q1 = 760.599 μs, Median = 761.681 μs, Q3 = 763.279 μs, Max = 764.876 μs
IQR = 2.680 μs, LowerFence = 756.580 μs, UpperFence = 767.298 μs
ConfidenceInterval = [712.839 μs; 811.210 μs] (CI 99.9%), Margin = 49.186 μs (6.45% of Mean)
Skewness = 0.13, Kurtosis = 0.67, MValue = 2

// ** Remained 3 (50.0 %) benchmark(s) to run. Estimated finish 2026-10-07 13:50 (0h 0m from now) **
// **************************
// Benchmark: GDPRExportBenchmarks.'CSV export: 10 activities': ShortRun(IterationCount=3, LaunchCount=1, WarmupCount=3)
// *** Execute ***
// Launch: 1 / 1
// Execute: dotnet Encina.Benchmarks-ShortRun-1.dll --anonymousPipes 224 225 --benchmarkName Encina.Benchmarks.Compliance.GDPR.GDPRExportBenchmarks.CsvExport_10Activities --job ShortRun --benchmarkId 3 in /home/runner/work/Encina/Encina/tests/Encina.BenchmarkTests/Encina.Benchmarks/bin/Release/net10.0/Encina.Benchmarks-ShortRun-1/bin/Release/net10.0
// Failed to set up high priority (Permission denied). In order to run benchmarks with high priority, make sure you have the right permissions.
// BeforeAnythingElse

// Benchmark Process Environment Information:
// BenchmarkDotNet v0.15.8
// Runtime=.NET 10.0.12 (10.0.12, 10.0.1226.42308), X64 RyuJIT x86-64-v3
// GC=Concurrent Workstation
// HardwareIntrinsics=AVX2+BMI1+BMI2+F16C+FMA+LZCNT+MOVBE,AVX,SSE3+SSSE3+SSE4.1+SSE4.2+POPCNT,X86Base+SSE+SSE2,AES+PCLMUL VectorSize=256
// Job: ShortRun(IterationCount=3, LaunchCount=1, WarmupCount=3)

OverheadJitting  1: 1 op, 204695.00 ns, 204.6950 us/op
WorkloadJitting  1: 1 op, 27607728.00 ns, 27.6077 ms/op

OverheadJitting  2: 16 op, 353054.00 ns, 22.0659 us/op
WorkloadJitting  2: 16 op, 1134995.00 ns, 70.9372 us/op

WorkloadPilot    1: 16 op, 700748.00 ns, 43.7968 us/op
WorkloadPilot    2: 32 op, 1029917.00 ns, 32.1849 us/op
WorkloadPilot    3: 64 op, 2467149.00 ns, 38.5492 us/op
WorkloadPilot    4: 128 op, 4961340.00 ns, 38.7605 us/op
WorkloadPilot    5: 256 op, 9614460.00 ns, 37.5565 us/op
WorkloadPilot    6: 512 op, 10529871.00 ns, 20.5662 us/op
WorkloadPilot    7: 1024 op, 16964112.00 ns, 16.5665 us/op
WorkloadPilot    8: 2048 op, 31259455.00 ns, 15.2634 us/op
WorkloadPilot    9: 4096 op, 61274198.00 ns, 14.9595 us/op
WorkloadPilot   10: 8192 op, 120280060.00 ns, 14.6826 us/op
WorkloadPilot   11: 16384 op, 243661353.00 ns, 14.8719 us/op
WorkloadPilot   12: 32768 op, 478645729.00 ns, 14.6071 us/op
WorkloadPilot   13: 65536 op, 958273075.00 ns, 14.6221 us/op

OverheadWarmup   1: 65536 op, 109977.00 ns, 1.6781 ns/op
OverheadWarmup   2: 65536 op, 194616.00 ns, 2.9696 ns/op
OverheadWarmup   3: 65536 op, 142918.00 ns, 2.1808 ns/op
OverheadWarmup   4: 65536 op, 128091.00 ns, 1.9545 ns/op
OverheadWarmup   5: 65536 op, 125536.00 ns, 1.9155 ns/op
OverheadWarmup   6: 65536 op, 119625.00 ns, 1.8253 ns/op
OverheadWarmup   7: 65536 op, 125556.00 ns, 1.9158 ns/op
OverheadWarmup   8: 65536 op, 126117.00 ns, 1.9244 ns/op
OverheadWarmup   9: 65536 op, 140864.00 ns, 2.1494 ns/op
OverheadWarmup  10: 65536 op, 125235.00 ns, 1.9109 ns/op

OverheadActual   1: 65536 op, 125957.00 ns, 1.9220 ns/op
OverheadActual   2: 65536 op, 126247.00 ns, 1.9264 ns/op
OverheadActual   3: 65536 op, 125225.00 ns, 1.9108 ns/op
OverheadActual   4: 65536 op, 143200.00 ns, 2.1851 ns/op
OverheadActual   5: 65536 op, 125777.00 ns, 1.9192 ns/op
OverheadActual   6: 65536 op, 120486.00 ns, 1.8385 ns/op
OverheadActual   7: 65536 op, 123002.00 ns, 1.8769 ns/op
OverheadActual   8: 65536 op, 125096.00 ns, 1.9088 ns/op
OverheadActual   9: 65536 op, 125235.00 ns, 1.9109 ns/op
OverheadActual  10: 65536 op, 124835.00 ns, 1.9048 ns/op
OverheadActual  11: 65536 op, 119975.00 ns, 1.8307 ns/op
OverheadActual  12: 65536 op, 124775.00 ns, 1.9039 ns/op
OverheadActual  13: 65536 op, 141326.00 ns, 2.1565 ns/op
OverheadActual  14: 65536 op, 125335.00 ns, 1.9125 ns/op
OverheadActual  15: 65536 op, 130395.00 ns, 1.9897 ns/op

WorkloadWarmup   1: 65536 op, 979684388.00 ns, 14.9488 us/op
WorkloadWarmup   2: 65536 op, 961983264.00 ns, 14.6787 us/op
WorkloadWarmup   3: 65536 op, 956033304.00 ns, 14.5879 us/op

// BeforeActualRun
WorkloadActual   1: 65536 op, 953418515.00 ns, 14.5480 us/op
WorkloadActual   2: 65536 op, 975800345.00 ns, 14.8895 us/op
WorkloadActual   3: 65536 op, 973205267.00 ns, 14.8499 us/op

// AfterActualRun
WorkloadResult   1: 65536 op, 953293280.00 ns, 14.5461 us/op
WorkloadResult   2: 65536 op, 975675110.00 ns, 14.8876 us/op
WorkloadResult   3: 65536 op, 973080032.00 ns, 14.8480 us/op
// GC:  220 15 0 3685427208 65536
// Threading:  0 0 65536

// AfterAll
// Benchmark Process 3928 has exited with code 0.

Mean = 14.761 μs, StdErr = 0.108 μs (0.73%), N = 3, StdDev = 0.187 μs
Min = 14.546 μs, Q1 = 14.697 μs, Median = 14.848 μs, Q3 = 14.868 μs, Max = 14.888 μs
IQR = 0.171 μs, LowerFence = 14.441 μs, UpperFence = 15.124 μs
ConfidenceInterval = [11.353 μs; 18.168 μs] (CI 99.9%), Margin = 3.408 μs (23.09% of Mean)
Skewness = -0.37, Kurtosis = 0.67, MValue = 2

// ** Remained 2 (33.3 %) benchmark(s) to run. Estimated finish 2026-10-07 13:50 (0h 0m from now) **
// **************************
// Benchmark: GDPRExportBenchmarks.'CSV export: 50 activities': ShortRun(IterationCount=3, LaunchCount=1, WarmupCount=3)
// *** Execute ***
// Launch: 1 / 1
// Execute: dotnet Encina.Benchmarks-ShortRun-1.dll --anonymousPipes 224 225 --benchmarkName Encina.Benchmarks.Compliance.GDPR.GDPRExportBenchmarks.CsvExport_50Activities --job ShortRun --benchmarkId 4 in /home/runner/work/Encina/Encina/tests/Encina.BenchmarkTests/Encina.Benchmarks/bin/Release/net10.0/Encina.Benchmarks-ShortRun-1/bin/Release/net10.0
// Failed to set up high priority (Permission denied). In order to run benchmarks with high priority, make sure you have the right permissions.
// BeforeAnythingElse

// Benchmark Process Environment Information:
// BenchmarkDotNet v0.15.8
// Runtime=.NET 10.0.12 (10.0.12, 10.0.1226.42308), X64 RyuJIT x86-64-v3
// GC=Concurrent Workstation
// HardwareIntrinsics=AVX2+BMI1+BMI2+F16C+FMA+LZCNT+MOVBE,AVX,SSE3+SSSE3+SSE4.1+SSE4.2+POPCNT,X86Base+SSE+SSE2,AES+PCLMUL VectorSize=256
// Job: ShortRun(IterationCount=3, LaunchCount=1, WarmupCount=3)

OverheadJitting  1: 1 op, 207430.00 ns, 207.4300 us/op
WorkloadJitting  1: 1 op, 27690982.00 ns, 27.6910 ms/op

OverheadJitting  2: 16 op, 319732.00 ns, 19.9833 us/op
WorkloadJitting  2: 16 op, 3428728.00 ns, 214.2955 us/op

WorkloadPilot    1: 16 op, 2919330.00 ns, 182.4581 us/op
WorkloadPilot    2: 32 op, 4258339.00 ns, 133.0731 us/op
WorkloadPilot    3: 64 op, 10577054.00 ns, 165.2665 us/op
WorkloadPilot    4: 128 op, 10441558.00 ns, 81.5747 us/op
WorkloadPilot    5: 256 op, 17489866.00 ns, 68.3198 us/op
WorkloadPilot    6: 512 op, 35228188.00 ns, 68.8051 us/op
WorkloadPilot    7: 1024 op, 68778040.00 ns, 67.1661 us/op
WorkloadPilot    8: 2048 op, 136694409.00 ns, 66.7453 us/op
WorkloadPilot    9: 4096 op, 275832918.00 ns, 67.3420 us/op
WorkloadPilot   10: 8192 op, 550366079.00 ns, 67.1834 us/op

OverheadWarmup   1: 8192 op, 14247.00 ns, 1.7391 ns/op
OverheadWarmup   2: 8192 op, 23614.00 ns, 2.8826 ns/op
OverheadWarmup   3: 8192 op, 23324.00 ns, 2.8472 ns/op
OverheadWarmup   4: 8192 op, 23214.00 ns, 2.8337 ns/op
OverheadWarmup   5: 8192 op, 23525.00 ns, 2.8717 ns/op
OverheadWarmup   6: 8192 op, 23474.00 ns, 2.8655 ns/op

OverheadActual   1: 8192 op, 26480.00 ns, 3.2324 ns/op
OverheadActual   2: 8192 op, 23665.00 ns, 2.8888 ns/op
OverheadActual   3: 8192 op, 23645.00 ns, 2.8864 ns/op
OverheadActual   4: 8192 op, 23504.00 ns, 2.8691 ns/op
OverheadActual   5: 8192 op, 23575.00 ns, 2.8778 ns/op
OverheadActual   6: 8192 op, 23684.00 ns, 2.8911 ns/op
OverheadActual   7: 8192 op, 23464.00 ns, 2.8643 ns/op
OverheadActual   8: 8192 op, 24326.00 ns, 2.9695 ns/op
OverheadActual   9: 8192 op, 23594.00 ns, 2.8801 ns/op
OverheadActual  10: 8192 op, 23614.00 ns, 2.8826 ns/op
OverheadActual  11: 8192 op, 23544.00 ns, 2.8740 ns/op
OverheadActual  12: 8192 op, 26290.00 ns, 3.2092 ns/op
OverheadActual  13: 8192 op, 23364.00 ns, 2.8521 ns/op
OverheadActual  14: 8192 op, 25929.00 ns, 3.1652 ns/op
OverheadActual  15: 8192 op, 23504.00 ns, 2.8691 ns/op

WorkloadWarmup   1: 8192 op, 553861734.00 ns, 67.6101 us/op
WorkloadWarmup   2: 8192 op, 557145550.00 ns, 68.0109 us/op
WorkloadWarmup   3: 8192 op, 554137944.00 ns, 67.6438 us/op

// BeforeActualRun
WorkloadActual   1: 8192 op, 550171063.00 ns, 67.1596 us/op
WorkloadActual   2: 8192 op, 549034705.00 ns, 67.0208 us/op
WorkloadActual   3: 8192 op, 555363299.00 ns, 67.7934 us/op

// AfterActualRun
WorkloadResult   1: 8192 op, 550147449.00 ns, 67.1567 us/op
WorkloadResult   2: 8192 op, 549011091.00 ns, 67.0180 us/op
WorkloadResult   3: 8192 op, 555339685.00 ns, 67.7905 us/op
// GC:  116 19 0 1954524104 8192
// Threading:  0 0 8192

// AfterAll
// Benchmark Process 3934 has exited with code 0.

Mean = 67.322 μs, StdErr = 0.238 μs (0.35%), N = 3, StdDev = 0.412 μs
Min = 67.018 μs, Q1 = 67.087 μs, Median = 67.157 μs, Q3 = 67.474 μs, Max = 67.790 μs
IQR = 0.386 μs, LowerFence = 66.508 μs, UpperFence = 68.053 μs
ConfidenceInterval = [59.808 μs; 74.836 μs] (CI 99.9%), Margin = 7.514 μs (11.16% of Mean)
Skewness = 0.34, Kurtosis = 0.67, MValue = 2

// ** Remained 1 (16.7 %) benchmark(s) to run. Estimated finish 2026-10-07 13:50 (0h 0m from now) **
// **************************
// Benchmark: GDPRExportBenchmarks.'CSV export: 200 activities': ShortRun(IterationCount=3, LaunchCount=1, WarmupCount=3)
// *** Execute ***
// Launch: 1 / 1
// Execute: dotnet Encina.Benchmarks-ShortRun-1.dll --anonymousPipes 224 225 --benchmarkName Encina.Benchmarks.Compliance.GDPR.GDPRExportBenchmarks.CsvExport_200Activities --job ShortRun --benchmarkId 5 in /home/runner/work/Encina/Encina/tests/Encina.BenchmarkTests/Encina.Benchmarks/bin/Release/net10.0/Encina.Benchmarks-ShortRun-1/bin/Release/net10.0
// Failed to set up high priority (Permission denied). In order to run benchmarks with high priority, make sure you have the right permissions.
// BeforeAnythingElse

// Benchmark Process Environment Information:
// BenchmarkDotNet v0.15.8
// Runtime=.NET 10.0.12 (10.0.12, 10.0.1226.42308), X64 RyuJIT x86-64-v3
// GC=Concurrent Workstation
// HardwareIntrinsics=AVX2+BMI1+BMI2+F16C+FMA+LZCNT+MOVBE,AVX,SSE3+SSSE3+SSE4.1+SSE4.2+POPCNT,X86Base+SSE+SSE2,AES+PCLMUL VectorSize=256
// Job: ShortRun(IterationCount=3, LaunchCount=1, WarmupCount=3)

OverheadJitting  1: 1 op, 207480.00 ns, 207.4800 us/op
WorkloadJitting  1: 1 op, 28453807.00 ns, 28.4538 ms/op

OverheadJitting  2: 16 op, 321054.00 ns, 20.0659 us/op
WorkloadJitting  2: 16 op, 13961609.00 ns, 872.6006 us/op

WorkloadPilot    1: 16 op, 8087280.00 ns, 505.4550 us/op
WorkloadPilot    2: 32 op, 17534440.00 ns, 547.9513 us/op
WorkloadPilot    3: 64 op, 29020432.00 ns, 453.4443 us/op
WorkloadPilot    4: 128 op, 54704149.00 ns, 427.3762 us/op
WorkloadPilot    5: 256 op, 103139859.00 ns, 402.8901 us/op
WorkloadPilot    6: 512 op, 210307715.00 ns, 410.7573 us/op
WorkloadPilot    7: 1024 op, 413066562.00 ns, 403.3853 us/op
WorkloadPilot    8: 2048 op, 822288577.00 ns, 401.5081 us/op

OverheadWarmup   1: 2048 op, 4078.00 ns, 1.9912 ns/op
OverheadWarmup   2: 2048 op, 3797.00 ns, 1.8540 ns/op
OverheadWarmup   3: 2048 op, 6443.00 ns, 3.1460 ns/op
OverheadWarmup   4: 2048 op, 6652.00 ns, 3.2480 ns/op
OverheadWarmup   5: 2048 op, 6502.00 ns, 3.1748 ns/op
OverheadWarmup   6: 2048 op, 6472.00 ns, 3.1602 ns/op
OverheadWarmup   7: 2048 op, 6542.00 ns, 3.1943 ns/op
OverheadWarmup   8: 2048 op, 6543.00 ns, 3.1948 ns/op
OverheadWarmup   9: 2048 op, 6532.00 ns, 3.1895 ns/op

OverheadActual   1: 2048 op, 6622.00 ns, 3.2334 ns/op
OverheadActual   2: 2048 op, 6403.00 ns, 3.1265 ns/op
OverheadActual   3: 2048 op, 6543.00 ns, 3.1948 ns/op
OverheadActual   4: 2048 op, 6513.00 ns, 3.1802 ns/op
OverheadActual   5: 2048 op, 8887.00 ns, 4.3394 ns/op
OverheadActual   6: 2048 op, 6533.00 ns, 3.1899 ns/op
OverheadActual   7: 2048 op, 6583.00 ns, 3.2144 ns/op
OverheadActual   8: 2048 op, 6582.00 ns, 3.2139 ns/op
OverheadActual   9: 2048 op, 6472.00 ns, 3.1602 ns/op
OverheadActual  10: 2048 op, 6643.00 ns, 3.2437 ns/op
OverheadActual  11: 2048 op, 9378.00 ns, 4.5791 ns/op
OverheadActual  12: 2048 op, 6432.00 ns, 3.1406 ns/op
OverheadActual  13: 2048 op, 6382.00 ns, 3.1162 ns/op
OverheadActual  14: 2048 op, 9007.00 ns, 4.3979 ns/op
OverheadActual  15: 2048 op, 6332.00 ns, 3.0918 ns/op

WorkloadWarmup   1: 2048 op, 860611538.00 ns, 420.2205 us/op
WorkloadWarmup   2: 2048 op, 797495596.00 ns, 389.4021 us/op
WorkloadWarmup   3: 2048 op, 794819002.00 ns, 388.0952 us/op

// BeforeActualRun
WorkloadActual   1: 2048 op, 816263245.00 ns, 398.5660 us/op
WorkloadActual   2: 2048 op, 815649731.00 ns, 398.2665 us/op
WorkloadActual   3: 2048 op, 802891104.00 ns, 392.0367 us/op

// AfterActualRun
WorkloadResult   1: 2048 op, 816256702.00 ns, 398.5628 us/op
WorkloadResult   2: 2048 op, 815643188.00 ns, 398.2633 us/op
WorkloadResult   3: 2048 op, 802884561.00 ns, 392.0335 us/op
// GC:  102 102 102 1913552504 2048
// Threading:  0 0 2048

// AfterAll
// Benchmark Process 3942 has exited with code 0.

Mean = 396.287 μs, StdErr = 2.128 μs (0.54%), N = 3, StdDev = 3.686 μs
Min = 392.033 μs, Q1 = 395.148 μs, Median = 398.263 μs, Q3 = 398.413 μs, Max = 398.563 μs
IQR = 3.265 μs, LowerFence = 390.251 μs, UpperFence = 403.310 μs
ConfidenceInterval = [329.035 μs; 463.538 μs] (CI 99.9%), Margin = 67.252 μs (16.97% of Mean)
Skewness = -0.38, Kurtosis = 0.67, MValue = 2

// ** Remained 0 (0.0 %) benchmark(s) to run. Estimated finish 2026-10-07 13:50 (0h 0m from now) **
// ***** BenchmarkRunner: Finish  *****

// * Export *
  artifacts/performance/Core/results/Encina.Benchmarks.Compliance.GDPR.GDPRExportBenchmarks-report.csv
  artifacts/performance/Core/results/Encina.Benchmarks.Compliance.GDPR.GDPRExportBenchmarks-report-github.md
  artifacts/performance/Core/results/Encina.Benchmarks.Compliance.GDPR.GDPRExportBenchmarks-report.html
  artifacts/performance/Core/results/Encina.Benchmarks.Compliance.GDPR.GDPRExportBenchmarks-report-full-compressed.json

// * Detailed results *
GDPRExportBenchmarks.'JSON export: 10 activities': ShortRun(IterationCount=3, LaunchCount=1, WarmupCount=3)
Runtime = .NET 10.0.12 (10.0.12, 10.0.1226.42308), X64 RyuJIT x86-64-v3; GC = Concurrent Workstation
Mean = 34.785 μs, StdErr = 0.133 μs (0.38%), N = 3, StdDev = 0.231 μs
Min = 34.608 μs, Q1 = 34.654 μs, Median = 34.700 μs, Q3 = 34.873 μs, Max = 35.046 μs
IQR = 0.219 μs, LowerFence = 34.326 μs, UpperFence = 35.201 μs
ConfidenceInterval = [30.578 μs; 38.991 μs] (CI 99.9%), Margin = 4.207 μs (12.09% of Mean)
Skewness = 0.32, Kurtosis = 0.67, MValue = 2
-------------------- Histogram --------------------
[34.398 μs ; 35.255 μs) | @@@
---------------------------------------------------

GDPRExportBenchmarks.'JSON export: 50 activities': ShortRun(IterationCount=3, LaunchCount=1, WarmupCount=3)
Runtime = .NET 10.0.12 (10.0.12, 10.0.1226.42308), X64 RyuJIT x86-64-v3; GC = Concurrent Workstation
Mean = 168.569 μs, StdErr = 0.890 μs (0.53%), N = 3, StdDev = 1.542 μs
Min = 167.362 μs, Q1 = 167.700 μs, Median = 168.038 μs, Q3 = 169.172 μs, Max = 170.306 μs
IQR = 1.472 μs, LowerFence = 165.492 μs, UpperFence = 171.380 μs
ConfidenceInterval = [140.433 μs; 196.704 μs] (CI 99.9%), Margin = 28.135 μs (16.69% of Mean)
Skewness = 0.3, Kurtosis = 0.67, MValue = 2
-------------------- Histogram --------------------
[165.959 μs ; 171.710 μs) | @@@
---------------------------------------------------

GDPRExportBenchmarks.'JSON export: 200 activities': ShortRun(IterationCount=3, LaunchCount=1, WarmupCount=3)
Runtime = .NET 10.0.12 (10.0.12, 10.0.1226.42308), X64 RyuJIT x86-64-v3; GC = Concurrent Workstation
Mean = 762.025 μs, StdErr = 1.557 μs (0.20%), N = 3, StdDev = 2.696 μs
Min = 759.517 μs, Q1 = 760.599 μs, Median = 761.681 μs, Q3 = 763.279 μs, Max = 764.876 μs
IQR = 2.680 μs, LowerFence = 756.580 μs, UpperFence = 767.298 μs
ConfidenceInterval = [712.839 μs; 811.210 μs] (CI 99.9%), Margin = 49.186 μs (6.45% of Mean)
Skewness = 0.13, Kurtosis = 0.67, MValue = 2
-------------------- Histogram --------------------
[757.064 μs ; 767.330 μs) | @@@
---------------------------------------------------

GDPRExportBenchmarks.'CSV export: 10 activities': ShortRun(IterationCount=3, LaunchCount=1, WarmupCount=3)
Runtime = .NET 10.0.12 (10.0.12, 10.0.1226.42308), X64 RyuJIT x86-64-v3; GC = Concurrent Workstation
Mean = 14.761 μs, StdErr = 0.108 μs (0.73%), N = 3, StdDev = 0.187 μs
Min = 14.546 μs, Q1 = 14.697 μs, Median = 14.848 μs, Q3 = 14.868 μs, Max = 14.888 μs
IQR = 0.171 μs, LowerFence = 14.441 μs, UpperFence = 15.124 μs
ConfidenceInterval = [11.353 μs; 18.168 μs] (CI 99.9%), Margin = 3.408 μs (23.09% of Mean)
Skewness = -0.37, Kurtosis = 0.67, MValue = 2
-------------------- Histogram --------------------
[14.376 μs ; 14.698 μs) | @
[14.698 μs ; 15.058 μs) | @@
---------------------------------------------------

GDPRExportBenchmarks.'CSV export: 50 activities': ShortRun(IterationCount=3, LaunchCount=1, WarmupCount=3)
Runtime = .NET 10.0.12 (10.0.12, 10.0.1226.42308), X64 RyuJIT x86-64-v3; GC = Concurrent Workstation
Mean = 67.322 μs, StdErr = 0.238 μs (0.35%), N = 3, StdDev = 0.412 μs
Min = 67.018 μs, Q1 = 67.087 μs, Median = 67.157 μs, Q3 = 67.474 μs, Max = 67.790 μs
IQR = 0.386 μs, LowerFence = 66.508 μs, UpperFence = 68.053 μs
ConfidenceInterval = [59.808 μs; 74.836 μs] (CI 99.9%), Margin = 7.514 μs (11.16% of Mean)
Skewness = 0.34, Kurtosis = 0.67, MValue = 2
-------------------- Histogram --------------------
[66.643 μs ; 68.165 μs) | @@@
---------------------------------------------------

GDPRExportBenchmarks.'CSV export: 200 activities': ShortRun(IterationCount=3, LaunchCount=1, WarmupCount=3)
Runtime = .NET 10.0.12 (10.0.12, 10.0.1226.42308), X64 RyuJIT x86-64-v3; GC = Concurrent Workstation
Mean = 396.287 μs, StdErr = 2.128 μs (0.54%), N = 3, StdDev = 3.686 μs
Min = 392.033 μs, Q1 = 395.148 μs, Median = 398.263 μs, Q3 = 398.413 μs, Max = 398.563 μs
IQR = 3.265 μs, LowerFence = 390.251 μs, UpperFence = 403.310 μs
ConfidenceInterval = [329.035 μs; 463.538 μs] (CI 99.9%), Margin = 67.252 μs (16.97% of Mean)
Skewness = -0.38, Kurtosis = 0.67, MValue = 2
-------------------- Histogram --------------------
[391.943 μs ; 398.653 μs) | @@@
---------------------------------------------------

// * Summary *

BenchmarkDotNet v0.15.8, Linux Ubuntu 24.04.5 LTS (Noble Numbat)
AMD EPYC 7763 2.45GHz, 1 CPU, 4 logical and 2 physical cores
.NET SDK 10.0.401
  [Host]   : .NET 10.0.12 (10.0.12, 10.0.1226.42308), X64 RyuJIT x86-64-v3
  ShortRun : .NET 10.0.12 (10.0.12, 10.0.1226.42308), X64 RyuJIT x86-64-v3

Job=ShortRun  IterationCount=3  LaunchCount=1  
WarmupCount=3  

| Method                        | Mean      | Error     | StdDev   | Ratio | RatioSD | Rank | Gen0    | Gen1    | Gen2    | Allocated | Alloc Ratio |
|------------------------------ |----------:|----------:|---------:|------:|--------:|-----:|--------:|--------:|--------:|----------:|------------:|
| 'JSON export: 10 activities'  |  34.78 μs |  4.207 μs | 0.231 μs |  1.00 |    0.01 |    2 |  0.7324 |       - |       - |  12.05 KB |        1.00 |
| 'JSON export: 50 activities'  | 168.57 μs | 28.135 μs | 1.542 μs |  4.85 |    0.05 |    4 |  3.1738 |       - |       - |  55.77 KB |        4.63 |
| 'JSON export: 200 activities' | 762.02 μs | 49.186 μs | 2.696 μs | 21.91 |    0.14 |    6 | 54.6875 | 54.6875 | 54.6875 | 219.91 KB |       18.24 |
| 'CSV export: 10 activities'   |  14.76 μs |  3.408 μs | 0.187 μs |  0.42 |    0.01 |    1 |  3.3569 |  0.2289 |       - |  54.92 KB |        4.56 |
| 'CSV export: 50 activities'   |  67.32 μs |  7.514 μs | 0.412 μs |  1.94 |    0.02 |    3 | 14.1602 |  2.3193 |       - |    233 KB |       19.33 |
| 'CSV export: 200 activities'  | 396.29 μs | 67.252 μs | 3.686 μs | 11.39 |    0.11 |    5 | 49.8047 | 49.8047 | 49.8047 | 912.45 KB |       75.69 |
// * Config Issues *

// * Warnings *
Configuration
  Summary -> The exporter CsvExporter is already present in configuration. There may be unexpected results.
  Summary -> The exporter HtmlExporter is already present in configuration. There may be unexpected results.
  Summary -> The exporter MarkdownExporter-github is already present in configuration. There may be unexpected results.

// * Legends *
  Mean        : Arithmetic mean of all measurements
  Error       : Half of 99.9% confidence interval
  StdDev      : Standard deviation of all measurements
  Ratio       : Mean of the ratio distribution ([Current]/[Baseline])
  RatioSD     : Standard deviation of the ratio distribution ([Current]/[Baseline])
  Rank        : Relative position of current benchmark mean among all benchmarks (Arabic style)
  Gen0        : GC Generation 0 collects per 1000 operations
  Gen1        : GC Generation 1 collects per 1000 operations
  Gen2        : GC Generation 2 collects per 1000 operations
  Allocated   : Allocated memory per single operation (managed only, inclusive, 1KB = 1024B)
  Alloc Ratio : Allocated memory ratio distribution ([Current]/[Baseline])
  1 μs        : 1 Microsecond (0.000001 sec)

// * Diagnostic Output - MemoryDiagnoser *


// ***** BenchmarkRunner: End *****
Run time: 00:00:41 (41.76 sec), executed benchmarks: 6

Global total time: 00:04:01 (241.44 sec), executed benchmarks: 6
// * Artifacts cleanup *
Artifacts cleanup is finished
