// Validating benchmarks:
// ***** BenchmarkRunner: Start   *****
// ***** Found 5 benchmark(s) in total *****
// ***** Building 1 exe(s) in Parallel: Start   *****
// start dotnet  restore --nodeReuse:false /p:UseSharedCompilation=false /p:Deterministic=true /p:Optimize=true /p:ArtifactsPath="/home/runner/work/Encina/Encina/tests/Encina.BenchmarkTests/Encina.Benchmarks/bin/Release/net10.0/Encina.Benchmarks-ShortRun-1/" /p:OutDir="/home/runner/work/Encina/Encina/tests/Encina.BenchmarkTests/Encina.Benchmarks/bin/Release/net10.0/Encina.Benchmarks-ShortRun-1/bin/Release/net10.0/" /p:OutputPath="/home/runner/work/Encina/Encina/tests/Encina.BenchmarkTests/Encina.Benchmarks/bin/Release/net10.0/Encina.Benchmarks-ShortRun-1/bin/Release/net10.0/" /p:PublishDir="/home/runner/work/Encina/Encina/tests/Encina.BenchmarkTests/Encina.Benchmarks/bin/Release/net10.0/Encina.Benchmarks-ShortRun-1/publish/" in /home/runner/work/Encina/Encina/tests/Encina.BenchmarkTests/Encina.Benchmarks/bin/Release/net10.0/Encina.Benchmarks-ShortRun-1
// command took 3.44 sec and exited with 0
// start dotnet  build -c Release --no-restore --nodeReuse:false /p:UseSharedCompilation=false /p:Deterministic=true /p:Optimize=true /p:ArtifactsPath="/home/runner/work/Encina/Encina/tests/Encina.BenchmarkTests/Encina.Benchmarks/bin/Release/net10.0/Encina.Benchmarks-ShortRun-1/" /p:OutDir="/home/runner/work/Encina/Encina/tests/Encina.BenchmarkTests/Encina.Benchmarks/bin/Release/net10.0/Encina.Benchmarks-ShortRun-1/bin/Release/net10.0/" /p:OutputPath="/home/runner/work/Encina/Encina/tests/Encina.BenchmarkTests/Encina.Benchmarks/bin/Release/net10.0/Encina.Benchmarks-ShortRun-1/bin/Release/net10.0/" /p:PublishDir="/home/runner/work/Encina/Encina/tests/Encina.BenchmarkTests/Encina.Benchmarks/bin/Release/net10.0/Encina.Benchmarks-ShortRun-1/publish/" --output "/home/runner/work/Encina/Encina/tests/Encina.BenchmarkTests/Encina.Benchmarks/bin/Release/net10.0/Encina.Benchmarks-ShortRun-1/bin/Release/net10.0/" in /home/runner/work/Encina/Encina/tests/Encina.BenchmarkTests/Encina.Benchmarks/bin/Release/net10.0/Encina.Benchmarks-ShortRun-1
// command took 183.43 sec and exited with 0
// ***** Done, took 00:03:07 (187.05 sec)   *****
// Found 5 benchmarks:
//   DelegateInvocationBenchmarks.CompiledDelegate: ShortRun(IterationCount=3, LaunchCount=1, WarmupCount=3)
//   DelegateInvocationBenchmarks.DirectCall: ShortRun(IterationCount=3, LaunchCount=1, WarmupCount=3)
//   DelegateInvocationBenchmarks.ExpressionCompilation: ShortRun(IterationCount=3, LaunchCount=1, WarmupCount=3)
//   DelegateInvocationBenchmarks.GenericTypeConstruction: ShortRun(IterationCount=3, LaunchCount=1, WarmupCount=3)
//   DelegateInvocationBenchmarks.MethodInfoInvoke: ShortRun(IterationCount=3, LaunchCount=1, WarmupCount=3)

// **************************
// Benchmark: DelegateInvocationBenchmarks.CompiledDelegate: ShortRun(IterationCount=3, LaunchCount=1, WarmupCount=3)
// *** Execute ***
// Launch: 1 / 1
// Execute: dotnet Encina.Benchmarks-ShortRun-1.dll --anonymousPipes 223 224 --benchmarkName Encina.Benchmarks.DelegateInvocationBenchmarks.CompiledDelegate --job ShortRun --benchmarkId 0 in /home/runner/work/Encina/Encina/tests/Encina.BenchmarkTests/Encina.Benchmarks/bin/Release/net10.0/Encina.Benchmarks-ShortRun-1/bin/Release/net10.0
// Failed to set up high priority (Permission denied). In order to run benchmarks with high priority, make sure you have the right permissions.
// BeforeAnythingElse

// Benchmark Process Environment Information:
// BenchmarkDotNet v0.15.8
// Runtime=.NET 10.0.12 (10.0.12, 10.0.1226.42308), X64 RyuJIT x86-64-v3
// GC=Concurrent Workstation
// HardwareIntrinsics=AVX2+BMI1+BMI2+F16C+FMA+LZCNT+MOVBE,AVX,SSE3+SSSE3+SSE4.1+SSE4.2+POPCNT,X86Base+SSE+SSE2,AES+PCLMUL VectorSize=256
// Job: ShortRun(IterationCount=3, LaunchCount=1, WarmupCount=3)

OverheadJitting  1: 1 op, 214081.00 ns, 214.0810 us/op
WorkloadJitting  1: 1 op, 5367046.00 ns, 5.3670 ms/op

OverheadJitting  2: 16 op, 203751.00 ns, 12.7344 us/op
WorkloadJitting  2: 16 op, 237695.00 ns, 14.8559 us/op

WorkloadPilot    1: 16 op, 2775.00 ns, 173.4375 ns/op
WorkloadPilot    2: 32 op, 3156.00 ns, 98.6250 ns/op
WorkloadPilot    3: 64 op, 18836.00 ns, 294.3125 ns/op
WorkloadPilot    4: 128 op, 37510.00 ns, 293.0469 ns/op
WorkloadPilot    5: 256 op, 55224.00 ns, 215.7188 ns/op
WorkloadPilot    6: 512 op, 47379.00 ns, 92.5371 ns/op
WorkloadPilot    7: 1024 op, 104947.00 ns, 102.4873 ns/op
WorkloadPilot    8: 2048 op, 197450.00 ns, 96.4111 ns/op
WorkloadPilot    9: 4096 op, 272920.00 ns, 66.6309 ns/op
WorkloadPilot   10: 8192 op, 642042.00 ns, 78.3743 ns/op
WorkloadPilot   11: 16384 op, 1369954.00 ns, 83.6154 ns/op
WorkloadPilot   12: 32768 op, 2623290.00 ns, 80.0565 ns/op
WorkloadPilot   13: 65536 op, 5139509.00 ns, 78.4227 ns/op
WorkloadPilot   14: 131072 op, 10444048.00 ns, 79.6818 ns/op
WorkloadPilot   15: 262144 op, 11468265.00 ns, 43.7480 ns/op
WorkloadPilot   16: 524288 op, 19962985.00 ns, 38.0764 ns/op
WorkloadPilot   17: 1048576 op, 39787711.00 ns, 37.9445 ns/op
WorkloadPilot   18: 2097152 op, 80627932.00 ns, 38.4464 ns/op
WorkloadPilot   19: 4194304 op, 157179114.00 ns, 37.4744 ns/op
WorkloadPilot   20: 8388608 op, 315400257.00 ns, 37.5986 ns/op
WorkloadPilot   21: 16777216 op, 631646497.00 ns, 37.6491 ns/op

OverheadWarmup   1: 16777216 op, 27477400.00 ns, 1.6378 ns/op
OverheadWarmup   2: 16777216 op, 27485505.00 ns, 1.6383 ns/op
OverheadWarmup   3: 16777216 op, 27423188.00 ns, 1.6345 ns/op
OverheadWarmup   4: 16777216 op, 27411176.00 ns, 1.6338 ns/op
OverheadWarmup   5: 16777216 op, 27437415.00 ns, 1.6354 ns/op
OverheadWarmup   6: 16777216 op, 27407819.00 ns, 1.6336 ns/op

OverheadActual   1: 16777216 op, 27451201.00 ns, 1.6362 ns/op
OverheadActual   2: 16777216 op, 27456260.00 ns, 1.6365 ns/op
OverheadActual   3: 16777216 op, 27480525.00 ns, 1.6380 ns/op
OverheadActual   4: 16777216 op, 27488019.00 ns, 1.6384 ns/op
OverheadActual   5: 16777216 op, 27467561.00 ns, 1.6372 ns/op
OverheadActual   6: 16777216 op, 27445079.00 ns, 1.6359 ns/op
OverheadActual   7: 16777216 op, 27477329.00 ns, 1.6378 ns/op
OverheadActual   8: 16777216 op, 27492388.00 ns, 1.6387 ns/op
OverheadActual   9: 16777216 op, 27414652.00 ns, 1.6340 ns/op
OverheadActual  10: 16777216 op, 27422677.00 ns, 1.6345 ns/op
OverheadActual  11: 16777216 op, 27416897.00 ns, 1.6342 ns/op
OverheadActual  12: 16777216 op, 27422056.00 ns, 1.6345 ns/op
OverheadActual  13: 16777216 op, 27448375.00 ns, 1.6361 ns/op
OverheadActual  14: 16777216 op, 27416435.00 ns, 1.6341 ns/op
OverheadActual  15: 16777216 op, 27416105.00 ns, 1.6341 ns/op

WorkloadWarmup   1: 16777216 op, 639626033.00 ns, 38.1247 ns/op
WorkloadWarmup   2: 16777216 op, 637348009.00 ns, 37.9889 ns/op
WorkloadWarmup   3: 16777216 op, 632867714.00 ns, 37.7219 ns/op

// BeforeActualRun
WorkloadActual   1: 16777216 op, 632634587.00 ns, 37.7080 ns/op
WorkloadActual   2: 16777216 op, 632742438.00 ns, 37.7144 ns/op
WorkloadActual   3: 16777216 op, 635206070.00 ns, 37.8612 ns/op

// AfterActualRun
WorkloadResult   1: 16777216 op, 605186212.00 ns, 36.0719 ns/op
WorkloadResult   2: 16777216 op, 605294063.00 ns, 36.0783 ns/op
WorkloadResult   3: 16777216 op, 607757695.00 ns, 36.2252 ns/op
// GC:  112 0 0 1879048192 16777216
// Threading:  0 0 16777216

// AfterAll
// Benchmark Process 3877 has exited with code 0.

Mean = 36.125 ns, StdErr = 0.050 ns (0.14%), N = 3, StdDev = 0.087 ns
Min = 36.072 ns, Q1 = 36.075 ns, Median = 36.078 ns, Q3 = 36.152 ns, Max = 36.225 ns
IQR = 0.077 ns, LowerFence = 35.960 ns, UpperFence = 36.267 ns
ConfidenceInterval = [34.543 ns; 37.707 ns] (CI 99.9%), Margin = 1.582 ns (4.38% of Mean)
Skewness = 0.38, Kurtosis = 0.67, MValue = 2

// ** Remained 4 (80.0 %) benchmark(s) to run. Estimated finish 2026-10-10 22:28 (0h 0m from now) **
// **************************
// Benchmark: DelegateInvocationBenchmarks.DirectCall: ShortRun(IterationCount=3, LaunchCount=1, WarmupCount=3)
// *** Execute ***
// Launch: 1 / 1
// Execute: dotnet Encina.Benchmarks-ShortRun-1.dll --anonymousPipes 223 224 --benchmarkName Encina.Benchmarks.DelegateInvocationBenchmarks.DirectCall --job ShortRun --benchmarkId 1 in /home/runner/work/Encina/Encina/tests/Encina.BenchmarkTests/Encina.Benchmarks/bin/Release/net10.0/Encina.Benchmarks-ShortRun-1/bin/Release/net10.0
// Failed to set up high priority (Permission denied). In order to run benchmarks with high priority, make sure you have the right permissions.
// BeforeAnythingElse

// Benchmark Process Environment Information:
// BenchmarkDotNet v0.15.8
// Runtime=.NET 10.0.12 (10.0.12, 10.0.1226.42308), X64 RyuJIT x86-64-v3
// GC=Concurrent Workstation
// HardwareIntrinsics=AVX2+BMI1+BMI2+F16C+FMA+LZCNT+MOVBE,AVX,SSE3+SSSE3+SSE4.1+SSE4.2+POPCNT,X86Base+SSE+SSE2,AES+PCLMUL VectorSize=256
// Job: ShortRun(IterationCount=3, LaunchCount=1, WarmupCount=3)

OverheadJitting  1: 1000 op, 239217.00 ns, 239.2170 ns/op
WorkloadJitting  1: 1000 op, 5384728.00 ns, 5.3847 us/op

OverheadJitting  2: 16000 op, 225662.00 ns, 14.1039 ns/op
WorkloadJitting  2: 16000 op, 1601347.00 ns, 100.0842 ns/op

WorkloadPilot    1: 16000 op, 1225995.00 ns, 76.6247 ns/op
WorkloadPilot    2: 32000 op, 1813905.00 ns, 56.6845 ns/op
WorkloadPilot    3: 64000 op, 3566686.00 ns, 55.7295 ns/op
WorkloadPilot    4: 128000 op, 7751398.00 ns, 60.5578 ns/op
WorkloadPilot    5: 256000 op, 11307925.00 ns, 44.1716 ns/op
WorkloadPilot    6: 512000 op, 14963637.00 ns, 29.2259 ns/op
WorkloadPilot    7: 1024000 op, 29056263.00 ns, 28.3753 ns/op
WorkloadPilot    8: 2048000 op, 58403210.00 ns, 28.5172 ns/op
WorkloadPilot    9: 4096000 op, 116214332.00 ns, 28.3726 ns/op
WorkloadPilot   10: 8192000 op, 230980974.00 ns, 28.1959 ns/op
WorkloadPilot   11: 16384000 op, 461962841.00 ns, 28.1960 ns/op
WorkloadPilot   12: 32768000 op, 924417192.00 ns, 28.2110 ns/op

OverheadWarmup   1: 32768000 op, 72555.00 ns, 0.0022 ns/op
OverheadWarmup   2: 32768000 op, 69130.00 ns, 0.0021 ns/op
OverheadWarmup   3: 32768000 op, 81923.00 ns, 0.0025 ns/op
OverheadWarmup   4: 32768000 op, 63128.00 ns, 0.0019 ns/op
OverheadWarmup   5: 32768000 op, 70763.00 ns, 0.0022 ns/op
OverheadWarmup   6: 32768000 op, 68458.00 ns, 0.0021 ns/op

OverheadActual   1: 32768000 op, 73087.00 ns, 0.0022 ns/op
OverheadActual   2: 32768000 op, 68739.00 ns, 0.0021 ns/op
OverheadActual   3: 32768000 op, 73017.00 ns, 0.0022 ns/op
OverheadActual   4: 32768000 op, 65592.00 ns, 0.0020 ns/op
OverheadActual   5: 32768000 op, 68188.00 ns, 0.0021 ns/op
OverheadActual   6: 32768000 op, 53491.00 ns, 0.0016 ns/op
OverheadActual   7: 32768000 op, 53520.00 ns, 0.0016 ns/op
OverheadActual   8: 32768000 op, 53511.00 ns, 0.0016 ns/op
OverheadActual   9: 32768000 op, 53470.00 ns, 0.0016 ns/op
OverheadActual  10: 32768000 op, 53520.00 ns, 0.0016 ns/op
OverheadActual  11: 32768000 op, 53570.00 ns, 0.0016 ns/op
OverheadActual  12: 32768000 op, 56977.00 ns, 0.0017 ns/op
OverheadActual  13: 32768000 op, 53470.00 ns, 0.0016 ns/op
OverheadActual  14: 32768000 op, 53510.00 ns, 0.0016 ns/op
OverheadActual  15: 32768000 op, 53460.00 ns, 0.0016 ns/op
OverheadActual  16: 32768000 op, 53530.00 ns, 0.0016 ns/op
OverheadActual  17: 32768000 op, 53490.00 ns, 0.0016 ns/op
OverheadActual  18: 32768000 op, 53500.00 ns, 0.0016 ns/op
OverheadActual  19: 32768000 op, 53510.00 ns, 0.0016 ns/op
OverheadActual  20: 32768000 op, 53520.00 ns, 0.0016 ns/op

WorkloadWarmup   1: 32768000 op, 932198115.00 ns, 28.4484 ns/op
WorkloadWarmup   2: 32768000 op, 929630860.00 ns, 28.3701 ns/op
WorkloadWarmup   3: 32768000 op, 928312993.00 ns, 28.3299 ns/op

// BeforeActualRun
WorkloadActual   1: 32768000 op, 927806926.00 ns, 28.3144 ns/op
WorkloadActual   2: 32768000 op, 925845325.00 ns, 28.2546 ns/op
WorkloadActual   3: 32768000 op, 925726131.00 ns, 28.2509 ns/op

// AfterActualRun
WorkloadResult   1: 32768000 op, 927753406.00 ns, 28.3128 ns/op
WorkloadResult   2: 32768000 op, 925791805.00 ns, 28.2529 ns/op
WorkloadResult   3: 32768000 op, 925672611.00 ns, 28.2493 ns/op
// GC:  219 0 0 3670016000 32768000
// Threading:  0 0 32768000

// AfterAll
// Benchmark Process 3886 has exited with code 0.

Mean = 28.272 ns, StdErr = 0.021 ns (0.07%), N = 3, StdDev = 0.036 ns
Min = 28.249 ns, Q1 = 28.251 ns, Median = 28.253 ns, Q3 = 28.283 ns, Max = 28.313 ns
IQR = 0.032 ns, LowerFence = 28.203 ns, UpperFence = 28.330 ns
ConfidenceInterval = [27.621 ns; 28.922 ns] (CI 99.9%), Margin = 0.651 ns (2.30% of Mean)
Skewness = 0.38, Kurtosis = 0.67, MValue = 2

// ** Remained 3 (60.0 %) benchmark(s) to run. Estimated finish 2026-10-10 22:28 (0h 0m from now) **
// **************************
// Benchmark: DelegateInvocationBenchmarks.ExpressionCompilation: ShortRun(IterationCount=3, LaunchCount=1, WarmupCount=3)
// *** Execute ***
// Launch: 1 / 1
// Execute: dotnet Encina.Benchmarks-ShortRun-1.dll --anonymousPipes 223 224 --benchmarkName Encina.Benchmarks.DelegateInvocationBenchmarks.ExpressionCompilation --job ShortRun --benchmarkId 2 in /home/runner/work/Encina/Encina/tests/Encina.BenchmarkTests/Encina.Benchmarks/bin/Release/net10.0/Encina.Benchmarks-ShortRun-1/bin/Release/net10.0
// Failed to set up high priority (Permission denied). In order to run benchmarks with high priority, make sure you have the right permissions.
// BeforeAnythingElse

// Benchmark Process Environment Information:
// BenchmarkDotNet v0.15.8
// Runtime=.NET 10.0.12 (10.0.12, 10.0.1226.42308), X64 RyuJIT x86-64-v3
// GC=Concurrent Workstation
// HardwareIntrinsics=AVX2+BMI1+BMI2+F16C+FMA+LZCNT+MOVBE,AVX,SSE3+SSSE3+SSE4.1+SSE4.2+POPCNT,X86Base+SSE+SSE2,AES+PCLMUL VectorSize=256
// Job: ShortRun(IterationCount=3, LaunchCount=1, WarmupCount=3)

OverheadJitting  1: 1 op, 238907.00 ns, 238.9070 us/op
WorkloadJitting  1: 1 op, 514212.00 ns, 514.2120 us/op

OverheadJitting  2: 16 op, 515765.00 ns, 32.2353 us/op
WorkloadJitting  2: 16 op, 2154132.00 ns, 134.6333 us/op

WorkloadPilot    1: 16 op, 1620393.00 ns, 101.2746 us/op
WorkloadPilot    2: 32 op, 2886492.00 ns, 90.2029 us/op
WorkloadPilot    3: 64 op, 5885576.00 ns, 91.9621 us/op
WorkloadPilot    4: 128 op, 11871008.00 ns, 92.7423 us/op
WorkloadPilot    5: 256 op, 23591285.00 ns, 92.1535 us/op
WorkloadPilot    6: 512 op, 48724835.00 ns, 95.1657 us/op
WorkloadPilot    7: 1024 op, 94796246.00 ns, 92.5745 us/op
WorkloadPilot    8: 2048 op, 189545120.00 ns, 92.5513 us/op
WorkloadPilot    9: 4096 op, 379295729.00 ns, 92.6015 us/op
WorkloadPilot   10: 8192 op, 743011198.00 ns, 90.6996 us/op

OverheadWarmup   1: 8192 op, 40937.00 ns, 4.9972 ns/op
OverheadWarmup   2: 8192 op, 40136.00 ns, 4.8994 ns/op
OverheadWarmup   3: 8192 op, 38102.00 ns, 4.6511 ns/op
OverheadWarmup   4: 8192 op, 38733.00 ns, 4.7281 ns/op
OverheadWarmup   5: 8192 op, 39164.00 ns, 4.7808 ns/op
OverheadWarmup   6: 8192 op, 37711.00 ns, 4.6034 ns/op
OverheadWarmup   7: 8192 op, 42530.00 ns, 5.1917 ns/op
OverheadWarmup   8: 8192 op, 42219.00 ns, 5.1537 ns/op

OverheadActual   1: 8192 op, 46607.00 ns, 5.6893 ns/op
OverheadActual   2: 8192 op, 43041.00 ns, 5.2540 ns/op
OverheadActual   3: 8192 op, 37981.00 ns, 4.6364 ns/op
OverheadActual   4: 8192 op, 38762.00 ns, 4.7317 ns/op
OverheadActual   5: 8192 op, 27401.00 ns, 3.3448 ns/op
OverheadActual   6: 8192 op, 44743.00 ns, 5.4618 ns/op
OverheadActual   7: 8192 op, 42299.00 ns, 5.1635 ns/op
OverheadActual   8: 8192 op, 37480.00 ns, 4.5752 ns/op
OverheadActual   9: 8192 op, 37180.00 ns, 4.5386 ns/op
OverheadActual  10: 8192 op, 42680.00 ns, 5.2100 ns/op
OverheadActual  11: 8192 op, 57798.00 ns, 7.0554 ns/op
OverheadActual  12: 8192 op, 42500.00 ns, 5.1880 ns/op
OverheadActual  13: 8192 op, 42580.00 ns, 5.1978 ns/op
OverheadActual  14: 8192 op, 42430.00 ns, 5.1794 ns/op
OverheadActual  15: 8192 op, 37450.00 ns, 4.5715 ns/op
OverheadActual  16: 8192 op, 37170.00 ns, 4.5374 ns/op
OverheadActual  17: 8192 op, 42749.00 ns, 5.2184 ns/op
OverheadActual  18: 8192 op, 43411.00 ns, 5.2992 ns/op
OverheadActual  19: 8192 op, 42350.00 ns, 5.1697 ns/op
OverheadActual  20: 8192 op, 37700.00 ns, 4.6021 ns/op

WorkloadWarmup   1: 8192 op, 750585414.00 ns, 91.6242 us/op
WorkloadWarmup   2: 8192 op, 732889703.00 ns, 89.4641 us/op
WorkloadWarmup   3: 8192 op, 729955030.00 ns, 89.1058 us/op

// BeforeActualRun
WorkloadActual   1: 8192 op, 732735304.00 ns, 89.4452 us/op
WorkloadActual   2: 8192 op, 731322111.00 ns, 89.2727 us/op
WorkloadActual   3: 8192 op, 726657970.00 ns, 88.7034 us/op

// AfterActualRun
WorkloadResult   1: 8192 op, 732692914.00 ns, 89.4401 us/op
WorkloadResult   2: 8192 op, 731279721.00 ns, 89.2675 us/op
WorkloadResult   3: 8192 op, 726615580.00 ns, 88.6982 us/op
// GC:  2 1 0 43211496 8192
// Threading:  0 0 8192

// AfterAll
// Benchmark Process 3893 has exited with code 0.

Mean = 89.135 μs, StdErr = 0.224 μs (0.25%), N = 3, StdDev = 0.388 μs
Min = 88.698 μs, Q1 = 88.983 μs, Median = 89.268 μs, Q3 = 89.354 μs, Max = 89.440 μs
IQR = 0.371 μs, LowerFence = 88.426 μs, UpperFence = 89.910 μs
ConfidenceInterval = [82.053 μs; 96.218 μs] (CI 99.9%), Margin = 7.083 μs (7.95% of Mean)
Skewness = -0.3, Kurtosis = 0.67, MValue = 2

// ** Remained 2 (40.0 %) benchmark(s) to run. Estimated finish 2026-10-10 22:28 (0h 0m from now) **
// **************************
// Benchmark: DelegateInvocationBenchmarks.GenericTypeConstruction: ShortRun(IterationCount=3, LaunchCount=1, WarmupCount=3)
// *** Execute ***
// Launch: 1 / 1
// Execute: dotnet Encina.Benchmarks-ShortRun-1.dll --anonymousPipes 223 224 --benchmarkName Encina.Benchmarks.DelegateInvocationBenchmarks.GenericTypeConstruction --job ShortRun --benchmarkId 3 in /home/runner/work/Encina/Encina/tests/Encina.BenchmarkTests/Encina.Benchmarks/bin/Release/net10.0/Encina.Benchmarks-ShortRun-1/bin/Release/net10.0
// Failed to set up high priority (Permission denied). In order to run benchmarks with high priority, make sure you have the right permissions.
// BeforeAnythingElse

// Benchmark Process Environment Information:
// BenchmarkDotNet v0.15.8
// Runtime=.NET 10.0.12 (10.0.12, 10.0.1226.42308), X64 RyuJIT x86-64-v3
// GC=Concurrent Workstation
// HardwareIntrinsics=AVX2+BMI1+BMI2+F16C+FMA+LZCNT+MOVBE,AVX,SSE3+SSSE3+SSE4.1+SSE4.2+POPCNT,X86Base+SSE+SSE2,AES+PCLMUL VectorSize=256
// Job: ShortRun(IterationCount=3, LaunchCount=1, WarmupCount=3)

OverheadJitting  1: 1 op, 216305.00 ns, 216.3050 us/op
WorkloadJitting  1: 1 op, 5477632.00 ns, 5.4776 ms/op

OverheadJitting  2: 16 op, 204363.00 ns, 12.7727 us/op
WorkloadJitting  2: 16 op, 531815.00 ns, 33.2384 us/op

WorkloadPilot    1: 16 op, 222116.00 ns, 13.8823 us/op
WorkloadPilot    2: 32 op, 199043.00 ns, 6.2201 us/op
WorkloadPilot    3: 64 op, 192380.00 ns, 3.0059 us/op
WorkloadPilot    4: 128 op, 231253.00 ns, 1.8067 us/op
WorkloadPilot    5: 256 op, 226094.00 ns, 883.1797 ns/op
WorkloadPilot    6: 512 op, 284052.00 ns, 554.7891 ns/op
WorkloadPilot    7: 1024 op, 400219.00 ns, 390.8389 ns/op
WorkloadPilot    8: 2048 op, 520664.00 ns, 254.2305 ns/op
WorkloadPilot    9: 4096 op, 944698.00 ns, 230.6392 ns/op
WorkloadPilot   10: 8192 op, 1684212.00 ns, 205.5923 ns/op
WorkloadPilot   11: 16384 op, 3165706.00 ns, 193.2194 ns/op
WorkloadPilot   12: 32768 op, 6273922.00 ns, 191.4649 ns/op
WorkloadPilot   13: 65536 op, 12968502.00 ns, 197.8836 ns/op
WorkloadPilot   14: 131072 op, 24477493.00 ns, 186.7485 ns/op
WorkloadPilot   15: 262144 op, 36584634.00 ns, 139.5593 ns/op
WorkloadPilot   16: 524288 op, 71519139.00 ns, 136.4119 ns/op
WorkloadPilot   17: 1048576 op, 141864460.00 ns, 135.2925 ns/op
WorkloadPilot   18: 2097152 op, 281881494.00 ns, 134.4116 ns/op
WorkloadPilot   19: 4194304 op, 564618517.00 ns, 134.6155 ns/op

OverheadWarmup   1: 4194304 op, 6881400.00 ns, 1.6407 ns/op
OverheadWarmup   2: 4194304 op, 6892480.00 ns, 1.6433 ns/op
OverheadWarmup   3: 4194304 op, 6875579.00 ns, 1.6393 ns/op
OverheadWarmup   4: 4194304 op, 6875919.00 ns, 1.6393 ns/op
OverheadWarmup   5: 4194304 op, 6879887.00 ns, 1.6403 ns/op
OverheadWarmup   6: 4194304 op, 6863506.00 ns, 1.6364 ns/op

OverheadActual   1: 4194304 op, 6898923.00 ns, 1.6448 ns/op
OverheadActual   2: 4194304 op, 6890136.00 ns, 1.6427 ns/op
OverheadActual   3: 4194304 op, 6914271.00 ns, 1.6485 ns/op
OverheadActual   4: 4194304 op, 6896278.00 ns, 1.6442 ns/op
OverheadActual   5: 4194304 op, 6911556.00 ns, 1.6478 ns/op
OverheadActual   6: 4194304 op, 6879947.00 ns, 1.6403 ns/op
OverheadActual   7: 4194304 op, 6884947.00 ns, 1.6415 ns/op
OverheadActual   8: 4194304 op, 6865840.00 ns, 1.6369 ns/op
OverheadActual   9: 4194304 op, 6901448.00 ns, 1.6454 ns/op
OverheadActual  10: 4194304 op, 6889254.00 ns, 1.6425 ns/op
OverheadActual  11: 4194304 op, 6954517.00 ns, 1.6581 ns/op
OverheadActual  12: 4194304 op, 6863977.00 ns, 1.6365 ns/op
OverheadActual  13: 4194304 op, 6852465.00 ns, 1.6338 ns/op
OverheadActual  14: 4194304 op, 8364034.00 ns, 1.9941 ns/op
OverheadActual  15: 4194304 op, 6878735.00 ns, 1.6400 ns/op

WorkloadWarmup   1: 4194304 op, 572123634.00 ns, 136.4049 ns/op
WorkloadWarmup   2: 4194304 op, 572456557.00 ns, 136.4843 ns/op
WorkloadWarmup   3: 4194304 op, 565159209.00 ns, 134.7445 ns/op

// BeforeActualRun
WorkloadActual   1: 4194304 op, 565616856.00 ns, 134.8536 ns/op
WorkloadActual   2: 4194304 op, 565312035.00 ns, 134.7809 ns/op
WorkloadActual   3: 4194304 op, 564944628.00 ns, 134.6933 ns/op

// AfterActualRun
WorkloadResult   1: 4194304 op, 558726720.00 ns, 133.2108 ns/op
WorkloadResult   2: 4194304 op, 558421899.00 ns, 133.1382 ns/op
WorkloadResult   3: 4194304 op, 558054492.00 ns, 133.0506 ns/op
// GC:  44 0 0 738200352 4194304
// Threading:  0 0 4194304

// AfterAll
// Benchmark Process 3902 has exited with code 0.

Mean = 133.133 ns, StdErr = 0.046 ns (0.03%), N = 3, StdDev = 0.080 ns
Min = 133.051 ns, Q1 = 133.094 ns, Median = 133.138 ns, Q3 = 133.174 ns, Max = 133.211 ns
IQR = 0.080 ns, LowerFence = 132.974 ns, UpperFence = 133.295 ns
ConfidenceInterval = [131.669 ns; 134.597 ns] (CI 99.9%), Margin = 1.464 ns (1.10% of Mean)
Skewness = -0.06, Kurtosis = 0.67, MValue = 2

// ** Remained 1 (20.0 %) benchmark(s) to run. Estimated finish 2026-10-10 22:28 (0h 0m from now) **
// **************************
// Benchmark: DelegateInvocationBenchmarks.MethodInfoInvoke: ShortRun(IterationCount=3, LaunchCount=1, WarmupCount=3)
// *** Execute ***
// Launch: 1 / 1
// Execute: dotnet Encina.Benchmarks-ShortRun-1.dll --anonymousPipes 223 224 --benchmarkName Encina.Benchmarks.DelegateInvocationBenchmarks.MethodInfoInvoke --job ShortRun --benchmarkId 4 in /home/runner/work/Encina/Encina/tests/Encina.BenchmarkTests/Encina.Benchmarks/bin/Release/net10.0/Encina.Benchmarks-ShortRun-1/bin/Release/net10.0
// Failed to set up high priority (Permission denied). In order to run benchmarks with high priority, make sure you have the right permissions.
// BeforeAnythingElse

// Benchmark Process Environment Information:
// BenchmarkDotNet v0.15.8
// Runtime=.NET 10.0.12 (10.0.12, 10.0.1226.42308), X64 RyuJIT x86-64-v3
// GC=Concurrent Workstation
// HardwareIntrinsics=AVX2+BMI1+BMI2+F16C+FMA+LZCNT+MOVBE,AVX,SSE3+SSSE3+SSE4.1+SSE4.2+POPCNT,X86Base+SSE+SSE2,AES+PCLMUL VectorSize=256
// Job: ShortRun(IterationCount=3, LaunchCount=1, WarmupCount=3)

OverheadJitting  1: 1 op, 243926.00 ns, 243.9260 us/op
WorkloadJitting  1: 1 op, 5372796.00 ns, 5.3728 ms/op

OverheadJitting  2: 16 op, 204883.00 ns, 12.8052 us/op
WorkloadJitting  2: 16 op, 474388.00 ns, 29.6493 us/op

WorkloadPilot    1: 16 op, 5641.00 ns, 352.5625 ns/op
WorkloadPilot    2: 32 op, 21300.00 ns, 665.6250 ns/op
WorkloadPilot    3: 64 op, 23003.00 ns, 359.4219 ns/op
WorkloadPilot    4: 128 op, 37891.00 ns, 296.0234 ns/op
WorkloadPilot    5: 256 op, 54522.00 ns, 212.9766 ns/op
WorkloadPilot    6: 512 op, 94065.00 ns, 183.7207 ns/op
WorkloadPilot    7: 1024 op, 204883.00 ns, 200.0811 ns/op
WorkloadPilot    8: 2048 op, 254817.00 ns, 124.4224 ns/op
WorkloadPilot    9: 4096 op, 588832.00 ns, 143.7578 ns/op
WorkloadPilot   10: 8192 op, 1225093.00 ns, 149.5475 ns/op
WorkloadPilot   11: 16384 op, 2536828.00 ns, 154.8357 ns/op
WorkloadPilot   12: 32768 op, 4927403.00 ns, 150.3724 ns/op
WorkloadPilot   13: 65536 op, 9737014.00 ns, 148.5750 ns/op
WorkloadPilot   14: 131072 op, 14355118.00 ns, 109.5209 ns/op
WorkloadPilot   15: 262144 op, 20600346.00 ns, 78.5841 ns/op
WorkloadPilot   16: 524288 op, 43024747.00 ns, 82.0632 ns/op
WorkloadPilot   17: 1048576 op, 81471365.00 ns, 77.6971 ns/op
WorkloadPilot   18: 2097152 op, 160978034.00 ns, 76.7603 ns/op
WorkloadPilot   19: 4194304 op, 321316581.00 ns, 76.6078 ns/op
WorkloadPilot   20: 8388608 op, 642876058.00 ns, 76.6368 ns/op

OverheadWarmup   1: 8388608 op, 13711804.00 ns, 1.6346 ns/op
OverheadWarmup   2: 8388608 op, 13724748.00 ns, 1.6361 ns/op
OverheadWarmup   3: 8388608 op, 13738494.00 ns, 1.6378 ns/op
OverheadWarmup   4: 8388608 op, 13742822.00 ns, 1.6383 ns/op
OverheadWarmup   5: 8388608 op, 13907480.00 ns, 1.6579 ns/op
OverheadWarmup   6: 8388608 op, 13789479.00 ns, 1.6438 ns/op
OverheadWarmup   7: 8388608 op, 13715841.00 ns, 1.6351 ns/op
OverheadWarmup   8: 8388608 op, 13750386.00 ns, 1.6392 ns/op
OverheadWarmup   9: 8388608 op, 13722905.00 ns, 1.6359 ns/op

OverheadActual   1: 8388608 op, 13779460.00 ns, 1.6426 ns/op
OverheadActual   2: 8388608 op, 13758902.00 ns, 1.6402 ns/op
OverheadActual   3: 8388608 op, 13762889.00 ns, 1.6407 ns/op
OverheadActual   4: 8388608 op, 13756817.00 ns, 1.6399 ns/op
OverheadActual   5: 8388608 op, 13776365.00 ns, 1.6423 ns/op
OverheadActual   6: 8388608 op, 13715080.00 ns, 1.6350 ns/op
OverheadActual   7: 8388608 op, 13755726.00 ns, 1.6398 ns/op
OverheadActual   8: 8388608 op, 13713476.00 ns, 1.6348 ns/op
OverheadActual   9: 8388608 op, 13724238.00 ns, 1.6361 ns/op
OverheadActual  10: 8388608 op, 13714569.00 ns, 1.6349 ns/op
OverheadActual  11: 8388608 op, 13710842.00 ns, 1.6345 ns/op
OverheadActual  12: 8388608 op, 13728474.00 ns, 1.6366 ns/op
OverheadActual  13: 8388608 op, 13702967.00 ns, 1.6335 ns/op
OverheadActual  14: 8388608 op, 13724578.00 ns, 1.6361 ns/op
OverheadActual  15: 8388608 op, 13714358.00 ns, 1.6349 ns/op

WorkloadWarmup   1: 8388608 op, 651875083.00 ns, 77.7096 ns/op
WorkloadWarmup   2: 8388608 op, 648635905.00 ns, 77.3234 ns/op
WorkloadWarmup   3: 8388608 op, 641699268.00 ns, 76.4965 ns/op

// BeforeActualRun
WorkloadActual   1: 8388608 op, 644517253.00 ns, 76.8324 ns/op
WorkloadActual   2: 8388608 op, 644812536.00 ns, 76.8676 ns/op
WorkloadActual   3: 8388608 op, 642202961.00 ns, 76.5566 ns/op

// AfterActualRun
WorkloadResult   1: 8388608 op, 630792675.00 ns, 75.1963 ns/op
WorkloadResult   2: 8388608 op, 631087958.00 ns, 75.2315 ns/op
WorkloadResult   3: 8388608 op, 628478383.00 ns, 74.9205 ns/op
// GC:  88 0 0 1476395008 8388608
// Threading:  0 0 8388608

// AfterAll
// Benchmark Process 3908 has exited with code 0.

Mean = 75.116 ns, StdErr = 0.098 ns (0.13%), N = 3, StdDev = 0.170 ns
Min = 74.920 ns, Q1 = 75.058 ns, Median = 75.196 ns, Q3 = 75.214 ns, Max = 75.232 ns
IQR = 0.156 ns, LowerFence = 74.825 ns, UpperFence = 75.447 ns
ConfidenceInterval = [72.008 ns; 78.224 ns] (CI 99.9%), Margin = 3.108 ns (4.14% of Mean)
Skewness = -0.37, Kurtosis = 0.67, MValue = 2

// ** Remained 0 (0.0 %) benchmark(s) to run. Estimated finish 2026-10-10 22:28 (0h 0m from now) **
// ***** BenchmarkRunner: Finish  *****

// * Export *
  artifacts/performance/Core/results/Encina.Benchmarks.DelegateInvocationBenchmarks-report.csv
  artifacts/performance/Core/results/Encina.Benchmarks.DelegateInvocationBenchmarks-report-github.md
  artifacts/performance/Core/results/Encina.Benchmarks.DelegateInvocationBenchmarks-report.html
  artifacts/performance/Core/results/Encina.Benchmarks.DelegateInvocationBenchmarks-report-full-compressed.json

// * Detailed results *
DelegateInvocationBenchmarks.CompiledDelegate: ShortRun(IterationCount=3, LaunchCount=1, WarmupCount=3)
Runtime = .NET 10.0.12 (10.0.12, 10.0.1226.42308), X64 RyuJIT x86-64-v3; GC = Concurrent Workstation
Mean = 36.125 ns, StdErr = 0.050 ns (0.14%), N = 3, StdDev = 0.087 ns
Min = 36.072 ns, Q1 = 36.075 ns, Median = 36.078 ns, Q3 = 36.152 ns, Max = 36.225 ns
IQR = 0.077 ns, LowerFence = 35.960 ns, UpperFence = 36.267 ns
ConfidenceInterval = [34.543 ns; 37.707 ns] (CI 99.9%), Margin = 1.582 ns (4.38% of Mean)
Skewness = 0.38, Kurtosis = 0.67, MValue = 2
-------------------- Histogram --------------------
[36.070 ns ; 36.227 ns) | @@@
---------------------------------------------------

DelegateInvocationBenchmarks.DirectCall: ShortRun(IterationCount=3, LaunchCount=1, WarmupCount=3)
Runtime = .NET 10.0.12 (10.0.12, 10.0.1226.42308), X64 RyuJIT x86-64-v3; GC = Concurrent Workstation
Mean = 28.272 ns, StdErr = 0.021 ns (0.07%), N = 3, StdDev = 0.036 ns
Min = 28.249 ns, Q1 = 28.251 ns, Median = 28.253 ns, Q3 = 28.283 ns, Max = 28.313 ns
IQR = 0.032 ns, LowerFence = 28.203 ns, UpperFence = 28.330 ns
ConfidenceInterval = [27.621 ns; 28.922 ns] (CI 99.9%), Margin = 0.651 ns (2.30% of Mean)
Skewness = 0.38, Kurtosis = 0.67, MValue = 2
-------------------- Histogram --------------------
[28.249 ns ; 28.314 ns) | @@@
---------------------------------------------------

DelegateInvocationBenchmarks.ExpressionCompilation: ShortRun(IterationCount=3, LaunchCount=1, WarmupCount=3)
Runtime = .NET 10.0.12 (10.0.12, 10.0.1226.42308), X64 RyuJIT x86-64-v3; GC = Concurrent Workstation
Mean = 89.135 μs, StdErr = 0.224 μs (0.25%), N = 3, StdDev = 0.388 μs
Min = 88.698 μs, Q1 = 88.983 μs, Median = 89.268 μs, Q3 = 89.354 μs, Max = 89.440 μs
IQR = 0.371 μs, LowerFence = 88.426 μs, UpperFence = 89.910 μs
ConfidenceInterval = [82.053 μs; 96.218 μs] (CI 99.9%), Margin = 7.083 μs (7.95% of Mean)
Skewness = -0.3, Kurtosis = 0.67, MValue = 2
-------------------- Histogram --------------------
[88.345 μs ; 89.793 μs) | @@@
---------------------------------------------------

DelegateInvocationBenchmarks.GenericTypeConstruction: ShortRun(IterationCount=3, LaunchCount=1, WarmupCount=3)
Runtime = .NET 10.0.12 (10.0.12, 10.0.1226.42308), X64 RyuJIT x86-64-v3; GC = Concurrent Workstation
Mean = 133.133 ns, StdErr = 0.046 ns (0.03%), N = 3, StdDev = 0.080 ns
Min = 133.051 ns, Q1 = 133.094 ns, Median = 133.138 ns, Q3 = 133.174 ns, Max = 133.211 ns
IQR = 0.080 ns, LowerFence = 132.974 ns, UpperFence = 133.295 ns
ConfidenceInterval = [131.669 ns; 134.597 ns] (CI 99.9%), Margin = 1.464 ns (1.10% of Mean)
Skewness = -0.06, Kurtosis = 0.67, MValue = 2
-------------------- Histogram --------------------
[132.978 ns ; 133.284 ns) | @@@
---------------------------------------------------

DelegateInvocationBenchmarks.MethodInfoInvoke: ShortRun(IterationCount=3, LaunchCount=1, WarmupCount=3)
Runtime = .NET 10.0.12 (10.0.12, 10.0.1226.42308), X64 RyuJIT x86-64-v3; GC = Concurrent Workstation
Mean = 75.116 ns, StdErr = 0.098 ns (0.13%), N = 3, StdDev = 0.170 ns
Min = 74.920 ns, Q1 = 75.058 ns, Median = 75.196 ns, Q3 = 75.214 ns, Max = 75.232 ns
IQR = 0.156 ns, LowerFence = 74.825 ns, UpperFence = 75.447 ns
ConfidenceInterval = [72.008 ns; 78.224 ns] (CI 99.9%), Margin = 3.108 ns (4.14% of Mean)
Skewness = -0.37, Kurtosis = 0.67, MValue = 2
-------------------- Histogram --------------------
[74.765 ns ; 75.387 ns) | @@@
---------------------------------------------------

// * Summary *

BenchmarkDotNet v0.15.8, Linux Ubuntu 24.04.5 LTS (Noble Numbat)
AMD EPYC 7763 2.45GHz, 1 CPU, 4 logical and 2 physical cores
.NET SDK 10.0.401
  [Host]   : .NET 10.0.12 (10.0.12, 10.0.1226.42308), X64 RyuJIT x86-64-v3
  ShortRun : .NET 10.0.12 (10.0.12, 10.0.1226.42308), X64 RyuJIT x86-64-v3

Job=ShortRun  IterationCount=3  LaunchCount=1  
WarmupCount=3  

| Method                  | Mean         | Error        | StdDev     | Ratio    | RatioSD | Gen0   | Gen1   | Allocated | Alloc Ratio |
|------------------------ |-------------:|-------------:|-----------:|---------:|--------:|-------:|-------:|----------:|------------:|
| CompiledDelegate        |     36.13 ns |     1.582 ns |   0.087 ns |     1.28 |    0.00 | 0.0067 |      - |     112 B |        1.00 |
| DirectCall              |     28.27 ns |     0.651 ns |   0.036 ns |     1.00 |    0.00 | 0.0067 |      - |     112 B |        1.00 |
| ExpressionCompilation   | 89,135.26 ns | 7,082.551 ns | 388.219 ns | 3,152.82 |   12.38 | 0.2441 | 0.1221 |    5275 B |       47.10 |
| GenericTypeConstruction |    133.13 ns |     1.464 ns |   0.080 ns |     4.71 |    0.01 | 0.0105 |      - |     176 B |        1.57 |
| MethodInfoInvoke        |     75.12 ns |     3.108 ns |   0.170 ns |     2.66 |    0.01 | 0.0105 |      - |     176 B |        1.57 |
// * Config Issues *

// * Warnings *
Configuration
  Summary -> The exporter CsvExporter is already present in configuration. There may be unexpected results.
  Summary -> The exporter HtmlExporter is already present in configuration. There may be unexpected results.
  Summary -> The exporter MarkdownExporter-github is already present in configuration. There may be unexpected results.

// * Legends *
  Mean        : Arithmetic mean of all measurements
  Error       : Half of 99.9% confidence interval
  StdDev      : Standard deviation of all measurements
  Ratio       : Mean of the ratio distribution ([Current]/[Baseline])
  RatioSD     : Standard deviation of the ratio distribution ([Current]/[Baseline])
  Gen0        : GC Generation 0 collects per 1000 operations
  Gen1        : GC Generation 1 collects per 1000 operations
  Allocated   : Allocated memory per single operation (managed only, inclusive, 1KB = 1024B)
  Alloc Ratio : Allocated memory ratio distribution ([Current]/[Baseline])
  1 ns        : 1 Nanosecond (0.000000001 sec)

// * Diagnostic Output - MemoryDiagnoser *


// ***** BenchmarkRunner: End *****
Run time: 00:00:34 (34.47 sec), executed benchmarks: 5

Global total time: 00:03:41 (221.83 sec), executed benchmarks: 5
// * Artifacts cleanup *
Artifacts cleanup is finished
