// Validating benchmarks:
// ***** BenchmarkRunner: Start   *****
// ***** Found 12 benchmark(s) in total *****
// ***** Building 1 exe(s) in Parallel: Start   *****
// start dotnet  restore --nodeReuse:false /p:UseSharedCompilation=false /p:Deterministic=true /p:Optimize=true /p:ArtifactsPath="/home/runner/work/Encina/Encina/tests/Encina.BenchmarkTests/Encina.Benchmarks/bin/Release/net10.0/Encina.Benchmarks-ShortRun-1/" /p:OutDir="/home/runner/work/Encina/Encina/tests/Encina.BenchmarkTests/Encina.Benchmarks/bin/Release/net10.0/Encina.Benchmarks-ShortRun-1/bin/Release/net10.0/" /p:OutputPath="/home/runner/work/Encina/Encina/tests/Encina.BenchmarkTests/Encina.Benchmarks/bin/Release/net10.0/Encina.Benchmarks-ShortRun-1/bin/Release/net10.0/" /p:PublishDir="/home/runner/work/Encina/Encina/tests/Encina.BenchmarkTests/Encina.Benchmarks/bin/Release/net10.0/Encina.Benchmarks-ShortRun-1/publish/" in /home/runner/work/Encina/Encina/tests/Encina.BenchmarkTests/Encina.Benchmarks/bin/Release/net10.0/Encina.Benchmarks-ShortRun-1
// command took 2.74 sec and exited with 0
// start dotnet  build -c Release --no-restore --nodeReuse:false /p:UseSharedCompilation=false /p:Deterministic=true /p:Optimize=true /p:ArtifactsPath="/home/runner/work/Encina/Encina/tests/Encina.BenchmarkTests/Encina.Benchmarks/bin/Release/net10.0/Encina.Benchmarks-ShortRun-1/" /p:OutDir="/home/runner/work/Encina/Encina/tests/Encina.BenchmarkTests/Encina.Benchmarks/bin/Release/net10.0/Encina.Benchmarks-ShortRun-1/bin/Release/net10.0/" /p:OutputPath="/home/runner/work/Encina/Encina/tests/Encina.BenchmarkTests/Encina.Benchmarks/bin/Release/net10.0/Encina.Benchmarks-ShortRun-1/bin/Release/net10.0/" /p:PublishDir="/home/runner/work/Encina/Encina/tests/Encina.BenchmarkTests/Encina.Benchmarks/bin/Release/net10.0/Encina.Benchmarks-ShortRun-1/publish/" --output "/home/runner/work/Encina/Encina/tests/Encina.BenchmarkTests/Encina.Benchmarks/bin/Release/net10.0/Encina.Benchmarks-ShortRun-1/bin/Release/net10.0/" in /home/runner/work/Encina/Encina/tests/Encina.BenchmarkTests/Encina.Benchmarks/bin/Release/net10.0/Encina.Benchmarks-ShortRun-1
// command took 149.5 sec and exited with 0
// ***** Done, took 00:02:32 (152.39 sec)   *****
// Found 12 benchmarks:
//   DPIAServiceBenchmarks.'Create assessment (fast path)': ShortRun(IterationCount=3, LaunchCount=1, WarmupCount=3)
//   DPIAServiceBenchmarks.'Evaluate assessment (risk engine)': ShortRun(IterationCount=3, LaunchCount=1, WarmupCount=3)
//   DPIAServiceBenchmarks.'RequiresDPIA check (pipeline hot-path)': ShortRun(IterationCount=3, LaunchCount=1, WarmupCount=3)
//   DPIAServiceBenchmarks.'Request DPO consultation': ShortRun(IterationCount=3, LaunchCount=1, WarmupCount=3)
//   DPIAServiceBenchmarks.'Approve assessment': ShortRun(IterationCount=3, LaunchCount=1, WarmupCount=3)
//   DPIAServiceBenchmarks.'Reject assessment': ShortRun(IterationCount=3, LaunchCount=1, WarmupCount=3)
//   DPIAServiceBenchmarks.'Request revision': ShortRun(IterationCount=3, LaunchCount=1, WarmupCount=3)
//   DPIAServiceBenchmarks.'Expire assessment': ShortRun(IterationCount=3, LaunchCount=1, WarmupCount=3)
//   DPIAServiceBenchmarks.'Get assessment by ID (cached)': ShortRun(IterationCount=3, LaunchCount=1, WarmupCount=3)
//   DPIAServiceBenchmarks.'Get assessment by request type (pipeline hot-path)': ShortRun(IterationCount=3, LaunchCount=1, WarmupCount=3)
//   DPIAServiceBenchmarks.'Get expired assessments': ShortRun(IterationCount=3, LaunchCount=1, WarmupCount=3)
//   DPIAServiceBenchmarks.'Get all assessments': ShortRun(IterationCount=3, LaunchCount=1, WarmupCount=3)

// **************************
// Benchmark: DPIAServiceBenchmarks.'Create assessment (fast path)': ShortRun(IterationCount=3, LaunchCount=1, WarmupCount=3)
// *** Execute ***
// Launch: 1 / 1
// Execute: dotnet Encina.Benchmarks-ShortRun-1.dll --anonymousPipes 230 231 --benchmarkName Encina.Benchmarks.Compliance.DPIA.DPIAServiceBenchmarks.CreateAssessment --job ShortRun --benchmarkId 0 in /home/runner/work/Encina/Encina/tests/Encina.BenchmarkTests/Encina.Benchmarks/bin/Release/net10.0/Encina.Benchmarks-ShortRun-1/bin/Release/net10.0
// Failed to set up high priority (Permission denied). In order to run benchmarks with high priority, make sure you have the right permissions.
// BeforeAnythingElse

// Benchmark Process Environment Information:
// BenchmarkDotNet v0.15.8
// Runtime=.NET 10.0.12 (10.0.12, 10.0.1226.42308), X64 RyuJIT x86-64-v4
// GC=Concurrent Workstation
// HardwareIntrinsics=AVX512 BITALG+VBMI2+VNNI+VPOPCNTDQ,AVX512 IFMA+VBMI,AVX512 F+BW+CD+DQ+VL,AVX2+BMI1+BMI2+F16C+FMA+LZCNT+MOVBE,AVX,SSE3+SSSE3+SSE4.1+SSE4.2+POPCNT,X86Base+SSE+SSE2,AES+PCLMUL VectorSize=256
// Job: ShortRun(IterationCount=3, LaunchCount=1, WarmupCount=3)

OverheadJitting  1: 1 op, 170877.00 ns, 170.8770 us/op
WorkloadJitting  1: 1 op, 7107032.00 ns, 7.1070 ms/op

OverheadJitting  2: 16 op, 178298.00 ns, 11.1436 us/op
WorkloadJitting  2: 16 op, 282104.00 ns, 17.6315 us/op

WorkloadPilot    1: 16 op, 73751.00 ns, 4.6094 us/op
WorkloadPilot    2: 32 op, 43195.00 ns, 1.3498 us/op
WorkloadPilot    3: 64 op, 81292.00 ns, 1.2702 us/op
WorkloadPilot    4: 128 op, 132359.00 ns, 1.0341 us/op
WorkloadPilot    5: 256 op, 262494.00 ns, 1.0254 us/op
WorkloadPilot    6: 512 op, 541093.00 ns, 1.0568 us/op
WorkloadPilot    7: 1024 op, 1055948.00 ns, 1.0312 us/op
WorkloadPilot    8: 2048 op, 1973156.00 ns, 963.4551 ns/op
WorkloadPilot    9: 4096 op, 3916607.00 ns, 956.2029 ns/op
WorkloadPilot   10: 8192 op, 7749587.00 ns, 945.9945 ns/op
WorkloadPilot   11: 16384 op, 15587939.00 ns, 951.4123 ns/op
WorkloadPilot   12: 32768 op, 31589379.00 ns, 964.0313 ns/op
WorkloadPilot   13: 65536 op, 65531234.00 ns, 999.9273 ns/op
WorkloadPilot   14: 131072 op, 162655251.00 ns, 1.2410 us/op
WorkloadPilot   15: 262144 op, 316899530.00 ns, 1.2089 us/op
WorkloadPilot   16: 524288 op, 636070495.00 ns, 1.2132 us/op

OverheadWarmup   1: 524288 op, 746492.00 ns, 1.4238 ns/op
OverheadWarmup   2: 524288 op, 755546.00 ns, 1.4411 ns/op
OverheadWarmup   3: 524288 op, 779552.00 ns, 1.4869 ns/op
OverheadWarmup   4: 524288 op, 764839.00 ns, 1.4588 ns/op
OverheadWarmup   5: 524288 op, 764208.00 ns, 1.4576 ns/op
OverheadWarmup   6: 524288 op, 764309.00 ns, 1.4578 ns/op
OverheadWarmup   7: 524288 op, 764028.00 ns, 1.4573 ns/op

OverheadActual   1: 524288 op, 754824.00 ns, 1.4397 ns/op
OverheadActual   2: 524288 op, 763948.00 ns, 1.4571 ns/op
OverheadActual   3: 524288 op, 754995.00 ns, 1.4400 ns/op
OverheadActual   4: 524288 op, 761674.00 ns, 1.4528 ns/op
OverheadActual   5: 524288 op, 773411.00 ns, 1.4752 ns/op
OverheadActual   6: 524288 op, 762826.00 ns, 1.4550 ns/op
OverheadActual   7: 524288 op, 764188.00 ns, 1.4576 ns/op
OverheadActual   8: 524288 op, 762476.00 ns, 1.4543 ns/op
OverheadActual   9: 524288 op, 765600.00 ns, 1.4603 ns/op
OverheadActual  10: 524288 op, 764458.00 ns, 1.4581 ns/op
OverheadActual  11: 524288 op, 766281.00 ns, 1.4616 ns/op
OverheadActual  12: 524288 op, 806422.00 ns, 1.5381 ns/op
OverheadActual  13: 524288 op, 756236.00 ns, 1.4424 ns/op
OverheadActual  14: 524288 op, 756997.00 ns, 1.4439 ns/op
OverheadActual  15: 524288 op, 766181.00 ns, 1.4614 ns/op

WorkloadWarmup   1: 524288 op, 644628612.00 ns, 1.2295 us/op
WorkloadWarmup   2: 524288 op, 637694297.00 ns, 1.2163 us/op
WorkloadWarmup   3: 524288 op, 636171691.00 ns, 1.2134 us/op

// BeforeActualRun
WorkloadActual   1: 524288 op, 619922871.00 ns, 1.1824 us/op
WorkloadActual   2: 524288 op, 614780276.00 ns, 1.1726 us/op
WorkloadActual   3: 524288 op, 614423310.00 ns, 1.1719 us/op

// AfterActualRun
WorkloadResult   1: 524288 op, 619158923.00 ns, 1.1810 us/op
WorkloadResult   2: 524288 op, 614016328.00 ns, 1.1711 us/op
WorkloadResult   3: 524288 op, 613659362.00 ns, 1.1705 us/op
// GC:  13 12 0 226492416 524288
// Threading:  0 0 524288

// AfterAll
// Benchmark Process 3611 has exited with code 0.

Mean = 1.174 μs, StdErr = 0.003 μs (0.29%), N = 3, StdDev = 0.006 μs
Min = 1.170 μs, Q1 = 1.171 μs, Median = 1.171 μs, Q3 = 1.176 μs, Max = 1.181 μs
IQR = 0.005 μs, LowerFence = 1.163 μs, UpperFence = 1.184 μs
ConfidenceInterval = [1.067 μs; 1.281 μs] (CI 99.9%), Margin = 0.107 μs (9.12% of Mean)
Skewness = 0.38, Kurtosis = 0.67, MValue = 2

// ** Remained 11 (91.7 %) benchmark(s) to run. Estimated finish 2026-10-10 22:28 (0h 3m from now) **
// **************************
// Benchmark: DPIAServiceBenchmarks.'Evaluate assessment (risk engine)': ShortRun(IterationCount=3, LaunchCount=1, WarmupCount=3)
// *** Execute ***
// Launch: 1 / 1
// Execute: dotnet Encina.Benchmarks-ShortRun-1.dll --anonymousPipes 230 231 --benchmarkName Encina.Benchmarks.Compliance.DPIA.DPIAServiceBenchmarks.EvaluateAssessment --job ShortRun --benchmarkId 1 in /home/runner/work/Encina/Encina/tests/Encina.BenchmarkTests/Encina.Benchmarks/bin/Release/net10.0/Encina.Benchmarks-ShortRun-1/bin/Release/net10.0
// Failed to set up high priority (Permission denied). In order to run benchmarks with high priority, make sure you have the right permissions.
// BeforeAnythingElse

// Benchmark Process Environment Information:
// BenchmarkDotNet v0.15.8
// Runtime=.NET 10.0.12 (10.0.12, 10.0.1226.42308), X64 RyuJIT x86-64-v4
// GC=Concurrent Workstation
// HardwareIntrinsics=AVX512 BITALG+VBMI2+VNNI+VPOPCNTDQ,AVX512 IFMA+VBMI,AVX512 F+BW+CD+DQ+VL,AVX2+BMI1+BMI2+F16C+FMA+LZCNT+MOVBE,AVX,SSE3+SSSE3+SSE4.1+SSE4.2+POPCNT,X86Base+SSE+SSE2,AES+PCLMUL VectorSize=256
// Job: ShortRun(IterationCount=3, LaunchCount=1, WarmupCount=3)

OverheadJitting  1: 1 op, 198157.00 ns, 198.1570 us/op
WorkloadJitting  1: 1 op, 7140085.00 ns, 7.1401 ms/op

OverheadJitting  2: 16 op, 416585.00 ns, 26.0366 us/op
WorkloadJitting  2: 16 op, 486050.00 ns, 30.3781 us/op

WorkloadPilot    1: 16 op, 64617.00 ns, 4.0386 us/op
WorkloadPilot    2: 32 op, 41382.00 ns, 1.2932 us/op
WorkloadPilot    3: 64 op, 71968.00 ns, 1.1245 us/op
WorkloadPilot    4: 128 op, 110567.00 ns, 863.8047 ns/op
WorkloadPilot    5: 256 op, 229455.00 ns, 896.3086 ns/op
WorkloadPilot    6: 512 op, 453051.00 ns, 884.8652 ns/op
WorkloadPilot    7: 1024 op, 896467.00 ns, 875.4561 ns/op
WorkloadPilot    8: 2048 op, 1634164.00 ns, 797.9316 ns/op
WorkloadPilot    9: 4096 op, 3434008.00 ns, 838.3809 ns/op
WorkloadPilot   10: 8192 op, 6647275.00 ns, 811.4349 ns/op
WorkloadPilot   11: 16384 op, 13537615.00 ns, 826.2704 ns/op
WorkloadPilot   12: 32768 op, 26337682.00 ns, 803.7623 ns/op
WorkloadPilot   13: 65536 op, 57050134.00 ns, 870.5160 ns/op
WorkloadPilot   14: 131072 op, 140054293.00 ns, 1.0685 us/op
WorkloadPilot   15: 262144 op, 285734867.00 ns, 1.0900 us/op
WorkloadPilot   16: 524288 op, 665651112.00 ns, 1.2696 us/op

OverheadWarmup   1: 524288 op, 1519242.00 ns, 2.8977 ns/op
OverheadWarmup   2: 524288 op, 1514885.00 ns, 2.8894 ns/op
OverheadWarmup   3: 524288 op, 1512402.00 ns, 2.8847 ns/op
OverheadWarmup   4: 524288 op, 1514804.00 ns, 2.8893 ns/op
OverheadWarmup   5: 524288 op, 1519012.00 ns, 2.8973 ns/op
OverheadWarmup   6: 524288 op, 1515516.00 ns, 2.8906 ns/op
OverheadWarmup   7: 524288 op, 1508896.00 ns, 2.8780 ns/op
OverheadWarmup   8: 524288 op, 1531660.00 ns, 2.9214 ns/op
OverheadWarmup   9: 524288 op, 1514584.00 ns, 2.8888 ns/op

OverheadActual   1: 524288 op, 1508325.00 ns, 2.8769 ns/op
OverheadActual   2: 524288 op, 1508705.00 ns, 2.8776 ns/op
OverheadActual   3: 524288 op, 1523718.00 ns, 2.9063 ns/op
OverheadActual   4: 524288 op, 1511370.00 ns, 2.8827 ns/op
OverheadActual   5: 524288 op, 1511741.00 ns, 2.8834 ns/op
OverheadActual   6: 524288 op, 1509366.00 ns, 2.8789 ns/op
OverheadActual   7: 524288 op, 1535846.00 ns, 2.9294 ns/op
OverheadActual   8: 524288 op, 1509227.00 ns, 2.8786 ns/op
OverheadActual   9: 524288 op, 1525561.00 ns, 2.9098 ns/op
OverheadActual  10: 524288 op, 1520914.00 ns, 2.9009 ns/op
OverheadActual  11: 524288 op, 1510328.00 ns, 2.8807 ns/op
OverheadActual  12: 524288 op, 1536958.00 ns, 2.9315 ns/op
OverheadActual  13: 524288 op, 1547885.00 ns, 2.9524 ns/op
OverheadActual  14: 524288 op, 1509537.00 ns, 2.8792 ns/op
OverheadActual  15: 524288 op, 1545411.00 ns, 2.9476 ns/op

WorkloadWarmup   1: 524288 op, 562211575.00 ns, 1.0723 us/op
WorkloadWarmup   2: 524288 op, 568667239.00 ns, 1.0846 us/op
WorkloadWarmup   3: 524288 op, 561799506.00 ns, 1.0715 us/op

// BeforeActualRun
WorkloadActual   1: 524288 op, 566067606.00 ns, 1.0797 us/op
WorkloadActual   2: 524288 op, 561665705.00 ns, 1.0713 us/op
WorkloadActual   3: 524288 op, 581694460.00 ns, 1.1095 us/op

// AfterActualRun
WorkloadResult   1: 524288 op, 564555865.00 ns, 1.0768 us/op
WorkloadResult   2: 524288 op, 560153964.00 ns, 1.0684 us/op
WorkloadResult   3: 524288 op, 580182719.00 ns, 1.1066 us/op
// GC:  13 12 0 226492416 524288
// Threading:  0 0 524288

// AfterAll
// Benchmark Process 3623 has exited with code 0.

Mean = 1.084 μs, StdErr = 0.012 μs (1.07%), N = 3, StdDev = 0.020 μs
Min = 1.068 μs, Q1 = 1.073 μs, Median = 1.077 μs, Q3 = 1.092 μs, Max = 1.107 μs
IQR = 0.019 μs, LowerFence = 1.044 μs, UpperFence = 1.120 μs
ConfidenceInterval = [0.718 μs; 1.450 μs] (CI 99.9%), Margin = 0.366 μs (33.79% of Mean)
Skewness = 0.31, Kurtosis = 0.67, MValue = 2

// ** Remained 10 (83.3 %) benchmark(s) to run. Estimated finish 2026-10-10 22:28 (0h 3m from now) **
// **************************
// Benchmark: DPIAServiceBenchmarks.'RequiresDPIA check (pipeline hot-path)': ShortRun(IterationCount=3, LaunchCount=1, WarmupCount=3)
// *** Execute ***
// Launch: 1 / 1
// Execute: dotnet Encina.Benchmarks-ShortRun-1.dll --anonymousPipes 230 231 --benchmarkName Encina.Benchmarks.Compliance.DPIA.DPIAServiceBenchmarks.RequiresDPIA --job ShortRun --benchmarkId 2 in /home/runner/work/Encina/Encina/tests/Encina.BenchmarkTests/Encina.Benchmarks/bin/Release/net10.0/Encina.Benchmarks-ShortRun-1/bin/Release/net10.0
// Failed to set up high priority (Permission denied). In order to run benchmarks with high priority, make sure you have the right permissions.
// BeforeAnythingElse

// Benchmark Process Environment Information:
// BenchmarkDotNet v0.15.8
// Runtime=.NET 10.0.12 (10.0.12, 10.0.1226.42308), X64 RyuJIT x86-64-v4
// GC=Concurrent Workstation
// HardwareIntrinsics=AVX512 BITALG+VBMI2+VNNI+VPOPCNTDQ,AVX512 IFMA+VBMI,AVX512 F+BW+CD+DQ+VL,AVX2+BMI1+BMI2+F16C+FMA+LZCNT+MOVBE,AVX,SSE3+SSSE3+SSE4.1+SSE4.2+POPCNT,X86Base+SSE+SSE2,AES+PCLMUL VectorSize=256
// Job: ShortRun(IterationCount=3, LaunchCount=1, WarmupCount=3)

OverheadJitting  1: 1 op, 165078.00 ns, 165.0780 us/op
WorkloadJitting  1: 1 op, 6861583.00 ns, 6.8616 ms/op

OverheadJitting  2: 16 op, 275624.00 ns, 17.2265 us/op
WorkloadJitting  2: 16 op, 349645.00 ns, 21.8528 us/op

WorkloadPilot    1: 16 op, 58328.00 ns, 3.6455 us/op
WorkloadPilot    2: 32 op, 40300.00 ns, 1.2594 us/op
WorkloadPilot    3: 64 op, 61743.00 ns, 964.7344 ns/op
WorkloadPilot    4: 128 op, 88072.00 ns, 688.0625 ns/op
WorkloadPilot    5: 256 op, 153731.00 ns, 600.5117 ns/op
WorkloadPilot    6: 512 op, 301904.00 ns, 589.6563 ns/op
WorkloadPilot    7: 1024 op, 554172.00 ns, 541.1836 ns/op
WorkloadPilot    8: 2048 op, 1026061.00 ns, 501.0063 ns/op
WorkloadPilot    9: 4096 op, 2330499.00 ns, 568.9695 ns/op
WorkloadPilot   10: 8192 op, 3921218.00 ns, 478.6643 ns/op
WorkloadPilot   11: 16384 op, 7864319.00 ns, 479.9999 ns/op
WorkloadPilot   12: 32768 op, 15765403.00 ns, 481.1219 ns/op
WorkloadPilot   13: 65536 op, 40721276.00 ns, 621.3574 ns/op
WorkloadPilot   14: 131072 op, 87316893.00 ns, 666.1750 ns/op
WorkloadPilot   15: 262144 op, 177692879.00 ns, 677.8445 ns/op
WorkloadPilot   16: 524288 op, 367867550.00 ns, 701.6517 ns/op
WorkloadPilot   17: 1048576 op, 799817965.00 ns, 762.7659 ns/op

OverheadWarmup   1: 1048576 op, 1542566.00 ns, 1.4711 ns/op
OverheadWarmup   2: 1048576 op, 1551409.00 ns, 1.4795 ns/op
OverheadWarmup   3: 1048576 op, 1548445.00 ns, 1.4767 ns/op
OverheadWarmup   4: 1048576 op, 1550628.00 ns, 1.4788 ns/op
OverheadWarmup   5: 1048576 op, 1554434.00 ns, 1.4824 ns/op
OverheadWarmup   6: 1048576 op, 1550648.00 ns, 1.4788 ns/op

OverheadActual   1: 1048576 op, 1548605.00 ns, 1.4769 ns/op
OverheadActual   2: 1048576 op, 1548815.00 ns, 1.4771 ns/op
OverheadActual   3: 1048576 op, 1550026.00 ns, 1.4782 ns/op
OverheadActual   4: 1048576 op, 1544498.00 ns, 1.4729 ns/op
OverheadActual   5: 1048576 op, 1554283.00 ns, 1.4823 ns/op
OverheadActual   6: 1048576 op, 1549796.00 ns, 1.4780 ns/op
OverheadActual   7: 1048576 op, 1704488.00 ns, 1.6255 ns/op
OverheadActual   8: 1048576 op, 1556226.00 ns, 1.4841 ns/op
OverheadActual   9: 1048576 op, 1562915.00 ns, 1.4905 ns/op
OverheadActual  10: 1048576 op, 1550687.00 ns, 1.4789 ns/op
OverheadActual  11: 1048576 op, 1557488.00 ns, 1.4853 ns/op
OverheadActual  12: 1048576 op, 1542185.00 ns, 1.4707 ns/op
OverheadActual  13: 1048576 op, 1544137.00 ns, 1.4726 ns/op
OverheadActual  14: 1048576 op, 1550026.00 ns, 1.4782 ns/op
OverheadActual  15: 1048576 op, 1554113.00 ns, 1.4821 ns/op

WorkloadWarmup   1: 1048576 op, 757246770.00 ns, 722.1668 ns/op
WorkloadWarmup   2: 1048576 op, 742804145.00 ns, 708.3932 ns/op
WorkloadWarmup   3: 1048576 op, 791466832.00 ns, 754.8016 ns/op

// BeforeActualRun
WorkloadActual   1: 1048576 op, 753473846.00 ns, 718.5687 ns/op
WorkloadActual   2: 1048576 op, 787182552.00 ns, 750.7158 ns/op
WorkloadActual   3: 1048576 op, 770289164.00 ns, 734.6050 ns/op

// AfterActualRun
WorkloadResult   1: 1048576 op, 751923820.00 ns, 717.0904 ns/op
WorkloadResult   2: 1048576 op, 785632526.00 ns, 749.2376 ns/op
WorkloadResult   3: 1048576 op, 768739138.00 ns, 733.1268 ns/op
// GC:  20 19 0 352321792 1048576
// Threading:  0 0 1048576

// AfterAll
// Benchmark Process 3639 has exited with code 0.

Mean = 733.152 ns, StdErr = 9.280 ns (1.27%), N = 3, StdDev = 16.074 ns
Min = 717.090 ns, Q1 = 725.109 ns, Median = 733.127 ns, Q3 = 741.182 ns, Max = 749.238 ns
IQR = 16.074 ns, LowerFence = 700.998 ns, UpperFence = 765.293 ns
ConfidenceInterval = [439.910 ns; 1,026.393 ns] (CI 99.9%), Margin = 293.242 ns (40.00% of Mean)
Skewness = 0, Kurtosis = 0.67, MValue = 2

// ** Remained 9 (75.0 %) benchmark(s) to run. Estimated finish 2026-10-10 22:28 (0h 3m from now) **
// **************************
// Benchmark: DPIAServiceBenchmarks.'Request DPO consultation': ShortRun(IterationCount=3, LaunchCount=1, WarmupCount=3)
// *** Execute ***
// Launch: 1 / 1
// Execute: dotnet Encina.Benchmarks-ShortRun-1.dll --anonymousPipes 230 231 --benchmarkName Encina.Benchmarks.Compliance.DPIA.DPIAServiceBenchmarks.RequestDPOConsultation --job ShortRun --benchmarkId 3 in /home/runner/work/Encina/Encina/tests/Encina.BenchmarkTests/Encina.Benchmarks/bin/Release/net10.0/Encina.Benchmarks-ShortRun-1/bin/Release/net10.0
// Failed to set up high priority (Permission denied). In order to run benchmarks with high priority, make sure you have the right permissions.
// BeforeAnythingElse

// Benchmark Process Environment Information:
// BenchmarkDotNet v0.15.8
// Runtime=.NET 10.0.12 (10.0.12, 10.0.1226.42308), X64 RyuJIT x86-64-v4
// GC=Concurrent Workstation
// HardwareIntrinsics=AVX512 BITALG+VBMI2+VNNI+VPOPCNTDQ,AVX512 IFMA+VBMI,AVX512 F+BW+CD+DQ+VL,AVX2+BMI1+BMI2+F16C+FMA+LZCNT+MOVBE,AVX,SSE3+SSSE3+SSE4.1+SSE4.2+POPCNT,X86Base+SSE+SSE2,AES+PCLMUL VectorSize=256
// Job: ShortRun(IterationCount=3, LaunchCount=1, WarmupCount=3)

OverheadJitting  1: 1 op, 171748.00 ns, 171.7480 us/op
WorkloadJitting  1: 1 op, 6986094.00 ns, 6.9861 ms/op

OverheadJitting  2: 16 op, 177106.00 ns, 11.0691 us/op
WorkloadJitting  2: 16 op, 278128.00 ns, 17.3830 us/op

WorkloadPilot    1: 16 op, 52959.00 ns, 3.3099 us/op
WorkloadPilot    2: 32 op, 38278.00 ns, 1.1962 us/op
WorkloadPilot    3: 64 op, 67812.00 ns, 1.0596 us/op
WorkloadPilot    4: 128 op, 99330.00 ns, 776.0156 ns/op
WorkloadPilot    5: 256 op, 224607.00 ns, 877.3711 ns/op
WorkloadPilot    6: 512 op, 405789.00 ns, 792.5566 ns/op
WorkloadPilot    7: 1024 op, 829895.00 ns, 810.4443 ns/op
WorkloadPilot    8: 2048 op, 1501423.00 ns, 733.1167 ns/op
WorkloadPilot    9: 4096 op, 2941074.00 ns, 718.0356 ns/op
WorkloadPilot   10: 8192 op, 5935077.00 ns, 724.4967 ns/op
WorkloadPilot   11: 16384 op, 11788440.00 ns, 719.5093 ns/op
WorkloadPilot   12: 32768 op, 23884472.00 ns, 728.8962 ns/op
WorkloadPilot   13: 65536 op, 50531190.00 ns, 771.0448 ns/op
WorkloadPilot   14: 131072 op, 122423964.00 ns, 934.0207 ns/op
WorkloadPilot   15: 262144 op, 247989274.00 ns, 946.0040 ns/op
WorkloadPilot   16: 524288 op, 515313352.00 ns, 982.8822 ns/op

OverheadWarmup   1: 524288 op, 737346.00 ns, 1.4064 ns/op
OverheadWarmup   2: 524288 op, 737576.00 ns, 1.4068 ns/op
OverheadWarmup   3: 524288 op, 752489.00 ns, 1.4353 ns/op
OverheadWarmup   4: 524288 op, 773931.00 ns, 1.4762 ns/op
OverheadWarmup   5: 524288 op, 746150.00 ns, 1.4232 ns/op
OverheadWarmup   6: 524288 op, 756015.00 ns, 1.4420 ns/op
OverheadWarmup   7: 524288 op, 757177.00 ns, 1.4442 ns/op
OverheadWarmup   8: 524288 op, 747322.00 ns, 1.4254 ns/op

OverheadActual   1: 524288 op, 747041.00 ns, 1.4249 ns/op
OverheadActual   2: 524288 op, 748877.00 ns, 1.4284 ns/op
OverheadActual   3: 524288 op, 737481.00 ns, 1.4066 ns/op
OverheadActual   4: 524288 op, 749759.00 ns, 1.4301 ns/op
OverheadActual   5: 524288 op, 737700.00 ns, 1.4071 ns/op
OverheadActual   6: 524288 op, 748947.00 ns, 1.4285 ns/op
OverheadActual   7: 524288 op, 757070.00 ns, 1.4440 ns/op
OverheadActual   8: 524288 op, 737457.00 ns, 1.4066 ns/op
OverheadActual   9: 524288 op, 746751.00 ns, 1.4243 ns/op
OverheadActual  10: 524288 op, 740792.00 ns, 1.4129 ns/op
OverheadActual  11: 524288 op, 750046.00 ns, 1.4306 ns/op
OverheadActual  12: 524288 op, 747031.00 ns, 1.4248 ns/op
OverheadActual  13: 524288 op, 746290.00 ns, 1.4234 ns/op
OverheadActual  14: 524288 op, 746070.00 ns, 1.4230 ns/op
OverheadActual  15: 524288 op, 747592.00 ns, 1.4259 ns/op

WorkloadWarmup   1: 524288 op, 507177523.00 ns, 967.3644 ns/op
WorkloadWarmup   2: 524288 op, 514063467.00 ns, 980.4983 ns/op
WorkloadWarmup   3: 524288 op, 511525338.00 ns, 975.6572 ns/op

// BeforeActualRun
WorkloadActual   1: 524288 op, 507969158.00 ns, 968.8743 ns/op
WorkloadActual   2: 524288 op, 506548309.00 ns, 966.1642 ns/op
WorkloadActual   3: 524288 op, 534867048.00 ns, 1.0202 us/op

// AfterActualRun
WorkloadResult   1: 524288 op, 507222127.00 ns, 967.4494 ns/op
WorkloadResult   2: 524288 op, 505801278.00 ns, 964.7394 ns/op
WorkloadResult   3: 524288 op, 534120017.00 ns, 1.0188 us/op
// GC:  13 12 0 226492416 524288
// Threading:  0 0 524288

// AfterAll
// Benchmark Process 3679 has exited with code 0.

Mean = 983.647 ns, StdErr = 17.570 ns (1.79%), N = 3, StdDev = 30.433 ns
Min = 964.739 ns, Q1 = 966.094 ns, Median = 967.449 ns, Q3 = 993.101 ns, Max = 1,018.753 ns
IQR = 27.007 ns, LowerFence = 925.584 ns, UpperFence = 1,033.612 ns
ConfidenceInterval = [428.442 ns; 1,538.853 ns] (CI 99.9%), Margin = 555.205 ns (56.44% of Mean)
Skewness = 0.38, Kurtosis = 0.67, MValue = 2

// ** Remained 8 (66.7 %) benchmark(s) to run. Estimated finish 2026-10-10 22:28 (0h 2m from now) **
// **************************
// Benchmark: DPIAServiceBenchmarks.'Approve assessment': ShortRun(IterationCount=3, LaunchCount=1, WarmupCount=3)
// *** Execute ***
// Launch: 1 / 1
// Execute: dotnet Encina.Benchmarks-ShortRun-1.dll --anonymousPipes 230 231 --benchmarkName Encina.Benchmarks.Compliance.DPIA.DPIAServiceBenchmarks.ApproveAssessment --job ShortRun --benchmarkId 4 in /home/runner/work/Encina/Encina/tests/Encina.BenchmarkTests/Encina.Benchmarks/bin/Release/net10.0/Encina.Benchmarks-ShortRun-1/bin/Release/net10.0
// Failed to set up high priority (Permission denied). In order to run benchmarks with high priority, make sure you have the right permissions.
// BeforeAnythingElse

// Benchmark Process Environment Information:
// BenchmarkDotNet v0.15.8
// Runtime=.NET 10.0.12 (10.0.12, 10.0.1226.42308), X64 RyuJIT x86-64-v4
// GC=Concurrent Workstation
// HardwareIntrinsics=AVX512 BITALG+VBMI2+VNNI+VPOPCNTDQ,AVX512 IFMA+VBMI,AVX512 F+BW+CD+DQ+VL,AVX2+BMI1+BMI2+F16C+FMA+LZCNT+MOVBE,AVX,SSE3+SSSE3+SSE4.1+SSE4.2+POPCNT,X86Base+SSE+SSE2,AES+PCLMUL VectorSize=256
// Job: ShortRun(IterationCount=3, LaunchCount=1, WarmupCount=3)

OverheadJitting  1: 1 op, 175223.00 ns, 175.2230 us/op
WorkloadJitting  1: 1 op, 7387850.00 ns, 7.3879 ms/op

OverheadJitting  2: 16 op, 187101.00 ns, 11.6938 us/op
WorkloadJitting  2: 16 op, 288623.00 ns, 18.0389 us/op

WorkloadPilot    1: 16 op, 76355.00 ns, 4.7722 us/op
WorkloadPilot    2: 32 op, 79229.00 ns, 2.4759 us/op
WorkloadPilot    3: 64 op, 141923.00 ns, 2.2175 us/op
WorkloadPilot    4: 128 op, 192319.00 ns, 1.5025 us/op
WorkloadPilot    5: 256 op, 459079.00 ns, 1.7933 us/op
WorkloadPilot    6: 512 op, 843286.00 ns, 1.6470 us/op
WorkloadPilot    7: 1024 op, 1651019.00 ns, 1.6123 us/op
WorkloadPilot    8: 2048 op, 3313855.00 ns, 1.6181 us/op
WorkloadPilot    9: 4096 op, 6489121.00 ns, 1.5843 us/op
WorkloadPilot   10: 8192 op, 13019504.00 ns, 1.5893 us/op
WorkloadPilot   11: 16384 op, 26116253.00 ns, 1.5940 us/op
WorkloadPilot   12: 32768 op, 48391151.00 ns, 1.4768 us/op
WorkloadPilot   13: 65536 op, 99610076.00 ns, 1.5199 us/op
WorkloadPilot   14: 131072 op, 229290773.00 ns, 1.7493 us/op
WorkloadPilot   15: 262144 op, 456229715.00 ns, 1.7404 us/op
WorkloadPilot   16: 524288 op, 981374894.00 ns, 1.8718 us/op

OverheadWarmup   1: 524288 op, 746069.00 ns, 1.4230 ns/op
OverheadWarmup   2: 524288 op, 744948.00 ns, 1.4209 ns/op
OverheadWarmup   3: 524288 op, 737757.00 ns, 1.4072 ns/op
OverheadWarmup   4: 524288 op, 737787.00 ns, 1.4072 ns/op
OverheadWarmup   5: 524288 op, 745820.00 ns, 1.4225 ns/op
OverheadWarmup   6: 524288 op, 745859.00 ns, 1.4226 ns/op
OverheadWarmup   7: 524288 op, 746260.00 ns, 1.4234 ns/op
OverheadWarmup   8: 524288 op, 745578.00 ns, 1.4221 ns/op
OverheadWarmup   9: 524288 op, 748363.00 ns, 1.4274 ns/op
OverheadWarmup  10: 524288 op, 746290.00 ns, 1.4234 ns/op

OverheadActual   1: 524288 op, 746000.00 ns, 1.4229 ns/op
OverheadActual   2: 524288 op, 737817.00 ns, 1.4073 ns/op
OverheadActual   3: 524288 op, 747172.00 ns, 1.4251 ns/op
OverheadActual   4: 524288 op, 745729.00 ns, 1.4224 ns/op
OverheadActual   5: 524288 op, 746070.00 ns, 1.4230 ns/op
OverheadActual   6: 524288 op, 746059.00 ns, 1.4230 ns/op
OverheadActual   7: 524288 op, 745708.00 ns, 1.4223 ns/op
OverheadActual   8: 524288 op, 744878.00 ns, 1.4207 ns/op
OverheadActual   9: 524288 op, 746029.00 ns, 1.4229 ns/op
OverheadActual  10: 524288 op, 745108.00 ns, 1.4212 ns/op
OverheadActual  11: 524288 op, 737717.00 ns, 1.4071 ns/op
OverheadActual  12: 524288 op, 761051.00 ns, 1.4516 ns/op
OverheadActual  13: 524288 op, 745859.00 ns, 1.4226 ns/op
OverheadActual  14: 524288 op, 753169.00 ns, 1.4366 ns/op
OverheadActual  15: 524288 op, 749083.00 ns, 1.4288 ns/op

WorkloadWarmup   1: 524288 op, 967706460.00 ns, 1.8458 us/op
WorkloadWarmup   2: 524288 op, 914369138.00 ns, 1.7440 us/op
WorkloadWarmup   3: 524288 op, 1039692888.00 ns, 1.9831 us/op

// BeforeActualRun
WorkloadActual   1: 524288 op, 924000626.00 ns, 1.7624 us/op
WorkloadActual   2: 524288 op, 938417884.00 ns, 1.7899 us/op
WorkloadActual   3: 524288 op, 918383480.00 ns, 1.7517 us/op

// AfterActualRun
WorkloadResult   1: 524288 op, 923254626.00 ns, 1.7610 us/op
WorkloadResult   2: 524288 op, 937671884.00 ns, 1.7885 us/op
WorkloadResult   3: 524288 op, 917637480.00 ns, 1.7503 us/op
// GC:  29 14 0 494974912 524288
// Threading:  0 0 524288

// AfterAll
// Benchmark Process 3697 has exited with code 0.

Mean = 1.767 μs, StdErr = 0.011 μs (0.64%), N = 3, StdDev = 0.020 μs
Min = 1.750 μs, Q1 = 1.756 μs, Median = 1.761 μs, Q3 = 1.775 μs, Max = 1.788 μs
IQR = 0.019 μs, LowerFence = 1.727 μs, UpperFence = 1.803 μs
ConfidenceInterval = [1.407 μs; 2.126 μs] (CI 99.9%), Margin = 0.360 μs (20.36% of Mean)
Skewness = 0.26, Kurtosis = 0.67, MValue = 2

// ** Remained 7 (58.3 %) benchmark(s) to run. Estimated finish 2026-10-10 22:28 (0h 2m from now) **
// **************************
// Benchmark: DPIAServiceBenchmarks.'Reject assessment': ShortRun(IterationCount=3, LaunchCount=1, WarmupCount=3)
// *** Execute ***
// Launch: 1 / 1
// Execute: dotnet Encina.Benchmarks-ShortRun-1.dll --anonymousPipes 230 231 --benchmarkName Encina.Benchmarks.Compliance.DPIA.DPIAServiceBenchmarks.RejectAssessment --job ShortRun --benchmarkId 5 in /home/runner/work/Encina/Encina/tests/Encina.BenchmarkTests/Encina.Benchmarks/bin/Release/net10.0/Encina.Benchmarks-ShortRun-1/bin/Release/net10.0
// Failed to set up high priority (Permission denied). In order to run benchmarks with high priority, make sure you have the right permissions.
// BeforeAnythingElse

// Benchmark Process Environment Information:
// BenchmarkDotNet v0.15.8
// Runtime=.NET 10.0.12 (10.0.12, 10.0.1226.42308), X64 RyuJIT x86-64-v4
// GC=Concurrent Workstation
// HardwareIntrinsics=AVX512 BITALG+VBMI2+VNNI+VPOPCNTDQ,AVX512 IFMA+VBMI,AVX512 F+BW+CD+DQ+VL,AVX2+BMI1+BMI2+F16C+FMA+LZCNT+MOVBE,AVX,SSE3+SSSE3+SSE4.1+SSE4.2+POPCNT,X86Base+SSE+SSE2,AES+PCLMUL VectorSize=256
// Job: ShortRun(IterationCount=3, LaunchCount=1, WarmupCount=3)

OverheadJitting  1: 1 op, 170966.00 ns, 170.9660 us/op
WorkloadJitting  1: 1 op, 7045104.00 ns, 7.0451 ms/op

OverheadJitting  2: 16 op, 181141.00 ns, 11.3213 us/op
WorkloadJitting  2: 16 op, 259679.00 ns, 16.2299 us/op

WorkloadPilot    1: 16 op, 54431.00 ns, 3.4019 us/op
WorkloadPilot    2: 32 op, 32008.00 ns, 1.0003 us/op
WorkloadPilot    3: 64 op, 66630.00 ns, 1.0411 us/op
WorkloadPilot    4: 128 op, 101822.00 ns, 795.4844 ns/op
WorkloadPilot    5: 256 op, 202002.00 ns, 789.0703 ns/op
WorkloadPilot    6: 512 op, 337886.00 ns, 659.9336 ns/op
WorkloadPilot    7: 1024 op, 775241.00 ns, 757.0713 ns/op
WorkloadPilot    8: 2048 op, 1460858.00 ns, 713.3096 ns/op
WorkloadPilot    9: 4096 op, 3094165.00 ns, 755.4114 ns/op
WorkloadPilot   10: 8192 op, 5861691.00 ns, 715.5385 ns/op
WorkloadPilot   11: 16384 op, 11771533.00 ns, 718.4774 ns/op
WorkloadPilot   12: 32768 op, 23361265.00 ns, 712.9292 ns/op
WorkloadPilot   13: 65536 op, 52506483.00 ns, 801.1853 ns/op
WorkloadPilot   14: 131072 op, 117376176.00 ns, 895.5092 ns/op
WorkloadPilot   15: 262144 op, 244987133.00 ns, 934.5517 ns/op
WorkloadPilot   16: 524288 op, 522381021.00 ns, 996.3627 ns/op

OverheadWarmup   1: 524288 op, 748271.00 ns, 1.4272 ns/op
OverheadWarmup   2: 524288 op, 748732.00 ns, 1.4281 ns/op
OverheadWarmup   3: 524288 op, 752958.00 ns, 1.4362 ns/op
OverheadWarmup   4: 524288 op, 751315.00 ns, 1.4330 ns/op
OverheadWarmup   5: 524288 op, 757487.00 ns, 1.4448 ns/op
OverheadWarmup   6: 524288 op, 737607.00 ns, 1.4069 ns/op

OverheadActual   1: 524288 op, 748603.00 ns, 1.4278 ns/op
OverheadActual   2: 524288 op, 748243.00 ns, 1.4272 ns/op
OverheadActual   3: 524288 op, 749875.00 ns, 1.4303 ns/op
OverheadActual   4: 524288 op, 757757.00 ns, 1.4453 ns/op
OverheadActual   5: 524288 op, 756445.00 ns, 1.4428 ns/op
OverheadActual   6: 524288 op, 756986.00 ns, 1.4438 ns/op
OverheadActual   7: 524288 op, 747892.00 ns, 1.4265 ns/op
OverheadActual   8: 524288 op, 747923.00 ns, 1.4265 ns/op
OverheadActual   9: 524288 op, 773851.00 ns, 1.4760 ns/op
OverheadActual  10: 524288 op, 753610.00 ns, 1.4374 ns/op
OverheadActual  11: 524288 op, 748012.00 ns, 1.4267 ns/op
OverheadActual  12: 524288 op, 762004.00 ns, 1.4534 ns/op
OverheadActual  13: 524288 op, 748513.00 ns, 1.4277 ns/op
OverheadActual  14: 524288 op, 747492.00 ns, 1.4257 ns/op
OverheadActual  15: 524288 op, 750416.00 ns, 1.4313 ns/op

WorkloadWarmup   1: 524288 op, 502775321.00 ns, 958.9678 ns/op
WorkloadWarmup   2: 524288 op, 497852594.00 ns, 949.5785 ns/op
WorkloadWarmup   3: 524288 op, 497858453.00 ns, 949.5896 ns/op

// BeforeActualRun
WorkloadActual   1: 524288 op, 553978070.00 ns, 1.0566 us/op
WorkloadActual   2: 524288 op, 497027482.00 ns, 948.0047 ns/op
WorkloadActual   3: 524288 op, 504071421.00 ns, 961.4399 ns/op

// AfterActualRun
WorkloadResult   1: 524288 op, 553228195.00 ns, 1.0552 us/op
WorkloadResult   2: 524288 op, 496277607.00 ns, 946.5744 ns/op
WorkloadResult   3: 524288 op, 503321546.00 ns, 960.0097 ns/op
// GC:  11 10 0 192937984 524288
// Threading:  0 0 524288

// AfterAll
// Benchmark Process 3710 has exited with code 0.

Mean = 987.261 ns, StdErr = 34.190 ns (3.46%), N = 3, StdDev = 59.218 ns
Min = 946.574 ns, Q1 = 953.292 ns, Median = 960.010 ns, Q3 = 1,007.604 ns, Max = 1,055.199 ns
IQR = 54.312 ns, LowerFence = 871.824 ns, UpperFence = 1,089.073 ns
ConfidenceInterval = [-93.101 ns; 2,067.623 ns] (CI 99.9%), Margin = 1,080.362 ns (109.43% of Mean)
Skewness = 0.36, Kurtosis = 0.67, MValue = 2

// ** Remained 6 (50.0 %) benchmark(s) to run. Estimated finish 2026-10-10 22:28 (0h 2m from now) **
// **************************
// Benchmark: DPIAServiceBenchmarks.'Request revision': ShortRun(IterationCount=3, LaunchCount=1, WarmupCount=3)
// *** Execute ***
// Launch: 1 / 1
// Execute: dotnet Encina.Benchmarks-ShortRun-1.dll --anonymousPipes 230 231 --benchmarkName Encina.Benchmarks.Compliance.DPIA.DPIAServiceBenchmarks.RequestRevision --job ShortRun --benchmarkId 6 in /home/runner/work/Encina/Encina/tests/Encina.BenchmarkTests/Encina.Benchmarks/bin/Release/net10.0/Encina.Benchmarks-ShortRun-1/bin/Release/net10.0
// Failed to set up high priority (Permission denied). In order to run benchmarks with high priority, make sure you have the right permissions.
// BeforeAnythingElse

// Benchmark Process Environment Information:
// BenchmarkDotNet v0.15.8
// Runtime=.NET 10.0.12 (10.0.12, 10.0.1226.42308), X64 RyuJIT x86-64-v4
// GC=Concurrent Workstation
// HardwareIntrinsics=AVX512 BITALG+VBMI2+VNNI+VPOPCNTDQ,AVX512 IFMA+VBMI,AVX512 F+BW+CD+DQ+VL,AVX2+BMI1+BMI2+F16C+FMA+LZCNT+MOVBE,AVX,SSE3+SSSE3+SSE4.1+SSE4.2+POPCNT,X86Base+SSE+SSE2,AES+PCLMUL VectorSize=256
// Job: ShortRun(IterationCount=3, LaunchCount=1, WarmupCount=3)

OverheadJitting  1: 1 op, 172820.00 ns, 172.8200 us/op
WorkloadJitting  1: 1 op, 7096708.00 ns, 7.0967 ms/op

OverheadJitting  2: 16 op, 185909.00 ns, 11.6193 us/op
WorkloadJitting  2: 16 op, 270426.00 ns, 16.9016 us/op

WorkloadPilot    1: 16 op, 63135.00 ns, 3.9459 us/op
WorkloadPilot    2: 32 op, 41202.00 ns, 1.2876 us/op
WorkloadPilot    3: 64 op, 72188.00 ns, 1.1279 us/op
WorkloadPilot    4: 128 op, 116144.00 ns, 907.3750 ns/op
WorkloadPilot    5: 256 op, 270075.00 ns, 1.0550 us/op
WorkloadPilot    6: 512 op, 349514.00 ns, 682.6445 ns/op
WorkloadPilot    7: 1024 op, 782444.00 ns, 764.1055 ns/op
WorkloadPilot    8: 2048 op, 1432720.00 ns, 699.5703 ns/op
WorkloadPilot    9: 4096 op, 3125950.00 ns, 763.1714 ns/op
WorkloadPilot   10: 8192 op, 5790447.00 ns, 706.8417 ns/op
WorkloadPilot   11: 16384 op, 11581717.00 ns, 706.8919 ns/op
WorkloadPilot   12: 32768 op, 23117874.00 ns, 705.5015 ns/op
WorkloadPilot   13: 65536 op, 52229582.00 ns, 796.9602 ns/op
WorkloadPilot   14: 131072 op, 113270061.00 ns, 864.1820 ns/op
WorkloadPilot   15: 262144 op, 236915830.00 ns, 903.7622 ns/op
WorkloadPilot   16: 524288 op, 516246908.00 ns, 984.6628 ns/op

OverheadWarmup   1: 524288 op, 749535.00 ns, 1.4296 ns/op
OverheadWarmup   2: 524288 op, 746480.00 ns, 1.4238 ns/op
OverheadWarmup   3: 524288 op, 748984.00 ns, 1.4286 ns/op
OverheadWarmup   4: 524288 op, 749805.00 ns, 1.4301 ns/op
OverheadWarmup   5: 524288 op, 737656.00 ns, 1.4070 ns/op
OverheadWarmup   6: 524288 op, 737577.00 ns, 1.4068 ns/op
OverheadWarmup   7: 524288 op, 748043.00 ns, 1.4268 ns/op
OverheadWarmup   8: 524288 op, 737827.00 ns, 1.4073 ns/op

OverheadActual   1: 524288 op, 749214.00 ns, 1.4290 ns/op
OverheadActual   2: 524288 op, 748333.00 ns, 1.4273 ns/op
OverheadActual   3: 524288 op, 746260.00 ns, 1.4234 ns/op
OverheadActual   4: 524288 op, 739419.00 ns, 1.4103 ns/op
OverheadActual   5: 524288 op, 749044.00 ns, 1.4287 ns/op
OverheadActual   6: 524288 op, 746510.00 ns, 1.4239 ns/op
OverheadActual   7: 524288 op, 737978.00 ns, 1.4076 ns/op
OverheadActual   8: 524288 op, 748523.00 ns, 1.4277 ns/op
OverheadActual   9: 524288 op, 746950.00 ns, 1.4247 ns/op
OverheadActual  10: 524288 op, 746790.00 ns, 1.4244 ns/op
OverheadActual  11: 524288 op, 748293.00 ns, 1.4273 ns/op
OverheadActual  12: 524288 op, 757627.00 ns, 1.4451 ns/op
OverheadActual  13: 524288 op, 747422.00 ns, 1.4256 ns/op
OverheadActual  14: 524288 op, 746450.00 ns, 1.4237 ns/op
OverheadActual  15: 524288 op, 758658.00 ns, 1.4470 ns/op

WorkloadWarmup   1: 524288 op, 498355307.00 ns, 950.5373 ns/op
WorkloadWarmup   2: 524288 op, 495192810.00 ns, 944.5053 ns/op
WorkloadWarmup   3: 524288 op, 497757097.00 ns, 949.3963 ns/op

// BeforeActualRun
WorkloadActual   1: 524288 op, 588622116.00 ns, 1.1227 us/op
WorkloadActual   2: 524288 op, 491625507.00 ns, 937.7012 ns/op
WorkloadActual   3: 524288 op, 495089826.00 ns, 944.3089 ns/op

// AfterActualRun
WorkloadResult   1: 524288 op, 587874694.00 ns, 1.1213 us/op
WorkloadResult   2: 524288 op, 490878085.00 ns, 936.2756 ns/op
WorkloadResult   3: 524288 op, 494342404.00 ns, 942.8833 ns/op
// GC:  11 10 0 192937984 524288
// Threading:  0 0 524288

// AfterAll
// Benchmark Process 3721 has exited with code 0.

Mean = 1.000 μs, StdErr = 0.061 μs (6.06%), N = 3, StdDev = 0.105 μs
Min = 0.936 μs, Q1 = 0.940 μs, Median = 0.943 μs, Q3 = 1.032 μs, Max = 1.121 μs
IQR = 0.093 μs, LowerFence = 0.801 μs, UpperFence = 1.171 μs
ConfidenceInterval = [-0.915 μs; 2.915 μs] (CI 99.9%), Margin = 1.915 μs (191.45% of Mean)
Skewness = 0.38, Kurtosis = 0.67, MValue = 2

// ** Remained 5 (41.7 %) benchmark(s) to run. Estimated finish 2026-10-10 22:28 (0h 1m from now) **
// **************************
// Benchmark: DPIAServiceBenchmarks.'Expire assessment': ShortRun(IterationCount=3, LaunchCount=1, WarmupCount=3)
// *** Execute ***
// Launch: 1 / 1
// Execute: dotnet Encina.Benchmarks-ShortRun-1.dll --anonymousPipes 230 231 --benchmarkName Encina.Benchmarks.Compliance.DPIA.DPIAServiceBenchmarks.ExpireAssessment --job ShortRun --benchmarkId 7 in /home/runner/work/Encina/Encina/tests/Encina.BenchmarkTests/Encina.Benchmarks/bin/Release/net10.0/Encina.Benchmarks-ShortRun-1/bin/Release/net10.0
// Failed to set up high priority (Permission denied). In order to run benchmarks with high priority, make sure you have the right permissions.
// BeforeAnythingElse

// Benchmark Process Environment Information:
// BenchmarkDotNet v0.15.8
// Runtime=.NET 10.0.12 (10.0.12, 10.0.1226.42308), X64 RyuJIT x86-64-v4
// GC=Concurrent Workstation
// HardwareIntrinsics=AVX512 BITALG+VBMI2+VNNI+VPOPCNTDQ,AVX512 IFMA+VBMI,AVX512 F+BW+CD+DQ+VL,AVX2+BMI1+BMI2+F16C+FMA+LZCNT+MOVBE,AVX,SSE3+SSSE3+SSE4.1+SSE4.2+POPCNT,X86Base+SSE+SSE2,AES+PCLMUL VectorSize=256
// Job: ShortRun(IterationCount=3, LaunchCount=1, WarmupCount=3)

OverheadJitting  1: 1 op, 169324.00 ns, 169.3240 us/op
WorkloadJitting  1: 1 op, 7038540.00 ns, 7.0385 ms/op

OverheadJitting  2: 16 op, 193279.00 ns, 12.0799 us/op
WorkloadJitting  2: 16 op, 268222.00 ns, 16.7639 us/op

WorkloadPilot    1: 16 op, 54532.00 ns, 3.4083 us/op
WorkloadPilot    2: 32 op, 27862.00 ns, 870.6875 ns/op
WorkloadPilot    3: 64 op, 55013.00 ns, 859.5781 ns/op
WorkloadPilot    4: 128 op, 86530.00 ns, 676.0156 ns/op
WorkloadPilot    5: 256 op, 167531.00 ns, 654.4180 ns/op
WorkloadPilot    6: 512 op, 276144.00 ns, 539.3438 ns/op
WorkloadPilot    7: 1024 op, 675162.00 ns, 659.3379 ns/op
WorkloadPilot    8: 2048 op, 1229182.00 ns, 600.1865 ns/op
WorkloadPilot    9: 4096 op, 2672896.00 ns, 652.5625 ns/op
WorkloadPilot   10: 8192 op, 4882087.00 ns, 595.9579 ns/op
WorkloadPilot   11: 16384 op, 9840660.00 ns, 600.6262 ns/op
WorkloadPilot   12: 32768 op, 19518977.00 ns, 595.6719 ns/op
WorkloadPilot   13: 65536 op, 45882813.00 ns, 700.1162 ns/op
WorkloadPilot   14: 131072 op, 100856041.00 ns, 769.4705 ns/op
WorkloadPilot   15: 262144 op, 219824080.00 ns, 838.5623 ns/op
WorkloadPilot   16: 524288 op, 448947128.00 ns, 856.2987 ns/op
WorkloadPilot   17: 1048576 op, 944226432.00 ns, 900.4845 ns/op

OverheadWarmup   1: 1048576 op, 1499748.00 ns, 1.4303 ns/op
OverheadWarmup   2: 1048576 op, 1500449.00 ns, 1.4309 ns/op
OverheadWarmup   3: 1048576 op, 1487229.00 ns, 1.4183 ns/op
OverheadWarmup   4: 1048576 op, 1493881.00 ns, 1.4247 ns/op
OverheadWarmup   5: 1048576 op, 1485599.00 ns, 1.4168 ns/op

OverheadActual   1: 1048576 op, 1496345.00 ns, 1.4270 ns/op
OverheadActual   2: 1048576 op, 1491398.00 ns, 1.4223 ns/op
OverheadActual   3: 1048576 op, 1484810.00 ns, 1.4160 ns/op
OverheadActual   4: 1048576 op, 1484679.00 ns, 1.4159 ns/op
OverheadActual   5: 1048576 op, 1482005.00 ns, 1.4134 ns/op
OverheadActual   6: 1048576 op, 1493643.00 ns, 1.4244 ns/op
OverheadActual   7: 1048576 op, 1490759.00 ns, 1.4217 ns/op
OverheadActual   8: 1048576 op, 1497980.00 ns, 1.4286 ns/op
OverheadActual   9: 1048576 op, 1507133.00 ns, 1.4373 ns/op
OverheadActual  10: 1048576 op, 1485571.00 ns, 1.4168 ns/op
OverheadActual  11: 1048576 op, 1495485.00 ns, 1.4262 ns/op
OverheadActual  12: 1048576 op, 1485669.00 ns, 1.4168 ns/op
OverheadActual  13: 1048576 op, 1490276.00 ns, 1.4212 ns/op
OverheadActual  14: 1048576 op, 1487441.00 ns, 1.4185 ns/op
OverheadActual  15: 1048576 op, 1486611.00 ns, 1.4177 ns/op

WorkloadWarmup   1: 1048576 op, 875427718.00 ns, 834.8729 ns/op
WorkloadWarmup   2: 1048576 op, 878399155.00 ns, 837.7067 ns/op
WorkloadWarmup   3: 1048576 op, 881594697.00 ns, 840.7542 ns/op

// BeforeActualRun
WorkloadActual   1: 1048576 op, 890642048.00 ns, 849.3824 ns/op
WorkloadActual   2: 1048576 op, 874978160.00 ns, 834.4442 ns/op
WorkloadActual   3: 1048576 op, 880870772.00 ns, 840.0638 ns/op

// AfterActualRun
WorkloadResult   1: 1048576 op, 889151772.00 ns, 847.9612 ns/op
WorkloadResult   2: 1048576 op, 873487884.00 ns, 833.0230 ns/op
WorkloadResult   3: 1048576 op, 879380496.00 ns, 838.6426 ns/op
// GC:  22 21 0 385876224 1048576
// Threading:  0 0 1048576

// AfterAll
// Benchmark Process 3732 has exited with code 0.

Mean = 839.876 ns, StdErr = 4.356 ns (0.52%), N = 3, StdDev = 7.545 ns
Min = 833.023 ns, Q1 = 835.833 ns, Median = 838.643 ns, Q3 = 843.302 ns, Max = 847.961 ns
IQR = 7.469 ns, LowerFence = 824.629 ns, UpperFence = 854.506 ns
ConfidenceInterval = [702.226 ns; 977.526 ns] (CI 99.9%), Margin = 137.650 ns (16.39% of Mean)
Skewness = 0.16, Kurtosis = 0.67, MValue = 2

// ** Remained 4 (33.3 %) benchmark(s) to run. Estimated finish 2026-10-10 22:28 (0h 1m from now) **
// **************************
// Benchmark: DPIAServiceBenchmarks.'Get assessment by ID (cached)': ShortRun(IterationCount=3, LaunchCount=1, WarmupCount=3)
// *** Execute ***
// Launch: 1 / 1
// Execute: dotnet Encina.Benchmarks-ShortRun-1.dll --anonymousPipes 230 231 --benchmarkName Encina.Benchmarks.Compliance.DPIA.DPIAServiceBenchmarks.GetAssessmentById --job ShortRun --benchmarkId 8 in /home/runner/work/Encina/Encina/tests/Encina.BenchmarkTests/Encina.Benchmarks/bin/Release/net10.0/Encina.Benchmarks-ShortRun-1/bin/Release/net10.0
// Failed to set up high priority (Permission denied). In order to run benchmarks with high priority, make sure you have the right permissions.
// BeforeAnythingElse

// Benchmark Process Environment Information:
// BenchmarkDotNet v0.15.8
// Runtime=.NET 10.0.12 (10.0.12, 10.0.1226.42308), X64 RyuJIT x86-64-v4
// GC=Concurrent Workstation
// HardwareIntrinsics=AVX512 BITALG+VBMI2+VNNI+VPOPCNTDQ,AVX512 IFMA+VBMI,AVX512 F+BW+CD+DQ+VL,AVX2+BMI1+BMI2+F16C+FMA+LZCNT+MOVBE,AVX,SSE3+SSSE3+SSE4.1+SSE4.2+POPCNT,X86Base+SSE+SSE2,AES+PCLMUL VectorSize=256
// Job: ShortRun(IterationCount=3, LaunchCount=1, WarmupCount=3)

OverheadJitting  1: 1 op, 189875.00 ns, 189.8750 us/op
WorkloadJitting  1: 1 op, 6991497.00 ns, 6.9915 ms/op

OverheadJitting  2: 16 op, 397155.00 ns, 24.8222 us/op
WorkloadJitting  2: 16 op, 457256.00 ns, 28.5785 us/op

WorkloadPilot    1: 16 op, 53910.00 ns, 3.3694 us/op
WorkloadPilot    2: 32 op, 31587.00 ns, 987.0938 ns/op
WorkloadPilot    3: 64 op, 64046.00 ns, 1.0007 us/op
WorkloadPilot    4: 128 op, 88663.00 ns, 692.6797 ns/op
WorkloadPilot    5: 256 op, 179198.00 ns, 699.9922 ns/op
WorkloadPilot    6: 512 op, 366510.00 ns, 715.8398 ns/op
WorkloadPilot    7: 1024 op, 682914.00 ns, 666.9082 ns/op
WorkloadPilot    8: 2048 op, 1247842.00 ns, 609.2979 ns/op
WorkloadPilot    9: 4096 op, 2495173.00 ns, 609.1731 ns/op
WorkloadPilot   10: 8192 op, 4964886.00 ns, 606.0652 ns/op
WorkloadPilot   11: 16384 op, 10033830.00 ns, 612.4164 ns/op
WorkloadPilot   12: 32768 op, 19784495.00 ns, 603.7749 ns/op
WorkloadPilot   13: 65536 op, 43564031.00 ns, 664.7344 ns/op
WorkloadPilot   14: 131072 op, 108532358.00 ns, 828.0362 ns/op
WorkloadPilot   15: 262144 op, 214647098.00 ns, 818.8137 ns/op
WorkloadPilot   16: 524288 op, 477195832.00 ns, 910.1788 ns/op
WorkloadPilot   17: 1048576 op, 1002221675.00 ns, 955.7931 ns/op

OverheadWarmup   1: 1048576 op, 3038697.00 ns, 2.8979 ns/op
OverheadWarmup   2: 1048576 op, 3035843.00 ns, 2.8952 ns/op
OverheadWarmup   3: 1048576 op, 3090916.00 ns, 2.9477 ns/op
OverheadWarmup   4: 1048576 op, 3052509.00 ns, 2.9111 ns/op
OverheadWarmup   5: 1048576 op, 3034241.00 ns, 2.8937 ns/op
OverheadWarmup   6: 1048576 op, 3039179.00 ns, 2.8984 ns/op
OverheadWarmup   7: 1048576 op, 3038467.00 ns, 2.8977 ns/op

OverheadActual   1: 1048576 op, 3038317.00 ns, 2.8976 ns/op
OverheadActual   2: 1048576 op, 3039842.00 ns, 2.8990 ns/op
OverheadActual   3: 1048576 op, 3028805.00 ns, 2.8885 ns/op
OverheadActual   4: 1048576 op, 3034924.00 ns, 2.8943 ns/op
OverheadActual   5: 1048576 op, 3035545.00 ns, 2.8949 ns/op
OverheadActual   6: 1048576 op, 3037688.00 ns, 2.8970 ns/op
OverheadActual   7: 1048576 op, 3046021.00 ns, 2.9049 ns/op
OverheadActual   8: 1048576 op, 3095245.00 ns, 2.9519 ns/op
OverheadActual   9: 1048576 op, 3042516.00 ns, 2.9016 ns/op
OverheadActual  10: 1048576 op, 3036697.00 ns, 2.8960 ns/op
OverheadActual  11: 1048576 op, 3045939.00 ns, 2.9048 ns/op
OverheadActual  12: 1048576 op, 3031347.00 ns, 2.8909 ns/op
OverheadActual  13: 1048576 op, 3037607.00 ns, 2.8969 ns/op
OverheadActual  14: 1048576 op, 3035041.00 ns, 2.8944 ns/op
OverheadActual  15: 1048576 op, 3033038.00 ns, 2.8925 ns/op

WorkloadWarmup   1: 1048576 op, 916429005.00 ns, 873.9748 ns/op
WorkloadWarmup   2: 1048576 op, 929562399.00 ns, 886.4998 ns/op
WorkloadWarmup   3: 1048576 op, 948610022.00 ns, 904.6650 ns/op

// BeforeActualRun
WorkloadActual   1: 1048576 op, 958238413.00 ns, 913.8474 ns/op
WorkloadActual   2: 1048576 op, 935781545.00 ns, 892.4308 ns/op
WorkloadActual   3: 1048576 op, 926163636.00 ns, 883.2585 ns/op

// AfterActualRun
WorkloadResult   1: 1048576 op, 955200806.00 ns, 910.9505 ns/op
WorkloadResult   2: 1048576 op, 932743938.00 ns, 889.5339 ns/op
WorkloadResult   3: 1048576 op, 923126029.00 ns, 880.3616 ns/op
// GC:  26 25 0 461373696 1048576
// Threading:  0 0 1048576

// AfterAll
// Benchmark Process 3744 has exited with code 0.

Mean = 893.615 ns, StdErr = 9.063 ns (1.01%), N = 3, StdDev = 15.698 ns
Min = 880.362 ns, Q1 = 884.948 ns, Median = 889.534 ns, Q3 = 900.242 ns, Max = 910.950 ns
IQR = 15.294 ns, LowerFence = 862.006 ns, UpperFence = 923.184 ns
ConfidenceInterval = [607.233 ns; 1,179.997 ns] (CI 99.9%), Margin = 286.382 ns (32.05% of Mean)
Skewness = 0.24, Kurtosis = 0.67, MValue = 2

// ** Remained 3 (25.0 %) benchmark(s) to run. Estimated finish 2026-10-10 22:29 (0h 1m from now) **
// **************************
// Benchmark: DPIAServiceBenchmarks.'Get assessment by request type (pipeline hot-path)': ShortRun(IterationCount=3, LaunchCount=1, WarmupCount=3)
// *** Execute ***
// Launch: 1 / 1
// Execute: dotnet Encina.Benchmarks-ShortRun-1.dll --anonymousPipes 230 231 --benchmarkName Encina.Benchmarks.Compliance.DPIA.DPIAServiceBenchmarks.GetAssessmentByRequestType --job ShortRun --benchmarkId 9 in /home/runner/work/Encina/Encina/tests/Encina.BenchmarkTests/Encina.Benchmarks/bin/Release/net10.0/Encina.Benchmarks-ShortRun-1/bin/Release/net10.0
// Failed to set up high priority (Permission denied). In order to run benchmarks with high priority, make sure you have the right permissions.
// BeforeAnythingElse

// Benchmark Process Environment Information:
// BenchmarkDotNet v0.15.8
// Runtime=.NET 10.0.12 (10.0.12, 10.0.1226.42308), X64 RyuJIT x86-64-v4
// GC=Concurrent Workstation
// HardwareIntrinsics=AVX512 BITALG+VBMI2+VNNI+VPOPCNTDQ,AVX512 IFMA+VBMI,AVX512 F+BW+CD+DQ+VL,AVX2+BMI1+BMI2+F16C+FMA+LZCNT+MOVBE,AVX,SSE3+SSSE3+SSE4.1+SSE4.2+POPCNT,X86Base+SSE+SSE2,AES+PCLMUL VectorSize=256
// Job: ShortRun(IterationCount=3, LaunchCount=1, WarmupCount=3)

OverheadJitting  1: 1 op, 184517.00 ns, 184.5170 us/op
WorkloadJitting  1: 1 op, 6903111.00 ns, 6.9031 ms/op

OverheadJitting  2: 16 op, 393540.00 ns, 24.5963 us/op
WorkloadJitting  2: 16 op, 464216.00 ns, 29.0135 us/op

WorkloadPilot    1: 16 op, 53580.00 ns, 3.3488 us/op
WorkloadPilot    2: 32 op, 32038.00 ns, 1.0012 us/op
WorkloadPilot    3: 64 op, 58528.00 ns, 914.5000 ns/op
WorkloadPilot    4: 128 op, 102964.00 ns, 804.4063 ns/op
WorkloadPilot    5: 256 op, 172479.00 ns, 673.7461 ns/op
WorkloadPilot    6: 512 op, 336134.00 ns, 656.5117 ns/op
WorkloadPilot    7: 1024 op, 649784.00 ns, 634.5547 ns/op
WorkloadPilot    8: 2048 op, 1182733.00 ns, 577.5063 ns/op
WorkloadPilot    9: 4096 op, 2436733.00 ns, 594.9055 ns/op
WorkloadPilot   10: 8192 op, 4745166.00 ns, 579.2439 ns/op
WorkloadPilot   11: 16384 op, 9693836.00 ns, 591.6648 ns/op
WorkloadPilot   12: 32768 op, 19044037.00 ns, 581.1779 ns/op
WorkloadPilot   13: 65536 op, 41514321.00 ns, 633.4583 ns/op
WorkloadPilot   14: 131072 op, 112184103.00 ns, 855.8968 ns/op
WorkloadPilot   15: 262144 op, 212841931.00 ns, 811.9275 ns/op
WorkloadPilot   16: 524288 op, 444543463.00 ns, 847.8994 ns/op
WorkloadPilot   17: 1048576 op, 929792695.00 ns, 886.7194 ns/op

OverheadWarmup   1: 1048576 op, 3007860.00 ns, 2.8685 ns/op
OverheadWarmup   2: 1048576 op, 3027701.00 ns, 2.8874 ns/op
OverheadWarmup   3: 1048576 op, 3002502.00 ns, 2.8634 ns/op
OverheadWarmup   4: 1048576 op, 3007610.00 ns, 2.8683 ns/op
OverheadWarmup   5: 1048576 op, 3014511.00 ns, 2.8749 ns/op
OverheadWarmup   6: 1048576 op, 3015552.00 ns, 2.8759 ns/op
OverheadWarmup   7: 1048576 op, 3015482.00 ns, 2.8758 ns/op

OverheadActual   1: 1048576 op, 3030704.00 ns, 2.8903 ns/op
OverheadActual   2: 1048576 op, 3001200.00 ns, 2.8622 ns/op
OverheadActual   3: 1048576 op, 3020719.00 ns, 2.8808 ns/op
OverheadActual   4: 1048576 op, 3014290.00 ns, 2.8747 ns/op
OverheadActual   5: 1048576 op, 3014270.00 ns, 2.8746 ns/op
OverheadActual   6: 1048576 op, 3013208.00 ns, 2.8736 ns/op
OverheadActual   7: 1048576 op, 3015241.00 ns, 2.8756 ns/op
OverheadActual   8: 1048576 op, 3006128.00 ns, 2.8669 ns/op
OverheadActual   9: 1048576 op, 3015031.00 ns, 2.8754 ns/op
OverheadActual  10: 1048576 op, 3016052.00 ns, 2.8763 ns/op
OverheadActual  11: 1048576 op, 3019097.00 ns, 2.8792 ns/op
OverheadActual  12: 1048576 op, 3013829.00 ns, 2.8742 ns/op
OverheadActual  13: 1048576 op, 3019077.00 ns, 2.8792 ns/op
OverheadActual  14: 1048576 op, 3021541.00 ns, 2.8816 ns/op
OverheadActual  15: 1048576 op, 3009553.00 ns, 2.8701 ns/op

WorkloadWarmup   1: 1048576 op, 826573342.00 ns, 788.2818 ns/op
WorkloadWarmup   2: 1048576 op, 838217540.00 ns, 799.3865 ns/op
WorkloadWarmup   3: 1048576 op, 819733983.00 ns, 781.7592 ns/op

// BeforeActualRun
WorkloadActual   1: 1048576 op, 833036960.00 ns, 794.4460 ns/op
WorkloadActual   2: 1048576 op, 835759803.00 ns, 797.0427 ns/op
WorkloadActual   3: 1048576 op, 860537373.00 ns, 820.6724 ns/op

// AfterActualRun
WorkloadResult   1: 1048576 op, 830021929.00 ns, 791.5706 ns/op
WorkloadResult   2: 1048576 op, 832744772.00 ns, 794.1673 ns/op
WorkloadResult   3: 1048576 op, 857522342.00 ns, 817.7970 ns/op
// GC:  24 23 0 427819264 1048576
// Threading:  0 0 1048576

// AfterAll
// Benchmark Process 3757 has exited with code 0.

Mean = 801.178 ns, StdErr = 8.343 ns (1.04%), N = 3, StdDev = 14.451 ns
Min = 791.571 ns, Q1 = 792.869 ns, Median = 794.167 ns, Q3 = 805.982 ns, Max = 817.797 ns
IQR = 13.113 ns, LowerFence = 773.199 ns, UpperFence = 825.652 ns
ConfidenceInterval = [537.544 ns; 1,064.813 ns] (CI 99.9%), Margin = 263.634 ns (32.91% of Mean)
Skewness = 0.37, Kurtosis = 0.67, MValue = 2

// ** Remained 2 (16.7 %) benchmark(s) to run. Estimated finish 2026-10-10 22:29 (0h 0m from now) **
// **************************
// Benchmark: DPIAServiceBenchmarks.'Get expired assessments': ShortRun(IterationCount=3, LaunchCount=1, WarmupCount=3)
// *** Execute ***
// Launch: 1 / 1
// Execute: dotnet Encina.Benchmarks-ShortRun-1.dll --anonymousPipes 230 231 --benchmarkName Encina.Benchmarks.Compliance.DPIA.DPIAServiceBenchmarks.GetExpiredAssessments --job ShortRun --benchmarkId 10 in /home/runner/work/Encina/Encina/tests/Encina.BenchmarkTests/Encina.Benchmarks/bin/Release/net10.0/Encina.Benchmarks-ShortRun-1/bin/Release/net10.0
// Failed to set up high priority (Permission denied). In order to run benchmarks with high priority, make sure you have the right permissions.
// BeforeAnythingElse

// Benchmark Process Environment Information:
// BenchmarkDotNet v0.15.8
// Runtime=.NET 10.0.12 (10.0.12, 10.0.1226.42308), X64 RyuJIT x86-64-v4
// GC=Concurrent Workstation
// HardwareIntrinsics=AVX512 BITALG+VBMI2+VNNI+VPOPCNTDQ,AVX512 IFMA+VBMI,AVX512 F+BW+CD+DQ+VL,AVX2+BMI1+BMI2+F16C+FMA+LZCNT+MOVBE,AVX,SSE3+SSSE3+SSE4.1+SSE4.2+POPCNT,X86Base+SSE+SSE2,AES+PCLMUL VectorSize=256
// Job: ShortRun(IterationCount=3, LaunchCount=1, WarmupCount=3)

OverheadJitting  1: 1 op, 192799.00 ns, 192.7990 us/op
WorkloadJitting  1: 1 op, 6992184.00 ns, 6.9922 ms/op

OverheadJitting  2: 16 op, 422233.00 ns, 26.3896 us/op
WorkloadJitting  2: 16 op, 474131.00 ns, 29.6332 us/op

WorkloadPilot    1: 16 op, 71036.00 ns, 4.4398 us/op
WorkloadPilot    2: 32 op, 36675.00 ns, 1.1461 us/op
WorkloadPilot    3: 64 op, 53580.00 ns, 837.1875 ns/op
WorkloadPilot    4: 128 op, 83385.00 ns, 651.4453 ns/op
WorkloadPilot    5: 256 op, 165258.00 ns, 645.5391 ns/op
WorkloadPilot    6: 512 op, 294792.00 ns, 575.7656 ns/op
WorkloadPilot    7: 1024 op, 616103.00 ns, 601.6631 ns/op
WorkloadPilot    8: 2048 op, 1093500.00 ns, 533.9355 ns/op
WorkloadPilot    9: 4096 op, 2211385.00 ns, 539.8889 ns/op
WorkloadPilot   10: 8192 op, 4310563.00 ns, 526.1918 ns/op
WorkloadPilot   11: 16384 op, 8726034.00 ns, 532.5948 ns/op
WorkloadPilot   12: 32768 op, 17364105.00 ns, 529.9104 ns/op
WorkloadPilot   13: 65536 op, 38978743.00 ns, 594.7684 ns/op
WorkloadPilot   14: 131072 op, 96621130.00 ns, 737.1607 ns/op
WorkloadPilot   15: 262144 op, 198292962.00 ns, 756.4276 ns/op
WorkloadPilot   16: 524288 op, 382000094.00 ns, 728.6074 ns/op
WorkloadPilot   17: 1048576 op, 880633363.00 ns, 839.8374 ns/op

OverheadWarmup   1: 1048576 op, 3018787.00 ns, 2.8789 ns/op
OverheadWarmup   2: 1048576 op, 3009843.00 ns, 2.8704 ns/op
OverheadWarmup   3: 1048576 op, 3019207.00 ns, 2.8793 ns/op
OverheadWarmup   4: 1048576 op, 3011616.00 ns, 2.8721 ns/op
OverheadWarmup   5: 1048576 op, 3016993.00 ns, 2.8772 ns/op
OverheadWarmup   6: 1048576 op, 3018046.00 ns, 2.8782 ns/op
OverheadWarmup   7: 1048576 op, 3015772.00 ns, 2.8761 ns/op

OverheadActual   1: 1048576 op, 3017655.00 ns, 2.8779 ns/op
OverheadActual   2: 1048576 op, 3013749.00 ns, 2.8741 ns/op
OverheadActual   3: 1048576 op, 3018246.00 ns, 2.8784 ns/op
OverheadActual   4: 1048576 op, 3025787.00 ns, 2.8856 ns/op
OverheadActual   5: 1048576 op, 3014070.00 ns, 2.8744 ns/op
OverheadActual   6: 1048576 op, 3016272.00 ns, 2.8765 ns/op
OverheadActual   7: 1048576 op, 3017344.00 ns, 2.8776 ns/op
OverheadActual   8: 1048576 op, 3021611.00 ns, 2.8816 ns/op
OverheadActual   9: 1048576 op, 3017935.00 ns, 2.8781 ns/op
OverheadActual  10: 1048576 op, 3016212.00 ns, 2.8765 ns/op
OverheadActual  11: 1048576 op, 3016343.00 ns, 2.8766 ns/op
OverheadActual  12: 1048576 op, 3013409.00 ns, 2.8738 ns/op
OverheadActual  13: 1048576 op, 3018646.00 ns, 2.8788 ns/op
OverheadActual  14: 1048576 op, 3015611.00 ns, 2.8759 ns/op
OverheadActual  15: 1048576 op, 3004745.00 ns, 2.8655 ns/op

WorkloadWarmup   1: 1048576 op, 876919106.00 ns, 836.2952 ns/op
WorkloadWarmup   2: 1048576 op, 827786167.00 ns, 789.4384 ns/op
WorkloadWarmup   3: 1048576 op, 757147514.00 ns, 722.0721 ns/op

// BeforeActualRun
WorkloadActual   1: 1048576 op, 746172979.00 ns, 711.6060 ns/op
WorkloadActual   2: 1048576 op, 805954297.00 ns, 768.6179 ns/op
WorkloadActual   3: 1048576 op, 780299671.00 ns, 744.1518 ns/op

// AfterActualRun
WorkloadResult   1: 1048576 op, 743156636.00 ns, 708.7294 ns/op
WorkloadResult   2: 1048576 op, 802937954.00 ns, 765.7413 ns/op
WorkloadResult   3: 1048576 op, 777283328.00 ns, 741.2751 ns/op
// GC:  24 23 0 419430656 1048576
// Threading:  0 0 1048576

// AfterAll
// Benchmark Process 3773 has exited with code 0.

Mean = 738.582 ns, StdErr = 16.513 ns (2.24%), N = 3, StdDev = 28.601 ns
Min = 708.729 ns, Q1 = 725.002 ns, Median = 741.275 ns, Q3 = 753.508 ns, Max = 765.741 ns
IQR = 28.506 ns, LowerFence = 682.243 ns, UpperFence = 796.267 ns
ConfidenceInterval = [216.789 ns; 1,260.375 ns] (CI 99.9%), Margin = 521.793 ns (70.65% of Mean)
Skewness = -0.09, Kurtosis = 0.67, MValue = 2

// ** Remained 1 (8.3 %) benchmark(s) to run. Estimated finish 2026-10-10 22:29 (0h 0m from now) **
// **************************
// Benchmark: DPIAServiceBenchmarks.'Get all assessments': ShortRun(IterationCount=3, LaunchCount=1, WarmupCount=3)
// *** Execute ***
// Launch: 1 / 1
// Execute: dotnet Encina.Benchmarks-ShortRun-1.dll --anonymousPipes 230 231 --benchmarkName Encina.Benchmarks.Compliance.DPIA.DPIAServiceBenchmarks.GetAllAssessments --job ShortRun --benchmarkId 11 in /home/runner/work/Encina/Encina/tests/Encina.BenchmarkTests/Encina.Benchmarks/bin/Release/net10.0/Encina.Benchmarks-ShortRun-1/bin/Release/net10.0
// Failed to set up high priority (Permission denied). In order to run benchmarks with high priority, make sure you have the right permissions.
// BeforeAnythingElse

// Benchmark Process Environment Information:
// BenchmarkDotNet v0.15.8
// Runtime=.NET 10.0.12 (10.0.12, 10.0.1226.42308), X64 RyuJIT x86-64-v4
// GC=Concurrent Workstation
// HardwareIntrinsics=AVX512 BITALG+VBMI2+VNNI+VPOPCNTDQ,AVX512 IFMA+VBMI,AVX512 F+BW+CD+DQ+VL,AVX2+BMI1+BMI2+F16C+FMA+LZCNT+MOVBE,AVX,SSE3+SSSE3+SSE4.1+SSE4.2+POPCNT,X86Base+SSE+SSE2,AES+PCLMUL VectorSize=256
// Job: ShortRun(IterationCount=3, LaunchCount=1, WarmupCount=3)

OverheadJitting  1: 1 op, 195122.00 ns, 195.1220 us/op
WorkloadJitting  1: 1 op, 7050672.00 ns, 7.0507 ms/op

OverheadJitting  2: 16 op, 443685.00 ns, 27.7303 us/op
WorkloadJitting  2: 16 op, 506249.00 ns, 31.6406 us/op

WorkloadPilot    1: 16 op, 66039.00 ns, 4.1274 us/op
WorkloadPilot    2: 32 op, 32579.00 ns, 1.0181 us/op
WorkloadPilot    3: 64 op, 52118.00 ns, 814.3438 ns/op
WorkloadPilot    4: 128 op, 83194.00 ns, 649.9531 ns/op
WorkloadPilot    5: 256 op, 160170.00 ns, 625.6641 ns/op
WorkloadPilot    6: 512 op, 290967.00 ns, 568.2949 ns/op
WorkloadPilot    7: 1024 op, 576504.00 ns, 562.9922 ns/op
WorkloadPilot    8: 2048 op, 1017476.00 ns, 496.8145 ns/op
WorkloadPilot    9: 4096 op, 2028231.00 ns, 495.1736 ns/op
WorkloadPilot   10: 8192 op, 3965826.00 ns, 484.1096 ns/op
WorkloadPilot   11: 16384 op, 7954367.00 ns, 485.4960 ns/op
WorkloadPilot   12: 32768 op, 16304377.00 ns, 497.5701 ns/op
WorkloadPilot   13: 65536 op, 36873799.00 ns, 562.6495 ns/op
WorkloadPilot   14: 131072 op, 97129978.00 ns, 741.0429 ns/op
WorkloadPilot   15: 262144 op, 186114632.00 ns, 709.9710 ns/op
WorkloadPilot   16: 524288 op, 376399768.00 ns, 717.9256 ns/op
WorkloadPilot   17: 1048576 op, 863786118.00 ns, 823.7706 ns/op

OverheadWarmup   1: 1048576 op, 3016482.00 ns, 2.8767 ns/op
OverheadWarmup   2: 1048576 op, 3011634.00 ns, 2.8721 ns/op
OverheadWarmup   3: 1048576 op, 3015110.00 ns, 2.8754 ns/op
OverheadWarmup   4: 1048576 op, 3009020.00 ns, 2.8696 ns/op
OverheadWarmup   5: 1048576 op, 3004503.00 ns, 2.8653 ns/op
OverheadWarmup   6: 1048576 op, 3000508.00 ns, 2.8615 ns/op
OverheadWarmup   7: 1048576 op, 3006777.00 ns, 2.8675 ns/op
OverheadWarmup   8: 1048576 op, 3030673.00 ns, 2.8903 ns/op
OverheadWarmup   9: 1048576 op, 3046636.00 ns, 2.9055 ns/op
OverheadWarmup  10: 1048576 op, 3081520.00 ns, 2.9388 ns/op

OverheadActual   1: 1048576 op, 3018234.00 ns, 2.8784 ns/op
OverheadActual   2: 1048576 op, 3007078.00 ns, 2.8678 ns/op
OverheadActual   3: 1048576 op, 3009912.00 ns, 2.8705 ns/op
OverheadActual   4: 1048576 op, 3005134.00 ns, 2.8659 ns/op
OverheadActual   5: 1048576 op, 3007258.00 ns, 2.8679 ns/op
OverheadActual   6: 1048576 op, 3020588.00 ns, 2.8807 ns/op
OverheadActual   7: 1048576 op, 3023262.00 ns, 2.8832 ns/op
OverheadActual   8: 1048576 op, 3006130.00 ns, 2.8669 ns/op
OverheadActual   9: 1048576 op, 3027363.00 ns, 2.8871 ns/op
OverheadActual  10: 1048576 op, 3007613.00 ns, 2.8683 ns/op
OverheadActual  11: 1048576 op, 3011899.00 ns, 2.8724 ns/op
OverheadActual  12: 1048576 op, 3021463.00 ns, 2.8815 ns/op
OverheadActual  13: 1048576 op, 3009065.00 ns, 2.8697 ns/op
OverheadActual  14: 1048576 op, 3014544.00 ns, 2.8749 ns/op
OverheadActual  15: 1048576 op, 3010688.00 ns, 2.8712 ns/op

WorkloadWarmup   1: 1048576 op, 799770503.00 ns, 762.7206 ns/op
WorkloadWarmup   2: 1048576 op, 807169794.00 ns, 769.7771 ns/op
WorkloadWarmup   3: 1048576 op, 794471821.00 ns, 757.6674 ns/op

// BeforeActualRun
WorkloadActual   1: 1048576 op, 801314105.00 ns, 764.1927 ns/op
WorkloadActual   2: 1048576 op, 846053527.00 ns, 806.8595 ns/op
WorkloadActual   3: 1048576 op, 783020095.00 ns, 746.7462 ns/op

// AfterActualRun
WorkloadResult   1: 1048576 op, 798303417.00 ns, 761.3215 ns/op
WorkloadResult   2: 1048576 op, 843042839.00 ns, 803.9883 ns/op
WorkloadResult   3: 1048576 op, 780009407.00 ns, 743.8749 ns/op
// GC:  24 23 0 419430656 1048576
// Threading:  0 0 1048576

// AfterAll
// Benchmark Process 3785 has exited with code 0.

Mean = 769.728 ns, StdErr = 17.855 ns (2.32%), N = 3, StdDev = 30.926 ns
Min = 743.875 ns, Q1 = 752.598 ns, Median = 761.321 ns, Q3 = 782.655 ns, Max = 803.988 ns
IQR = 30.057 ns, LowerFence = 707.513 ns, UpperFence = 827.740 ns
ConfidenceInterval = [205.525 ns; 1,333.931 ns] (CI 99.9%), Margin = 564.203 ns (73.30% of Mean)
Skewness = 0.25, Kurtosis = 0.67, MValue = 2

// ** Remained 0 (0.0 %) benchmark(s) to run. Estimated finish 2026-10-10 22:29 (0h 0m from now) **
// ***** BenchmarkRunner: Finish  *****

// * Export *
  artifacts/performance/Core/results/Encina.Benchmarks.Compliance.DPIA.DPIAServiceBenchmarks-report.csv
  artifacts/performance/Core/results/Encina.Benchmarks.Compliance.DPIA.DPIAServiceBenchmarks-report-github.md
  artifacts/performance/Core/results/Encina.Benchmarks.Compliance.DPIA.DPIAServiceBenchmarks-report.html
  artifacts/performance/Core/results/Encina.Benchmarks.Compliance.DPIA.DPIAServiceBenchmarks-report-full-compressed.json

// * Detailed results *
DPIAServiceBenchmarks.'Create assessment (fast path)': ShortRun(IterationCount=3, LaunchCount=1, WarmupCount=3)
Runtime = .NET 10.0.12 (10.0.12, 10.0.1226.42308), X64 RyuJIT x86-64-v4; GC = Concurrent Workstation
Mean = 1.174 μs, StdErr = 0.003 μs (0.29%), N = 3, StdDev = 0.006 μs
Min = 1.170 μs, Q1 = 1.171 μs, Median = 1.171 μs, Q3 = 1.176 μs, Max = 1.181 μs
IQR = 0.005 μs, LowerFence = 1.163 μs, UpperFence = 1.184 μs
ConfidenceInterval = [1.067 μs; 1.281 μs] (CI 99.9%), Margin = 0.107 μs (9.12% of Mean)
Skewness = 0.38, Kurtosis = 0.67, MValue = 2
-------------------- Histogram --------------------
[1.170 μs ; 1.181 μs) | @@@
---------------------------------------------------

DPIAServiceBenchmarks.'Evaluate assessment (risk engine)': ShortRun(IterationCount=3, LaunchCount=1, WarmupCount=3)
Runtime = .NET 10.0.12 (10.0.12, 10.0.1226.42308), X64 RyuJIT x86-64-v4; GC = Concurrent Workstation
Mean = 1.084 μs, StdErr = 0.012 μs (1.07%), N = 3, StdDev = 0.020 μs
Min = 1.068 μs, Q1 = 1.073 μs, Median = 1.077 μs, Q3 = 1.092 μs, Max = 1.107 μs
IQR = 0.019 μs, LowerFence = 1.044 μs, UpperFence = 1.120 μs
ConfidenceInterval = [0.718 μs; 1.450 μs] (CI 99.9%), Margin = 0.366 μs (33.79% of Mean)
Skewness = 0.31, Kurtosis = 0.67, MValue = 2
-------------------- Histogram --------------------
[1.054 μs ; 1.091 μs) | @@
[1.091 μs ; 1.125 μs) | @
---------------------------------------------------

DPIAServiceBenchmarks.'RequiresDPIA check (pipeline hot-path)': ShortRun(IterationCount=3, LaunchCount=1, WarmupCount=3)
Runtime = .NET 10.0.12 (10.0.12, 10.0.1226.42308), X64 RyuJIT x86-64-v4; GC = Concurrent Workstation
Mean = 733.152 ns, StdErr = 9.280 ns (1.27%), N = 3, StdDev = 16.074 ns
Min = 717.090 ns, Q1 = 725.109 ns, Median = 733.127 ns, Q3 = 741.182 ns, Max = 749.238 ns
IQR = 16.074 ns, LowerFence = 700.998 ns, UpperFence = 765.293 ns
ConfidenceInterval = [439.910 ns; 1,026.393 ns] (CI 99.9%), Margin = 293.242 ns (40.00% of Mean)
Skewness = 0, Kurtosis = 0.67, MValue = 2
-------------------- Histogram --------------------
[710.481 ns ; 739.736 ns) | @@
[739.736 ns ; 763.865 ns) | @
---------------------------------------------------

DPIAServiceBenchmarks.'Request DPO consultation': ShortRun(IterationCount=3, LaunchCount=1, WarmupCount=3)
Runtime = .NET 10.0.12 (10.0.12, 10.0.1226.42308), X64 RyuJIT x86-64-v4; GC = Concurrent Workstation
Mean = 983.647 ns, StdErr = 17.570 ns (1.79%), N = 3, StdDev = 30.433 ns
Min = 964.739 ns, Q1 = 966.094 ns, Median = 967.449 ns, Q3 = 993.101 ns, Max = 1,018.753 ns
IQR = 27.007 ns, LowerFence = 925.584 ns, UpperFence = 1,033.612 ns
ConfidenceInterval = [428.442 ns; 1,538.853 ns] (CI 99.9%), Margin = 555.205 ns (56.44% of Mean)
Skewness = 0.38, Kurtosis = 0.67, MValue = 2
-------------------- Histogram --------------------
[964.051 ns ; 1,019.441 ns) | @@@
---------------------------------------------------

DPIAServiceBenchmarks.'Approve assessment': ShortRun(IterationCount=3, LaunchCount=1, WarmupCount=3)
Runtime = .NET 10.0.12 (10.0.12, 10.0.1226.42308), X64 RyuJIT x86-64-v4; GC = Concurrent Workstation
Mean = 1.767 μs, StdErr = 0.011 μs (0.64%), N = 3, StdDev = 0.020 μs
Min = 1.750 μs, Q1 = 1.756 μs, Median = 1.761 μs, Q3 = 1.775 μs, Max = 1.788 μs
IQR = 0.019 μs, LowerFence = 1.727 μs, UpperFence = 1.803 μs
ConfidenceInterval = [1.407 μs; 2.126 μs] (CI 99.9%), Margin = 0.360 μs (20.36% of Mean)
Skewness = 0.26, Kurtosis = 0.67, MValue = 2
-------------------- Histogram --------------------
[1.738 μs ; 1.806 μs) | @@@
---------------------------------------------------

DPIAServiceBenchmarks.'Reject assessment': ShortRun(IterationCount=3, LaunchCount=1, WarmupCount=3)
Runtime = .NET 10.0.12 (10.0.12, 10.0.1226.42308), X64 RyuJIT x86-64-v4; GC = Concurrent Workstation
Mean = 987.261 ns, StdErr = 34.190 ns (3.46%), N = 3, StdDev = 59.218 ns
Min = 946.574 ns, Q1 = 953.292 ns, Median = 960.010 ns, Q3 = 1,007.604 ns, Max = 1,055.199 ns
IQR = 54.312 ns, LowerFence = 871.824 ns, UpperFence = 1,089.073 ns
ConfidenceInterval = [-93.101 ns; 2,067.623 ns] (CI 99.9%), Margin = 1,080.362 ns (109.43% of Mean)
Skewness = 0.36, Kurtosis = 0.67, MValue = 2
-------------------- Histogram --------------------
[  892.684 ns ; 1,007.183 ns) | @@
[1,007.183 ns ; 1,109.090 ns) | @
---------------------------------------------------

DPIAServiceBenchmarks.'Request revision': ShortRun(IterationCount=3, LaunchCount=1, WarmupCount=3)
Runtime = .NET 10.0.12 (10.0.12, 10.0.1226.42308), X64 RyuJIT x86-64-v4; GC = Concurrent Workstation
Mean = 1.000 μs, StdErr = 0.061 μs (6.06%), N = 3, StdDev = 0.105 μs
Min = 0.936 μs, Q1 = 0.940 μs, Median = 0.943 μs, Q3 = 1.032 μs, Max = 1.121 μs
IQR = 0.093 μs, LowerFence = 0.801 μs, UpperFence = 1.171 μs
ConfidenceInterval = [-0.915 μs; 2.915 μs] (CI 99.9%), Margin = 1.915 μs (191.45% of Mean)
Skewness = 0.38, Kurtosis = 0.67, MValue = 2
-------------------- Histogram --------------------
[0.933 μs ; 1.124 μs) | @@@
---------------------------------------------------

DPIAServiceBenchmarks.'Expire assessment': ShortRun(IterationCount=3, LaunchCount=1, WarmupCount=3)
Runtime = .NET 10.0.12 (10.0.12, 10.0.1226.42308), X64 RyuJIT x86-64-v4; GC = Concurrent Workstation
Mean = 839.876 ns, StdErr = 4.356 ns (0.52%), N = 3, StdDev = 7.545 ns
Min = 833.023 ns, Q1 = 835.833 ns, Median = 838.643 ns, Q3 = 843.302 ns, Max = 847.961 ns
IQR = 7.469 ns, LowerFence = 824.629 ns, UpperFence = 854.506 ns
ConfidenceInterval = [702.226 ns; 977.526 ns] (CI 99.9%), Margin = 137.650 ns (16.39% of Mean)
Skewness = 0.16, Kurtosis = 0.67, MValue = 2
-------------------- Histogram --------------------
[826.157 ns ; 854.828 ns) | @@@
---------------------------------------------------

DPIAServiceBenchmarks.'Get assessment by ID (cached)': ShortRun(IterationCount=3, LaunchCount=1, WarmupCount=3)
Runtime = .NET 10.0.12 (10.0.12, 10.0.1226.42308), X64 RyuJIT x86-64-v4; GC = Concurrent Workstation
Mean = 893.615 ns, StdErr = 9.063 ns (1.01%), N = 3, StdDev = 15.698 ns
Min = 880.362 ns, Q1 = 884.948 ns, Median = 889.534 ns, Q3 = 900.242 ns, Max = 910.950 ns
IQR = 15.294 ns, LowerFence = 862.006 ns, UpperFence = 923.184 ns
ConfidenceInterval = [607.233 ns; 1,179.997 ns] (CI 99.9%), Margin = 286.382 ns (32.05% of Mean)
Skewness = 0.24, Kurtosis = 0.67, MValue = 2
-------------------- Histogram --------------------
[870.662 ns ; 899.233 ns) | @@
[899.233 ns ; 925.236 ns) | @
---------------------------------------------------

DPIAServiceBenchmarks.'Get assessment by request type (pipeline hot-path)': ShortRun(IterationCount=3, LaunchCount=1, WarmupCount=3)
Runtime = .NET 10.0.12 (10.0.12, 10.0.1226.42308), X64 RyuJIT x86-64-v4; GC = Concurrent Workstation
Mean = 801.178 ns, StdErr = 8.343 ns (1.04%), N = 3, StdDev = 14.451 ns
Min = 791.571 ns, Q1 = 792.869 ns, Median = 794.167 ns, Q3 = 805.982 ns, Max = 817.797 ns
IQR = 13.113 ns, LowerFence = 773.199 ns, UpperFence = 825.652 ns
ConfidenceInterval = [537.544 ns; 1,064.813 ns] (CI 99.9%), Margin = 263.634 ns (32.91% of Mean)
Skewness = 0.37, Kurtosis = 0.67, MValue = 2
-------------------- Histogram --------------------
[791.533 ns ; 817.834 ns) | @@@
---------------------------------------------------

DPIAServiceBenchmarks.'Get expired assessments': ShortRun(IterationCount=3, LaunchCount=1, WarmupCount=3)
Runtime = .NET 10.0.12 (10.0.12, 10.0.1226.42308), X64 RyuJIT x86-64-v4; GC = Concurrent Workstation
Mean = 738.582 ns, StdErr = 16.513 ns (2.24%), N = 3, StdDev = 28.601 ns
Min = 708.729 ns, Q1 = 725.002 ns, Median = 741.275 ns, Q3 = 753.508 ns, Max = 765.741 ns
IQR = 28.506 ns, LowerFence = 682.243 ns, UpperFence = 796.267 ns
ConfidenceInterval = [216.789 ns; 1,260.375 ns] (CI 99.9%), Margin = 521.793 ns (70.65% of Mean)
Skewness = -0.09, Kurtosis = 0.67, MValue = 2
-------------------- Histogram --------------------
[682.701 ns ; 727.480 ns) | @
[727.480 ns ; 779.536 ns) | @@
---------------------------------------------------

DPIAServiceBenchmarks.'Get all assessments': ShortRun(IterationCount=3, LaunchCount=1, WarmupCount=3)
Runtime = .NET 10.0.12 (10.0.12, 10.0.1226.42308), X64 RyuJIT x86-64-v4; GC = Concurrent Workstation
Mean = 769.728 ns, StdErr = 17.855 ns (2.32%), N = 3, StdDev = 30.926 ns
Min = 743.875 ns, Q1 = 752.598 ns, Median = 761.321 ns, Q3 = 782.655 ns, Max = 803.988 ns
IQR = 30.057 ns, LowerFence = 707.513 ns, UpperFence = 827.740 ns
ConfidenceInterval = [205.525 ns; 1,333.931 ns] (CI 99.9%), Margin = 564.203 ns (73.30% of Mean)
Skewness = 0.25, Kurtosis = 0.67, MValue = 2
-------------------- Histogram --------------------
[724.455 ns ; 780.742 ns) | @@
[780.742 ns ; 832.132 ns) | @
---------------------------------------------------

// * Summary *

BenchmarkDotNet v0.15.8, Linux Ubuntu 24.04.5 LTS (Noble Numbat)
AMD EPYC 9V74 2.60GHz, 1 CPU, 4 logical and 2 physical cores
.NET SDK 10.0.401
  [Host]   : .NET 10.0.12 (10.0.12, 10.0.1226.42308), X64 RyuJIT x86-64-v4
  ShortRun : .NET 10.0.12 (10.0.12, 10.0.1226.42308), X64 RyuJIT x86-64-v4

Job=ShortRun  IterationCount=3  LaunchCount=1  
WarmupCount=3  

| Method                                               | Mean       | Error      | StdDev    | Ratio | RatioSD | Rank | Gen0   | Gen1   | Allocated | Alloc Ratio |
|----------------------------------------------------- |-----------:|-----------:|----------:|------:|--------:|-----:|-------:|-------:|----------:|------------:|
| 'Create assessment (fast path)'                      | 1,174.2 ns |   107.1 ns |   5.87 ns |  1.00 |    0.01 |    1 | 0.0248 | 0.0229 |     432 B |        1.00 |
| 'Evaluate assessment (risk engine)'                  | 1,083.9 ns |   366.3 ns |  20.08 ns |  0.92 |    0.02 |    1 | 0.0248 | 0.0229 |     432 B |        1.00 |
| 'RequiresDPIA check (pipeline hot-path)'             |   733.2 ns |   293.2 ns |  16.07 ns |  0.62 |    0.01 |    1 | 0.0191 | 0.0181 |     336 B |        0.78 |
| 'Request DPO consultation'                           |   983.6 ns |   555.2 ns |  30.43 ns |  0.84 |    0.02 |    1 | 0.0248 | 0.0229 |     432 B |        1.00 |
| 'Approve assessment'                                 | 1,766.6 ns |   359.6 ns |  19.71 ns |  1.50 |    0.02 |    2 | 0.0553 | 0.0267 |     944 B |        2.19 |
| 'Reject assessment'                                  |   987.3 ns | 1,080.4 ns |  59.22 ns |  0.84 |    0.04 |    1 | 0.0210 | 0.0191 |     368 B |        0.85 |
| 'Request revision'                                   | 1,000.1 ns | 1,914.8 ns | 104.96 ns |  0.85 |    0.08 |    1 | 0.0210 | 0.0191 |     368 B |        0.85 |
| 'Expire assessment'                                  |   839.9 ns |   137.7 ns |   7.55 ns |  0.72 |    0.01 |    1 | 0.0210 | 0.0200 |     368 B |        0.85 |
| 'Get assessment by ID (cached)'                      |   893.6 ns |   286.4 ns |  15.70 ns |  0.76 |    0.01 |    1 | 0.0248 | 0.0238 |     440 B |        1.02 |
| 'Get assessment by request type (pipeline hot-path)' |   801.2 ns |   263.6 ns |  14.45 ns |  0.68 |    0.01 |    1 | 0.0229 | 0.0219 |     408 B |        0.94 |
| 'Get expired assessments'                            |   738.6 ns |   521.8 ns |  28.60 ns |  0.63 |    0.02 |    1 | 0.0229 | 0.0219 |     400 B |        0.93 |
| 'Get all assessments'                                |   769.7 ns |   564.2 ns |  30.93 ns |  0.66 |    0.02 |    1 | 0.0229 | 0.0219 |     400 B |        0.93 |
// * Config Issues *

// * Warnings *
Configuration
  Summary -> The exporter CsvExporter is already present in configuration. There may be unexpected results.
  Summary -> The exporter HtmlExporter is already present in configuration. There may be unexpected results.
  Summary -> The exporter MarkdownExporter-github is already present in configuration. There may be unexpected results.

// * Legends *
  Mean        : Arithmetic mean of all measurements
  Error       : Half of 99.9% confidence interval
  StdDev      : Standard deviation of all measurements
  Ratio       : Mean of the ratio distribution ([Current]/[Baseline])
  RatioSD     : Standard deviation of the ratio distribution ([Current]/[Baseline])
  Rank        : Relative position of current benchmark mean among all benchmarks (Arabic style)
  Gen0        : GC Generation 0 collects per 1000 operations
  Gen1        : GC Generation 1 collects per 1000 operations
  Allocated   : Allocated memory per single operation (managed only, inclusive, 1KB = 1024B)
  Alloc Ratio : Allocated memory ratio distribution ([Current]/[Baseline])
  1 ns        : 1 Nanosecond (0.000000001 sec)

// * Diagnostic Output - MemoryDiagnoser *


// ***** BenchmarkRunner: End *****
Run time: 00:04:54 (294.1 sec), executed benchmarks: 12

Global total time: 00:07:26 (446.77 sec), executed benchmarks: 12
// * Artifacts cleanup *
Artifacts cleanup is finished
