// Validating benchmarks:
// ***** BenchmarkRunner: Start   *****
// ***** Found 1 benchmark(s) in total *****
// ***** Building 1 exe(s) in Parallel: Start   *****
// start dotnet  restore --nodeReuse:false /p:UseSharedCompilation=false /p:Deterministic=true /p:Optimize=true /p:ArtifactsPath="/home/runner/work/Encina/Encina/tests/Encina.BenchmarkTests/Encina.Cdc.PostgreSql.Benchmarks/bin/Release/net10.0/Encina.Cdc.PostgreSql.Benchmarks-ShortRun-1/" /p:OutDir="/home/runner/work/Encina/Encina/tests/Encina.BenchmarkTests/Encina.Cdc.PostgreSql.Benchmarks/bin/Release/net10.0/Encina.Cdc.PostgreSql.Benchmarks-ShortRun-1/bin/Release/net10.0/" /p:OutputPath="/home/runner/work/Encina/Encina/tests/Encina.BenchmarkTests/Encina.Cdc.PostgreSql.Benchmarks/bin/Release/net10.0/Encina.Cdc.PostgreSql.Benchmarks-ShortRun-1/bin/Release/net10.0/" /p:PublishDir="/home/runner/work/Encina/Encina/tests/Encina.BenchmarkTests/Encina.Cdc.PostgreSql.Benchmarks/bin/Release/net10.0/Encina.Cdc.PostgreSql.Benchmarks-ShortRun-1/publish/" in /home/runner/work/Encina/Encina/tests/Encina.BenchmarkTests/Encina.Cdc.PostgreSql.Benchmarks/bin/Release/net10.0/Encina.Cdc.PostgreSql.Benchmarks-ShortRun-1
// command took 3.39 sec and exited with 0
// start dotnet  build -c Release --no-restore --nodeReuse:false /p:UseSharedCompilation=false /p:Deterministic=true /p:Optimize=true /p:ArtifactsPath="/home/runner/work/Encina/Encina/tests/Encina.BenchmarkTests/Encina.Cdc.PostgreSql.Benchmarks/bin/Release/net10.0/Encina.Cdc.PostgreSql.Benchmarks-ShortRun-1/" /p:OutDir="/home/runner/work/Encina/Encina/tests/Encina.BenchmarkTests/Encina.Cdc.PostgreSql.Benchmarks/bin/Release/net10.0/Encina.Cdc.PostgreSql.Benchmarks-ShortRun-1/bin/Release/net10.0/" /p:OutputPath="/home/runner/work/Encina/Encina/tests/Encina.BenchmarkTests/Encina.Cdc.PostgreSql.Benchmarks/bin/Release/net10.0/Encina.Cdc.PostgreSql.Benchmarks-ShortRun-1/bin/Release/net10.0/" /p:PublishDir="/home/runner/work/Encina/Encina/tests/Encina.BenchmarkTests/Encina.Cdc.PostgreSql.Benchmarks/bin/Release/net10.0/Encina.Cdc.PostgreSql.Benchmarks-ShortRun-1/publish/" --output "/home/runner/work/Encina/Encina/tests/Encina.BenchmarkTests/Encina.Cdc.PostgreSql.Benchmarks/bin/Release/net10.0/Encina.Cdc.PostgreSql.Benchmarks-ShortRun-1/bin/Release/net10.0/" in /home/runner/work/Encina/Encina/tests/Encina.BenchmarkTests/Encina.Cdc.PostgreSql.Benchmarks/bin/Release/net10.0/Encina.Cdc.PostgreSql.Benchmarks-ShortRun-1
// command took 59.6 sec and exited with 0
// ***** Done, took 00:01:03 (63.19 sec)   *****
// Found 1 benchmarks:
//   ConnectorBenchmarks.GetCurrentPositionAsync: ShortRun(IterationCount=3, LaunchCount=1, WarmupCount=3)

// **************************
// Benchmark: ConnectorBenchmarks.GetCurrentPositionAsync: ShortRun(IterationCount=3, LaunchCount=1, WarmupCount=3)
// *** Execute ***
// Launch: 1 / 1
// Execute: dotnet Encina.Cdc.PostgreSql.Benchmarks-ShortRun-1.dll --anonymousPipes 149 150 --benchmarkName Encina.Cdc.PostgreSql.Benchmarks.Benchmarks.ConnectorBenchmarks.GetCurrentPositionAsync --job ShortRun --benchmarkId 0 in /home/runner/work/Encina/Encina/tests/Encina.BenchmarkTests/Encina.Cdc.PostgreSql.Benchmarks/bin/Release/net10.0/Encina.Cdc.PostgreSql.Benchmarks-ShortRun-1/bin/Release/net10.0
// Failed to set up high priority (Permission denied). In order to run benchmarks with high priority, make sure you have the right permissions.
// BeforeAnythingElse

// Benchmark Process Environment Information:
// BenchmarkDotNet v0.15.8
// Runtime=.NET 10.0.12 (10.0.12, 10.0.1226.42308), X64 RyuJIT x86-64-v3
// GC=Concurrent Workstation
// HardwareIntrinsics=AVX2+BMI1+BMI2+F16C+FMA+LZCNT+MOVBE,AVX,SSE3+SSSE3+SSE4.1+SSE4.2+POPCNT,X86Base+SSE+SSE2,AES+PCLMUL VectorSize=256
// Job: ShortRun(IterationCount=3, LaunchCount=1, WarmupCount=3)

[testcontainers.org 00:00:00.36] Connected to Docker:
  Host: unix:///var/run/docker.sock
  Server Version: 28.0.4
  Kernel Version: 6.17.0-1022-azure
  API Version: 1.48
  Operating System: Ubuntu 24.04.5 LTS
  Total Memory: 15.61 GB
[testcontainers.org 00:00:00.42] Searching Docker registry credential in CredsStore
[testcontainers.org 00:00:00.42] Searching Docker registry credential in CredHelpers
[testcontainers.org 00:00:00.43] Searching Docker registry credential in Auths
[testcontainers.org 00:00:00.43] Searching Docker registry credential in Auths
[testcontainers.org 00:00:00.43] Docker registry credential https://index.docker.io/v1/ found
[testcontainers.org 00:00:01.24] Docker image testcontainers/ryuk:0.14.0@sha256:7c1a8a9a47c780ed0f983770a662f80deb115d95cce3e2daa3d12115b8cd28f0 created
[testcontainers.org 00:00:01.42] Docker container 77a64a09efa1 created
[testcontainers.org 00:00:01.54] Start Docker container 77a64a09efa1
[testcontainers.org 00:00:01.77] Wait for Docker container 77a64a09efa1 to complete readiness checks
[testcontainers.org 00:00:02.80] Docker container 77a64a09efa1 ready
[testcontainers.org 00:00:06.72] Docker image postgres:17-alpine created
[testcontainers.org 00:00:06.73] Docker container 8635a4cd3687 created
[testcontainers.org 00:00:06.73] Start Docker container 8635a4cd3687
[testcontainers.org 00:00:06.86] Wait for Docker container 8635a4cd3687 to complete readiness checks
[testcontainers.org 00:00:06.88] Execute "pg_isready --host localhost --dbname encina_cdc_bench --username postgres" at Docker container 8635a4cd3687
[testcontainers.org 00:00:07.97] Execute "pg_isready --host localhost --dbname encina_cdc_bench --username postgres" at Docker container 8635a4cd3687
[testcontainers.org 00:00:09.01] Execute "pg_isready --host localhost --dbname encina_cdc_bench --username postgres" at Docker container 8635a4cd3687
[testcontainers.org 00:00:09.06] Docker container 8635a4cd3687 ready
OverheadJitting  1: 1 op, 208319.00 ns, 208.3190 us/op
WorkloadJitting  1: 1 op, 711682210.00 ns, 711.6822 ms/op

OverheadJitting  2: 1 op, 400.00 ns, 400.0000 ns/op
WorkloadJitting  2: 1 op, 4930225.00 ns, 4.9302 ms/op

OverheadJitting  3: 16 op, 398575.00 ns, 24.9109 us/op
WorkloadJitting  3: 16 op, 5706374.00 ns, 356.6484 us/op

WorkloadPilot    1: 16 op, 5013219.00 ns, 313.3262 us/op
WorkloadPilot    2: 32 op, 10088696.00 ns, 315.2718 us/op
WorkloadPilot    3: 64 op, 19764851.00 ns, 308.8258 us/op
WorkloadPilot    4: 128 op, 39221537.00 ns, 306.4183 us/op
WorkloadPilot    5: 256 op, 75250475.00 ns, 293.9472 us/op
WorkloadPilot    6: 512 op, 150910083.00 ns, 294.7463 us/op
WorkloadPilot    7: 1024 op, 297107687.00 ns, 290.1442 us/op
WorkloadPilot    8: 2048 op, 601950614.00 ns, 293.9212 us/op

OverheadWarmup   1: 2048 op, 11992.00 ns, 5.8555 ns/op
OverheadWarmup   2: 2048 op, 7394.00 ns, 3.6104 ns/op
OverheadWarmup   3: 2048 op, 7293.00 ns, 3.5610 ns/op
OverheadWarmup   4: 2048 op, 7214.00 ns, 3.5225 ns/op
OverheadWarmup   5: 2048 op, 7524.00 ns, 3.6738 ns/op
OverheadWarmup   6: 2048 op, 7384.00 ns, 3.6055 ns/op
OverheadWarmup   7: 2048 op, 7294.00 ns, 3.5615 ns/op
OverheadWarmup   8: 2048 op, 7233.00 ns, 3.5317 ns/op
OverheadWarmup   9: 2048 op, 7193.00 ns, 3.5122 ns/op
OverheadWarmup  10: 2048 op, 7154.00 ns, 3.4932 ns/op

OverheadActual   1: 2048 op, 7253.00 ns, 3.5415 ns/op
OverheadActual   2: 2048 op, 7194.00 ns, 3.5127 ns/op
OverheadActual   3: 2048 op, 7224.00 ns, 3.5273 ns/op
OverheadActual   4: 2048 op, 7204.00 ns, 3.5176 ns/op
OverheadActual   5: 2048 op, 7244.00 ns, 3.5371 ns/op
OverheadActual   6: 2048 op, 7204.00 ns, 3.5176 ns/op
OverheadActual   7: 2048 op, 7243.00 ns, 3.5366 ns/op
OverheadActual   8: 2048 op, 7213.00 ns, 3.5220 ns/op
OverheadActual   9: 2048 op, 7244.00 ns, 3.5371 ns/op
OverheadActual  10: 2048 op, 7203.00 ns, 3.5171 ns/op
OverheadActual  11: 2048 op, 7163.00 ns, 3.4976 ns/op
OverheadActual  12: 2048 op, 7263.00 ns, 3.5464 ns/op
OverheadActual  13: 2048 op, 7264.00 ns, 3.5469 ns/op
OverheadActual  14: 2048 op, 7264.00 ns, 3.5469 ns/op
OverheadActual  15: 2048 op, 7203.00 ns, 3.5171 ns/op

WorkloadWarmup   1: 2048 op, 605152209.00 ns, 295.4845 us/op
WorkloadWarmup   2: 2048 op, 596668462.00 ns, 291.3420 us/op
WorkloadWarmup   3: 2048 op, 603196332.00 ns, 294.5295 us/op

// BeforeActualRun
WorkloadActual   1: 2048 op, 605253744.00 ns, 295.5341 us/op
WorkloadActual   2: 2048 op, 601443498.00 ns, 293.6736 us/op
WorkloadActual   3: 2048 op, 598076901.00 ns, 292.0297 us/op

// AfterActualRun
WorkloadResult   1: 2048 op, 605246520.00 ns, 295.5305 us/op
WorkloadResult   2: 2048 op, 601436274.00 ns, 293.6701 us/op
WorkloadResult   3: 2048 op, 598069677.00 ns, 292.0262 us/op
// GC:  0 0 0 4746712 2048
// Threading:  4049 70 2048

[testcontainers.org 00:00:15.54] Delete Docker container 8635a4cd3687
// AfterAll
// Benchmark Process 3166 has exited with code 0.

Mean = 293.742 μs, StdErr = 1.012 μs (0.34%), N = 3, StdDev = 1.753 μs
Min = 292.026 μs, Q1 = 292.848 μs, Median = 293.670 μs, Q3 = 294.600 μs, Max = 295.531 μs
IQR = 1.752 μs, LowerFence = 290.220 μs, UpperFence = 297.229 μs
ConfidenceInterval = [261.756 μs; 325.729 μs] (CI 99.9%), Margin = 31.986 μs (10.89% of Mean)
Skewness = 0.04, Kurtosis = 0.67, MValue = 2

// ** Remained 0 (0.0 %) benchmark(s) to run. Estimated finish 2026-10-06 16:36 (0h 0m from now) **
// ***** BenchmarkRunner: Finish  *****

// * Export *
  artifacts/performance/CdcPostgreSql/results/Encina.Cdc.PostgreSql.Benchmarks.Benchmarks.ConnectorBenchmarks-report.csv
  artifacts/performance/CdcPostgreSql/results/Encina.Cdc.PostgreSql.Benchmarks.Benchmarks.ConnectorBenchmarks-report-github.md
  artifacts/performance/CdcPostgreSql/results/Encina.Cdc.PostgreSql.Benchmarks.Benchmarks.ConnectorBenchmarks-report.html
  artifacts/performance/CdcPostgreSql/results/Encina.Cdc.PostgreSql.Benchmarks.Benchmarks.ConnectorBenchmarks-report-full-compressed.json

// * Detailed results *
ConnectorBenchmarks.GetCurrentPositionAsync: ShortRun(IterationCount=3, LaunchCount=1, WarmupCount=3)
Runtime = .NET 10.0.12 (10.0.12, 10.0.1226.42308), X64 RyuJIT x86-64-v3; GC = Concurrent Workstation
Mean = 293.742 μs, StdErr = 1.012 μs (0.34%), N = 3, StdDev = 1.753 μs
Min = 292.026 μs, Q1 = 292.848 μs, Median = 293.670 μs, Q3 = 294.600 μs, Max = 295.531 μs
IQR = 1.752 μs, LowerFence = 290.220 μs, UpperFence = 297.229 μs
ConfidenceInterval = [261.756 μs; 325.729 μs] (CI 99.9%), Margin = 31.986 μs (10.89% of Mean)
Skewness = 0.04, Kurtosis = 0.67, MValue = 2
-------------------- Histogram --------------------
[290.431 μs ; 295.777 μs) | @@@
---------------------------------------------------

// * Summary *

BenchmarkDotNet v0.15.8, Linux Ubuntu 24.04.5 LTS (Noble Numbat)
AMD EPYC 7763 2.96GHz, 1 CPU, 4 logical and 2 physical cores
.NET SDK 10.0.401
  [Host]   : .NET 10.0.12 (10.0.12, 10.0.1226.42308), X64 RyuJIT x86-64-v3
  ShortRun : .NET 10.0.12 (10.0.12, 10.0.1226.42308), X64 RyuJIT x86-64-v3

Job=ShortRun  IterationCount=3  LaunchCount=1  
WarmupCount=3  

| Method                  | Mean     | Error    | StdDev  | Ratio | Allocated | Alloc Ratio |
|------------------------ |---------:|---------:|--------:|------:|----------:|------------:|
| GetCurrentPositionAsync | 293.7 μs | 31.99 μs | 1.75 μs |  1.00 |   2.26 KB |        1.00 |
// * Config Issues *

// * Warnings *
Configuration
  Summary -> The exporter CsvExporter is already present in configuration. There may be unexpected results.
  Summary -> The exporter HtmlExporter is already present in configuration. There may be unexpected results.
  Summary -> The exporter MarkdownExporter-github is already present in configuration. There may be unexpected results.

// * Legends *
  Mean        : Arithmetic mean of all measurements
  Error       : Half of 99.9% confidence interval
  StdDev      : Standard deviation of all measurements
  Ratio       : Mean of the ratio distribution ([Current]/[Baseline])
  Allocated   : Allocated memory per single operation (managed only, inclusive, 1KB = 1024B)
  Alloc Ratio : Allocated memory ratio distribution ([Current]/[Baseline])
  1 μs        : 1 Microsecond (0.000001 sec)

// * Diagnostic Output - MemoryDiagnoser *


// ***** BenchmarkRunner: End *****
Run time: 00:00:16 (16.34 sec), executed benchmarks: 1

Global total time: 00:01:19 (79.84 sec), executed benchmarks: 1
// * Artifacts cleanup *
Artifacts cleanup is finished
