// Validating benchmarks:
// ***** BenchmarkRunner: Start   *****
// ***** Found 14 benchmark(s) in total *****
// ***** Building 1 exe(s) in Parallel: Start   *****
// start dotnet  restore --nodeReuse:false /p:UseSharedCompilation=false /p:Deterministic=true /p:Optimize=true /p:ArtifactsPath="/home/runner/work/Encina/Encina/tests/Encina.BenchmarkTests/Encina.Benchmarks/bin/Release/net10.0/Encina.Benchmarks-Job-YFEFPZ-1/" /p:OutDir="/home/runner/work/Encina/Encina/tests/Encina.BenchmarkTests/Encina.Benchmarks/bin/Release/net10.0/Encina.Benchmarks-Job-YFEFPZ-1/bin/Release/net10.0/" /p:OutputPath="/home/runner/work/Encina/Encina/tests/Encina.BenchmarkTests/Encina.Benchmarks/bin/Release/net10.0/Encina.Benchmarks-Job-YFEFPZ-1/bin/Release/net10.0/" /p:PublishDir="/home/runner/work/Encina/Encina/tests/Encina.BenchmarkTests/Encina.Benchmarks/bin/Release/net10.0/Encina.Benchmarks-Job-YFEFPZ-1/publish/" in /home/runner/work/Encina/Encina/tests/Encina.BenchmarkTests/Encina.Benchmarks/bin/Release/net10.0/Encina.Benchmarks-Job-YFEFPZ-1
// command took 3.75 sec and exited with 0
// start dotnet  build -c Release --no-restore --nodeReuse:false /p:UseSharedCompilation=false /p:Deterministic=true /p:Optimize=true /p:ArtifactsPath="/home/runner/work/Encina/Encina/tests/Encina.BenchmarkTests/Encina.Benchmarks/bin/Release/net10.0/Encina.Benchmarks-Job-YFEFPZ-1/" /p:OutDir="/home/runner/work/Encina/Encina/tests/Encina.BenchmarkTests/Encina.Benchmarks/bin/Release/net10.0/Encina.Benchmarks-Job-YFEFPZ-1/bin/Release/net10.0/" /p:OutputPath="/home/runner/work/Encina/Encina/tests/Encina.BenchmarkTests/Encina.Benchmarks/bin/Release/net10.0/Encina.Benchmarks-Job-YFEFPZ-1/bin/Release/net10.0/" /p:PublishDir="/home/runner/work/Encina/Encina/tests/Encina.BenchmarkTests/Encina.Benchmarks/bin/Release/net10.0/Encina.Benchmarks-Job-YFEFPZ-1/publish/" --output "/home/runner/work/Encina/Encina/tests/Encina.BenchmarkTests/Encina.Benchmarks/bin/Release/net10.0/Encina.Benchmarks-Job-YFEFPZ-1/bin/Release/net10.0/" in /home/runner/work/Encina/Encina/tests/Encina.BenchmarkTests/Encina.Benchmarks/bin/Release/net10.0/Encina.Benchmarks-Job-YFEFPZ-1
// command took 201.61 sec and exited with 0
// ***** Done, took 00:03:25 (205.51 sec)   *****
// Found 14 benchmarks:
//   QueryCacheInterceptorBenchmarks.'Key generation (simple query)': Job-YFEFPZ(IterationCount=10, WarmupCount=3)
//   QueryCacheInterceptorBenchmarks.'Key generation (complex JOIN query)': Job-YFEFPZ(IterationCount=10, WarmupCount=3)
//   QueryCacheInterceptorBenchmarks.'Key generation with tenant': Job-YFEFPZ(IterationCount=10, WarmupCount=3)
//   QueryCacheInterceptorBenchmarks.'Cache hit (memory)': Job-YFEFPZ(IterationCount=10, WarmupCount=3)
//   QueryCacheInterceptorBenchmarks.'Cache miss (memory)': Job-YFEFPZ(IterationCount=10, WarmupCount=3)
//   QueryCacheInterceptorBenchmarks.'CachedDataReader read (5 rows)': Job-YFEFPZ(IterationCount=10, WarmupCount=3)
//   QueryCacheInterceptorBenchmarks.'CachedDataReader read (1000 rows)': Job-YFEFPZ(IterationCount=10, WarmupCount=3)
//   QueryCacheInterceptorBenchmarks.'Key generation (simple query)': ShortRun(IterationCount=3, LaunchCount=1, WarmupCount=3)
//   QueryCacheInterceptorBenchmarks.'Key generation (complex JOIN query)': ShortRun(IterationCount=3, LaunchCount=1, WarmupCount=3)
//   QueryCacheInterceptorBenchmarks.'Key generation with tenant': ShortRun(IterationCount=3, LaunchCount=1, WarmupCount=3)
//   QueryCacheInterceptorBenchmarks.'Cache hit (memory)': ShortRun(IterationCount=3, LaunchCount=1, WarmupCount=3)
//   QueryCacheInterceptorBenchmarks.'Cache miss (memory)': ShortRun(IterationCount=3, LaunchCount=1, WarmupCount=3)
//   QueryCacheInterceptorBenchmarks.'CachedDataReader read (5 rows)': ShortRun(IterationCount=3, LaunchCount=1, WarmupCount=3)
//   QueryCacheInterceptorBenchmarks.'CachedDataReader read (1000 rows)': ShortRun(IterationCount=3, LaunchCount=1, WarmupCount=3)

// **************************
// Benchmark: QueryCacheInterceptorBenchmarks.'Key generation (simple query)': Job-YFEFPZ(IterationCount=10, WarmupCount=3)
// *** Execute ***
// Launch: 1 / 1
// Execute: dotnet Encina.Benchmarks-Job-YFEFPZ-1.dll --anonymousPipes 232 233 --benchmarkName Encina.Benchmarks.EntityFrameworkCore.QueryCacheInterceptorBenchmarks.KeyGeneration_SimpleQuery --job "IterationCount=10, WarmupCount=3" --benchmarkId 0 in /home/runner/work/Encina/Encina/tests/Encina.BenchmarkTests/Encina.Benchmarks/bin/Release/net10.0/Encina.Benchmarks-Job-YFEFPZ-1/bin/Release/net10.0
// Failed to set up high priority (Permission denied). In order to run benchmarks with high priority, make sure you have the right permissions.
// BeforeAnythingElse

// Benchmark Process Environment Information:
// BenchmarkDotNet v0.15.8
// Runtime=.NET 10.0.12 (10.0.12, 10.0.1226.42308), X64 RyuJIT x86-64-v3
// GC=Concurrent Workstation
// HardwareIntrinsics=AVX2+BMI1+BMI2+F16C+FMA+LZCNT+MOVBE,AVX,SSE3+SSSE3+SSE4.1+SSE4.2+POPCNT,X86Base+SSE+SSE2,AES+PCLMUL VectorSize=256
// Job: Job-YFEFPZ(IterationCount=10, WarmupCount=3)

OverheadJitting  1: 1 op, 252819.00 ns, 252.8190 us/op
WorkloadJitting  1: 1 op, 395494.00 ns, 395.4940 us/op

OverheadJitting  2: 16 op, 457389.00 ns, 28.5868 us/op
WorkloadJitting  2: 16 op, 739431.00 ns, 46.2144 us/op

WorkloadPilot    1: 16 op, 233984.00 ns, 14.6240 us/op
WorkloadPilot    2: 32 op, 573514.00 ns, 17.9223 us/op
WorkloadPilot    3: 64 op, 752906.00 ns, 11.7642 us/op
WorkloadPilot    4: 128 op, 1610867.00 ns, 12.5849 us/op
WorkloadPilot    5: 256 op, 2925546.00 ns, 11.4279 us/op
WorkloadPilot    6: 512 op, 5875846.00 ns, 11.4763 us/op
WorkloadPilot    7: 1024 op, 10300081.00 ns, 10.0587 us/op
WorkloadPilot    8: 2048 op, 21832268.00 ns, 10.6603 us/op
WorkloadPilot    9: 4096 op, 44272524.00 ns, 10.8087 us/op
WorkloadPilot   10: 8192 op, 95781897.00 ns, 11.6921 us/op
WorkloadPilot   11: 16384 op, 199005124.00 ns, 12.1463 us/op
WorkloadPilot   12: 32768 op, 433283232.00 ns, 13.2228 us/op
WorkloadPilot   13: 65536 op, 889654271.00 ns, 13.5750 us/op

OverheadWarmup   1: 65536 op, 234715.00 ns, 3.5815 ns/op
OverheadWarmup   2: 65536 op, 216110.00 ns, 3.2976 ns/op
OverheadWarmup   3: 65536 op, 240126.00 ns, 3.6640 ns/op
OverheadWarmup   4: 65536 op, 234936.00 ns, 3.5848 ns/op
OverheadWarmup   5: 65536 op, 233964.00 ns, 3.5700 ns/op
OverheadWarmup   6: 65536 op, 216121.00 ns, 3.2977 ns/op
OverheadWarmup   7: 65536 op, 216111.00 ns, 3.2976 ns/op
OverheadWarmup   8: 65536 op, 216271.00 ns, 3.3000 ns/op
OverheadWarmup   9: 65536 op, 216331.00 ns, 3.3009 ns/op
OverheadWarmup  10: 65536 op, 216311.00 ns, 3.3006 ns/op

OverheadActual   1: 65536 op, 216482.00 ns, 3.3033 ns/op
OverheadActual   2: 65536 op, 216261.00 ns, 3.2999 ns/op
OverheadActual   3: 65536 op, 216782.00 ns, 3.3078 ns/op
OverheadActual   4: 65536 op, 216391.00 ns, 3.3019 ns/op
OverheadActual   5: 65536 op, 216141.00 ns, 3.2980 ns/op
OverheadActual   6: 65536 op, 216402.00 ns, 3.3020 ns/op
OverheadActual   7: 65536 op, 216341.00 ns, 3.3011 ns/op
OverheadActual   8: 65536 op, 217103.00 ns, 3.3127 ns/op
OverheadActual   9: 65536 op, 216311.00 ns, 3.3006 ns/op
OverheadActual  10: 65536 op, 216611.00 ns, 3.3052 ns/op
OverheadActual  11: 65536 op, 217083.00 ns, 3.3124 ns/op
OverheadActual  12: 65536 op, 215920.00 ns, 3.2947 ns/op
OverheadActual  13: 65536 op, 237240.00 ns, 3.6200 ns/op
OverheadActual  14: 65536 op, 216301.00 ns, 3.3005 ns/op
OverheadActual  15: 65536 op, 216141.00 ns, 3.2980 ns/op

WorkloadWarmup   1: 65536 op, 845583554.00 ns, 12.9026 us/op
WorkloadWarmup   2: 65536 op, 857227644.00 ns, 13.0803 us/op
WorkloadWarmup   3: 65536 op, 847173158.00 ns, 12.9268 us/op

// BeforeActualRun
WorkloadActual   1: 65536 op, 837456539.00 ns, 12.7786 us/op
WorkloadActual   2: 65536 op, 853306562.00 ns, 13.0204 us/op
WorkloadActual   3: 65536 op, 848602716.00 ns, 12.9486 us/op
WorkloadActual   4: 65536 op, 848382448.00 ns, 12.9453 us/op
WorkloadActual   5: 65536 op, 845847828.00 ns, 12.9066 us/op
WorkloadActual   6: 65536 op, 868356930.00 ns, 13.2501 us/op
WorkloadActual   7: 65536 op, 855958256.00 ns, 13.0609 us/op
WorkloadActual   8: 65536 op, 855904267.00 ns, 13.0601 us/op
WorkloadActual   9: 65536 op, 842918966.00 ns, 12.8619 us/op
WorkloadActual  10: 65536 op, 848881046.00 ns, 12.9529 us/op

// AfterActualRun
WorkloadResult   1: 65536 op, 837240148.00 ns, 12.7753 us/op
WorkloadResult   2: 65536 op, 853090171.00 ns, 13.0171 us/op
WorkloadResult   3: 65536 op, 848386325.00 ns, 12.9453 us/op
WorkloadResult   4: 65536 op, 848166057.00 ns, 12.9420 us/op
WorkloadResult   5: 65536 op, 845631437.00 ns, 12.9033 us/op
WorkloadResult   6: 65536 op, 868140539.00 ns, 13.2468 us/op
WorkloadResult   7: 65536 op, 855741865.00 ns, 13.0576 us/op
WorkloadResult   8: 65536 op, 855687876.00 ns, 13.0568 us/op
WorkloadResult   9: 65536 op, 842702575.00 ns, 12.8586 us/op
WorkloadResult  10: 65536 op, 848664655.00 ns, 12.9496 us/op
// GC:  29 10 0 563610624 65536
// Threading:  0 0 65536

// AfterAll
// Benchmark Process 4254 has exited with code 0.

Mean = 12.975 μs, StdErr = 0.041 μs (0.31%), N = 10, StdDev = 0.129 μs
Min = 12.775 μs, Q1 = 12.913 μs, Median = 12.947 μs, Q3 = 13.047 μs, Max = 13.247 μs
IQR = 0.134 μs, LowerFence = 12.712 μs, UpperFence = 13.248 μs
ConfidenceInterval = [12.780 μs; 13.171 μs] (CI 99.9%), Margin = 0.195 μs (1.51% of Mean)
Skewness = 0.52, Kurtosis = 2.63, MValue = 2

// ** Remained 13 (92.9 %) benchmark(s) to run. Estimated finish 2026-09-22 20:55 (0h 11m from now) **
// **************************
// Benchmark: QueryCacheInterceptorBenchmarks.'Key generation (complex JOIN query)': Job-YFEFPZ(IterationCount=10, WarmupCount=3)
// *** Execute ***
// Launch: 1 / 1
// Execute: dotnet Encina.Benchmarks-Job-YFEFPZ-1.dll --anonymousPipes 232 233 --benchmarkName Encina.Benchmarks.EntityFrameworkCore.QueryCacheInterceptorBenchmarks.KeyGeneration_ComplexQuery --job "IterationCount=10, WarmupCount=3" --benchmarkId 1 in /home/runner/work/Encina/Encina/tests/Encina.BenchmarkTests/Encina.Benchmarks/bin/Release/net10.0/Encina.Benchmarks-Job-YFEFPZ-1/bin/Release/net10.0
// Failed to set up high priority (Permission denied). In order to run benchmarks with high priority, make sure you have the right permissions.
// BeforeAnythingElse

// Benchmark Process Environment Information:
// BenchmarkDotNet v0.15.8
// Runtime=.NET 10.0.12 (10.0.12, 10.0.1226.42308), X64 RyuJIT x86-64-v3
// GC=Concurrent Workstation
// HardwareIntrinsics=AVX2+BMI1+BMI2+F16C+FMA+LZCNT+MOVBE,AVX,SSE3+SSSE3+SSE4.1+SSE4.2+POPCNT,X86Base+SSE+SSE2,AES+PCLMUL VectorSize=256
// Job: Job-YFEFPZ(IterationCount=10, WarmupCount=3)

OverheadJitting  1: 1 op, 234856.00 ns, 234.8560 us/op
WorkloadJitting  1: 1 op, 2673869.00 ns, 2.6739 ms/op

OverheadJitting  2: 16 op, 459953.00 ns, 28.7471 us/op
WorkloadJitting  2: 16 op, 947788.00 ns, 59.2368 us/op

WorkloadPilot    1: 16 op, 451247.00 ns, 28.2029 us/op
WorkloadPilot    2: 32 op, 762575.00 ns, 23.8305 us/op
WorkloadPilot    3: 64 op, 1336498.00 ns, 20.8828 us/op
WorkloadPilot    4: 128 op, 2621742.00 ns, 20.4824 us/op
WorkloadPilot    5: 256 op, 5947610.00 ns, 23.2329 us/op
WorkloadPilot    6: 512 op, 10871922.00 ns, 21.2342 us/op
WorkloadPilot    7: 1024 op, 18049703.00 ns, 17.6267 us/op
WorkloadPilot    8: 2048 op, 36982274.00 ns, 18.0578 us/op
WorkloadPilot    9: 4096 op, 81949817.00 ns, 20.0073 us/op
WorkloadPilot   10: 8192 op, 176220293.00 ns, 21.5113 us/op
WorkloadPilot   11: 16384 op, 362066498.00 ns, 22.0988 us/op
WorkloadPilot   12: 32768 op, 728479155.00 ns, 22.2314 us/op

OverheadWarmup   1: 32768 op, 109714.00 ns, 3.3482 ns/op
OverheadWarmup   2: 32768 op, 109663.00 ns, 3.3466 ns/op
OverheadWarmup   3: 32768 op, 109944.00 ns, 3.3552 ns/op
OverheadWarmup   4: 32768 op, 109683.00 ns, 3.3473 ns/op
OverheadWarmup   5: 32768 op, 109734.00 ns, 3.3488 ns/op
OverheadWarmup   6: 32768 op, 184893.00 ns, 5.6425 ns/op
OverheadWarmup   7: 32768 op, 138266.00 ns, 4.2195 ns/op

OverheadActual   1: 32768 op, 135551.00 ns, 4.1367 ns/op
OverheadActual   2: 32768 op, 148645.00 ns, 4.5363 ns/op
OverheadActual   3: 32768 op, 136553.00 ns, 4.1673 ns/op
OverheadActual   4: 32768 op, 131945.00 ns, 4.0266 ns/op
OverheadActual   5: 32768 op, 132465.00 ns, 4.0425 ns/op
OverheadActual   6: 32768 op, 138136.00 ns, 4.2156 ns/op
OverheadActual   7: 32768 op, 138206.00 ns, 4.2177 ns/op
OverheadActual   8: 32768 op, 137265.00 ns, 4.1890 ns/op
OverheadActual   9: 32768 op, 136403.00 ns, 4.1627 ns/op
OverheadActual  10: 32768 op, 149938.00 ns, 4.5757 ns/op
OverheadActual  11: 32768 op, 148636.00 ns, 4.5360 ns/op
OverheadActual  12: 32768 op, 144167.00 ns, 4.3996 ns/op
OverheadActual  13: 32768 op, 148786.00 ns, 4.5406 ns/op
OverheadActual  14: 32768 op, 135361.00 ns, 4.1309 ns/op
OverheadActual  15: 32768 op, 136744.00 ns, 4.1731 ns/op

WorkloadWarmup   1: 32768 op, 703277712.00 ns, 21.4623 us/op
WorkloadWarmup   2: 32768 op, 717944412.00 ns, 21.9099 us/op
WorkloadWarmup   3: 32768 op, 704158542.00 ns, 21.4892 us/op

// BeforeActualRun
WorkloadActual   1: 32768 op, 711810799.00 ns, 21.7227 us/op
WorkloadActual   2: 32768 op, 725679341.00 ns, 22.1460 us/op
WorkloadActual   3: 32768 op, 722308382.00 ns, 22.0431 us/op
WorkloadActual   4: 32768 op, 709271031.00 ns, 21.6452 us/op
WorkloadActual   5: 32768 op, 715163415.00 ns, 21.8251 us/op
WorkloadActual   6: 32768 op, 705291360.00 ns, 21.5238 us/op
WorkloadActual   7: 32768 op, 702161031.00 ns, 21.4283 us/op
WorkloadActual   8: 32768 op, 703184921.00 ns, 21.4595 us/op
WorkloadActual   9: 32768 op, 711769811.00 ns, 21.7215 us/op
WorkloadActual  10: 32768 op, 710056975.00 ns, 21.6692 us/op

// AfterActualRun
WorkloadResult   1: 32768 op, 711673534.00 ns, 21.7186 us/op
WorkloadResult   2: 32768 op, 725542076.00 ns, 22.1418 us/op
WorkloadResult   3: 32768 op, 722171117.00 ns, 22.0389 us/op
WorkloadResult   4: 32768 op, 709133766.00 ns, 21.6410 us/op
WorkloadResult   5: 32768 op, 715026150.00 ns, 21.8209 us/op
WorkloadResult   6: 32768 op, 705154095.00 ns, 21.5196 us/op
WorkloadResult   7: 32768 op, 702023766.00 ns, 21.4241 us/op
WorkloadResult   8: 32768 op, 703047656.00 ns, 21.4553 us/op
WorkloadResult   9: 32768 op, 711632546.00 ns, 21.7173 us/op
WorkloadResult  10: 32768 op, 709919710.00 ns, 21.6650 us/op
// GC:  28 9 0 536085504 32768
// Threading:  0 0 32768

// AfterAll
// Benchmark Process 4277 has exited with code 0.

Mean = 21.714 μs, StdErr = 0.074 μs (0.34%), N = 10, StdDev = 0.235 μs
Min = 21.424 μs, Q1 = 21.550 μs, Median = 21.691 μs, Q3 = 21.795 μs, Max = 22.142 μs
IQR = 0.245 μs, LowerFence = 21.182 μs, UpperFence = 22.163 μs
ConfidenceInterval = [21.359 μs; 22.069 μs] (CI 99.9%), Margin = 0.355 μs (1.64% of Mean)
Skewness = 0.49, Kurtosis = 1.9, MValue = 2

// ** Remained 12 (85.7 %) benchmark(s) to run. Estimated finish 2026-09-22 20:53 (0h 8m from now) **
// **************************
// Benchmark: QueryCacheInterceptorBenchmarks.'Key generation with tenant': Job-YFEFPZ(IterationCount=10, WarmupCount=3)
// *** Execute ***
// Launch: 1 / 1
// Execute: dotnet Encina.Benchmarks-Job-YFEFPZ-1.dll --anonymousPipes 232 233 --benchmarkName Encina.Benchmarks.EntityFrameworkCore.QueryCacheInterceptorBenchmarks.KeyGeneration_WithTenant --job "IterationCount=10, WarmupCount=3" --benchmarkId 2 in /home/runner/work/Encina/Encina/tests/Encina.BenchmarkTests/Encina.Benchmarks/bin/Release/net10.0/Encina.Benchmarks-Job-YFEFPZ-1/bin/Release/net10.0
// Failed to set up high priority (Permission denied). In order to run benchmarks with high priority, make sure you have the right permissions.
// BeforeAnythingElse

// Benchmark Process Environment Information:
// BenchmarkDotNet v0.15.8
// Runtime=.NET 10.0.12 (10.0.12, 10.0.1226.42308), X64 RyuJIT x86-64-v3
// GC=Concurrent Workstation
// HardwareIntrinsics=AVX2+BMI1+BMI2+F16C+FMA+LZCNT+MOVBE,AVX,SSE3+SSSE3+SSE4.1+SSE4.2+POPCNT,X86Base+SSE+SSE2,AES+PCLMUL VectorSize=256
// Job: Job-YFEFPZ(IterationCount=10, WarmupCount=3)

OverheadJitting  1: 1 op, 229245.00 ns, 229.2450 us/op
WorkloadJitting  1: 1 op, 6174922.00 ns, 6.1749 ms/op

OverheadJitting  2: 16 op, 470292.00 ns, 29.3933 us/op
WorkloadJitting  2: 16 op, 1457944.00 ns, 91.1215 us/op

WorkloadPilot    1: 16 op, 958568.00 ns, 59.9105 us/op
WorkloadPilot    2: 32 op, 1207920.00 ns, 37.7475 us/op
WorkloadPilot    3: 64 op, 2410330.00 ns, 37.6614 us/op
WorkloadPilot    4: 128 op, 3893922.00 ns, 30.4213 us/op
WorkloadPilot    5: 256 op, 7597730.00 ns, 29.6786 us/op
WorkloadPilot    6: 512 op, 14311512.00 ns, 27.9522 us/op
WorkloadPilot    7: 1024 op, 31467378.00 ns, 30.7299 us/op
WorkloadPilot    8: 2048 op, 51269762.00 ns, 25.0341 us/op
WorkloadPilot    9: 4096 op, 108119240.00 ns, 26.3963 us/op
WorkloadPilot   10: 8192 op, 224381693.00 ns, 27.3903 us/op
WorkloadPilot   11: 16384 op, 455600455.00 ns, 27.8076 us/op
WorkloadPilot   12: 32768 op, 920304784.00 ns, 28.0855 us/op

OverheadWarmup   1: 32768 op, 108851.00 ns, 3.3219 ns/op
OverheadWarmup   2: 32768 op, 109553.00 ns, 3.3433 ns/op
OverheadWarmup   3: 32768 op, 108782.00 ns, 3.3198 ns/op
OverheadWarmup   4: 32768 op, 108762.00 ns, 3.3192 ns/op
OverheadWarmup   5: 32768 op, 108691.00 ns, 3.3170 ns/op
OverheadWarmup   6: 32768 op, 120574.00 ns, 3.6796 ns/op
OverheadWarmup   7: 32768 op, 121215.00 ns, 3.6992 ns/op
OverheadWarmup   8: 32768 op, 108942.00 ns, 3.3246 ns/op

OverheadActual   1: 32768 op, 108972.00 ns, 3.3256 ns/op
OverheadActual   2: 32768 op, 109133.00 ns, 3.3305 ns/op
OverheadActual   3: 32768 op, 121125.00 ns, 3.6964 ns/op
OverheadActual   4: 32768 op, 108722.00 ns, 3.3179 ns/op
OverheadActual   5: 32768 op, 108982.00 ns, 3.3259 ns/op
OverheadActual   6: 32768 op, 109883.00 ns, 3.3534 ns/op
OverheadActual   7: 32768 op, 109002.00 ns, 3.3265 ns/op
OverheadActual   8: 32768 op, 108852.00 ns, 3.3219 ns/op
OverheadActual   9: 32768 op, 109413.00 ns, 3.3390 ns/op
OverheadActual  10: 32768 op, 109032.00 ns, 3.3274 ns/op
OverheadActual  11: 32768 op, 108751.00 ns, 3.3188 ns/op
OverheadActual  12: 32768 op, 109112.00 ns, 3.3298 ns/op
OverheadActual  13: 32768 op, 108771.00 ns, 3.3194 ns/op
OverheadActual  14: 32768 op, 121084.00 ns, 3.6952 ns/op
OverheadActual  15: 32768 op, 109002.00 ns, 3.3265 ns/op

WorkloadWarmup   1: 32768 op, 913933428.00 ns, 27.8910 us/op
WorkloadWarmup   2: 32768 op, 929448536.00 ns, 28.3645 us/op
WorkloadWarmup   3: 32768 op, 909416810.00 ns, 27.7532 us/op

// BeforeActualRun
WorkloadActual   1: 32768 op, 904348620.00 ns, 27.5985 us/op
WorkloadActual   2: 32768 op, 902043554.00 ns, 27.5282 us/op
WorkloadActual   3: 32768 op, 901390805.00 ns, 27.5083 us/op
WorkloadActual   4: 32768 op, 896296914.00 ns, 27.3528 us/op
WorkloadActual   5: 32768 op, 867892745.00 ns, 26.4860 us/op
WorkloadActual   6: 32768 op, 868800532.00 ns, 26.5137 us/op
WorkloadActual   7: 32768 op, 872720044.00 ns, 26.6333 us/op
WorkloadActual   8: 32768 op, 879089927.00 ns, 26.8277 us/op
WorkloadActual   9: 32768 op, 873539294.00 ns, 26.6583 us/op
WorkloadActual  10: 32768 op, 864503426.00 ns, 26.3826 us/op

// AfterActualRun
WorkloadResult   1: 32768 op, 904239618.00 ns, 27.5952 us/op
WorkloadResult   2: 32768 op, 901934552.00 ns, 27.5249 us/op
WorkloadResult   3: 32768 op, 901281803.00 ns, 27.5049 us/op
WorkloadResult   4: 32768 op, 896187912.00 ns, 27.3495 us/op
WorkloadResult   5: 32768 op, 867783743.00 ns, 26.4827 us/op
WorkloadResult   6: 32768 op, 868691530.00 ns, 26.5104 us/op
WorkloadResult   7: 32768 op, 872611042.00 ns, 26.6300 us/op
WorkloadResult   8: 32768 op, 878980925.00 ns, 26.8244 us/op
WorkloadResult   9: 32768 op, 873430292.00 ns, 26.6550 us/op
WorkloadResult  10: 32768 op, 864394424.00 ns, 26.3792 us/op
// GC:  30 8 0 540577672 32768
// Threading:  0 0 32768

// AfterAll
// Benchmark Process 4295 has exited with code 0.

Mean = 26.946 μs, StdErr = 0.155 μs (0.57%), N = 10, StdDev = 0.490 μs
Min = 26.379 μs, Q1 = 26.540 μs, Median = 26.740 μs, Q3 = 27.466 μs, Max = 27.595 μs
IQR = 0.926 μs, LowerFence = 25.152 μs, UpperFence = 28.855 μs
ConfidenceInterval = [26.205 μs; 27.686 μs] (CI 99.9%), Margin = 0.740 μs (2.75% of Mean)
Skewness = 0.25, Kurtosis = 1.07, MValue = 2

// ** Remained 11 (78.6 %) benchmark(s) to run. Estimated finish 2026-09-22 20:52 (0h 7m from now) **
// **************************
// Benchmark: QueryCacheInterceptorBenchmarks.'Cache hit (memory)': Job-YFEFPZ(IterationCount=10, WarmupCount=3)
// *** Execute ***
// Launch: 1 / 1
// Execute: dotnet Encina.Benchmarks-Job-YFEFPZ-1.dll --anonymousPipes 232 233 --benchmarkName Encina.Benchmarks.EntityFrameworkCore.QueryCacheInterceptorBenchmarks.CacheLookup_Hit --job "IterationCount=10, WarmupCount=3" --benchmarkId 3 in /home/runner/work/Encina/Encina/tests/Encina.BenchmarkTests/Encina.Benchmarks/bin/Release/net10.0/Encina.Benchmarks-Job-YFEFPZ-1/bin/Release/net10.0
// Failed to set up high priority (Permission denied). In order to run benchmarks with high priority, make sure you have the right permissions.
// BeforeAnythingElse

// Benchmark Process Environment Information:
// BenchmarkDotNet v0.15.8
// Runtime=.NET 10.0.12 (10.0.12, 10.0.1226.42308), X64 RyuJIT x86-64-v3
// GC=Concurrent Workstation
// HardwareIntrinsics=AVX2+BMI1+BMI2+F16C+FMA+LZCNT+MOVBE,AVX,SSE3+SSSE3+SSE4.1+SSE4.2+POPCNT,X86Base+SSE+SSE2,AES+PCLMUL VectorSize=256
// Job: Job-YFEFPZ(IterationCount=10, WarmupCount=3)

OverheadJitting  1: 1 op, 231460.00 ns, 231.4600 us/op
WorkloadJitting  1: 1 op, 3496334.00 ns, 3.4963 ms/op

OverheadJitting  2: 16 op, 498655.00 ns, 31.1659 us/op
WorkloadJitting  2: 16 op, 913624.00 ns, 57.1015 us/op

WorkloadPilot    1: 16 op, 253831.00 ns, 15.8644 us/op
WorkloadPilot    2: 32 op, 475292.00 ns, 14.8529 us/op
WorkloadPilot    3: 64 op, 823097.00 ns, 12.8609 us/op
WorkloadPilot    4: 128 op, 1720140.00 ns, 13.4386 us/op
WorkloadPilot    5: 256 op, 3160771.00 ns, 12.3468 us/op
WorkloadPilot    6: 512 op, 6228962.00 ns, 12.1659 us/op
WorkloadPilot    7: 1024 op, 10794418.00 ns, 10.5414 us/op
WorkloadPilot    8: 2048 op, 22931877.00 ns, 11.1972 us/op
WorkloadPilot    9: 4096 op, 45028435.00 ns, 10.9933 us/op
WorkloadPilot   10: 8192 op, 97896718.00 ns, 11.9503 us/op
WorkloadPilot   11: 16384 op, 204708830.00 ns, 12.4944 us/op
WorkloadPilot   12: 32768 op, 440626937.00 ns, 13.4469 us/op
WorkloadPilot   13: 65536 op, 921905392.00 ns, 14.0672 us/op

OverheadWarmup   1: 65536 op, 217173.00 ns, 3.3138 ns/op
OverheadWarmup   2: 65536 op, 218265.00 ns, 3.3305 ns/op
OverheadWarmup   3: 65536 op, 232621.00 ns, 3.5495 ns/op
OverheadWarmup   4: 65536 op, 217153.00 ns, 3.3135 ns/op
OverheadWarmup   5: 65536 op, 217203.00 ns, 3.3143 ns/op
OverheadWarmup   6: 65536 op, 217873.00 ns, 3.3245 ns/op
OverheadWarmup   7: 65536 op, 217042.00 ns, 3.3118 ns/op

OverheadActual   1: 65536 op, 218134.00 ns, 3.3285 ns/op
OverheadActual   2: 65536 op, 217884.00 ns, 3.3246 ns/op
OverheadActual   3: 65536 op, 217403.00 ns, 3.3173 ns/op
OverheadActual   4: 65536 op, 217153.00 ns, 3.3135 ns/op
OverheadActual   5: 65536 op, 217183.00 ns, 3.3139 ns/op
OverheadActual   6: 65536 op, 217694.00 ns, 3.3217 ns/op
OverheadActual   7: 65536 op, 217032.00 ns, 3.3116 ns/op
OverheadActual   8: 65536 op, 232211.00 ns, 3.5433 ns/op
OverheadActual   9: 65536 op, 217543.00 ns, 3.3194 ns/op
OverheadActual  10: 65536 op, 217023.00 ns, 3.3115 ns/op
OverheadActual  11: 65536 op, 217292.00 ns, 3.3156 ns/op
OverheadActual  12: 65536 op, 217303.00 ns, 3.3158 ns/op
OverheadActual  13: 65536 op, 217343.00 ns, 3.3164 ns/op
OverheadActual  14: 65536 op, 269940.00 ns, 4.1190 ns/op
OverheadActual  15: 65536 op, 217313.00 ns, 3.3159 ns/op

WorkloadWarmup   1: 65536 op, 868559725.00 ns, 13.2532 us/op
WorkloadWarmup   2: 65536 op, 875499439.00 ns, 13.3591 us/op
WorkloadWarmup   3: 65536 op, 878090846.00 ns, 13.3986 us/op

// BeforeActualRun
WorkloadActual   1: 65536 op, 862125956.00 ns, 13.1550 us/op
WorkloadActual   2: 65536 op, 867789019.00 ns, 13.2414 us/op
WorkloadActual   3: 65536 op, 864240558.00 ns, 13.1873 us/op
WorkloadActual   4: 65536 op, 863868369.00 ns, 13.1816 us/op
WorkloadActual   5: 65536 op, 864833910.00 ns, 13.1963 us/op
WorkloadActual   6: 65536 op, 867454299.00 ns, 13.2363 us/op
WorkloadActual   7: 65536 op, 851057354.00 ns, 12.9861 us/op
WorkloadActual   8: 65536 op, 869955380.00 ns, 13.2745 us/op
WorkloadActual   9: 65536 op, 850206197.00 ns, 12.9731 us/op
WorkloadActual  10: 65536 op, 858681806.00 ns, 13.1024 us/op

// AfterActualRun
WorkloadResult   1: 65536 op, 861908613.00 ns, 13.1517 us/op
WorkloadResult   2: 65536 op, 867571676.00 ns, 13.2381 us/op
WorkloadResult   3: 65536 op, 864023215.00 ns, 13.1839 us/op
WorkloadResult   4: 65536 op, 863651026.00 ns, 13.1783 us/op
WorkloadResult   5: 65536 op, 864616567.00 ns, 13.1930 us/op
WorkloadResult   6: 65536 op, 867236956.00 ns, 13.2330 us/op
WorkloadResult   7: 65536 op, 850840011.00 ns, 12.9828 us/op
WorkloadResult   8: 65536 op, 869738037.00 ns, 13.2711 us/op
WorkloadResult   9: 65536 op, 849988854.00 ns, 12.9698 us/op
WorkloadResult  10: 65536 op, 858464463.00 ns, 13.0991 us/op
// GC:  30 10 0 573047808 65536
// Threading:  0 0 65536

// AfterAll
// Benchmark Process 4316 has exited with code 0.

Mean = 13.150 μs, StdErr = 0.033 μs (0.25%), N = 10, StdDev = 0.103 μs
Min = 12.970 μs, Q1 = 13.112 μs, Median = 13.181 μs, Q3 = 13.223 μs, Max = 13.271 μs
IQR = 0.111 μs, LowerFence = 12.946 μs, UpperFence = 13.389 μs
ConfidenceInterval = [12.994 μs; 13.306 μs] (CI 99.9%), Margin = 0.156 μs (1.19% of Mean)
Skewness = -0.68, Kurtosis = 1.9, MValue = 2

// ** Remained 10 (71.4 %) benchmark(s) to run. Estimated finish 2026-09-22 20:52 (0h 7m from now) **
// **************************
// Benchmark: QueryCacheInterceptorBenchmarks.'Cache miss (memory)': Job-YFEFPZ(IterationCount=10, WarmupCount=3)
// *** Execute ***
// Launch: 1 / 1
// Execute: dotnet Encina.Benchmarks-Job-YFEFPZ-1.dll --anonymousPipes 232 233 --benchmarkName Encina.Benchmarks.EntityFrameworkCore.QueryCacheInterceptorBenchmarks.CacheLookup_Miss --job "IterationCount=10, WarmupCount=3" --benchmarkId 4 in /home/runner/work/Encina/Encina/tests/Encina.BenchmarkTests/Encina.Benchmarks/bin/Release/net10.0/Encina.Benchmarks-Job-YFEFPZ-1/bin/Release/net10.0
// Failed to set up high priority (Permission denied). In order to run benchmarks with high priority, make sure you have the right permissions.
// BeforeAnythingElse

// Benchmark Process Environment Information:
// BenchmarkDotNet v0.15.8
// Runtime=.NET 10.0.12 (10.0.12, 10.0.1226.42308), X64 RyuJIT x86-64-v3
// GC=Concurrent Workstation
// HardwareIntrinsics=AVX2+BMI1+BMI2+F16C+FMA+LZCNT+MOVBE,AVX,SSE3+SSSE3+SSE4.1+SSE4.2+POPCNT,X86Base+SSE+SSE2,AES+PCLMUL VectorSize=256
// Job: Job-YFEFPZ(IterationCount=10, WarmupCount=3)

OverheadJitting  1: 1 op, 229675.00 ns, 229.6750 us/op
WorkloadJitting  1: 1 op, 4343416.00 ns, 4.3434 ms/op

OverheadJitting  2: 16 op, 485310.00 ns, 30.3319 us/op
WorkloadJitting  2: 16 op, 525424.00 ns, 32.8390 us/op

WorkloadPilot    1: 16 op, 20358.00 ns, 1.2724 us/op
WorkloadPilot    2: 32 op, 33773.00 ns, 1.0554 us/op
WorkloadPilot    3: 64 op, 68938.00 ns, 1.0772 us/op
WorkloadPilot    4: 128 op, 126946.00 ns, 991.7656 ns/op
WorkloadPilot    5: 256 op, 249122.00 ns, 973.1328 ns/op
WorkloadPilot    6: 512 op, 494337.00 ns, 965.5020 ns/op
WorkloadPilot    7: 1024 op, 943129.00 ns, 921.0244 ns/op
WorkloadPilot    8: 2048 op, 1858928.00 ns, 907.6797 ns/op
WorkloadPilot    9: 4096 op, 3784158.00 ns, 923.8667 ns/op
WorkloadPilot   10: 8192 op, 7389224.00 ns, 902.0049 ns/op
WorkloadPilot   11: 16384 op, 14471087.00 ns, 883.2451 ns/op
WorkloadPilot   12: 32768 op, 29467389.00 ns, 899.2733 ns/op
WorkloadPilot   13: 65536 op, 58708407.00 ns, 895.8192 ns/op
WorkloadPilot   14: 131072 op, 120666791.00 ns, 920.6146 ns/op
WorkloadPilot   15: 262144 op, 230108555.00 ns, 877.7945 ns/op
WorkloadPilot   16: 524288 op, 453932465.00 ns, 865.8075 ns/op
WorkloadPilot   17: 1048576 op, 909824394.00 ns, 867.6762 ns/op

OverheadWarmup   1: 1048576 op, 3504851.00 ns, 3.3425 ns/op
OverheadWarmup   2: 1048576 op, 3503016.00 ns, 3.3407 ns/op
OverheadWarmup   3: 1048576 op, 3503197.00 ns, 3.3409 ns/op
OverheadWarmup   4: 1048576 op, 3495292.00 ns, 3.3334 ns/op
OverheadWarmup   5: 1048576 op, 3543321.00 ns, 3.3792 ns/op
OverheadWarmup   6: 1048576 op, 3507304.00 ns, 3.3448 ns/op

OverheadActual   1: 1048576 op, 3509939.00 ns, 3.3473 ns/op
OverheadActual   2: 1048576 op, 3511172.00 ns, 3.3485 ns/op
OverheadActual   3: 1048576 op, 3525308.00 ns, 3.3620 ns/op
OverheadActual   4: 1048576 op, 3517544.00 ns, 3.3546 ns/op
OverheadActual   5: 1048576 op, 3524136.00 ns, 3.3609 ns/op
OverheadActual   6: 1048576 op, 3499089.00 ns, 3.3370 ns/op
OverheadActual   7: 1048576 op, 3509148.00 ns, 3.3466 ns/op
OverheadActual   8: 1048576 op, 3489732.00 ns, 3.3281 ns/op
OverheadActual   9: 1048576 op, 3485665.00 ns, 3.3242 ns/op
OverheadActual  10: 1048576 op, 3502896.00 ns, 3.3406 ns/op
OverheadActual  11: 1048576 op, 3523505.00 ns, 3.3603 ns/op
OverheadActual  12: 1048576 op, 3504368.00 ns, 3.3420 ns/op
OverheadActual  13: 1048576 op, 3511382.00 ns, 3.3487 ns/op
OverheadActual  14: 1048576 op, 3484722.00 ns, 3.3233 ns/op
OverheadActual  15: 1048576 op, 3498839.00 ns, 3.3368 ns/op

WorkloadWarmup   1: 1048576 op, 922275676.00 ns, 879.5506 ns/op
WorkloadWarmup   2: 1048576 op, 917163946.00 ns, 874.6757 ns/op
WorkloadWarmup   3: 1048576 op, 912822104.00 ns, 870.5350 ns/op

// BeforeActualRun
WorkloadActual   1: 1048576 op, 911308196.00 ns, 869.0912 ns/op
WorkloadActual   2: 1048576 op, 910419450.00 ns, 868.2436 ns/op
WorkloadActual   3: 1048576 op, 910596215.00 ns, 868.4122 ns/op
WorkloadActual   4: 1048576 op, 911192992.00 ns, 868.9814 ns/op
WorkloadActual   5: 1048576 op, 911049796.00 ns, 868.8448 ns/op
WorkloadActual   6: 1048576 op, 910726045.00 ns, 868.5360 ns/op
WorkloadActual   7: 1048576 op, 909346737.00 ns, 867.2206 ns/op
WorkloadActual   8: 1048576 op, 911490964.00 ns, 869.2655 ns/op
WorkloadActual   9: 1048576 op, 911067799.00 ns, 868.8620 ns/op
WorkloadActual  10: 1048576 op, 911045241.00 ns, 868.8404 ns/op

// AfterActualRun
WorkloadResult   1: 1048576 op, 907799048.00 ns, 865.7446 ns/op
WorkloadResult   2: 1048576 op, 906910302.00 ns, 864.8971 ns/op
WorkloadResult   3: 1048576 op, 907087067.00 ns, 865.0656 ns/op
WorkloadResult   4: 1048576 op, 907683844.00 ns, 865.6348 ns/op
WorkloadResult   5: 1048576 op, 907540648.00 ns, 865.4982 ns/op
WorkloadResult   6: 1048576 op, 907216897.00 ns, 865.1895 ns/op
WorkloadResult   7: 1048576 op, 905837589.00 ns, 863.8740 ns/op
WorkloadResult   8: 1048576 op, 907981816.00 ns, 865.9189 ns/op
WorkloadResult   9: 1048576 op, 907558651.00 ns, 865.5154 ns/op
WorkloadResult  10: 1048576 op, 907536093.00 ns, 865.4939 ns/op
// GC:  7 0 0 125829120 1048576
// Threading:  0 0 1048576

// AfterAll
// Benchmark Process 4334 has exited with code 0.

Mean = 865.283 ns, StdErr = 0.185 ns (0.02%), N = 10, StdDev = 0.585 ns
Min = 863.874 ns, Q1 = 865.097 ns, Median = 865.496 ns, Q3 = 865.605 ns, Max = 865.919 ns
IQR = 0.508 ns, LowerFence = 864.334 ns, UpperFence = 866.367 ns
ConfidenceInterval = [864.399 ns; 866.167 ns] (CI 99.9%), Margin = 0.884 ns (0.10% of Mean)
Skewness = -1.22, Kurtosis = 3.59, MValue = 2

// ** Remained 9 (64.3 %) benchmark(s) to run. Estimated finish 2026-09-22 20:51 (0h 5m from now) **
// **************************
// Benchmark: QueryCacheInterceptorBenchmarks.'CachedDataReader read (5 rows)': Job-YFEFPZ(IterationCount=10, WarmupCount=3)
// *** Execute ***
// Launch: 1 / 1
// Execute: dotnet Encina.Benchmarks-Job-YFEFPZ-1.dll --anonymousPipes 232 233 --benchmarkName Encina.Benchmarks.EntityFrameworkCore.QueryCacheInterceptorBenchmarks.CachedDataReader_SmallResult --job "IterationCount=10, WarmupCount=3" --benchmarkId 5 in /home/runner/work/Encina/Encina/tests/Encina.BenchmarkTests/Encina.Benchmarks/bin/Release/net10.0/Encina.Benchmarks-Job-YFEFPZ-1/bin/Release/net10.0
// Failed to set up high priority (Permission denied). In order to run benchmarks with high priority, make sure you have the right permissions.
// BeforeAnythingElse

// Benchmark Process Environment Information:
// BenchmarkDotNet v0.15.8
// Runtime=.NET 10.0.12 (10.0.12, 10.0.1226.42308), X64 RyuJIT x86-64-v3
// GC=Concurrent Workstation
// HardwareIntrinsics=AVX2+BMI1+BMI2+F16C+FMA+LZCNT+MOVBE,AVX,SSE3+SSSE3+SSE4.1+SSE4.2+POPCNT,X86Base+SSE+SSE2,AES+PCLMUL VectorSize=256
// Job: Job-YFEFPZ(IterationCount=10, WarmupCount=3)

OverheadJitting  1: 1 op, 210039.00 ns, 210.0390 us/op
WorkloadJitting  1: 1 op, 5504280.00 ns, 5.5043 ms/op

OverheadJitting  2: 16 op, 425098.00 ns, 26.5686 us/op
WorkloadJitting  2: 16 op, 548247.00 ns, 34.2654 us/op

WorkloadPilot    1: 16 op, 214718.00 ns, 13.4199 us/op
WorkloadPilot    2: 32 op, 337035.00 ns, 10.5323 us/op
WorkloadPilot    3: 64 op, 639005.00 ns, 9.9845 us/op
WorkloadPilot    4: 128 op, 1229019.00 ns, 9.6017 us/op
WorkloadPilot    5: 256 op, 2409990.00 ns, 9.4140 us/op
WorkloadPilot    6: 512 op, 4502913.00 ns, 8.7948 us/op
WorkloadPilot    7: 1024 op, 8858150.00 ns, 8.6505 us/op
WorkloadPilot    8: 2048 op, 17674503.00 ns, 8.6301 us/op
WorkloadPilot    9: 4096 op, 35432701.00 ns, 8.6506 us/op
WorkloadPilot   10: 8192 op, 71104375.00 ns, 8.6797 us/op
WorkloadPilot   11: 16384 op, 129211645.00 ns, 7.8865 us/op
WorkloadPilot   12: 32768 op, 257367670.00 ns, 7.8542 us/op
WorkloadPilot   13: 65536 op, 515467439.00 ns, 7.8654 us/op

OverheadWarmup   1: 65536 op, 128028.00 ns, 1.9536 ns/op
OverheadWarmup   2: 65536 op, 110245.00 ns, 1.6822 ns/op
OverheadWarmup   3: 65536 op, 110224.00 ns, 1.6819 ns/op
OverheadWarmup   4: 65536 op, 110224.00 ns, 1.6819 ns/op
OverheadWarmup   5: 65536 op, 110204.00 ns, 1.6816 ns/op
OverheadWarmup   6: 65536 op, 110285.00 ns, 1.6828 ns/op
OverheadWarmup   7: 65536 op, 110225.00 ns, 1.6819 ns/op

OverheadActual   1: 65536 op, 110264.00 ns, 1.6825 ns/op
OverheadActual   2: 65536 op, 110265.00 ns, 1.6825 ns/op
OverheadActual   3: 65536 op, 127967.00 ns, 1.9526 ns/op
OverheadActual   4: 65536 op, 110325.00 ns, 1.6834 ns/op
OverheadActual   5: 65536 op, 110254.00 ns, 1.6823 ns/op
OverheadActual   6: 65536 op, 110194.00 ns, 1.6814 ns/op
OverheadActual   7: 65536 op, 113720.00 ns, 1.7352 ns/op
OverheadActual   8: 65536 op, 137695.00 ns, 2.1011 ns/op
OverheadActual   9: 65536 op, 110205.00 ns, 1.6816 ns/op
OverheadActual  10: 65536 op, 110194.00 ns, 1.6814 ns/op
OverheadActual  11: 65536 op, 110214.00 ns, 1.6817 ns/op
OverheadActual  12: 65536 op, 110214.00 ns, 1.6817 ns/op
OverheadActual  13: 65536 op, 133728.00 ns, 2.0405 ns/op
OverheadActual  14: 65536 op, 110175.00 ns, 1.6811 ns/op
OverheadActual  15: 65536 op, 110245.00 ns, 1.6822 ns/op

WorkloadWarmup   1: 65536 op, 525630460.00 ns, 8.0205 us/op
WorkloadWarmup   2: 65536 op, 521379225.00 ns, 7.9556 us/op
WorkloadWarmup   3: 65536 op, 518517366.00 ns, 7.9119 us/op

// BeforeActualRun
WorkloadActual   1: 65536 op, 519717914.00 ns, 7.9303 us/op
WorkloadActual   2: 65536 op, 519445528.00 ns, 7.9261 us/op
WorkloadActual   3: 65536 op, 513380909.00 ns, 7.8336 us/op
WorkloadActual   4: 65536 op, 514150066.00 ns, 7.8453 us/op
WorkloadActual   5: 65536 op, 513794847.00 ns, 7.8399 us/op
WorkloadActual   6: 65536 op, 513571432.00 ns, 7.8365 us/op
WorkloadActual   7: 65536 op, 512391584.00 ns, 7.8185 us/op
WorkloadActual   8: 65536 op, 513555487.00 ns, 7.8362 us/op
WorkloadActual   9: 65536 op, 514099198.00 ns, 7.8445 us/op
WorkloadActual  10: 65536 op, 513318120.00 ns, 7.8326 us/op

// AfterActualRun
WorkloadResult   1: 65536 op, 513270655.00 ns, 7.8319 us/op
WorkloadResult   2: 65536 op, 514039812.00 ns, 7.8436 us/op
WorkloadResult   3: 65536 op, 513684593.00 ns, 7.8382 us/op
WorkloadResult   4: 65536 op, 513461178.00 ns, 7.8348 us/op
WorkloadResult   5: 65536 op, 512281330.00 ns, 7.8168 us/op
WorkloadResult   6: 65536 op, 513445233.00 ns, 7.8346 us/op
WorkloadResult   7: 65536 op, 513988944.00 ns, 7.8428 us/op
WorkloadResult   8: 65536 op, 513207866.00 ns, 7.8309 us/op
// GC:  10 0 0 177733632 65536
// Threading:  0 0 65536

// AfterAll
// Benchmark Process 4342 has exited with code 0.

Mean = 7.834 μs, StdErr = 0.003 μs (0.04%), N = 8, StdDev = 0.008 μs
Min = 7.817 μs, Q1 = 7.832 μs, Median = 7.835 μs, Q3 = 7.839 μs, Max = 7.844 μs
IQR = 0.008 μs, LowerFence = 7.820 μs, UpperFence = 7.851 μs
ConfidenceInterval = [7.818 μs; 7.850 μs] (CI 99.9%), Margin = 0.016 μs (0.21% of Mean)
Skewness = -0.78, Kurtosis = 2.6, MValue = 2

// ** Remained 8 (57.1 %) benchmark(s) to run. Estimated finish 2026-09-22 20:50 (0h 4m from now) **
// **************************
// Benchmark: QueryCacheInterceptorBenchmarks.'CachedDataReader read (1000 rows)': Job-YFEFPZ(IterationCount=10, WarmupCount=3)
// *** Execute ***
// Launch: 1 / 1
// Execute: dotnet Encina.Benchmarks-Job-YFEFPZ-1.dll --anonymousPipes 232 233 --benchmarkName Encina.Benchmarks.EntityFrameworkCore.QueryCacheInterceptorBenchmarks.CachedDataReader_LargeResult --job "IterationCount=10, WarmupCount=3" --benchmarkId 6 in /home/runner/work/Encina/Encina/tests/Encina.BenchmarkTests/Encina.Benchmarks/bin/Release/net10.0/Encina.Benchmarks-Job-YFEFPZ-1/bin/Release/net10.0
// Failed to set up high priority (Permission denied). In order to run benchmarks with high priority, make sure you have the right permissions.
// BeforeAnythingElse

// Benchmark Process Environment Information:
// BenchmarkDotNet v0.15.8
// Runtime=.NET 10.0.12 (10.0.12, 10.0.1226.42308), X64 RyuJIT x86-64-v3
// GC=Concurrent Workstation
// HardwareIntrinsics=AVX2+BMI1+BMI2+F16C+FMA+LZCNT+MOVBE,AVX,SSE3+SSSE3+SSE4.1+SSE4.2+POPCNT,X86Base+SSE+SSE2,AES+PCLMUL VectorSize=256
// Job: Job-YFEFPZ(IterationCount=10, WarmupCount=3)

OverheadJitting  1: 1 op, 202947.00 ns, 202.9470 us/op
WorkloadJitting  1: 1 op, 5155573.00 ns, 5.1556 ms/op

OverheadJitting  2: 16 op, 370899.00 ns, 23.1812 us/op
WorkloadJitting  2: 16 op, 1050319.00 ns, 65.6449 us/op

WorkloadPilot    1: 16 op, 676325.00 ns, 42.2703 us/op
WorkloadPilot    2: 32 op, 1334275.00 ns, 41.6961 us/op
WorkloadPilot    3: 64 op, 2529232.00 ns, 39.5193 us/op
WorkloadPilot    4: 128 op, 4741254.00 ns, 37.0410 us/op
WorkloadPilot    5: 256 op, 9107434.00 ns, 35.5759 us/op
WorkloadPilot    6: 512 op, 18699347.00 ns, 36.5222 us/op
WorkloadPilot    7: 1024 op, 36574866.00 ns, 35.7176 us/op
WorkloadPilot    8: 2048 op, 74842281.00 ns, 36.5441 us/op
WorkloadPilot    9: 4096 op, 138982781.00 ns, 33.9313 us/op
WorkloadPilot   10: 8192 op, 276351440.00 ns, 33.7343 us/op
WorkloadPilot   11: 16384 op, 550975594.00 ns, 33.6289 us/op

OverheadWarmup   1: 16384 op, 28393.00 ns, 1.7330 ns/op
OverheadWarmup   2: 16384 op, 28152.00 ns, 1.7183 ns/op
OverheadWarmup   3: 16384 op, 27892.00 ns, 1.7024 ns/op
OverheadWarmup   4: 16384 op, 27972.00 ns, 1.7073 ns/op
OverheadWarmup   5: 16384 op, 27852.00 ns, 1.7000 ns/op
OverheadWarmup   6: 16384 op, 27892.00 ns, 1.7024 ns/op
OverheadWarmup   7: 16384 op, 27882.00 ns, 1.7018 ns/op

OverheadActual   1: 16384 op, 27942.00 ns, 1.7054 ns/op
OverheadActual   2: 16384 op, 27941.00 ns, 1.7054 ns/op
OverheadActual   3: 16384 op, 27992.00 ns, 1.7085 ns/op
OverheadActual   4: 16384 op, 27912.00 ns, 1.7036 ns/op
OverheadActual   5: 16384 op, 27912.00 ns, 1.7036 ns/op
OverheadActual   6: 16384 op, 27842.00 ns, 1.6993 ns/op
OverheadActual   7: 16384 op, 27872.00 ns, 1.7012 ns/op
OverheadActual   8: 16384 op, 27991.00 ns, 1.7084 ns/op
OverheadActual   9: 16384 op, 27901.00 ns, 1.7029 ns/op
OverheadActual  10: 16384 op, 27922.00 ns, 1.7042 ns/op
OverheadActual  11: 16384 op, 27922.00 ns, 1.7042 ns/op
OverheadActual  12: 16384 op, 27932.00 ns, 1.7048 ns/op
OverheadActual  13: 16384 op, 27861.00 ns, 1.7005 ns/op
OverheadActual  14: 16384 op, 27892.00 ns, 1.7024 ns/op
OverheadActual  15: 16384 op, 45905.00 ns, 2.8018 ns/op

WorkloadWarmup   1: 16384 op, 557244443.00 ns, 34.0115 us/op
WorkloadWarmup   2: 16384 op, 553553586.00 ns, 33.7862 us/op
WorkloadWarmup   3: 16384 op, 546818703.00 ns, 33.3752 us/op

// BeforeActualRun
WorkloadActual   1: 16384 op, 550380160.00 ns, 33.5925 us/op
WorkloadActual   2: 16384 op, 550013339.00 ns, 33.5702 us/op
WorkloadActual   3: 16384 op, 547032409.00 ns, 33.3882 us/op
WorkloadActual   4: 16384 op, 548246081.00 ns, 33.4623 us/op
WorkloadActual   5: 16384 op, 545220840.00 ns, 33.2776 us/op
WorkloadActual   6: 16384 op, 546578570.00 ns, 33.3605 us/op
WorkloadActual   7: 16384 op, 546130088.00 ns, 33.3331 us/op
WorkloadActual   8: 16384 op, 543914198.00 ns, 33.1979 us/op
WorkloadActual   9: 16384 op, 543931249.00 ns, 33.1989 us/op
WorkloadActual  10: 16384 op, 543201636.00 ns, 33.1544 us/op

// AfterActualRun
WorkloadResult   1: 16384 op, 550352238.00 ns, 33.5908 us/op
WorkloadResult   2: 16384 op, 549985417.00 ns, 33.5684 us/op
WorkloadResult   3: 16384 op, 547004487.00 ns, 33.3865 us/op
WorkloadResult   4: 16384 op, 548218159.00 ns, 33.4606 us/op
WorkloadResult   5: 16384 op, 545192918.00 ns, 33.2759 us/op
WorkloadResult   6: 16384 op, 546550648.00 ns, 33.3588 us/op
WorkloadResult   7: 16384 op, 546102166.00 ns, 33.3314 us/op
WorkloadResult   8: 16384 op, 543886276.00 ns, 33.1962 us/op
WorkloadResult   9: 16384 op, 543903327.00 ns, 33.1972 us/op
WorkloadResult  10: 16384 op, 543173714.00 ns, 33.1527 us/op
// GC:  8 0 0 140771328 16384
// Threading:  0 0 16384

// AfterAll
// Benchmark Process 4353 has exited with code 0.

Mean = 33.352 μs, StdErr = 0.048 μs (0.15%), N = 10, StdDev = 0.153 μs
Min = 33.153 μs, Q1 = 33.217 μs, Median = 33.345 μs, Q3 = 33.442 μs, Max = 33.591 μs
IQR = 0.225 μs, LowerFence = 32.879 μs, UpperFence = 33.780 μs
ConfidenceInterval = [33.120 μs; 33.583 μs] (CI 99.9%), Margin = 0.232 μs (0.69% of Mean)
Skewness = 0.26, Kurtosis = 1.52, MValue = 2

// ** Remained 7 (50.0 %) benchmark(s) to run. Estimated finish 2026-09-22 20:49 (0h 3m from now) **
// **************************
// Benchmark: QueryCacheInterceptorBenchmarks.'Key generation (simple query)': ShortRun(IterationCount=3, LaunchCount=1, WarmupCount=3)
// *** Execute ***
// Launch: 1 / 1
// Execute: dotnet Encina.Benchmarks-Job-YFEFPZ-1.dll --anonymousPipes 232 233 --benchmarkName Encina.Benchmarks.EntityFrameworkCore.QueryCacheInterceptorBenchmarks.KeyGeneration_SimpleQuery --job ShortRun --benchmarkId 7 in /home/runner/work/Encina/Encina/tests/Encina.BenchmarkTests/Encina.Benchmarks/bin/Release/net10.0/Encina.Benchmarks-Job-YFEFPZ-1/bin/Release/net10.0
// Failed to set up high priority (Permission denied). In order to run benchmarks with high priority, make sure you have the right permissions.
// BeforeAnythingElse

// Benchmark Process Environment Information:
// BenchmarkDotNet v0.15.8
// Runtime=.NET 10.0.12 (10.0.12, 10.0.1226.42308), X64 RyuJIT x86-64-v3
// GC=Concurrent Workstation
// HardwareIntrinsics=AVX2+BMI1+BMI2+F16C+FMA+LZCNT+MOVBE,AVX,SSE3+SSSE3+SSE4.1+SSE4.2+POPCNT,X86Base+SSE+SSE2,AES+PCLMUL VectorSize=256
// Job: ShortRun(IterationCount=3, LaunchCount=1, WarmupCount=3)

OverheadJitting  1: 1 op, 251346.00 ns, 251.3460 us/op
WorkloadJitting  1: 1 op, 387909.00 ns, 387.9090 us/op

OverheadJitting  2: 16 op, 463800.00 ns, 28.9875 us/op
WorkloadJitting  2: 16 op, 744411.00 ns, 46.5257 us/op

WorkloadPilot    1: 16 op, 240085.00 ns, 15.0053 us/op
WorkloadPilot    2: 32 op, 498585.00 ns, 15.5808 us/op
WorkloadPilot    3: 64 op, 825040.00 ns, 12.8913 us/op
WorkloadPilot    4: 128 op, 1709361.00 ns, 13.3544 us/op
WorkloadPilot    5: 256 op, 3072048.00 ns, 12.0002 us/op
WorkloadPilot    6: 512 op, 5993888.00 ns, 11.7068 us/op
WorkloadPilot    7: 1024 op, 10573803.00 ns, 10.3260 us/op
WorkloadPilot    8: 2048 op, 22286489.00 ns, 10.8821 us/op
WorkloadPilot    9: 4096 op, 45063076.00 ns, 11.0017 us/op
WorkloadPilot   10: 8192 op, 98933771.00 ns, 12.0769 us/op
WorkloadPilot   11: 16384 op, 204931564.00 ns, 12.5080 us/op
WorkloadPilot   12: 32768 op, 435577134.00 ns, 13.2928 us/op
WorkloadPilot   13: 65536 op, 893417786.00 ns, 13.6325 us/op

OverheadWarmup   1: 65536 op, 216071.00 ns, 3.2970 ns/op
OverheadWarmup   2: 65536 op, 216762.00 ns, 3.3075 ns/op
OverheadWarmup   3: 65536 op, 216311.00 ns, 3.3006 ns/op
OverheadWarmup   4: 65536 op, 216141.00 ns, 3.2980 ns/op
OverheadWarmup   5: 65536 op, 216642.00 ns, 3.3057 ns/op
OverheadWarmup   6: 65536 op, 239884.00 ns, 3.6603 ns/op
OverheadWarmup   7: 65536 op, 216120.00 ns, 3.2977 ns/op

OverheadActual   1: 65536 op, 216251.00 ns, 3.2997 ns/op
OverheadActual   2: 65536 op, 216512.00 ns, 3.3037 ns/op
OverheadActual   3: 65536 op, 216702.00 ns, 3.3066 ns/op
OverheadActual   4: 65536 op, 216020.00 ns, 3.2962 ns/op
OverheadActual   5: 65536 op, 218295.00 ns, 3.3309 ns/op
OverheadActual   6: 65536 op, 216452.00 ns, 3.3028 ns/op
OverheadActual   7: 65536 op, 216943.00 ns, 3.3103 ns/op
OverheadActual   8: 65536 op, 216301.00 ns, 3.3005 ns/op
OverheadActual   9: 65536 op, 216412.00 ns, 3.3022 ns/op
OverheadActual  10: 65536 op, 243912.00 ns, 3.7218 ns/op
OverheadActual  11: 65536 op, 216492.00 ns, 3.3034 ns/op
OverheadActual  12: 65536 op, 216382.00 ns, 3.3017 ns/op
OverheadActual  13: 65536 op, 234114.00 ns, 3.5723 ns/op
OverheadActual  14: 65536 op, 216501.00 ns, 3.3035 ns/op
OverheadActual  15: 65536 op, 216531.00 ns, 3.3040 ns/op

WorkloadWarmup   1: 65536 op, 871179260.00 ns, 13.2931 us/op
WorkloadWarmup   2: 65536 op, 864669046.00 ns, 13.1938 us/op
WorkloadWarmup   3: 65536 op, 866659497.00 ns, 13.2242 us/op

// BeforeActualRun
WorkloadActual   1: 65536 op, 852558115.00 ns, 13.0090 us/op
WorkloadActual   2: 65536 op, 876243586.00 ns, 13.3704 us/op
WorkloadActual   3: 65536 op, 864724751.00 ns, 13.1947 us/op

// AfterActualRun
WorkloadResult   1: 65536 op, 852341614.00 ns, 13.0057 us/op
WorkloadResult   2: 65536 op, 876027085.00 ns, 13.3671 us/op
WorkloadResult   3: 65536 op, 864508250.00 ns, 13.1913 us/op
// GC:  29 10 0 496500736 65536
// Threading:  0 0 65536

// AfterAll
// Benchmark Process 4361 has exited with code 0.

Mean = 13.188 μs, StdErr = 0.104 μs (0.79%), N = 3, StdDev = 0.181 μs
Min = 13.006 μs, Q1 = 13.099 μs, Median = 13.191 μs, Q3 = 13.279 μs, Max = 13.367 μs
IQR = 0.181 μs, LowerFence = 12.827 μs, UpperFence = 13.550 μs
ConfidenceInterval = [9.891 μs; 16.485 μs] (CI 99.9%), Margin = 3.297 μs (25.00% of Mean)
Skewness = -0.02, Kurtosis = 0.67, MValue = 2

// ** Remained 6 (42.9 %) benchmark(s) to run. Estimated finish 2026-09-22 20:49 (0h 2m from now) **
// **************************
// Benchmark: QueryCacheInterceptorBenchmarks.'Key generation (complex JOIN query)': ShortRun(IterationCount=3, LaunchCount=1, WarmupCount=3)
// *** Execute ***
// Launch: 1 / 1
// Execute: dotnet Encina.Benchmarks-Job-YFEFPZ-1.dll --anonymousPipes 232 233 --benchmarkName Encina.Benchmarks.EntityFrameworkCore.QueryCacheInterceptorBenchmarks.KeyGeneration_ComplexQuery --job ShortRun --benchmarkId 8 in /home/runner/work/Encina/Encina/tests/Encina.BenchmarkTests/Encina.Benchmarks/bin/Release/net10.0/Encina.Benchmarks-Job-YFEFPZ-1/bin/Release/net10.0
// Failed to set up high priority (Permission denied). In order to run benchmarks with high priority, make sure you have the right permissions.
// BeforeAnythingElse

// Benchmark Process Environment Information:
// BenchmarkDotNet v0.15.8
// Runtime=.NET 10.0.12 (10.0.12, 10.0.1226.42308), X64 RyuJIT x86-64-v3
// GC=Concurrent Workstation
// HardwareIntrinsics=AVX2+BMI1+BMI2+F16C+FMA+LZCNT+MOVBE,AVX,SSE3+SSSE3+SSE4.1+SSE4.2+POPCNT,X86Base+SSE+SSE2,AES+PCLMUL VectorSize=256
// Job: ShortRun(IterationCount=3, LaunchCount=1, WarmupCount=3)

OverheadJitting  1: 1 op, 229215.00 ns, 229.2150 us/op
WorkloadJitting  1: 1 op, 2718231.00 ns, 2.7182 ms/op

OverheadJitting  2: 16 op, 463600.00 ns, 28.9750 us/op
WorkloadJitting  2: 16 op, 961623.00 ns, 60.1014 us/op

WorkloadPilot    1: 16 op, 423325.00 ns, 26.4578 us/op
WorkloadPilot    2: 32 op, 770750.00 ns, 24.0859 us/op
WorkloadPilot    3: 64 op, 1366103.00 ns, 21.3454 us/op
WorkloadPilot    4: 128 op, 2698394.00 ns, 21.0812 us/op
WorkloadPilot    5: 256 op, 5913417.00 ns, 23.0993 us/op
WorkloadPilot    6: 512 op, 10608524.00 ns, 20.7198 us/op
WorkloadPilot    7: 1024 op, 17954287.00 ns, 17.5335 us/op
WorkloadPilot    8: 2048 op, 37709955.00 ns, 18.4131 us/op
WorkloadPilot    9: 4096 op, 82036080.00 ns, 20.0283 us/op
WorkloadPilot   10: 8192 op, 176783173.00 ns, 21.5800 us/op
WorkloadPilot   11: 16384 op, 366910082.00 ns, 22.3944 us/op
WorkloadPilot   12: 32768 op, 722317393.00 ns, 22.0434 us/op

OverheadWarmup   1: 32768 op, 121986.00 ns, 3.7227 ns/op
OverheadWarmup   2: 32768 op, 136193.00 ns, 4.1563 ns/op
OverheadWarmup   3: 32768 op, 122848.00 ns, 3.7490 ns/op
OverheadWarmup   4: 32768 op, 122286.00 ns, 3.7319 ns/op
OverheadWarmup   5: 32768 op, 110385.00 ns, 3.3687 ns/op
OverheadWarmup   6: 32768 op, 109423.00 ns, 3.3393 ns/op
OverheadWarmup   7: 32768 op, 109563.00 ns, 3.3436 ns/op
OverheadWarmup   8: 32768 op, 109453.00 ns, 3.3402 ns/op

OverheadActual   1: 32768 op, 109543.00 ns, 3.3430 ns/op
OverheadActual   2: 32768 op, 109202.00 ns, 3.3326 ns/op
OverheadActual   3: 32768 op, 109634.00 ns, 3.3458 ns/op
OverheadActual   4: 32768 op, 123560.00 ns, 3.7708 ns/op
OverheadActual   5: 32768 op, 109323.00 ns, 3.3363 ns/op
OverheadActual   6: 32768 op, 109312.00 ns, 3.3359 ns/op
OverheadActual   7: 32768 op, 109072.00 ns, 3.3286 ns/op
OverheadActual   8: 32768 op, 109603.00 ns, 3.3448 ns/op
OverheadActual   9: 32768 op, 109413.00 ns, 3.3390 ns/op
OverheadActual  10: 32768 op, 109593.00 ns, 3.3445 ns/op
OverheadActual  11: 32768 op, 109453.00 ns, 3.3402 ns/op
OverheadActual  12: 32768 op, 109232.00 ns, 3.3335 ns/op
OverheadActual  13: 32768 op, 109583.00 ns, 3.3442 ns/op
OverheadActual  14: 32768 op, 109212.00 ns, 3.3329 ns/op
OverheadActual  15: 32768 op, 109473.00 ns, 3.3409 ns/op

WorkloadWarmup   1: 32768 op, 717334192.00 ns, 21.8913 us/op
WorkloadWarmup   2: 32768 op, 717017495.00 ns, 21.8816 us/op
WorkloadWarmup   3: 32768 op, 704694137.00 ns, 21.5056 us/op

// BeforeActualRun
WorkloadActual   1: 32768 op, 727553519.00 ns, 22.2032 us/op
WorkloadActual   2: 32768 op, 732670236.00 ns, 22.3593 us/op
WorkloadActual   3: 32768 op, 736015374.00 ns, 22.4614 us/op

// AfterActualRun
WorkloadResult   1: 32768 op, 727444066.00 ns, 22.1998 us/op
WorkloadResult   2: 32768 op, 732560783.00 ns, 22.3560 us/op
WorkloadResult   3: 32768 op, 735905921.00 ns, 22.4581 us/op
// GC:  28 9 0 477364224 32768
// Threading:  0 0 32768

// AfterAll
// Benchmark Process 4375 has exited with code 0.

Mean = 22.338 μs, StdErr = 0.075 μs (0.34%), N = 3, StdDev = 0.130 μs
Min = 22.200 μs, Q1 = 22.278 μs, Median = 22.356 μs, Q3 = 22.407 μs, Max = 22.458 μs
IQR = 0.129 μs, LowerFence = 22.084 μs, UpperFence = 22.601 μs
ConfidenceInterval = [19.965 μs; 24.711 μs] (CI 99.9%), Margin = 2.373 μs (10.62% of Mean)
Skewness = -0.14, Kurtosis = 0.67, MValue = 2

// ** Remained 5 (35.7 %) benchmark(s) to run. Estimated finish 2026-09-22 20:49 (0h 2m from now) **
// **************************
// Benchmark: QueryCacheInterceptorBenchmarks.'Key generation with tenant': ShortRun(IterationCount=3, LaunchCount=1, WarmupCount=3)
// *** Execute ***
// Launch: 1 / 1
// Execute: dotnet Encina.Benchmarks-Job-YFEFPZ-1.dll --anonymousPipes 232 233 --benchmarkName Encina.Benchmarks.EntityFrameworkCore.QueryCacheInterceptorBenchmarks.KeyGeneration_WithTenant --job ShortRun --benchmarkId 9 in /home/runner/work/Encina/Encina/tests/Encina.BenchmarkTests/Encina.Benchmarks/bin/Release/net10.0/Encina.Benchmarks-Job-YFEFPZ-1/bin/Release/net10.0
// Failed to set up high priority (Permission denied). In order to run benchmarks with high priority, make sure you have the right permissions.
// BeforeAnythingElse

// Benchmark Process Environment Information:
// BenchmarkDotNet v0.15.8
// Runtime=.NET 10.0.12 (10.0.12, 10.0.1226.42308), X64 RyuJIT x86-64-v3
// GC=Concurrent Workstation
// HardwareIntrinsics=AVX2+BMI1+BMI2+F16C+FMA+LZCNT+MOVBE,AVX,SSE3+SSSE3+SSE4.1+SSE4.2+POPCNT,X86Base+SSE+SSE2,AES+PCLMUL VectorSize=256
// Job: ShortRun(IterationCount=3, LaunchCount=1, WarmupCount=3)

OverheadJitting  1: 1 op, 235307.00 ns, 235.3070 us/op
WorkloadJitting  1: 1 op, 5885878.00 ns, 5.8859 ms/op

OverheadJitting  2: 16 op, 462758.00 ns, 28.9224 us/op
WorkloadJitting  2: 16 op, 1424533.00 ns, 89.0333 us/op

WorkloadPilot    1: 16 op, 870795.00 ns, 54.4247 us/op
WorkloadPilot    2: 32 op, 1141287.00 ns, 35.6652 us/op
WorkloadPilot    3: 64 op, 2297883.00 ns, 35.9044 us/op
WorkloadPilot    4: 128 op, 3722705.00 ns, 29.0836 us/op
WorkloadPilot    5: 256 op, 7120858.00 ns, 27.8159 us/op
WorkloadPilot    6: 512 op, 13715591.00 ns, 26.7883 us/op
WorkloadPilot    7: 1024 op, 31644667.00 ns, 30.9030 us/op
WorkloadPilot    8: 2048 op, 51162551.00 ns, 24.9817 us/op
WorkloadPilot    9: 4096 op, 102320263.00 ns, 24.9805 us/op
WorkloadPilot   10: 8192 op, 218834335.00 ns, 26.7132 us/op
WorkloadPilot   11: 16384 op, 450111590.00 ns, 27.4726 us/op
WorkloadPilot   12: 32768 op, 891870705.00 ns, 27.2177 us/op

OverheadWarmup   1: 32768 op, 151711.00 ns, 4.6299 ns/op
OverheadWarmup   2: 32768 op, 137626.00 ns, 4.2000 ns/op
OverheadWarmup   3: 32768 op, 131814.00 ns, 4.0226 ns/op
OverheadWarmup   4: 32768 op, 137716.00 ns, 4.2028 ns/op
OverheadWarmup   5: 32768 op, 132937.00 ns, 4.0569 ns/op
OverheadWarmup   6: 32768 op, 137706.00 ns, 4.2025 ns/op
OverheadWarmup   7: 32768 op, 121506.00 ns, 3.7081 ns/op

OverheadActual   1: 32768 op, 109233.00 ns, 3.3335 ns/op
OverheadActual   2: 32768 op, 121746.00 ns, 3.7154 ns/op
OverheadActual   3: 32768 op, 108822.00 ns, 3.3210 ns/op
OverheadActual   4: 32768 op, 121135.00 ns, 3.6967 ns/op
OverheadActual   5: 32768 op, 109013.00 ns, 3.3268 ns/op
OverheadActual   6: 32768 op, 108902.00 ns, 3.3234 ns/op
OverheadActual   7: 32768 op, 108692.00 ns, 3.3170 ns/op
OverheadActual   8: 32768 op, 108752.00 ns, 3.3188 ns/op
OverheadActual   9: 32768 op, 108792.00 ns, 3.3201 ns/op
OverheadActual  10: 32768 op, 108752.00 ns, 3.3188 ns/op
OverheadActual  11: 32768 op, 108953.00 ns, 3.3250 ns/op
OverheadActual  12: 32768 op, 131384.00 ns, 4.0095 ns/op
OverheadActual  13: 32768 op, 143426.00 ns, 4.3770 ns/op
OverheadActual  14: 32768 op, 135451.00 ns, 4.1336 ns/op
OverheadActual  15: 32768 op, 134129.00 ns, 4.0933 ns/op
OverheadActual  16: 32768 op, 134720.00 ns, 4.1113 ns/op
OverheadActual  17: 32768 op, 128909.00 ns, 3.9340 ns/op
OverheadActual  18: 32768 op, 136533.00 ns, 4.1667 ns/op
OverheadActual  19: 32768 op, 134340.00 ns, 4.0997 ns/op
OverheadActual  20: 32768 op, 136975.00 ns, 4.1801 ns/op

WorkloadWarmup   1: 32768 op, 878672278.00 ns, 26.8149 us/op
WorkloadWarmup   2: 32768 op, 900158194.00 ns, 27.4706 us/op
WorkloadWarmup   3: 32768 op, 883537688.00 ns, 26.9634 us/op

// BeforeActualRun
WorkloadActual   1: 32768 op, 883804225.00 ns, 26.9716 us/op
WorkloadActual   2: 32768 op, 885610655.00 ns, 27.0267 us/op
WorkloadActual   3: 32768 op, 883433688.00 ns, 26.9603 us/op

// AfterActualRun
WorkloadResult   1: 32768 op, 883682784.50 ns, 26.9679 us/op
WorkloadResult   2: 32768 op, 885489214.50 ns, 27.0230 us/op
WorkloadResult   3: 32768 op, 883312247.50 ns, 26.9566 us/op
// GC:  30 8 0 507022472 32768
// Threading:  0 0 32768

// AfterAll
// Benchmark Process 4385 has exited with code 0.

Mean = 26.982 μs, StdErr = 0.021 μs (0.08%), N = 3, StdDev = 0.036 μs
Min = 26.957 μs, Q1 = 26.962 μs, Median = 26.968 μs, Q3 = 26.995 μs, Max = 27.023 μs
IQR = 0.033 μs, LowerFence = 26.912 μs, UpperFence = 27.045 μs
ConfidenceInterval = [26.334 μs; 27.631 μs] (CI 99.9%), Margin = 0.648 μs (2.40% of Mean)
Skewness = 0.34, Kurtosis = 0.67, MValue = 2

// ** Remained 4 (28.6 %) benchmark(s) to run. Estimated finish 2026-09-22 20:49 (0h 1m from now) **
// **************************
// Benchmark: QueryCacheInterceptorBenchmarks.'Cache hit (memory)': ShortRun(IterationCount=3, LaunchCount=1, WarmupCount=3)
// *** Execute ***
// Launch: 1 / 1
// Execute: dotnet Encina.Benchmarks-Job-YFEFPZ-1.dll --anonymousPipes 232 233 --benchmarkName Encina.Benchmarks.EntityFrameworkCore.QueryCacheInterceptorBenchmarks.CacheLookup_Hit --job ShortRun --benchmarkId 10 in /home/runner/work/Encina/Encina/tests/Encina.BenchmarkTests/Encina.Benchmarks/bin/Release/net10.0/Encina.Benchmarks-Job-YFEFPZ-1/bin/Release/net10.0
// Failed to set up high priority (Permission denied). In order to run benchmarks with high priority, make sure you have the right permissions.
// BeforeAnythingElse

// Benchmark Process Environment Information:
// BenchmarkDotNet v0.15.8
// Runtime=.NET 10.0.12 (10.0.12, 10.0.1226.42308), X64 RyuJIT x86-64-v3
// GC=Concurrent Workstation
// HardwareIntrinsics=AVX2+BMI1+BMI2+F16C+FMA+LZCNT+MOVBE,AVX,SSE3+SSSE3+SSE4.1+SSE4.2+POPCNT,X86Base+SSE+SSE2,AES+PCLMUL VectorSize=256
// Job: ShortRun(IterationCount=3, LaunchCount=1, WarmupCount=3)

OverheadJitting  1: 1 op, 231098.00 ns, 231.0980 us/op
WorkloadJitting  1: 1 op, 3383131.00 ns, 3.3831 ms/op

OverheadJitting  2: 16 op, 482584.00 ns, 30.1615 us/op
WorkloadJitting  2: 16 op, 801904.00 ns, 50.1190 us/op

WorkloadPilot    1: 16 op, 251726.00 ns, 15.7329 us/op
WorkloadPilot    2: 32 op, 506146.00 ns, 15.8171 us/op
WorkloadPilot    3: 64 op, 877845.00 ns, 13.7163 us/op
WorkloadPilot    4: 128 op, 1722077.00 ns, 13.4537 us/op
WorkloadPilot    5: 256 op, 3129221.00 ns, 12.2235 us/op
WorkloadPilot    6: 512 op, 6107301.00 ns, 11.9283 us/op
WorkloadPilot    7: 1024 op, 10926259.00 ns, 10.6702 us/op
WorkloadPilot    8: 2048 op, 22711878.00 ns, 11.0898 us/op
WorkloadPilot    9: 4096 op, 45373263.00 ns, 11.0775 us/op
WorkloadPilot   10: 8192 op, 99473295.00 ns, 12.1427 us/op
WorkloadPilot   11: 16384 op, 205162437.00 ns, 12.5221 us/op
WorkloadPilot   12: 32768 op, 446066398.00 ns, 13.6129 us/op
WorkloadPilot   13: 65536 op, 936420582.00 ns, 14.2886 us/op

OverheadWarmup   1: 65536 op, 217232.00 ns, 3.3147 ns/op
OverheadWarmup   2: 65536 op, 229135.00 ns, 3.4963 ns/op
OverheadWarmup   3: 65536 op, 217373.00 ns, 3.3168 ns/op
OverheadWarmup   4: 65536 op, 217954.00 ns, 3.3257 ns/op
OverheadWarmup   5: 65536 op, 217574.00 ns, 3.3199 ns/op

OverheadActual   1: 65536 op, 217223.00 ns, 3.3146 ns/op
OverheadActual   2: 65536 op, 217494.00 ns, 3.3187 ns/op
OverheadActual   3: 65536 op, 229325.00 ns, 3.4992 ns/op
OverheadActual   4: 65536 op, 217633.00 ns, 3.3208 ns/op
OverheadActual   5: 65536 op, 217554.00 ns, 3.3196 ns/op
OverheadActual   6: 65536 op, 232321.00 ns, 3.5449 ns/op
OverheadActual   7: 65536 op, 217213.00 ns, 3.3144 ns/op
OverheadActual   8: 65536 op, 217354.00 ns, 3.3166 ns/op
OverheadActual   9: 65536 op, 217323.00 ns, 3.3161 ns/op
OverheadActual  10: 65536 op, 217905.00 ns, 3.3250 ns/op
OverheadActual  11: 65536 op, 228805.00 ns, 3.4913 ns/op
OverheadActual  12: 65536 op, 217603.00 ns, 3.3204 ns/op
OverheadActual  13: 65536 op, 218516.00 ns, 3.3343 ns/op
OverheadActual  14: 65536 op, 217684.00 ns, 3.3216 ns/op
OverheadActual  15: 65536 op, 217334.00 ns, 3.3163 ns/op

WorkloadWarmup   1: 65536 op, 946972819.00 ns, 14.4497 us/op
WorkloadWarmup   2: 65536 op, 901634893.00 ns, 13.7579 us/op
WorkloadWarmup   3: 65536 op, 896746919.00 ns, 13.6833 us/op

// BeforeActualRun
WorkloadActual   1: 65536 op, 878147600.00 ns, 13.3995 us/op
WorkloadActual   2: 65536 op, 885782898.00 ns, 13.5160 us/op
WorkloadActual   3: 65536 op, 896027780.00 ns, 13.6723 us/op

// AfterActualRun
WorkloadResult   1: 65536 op, 877929997.00 ns, 13.3961 us/op
WorkloadResult   2: 65536 op, 885565295.00 ns, 13.5127 us/op
WorkloadResult   3: 65536 op, 895810177.00 ns, 13.6690 us/op
// GC:  30 10 0 505937920 65536
// Threading:  0 0 65536

// AfterAll
// Benchmark Process 4392 has exited with code 0.

Mean = 13.526 μs, StdErr = 0.079 μs (0.58%), N = 3, StdDev = 0.137 μs
Min = 13.396 μs, Q1 = 13.454 μs, Median = 13.513 μs, Q3 = 13.591 μs, Max = 13.669 μs
IQR = 0.136 μs, LowerFence = 13.250 μs, UpperFence = 13.795 μs
ConfidenceInterval = [11.028 μs; 16.023 μs] (CI 99.9%), Margin = 2.498 μs (18.46% of Mean)
Skewness = 0.1, Kurtosis = 0.67, MValue = 2

// ** Remained 3 (21.4 %) benchmark(s) to run. Estimated finish 2026-09-22 20:49 (0h 1m from now) **
// **************************
// Benchmark: QueryCacheInterceptorBenchmarks.'Cache miss (memory)': ShortRun(IterationCount=3, LaunchCount=1, WarmupCount=3)
// *** Execute ***
// Launch: 1 / 1
// Execute: dotnet Encina.Benchmarks-Job-YFEFPZ-1.dll --anonymousPipes 232 233 --benchmarkName Encina.Benchmarks.EntityFrameworkCore.QueryCacheInterceptorBenchmarks.CacheLookup_Miss --job ShortRun --benchmarkId 11 in /home/runner/work/Encina/Encina/tests/Encina.BenchmarkTests/Encina.Benchmarks/bin/Release/net10.0/Encina.Benchmarks-Job-YFEFPZ-1/bin/Release/net10.0
// Failed to set up high priority (Permission denied). In order to run benchmarks with high priority, make sure you have the right permissions.
// BeforeAnythingElse

// Benchmark Process Environment Information:
// BenchmarkDotNet v0.15.8
// Runtime=.NET 10.0.12 (10.0.12, 10.0.1226.42308), X64 RyuJIT x86-64-v3
// GC=Concurrent Workstation
// HardwareIntrinsics=AVX2+BMI1+BMI2+F16C+FMA+LZCNT+MOVBE,AVX,SSE3+SSSE3+SSE4.1+SSE4.2+POPCNT,X86Base+SSE+SSE2,AES+PCLMUL VectorSize=256
// Job: ShortRun(IterationCount=3, LaunchCount=1, WarmupCount=3)

OverheadJitting  1: 1 op, 228854.00 ns, 228.8540 us/op
WorkloadJitting  1: 1 op, 4513531.00 ns, 4.5135 ms/op

OverheadJitting  2: 16 op, 484138.00 ns, 30.2586 us/op
WorkloadJitting  2: 16 op, 572232.00 ns, 35.7645 us/op

WorkloadPilot    1: 16 op, 22332.00 ns, 1.3958 us/op
WorkloadPilot    2: 32 op, 35186.00 ns, 1.0996 us/op
WorkloadPilot    3: 64 op, 70100.00 ns, 1.0953 us/op
WorkloadPilot    4: 128 op, 126655.00 ns, 989.4922 ns/op
WorkloadPilot    5: 256 op, 265242.00 ns, 1.0361 us/op
WorkloadPilot    6: 512 op, 501800.00 ns, 980.0781 ns/op
WorkloadPilot    7: 1024 op, 919856.00 ns, 898.2969 ns/op
WorkloadPilot    8: 2048 op, 1839422.00 ns, 898.1553 ns/op
WorkloadPilot    9: 4096 op, 3705402.00 ns, 904.6392 ns/op
WorkloadPilot   10: 8192 op, 7439567.00 ns, 908.1503 ns/op
WorkloadPilot   11: 16384 op, 14564451.00 ns, 888.9435 ns/op
WorkloadPilot   12: 32768 op, 29461669.00 ns, 899.0988 ns/op
WorkloadPilot   13: 65536 op, 58962362.00 ns, 899.6942 ns/op
WorkloadPilot   14: 131072 op, 120626884.00 ns, 920.3101 ns/op
WorkloadPilot   15: 262144 op, 230450463.00 ns, 879.0988 ns/op
WorkloadPilot   16: 524288 op, 454743516.00 ns, 867.3544 ns/op
WorkloadPilot   17: 1048576 op, 909994092.00 ns, 867.8380 ns/op

OverheadWarmup   1: 1048576 op, 3487518.00 ns, 3.3260 ns/op
OverheadWarmup   2: 1048576 op, 3518015.00 ns, 3.3550 ns/op
OverheadWarmup   3: 1048576 op, 3470577.00 ns, 3.3098 ns/op
OverheadWarmup   4: 1048576 op, 3465637.00 ns, 3.3051 ns/op
OverheadWarmup   5: 1048576 op, 3464155.00 ns, 3.3037 ns/op
OverheadWarmup   6: 1048576 op, 3479112.00 ns, 3.3179 ns/op
OverheadWarmup   7: 1048576 op, 3500011.00 ns, 3.3379 ns/op
OverheadWarmup   8: 1048576 op, 3468413.00 ns, 3.3077 ns/op

OverheadActual   1: 1048576 op, 3499280.00 ns, 3.3372 ns/op
OverheadActual   2: 1048576 op, 3499039.00 ns, 3.3369 ns/op
OverheadActual   3: 1048576 op, 3494320.00 ns, 3.3324 ns/op
OverheadActual   4: 1048576 op, 3500573.00 ns, 3.3384 ns/op
OverheadActual   5: 1048576 op, 3492217.00 ns, 3.3304 ns/op
OverheadActual   6: 1048576 op, 3483391.00 ns, 3.3220 ns/op
OverheadActual   7: 1048576 op, 3483841.00 ns, 3.3224 ns/op
OverheadActual   8: 1048576 op, 3478371.00 ns, 3.3172 ns/op
OverheadActual   9: 1048576 op, 3465818.00 ns, 3.3053 ns/op
OverheadActual  10: 1048576 op, 3467250.00 ns, 3.3066 ns/op
OverheadActual  11: 1048576 op, 3463704.00 ns, 3.3032 ns/op
OverheadActual  12: 1048576 op, 3482179.00 ns, 3.3209 ns/op
OverheadActual  13: 1048576 op, 3478862.00 ns, 3.3177 ns/op
OverheadActual  14: 1048576 op, 3467551.00 ns, 3.3069 ns/op
OverheadActual  15: 1048576 op, 3468523.00 ns, 3.3078 ns/op

WorkloadWarmup   1: 1048576 op, 919488020.00 ns, 876.8921 ns/op
WorkloadWarmup   2: 1048576 op, 916260097.00 ns, 873.8137 ns/op
WorkloadWarmup   3: 1048576 op, 912571782.00 ns, 870.2963 ns/op

// BeforeActualRun
WorkloadActual   1: 1048576 op, 911105804.00 ns, 868.8982 ns/op
WorkloadActual   2: 1048576 op, 908425893.00 ns, 866.3424 ns/op
WorkloadActual   3: 1048576 op, 909213394.00 ns, 867.0935 ns/op

// AfterActualRun
WorkloadResult   1: 1048576 op, 907623625.00 ns, 865.5773 ns/op
WorkloadResult   2: 1048576 op, 904943714.00 ns, 863.0216 ns/op
WorkloadResult   3: 1048576 op, 905731215.00 ns, 863.7726 ns/op
// GC:  7 0 0 125829120 1048576
// Threading:  0 0 1048576

// AfterAll
// Benchmark Process 4412 has exited with code 0.

Mean = 864.124 ns, StdErr = 0.758 ns (0.09%), N = 3, StdDev = 1.314 ns
Min = 863.022 ns, Q1 = 863.397 ns, Median = 863.773 ns, Q3 = 864.675 ns, Max = 865.577 ns
IQR = 1.278 ns, LowerFence = 861.480 ns, UpperFence = 866.592 ns
ConfidenceInterval = [840.159 ns; 888.089 ns] (CI 99.9%), Margin = 23.965 ns (2.77% of Mean)
Skewness = 0.25, Kurtosis = 0.67, MValue = 2

// ** Remained 2 (14.3 %) benchmark(s) to run. Estimated finish 2026-09-22 20:48 (0h 0m from now) **
// **************************
// Benchmark: QueryCacheInterceptorBenchmarks.'CachedDataReader read (5 rows)': ShortRun(IterationCount=3, LaunchCount=1, WarmupCount=3)
// *** Execute ***
// Launch: 1 / 1
// Execute: dotnet Encina.Benchmarks-Job-YFEFPZ-1.dll --anonymousPipes 232 233 --benchmarkName Encina.Benchmarks.EntityFrameworkCore.QueryCacheInterceptorBenchmarks.CachedDataReader_SmallResult --job ShortRun --benchmarkId 12 in /home/runner/work/Encina/Encina/tests/Encina.BenchmarkTests/Encina.Benchmarks/bin/Release/net10.0/Encina.Benchmarks-Job-YFEFPZ-1/bin/Release/net10.0
// Failed to set up high priority (Permission denied). In order to run benchmarks with high priority, make sure you have the right permissions.
// BeforeAnythingElse

// Benchmark Process Environment Information:
// BenchmarkDotNet v0.15.8
// Runtime=.NET 10.0.12 (10.0.12, 10.0.1226.42308), X64 RyuJIT x86-64-v3
// GC=Concurrent Workstation
// HardwareIntrinsics=AVX2+BMI1+BMI2+F16C+FMA+LZCNT+MOVBE,AVX,SSE3+SSSE3+SSE4.1+SSE4.2+POPCNT,X86Base+SSE+SSE2,AES+PCLMUL VectorSize=256
// Job: ShortRun(IterationCount=3, LaunchCount=1, WarmupCount=3)

OverheadJitting  1: 1 op, 213677.00 ns, 213.6770 us/op
WorkloadJitting  1: 1 op, 5395657.00 ns, 5.3957 ms/op

OverheadJitting  2: 16 op, 336835.00 ns, 21.0522 us/op
WorkloadJitting  2: 16 op, 598119.00 ns, 37.3824 us/op

WorkloadPilot    1: 16 op, 195823.00 ns, 12.2389 us/op
WorkloadPilot    2: 32 op, 376979.00 ns, 11.7806 us/op
WorkloadPilot    3: 64 op, 628987.00 ns, 9.8279 us/op
WorkloadPilot    4: 128 op, 1247183.00 ns, 9.7436 us/op
WorkloadPilot    5: 256 op, 2520103.00 ns, 9.8442 us/op
WorkloadPilot    6: 512 op, 4491550.00 ns, 8.7726 us/op
WorkloadPilot    7: 1024 op, 8852277.00 ns, 8.6448 us/op
WorkloadPilot    8: 2048 op, 17527025.00 ns, 8.5581 us/op
WorkloadPilot    9: 4096 op, 35216172.00 ns, 8.5977 us/op
WorkloadPilot   10: 8192 op, 70929086.00 ns, 8.6583 us/op
WorkloadPilot   11: 16384 op, 129334485.00 ns, 7.8940 us/op
WorkloadPilot   12: 32768 op, 256761221.00 ns, 7.8357 us/op
WorkloadPilot   13: 65536 op, 517742328.00 ns, 7.9001 us/op

OverheadWarmup   1: 65536 op, 132235.00 ns, 2.0177 ns/op
OverheadWarmup   2: 65536 op, 129650.00 ns, 1.9783 ns/op
OverheadWarmup   3: 65536 op, 130753.00 ns, 1.9951 ns/op
OverheadWarmup   4: 65536 op, 127286.00 ns, 1.9422 ns/op
OverheadWarmup   5: 65536 op, 127767.00 ns, 1.9496 ns/op
OverheadWarmup   6: 65536 op, 130422.00 ns, 1.9901 ns/op
OverheadWarmup   7: 65536 op, 130191.00 ns, 1.9866 ns/op

OverheadActual   1: 65536 op, 131644.00 ns, 2.0087 ns/op
OverheadActual   2: 65536 op, 132065.00 ns, 2.0152 ns/op
OverheadActual   3: 65536 op, 151982.00 ns, 2.3191 ns/op
OverheadActual   4: 65536 op, 128047.00 ns, 1.9538 ns/op
OverheadActual   5: 65536 op, 130953.00 ns, 1.9982 ns/op
OverheadActual   6: 65536 op, 128458.00 ns, 1.9601 ns/op
OverheadActual   7: 65536 op, 127457.00 ns, 1.9448 ns/op
OverheadActual   8: 65536 op, 127487.00 ns, 1.9453 ns/op
OverheadActual   9: 65536 op, 127716.00 ns, 1.9488 ns/op
OverheadActual  10: 65536 op, 125613.00 ns, 1.9167 ns/op
OverheadActual  11: 65536 op, 127857.00 ns, 1.9509 ns/op
OverheadActual  12: 65536 op, 127637.00 ns, 1.9476 ns/op
OverheadActual  13: 65536 op, 127656.00 ns, 1.9479 ns/op
OverheadActual  14: 65536 op, 131333.00 ns, 2.0040 ns/op
OverheadActual  15: 65536 op, 132746.00 ns, 2.0255 ns/op

WorkloadWarmup   1: 65536 op, 526052621.00 ns, 8.0269 us/op
WorkloadWarmup   2: 65536 op, 521273738.00 ns, 7.9540 us/op
WorkloadWarmup   3: 65536 op, 517814946.00 ns, 7.9012 us/op

// BeforeActualRun
WorkloadActual   1: 65536 op, 517848440.00 ns, 7.9017 us/op
WorkloadActual   2: 65536 op, 520999344.00 ns, 7.9498 us/op
WorkloadActual   3: 65536 op, 516619841.00 ns, 7.8830 us/op

// AfterActualRun
WorkloadResult   1: 65536 op, 517720393.00 ns, 7.8998 us/op
WorkloadResult   2: 65536 op, 520871297.00 ns, 7.9479 us/op
WorkloadResult   3: 65536 op, 516491794.00 ns, 7.8810 us/op
// GC:  10 0 0 177733632 65536
// Threading:  0 0 65536

// AfterAll
// Benchmark Process 4419 has exited with code 0.

Mean = 7.910 μs, StdErr = 0.020 μs (0.25%), N = 3, StdDev = 0.034 μs
Min = 7.881 μs, Q1 = 7.890 μs, Median = 7.900 μs, Q3 = 7.924 μs, Max = 7.948 μs
IQR = 0.033 μs, LowerFence = 7.840 μs, UpperFence = 7.974 μs
ConfidenceInterval = [7.281 μs; 8.538 μs] (CI 99.9%), Margin = 0.629 μs (7.95% of Mean)
Skewness = 0.26, Kurtosis = 0.67, MValue = 2

// ** Remained 1 (7.1 %) benchmark(s) to run. Estimated finish 2026-09-22 20:48 (0h 0m from now) **
// **************************
// Benchmark: QueryCacheInterceptorBenchmarks.'CachedDataReader read (1000 rows)': ShortRun(IterationCount=3, LaunchCount=1, WarmupCount=3)
// *** Execute ***
// Launch: 1 / 1
// Execute: dotnet Encina.Benchmarks-Job-YFEFPZ-1.dll --anonymousPipes 232 233 --benchmarkName Encina.Benchmarks.EntityFrameworkCore.QueryCacheInterceptorBenchmarks.CachedDataReader_LargeResult --job ShortRun --benchmarkId 13 in /home/runner/work/Encina/Encina/tests/Encina.BenchmarkTests/Encina.Benchmarks/bin/Release/net10.0/Encina.Benchmarks-Job-YFEFPZ-1/bin/Release/net10.0
// Failed to set up high priority (Permission denied). In order to run benchmarks with high priority, make sure you have the right permissions.
// BeforeAnythingElse

// Benchmark Process Environment Information:
// BenchmarkDotNet v0.15.8
// Runtime=.NET 10.0.12 (10.0.12, 10.0.1226.42308), X64 RyuJIT x86-64-v3
// GC=Concurrent Workstation
// HardwareIntrinsics=AVX2+BMI1+BMI2+F16C+FMA+LZCNT+MOVBE,AVX,SSE3+SSSE3+SSE4.1+SSE4.2+POPCNT,X86Base+SSE+SSE2,AES+PCLMUL VectorSize=256
// Job: ShortRun(IterationCount=3, LaunchCount=1, WarmupCount=3)

OverheadJitting  1: 1 op, 205121.00 ns, 205.1210 us/op
WorkloadJitting  1: 1 op, 5213238.00 ns, 5.2132 ms/op

OverheadJitting  2: 16 op, 355168.00 ns, 22.1980 us/op
WorkloadJitting  2: 16 op, 1092125.00 ns, 68.2578 us/op

WorkloadPilot    1: 16 op, 689038.00 ns, 43.0649 us/op
WorkloadPilot    2: 32 op, 1286807.00 ns, 40.2127 us/op
WorkloadPilot    3: 64 op, 2547754.00 ns, 39.8087 us/op
WorkloadPilot    4: 128 op, 4613165.00 ns, 36.0404 us/op
WorkloadPilot    5: 256 op, 9132196.00 ns, 35.6726 us/op
WorkloadPilot    6: 512 op, 18629831.00 ns, 36.3864 us/op
WorkloadPilot    7: 1024 op, 36187783.00 ns, 35.3396 us/op
WorkloadPilot    8: 2048 op, 74389000.00 ns, 36.3228 us/op
WorkloadPilot    9: 4096 op, 139032266.00 ns, 33.9434 us/op
WorkloadPilot   10: 8192 op, 276127901.00 ns, 33.7070 us/op
WorkloadPilot   11: 16384 op, 558458414.00 ns, 34.0856 us/op

OverheadWarmup   1: 16384 op, 28403.00 ns, 1.7336 ns/op
OverheadWarmup   2: 16384 op, 27912.00 ns, 1.7036 ns/op
OverheadWarmup   3: 16384 op, 27992.00 ns, 1.7085 ns/op
OverheadWarmup   4: 16384 op, 27872.00 ns, 1.7012 ns/op
OverheadWarmup   5: 16384 op, 53158.00 ns, 3.2445 ns/op
OverheadWarmup   6: 16384 op, 27942.00 ns, 1.7054 ns/op

OverheadActual   1: 16384 op, 27941.00 ns, 1.7054 ns/op
OverheadActual   2: 16384 op, 27971.00 ns, 1.7072 ns/op
OverheadActual   3: 16384 op, 27972.00 ns, 1.7073 ns/op
OverheadActual   4: 16384 op, 27972.00 ns, 1.7073 ns/op
OverheadActual   5: 16384 op, 27912.00 ns, 1.7036 ns/op
OverheadActual   6: 16384 op, 31248.00 ns, 1.9072 ns/op
OverheadActual   7: 16384 op, 27922.00 ns, 1.7042 ns/op
OverheadActual   8: 16384 op, 27932.00 ns, 1.7048 ns/op
OverheadActual   9: 16384 op, 27881.00 ns, 1.7017 ns/op
OverheadActual  10: 16384 op, 27912.00 ns, 1.7036 ns/op
OverheadActual  11: 16384 op, 27942.00 ns, 1.7054 ns/op
OverheadActual  12: 16384 op, 27932.00 ns, 1.7048 ns/op
OverheadActual  13: 16384 op, 27932.00 ns, 1.7048 ns/op
OverheadActual  14: 16384 op, 27912.00 ns, 1.7036 ns/op
OverheadActual  15: 16384 op, 27892.00 ns, 1.7024 ns/op

WorkloadWarmup   1: 16384 op, 557074658.00 ns, 34.0011 us/op
WorkloadWarmup   2: 16384 op, 555110766.00 ns, 33.8813 us/op
WorkloadWarmup   3: 16384 op, 547871680.00 ns, 33.4394 us/op

// BeforeActualRun
WorkloadActual   1: 16384 op, 549940948.00 ns, 33.5657 us/op
WorkloadActual   2: 16384 op, 546855025.00 ns, 33.3774 us/op
WorkloadActual   3: 16384 op, 547541878.00 ns, 33.4193 us/op

// AfterActualRun
WorkloadResult   1: 16384 op, 549913016.00 ns, 33.5640 us/op
WorkloadResult   2: 16384 op, 546827093.00 ns, 33.3757 us/op
WorkloadResult   3: 16384 op, 547513946.00 ns, 33.4176 us/op
// GC:  8 0 0 140771328 16384
// Threading:  0 0 16384

// AfterAll
// Benchmark Process 4427 has exited with code 0.

Mean = 33.452 μs, StdErr = 0.057 μs (0.17%), N = 3, StdDev = 0.099 μs
Min = 33.376 μs, Q1 = 33.397 μs, Median = 33.418 μs, Q3 = 33.491 μs, Max = 33.564 μs
IQR = 0.094 μs, LowerFence = 33.255 μs, UpperFence = 33.632 μs
ConfidenceInterval = [31.648 μs; 35.257 μs] (CI 99.9%), Margin = 1.804 μs (5.39% of Mean)
Skewness = 0.31, Kurtosis = 0.67, MValue = 2

// ** Remained 0 (0.0 %) benchmark(s) to run. Estimated finish 2026-09-22 20:48 (0h 0m from now) **
// ***** BenchmarkRunner: Finish  *****

// * Export *
  artifacts/performance/Core/results/Encina.Benchmarks.EntityFrameworkCore.QueryCacheInterceptorBenchmarks-report.csv
  artifacts/performance/Core/results/Encina.Benchmarks.EntityFrameworkCore.QueryCacheInterceptorBenchmarks-report-github.md
  artifacts/performance/Core/results/Encina.Benchmarks.EntityFrameworkCore.QueryCacheInterceptorBenchmarks-report.html
  artifacts/performance/Core/results/Encina.Benchmarks.EntityFrameworkCore.QueryCacheInterceptorBenchmarks-report-full-compressed.json

// * Detailed results *
QueryCacheInterceptorBenchmarks.'Key generation (simple query)': Job-YFEFPZ(IterationCount=10, WarmupCount=3)
Runtime = .NET 10.0.12 (10.0.12, 10.0.1226.42308), X64 RyuJIT x86-64-v3; GC = Concurrent Workstation
Mean = 12.975 μs, StdErr = 0.041 μs (0.31%), N = 10, StdDev = 0.129 μs
Min = 12.775 μs, Q1 = 12.913 μs, Median = 12.947 μs, Q3 = 13.047 μs, Max = 13.247 μs
IQR = 0.134 μs, LowerFence = 12.712 μs, UpperFence = 13.248 μs
ConfidenceInterval = [12.780 μs; 13.171 μs] (CI 99.9%), Margin = 0.195 μs (1.51% of Mean)
Skewness = 0.52, Kurtosis = 2.63, MValue = 2
-------------------- Histogram --------------------
[12.697 μs ; 13.326 μs) | @@@@@@@@@@
---------------------------------------------------

QueryCacheInterceptorBenchmarks.'Key generation (complex JOIN query)': Job-YFEFPZ(IterationCount=10, WarmupCount=3)
Runtime = .NET 10.0.12 (10.0.12, 10.0.1226.42308), X64 RyuJIT x86-64-v3; GC = Concurrent Workstation
Mean = 21.714 μs, StdErr = 0.074 μs (0.34%), N = 10, StdDev = 0.235 μs
Min = 21.424 μs, Q1 = 21.550 μs, Median = 21.691 μs, Q3 = 21.795 μs, Max = 22.142 μs
IQR = 0.245 μs, LowerFence = 21.182 μs, UpperFence = 22.163 μs
ConfidenceInterval = [21.359 μs; 22.069 μs] (CI 99.9%), Margin = 0.355 μs (1.64% of Mean)
Skewness = 0.49, Kurtosis = 1.9, MValue = 2
-------------------- Histogram --------------------
[21.371 μs ; 22.285 μs) | @@@@@@@@@@
---------------------------------------------------

QueryCacheInterceptorBenchmarks.'Key generation with tenant': Job-YFEFPZ(IterationCount=10, WarmupCount=3)
Runtime = .NET 10.0.12 (10.0.12, 10.0.1226.42308), X64 RyuJIT x86-64-v3; GC = Concurrent Workstation
Mean = 26.946 μs, StdErr = 0.155 μs (0.57%), N = 10, StdDev = 0.490 μs
Min = 26.379 μs, Q1 = 26.540 μs, Median = 26.740 μs, Q3 = 27.466 μs, Max = 27.595 μs
IQR = 0.926 μs, LowerFence = 25.152 μs, UpperFence = 28.855 μs
ConfidenceInterval = [26.205 μs; 27.686 μs] (CI 99.9%), Margin = 0.740 μs (2.75% of Mean)
Skewness = 0.25, Kurtosis = 1.07, MValue = 2
-------------------- Histogram --------------------
[26.304 μs ; 26.900 μs) | @@@@@@
[26.900 μs ; 27.771 μs) | @@@@
---------------------------------------------------

QueryCacheInterceptorBenchmarks.'Cache hit (memory)': Job-YFEFPZ(IterationCount=10, WarmupCount=3)
Runtime = .NET 10.0.12 (10.0.12, 10.0.1226.42308), X64 RyuJIT x86-64-v3; GC = Concurrent Workstation
Mean = 13.150 μs, StdErr = 0.033 μs (0.25%), N = 10, StdDev = 0.103 μs
Min = 12.970 μs, Q1 = 13.112 μs, Median = 13.181 μs, Q3 = 13.223 μs, Max = 13.271 μs
IQR = 0.111 μs, LowerFence = 12.946 μs, UpperFence = 13.389 μs
ConfidenceInterval = [12.994 μs; 13.306 μs] (CI 99.9%), Margin = 0.156 μs (1.19% of Mean)
Skewness = -0.68, Kurtosis = 1.9, MValue = 2
-------------------- Histogram --------------------
[12.907 μs ; 13.334 μs) | @@@@@@@@@@
---------------------------------------------------

QueryCacheInterceptorBenchmarks.'Cache miss (memory)': Job-YFEFPZ(IterationCount=10, WarmupCount=3)
Runtime = .NET 10.0.12 (10.0.12, 10.0.1226.42308), X64 RyuJIT x86-64-v3; GC = Concurrent Workstation
Mean = 865.283 ns, StdErr = 0.185 ns (0.02%), N = 10, StdDev = 0.585 ns
Min = 863.874 ns, Q1 = 865.097 ns, Median = 865.496 ns, Q3 = 865.605 ns, Max = 865.919 ns
IQR = 0.508 ns, LowerFence = 864.334 ns, UpperFence = 866.367 ns
ConfidenceInterval = [864.399 ns; 866.167 ns] (CI 99.9%), Margin = 0.884 ns (0.10% of Mean)
Skewness = -1.22, Kurtosis = 3.59, MValue = 2
-------------------- Histogram --------------------
[863.518 ns ; 866.275 ns) | @@@@@@@@@@
---------------------------------------------------

QueryCacheInterceptorBenchmarks.'CachedDataReader read (5 rows)': Job-YFEFPZ(IterationCount=10, WarmupCount=3)
Runtime = .NET 10.0.12 (10.0.12, 10.0.1226.42308), X64 RyuJIT x86-64-v3; GC = Concurrent Workstation
Mean = 7.834 μs, StdErr = 0.003 μs (0.04%), N = 8, StdDev = 0.008 μs
Min = 7.817 μs, Q1 = 7.832 μs, Median = 7.835 μs, Q3 = 7.839 μs, Max = 7.844 μs
IQR = 0.008 μs, LowerFence = 7.820 μs, UpperFence = 7.851 μs
ConfidenceInterval = [7.818 μs; 7.850 μs] (CI 99.9%), Margin = 0.016 μs (0.21% of Mean)
Skewness = -0.78, Kurtosis = 2.6, MValue = 2
-------------------- Histogram --------------------
[7.811 μs ; 7.849 μs) | @@@@@@@@
---------------------------------------------------

QueryCacheInterceptorBenchmarks.'CachedDataReader read (1000 rows)': Job-YFEFPZ(IterationCount=10, WarmupCount=3)
Runtime = .NET 10.0.12 (10.0.12, 10.0.1226.42308), X64 RyuJIT x86-64-v3; GC = Concurrent Workstation
Mean = 33.352 μs, StdErr = 0.048 μs (0.15%), N = 10, StdDev = 0.153 μs
Min = 33.153 μs, Q1 = 33.217 μs, Median = 33.345 μs, Q3 = 33.442 μs, Max = 33.591 μs
IQR = 0.225 μs, LowerFence = 32.879 μs, UpperFence = 33.780 μs
ConfidenceInterval = [33.120 μs; 33.583 μs] (CI 99.9%), Margin = 0.232 μs (0.69% of Mean)
Skewness = 0.26, Kurtosis = 1.52, MValue = 2
-------------------- Histogram --------------------
[33.059 μs ; 33.684 μs) | @@@@@@@@@@
---------------------------------------------------

QueryCacheInterceptorBenchmarks.'Key generation (simple query)': ShortRun(IterationCount=3, LaunchCount=1, WarmupCount=3)
Runtime = .NET 10.0.12 (10.0.12, 10.0.1226.42308), X64 RyuJIT x86-64-v3; GC = Concurrent Workstation
Mean = 13.188 μs, StdErr = 0.104 μs (0.79%), N = 3, StdDev = 0.181 μs
Min = 13.006 μs, Q1 = 13.099 μs, Median = 13.191 μs, Q3 = 13.279 μs, Max = 13.367 μs
IQR = 0.181 μs, LowerFence = 12.827 μs, UpperFence = 13.550 μs
ConfidenceInterval = [9.891 μs; 16.485 μs] (CI 99.9%), Margin = 3.297 μs (25.00% of Mean)
Skewness = -0.02, Kurtosis = 0.67, MValue = 2
-------------------- Histogram --------------------
[12.841 μs ; 13.115 μs) | @
[13.115 μs ; 13.444 μs) | @@
---------------------------------------------------

QueryCacheInterceptorBenchmarks.'Key generation (complex JOIN query)': ShortRun(IterationCount=3, LaunchCount=1, WarmupCount=3)
Runtime = .NET 10.0.12 (10.0.12, 10.0.1226.42308), X64 RyuJIT x86-64-v3; GC = Concurrent Workstation
Mean = 22.338 μs, StdErr = 0.075 μs (0.34%), N = 3, StdDev = 0.130 μs
Min = 22.200 μs, Q1 = 22.278 μs, Median = 22.356 μs, Q3 = 22.407 μs, Max = 22.458 μs
IQR = 0.129 μs, LowerFence = 22.084 μs, UpperFence = 22.601 μs
ConfidenceInterval = [19.965 μs; 24.711 μs] (CI 99.9%), Margin = 2.373 μs (10.62% of Mean)
Skewness = -0.14, Kurtosis = 0.67, MValue = 2
-------------------- Histogram --------------------
[22.183 μs ; 22.576 μs) | @@@
---------------------------------------------------

QueryCacheInterceptorBenchmarks.'Key generation with tenant': ShortRun(IterationCount=3, LaunchCount=1, WarmupCount=3)
Runtime = .NET 10.0.12 (10.0.12, 10.0.1226.42308), X64 RyuJIT x86-64-v3; GC = Concurrent Workstation
Mean = 26.982 μs, StdErr = 0.021 μs (0.08%), N = 3, StdDev = 0.036 μs
Min = 26.957 μs, Q1 = 26.962 μs, Median = 26.968 μs, Q3 = 26.995 μs, Max = 27.023 μs
IQR = 0.033 μs, LowerFence = 26.912 μs, UpperFence = 27.045 μs
ConfidenceInterval = [26.334 μs; 27.631 μs] (CI 99.9%), Margin = 0.648 μs (2.40% of Mean)
Skewness = 0.34, Kurtosis = 0.67, MValue = 2
-------------------- Histogram --------------------
[26.924 μs ; 27.055 μs) | @@@
---------------------------------------------------

QueryCacheInterceptorBenchmarks.'Cache hit (memory)': ShortRun(IterationCount=3, LaunchCount=1, WarmupCount=3)
Runtime = .NET 10.0.12 (10.0.12, 10.0.1226.42308), X64 RyuJIT x86-64-v3; GC = Concurrent Workstation
Mean = 13.526 μs, StdErr = 0.079 μs (0.58%), N = 3, StdDev = 0.137 μs
Min = 13.396 μs, Q1 = 13.454 μs, Median = 13.513 μs, Q3 = 13.591 μs, Max = 13.669 μs
IQR = 0.136 μs, LowerFence = 13.250 μs, UpperFence = 13.795 μs
ConfidenceInterval = [11.028 μs; 16.023 μs] (CI 99.9%), Margin = 2.498 μs (18.46% of Mean)
Skewness = 0.1, Kurtosis = 0.67, MValue = 2
-------------------- Histogram --------------------
[13.320 μs ; 13.794 μs) | @@@
---------------------------------------------------

QueryCacheInterceptorBenchmarks.'Cache miss (memory)': ShortRun(IterationCount=3, LaunchCount=1, WarmupCount=3)
Runtime = .NET 10.0.12 (10.0.12, 10.0.1226.42308), X64 RyuJIT x86-64-v3; GC = Concurrent Workstation
Mean = 864.124 ns, StdErr = 0.758 ns (0.09%), N = 3, StdDev = 1.314 ns
Min = 863.022 ns, Q1 = 863.397 ns, Median = 863.773 ns, Q3 = 864.675 ns, Max = 865.577 ns
IQR = 1.278 ns, LowerFence = 861.480 ns, UpperFence = 866.592 ns
ConfidenceInterval = [840.159 ns; 888.089 ns] (CI 99.9%), Margin = 23.965 ns (2.77% of Mean)
Skewness = 0.25, Kurtosis = 0.67, MValue = 2
-------------------- Histogram --------------------
[861.826 ns ; 866.773 ns) | @@@
---------------------------------------------------

QueryCacheInterceptorBenchmarks.'CachedDataReader read (5 rows)': ShortRun(IterationCount=3, LaunchCount=1, WarmupCount=3)
Runtime = .NET 10.0.12 (10.0.12, 10.0.1226.42308), X64 RyuJIT x86-64-v3; GC = Concurrent Workstation
Mean = 7.910 μs, StdErr = 0.020 μs (0.25%), N = 3, StdDev = 0.034 μs
Min = 7.881 μs, Q1 = 7.890 μs, Median = 7.900 μs, Q3 = 7.924 μs, Max = 7.948 μs
IQR = 0.033 μs, LowerFence = 7.840 μs, UpperFence = 7.974 μs
ConfidenceInterval = [7.281 μs; 8.538 μs] (CI 99.9%), Margin = 0.629 μs (7.95% of Mean)
Skewness = 0.26, Kurtosis = 0.67, MValue = 2
-------------------- Histogram --------------------
[7.850 μs ; 7.979 μs) | @@@
---------------------------------------------------

QueryCacheInterceptorBenchmarks.'CachedDataReader read (1000 rows)': ShortRun(IterationCount=3, LaunchCount=1, WarmupCount=3)
Runtime = .NET 10.0.12 (10.0.12, 10.0.1226.42308), X64 RyuJIT x86-64-v3; GC = Concurrent Workstation
Mean = 33.452 μs, StdErr = 0.057 μs (0.17%), N = 3, StdDev = 0.099 μs
Min = 33.376 μs, Q1 = 33.397 μs, Median = 33.418 μs, Q3 = 33.491 μs, Max = 33.564 μs
IQR = 0.094 μs, LowerFence = 33.255 μs, UpperFence = 33.632 μs
ConfidenceInterval = [31.648 μs; 35.257 μs] (CI 99.9%), Margin = 1.804 μs (5.39% of Mean)
Skewness = 0.31, Kurtosis = 0.67, MValue = 2
-------------------- Histogram --------------------
[33.286 μs ; 33.654 μs) | @@@
---------------------------------------------------

// * Summary *

BenchmarkDotNet v0.15.8, Linux Ubuntu 24.04.5 LTS (Noble Numbat)
AMD EPYC 7763 2.45GHz, 1 CPU, 4 logical and 2 physical cores
.NET SDK 10.0.401
  [Host]     : .NET 10.0.12 (10.0.12, 10.0.1226.42308), X64 RyuJIT x86-64-v3
  Job-YFEFPZ : .NET 10.0.12 (10.0.12, 10.0.1226.42308), X64 RyuJIT x86-64-v3
  ShortRun   : .NET 10.0.12 (10.0.12, 10.0.1226.42308), X64 RyuJIT x86-64-v3

WarmupCount=3  

| Method                                | Job        | IterationCount | LaunchCount | Mean        | Error       | StdDev    | Ratio | RatioSD | Gen0   | Gen1   | Allocated | Alloc Ratio |
|-------------------------------------- |----------- |--------------- |------------ |------------:|------------:|----------:|------:|--------:|-------:|-------:|----------:|------------:|
| 'Key generation (simple query)'       | Job-YFEFPZ | 10             | Default     | 12,975.2 ns |   195.39 ns | 129.24 ns |  1.00 |    0.01 | 0.4425 | 0.1526 |    8600 B |        1.00 |
| 'Key generation (complex JOIN query)' | Job-YFEFPZ | 10             | Default     | 21,714.2 ns |   355.11 ns | 234.88 ns |  1.67 |    0.02 | 0.8545 | 0.2747 |   16360 B |        1.90 |
| 'Key generation with tenant'          | Job-YFEFPZ | 10             | Default     | 26,945.6 ns |   740.11 ns | 489.54 ns |  2.08 |    0.04 | 0.9155 | 0.2441 |   16497 B |        1.92 |
| 'Cache hit (memory)'                  | Job-YFEFPZ | 10             | Default     | 13,150.1 ns |   156.26 ns | 103.36 ns |  1.01 |    0.01 | 0.4578 | 0.1526 |    8744 B |        1.02 |
| 'Cache miss (memory)'                 | Job-YFEFPZ | 10             | Default     |    865.3 ns |     0.88 ns |   0.58 ns |  0.07 |    0.00 | 0.0067 |      - |     120 B |        0.01 |
| 'CachedDataReader read (5 rows)'      | Job-YFEFPZ | 10             | Default     |  7,834.2 ns |    16.15 ns |   8.44 ns |  0.60 |    0.01 | 0.1526 |      - |    2712 B |        0.32 |
| 'CachedDataReader read (1000 rows)'   | Job-YFEFPZ | 10             | Default     | 33,351.9 ns |   231.54 ns | 153.15 ns |  2.57 |    0.03 | 0.4883 |      - |    8592 B |        1.00 |
|                                       |            |                |             |             |             |           |       |         |        |        |           |             |
| 'Key generation (simple query)'       | ShortRun   | 3              | 1           | 13,188.1 ns | 3,297.16 ns | 180.73 ns |  1.00 |    0.02 | 0.4425 | 0.1526 |    7576 B |        1.00 |
| 'Key generation (complex JOIN query)' | ShortRun   | 3              | 1           | 22,338.0 ns | 2,372.73 ns | 130.06 ns |  1.69 |    0.02 | 0.8545 | 0.2747 |   14568 B |        1.92 |
| 'Key generation with tenant'          | ShortRun   | 3              | 1           | 26,982.5 ns |   648.47 ns |  35.54 ns |  2.05 |    0.02 | 0.9155 | 0.2441 |   15473 B |        2.04 |
| 'Cache hit (memory)'                  | ShortRun   | 3              | 1           | 13,525.9 ns | 2,497.54 ns | 136.90 ns |  1.03 |    0.02 | 0.4578 | 0.1526 |    7720 B |        1.02 |
| 'Cache miss (memory)'                 | ShortRun   | 3              | 1           |    864.1 ns |    23.96 ns |   1.31 ns |  0.07 |    0.00 | 0.0067 |      - |     120 B |        0.02 |
| 'CachedDataReader read (5 rows)'      | ShortRun   | 3              | 1           |  7,909.6 ns |   628.85 ns |  34.47 ns |  0.60 |    0.01 | 0.1526 |      - |    2712 B |        0.36 |
| 'CachedDataReader read (1000 rows)'   | ShortRun   | 3              | 1           | 33,452.4 ns | 1,804.10 ns |  98.89 ns |  2.54 |    0.03 | 0.4883 |      - |    8592 B |        1.13 |

// * Hints *
Outliers
  QueryCacheInterceptorBenchmarks.'Cache miss (memory)': IterationCount=10, WarmupCount=3            -> 1 outlier  was  detected (867.22 ns)
  QueryCacheInterceptorBenchmarks.'CachedDataReader read (5 rows)': IterationCount=10, WarmupCount=3 -> 2 outliers were removed (7.93 μs, 7.93 μs)
// * Config Issues *

// * Warnings *
Configuration
  Summary -> The exporter CsvExporter is already present in configuration. There may be unexpected results.
  Summary -> The exporter HtmlExporter is already present in configuration. There may be unexpected results.
  Summary -> The exporter MarkdownExporter-github is already present in configuration. There may be unexpected results.

// * Legends *
  Mean        : Arithmetic mean of all measurements
  Error       : Half of 99.9% confidence interval
  StdDev      : Standard deviation of all measurements
  Ratio       : Mean of the ratio distribution ([Current]/[Baseline])
  RatioSD     : Standard deviation of the ratio distribution ([Current]/[Baseline])
  Gen0        : GC Generation 0 collects per 1000 operations
  Gen1        : GC Generation 1 collects per 1000 operations
  Allocated   : Allocated memory per single operation (managed only, inclusive, 1KB = 1024B)
  Alloc Ratio : Allocated memory ratio distribution ([Current]/[Baseline])
  1 ns        : 1 Nanosecond (0.000000001 sec)

// * Diagnostic Output - MemoryDiagnoser *


// ***** BenchmarkRunner: End *****
Run time: 00:05:10 (310.91 sec), executed benchmarks: 14

Global total time: 00:08:36 (516.74 sec), executed benchmarks: 14
// * Artifacts cleanup *
Artifacts cleanup is finished
