// Validating benchmarks:
// ***** BenchmarkRunner: Start   *****
// ***** Found 10 benchmark(s) in total *****
// ***** Building 1 exe(s) in Parallel: Start   *****
// start dotnet  restore --nodeReuse:false /p:UseSharedCompilation=false /p:Deterministic=true /p:Optimize=true /p:ArtifactsPath="/home/runner/work/Encina/Encina/tests/Encina.BenchmarkTests/Encina.IdGeneration.Benchmarks/bin/Release/net10.0/Encina.IdGeneration.Benchmarks-Job-YFEFPZ-1/" /p:OutDir="/home/runner/work/Encina/Encina/tests/Encina.BenchmarkTests/Encina.IdGeneration.Benchmarks/bin/Release/net10.0/Encina.IdGeneration.Benchmarks-Job-YFEFPZ-1/bin/Release/net10.0/" /p:OutputPath="/home/runner/work/Encina/Encina/tests/Encina.BenchmarkTests/Encina.IdGeneration.Benchmarks/bin/Release/net10.0/Encina.IdGeneration.Benchmarks-Job-YFEFPZ-1/bin/Release/net10.0/" /p:PublishDir="/home/runner/work/Encina/Encina/tests/Encina.BenchmarkTests/Encina.IdGeneration.Benchmarks/bin/Release/net10.0/Encina.IdGeneration.Benchmarks-Job-YFEFPZ-1/publish/" in /home/runner/work/Encina/Encina/tests/Encina.BenchmarkTests/Encina.IdGeneration.Benchmarks/bin/Release/net10.0/Encina.IdGeneration.Benchmarks-Job-YFEFPZ-1
// command took 2.32 sec and exited with 0
// start dotnet  build -c Release --no-restore --nodeReuse:false /p:UseSharedCompilation=false /p:Deterministic=true /p:Optimize=true /p:ArtifactsPath="/home/runner/work/Encina/Encina/tests/Encina.BenchmarkTests/Encina.IdGeneration.Benchmarks/bin/Release/net10.0/Encina.IdGeneration.Benchmarks-Job-YFEFPZ-1/" /p:OutDir="/home/runner/work/Encina/Encina/tests/Encina.BenchmarkTests/Encina.IdGeneration.Benchmarks/bin/Release/net10.0/Encina.IdGeneration.Benchmarks-Job-YFEFPZ-1/bin/Release/net10.0/" /p:OutputPath="/home/runner/work/Encina/Encina/tests/Encina.BenchmarkTests/Encina.IdGeneration.Benchmarks/bin/Release/net10.0/Encina.IdGeneration.Benchmarks-Job-YFEFPZ-1/bin/Release/net10.0/" /p:PublishDir="/home/runner/work/Encina/Encina/tests/Encina.BenchmarkTests/Encina.IdGeneration.Benchmarks/bin/Release/net10.0/Encina.IdGeneration.Benchmarks-Job-YFEFPZ-1/publish/" --output "/home/runner/work/Encina/Encina/tests/Encina.BenchmarkTests/Encina.IdGeneration.Benchmarks/bin/Release/net10.0/Encina.IdGeneration.Benchmarks-Job-YFEFPZ-1/bin/Release/net10.0/" in /home/runner/work/Encina/Encina/tests/Encina.BenchmarkTests/Encina.IdGeneration.Benchmarks/bin/Release/net10.0/Encina.IdGeneration.Benchmarks-Job-YFEFPZ-1
// command took 42.02 sec and exited with 0
// ***** Done, took 00:00:44 (44.53 sec)   *****
// Found 10 benchmarks:
//   ShardPrefixedIdBenchmarks.Generate_TimestampRandomFormat: Job-YFEFPZ(IterationCount=10, WarmupCount=3)
//   ShardPrefixedIdBenchmarks.Generate_ToString: Job-YFEFPZ(IterationCount=10, WarmupCount=3)
//   ShardPrefixedIdBenchmarks.Generate_TimestampRandomFormat: ShortRun(IterationCount=3, LaunchCount=1, WarmupCount=3)
//   ShardPrefixedIdBenchmarks.Generate_ToString: ShortRun(IterationCount=3, LaunchCount=1, WarmupCount=3)
//   ShardPrefixedIdBenchmarks.Generate_UlidFormat: Job-YFEFPZ(IterationCount=10, WarmupCount=3)
//   ShardPrefixedIdBenchmarks.Generate_UlidFormat: ShortRun(IterationCount=3, LaunchCount=1, WarmupCount=3)
//   ShardPrefixedIdBenchmarks.Generate_UuidV7Format: Job-YFEFPZ(IterationCount=10, WarmupCount=3)
//   ShardPrefixedIdBenchmarks.Generate_UuidV7Format: ShortRun(IterationCount=3, LaunchCount=1, WarmupCount=3)
//   ShardPrefixedIdBenchmarks.ExtractShardId_Ulid: Job-YFEFPZ(IterationCount=10, WarmupCount=3)
//   ShardPrefixedIdBenchmarks.ExtractShardId_Ulid: ShortRun(IterationCount=3, LaunchCount=1, WarmupCount=3)

// **************************
// Benchmark: ShardPrefixedIdBenchmarks.Generate_TimestampRandomFormat: Job-YFEFPZ(IterationCount=10, WarmupCount=3)
// *** Execute ***
// Launch: 1 / 1
// Execute: dotnet Encina.IdGeneration.Benchmarks-Job-YFEFPZ-1.dll --anonymousPipes 136 137 --benchmarkName Encina.IdGeneration.Benchmarks.ShardPrefixedIdBenchmarks.Generate_TimestampRandomFormat --job "IterationCount=10, WarmupCount=3" --benchmarkId 0 in /home/runner/work/Encina/Encina/tests/Encina.BenchmarkTests/Encina.IdGeneration.Benchmarks/bin/Release/net10.0/Encina.IdGeneration.Benchmarks-Job-YFEFPZ-1/bin/Release/net10.0
// Failed to set up high priority (Permission denied). In order to run benchmarks with high priority, make sure you have the right permissions.
// BeforeAnythingElse

// Benchmark Process Environment Information:
// BenchmarkDotNet v0.15.8
// Runtime=.NET 10.0.12 (10.0.12, 10.0.1226.42308), X64 RyuJIT x86-64-v3
// GC=Concurrent Workstation
// HardwareIntrinsics=AVX2+BMI1+BMI2+F16C+FMA+LZCNT+MOVBE,AVX,SSE3+SSSE3+SSE4.1+SSE4.2+POPCNT,X86Base+SSE+SSE2,AES+PCLMUL VectorSize=256
// Job: Job-YFEFPZ(IterationCount=10, WarmupCount=3)

OverheadJitting  1: 1 op, 217857.00 ns, 217.8570 us/op
WorkloadJitting  1: 1 op, 21508744.00 ns, 21.5087 ms/op

OverheadJitting  2: 16 op, 206536.00 ns, 12.9085 us/op
WorkloadJitting  2: 16 op, 325387.00 ns, 20.3367 us/op

WorkloadPilot    1: 16 op, 50574.00 ns, 3.1609 us/op
WorkloadPilot    2: 32 op, 76613.00 ns, 2.3942 us/op
WorkloadPilot    3: 64 op, 125345.00 ns, 1.9585 us/op
WorkloadPilot    4: 128 op, 228336.00 ns, 1.7839 us/op
WorkloadPilot    5: 256 op, 423151.00 ns, 1.6529 us/op
WorkloadPilot    6: 512 op, 860416.00 ns, 1.6805 us/op
WorkloadPilot    7: 1024 op, 1654129.00 ns, 1.6154 us/op
WorkloadPilot    8: 2048 op, 3217007.00 ns, 1.5708 us/op
WorkloadPilot    9: 4096 op, 6477565.00 ns, 1.5814 us/op
WorkloadPilot   10: 8192 op, 12855876.00 ns, 1.5693 us/op
WorkloadPilot   11: 16384 op, 25514414.00 ns, 1.5573 us/op
WorkloadPilot   12: 32768 op, 51939859.00 ns, 1.5851 us/op
WorkloadPilot   13: 65536 op, 102129511.00 ns, 1.5584 us/op
WorkloadPilot   14: 131072 op, 203568151.00 ns, 1.5531 us/op
WorkloadPilot   15: 262144 op, 399477792.00 ns, 1.5239 us/op
WorkloadPilot   16: 524288 op, 791168352.00 ns, 1.5090 us/op

OverheadWarmup   1: 524288 op, 873972.00 ns, 1.6670 ns/op
OverheadWarmup   2: 524288 op, 864995.00 ns, 1.6498 ns/op
OverheadWarmup   3: 524288 op, 872620.00 ns, 1.6644 ns/op
OverheadWarmup   4: 524288 op, 864685.00 ns, 1.6493 ns/op
OverheadWarmup   5: 524288 op, 849716.00 ns, 1.6207 ns/op
OverheadWarmup   6: 524288 op, 868351.00 ns, 1.6562 ns/op
OverheadWarmup   7: 524288 op, 865066.00 ns, 1.6500 ns/op

OverheadActual   1: 524288 op, 866137.00 ns, 1.6520 ns/op
OverheadActual   2: 524288 op, 885984.00 ns, 1.6899 ns/op
OverheadActual   3: 524288 op, 849777.00 ns, 1.6208 ns/op
OverheadActual   4: 524288 op, 883319.00 ns, 1.6848 ns/op
OverheadActual   5: 524288 op, 867670.00 ns, 1.6549 ns/op
OverheadActual   6: 524288 op, 883009.00 ns, 1.6842 ns/op
OverheadActual   7: 524288 op, 866177.00 ns, 1.6521 ns/op
OverheadActual   8: 524288 op, 849787.00 ns, 1.6208 ns/op
OverheadActual   9: 524288 op, 883309.00 ns, 1.6848 ns/op
OverheadActual  10: 524288 op, 867560.00 ns, 1.6547 ns/op
OverheadActual  11: 524288 op, 873010.00 ns, 1.6651 ns/op
OverheadActual  12: 524288 op, 876957.00 ns, 1.6727 ns/op
OverheadActual  13: 524288 op, 849667.00 ns, 1.6206 ns/op
OverheadActual  14: 524288 op, 876758.00 ns, 1.6723 ns/op
OverheadActual  15: 524288 op, 878109.00 ns, 1.6749 ns/op

WorkloadWarmup   1: 524288 op, 796225124.00 ns, 1.5187 us/op
WorkloadWarmup   2: 524288 op, 794522387.00 ns, 1.5154 us/op
WorkloadWarmup   3: 524288 op, 789158111.00 ns, 1.5052 us/op

// BeforeActualRun
WorkloadActual   1: 524288 op, 793772498.00 ns, 1.5140 us/op
WorkloadActual   2: 524288 op, 790162357.00 ns, 1.5071 us/op
WorkloadActual   3: 524288 op, 791104035.00 ns, 1.5089 us/op
WorkloadActual   4: 524288 op, 788274772.00 ns, 1.5035 us/op
WorkloadActual   5: 524288 op, 789365128.00 ns, 1.5056 us/op
WorkloadActual   6: 524288 op, 789805229.00 ns, 1.5064 us/op
WorkloadActual   7: 524288 op, 788846340.00 ns, 1.5046 us/op
WorkloadActual   8: 524288 op, 790027004.00 ns, 1.5069 us/op
WorkloadActual   9: 524288 op, 790997664.00 ns, 1.5087 us/op
WorkloadActual  10: 524288 op, 788153732.00 ns, 1.5033 us/op

// AfterActualRun
WorkloadResult   1: 524288 op, 789289347.00 ns, 1.5054 us/op
WorkloadResult   2: 524288 op, 790231025.00 ns, 1.5072 us/op
WorkloadResult   3: 524288 op, 787401762.00 ns, 1.5018 us/op
WorkloadResult   4: 524288 op, 788492118.00 ns, 1.5039 us/op
WorkloadResult   5: 524288 op, 788932219.00 ns, 1.5048 us/op
WorkloadResult   6: 524288 op, 787973330.00 ns, 1.5029 us/op
WorkloadResult   7: 524288 op, 789153994.00 ns, 1.5052 us/op
WorkloadResult   8: 524288 op, 790124654.00 ns, 1.5070 us/op
WorkloadResult   9: 524288 op, 787280722.00 ns, 1.5016 us/op
// GC:  4 0 0 79204216 524288
// Threading:  0 0 524288

// AfterAll
// Benchmark Process 2940 has exited with code 0.

Mean = 1.504 μs, StdErr = 0.001 μs (0.05%), N = 9, StdDev = 0.002 μs
Min = 1.502 μs, Q1 = 1.503 μs, Median = 1.505 μs, Q3 = 1.505 μs, Max = 1.507 μs
IQR = 0.003 μs, LowerFence = 1.499 μs, UpperFence = 1.509 μs
ConfidenceInterval = [1.501 μs; 1.508 μs] (CI 99.9%), Margin = 0.003 μs (0.23% of Mean)
Skewness = -0.04, Kurtosis = 1.41, MValue = 2

// ** Remained 9 (90.0 %) benchmark(s) to run. Estimated finish 2026-10-10 15:06 (0h 1m from now) **
// **************************
// Benchmark: ShardPrefixedIdBenchmarks.Generate_ToString: Job-YFEFPZ(IterationCount=10, WarmupCount=3)
// *** Execute ***
// Launch: 1 / 1
// Execute: dotnet Encina.IdGeneration.Benchmarks-Job-YFEFPZ-1.dll --anonymousPipes 136 137 --benchmarkName Encina.IdGeneration.Benchmarks.ShardPrefixedIdBenchmarks.Generate_ToString --job "IterationCount=10, WarmupCount=3" --benchmarkId 1 in /home/runner/work/Encina/Encina/tests/Encina.BenchmarkTests/Encina.IdGeneration.Benchmarks/bin/Release/net10.0/Encina.IdGeneration.Benchmarks-Job-YFEFPZ-1/bin/Release/net10.0
// Failed to set up high priority (Permission denied). In order to run benchmarks with high priority, make sure you have the right permissions.
// BeforeAnythingElse

// Benchmark Process Environment Information:
// BenchmarkDotNet v0.15.8
// Runtime=.NET 10.0.12 (10.0.12, 10.0.1226.42308), X64 RyuJIT x86-64-v3
// GC=Concurrent Workstation
// HardwareIntrinsics=AVX2+BMI1+BMI2+F16C+FMA+LZCNT+MOVBE,AVX,SSE3+SSSE3+SSE4.1+SSE4.2+POPCNT,X86Base+SSE+SSE2,AES+PCLMUL VectorSize=256
// Job: Job-YFEFPZ(IterationCount=10, WarmupCount=3)

OverheadJitting  1: 1 op, 235519.00 ns, 235.5190 us/op
WorkloadJitting  1: 1 op, 22620720.00 ns, 22.6207 ms/op

OverheadJitting  2: 16 op, 462544.00 ns, 28.9090 us/op
WorkloadJitting  2: 16 op, 485697.00 ns, 30.3561 us/op

WorkloadPilot    1: 16 op, 54442.00 ns, 3.4026 us/op
WorkloadPilot    2: 32 op, 81903.00 ns, 2.5595 us/op
WorkloadPilot    3: 64 op, 128420.00 ns, 2.0066 us/op
WorkloadPilot    4: 128 op, 217205.00 ns, 1.6969 us/op
WorkloadPilot    5: 256 op, 432919.00 ns, 1.6911 us/op
WorkloadPilot    6: 512 op, 819791.00 ns, 1.6012 us/op
WorkloadPilot    7: 1024 op, 1625626.00 ns, 1.5875 us/op
WorkloadPilot    8: 2048 op, 3072528.00 ns, 1.5003 us/op
WorkloadPilot    9: 4096 op, 6181393.00 ns, 1.5091 us/op
WorkloadPilot   10: 8192 op, 12280592.00 ns, 1.4991 us/op
WorkloadPilot   11: 16384 op, 23867408.00 ns, 1.4568 us/op
WorkloadPilot   12: 32768 op, 49184214.00 ns, 1.5010 us/op
WorkloadPilot   13: 65536 op, 97629638.00 ns, 1.4897 us/op
WorkloadPilot   14: 131072 op, 187307577.00 ns, 1.4290 us/op
WorkloadPilot   15: 262144 op, 369549595.00 ns, 1.4097 us/op
WorkloadPilot   16: 524288 op, 739714729.00 ns, 1.4109 us/op

OverheadWarmup   1: 524288 op, 1717387.00 ns, 3.2757 ns/op
OverheadWarmup   2: 524288 op, 1737575.00 ns, 3.3142 ns/op
OverheadWarmup   3: 524288 op, 1715173.00 ns, 3.2714 ns/op
OverheadWarmup   4: 524288 op, 1724791.00 ns, 3.2898 ns/op
OverheadWarmup   5: 524288 op, 1724149.00 ns, 3.2886 ns/op

OverheadActual   1: 524288 op, 1718549.00 ns, 3.2779 ns/op
OverheadActual   2: 524288 op, 1725402.00 ns, 3.2909 ns/op
OverheadActual   3: 524288 op, 1725843.00 ns, 3.2918 ns/op
OverheadActual   4: 524288 op, 1729640.00 ns, 3.2990 ns/op
OverheadActual   5: 524288 op, 1725512.00 ns, 3.2912 ns/op
OverheadActual   6: 524288 op, 1727225.00 ns, 3.2944 ns/op
OverheadActual   7: 524288 op, 1725242.00 ns, 3.2906 ns/op
OverheadActual   8: 524288 op, 1713289.00 ns, 3.2678 ns/op
OverheadActual   9: 524288 op, 1728989.00 ns, 3.2978 ns/op
OverheadActual  10: 524288 op, 1756861.00 ns, 3.3509 ns/op
OverheadActual  11: 524288 op, 1723940.00 ns, 3.2882 ns/op
OverheadActual  12: 524288 op, 1714782.00 ns, 3.2707 ns/op
OverheadActual  13: 524288 op, 1728057.00 ns, 3.2960 ns/op
OverheadActual  14: 524288 op, 1723869.00 ns, 3.2880 ns/op
OverheadActual  15: 524288 op, 1723338.00 ns, 3.2870 ns/op

WorkloadWarmup   1: 524288 op, 741118070.00 ns, 1.4136 us/op
WorkloadWarmup   2: 524288 op, 737966635.00 ns, 1.4076 us/op
WorkloadWarmup   3: 524288 op, 757134548.00 ns, 1.4441 us/op

// BeforeActualRun
WorkloadActual   1: 524288 op, 734744418.00 ns, 1.4014 us/op
WorkloadActual   2: 524288 op, 731337326.00 ns, 1.3949 us/op
WorkloadActual   3: 524288 op, 735510920.00 ns, 1.4029 us/op
WorkloadActual   4: 524288 op, 738136561.00 ns, 1.4079 us/op
WorkloadActual   5: 524288 op, 734112701.00 ns, 1.4002 us/op
WorkloadActual   6: 524288 op, 738533392.00 ns, 1.4086 us/op
WorkloadActual   7: 524288 op, 733013331.00 ns, 1.3981 us/op
WorkloadActual   8: 524288 op, 733486544.00 ns, 1.3990 us/op
WorkloadActual   9: 524288 op, 734959192.00 ns, 1.4018 us/op
WorkloadActual  10: 524288 op, 736299031.00 ns, 1.4044 us/op

// AfterActualRun
WorkloadResult   1: 524288 op, 733019016.00 ns, 1.3981 us/op
WorkloadResult   2: 524288 op, 729611924.00 ns, 1.3916 us/op
WorkloadResult   3: 524288 op, 733785518.00 ns, 1.3996 us/op
WorkloadResult   4: 524288 op, 736411159.00 ns, 1.4046 us/op
WorkloadResult   5: 524288 op, 732387299.00 ns, 1.3969 us/op
WorkloadResult   6: 524288 op, 736807990.00 ns, 1.4053 us/op
WorkloadResult   7: 524288 op, 731287929.00 ns, 1.3948 us/op
WorkloadResult   8: 524288 op, 731761142.00 ns, 1.3957 us/op
WorkloadResult   9: 524288 op, 733233790.00 ns, 1.3985 us/op
WorkloadResult  10: 524288 op, 734573629.00 ns, 1.4011 us/op
// GC:  6 0 0 113246208 524288
// Threading:  0 0 524288

// AfterAll
// Benchmark Process 2949 has exited with code 0.

Mean = 1.399 μs, StdErr = 0.001 μs (0.10%), N = 10, StdDev = 0.004 μs
Min = 1.392 μs, Q1 = 1.396 μs, Median = 1.398 μs, Q3 = 1.401 μs, Max = 1.405 μs
IQR = 0.005 μs, LowerFence = 1.389 μs, UpperFence = 1.408 μs
ConfidenceInterval = [1.392 μs; 1.405 μs] (CI 99.9%), Margin = 0.006 μs (0.46% of Mean)
Skewness = 0.13, Kurtosis = 1.84, MValue = 2

// ** Remained 8 (80.0 %) benchmark(s) to run. Estimated finish 2026-10-10 15:06 (0h 1m from now) **
// **************************
// Benchmark: ShardPrefixedIdBenchmarks.Generate_TimestampRandomFormat: ShortRun(IterationCount=3, LaunchCount=1, WarmupCount=3)
// *** Execute ***
// Launch: 1 / 1
// Execute: dotnet Encina.IdGeneration.Benchmarks-Job-YFEFPZ-1.dll --anonymousPipes 136 137 --benchmarkName Encina.IdGeneration.Benchmarks.ShardPrefixedIdBenchmarks.Generate_TimestampRandomFormat --job ShortRun --benchmarkId 2 in /home/runner/work/Encina/Encina/tests/Encina.BenchmarkTests/Encina.IdGeneration.Benchmarks/bin/Release/net10.0/Encina.IdGeneration.Benchmarks-Job-YFEFPZ-1/bin/Release/net10.0
// Failed to set up high priority (Permission denied). In order to run benchmarks with high priority, make sure you have the right permissions.
// BeforeAnythingElse

// Benchmark Process Environment Information:
// BenchmarkDotNet v0.15.8
// Runtime=.NET 10.0.12 (10.0.12, 10.0.1226.42308), X64 RyuJIT x86-64-v3
// GC=Concurrent Workstation
// HardwareIntrinsics=AVX2+BMI1+BMI2+F16C+FMA+LZCNT+MOVBE,AVX,SSE3+SSSE3+SSE4.1+SSE4.2+POPCNT,X86Base+SSE+SSE2,AES+PCLMUL VectorSize=256
// Job: ShortRun(IterationCount=3, LaunchCount=1, WarmupCount=3)

OverheadJitting  1: 1 op, 249225.00 ns, 249.2250 us/op
WorkloadJitting  1: 1 op, 21665236.00 ns, 21.6652 ms/op

OverheadJitting  2: 16 op, 206956.00 ns, 12.9348 us/op
WorkloadJitting  2: 16 op, 324075.00 ns, 20.2547 us/op

WorkloadPilot    1: 16 op, 54942.00 ns, 3.4339 us/op
WorkloadPilot    2: 32 op, 81693.00 ns, 2.5529 us/op
WorkloadPilot    3: 64 op, 148998.00 ns, 2.3281 us/op
WorkloadPilot    4: 128 op, 202679.00 ns, 1.5834 us/op
WorkloadPilot    5: 256 op, 397693.00 ns, 1.5535 us/op
WorkloadPilot    6: 512 op, 817206.00 ns, 1.5961 us/op
WorkloadPilot    7: 1024 op, 1598646.00 ns, 1.5612 us/op
WorkloadPilot    8: 2048 op, 3161033.00 ns, 1.5435 us/op
WorkloadPilot    9: 4096 op, 6183175.00 ns, 1.5096 us/op
WorkloadPilot   10: 8192 op, 12255374.00 ns, 1.4960 us/op
WorkloadPilot   11: 16384 op, 24523292.00 ns, 1.4968 us/op
WorkloadPilot   12: 32768 op, 49147272.00 ns, 1.4999 us/op
WorkloadPilot   13: 65536 op, 98824294.00 ns, 1.5079 us/op
WorkloadPilot   14: 131072 op, 194073011.00 ns, 1.4807 us/op
WorkloadPilot   15: 262144 op, 379764561.00 ns, 1.4487 us/op
WorkloadPilot   16: 524288 op, 759067248.00 ns, 1.4478 us/op

OverheadWarmup   1: 524288 op, 868032.00 ns, 1.6556 ns/op
OverheadWarmup   2: 524288 op, 883379.00 ns, 1.6849 ns/op
OverheadWarmup   3: 524288 op, 867429.00 ns, 1.6545 ns/op
OverheadWarmup   4: 524288 op, 849726.00 ns, 1.6207 ns/op
OverheadWarmup   5: 524288 op, 882828.00 ns, 1.6839 ns/op
OverheadWarmup   6: 524288 op, 848975.00 ns, 1.6193 ns/op

OverheadActual   1: 524288 op, 867961.00 ns, 1.6555 ns/op
OverheadActual   2: 524288 op, 849777.00 ns, 1.6208 ns/op
OverheadActual   3: 524288 op, 892306.00 ns, 1.7019 ns/op
OverheadActual   4: 524288 op, 867720.00 ns, 1.6550 ns/op
OverheadActual   5: 524288 op, 865947.00 ns, 1.6517 ns/op
OverheadActual   6: 524288 op, 882037.00 ns, 1.6824 ns/op
OverheadActual   7: 524288 op, 866868.00 ns, 1.6534 ns/op
OverheadActual   8: 524288 op, 865697.00 ns, 1.6512 ns/op
OverheadActual   9: 524288 op, 882859.00 ns, 1.6839 ns/op
OverheadActual  10: 524288 op, 868401.00 ns, 1.6563 ns/op
OverheadActual  11: 524288 op, 865125.00 ns, 1.6501 ns/op
OverheadActual  12: 524288 op, 882198.00 ns, 1.6827 ns/op
OverheadActual  13: 524288 op, 867991.00 ns, 1.6556 ns/op
OverheadActual  14: 524288 op, 866808.00 ns, 1.6533 ns/op
OverheadActual  15: 524288 op, 866438.00 ns, 1.6526 ns/op

WorkloadWarmup   1: 524288 op, 761304220.00 ns, 1.4521 us/op
WorkloadWarmup   2: 524288 op, 757122512.00 ns, 1.4441 us/op
WorkloadWarmup   3: 524288 op, 753730688.00 ns, 1.4376 us/op

// BeforeActualRun
WorkloadActual   1: 524288 op, 756612769.00 ns, 1.4431 us/op
WorkloadActual   2: 524288 op, 752850053.00 ns, 1.4359 us/op
WorkloadActual   3: 524288 op, 755338861.00 ns, 1.4407 us/op

// AfterActualRun
WorkloadResult   1: 524288 op, 755745049.00 ns, 1.4415 us/op
WorkloadResult   2: 524288 op, 751982333.00 ns, 1.4343 us/op
WorkloadResult   3: 524288 op, 754471141.00 ns, 1.4390 us/op
// GC:  4 0 0 79201976 524288
// Threading:  0 0 524288

// AfterAll
// Benchmark Process 2960 has exited with code 0.

Mean = 1.438 μs, StdErr = 0.002 μs (0.15%), N = 3, StdDev = 0.004 μs
Min = 1.434 μs, Q1 = 1.437 μs, Median = 1.439 μs, Q3 = 1.440 μs, Max = 1.441 μs
IQR = 0.004 μs, LowerFence = 1.431 μs, UpperFence = 1.446 μs
ConfidenceInterval = [1.372 μs; 1.505 μs] (CI 99.9%), Margin = 0.067 μs (4.63% of Mean)
Skewness = -0.2, Kurtosis = 0.67, MValue = 2

// ** Remained 7 (70.0 %) benchmark(s) to run. Estimated finish 2026-10-10 15:06 (0h 1m from now) **
// **************************
// Benchmark: ShardPrefixedIdBenchmarks.Generate_ToString: ShortRun(IterationCount=3, LaunchCount=1, WarmupCount=3)
// *** Execute ***
// Launch: 1 / 1
// Execute: dotnet Encina.IdGeneration.Benchmarks-Job-YFEFPZ-1.dll --anonymousPipes 136 137 --benchmarkName Encina.IdGeneration.Benchmarks.ShardPrefixedIdBenchmarks.Generate_ToString --job ShortRun --benchmarkId 3 in /home/runner/work/Encina/Encina/tests/Encina.BenchmarkTests/Encina.IdGeneration.Benchmarks/bin/Release/net10.0/Encina.IdGeneration.Benchmarks-Job-YFEFPZ-1/bin/Release/net10.0
// Failed to set up high priority (Permission denied). In order to run benchmarks with high priority, make sure you have the right permissions.
// BeforeAnythingElse

// Benchmark Process Environment Information:
// BenchmarkDotNet v0.15.8
// Runtime=.NET 10.0.12 (10.0.12, 10.0.1226.42308), X64 RyuJIT x86-64-v3
// GC=Concurrent Workstation
// HardwareIntrinsics=AVX2+BMI1+BMI2+F16C+FMA+LZCNT+MOVBE,AVX,SSE3+SSSE3+SSE4.1+SSE4.2+POPCNT,X86Base+SSE+SSE2,AES+PCLMUL VectorSize=256
// Job: ShortRun(IterationCount=3, LaunchCount=1, WarmupCount=3)

OverheadJitting  1: 1 op, 243164.00 ns, 243.1640 us/op
WorkloadJitting  1: 1 op, 22518407.00 ns, 22.5184 ms/op

OverheadJitting  2: 16 op, 424863.00 ns, 26.5539 us/op
WorkloadJitting  2: 16 op, 520793.00 ns, 32.5496 us/op

WorkloadPilot    1: 16 op, 47779.00 ns, 2.9862 us/op
WorkloadPilot    2: 32 op, 68768.00 ns, 2.1490 us/op
WorkloadPilot    3: 64 op, 110266.00 ns, 1.7229 us/op
WorkloadPilot    4: 128 op, 247452.00 ns, 1.9332 us/op
WorkloadPilot    5: 256 op, 498541.00 ns, 1.9474 us/op
WorkloadPilot    6: 512 op, 800825.00 ns, 1.5641 us/op
WorkloadPilot    7: 1024 op, 1592593.00 ns, 1.5553 us/op
WorkloadPilot    8: 2048 op, 3025069.00 ns, 1.4771 us/op
WorkloadPilot    9: 4096 op, 6149533.00 ns, 1.5014 us/op
WorkloadPilot   10: 8192 op, 12291231.00 ns, 1.5004 us/op
WorkloadPilot   11: 16384 op, 24748071.00 ns, 1.5105 us/op
WorkloadPilot   12: 32768 op, 49079724.00 ns, 1.4978 us/op
WorkloadPilot   13: 65536 op, 98402833.00 ns, 1.5015 us/op
WorkloadPilot   14: 131072 op, 189212658.00 ns, 1.4436 us/op
WorkloadPilot   15: 262144 op, 382001646.00 ns, 1.4572 us/op
WorkloadPilot   16: 524288 op, 739868694.00 ns, 1.4112 us/op

OverheadWarmup   1: 524288 op, 1710584.00 ns, 3.2627 ns/op
OverheadWarmup   2: 524288 op, 1736493.00 ns, 3.3121 ns/op
OverheadWarmup   3: 524288 op, 1741382.00 ns, 3.3214 ns/op
OverheadWarmup   4: 524288 op, 1725842.00 ns, 3.2918 ns/op
OverheadWarmup   5: 524288 op, 1736102.00 ns, 3.3114 ns/op
OverheadWarmup   6: 524288 op, 1734289.00 ns, 3.3079 ns/op

OverheadActual   1: 524288 op, 1761539.00 ns, 3.3599 ns/op
OverheadActual   2: 524288 op, 2539192.00 ns, 4.8431 ns/op
OverheadActual   3: 524288 op, 1731963.00 ns, 3.3035 ns/op
OverheadActual   4: 524288 op, 1725021.00 ns, 3.2902 ns/op
OverheadActual   5: 524288 op, 1715813.00 ns, 3.2727 ns/op
OverheadActual   6: 524288 op, 1722577.00 ns, 3.2856 ns/op
OverheadActual   7: 524288 op, 1726243.00 ns, 3.2925 ns/op
OverheadActual   8: 524288 op, 1725793.00 ns, 3.2917 ns/op
OverheadActual   9: 524288 op, 1716976.00 ns, 3.2749 ns/op
OverheadActual  10: 524288 op, 1724580.00 ns, 3.2894 ns/op
OverheadActual  11: 524288 op, 1724320.00 ns, 3.2889 ns/op
OverheadActual  12: 524288 op, 1728257.00 ns, 3.2964 ns/op
OverheadActual  13: 524288 op, 1724440.00 ns, 3.2891 ns/op
OverheadActual  14: 524288 op, 1715122.00 ns, 3.2713 ns/op
OverheadActual  15: 524288 op, 1725873.00 ns, 3.2918 ns/op

WorkloadWarmup   1: 524288 op, 749465133.00 ns, 1.4295 us/op
WorkloadWarmup   2: 524288 op, 745347143.00 ns, 1.4216 us/op
WorkloadWarmup   3: 524288 op, 739124372.00 ns, 1.4098 us/op

// BeforeActualRun
WorkloadActual   1: 524288 op, 742251942.00 ns, 1.4157 us/op
WorkloadActual   2: 524288 op, 740766699.00 ns, 1.4129 us/op
WorkloadActual   3: 524288 op, 740302232.00 ns, 1.4120 us/op

// AfterActualRun
WorkloadResult   1: 524288 op, 740526921.00 ns, 1.4124 us/op
WorkloadResult   2: 524288 op, 739041678.00 ns, 1.4096 us/op
WorkloadResult   3: 524288 op, 738577211.00 ns, 1.4087 us/op
// GC:  6 0 0 113246208 524288
// Threading:  0 0 524288

// AfterAll
// Benchmark Process 2967 has exited with code 0.

Mean = 1.410 μs, StdErr = 0.001 μs (0.08%), N = 3, StdDev = 0.002 μs
Min = 1.409 μs, Q1 = 1.409 μs, Median = 1.410 μs, Q3 = 1.411 μs, Max = 1.412 μs
IQR = 0.002 μs, LowerFence = 1.406 μs, UpperFence = 1.414 μs
ConfidenceInterval = [1.375 μs; 1.446 μs] (CI 99.9%), Margin = 0.035 μs (2.51% of Mean)
Skewness = 0.3, Kurtosis = 0.67, MValue = 2

// ** Remained 6 (60.0 %) benchmark(s) to run. Estimated finish 2026-10-10 15:06 (0h 0m from now) **
// **************************
// Benchmark: ShardPrefixedIdBenchmarks.Generate_UlidFormat: Job-YFEFPZ(IterationCount=10, WarmupCount=3)
// *** Execute ***
// Launch: 1 / 1
// Execute: dotnet Encina.IdGeneration.Benchmarks-Job-YFEFPZ-1.dll --anonymousPipes 136 137 --benchmarkName Encina.IdGeneration.Benchmarks.ShardPrefixedIdBenchmarks.Generate_UlidFormat --job "IterationCount=10, WarmupCount=3" --benchmarkId 4 in /home/runner/work/Encina/Encina/tests/Encina.BenchmarkTests/Encina.IdGeneration.Benchmarks/bin/Release/net10.0/Encina.IdGeneration.Benchmarks-Job-YFEFPZ-1/bin/Release/net10.0
// Failed to set up high priority (Permission denied). In order to run benchmarks with high priority, make sure you have the right permissions.
// BeforeAnythingElse

// Benchmark Process Environment Information:
// BenchmarkDotNet v0.15.8
// Runtime=.NET 10.0.12 (10.0.12, 10.0.1226.42308), X64 RyuJIT x86-64-v3
// GC=Concurrent Workstation
// HardwareIntrinsics=AVX2+BMI1+BMI2+F16C+FMA+LZCNT+MOVBE,AVX,SSE3+SSSE3+SSE4.1+SSE4.2+POPCNT,X86Base+SSE+SSE2,AES+PCLMUL VectorSize=256
// Job: Job-YFEFPZ(IterationCount=10, WarmupCount=3)

OverheadJitting  1: 1 op, 218418.00 ns, 218.4180 us/op
WorkloadJitting  1: 1 op, 21861020.00 ns, 21.8610 ms/op

OverheadJitting  2: 16 op, 217086.00 ns, 13.5679 us/op
WorkloadJitting  2: 16 op, 308195.00 ns, 19.2622 us/op

WorkloadPilot    1: 16 op, 71183.00 ns, 4.4489 us/op
WorkloadPilot    2: 32 op, 85589.00 ns, 2.6747 us/op
WorkloadPilot    3: 64 op, 102581.00 ns, 1.6028 us/op
WorkloadPilot    4: 128 op, 194072.00 ns, 1.5162 us/op
WorkloadPilot    5: 256 op, 394908.00 ns, 1.5426 us/op
WorkloadPilot    6: 512 op, 739100.00 ns, 1.4436 us/op
WorkloadPilot    7: 1024 op, 1476798.00 ns, 1.4422 us/op
WorkloadPilot    8: 2048 op, 2894344.00 ns, 1.4133 us/op
WorkloadPilot    9: 4096 op, 5601629.00 ns, 1.3676 us/op
WorkloadPilot   10: 8192 op, 11225341.00 ns, 1.3703 us/op
WorkloadPilot   11: 16384 op, 22010098.00 ns, 1.3434 us/op
WorkloadPilot   12: 32768 op, 45057273.00 ns, 1.3750 us/op
WorkloadPilot   13: 65536 op, 89043847.00 ns, 1.3587 us/op
WorkloadPilot   14: 131072 op, 178801428.00 ns, 1.3641 us/op
WorkloadPilot   15: 262144 op, 346757123.00 ns, 1.3228 us/op
WorkloadPilot   16: 524288 op, 689997871.00 ns, 1.3161 us/op

OverheadWarmup   1: 524288 op, 885503.00 ns, 1.6890 ns/op
OverheadWarmup   2: 524288 op, 881746.00 ns, 1.6818 ns/op
OverheadWarmup   3: 524288 op, 878560.00 ns, 1.6757 ns/op
OverheadWarmup   4: 524288 op, 889570.00 ns, 1.6967 ns/op
OverheadWarmup   5: 524288 op, 878511.00 ns, 1.6756 ns/op
OverheadWarmup   6: 524288 op, 864724.00 ns, 1.6493 ns/op
OverheadWarmup   7: 524288 op, 876918.00 ns, 1.6726 ns/op
OverheadWarmup   8: 524288 op, 877508.00 ns, 1.6737 ns/op
OverheadWarmup   9: 524288 op, 880714.00 ns, 1.6798 ns/op
OverheadWarmup  10: 524288 op, 877569.00 ns, 1.6738 ns/op

OverheadActual   1: 524288 op, 883910.00 ns, 1.6859 ns/op
OverheadActual   2: 524288 op, 883930.00 ns, 1.6860 ns/op
OverheadActual   3: 524288 op, 878731.00 ns, 1.6760 ns/op
OverheadActual   4: 524288 op, 891494.00 ns, 1.7004 ns/op
OverheadActual   5: 524288 op, 878861.00 ns, 1.6763 ns/op
OverheadActual   6: 524288 op, 877920.00 ns, 1.6745 ns/op
OverheadActual   7: 524288 op, 864144.00 ns, 1.6482 ns/op
OverheadActual   8: 524288 op, 878661.00 ns, 1.6759 ns/op
OverheadActual   9: 524288 op, 878441.00 ns, 1.6755 ns/op
OverheadActual  10: 524288 op, 878280.00 ns, 1.6752 ns/op
OverheadActual  11: 524288 op, 879723.00 ns, 1.6779 ns/op
OverheadActual  12: 524288 op, 886866.00 ns, 1.6916 ns/op
OverheadActual  13: 524288 op, 886916.00 ns, 1.6917 ns/op
OverheadActual  14: 524288 op, 886155.00 ns, 1.6902 ns/op
OverheadActual  15: 524288 op, 887537.00 ns, 1.6928 ns/op

WorkloadWarmup   1: 524288 op, 693594556.00 ns, 1.3229 us/op
WorkloadWarmup   2: 524288 op, 690927306.00 ns, 1.3178 us/op
WorkloadWarmup   3: 524288 op, 689127748.00 ns, 1.3144 us/op

// BeforeActualRun
WorkloadActual   1: 524288 op, 690984747.00 ns, 1.3179 us/op
WorkloadActual   2: 524288 op, 692689721.00 ns, 1.3212 us/op
WorkloadActual   3: 524288 op, 686933362.00 ns, 1.3102 us/op
WorkloadActual   4: 524288 op, 687423718.00 ns, 1.3112 us/op
WorkloadActual   5: 524288 op, 688643855.00 ns, 1.3135 us/op
WorkloadActual   6: 524288 op, 687570481.00 ns, 1.3114 us/op
WorkloadActual   7: 524288 op, 687647896.00 ns, 1.3116 us/op
WorkloadActual   8: 524288 op, 687768521.00 ns, 1.3118 us/op
WorkloadActual   9: 524288 op, 685570106.00 ns, 1.3076 us/op
WorkloadActual  10: 524288 op, 691026173.00 ns, 1.3180 us/op

// AfterActualRun
WorkloadResult   1: 524288 op, 690105024.00 ns, 1.3163 us/op
WorkloadResult   2: 524288 op, 691809998.00 ns, 1.3195 us/op
WorkloadResult   3: 524288 op, 686053639.00 ns, 1.3085 us/op
WorkloadResult   4: 524288 op, 686543995.00 ns, 1.3095 us/op
WorkloadResult   5: 524288 op, 687764132.00 ns, 1.3118 us/op
WorkloadResult   6: 524288 op, 686690758.00 ns, 1.3098 us/op
WorkloadResult   7: 524288 op, 686768173.00 ns, 1.3099 us/op
WorkloadResult   8: 524288 op, 686888798.00 ns, 1.3101 us/op
WorkloadResult   9: 524288 op, 684690383.00 ns, 1.3059 us/op
WorkloadResult  10: 524288 op, 690146450.00 ns, 1.3163 us/op
// GC:  3 0 0 62914560 524288
// Threading:  0 0 524288

// AfterAll
// Benchmark Process 2973 has exited with code 0.

Mean = 1.312 μs, StdErr = 0.001 μs (0.10%), N = 10, StdDev = 0.004 μs
Min = 1.306 μs, Q1 = 1.310 μs, Median = 1.310 μs, Q3 = 1.315 μs, Max = 1.320 μs
IQR = 0.006 μs, LowerFence = 1.301 μs, UpperFence = 1.324 μs
ConfidenceInterval = [1.305 μs; 1.318 μs] (CI 99.9%), Margin = 0.006 μs (0.49% of Mean)
Skewness = 0.51, Kurtosis = 1.8, MValue = 2

// ** Remained 5 (50.0 %) benchmark(s) to run. Estimated finish 2026-10-10 15:06 (0h 0m from now) **
// **************************
// Benchmark: ShardPrefixedIdBenchmarks.Generate_UlidFormat: ShortRun(IterationCount=3, LaunchCount=1, WarmupCount=3)
// *** Execute ***
// Launch: 1 / 1
// Execute: dotnet Encina.IdGeneration.Benchmarks-Job-YFEFPZ-1.dll --anonymousPipes 136 137 --benchmarkName Encina.IdGeneration.Benchmarks.ShardPrefixedIdBenchmarks.Generate_UlidFormat --job ShortRun --benchmarkId 5 in /home/runner/work/Encina/Encina/tests/Encina.BenchmarkTests/Encina.IdGeneration.Benchmarks/bin/Release/net10.0/Encina.IdGeneration.Benchmarks-Job-YFEFPZ-1/bin/Release/net10.0
// Failed to set up high priority (Permission denied). In order to run benchmarks with high priority, make sure you have the right permissions.
// BeforeAnythingElse

// Benchmark Process Environment Information:
// BenchmarkDotNet v0.15.8
// Runtime=.NET 10.0.12 (10.0.12, 10.0.1226.42308), X64 RyuJIT x86-64-v3
// GC=Concurrent Workstation
// HardwareIntrinsics=AVX2+BMI1+BMI2+F16C+FMA+LZCNT+MOVBE,AVX,SSE3+SSSE3+SSE4.1+SSE4.2+POPCNT,X86Base+SSE+SSE2,AES+PCLMUL VectorSize=256
// Job: ShortRun(IterationCount=3, LaunchCount=1, WarmupCount=3)

OverheadJitting  1: 1 op, 242724.00 ns, 242.7240 us/op
WorkloadJitting  1: 1 op, 22347899.00 ns, 22.3479 ms/op

OverheadJitting  2: 16 op, 230611.00 ns, 14.4132 us/op
WorkloadJitting  2: 16 op, 321080.00 ns, 20.0675 us/op

WorkloadPilot    1: 16 op, 50996.00 ns, 3.1873 us/op
WorkloadPilot    2: 32 op, 70883.00 ns, 2.2151 us/op
WorkloadPilot    3: 64 op, 116056.00 ns, 1.8134 us/op
WorkloadPilot    4: 128 op, 201987.00 ns, 1.5780 us/op
WorkloadPilot    5: 256 op, 378497.00 ns, 1.4785 us/op
WorkloadPilot    6: 512 op, 719394.00 ns, 1.4051 us/op
WorkloadPilot    7: 1024 op, 1445559.00 ns, 1.4117 us/op
WorkloadPilot    8: 2048 op, 2924261.00 ns, 1.4279 us/op
WorkloadPilot    9: 4096 op, 5631546.00 ns, 1.3749 us/op
WorkloadPilot   10: 8192 op, 11357438.00 ns, 1.3864 us/op
WorkloadPilot   11: 16384 op, 22460620.00 ns, 1.3709 us/op
WorkloadPilot   12: 32768 op, 44882547.00 ns, 1.3697 us/op
WorkloadPilot   13: 65536 op, 89633758.00 ns, 1.3677 us/op
WorkloadPilot   14: 131072 op, 179352955.00 ns, 1.3684 us/op
WorkloadPilot   15: 262144 op, 346717853.00 ns, 1.3226 us/op
WorkloadPilot   16: 524288 op, 686497783.00 ns, 1.3094 us/op

OverheadWarmup   1: 524288 op, 868742.00 ns, 1.6570 ns/op
OverheadWarmup   2: 524288 op, 877358.00 ns, 1.6734 ns/op
OverheadWarmup   3: 524288 op, 864865.00 ns, 1.6496 ns/op
OverheadWarmup   4: 524288 op, 878090.00 ns, 1.6748 ns/op
OverheadWarmup   5: 524288 op, 864925.00 ns, 1.6497 ns/op

OverheadActual   1: 524288 op, 868642.00 ns, 1.6568 ns/op
OverheadActual   2: 524288 op, 866668.00 ns, 1.6530 ns/op
OverheadActual   3: 524288 op, 871698.00 ns, 1.6626 ns/op
OverheadActual   4: 524288 op, 866298.00 ns, 1.6523 ns/op
OverheadActual   5: 524288 op, 872309.00 ns, 1.6638 ns/op
OverheadActual   6: 524288 op, 868090.00 ns, 1.6558 ns/op
OverheadActual   7: 524288 op, 849005.00 ns, 1.6193 ns/op
OverheadActual   8: 524288 op, 865456.00 ns, 1.6507 ns/op
OverheadActual   9: 524288 op, 864815.00 ns, 1.6495 ns/op
OverheadActual  10: 524288 op, 873992.00 ns, 1.6670 ns/op
OverheadActual  11: 524288 op, 864504.00 ns, 1.6489 ns/op
OverheadActual  12: 524288 op, 863423.00 ns, 1.6468 ns/op
OverheadActual  13: 524288 op, 872970.00 ns, 1.6651 ns/op
OverheadActual  14: 524288 op, 875004.00 ns, 1.6689 ns/op
OverheadActual  15: 524288 op, 873591.00 ns, 1.6662 ns/op

WorkloadWarmup   1: 524288 op, 693132542.00 ns, 1.3220 us/op
WorkloadWarmup   2: 524288 op, 689109470.00 ns, 1.3144 us/op
WorkloadWarmup   3: 524288 op, 686588282.00 ns, 1.3096 us/op

// BeforeActualRun
WorkloadActual   1: 524288 op, 690408756.00 ns, 1.3169 us/op
WorkloadActual   2: 524288 op, 688652606.00 ns, 1.3135 us/op
WorkloadActual   3: 524288 op, 686629288.00 ns, 1.3096 us/op

// AfterActualRun
WorkloadResult   1: 524288 op, 689540666.00 ns, 1.3152 us/op
WorkloadResult   2: 524288 op, 687784516.00 ns, 1.3118 us/op
WorkloadResult   3: 524288 op, 685761198.00 ns, 1.3080 us/op
// GC:  3 0 0 62914560 524288
// Threading:  0 0 524288

// AfterAll
// Benchmark Process 2984 has exited with code 0.

Mean = 1.312 μs, StdErr = 0.002 μs (0.16%), N = 3, StdDev = 0.004 μs
Min = 1.308 μs, Q1 = 1.310 μs, Median = 1.312 μs, Q3 = 1.314 μs, Max = 1.315 μs
IQR = 0.004 μs, LowerFence = 1.305 μs, UpperFence = 1.319 μs
ConfidenceInterval = [1.246 μs; 1.377 μs] (CI 99.9%), Margin = 0.066 μs (5.02% of Mean)
Skewness = -0.05, Kurtosis = 0.67, MValue = 2

// ** Remained 4 (40.0 %) benchmark(s) to run. Estimated finish 2026-10-10 15:06 (0h 0m from now) **
// **************************
// Benchmark: ShardPrefixedIdBenchmarks.Generate_UuidV7Format: Job-YFEFPZ(IterationCount=10, WarmupCount=3)
// *** Execute ***
// Launch: 1 / 1
// Execute: dotnet Encina.IdGeneration.Benchmarks-Job-YFEFPZ-1.dll --anonymousPipes 136 137 --benchmarkName Encina.IdGeneration.Benchmarks.ShardPrefixedIdBenchmarks.Generate_UuidV7Format --job "IterationCount=10, WarmupCount=3" --benchmarkId 6 in /home/runner/work/Encina/Encina/tests/Encina.BenchmarkTests/Encina.IdGeneration.Benchmarks/bin/Release/net10.0/Encina.IdGeneration.Benchmarks-Job-YFEFPZ-1/bin/Release/net10.0
// Failed to set up high priority (Permission denied). In order to run benchmarks with high priority, make sure you have the right permissions.
// BeforeAnythingElse

// Benchmark Process Environment Information:
// BenchmarkDotNet v0.15.8
// Runtime=.NET 10.0.12 (10.0.12, 10.0.1226.42308), X64 RyuJIT x86-64-v3
// GC=Concurrent Workstation
// HardwareIntrinsics=AVX2+BMI1+BMI2+F16C+FMA+LZCNT+MOVBE,AVX,SSE3+SSSE3+SSE4.1+SSE4.2+POPCNT,X86Base+SSE+SSE2,AES+PCLMUL VectorSize=256
// Job: Job-YFEFPZ(IterationCount=10, WarmupCount=3)

OverheadJitting  1: 1 op, 234237.00 ns, 234.2370 us/op
WorkloadJitting  1: 1 op, 20068393.00 ns, 20.0684 ms/op

OverheadJitting  2: 16 op, 207588.00 ns, 12.9743 us/op
WorkloadJitting  2: 16 op, 315689.00 ns, 19.7306 us/op

WorkloadPilot    1: 16 op, 50624.00 ns, 3.1640 us/op
WorkloadPilot    2: 32 op, 69539.00 ns, 2.1731 us/op
WorkloadPilot    3: 64 op, 140653.00 ns, 2.1977 us/op
WorkloadPilot    4: 128 op, 211214.00 ns, 1.6501 us/op
WorkloadPilot    5: 256 op, 384258.00 ns, 1.5010 us/op
WorkloadPilot    6: 512 op, 746594.00 ns, 1.4582 us/op
WorkloadPilot    7: 1024 op, 1487898.00 ns, 1.4530 us/op
WorkloadPilot    8: 2048 op, 2920713.00 ns, 1.4261 us/op
WorkloadPilot    9: 4096 op, 5682090.00 ns, 1.3872 us/op
WorkloadPilot   10: 8192 op, 11363869.00 ns, 1.3872 us/op
WorkloadPilot   11: 16384 op, 22680901.00 ns, 1.3843 us/op
WorkloadPilot   12: 32768 op, 46080904.00 ns, 1.4063 us/op
WorkloadPilot   13: 65536 op, 91116896.00 ns, 1.3903 us/op
WorkloadPilot   14: 131072 op, 182534726.00 ns, 1.3926 us/op
WorkloadPilot   15: 262144 op, 360165715.00 ns, 1.3739 us/op
WorkloadPilot   16: 524288 op, 707187925.00 ns, 1.3489 us/op

OverheadWarmup   1: 524288 op, 868321.00 ns, 1.6562 ns/op
OverheadWarmup   2: 524288 op, 879191.00 ns, 1.6769 ns/op
OverheadWarmup   3: 524288 op, 864033.00 ns, 1.6480 ns/op
OverheadWarmup   4: 524288 op, 877779.00 ns, 1.6742 ns/op
OverheadWarmup   5: 524288 op, 867671.00 ns, 1.6550 ns/op

OverheadActual   1: 524288 op, 886335.00 ns, 1.6905 ns/op
OverheadActual   2: 524288 op, 878641.00 ns, 1.6759 ns/op
OverheadActual   3: 524288 op, 883449.00 ns, 1.6850 ns/op
OverheadActual   4: 524288 op, 878741.00 ns, 1.6761 ns/op
OverheadActual   5: 524288 op, 882327.00 ns, 1.6829 ns/op
OverheadActual   6: 524288 op, 877588.00 ns, 1.6739 ns/op
OverheadActual   7: 524288 op, 866969.00 ns, 1.6536 ns/op
OverheadActual   8: 524288 op, 869173.00 ns, 1.6578 ns/op
OverheadActual   9: 524288 op, 848965.00 ns, 1.6193 ns/op
OverheadActual  10: 524288 op, 864655.00 ns, 1.6492 ns/op
OverheadActual  11: 524288 op, 863733.00 ns, 1.6474 ns/op
OverheadActual  12: 524288 op, 874303.00 ns, 1.6676 ns/op
OverheadActual  13: 524288 op, 875915.00 ns, 1.6707 ns/op
OverheadActual  14: 524288 op, 872979.00 ns, 1.6651 ns/op
OverheadActual  15: 524288 op, 872639.00 ns, 1.6644 ns/op

WorkloadWarmup   1: 524288 op, 717343949.00 ns, 1.3682 us/op
WorkloadWarmup   2: 524288 op, 710068825.00 ns, 1.3543 us/op
WorkloadWarmup   3: 524288 op, 707497123.00 ns, 1.3494 us/op

// BeforeActualRun
WorkloadActual   1: 524288 op, 712647630.00 ns, 1.3593 us/op
WorkloadActual   2: 524288 op, 709492118.00 ns, 1.3532 us/op
WorkloadActual   3: 524288 op, 709165898.00 ns, 1.3526 us/op
WorkloadActual   4: 524288 op, 709313424.00 ns, 1.3529 us/op
WorkloadActual   5: 524288 op, 708191589.00 ns, 1.3508 us/op
WorkloadActual   6: 524288 op, 709516654.00 ns, 1.3533 us/op
WorkloadActual   7: 524288 op, 706324764.00 ns, 1.3472 us/op
WorkloadActual   8: 524288 op, 708297447.00 ns, 1.3510 us/op
WorkloadActual   9: 524288 op, 707597895.00 ns, 1.3496 us/op
WorkloadActual  10: 524288 op, 707571492.00 ns, 1.3496 us/op

// AfterActualRun
WorkloadResult   1: 524288 op, 708617815.00 ns, 1.3516 us/op
WorkloadResult   2: 524288 op, 708291595.00 ns, 1.3510 us/op
WorkloadResult   3: 524288 op, 708439121.00 ns, 1.3512 us/op
WorkloadResult   4: 524288 op, 707317286.00 ns, 1.3491 us/op
WorkloadResult   5: 524288 op, 708642351.00 ns, 1.3516 us/op
WorkloadResult   6: 524288 op, 705450461.00 ns, 1.3455 us/op
WorkloadResult   7: 524288 op, 707423144.00 ns, 1.3493 us/op
WorkloadResult   8: 524288 op, 706723592.00 ns, 1.3480 us/op
WorkloadResult   9: 524288 op, 706697189.00 ns, 1.3479 us/op
// GC:  3 0 0 50331648 524288
// Threading:  0 0 524288

// AfterAll
// Benchmark Process 2991 has exited with code 0.

Mean = 1.349 μs, StdErr = 0.001 μs (0.05%), N = 9, StdDev = 0.002 μs
Min = 1.346 μs, Q1 = 1.348 μs, Median = 1.349 μs, Q3 = 1.351 μs, Max = 1.352 μs
IQR = 0.003 μs, LowerFence = 1.343 μs, UpperFence = 1.356 μs
ConfidenceInterval = [1.346 μs; 1.353 μs] (CI 99.9%), Margin = 0.004 μs (0.26% of Mean)
Skewness = -0.49, Kurtosis = 1.8, MValue = 2

// ** Remained 3 (30.0 %) benchmark(s) to run. Estimated finish 2026-10-10 15:06 (0h 0m from now) **
// **************************
// Benchmark: ShardPrefixedIdBenchmarks.Generate_UuidV7Format: ShortRun(IterationCount=3, LaunchCount=1, WarmupCount=3)
// *** Execute ***
// Launch: 1 / 1
// Execute: dotnet Encina.IdGeneration.Benchmarks-Job-YFEFPZ-1.dll --anonymousPipes 136 137 --benchmarkName Encina.IdGeneration.Benchmarks.ShardPrefixedIdBenchmarks.Generate_UuidV7Format --job ShortRun --benchmarkId 7 in /home/runner/work/Encina/Encina/tests/Encina.BenchmarkTests/Encina.IdGeneration.Benchmarks/bin/Release/net10.0/Encina.IdGeneration.Benchmarks-Job-YFEFPZ-1/bin/Release/net10.0
// Failed to set up high priority (Permission denied). In order to run benchmarks with high priority, make sure you have the right permissions.
// BeforeAnythingElse

// Benchmark Process Environment Information:
// BenchmarkDotNet v0.15.8
// Runtime=.NET 10.0.12 (10.0.12, 10.0.1226.42308), X64 RyuJIT x86-64-v3
// GC=Concurrent Workstation
// HardwareIntrinsics=AVX2+BMI1+BMI2+F16C+FMA+LZCNT+MOVBE,AVX,SSE3+SSSE3+SSE4.1+SSE4.2+POPCNT,X86Base+SSE+SSE2,AES+PCLMUL VectorSize=256
// Job: ShortRun(IterationCount=3, LaunchCount=1, WarmupCount=3)

OverheadJitting  1: 1 op, 216354.00 ns, 216.3540 us/op
WorkloadJitting  1: 1 op, 19952787.00 ns, 19.9528 ms/op

OverheadJitting  2: 16 op, 205914.00 ns, 12.8696 us/op
WorkloadJitting  2: 16 op, 317583.00 ns, 19.8489 us/op

WorkloadPilot    1: 16 op, 48540.00 ns, 3.0338 us/op
WorkloadPilot    2: 32 op, 71073.00 ns, 2.2210 us/op
WorkloadPilot    3: 64 op, 113713.00 ns, 1.7768 us/op
WorkloadPilot    4: 128 op, 231342.00 ns, 1.8074 us/op
WorkloadPilot    5: 256 op, 386391.00 ns, 1.5093 us/op
WorkloadPilot    6: 512 op, 708393.00 ns, 1.3836 us/op
WorkloadPilot    7: 1024 op, 1415202.00 ns, 1.3820 us/op
WorkloadPilot    8: 2048 op, 2779259.00 ns, 1.3571 us/op
WorkloadPilot    9: 4096 op, 5393020.00 ns, 1.3167 us/op
WorkloadPilot   10: 8192 op, 10663291.00 ns, 1.3017 us/op
WorkloadPilot   11: 16384 op, 21596497.00 ns, 1.3181 us/op
WorkloadPilot   12: 32768 op, 43192221.00 ns, 1.3181 us/op
WorkloadPilot   13: 65536 op, 85857767.00 ns, 1.3101 us/op
WorkloadPilot   14: 131072 op, 172428788.00 ns, 1.3155 us/op
WorkloadPilot   15: 262144 op, 338524860.00 ns, 1.2914 us/op
WorkloadPilot   16: 524288 op, 662978034.00 ns, 1.2645 us/op

OverheadWarmup   1: 524288 op, 881145.00 ns, 1.6807 ns/op
OverheadWarmup   2: 524288 op, 880023.00 ns, 1.6785 ns/op
OverheadWarmup   3: 524288 op, 865716.00 ns, 1.6512 ns/op
OverheadWarmup   4: 524288 op, 866648.00 ns, 1.6530 ns/op
OverheadWarmup   5: 524288 op, 867069.00 ns, 1.6538 ns/op
OverheadWarmup   6: 524288 op, 864654.00 ns, 1.6492 ns/op
OverheadWarmup   7: 524288 op, 867891.00 ns, 1.6554 ns/op
OverheadWarmup   8: 524288 op, 866227.00 ns, 1.6522 ns/op

OverheadActual   1: 524288 op, 867270.00 ns, 1.6542 ns/op
OverheadActual   2: 524288 op, 866648.00 ns, 1.6530 ns/op
OverheadActual   3: 524288 op, 867580.00 ns, 1.6548 ns/op
OverheadActual   4: 524288 op, 866698.00 ns, 1.6531 ns/op
OverheadActual   5: 524288 op, 865987.00 ns, 1.6517 ns/op
OverheadActual   6: 524288 op, 865205.00 ns, 1.6502 ns/op
OverheadActual   7: 524288 op, 867981.00 ns, 1.6555 ns/op
OverheadActual   8: 524288 op, 863623.00 ns, 1.6472 ns/op
OverheadActual   9: 524288 op, 863252.00 ns, 1.6465 ns/op
OverheadActual  10: 524288 op, 864795.00 ns, 1.6495 ns/op
OverheadActual  11: 524288 op, 863473.00 ns, 1.6469 ns/op
OverheadActual  12: 524288 op, 849737.00 ns, 1.6207 ns/op
OverheadActual  13: 524288 op, 1018422.00 ns, 1.9425 ns/op
OverheadActual  14: 524288 op, 868011.00 ns, 1.6556 ns/op
OverheadActual  15: 524288 op, 864694.00 ns, 1.6493 ns/op

WorkloadWarmup   1: 524288 op, 668414255.00 ns, 1.2749 us/op
WorkloadWarmup   2: 524288 op, 667161527.00 ns, 1.2725 us/op
WorkloadWarmup   3: 524288 op, 664100570.00 ns, 1.2667 us/op

// BeforeActualRun
WorkloadActual   1: 524288 op, 668018716.00 ns, 1.2741 us/op
WorkloadActual   2: 524288 op, 664281057.00 ns, 1.2670 us/op
WorkloadActual   3: 524288 op, 662226671.00 ns, 1.2631 us/op

// AfterActualRun
WorkloadResult   1: 524288 op, 667152729.00 ns, 1.2725 us/op
WorkloadResult   2: 524288 op, 663415070.00 ns, 1.2654 us/op
WorkloadResult   3: 524288 op, 661360684.00 ns, 1.2614 us/op
// GC:  3 0 0 50331648 524288
// Threading:  0 0 524288

// AfterAll
// Benchmark Process 2999 has exited with code 0.

Mean = 1.266 μs, StdErr = 0.003 μs (0.26%), N = 3, StdDev = 0.006 μs
Min = 1.261 μs, Q1 = 1.263 μs, Median = 1.265 μs, Q3 = 1.269 μs, Max = 1.272 μs
IQR = 0.006 μs, LowerFence = 1.255 μs, UpperFence = 1.277 μs
ConfidenceInterval = [1.164 μs; 1.369 μs] (CI 99.9%), Margin = 0.102 μs (8.07% of Mean)
Skewness = 0.18, Kurtosis = 0.67, MValue = 2

// ** Remained 2 (20.0 %) benchmark(s) to run. Estimated finish 2026-10-10 15:06 (0h 0m from now) **
// **************************
// Benchmark: ShardPrefixedIdBenchmarks.ExtractShardId_Ulid: Job-YFEFPZ(IterationCount=10, WarmupCount=3)
// *** Execute ***
// Launch: 1 / 1
// Execute: dotnet Encina.IdGeneration.Benchmarks-Job-YFEFPZ-1.dll --anonymousPipes 136 137 --benchmarkName Encina.IdGeneration.Benchmarks.ShardPrefixedIdBenchmarks.ExtractShardId_Ulid --job "IterationCount=10, WarmupCount=3" --benchmarkId 8 in /home/runner/work/Encina/Encina/tests/Encina.BenchmarkTests/Encina.IdGeneration.Benchmarks/bin/Release/net10.0/Encina.IdGeneration.Benchmarks-Job-YFEFPZ-1/bin/Release/net10.0
// Failed to set up high priority (Permission denied). In order to run benchmarks with high priority, make sure you have the right permissions.
// BeforeAnythingElse

// Benchmark Process Environment Information:
// BenchmarkDotNet v0.15.8
// Runtime=.NET 10.0.12 (10.0.12, 10.0.1226.42308), X64 RyuJIT x86-64-v3
// GC=Concurrent Workstation
// HardwareIntrinsics=AVX2+BMI1+BMI2+F16C+FMA+LZCNT+MOVBE,AVX,SSE3+SSSE3+SSE4.1+SSE4.2+POPCNT,X86Base+SSE+SSE2,AES+PCLMUL VectorSize=256
// Job: Job-YFEFPZ(IterationCount=10, WarmupCount=3)

OverheadJitting  1: 1 op, 240649.00 ns, 240.6490 us/op
WorkloadJitting  1: 1 op, 25188741.00 ns, 25.1887 ms/op

OverheadJitting  2: 16 op, 420725.00 ns, 26.2953 us/op
WorkloadJitting  2: 16 op, 506696.00 ns, 31.6685 us/op

WorkloadPilot    1: 16 op, 53791.00 ns, 3.3619 us/op
WorkloadPilot    2: 32 op, 71464.00 ns, 2.2333 us/op
WorkloadPilot    3: 64 op, 123841.00 ns, 1.9350 us/op
WorkloadPilot    4: 128 op, 217817.00 ns, 1.7017 us/op
WorkloadPilot    5: 256 op, 397743.00 ns, 1.5537 us/op
WorkloadPilot    6: 512 op, 761501.00 ns, 1.4873 us/op
WorkloadPilot    7: 1024 op, 1556266.00 ns, 1.5198 us/op
WorkloadPilot    8: 2048 op, 3086723.00 ns, 1.5072 us/op
WorkloadPilot    9: 4096 op, 5924733.00 ns, 1.4465 us/op
WorkloadPilot   10: 8192 op, 11847411.00 ns, 1.4462 us/op
WorkloadPilot   11: 16384 op, 23476634.00 ns, 1.4329 us/op
WorkloadPilot   12: 32768 op, 48232067.00 ns, 1.4719 us/op
WorkloadPilot   13: 65536 op, 94418042.00 ns, 1.4407 us/op
WorkloadPilot   14: 131072 op, 189388788.00 ns, 1.4449 us/op
WorkloadPilot   15: 262144 op, 370005016.00 ns, 1.4115 us/op
WorkloadPilot   16: 524288 op, 732538423.00 ns, 1.3972 us/op

OverheadWarmup   1: 524288 op, 1726264.00 ns, 3.2926 ns/op
OverheadWarmup   2: 524288 op, 1714291.00 ns, 3.2698 ns/op
OverheadWarmup   3: 524288 op, 1741541.00 ns, 3.3217 ns/op
OverheadWarmup   4: 524288 op, 1723368.00 ns, 3.2871 ns/op
OverheadWarmup   5: 524288 op, 1739709.00 ns, 3.3182 ns/op
OverheadWarmup   6: 524288 op, 1716625.00 ns, 3.2742 ns/op

OverheadActual   1: 524288 op, 1743976.00 ns, 3.3264 ns/op
OverheadActual   2: 524288 op, 1747413.00 ns, 3.3329 ns/op
OverheadActual   3: 524288 op, 1749126.00 ns, 3.3362 ns/op
OverheadActual   4: 524288 op, 1723659.00 ns, 3.2876 ns/op
OverheadActual   5: 524288 op, 1745589.00 ns, 3.3294 ns/op
OverheadActual   6: 524288 op, 1722276.00 ns, 3.2850 ns/op
OverheadActual   7: 524288 op, 1746550.00 ns, 3.3313 ns/op
OverheadActual   8: 524288 op, 1733977.00 ns, 3.3073 ns/op
OverheadActual   9: 524288 op, 1721264.00 ns, 3.2831 ns/op
OverheadActual  10: 524288 op, 1738897.00 ns, 3.3167 ns/op
OverheadActual  11: 524288 op, 1724429.00 ns, 3.2891 ns/op
OverheadActual  12: 524288 op, 1731243.00 ns, 3.3021 ns/op
OverheadActual  13: 524288 op, 1723598.00 ns, 3.2875 ns/op
OverheadActual  14: 524288 op, 1722917.00 ns, 3.2862 ns/op
OverheadActual  15: 524288 op, 1723778.00 ns, 3.2878 ns/op

WorkloadWarmup   1: 524288 op, 737873975.00 ns, 1.4074 us/op
WorkloadWarmup   2: 524288 op, 732091689.00 ns, 1.3964 us/op
WorkloadWarmup   3: 524288 op, 731530120.00 ns, 1.3953 us/op

// BeforeActualRun
WorkloadActual   1: 524288 op, 738101571.00 ns, 1.4078 us/op
WorkloadActual   2: 524288 op, 731314488.00 ns, 1.3949 us/op
WorkloadActual   3: 524288 op, 730610323.00 ns, 1.3935 us/op
WorkloadActual   4: 524288 op, 732121875.00 ns, 1.3964 us/op
WorkloadActual   5: 524288 op, 732617742.00 ns, 1.3974 us/op
WorkloadActual   6: 524288 op, 733143905.00 ns, 1.3984 us/op
WorkloadActual   7: 524288 op, 731091643.00 ns, 1.3944 us/op
WorkloadActual   8: 524288 op, 731025990.00 ns, 1.3943 us/op
WorkloadActual   9: 524288 op, 734002919.00 ns, 1.4000 us/op
WorkloadActual  10: 524288 op, 732804832.00 ns, 1.3977 us/op

// AfterActualRun
WorkloadResult   1: 524288 op, 729583245.00 ns, 1.3916 us/op
WorkloadResult   2: 524288 op, 728879080.00 ns, 1.3902 us/op
WorkloadResult   3: 524288 op, 730390632.00 ns, 1.3931 us/op
WorkloadResult   4: 524288 op, 730886499.00 ns, 1.3941 us/op
WorkloadResult   5: 524288 op, 731412662.00 ns, 1.3951 us/op
WorkloadResult   6: 524288 op, 729360400.00 ns, 1.3911 us/op
WorkloadResult   7: 524288 op, 729294747.00 ns, 1.3910 us/op
WorkloadResult   8: 524288 op, 732271676.00 ns, 1.3967 us/op
WorkloadResult   9: 524288 op, 731073589.00 ns, 1.3944 us/op
// GC:  3 0 0 62914560 524288
// Threading:  0 0 524288

// AfterAll
// Benchmark Process 3008 has exited with code 0.

Mean = 1.393 μs, StdErr = 0.001 μs (0.05%), N = 9, StdDev = 0.002 μs
Min = 1.390 μs, Q1 = 1.391 μs, Median = 1.393 μs, Q3 = 1.394 μs, Max = 1.397 μs
IQR = 0.003 μs, LowerFence = 1.386 μs, UpperFence = 1.399 μs
ConfidenceInterval = [1.389 μs; 1.397 μs] (CI 99.9%), Margin = 0.004 μs (0.26% of Mean)
Skewness = 0.23, Kurtosis = 1.46, MValue = 2

// ** Remained 1 (10.0 %) benchmark(s) to run. Estimated finish 2026-10-10 15:06 (0h 0m from now) **
// **************************
// Benchmark: ShardPrefixedIdBenchmarks.ExtractShardId_Ulid: ShortRun(IterationCount=3, LaunchCount=1, WarmupCount=3)
// *** Execute ***
// Launch: 1 / 1
// Execute: dotnet Encina.IdGeneration.Benchmarks-Job-YFEFPZ-1.dll --anonymousPipes 136 137 --benchmarkName Encina.IdGeneration.Benchmarks.ShardPrefixedIdBenchmarks.ExtractShardId_Ulid --job ShortRun --benchmarkId 9 in /home/runner/work/Encina/Encina/tests/Encina.BenchmarkTests/Encina.IdGeneration.Benchmarks/bin/Release/net10.0/Encina.IdGeneration.Benchmarks-Job-YFEFPZ-1/bin/Release/net10.0
// Failed to set up high priority (Permission denied). In order to run benchmarks with high priority, make sure you have the right permissions.
// BeforeAnythingElse

// Benchmark Process Environment Information:
// BenchmarkDotNet v0.15.8
// Runtime=.NET 10.0.12 (10.0.12, 10.0.1226.42308), X64 RyuJIT x86-64-v3
// GC=Concurrent Workstation
// HardwareIntrinsics=AVX2+BMI1+BMI2+F16C+FMA+LZCNT+MOVBE,AVX,SSE3+SSSE3+SSE4.1+SSE4.2+POPCNT,X86Base+SSE+SSE2,AES+PCLMUL VectorSize=256
// Job: ShortRun(IterationCount=3, LaunchCount=1, WarmupCount=3)

OverheadJitting  1: 1 op, 219430.00 ns, 219.4300 us/op
WorkloadJitting  1: 1 op, 25631148.00 ns, 25.6311 ms/op

OverheadJitting  2: 16 op, 476751.00 ns, 29.7969 us/op
WorkloadJitting  2: 16 op, 601043.00 ns, 37.5652 us/op

WorkloadPilot    1: 16 op, 30978.00 ns, 1.9361 us/op
WorkloadPilot    2: 32 op, 66835.00 ns, 2.0886 us/op
WorkloadPilot    3: 64 op, 126146.00 ns, 1.9710 us/op
WorkloadPilot    4: 128 op, 229418.00 ns, 1.7923 us/op
WorkloadPilot    5: 256 op, 410817.00 ns, 1.6048 us/op
WorkloadPilot    6: 512 op, 804251.00 ns, 1.5708 us/op
WorkloadPilot    7: 1024 op, 1520169.00 ns, 1.4845 us/op
WorkloadPilot    8: 2048 op, 2941002.00 ns, 1.4360 us/op
WorkloadPilot    9: 4096 op, 5749064.00 ns, 1.4036 us/op
WorkloadPilot   10: 8192 op, 11410386.00 ns, 1.3929 us/op
WorkloadPilot   11: 16384 op, 22817816.00 ns, 1.3927 us/op
WorkloadPilot   12: 32768 op, 45715511.00 ns, 1.3951 us/op
WorkloadPilot   13: 65536 op, 90138638.00 ns, 1.3754 us/op
WorkloadPilot   14: 131072 op, 181696466.00 ns, 1.3862 us/op
WorkloadPilot   15: 262144 op, 351908678.00 ns, 1.3424 us/op
WorkloadPilot   16: 524288 op, 696110626.00 ns, 1.3277 us/op

OverheadWarmup   1: 524288 op, 1735430.00 ns, 3.3101 ns/op
OverheadWarmup   2: 524288 op, 1766990.00 ns, 3.3703 ns/op
OverheadWarmup   3: 524288 op, 1738145.00 ns, 3.3152 ns/op
OverheadWarmup   4: 524288 op, 1746531.00 ns, 3.3312 ns/op
OverheadWarmup   5: 524288 op, 1745059.00 ns, 3.3284 ns/op

OverheadActual   1: 524288 op, 1757942.00 ns, 3.3530 ns/op
OverheadActual   2: 524288 op, 1752943.00 ns, 3.3435 ns/op
OverheadActual   3: 524288 op, 1741312.00 ns, 3.3213 ns/op
OverheadActual   4: 524288 op, 1737484.00 ns, 3.3140 ns/op
OverheadActual   5: 524288 op, 1748836.00 ns, 3.3356 ns/op
OverheadActual   6: 524288 op, 1752743.00 ns, 3.3431 ns/op
OverheadActual   7: 524288 op, 1735460.00 ns, 3.3101 ns/op
OverheadActual   8: 524288 op, 1753013.00 ns, 3.3436 ns/op
OverheadActual   9: 524288 op, 1737164.00 ns, 3.3134 ns/op
OverheadActual  10: 524288 op, 1745620.00 ns, 3.3295 ns/op
OverheadActual  11: 524288 op, 1738927.00 ns, 3.3167 ns/op
OverheadActual  12: 524288 op, 1735521.00 ns, 3.3102 ns/op
OverheadActual  13: 524288 op, 1734449.00 ns, 3.3082 ns/op
OverheadActual  14: 524288 op, 1743276.00 ns, 3.3250 ns/op
OverheadActual  15: 524288 op, 1744928.00 ns, 3.3282 ns/op

WorkloadWarmup   1: 524288 op, 704454327.00 ns, 1.3436 us/op
WorkloadWarmup   2: 524288 op, 699182200.00 ns, 1.3336 us/op
WorkloadWarmup   3: 524288 op, 697048641.00 ns, 1.3295 us/op

// BeforeActualRun
WorkloadActual   1: 524288 op, 697039873.00 ns, 1.3295 us/op
WorkloadActual   2: 524288 op, 697927462.00 ns, 1.3312 us/op
WorkloadActual   3: 524288 op, 713394361.00 ns, 1.3607 us/op

// AfterActualRun
WorkloadResult   1: 524288 op, 695296597.00 ns, 1.3262 us/op
WorkloadResult   2: 524288 op, 696184186.00 ns, 1.3279 us/op
WorkloadResult   3: 524288 op, 711651085.00 ns, 1.3574 us/op
// GC:  3 0 0 62914560 524288
// Threading:  0 0 524288

// AfterAll
// Benchmark Process 3017 has exited with code 0.

Mean = 1.337 μs, StdErr = 0.010 μs (0.76%), N = 3, StdDev = 0.018 μs
Min = 1.326 μs, Q1 = 1.327 μs, Median = 1.328 μs, Q3 = 1.343 μs, Max = 1.357 μs
IQR = 0.016 μs, LowerFence = 1.304 μs, UpperFence = 1.366 μs
ConfidenceInterval = [1.017 μs; 1.657 μs] (CI 99.9%), Margin = 0.320 μs (23.93% of Mean)
Skewness = 0.38, Kurtosis = 0.67, MValue = 2

// ** Remained 0 (0.0 %) benchmark(s) to run. Estimated finish 2026-10-10 15:06 (0h 0m from now) **
// ***** BenchmarkRunner: Finish  *****

// * Export *
  artifacts/performance/IdGeneration/results/Encina.IdGeneration.Benchmarks.ShardPrefixedIdBenchmarks-report.csv
  artifacts/performance/IdGeneration/results/Encina.IdGeneration.Benchmarks.ShardPrefixedIdBenchmarks-report-github.md
  artifacts/performance/IdGeneration/results/Encina.IdGeneration.Benchmarks.ShardPrefixedIdBenchmarks-report.html
  artifacts/performance/IdGeneration/results/Encina.IdGeneration.Benchmarks.ShardPrefixedIdBenchmarks-report-full-compressed.json

// * Detailed results *
ShardPrefixedIdBenchmarks.Generate_TimestampRandomFormat: Job-YFEFPZ(IterationCount=10, WarmupCount=3)
Runtime = .NET 10.0.12 (10.0.12, 10.0.1226.42308), X64 RyuJIT x86-64-v3; GC = Concurrent Workstation
Mean = 1.504 μs, StdErr = 0.001 μs (0.05%), N = 9, StdDev = 0.002 μs
Min = 1.502 μs, Q1 = 1.503 μs, Median = 1.505 μs, Q3 = 1.505 μs, Max = 1.507 μs
IQR = 0.003 μs, LowerFence = 1.499 μs, UpperFence = 1.509 μs
ConfidenceInterval = [1.501 μs; 1.508 μs] (CI 99.9%), Margin = 0.003 μs (0.23% of Mean)
Skewness = -0.04, Kurtosis = 1.41, MValue = 2
-------------------- Histogram --------------------
[1.500 μs ; 1.509 μs) | @@@@@@@@@
---------------------------------------------------

ShardPrefixedIdBenchmarks.Generate_ToString: Job-YFEFPZ(IterationCount=10, WarmupCount=3)
Runtime = .NET 10.0.12 (10.0.12, 10.0.1226.42308), X64 RyuJIT x86-64-v3; GC = Concurrent Workstation
Mean = 1.399 μs, StdErr = 0.001 μs (0.10%), N = 10, StdDev = 0.004 μs
Min = 1.392 μs, Q1 = 1.396 μs, Median = 1.398 μs, Q3 = 1.401 μs, Max = 1.405 μs
IQR = 0.005 μs, LowerFence = 1.389 μs, UpperFence = 1.408 μs
ConfidenceInterval = [1.392 μs; 1.405 μs] (CI 99.9%), Margin = 0.006 μs (0.46% of Mean)
Skewness = 0.13, Kurtosis = 1.84, MValue = 2
-------------------- Histogram --------------------
[1.389 μs ; 1.408 μs) | @@@@@@@@@@
---------------------------------------------------

ShardPrefixedIdBenchmarks.Generate_UlidFormat: Job-YFEFPZ(IterationCount=10, WarmupCount=3)
Runtime = .NET 10.0.12 (10.0.12, 10.0.1226.42308), X64 RyuJIT x86-64-v3; GC = Concurrent Workstation
Mean = 1.312 μs, StdErr = 0.001 μs (0.10%), N = 10, StdDev = 0.004 μs
Min = 1.306 μs, Q1 = 1.310 μs, Median = 1.310 μs, Q3 = 1.315 μs, Max = 1.320 μs
IQR = 0.006 μs, LowerFence = 1.301 μs, UpperFence = 1.324 μs
ConfidenceInterval = [1.305 μs; 1.318 μs] (CI 99.9%), Margin = 0.006 μs (0.49% of Mean)
Skewness = 0.51, Kurtosis = 1.8, MValue = 2
-------------------- Histogram --------------------
[1.303 μs ; 1.322 μs) | @@@@@@@@@@
---------------------------------------------------

ShardPrefixedIdBenchmarks.Generate_UuidV7Format: Job-YFEFPZ(IterationCount=10, WarmupCount=3)
Runtime = .NET 10.0.12 (10.0.12, 10.0.1226.42308), X64 RyuJIT x86-64-v3; GC = Concurrent Workstation
Mean = 1.349 μs, StdErr = 0.001 μs (0.05%), N = 9, StdDev = 0.002 μs
Min = 1.346 μs, Q1 = 1.348 μs, Median = 1.349 μs, Q3 = 1.351 μs, Max = 1.352 μs
IQR = 0.003 μs, LowerFence = 1.343 μs, UpperFence = 1.356 μs
ConfidenceInterval = [1.346 μs; 1.353 μs] (CI 99.9%), Margin = 0.004 μs (0.26% of Mean)
Skewness = -0.49, Kurtosis = 1.8, MValue = 2
-------------------- Histogram --------------------
[1.344 μs ; 1.353 μs) | @@@@@@@@@
---------------------------------------------------

ShardPrefixedIdBenchmarks.ExtractShardId_Ulid: Job-YFEFPZ(IterationCount=10, WarmupCount=3)
Runtime = .NET 10.0.12 (10.0.12, 10.0.1226.42308), X64 RyuJIT x86-64-v3; GC = Concurrent Workstation
Mean = 1.393 μs, StdErr = 0.001 μs (0.05%), N = 9, StdDev = 0.002 μs
Min = 1.390 μs, Q1 = 1.391 μs, Median = 1.393 μs, Q3 = 1.394 μs, Max = 1.397 μs
IQR = 0.003 μs, LowerFence = 1.386 μs, UpperFence = 1.399 μs
ConfidenceInterval = [1.389 μs; 1.397 μs] (CI 99.9%), Margin = 0.004 μs (0.26% of Mean)
Skewness = 0.23, Kurtosis = 1.46, MValue = 2
-------------------- Histogram --------------------
[1.389 μs ; 1.398 μs) | @@@@@@@@@
---------------------------------------------------

ShardPrefixedIdBenchmarks.Generate_TimestampRandomFormat: ShortRun(IterationCount=3, LaunchCount=1, WarmupCount=3)
Runtime = .NET 10.0.12 (10.0.12, 10.0.1226.42308), X64 RyuJIT x86-64-v3; GC = Concurrent Workstation
Mean = 1.438 μs, StdErr = 0.002 μs (0.15%), N = 3, StdDev = 0.004 μs
Min = 1.434 μs, Q1 = 1.437 μs, Median = 1.439 μs, Q3 = 1.440 μs, Max = 1.441 μs
IQR = 0.004 μs, LowerFence = 1.431 μs, UpperFence = 1.446 μs
ConfidenceInterval = [1.372 μs; 1.505 μs] (CI 99.9%), Margin = 0.067 μs (4.63% of Mean)
Skewness = -0.2, Kurtosis = 0.67, MValue = 2
-------------------- Histogram --------------------
[1.431 μs ; 1.445 μs) | @@@
---------------------------------------------------

ShardPrefixedIdBenchmarks.Generate_ToString: ShortRun(IterationCount=3, LaunchCount=1, WarmupCount=3)
Runtime = .NET 10.0.12 (10.0.12, 10.0.1226.42308), X64 RyuJIT x86-64-v3; GC = Concurrent Workstation
Mean = 1.410 μs, StdErr = 0.001 μs (0.08%), N = 3, StdDev = 0.002 μs
Min = 1.409 μs, Q1 = 1.409 μs, Median = 1.410 μs, Q3 = 1.411 μs, Max = 1.412 μs
IQR = 0.002 μs, LowerFence = 1.406 μs, UpperFence = 1.414 μs
ConfidenceInterval = [1.375 μs; 1.446 μs] (CI 99.9%), Margin = 0.035 μs (2.51% of Mean)
Skewness = 0.3, Kurtosis = 0.67, MValue = 2
-------------------- Histogram --------------------
[1.407 μs ; 1.414 μs) | @@@
---------------------------------------------------

ShardPrefixedIdBenchmarks.Generate_UlidFormat: ShortRun(IterationCount=3, LaunchCount=1, WarmupCount=3)
Runtime = .NET 10.0.12 (10.0.12, 10.0.1226.42308), X64 RyuJIT x86-64-v3; GC = Concurrent Workstation
Mean = 1.312 μs, StdErr = 0.002 μs (0.16%), N = 3, StdDev = 0.004 μs
Min = 1.308 μs, Q1 = 1.310 μs, Median = 1.312 μs, Q3 = 1.314 μs, Max = 1.315 μs
IQR = 0.004 μs, LowerFence = 1.305 μs, UpperFence = 1.319 μs
ConfidenceInterval = [1.246 μs; 1.377 μs] (CI 99.9%), Margin = 0.066 μs (5.02% of Mean)
Skewness = -0.05, Kurtosis = 0.67, MValue = 2
-------------------- Histogram --------------------
[1.305 μs ; 1.318 μs) | @@@
---------------------------------------------------

ShardPrefixedIdBenchmarks.Generate_UuidV7Format: ShortRun(IterationCount=3, LaunchCount=1, WarmupCount=3)
Runtime = .NET 10.0.12 (10.0.12, 10.0.1226.42308), X64 RyuJIT x86-64-v3; GC = Concurrent Workstation
Mean = 1.266 μs, StdErr = 0.003 μs (0.26%), N = 3, StdDev = 0.006 μs
Min = 1.261 μs, Q1 = 1.263 μs, Median = 1.265 μs, Q3 = 1.269 μs, Max = 1.272 μs
IQR = 0.006 μs, LowerFence = 1.255 μs, UpperFence = 1.277 μs
ConfidenceInterval = [1.164 μs; 1.369 μs] (CI 99.9%), Margin = 0.102 μs (8.07% of Mean)
Skewness = 0.18, Kurtosis = 0.67, MValue = 2
-------------------- Histogram --------------------
[1.256 μs ; 1.278 μs) | @@@
---------------------------------------------------

ShardPrefixedIdBenchmarks.ExtractShardId_Ulid: ShortRun(IterationCount=3, LaunchCount=1, WarmupCount=3)
Runtime = .NET 10.0.12 (10.0.12, 10.0.1226.42308), X64 RyuJIT x86-64-v3; GC = Concurrent Workstation
Mean = 1.337 μs, StdErr = 0.010 μs (0.76%), N = 3, StdDev = 0.018 μs
Min = 1.326 μs, Q1 = 1.327 μs, Median = 1.328 μs, Q3 = 1.343 μs, Max = 1.357 μs
IQR = 0.016 μs, LowerFence = 1.304 μs, UpperFence = 1.366 μs
ConfidenceInterval = [1.017 μs; 1.657 μs] (CI 99.9%), Margin = 0.320 μs (23.93% of Mean)
Skewness = 0.38, Kurtosis = 0.67, MValue = 2
-------------------- Histogram --------------------
[1.326 μs ; 1.358 μs) | @@@
---------------------------------------------------

// * Summary *

BenchmarkDotNet v0.15.8, Linux Ubuntu 24.04.5 LTS (Noble Numbat)
AMD EPYC 7763 2.45GHz, 1 CPU, 4 logical and 2 physical cores
.NET SDK 10.0.401
  [Host]     : .NET 10.0.12 (10.0.12, 10.0.1226.42308), X64 RyuJIT x86-64-v3
  Job-YFEFPZ : .NET 10.0.12 (10.0.12, 10.0.1226.42308), X64 RyuJIT x86-64-v3
  ShortRun   : .NET 10.0.12 (10.0.12, 10.0.1226.42308), X64 RyuJIT x86-64-v3

WarmupCount=3  

| Method                         | Job        | IterationCount | LaunchCount | Mean     | Error     | StdDev    | Ratio | Gen0   | Allocated | Alloc Ratio |
|------------------------------- |----------- |--------------- |------------ |---------:|----------:|----------:|------:|-------:|----------:|------------:|
| Generate_TimestampRandomFormat | Job-YFEFPZ | 10             | Default     | 1.504 μs | 0.0034 μs | 0.0020 μs |  1.15 | 0.0076 |     151 B |        1.26 |
| Generate_ToString              | Job-YFEFPZ | 10             | Default     | 1.399 μs | 0.0064 μs | 0.0043 μs |  1.07 | 0.0114 |     216 B |        1.80 |
| Generate_UlidFormat            | Job-YFEFPZ | 10             | Default     | 1.312 μs | 0.0064 μs | 0.0042 μs |  1.00 | 0.0057 |     120 B |        1.00 |
| Generate_UuidV7Format          | Job-YFEFPZ | 10             | Default     | 1.349 μs | 0.0035 μs | 0.0021 μs |  1.03 | 0.0057 |      96 B |        0.80 |
| ExtractShardId_Ulid            | Job-YFEFPZ | 10             | Default     | 1.393 μs | 0.0037 μs | 0.0022 μs |  1.06 | 0.0057 |     120 B |        1.00 |
|                                |            |                |             |          |           |           |       |        |           |             |
| Generate_TimestampRandomFormat | ShortRun   | 3              | 1           | 1.438 μs | 0.0666 μs | 0.0037 μs |  1.10 | 0.0076 |     151 B |        1.26 |
| Generate_ToString              | ShortRun   | 3              | 1           | 1.410 μs | 0.0354 μs | 0.0019 μs |  1.08 | 0.0114 |     216 B |        1.80 |
| Generate_UlidFormat            | ShortRun   | 3              | 1           | 1.312 μs | 0.0658 μs | 0.0036 μs |  1.00 | 0.0057 |     120 B |        1.00 |
| Generate_UuidV7Format          | ShortRun   | 3              | 1           | 1.266 μs | 0.1022 μs | 0.0056 μs |  0.97 | 0.0057 |      96 B |        0.80 |
| ExtractShardId_Ulid            | ShortRun   | 3              | 1           | 1.337 μs | 0.3200 μs | 0.0175 μs |  1.02 | 0.0057 |     120 B |        1.00 |

// * Hints *
Outliers
  ShardPrefixedIdBenchmarks.Generate_TimestampRandomFormat: IterationCount=10, WarmupCount=3 -> 1 outlier  was  removed (1.51 μs)
  ShardPrefixedIdBenchmarks.Generate_UuidV7Format: IterationCount=10, WarmupCount=3          -> 1 outlier  was  removed (1.36 μs)
  ShardPrefixedIdBenchmarks.ExtractShardId_Ulid: IterationCount=10, WarmupCount=3            -> 1 outlier  was  removed (1.41 μs)
// * Config Issues *

// * Warnings *
Configuration
  Summary -> The exporter CsvExporter is already present in configuration. There may be unexpected results.
  Summary -> The exporter HtmlExporter is already present in configuration. There may be unexpected results.
  Summary -> The exporter MarkdownExporter-github is already present in configuration. There may be unexpected results.

// * Legends *
  Mean        : Arithmetic mean of all measurements
  Error       : Half of 99.9% confidence interval
  StdDev      : Standard deviation of all measurements
  Ratio       : Mean of the ratio distribution ([Current]/[Baseline])
  Gen0        : GC Generation 0 collects per 1000 operations
  Allocated   : Allocated memory per single operation (managed only, inclusive, 1KB = 1024B)
  Alloc Ratio : Allocated memory ratio distribution ([Current]/[Baseline])
  1 μs        : 1 Microsecond (0.000001 sec)

// * Diagnostic Output - MemoryDiagnoser *


// ***** BenchmarkRunner: End *****
Run time: 00:01:34 (94.22 sec), executed benchmarks: 10

Global total time: 00:02:19 (139.08 sec), executed benchmarks: 10
// * Artifacts cleanup *
Artifacts cleanup is finished
