// Validating benchmarks:
// ***** BenchmarkRunner: Start   *****
// ***** Found 16 benchmark(s) in total *****
// ***** Building 1 exe(s) in Parallel: Start   *****
// start dotnet  restore --nodeReuse:false /p:UseSharedCompilation=false /p:Deterministic=true /p:Optimize=true /p:ArtifactsPath="/home/runner/work/Encina/Encina/tests/Encina.BenchmarkTests/Encina.Benchmarks/bin/Release/net10.0/Encina.Benchmarks-ShortRun-1/" /p:OutDir="/home/runner/work/Encina/Encina/tests/Encina.BenchmarkTests/Encina.Benchmarks/bin/Release/net10.0/Encina.Benchmarks-ShortRun-1/bin/Release/net10.0/" /p:OutputPath="/home/runner/work/Encina/Encina/tests/Encina.BenchmarkTests/Encina.Benchmarks/bin/Release/net10.0/Encina.Benchmarks-ShortRun-1/bin/Release/net10.0/" /p:PublishDir="/home/runner/work/Encina/Encina/tests/Encina.BenchmarkTests/Encina.Benchmarks/bin/Release/net10.0/Encina.Benchmarks-ShortRun-1/publish/" in /home/runner/work/Encina/Encina/tests/Encina.BenchmarkTests/Encina.Benchmarks/bin/Release/net10.0/Encina.Benchmarks-ShortRun-1
// command took 3.6 sec and exited with 0
// start dotnet  build -c Release --no-restore --nodeReuse:false /p:UseSharedCompilation=false /p:Deterministic=true /p:Optimize=true /p:ArtifactsPath="/home/runner/work/Encina/Encina/tests/Encina.BenchmarkTests/Encina.Benchmarks/bin/Release/net10.0/Encina.Benchmarks-ShortRun-1/" /p:OutDir="/home/runner/work/Encina/Encina/tests/Encina.BenchmarkTests/Encina.Benchmarks/bin/Release/net10.0/Encina.Benchmarks-ShortRun-1/bin/Release/net10.0/" /p:OutputPath="/home/runner/work/Encina/Encina/tests/Encina.BenchmarkTests/Encina.Benchmarks/bin/Release/net10.0/Encina.Benchmarks-ShortRun-1/bin/Release/net10.0/" /p:PublishDir="/home/runner/work/Encina/Encina/tests/Encina.BenchmarkTests/Encina.Benchmarks/bin/Release/net10.0/Encina.Benchmarks-ShortRun-1/publish/" --output "/home/runner/work/Encina/Encina/tests/Encina.BenchmarkTests/Encina.Benchmarks/bin/Release/net10.0/Encina.Benchmarks-ShortRun-1/bin/Release/net10.0/" in /home/runner/work/Encina/Encina/tests/Encina.BenchmarkTests/Encina.Benchmarks/bin/Release/net10.0/Encina.Benchmarks-ShortRun-1
// command took 185.78 sec and exited with 0
// ***** Done, took 00:03:09 (189.56 sec)   *****
// Found 16 benchmarks:
//   ConcurrentReplicaSelectionBenchmarks.'Concurrent LeastConnections (lease)': ShortRun(IterationCount=3, LaunchCount=1, WarmupCount=3) [ThreadCount=1]
//   ConcurrentReplicaSelectionBenchmarks.'Concurrent LeastConnections (lease)': ShortRun(IterationCount=3, LaunchCount=1, WarmupCount=3) [ThreadCount=4]
//   ConcurrentReplicaSelectionBenchmarks.'Concurrent LeastConnections (lease)': ShortRun(IterationCount=3, LaunchCount=1, WarmupCount=3) [ThreadCount=8]
//   ConcurrentReplicaSelectionBenchmarks.'Concurrent LeastConnections (lease)': ShortRun(IterationCount=3, LaunchCount=1, WarmupCount=3) [ThreadCount=16]
//   ConcurrentReplicaSelectionBenchmarks.'Concurrent LeastConnections': ShortRun(IterationCount=3, LaunchCount=1, WarmupCount=3) [ThreadCount=1]
//   ConcurrentReplicaSelectionBenchmarks.'Concurrent LeastConnections': ShortRun(IterationCount=3, LaunchCount=1, WarmupCount=3) [ThreadCount=4]
//   ConcurrentReplicaSelectionBenchmarks.'Concurrent LeastConnections': ShortRun(IterationCount=3, LaunchCount=1, WarmupCount=3) [ThreadCount=8]
//   ConcurrentReplicaSelectionBenchmarks.'Concurrent LeastConnections': ShortRun(IterationCount=3, LaunchCount=1, WarmupCount=3) [ThreadCount=16]
//   ConcurrentReplicaSelectionBenchmarks.'Concurrent Random': ShortRun(IterationCount=3, LaunchCount=1, WarmupCount=3) [ThreadCount=1]
//   ConcurrentReplicaSelectionBenchmarks.'Concurrent Random': ShortRun(IterationCount=3, LaunchCount=1, WarmupCount=3) [ThreadCount=4]
//   ConcurrentReplicaSelectionBenchmarks.'Concurrent Random': ShortRun(IterationCount=3, LaunchCount=1, WarmupCount=3) [ThreadCount=8]
//   ConcurrentReplicaSelectionBenchmarks.'Concurrent Random': ShortRun(IterationCount=3, LaunchCount=1, WarmupCount=3) [ThreadCount=16]
//   ConcurrentReplicaSelectionBenchmarks.'Concurrent RoundRobin': ShortRun(IterationCount=3, LaunchCount=1, WarmupCount=3) [ThreadCount=1]
//   ConcurrentReplicaSelectionBenchmarks.'Concurrent RoundRobin': ShortRun(IterationCount=3, LaunchCount=1, WarmupCount=3) [ThreadCount=4]
//   ConcurrentReplicaSelectionBenchmarks.'Concurrent RoundRobin': ShortRun(IterationCount=3, LaunchCount=1, WarmupCount=3) [ThreadCount=8]
//   ConcurrentReplicaSelectionBenchmarks.'Concurrent RoundRobin': ShortRun(IterationCount=3, LaunchCount=1, WarmupCount=3) [ThreadCount=16]

// **************************
// Benchmark: ConcurrentReplicaSelectionBenchmarks.'Concurrent LeastConnections (lease)': ShortRun(IterationCount=3, LaunchCount=1, WarmupCount=3) [ThreadCount=1]
// *** Execute ***
// Launch: 1 / 1
// Execute: dotnet Encina.Benchmarks-ShortRun-1.dll --anonymousPipes 234 235 --benchmarkName "Encina.Benchmarks.ReadWriteSeparation.ConcurrentReplicaSelectionBenchmarks.Concurrent_LeastConnections_WithLease(ThreadCount: 1)" --job ShortRun --benchmarkId 0 in /home/runner/work/Encina/Encina/tests/Encina.BenchmarkTests/Encina.Benchmarks/bin/Release/net10.0/Encina.Benchmarks-ShortRun-1/bin/Release/net10.0
// Failed to set up high priority (Permission denied). In order to run benchmarks with high priority, make sure you have the right permissions.
// BeforeAnythingElse

// Benchmark Process Environment Information:
// BenchmarkDotNet v0.15.8
// Runtime=.NET 10.0.12 (10.0.12, 10.0.1226.42308), X64 RyuJIT x86-64-v3
// GC=Concurrent Workstation
// HardwareIntrinsics=AVX2+BMI1+BMI2+F16C+FMA+LZCNT+MOVBE,AVX,SSE3+SSSE3+SSE4.1+SSE4.2+POPCNT,X86Base+SSE+SSE2,AES+PCLMUL VectorSize=256
// Job: ShortRun(IterationCount=3, LaunchCount=1, WarmupCount=3)

OverheadJitting  1: 1 op, 164948.00 ns, 164.9480 us/op
WorkloadJitting  1: 1 op, 9721646.00 ns, 9.7216 ms/op

OverheadJitting  2: 16 op, 179614.00 ns, 11.2259 us/op
WorkloadJitting  2: 16 op, 5370673.00 ns, 335.6671 us/op

WorkloadPilot    1: 16 op, 5020080.00 ns, 313.7550 us/op
WorkloadPilot    2: 32 op, 9965771.00 ns, 311.4303 us/op
WorkloadPilot    3: 64 op, 20158624.00 ns, 314.9785 us/op
WorkloadPilot    4: 128 op, 40110565.00 ns, 313.3638 us/op
WorkloadPilot    5: 256 op, 80218674.00 ns, 313.3542 us/op
WorkloadPilot    6: 512 op, 162280682.00 ns, 316.9545 us/op
WorkloadPilot    7: 1024 op, 308751599.00 ns, 301.5152 us/op
WorkloadPilot    8: 2048 op, 616040492.00 ns, 300.8010 us/op

OverheadWarmup   1: 2048 op, 3887.00 ns, 1.8979 ns/op
OverheadWarmup   2: 2048 op, 3677.00 ns, 1.7954 ns/op
OverheadWarmup   3: 2048 op, 3686.00 ns, 1.7998 ns/op
OverheadWarmup   4: 2048 op, 3667.00 ns, 1.7905 ns/op
OverheadWarmup   5: 2048 op, 3687.00 ns, 1.8003 ns/op
OverheadWarmup   6: 2048 op, 5911.00 ns, 2.8862 ns/op
OverheadWarmup   7: 2048 op, 3677.00 ns, 1.7954 ns/op

OverheadActual   1: 2048 op, 3706.00 ns, 1.8096 ns/op
OverheadActual   2: 2048 op, 3706.00 ns, 1.8096 ns/op
OverheadActual   3: 2048 op, 3717.00 ns, 1.8149 ns/op
OverheadActual   4: 2048 op, 3707.00 ns, 1.8101 ns/op
OverheadActual   5: 2048 op, 3697.00 ns, 1.8052 ns/op
OverheadActual   6: 2048 op, 3646.00 ns, 1.7803 ns/op
OverheadActual   7: 2048 op, 3687.00 ns, 1.8003 ns/op
OverheadActual   8: 2048 op, 3687.00 ns, 1.8003 ns/op
OverheadActual   9: 2048 op, 3667.00 ns, 1.7905 ns/op
OverheadActual  10: 2048 op, 3687.00 ns, 1.8003 ns/op
OverheadActual  11: 2048 op, 3677.00 ns, 1.7954 ns/op
OverheadActual  12: 2048 op, 3677.00 ns, 1.7954 ns/op
OverheadActual  13: 2048 op, 3677.00 ns, 1.7954 ns/op
OverheadActual  14: 2048 op, 3647.00 ns, 1.7808 ns/op
OverheadActual  15: 2048 op, 3667.00 ns, 1.7905 ns/op

WorkloadWarmup   1: 2048 op, 626775683.00 ns, 306.0428 us/op
WorkloadWarmup   2: 2048 op, 625090512.00 ns, 305.2200 us/op
WorkloadWarmup   3: 2048 op, 615804951.00 ns, 300.6860 us/op

// BeforeActualRun
WorkloadActual   1: 2048 op, 620608533.00 ns, 303.0315 us/op
WorkloadActual   2: 2048 op, 615555789.00 ns, 300.5644 us/op
WorkloadActual   3: 2048 op, 615937964.00 ns, 300.7510 us/op

// AfterActualRun
WorkloadResult   1: 2048 op, 620604846.00 ns, 303.0297 us/op
WorkloadResult   2: 2048 op, 615552102.00 ns, 300.5625 us/op
WorkloadResult   3: 2048 op, 615934277.00 ns, 300.7492 us/op
// GC:  4 0 0 68616192 2048
// Threading:  0 0 2048

// AfterAll
// Benchmark Process 3892 has exited with code 0.

Mean = 301.447 μs, StdErr = 0.793 μs (0.26%), N = 3, StdDev = 1.374 μs
Min = 300.563 μs, Q1 = 300.656 μs, Median = 300.749 μs, Q3 = 301.889 μs, Max = 303.030 μs
IQR = 1.234 μs, LowerFence = 298.805 μs, UpperFence = 303.740 μs
ConfidenceInterval = [276.385 μs; 326.509 μs] (CI 99.9%), Margin = 25.062 μs (8.31% of Mean)
Skewness = 0.38, Kurtosis = 0.67, MValue = 2

// ** Remained 15 (93.8 %) benchmark(s) to run. Estimated finish 2026-10-03 9:47 (0h 1m from now) **
// **************************
// Benchmark: ConcurrentReplicaSelectionBenchmarks.'Concurrent LeastConnections (lease)': ShortRun(IterationCount=3, LaunchCount=1, WarmupCount=3) [ThreadCount=4]
// *** Execute ***
// Launch: 1 / 1
// Execute: dotnet Encina.Benchmarks-ShortRun-1.dll --anonymousPipes 234 235 --benchmarkName "Encina.Benchmarks.ReadWriteSeparation.ConcurrentReplicaSelectionBenchmarks.Concurrent_LeastConnections_WithLease(ThreadCount: 4)" --job ShortRun --benchmarkId 1 in /home/runner/work/Encina/Encina/tests/Encina.BenchmarkTests/Encina.Benchmarks/bin/Release/net10.0/Encina.Benchmarks-ShortRun-1/bin/Release/net10.0
// Failed to set up high priority (Permission denied). In order to run benchmarks with high priority, make sure you have the right permissions.
// BeforeAnythingElse

// Benchmark Process Environment Information:
// BenchmarkDotNet v0.15.8
// Runtime=.NET 10.0.12 (10.0.12, 10.0.1226.42308), X64 RyuJIT x86-64-v3
// GC=Concurrent Workstation
// HardwareIntrinsics=AVX2+BMI1+BMI2+F16C+FMA+LZCNT+MOVBE,AVX,SSE3+SSSE3+SSE4.1+SSE4.2+POPCNT,X86Base+SSE+SSE2,AES+PCLMUL VectorSize=256
// Job: ShortRun(IterationCount=3, LaunchCount=1, WarmupCount=3)

OverheadJitting  1: 1 op, 164727.00 ns, 164.7270 us/op
WorkloadJitting  1: 1 op, 11144368.00 ns, 11.1444 ms/op

OverheadJitting  2: 16 op, 221803.00 ns, 13.8627 us/op
WorkloadJitting  2: 16 op, 8878217.00 ns, 554.8886 us/op

WorkloadPilot    1: 16 op, 8614576.00 ns, 538.4110 us/op
WorkloadPilot    2: 32 op, 16222781.00 ns, 506.9619 us/op
WorkloadPilot    3: 64 op, 32284292.00 ns, 504.4421 us/op
WorkloadPilot    4: 128 op, 65836223.00 ns, 514.3455 us/op
WorkloadPilot    5: 256 op, 130730955.00 ns, 510.6678 us/op
WorkloadPilot    6: 512 op, 263273578.00 ns, 514.2062 us/op
WorkloadPilot    7: 1024 op, 529984353.00 ns, 517.5628 us/op

OverheadWarmup   1: 1024 op, 2624.00 ns, 2.5625 ns/op
OverheadWarmup   2: 1024 op, 3646.00 ns, 3.5605 ns/op
OverheadWarmup   3: 1024 op, 2044.00 ns, 1.9961 ns/op
OverheadWarmup   4: 1024 op, 2024.00 ns, 1.9766 ns/op
OverheadWarmup   5: 1024 op, 2024.00 ns, 1.9766 ns/op
OverheadWarmup   6: 1024 op, 2034.00 ns, 1.9863 ns/op

OverheadActual   1: 1024 op, 2054.00 ns, 2.0059 ns/op
OverheadActual   2: 1024 op, 2053.00 ns, 2.0049 ns/op
OverheadActual   3: 1024 op, 2064.00 ns, 2.0156 ns/op
OverheadActual   4: 1024 op, 2044.00 ns, 1.9961 ns/op
OverheadActual   5: 1024 op, 2044.00 ns, 1.9961 ns/op
OverheadActual   6: 1024 op, 2034.00 ns, 1.9863 ns/op
OverheadActual   7: 1024 op, 2044.00 ns, 1.9961 ns/op
OverheadActual   8: 1024 op, 2044.00 ns, 1.9961 ns/op
OverheadActual   9: 1024 op, 2043.00 ns, 1.9951 ns/op
OverheadActual  10: 1024 op, 2054.00 ns, 2.0059 ns/op
OverheadActual  11: 1024 op, 2054.00 ns, 2.0059 ns/op
OverheadActual  12: 1024 op, 2034.00 ns, 1.9863 ns/op
OverheadActual  13: 1024 op, 2054.00 ns, 2.0059 ns/op
OverheadActual  14: 1024 op, 2043.00 ns, 1.9951 ns/op
OverheadActual  15: 1024 op, 2034.00 ns, 1.9863 ns/op

WorkloadWarmup   1: 1024 op, 541043589.00 ns, 528.3629 us/op
WorkloadWarmup   2: 1024 op, 538729311.00 ns, 526.1028 us/op
WorkloadWarmup   3: 1024 op, 527047167.00 ns, 514.6945 us/op

// BeforeActualRun
WorkloadActual   1: 1024 op, 533262398.00 ns, 520.7641 us/op
WorkloadActual   2: 1024 op, 531665711.00 ns, 519.2048 us/op
WorkloadActual   3: 1024 op, 529092778.00 ns, 516.6922 us/op

// AfterActualRun
WorkloadResult   1: 1024 op, 533260354.00 ns, 520.7621 us/op
WorkloadResult   2: 1024 op, 531663667.00 ns, 519.2028 us/op
WorkloadResult   3: 1024 op, 529090734.00 ns, 516.6902 us/op
// GC:  2 0 0 34936704 1024
// Threading:  3072 2169 1024

// AfterAll
// Benchmark Process 3900 has exited with code 0.

Mean = 518.885 μs, StdErr = 1.186 μs (0.23%), N = 3, StdDev = 2.054 μs
Min = 516.690 μs, Q1 = 517.946 μs, Median = 519.203 μs, Q3 = 519.982 μs, Max = 520.762 μs
IQR = 2.036 μs, LowerFence = 514.893 μs, UpperFence = 523.036 μs
ConfidenceInterval = [481.404 μs; 556.366 μs] (CI 99.9%), Margin = 37.481 μs (7.22% of Mean)
Skewness = -0.15, Kurtosis = 0.67, MValue = 2

// ** Remained 14 (87.5 %) benchmark(s) to run. Estimated finish 2026-10-03 9:47 (0h 1m from now) **
// **************************
// Benchmark: ConcurrentReplicaSelectionBenchmarks.'Concurrent LeastConnections (lease)': ShortRun(IterationCount=3, LaunchCount=1, WarmupCount=3) [ThreadCount=8]
// *** Execute ***
// Launch: 1 / 1
// Execute: dotnet Encina.Benchmarks-ShortRun-1.dll --anonymousPipes 234 235 --benchmarkName "Encina.Benchmarks.ReadWriteSeparation.ConcurrentReplicaSelectionBenchmarks.Concurrent_LeastConnections_WithLease(ThreadCount: 8)" --job ShortRun --benchmarkId 2 in /home/runner/work/Encina/Encina/tests/Encina.BenchmarkTests/Encina.Benchmarks/bin/Release/net10.0/Encina.Benchmarks-ShortRun-1/bin/Release/net10.0
// Failed to set up high priority (Permission denied). In order to run benchmarks with high priority, make sure you have the right permissions.
// BeforeAnythingElse

// Benchmark Process Environment Information:
// BenchmarkDotNet v0.15.8
// Runtime=.NET 10.0.12 (10.0.12, 10.0.1226.42308), X64 RyuJIT x86-64-v3
// GC=Concurrent Workstation
// HardwareIntrinsics=AVX2+BMI1+BMI2+F16C+FMA+LZCNT+MOVBE,AVX,SSE3+SSSE3+SSE4.1+SSE4.2+POPCNT,X86Base+SSE+SSE2,AES+PCLMUL VectorSize=256
// Job: ShortRun(IterationCount=3, LaunchCount=1, WarmupCount=3)

OverheadJitting  1: 1 op, 203570.00 ns, 203.5700 us/op
WorkloadJitting  1: 1 op, 12018403.00 ns, 12.0184 ms/op

OverheadJitting  2: 16 op, 180656.00 ns, 11.2910 us/op
WorkloadJitting  2: 16 op, 8665674.00 ns, 541.6046 us/op

WorkloadPilot    1: 16 op, 8585174.00 ns, 536.5734 us/op
WorkloadPilot    2: 32 op, 16386900.00 ns, 512.0906 us/op
WorkloadPilot    3: 64 op, 33193256.00 ns, 518.6446 us/op
WorkloadPilot    4: 128 op, 68770114.00 ns, 537.2665 us/op
WorkloadPilot    5: 256 op, 133046957.00 ns, 519.7147 us/op
WorkloadPilot    6: 512 op, 267150688.00 ns, 521.7787 us/op
WorkloadPilot    7: 1024 op, 531592521.00 ns, 519.1333 us/op

OverheadWarmup   1: 1024 op, 2414.00 ns, 2.3574 ns/op
OverheadWarmup   2: 1024 op, 2024.00 ns, 1.9766 ns/op
OverheadWarmup   3: 1024 op, 1993.00 ns, 1.9463 ns/op
OverheadWarmup   4: 1024 op, 2014.00 ns, 1.9668 ns/op
OverheadWarmup   5: 1024 op, 2004.00 ns, 1.9570 ns/op
OverheadWarmup   6: 1024 op, 2004.00 ns, 1.9570 ns/op
OverheadWarmup   7: 1024 op, 2014.00 ns, 1.9668 ns/op

OverheadActual   1: 1024 op, 2044.00 ns, 1.9961 ns/op
OverheadActual   2: 1024 op, 2053.00 ns, 2.0049 ns/op
OverheadActual   3: 1024 op, 2084.00 ns, 2.0352 ns/op
OverheadActual   4: 1024 op, 2044.00 ns, 1.9961 ns/op
OverheadActual   5: 1024 op, 2023.00 ns, 1.9756 ns/op
OverheadActual   6: 1024 op, 2014.00 ns, 1.9668 ns/op
OverheadActual   7: 1024 op, 2014.00 ns, 1.9668 ns/op
OverheadActual   8: 1024 op, 2034.00 ns, 1.9863 ns/op
OverheadActual   9: 1024 op, 2014.00 ns, 1.9668 ns/op
OverheadActual  10: 1024 op, 2034.00 ns, 1.9863 ns/op
OverheadActual  11: 1024 op, 2014.00 ns, 1.9668 ns/op
OverheadActual  12: 1024 op, 2033.00 ns, 1.9854 ns/op
OverheadActual  13: 1024 op, 2003.00 ns, 1.9561 ns/op
OverheadActual  14: 1024 op, 2004.00 ns, 1.9570 ns/op
OverheadActual  15: 1024 op, 2014.00 ns, 1.9668 ns/op

WorkloadWarmup   1: 1024 op, 547408287.00 ns, 534.5784 us/op
WorkloadWarmup   2: 1024 op, 542626563.00 ns, 529.9088 us/op
WorkloadWarmup   3: 1024 op, 546092292.00 ns, 533.2933 us/op

// BeforeActualRun
WorkloadActual   1: 1024 op, 557805008.00 ns, 544.7315 us/op
WorkloadActual   2: 1024 op, 554075385.00 ns, 541.0892 us/op
WorkloadActual   3: 1024 op, 542879422.00 ns, 530.1557 us/op

// AfterActualRun
WorkloadResult   1: 1024 op, 557802985.00 ns, 544.7295 us/op
WorkloadResult   2: 1024 op, 554073362.00 ns, 541.0873 us/op
WorkloadResult   3: 1024 op, 542877399.00 ns, 530.1537 us/op
// GC:  2 0 0 35572328 1024
// Threading:  5690 3287 1024

// AfterAll
// Benchmark Process 3912 has exited with code 0.

Mean = 538.657 μs, StdErr = 4.380 μs (0.81%), N = 3, StdDev = 7.586 μs
Min = 530.154 μs, Q1 = 535.620 μs, Median = 541.087 μs, Q3 = 542.908 μs, Max = 544.729 μs
IQR = 7.288 μs, LowerFence = 524.689 μs, UpperFence = 553.840 μs
ConfidenceInterval = [400.265 μs; 677.049 μs] (CI 99.9%), Margin = 138.392 μs (25.69% of Mean)
Skewness = -0.29, Kurtosis = 0.67, MValue = 2

// ** Remained 13 (81.2 %) benchmark(s) to run. Estimated finish 2026-10-03 9:47 (0h 1m from now) **
// **************************
// Benchmark: ConcurrentReplicaSelectionBenchmarks.'Concurrent LeastConnections (lease)': ShortRun(IterationCount=3, LaunchCount=1, WarmupCount=3) [ThreadCount=16]
// *** Execute ***
// Launch: 1 / 1
// Execute: dotnet Encina.Benchmarks-ShortRun-1.dll --anonymousPipes 234 235 --benchmarkName "Encina.Benchmarks.ReadWriteSeparation.ConcurrentReplicaSelectionBenchmarks.Concurrent_LeastConnections_WithLease(ThreadCount: 16)" --job ShortRun --benchmarkId 3 in /home/runner/work/Encina/Encina/tests/Encina.BenchmarkTests/Encina.Benchmarks/bin/Release/net10.0/Encina.Benchmarks-ShortRun-1/bin/Release/net10.0
// Failed to set up high priority (Permission denied). In order to run benchmarks with high priority, make sure you have the right permissions.
// BeforeAnythingElse

// Benchmark Process Environment Information:
// BenchmarkDotNet v0.15.8
// Runtime=.NET 10.0.12 (10.0.12, 10.0.1226.42308), X64 RyuJIT x86-64-v3
// GC=Concurrent Workstation
// HardwareIntrinsics=AVX2+BMI1+BMI2+F16C+FMA+LZCNT+MOVBE,AVX,SSE3+SSSE3+SSE4.1+SSE4.2+POPCNT,X86Base+SSE+SSE2,AES+PCLMUL VectorSize=256
// Job: ShortRun(IterationCount=3, LaunchCount=1, WarmupCount=3)

OverheadJitting  1: 1 op, 173472.00 ns, 173.4720 us/op
WorkloadJitting  1: 1 op, 11810238.00 ns, 11.8102 ms/op

OverheadJitting  2: 16 op, 200583.00 ns, 12.5364 us/op
WorkloadJitting  2: 16 op, 9102441.00 ns, 568.9026 us/op

WorkloadPilot    1: 16 op, 8983360.00 ns, 561.4600 us/op
WorkloadPilot    2: 32 op, 17088225.00 ns, 534.0070 us/op
WorkloadPilot    3: 64 op, 34256422.00 ns, 535.2566 us/op
WorkloadPilot    4: 128 op, 70217858.00 ns, 548.5770 us/op
WorkloadPilot    5: 256 op, 141403058.00 ns, 552.3557 us/op
WorkloadPilot    6: 512 op, 276825696.00 ns, 540.6752 us/op
WorkloadPilot    7: 1024 op, 537773094.00 ns, 525.1690 us/op

OverheadWarmup   1: 1024 op, 3767.00 ns, 3.6787 ns/op
OverheadWarmup   2: 1024 op, 3436.00 ns, 3.3555 ns/op
OverheadWarmup   3: 1024 op, 3447.00 ns, 3.3662 ns/op
OverheadWarmup   4: 1024 op, 3466.00 ns, 3.3848 ns/op
OverheadWarmup   5: 1024 op, 3537.00 ns, 3.4541 ns/op
OverheadWarmup   6: 1024 op, 3487.00 ns, 3.4053 ns/op
OverheadWarmup   7: 1024 op, 3476.00 ns, 3.3945 ns/op
OverheadWarmup   8: 1024 op, 3647.00 ns, 3.5615 ns/op
OverheadWarmup   9: 1024 op, 3477.00 ns, 3.3955 ns/op

OverheadActual   1: 1024 op, 3517.00 ns, 3.4346 ns/op
OverheadActual   2: 1024 op, 3516.00 ns, 3.4336 ns/op
OverheadActual   3: 1024 op, 3486.00 ns, 3.4043 ns/op
OverheadActual   4: 1024 op, 3506.00 ns, 3.4238 ns/op
OverheadActual   5: 1024 op, 3537.00 ns, 3.4541 ns/op
OverheadActual   6: 1024 op, 3557.00 ns, 3.4736 ns/op
OverheadActual   7: 1024 op, 3466.00 ns, 3.3848 ns/op
OverheadActual   8: 1024 op, 3537.00 ns, 3.4541 ns/op
OverheadActual   9: 1024 op, 3407.00 ns, 3.3271 ns/op
OverheadActual  10: 1024 op, 3607.00 ns, 3.5225 ns/op
OverheadActual  11: 1024 op, 3497.00 ns, 3.4150 ns/op
OverheadActual  12: 1024 op, 3487.00 ns, 3.4053 ns/op
OverheadActual  13: 1024 op, 3387.00 ns, 3.3076 ns/op
OverheadActual  14: 1024 op, 3477.00 ns, 3.3955 ns/op
OverheadActual  15: 1024 op, 3487.00 ns, 3.4053 ns/op

WorkloadWarmup   1: 1024 op, 564407971.00 ns, 551.1797 us/op
WorkloadWarmup   2: 1024 op, 565717002.00 ns, 552.4580 us/op
WorkloadWarmup   3: 1024 op, 553990331.00 ns, 541.0062 us/op

// BeforeActualRun
WorkloadActual   1: 1024 op, 577452728.00 ns, 563.9187 us/op
WorkloadActual   2: 1024 op, 580741766.00 ns, 567.1306 us/op
WorkloadActual   3: 1024 op, 564747625.00 ns, 551.5114 us/op

// AfterActualRun
WorkloadResult   1: 1024 op, 577449231.00 ns, 563.9153 us/op
WorkloadResult   2: 1024 op, 580738269.00 ns, 567.1272 us/op
WorkloadResult   3: 1024 op, 564744128.00 ns, 551.5079 us/op
// GC:  2 0 0 36178760 1024
// Threading:  6260 3676 1024

// AfterAll
// Benchmark Process 3925 has exited with code 0.

Mean = 560.850 μs, StdErr = 4.762 μs (0.85%), N = 3, StdDev = 8.248 μs
Min = 551.508 μs, Q1 = 557.712 μs, Median = 563.915 μs, Q3 = 565.521 μs, Max = 567.127 μs
IQR = 7.810 μs, LowerFence = 545.997 μs, UpperFence = 577.236 μs
ConfidenceInterval = [410.368 μs; 711.332 μs] (CI 99.9%), Margin = 150.482 μs (26.83% of Mean)
Skewness = -0.32, Kurtosis = 0.67, MValue = 2

// ** Remained 12 (75.0 %) benchmark(s) to run. Estimated finish 2026-10-03 9:47 (0h 1m from now) **
// **************************
// Benchmark: ConcurrentReplicaSelectionBenchmarks.'Concurrent LeastConnections': ShortRun(IterationCount=3, LaunchCount=1, WarmupCount=3) [ThreadCount=1]
// *** Execute ***
// Launch: 1 / 1
// Execute: dotnet Encina.Benchmarks-ShortRun-1.dll --anonymousPipes 234 235 --benchmarkName "Encina.Benchmarks.ReadWriteSeparation.ConcurrentReplicaSelectionBenchmarks.Concurrent_LeastConnections(ThreadCount: 1)" --job ShortRun --benchmarkId 4 in /home/runner/work/Encina/Encina/tests/Encina.BenchmarkTests/Encina.Benchmarks/bin/Release/net10.0/Encina.Benchmarks-ShortRun-1/bin/Release/net10.0
// Failed to set up high priority (Permission denied). In order to run benchmarks with high priority, make sure you have the right permissions.
// BeforeAnythingElse

// Benchmark Process Environment Information:
// BenchmarkDotNet v0.15.8
// Runtime=.NET 10.0.12 (10.0.12, 10.0.1226.42308), X64 RyuJIT x86-64-v3
// GC=Concurrent Workstation
// HardwareIntrinsics=AVX2+BMI1+BMI2+F16C+FMA+LZCNT+MOVBE,AVX,SSE3+SSSE3+SSE4.1+SSE4.2+POPCNT,X86Base+SSE+SSE2,AES+PCLMUL VectorSize=256
// Job: ShortRun(IterationCount=3, LaunchCount=1, WarmupCount=3)

OverheadJitting  1: 1 op, 171710.00 ns, 171.7100 us/op
WorkloadJitting  1: 1 op, 10259605.00 ns, 10.2596 ms/op

OverheadJitting  2: 16 op, 185486.00 ns, 11.5929 us/op
WorkloadJitting  2: 16 op, 4611247.00 ns, 288.2029 us/op

WorkloadPilot    1: 16 op, 4285300.00 ns, 267.8313 us/op
WorkloadPilot    2: 32 op, 8419588.00 ns, 263.1121 us/op
WorkloadPilot    3: 64 op, 16971394.00 ns, 265.1780 us/op
WorkloadPilot    4: 128 op, 33899837.00 ns, 264.8425 us/op
WorkloadPilot    5: 256 op, 67965072.00 ns, 265.4886 us/op
WorkloadPilot    6: 512 op, 136573642.00 ns, 266.7454 us/op
WorkloadPilot    7: 1024 op, 259272598.00 ns, 253.1959 us/op
WorkloadPilot    8: 2048 op, 516421952.00 ns, 252.1592 us/op

OverheadWarmup   1: 2048 op, 6482.00 ns, 3.1650 ns/op
OverheadWarmup   2: 2048 op, 5360.00 ns, 2.6172 ns/op
OverheadWarmup   3: 2048 op, 3807.00 ns, 1.8589 ns/op
OverheadWarmup   4: 2048 op, 3837.00 ns, 1.8735 ns/op
OverheadWarmup   5: 2048 op, 3656.00 ns, 1.7852 ns/op
OverheadWarmup   6: 2048 op, 5871.00 ns, 2.8667 ns/op
OverheadWarmup   7: 2048 op, 3697.00 ns, 1.8052 ns/op

OverheadActual   1: 2048 op, 3697.00 ns, 1.8052 ns/op
OverheadActual   2: 2048 op, 3697.00 ns, 1.8052 ns/op
OverheadActual   3: 2048 op, 3676.00 ns, 1.7949 ns/op
OverheadActual   4: 2048 op, 3707.00 ns, 1.8101 ns/op
OverheadActual   5: 2048 op, 3657.00 ns, 1.7856 ns/op
OverheadActual   6: 2048 op, 3656.00 ns, 1.7852 ns/op
OverheadActual   7: 2048 op, 3677.00 ns, 1.7954 ns/op
OverheadActual   8: 2048 op, 3687.00 ns, 1.8003 ns/op
OverheadActual   9: 2048 op, 3686.00 ns, 1.7998 ns/op
OverheadActual  10: 2048 op, 3698.00 ns, 1.8057 ns/op
OverheadActual  11: 2048 op, 3877.00 ns, 1.8931 ns/op
OverheadActual  12: 2048 op, 3677.00 ns, 1.7954 ns/op
OverheadActual  13: 2048 op, 3676.00 ns, 1.7949 ns/op
OverheadActual  14: 2048 op, 3666.00 ns, 1.7900 ns/op
OverheadActual  15: 2048 op, 3676.00 ns, 1.7949 ns/op

WorkloadWarmup   1: 2048 op, 526497614.00 ns, 257.0789 us/op
WorkloadWarmup   2: 2048 op, 525590325.00 ns, 256.6359 us/op
WorkloadWarmup   3: 2048 op, 517366732.00 ns, 252.6205 us/op

// BeforeActualRun
WorkloadActual   1: 2048 op, 522629692.00 ns, 255.1903 us/op
WorkloadActual   2: 2048 op, 517231838.00 ns, 252.5546 us/op
WorkloadActual   3: 2048 op, 516828600.00 ns, 252.3577 us/op

// AfterActualRun
WorkloadResult   1: 2048 op, 522626015.00 ns, 255.1885 us/op
WorkloadResult   2: 2048 op, 517228161.00 ns, 252.5528 us/op
WorkloadResult   3: 2048 op, 516824923.00 ns, 252.3559 us/op
// GC:  4 0 0 68616192 2048
// Threading:  0 0 2048

// AfterAll
// Benchmark Process 3942 has exited with code 0.

Mean = 253.366 μs, StdErr = 0.913 μs (0.36%), N = 3, StdDev = 1.582 μs
Min = 252.356 μs, Q1 = 252.454 μs, Median = 252.553 μs, Q3 = 253.871 μs, Max = 255.188 μs
IQR = 1.416 μs, LowerFence = 250.330 μs, UpperFence = 255.995 μs
ConfidenceInterval = [224.511 μs; 282.220 μs] (CI 99.9%), Margin = 28.854 μs (11.39% of Mean)
Skewness = 0.38, Kurtosis = 0.67, MValue = 2

// ** Remained 11 (68.8 %) benchmark(s) to run. Estimated finish 2026-10-03 9:47 (0h 0m from now) **
// **************************
// Benchmark: ConcurrentReplicaSelectionBenchmarks.'Concurrent LeastConnections': ShortRun(IterationCount=3, LaunchCount=1, WarmupCount=3) [ThreadCount=4]
// *** Execute ***
// Launch: 1 / 1
// Execute: dotnet Encina.Benchmarks-ShortRun-1.dll --anonymousPipes 234 235 --benchmarkName "Encina.Benchmarks.ReadWriteSeparation.ConcurrentReplicaSelectionBenchmarks.Concurrent_LeastConnections(ThreadCount: 4)" --job ShortRun --benchmarkId 5 in /home/runner/work/Encina/Encina/tests/Encina.BenchmarkTests/Encina.Benchmarks/bin/Release/net10.0/Encina.Benchmarks-ShortRun-1/bin/Release/net10.0
// Failed to set up high priority (Permission denied). In order to run benchmarks with high priority, make sure you have the right permissions.
// BeforeAnythingElse

// Benchmark Process Environment Information:
// BenchmarkDotNet v0.15.8
// Runtime=.NET 10.0.12 (10.0.12, 10.0.1226.42308), X64 RyuJIT x86-64-v3
// GC=Concurrent Workstation
// HardwareIntrinsics=AVX2+BMI1+BMI2+F16C+FMA+LZCNT+MOVBE,AVX,SSE3+SSSE3+SSE4.1+SSE4.2+POPCNT,X86Base+SSE+SSE2,AES+PCLMUL VectorSize=256
// Job: ShortRun(IterationCount=3, LaunchCount=1, WarmupCount=3)

OverheadJitting  1: 1 op, 168975.00 ns, 168.9750 us/op
WorkloadJitting  1: 1 op, 10877430.00 ns, 10.8774 ms/op

OverheadJitting  2: 16 op, 199631.00 ns, 12.4769 us/op
WorkloadJitting  2: 16 op, 8670119.00 ns, 541.8824 us/op

WorkloadPilot    1: 16 op, 7999790.00 ns, 499.9869 us/op
WorkloadPilot    2: 32 op, 15595778.00 ns, 487.3681 us/op
WorkloadPilot    3: 64 op, 31818763.00 ns, 497.1682 us/op
WorkloadPilot    4: 128 op, 63515722.00 ns, 496.2166 us/op
WorkloadPilot    5: 256 op, 125288036.00 ns, 489.4064 us/op
WorkloadPilot    6: 512 op, 252883410.00 ns, 493.9129 us/op
WorkloadPilot    7: 1024 op, 489576088.00 ns, 478.1016 us/op
WorkloadPilot    8: 2048 op, 976644335.00 ns, 476.8771 us/op

OverheadWarmup   1: 2048 op, 3987.00 ns, 1.9468 ns/op
OverheadWarmup   2: 2048 op, 3687.00 ns, 1.8003 ns/op
OverheadWarmup   3: 2048 op, 3687.00 ns, 1.8003 ns/op
OverheadWarmup   4: 2048 op, 3716.00 ns, 1.8145 ns/op
OverheadWarmup   5: 2048 op, 3687.00 ns, 1.8003 ns/op
OverheadWarmup   6: 2048 op, 3707.00 ns, 1.8101 ns/op

OverheadActual   1: 2048 op, 3737.00 ns, 1.8247 ns/op
OverheadActual   2: 2048 op, 3988.00 ns, 1.9473 ns/op
OverheadActual   3: 2048 op, 3707.00 ns, 1.8101 ns/op
OverheadActual   4: 2048 op, 3717.00 ns, 1.8149 ns/op
OverheadActual   5: 2048 op, 3697.00 ns, 1.8052 ns/op
OverheadActual   6: 2048 op, 3707.00 ns, 1.8101 ns/op
OverheadActual   7: 2048 op, 3717.00 ns, 1.8149 ns/op
OverheadActual   8: 2048 op, 3697.00 ns, 1.8052 ns/op
OverheadActual   9: 2048 op, 6292.00 ns, 3.0723 ns/op
OverheadActual  10: 2048 op, 5991.00 ns, 2.9253 ns/op
OverheadActual  11: 2048 op, 6212.00 ns, 3.0332 ns/op
OverheadActual  12: 2048 op, 6342.00 ns, 3.0967 ns/op
OverheadActual  13: 2048 op, 6131.00 ns, 2.9937 ns/op
OverheadActual  14: 2048 op, 6121.00 ns, 2.9888 ns/op
OverheadActual  15: 2048 op, 6141.00 ns, 2.9985 ns/op
OverheadActual  16: 2048 op, 6251.00 ns, 3.0522 ns/op
OverheadActual  17: 2048 op, 6151.00 ns, 3.0034 ns/op
OverheadActual  18: 2048 op, 6081.00 ns, 2.9692 ns/op
OverheadActual  19: 2048 op, 3737.00 ns, 1.8247 ns/op
OverheadActual  20: 2048 op, 3696.00 ns, 1.8047 ns/op

WorkloadWarmup   1: 2048 op, 982822561.00 ns, 479.8938 us/op
WorkloadWarmup   2: 2048 op, 981756316.00 ns, 479.3732 us/op
WorkloadWarmup   3: 2048 op, 977862657.00 ns, 477.4720 us/op

// BeforeActualRun
WorkloadActual   1: 2048 op, 981064577.00 ns, 479.0354 us/op
WorkloadActual   2: 2048 op, 974642969.00 ns, 475.8999 us/op
WorkloadActual   3: 2048 op, 970030319.00 ns, 473.6476 us/op

// AfterActualRun
WorkloadResult   1: 2048 op, 981059587.50 ns, 479.0330 us/op
WorkloadResult   2: 2048 op, 974637979.50 ns, 475.8975 us/op
WorkloadResult   3: 2048 op, 970025329.50 ns, 473.6452 us/op
// GC:  4 0 0 69879912 2048
// Threading:  6144 21021 2048

// AfterAll
// Benchmark Process 3949 has exited with code 0.

Mean = 476.192 μs, StdErr = 1.562 μs (0.33%), N = 3, StdDev = 2.706 μs
Min = 473.645 μs, Q1 = 474.771 μs, Median = 475.897 μs, Q3 = 477.465 μs, Max = 479.033 μs
IQR = 2.694 μs, LowerFence = 470.730 μs, UpperFence = 481.506 μs
ConfidenceInterval = [426.825 μs; 525.558 μs] (CI 99.9%), Margin = 49.367 μs (10.37% of Mean)
Skewness = 0.11, Kurtosis = 0.67, MValue = 2

// ** Remained 10 (62.5 %) benchmark(s) to run. Estimated finish 2026-10-03 9:47 (0h 0m from now) **
// **************************
// Benchmark: ConcurrentReplicaSelectionBenchmarks.'Concurrent LeastConnections': ShortRun(IterationCount=3, LaunchCount=1, WarmupCount=3) [ThreadCount=8]
// *** Execute ***
// Launch: 1 / 1
// Execute: dotnet Encina.Benchmarks-ShortRun-1.dll --anonymousPipes 234 235 --benchmarkName "Encina.Benchmarks.ReadWriteSeparation.ConcurrentReplicaSelectionBenchmarks.Concurrent_LeastConnections(ThreadCount: 8)" --job ShortRun --benchmarkId 6 in /home/runner/work/Encina/Encina/tests/Encina.BenchmarkTests/Encina.Benchmarks/bin/Release/net10.0/Encina.Benchmarks-ShortRun-1/bin/Release/net10.0
// Failed to set up high priority (Permission denied). In order to run benchmarks with high priority, make sure you have the right permissions.
// BeforeAnythingElse

// Benchmark Process Environment Information:
// BenchmarkDotNet v0.15.8
// Runtime=.NET 10.0.12 (10.0.12, 10.0.1226.42308), X64 RyuJIT x86-64-v3
// GC=Concurrent Workstation
// HardwareIntrinsics=AVX2+BMI1+BMI2+F16C+FMA+LZCNT+MOVBE,AVX,SSE3+SSSE3+SSE4.1+SSE4.2+POPCNT,X86Base+SSE+SSE2,AES+PCLMUL VectorSize=256
// Job: ShortRun(IterationCount=3, LaunchCount=1, WarmupCount=3)

OverheadJitting  1: 1 op, 166210.00 ns, 166.2100 us/op
WorkloadJitting  1: 1 op, 11035999.00 ns, 11.0360 ms/op

OverheadJitting  2: 16 op, 191987.00 ns, 11.9992 us/op
WorkloadJitting  2: 16 op, 7989003.00 ns, 499.3127 us/op

WorkloadPilot    1: 16 op, 7935814.00 ns, 495.9884 us/op
WorkloadPilot    2: 32 op, 15205642.00 ns, 475.1763 us/op
WorkloadPilot    3: 64 op, 30544781.00 ns, 477.2622 us/op
WorkloadPilot    4: 128 op, 63186161.00 ns, 493.6419 us/op
WorkloadPilot    5: 256 op, 121817258.00 ns, 475.8487 us/op
WorkloadPilot    6: 512 op, 245074673.00 ns, 478.6615 us/op
WorkloadPilot    7: 1024 op, 474257939.00 ns, 463.1425 us/op
WorkloadPilot    8: 2048 op, 949880809.00 ns, 463.8090 us/op

OverheadWarmup   1: 2048 op, 3907.00 ns, 1.9077 ns/op
OverheadWarmup   2: 2048 op, 3687.00 ns, 1.8003 ns/op
OverheadWarmup   3: 2048 op, 3647.00 ns, 1.7808 ns/op
OverheadWarmup   4: 2048 op, 3676.00 ns, 1.7949 ns/op
OverheadWarmup   5: 2048 op, 3676.00 ns, 1.7949 ns/op
OverheadWarmup   6: 2048 op, 3687.00 ns, 1.8003 ns/op
OverheadWarmup   7: 2048 op, 3657.00 ns, 1.7856 ns/op

OverheadActual   1: 2048 op, 3717.00 ns, 1.8149 ns/op
OverheadActual   2: 2048 op, 3707.00 ns, 1.8101 ns/op
OverheadActual   3: 2048 op, 3697.00 ns, 1.8052 ns/op
OverheadActual   4: 2048 op, 3686.00 ns, 1.7998 ns/op
OverheadActual   5: 2048 op, 3696.00 ns, 1.8047 ns/op
OverheadActual   6: 2048 op, 3677.00 ns, 1.7954 ns/op
OverheadActual   7: 2048 op, 3677.00 ns, 1.7954 ns/op
OverheadActual   8: 2048 op, 3647.00 ns, 1.7808 ns/op
OverheadActual   9: 2048 op, 3647.00 ns, 1.7808 ns/op
OverheadActual  10: 2048 op, 3676.00 ns, 1.7949 ns/op
OverheadActual  11: 2048 op, 3696.00 ns, 1.8047 ns/op
OverheadActual  12: 2048 op, 3656.00 ns, 1.7852 ns/op
OverheadActual  13: 2048 op, 3677.00 ns, 1.7954 ns/op
OverheadActual  14: 2048 op, 3667.00 ns, 1.7905 ns/op
OverheadActual  15: 2048 op, 3666.00 ns, 1.7900 ns/op

WorkloadWarmup   1: 2048 op, 995385892.00 ns, 486.0283 us/op
WorkloadWarmup   2: 2048 op, 1008851803.00 ns, 492.6034 us/op
WorkloadWarmup   3: 2048 op, 995921727.00 ns, 486.2899 us/op

// BeforeActualRun
WorkloadActual   1: 2048 op, 997566630.00 ns, 487.0931 us/op
WorkloadActual   2: 2048 op, 998396830.00 ns, 487.4985 us/op
WorkloadActual   3: 2048 op, 1001823724.00 ns, 489.1717 us/op

// AfterActualRun
WorkloadResult   1: 2048 op, 997562953.00 ns, 487.0913 us/op
WorkloadResult   2: 2048 op, 998393153.00 ns, 487.4967 us/op
WorkloadResult   3: 2048 op, 1001820047.00 ns, 489.1699 us/op
// GC:  4 0 0 71623496 2048
// Threading:  14226 25051 2048

// AfterAll
// Benchmark Process 3965 has exited with code 0.

Mean = 487.919 μs, StdErr = 0.636 μs (0.13%), N = 3, StdDev = 1.102 μs
Min = 487.091 μs, Q1 = 487.294 μs, Median = 487.497 μs, Q3 = 488.333 μs, Max = 489.170 μs
IQR = 1.039 μs, LowerFence = 485.735 μs, UpperFence = 489.892 μs
ConfidenceInterval = [467.817 μs; 508.022 μs] (CI 99.9%), Margin = 20.103 μs (4.12% of Mean)
Skewness = 0.33, Kurtosis = 0.67, MValue = 2

// ** Remained 9 (56.2 %) benchmark(s) to run. Estimated finish 2026-10-03 9:47 (0h 0m from now) **
// **************************
// Benchmark: ConcurrentReplicaSelectionBenchmarks.'Concurrent LeastConnections': ShortRun(IterationCount=3, LaunchCount=1, WarmupCount=3) [ThreadCount=16]
// *** Execute ***
// Launch: 1 / 1
// Execute: dotnet Encina.Benchmarks-ShortRun-1.dll --anonymousPipes 234 235 --benchmarkName "Encina.Benchmarks.ReadWriteSeparation.ConcurrentReplicaSelectionBenchmarks.Concurrent_LeastConnections(ThreadCount: 16)" --job ShortRun --benchmarkId 7 in /home/runner/work/Encina/Encina/tests/Encina.BenchmarkTests/Encina.Benchmarks/bin/Release/net10.0/Encina.Benchmarks-ShortRun-1/bin/Release/net10.0
// Failed to set up high priority (Permission denied). In order to run benchmarks with high priority, make sure you have the right permissions.
// BeforeAnythingElse

// Benchmark Process Environment Information:
// BenchmarkDotNet v0.15.8
// Runtime=.NET 10.0.12 (10.0.12, 10.0.1226.42308), X64 RyuJIT x86-64-v3
// GC=Concurrent Workstation
// HardwareIntrinsics=AVX2+BMI1+BMI2+F16C+FMA+LZCNT+MOVBE,AVX,SSE3+SSSE3+SSE4.1+SSE4.2+POPCNT,X86Base+SSE+SSE2,AES+PCLMUL VectorSize=256
// Job: ShortRun(IterationCount=3, LaunchCount=1, WarmupCount=3)

OverheadJitting  1: 1 op, 162854.00 ns, 162.8540 us/op
WorkloadJitting  1: 1 op, 11003510.00 ns, 11.0035 ms/op

OverheadJitting  2: 16 op, 177761.00 ns, 11.1101 us/op
WorkloadJitting  2: 16 op, 8408833.00 ns, 525.5521 us/op

WorkloadPilot    1: 16 op, 7914649.00 ns, 494.6656 us/op
WorkloadPilot    2: 32 op, 15190181.00 ns, 474.6932 us/op
WorkloadPilot    3: 64 op, 30519412.00 ns, 476.8658 us/op
WorkloadPilot    4: 128 op, 62569510.00 ns, 488.8243 us/op
WorkloadPilot    5: 256 op, 126080412.00 ns, 492.5016 us/op
WorkloadPilot    6: 512 op, 246667464.00 ns, 481.7724 us/op
WorkloadPilot    7: 1024 op, 471996588.00 ns, 460.9342 us/op
WorkloadPilot    8: 2048 op, 947262755.00 ns, 462.5306 us/op

OverheadWarmup   1: 2048 op, 3937.00 ns, 1.9224 ns/op
OverheadWarmup   2: 2048 op, 3687.00 ns, 1.8003 ns/op
OverheadWarmup   3: 2048 op, 3686.00 ns, 1.7998 ns/op
OverheadWarmup   4: 2048 op, 3717.00 ns, 1.8149 ns/op
OverheadWarmup   5: 2048 op, 3707.00 ns, 1.8101 ns/op
OverheadWarmup   6: 2048 op, 3727.00 ns, 1.8198 ns/op
OverheadWarmup   7: 2048 op, 3717.00 ns, 1.8149 ns/op

OverheadActual   1: 2048 op, 6352.00 ns, 3.1016 ns/op
OverheadActual   2: 2048 op, 6372.00 ns, 3.1113 ns/op
OverheadActual   3: 2048 op, 6392.00 ns, 3.1211 ns/op
OverheadActual   4: 2048 op, 3717.00 ns, 1.8149 ns/op
OverheadActual   5: 2048 op, 6312.00 ns, 3.0820 ns/op
OverheadActual   6: 2048 op, 3707.00 ns, 1.8101 ns/op
OverheadActual   7: 2048 op, 3696.00 ns, 1.8047 ns/op
OverheadActual   8: 2048 op, 3697.00 ns, 1.8052 ns/op
OverheadActual   9: 2048 op, 3707.00 ns, 1.8101 ns/op
OverheadActual  10: 2048 op, 3687.00 ns, 1.8003 ns/op
OverheadActual  11: 2048 op, 3707.00 ns, 1.8101 ns/op
OverheadActual  12: 2048 op, 3718.00 ns, 1.8154 ns/op
OverheadActual  13: 2048 op, 3717.00 ns, 1.8149 ns/op
OverheadActual  14: 2048 op, 3727.00 ns, 1.8198 ns/op
OverheadActual  15: 2048 op, 3696.00 ns, 1.8047 ns/op
OverheadActual  16: 2048 op, 3727.00 ns, 1.8198 ns/op
OverheadActual  17: 2048 op, 3687.00 ns, 1.8003 ns/op

WorkloadWarmup   1: 2048 op, 991353165.00 ns, 484.0592 us/op
WorkloadWarmup   2: 2048 op, 1020919253.00 ns, 498.4957 us/op
WorkloadWarmup   3: 2048 op, 1042524777.00 ns, 509.0453 us/op

// BeforeActualRun
WorkloadActual   1: 2048 op, 1068199762.00 ns, 521.5819 us/op
WorkloadActual   2: 2048 op, 1087120609.00 ns, 530.8206 us/op
WorkloadActual   3: 2048 op, 1102313339.00 ns, 538.2389 us/op

// AfterActualRun
WorkloadResult   1: 2048 op, 1068196045.00 ns, 521.5801 us/op
WorkloadResult   2: 2048 op, 1087116892.00 ns, 530.8188 us/op
WorkloadResult   3: 2048 op, 1102309622.00 ns, 538.2371 us/op
// GC:  4 0 0 74352616 2048
// Threading:  24862 34225 2048

// AfterAll
// Benchmark Process 3984 has exited with code 0.

Mean = 530.212 μs, StdErr = 4.818 μs (0.91%), N = 3, StdDev = 8.345 μs
Min = 521.580 μs, Q1 = 526.199 μs, Median = 530.819 μs, Q3 = 534.528 μs, Max = 538.237 μs
IQR = 8.329 μs, LowerFence = 513.707 μs, UpperFence = 547.021 μs
ConfidenceInterval = [377.967 μs; 682.457 μs] (CI 99.9%), Margin = 152.245 μs (28.71% of Mean)
Skewness = -0.07, Kurtosis = 0.67, MValue = 2

// ** Remained 8 (50.0 %) benchmark(s) to run. Estimated finish 2026-10-03 9:47 (0h 0m from now) **
// **************************
// Benchmark: ConcurrentReplicaSelectionBenchmarks.'Concurrent Random': ShortRun(IterationCount=3, LaunchCount=1, WarmupCount=3) [ThreadCount=1]
// *** Execute ***
// Launch: 1 / 1
// Execute: dotnet Encina.Benchmarks-ShortRun-1.dll --anonymousPipes 234 235 --benchmarkName "Encina.Benchmarks.ReadWriteSeparation.ConcurrentReplicaSelectionBenchmarks.Concurrent_Random(ThreadCount: 1)" --job ShortRun --benchmarkId 8 in /home/runner/work/Encina/Encina/tests/Encina.BenchmarkTests/Encina.Benchmarks/bin/Release/net10.0/Encina.Benchmarks-ShortRun-1/bin/Release/net10.0
// Failed to set up high priority (Permission denied). In order to run benchmarks with high priority, make sure you have the right permissions.
// BeforeAnythingElse

// Benchmark Process Environment Information:
// BenchmarkDotNet v0.15.8
// Runtime=.NET 10.0.12 (10.0.12, 10.0.1226.42308), X64 RyuJIT x86-64-v3
// GC=Concurrent Workstation
// HardwareIntrinsics=AVX2+BMI1+BMI2+F16C+FMA+LZCNT+MOVBE,AVX,SSE3+SSSE3+SSE4.1+SSE4.2+POPCNT,X86Base+SSE+SSE2,AES+PCLMUL VectorSize=256
// Job: ShortRun(IterationCount=3, LaunchCount=1, WarmupCount=3)

OverheadJitting  1: 1 op, 164195.00 ns, 164.1950 us/op
WorkloadJitting  1: 1 op, 7663705.00 ns, 7.6637 ms/op

OverheadJitting  2: 16 op, 189553.00 ns, 11.8471 us/op
WorkloadJitting  2: 16 op, 477861.00 ns, 29.8663 us/op

WorkloadPilot    1: 16 op, 276585.00 ns, 17.2866 us/op
WorkloadPilot    2: 32 op, 559412.00 ns, 17.4816 us/op
WorkloadPilot    3: 64 op, 1138971.00 ns, 17.7964 us/op
WorkloadPilot    4: 128 op, 2188236.00 ns, 17.0956 us/op
WorkloadPilot    5: 256 op, 4189174.00 ns, 16.3640 us/op
WorkloadPilot    6: 512 op, 8489564.00 ns, 16.5812 us/op
WorkloadPilot    7: 1024 op, 16892827.00 ns, 16.4969 us/op
WorkloadPilot    8: 2048 op, 33885721.00 ns, 16.5458 us/op
WorkloadPilot    9: 4096 op, 67621874.00 ns, 16.5092 us/op
WorkloadPilot   10: 8192 op, 134752953.00 ns, 16.4493 us/op
WorkloadPilot   11: 16384 op, 263595748.00 ns, 16.0886 us/op
WorkloadPilot   12: 32768 op, 519804445.00 ns, 15.8632 us/op

OverheadWarmup   1: 32768 op, 71162.00 ns, 2.1717 ns/op
OverheadWarmup   2: 32768 op, 68518.00 ns, 2.0910 ns/op
OverheadWarmup   3: 32768 op, 68788.00 ns, 2.0992 ns/op
OverheadWarmup   4: 32768 op, 63719.00 ns, 1.9445 ns/op
OverheadWarmup   5: 32768 op, 85599.00 ns, 2.6123 ns/op
OverheadWarmup   6: 32768 op, 69599.00 ns, 2.1240 ns/op

OverheadActual   1: 32768 op, 70852.00 ns, 2.1622 ns/op
OverheadActual   2: 32768 op, 85329.00 ns, 2.6040 ns/op
OverheadActual   3: 32768 op, 69399.00 ns, 2.1179 ns/op
OverheadActual   4: 32768 op, 64681.00 ns, 1.9739 ns/op
OverheadActual   5: 32768 op, 69660.00 ns, 2.1259 ns/op
OverheadActual   6: 32768 op, 69079.00 ns, 2.1081 ns/op
OverheadActual   7: 32768 op, 67866.00 ns, 2.0711 ns/op
OverheadActual   8: 32768 op, 67866.00 ns, 2.0711 ns/op
OverheadActual   9: 32768 op, 71654.00 ns, 2.1867 ns/op
OverheadActual  10: 32768 op, 63118.00 ns, 1.9262 ns/op
OverheadActual  11: 32768 op, 89597.00 ns, 2.7343 ns/op
OverheadActual  12: 32768 op, 70271.00 ns, 2.1445 ns/op
OverheadActual  13: 32768 op, 68117.00 ns, 2.0788 ns/op
OverheadActual  14: 32768 op, 67957.00 ns, 2.0739 ns/op
OverheadActual  15: 32768 op, 69780.00 ns, 2.1295 ns/op

WorkloadWarmup   1: 32768 op, 525893056.00 ns, 16.0490 us/op
WorkloadWarmup   2: 32768 op, 522179408.00 ns, 15.9357 us/op
WorkloadWarmup   3: 32768 op, 518914467.00 ns, 15.8360 us/op

// BeforeActualRun
WorkloadActual   1: 32768 op, 519995852.00 ns, 15.8690 us/op
WorkloadActual   2: 32768 op, 520063277.00 ns, 15.8711 us/op
WorkloadActual   3: 32768 op, 517999536.00 ns, 15.8081 us/op

// AfterActualRun
WorkloadResult   1: 32768 op, 519926453.00 ns, 15.8669 us/op
WorkloadResult   2: 32768 op, 519993878.00 ns, 15.8690 us/op
WorkloadResult   3: 32768 op, 517930137.00 ns, 15.8060 us/op
// GC:  2 0 0 49283072 32768
// Threading:  0 0 32768

// AfterAll
// Benchmark Process 4005 has exited with code 0.

Mean = 15.847 μs, StdErr = 0.021 μs (0.13%), N = 3, StdDev = 0.036 μs
Min = 15.806 μs, Q1 = 15.836 μs, Median = 15.867 μs, Q3 = 15.868 μs, Max = 15.869 μs
IQR = 0.031 μs, LowerFence = 15.789 μs, UpperFence = 15.915 μs
ConfidenceInterval = [15.194 μs; 16.500 μs] (CI 99.9%), Margin = 0.653 μs (4.12% of Mean)
Skewness = -0.38, Kurtosis = 0.67, MValue = 2

// ** Remained 7 (43.8 %) benchmark(s) to run. Estimated finish 2026-10-03 9:47 (0h 0m from now) **
// **************************
// Benchmark: ConcurrentReplicaSelectionBenchmarks.'Concurrent Random': ShortRun(IterationCount=3, LaunchCount=1, WarmupCount=3) [ThreadCount=4]
// *** Execute ***
// Launch: 1 / 1
// Execute: dotnet Encina.Benchmarks-ShortRun-1.dll --anonymousPipes 234 235 --benchmarkName "Encina.Benchmarks.ReadWriteSeparation.ConcurrentReplicaSelectionBenchmarks.Concurrent_Random(ThreadCount: 4)" --job ShortRun --benchmarkId 9 in /home/runner/work/Encina/Encina/tests/Encina.BenchmarkTests/Encina.Benchmarks/bin/Release/net10.0/Encina.Benchmarks-ShortRun-1/bin/Release/net10.0
// Failed to set up high priority (Permission denied). In order to run benchmarks with high priority, make sure you have the right permissions.
// BeforeAnythingElse

// Benchmark Process Environment Information:
// BenchmarkDotNet v0.15.8
// Runtime=.NET 10.0.12 (10.0.12, 10.0.1226.42308), X64 RyuJIT x86-64-v3
// GC=Concurrent Workstation
// HardwareIntrinsics=AVX2+BMI1+BMI2+F16C+FMA+LZCNT+MOVBE,AVX,SSE3+SSSE3+SSE4.1+SSE4.2+POPCNT,X86Base+SSE+SSE2,AES+PCLMUL VectorSize=256
// Job: ShortRun(IterationCount=3, LaunchCount=1, WarmupCount=3)

OverheadJitting  1: 1 op, 162954.00 ns, 162.9540 us/op
WorkloadJitting  1: 1 op, 9128261.00 ns, 9.1283 ms/op

OverheadJitting  2: 16 op, 177942.00 ns, 11.1214 us/op
WorkloadJitting  2: 16 op, 668104.00 ns, 41.7565 us/op

WorkloadPilot    1: 16 op, 289790.00 ns, 18.1119 us/op
WorkloadPilot    2: 32 op, 549603.00 ns, 17.1751 us/op
WorkloadPilot    3: 64 op, 869910.00 ns, 13.5923 us/op
WorkloadPilot    4: 128 op, 1722708.00 ns, 13.4587 us/op
WorkloadPilot    5: 256 op, 3553258.00 ns, 13.8799 us/op
WorkloadPilot    6: 512 op, 6991571.00 ns, 13.6554 us/op
WorkloadPilot    7: 1024 op, 13967433.00 ns, 13.6401 us/op
WorkloadPilot    8: 2048 op, 27869975.00 ns, 13.6084 us/op
WorkloadPilot    9: 4096 op, 55521674.00 ns, 13.5551 us/op
WorkloadPilot   10: 8192 op, 111787133.00 ns, 13.6459 us/op
WorkloadPilot   11: 16384 op, 205974347.00 ns, 12.5717 us/op
WorkloadPilot   12: 32768 op, 417789112.00 ns, 12.7499 us/op
WorkloadPilot   13: 65536 op, 811609885.00 ns, 12.3842 us/op

OverheadWarmup   1: 65536 op, 123801.00 ns, 1.8891 ns/op
OverheadWarmup   2: 65536 op, 121546.00 ns, 1.8546 ns/op
OverheadWarmup   3: 65536 op, 121346.00 ns, 1.8516 ns/op
OverheadWarmup   4: 65536 op, 106469.00 ns, 1.6246 ns/op
OverheadWarmup   5: 65536 op, 106559.00 ns, 1.6260 ns/op
OverheadWarmup   6: 65536 op, 106448.00 ns, 1.6243 ns/op
OverheadWarmup   7: 65536 op, 106488.00 ns, 1.6249 ns/op
OverheadWarmup   8: 65536 op, 108983.00 ns, 1.6629 ns/op
OverheadWarmup   9: 65536 op, 106498.00 ns, 1.6250 ns/op

OverheadActual   1: 65536 op, 106528.00 ns, 1.6255 ns/op
OverheadActual   2: 65536 op, 106518.00 ns, 1.6253 ns/op
OverheadActual   3: 65536 op, 129150.00 ns, 1.9707 ns/op
OverheadActual   4: 65536 op, 106468.00 ns, 1.6246 ns/op
OverheadActual   5: 65536 op, 106458.00 ns, 1.6244 ns/op
OverheadActual   6: 65536 op, 106608.00 ns, 1.6267 ns/op
OverheadActual   7: 65536 op, 106499.00 ns, 1.6250 ns/op
OverheadActual   8: 65536 op, 106509.00 ns, 1.6252 ns/op
OverheadActual   9: 65536 op, 109103.00 ns, 1.6648 ns/op
OverheadActual  10: 65536 op, 106429.00 ns, 1.6240 ns/op
OverheadActual  11: 65536 op, 106508.00 ns, 1.6252 ns/op
OverheadActual  12: 65536 op, 106489.00 ns, 1.6249 ns/op
OverheadActual  13: 65536 op, 106639.00 ns, 1.6272 ns/op
OverheadActual  14: 65536 op, 106529.00 ns, 1.6255 ns/op
OverheadActual  15: 65536 op, 106529.00 ns, 1.6255 ns/op

WorkloadWarmup   1: 65536 op, 834857131.00 ns, 12.7389 us/op
WorkloadWarmup   2: 65536 op, 829885759.00 ns, 12.6631 us/op
WorkloadWarmup   3: 65536 op, 818539394.00 ns, 12.4899 us/op

// BeforeActualRun
WorkloadActual   1: 65536 op, 808490195.00 ns, 12.3366 us/op
WorkloadActual   2: 65536 op, 817153400.00 ns, 12.4688 us/op
WorkloadActual   3: 65536 op, 815493394.00 ns, 12.4434 us/op

// AfterActualRun
WorkloadResult   1: 65536 op, 808383677.00 ns, 12.3350 us/op
WorkloadResult   2: 65536 op, 817046882.00 ns, 12.4671 us/op
WorkloadResult   3: 65536 op, 815386876.00 ns, 12.4418 us/op
// GC:  8 0 0 137367584 65536
// Threading:  196555 0 65536

// AfterAll
// Benchmark Process 4012 has exited with code 0.

Mean = 12.415 μs, StdErr = 0.041 μs (0.33%), N = 3, StdDev = 0.070 μs
Min = 12.335 μs, Q1 = 12.388 μs, Median = 12.442 μs, Q3 = 12.454 μs, Max = 12.467 μs
IQR = 0.066 μs, LowerFence = 12.289 μs, UpperFence = 12.554 μs
ConfidenceInterval = [11.135 μs; 13.695 μs] (CI 99.9%), Margin = 1.280 μs (10.31% of Mean)
Skewness = -0.33, Kurtosis = 0.67, MValue = 2

// ** Remained 6 (37.5 %) benchmark(s) to run. Estimated finish 2026-10-03 9:47 (0h 0m from now) **
// **************************
// Benchmark: ConcurrentReplicaSelectionBenchmarks.'Concurrent Random': ShortRun(IterationCount=3, LaunchCount=1, WarmupCount=3) [ThreadCount=8]
// *** Execute ***
// Launch: 1 / 1
// Execute: dotnet Encina.Benchmarks-ShortRun-1.dll --anonymousPipes 234 235 --benchmarkName "Encina.Benchmarks.ReadWriteSeparation.ConcurrentReplicaSelectionBenchmarks.Concurrent_Random(ThreadCount: 8)" --job ShortRun --benchmarkId 10 in /home/runner/work/Encina/Encina/tests/Encina.BenchmarkTests/Encina.Benchmarks/bin/Release/net10.0/Encina.Benchmarks-ShortRun-1/bin/Release/net10.0
// Failed to set up high priority (Permission denied). In order to run benchmarks with high priority, make sure you have the right permissions.
// BeforeAnythingElse

// Benchmark Process Environment Information:
// BenchmarkDotNet v0.15.8
// Runtime=.NET 10.0.12 (10.0.12, 10.0.1226.42308), X64 RyuJIT x86-64-v3
// GC=Concurrent Workstation
// HardwareIntrinsics=AVX2+BMI1+BMI2+F16C+FMA+LZCNT+MOVBE,AVX,SSE3+SSSE3+SSE4.1+SSE4.2+POPCNT,X86Base+SSE+SSE2,AES+PCLMUL VectorSize=256
// Job: ShortRun(IterationCount=3, LaunchCount=1, WarmupCount=3)

OverheadJitting  1: 1 op, 165708.00 ns, 165.7080 us/op
WorkloadJitting  1: 1 op, 9587490.00 ns, 9.5875 ms/op

OverheadJitting  2: 16 op, 190465.00 ns, 11.9041 us/op
WorkloadJitting  2: 16 op, 563339.00 ns, 35.2087 us/op

WorkloadPilot    1: 16 op, 315568.00 ns, 19.7230 us/op
WorkloadPilot    2: 32 op, 507165.00 ns, 15.8489 us/op
WorkloadPilot    3: 64 op, 996006.00 ns, 15.5626 us/op
WorkloadPilot    4: 128 op, 1815712.00 ns, 14.1853 us/op
WorkloadPilot    5: 256 op, 3847526.00 ns, 15.0294 us/op
WorkloadPilot    6: 512 op, 7507002.00 ns, 14.6621 us/op
WorkloadPilot    7: 1024 op, 14511869.00 ns, 14.1717 us/op
WorkloadPilot    8: 2048 op, 29312705.00 ns, 14.3128 us/op
WorkloadPilot    9: 4096 op, 58177396.00 ns, 14.2035 us/op
WorkloadPilot   10: 8192 op, 113951506.00 ns, 13.9101 us/op
WorkloadPilot   11: 16384 op, 228939121.00 ns, 13.9733 us/op
WorkloadPilot   12: 32768 op, 438183792.00 ns, 13.3723 us/op
WorkloadPilot   13: 65536 op, 878412903.00 ns, 13.4035 us/op

OverheadWarmup   1: 65536 op, 125684.00 ns, 1.9178 ns/op
OverheadWarmup   2: 65536 op, 106539.00 ns, 1.6257 ns/op
OverheadWarmup   3: 65536 op, 106508.00 ns, 1.6252 ns/op
OverheadWarmup   4: 65536 op, 106538.00 ns, 1.6256 ns/op
OverheadWarmup   5: 65536 op, 120956.00 ns, 1.8456 ns/op
OverheadWarmup   6: 65536 op, 134230.00 ns, 2.0482 ns/op
OverheadWarmup   7: 65536 op, 106478.00 ns, 1.6247 ns/op
OverheadWarmup   8: 65536 op, 106538.00 ns, 1.6256 ns/op
OverheadWarmup   9: 65536 op, 123570.00 ns, 1.8855 ns/op
OverheadWarmup  10: 65536 op, 122387.00 ns, 1.8675 ns/op

OverheadActual   1: 65536 op, 121547.00 ns, 1.8547 ns/op
OverheadActual   2: 65536 op, 141684.00 ns, 2.1619 ns/op
OverheadActual   3: 65536 op, 123900.00 ns, 1.8906 ns/op
OverheadActual   4: 65536 op, 121476.00 ns, 1.8536 ns/op
OverheadActual   5: 65536 op, 122108.00 ns, 1.8632 ns/op
OverheadActual   6: 65536 op, 136424.00 ns, 2.0817 ns/op
OverheadActual   7: 65536 op, 120755.00 ns, 1.8426 ns/op
OverheadActual   8: 65536 op, 120705.00 ns, 1.8418 ns/op
OverheadActual   9: 65536 op, 120925.00 ns, 1.8452 ns/op
OverheadActual  10: 65536 op, 135432.00 ns, 2.0665 ns/op
OverheadActual  11: 65536 op, 120695.00 ns, 1.8417 ns/op
OverheadActual  12: 65536 op, 121045.00 ns, 1.8470 ns/op
OverheadActual  13: 65536 op, 121085.00 ns, 1.8476 ns/op
OverheadActual  14: 65536 op, 136555.00 ns, 2.0837 ns/op
OverheadActual  15: 65536 op, 120936.00 ns, 1.8453 ns/op
OverheadActual  16: 65536 op, 145121.00 ns, 2.2144 ns/op
OverheadActual  17: 65536 op, 106499.00 ns, 1.6250 ns/op
OverheadActual  18: 65536 op, 106538.00 ns, 1.6256 ns/op
OverheadActual  19: 65536 op, 106529.00 ns, 1.6255 ns/op
OverheadActual  20: 65536 op, 106539.00 ns, 1.6257 ns/op

WorkloadWarmup   1: 65536 op, 881703131.00 ns, 13.4537 us/op
WorkloadWarmup   2: 65536 op, 876854230.00 ns, 13.3797 us/op
WorkloadWarmup   3: 65536 op, 865845666.00 ns, 13.2118 us/op

// BeforeActualRun
WorkloadActual   1: 65536 op, 877012725.00 ns, 13.3822 us/op
WorkloadActual   2: 65536 op, 866676795.00 ns, 13.2244 us/op
WorkloadActual   3: 65536 op, 865475367.00 ns, 13.2061 us/op

// AfterActualRun
WorkloadResult   1: 65536 op, 876891660.00 ns, 13.3803 us/op
WorkloadResult   2: 65536 op, 866555730.00 ns, 13.2226 us/op
WorkloadResult   3: 65536 op, 865354302.00 ns, 13.2043 us/op
// GC:  9 0 0 163016592 65536
// Threading:  255340 0 65536

// AfterAll
// Benchmark Process 4026 has exited with code 0.

Mean = 13.269 μs, StdErr = 0.056 μs (0.42%), N = 3, StdDev = 0.097 μs
Min = 13.204 μs, Q1 = 13.213 μs, Median = 13.223 μs, Q3 = 13.301 μs, Max = 13.380 μs
IQR = 0.088 μs, LowerFence = 13.081 μs, UpperFence = 13.433 μs
ConfidenceInterval = [11.503 μs; 15.035 μs] (CI 99.9%), Margin = 1.766 μs (13.31% of Mean)
Skewness = 0.37, Kurtosis = 0.67, MValue = 2

// ** Remained 5 (31.2 %) benchmark(s) to run. Estimated finish 2026-10-03 9:47 (0h 0m from now) **
// **************************
// Benchmark: ConcurrentReplicaSelectionBenchmarks.'Concurrent Random': ShortRun(IterationCount=3, LaunchCount=1, WarmupCount=3) [ThreadCount=16]
// *** Execute ***
// Launch: 1 / 1
// Execute: dotnet Encina.Benchmarks-ShortRun-1.dll --anonymousPipes 234 235 --benchmarkName "Encina.Benchmarks.ReadWriteSeparation.ConcurrentReplicaSelectionBenchmarks.Concurrent_Random(ThreadCount: 16)" --job ShortRun --benchmarkId 11 in /home/runner/work/Encina/Encina/tests/Encina.BenchmarkTests/Encina.Benchmarks/bin/Release/net10.0/Encina.Benchmarks-ShortRun-1/bin/Release/net10.0
// Failed to set up high priority (Permission denied). In order to run benchmarks with high priority, make sure you have the right permissions.
// BeforeAnythingElse

// Benchmark Process Environment Information:
// BenchmarkDotNet v0.15.8
// Runtime=.NET 10.0.12 (10.0.12, 10.0.1226.42308), X64 RyuJIT x86-64-v3
// GC=Concurrent Workstation
// HardwareIntrinsics=AVX2+BMI1+BMI2+F16C+FMA+LZCNT+MOVBE,AVX,SSE3+SSSE3+SSE4.1+SSE4.2+POPCNT,X86Base+SSE+SSE2,AES+PCLMUL VectorSize=256
// Job: ShortRun(IterationCount=3, LaunchCount=1, WarmupCount=3)

OverheadJitting  1: 1 op, 164106.00 ns, 164.1060 us/op
WorkloadJitting  1: 1 op, 9332894.00 ns, 9.3329 ms/op

OverheadJitting  2: 16 op, 206064.00 ns, 12.8790 us/op
WorkloadJitting  2: 16 op, 590900.00 ns, 36.9313 us/op

WorkloadPilot    1: 16 op, 371592.00 ns, 23.2245 us/op
WorkloadPilot    2: 32 op, 569151.00 ns, 17.7860 us/op
WorkloadPilot    3: 64 op, 1038435.00 ns, 16.2255 us/op
WorkloadPilot    4: 128 op, 1984306.00 ns, 15.5024 us/op
WorkloadPilot    5: 256 op, 3996273.00 ns, 15.6104 us/op
WorkloadPilot    6: 512 op, 8025198.00 ns, 15.6742 us/op
WorkloadPilot    7: 1024 op, 15925624.00 ns, 15.5524 us/op
WorkloadPilot    8: 2048 op, 33411854.00 ns, 16.3144 us/op
WorkloadPilot    9: 4096 op, 64212621.00 ns, 15.6769 us/op
WorkloadPilot   10: 8192 op, 125667972.00 ns, 15.3403 us/op
WorkloadPilot   11: 16384 op, 241762964.00 ns, 14.7560 us/op
WorkloadPilot   12: 32768 op, 471160976.00 ns, 14.3787 us/op
WorkloadPilot   13: 65536 op, 938366497.00 ns, 14.3183 us/op

OverheadWarmup   1: 65536 op, 106869.00 ns, 1.6307 ns/op
OverheadWarmup   2: 65536 op, 158425.00 ns, 2.4174 ns/op
OverheadWarmup   3: 65536 op, 144700.00 ns, 2.2079 ns/op
OverheadWarmup   4: 65536 op, 106499.00 ns, 1.6250 ns/op
OverheadWarmup   5: 65536 op, 139761.00 ns, 2.1326 ns/op
OverheadWarmup   6: 65536 op, 147054.00 ns, 2.2439 ns/op
OverheadWarmup   7: 65536 op, 159797.00 ns, 2.4383 ns/op
OverheadWarmup   8: 65536 op, 178803.00 ns, 2.7283 ns/op
OverheadWarmup   9: 65536 op, 106658.00 ns, 1.6275 ns/op

OverheadActual   1: 65536 op, 106639.00 ns, 1.6272 ns/op
OverheadActual   2: 65536 op, 106639.00 ns, 1.6272 ns/op
OverheadActual   3: 65536 op, 135593.00 ns, 2.0690 ns/op
OverheadActual   4: 65536 op, 137125.00 ns, 2.0924 ns/op
OverheadActual   5: 65536 op, 106769.00 ns, 1.6292 ns/op
OverheadActual   6: 65536 op, 106538.00 ns, 1.6256 ns/op
OverheadActual   7: 65536 op, 106528.00 ns, 1.6255 ns/op
OverheadActual   8: 65536 op, 106448.00 ns, 1.6243 ns/op
OverheadActual   9: 65536 op, 106528.00 ns, 1.6255 ns/op
OverheadActual  10: 65536 op, 106498.00 ns, 1.6250 ns/op
OverheadActual  11: 65536 op, 106529.00 ns, 1.6255 ns/op
OverheadActual  12: 65536 op, 106498.00 ns, 1.6250 ns/op
OverheadActual  13: 65536 op, 106739.00 ns, 1.6287 ns/op
OverheadActual  14: 65536 op, 106528.00 ns, 1.6255 ns/op
OverheadActual  15: 65536 op, 106468.00 ns, 1.6246 ns/op

WorkloadWarmup   1: 65536 op, 956881411.00 ns, 14.6009 us/op
WorkloadWarmup   2: 65536 op, 968809010.00 ns, 14.7829 us/op
WorkloadWarmup   3: 65536 op, 959010713.00 ns, 14.6333 us/op

// BeforeActualRun
WorkloadActual   1: 65536 op, 954551721.00 ns, 14.5653 us/op
WorkloadActual   2: 65536 op, 940919489.00 ns, 14.3573 us/op
WorkloadActual   3: 65536 op, 946520040.00 ns, 14.4427 us/op

// AfterActualRun
WorkloadResult   1: 65536 op, 954445192.00 ns, 14.5637 us/op
WorkloadResult   2: 65536 op, 940812960.00 ns, 14.3557 us/op
WorkloadResult   3: 65536 op, 946413511.00 ns, 14.4411 us/op
// GC:  12 0 0 204253528 65536
// Threading:  250627 0 65536

// AfterAll
// Benchmark Process 4043 has exited with code 0.

Mean = 14.453 μs, StdErr = 0.060 μs (0.42%), N = 3, StdDev = 0.105 μs
Min = 14.356 μs, Q1 = 14.398 μs, Median = 14.441 μs, Q3 = 14.502 μs, Max = 14.564 μs
IQR = 0.104 μs, LowerFence = 14.242 μs, UpperFence = 14.658 μs
ConfidenceInterval = [12.546 μs; 16.361 μs] (CI 99.9%), Margin = 1.907 μs (13.20% of Mean)
Skewness = 0.12, Kurtosis = 0.67, MValue = 2

// ** Remained 4 (25.0 %) benchmark(s) to run. Estimated finish 2026-10-03 9:48 (0h 0m from now) **
// **************************
// Benchmark: ConcurrentReplicaSelectionBenchmarks.'Concurrent RoundRobin': ShortRun(IterationCount=3, LaunchCount=1, WarmupCount=3) [ThreadCount=1]
// *** Execute ***
// Launch: 1 / 1
// Execute: dotnet Encina.Benchmarks-ShortRun-1.dll --anonymousPipes 234 235 --benchmarkName "Encina.Benchmarks.ReadWriteSeparation.ConcurrentReplicaSelectionBenchmarks.Concurrent_RoundRobin(ThreadCount: 1)" --job ShortRun --benchmarkId 12 in /home/runner/work/Encina/Encina/tests/Encina.BenchmarkTests/Encina.Benchmarks/bin/Release/net10.0/Encina.Benchmarks-ShortRun-1/bin/Release/net10.0
// Failed to set up high priority (Permission denied). In order to run benchmarks with high priority, make sure you have the right permissions.
// BeforeAnythingElse

// Benchmark Process Environment Information:
// BenchmarkDotNet v0.15.8
// Runtime=.NET 10.0.12 (10.0.12, 10.0.1226.42308), X64 RyuJIT x86-64-v3
// GC=Concurrent Workstation
// HardwareIntrinsics=AVX2+BMI1+BMI2+F16C+FMA+LZCNT+MOVBE,AVX,SSE3+SSSE3+SSE4.1+SSE4.2+POPCNT,X86Base+SSE+SSE2,AES+PCLMUL VectorSize=256
// Job: ShortRun(IterationCount=3, LaunchCount=1, WarmupCount=3)

OverheadJitting  1: 1 op, 169495.00 ns, 169.4950 us/op
WorkloadJitting  1: 1 op, 7626595.00 ns, 7.6266 ms/op

OverheadJitting  2: 16 op, 192348.00 ns, 12.0218 us/op
WorkloadJitting  2: 16 op, 394786.00 ns, 24.6741 us/op

WorkloadPilot    1: 16 op, 164857.00 ns, 10.3036 us/op
WorkloadPilot    2: 32 op, 311490.00 ns, 9.7341 us/op
WorkloadPilot    3: 64 op, 636826.00 ns, 9.9504 us/op
WorkloadPilot    4: 128 op, 1276237.00 ns, 9.9706 us/op
WorkloadPilot    5: 256 op, 2410009.00 ns, 9.4141 us/op
WorkloadPilot    6: 512 op, 4908222.00 ns, 9.5864 us/op
WorkloadPilot    7: 1024 op, 9807026.00 ns, 9.5772 us/op
WorkloadPilot    8: 2048 op, 19623291.00 ns, 9.5817 us/op
WorkloadPilot    9: 4096 op, 38738345.00 ns, 9.4576 us/op
WorkloadPilot   10: 8192 op, 76001681.00 ns, 9.2775 us/op
WorkloadPilot   11: 16384 op, 146645292.00 ns, 8.9505 us/op
WorkloadPilot   12: 32768 op, 286953199.00 ns, 8.7571 us/op
WorkloadPilot   13: 65536 op, 569919964.00 ns, 8.6963 us/op

OverheadWarmup   1: 65536 op, 123961.00 ns, 1.8915 ns/op
OverheadWarmup   2: 65536 op, 128650.00 ns, 1.9630 ns/op
OverheadWarmup   3: 65536 op, 106538.00 ns, 1.6256 ns/op
OverheadWarmup   4: 65536 op, 106559.00 ns, 1.6260 ns/op
OverheadWarmup   5: 65536 op, 123440.00 ns, 1.8835 ns/op
OverheadWarmup   6: 65536 op, 106479.00 ns, 1.6247 ns/op

OverheadActual   1: 65536 op, 106498.00 ns, 1.6250 ns/op
OverheadActual   2: 65536 op, 106449.00 ns, 1.6243 ns/op
OverheadActual   3: 65536 op, 107249.00 ns, 1.6365 ns/op
OverheadActual   4: 65536 op, 153546.00 ns, 2.3429 ns/op
OverheadActual   5: 65536 op, 106518.00 ns, 1.6253 ns/op
OverheadActual   6: 65536 op, 106489.00 ns, 1.6249 ns/op
OverheadActual   7: 65536 op, 106539.00 ns, 1.6257 ns/op
OverheadActual   8: 65536 op, 106499.00 ns, 1.6250 ns/op
OverheadActual   9: 65536 op, 106458.00 ns, 1.6244 ns/op
OverheadActual  10: 65536 op, 106478.00 ns, 1.6247 ns/op
OverheadActual  11: 65536 op, 106488.00 ns, 1.6249 ns/op
OverheadActual  12: 65536 op, 137517.00 ns, 2.0983 ns/op
OverheadActual  13: 65536 op, 106508.00 ns, 1.6252 ns/op
OverheadActual  14: 65536 op, 106469.00 ns, 1.6246 ns/op
OverheadActual  15: 65536 op, 106589.00 ns, 1.6264 ns/op

WorkloadWarmup   1: 65536 op, 577257812.00 ns, 8.8083 us/op
WorkloadWarmup   2: 65536 op, 576497386.00 ns, 8.7967 us/op
WorkloadWarmup   3: 65536 op, 571456085.00 ns, 8.7197 us/op

// BeforeActualRun
WorkloadActual   1: 65536 op, 571157479.00 ns, 8.7152 us/op
WorkloadActual   2: 65536 op, 569330808.00 ns, 8.6873 us/op
WorkloadActual   3: 65536 op, 568565521.00 ns, 8.6756 us/op

// AfterActualRun
WorkloadResult   1: 65536 op, 571050980.00 ns, 8.7135 us/op
WorkloadResult   2: 65536 op, 569224309.00 ns, 8.6857 us/op
WorkloadResult   3: 65536 op, 568459022.00 ns, 8.6740 us/op
// GC:  5 0 0 98566144 65536
// Threading:  0 0 65536

// AfterAll
// Benchmark Process 4065 has exited with code 0.

Mean = 8.691 μs, StdErr = 0.012 μs (0.13%), N = 3, StdDev = 0.020 μs
Min = 8.674 μs, Q1 = 8.680 μs, Median = 8.686 μs, Q3 = 8.700 μs, Max = 8.714 μs
IQR = 0.020 μs, LowerFence = 8.650 μs, UpperFence = 8.729 μs
ConfidenceInterval = [8.320 μs; 9.062 μs] (CI 99.9%), Margin = 0.371 μs (4.27% of Mean)
Skewness = 0.25, Kurtosis = 0.67, MValue = 2

// ** Remained 3 (18.8 %) benchmark(s) to run. Estimated finish 2026-10-03 9:48 (0h 0m from now) **
// **************************
// Benchmark: ConcurrentReplicaSelectionBenchmarks.'Concurrent RoundRobin': ShortRun(IterationCount=3, LaunchCount=1, WarmupCount=3) [ThreadCount=4]
// *** Execute ***
// Launch: 1 / 1
// Execute: dotnet Encina.Benchmarks-ShortRun-1.dll --anonymousPipes 234 235 --benchmarkName "Encina.Benchmarks.ReadWriteSeparation.ConcurrentReplicaSelectionBenchmarks.Concurrent_RoundRobin(ThreadCount: 4)" --job ShortRun --benchmarkId 13 in /home/runner/work/Encina/Encina/tests/Encina.BenchmarkTests/Encina.Benchmarks/bin/Release/net10.0/Encina.Benchmarks-ShortRun-1/bin/Release/net10.0
// Failed to set up high priority (Permission denied). In order to run benchmarks with high priority, make sure you have the right permissions.
// BeforeAnythingElse

// Benchmark Process Environment Information:
// BenchmarkDotNet v0.15.8
// Runtime=.NET 10.0.12 (10.0.12, 10.0.1226.42308), X64 RyuJIT x86-64-v3
// GC=Concurrent Workstation
// HardwareIntrinsics=AVX2+BMI1+BMI2+F16C+FMA+LZCNT+MOVBE,AVX,SSE3+SSSE3+SSE4.1+SSE4.2+POPCNT,X86Base+SSE+SSE2,AES+PCLMUL VectorSize=256
// Job: ShortRun(IterationCount=3, LaunchCount=1, WarmupCount=3)

OverheadJitting  1: 1 op, 187900.00 ns, 187.9000 us/op
WorkloadJitting  1: 1 op, 9109628.00 ns, 9.1096 ms/op

OverheadJitting  2: 16 op, 178232.00 ns, 11.1395 us/op
WorkloadJitting  2: 16 op, 700224.00 ns, 43.7640 us/op

WorkloadPilot    1: 16 op, 723318.00 ns, 45.2074 us/op
WorkloadPilot    2: 32 op, 1125567.00 ns, 35.1740 us/op
WorkloadPilot    3: 64 op, 2273154.00 ns, 35.5180 us/op
WorkloadPilot    4: 128 op, 4690086.00 ns, 36.6413 us/op
WorkloadPilot    5: 256 op, 8988732.00 ns, 35.1122 us/op
WorkloadPilot    6: 512 op, 18257055.00 ns, 35.6583 us/op
WorkloadPilot    7: 1024 op, 36516566.00 ns, 35.6607 us/op
WorkloadPilot    8: 2048 op, 72044985.00 ns, 35.1782 us/op
WorkloadPilot    9: 4096 op, 144445384.00 ns, 35.2650 us/op
WorkloadPilot   10: 8192 op, 290179887.00 ns, 35.4223 us/op
WorkloadPilot   11: 16384 op, 565496429.00 ns, 34.5152 us/op

OverheadWarmup   1: 16384 op, 27280.00 ns, 1.6650 ns/op
OverheadWarmup   2: 16384 op, 26900.00 ns, 1.6418 ns/op
OverheadWarmup   3: 16384 op, 26910.00 ns, 1.6425 ns/op
OverheadWarmup   4: 16384 op, 26880.00 ns, 1.6406 ns/op
OverheadWarmup   5: 16384 op, 26861.00 ns, 1.6395 ns/op
OverheadWarmup   6: 16384 op, 26871.00 ns, 1.6401 ns/op
OverheadWarmup   7: 16384 op, 26930.00 ns, 1.6437 ns/op
OverheadWarmup   8: 16384 op, 26911.00 ns, 1.6425 ns/op

OverheadActual   1: 16384 op, 26980.00 ns, 1.6467 ns/op
OverheadActual   2: 16384 op, 26920.00 ns, 1.6431 ns/op
OverheadActual   3: 16384 op, 51045.00 ns, 3.1155 ns/op
OverheadActual   4: 16384 op, 26991.00 ns, 1.6474 ns/op
OverheadActual   5: 16384 op, 26900.00 ns, 1.6418 ns/op
OverheadActual   6: 16384 op, 26930.00 ns, 1.6437 ns/op
OverheadActual   7: 16384 op, 26900.00 ns, 1.6418 ns/op
OverheadActual   8: 16384 op, 26870.00 ns, 1.6400 ns/op
OverheadActual   9: 16384 op, 26940.00 ns, 1.6443 ns/op
OverheadActual  10: 16384 op, 26890.00 ns, 1.6412 ns/op
OverheadActual  11: 16384 op, 26900.00 ns, 1.6418 ns/op
OverheadActual  12: 16384 op, 26890.00 ns, 1.6412 ns/op
OverheadActual  13: 16384 op, 26920.00 ns, 1.6431 ns/op
OverheadActual  14: 16384 op, 26940.00 ns, 1.6443 ns/op
OverheadActual  15: 16384 op, 26900.00 ns, 1.6418 ns/op

WorkloadWarmup   1: 16384 op, 571061250.00 ns, 34.8548 us/op
WorkloadWarmup   2: 16384 op, 575267414.00 ns, 35.1115 us/op
WorkloadWarmup   3: 16384 op, 561473753.00 ns, 34.2696 us/op

// BeforeActualRun
WorkloadActual   1: 16384 op, 561424207.00 ns, 34.2666 us/op
WorkloadActual   2: 16384 op, 565334824.00 ns, 34.5053 us/op
WorkloadActual   3: 16384 op, 566650979.00 ns, 34.5856 us/op

// AfterActualRun
WorkloadResult   1: 16384 op, 561397287.00 ns, 34.2650 us/op
WorkloadResult   2: 16384 op, 565307904.00 ns, 34.5037 us/op
WorkloadResult   3: 16384 op, 566624059.00 ns, 34.5840 us/op
// GC:  2 0 0 34340824 16384
// Threading:  49134 0 16384

// AfterAll
// Benchmark Process 4072 has exited with code 0.

Mean = 34.451 μs, StdErr = 0.096 μs (0.28%), N = 3, StdDev = 0.166 μs
Min = 34.265 μs, Q1 = 34.384 μs, Median = 34.504 μs, Q3 = 34.544 μs, Max = 34.584 μs
IQR = 0.160 μs, LowerFence = 34.145 μs, UpperFence = 34.783 μs
ConfidenceInterval = [31.424 μs; 37.478 μs] (CI 99.9%), Margin = 3.027 μs (8.79% of Mean)
Skewness = -0.29, Kurtosis = 0.67, MValue = 2

// ** Remained 2 (12.5 %) benchmark(s) to run. Estimated finish 2026-10-03 9:47 (0h 0m from now) **
// **************************
// Benchmark: ConcurrentReplicaSelectionBenchmarks.'Concurrent RoundRobin': ShortRun(IterationCount=3, LaunchCount=1, WarmupCount=3) [ThreadCount=8]
// *** Execute ***
// Launch: 1 / 1
// Execute: dotnet Encina.Benchmarks-ShortRun-1.dll --anonymousPipes 234 235 --benchmarkName "Encina.Benchmarks.ReadWriteSeparation.ConcurrentReplicaSelectionBenchmarks.Concurrent_RoundRobin(ThreadCount: 8)" --job ShortRun --benchmarkId 14 in /home/runner/work/Encina/Encina/tests/Encina.BenchmarkTests/Encina.Benchmarks/bin/Release/net10.0/Encina.Benchmarks-ShortRun-1/bin/Release/net10.0
// Failed to set up high priority (Permission denied). In order to run benchmarks with high priority, make sure you have the right permissions.
// BeforeAnythingElse

// Benchmark Process Environment Information:
// BenchmarkDotNet v0.15.8
// Runtime=.NET 10.0.12 (10.0.12, 10.0.1226.42308), X64 RyuJIT x86-64-v3
// GC=Concurrent Workstation
// HardwareIntrinsics=AVX2+BMI1+BMI2+F16C+FMA+LZCNT+MOVBE,AVX,SSE3+SSSE3+SSE4.1+SSE4.2+POPCNT,X86Base+SSE+SSE2,AES+PCLMUL VectorSize=256
// Job: ShortRun(IterationCount=3, LaunchCount=1, WarmupCount=3)

OverheadJitting  1: 1 op, 186678.00 ns, 186.6780 us/op
WorkloadJitting  1: 1 op, 9262071.00 ns, 9.2621 ms/op

OverheadJitting  2: 16 op, 189332.00 ns, 11.8333 us/op
WorkloadJitting  2: 16 op, 624604.00 ns, 39.0378 us/op

WorkloadPilot    1: 16 op, 389055.00 ns, 24.3159 us/op
WorkloadPilot    2: 32 op, 722365.00 ns, 22.5739 us/op
WorkloadPilot    3: 64 op, 1428941.00 ns, 22.3272 us/op
WorkloadPilot    4: 128 op, 5396651.00 ns, 42.1613 us/op
WorkloadPilot    5: 256 op, 10880396.00 ns, 42.5015 us/op
WorkloadPilot    6: 512 op, 21879773.00 ns, 42.7339 us/op
WorkloadPilot    7: 1024 op, 43934983.00 ns, 42.9053 us/op
WorkloadPilot    8: 2048 op, 87569237.00 ns, 42.7584 us/op
WorkloadPilot    9: 4096 op, 173325790.00 ns, 42.3159 us/op
WorkloadPilot   10: 8192 op, 346478892.00 ns, 42.2948 us/op
WorkloadPilot   11: 16384 op, 684010640.00 ns, 41.7487 us/op

OverheadWarmup   1: 16384 op, 27291.00 ns, 1.6657 ns/op
OverheadWarmup   2: 16384 op, 27081.00 ns, 1.6529 ns/op
OverheadWarmup   3: 16384 op, 26980.00 ns, 1.6467 ns/op
OverheadWarmup   4: 16384 op, 26891.00 ns, 1.6413 ns/op
OverheadWarmup   5: 16384 op, 26840.00 ns, 1.6382 ns/op
OverheadWarmup   6: 16384 op, 26920.00 ns, 1.6431 ns/op
OverheadWarmup   7: 16384 op, 26890.00 ns, 1.6412 ns/op
OverheadWarmup   8: 16384 op, 48550.00 ns, 2.9633 ns/op
OverheadWarmup   9: 16384 op, 26860.00 ns, 1.6394 ns/op

OverheadActual   1: 16384 op, 26900.00 ns, 1.6418 ns/op
OverheadActual   2: 16384 op, 26980.00 ns, 1.6467 ns/op
OverheadActual   3: 16384 op, 26920.00 ns, 1.6431 ns/op
OverheadActual   4: 16384 op, 26899.00 ns, 1.6418 ns/op
OverheadActual   5: 16384 op, 26900.00 ns, 1.6418 ns/op
OverheadActual   6: 16384 op, 26880.00 ns, 1.6406 ns/op
OverheadActual   7: 16384 op, 26870.00 ns, 1.6400 ns/op
OverheadActual   8: 16384 op, 26890.00 ns, 1.6412 ns/op
OverheadActual   9: 16384 op, 26860.00 ns, 1.6394 ns/op
OverheadActual  10: 16384 op, 26990.00 ns, 1.6473 ns/op
OverheadActual  11: 16384 op, 26850.00 ns, 1.6388 ns/op
OverheadActual  12: 16384 op, 27121.00 ns, 1.6553 ns/op
OverheadActual  13: 16384 op, 26890.00 ns, 1.6412 ns/op
OverheadActual  14: 16384 op, 26850.00 ns, 1.6388 ns/op
OverheadActual  15: 16384 op, 26880.00 ns, 1.6406 ns/op

WorkloadWarmup   1: 16384 op, 690435928.00 ns, 42.1409 us/op
WorkloadWarmup   2: 16384 op, 690443378.00 ns, 42.1413 us/op
WorkloadWarmup   3: 16384 op, 681430738.00 ns, 41.5912 us/op

// BeforeActualRun
WorkloadActual   1: 16384 op, 685922867.00 ns, 41.8654 us/op
WorkloadActual   2: 16384 op, 686559193.00 ns, 41.9042 us/op
WorkloadActual   3: 16384 op, 678221327.00 ns, 41.3953 us/op

// AfterActualRun
WorkloadResult   1: 16384 op, 685895977.00 ns, 41.8638 us/op
WorkloadResult   2: 16384 op, 686532303.00 ns, 41.9026 us/op
WorkloadResult   3: 16384 op, 678194437.00 ns, 41.3937 us/op
// GC:  2 0 0 40671112 16384
// Threading:  65135 0 16384

// AfterAll
// Benchmark Process 4088 has exited with code 0.

Mean = 41.720 μs, StdErr = 0.164 μs (0.39%), N = 3, StdDev = 0.283 μs
Min = 41.394 μs, Q1 = 41.629 μs, Median = 41.864 μs, Q3 = 41.883 μs, Max = 41.903 μs
IQR = 0.254 μs, LowerFence = 41.247 μs, UpperFence = 42.265 μs
ConfidenceInterval = [36.552 μs; 46.888 μs] (CI 99.9%), Margin = 5.168 μs (12.39% of Mean)
Skewness = -0.38, Kurtosis = 0.67, MValue = 2

// ** Remained 1 (6.2 %) benchmark(s) to run. Estimated finish 2026-10-03 9:47 (0h 0m from now) **
// **************************
// Benchmark: ConcurrentReplicaSelectionBenchmarks.'Concurrent RoundRobin': ShortRun(IterationCount=3, LaunchCount=1, WarmupCount=3) [ThreadCount=16]
// *** Execute ***
// Launch: 1 / 1
// Execute: dotnet Encina.Benchmarks-ShortRun-1.dll --anonymousPipes 234 235 --benchmarkName "Encina.Benchmarks.ReadWriteSeparation.ConcurrentReplicaSelectionBenchmarks.Concurrent_RoundRobin(ThreadCount: 16)" --job ShortRun --benchmarkId 15 in /home/runner/work/Encina/Encina/tests/Encina.BenchmarkTests/Encina.Benchmarks/bin/Release/net10.0/Encina.Benchmarks-ShortRun-1/bin/Release/net10.0
// Failed to set up high priority (Permission denied). In order to run benchmarks with high priority, make sure you have the right permissions.
// BeforeAnythingElse

// Benchmark Process Environment Information:
// BenchmarkDotNet v0.15.8
// Runtime=.NET 10.0.12 (10.0.12, 10.0.1226.42308), X64 RyuJIT x86-64-v3
// GC=Concurrent Workstation
// HardwareIntrinsics=AVX2+BMI1+BMI2+F16C+FMA+LZCNT+MOVBE,AVX,SSE3+SSSE3+SSE4.1+SSE4.2+POPCNT,X86Base+SSE+SSE2,AES+PCLMUL VectorSize=256
// Job: ShortRun(IterationCount=3, LaunchCount=1, WarmupCount=3)

OverheadJitting  1: 1 op, 164778.00 ns, 164.7780 us/op
WorkloadJitting  1: 1 op, 9402353.00 ns, 9.4024 ms/op

OverheadJitting  2: 16 op, 179194.00 ns, 11.1996 us/op
WorkloadJitting  2: 16 op, 673705.00 ns, 42.1066 us/op

WorkloadPilot    1: 16 op, 531250.00 ns, 33.2031 us/op
WorkloadPilot    2: 32 op, 778530.00 ns, 24.3291 us/op
WorkloadPilot    3: 64 op, 2465493.00 ns, 38.5233 us/op
WorkloadPilot    4: 128 op, 5431677.00 ns, 42.4350 us/op
WorkloadPilot    5: 256 op, 10843056.00 ns, 42.3557 us/op
WorkloadPilot    6: 512 op, 21886967.00 ns, 42.7480 us/op
WorkloadPilot    7: 1024 op, 43863019.00 ns, 42.8350 us/op
WorkloadPilot    8: 2048 op, 88863947.00 ns, 43.3906 us/op
WorkloadPilot    9: 4096 op, 177164877.00 ns, 43.2531 us/op
WorkloadPilot   10: 8192 op, 347405845.00 ns, 42.4079 us/op
WorkloadPilot   11: 16384 op, 690600097.00 ns, 42.1509 us/op

OverheadWarmup   1: 16384 op, 27211.00 ns, 1.6608 ns/op
OverheadWarmup   2: 16384 op, 26920.00 ns, 1.6431 ns/op
OverheadWarmup   3: 16384 op, 26950.00 ns, 1.6449 ns/op
OverheadWarmup   4: 16384 op, 26930.00 ns, 1.6437 ns/op
OverheadWarmup   5: 16384 op, 26960.00 ns, 1.6455 ns/op
OverheadWarmup   6: 16384 op, 26900.00 ns, 1.6418 ns/op

OverheadActual   1: 16384 op, 27030.00 ns, 1.6498 ns/op
OverheadActual   2: 16384 op, 26970.00 ns, 1.6461 ns/op
OverheadActual   3: 16384 op, 27010.00 ns, 1.6486 ns/op
OverheadActual   4: 16384 op, 26980.00 ns, 1.6467 ns/op
OverheadActual   5: 16384 op, 27001.00 ns, 1.6480 ns/op
OverheadActual   6: 16384 op, 26991.00 ns, 1.6474 ns/op
OverheadActual   7: 16384 op, 26890.00 ns, 1.6412 ns/op
OverheadActual   8: 16384 op, 26950.00 ns, 1.6449 ns/op
OverheadActual   9: 16384 op, 26860.00 ns, 1.6394 ns/op
OverheadActual  10: 16384 op, 26940.00 ns, 1.6443 ns/op
OverheadActual  11: 16384 op, 26970.00 ns, 1.6461 ns/op
OverheadActual  12: 16384 op, 26871.00 ns, 1.6401 ns/op
OverheadActual  13: 16384 op, 26980.00 ns, 1.6467 ns/op
OverheadActual  14: 16384 op, 26960.00 ns, 1.6455 ns/op
OverheadActual  15: 16384 op, 26980.00 ns, 1.6467 ns/op

WorkloadWarmup   1: 16384 op, 696975372.00 ns, 42.5400 us/op
WorkloadWarmup   2: 16384 op, 700418185.00 ns, 42.7501 us/op
WorkloadWarmup   3: 16384 op, 695437126.00 ns, 42.4461 us/op

// BeforeActualRun
WorkloadActual   1: 16384 op, 692320270.00 ns, 42.2559 us/op
WorkloadActual   2: 16384 op, 691842821.00 ns, 42.2267 us/op
WorkloadActual   3: 16384 op, 690902361.00 ns, 42.1693 us/op

// AfterActualRun
WorkloadResult   1: 16384 op, 692293300.00 ns, 42.2542 us/op
WorkloadResult   2: 16384 op, 691815851.00 ns, 42.2251 us/op
WorkloadResult   3: 16384 op, 690875391.00 ns, 42.1677 us/op
// GC:  2 0 0 49221432 16384
// Threading:  64832 0 16384

// AfterAll
// Benchmark Process 4102 has exited with code 0.

Mean = 42.216 μs, StdErr = 0.025 μs (0.06%), N = 3, StdDev = 0.044 μs
Min = 42.168 μs, Q1 = 42.196 μs, Median = 42.225 μs, Q3 = 42.240 μs, Max = 42.254 μs
IQR = 0.043 μs, LowerFence = 42.131 μs, UpperFence = 42.305 μs
ConfidenceInterval = [41.412 μs; 43.019 μs] (CI 99.9%), Margin = 0.803 μs (1.90% of Mean)
Skewness = -0.2, Kurtosis = 0.67, MValue = 2

// ** Remained 0 (0.0 %) benchmark(s) to run. Estimated finish 2026-10-03 9:47 (0h 0m from now) **
// ***** BenchmarkRunner: Finish  *****

// * Export *
  artifacts/performance/Core/results/Encina.Benchmarks.ReadWriteSeparation.ConcurrentReplicaSelectionBenchmarks-report.csv
  artifacts/performance/Core/results/Encina.Benchmarks.ReadWriteSeparation.ConcurrentReplicaSelectionBenchmarks-report-github.md
  artifacts/performance/Core/results/Encina.Benchmarks.ReadWriteSeparation.ConcurrentReplicaSelectionBenchmarks-report.html
  artifacts/performance/Core/results/Encina.Benchmarks.ReadWriteSeparation.ConcurrentReplicaSelectionBenchmarks-report-full-compressed.json

// * Detailed results *
ConcurrentReplicaSelectionBenchmarks.'Concurrent LeastConnections (lease)': ShortRun(IterationCount=3, LaunchCount=1, WarmupCount=3) [ThreadCount=1]
Runtime = .NET 10.0.12 (10.0.12, 10.0.1226.42308), X64 RyuJIT x86-64-v3; GC = Concurrent Workstation
Mean = 301.447 μs, StdErr = 0.793 μs (0.26%), N = 3, StdDev = 1.374 μs
Min = 300.563 μs, Q1 = 300.656 μs, Median = 300.749 μs, Q3 = 301.889 μs, Max = 303.030 μs
IQR = 1.234 μs, LowerFence = 298.805 μs, UpperFence = 303.740 μs
ConfidenceInterval = [276.385 μs; 326.509 μs] (CI 99.9%), Margin = 25.062 μs (8.31% of Mean)
Skewness = 0.38, Kurtosis = 0.67, MValue = 2
-------------------- Histogram --------------------
[300.546 μs ; 303.046 μs) | @@@
---------------------------------------------------

ConcurrentReplicaSelectionBenchmarks.'Concurrent LeastConnections': ShortRun(IterationCount=3, LaunchCount=1, WarmupCount=3) [ThreadCount=1]
Runtime = .NET 10.0.12 (10.0.12, 10.0.1226.42308), X64 RyuJIT x86-64-v3; GC = Concurrent Workstation
Mean = 253.366 μs, StdErr = 0.913 μs (0.36%), N = 3, StdDev = 1.582 μs
Min = 252.356 μs, Q1 = 252.454 μs, Median = 252.553 μs, Q3 = 253.871 μs, Max = 255.188 μs
IQR = 1.416 μs, LowerFence = 250.330 μs, UpperFence = 255.995 μs
ConfidenceInterval = [224.511 μs; 282.220 μs] (CI 99.9%), Margin = 28.854 μs (11.39% of Mean)
Skewness = 0.38, Kurtosis = 0.67, MValue = 2
-------------------- Histogram --------------------
[252.333 μs ; 255.212 μs) | @@@
---------------------------------------------------

ConcurrentReplicaSelectionBenchmarks.'Concurrent Random': ShortRun(IterationCount=3, LaunchCount=1, WarmupCount=3) [ThreadCount=1]
Runtime = .NET 10.0.12 (10.0.12, 10.0.1226.42308), X64 RyuJIT x86-64-v3; GC = Concurrent Workstation
Mean = 15.847 μs, StdErr = 0.021 μs (0.13%), N = 3, StdDev = 0.036 μs
Min = 15.806 μs, Q1 = 15.836 μs, Median = 15.867 μs, Q3 = 15.868 μs, Max = 15.869 μs
IQR = 0.031 μs, LowerFence = 15.789 μs, UpperFence = 15.915 μs
ConfidenceInterval = [15.194 μs; 16.500 μs] (CI 99.9%), Margin = 0.653 μs (4.12% of Mean)
Skewness = -0.38, Kurtosis = 0.67, MValue = 2
-------------------- Histogram --------------------
[15.805 μs ; 15.870 μs) | @@@
---------------------------------------------------

ConcurrentReplicaSelectionBenchmarks.'Concurrent RoundRobin': ShortRun(IterationCount=3, LaunchCount=1, WarmupCount=3) [ThreadCount=1]
Runtime = .NET 10.0.12 (10.0.12, 10.0.1226.42308), X64 RyuJIT x86-64-v3; GC = Concurrent Workstation
Mean = 8.691 μs, StdErr = 0.012 μs (0.13%), N = 3, StdDev = 0.020 μs
Min = 8.674 μs, Q1 = 8.680 μs, Median = 8.686 μs, Q3 = 8.700 μs, Max = 8.714 μs
IQR = 0.020 μs, LowerFence = 8.650 μs, UpperFence = 8.729 μs
ConfidenceInterval = [8.320 μs; 9.062 μs] (CI 99.9%), Margin = 0.371 μs (4.27% of Mean)
Skewness = 0.25, Kurtosis = 0.67, MValue = 2
-------------------- Histogram --------------------
[8.656 μs ; 8.732 μs) | @@@
---------------------------------------------------

ConcurrentReplicaSelectionBenchmarks.'Concurrent LeastConnections (lease)': ShortRun(IterationCount=3, LaunchCount=1, WarmupCount=3) [ThreadCount=4]
Runtime = .NET 10.0.12 (10.0.12, 10.0.1226.42308), X64 RyuJIT x86-64-v3; GC = Concurrent Workstation
Mean = 518.885 μs, StdErr = 1.186 μs (0.23%), N = 3, StdDev = 2.054 μs
Min = 516.690 μs, Q1 = 517.946 μs, Median = 519.203 μs, Q3 = 519.982 μs, Max = 520.762 μs
IQR = 2.036 μs, LowerFence = 514.893 μs, UpperFence = 523.036 μs
ConfidenceInterval = [481.404 μs; 556.366 μs] (CI 99.9%), Margin = 37.481 μs (7.22% of Mean)
Skewness = -0.15, Kurtosis = 0.67, MValue = 2
-------------------- Histogram --------------------
[514.821 μs ; 522.632 μs) | @@@
---------------------------------------------------

ConcurrentReplicaSelectionBenchmarks.'Concurrent LeastConnections': ShortRun(IterationCount=3, LaunchCount=1, WarmupCount=3) [ThreadCount=4]
Runtime = .NET 10.0.12 (10.0.12, 10.0.1226.42308), X64 RyuJIT x86-64-v3; GC = Concurrent Workstation
Mean = 476.192 μs, StdErr = 1.562 μs (0.33%), N = 3, StdDev = 2.706 μs
Min = 473.645 μs, Q1 = 474.771 μs, Median = 475.897 μs, Q3 = 477.465 μs, Max = 479.033 μs
IQR = 2.694 μs, LowerFence = 470.730 μs, UpperFence = 481.506 μs
ConfidenceInterval = [426.825 μs; 525.558 μs] (CI 99.9%), Margin = 49.367 μs (10.37% of Mean)
Skewness = 0.11, Kurtosis = 0.67, MValue = 2
-------------------- Histogram --------------------
[471.183 μs ; 479.519 μs) | @@@
---------------------------------------------------

ConcurrentReplicaSelectionBenchmarks.'Concurrent Random': ShortRun(IterationCount=3, LaunchCount=1, WarmupCount=3) [ThreadCount=4]
Runtime = .NET 10.0.12 (10.0.12, 10.0.1226.42308), X64 RyuJIT x86-64-v3; GC = Concurrent Workstation
Mean = 12.415 μs, StdErr = 0.041 μs (0.33%), N = 3, StdDev = 0.070 μs
Min = 12.335 μs, Q1 = 12.388 μs, Median = 12.442 μs, Q3 = 12.454 μs, Max = 12.467 μs
IQR = 0.066 μs, LowerFence = 12.289 μs, UpperFence = 12.554 μs
ConfidenceInterval = [11.135 μs; 13.695 μs] (CI 99.9%), Margin = 1.280 μs (10.31% of Mean)
Skewness = -0.33, Kurtosis = 0.67, MValue = 2
-------------------- Histogram --------------------
[12.330 μs ; 12.531 μs) | @@@
---------------------------------------------------

ConcurrentReplicaSelectionBenchmarks.'Concurrent RoundRobin': ShortRun(IterationCount=3, LaunchCount=1, WarmupCount=3) [ThreadCount=4]
Runtime = .NET 10.0.12 (10.0.12, 10.0.1226.42308), X64 RyuJIT x86-64-v3; GC = Concurrent Workstation
Mean = 34.451 μs, StdErr = 0.096 μs (0.28%), N = 3, StdDev = 0.166 μs
Min = 34.265 μs, Q1 = 34.384 μs, Median = 34.504 μs, Q3 = 34.544 μs, Max = 34.584 μs
IQR = 0.160 μs, LowerFence = 34.145 μs, UpperFence = 34.783 μs
ConfidenceInterval = [31.424 μs; 37.478 μs] (CI 99.9%), Margin = 3.027 μs (8.79% of Mean)
Skewness = -0.29, Kurtosis = 0.67, MValue = 2
-------------------- Histogram --------------------
[34.114 μs ; 34.735 μs) | @@@
---------------------------------------------------

ConcurrentReplicaSelectionBenchmarks.'Concurrent LeastConnections (lease)': ShortRun(IterationCount=3, LaunchCount=1, WarmupCount=3) [ThreadCount=8]
Runtime = .NET 10.0.12 (10.0.12, 10.0.1226.42308), X64 RyuJIT x86-64-v3; GC = Concurrent Workstation
Mean = 538.657 μs, StdErr = 4.380 μs (0.81%), N = 3, StdDev = 7.586 μs
Min = 530.154 μs, Q1 = 535.620 μs, Median = 541.087 μs, Q3 = 542.908 μs, Max = 544.729 μs
IQR = 7.288 μs, LowerFence = 524.689 μs, UpperFence = 553.840 μs
ConfidenceInterval = [400.265 μs; 677.049 μs] (CI 99.9%), Margin = 138.392 μs (25.69% of Mean)
Skewness = -0.29, Kurtosis = 0.67, MValue = 2
-------------------- Histogram --------------------
[523.250 μs ; 536.005 μs) | @
[536.005 μs ; 551.633 μs) | @@
---------------------------------------------------

ConcurrentReplicaSelectionBenchmarks.'Concurrent LeastConnections': ShortRun(IterationCount=3, LaunchCount=1, WarmupCount=3) [ThreadCount=8]
Runtime = .NET 10.0.12 (10.0.12, 10.0.1226.42308), X64 RyuJIT x86-64-v3; GC = Concurrent Workstation
Mean = 487.919 μs, StdErr = 0.636 μs (0.13%), N = 3, StdDev = 1.102 μs
Min = 487.091 μs, Q1 = 487.294 μs, Median = 487.497 μs, Q3 = 488.333 μs, Max = 489.170 μs
IQR = 1.039 μs, LowerFence = 485.735 μs, UpperFence = 489.892 μs
ConfidenceInterval = [467.817 μs; 508.022 μs] (CI 99.9%), Margin = 20.103 μs (4.12% of Mean)
Skewness = 0.33, Kurtosis = 0.67, MValue = 2
-------------------- Histogram --------------------
[486.089 μs ; 490.173 μs) | @@@
---------------------------------------------------

ConcurrentReplicaSelectionBenchmarks.'Concurrent Random': ShortRun(IterationCount=3, LaunchCount=1, WarmupCount=3) [ThreadCount=8]
Runtime = .NET 10.0.12 (10.0.12, 10.0.1226.42308), X64 RyuJIT x86-64-v3; GC = Concurrent Workstation
Mean = 13.269 μs, StdErr = 0.056 μs (0.42%), N = 3, StdDev = 0.097 μs
Min = 13.204 μs, Q1 = 13.213 μs, Median = 13.223 μs, Q3 = 13.301 μs, Max = 13.380 μs
IQR = 0.088 μs, LowerFence = 13.081 μs, UpperFence = 13.433 μs
ConfidenceInterval = [11.503 μs; 15.035 μs] (CI 99.9%), Margin = 1.766 μs (13.31% of Mean)
Skewness = 0.37, Kurtosis = 0.67, MValue = 2
-------------------- Histogram --------------------
[13.204 μs ; 13.380 μs) | @@@
---------------------------------------------------

ConcurrentReplicaSelectionBenchmarks.'Concurrent RoundRobin': ShortRun(IterationCount=3, LaunchCount=1, WarmupCount=3) [ThreadCount=8]
Runtime = .NET 10.0.12 (10.0.12, 10.0.1226.42308), X64 RyuJIT x86-64-v3; GC = Concurrent Workstation
Mean = 41.720 μs, StdErr = 0.164 μs (0.39%), N = 3, StdDev = 0.283 μs
Min = 41.394 μs, Q1 = 41.629 μs, Median = 41.864 μs, Q3 = 41.883 μs, Max = 41.903 μs
IQR = 0.254 μs, LowerFence = 41.247 μs, UpperFence = 42.265 μs
ConfidenceInterval = [36.552 μs; 46.888 μs] (CI 99.9%), Margin = 5.168 μs (12.39% of Mean)
Skewness = -0.38, Kurtosis = 0.67, MValue = 2
-------------------- Histogram --------------------
[41.390 μs ; 41.906 μs) | @@@
---------------------------------------------------

ConcurrentReplicaSelectionBenchmarks.'Concurrent LeastConnections (lease)': ShortRun(IterationCount=3, LaunchCount=1, WarmupCount=3) [ThreadCount=16]
Runtime = .NET 10.0.12 (10.0.12, 10.0.1226.42308), X64 RyuJIT x86-64-v3; GC = Concurrent Workstation
Mean = 560.850 μs, StdErr = 4.762 μs (0.85%), N = 3, StdDev = 8.248 μs
Min = 551.508 μs, Q1 = 557.712 μs, Median = 563.915 μs, Q3 = 565.521 μs, Max = 567.127 μs
IQR = 7.810 μs, LowerFence = 545.997 μs, UpperFence = 577.236 μs
ConfidenceInterval = [410.368 μs; 711.332 μs] (CI 99.9%), Margin = 150.482 μs (26.83% of Mean)
Skewness = -0.32, Kurtosis = 0.67, MValue = 2
-------------------- Histogram --------------------
[544.002 μs ; 558.015 μs) | @
[558.015 μs ; 574.634 μs) | @@
---------------------------------------------------

ConcurrentReplicaSelectionBenchmarks.'Concurrent LeastConnections': ShortRun(IterationCount=3, LaunchCount=1, WarmupCount=3) [ThreadCount=16]
Runtime = .NET 10.0.12 (10.0.12, 10.0.1226.42308), X64 RyuJIT x86-64-v3; GC = Concurrent Workstation
Mean = 530.212 μs, StdErr = 4.818 μs (0.91%), N = 3, StdDev = 8.345 μs
Min = 521.580 μs, Q1 = 526.199 μs, Median = 530.819 μs, Q3 = 534.528 μs, Max = 538.237 μs
IQR = 8.329 μs, LowerFence = 513.707 μs, UpperFence = 547.021 μs
ConfidenceInterval = [377.967 μs; 682.457 μs] (CI 99.9%), Margin = 152.245 μs (28.71% of Mean)
Skewness = -0.07, Kurtosis = 0.67, MValue = 2
-------------------- Histogram --------------------
[513.986 μs ; 526.934 μs) | @
[526.934 μs ; 542.122 μs) | @@
---------------------------------------------------

ConcurrentReplicaSelectionBenchmarks.'Concurrent Random': ShortRun(IterationCount=3, LaunchCount=1, WarmupCount=3) [ThreadCount=16]
Runtime = .NET 10.0.12 (10.0.12, 10.0.1226.42308), X64 RyuJIT x86-64-v3; GC = Concurrent Workstation
Mean = 14.453 μs, StdErr = 0.060 μs (0.42%), N = 3, StdDev = 0.105 μs
Min = 14.356 μs, Q1 = 14.398 μs, Median = 14.441 μs, Q3 = 14.502 μs, Max = 14.564 μs
IQR = 0.104 μs, LowerFence = 14.242 μs, UpperFence = 14.658 μs
ConfidenceInterval = [12.546 μs; 16.361 μs] (CI 99.9%), Margin = 1.907 μs (13.20% of Mean)
Skewness = 0.12, Kurtosis = 0.67, MValue = 2
-------------------- Histogram --------------------
[14.261 μs ; 14.659 μs) | @@@
---------------------------------------------------

ConcurrentReplicaSelectionBenchmarks.'Concurrent RoundRobin': ShortRun(IterationCount=3, LaunchCount=1, WarmupCount=3) [ThreadCount=16]
Runtime = .NET 10.0.12 (10.0.12, 10.0.1226.42308), X64 RyuJIT x86-64-v3; GC = Concurrent Workstation
Mean = 42.216 μs, StdErr = 0.025 μs (0.06%), N = 3, StdDev = 0.044 μs
Min = 42.168 μs, Q1 = 42.196 μs, Median = 42.225 μs, Q3 = 42.240 μs, Max = 42.254 μs
IQR = 0.043 μs, LowerFence = 42.131 μs, UpperFence = 42.305 μs
ConfidenceInterval = [41.412 μs; 43.019 μs] (CI 99.9%), Margin = 0.803 μs (1.90% of Mean)
Skewness = -0.2, Kurtosis = 0.67, MValue = 2
-------------------- Histogram --------------------
[42.128 μs ; 42.294 μs) | @@@
---------------------------------------------------

// * Summary *

BenchmarkDotNet v0.15.8, Linux Ubuntu 24.04.5 LTS (Noble Numbat)
AMD EPYC 7763 2.45GHz, 1 CPU, 4 logical and 2 physical cores
.NET SDK 10.0.401
  [Host]   : .NET 10.0.12 (10.0.12, 10.0.1226.42308), X64 RyuJIT x86-64-v3
  ShortRun : .NET 10.0.12 (10.0.12, 10.0.1226.42308), X64 RyuJIT x86-64-v3

Job=ShortRun  IterationCount=3  LaunchCount=1  
WarmupCount=3  

| Method                                | ThreadCount | Mean       | Error       | StdDev    | Ratio | RatioSD | Completed Work Items | Lock Contentions | Gen0   | Allocated | Alloc Ratio |
|-------------------------------------- |------------ |-----------:|------------:|----------:|------:|--------:|---------------------:|-----------------:|-------:|----------:|------------:|
| 'Concurrent LeastConnections (lease)' | 1           | 301.447 μs |  25.0617 μs | 1.3737 μs | 34.68 |    0.15 |                    - |                - | 1.9531 |  32.72 KB |       22.28 |
| 'Concurrent LeastConnections'         | 1           | 253.366 μs |  28.8545 μs | 1.5816 μs | 29.15 |    0.17 |                    - |                - | 1.9531 |  32.72 KB |       22.28 |
| 'Concurrent Random'                   | 1           |  15.847 μs |   0.6528 μs | 0.0358 μs |  1.82 |    0.01 |                    - |                - | 0.0610 |   1.47 KB |        1.00 |
| 'Concurrent RoundRobin'               | 1           |   8.691 μs |   0.3707 μs | 0.0203 μs |  1.00 |    0.00 |                    - |                - | 0.0763 |   1.47 KB |        1.00 |
|                                       |             |            |             |           |       |         |                      |                  |        |           |             |
| 'Concurrent LeastConnections (lease)' | 4           | 518.885 μs |  37.4811 μs | 2.0545 μs | 15.06 |    0.08 |               3.0000 |           2.1182 | 1.9531 |  33.32 KB |       16.28 |
| 'Concurrent LeastConnections'         | 4           | 476.192 μs |  49.3666 μs | 2.7060 μs | 13.82 |    0.09 |               3.0000 |          10.2642 | 1.9531 |  33.32 KB |       16.28 |
| 'Concurrent Random'                   | 4           |  12.415 μs |   1.2800 μs | 0.0702 μs |  0.36 |    0.00 |               2.9992 |                - | 0.1221 |   2.05 KB |        1.00 |
| 'Concurrent RoundRobin'               | 4           |  34.451 μs |   3.0272 μs | 0.1659 μs |  1.00 |    0.01 |               2.9989 |                - | 0.1221 |   2.05 KB |        1.00 |
|                                       |             |            |             |           |       |         |                      |                  |        |           |             |
| 'Concurrent LeastConnections (lease)' | 8           | 538.657 μs | 138.3923 μs | 7.5857 μs | 12.91 |    0.17 |               5.5566 |           3.2100 | 1.9531 |  33.92 KB |       14.00 |
| 'Concurrent LeastConnections'         | 8           | 487.919 μs |  20.1027 μs | 1.1019 μs | 11.70 |    0.07 |               6.9463 |          12.2319 | 1.9531 |  34.15 KB |       14.09 |
| 'Concurrent Random'                   | 8           |  13.269 μs |   1.7657 μs | 0.0968 μs |  0.32 |    0.00 |               3.8962 |                - | 0.1373 |   2.43 KB |        1.00 |
| 'Concurrent RoundRobin'               | 8           |  41.720 μs |   5.1679 μs | 0.2833 μs |  1.00 |    0.01 |               3.9755 |                - | 0.1221 |   2.42 KB |        1.00 |
|                                       |             |            |             |           |       |         |                      |                  |        |           |             |
| 'Concurrent LeastConnections (lease)' | 16          | 560.850 μs | 150.4822 μs | 8.2484 μs | 13.29 |    0.17 |               6.1133 |           3.5898 | 1.9531 |   34.5 KB |       11.76 |
| 'Concurrent LeastConnections'         | 16          | 530.212 μs | 152.2452 μs | 8.3451 μs | 12.56 |    0.17 |              12.1396 |          16.7114 | 1.9531 |  35.45 KB |       12.09 |
| 'Concurrent Random'                   | 16          |  14.453 μs |   1.9075 μs | 0.1046 μs |  0.34 |    0.00 |               3.8243 |                - | 0.1831 |   3.04 KB |        1.04 |
| 'Concurrent RoundRobin'               | 16          |  42.216 μs |   0.8033 μs | 0.0440 μs |  1.00 |    0.00 |               3.9570 |                - | 0.1221 |   2.93 KB |        1.00 |
// * Config Issues *

// * Warnings *
Configuration
  Summary -> The exporter CsvExporter is already present in configuration. There may be unexpected results.
  Summary -> The exporter HtmlExporter is already present in configuration. There may be unexpected results.
  Summary -> The exporter MarkdownExporter-github is already present in configuration. There may be unexpected results.

// * Legends *
  ThreadCount          : Value of the 'ThreadCount' parameter
  Mean                 : Arithmetic mean of all measurements
  Error                : Half of 99.9% confidence interval
  StdDev               : Standard deviation of all measurements
  Ratio                : Mean of the ratio distribution ([Current]/[Baseline])
  RatioSD              : Standard deviation of the ratio distribution ([Current]/[Baseline])
  Completed Work Items : The number of work items that have been processed in ThreadPool (per single operation)
  Lock Contentions     : The number of times there was contention upon trying to take a Monitor's lock (per single operation)
  Gen0                 : GC Generation 0 collects per 1000 operations
  Allocated            : Allocated memory per single operation (managed only, inclusive, 1KB = 1024B)
  Alloc Ratio          : Allocated memory ratio distribution ([Current]/[Baseline])
  1 μs                 : 1 Microsecond (0.000001 sec)

// * Diagnostic Output - ThreadingDiagnoser *

// * Diagnostic Output - MemoryDiagnoser *


// ***** BenchmarkRunner: End *****
Run time: 00:01:48 (108.28 sec), executed benchmarks: 16

Global total time: 00:04:58 (298.18 sec), executed benchmarks: 16
// * Artifacts cleanup *
Artifacts cleanup is finished
