// Validating benchmarks:
// ***** BenchmarkRunner: Start   *****
// ***** Found 8 benchmark(s) in total *****
// ***** Building 1 exe(s) in Parallel: Start   *****
// start dotnet  restore --nodeReuse:false /p:UseSharedCompilation=false /p:Deterministic=true /p:Optimize=true /p:ArtifactsPath="/home/runner/work/Encina/Encina/tests/Encina.BenchmarkTests/Encina.IdGeneration.Benchmarks/bin/Release/net10.0/Encina.IdGeneration.Benchmarks-Job-YFEFPZ-1/" /p:OutDir="/home/runner/work/Encina/Encina/tests/Encina.BenchmarkTests/Encina.IdGeneration.Benchmarks/bin/Release/net10.0/Encina.IdGeneration.Benchmarks-Job-YFEFPZ-1/bin/Release/net10.0/" /p:OutputPath="/home/runner/work/Encina/Encina/tests/Encina.BenchmarkTests/Encina.IdGeneration.Benchmarks/bin/Release/net10.0/Encina.IdGeneration.Benchmarks-Job-YFEFPZ-1/bin/Release/net10.0/" /p:PublishDir="/home/runner/work/Encina/Encina/tests/Encina.BenchmarkTests/Encina.IdGeneration.Benchmarks/bin/Release/net10.0/Encina.IdGeneration.Benchmarks-Job-YFEFPZ-1/publish/" in /home/runner/work/Encina/Encina/tests/Encina.BenchmarkTests/Encina.IdGeneration.Benchmarks/bin/Release/net10.0/Encina.IdGeneration.Benchmarks-Job-YFEFPZ-1
// command took 2.7 sec and exited with 0
// start dotnet  build -c Release --no-restore --nodeReuse:false /p:UseSharedCompilation=false /p:Deterministic=true /p:Optimize=true /p:ArtifactsPath="/home/runner/work/Encina/Encina/tests/Encina.BenchmarkTests/Encina.IdGeneration.Benchmarks/bin/Release/net10.0/Encina.IdGeneration.Benchmarks-Job-YFEFPZ-1/" /p:OutDir="/home/runner/work/Encina/Encina/tests/Encina.BenchmarkTests/Encina.IdGeneration.Benchmarks/bin/Release/net10.0/Encina.IdGeneration.Benchmarks-Job-YFEFPZ-1/bin/Release/net10.0/" /p:OutputPath="/home/runner/work/Encina/Encina/tests/Encina.BenchmarkTests/Encina.IdGeneration.Benchmarks/bin/Release/net10.0/Encina.IdGeneration.Benchmarks-Job-YFEFPZ-1/bin/Release/net10.0/" /p:PublishDir="/home/runner/work/Encina/Encina/tests/Encina.BenchmarkTests/Encina.IdGeneration.Benchmarks/bin/Release/net10.0/Encina.IdGeneration.Benchmarks-Job-YFEFPZ-1/publish/" --output "/home/runner/work/Encina/Encina/tests/Encina.BenchmarkTests/Encina.IdGeneration.Benchmarks/bin/Release/net10.0/Encina.IdGeneration.Benchmarks-Job-YFEFPZ-1/bin/Release/net10.0/" in /home/runner/work/Encina/Encina/tests/Encina.BenchmarkTests/Encina.IdGeneration.Benchmarks/bin/Release/net10.0/Encina.IdGeneration.Benchmarks-Job-YFEFPZ-1
// command took 38.59 sec and exited with 0
// ***** Done, took 00:00:41 (41.43 sec)   *****
// Found 8 benchmarks:
//   SnowflakeIdBenchmarks.Generate_WithShardId: Job-YFEFPZ(IterationCount=10, WarmupCount=3)
//   SnowflakeIdBenchmarks.GenerateAndGetValue: Job-YFEFPZ(IterationCount=10, WarmupCount=3)
//   SnowflakeIdBenchmarks.Generate_WithShardId: ShortRun(IterationCount=3, LaunchCount=1, WarmupCount=3)
//   SnowflakeIdBenchmarks.GenerateAndGetValue: ShortRun(IterationCount=3, LaunchCount=1, WarmupCount=3)
//   SnowflakeIdBenchmarks.Generate: Job-YFEFPZ(IterationCount=10, WarmupCount=3)
//   SnowflakeIdBenchmarks.Generate: ShortRun(IterationCount=3, LaunchCount=1, WarmupCount=3)
//   SnowflakeIdBenchmarks.ExtractShardId: Job-YFEFPZ(IterationCount=10, WarmupCount=3)
//   SnowflakeIdBenchmarks.ExtractShardId: ShortRun(IterationCount=3, LaunchCount=1, WarmupCount=3)

// **************************
// Benchmark: SnowflakeIdBenchmarks.Generate_WithShardId: Job-YFEFPZ(IterationCount=10, WarmupCount=3)
// *** Execute ***
// Launch: 1 / 1
// Execute: dotnet Encina.IdGeneration.Benchmarks-Job-YFEFPZ-1.dll --anonymousPipes 134 135 --benchmarkName Encina.IdGeneration.Benchmarks.SnowflakeIdBenchmarks.Generate_WithShardId --job "IterationCount=10, WarmupCount=3" --benchmarkId 0 in /home/runner/work/Encina/Encina/tests/Encina.BenchmarkTests/Encina.IdGeneration.Benchmarks/bin/Release/net10.0/Encina.IdGeneration.Benchmarks-Job-YFEFPZ-1/bin/Release/net10.0
// Failed to set up high priority (Permission denied). In order to run benchmarks with high priority, make sure you have the right permissions.
// BeforeAnythingElse

// Benchmark Process Environment Information:
// BenchmarkDotNet v0.15.8
// Runtime=.NET 10.0.12 (10.0.12, 10.0.1226.42308), X64 RyuJIT x86-64-v4
// GC=Concurrent Workstation
// HardwareIntrinsics=AVX512 BITALG+VBMI2+VNNI+VPOPCNTDQ,AVX512 IFMA+VBMI,AVX512 F+BW+CD+DQ+VL,AVX2+BMI1+BMI2+F16C+FMA+LZCNT+MOVBE,AVX,SSE3+SSSE3+SSE4.1+SSE4.2+POPCNT,X86Base+SSE+SSE2,AES+PCLMUL VectorSize=256
// Job: Job-YFEFPZ(IterationCount=10, WarmupCount=3)

OverheadJitting  1: 1 op, 271756.00 ns, 271.7560 us/op
WorkloadJitting  1: 1 op, 16541140.00 ns, 16.5411 ms/op

OverheadJitting  2: 16 op, 269189.00 ns, 16.8243 us/op
WorkloadJitting  2: 16 op, 304373.00 ns, 19.0233 us/op

WorkloadPilot    1: 16 op, 5213.00 ns, 325.8125 ns/op
WorkloadPilot    2: 32 op, 5223.00 ns, 163.2188 ns/op
WorkloadPilot    3: 64 op, 5766.00 ns, 90.0938 ns/op
WorkloadPilot    4: 128 op, 10335.00 ns, 80.7422 ns/op
WorkloadPilot    5: 256 op, 18568.00 ns, 72.5313 ns/op
WorkloadPilot    6: 512 op, 36469.00 ns, 71.2285 ns/op
WorkloadPilot    7: 1024 op, 88815.00 ns, 86.7334 ns/op
WorkloadPilot    8: 2048 op, 143441.00 ns, 70.0396 ns/op
WorkloadPilot    9: 4096 op, 563654.00 ns, 137.6108 ns/op
WorkloadPilot   10: 8192 op, 1474619.00 ns, 180.0072 ns/op
WorkloadPilot   11: 16384 op, 3613863.00 ns, 220.5727 ns/op
WorkloadPilot   12: 32768 op, 7595382.00 ns, 231.7927 ns/op
WorkloadPilot   13: 65536 op, 15553724.00 ns, 237.3310 ns/op
WorkloadPilot   14: 131072 op, 31296530.00 ns, 238.7736 ns/op
WorkloadPilot   15: 262144 op, 63230416.00 ns, 241.2049 ns/op
WorkloadPilot   16: 524288 op, 127008385.00 ns, 242.2493 ns/op
WorkloadPilot   17: 1048576 op, 255282795.00 ns, 243.4566 ns/op
WorkloadPilot   18: 2097152 op, 511273551.00 ns, 243.7942 ns/op

OverheadWarmup   1: 2097152 op, 5191615.00 ns, 2.4756 ns/op
OverheadWarmup   2: 2097152 op, 5288350.00 ns, 2.5217 ns/op
OverheadWarmup   3: 2097152 op, 5186280.00 ns, 2.4730 ns/op
OverheadWarmup   4: 2097152 op, 5179460.00 ns, 2.4698 ns/op
OverheadWarmup   5: 2097152 op, 5160804.00 ns, 2.4609 ns/op
OverheadWarmup   6: 2097152 op, 5159733.00 ns, 2.4604 ns/op
OverheadWarmup   7: 2097152 op, 5175141.00 ns, 2.4677 ns/op
OverheadWarmup   8: 2097152 op, 5201741.00 ns, 2.4804 ns/op
OverheadWarmup   9: 2097152 op, 5171368.00 ns, 2.4659 ns/op

OverheadActual   1: 2097152 op, 5021397.00 ns, 2.3944 ns/op
OverheadActual   2: 2097152 op, 5098021.00 ns, 2.4309 ns/op
OverheadActual   3: 2097152 op, 5171575.00 ns, 2.4660 ns/op
OverheadActual   4: 2097152 op, 5172349.00 ns, 2.4664 ns/op
OverheadActual   5: 2097152 op, 5176179.00 ns, 2.4682 ns/op
OverheadActual   6: 2097152 op, 5122383.00 ns, 2.4425 ns/op
OverheadActual   7: 2097152 op, 5116807.00 ns, 2.4399 ns/op
OverheadActual   8: 2097152 op, 5025332.00 ns, 2.3963 ns/op
OverheadActual   9: 2097152 op, 5075584.00 ns, 2.4202 ns/op
OverheadActual  10: 2097152 op, 4992317.00 ns, 2.3805 ns/op
OverheadActual  11: 2097152 op, 5071032.00 ns, 2.4181 ns/op
OverheadActual  12: 2097152 op, 5257279.00 ns, 2.5069 ns/op
OverheadActual  13: 2097152 op, 5015847.00 ns, 2.3917 ns/op
OverheadActual  14: 2097152 op, 5032105.00 ns, 2.3995 ns/op
OverheadActual  15: 2097152 op, 5064453.00 ns, 2.4149 ns/op

WorkloadWarmup   1: 2097152 op, 511288228.00 ns, 243.8012 ns/op
WorkloadWarmup   2: 2097152 op, 511291849.00 ns, 243.8030 ns/op
WorkloadWarmup   3: 2097152 op, 511293258.00 ns, 243.8036 ns/op

// BeforeActualRun
WorkloadActual   1: 2097152 op, 510639886.00 ns, 243.4921 ns/op
WorkloadActual   2: 2097152 op, 511184178.00 ns, 243.7516 ns/op
WorkloadActual   3: 2097152 op, 511289100.00 ns, 243.8016 ns/op
WorkloadActual   4: 2097152 op, 511378831.00 ns, 243.8444 ns/op
WorkloadActual   5: 2097152 op, 511414915.00 ns, 243.8616 ns/op
WorkloadActual   6: 2097152 op, 511277329.00 ns, 243.7960 ns/op
WorkloadActual   7: 2097152 op, 511308599.00 ns, 243.8109 ns/op
WorkloadActual   8: 2097152 op, 511293540.00 ns, 243.8038 ns/op
WorkloadActual   9: 2097152 op, 511397089.00 ns, 243.8531 ns/op
WorkloadActual  10: 2097152 op, 511360110.00 ns, 243.8355 ns/op

// AfterActualRun
WorkloadResult   1: 2097152 op, 505564302.00 ns, 241.0718 ns/op
WorkloadResult   2: 2097152 op, 506108594.00 ns, 241.3314 ns/op
WorkloadResult   3: 2097152 op, 506213516.00 ns, 241.3814 ns/op
WorkloadResult   4: 2097152 op, 506303247.00 ns, 241.4242 ns/op
WorkloadResult   5: 2097152 op, 506339331.00 ns, 241.4414 ns/op
WorkloadResult   6: 2097152 op, 506201745.00 ns, 241.3758 ns/op
WorkloadResult   7: 2097152 op, 506233015.00 ns, 241.3907 ns/op
WorkloadResult   8: 2097152 op, 506217956.00 ns, 241.3835 ns/op
WorkloadResult   9: 2097152 op, 506321505.00 ns, 241.4329 ns/op
WorkloadResult  10: 2097152 op, 506284526.00 ns, 241.4153 ns/op
// GC:  0 0 0 0 2097152
// Threading:  0 0 2097152

// AfterAll
// Benchmark Process 3310 has exited with code 0.

Mean = 241.365 ns, StdErr = 0.034 ns (0.01%), N = 10, StdDev = 0.108 ns
Min = 241.072 ns, Q1 = 241.377 ns, Median = 241.387 ns, Q3 = 241.422 ns, Max = 241.441 ns
IQR = 0.045 ns, LowerFence = 241.310 ns, UpperFence = 241.489 ns
ConfidenceInterval = [241.202 ns; 241.528 ns] (CI 99.9%), Margin = 0.163 ns (0.07% of Mean)
Skewness = -1.91, Kurtosis = 5.48, MValue = 2

// ** Remained 7 (87.5 %) benchmark(s) to run. Estimated finish 2026-09-24 9:39 (0h 1m from now) **
// **************************
// Benchmark: SnowflakeIdBenchmarks.GenerateAndGetValue: Job-YFEFPZ(IterationCount=10, WarmupCount=3)
// *** Execute ***
// Launch: 1 / 1
// Execute: dotnet Encina.IdGeneration.Benchmarks-Job-YFEFPZ-1.dll --anonymousPipes 134 135 --benchmarkName Encina.IdGeneration.Benchmarks.SnowflakeIdBenchmarks.GenerateAndGetValue --job "IterationCount=10, WarmupCount=3" --benchmarkId 1 in /home/runner/work/Encina/Encina/tests/Encina.BenchmarkTests/Encina.IdGeneration.Benchmarks/bin/Release/net10.0/Encina.IdGeneration.Benchmarks-Job-YFEFPZ-1/bin/Release/net10.0
// Failed to set up high priority (Permission denied). In order to run benchmarks with high priority, make sure you have the right permissions.
// BeforeAnythingElse

// Benchmark Process Environment Information:
// BenchmarkDotNet v0.15.8
// Runtime=.NET 10.0.12 (10.0.12, 10.0.1226.42308), X64 RyuJIT x86-64-v4
// GC=Concurrent Workstation
// HardwareIntrinsics=AVX512 BITALG+VBMI2+VNNI+VPOPCNTDQ,AVX512 IFMA+VBMI,AVX512 F+BW+CD+DQ+VL,AVX2+BMI1+BMI2+F16C+FMA+LZCNT+MOVBE,AVX,SSE3+SSSE3+SSE4.1+SSE4.2+POPCNT,X86Base+SSE+SSE2,AES+PCLMUL VectorSize=256
// Job: Job-YFEFPZ(IterationCount=10, WarmupCount=3)

OverheadJitting  1: 1 op, 226682.00 ns, 226.6820 us/op
WorkloadJitting  1: 1 op, 11697287.00 ns, 11.6973 ms/op

OverheadJitting  2: 16 op, 350522.00 ns, 21.9076 us/op
WorkloadJitting  2: 16 op, 409077.00 ns, 25.5673 us/op

WorkloadPilot    1: 16 op, 5633.00 ns, 352.0625 ns/op
WorkloadPilot    2: 32 op, 6758.00 ns, 211.1875 ns/op
WorkloadPilot    3: 64 op, 7612.00 ns, 118.9375 ns/op
WorkloadPilot    4: 128 op, 12024.00 ns, 93.9375 ns/op
WorkloadPilot    5: 256 op, 21968.00 ns, 85.8125 ns/op
WorkloadPilot    6: 512 op, 36846.00 ns, 71.9648 ns/op
WorkloadPilot    7: 1024 op, 76785.00 ns, 74.9854 ns/op
WorkloadPilot    8: 2048 op, 126107.00 ns, 61.5757 ns/op
WorkloadPilot    9: 4096 op, 254381.00 ns, 62.1047 ns/op
WorkloadPilot   10: 8192 op, 1347408.00 ns, 164.4785 ns/op
WorkloadPilot   11: 16384 op, 3532774.00 ns, 215.6234 ns/op
WorkloadPilot   12: 32768 op, 7630767.00 ns, 232.8725 ns/op
WorkloadPilot   13: 65536 op, 15550130.00 ns, 237.2762 ns/op
WorkloadPilot   14: 131072 op, 31521941.00 ns, 240.4933 ns/op
WorkloadPilot   15: 262144 op, 63578835.00 ns, 242.5340 ns/op
WorkloadPilot   16: 524288 op, 127382974.00 ns, 242.9637 ns/op
WorkloadPilot   17: 1048576 op, 255409863.00 ns, 243.5778 ns/op
WorkloadPilot   18: 2097152 op, 511425028.00 ns, 243.8665 ns/op

OverheadWarmup   1: 2097152 op, 5367616.00 ns, 2.5595 ns/op
OverheadWarmup   2: 2097152 op, 5210422.00 ns, 2.4845 ns/op
OverheadWarmup   3: 2097152 op, 5195760.00 ns, 2.4775 ns/op
OverheadWarmup   4: 2097152 op, 5264754.00 ns, 2.5104 ns/op
OverheadWarmup   5: 2097152 op, 5264125.00 ns, 2.5101 ns/op
OverheadWarmup   6: 2097152 op, 5306381.00 ns, 2.5303 ns/op
OverheadWarmup   7: 2097152 op, 5304567.00 ns, 2.5294 ns/op

OverheadActual   1: 2097152 op, 5285091.00 ns, 2.5201 ns/op
OverheadActual   2: 2097152 op, 5278871.00 ns, 2.5172 ns/op
OverheadActual   3: 2097152 op, 5251488.00 ns, 2.5041 ns/op
OverheadActual   4: 2097152 op, 5190172.00 ns, 2.4749 ns/op
OverheadActual   5: 2097152 op, 5127384.00 ns, 2.4449 ns/op
OverheadActual   6: 2097152 op, 5237649.00 ns, 2.4975 ns/op
OverheadActual   7: 2097152 op, 5329609.00 ns, 2.5414 ns/op
OverheadActual   8: 2097152 op, 5313014.00 ns, 2.5334 ns/op
OverheadActual   9: 2097152 op, 5312649.00 ns, 2.5333 ns/op
OverheadActual  10: 2097152 op, 5132108.00 ns, 2.4472 ns/op
OverheadActual  11: 2097152 op, 5130191.00 ns, 2.4463 ns/op
OverheadActual  12: 2097152 op, 5156000.00 ns, 2.4586 ns/op
OverheadActual  13: 2097152 op, 5314303.00 ns, 2.5341 ns/op
OverheadActual  14: 2097152 op, 5263709.00 ns, 2.5099 ns/op
OverheadActual  15: 2097152 op, 5245641.00 ns, 2.5013 ns/op

WorkloadWarmup   1: 2097152 op, 510527675.00 ns, 243.4386 ns/op
WorkloadWarmup   2: 2097152 op, 511305207.00 ns, 243.8093 ns/op
WorkloadWarmup   3: 2097152 op, 511253600.00 ns, 243.7847 ns/op

// BeforeActualRun
WorkloadActual   1: 2097152 op, 510664075.00 ns, 243.5036 ns/op
WorkloadActual   2: 2097152 op, 511123678.00 ns, 243.7228 ns/op
WorkloadActual   3: 2097152 op, 511164207.00 ns, 243.7421 ns/op
WorkloadActual   4: 2097152 op, 511128759.00 ns, 243.7252 ns/op
WorkloadActual   5: 2097152 op, 511181864.00 ns, 243.7505 ns/op
WorkloadActual   6: 2097152 op, 511032994.00 ns, 243.6795 ns/op
WorkloadActual   7: 2097152 op, 511294635.00 ns, 243.8043 ns/op
WorkloadActual   8: 2097152 op, 511035272.00 ns, 243.6806 ns/op
WorkloadActual   9: 2097152 op, 511135951.00 ns, 243.7286 ns/op
WorkloadActual  10: 2097152 op, 511267557.00 ns, 243.7914 ns/op

// AfterActualRun
WorkloadResult   1: 2097152 op, 505412587.00 ns, 240.9995 ns/op
WorkloadResult   2: 2097152 op, 505872190.00 ns, 241.2187 ns/op
WorkloadResult   3: 2097152 op, 505912719.00 ns, 241.2380 ns/op
WorkloadResult   4: 2097152 op, 505877271.00 ns, 241.2211 ns/op
WorkloadResult   5: 2097152 op, 505930376.00 ns, 241.2464 ns/op
WorkloadResult   6: 2097152 op, 505781506.00 ns, 241.1754 ns/op
WorkloadResult   7: 2097152 op, 506043147.00 ns, 241.3002 ns/op
WorkloadResult   8: 2097152 op, 505783784.00 ns, 241.1765 ns/op
WorkloadResult   9: 2097152 op, 505884463.00 ns, 241.2245 ns/op
WorkloadResult  10: 2097152 op, 506016069.00 ns, 241.2873 ns/op
// GC:  0 0 0 0 2097152
// Threading:  0 0 2097152

// AfterAll
// Benchmark Process 3317 has exited with code 0.

Mean = 241.209 ns, StdErr = 0.027 ns (0.01%), N = 10, StdDev = 0.084 ns
Min = 241.000 ns, Q1 = 241.187 ns, Median = 241.223 ns, Q3 = 241.244 ns, Max = 241.300 ns
IQR = 0.057 ns, LowerFence = 241.101 ns, UpperFence = 241.330 ns
ConfidenceInterval = [241.082 ns; 241.335 ns] (CI 99.9%), Margin = 0.127 ns (0.05% of Mean)
Skewness = -1.34, Kurtosis = 4.11, MValue = 2

// ** Remained 6 (75.0 %) benchmark(s) to run. Estimated finish 2026-09-24 9:39 (0h 0m from now) **
// **************************
// Benchmark: SnowflakeIdBenchmarks.Generate_WithShardId: ShortRun(IterationCount=3, LaunchCount=1, WarmupCount=3)
// *** Execute ***
// Launch: 1 / 1
// Execute: dotnet Encina.IdGeneration.Benchmarks-Job-YFEFPZ-1.dll --anonymousPipes 134 135 --benchmarkName Encina.IdGeneration.Benchmarks.SnowflakeIdBenchmarks.Generate_WithShardId --job ShortRun --benchmarkId 2 in /home/runner/work/Encina/Encina/tests/Encina.BenchmarkTests/Encina.IdGeneration.Benchmarks/bin/Release/net10.0/Encina.IdGeneration.Benchmarks-Job-YFEFPZ-1/bin/Release/net10.0
// Failed to set up high priority (Permission denied). In order to run benchmarks with high priority, make sure you have the right permissions.
// BeforeAnythingElse

// Benchmark Process Environment Information:
// BenchmarkDotNet v0.15.8
// Runtime=.NET 10.0.12 (10.0.12, 10.0.1226.42308), X64 RyuJIT x86-64-v4
// GC=Concurrent Workstation
// HardwareIntrinsics=AVX512 BITALG+VBMI2+VNNI+VPOPCNTDQ,AVX512 IFMA+VBMI,AVX512 F+BW+CD+DQ+VL,AVX2+BMI1+BMI2+F16C+FMA+LZCNT+MOVBE,AVX,SSE3+SSSE3+SSE4.1+SSE4.2+POPCNT,X86Base+SSE+SSE2,AES+PCLMUL VectorSize=256
// Job: ShortRun(IterationCount=3, LaunchCount=1, WarmupCount=3)

OverheadJitting  1: 1 op, 250688.00 ns, 250.6880 us/op
WorkloadJitting  1: 1 op, 16526083.00 ns, 16.5261 ms/op

OverheadJitting  2: 16 op, 235173.00 ns, 14.6983 us/op
WorkloadJitting  2: 16 op, 268102.00 ns, 16.7564 us/op

WorkloadPilot    1: 16 op, 4393.00 ns, 274.5625 ns/op
WorkloadPilot    2: 32 op, 5034.00 ns, 157.3125 ns/op
WorkloadPilot    3: 64 op, 5808.00 ns, 90.7500 ns/op
WorkloadPilot    4: 128 op, 9909.00 ns, 77.4141 ns/op
WorkloadPilot    5: 256 op, 18480.00 ns, 72.1875 ns/op
WorkloadPilot    6: 512 op, 35063.00 ns, 68.4824 ns/op
WorkloadPilot    7: 1024 op, 67689.00 ns, 66.1025 ns/op
WorkloadPilot    8: 2048 op, 142496.00 ns, 69.5781 ns/op
WorkloadPilot    9: 4096 op, 266868.00 ns, 65.1533 ns/op
WorkloadPilot   10: 8192 op, 1603289.00 ns, 195.7140 ns/op
WorkloadPilot   11: 16384 op, 3412004.00 ns, 208.2522 ns/op
WorkloadPilot   12: 32768 op, 7451789.00 ns, 227.4106 ns/op
WorkloadPilot   13: 65536 op, 15541268.00 ns, 237.1409 ns/op
WorkloadPilot   14: 131072 op, 31545468.00 ns, 240.6728 ns/op
WorkloadPilot   15: 262144 op, 63376286.00 ns, 241.7613 ns/op
WorkloadPilot   16: 524288 op, 127291233.00 ns, 242.7888 ns/op
WorkloadPilot   17: 1048576 op, 255439658.00 ns, 243.6062 ns/op
WorkloadPilot   18: 2097152 op, 511532553.00 ns, 243.9177 ns/op

OverheadWarmup   1: 2097152 op, 5258312.00 ns, 2.5074 ns/op
OverheadWarmup   2: 2097152 op, 5224066.00 ns, 2.4910 ns/op
OverheadWarmup   3: 2097152 op, 5195843.00 ns, 2.4776 ns/op
OverheadWarmup   4: 2097152 op, 5223112.00 ns, 2.4906 ns/op
OverheadWarmup   5: 2097152 op, 5052547.00 ns, 2.4092 ns/op
OverheadWarmup   6: 2097152 op, 5142428.00 ns, 2.4521 ns/op
OverheadWarmup   7: 2097152 op, 5167778.00 ns, 2.4642 ns/op
OverheadWarmup   8: 2097152 op, 5141681.00 ns, 2.4517 ns/op

OverheadActual   1: 2097152 op, 5179373.00 ns, 2.4697 ns/op
OverheadActual   2: 2097152 op, 5168228.00 ns, 2.4644 ns/op
OverheadActual   3: 2097152 op, 5094379.00 ns, 2.4292 ns/op
OverheadActual   4: 2097152 op, 5004112.00 ns, 2.3861 ns/op
OverheadActual   5: 2097152 op, 5088331.00 ns, 2.4263 ns/op
OverheadActual   6: 2097152 op, 5053898.00 ns, 2.4099 ns/op
OverheadActual   7: 2097152 op, 5040824.00 ns, 2.4037 ns/op
OverheadActual   8: 2097152 op, 5274967.00 ns, 2.5153 ns/op
OverheadActual   9: 2097152 op, 5208987.00 ns, 2.4838 ns/op
OverheadActual  10: 2097152 op, 5239076.00 ns, 2.4982 ns/op
OverheadActual  11: 2097152 op, 5144005.00 ns, 2.4529 ns/op
OverheadActual  12: 2097152 op, 5131204.00 ns, 2.4467 ns/op
OverheadActual  13: 2097152 op, 5267796.00 ns, 2.5119 ns/op
OverheadActual  14: 2097152 op, 5040941.00 ns, 2.4037 ns/op
OverheadActual  15: 2097152 op, 5110778.00 ns, 2.4370 ns/op

WorkloadWarmup   1: 2097152 op, 510647745.00 ns, 243.4958 ns/op
WorkloadWarmup   2: 2097152 op, 511134218.00 ns, 243.7278 ns/op
WorkloadWarmup   3: 2097152 op, 511337836.00 ns, 243.8249 ns/op

// BeforeActualRun
WorkloadActual   1: 2097152 op, 510749039.00 ns, 243.5441 ns/op
WorkloadActual   2: 2097152 op, 511167884.00 ns, 243.7438 ns/op
WorkloadActual   3: 2097152 op, 511137918.00 ns, 243.7296 ns/op

// AfterActualRun
WorkloadResult   1: 2097152 op, 505617835.00 ns, 241.0974 ns/op
WorkloadResult   2: 2097152 op, 506036680.00 ns, 241.2971 ns/op
WorkloadResult   3: 2097152 op, 506006714.00 ns, 241.2828 ns/op
// GC:  0 0 0 0 2097152
// Threading:  0 0 2097152

// AfterAll
// Benchmark Process 3327 has exited with code 0.

Mean = 241.226 ns, StdErr = 0.064 ns (0.03%), N = 3, StdDev = 0.111 ns
Min = 241.097 ns, Q1 = 241.190 ns, Median = 241.283 ns, Q3 = 241.290 ns, Max = 241.297 ns
IQR = 0.100 ns, LowerFence = 241.040 ns, UpperFence = 241.440 ns
ConfidenceInterval = [239.193 ns; 243.258 ns] (CI 99.9%), Margin = 2.033 ns (0.84% of Mean)
Skewness = -0.38, Kurtosis = 0.67, MValue = 2

// ** Remained 5 (62.5 %) benchmark(s) to run. Estimated finish 2026-09-24 9:38 (0h 0m from now) **
// **************************
// Benchmark: SnowflakeIdBenchmarks.GenerateAndGetValue: ShortRun(IterationCount=3, LaunchCount=1, WarmupCount=3)
// *** Execute ***
// Launch: 1 / 1
// Execute: dotnet Encina.IdGeneration.Benchmarks-Job-YFEFPZ-1.dll --anonymousPipes 134 135 --benchmarkName Encina.IdGeneration.Benchmarks.SnowflakeIdBenchmarks.GenerateAndGetValue --job ShortRun --benchmarkId 3 in /home/runner/work/Encina/Encina/tests/Encina.BenchmarkTests/Encina.IdGeneration.Benchmarks/bin/Release/net10.0/Encina.IdGeneration.Benchmarks-Job-YFEFPZ-1/bin/Release/net10.0
// Failed to set up high priority (Permission denied). In order to run benchmarks with high priority, make sure you have the right permissions.
// BeforeAnythingElse

// Benchmark Process Environment Information:
// BenchmarkDotNet v0.15.8
// Runtime=.NET 10.0.12 (10.0.12, 10.0.1226.42308), X64 RyuJIT x86-64-v4
// GC=Concurrent Workstation
// HardwareIntrinsics=AVX512 BITALG+VBMI2+VNNI+VPOPCNTDQ,AVX512 IFMA+VBMI,AVX512 F+BW+CD+DQ+VL,AVX2+BMI1+BMI2+F16C+FMA+LZCNT+MOVBE,AVX,SSE3+SSSE3+SSE4.1+SSE4.2+POPCNT,X86Base+SSE+SSE2,AES+PCLMUL VectorSize=256
// Job: ShortRun(IterationCount=3, LaunchCount=1, WarmupCount=3)

OverheadJitting  1: 1 op, 244442.00 ns, 244.4420 us/op
WorkloadJitting  1: 1 op, 11869891.00 ns, 11.8699 ms/op

OverheadJitting  2: 16 op, 372496.00 ns, 23.2810 us/op
WorkloadJitting  2: 16 op, 387727.00 ns, 24.2329 us/op

WorkloadPilot    1: 16 op, 5917.00 ns, 369.8125 ns/op
WorkloadPilot    2: 32 op, 6920.00 ns, 216.2500 ns/op
WorkloadPilot    3: 64 op, 8522.00 ns, 133.1563 ns/op
WorkloadPilot    4: 128 op, 27358.00 ns, 213.7344 ns/op
WorkloadPilot    5: 256 op, 25032.00 ns, 97.7813 ns/op
WorkloadPilot    6: 512 op, 42081.00 ns, 82.1895 ns/op
WorkloadPilot    7: 1024 op, 77677.00 ns, 75.8564 ns/op
WorkloadPilot    8: 2048 op, 131037.00 ns, 63.9829 ns/op
WorkloadPilot    9: 4096 op, 536330.00 ns, 130.9399 ns/op
WorkloadPilot   10: 8192 op, 1453865.00 ns, 177.4738 ns/op
WorkloadPilot   11: 16384 op, 3319958.00 ns, 202.6342 ns/op
WorkloadPilot   12: 32768 op, 7533003.00 ns, 229.8890 ns/op
WorkloadPilot   13: 65536 op, 15498285.00 ns, 236.4851 ns/op
WorkloadPilot   14: 131072 op, 31489147.00 ns, 240.2431 ns/op
WorkloadPilot   15: 262144 op, 63427837.00 ns, 241.9580 ns/op
WorkloadPilot   16: 524288 op, 127253669.00 ns, 242.7171 ns/op
WorkloadPilot   17: 1048576 op, 255374183.00 ns, 243.5438 ns/op
WorkloadPilot   18: 2097152 op, 511472305.00 ns, 243.8890 ns/op

OverheadWarmup   1: 2097152 op, 5318933.00 ns, 2.5363 ns/op
OverheadWarmup   2: 2097152 op, 5320321.00 ns, 2.5369 ns/op
OverheadWarmup   3: 2097152 op, 5341256.00 ns, 2.5469 ns/op
OverheadWarmup   4: 2097152 op, 5294006.00 ns, 2.5244 ns/op
OverheadWarmup   5: 2097152 op, 5319332.00 ns, 2.5365 ns/op
OverheadWarmup   6: 2097152 op, 5295616.00 ns, 2.5251 ns/op

OverheadActual   1: 2097152 op, 5287724.00 ns, 2.5214 ns/op
OverheadActual   2: 2097152 op, 5304145.00 ns, 2.5292 ns/op
OverheadActual   3: 2097152 op, 5293500.00 ns, 2.5241 ns/op
OverheadActual   4: 2097152 op, 5213963.00 ns, 2.4862 ns/op
OverheadActual   5: 2097152 op, 5196669.00 ns, 2.4780 ns/op
OverheadActual   6: 2097152 op, 5176861.00 ns, 2.4685 ns/op
OverheadActual   7: 2097152 op, 5191469.00 ns, 2.4755 ns/op
OverheadActual   8: 2097152 op, 5176846.00 ns, 2.4685 ns/op
OverheadActual   9: 2097152 op, 5204599.00 ns, 2.4817 ns/op
OverheadActual  10: 2097152 op, 5343766.00 ns, 2.5481 ns/op
OverheadActual  11: 2097152 op, 5296989.00 ns, 2.5258 ns/op
OverheadActual  12: 2097152 op, 5384334.00 ns, 2.5675 ns/op
OverheadActual  13: 2097152 op, 5142206.00 ns, 2.4520 ns/op
OverheadActual  14: 2097152 op, 5215371.00 ns, 2.4869 ns/op
OverheadActual  15: 2097152 op, 5478878.00 ns, 2.6125 ns/op

WorkloadWarmup   1: 2097152 op, 510577902.00 ns, 243.4625 ns/op
WorkloadWarmup   2: 2097152 op, 511089750.00 ns, 243.7066 ns/op
WorkloadWarmup   3: 2097152 op, 511021688.00 ns, 243.6741 ns/op

// BeforeActualRun
WorkloadActual   1: 2097152 op, 511249379.00 ns, 243.7827 ns/op
WorkloadActual   2: 2097152 op, 511257965.00 ns, 243.7868 ns/op
WorkloadActual   3: 2097152 op, 511346294.00 ns, 243.8289 ns/op

// AfterActualRun
WorkloadResult   1: 2097152 op, 506034008.00 ns, 241.2958 ns/op
WorkloadResult   2: 2097152 op, 506042594.00 ns, 241.2999 ns/op
WorkloadResult   3: 2097152 op, 506130923.00 ns, 241.3420 ns/op
// GC:  0 0 0 0 2097152
// Threading:  0 0 2097152

// AfterAll
// Benchmark Process 3333 has exited with code 0.

Mean = 241.313 ns, StdErr = 0.015 ns (0.01%), N = 3, StdDev = 0.026 ns
Min = 241.296 ns, Q1 = 241.298 ns, Median = 241.300 ns, Q3 = 241.321 ns, Max = 241.342 ns
IQR = 0.023 ns, LowerFence = 241.263 ns, UpperFence = 241.356 ns
ConfidenceInterval = [240.846 ns; 241.779 ns] (CI 99.9%), Margin = 0.467 ns (0.19% of Mean)
Skewness = 0.37, Kurtosis = 0.67, MValue = 2

// ** Remained 4 (50.0 %) benchmark(s) to run. Estimated finish 2026-09-24 9:38 (0h 0m from now) **
// **************************
// Benchmark: SnowflakeIdBenchmarks.Generate: Job-YFEFPZ(IterationCount=10, WarmupCount=3)
// *** Execute ***
// Launch: 1 / 1
// Execute: dotnet Encina.IdGeneration.Benchmarks-Job-YFEFPZ-1.dll --anonymousPipes 134 135 --benchmarkName Encina.IdGeneration.Benchmarks.SnowflakeIdBenchmarks.Generate --job "IterationCount=10, WarmupCount=3" --benchmarkId 4 in /home/runner/work/Encina/Encina/tests/Encina.BenchmarkTests/Encina.IdGeneration.Benchmarks/bin/Release/net10.0/Encina.IdGeneration.Benchmarks-Job-YFEFPZ-1/bin/Release/net10.0
// Failed to set up high priority (Permission denied). In order to run benchmarks with high priority, make sure you have the right permissions.
// BeforeAnythingElse

// Benchmark Process Environment Information:
// BenchmarkDotNet v0.15.8
// Runtime=.NET 10.0.12 (10.0.12, 10.0.1226.42308), X64 RyuJIT x86-64-v4
// GC=Concurrent Workstation
// HardwareIntrinsics=AVX512 BITALG+VBMI2+VNNI+VPOPCNTDQ,AVX512 IFMA+VBMI,AVX512 F+BW+CD+DQ+VL,AVX2+BMI1+BMI2+F16C+FMA+LZCNT+MOVBE,AVX,SSE3+SSSE3+SSE4.1+SSE4.2+POPCNT,X86Base+SSE+SSE2,AES+PCLMUL VectorSize=256
// Job: Job-YFEFPZ(IterationCount=10, WarmupCount=3)

OverheadJitting  1: 1 op, 219523.00 ns, 219.5230 us/op
WorkloadJitting  1: 1 op, 11840482.00 ns, 11.8405 ms/op

OverheadJitting  2: 16 op, 239171.00 ns, 14.9482 us/op
WorkloadJitting  2: 16 op, 273955.00 ns, 17.1222 us/op

WorkloadPilot    1: 16 op, 6170.00 ns, 385.6250 ns/op
WorkloadPilot    2: 32 op, 7174.00 ns, 224.1875 ns/op
WorkloadPilot    3: 64 op, 8112.00 ns, 126.7500 ns/op
WorkloadPilot    4: 128 op, 13184.00 ns, 103.0000 ns/op
WorkloadPilot    5: 256 op, 21287.00 ns, 83.1523 ns/op
WorkloadPilot    6: 512 op, 36442.00 ns, 71.1758 ns/op
WorkloadPilot    7: 1024 op, 78580.00 ns, 76.7383 ns/op
WorkloadPilot    8: 2048 op, 155295.00 ns, 75.8276 ns/op
WorkloadPilot    9: 4096 op, 600712.00 ns, 146.6582 ns/op
WorkloadPilot   10: 8192 op, 1496547.00 ns, 182.6840 ns/op
WorkloadPilot   11: 16384 op, 3609114.00 ns, 220.2828 ns/op
WorkloadPilot   12: 32768 op, 7620609.00 ns, 232.5625 ns/op
WorkloadPilot   13: 65536 op, 15507647.00 ns, 236.6279 ns/op
WorkloadPilot   14: 131072 op, 31243913.00 ns, 238.3721 ns/op
WorkloadPilot   15: 262144 op, 63516140.00 ns, 242.2948 ns/op
WorkloadPilot   16: 524288 op, 127412875.00 ns, 243.0208 ns/op
WorkloadPilot   17: 1048576 op, 255470287.00 ns, 243.6355 ns/op
WorkloadPilot   18: 2097152 op, 511442363.00 ns, 243.8747 ns/op

OverheadWarmup   1: 2097152 op, 5289835.00 ns, 2.5224 ns/op
OverheadWarmup   2: 2097152 op, 5209010.00 ns, 2.4838 ns/op
OverheadWarmup   3: 2097152 op, 5117325.00 ns, 2.4401 ns/op
OverheadWarmup   4: 2097152 op, 5207697.00 ns, 2.4832 ns/op
OverheadWarmup   5: 2097152 op, 5193839.00 ns, 2.4766 ns/op
OverheadWarmup   6: 2097152 op, 5192513.00 ns, 2.4760 ns/op
OverheadWarmup   7: 2097152 op, 5187818.00 ns, 2.4737 ns/op
OverheadWarmup   8: 2097152 op, 5198826.00 ns, 2.4790 ns/op
OverheadWarmup   9: 2097152 op, 5159268.00 ns, 2.4601 ns/op

OverheadActual   1: 2097152 op, 5213856.00 ns, 2.4862 ns/op
OverheadActual   2: 2097152 op, 5159807.00 ns, 2.4604 ns/op
OverheadActual   3: 2097152 op, 5051355.00 ns, 2.4087 ns/op
OverheadActual   4: 2097152 op, 5125718.00 ns, 2.4441 ns/op
OverheadActual   5: 2097152 op, 5135729.00 ns, 2.4489 ns/op
OverheadActual   6: 2097152 op, 5077094.00 ns, 2.4209 ns/op
OverheadActual   7: 2097152 op, 5231564.00 ns, 2.4946 ns/op
OverheadActual   8: 2097152 op, 5276589.00 ns, 2.5161 ns/op
OverheadActual   9: 2097152 op, 5185983.00 ns, 2.4729 ns/op
OverheadActual  10: 2097152 op, 5191644.00 ns, 2.4756 ns/op
OverheadActual  11: 2097152 op, 5172733.00 ns, 2.4666 ns/op
OverheadActual  12: 2097152 op, 5164798.00 ns, 2.4628 ns/op
OverheadActual  13: 2097152 op, 5190200.00 ns, 2.4749 ns/op
OverheadActual  14: 2097152 op, 5193454.00 ns, 2.4764 ns/op
OverheadActual  15: 2097152 op, 5108150.00 ns, 2.4358 ns/op

WorkloadWarmup   1: 2097152 op, 510939674.00 ns, 243.6350 ns/op
WorkloadWarmup   2: 2097152 op, 511312684.00 ns, 243.8129 ns/op
WorkloadWarmup   3: 2097152 op, 511186997.00 ns, 243.7530 ns/op

// BeforeActualRun
WorkloadActual   1: 2097152 op, 510544684.00 ns, 243.4467 ns/op
WorkloadActual   2: 2097152 op, 510925515.00 ns, 243.6283 ns/op
WorkloadActual   3: 2097152 op, 511245225.00 ns, 243.7807 ns/op
WorkloadActual   4: 2097152 op, 511414869.00 ns, 243.8616 ns/op
WorkloadActual   5: 2097152 op, 511427001.00 ns, 243.8674 ns/op
WorkloadActual   6: 2097152 op, 511264469.00 ns, 243.7899 ns/op
WorkloadActual   7: 2097152 op, 511333930.00 ns, 243.8230 ns/op
WorkloadActual   8: 2097152 op, 511277376.00 ns, 243.7961 ns/op
WorkloadActual   9: 2097152 op, 511310959.00 ns, 243.8121 ns/op
WorkloadActual  10: 2097152 op, 511332984.00 ns, 243.8226 ns/op

// AfterActualRun
WorkloadResult   1: 2097152 op, 505371951.00 ns, 240.9801 ns/op
WorkloadResult   2: 2097152 op, 505752782.00 ns, 241.1617 ns/op
WorkloadResult   3: 2097152 op, 506072492.00 ns, 241.3142 ns/op
WorkloadResult   4: 2097152 op, 506242136.00 ns, 241.3951 ns/op
WorkloadResult   5: 2097152 op, 506254268.00 ns, 241.4008 ns/op
WorkloadResult   6: 2097152 op, 506091736.00 ns, 241.3233 ns/op
WorkloadResult   7: 2097152 op, 506161197.00 ns, 241.3565 ns/op
WorkloadResult   8: 2097152 op, 506104643.00 ns, 241.3295 ns/op
WorkloadResult   9: 2097152 op, 506138226.00 ns, 241.3455 ns/op
WorkloadResult  10: 2097152 op, 506160251.00 ns, 241.3560 ns/op
// GC:  0 0 0 0 2097152
// Threading:  0 0 2097152

// AfterAll
// Benchmark Process 3340 has exited with code 0.

Mean = 241.296 ns, StdErr = 0.041 ns (0.02%), N = 10, StdDev = 0.129 ns
Min = 240.980 ns, Q1 = 241.316 ns, Median = 241.338 ns, Q3 = 241.356 ns, Max = 241.401 ns
IQR = 0.040 ns, LowerFence = 241.257 ns, UpperFence = 241.416 ns
ConfidenceInterval = [241.101 ns; 241.492 ns] (CI 99.9%), Margin = 0.196 ns (0.08% of Mean)
Skewness = -1.45, Kurtosis = 3.78, MValue = 2

// ** Remained 3 (37.5 %) benchmark(s) to run. Estimated finish 2026-09-24 9:38 (0h 0m from now) **
// **************************
// Benchmark: SnowflakeIdBenchmarks.Generate: ShortRun(IterationCount=3, LaunchCount=1, WarmupCount=3)
// *** Execute ***
// Launch: 1 / 1
// Execute: dotnet Encina.IdGeneration.Benchmarks-Job-YFEFPZ-1.dll --anonymousPipes 134 135 --benchmarkName Encina.IdGeneration.Benchmarks.SnowflakeIdBenchmarks.Generate --job ShortRun --benchmarkId 5 in /home/runner/work/Encina/Encina/tests/Encina.BenchmarkTests/Encina.IdGeneration.Benchmarks/bin/Release/net10.0/Encina.IdGeneration.Benchmarks-Job-YFEFPZ-1/bin/Release/net10.0
// Failed to set up high priority (Permission denied). In order to run benchmarks with high priority, make sure you have the right permissions.
// BeforeAnythingElse

// Benchmark Process Environment Information:
// BenchmarkDotNet v0.15.8
// Runtime=.NET 10.0.12 (10.0.12, 10.0.1226.42308), X64 RyuJIT x86-64-v4
// GC=Concurrent Workstation
// HardwareIntrinsics=AVX512 BITALG+VBMI2+VNNI+VPOPCNTDQ,AVX512 IFMA+VBMI,AVX512 F+BW+CD+DQ+VL,AVX2+BMI1+BMI2+F16C+FMA+LZCNT+MOVBE,AVX,SSE3+SSSE3+SSE4.1+SSE4.2+POPCNT,X86Base+SSE+SSE2,AES+PCLMUL VectorSize=256
// Job: ShortRun(IterationCount=3, LaunchCount=1, WarmupCount=3)

OverheadJitting  1: 1 op, 227077.00 ns, 227.0770 us/op
WorkloadJitting  1: 1 op, 11537171.00 ns, 11.5372 ms/op

OverheadJitting  2: 16 op, 232021.00 ns, 14.5013 us/op
WorkloadJitting  2: 16 op, 287484.00 ns, 17.9678 us/op

WorkloadPilot    1: 16 op, 5884.00 ns, 367.7500 ns/op
WorkloadPilot    2: 32 op, 6553.00 ns, 204.7813 ns/op
WorkloadPilot    3: 64 op, 7878.00 ns, 123.0938 ns/op
WorkloadPilot    4: 128 op, 12478.00 ns, 97.4844 ns/op
WorkloadPilot    5: 256 op, 22200.00 ns, 86.7188 ns/op
WorkloadPilot    6: 512 op, 41229.00 ns, 80.5254 ns/op
WorkloadPilot    7: 1024 op, 76701.00 ns, 74.9033 ns/op
WorkloadPilot    8: 2048 op, 133071.00 ns, 64.9761 ns/op
WorkloadPilot    9: 4096 op, 611535.00 ns, 149.3005 ns/op
WorkloadPilot   10: 8192 op, 1553543.00 ns, 189.6415 ns/op
WorkloadPilot   11: 16384 op, 3599323.00 ns, 219.6852 ns/op
WorkloadPilot   12: 32768 op, 7624099.00 ns, 232.6690 ns/op
WorkloadPilot   13: 65536 op, 15598022.00 ns, 238.0069 ns/op
WorkloadPilot   14: 131072 op, 31532529.00 ns, 240.5741 ns/op
WorkloadPilot   15: 262144 op, 63484626.00 ns, 242.1746 ns/op
WorkloadPilot   16: 524288 op, 127476601.00 ns, 243.1423 ns/op
WorkloadPilot   17: 1048576 op, 255249240.00 ns, 243.4246 ns/op
WorkloadPilot   18: 2097152 op, 511406739.00 ns, 243.8577 ns/op

OverheadWarmup   1: 2097152 op, 5053250.00 ns, 2.4096 ns/op
OverheadWarmup   2: 2097152 op, 5113376.00 ns, 2.4382 ns/op
OverheadWarmup   3: 2097152 op, 5112495.00 ns, 2.4378 ns/op
OverheadWarmup   4: 2097152 op, 5103779.00 ns, 2.4337 ns/op
OverheadWarmup   5: 2097152 op, 5141731.00 ns, 2.4518 ns/op
OverheadWarmup   6: 2097152 op, 5019659.00 ns, 2.3936 ns/op

OverheadActual   1: 2097152 op, 5025808.00 ns, 2.3965 ns/op
OverheadActual   2: 2097152 op, 5022975.00 ns, 2.3951 ns/op
OverheadActual   3: 2097152 op, 5129174.00 ns, 2.4458 ns/op
OverheadActual   4: 2097152 op, 5229132.00 ns, 2.4934 ns/op
OverheadActual   5: 2097152 op, 5177297.00 ns, 2.4687 ns/op
OverheadActual   6: 2097152 op, 5103026.00 ns, 2.4333 ns/op
OverheadActual   7: 2097152 op, 5078448.00 ns, 2.4216 ns/op
OverheadActual   8: 2097152 op, 5135327.00 ns, 2.4487 ns/op
OverheadActual   9: 2097152 op, 5227806.00 ns, 2.4928 ns/op
OverheadActual  10: 2097152 op, 5153658.00 ns, 2.4575 ns/op
OverheadActual  11: 2097152 op, 5243409.00 ns, 2.5003 ns/op
OverheadActual  12: 2097152 op, 5023997.00 ns, 2.3956 ns/op
OverheadActual  13: 2097152 op, 5266605.00 ns, 2.5113 ns/op
OverheadActual  14: 2097152 op, 5161799.00 ns, 2.4613 ns/op
OverheadActual  15: 2097152 op, 5017757.00 ns, 2.3927 ns/op

WorkloadWarmup   1: 2097152 op, 510725591.00 ns, 243.5329 ns/op
WorkloadWarmup   2: 2097152 op, 511401258.00 ns, 243.8551 ns/op
WorkloadWarmup   3: 2097152 op, 511252961.00 ns, 243.7844 ns/op

// BeforeActualRun
WorkloadActual   1: 2097152 op, 510688117.00 ns, 243.5151 ns/op
WorkloadActual   2: 2097152 op, 511270116.00 ns, 243.7926 ns/op
WorkloadActual   3: 2097152 op, 511359933.00 ns, 243.8354 ns/op

// AfterActualRun
WorkloadResult   1: 2097152 op, 505552790.00 ns, 241.0664 ns/op
WorkloadResult   2: 2097152 op, 506134789.00 ns, 241.3439 ns/op
WorkloadResult   3: 2097152 op, 506224606.00 ns, 241.3867 ns/op
// GC:  0 0 0 0 2097152
// Threading:  0 0 2097152

// AfterAll
// Benchmark Process 3347 has exited with code 0.

Mean = 241.266 ns, StdErr = 0.100 ns (0.04%), N = 3, StdDev = 0.174 ns
Min = 241.066 ns, Q1 = 241.205 ns, Median = 241.344 ns, Q3 = 241.365 ns, Max = 241.387 ns
IQR = 0.160 ns, LowerFence = 240.965 ns, UpperFence = 241.606 ns
ConfidenceInterval = [238.093 ns; 244.438 ns] (CI 99.9%), Margin = 3.173 ns (1.32% of Mean)
Skewness = -0.36, Kurtosis = 0.67, MValue = 2

// ** Remained 2 (25.0 %) benchmark(s) to run. Estimated finish 2026-09-24 9:38 (0h 0m from now) **
// **************************
// Benchmark: SnowflakeIdBenchmarks.ExtractShardId: Job-YFEFPZ(IterationCount=10, WarmupCount=3)
// *** Execute ***
// Launch: 1 / 1
// Execute: dotnet Encina.IdGeneration.Benchmarks-Job-YFEFPZ-1.dll --anonymousPipes 134 135 --benchmarkName Encina.IdGeneration.Benchmarks.SnowflakeIdBenchmarks.ExtractShardId --job "IterationCount=10, WarmupCount=3" --benchmarkId 6 in /home/runner/work/Encina/Encina/tests/Encina.BenchmarkTests/Encina.IdGeneration.Benchmarks/bin/Release/net10.0/Encina.IdGeneration.Benchmarks-Job-YFEFPZ-1/bin/Release/net10.0
// Failed to set up high priority (Permission denied). In order to run benchmarks with high priority, make sure you have the right permissions.
// BeforeAnythingElse

// Benchmark Process Environment Information:
// BenchmarkDotNet v0.15.8
// Runtime=.NET 10.0.12 (10.0.12, 10.0.1226.42308), X64 RyuJIT x86-64-v4
// GC=Concurrent Workstation
// HardwareIntrinsics=AVX512 BITALG+VBMI2+VNNI+VPOPCNTDQ,AVX512 IFMA+VBMI,AVX512 F+BW+CD+DQ+VL,AVX2+BMI1+BMI2+F16C+FMA+LZCNT+MOVBE,AVX,SSE3+SSSE3+SSE4.1+SSE4.2+POPCNT,X86Base+SSE+SSE2,AES+PCLMUL VectorSize=256
// Job: Job-YFEFPZ(IterationCount=10, WarmupCount=3)

OverheadJitting  1: 1 op, 216139.00 ns, 216.1390 us/op
WorkloadJitting  1: 1 op, 18098724.00 ns, 18.0987 ms/op

OverheadJitting  2: 16 op, 442296.00 ns, 27.6435 us/op
WorkloadJitting  2: 16 op, 463622.00 ns, 28.9764 us/op

WorkloadPilot    1: 16 op, 8184.00 ns, 511.5000 ns/op
WorkloadPilot    2: 32 op, 9627.00 ns, 300.8438 ns/op
WorkloadPilot    3: 64 op, 12795.00 ns, 199.9219 ns/op
WorkloadPilot    4: 128 op, 20655.00 ns, 161.3672 ns/op
WorkloadPilot    5: 256 op, 32908.00 ns, 128.5469 ns/op
WorkloadPilot    6: 512 op, 53096.00 ns, 103.7031 ns/op
WorkloadPilot    7: 1024 op, 96741.00 ns, 94.4736 ns/op
WorkloadPilot    8: 2048 op, 182132.00 ns, 88.9316 ns/op
WorkloadPilot    9: 4096 op, 368381.00 ns, 89.9368 ns/op
WorkloadPilot   10: 8192 op, 1345806.00 ns, 164.2830 ns/op
WorkloadPilot   11: 16384 op, 3504609.00 ns, 213.9044 ns/op
WorkloadPilot   12: 32768 op, 7556918.00 ns, 230.6188 ns/op
WorkloadPilot   13: 65536 op, 15552436.00 ns, 237.3113 ns/op
WorkloadPilot   14: 131072 op, 31546112.00 ns, 240.6777 ns/op
WorkloadPilot   15: 262144 op, 63418844.00 ns, 241.9237 ns/op
WorkloadPilot   16: 524288 op, 127378509.00 ns, 242.9552 ns/op
WorkloadPilot   17: 1048576 op, 255416804.00 ns, 243.5844 ns/op
WorkloadPilot   18: 2097152 op, 511421306.00 ns, 243.8647 ns/op

OverheadWarmup   1: 2097152 op, 9517253.00 ns, 4.5382 ns/op
OverheadWarmup   2: 2097152 op, 9533224.00 ns, 4.5458 ns/op
OverheadWarmup   3: 2097152 op, 9516669.00 ns, 4.5379 ns/op
OverheadWarmup   4: 2097152 op, 9556485.00 ns, 4.5569 ns/op
OverheadWarmup   5: 2097152 op, 9463589.00 ns, 4.5126 ns/op

OverheadActual   1: 2097152 op, 9637635.00 ns, 4.5956 ns/op
OverheadActual   2: 2097152 op, 9694115.00 ns, 4.6225 ns/op
OverheadActual   3: 2097152 op, 9784804.00 ns, 4.6658 ns/op
OverheadActual   4: 2097152 op, 9576635.00 ns, 4.5665 ns/op
OverheadActual   5: 2097152 op, 9644630.00 ns, 4.5989 ns/op
OverheadActual   6: 2097152 op, 9624773.00 ns, 4.5894 ns/op
OverheadActual   7: 2097152 op, 9785913.00 ns, 4.6663 ns/op
OverheadActual   8: 2097152 op, 9588386.00 ns, 4.5721 ns/op
OverheadActual   9: 2097152 op, 9484649.00 ns, 4.5226 ns/op
OverheadActual  10: 2097152 op, 9534016.00 ns, 4.5462 ns/op
OverheadActual  11: 2097152 op, 9438662.00 ns, 4.5007 ns/op
OverheadActual  12: 2097152 op, 9636201.00 ns, 4.5949 ns/op
OverheadActual  13: 2097152 op, 9461464.00 ns, 4.5116 ns/op
OverheadActual  14: 2097152 op, 9416076.00 ns, 4.4899 ns/op
OverheadActual  15: 2097152 op, 9502587.00 ns, 4.5312 ns/op

WorkloadWarmup   1: 2097152 op, 511352504.00 ns, 243.8319 ns/op
WorkloadWarmup   2: 2097152 op, 511254760.00 ns, 243.7853 ns/op
WorkloadWarmup   3: 2097152 op, 511255113.00 ns, 243.7854 ns/op

// BeforeActualRun
WorkloadActual   1: 2097152 op, 511356547.00 ns, 243.8338 ns/op
WorkloadActual   2: 2097152 op, 511358491.00 ns, 243.8347 ns/op
WorkloadActual   3: 2097152 op, 511210935.00 ns, 243.7644 ns/op
WorkloadActual   4: 2097152 op, 511276494.00 ns, 243.7956 ns/op
WorkloadActual   5: 2097152 op, 511326214.00 ns, 243.8193 ns/op
WorkloadActual   6: 2097152 op, 511270940.00 ns, 243.7930 ns/op
WorkloadActual   7: 2097152 op, 513178071.00 ns, 244.7024 ns/op
WorkloadActual   8: 2097152 op, 511310616.00 ns, 243.8119 ns/op
WorkloadActual   9: 2097152 op, 511286158.00 ns, 243.8002 ns/op
WorkloadActual  10: 2097152 op, 511274381.00 ns, 243.7946 ns/op

// AfterActualRun
WorkloadResult   1: 2097152 op, 501768161.00 ns, 239.2617 ns/op
WorkloadResult   2: 2097152 op, 501770105.00 ns, 239.2626 ns/op
WorkloadResult   3: 2097152 op, 501622549.00 ns, 239.1923 ns/op
WorkloadResult   4: 2097152 op, 501688108.00 ns, 239.2235 ns/op
WorkloadResult   5: 2097152 op, 501737828.00 ns, 239.2472 ns/op
WorkloadResult   6: 2097152 op, 501682554.00 ns, 239.2209 ns/op
WorkloadResult   7: 2097152 op, 501722230.00 ns, 239.2398 ns/op
WorkloadResult   8: 2097152 op, 501697772.00 ns, 239.2281 ns/op
WorkloadResult   9: 2097152 op, 501685995.00 ns, 239.2225 ns/op
// GC:  0 0 0 0 2097152
// Threading:  0 0 2097152

// AfterAll
// Benchmark Process 3354 has exited with code 0.

Mean = 239.233 ns, StdErr = 0.007 ns (0.00%), N = 9, StdDev = 0.022 ns
Min = 239.192 ns, Q1 = 239.223 ns, Median = 239.228 ns, Q3 = 239.247 ns, Max = 239.263 ns
IQR = 0.025 ns, LowerFence = 239.185 ns, UpperFence = 239.284 ns
ConfidenceInterval = [239.196 ns; 239.271 ns] (CI 99.9%), Margin = 0.037 ns (0.02% of Mean)
Skewness = -0.21, Kurtosis = 1.93, MValue = 2

// ** Remained 1 (12.5 %) benchmark(s) to run. Estimated finish 2026-09-24 9:38 (0h 0m from now) **
// **************************
// Benchmark: SnowflakeIdBenchmarks.ExtractShardId: ShortRun(IterationCount=3, LaunchCount=1, WarmupCount=3)
// *** Execute ***
// Launch: 1 / 1
// Execute: dotnet Encina.IdGeneration.Benchmarks-Job-YFEFPZ-1.dll --anonymousPipes 134 135 --benchmarkName Encina.IdGeneration.Benchmarks.SnowflakeIdBenchmarks.ExtractShardId --job ShortRun --benchmarkId 7 in /home/runner/work/Encina/Encina/tests/Encina.BenchmarkTests/Encina.IdGeneration.Benchmarks/bin/Release/net10.0/Encina.IdGeneration.Benchmarks-Job-YFEFPZ-1/bin/Release/net10.0
// Failed to set up high priority (Permission denied). In order to run benchmarks with high priority, make sure you have the right permissions.
// BeforeAnythingElse

// Benchmark Process Environment Information:
// BenchmarkDotNet v0.15.8
// Runtime=.NET 10.0.12 (10.0.12, 10.0.1226.42308), X64 RyuJIT x86-64-v4
// GC=Concurrent Workstation
// HardwareIntrinsics=AVX512 BITALG+VBMI2+VNNI+VPOPCNTDQ,AVX512 IFMA+VBMI,AVX512 F+BW+CD+DQ+VL,AVX2+BMI1+BMI2+F16C+FMA+LZCNT+MOVBE,AVX,SSE3+SSSE3+SSE4.1+SSE4.2+POPCNT,X86Base+SSE+SSE2,AES+PCLMUL VectorSize=256
// Job: ShortRun(IterationCount=3, LaunchCount=1, WarmupCount=3)

OverheadJitting  1: 1 op, 220473.00 ns, 220.4730 us/op
WorkloadJitting  1: 1 op, 18575888.00 ns, 18.5759 ms/op

OverheadJitting  2: 16 op, 465187.00 ns, 29.0742 us/op
WorkloadJitting  2: 16 op, 494506.00 ns, 30.9066 us/op

WorkloadPilot    1: 16 op, 5889.00 ns, 368.0625 ns/op
WorkloadPilot    2: 32 op, 6481.00 ns, 202.5313 ns/op
WorkloadPilot    3: 64 op, 10244.00 ns, 160.0625 ns/op
WorkloadPilot    4: 128 op, 17675.00 ns, 138.0859 ns/op
WorkloadPilot    5: 256 op, 49005.00 ns, 191.4258 ns/op
WorkloadPilot    6: 512 op, 52679.00 ns, 102.8887 ns/op
WorkloadPilot    7: 1024 op, 101692.00 ns, 99.3086 ns/op
WorkloadPilot    8: 2048 op, 172122.00 ns, 84.0439 ns/op
WorkloadPilot    9: 4096 op, 370890.00 ns, 90.5493 ns/op
WorkloadPilot   10: 8192 op, 1239318.00 ns, 151.2839 ns/op
WorkloadPilot   11: 16384 op, 3441645.00 ns, 210.0613 ns/op
WorkloadPilot   12: 32768 op, 7562147.00 ns, 230.7784 ns/op
WorkloadPilot   13: 65536 op, 15556917.00 ns, 237.3797 ns/op
WorkloadPilot   14: 131072 op, 31192496.00 ns, 237.9799 ns/op
WorkloadPilot   15: 262144 op, 63419456.00 ns, 241.9260 ns/op
WorkloadPilot   16: 524288 op, 127459362.00 ns, 243.1094 ns/op
WorkloadPilot   17: 1048576 op, 255375610.00 ns, 243.5452 ns/op
WorkloadPilot   18: 2097152 op, 511321782.00 ns, 243.8172 ns/op

OverheadWarmup   1: 2097152 op, 9788774.00 ns, 4.6677 ns/op
OverheadWarmup   2: 2097152 op, 10087122.00 ns, 4.8099 ns/op
OverheadWarmup   3: 2097152 op, 9521144.00 ns, 4.5400 ns/op
OverheadWarmup   4: 2097152 op, 9500393.00 ns, 4.5301 ns/op
OverheadWarmup   5: 2097152 op, 9660170.00 ns, 4.6063 ns/op
OverheadWarmup   6: 2097152 op, 9568548.00 ns, 4.5626 ns/op

OverheadActual   1: 2097152 op, 9713620.00 ns, 4.6318 ns/op
OverheadActual   2: 2097152 op, 9690194.00 ns, 4.6206 ns/op
OverheadActual   3: 2097152 op, 9600063.00 ns, 4.5777 ns/op
OverheadActual   4: 2097152 op, 9435292.00 ns, 4.4991 ns/op
OverheadActual   5: 2097152 op, 9664067.00 ns, 4.6082 ns/op
OverheadActual   6: 2097152 op, 9783225.00 ns, 4.6650 ns/op
OverheadActual   7: 2097152 op, 9555719.00 ns, 4.5565 ns/op
OverheadActual   8: 2097152 op, 9685072.00 ns, 4.6182 ns/op
OverheadActual   9: 2097152 op, 9919290.00 ns, 4.7299 ns/op
OverheadActual  10: 2097152 op, 9655090.00 ns, 4.6039 ns/op
OverheadActual  11: 2097152 op, 9645096.00 ns, 4.5991 ns/op
OverheadActual  12: 2097152 op, 9612211.00 ns, 4.5835 ns/op
OverheadActual  13: 2097152 op, 9551220.00 ns, 4.5544 ns/op
OverheadActual  14: 2097152 op, 9745611.00 ns, 4.6471 ns/op
OverheadActual  15: 2097152 op, 9929859.00 ns, 4.7349 ns/op

WorkloadWarmup   1: 2097152 op, 511274803.00 ns, 243.7948 ns/op
WorkloadWarmup   2: 2097152 op, 511292858.00 ns, 243.8034 ns/op
WorkloadWarmup   3: 2097152 op, 511375193.00 ns, 243.8427 ns/op

// BeforeActualRun
WorkloadActual   1: 2097152 op, 510705951.00 ns, 243.5236 ns/op
WorkloadActual   2: 2097152 op, 511210140.00 ns, 243.7640 ns/op
WorkloadActual   3: 2097152 op, 511266106.00 ns, 243.7907 ns/op

// AfterActualRun
WorkloadResult   1: 2097152 op, 501041884.00 ns, 238.9154 ns/op
WorkloadResult   2: 2097152 op, 501546073.00 ns, 239.1558 ns/op
WorkloadResult   3: 2097152 op, 501602039.00 ns, 239.1825 ns/op
// GC:  0 0 0 0 2097152
// Threading:  0 0 2097152

// AfterAll
// Benchmark Process 3364 has exited with code 0.

Mean = 239.085 ns, StdErr = 0.085 ns (0.04%), N = 3, StdDev = 0.147 ns
Min = 238.915 ns, Q1 = 239.036 ns, Median = 239.156 ns, Q3 = 239.169 ns, Max = 239.182 ns
IQR = 0.134 ns, LowerFence = 238.835 ns, UpperFence = 239.369 ns
ConfidenceInterval = [236.401 ns; 241.768 ns] (CI 99.9%), Margin = 2.684 ns (1.12% of Mean)
Skewness = -0.37, Kurtosis = 0.67, MValue = 2

// ** Remained 0 (0.0 %) benchmark(s) to run. Estimated finish 2026-09-24 9:38 (0h 0m from now) **
// ***** BenchmarkRunner: Finish  *****

// * Export *
  artifacts/performance/IdGeneration/results/Encina.IdGeneration.Benchmarks.SnowflakeIdBenchmarks-report.csv
  artifacts/performance/IdGeneration/results/Encina.IdGeneration.Benchmarks.SnowflakeIdBenchmarks-report-github.md
  artifacts/performance/IdGeneration/results/Encina.IdGeneration.Benchmarks.SnowflakeIdBenchmarks-report.html
  artifacts/performance/IdGeneration/results/Encina.IdGeneration.Benchmarks.SnowflakeIdBenchmarks-report-full-compressed.json

// * Detailed results *
SnowflakeIdBenchmarks.Generate_WithShardId: Job-YFEFPZ(IterationCount=10, WarmupCount=3)
Runtime = .NET 10.0.12 (10.0.12, 10.0.1226.42308), X64 RyuJIT x86-64-v4; GC = Concurrent Workstation
Mean = 241.365 ns, StdErr = 0.034 ns (0.01%), N = 10, StdDev = 0.108 ns
Min = 241.072 ns, Q1 = 241.377 ns, Median = 241.387 ns, Q3 = 241.422 ns, Max = 241.441 ns
IQR = 0.045 ns, LowerFence = 241.310 ns, UpperFence = 241.489 ns
ConfidenceInterval = [241.202 ns; 241.528 ns] (CI 99.9%), Margin = 0.163 ns (0.07% of Mean)
Skewness = -1.91, Kurtosis = 5.48, MValue = 2
-------------------- Histogram --------------------
[241.006 ns ; 241.507 ns) | @@@@@@@@@@
---------------------------------------------------

SnowflakeIdBenchmarks.GenerateAndGetValue: Job-YFEFPZ(IterationCount=10, WarmupCount=3)
Runtime = .NET 10.0.12 (10.0.12, 10.0.1226.42308), X64 RyuJIT x86-64-v4; GC = Concurrent Workstation
Mean = 241.209 ns, StdErr = 0.027 ns (0.01%), N = 10, StdDev = 0.084 ns
Min = 241.000 ns, Q1 = 241.187 ns, Median = 241.223 ns, Q3 = 241.244 ns, Max = 241.300 ns
IQR = 0.057 ns, LowerFence = 241.101 ns, UpperFence = 241.330 ns
ConfidenceInterval = [241.082 ns; 241.335 ns] (CI 99.9%), Margin = 0.127 ns (0.05% of Mean)
Skewness = -1.34, Kurtosis = 4.11, MValue = 2
-------------------- Histogram --------------------
[240.948 ns ; 241.351 ns) | @@@@@@@@@@
---------------------------------------------------

SnowflakeIdBenchmarks.Generate: Job-YFEFPZ(IterationCount=10, WarmupCount=3)
Runtime = .NET 10.0.12 (10.0.12, 10.0.1226.42308), X64 RyuJIT x86-64-v4; GC = Concurrent Workstation
Mean = 241.296 ns, StdErr = 0.041 ns (0.02%), N = 10, StdDev = 0.129 ns
Min = 240.980 ns, Q1 = 241.316 ns, Median = 241.338 ns, Q3 = 241.356 ns, Max = 241.401 ns
IQR = 0.040 ns, LowerFence = 241.257 ns, UpperFence = 241.416 ns
ConfidenceInterval = [241.101 ns; 241.492 ns] (CI 99.9%), Margin = 0.196 ns (0.08% of Mean)
Skewness = -1.45, Kurtosis = 3.78, MValue = 2
-------------------- Histogram --------------------
[240.901 ns ; 241.480 ns) | @@@@@@@@@@
---------------------------------------------------

SnowflakeIdBenchmarks.ExtractShardId: Job-YFEFPZ(IterationCount=10, WarmupCount=3)
Runtime = .NET 10.0.12 (10.0.12, 10.0.1226.42308), X64 RyuJIT x86-64-v4; GC = Concurrent Workstation
Mean = 239.233 ns, StdErr = 0.007 ns (0.00%), N = 9, StdDev = 0.022 ns
Min = 239.192 ns, Q1 = 239.223 ns, Median = 239.228 ns, Q3 = 239.247 ns, Max = 239.263 ns
IQR = 0.025 ns, LowerFence = 239.185 ns, UpperFence = 239.284 ns
ConfidenceInterval = [239.196 ns; 239.271 ns] (CI 99.9%), Margin = 0.037 ns (0.02% of Mean)
Skewness = -0.21, Kurtosis = 1.93, MValue = 2
-------------------- Histogram --------------------
[239.178 ns ; 239.277 ns) | @@@@@@@@@
---------------------------------------------------

SnowflakeIdBenchmarks.Generate_WithShardId: ShortRun(IterationCount=3, LaunchCount=1, WarmupCount=3)
Runtime = .NET 10.0.12 (10.0.12, 10.0.1226.42308), X64 RyuJIT x86-64-v4; GC = Concurrent Workstation
Mean = 241.226 ns, StdErr = 0.064 ns (0.03%), N = 3, StdDev = 0.111 ns
Min = 241.097 ns, Q1 = 241.190 ns, Median = 241.283 ns, Q3 = 241.290 ns, Max = 241.297 ns
IQR = 0.100 ns, LowerFence = 241.040 ns, UpperFence = 241.440 ns
ConfidenceInterval = [239.193 ns; 243.258 ns] (CI 99.9%), Margin = 2.033 ns (0.84% of Mean)
Skewness = -0.38, Kurtosis = 0.67, MValue = 2
-------------------- Histogram --------------------
[241.096 ns ; 241.299 ns) | @@@
---------------------------------------------------

SnowflakeIdBenchmarks.GenerateAndGetValue: ShortRun(IterationCount=3, LaunchCount=1, WarmupCount=3)
Runtime = .NET 10.0.12 (10.0.12, 10.0.1226.42308), X64 RyuJIT x86-64-v4; GC = Concurrent Workstation
Mean = 241.313 ns, StdErr = 0.015 ns (0.01%), N = 3, StdDev = 0.026 ns
Min = 241.296 ns, Q1 = 241.298 ns, Median = 241.300 ns, Q3 = 241.321 ns, Max = 241.342 ns
IQR = 0.023 ns, LowerFence = 241.263 ns, UpperFence = 241.356 ns
ConfidenceInterval = [240.846 ns; 241.779 ns] (CI 99.9%), Margin = 0.467 ns (0.19% of Mean)
Skewness = 0.37, Kurtosis = 0.67, MValue = 2
-------------------- Histogram --------------------
[241.296 ns ; 241.342 ns) | @@@
---------------------------------------------------

SnowflakeIdBenchmarks.Generate: ShortRun(IterationCount=3, LaunchCount=1, WarmupCount=3)
Runtime = .NET 10.0.12 (10.0.12, 10.0.1226.42308), X64 RyuJIT x86-64-v4; GC = Concurrent Workstation
Mean = 241.266 ns, StdErr = 0.100 ns (0.04%), N = 3, StdDev = 0.174 ns
Min = 241.066 ns, Q1 = 241.205 ns, Median = 241.344 ns, Q3 = 241.365 ns, Max = 241.387 ns
IQR = 0.160 ns, LowerFence = 240.965 ns, UpperFence = 241.606 ns
ConfidenceInterval = [238.093 ns; 244.438 ns] (CI 99.9%), Margin = 3.173 ns (1.32% of Mean)
Skewness = -0.36, Kurtosis = 0.67, MValue = 2
-------------------- Histogram --------------------
[240.908 ns ; 241.545 ns) | @@@
---------------------------------------------------

SnowflakeIdBenchmarks.ExtractShardId: ShortRun(IterationCount=3, LaunchCount=1, WarmupCount=3)
Runtime = .NET 10.0.12 (10.0.12, 10.0.1226.42308), X64 RyuJIT x86-64-v4; GC = Concurrent Workstation
Mean = 239.085 ns, StdErr = 0.085 ns (0.04%), N = 3, StdDev = 0.147 ns
Min = 238.915 ns, Q1 = 239.036 ns, Median = 239.156 ns, Q3 = 239.169 ns, Max = 239.182 ns
IQR = 0.134 ns, LowerFence = 238.835 ns, UpperFence = 239.369 ns
ConfidenceInterval = [236.401 ns; 241.768 ns] (CI 99.9%), Margin = 2.684 ns (1.12% of Mean)
Skewness = -0.37, Kurtosis = 0.67, MValue = 2
-------------------- Histogram --------------------
[238.915 ns ; 239.183 ns) | @@@
---------------------------------------------------

// * Summary *

BenchmarkDotNet v0.15.8, Linux Ubuntu 24.04.5 LTS (Noble Numbat)
INTEL XEON PLATINUM 8573C 2.30GHz, 1 CPU, 4 logical and 2 physical cores
.NET SDK 10.0.401
  [Host]     : .NET 10.0.12 (10.0.12, 10.0.1226.42308), X64 RyuJIT x86-64-v4
  Job-YFEFPZ : .NET 10.0.12 (10.0.12, 10.0.1226.42308), X64 RyuJIT x86-64-v4
  ShortRun   : .NET 10.0.12 (10.0.12, 10.0.1226.42308), X64 RyuJIT x86-64-v4

WarmupCount=3  

| Method               | Job        | IterationCount | LaunchCount | Mean     | Error   | StdDev  | Ratio | Allocated | Alloc Ratio |
|--------------------- |----------- |--------------- |------------ |---------:|--------:|--------:|------:|----------:|------------:|
| Generate_WithShardId | Job-YFEFPZ | 10             | Default     | 241.4 ns | 0.16 ns | 0.11 ns |  1.00 |         - |          NA |
| GenerateAndGetValue  | Job-YFEFPZ | 10             | Default     | 241.2 ns | 0.13 ns | 0.08 ns |  1.00 |         - |          NA |
| Generate             | Job-YFEFPZ | 10             | Default     | 241.3 ns | 0.20 ns | 0.13 ns |  1.00 |         - |          NA |
| ExtractShardId       | Job-YFEFPZ | 10             | Default     | 239.2 ns | 0.04 ns | 0.02 ns |  0.99 |         - |          NA |
|                      |            |                |             |          |         |         |       |           |             |
| Generate_WithShardId | ShortRun   | 3              | 1           | 241.2 ns | 2.03 ns | 0.11 ns |  1.00 |         - |          NA |
| GenerateAndGetValue  | ShortRun   | 3              | 1           | 241.3 ns | 0.47 ns | 0.03 ns |  1.00 |         - |          NA |
| Generate             | ShortRun   | 3              | 1           | 241.3 ns | 3.17 ns | 0.17 ns |  1.00 |         - |          NA |
| ExtractShardId       | ShortRun   | 3              | 1           | 239.1 ns | 2.68 ns | 0.15 ns |  0.99 |         - |          NA |

// * Hints *
Outliers
  SnowflakeIdBenchmarks.Generate_WithShardId: IterationCount=10, WarmupCount=3 -> 1 outlier  was  detected (243.49 ns)
  SnowflakeIdBenchmarks.GenerateAndGetValue: IterationCount=10, WarmupCount=3  -> 1 outlier  was  detected (243.50 ns)
  SnowflakeIdBenchmarks.Generate: IterationCount=10, WarmupCount=3             -> 2 outliers were detected (243.45 ns, 243.63 ns)
  SnowflakeIdBenchmarks.ExtractShardId: IterationCount=10, WarmupCount=3       -> 1 outlier  was  removed (244.70 ns)
// * Config Issues *

// * Warnings *
Configuration
  Summary -> The exporter CsvExporter is already present in configuration. There may be unexpected results.
  Summary -> The exporter HtmlExporter is already present in configuration. There may be unexpected results.
  Summary -> The exporter MarkdownExporter-github is already present in configuration. There may be unexpected results.

// * Legends *
  Mean        : Arithmetic mean of all measurements
  Error       : Half of 99.9% confidence interval
  StdDev      : Standard deviation of all measurements
  Ratio       : Mean of the ratio distribution ([Current]/[Baseline])
  Allocated   : Allocated memory per single operation (managed only, inclusive, 1KB = 1024B)
  Alloc Ratio : Allocated memory ratio distribution ([Current]/[Baseline])
  1 ns        : 1 Nanosecond (0.000000001 sec)

// * Diagnostic Output - MemoryDiagnoser *


// ***** BenchmarkRunner: End *****
Run time: 00:00:54 (54.66 sec), executed benchmarks: 8

Global total time: 00:01:36 (96.38 sec), executed benchmarks: 8
// * Artifacts cleanup *
Artifacts cleanup is finished
