// Validating benchmarks:
// ***** BenchmarkRunner: Start   *****
// ***** Found 5 benchmark(s) in total *****
// ***** Building 1 exe(s) in Parallel: Start   *****
// start dotnet  restore --nodeReuse:false /p:UseSharedCompilation=false /p:Deterministic=true /p:Optimize=true /p:ArtifactsPath="/home/runner/work/Encina/Encina/tests/Encina.BenchmarkTests/Encina.Benchmarks/bin/Release/net10.0/Encina.Benchmarks-ShortRun-1/" /p:OutDir="/home/runner/work/Encina/Encina/tests/Encina.BenchmarkTests/Encina.Benchmarks/bin/Release/net10.0/Encina.Benchmarks-ShortRun-1/bin/Release/net10.0/" /p:OutputPath="/home/runner/work/Encina/Encina/tests/Encina.BenchmarkTests/Encina.Benchmarks/bin/Release/net10.0/Encina.Benchmarks-ShortRun-1/bin/Release/net10.0/" /p:PublishDir="/home/runner/work/Encina/Encina/tests/Encina.BenchmarkTests/Encina.Benchmarks/bin/Release/net10.0/Encina.Benchmarks-ShortRun-1/publish/" in /home/runner/work/Encina/Encina/tests/Encina.BenchmarkTests/Encina.Benchmarks/bin/Release/net10.0/Encina.Benchmarks-ShortRun-1
// command took 2.25 sec and exited with 0
// start dotnet  build -c Release --no-restore --nodeReuse:false /p:UseSharedCompilation=false /p:Deterministic=true /p:Optimize=true /p:ArtifactsPath="/home/runner/work/Encina/Encina/tests/Encina.BenchmarkTests/Encina.Benchmarks/bin/Release/net10.0/Encina.Benchmarks-ShortRun-1/" /p:OutDir="/home/runner/work/Encina/Encina/tests/Encina.BenchmarkTests/Encina.Benchmarks/bin/Release/net10.0/Encina.Benchmarks-ShortRun-1/bin/Release/net10.0/" /p:OutputPath="/home/runner/work/Encina/Encina/tests/Encina.BenchmarkTests/Encina.Benchmarks/bin/Release/net10.0/Encina.Benchmarks-ShortRun-1/bin/Release/net10.0/" /p:PublishDir="/home/runner/work/Encina/Encina/tests/Encina.BenchmarkTests/Encina.Benchmarks/bin/Release/net10.0/Encina.Benchmarks-ShortRun-1/publish/" --output "/home/runner/work/Encina/Encina/tests/Encina.BenchmarkTests/Encina.Benchmarks/bin/Release/net10.0/Encina.Benchmarks-ShortRun-1/bin/Release/net10.0/" in /home/runner/work/Encina/Encina/tests/Encina.BenchmarkTests/Encina.Benchmarks/bin/Release/net10.0/Encina.Benchmarks-ShortRun-1
// command took 132.12 sec and exited with 0
// ***** Done, took 00:02:14 (134.58 sec)   *****
// Found 5 benchmarks:
//   DelegateInvocationBenchmarks.CompiledDelegate: ShortRun(IterationCount=3, LaunchCount=1, WarmupCount=3)
//   DelegateInvocationBenchmarks.DirectCall: ShortRun(IterationCount=3, LaunchCount=1, WarmupCount=3)
//   DelegateInvocationBenchmarks.ExpressionCompilation: ShortRun(IterationCount=3, LaunchCount=1, WarmupCount=3)
//   DelegateInvocationBenchmarks.GenericTypeConstruction: ShortRun(IterationCount=3, LaunchCount=1, WarmupCount=3)
//   DelegateInvocationBenchmarks.MethodInfoInvoke: ShortRun(IterationCount=3, LaunchCount=1, WarmupCount=3)

// **************************
// Benchmark: DelegateInvocationBenchmarks.CompiledDelegate: ShortRun(IterationCount=3, LaunchCount=1, WarmupCount=3)
// *** Execute ***
// Launch: 1 / 1
// Execute: dotnet Encina.Benchmarks-ShortRun-1.dll --anonymousPipes 223 224 --benchmarkName Encina.Benchmarks.DelegateInvocationBenchmarks.CompiledDelegate --job ShortRun --benchmarkId 0 in /home/runner/work/Encina/Encina/tests/Encina.BenchmarkTests/Encina.Benchmarks/bin/Release/net10.0/Encina.Benchmarks-ShortRun-1/bin/Release/net10.0
// Failed to set up high priority (Permission denied). In order to run benchmarks with high priority, make sure you have the right permissions.
// BeforeAnythingElse

// Benchmark Process Environment Information:
// BenchmarkDotNet v0.15.8
// Runtime=.NET 10.0.12 (10.0.12, 10.0.1226.42308), X64 RyuJIT x86-64-v4
// GC=Concurrent Workstation
// HardwareIntrinsics=AVX512 BITALG+VBMI2+VNNI+VPOPCNTDQ,AVX512 IFMA+VBMI,AVX512 F+BW+CD+DQ+VL,AVX2+BMI1+BMI2+F16C+FMA+LZCNT+MOVBE,AVX,SSE3+SSSE3+SSE4.1+SSE4.2+POPCNT,X86Base+SSE+SSE2,AES+PCLMUL,AvxVnni VectorSize=256
// Job: ShortRun(IterationCount=3, LaunchCount=1, WarmupCount=3)

OverheadJitting  1: 1 op, 142084.00 ns, 142.0840 us/op
WorkloadJitting  1: 1 op, 3471463.00 ns, 3.4715 ms/op

OverheadJitting  2: 16 op, 150677.00 ns, 9.4173 us/op
WorkloadJitting  2: 16 op, 178249.00 ns, 11.1406 us/op

WorkloadPilot    1: 16 op, 2214.00 ns, 138.3750 ns/op
WorkloadPilot    2: 32 op, 2274.00 ns, 71.0625 ns/op
WorkloadPilot    3: 64 op, 11608.00 ns, 181.3750 ns/op
WorkloadPilot    4: 128 op, 13841.00 ns, 108.1328 ns/op
WorkloadPilot    5: 256 op, 21172.00 ns, 82.7031 ns/op
WorkloadPilot    6: 512 op, 26921.00 ns, 52.5801 ns/op
WorkloadPilot    7: 1024 op, 67642.00 ns, 66.0566 ns/op
WorkloadPilot    8: 2048 op, 127913.00 ns, 62.4575 ns/op
WorkloadPilot    9: 4096 op, 168224.00 ns, 41.0703 ns/op
WorkloadPilot   10: 8192 op, 427867.00 ns, 52.2299 ns/op
WorkloadPilot   11: 16384 op, 839007.00 ns, 51.2089 ns/op
WorkloadPilot   12: 32768 op, 1671114.00 ns, 50.9984 ns/op
WorkloadPilot   13: 65536 op, 3289378.00 ns, 50.1919 ns/op
WorkloadPilot   14: 131072 op, 6709354.00 ns, 51.1883 ns/op
WorkloadPilot   15: 262144 op, 6507409.00 ns, 24.8238 ns/op
WorkloadPilot   16: 524288 op, 12218094.00 ns, 23.3042 ns/op
WorkloadPilot   17: 1048576 op, 20980078.00 ns, 20.0082 ns/op
WorkloadPilot   18: 2097152 op, 41702788.00 ns, 19.8854 ns/op
WorkloadPilot   19: 4194304 op, 83806583.00 ns, 19.9810 ns/op
WorkloadPilot   20: 8388608 op, 166413109.00 ns, 19.8380 ns/op
WorkloadPilot   21: 16777216 op, 331235634.00 ns, 19.7432 ns/op
WorkloadPilot   22: 33554432 op, 663572874.00 ns, 19.7760 ns/op

OverheadWarmup   1: 33554432 op, 38626563.00 ns, 1.1512 ns/op
OverheadWarmup   2: 33554432 op, 37976481.00 ns, 1.1318 ns/op
OverheadWarmup   3: 33554432 op, 38825983.00 ns, 1.1571 ns/op
OverheadWarmup   4: 33554432 op, 38268061.00 ns, 1.1405 ns/op
OverheadWarmup   5: 33554432 op, 37704379.00 ns, 1.1237 ns/op
OverheadWarmup   6: 33554432 op, 39292138.00 ns, 1.1710 ns/op
OverheadWarmup   7: 33554432 op, 37983300.00 ns, 1.1320 ns/op

OverheadActual   1: 33554432 op, 37866104.00 ns, 1.1285 ns/op
OverheadActual   2: 33554432 op, 39468414.00 ns, 1.1763 ns/op
OverheadActual   3: 33554432 op, 39809749.00 ns, 1.1864 ns/op
OverheadActual   4: 33554432 op, 38246048.00 ns, 1.1398 ns/op
OverheadActual   5: 33554432 op, 38959966.00 ns, 1.1611 ns/op
OverheadActual   6: 33554432 op, 37973956.00 ns, 1.1317 ns/op
OverheadActual   7: 33554432 op, 38542024.00 ns, 1.1486 ns/op
OverheadActual   8: 33554432 op, 37700073.00 ns, 1.1235 ns/op
OverheadActual   9: 33554432 op, 38414392.00 ns, 1.1448 ns/op
OverheadActual  10: 33554432 op, 37922188.00 ns, 1.1302 ns/op
OverheadActual  11: 33554432 op, 37999675.00 ns, 1.1325 ns/op
OverheadActual  12: 33554432 op, 38334892.00 ns, 1.1425 ns/op
OverheadActual  13: 33554432 op, 38378518.00 ns, 1.1438 ns/op
OverheadActual  14: 33554432 op, 38259478.00 ns, 1.1402 ns/op
OverheadActual  15: 33554432 op, 38210364.00 ns, 1.1388 ns/op

WorkloadWarmup   1: 33554432 op, 670780259.00 ns, 19.9908 ns/op
WorkloadWarmup   2: 33554432 op, 694411310.00 ns, 20.6951 ns/op
WorkloadWarmup   3: 33554432 op, 691965787.00 ns, 20.6222 ns/op

// BeforeActualRun
WorkloadActual   1: 33554432 op, 665075014.00 ns, 19.8208 ns/op
WorkloadActual   2: 33554432 op, 663845126.00 ns, 19.7841 ns/op
WorkloadActual   3: 33554432 op, 683410216.00 ns, 20.3672 ns/op

// AfterActualRun
WorkloadResult   1: 33554432 op, 626815536.00 ns, 18.6806 ns/op
WorkloadResult   2: 33554432 op, 625585648.00 ns, 18.6439 ns/op
WorkloadResult   3: 33554432 op, 645150738.00 ns, 19.2270 ns/op
// GC:  224 0 0 3758096384 33554432
// Threading:  0 0 33554432

// AfterAll
// Benchmark Process 3581 has exited with code 0.

Mean = 18.850 ns, StdErr = 0.189 ns (1.00%), N = 3, StdDev = 0.327 ns
Min = 18.644 ns, Q1 = 18.662 ns, Median = 18.681 ns, Q3 = 18.954 ns, Max = 19.227 ns
IQR = 0.292 ns, LowerFence = 18.225 ns, UpperFence = 19.391 ns
ConfidenceInterval = [12.892 ns; 24.808 ns] (CI 99.9%), Margin = 5.958 ns (31.61% of Mean)
Skewness = 0.38, Kurtosis = 0.67, MValue = 2

// ** Remained 4 (80.0 %) benchmark(s) to run. Estimated finish 2026-09-24 9:20 (0h 0m from now) **
// **************************
// Benchmark: DelegateInvocationBenchmarks.DirectCall: ShortRun(IterationCount=3, LaunchCount=1, WarmupCount=3)
// *** Execute ***
// Launch: 1 / 1
// Execute: dotnet Encina.Benchmarks-ShortRun-1.dll --anonymousPipes 223 224 --benchmarkName Encina.Benchmarks.DelegateInvocationBenchmarks.DirectCall --job ShortRun --benchmarkId 1 in /home/runner/work/Encina/Encina/tests/Encina.BenchmarkTests/Encina.Benchmarks/bin/Release/net10.0/Encina.Benchmarks-ShortRun-1/bin/Release/net10.0
// Failed to set up high priority (Permission denied). In order to run benchmarks with high priority, make sure you have the right permissions.
// BeforeAnythingElse

// Benchmark Process Environment Information:
// BenchmarkDotNet v0.15.8
// Runtime=.NET 10.0.12 (10.0.12, 10.0.1226.42308), X64 RyuJIT x86-64-v4
// GC=Concurrent Workstation
// HardwareIntrinsics=AVX512 BITALG+VBMI2+VNNI+VPOPCNTDQ,AVX512 IFMA+VBMI,AVX512 F+BW+CD+DQ+VL,AVX2+BMI1+BMI2+F16C+FMA+LZCNT+MOVBE,AVX,SSE3+SSSE3+SSE4.1+SSE4.2+POPCNT,X86Base+SSE+SSE2,AES+PCLMUL,AvxVnni VectorSize=256
// Job: ShortRun(IterationCount=3, LaunchCount=1, WarmupCount=3)

OverheadJitting  1: 1000 op, 152020.00 ns, 152.0200 ns/op
WorkloadJitting  1: 1000 op, 3742433.00 ns, 3.7424 us/op

OverheadJitting  2: 16000 op, 160673.00 ns, 10.0421 ns/op
WorkloadJitting  2: 16000 op, 1051267.00 ns, 65.7042 ns/op

WorkloadPilot    1: 16000 op, 801851.00 ns, 50.1157 ns/op
WorkloadPilot    2: 32000 op, 1130077.00 ns, 35.3149 ns/op
WorkloadPilot    3: 64000 op, 2165090.00 ns, 33.8295 ns/op
WorkloadPilot    4: 128000 op, 4942755.00 ns, 38.6153 ns/op
WorkloadPilot    5: 256000 op, 6749424.00 ns, 26.3649 ns/op
WorkloadPilot    6: 512000 op, 7930518.00 ns, 15.4893 ns/op
WorkloadPilot    7: 1024000 op, 15118654.00 ns, 14.7643 ns/op
WorkloadPilot    8: 2048000 op, 30110887.00 ns, 14.7026 ns/op
WorkloadPilot    9: 4096000 op, 60473845.00 ns, 14.7641 ns/op
WorkloadPilot   10: 8192000 op, 120456063.00 ns, 14.7041 ns/op
WorkloadPilot   11: 16384000 op, 239139186.00 ns, 14.5959 ns/op
WorkloadPilot   12: 32768000 op, 477336319.00 ns, 14.5671 ns/op
WorkloadPilot   13: 65536000 op, 951302198.00 ns, 14.5157 ns/op

OverheadWarmup   1: 65536000 op, 74082.00 ns, 0.0011 ns/op
OverheadWarmup   2: 65536000 op, 73471.00 ns, 0.0011 ns/op
OverheadWarmup   3: 65536000 op, 73421.00 ns, 0.0011 ns/op
OverheadWarmup   4: 65536000 op, 73421.00 ns, 0.0011 ns/op
OverheadWarmup   5: 65536000 op, 73441.00 ns, 0.0011 ns/op
OverheadWarmup   6: 65536000 op, 73281.00 ns, 0.0011 ns/op
OverheadWarmup   7: 65536000 op, 73361.00 ns, 0.0011 ns/op

OverheadActual   1: 65536000 op, 73632.00 ns, 0.0011 ns/op
OverheadActual   2: 65536000 op, 73621.00 ns, 0.0011 ns/op
OverheadActual   3: 65536000 op, 73641.00 ns, 0.0011 ns/op
OverheadActual   4: 65536000 op, 73471.00 ns, 0.0011 ns/op
OverheadActual   5: 65536000 op, 73641.00 ns, 0.0011 ns/op
OverheadActual   6: 65536000 op, 73502.00 ns, 0.0011 ns/op
OverheadActual   7: 65536000 op, 73421.00 ns, 0.0011 ns/op
OverheadActual   8: 65536000 op, 217749.00 ns, 0.0033 ns/op
OverheadActual   9: 65536000 op, 73451.00 ns, 0.0011 ns/op
OverheadActual  10: 65536000 op, 73391.00 ns, 0.0011 ns/op
OverheadActual  11: 65536000 op, 73301.00 ns, 0.0011 ns/op
OverheadActual  12: 65536000 op, 81032.00 ns, 0.0012 ns/op
OverheadActual  13: 65536000 op, 75634.00 ns, 0.0012 ns/op
OverheadActual  14: 65536000 op, 75193.00 ns, 0.0011 ns/op
OverheadActual  15: 65536000 op, 73421.00 ns, 0.0011 ns/op

WorkloadWarmup   1: 65536000 op, 952010147.00 ns, 14.5265 ns/op
WorkloadWarmup   2: 65536000 op, 1052604511.00 ns, 16.0615 ns/op
WorkloadWarmup   3: 65536000 op, 942013556.00 ns, 14.3740 ns/op

// BeforeActualRun
WorkloadActual   1: 65536000 op, 973861386.00 ns, 14.8599 ns/op
WorkloadActual   2: 65536000 op, 956784809.00 ns, 14.5994 ns/op
WorkloadActual   3: 65536000 op, 957666993.00 ns, 14.6128 ns/op

// AfterActualRun
WorkloadResult   1: 65536000 op, 973787765.00 ns, 14.8588 ns/op
WorkloadResult   2: 65536000 op, 956711188.00 ns, 14.5983 ns/op
WorkloadResult   3: 65536000 op, 957593372.00 ns, 14.6117 ns/op
// GC:  438 0 0 7340032000 65536000
// Threading:  0 0 65536000

// AfterAll
// Benchmark Process 3592 has exited with code 0.

Mean = 14.690 ns, StdErr = 0.085 ns (0.58%), N = 3, StdDev = 0.147 ns
Min = 14.598 ns, Q1 = 14.605 ns, Median = 14.612 ns, Q3 = 14.735 ns, Max = 14.859 ns
IQR = 0.130 ns, LowerFence = 14.410 ns, UpperFence = 14.931 ns
ConfidenceInterval = [12.013 ns; 17.366 ns] (CI 99.9%), Margin = 2.676 ns (18.22% of Mean)
Skewness = 0.38, Kurtosis = 0.67, MValue = 2

// ** Remained 3 (60.0 %) benchmark(s) to run. Estimated finish 2026-09-24 9:20 (0h 0m from now) **
// **************************
// Benchmark: DelegateInvocationBenchmarks.ExpressionCompilation: ShortRun(IterationCount=3, LaunchCount=1, WarmupCount=3)
// *** Execute ***
// Launch: 1 / 1
// Execute: dotnet Encina.Benchmarks-ShortRun-1.dll --anonymousPipes 223 224 --benchmarkName Encina.Benchmarks.DelegateInvocationBenchmarks.ExpressionCompilation --job ShortRun --benchmarkId 2 in /home/runner/work/Encina/Encina/tests/Encina.BenchmarkTests/Encina.Benchmarks/bin/Release/net10.0/Encina.Benchmarks-ShortRun-1/bin/Release/net10.0
// Failed to set up high priority (Permission denied). In order to run benchmarks with high priority, make sure you have the right permissions.
// BeforeAnythingElse

// Benchmark Process Environment Information:
// BenchmarkDotNet v0.15.8
// Runtime=.NET 10.0.12 (10.0.12, 10.0.1226.42308), X64 RyuJIT x86-64-v4
// GC=Concurrent Workstation
// HardwareIntrinsics=AVX512 BITALG+VBMI2+VNNI+VPOPCNTDQ,AVX512 IFMA+VBMI,AVX512 F+BW+CD+DQ+VL,AVX2+BMI1+BMI2+F16C+FMA+LZCNT+MOVBE,AVX,SSE3+SSSE3+SSE4.1+SSE4.2+POPCNT,X86Base+SSE+SSE2,AES+PCLMUL,AvxVnni VectorSize=256
// Job: ShortRun(IterationCount=3, LaunchCount=1, WarmupCount=3)

OverheadJitting  1: 1 op, 154924.00 ns, 154.9240 us/op
WorkloadJitting  1: 1 op, 373033.00 ns, 373.0330 us/op

OverheadJitting  2: 16 op, 320795.00 ns, 20.0497 us/op
WorkloadJitting  2: 16 op, 702972.00 ns, 43.9358 us/op

WorkloadPilot    1: 16 op, 378111.00 ns, 23.6319 us/op
WorkloadPilot    2: 32 op, 578815.00 ns, 18.0880 us/op
WorkloadPilot    3: 64 op, 1032169.00 ns, 16.1276 us/op
WorkloadPilot    4: 128 op, 2341898.00 ns, 18.2961 us/op
WorkloadPilot    5: 256 op, 3934884.00 ns, 15.3706 us/op
WorkloadPilot    6: 512 op, 8108108.00 ns, 15.8361 us/op
WorkloadPilot    7: 1024 op, 15118117.00 ns, 14.7638 us/op
WorkloadPilot    8: 2048 op, 30500535.00 ns, 14.8928 us/op
WorkloadPilot    9: 4096 op, 62581956.00 ns, 15.2788 us/op
WorkloadPilot   10: 8192 op, 121614421.00 ns, 14.8455 us/op
WorkloadPilot   11: 16384 op, 243161299.00 ns, 14.8414 us/op
WorkloadPilot   12: 32768 op, 497105909.00 ns, 15.1705 us/op
WorkloadPilot   13: 65536 op, 1058216583.00 ns, 16.1471 us/op

OverheadWarmup   1: 65536 op, 132019.00 ns, 2.0145 ns/op
OverheadWarmup   2: 65536 op, 137538.00 ns, 2.0987 ns/op
OverheadWarmup   3: 65536 op, 136045.00 ns, 2.0759 ns/op
OverheadWarmup   4: 65536 op, 136837.00 ns, 2.0880 ns/op
OverheadWarmup   5: 65536 op, 150127.00 ns, 2.2908 ns/op
OverheadWarmup   6: 65536 op, 137047.00 ns, 2.0912 ns/op

OverheadActual   1: 65536 op, 137077.00 ns, 2.0916 ns/op
OverheadActual   2: 65536 op, 175836.00 ns, 2.6830 ns/op
OverheadActual   3: 65536 op, 139310.00 ns, 2.1257 ns/op
OverheadActual   4: 65536 op, 136236.00 ns, 2.0788 ns/op
OverheadActual   5: 65536 op, 137898.00 ns, 2.1042 ns/op
OverheadActual   6: 65536 op, 137258.00 ns, 2.0944 ns/op
OverheadActual   7: 65536 op, 137077.00 ns, 2.0916 ns/op
OverheadActual   8: 65536 op, 137037.00 ns, 2.0910 ns/op
OverheadActual   9: 65536 op, 181354.00 ns, 2.7672 ns/op
OverheadActual  10: 65536 op, 136847.00 ns, 2.0881 ns/op
OverheadActual  11: 65536 op, 137037.00 ns, 2.0910 ns/op
OverheadActual  12: 65536 op, 137017.00 ns, 2.0907 ns/op
OverheadActual  13: 65536 op, 136957.00 ns, 2.0898 ns/op
OverheadActual  14: 65536 op, 137387.00 ns, 2.0964 ns/op
OverheadActual  15: 65536 op, 137799.00 ns, 2.1026 ns/op

WorkloadWarmup   1: 65536 op, 1030934244.00 ns, 15.7308 us/op
WorkloadWarmup   2: 65536 op, 1031374600.00 ns, 15.7375 us/op
WorkloadWarmup   3: 65536 op, 989036778.00 ns, 15.0915 us/op

// BeforeActualRun
WorkloadActual   1: 65536 op, 1024690446.00 ns, 15.6355 us/op
WorkloadActual   2: 65536 op, 1042056074.00 ns, 15.9005 us/op
WorkloadActual   3: 65536 op, 1019016686.00 ns, 15.5490 us/op

// AfterActualRun
WorkloadResult   1: 65536 op, 1024553369.00 ns, 15.6334 us/op
WorkloadResult   2: 65536 op, 1041918997.00 ns, 15.8984 us/op
WorkloadResult   3: 65536 op, 1018879609.00 ns, 15.5469 us/op
// GC:  20 19 0 346513736 65536
// Threading:  0 0 65536

// AfterAll
// Benchmark Process 3601 has exited with code 0.

Mean = 15.693 μs, StdErr = 0.106 μs (0.67%), N = 3, StdDev = 0.183 μs
Min = 15.547 μs, Q1 = 15.590 μs, Median = 15.633 μs, Q3 = 15.766 μs, Max = 15.898 μs
IQR = 0.176 μs, LowerFence = 15.326 μs, UpperFence = 16.030 μs
ConfidenceInterval = [12.351 μs; 19.035 μs] (CI 99.9%), Margin = 3.342 μs (21.29% of Mean)
Skewness = 0.29, Kurtosis = 0.67, MValue = 2

// ** Remained 2 (40.0 %) benchmark(s) to run. Estimated finish 2026-09-24 9:20 (0h 0m from now) **
// **************************
// Benchmark: DelegateInvocationBenchmarks.GenericTypeConstruction: ShortRun(IterationCount=3, LaunchCount=1, WarmupCount=3)
// *** Execute ***
// Launch: 1 / 1
// Execute: dotnet Encina.Benchmarks-ShortRun-1.dll --anonymousPipes 223 224 --benchmarkName Encina.Benchmarks.DelegateInvocationBenchmarks.GenericTypeConstruction --job ShortRun --benchmarkId 3 in /home/runner/work/Encina/Encina/tests/Encina.BenchmarkTests/Encina.Benchmarks/bin/Release/net10.0/Encina.Benchmarks-ShortRun-1/bin/Release/net10.0
// Failed to set up high priority (Permission denied). In order to run benchmarks with high priority, make sure you have the right permissions.
// BeforeAnythingElse

// Benchmark Process Environment Information:
// BenchmarkDotNet v0.15.8
// Runtime=.NET 10.0.12 (10.0.12, 10.0.1226.42308), X64 RyuJIT x86-64-v4
// GC=Concurrent Workstation
// HardwareIntrinsics=AVX512 BITALG+VBMI2+VNNI+VPOPCNTDQ,AVX512 IFMA+VBMI,AVX512 F+BW+CD+DQ+VL,AVX2+BMI1+BMI2+F16C+FMA+LZCNT+MOVBE,AVX,SSE3+SSSE3+SSE4.1+SSE4.2+POPCNT,X86Base+SSE+SSE2,AES+PCLMUL,AvxVnni VectorSize=256
// Job: ShortRun(IterationCount=3, LaunchCount=1, WarmupCount=3)

OverheadJitting  1: 1 op, 133441.00 ns, 133.4410 us/op
WorkloadJitting  1: 1 op, 3519125.00 ns, 3.5191 ms/op

OverheadJitting  2: 16 op, 158549.00 ns, 9.9093 us/op
WorkloadJitting  2: 16 op, 376208.00 ns, 23.5130 us/op

WorkloadPilot    1: 16 op, 168775.00 ns, 10.5484 us/op
WorkloadPilot    2: 32 op, 144468.00 ns, 4.5146 us/op
WorkloadPilot    3: 64 op, 147833.00 ns, 2.3099 us/op
WorkloadPilot    4: 128 op, 138399.00 ns, 1.0812 us/op
WorkloadPilot    5: 256 op, 233733.00 ns, 913.0195 ns/op
WorkloadPilot    6: 512 op, 189095.00 ns, 369.3262 ns/op
WorkloadPilot    7: 1024 op, 269877.00 ns, 263.5518 ns/op
WorkloadPilot    8: 2048 op, 301535.00 ns, 147.2339 ns/op
WorkloadPilot    9: 4096 op, 512915.00 ns, 125.2234 ns/op
WorkloadPilot   10: 8192 op, 888031.00 ns, 108.4022 ns/op
WorkloadPilot   11: 16384 op, 1671435.00 ns, 102.0163 ns/op
WorkloadPilot   12: 32768 op, 3441258.00 ns, 105.0189 ns/op
WorkloadPilot   13: 65536 op, 7101225.00 ns, 108.3561 ns/op
WorkloadPilot   14: 131072 op, 13174648.00 ns, 100.5146 ns/op
WorkloadPilot   15: 262144 op, 16922228.00 ns, 64.5532 ns/op
WorkloadPilot   16: 524288 op, 32709651.00 ns, 62.3887 ns/op
WorkloadPilot   17: 1048576 op, 65193002.00 ns, 62.1729 ns/op
WorkloadPilot   18: 2097152 op, 129046069.00 ns, 61.5340 ns/op
WorkloadPilot   19: 4194304 op, 257782981.00 ns, 61.4603 ns/op
WorkloadPilot   20: 8388608 op, 516185468.00 ns, 61.5341 ns/op

OverheadWarmup   1: 8388608 op, 10162037.00 ns, 1.2114 ns/op
OverheadWarmup   2: 8388608 op, 10036157.00 ns, 1.1964 ns/op
OverheadWarmup   3: 8388608 op, 9690836.00 ns, 1.1552 ns/op
OverheadWarmup   4: 8388608 op, 9706570.00 ns, 1.1571 ns/op
OverheadWarmup   5: 8388608 op, 9601561.00 ns, 1.1446 ns/op
OverheadWarmup   6: 8388608 op, 9432156.00 ns, 1.1244 ns/op
OverheadWarmup   7: 8388608 op, 9430713.00 ns, 1.1242 ns/op
OverheadWarmup   8: 8388608 op, 9443903.00 ns, 1.1258 ns/op
OverheadWarmup   9: 8388608 op, 9536894.00 ns, 1.1369 ns/op
OverheadWarmup  10: 8388608 op, 9456031.00 ns, 1.1272 ns/op

OverheadActual   1: 8388608 op, 10115518.00 ns, 1.2059 ns/op
OverheadActual   2: 8388608 op, 10391624.00 ns, 1.2388 ns/op
OverheadActual   3: 8388608 op, 9996127.00 ns, 1.1916 ns/op
OverheadActual   4: 8388608 op, 9486878.00 ns, 1.1309 ns/op
OverheadActual   5: 8388608 op, 9977358.00 ns, 1.1894 ns/op
OverheadActual   6: 8388608 op, 9679248.00 ns, 1.1539 ns/op
OverheadActual   7: 8388608 op, 9519016.00 ns, 1.1348 ns/op
OverheadActual   8: 8388608 op, 9456553.00 ns, 1.1273 ns/op
OverheadActual   9: 8388608 op, 10749845.00 ns, 1.2815 ns/op
OverheadActual  10: 8388608 op, 9464003.00 ns, 1.1282 ns/op
OverheadActual  11: 8388608 op, 10245404.00 ns, 1.2213 ns/op
OverheadActual  12: 8388608 op, 9679079.00 ns, 1.1538 ns/op
OverheadActual  13: 8388608 op, 9732099.00 ns, 1.1602 ns/op
OverheadActual  14: 8388608 op, 9437894.00 ns, 1.1251 ns/op
OverheadActual  15: 8388608 op, 9525336.00 ns, 1.1355 ns/op

WorkloadWarmup   1: 8388608 op, 539302926.00 ns, 64.2899 ns/op
WorkloadWarmup   2: 8388608 op, 551294011.00 ns, 65.7194 ns/op
WorkloadWarmup   3: 8388608 op, 533904495.00 ns, 63.6464 ns/op

// BeforeActualRun
WorkloadActual   1: 8388608 op, 533521557.00 ns, 63.6007 ns/op
WorkloadActual   2: 8388608 op, 531258629.00 ns, 63.3310 ns/op
WorkloadActual   3: 8388608 op, 514497872.00 ns, 61.3329 ns/op

// AfterActualRun
WorkloadResult   1: 8388608 op, 523842309.00 ns, 62.4469 ns/op
WorkloadResult   2: 8388608 op, 521579381.00 ns, 62.1771 ns/op
WorkloadResult   3: 8388608 op, 504818624.00 ns, 60.1791 ns/op
// GC:  88 0 0 1476397856 8388608
// Threading:  0 0 8388608

// AfterAll
// Benchmark Process 3608 has exited with code 0.

Mean = 61.601 ns, StdErr = 0.715 ns (1.16%), N = 3, StdDev = 1.239 ns
Min = 60.179 ns, Q1 = 61.178 ns, Median = 62.177 ns, Q3 = 62.312 ns, Max = 62.447 ns
IQR = 1.134 ns, LowerFence = 59.477 ns, UpperFence = 64.013 ns
ConfidenceInterval = [39.001 ns; 84.201 ns] (CI 99.9%), Margin = 22.600 ns (36.69% of Mean)
Skewness = -0.36, Kurtosis = 0.67, MValue = 2

// ** Remained 1 (20.0 %) benchmark(s) to run. Estimated finish 2026-09-24 9:20 (0h 0m from now) **
// **************************
// Benchmark: DelegateInvocationBenchmarks.MethodInfoInvoke: ShortRun(IterationCount=3, LaunchCount=1, WarmupCount=3)
// *** Execute ***
// Launch: 1 / 1
// Execute: dotnet Encina.Benchmarks-ShortRun-1.dll --anonymousPipes 223 224 --benchmarkName Encina.Benchmarks.DelegateInvocationBenchmarks.MethodInfoInvoke --job ShortRun --benchmarkId 4 in /home/runner/work/Encina/Encina/tests/Encina.BenchmarkTests/Encina.Benchmarks/bin/Release/net10.0/Encina.Benchmarks-ShortRun-1/bin/Release/net10.0
// Failed to set up high priority (Permission denied). In order to run benchmarks with high priority, make sure you have the right permissions.
// BeforeAnythingElse

// Benchmark Process Environment Information:
// BenchmarkDotNet v0.15.8
// Runtime=.NET 10.0.12 (10.0.12, 10.0.1226.42308), X64 RyuJIT x86-64-v4
// GC=Concurrent Workstation
// HardwareIntrinsics=AVX512 BITALG+VBMI2+VNNI+VPOPCNTDQ,AVX512 IFMA+VBMI,AVX512 F+BW+CD+DQ+VL,AVX2+BMI1+BMI2+F16C+FMA+LZCNT+MOVBE,AVX,SSE3+SSSE3+SSE4.1+SSE4.2+POPCNT,X86Base+SSE+SSE2,AES+PCLMUL,AvxVnni VectorSize=256
// Job: ShortRun(IterationCount=3, LaunchCount=1, WarmupCount=3)

OverheadJitting  1: 1 op, 133131.00 ns, 133.1310 us/op
WorkloadJitting  1: 1 op, 3501038.00 ns, 3.5010 ms/op

OverheadJitting  2: 16 op, 143807.00 ns, 8.9879 us/op
WorkloadJitting  2: 16 op, 333514.00 ns, 20.8446 us/op

WorkloadPilot    1: 16 op, 3516.00 ns, 219.7500 ns/op
WorkloadPilot    2: 32 op, 15984.00 ns, 499.5000 ns/op
WorkloadPilot    3: 64 op, 12519.00 ns, 195.6094 ns/op
WorkloadPilot    4: 128 op, 22094.00 ns, 172.6094 ns/op
WorkloadPilot    5: 256 op, 31056.00 ns, 121.3125 ns/op
WorkloadPilot    6: 512 op, 58138.00 ns, 113.5508 ns/op
WorkloadPilot    7: 1024 op, 112299.00 ns, 109.6670 ns/op
WorkloadPilot    8: 2048 op, 151419.00 ns, 73.9351 ns/op
WorkloadPilot    9: 4096 op, 363118.00 ns, 88.6519 ns/op
WorkloadPilot   10: 8192 op, 748110.00 ns, 91.3220 ns/op
WorkloadPilot   11: 16384 op, 1536831.00 ns, 93.8007 ns/op
WorkloadPilot   12: 32768 op, 3022566.00 ns, 92.2414 ns/op
WorkloadPilot   13: 65536 op, 5961315.00 ns, 90.9624 ns/op
WorkloadPilot   14: 131072 op, 8597796.00 ns, 65.5960 ns/op
WorkloadPilot   15: 262144 op, 12372749.00 ns, 47.1983 ns/op
WorkloadPilot   16: 524288 op, 21617823.00 ns, 41.2327 ns/op
WorkloadPilot   17: 1048576 op, 43010495.00 ns, 41.0180 ns/op
WorkloadPilot   18: 2097152 op, 86900569.00 ns, 41.4374 ns/op
WorkloadPilot   19: 4194304 op, 173772685.00 ns, 41.4306 ns/op
WorkloadPilot   20: 8388608 op, 346828216.00 ns, 41.3451 ns/op
WorkloadPilot   21: 16777216 op, 707716640.00 ns, 42.1832 ns/op

OverheadWarmup   1: 16777216 op, 19729520.00 ns, 1.1760 ns/op
OverheadWarmup   2: 16777216 op, 20991627.00 ns, 1.2512 ns/op
OverheadWarmup   3: 16777216 op, 20012718.00 ns, 1.1929 ns/op
OverheadWarmup   4: 16777216 op, 19019177.00 ns, 1.1336 ns/op
OverheadWarmup   5: 16777216 op, 19528918.00 ns, 1.1640 ns/op
OverheadWarmup   6: 16777216 op, 19756391.00 ns, 1.1776 ns/op
OverheadWarmup   7: 16777216 op, 19335795.00 ns, 1.1525 ns/op

OverheadActual   1: 16777216 op, 21056805.00 ns, 1.2551 ns/op
OverheadActual   2: 16777216 op, 19556770.00 ns, 1.1657 ns/op
OverheadActual   3: 16777216 op, 21206502.00 ns, 1.2640 ns/op
OverheadActual   4: 16777216 op, 18992928.00 ns, 1.1321 ns/op
OverheadActual   5: 16777216 op, 20312711.00 ns, 1.2107 ns/op
OverheadActual   6: 16777216 op, 19271929.00 ns, 1.1487 ns/op
OverheadActual   7: 16777216 op, 19512563.00 ns, 1.1630 ns/op
OverheadActual   8: 16777216 op, 19396257.00 ns, 1.1561 ns/op
OverheadActual   9: 16777216 op, 19427594.00 ns, 1.1580 ns/op
OverheadActual  10: 16777216 op, 20197737.00 ns, 1.2039 ns/op
OverheadActual  11: 16777216 op, 19012397.00 ns, 1.1332 ns/op
OverheadActual  12: 16777216 op, 19462316.00 ns, 1.1600 ns/op
OverheadActual  13: 16777216 op, 19926227.00 ns, 1.1877 ns/op
OverheadActual  14: 16777216 op, 19119759.00 ns, 1.1396 ns/op
OverheadActual  15: 16777216 op, 19477750.00 ns, 1.1610 ns/op

WorkloadWarmup   1: 16777216 op, 714278141.00 ns, 42.5743 ns/op
WorkloadWarmup   2: 16777216 op, 702999545.00 ns, 41.9020 ns/op
WorkloadWarmup   3: 16777216 op, 704385538.00 ns, 41.9846 ns/op

// BeforeActualRun
WorkloadActual   1: 16777216 op, 707885085.00 ns, 42.1932 ns/op
WorkloadActual   2: 16777216 op, 711017956.00 ns, 42.3800 ns/op
WorkloadActual   3: 16777216 op, 708315254.00 ns, 42.2189 ns/op

// AfterActualRun
WorkloadResult   1: 16777216 op, 688407335.00 ns, 41.0323 ns/op
WorkloadResult   2: 16777216 op, 691540206.00 ns, 41.2190 ns/op
WorkloadResult   3: 16777216 op, 688837504.00 ns, 41.0579 ns/op
// GC:  176 0 0 2952790016 16777216
// Threading:  0 0 16777216

// AfterAll
// Benchmark Process 3614 has exited with code 0.

Mean = 41.103 ns, StdErr = 0.058 ns (0.14%), N = 3, StdDev = 0.101 ns
Min = 41.032 ns, Q1 = 41.045 ns, Median = 41.058 ns, Q3 = 41.138 ns, Max = 41.219 ns
IQR = 0.093 ns, LowerFence = 40.905 ns, UpperFence = 41.279 ns
ConfidenceInterval = [39.256 ns; 42.950 ns] (CI 99.9%), Margin = 1.847 ns (4.49% of Mean)
Skewness = 0.36, Kurtosis = 0.67, MValue = 2

// ** Remained 0 (0.0 %) benchmark(s) to run. Estimated finish 2026-09-24 9:20 (0h 0m from now) **
// ***** BenchmarkRunner: Finish  *****

// * Export *
  artifacts/performance/Core/results/Encina.Benchmarks.DelegateInvocationBenchmarks-report.csv
  artifacts/performance/Core/results/Encina.Benchmarks.DelegateInvocationBenchmarks-report-github.md
  artifacts/performance/Core/results/Encina.Benchmarks.DelegateInvocationBenchmarks-report.html
  artifacts/performance/Core/results/Encina.Benchmarks.DelegateInvocationBenchmarks-report-full-compressed.json

// * Detailed results *
DelegateInvocationBenchmarks.CompiledDelegate: ShortRun(IterationCount=3, LaunchCount=1, WarmupCount=3)
Runtime = .NET 10.0.12 (10.0.12, 10.0.1226.42308), X64 RyuJIT x86-64-v4; GC = Concurrent Workstation
Mean = 18.850 ns, StdErr = 0.189 ns (1.00%), N = 3, StdDev = 0.327 ns
Min = 18.644 ns, Q1 = 18.662 ns, Median = 18.681 ns, Q3 = 18.954 ns, Max = 19.227 ns
IQR = 0.292 ns, LowerFence = 18.225 ns, UpperFence = 19.391 ns
ConfidenceInterval = [12.892 ns; 24.808 ns] (CI 99.9%), Margin = 5.958 ns (31.61% of Mean)
Skewness = 0.38, Kurtosis = 0.67, MValue = 2
-------------------- Histogram --------------------
[18.638 ns ; 19.233 ns) | @@@
---------------------------------------------------

DelegateInvocationBenchmarks.DirectCall: ShortRun(IterationCount=3, LaunchCount=1, WarmupCount=3)
Runtime = .NET 10.0.12 (10.0.12, 10.0.1226.42308), X64 RyuJIT x86-64-v4; GC = Concurrent Workstation
Mean = 14.690 ns, StdErr = 0.085 ns (0.58%), N = 3, StdDev = 0.147 ns
Min = 14.598 ns, Q1 = 14.605 ns, Median = 14.612 ns, Q3 = 14.735 ns, Max = 14.859 ns
IQR = 0.130 ns, LowerFence = 14.410 ns, UpperFence = 14.931 ns
ConfidenceInterval = [12.013 ns; 17.366 ns] (CI 99.9%), Margin = 2.676 ns (18.22% of Mean)
Skewness = 0.38, Kurtosis = 0.67, MValue = 2
-------------------- Histogram --------------------
[14.595 ns ; 14.862 ns) | @@@
---------------------------------------------------

DelegateInvocationBenchmarks.ExpressionCompilation: ShortRun(IterationCount=3, LaunchCount=1, WarmupCount=3)
Runtime = .NET 10.0.12 (10.0.12, 10.0.1226.42308), X64 RyuJIT x86-64-v4; GC = Concurrent Workstation
Mean = 15.693 μs, StdErr = 0.106 μs (0.67%), N = 3, StdDev = 0.183 μs
Min = 15.547 μs, Q1 = 15.590 μs, Median = 15.633 μs, Q3 = 15.766 μs, Max = 15.898 μs
IQR = 0.176 μs, LowerFence = 15.326 μs, UpperFence = 16.030 μs
ConfidenceInterval = [12.351 μs; 19.035 μs] (CI 99.9%), Margin = 3.342 μs (21.29% of Mean)
Skewness = 0.29, Kurtosis = 0.67, MValue = 2
-------------------- Histogram --------------------
[15.423 μs ; 16.065 μs) | @@@
---------------------------------------------------

DelegateInvocationBenchmarks.GenericTypeConstruction: ShortRun(IterationCount=3, LaunchCount=1, WarmupCount=3)
Runtime = .NET 10.0.12 (10.0.12, 10.0.1226.42308), X64 RyuJIT x86-64-v4; GC = Concurrent Workstation
Mean = 61.601 ns, StdErr = 0.715 ns (1.16%), N = 3, StdDev = 1.239 ns
Min = 60.179 ns, Q1 = 61.178 ns, Median = 62.177 ns, Q3 = 62.312 ns, Max = 62.447 ns
IQR = 1.134 ns, LowerFence = 59.477 ns, UpperFence = 64.013 ns
ConfidenceInterval = [39.001 ns; 84.201 ns] (CI 99.9%), Margin = 22.600 ns (36.69% of Mean)
Skewness = -0.36, Kurtosis = 0.67, MValue = 2
-------------------- Histogram --------------------
[59.052 ns ; 61.184 ns) | @
[61.184 ns ; 63.574 ns) | @@
---------------------------------------------------

DelegateInvocationBenchmarks.MethodInfoInvoke: ShortRun(IterationCount=3, LaunchCount=1, WarmupCount=3)
Runtime = .NET 10.0.12 (10.0.12, 10.0.1226.42308), X64 RyuJIT x86-64-v4; GC = Concurrent Workstation
Mean = 41.103 ns, StdErr = 0.058 ns (0.14%), N = 3, StdDev = 0.101 ns
Min = 41.032 ns, Q1 = 41.045 ns, Median = 41.058 ns, Q3 = 41.138 ns, Max = 41.219 ns
IQR = 0.093 ns, LowerFence = 40.905 ns, UpperFence = 41.279 ns
ConfidenceInterval = [39.256 ns; 42.950 ns] (CI 99.9%), Margin = 1.847 ns (4.49% of Mean)
Skewness = 0.36, Kurtosis = 0.67, MValue = 2
-------------------- Histogram --------------------
[40.940 ns ; 41.311 ns) | @@@
---------------------------------------------------

// * Summary *

BenchmarkDotNet v0.15.8, Linux Ubuntu 24.04.5 LTS (Noble Numbat)
AMD EPYC 9V45 2.60GHz, 1 CPU, 4 logical and 2 physical cores
.NET SDK 10.0.401
  [Host]   : .NET 10.0.12 (10.0.12, 10.0.1226.42308), X64 RyuJIT x86-64-v4
  ShortRun : .NET 10.0.12 (10.0.12, 10.0.1226.42308), X64 RyuJIT x86-64-v4

Job=ShortRun  IterationCount=3  LaunchCount=1  
WarmupCount=3  

| Method                  | Mean         | Error        | StdDev     | Ratio    | RatioSD | Gen0   | Gen1   | Allocated | Alloc Ratio |
|------------------------ |-------------:|-------------:|-----------:|---------:|--------:|-------:|-------:|----------:|------------:|
| CompiledDelegate        |     18.85 ns |     5.958 ns |   0.327 ns |     1.28 |    0.02 | 0.0067 |      - |     112 B |        1.00 |
| DirectCall              |     14.69 ns |     2.676 ns |   0.147 ns |     1.00 |    0.01 | 0.0067 |      - |     112 B |        1.00 |
| ExpressionCompilation   | 15,692.91 ns | 3,341.627 ns | 183.166 ns | 1,068.37 |   14.18 | 0.3052 | 0.2899 |    5287 B |       47.21 |
| GenericTypeConstruction |     61.60 ns |    22.600 ns |   1.239 ns |     4.19 |    0.08 | 0.0105 |      - |     176 B |        1.57 |
| MethodInfoInvoke        |     41.10 ns |     1.847 ns |   0.101 ns |     2.80 |    0.02 | 0.0105 |      - |     176 B |        1.57 |
// * Config Issues *

// * Warnings *
Configuration
  Summary -> The exporter CsvExporter is already present in configuration. There may be unexpected results.
  Summary -> The exporter HtmlExporter is already present in configuration. There may be unexpected results.
  Summary -> The exporter MarkdownExporter-github is already present in configuration. There may be unexpected results.

// * Legends *
  Mean        : Arithmetic mean of all measurements
  Error       : Half of 99.9% confidence interval
  StdDev      : Standard deviation of all measurements
  Ratio       : Mean of the ratio distribution ([Current]/[Baseline])
  RatioSD     : Standard deviation of the ratio distribution ([Current]/[Baseline])
  Gen0        : GC Generation 0 collects per 1000 operations
  Gen1        : GC Generation 1 collects per 1000 operations
  Allocated   : Allocated memory per single operation (managed only, inclusive, 1KB = 1024B)
  Alloc Ratio : Allocated memory ratio distribution ([Current]/[Baseline])
  1 ns        : 1 Nanosecond (0.000000001 sec)

// * Diagnostic Output - MemoryDiagnoser *


// ***** BenchmarkRunner: End *****
Run time: 00:00:37 (37.87 sec), executed benchmarks: 5

Global total time: 00:02:52 (172.65 sec), executed benchmarks: 5
// * Artifacts cleanup *
Artifacts cleanup is finished
