// Validating benchmarks:
// ***** BenchmarkRunner: Start   *****
// ***** Found 2 benchmark(s) in total *****
// ***** Building 1 exe(s) in Parallel: Start   *****
// start dotnet  restore --nodeReuse:false /p:UseSharedCompilation=false /p:Deterministic=true /p:Optimize=true /p:ArtifactsPath="/home/runner/work/Encina/Encina/tests/Encina.BenchmarkTests/Encina.Cdc.Benchmarks/bin/Release/net10.0/Encina.Cdc.Benchmarks-ShortRun-1/" /p:OutDir="/home/runner/work/Encina/Encina/tests/Encina.BenchmarkTests/Encina.Cdc.Benchmarks/bin/Release/net10.0/Encina.Cdc.Benchmarks-ShortRun-1/bin/Release/net10.0/" /p:OutputPath="/home/runner/work/Encina/Encina/tests/Encina.BenchmarkTests/Encina.Cdc.Benchmarks/bin/Release/net10.0/Encina.Cdc.Benchmarks-ShortRun-1/bin/Release/net10.0/" /p:PublishDir="/home/runner/work/Encina/Encina/tests/Encina.BenchmarkTests/Encina.Cdc.Benchmarks/bin/Release/net10.0/Encina.Cdc.Benchmarks-ShortRun-1/publish/" in /home/runner/work/Encina/Encina/tests/Encina.BenchmarkTests/Encina.Cdc.Benchmarks/bin/Release/net10.0/Encina.Cdc.Benchmarks-ShortRun-1
// command took 2.95 sec and exited with 0
// start dotnet  build -c Release --no-restore --nodeReuse:false /p:UseSharedCompilation=false /p:Deterministic=true /p:Optimize=true /p:ArtifactsPath="/home/runner/work/Encina/Encina/tests/Encina.BenchmarkTests/Encina.Cdc.Benchmarks/bin/Release/net10.0/Encina.Cdc.Benchmarks-ShortRun-1/" /p:OutDir="/home/runner/work/Encina/Encina/tests/Encina.BenchmarkTests/Encina.Cdc.Benchmarks/bin/Release/net10.0/Encina.Cdc.Benchmarks-ShortRun-1/bin/Release/net10.0/" /p:OutputPath="/home/runner/work/Encina/Encina/tests/Encina.BenchmarkTests/Encina.Cdc.Benchmarks/bin/Release/net10.0/Encina.Cdc.Benchmarks-ShortRun-1/bin/Release/net10.0/" /p:PublishDir="/home/runner/work/Encina/Encina/tests/Encina.BenchmarkTests/Encina.Cdc.Benchmarks/bin/Release/net10.0/Encina.Cdc.Benchmarks-ShortRun-1/publish/" --output "/home/runner/work/Encina/Encina/tests/Encina.BenchmarkTests/Encina.Cdc.Benchmarks/bin/Release/net10.0/Encina.Cdc.Benchmarks-ShortRun-1/bin/Release/net10.0/" in /home/runner/work/Encina/Encina/tests/Encina.BenchmarkTests/Encina.Cdc.Benchmarks/bin/Release/net10.0/Encina.Cdc.Benchmarks-ShortRun-1
// command took 52.88 sec and exited with 0
// ***** Done, took 00:00:56 (56.04 sec)   *****
// Found 2 benchmarks:
//   CdcConfigurationBenchmarks.AddEncinaCdc_Registration: ShortRun(IterationCount=3, LaunchCount=1, WarmupCount=3)
//   CdcConfigurationBenchmarks.BuildConfigurationFluentChain: ShortRun(IterationCount=3, LaunchCount=1, WarmupCount=3)

// **************************
// Benchmark: CdcConfigurationBenchmarks.AddEncinaCdc_Registration: ShortRun(IterationCount=3, LaunchCount=1, WarmupCount=3)
// *** Execute ***
// Launch: 1 / 1
// Execute: dotnet Encina.Cdc.Benchmarks-ShortRun-1.dll --anonymousPipes 128 129 --benchmarkName Encina.Cdc.Benchmarks.Benchmarks.CdcConfigurationBenchmarks.AddEncinaCdc_Registration --job ShortRun --benchmarkId 0 in /home/runner/work/Encina/Encina/tests/Encina.BenchmarkTests/Encina.Cdc.Benchmarks/bin/Release/net10.0/Encina.Cdc.Benchmarks-ShortRun-1/bin/Release/net10.0
// Failed to set up high priority (Permission denied). In order to run benchmarks with high priority, make sure you have the right permissions.
// BeforeAnythingElse

// Benchmark Process Environment Information:
// BenchmarkDotNet v0.15.8
// Runtime=.NET 10.0.12 (10.0.12, 10.0.1226.42308), X64 RyuJIT x86-64-v3
// GC=Concurrent Workstation
// HardwareIntrinsics=AVX2+BMI1+BMI2+F16C+FMA+LZCNT+MOVBE,AVX,SSE3+SSSE3+SSE4.1+SSE4.2+POPCNT,X86Base+SSE+SSE2,AES+PCLMUL VectorSize=256
// Job: ShortRun(IterationCount=3, LaunchCount=1, WarmupCount=3)

OverheadJitting  1: 1 op, 255505.00 ns, 255.5050 us/op
WorkloadJitting  1: 1 op, 8412196.00 ns, 8.4122 ms/op

OverheadJitting  2: 16 op, 513223.00 ns, 32.0764 us/op
WorkloadJitting  2: 16 op, 591811.00 ns, 36.9882 us/op

WorkloadPilot    1: 16 op, 44537.00 ns, 2.7836 us/op
WorkloadPilot    2: 32 op, 49535.00 ns, 1.5480 us/op
WorkloadPilot    3: 64 op, 100341.00 ns, 1.5678 us/op
WorkloadPilot    4: 128 op, 168444.00 ns, 1.3160 us/op
WorkloadPilot    5: 256 op, 286130.00 ns, 1.1177 us/op
WorkloadPilot    6: 512 op, 422246.00 ns, 824.6992 ns/op
WorkloadPilot    7: 1024 op, 948418.00 ns, 926.1895 ns/op
WorkloadPilot    8: 2048 op, 1901824.00 ns, 928.6250 ns/op
WorkloadPilot    9: 4096 op, 3752600.00 ns, 916.1621 ns/op
WorkloadPilot   10: 8192 op, 7392821.00 ns, 902.4440 ns/op
WorkloadPilot   11: 16384 op, 15087616.00 ns, 920.8750 ns/op
WorkloadPilot   12: 32768 op, 15905517.00 ns, 485.3979 ns/op
WorkloadPilot   13: 65536 op, 29378542.00 ns, 448.2810 ns/op
WorkloadPilot   14: 131072 op, 62452319.00 ns, 476.4734 ns/op
WorkloadPilot   15: 262144 op, 119424748.00 ns, 455.5693 ns/op
WorkloadPilot   16: 524288 op, 243879399.00 ns, 465.1630 ns/op
WorkloadPilot   17: 1048576 op, 492226776.00 ns, 469.4240 ns/op
WorkloadPilot   18: 2097152 op, 985370627.00 ns, 469.8613 ns/op

OverheadWarmup   1: 2097152 op, 7011636.00 ns, 3.3434 ns/op
OverheadWarmup   2: 2097152 op, 7028442.00 ns, 3.3514 ns/op
OverheadWarmup   3: 2097152 op, 7033550.00 ns, 3.3539 ns/op
OverheadWarmup   4: 2097152 op, 7020340.00 ns, 3.3476 ns/op
OverheadWarmup   5: 2097152 op, 7740174.00 ns, 3.6908 ns/op
OverheadWarmup   6: 2097152 op, 7766343.00 ns, 3.7033 ns/op
OverheadWarmup   7: 2097152 op, 7762016.00 ns, 3.7012 ns/op

OverheadActual   1: 2097152 op, 8501811.00 ns, 4.0540 ns/op
OverheadActual   2: 2097152 op, 8498655.00 ns, 4.0525 ns/op
OverheadActual   3: 2097152 op, 8531975.00 ns, 4.0684 ns/op
OverheadActual   4: 2097152 op, 7094491.00 ns, 3.3829 ns/op
OverheadActual   5: 2097152 op, 7054841.00 ns, 3.3640 ns/op
OverheadActual   6: 2097152 op, 7032939.00 ns, 3.3536 ns/op
OverheadActual   7: 2097152 op, 7065267.00 ns, 3.3690 ns/op
OverheadActual   8: 2097152 op, 7032698.00 ns, 3.3535 ns/op
OverheadActual   9: 2097152 op, 7751029.00 ns, 3.6960 ns/op
OverheadActual  10: 2097152 op, 9818718.00 ns, 4.6819 ns/op
OverheadActual  11: 2097152 op, 8594589.00 ns, 4.0982 ns/op
OverheadActual  12: 2097152 op, 8515160.00 ns, 4.0603 ns/op
OverheadActual  13: 2097152 op, 9139164.00 ns, 4.3579 ns/op
OverheadActual  14: 2097152 op, 8782262.00 ns, 4.1877 ns/op
OverheadActual  15: 2097152 op, 8492135.00 ns, 4.0494 ns/op
OverheadActual  16: 2097152 op, 8511574.00 ns, 4.0586 ns/op
OverheadActual  17: 2097152 op, 7751781.00 ns, 3.6963 ns/op
OverheadActual  18: 2097152 op, 7016664.00 ns, 3.3458 ns/op
OverheadActual  19: 2097152 op, 7051066.00 ns, 3.3622 ns/op
OverheadActual  20: 2097152 op, 8497573.00 ns, 4.0520 ns/op

WorkloadWarmup   1: 2097152 op, 975048011.00 ns, 464.9391 ns/op
WorkloadWarmup   2: 2097152 op, 983140174.00 ns, 468.7978 ns/op
WorkloadWarmup   3: 2097152 op, 987992400.00 ns, 471.1115 ns/op

// BeforeActualRun
WorkloadActual   1: 2097152 op, 982484757.00 ns, 468.4852 ns/op
WorkloadActual   2: 2097152 op, 993909147.00 ns, 473.9328 ns/op
WorkloadActual   3: 2097152 op, 984179629.00 ns, 469.2934 ns/op

// AfterActualRun
WorkloadResult   1: 2097152 op, 973989903.00 ns, 464.4346 ns/op
WorkloadResult   2: 2097152 op, 985414293.00 ns, 469.8822 ns/op
WorkloadResult   3: 2097152 op, 975684775.00 ns, 465.2428 ns/op
// GC:  122 0 0 2046820352 2097152
// Threading:  0 0 2097152

// AfterAll
// Benchmark Process 3190 has exited with code 0.

Mean = 466.520 ns, StdErr = 1.697 ns (0.36%), N = 3, StdDev = 2.940 ns
Min = 464.435 ns, Q1 = 464.839 ns, Median = 465.243 ns, Q3 = 467.562 ns, Max = 469.882 ns
IQR = 2.724 ns, LowerFence = 460.753 ns, UpperFence = 471.648 ns
ConfidenceInterval = [412.888 ns; 520.152 ns] (CI 99.9%), Margin = 53.632 ns (11.50% of Mean)
Skewness = 0.35, Kurtosis = 0.67, MValue = 2

// ** Remained 1 (50.0 %) benchmark(s) to run. Estimated finish 2026-10-03 10:40 (0h 0m from now) **
// **************************
// Benchmark: CdcConfigurationBenchmarks.BuildConfigurationFluentChain: ShortRun(IterationCount=3, LaunchCount=1, WarmupCount=3)
// *** Execute ***
// Launch: 1 / 1
// Execute: dotnet Encina.Cdc.Benchmarks-ShortRun-1.dll --anonymousPipes 128 129 --benchmarkName Encina.Cdc.Benchmarks.Benchmarks.CdcConfigurationBenchmarks.BuildConfigurationFluentChain --job ShortRun --benchmarkId 1 in /home/runner/work/Encina/Encina/tests/Encina.BenchmarkTests/Encina.Cdc.Benchmarks/bin/Release/net10.0/Encina.Cdc.Benchmarks-ShortRun-1/bin/Release/net10.0
// Failed to set up high priority (Permission denied). In order to run benchmarks with high priority, make sure you have the right permissions.
// BeforeAnythingElse

// Benchmark Process Environment Information:
// BenchmarkDotNet v0.15.8
// Runtime=.NET 10.0.12 (10.0.12, 10.0.1226.42308), X64 RyuJIT x86-64-v3
// GC=Concurrent Workstation
// HardwareIntrinsics=AVX2+BMI1+BMI2+F16C+FMA+LZCNT+MOVBE,AVX,SSE3+SSSE3+SSE4.1+SSE4.2+POPCNT,X86Base+SSE+SSE2,AES+PCLMUL VectorSize=256
// Job: ShortRun(IterationCount=3, LaunchCount=1, WarmupCount=3)

OverheadJitting  1: 1 op, 264167.00 ns, 264.1670 us/op
WorkloadJitting  1: 1 op, 2017337.00 ns, 2.0173 ms/op

OverheadJitting  2: 16 op, 517389.00 ns, 32.3368 us/op
WorkloadJitting  2: 16 op, 486563.00 ns, 30.4102 us/op

WorkloadPilot    1: 16 op, 27822.00 ns, 1.7389 us/op
WorkloadPilot    2: 32 op, 24406.00 ns, 762.6875 ns/op
WorkloadPilot    3: 64 op, 36665.00 ns, 572.8906 ns/op
WorkloadPilot    4: 128 op, 57536.00 ns, 449.5000 ns/op
WorkloadPilot    5: 256 op, 112058.00 ns, 437.7266 ns/op
WorkloadPilot    6: 512 op, 186811.00 ns, 364.8652 ns/op
WorkloadPilot    7: 1024 op, 255815.00 ns, 249.8193 ns/op
WorkloadPilot    8: 2048 op, 630008.00 ns, 307.6211 ns/op
WorkloadPilot    9: 4096 op, 1265124.00 ns, 308.8682 ns/op
WorkloadPilot   10: 8192 op, 2510009.00 ns, 306.3976 ns/op
WorkloadPilot   11: 16384 op, 5168371.00 ns, 315.4523 ns/op
WorkloadPilot   12: 32768 op, 11487365.00 ns, 350.5666 ns/op
WorkloadPilot   13: 65536 op, 13169297.00 ns, 200.9475 ns/op
WorkloadPilot   14: 131072 op, 17636423.00 ns, 134.5552 ns/op
WorkloadPilot   15: 262144 op, 33991701.00 ns, 129.6680 ns/op
WorkloadPilot   16: 524288 op, 71044667.00 ns, 135.5069 ns/op
WorkloadPilot   17: 1048576 op, 141163677.00 ns, 134.6242 ns/op
WorkloadPilot   18: 2097152 op, 286505893.00 ns, 136.6167 ns/op
WorkloadPilot   19: 4194304 op, 562248339.00 ns, 134.0505 ns/op

OverheadWarmup   1: 4194304 op, 14017906.00 ns, 3.3421 ns/op
OverheadWarmup   2: 4194304 op, 14028072.00 ns, 3.3446 ns/op
OverheadWarmup   3: 4194304 op, 14012778.00 ns, 3.3409 ns/op
OverheadWarmup   4: 4194304 op, 14073089.00 ns, 3.3553 ns/op
OverheadWarmup   5: 4194304 op, 14049033.00 ns, 3.3496 ns/op

OverheadActual   1: 4194304 op, 14081722.00 ns, 3.3573 ns/op
OverheadActual   2: 4194304 op, 14052568.00 ns, 3.3504 ns/op
OverheadActual   3: 4194304 op, 14046419.00 ns, 3.3489 ns/op
OverheadActual   4: 4194304 op, 14096484.00 ns, 3.3609 ns/op
OverheadActual   5: 4194304 op, 14016083.00 ns, 3.3417 ns/op
OverheadActual   6: 4194304 op, 14022172.00 ns, 3.3431 ns/op
OverheadActual   7: 4194304 op, 14006398.00 ns, 3.3394 ns/op
OverheadActual   8: 4194304 op, 14018637.00 ns, 3.3423 ns/op
OverheadActual   9: 4194304 op, 14019438.00 ns, 3.3425 ns/op
OverheadActual  10: 4194304 op, 14028241.00 ns, 3.3446 ns/op
OverheadActual  11: 4194304 op, 14055552.00 ns, 3.3511 ns/op
OverheadActual  12: 4194304 op, 14002733.00 ns, 3.3385 ns/op
OverheadActual  13: 4194304 op, 14026589.00 ns, 3.3442 ns/op
OverheadActual  14: 4194304 op, 14042653.00 ns, 3.3480 ns/op
OverheadActual  15: 4194304 op, 14044927.00 ns, 3.3486 ns/op

WorkloadWarmup   1: 4194304 op, 568257296.00 ns, 135.4831 ns/op
WorkloadWarmup   2: 4194304 op, 579407815.00 ns, 138.1416 ns/op
WorkloadWarmup   3: 4194304 op, 566160740.00 ns, 134.9832 ns/op

// BeforeActualRun
WorkloadActual   1: 4194304 op, 563075084.00 ns, 134.2476 ns/op
WorkloadActual   2: 4194304 op, 576285244.00 ns, 137.3971 ns/op
WorkloadActual   3: 4194304 op, 567232283.00 ns, 135.2387 ns/op

// AfterActualRun
WorkloadResult   1: 4194304 op, 549046843.00 ns, 130.9030 ns/op
WorkloadResult   2: 4194304 op, 562257003.00 ns, 134.0525 ns/op
WorkloadResult   3: 4194304 op, 553204042.00 ns, 131.8941 ns/op
// GC:  94 0 0 1577058304 4194304
// Threading:  0 0 4194304

// AfterAll
// Benchmark Process 3221 has exited with code 0.

Mean = 132.283 ns, StdErr = 0.930 ns (0.70%), N = 3, StdDev = 1.610 ns
Min = 130.903 ns, Q1 = 131.399 ns, Median = 131.894 ns, Q3 = 132.973 ns, Max = 134.053 ns
IQR = 1.575 ns, LowerFence = 129.036 ns, UpperFence = 135.335 ns
ConfidenceInterval = [102.903 ns; 161.663 ns] (CI 99.9%), Margin = 29.380 ns (22.21% of Mean)
Skewness = 0.23, Kurtosis = 0.67, MValue = 2

// ** Remained 0 (0.0 %) benchmark(s) to run. Estimated finish 2026-10-03 10:40 (0h 0m from now) **
// ***** BenchmarkRunner: Finish  *****

// * Export *
  artifacts/performance/Cdc/results/Encina.Cdc.Benchmarks.Benchmarks.CdcConfigurationBenchmarks-report.csv
  artifacts/performance/Cdc/results/Encina.Cdc.Benchmarks.Benchmarks.CdcConfigurationBenchmarks-report-github.md
  artifacts/performance/Cdc/results/Encina.Cdc.Benchmarks.Benchmarks.CdcConfigurationBenchmarks-report.html
  artifacts/performance/Cdc/results/Encina.Cdc.Benchmarks.Benchmarks.CdcConfigurationBenchmarks-report-full-compressed.json

// * Detailed results *
CdcConfigurationBenchmarks.AddEncinaCdc_Registration: ShortRun(IterationCount=3, LaunchCount=1, WarmupCount=3)
Runtime = .NET 10.0.12 (10.0.12, 10.0.1226.42308), X64 RyuJIT x86-64-v3; GC = Concurrent Workstation
Mean = 466.520 ns, StdErr = 1.697 ns (0.36%), N = 3, StdDev = 2.940 ns
Min = 464.435 ns, Q1 = 464.839 ns, Median = 465.243 ns, Q3 = 467.562 ns, Max = 469.882 ns
IQR = 2.724 ns, LowerFence = 460.753 ns, UpperFence = 471.648 ns
ConfidenceInterval = [412.888 ns; 520.152 ns] (CI 99.9%), Margin = 53.632 ns (11.50% of Mean)
Skewness = 0.35, Kurtosis = 0.67, MValue = 2
-------------------- Histogram --------------------
[461.759 ns ; 472.558 ns) | @@@
---------------------------------------------------

CdcConfigurationBenchmarks.BuildConfigurationFluentChain: ShortRun(IterationCount=3, LaunchCount=1, WarmupCount=3)
Runtime = .NET 10.0.12 (10.0.12, 10.0.1226.42308), X64 RyuJIT x86-64-v3; GC = Concurrent Workstation
Mean = 132.283 ns, StdErr = 0.930 ns (0.70%), N = 3, StdDev = 1.610 ns
Min = 130.903 ns, Q1 = 131.399 ns, Median = 131.894 ns, Q3 = 132.973 ns, Max = 134.053 ns
IQR = 1.575 ns, LowerFence = 129.036 ns, UpperFence = 135.335 ns
ConfidenceInterval = [102.903 ns; 161.663 ns] (CI 99.9%), Margin = 29.380 ns (22.21% of Mean)
Skewness = 0.23, Kurtosis = 0.67, MValue = 2
-------------------- Histogram --------------------
[129.933 ns ; 135.518 ns) | @@@
---------------------------------------------------

// * Summary *

BenchmarkDotNet v0.15.8, Linux Ubuntu 24.04.5 LTS (Noble Numbat)
AMD EPYC 9V74 2.60GHz, 1 CPU, 4 logical and 2 physical cores
.NET SDK 10.0.401
  [Host]   : .NET 10.0.12 (10.0.12, 10.0.1226.42308), X64 RyuJIT x86-64-v3
  ShortRun : .NET 10.0.12 (10.0.12, 10.0.1226.42308), X64 RyuJIT x86-64-v3

Job=ShortRun  IterationCount=3  LaunchCount=1  
WarmupCount=3  

| Method                        | Mean     | Error    | StdDev  | Ratio | RatioSD | Gen0   | Allocated | Alloc Ratio |
|------------------------------ |---------:|---------:|--------:|------:|--------:|-------:|----------:|------------:|
| AddEncinaCdc_Registration     | 466.5 ns | 53.63 ns | 2.94 ns |  3.53 |    0.04 | 0.0582 |     976 B |        2.60 |
| BuildConfigurationFluentChain | 132.3 ns | 29.38 ns | 1.61 ns |  1.00 |    0.01 | 0.0224 |     376 B |        1.00 |
// * Config Issues *

// * Warnings *
Configuration
  Summary -> The exporter CsvExporter is already present in configuration. There may be unexpected results.
  Summary -> The exporter HtmlExporter is already present in configuration. There may be unexpected results.
  Summary -> The exporter MarkdownExporter-github is already present in configuration. There may be unexpected results.

// * Legends *
  Mean        : Arithmetic mean of all measurements
  Error       : Half of 99.9% confidence interval
  StdDev      : Standard deviation of all measurements
  Ratio       : Mean of the ratio distribution ([Current]/[Baseline])
  RatioSD     : Standard deviation of the ratio distribution ([Current]/[Baseline])
  Gen0        : GC Generation 0 collects per 1000 operations
  Allocated   : Allocated memory per single operation (managed only, inclusive, 1KB = 1024B)
  Alloc Ratio : Allocated memory ratio distribution ([Current]/[Baseline])
  1 ns        : 1 Nanosecond (0.000000001 sec)

// * Diagnostic Output - MemoryDiagnoser *


// ***** BenchmarkRunner: End *****
Run time: 00:00:15 (15.26 sec), executed benchmarks: 2

Global total time: 00:01:11 (71.62 sec), executed benchmarks: 2
// * Artifacts cleanup *
Artifacts cleanup is finished
