// Validating benchmarks:
// ***** BenchmarkRunner: Start   *****
// ***** Found 10 benchmark(s) in total *****
// ***** Building 1 exe(s) in Parallel: Start   *****
// start dotnet  restore --nodeReuse:false /p:UseSharedCompilation=false /p:Deterministic=true /p:Optimize=true /p:ArtifactsPath="/home/runner/work/Encina/Encina/tests/Encina.BenchmarkTests/Encina.Caching.Benchmarks/bin/Release/net10.0/Encina.Caching.Benchmarks-Job-YFEFPZ-1/" /p:OutDir="/home/runner/work/Encina/Encina/tests/Encina.BenchmarkTests/Encina.Caching.Benchmarks/bin/Release/net10.0/Encina.Caching.Benchmarks-Job-YFEFPZ-1/bin/Release/net10.0/" /p:OutputPath="/home/runner/work/Encina/Encina/tests/Encina.BenchmarkTests/Encina.Caching.Benchmarks/bin/Release/net10.0/Encina.Caching.Benchmarks-Job-YFEFPZ-1/bin/Release/net10.0/" /p:PublishDir="/home/runner/work/Encina/Encina/tests/Encina.BenchmarkTests/Encina.Caching.Benchmarks/bin/Release/net10.0/Encina.Caching.Benchmarks-Job-YFEFPZ-1/publish/" in /home/runner/work/Encina/Encina/tests/Encina.BenchmarkTests/Encina.Caching.Benchmarks/bin/Release/net10.0/Encina.Caching.Benchmarks-Job-YFEFPZ-1
// command took 2.57 sec and exited with 0
// start dotnet  build -c Release --no-restore --nodeReuse:false /p:UseSharedCompilation=false /p:Deterministic=true /p:Optimize=true /p:ArtifactsPath="/home/runner/work/Encina/Encina/tests/Encina.BenchmarkTests/Encina.Caching.Benchmarks/bin/Release/net10.0/Encina.Caching.Benchmarks-Job-YFEFPZ-1/" /p:OutDir="/home/runner/work/Encina/Encina/tests/Encina.BenchmarkTests/Encina.Caching.Benchmarks/bin/Release/net10.0/Encina.Caching.Benchmarks-Job-YFEFPZ-1/bin/Release/net10.0/" /p:OutputPath="/home/runner/work/Encina/Encina/tests/Encina.BenchmarkTests/Encina.Caching.Benchmarks/bin/Release/net10.0/Encina.Caching.Benchmarks-Job-YFEFPZ-1/bin/Release/net10.0/" /p:PublishDir="/home/runner/work/Encina/Encina/tests/Encina.BenchmarkTests/Encina.Caching.Benchmarks/bin/Release/net10.0/Encina.Caching.Benchmarks-Job-YFEFPZ-1/publish/" --output "/home/runner/work/Encina/Encina/tests/Encina.BenchmarkTests/Encina.Caching.Benchmarks/bin/Release/net10.0/Encina.Caching.Benchmarks-Job-YFEFPZ-1/bin/Release/net10.0/" in /home/runner/work/Encina/Encina/tests/Encina.BenchmarkTests/Encina.Caching.Benchmarks/bin/Release/net10.0/Encina.Caching.Benchmarks-Job-YFEFPZ-1
// command took 51.98 sec and exited with 0
// ***** Done, took 00:00:54 (54.72 sec)   *****
// Found 10 benchmarks:
//   CacheKeyGeneratorBenchmarks.GenerateKey_WithTemplate: Job-YFEFPZ(IterationCount=10, WarmupCount=3)
//   CacheKeyGeneratorBenchmarks.GeneratePattern: Job-YFEFPZ(IterationCount=10, WarmupCount=3)
//   CacheKeyGeneratorBenchmarks.GeneratePattern_WithTemplate: Job-YFEFPZ(IterationCount=10, WarmupCount=3)
//   CacheKeyGeneratorBenchmarks.GenerateKey_WithTemplate: ShortRun(IterationCount=3, LaunchCount=1, WarmupCount=3)
//   CacheKeyGeneratorBenchmarks.GeneratePattern: ShortRun(IterationCount=3, LaunchCount=1, WarmupCount=3)
//   CacheKeyGeneratorBenchmarks.GeneratePattern_WithTemplate: ShortRun(IterationCount=3, LaunchCount=1, WarmupCount=3)
//   CacheKeyGeneratorBenchmarks.GenerateKey_ComplexQuery: Job-YFEFPZ(IterationCount=10, WarmupCount=3)
//   CacheKeyGeneratorBenchmarks.GenerateKey_ComplexQuery: ShortRun(IterationCount=3, LaunchCount=1, WarmupCount=3)
//   CacheKeyGeneratorBenchmarks.GenerateKey_SimpleQuery: Job-YFEFPZ(IterationCount=10, WarmupCount=3)
//   CacheKeyGeneratorBenchmarks.GenerateKey_SimpleQuery: ShortRun(IterationCount=3, LaunchCount=1, WarmupCount=3)

// **************************
// Benchmark: CacheKeyGeneratorBenchmarks.GenerateKey_WithTemplate: Job-YFEFPZ(IterationCount=10, WarmupCount=3)
// *** Execute ***
// Launch: 1 / 1
// Execute: dotnet Encina.Caching.Benchmarks-Job-YFEFPZ-1.dll --anonymousPipes 150 151 --benchmarkName Encina.Caching.Benchmarks.CacheKeyGeneratorBenchmarks.GenerateKey_WithTemplate --job "IterationCount=10, WarmupCount=3" --benchmarkId 0 in /home/runner/work/Encina/Encina/tests/Encina.BenchmarkTests/Encina.Caching.Benchmarks/bin/Release/net10.0/Encina.Caching.Benchmarks-Job-YFEFPZ-1/bin/Release/net10.0
// Failed to set up high priority (Permission denied). In order to run benchmarks with high priority, make sure you have the right permissions.
// BeforeAnythingElse

// Benchmark Process Environment Information:
// BenchmarkDotNet v0.15.8
// Runtime=.NET 10.0.12 (10.0.12, 10.0.1226.42308), X64 RyuJIT x86-64-v3
// GC=Concurrent Workstation
// HardwareIntrinsics=AVX2+BMI1+BMI2+F16C+FMA+LZCNT+MOVBE,AVX,SSE3+SSSE3+SSE4.1+SSE4.2+POPCNT,X86Base+SSE+SSE2,AES+PCLMUL VectorSize=256
// Job: Job-YFEFPZ(IterationCount=10, WarmupCount=3)

OverheadJitting  1: 1 op, 230045.00 ns, 230.0450 us/op
WorkloadJitting  1: 1 op, 3957707.00 ns, 3.9577 ms/op

OverheadJitting  2: 16 op, 479687.00 ns, 29.9804 us/op
WorkloadJitting  2: 16 op, 1270400.00 ns, 79.4000 us/op

WorkloadPilot    1: 16 op, 703019.00 ns, 43.9387 us/op
WorkloadPilot    2: 32 op, 700763.00 ns, 21.8988 us/op
WorkloadPilot    3: 64 op, 846269.00 ns, 13.2230 us/op
WorkloadPilot    4: 128 op, 1026699.00 ns, 8.0211 us/op
WorkloadPilot    5: 256 op, 1352876.00 ns, 5.2847 us/op
WorkloadPilot    6: 512 op, 2055673.00 ns, 4.0150 us/op
WorkloadPilot    7: 1024 op, 3566216.00 ns, 3.4826 us/op
WorkloadPilot    8: 2048 op, 6445746.00 ns, 3.1473 us/op
WorkloadPilot    9: 4096 op, 12305415.00 ns, 3.0043 us/op
WorkloadPilot   10: 8192 op, 24898823.00 ns, 3.0394 us/op
WorkloadPilot   11: 16384 op, 47111593.00 ns, 2.8755 us/op
WorkloadPilot   12: 32768 op, 87567372.00 ns, 2.6723 us/op
WorkloadPilot   13: 65536 op, 164369849.00 ns, 2.5081 us/op
WorkloadPilot   14: 131072 op, 326701529.00 ns, 2.4925 us/op
WorkloadPilot   15: 262144 op, 656807387.00 ns, 2.5055 us/op

OverheadWarmup   1: 262144 op, 868680.00 ns, 3.3138 ns/op
OverheadWarmup   2: 262144 op, 883339.00 ns, 3.3697 ns/op
OverheadWarmup   3: 262144 op, 870164.00 ns, 3.3194 ns/op
OverheadWarmup   4: 262144 op, 865044.00 ns, 3.2999 ns/op
OverheadWarmup   5: 262144 op, 884701.00 ns, 3.3749 ns/op
OverheadWarmup   6: 262144 op, 849073.00 ns, 3.2390 ns/op

OverheadActual   1: 262144 op, 868831.00 ns, 3.3143 ns/op
OverheadActual   2: 262144 op, 867819.00 ns, 3.3105 ns/op
OverheadActual   3: 262144 op, 868451.00 ns, 3.3129 ns/op
OverheadActual   4: 262144 op, 884771.00 ns, 3.3751 ns/op
OverheadActual   5: 262144 op, 849895.00 ns, 3.2421 ns/op
OverheadActual   6: 262144 op, 866246.00 ns, 3.3045 ns/op
OverheadActual   7: 262144 op, 883830.00 ns, 3.3715 ns/op
OverheadActual   8: 262144 op, 866697.00 ns, 3.3062 ns/op
OverheadActual   9: 262144 op, 865375.00 ns, 3.3011 ns/op
OverheadActual  10: 262144 op, 855525.00 ns, 3.2636 ns/op
OverheadActual  11: 262144 op, 867619.00 ns, 3.3097 ns/op
OverheadActual  12: 262144 op, 868461.00 ns, 3.3129 ns/op
OverheadActual  13: 262144 op, 867248.00 ns, 3.3083 ns/op
OverheadActual  14: 262144 op, 867428.00 ns, 3.3090 ns/op
OverheadActual  15: 262144 op, 867409.00 ns, 3.3089 ns/op

WorkloadWarmup   1: 262144 op, 656300881.00 ns, 2.5036 us/op
WorkloadWarmup   2: 262144 op, 655173810.00 ns, 2.4993 us/op
WorkloadWarmup   3: 262144 op, 657380662.00 ns, 2.5077 us/op

// BeforeActualRun
WorkloadActual   1: 262144 op, 660437920.00 ns, 2.5194 us/op
WorkloadActual   2: 262144 op, 650636739.00 ns, 2.4820 us/op
WorkloadActual   3: 262144 op, 653977892.00 ns, 2.4947 us/op
WorkloadActual   4: 262144 op, 653192879.00 ns, 2.4917 us/op
WorkloadActual   5: 262144 op, 671140501.00 ns, 2.5602 us/op
WorkloadActual   6: 262144 op, 653131973.00 ns, 2.4915 us/op
WorkloadActual   7: 262144 op, 647620610.00 ns, 2.4705 us/op
WorkloadActual   8: 262144 op, 651034761.00 ns, 2.4835 us/op
WorkloadActual   9: 262144 op, 652263042.00 ns, 2.4882 us/op
WorkloadActual  10: 262144 op, 651087361.00 ns, 2.4837 us/op

// AfterActualRun
WorkloadResult   1: 262144 op, 649769311.00 ns, 2.4787 us/op
WorkloadResult   2: 262144 op, 653110464.00 ns, 2.4914 us/op
WorkloadResult   3: 262144 op, 652325451.00 ns, 2.4884 us/op
WorkloadResult   4: 262144 op, 652264545.00 ns, 2.4882 us/op
WorkloadResult   5: 262144 op, 646753182.00 ns, 2.4672 us/op
WorkloadResult   6: 262144 op, 650167333.00 ns, 2.4802 us/op
WorkloadResult   7: 262144 op, 651395614.00 ns, 2.4849 us/op
WorkloadResult   8: 262144 op, 650219933.00 ns, 2.4804 us/op
// GC:  21 0 0 356528424 262144
// Threading:  0 0 262144

// AfterAll
// Benchmark Process 3019 has exited with code 0.

Mean = 2.482 μs, StdErr = 0.003 μs (0.11%), N = 8, StdDev = 0.008 μs
Min = 2.467 μs, Q1 = 2.480 μs, Median = 2.483 μs, Q3 = 2.488 μs, Max = 2.491 μs
IQR = 0.008 μs, LowerFence = 2.467 μs, UpperFence = 2.501 μs
ConfidenceInterval = [2.468 μs; 2.497 μs] (CI 99.9%), Margin = 0.015 μs (0.59% of Mean)
Skewness = -0.68, Kurtosis = 2.28, MValue = 2

// ** Remained 9 (90.0 %) benchmark(s) to run. Estimated finish 2026-09-27 12:19 (0h 1m from now) **
// **************************
// Benchmark: CacheKeyGeneratorBenchmarks.GeneratePattern: Job-YFEFPZ(IterationCount=10, WarmupCount=3)
// *** Execute ***
// Launch: 1 / 1
// Execute: dotnet Encina.Caching.Benchmarks-Job-YFEFPZ-1.dll --anonymousPipes 150 151 --benchmarkName Encina.Caching.Benchmarks.CacheKeyGeneratorBenchmarks.GeneratePattern --job "IterationCount=10, WarmupCount=3" --benchmarkId 1 in /home/runner/work/Encina/Encina/tests/Encina.BenchmarkTests/Encina.Caching.Benchmarks/bin/Release/net10.0/Encina.Caching.Benchmarks-Job-YFEFPZ-1/bin/Release/net10.0
// Failed to set up high priority (Permission denied). In order to run benchmarks with high priority, make sure you have the right permissions.
// BeforeAnythingElse

// Benchmark Process Environment Information:
// BenchmarkDotNet v0.15.8
// Runtime=.NET 10.0.12 (10.0.12, 10.0.1226.42308), X64 RyuJIT x86-64-v3
// GC=Concurrent Workstation
// HardwareIntrinsics=AVX2+BMI1+BMI2+F16C+FMA+LZCNT+MOVBE,AVX,SSE3+SSSE3+SSE4.1+SSE4.2+POPCNT,X86Base+SSE+SSE2,AES+PCLMUL VectorSize=256
// Job: Job-YFEFPZ(IterationCount=10, WarmupCount=3)

OverheadJitting  1: 1 op, 218984.00 ns, 218.9840 us/op
WorkloadJitting  1: 1 op, 1120847.00 ns, 1.1208 ms/op

OverheadJitting  2: 16 op, 444981.00 ns, 27.8113 us/op
WorkloadJitting  2: 16 op, 461922.00 ns, 28.8701 us/op

WorkloadPilot    1: 16 op, 28795.00 ns, 1.7997 us/op
WorkloadPilot    2: 32 op, 26890.00 ns, 840.3125 ns/op
WorkloadPilot    3: 64 op, 33754.00 ns, 527.4063 ns/op
WorkloadPilot    4: 128 op, 53742.00 ns, 419.8594 ns/op
WorkloadPilot    5: 256 op, 83668.00 ns, 326.8281 ns/op
WorkloadPilot    6: 512 op, 138432.00 ns, 270.3750 ns/op
WorkloadPilot    7: 1024 op, 278515.00 ns, 271.9873 ns/op
WorkloadPilot    8: 2048 op, 431936.00 ns, 210.9063 ns/op
WorkloadPilot    9: 4096 op, 967788.00 ns, 236.2764 ns/op
WorkloadPilot   10: 8192 op, 1886324.00 ns, 230.2642 ns/op
WorkloadPilot   11: 16384 op, 3321033.00 ns, 202.6998 ns/op
WorkloadPilot   12: 32768 op, 8078649.00 ns, 246.5408 ns/op
WorkloadPilot   13: 65536 op, 15042924.00 ns, 229.5368 ns/op
WorkloadPilot   14: 131072 op, 19858980.00 ns, 151.5120 ns/op
WorkloadPilot   15: 262144 op, 36914156.00 ns, 140.8163 ns/op
WorkloadPilot   16: 524288 op, 70696788.00 ns, 134.8434 ns/op
WorkloadPilot   17: 1048576 op, 135943179.00 ns, 129.6455 ns/op
WorkloadPilot   18: 2097152 op, 276047607.00 ns, 131.6298 ns/op
WorkloadPilot   19: 4194304 op, 548486960.00 ns, 130.7695 ns/op

OverheadWarmup   1: 4194304 op, 13870469.00 ns, 3.3070 ns/op
OverheadWarmup   2: 4194304 op, 13890558.00 ns, 3.3118 ns/op
OverheadWarmup   3: 4194304 op, 13909293.00 ns, 3.3162 ns/op
OverheadWarmup   4: 4194304 op, 14062852.00 ns, 3.3528 ns/op
OverheadWarmup   5: 4194304 op, 13880458.00 ns, 3.3094 ns/op
OverheadWarmup   6: 4194304 op, 13886389.00 ns, 3.3108 ns/op
OverheadWarmup   7: 4194304 op, 13887843.00 ns, 3.3111 ns/op
OverheadWarmup   8: 4194304 op, 13892281.00 ns, 3.3122 ns/op
OverheadWarmup   9: 4194304 op, 13966040.00 ns, 3.3298 ns/op
OverheadWarmup  10: 4194304 op, 13963515.00 ns, 3.3292 ns/op

OverheadActual   1: 4194304 op, 13869037.00 ns, 3.3066 ns/op
OverheadActual   2: 4194304 op, 13871281.00 ns, 3.3072 ns/op
OverheadActual   3: 4194304 op, 13893463.00 ns, 3.3125 ns/op
OverheadActual   4: 4194304 op, 14045330.00 ns, 3.3487 ns/op
OverheadActual   5: 4194304 op, 13903502.00 ns, 3.3149 ns/op
OverheadActual   6: 4194304 op, 14837576.00 ns, 3.5376 ns/op
OverheadActual   7: 4194304 op, 14253083.00 ns, 3.3982 ns/op
OverheadActual   8: 4194304 op, 13868045.00 ns, 3.3064 ns/op
OverheadActual   9: 4194304 op, 13939479.00 ns, 3.3234 ns/op
OverheadActual  10: 4194304 op, 13859759.00 ns, 3.3044 ns/op
OverheadActual  11: 4194304 op, 13869998.00 ns, 3.3069 ns/op
OverheadActual  12: 4194304 op, 13875089.00 ns, 3.3081 ns/op
OverheadActual  13: 4194304 op, 13890036.00 ns, 3.3116 ns/op
OverheadActual  14: 4194304 op, 13907700.00 ns, 3.3159 ns/op
OverheadActual  15: 4194304 op, 13870339.00 ns, 3.3069 ns/op

WorkloadWarmup   1: 4194304 op, 585845256.00 ns, 139.6764 ns/op
WorkloadWarmup   2: 4194304 op, 555092698.00 ns, 132.3444 ns/op
WorkloadWarmup   3: 4194304 op, 549592989.00 ns, 131.0332 ns/op

// BeforeActualRun
WorkloadActual   1: 4194304 op, 550594821.00 ns, 131.2720 ns/op
WorkloadActual   2: 4194304 op, 563389108.00 ns, 134.3224 ns/op
WorkloadActual   3: 4194304 op, 566057780.00 ns, 134.9587 ns/op
WorkloadActual   4: 4194304 op, 561597754.00 ns, 133.8953 ns/op
WorkloadActual   5: 4194304 op, 554856993.00 ns, 132.2882 ns/op
WorkloadActual   6: 4194304 op, 564822616.00 ns, 134.6642 ns/op
WorkloadActual   7: 4194304 op, 566204877.00 ns, 134.9938 ns/op
WorkloadActual   8: 4194304 op, 564773463.00 ns, 134.6525 ns/op
WorkloadActual   9: 4194304 op, 559918862.00 ns, 133.4951 ns/op
WorkloadActual  10: 4194304 op, 570588681.00 ns, 136.0389 ns/op

// AfterActualRun
WorkloadResult   1: 4194304 op, 536704785.00 ns, 127.9604 ns/op
WorkloadResult   2: 4194304 op, 549499072.00 ns, 131.0108 ns/op
WorkloadResult   3: 4194304 op, 552167744.00 ns, 131.6470 ns/op
WorkloadResult   4: 4194304 op, 547707718.00 ns, 130.5837 ns/op
WorkloadResult   5: 4194304 op, 540966957.00 ns, 128.9766 ns/op
WorkloadResult   6: 4194304 op, 550932580.00 ns, 131.3526 ns/op
WorkloadResult   7: 4194304 op, 552314841.00 ns, 131.6821 ns/op
WorkloadResult   8: 4194304 op, 550883427.00 ns, 131.3408 ns/op
WorkloadResult   9: 4194304 op, 546028826.00 ns, 130.1834 ns/op
WorkloadResult  10: 4194304 op, 556698645.00 ns, 132.7273 ns/op
// GC:  64 0 0 1073755864 4194304
// Threading:  0 0 4194304

// AfterAll
// Benchmark Process 3029 has exited with code 0.

Mean = 130.746 ns, StdErr = 0.443 ns (0.34%), N = 10, StdDev = 1.400 ns
Min = 127.960 ns, Q1 = 130.283 ns, Median = 131.176 ns, Q3 = 131.573 ns, Max = 132.727 ns
IQR = 1.290 ns, LowerFence = 128.349 ns, UpperFence = 133.508 ns
ConfidenceInterval = [128.630 ns; 132.863 ns] (CI 99.9%), Margin = 2.117 ns (1.62% of Mean)
Skewness = -0.64, Kurtosis = 2.27, MValue = 2

// ** Remained 8 (80.0 %) benchmark(s) to run. Estimated finish 2026-09-27 12:19 (0h 1m from now) **
// **************************
// Benchmark: CacheKeyGeneratorBenchmarks.GeneratePattern_WithTemplate: Job-YFEFPZ(IterationCount=10, WarmupCount=3)
// *** Execute ***
// Launch: 1 / 1
// Execute: dotnet Encina.Caching.Benchmarks-Job-YFEFPZ-1.dll --anonymousPipes 150 151 --benchmarkName Encina.Caching.Benchmarks.CacheKeyGeneratorBenchmarks.GeneratePattern_WithTemplate --job "IterationCount=10, WarmupCount=3" --benchmarkId 2 in /home/runner/work/Encina/Encina/tests/Encina.BenchmarkTests/Encina.Caching.Benchmarks/bin/Release/net10.0/Encina.Caching.Benchmarks-Job-YFEFPZ-1/bin/Release/net10.0
// Failed to set up high priority (Permission denied). In order to run benchmarks with high priority, make sure you have the right permissions.
// BeforeAnythingElse

// Benchmark Process Environment Information:
// BenchmarkDotNet v0.15.8
// Runtime=.NET 10.0.12 (10.0.12, 10.0.1226.42308), X64 RyuJIT x86-64-v3
// GC=Concurrent Workstation
// HardwareIntrinsics=AVX2+BMI1+BMI2+F16C+FMA+LZCNT+MOVBE,AVX,SSE3+SSSE3+SSE4.1+SSE4.2+POPCNT,X86Base+SSE+SSE2,AES+PCLMUL VectorSize=256
// Job: Job-YFEFPZ(IterationCount=10, WarmupCount=3)

OverheadJitting  1: 1 op, 227841.00 ns, 227.8410 us/op
WorkloadJitting  1: 1 op, 2864060.00 ns, 2.8641 ms/op

OverheadJitting  2: 16 op, 421836.00 ns, 26.3648 us/op
WorkloadJitting  2: 16 op, 793379.00 ns, 49.5862 us/op

WorkloadPilot    1: 16 op, 197834.00 ns, 12.3646 us/op
WorkloadPilot    2: 32 op, 197583.00 ns, 6.1745 us/op
WorkloadPilot    3: 64 op, 219204.00 ns, 3.4251 us/op
WorkloadPilot    4: 128 op, 264039.00 ns, 2.0628 us/op
WorkloadPilot    5: 256 op, 396129.00 ns, 1.5474 us/op
WorkloadPilot    6: 512 op, 466301.00 ns, 910.7441 ns/op
WorkloadPilot    7: 1024 op, 721513.00 ns, 704.6025 ns/op
WorkloadPilot    8: 2048 op, 1285037.00 ns, 627.4595 ns/op
WorkloadPilot    9: 4096 op, 2440279.00 ns, 595.7712 ns/op
WorkloadPilot   10: 8192 op, 5836235.00 ns, 712.4310 ns/op
WorkloadPilot   11: 16384 op, 13886396.00 ns, 847.5583 ns/op
WorkloadPilot   12: 32768 op, 14840794.00 ns, 452.9051 ns/op
WorkloadPilot   13: 65536 op, 24185536.00 ns, 369.0420 ns/op
WorkloadPilot   14: 131072 op, 45772353.00 ns, 349.2153 ns/op
WorkloadPilot   15: 262144 op, 91543301.00 ns, 349.2100 ns/op
WorkloadPilot   16: 524288 op, 169033495.00 ns, 322.4058 ns/op
WorkloadPilot   17: 1048576 op, 347201603.00 ns, 331.1173 ns/op
WorkloadPilot   18: 2097152 op, 681864411.00 ns, 325.1383 ns/op

OverheadWarmup   1: 2097152 op, 6973422.00 ns, 3.3252 ns/op
OverheadWarmup   2: 2097152 op, 6988181.00 ns, 3.3322 ns/op
OverheadWarmup   3: 2097152 op, 6994884.00 ns, 3.3354 ns/op
OverheadWarmup   4: 2097152 op, 6986157.00 ns, 3.3313 ns/op
OverheadWarmup   5: 2097152 op, 7011405.00 ns, 3.3433 ns/op
OverheadWarmup   6: 2097152 op, 6960989.00 ns, 3.3193 ns/op

OverheadActual   1: 2097152 op, 6979595.00 ns, 3.3281 ns/op
OverheadActual   2: 2097152 op, 6975727.00 ns, 3.3263 ns/op
OverheadActual   3: 2097152 op, 7008679.00 ns, 3.3420 ns/op
OverheadActual   4: 2097152 op, 7049316.00 ns, 3.3614 ns/op
OverheadActual   5: 2097152 op, 7004180.00 ns, 3.3399 ns/op
OverheadActual   6: 2097152 op, 6970737.00 ns, 3.3239 ns/op
OverheadActual   7: 2097152 op, 6960869.00 ns, 3.3192 ns/op
OverheadActual   8: 2097152 op, 7178871.00 ns, 3.4232 ns/op
OverheadActual   9: 2097152 op, 6979484.00 ns, 3.3281 ns/op
OverheadActual  10: 2097152 op, 6977511.00 ns, 3.3271 ns/op
OverheadActual  11: 2097152 op, 6980737.00 ns, 3.3287 ns/op
OverheadActual  12: 2097152 op, 6977150.00 ns, 3.3270 ns/op
OverheadActual  13: 2097152 op, 6967882.00 ns, 3.3225 ns/op
OverheadActual  14: 2097152 op, 6962252.00 ns, 3.3199 ns/op
OverheadActual  15: 2097152 op, 7532229.00 ns, 3.5916 ns/op

WorkloadWarmup   1: 2097152 op, 763585735.00 ns, 364.1061 ns/op
WorkloadWarmup   2: 2097152 op, 719159918.00 ns, 342.9222 ns/op
WorkloadWarmup   3: 2097152 op, 701008563.00 ns, 334.2669 ns/op

// BeforeActualRun
WorkloadActual   1: 2097152 op, 716727321.00 ns, 341.7622 ns/op
WorkloadActual   2: 2097152 op, 738268815.00 ns, 352.0340 ns/op
WorkloadActual   3: 2097152 op, 773913472.00 ns, 369.0307 ns/op
WorkloadActual   4: 2097152 op, 733558127.00 ns, 349.7878 ns/op
WorkloadActual   5: 2097152 op, 682210282.00 ns, 325.3032 ns/op
WorkloadActual   6: 2097152 op, 689682176.00 ns, 328.8661 ns/op
WorkloadActual   7: 2097152 op, 684919169.00 ns, 326.5949 ns/op
WorkloadActual   8: 2097152 op, 679295125.00 ns, 323.9132 ns/op
WorkloadActual   9: 2097152 op, 684249514.00 ns, 326.2756 ns/op
WorkloadActual  10: 2097152 op, 684305690.00 ns, 326.3024 ns/op

// AfterActualRun
WorkloadResult   1: 2097152 op, 709747837.00 ns, 338.4341 ns/op
WorkloadResult   2: 2097152 op, 731289331.00 ns, 348.7059 ns/op
WorkloadResult   3: 2097152 op, 766933988.00 ns, 365.7026 ns/op
WorkloadResult   4: 2097152 op, 726578643.00 ns, 346.4597 ns/op
WorkloadResult   5: 2097152 op, 675230798.00 ns, 321.9751 ns/op
WorkloadResult   6: 2097152 op, 682702692.00 ns, 325.5380 ns/op
WorkloadResult   7: 2097152 op, 677939685.00 ns, 323.2668 ns/op
WorkloadResult   8: 2097152 op, 672315641.00 ns, 320.5851 ns/op
WorkloadResult   9: 2097152 op, 677270030.00 ns, 322.9475 ns/op
WorkloadResult  10: 2097152 op, 677326206.00 ns, 322.9743 ns/op
// GC:  112 0 0 1879051576 2097152
// Threading:  0 0 2097152

// AfterAll
// Benchmark Process 3038 has exited with code 0.

Mean = 333.659 ns, StdErr = 4.888 ns (1.46%), N = 10, StdDev = 15.457 ns
Min = 320.585 ns, Q1 = 322.954 ns, Median = 324.402 ns, Q3 = 344.453 ns, Max = 365.703 ns
IQR = 21.499 ns, LowerFence = 290.706 ns, UpperFence = 376.702 ns
ConfidenceInterval = [310.291 ns; 357.027 ns] (CI 99.9%), Margin = 23.368 ns (7.00% of Mean)
Skewness = 0.83, Kurtosis = 2.14, MValue = 2

// ** Remained 7 (70.0 %) benchmark(s) to run. Estimated finish 2026-09-27 12:19 (0h 1m from now) **
// **************************
// Benchmark: CacheKeyGeneratorBenchmarks.GenerateKey_WithTemplate: ShortRun(IterationCount=3, LaunchCount=1, WarmupCount=3)
// *** Execute ***
// Launch: 1 / 1
// Execute: dotnet Encina.Caching.Benchmarks-Job-YFEFPZ-1.dll --anonymousPipes 150 151 --benchmarkName Encina.Caching.Benchmarks.CacheKeyGeneratorBenchmarks.GenerateKey_WithTemplate --job ShortRun --benchmarkId 3 in /home/runner/work/Encina/Encina/tests/Encina.BenchmarkTests/Encina.Caching.Benchmarks/bin/Release/net10.0/Encina.Caching.Benchmarks-Job-YFEFPZ-1/bin/Release/net10.0
// Failed to set up high priority (Permission denied). In order to run benchmarks with high priority, make sure you have the right permissions.
// BeforeAnythingElse

// Benchmark Process Environment Information:
// BenchmarkDotNet v0.15.8
// Runtime=.NET 10.0.12 (10.0.12, 10.0.1226.42308), X64 RyuJIT x86-64-v3
// GC=Concurrent Workstation
// HardwareIntrinsics=AVX2+BMI1+BMI2+F16C+FMA+LZCNT+MOVBE,AVX,SSE3+SSSE3+SSE4.1+SSE4.2+POPCNT,X86Base+SSE+SSE2,AES+PCLMUL VectorSize=256
// Job: ShortRun(IterationCount=3, LaunchCount=1, WarmupCount=3)

OverheadJitting  1: 1 op, 252367.00 ns, 252.3670 us/op
WorkloadJitting  1: 1 op, 3918552.00 ns, 3.9186 ms/op

OverheadJitting  2: 16 op, 422407.00 ns, 26.4004 us/op
WorkloadJitting  2: 16 op, 1164119.00 ns, 72.7574 us/op

WorkloadPilot    1: 16 op, 683722.00 ns, 42.7326 us/op
WorkloadPilot    2: 32 op, 697899.00 ns, 21.8093 us/op
WorkloadPilot    3: 64 op, 848894.00 ns, 13.2640 us/op
WorkloadPilot    4: 128 op, 1007563.00 ns, 7.8716 us/op
WorkloadPilot    5: 256 op, 1341704.00 ns, 5.2410 us/op
WorkloadPilot    6: 512 op, 2012682.00 ns, 3.9310 us/op
WorkloadPilot    7: 1024 op, 3548483.00 ns, 3.4653 us/op
WorkloadPilot    8: 2048 op, 6429426.00 ns, 3.1394 us/op
WorkloadPilot    9: 4096 op, 12232498.00 ns, 2.9864 us/op
WorkloadPilot   10: 8192 op, 24722761.00 ns, 3.0179 us/op
WorkloadPilot   11: 16384 op, 48024268.00 ns, 2.9312 us/op
WorkloadPilot   12: 32768 op, 84944491.00 ns, 2.5923 us/op
WorkloadPilot   13: 65536 op, 163090289.00 ns, 2.4886 us/op
WorkloadPilot   14: 131072 op, 323146076.00 ns, 2.4654 us/op
WorkloadPilot   15: 262144 op, 647915728.00 ns, 2.4716 us/op

OverheadWarmup   1: 262144 op, 889340.00 ns, 3.3926 ns/op
OverheadWarmup   2: 262144 op, 865466.00 ns, 3.3015 ns/op
OverheadWarmup   3: 262144 op, 865075.00 ns, 3.3000 ns/op
OverheadWarmup   4: 262144 op, 849124.00 ns, 3.2392 ns/op
OverheadWarmup   5: 262144 op, 866577.00 ns, 3.3057 ns/op
OverheadWarmup   6: 262144 op, 865586.00 ns, 3.3019 ns/op
OverheadWarmup   7: 262144 op, 866116.00 ns, 3.3040 ns/op
OverheadWarmup   8: 262144 op, 864794.00 ns, 3.2989 ns/op

OverheadActual   1: 262144 op, 888197.00 ns, 3.3882 ns/op
OverheadActual   2: 262144 op, 867448.00 ns, 3.3091 ns/op
OverheadActual   3: 262144 op, 849114.00 ns, 3.2391 ns/op
OverheadActual   4: 262144 op, 866908.00 ns, 3.3070 ns/op
OverheadActual   5: 262144 op, 869783.00 ns, 3.3180 ns/op
OverheadActual   6: 262144 op, 865816.00 ns, 3.3028 ns/op
OverheadActual   7: 262144 op, 887376.00 ns, 3.3851 ns/op
OverheadActual   8: 262144 op, 945236.00 ns, 3.6058 ns/op
OverheadActual   9: 262144 op, 884821.00 ns, 3.3753 ns/op
OverheadActual  10: 262144 op, 849154.00 ns, 3.2393 ns/op
OverheadActual  11: 262144 op, 882757.00 ns, 3.3675 ns/op
OverheadActual  12: 262144 op, 875533.00 ns, 3.3399 ns/op
OverheadActual  13: 262144 op, 877367.00 ns, 3.3469 ns/op
OverheadActual  14: 262144 op, 870113.00 ns, 3.3192 ns/op
OverheadActual  15: 262144 op, 849865.00 ns, 3.2420 ns/op

WorkloadWarmup   1: 262144 op, 660173564.00 ns, 2.5184 us/op
WorkloadWarmup   2: 262144 op, 653348885.00 ns, 2.4923 us/op
WorkloadWarmup   3: 262144 op, 650968792.00 ns, 2.4832 us/op

// BeforeActualRun
WorkloadActual   1: 262144 op, 653649646.00 ns, 2.4935 us/op
WorkloadActual   2: 262144 op, 649867031.00 ns, 2.4790 us/op
WorkloadActual   3: 262144 op, 680985003.00 ns, 2.5978 us/op

// AfterActualRun
WorkloadResult   1: 262144 op, 652779533.00 ns, 2.4902 us/op
WorkloadResult   2: 262144 op, 648996918.00 ns, 2.4757 us/op
WorkloadResult   3: 262144 op, 680114890.00 ns, 2.5944 us/op
// GC:  21 0 0 356528424 262144
// Threading:  0 0 262144

// AfterAll
// Benchmark Process 3696 has exited with code 0.

Mean = 2.520 μs, StdErr = 0.037 μs (1.48%), N = 3, StdDev = 0.065 μs
Min = 2.476 μs, Q1 = 2.483 μs, Median = 2.490 μs, Q3 = 2.542 μs, Max = 2.594 μs
IQR = 0.059 μs, LowerFence = 2.394 μs, UpperFence = 2.631 μs
ConfidenceInterval = [1.338 μs; 3.702 μs] (CI 99.9%), Margin = 1.182 μs (46.89% of Mean)
Skewness = 0.36, Kurtosis = 0.67, MValue = 2

// ** Remained 6 (60.0 %) benchmark(s) to run. Estimated finish 2026-09-27 12:19 (0h 0m from now) **
// **************************
// Benchmark: CacheKeyGeneratorBenchmarks.GeneratePattern: ShortRun(IterationCount=3, LaunchCount=1, WarmupCount=3)
// *** Execute ***
// Launch: 1 / 1
// Execute: dotnet Encina.Caching.Benchmarks-Job-YFEFPZ-1.dll --anonymousPipes 150 151 --benchmarkName Encina.Caching.Benchmarks.CacheKeyGeneratorBenchmarks.GeneratePattern --job ShortRun --benchmarkId 4 in /home/runner/work/Encina/Encina/tests/Encina.BenchmarkTests/Encina.Caching.Benchmarks/bin/Release/net10.0/Encina.Caching.Benchmarks-Job-YFEFPZ-1/bin/Release/net10.0
// Failed to set up high priority (Permission denied). In order to run benchmarks with high priority, make sure you have the right permissions.
// BeforeAnythingElse

// Benchmark Process Environment Information:
// BenchmarkDotNet v0.15.8
// Runtime=.NET 10.0.12 (10.0.12, 10.0.1226.42308), X64 RyuJIT x86-64-v3
// GC=Concurrent Workstation
// HardwareIntrinsics=AVX2+BMI1+BMI2+F16C+FMA+LZCNT+MOVBE,AVX,SSE3+SSSE3+SSE4.1+SSE4.2+POPCNT,X86Base+SSE+SSE2,AES+PCLMUL VectorSize=256
// Job: ShortRun(IterationCount=3, LaunchCount=1, WarmupCount=3)

OverheadJitting  1: 1 op, 227449.00 ns, 227.4490 us/op
WorkloadJitting  1: 1 op, 1153138.00 ns, 1.1531 ms/op

OverheadJitting  2: 16 op, 467734.00 ns, 29.2334 us/op
WorkloadJitting  2: 16 op, 458175.00 ns, 28.6359 us/op

WorkloadPilot    1: 16 op, 29035.00 ns, 1.8147 us/op
WorkloadPilot    2: 32 op, 26420.00 ns, 825.6250 ns/op
WorkloadPilot    3: 64 op, 33974.00 ns, 530.8438 ns/op
WorkloadPilot    4: 128 op, 49423.00 ns, 386.1172 ns/op
WorkloadPilot    5: 256 op, 87365.00 ns, 341.2695 ns/op
WorkloadPilot    6: 512 op, 138391.00 ns, 270.2949 ns/op
WorkloadPilot    7: 1024 op, 291060.00 ns, 284.2383 ns/op
WorkloadPilot    8: 2048 op, 480177.00 ns, 234.4614 ns/op
WorkloadPilot    9: 4096 op, 925438.00 ns, 225.9370 ns/op
WorkloadPilot   10: 8192 op, 1877467.00 ns, 229.1830 ns/op
WorkloadPilot   11: 16384 op, 3743320.00 ns, 228.4741 ns/op
WorkloadPilot   12: 32768 op, 7264152.00 ns, 221.6843 ns/op
WorkloadPilot   13: 65536 op, 15031213.00 ns, 229.3581 ns/op
WorkloadPilot   14: 131072 op, 19770606.00 ns, 150.8378 ns/op
WorkloadPilot   15: 262144 op, 37352899.00 ns, 142.4900 ns/op
WorkloadPilot   16: 524288 op, 71263817.00 ns, 135.9249 ns/op
WorkloadPilot   17: 1048576 op, 137505766.00 ns, 131.1357 ns/op
WorkloadPilot   18: 2097152 op, 276688571.00 ns, 131.9354 ns/op
WorkloadPilot   19: 4194304 op, 553960766.00 ns, 132.0745 ns/op

OverheadWarmup   1: 4194304 op, 13893465.00 ns, 3.3125 ns/op
OverheadWarmup   2: 4194304 op, 13945242.00 ns, 3.3248 ns/op
OverheadWarmup   3: 4194304 op, 13890198.00 ns, 3.3117 ns/op
OverheadWarmup   4: 4194304 op, 13929903.00 ns, 3.3211 ns/op
OverheadWarmup   5: 4194304 op, 13879699.00 ns, 3.3092 ns/op

OverheadActual   1: 4194304 op, 13916448.00 ns, 3.3179 ns/op
OverheadActual   2: 4194304 op, 13904195.00 ns, 3.3150 ns/op
OverheadActual   3: 4194304 op, 13960220.00 ns, 3.3284 ns/op
OverheadActual   4: 4194304 op, 13882964.00 ns, 3.3100 ns/op
OverheadActual   5: 4194304 op, 13892653.00 ns, 3.3123 ns/op
OverheadActual   6: 4194304 op, 13881322.00 ns, 3.3096 ns/op
OverheadActual   7: 4194304 op, 13992582.00 ns, 3.3361 ns/op
OverheadActual   8: 4194304 op, 13901320.00 ns, 3.3143 ns/op
OverheadActual   9: 4194304 op, 13927339.00 ns, 3.3205 ns/op
OverheadActual  10: 4194304 op, 13981891.00 ns, 3.3335 ns/op
OverheadActual  11: 4194304 op, 13878436.00 ns, 3.3089 ns/op
OverheadActual  12: 4194304 op, 13884848.00 ns, 3.3104 ns/op
OverheadActual  13: 4194304 op, 13887554.00 ns, 3.3111 ns/op
OverheadActual  14: 4194304 op, 13887162.00 ns, 3.3110 ns/op
OverheadActual  15: 4194304 op, 13885790.00 ns, 3.3106 ns/op

WorkloadWarmup   1: 4194304 op, 570223094.00 ns, 135.9518 ns/op
WorkloadWarmup   2: 4194304 op, 573970233.00 ns, 136.8452 ns/op
WorkloadWarmup   3: 4194304 op, 569794956.00 ns, 135.8497 ns/op

// BeforeActualRun
WorkloadActual   1: 4194304 op, 556468092.00 ns, 132.6723 ns/op
WorkloadActual   2: 4194304 op, 561707791.00 ns, 133.9216 ns/op
WorkloadActual   3: 4194304 op, 567972702.00 ns, 135.4152 ns/op

// AfterActualRun
WorkloadResult   1: 4194304 op, 542575439.00 ns, 129.3601 ns/op
WorkloadResult   2: 4194304 op, 547815138.00 ns, 130.6093 ns/op
WorkloadResult   3: 4194304 op, 554080049.00 ns, 132.1030 ns/op
// GC:  64 0 0 1073755864 4194304
// Threading:  0 0 4194304

// AfterAll
// Benchmark Process 3704 has exited with code 0.

Mean = 130.691 ns, StdErr = 0.793 ns (0.61%), N = 3, StdDev = 1.373 ns
Min = 129.360 ns, Q1 = 129.985 ns, Median = 130.609 ns, Q3 = 131.356 ns, Max = 132.103 ns
IQR = 1.371 ns, LowerFence = 127.928 ns, UpperFence = 133.413 ns
ConfidenceInterval = [105.637 ns; 155.744 ns] (CI 99.9%), Margin = 25.054 ns (19.17% of Mean)
Skewness = 0.06, Kurtosis = 0.67, MValue = 2

// ** Remained 5 (50.0 %) benchmark(s) to run. Estimated finish 2026-09-27 12:19 (0h 0m from now) **
// **************************
// Benchmark: CacheKeyGeneratorBenchmarks.GeneratePattern_WithTemplate: ShortRun(IterationCount=3, LaunchCount=1, WarmupCount=3)
// *** Execute ***
// Launch: 1 / 1
// Execute: dotnet Encina.Caching.Benchmarks-Job-YFEFPZ-1.dll --anonymousPipes 150 151 --benchmarkName Encina.Caching.Benchmarks.CacheKeyGeneratorBenchmarks.GeneratePattern_WithTemplate --job ShortRun --benchmarkId 5 in /home/runner/work/Encina/Encina/tests/Encina.BenchmarkTests/Encina.Caching.Benchmarks/bin/Release/net10.0/Encina.Caching.Benchmarks-Job-YFEFPZ-1/bin/Release/net10.0
// Failed to set up high priority (Permission denied). In order to run benchmarks with high priority, make sure you have the right permissions.
// BeforeAnythingElse

// Benchmark Process Environment Information:
// BenchmarkDotNet v0.15.8
// Runtime=.NET 10.0.12 (10.0.12, 10.0.1226.42308), X64 RyuJIT x86-64-v3
// GC=Concurrent Workstation
// HardwareIntrinsics=AVX2+BMI1+BMI2+F16C+FMA+LZCNT+MOVBE,AVX,SSE3+SSSE3+SSE4.1+SSE4.2+POPCNT,X86Base+SSE+SSE2,AES+PCLMUL VectorSize=256
// Job: ShortRun(IterationCount=3, LaunchCount=1, WarmupCount=3)

OverheadJitting  1: 1 op, 260863.00 ns, 260.8630 us/op
WorkloadJitting  1: 1 op, 2930265.00 ns, 2.9303 ms/op

OverheadJitting  2: 16 op, 450671.00 ns, 28.1669 us/op
WorkloadJitting  2: 16 op, 669094.00 ns, 41.8184 us/op

WorkloadPilot    1: 16 op, 218002.00 ns, 13.6251 us/op
WorkloadPilot    2: 32 op, 200368.00 ns, 6.2615 us/op
WorkloadPilot    3: 64 op, 246586.00 ns, 3.8529 us/op
WorkloadPilot    4: 128 op, 294065.00 ns, 2.2974 us/op
WorkloadPilot    5: 256 op, 392602.00 ns, 1.5336 us/op
WorkloadPilot    6: 512 op, 465890.00 ns, 909.9414 ns/op
WorkloadPilot    7: 1024 op, 732003.00 ns, 714.8467 ns/op
WorkloadPilot    8: 2048 op, 1284306.00 ns, 627.1025 ns/op
WorkloadPilot    9: 4096 op, 2466800.00 ns, 602.2461 ns/op
WorkloadPilot   10: 8192 op, 4906168.00 ns, 598.8975 ns/op
WorkloadPilot   11: 16384 op, 10878529.00 ns, 663.9727 ns/op
WorkloadPilot   12: 32768 op, 16084574.00 ns, 490.8622 ns/op
WorkloadPilot   13: 65536 op, 24387388.00 ns, 372.1220 ns/op
WorkloadPilot   14: 131072 op, 47994903.00 ns, 366.1721 ns/op
WorkloadPilot   15: 262144 op, 89661571.00 ns, 342.0317 ns/op
WorkloadPilot   16: 524288 op, 173886352.00 ns, 331.6619 ns/op
WorkloadPilot   17: 1048576 op, 350125849.00 ns, 333.9060 ns/op
WorkloadPilot   18: 2097152 op, 699309809.00 ns, 333.4569 ns/op

OverheadWarmup   1: 2097152 op, 6986147.00 ns, 3.3313 ns/op
OverheadWarmup   2: 2097152 op, 6978832.00 ns, 3.3278 ns/op
OverheadWarmup   3: 2097152 op, 6973433.00 ns, 3.3252 ns/op
OverheadWarmup   4: 2097152 op, 7003230.00 ns, 3.3394 ns/op
OverheadWarmup   5: 2097152 op, 6961430.00 ns, 3.3195 ns/op
OverheadWarmup   6: 2097152 op, 6943456.00 ns, 3.3109 ns/op
OverheadWarmup   7: 2097152 op, 6942795.00 ns, 3.3106 ns/op
OverheadWarmup   8: 2097152 op, 6943206.00 ns, 3.3108 ns/op
OverheadWarmup   9: 2097152 op, 6938307.00 ns, 3.3084 ns/op

OverheadActual   1: 2097152 op, 6993401.00 ns, 3.3347 ns/op
OverheadActual   2: 2097152 op, 6988161.00 ns, 3.3322 ns/op
OverheadActual   3: 2097152 op, 6993861.00 ns, 3.3349 ns/op
OverheadActual   4: 2097152 op, 6976529.00 ns, 3.3267 ns/op
OverheadActual   5: 2097152 op, 6983893.00 ns, 3.3302 ns/op
OverheadActual   6: 2097152 op, 6966100.00 ns, 3.3217 ns/op
OverheadActual   7: 2097152 op, 6967722.00 ns, 3.3225 ns/op
OverheadActual   8: 2097152 op, 6944488.00 ns, 3.3114 ns/op
OverheadActual   9: 2097152 op, 6930431.00 ns, 3.3047 ns/op
OverheadActual  10: 2097152 op, 6969485.00 ns, 3.3233 ns/op
OverheadActual  11: 2097152 op, 6944187.00 ns, 3.3112 ns/op
OverheadActual  12: 2097152 op, 6942224.00 ns, 3.3103 ns/op
OverheadActual  13: 2097152 op, 6946843.00 ns, 3.3125 ns/op
OverheadActual  14: 2097152 op, 6941753.00 ns, 3.3101 ns/op
OverheadActual  15: 2097152 op, 6941492.00 ns, 3.3100 ns/op

WorkloadWarmup   1: 2097152 op, 697321373.00 ns, 332.5087 ns/op
WorkloadWarmup   2: 2097152 op, 689989173.00 ns, 329.0125 ns/op
WorkloadWarmup   3: 2097152 op, 674929694.00 ns, 321.8316 ns/op

// BeforeActualRun
WorkloadActual   1: 2097152 op, 678724915.00 ns, 323.6413 ns/op
WorkloadActual   2: 2097152 op, 684180951.00 ns, 326.2429 ns/op
WorkloadActual   3: 2097152 op, 689322473.00 ns, 328.6946 ns/op

// AfterActualRun
WorkloadResult   1: 2097152 op, 671758815.00 ns, 320.3196 ns/op
WorkloadResult   2: 2097152 op, 677214851.00 ns, 322.9212 ns/op
WorkloadResult   3: 2097152 op, 682356373.00 ns, 325.3729 ns/op
// GC:  112 0 0 1879051576 2097152
// Threading:  0 0 2097152

// AfterAll
// Benchmark Process 3713 has exited with code 0.

Mean = 322.871 ns, StdErr = 1.459 ns (0.45%), N = 3, StdDev = 2.527 ns
Min = 320.320 ns, Q1 = 321.620 ns, Median = 322.921 ns, Q3 = 324.147 ns, Max = 325.373 ns
IQR = 2.527 ns, LowerFence = 317.830 ns, UpperFence = 327.937 ns
ConfidenceInterval = [276.769 ns; 368.974 ns] (CI 99.9%), Margin = 46.102 ns (14.28% of Mean)
Skewness = -0.02, Kurtosis = 0.67, MValue = 2

// ** Remained 4 (40.0 %) benchmark(s) to run. Estimated finish 2026-09-27 12:19 (0h 0m from now) **
// **************************
// Benchmark: CacheKeyGeneratorBenchmarks.GenerateKey_ComplexQuery: Job-YFEFPZ(IterationCount=10, WarmupCount=3)
// *** Execute ***
// Launch: 1 / 1
// Execute: dotnet Encina.Caching.Benchmarks-Job-YFEFPZ-1.dll --anonymousPipes 150 151 --benchmarkName Encina.Caching.Benchmarks.CacheKeyGeneratorBenchmarks.GenerateKey_ComplexQuery --job "IterationCount=10, WarmupCount=3" --benchmarkId 6 in /home/runner/work/Encina/Encina/tests/Encina.BenchmarkTests/Encina.Caching.Benchmarks/bin/Release/net10.0/Encina.Caching.Benchmarks-Job-YFEFPZ-1/bin/Release/net10.0
// Failed to set up high priority (Permission denied). In order to run benchmarks with high priority, make sure you have the right permissions.
// BeforeAnythingElse

// Benchmark Process Environment Information:
// BenchmarkDotNet v0.15.8
// Runtime=.NET 10.0.12 (10.0.12, 10.0.1226.42308), X64 RyuJIT x86-64-v3
// GC=Concurrent Workstation
// HardwareIntrinsics=AVX2+BMI1+BMI2+F16C+FMA+LZCNT+MOVBE,AVX,SSE3+SSSE3+SSE4.1+SSE4.2+POPCNT,X86Base+SSE+SSE2,AES+PCLMUL VectorSize=256
// Job: Job-YFEFPZ(IterationCount=10, WarmupCount=3)

OverheadJitting  1: 1 op, 228822.00 ns, 228.8220 us/op
WorkloadJitting  1: 1 op, 59914609.00 ns, 59.9146 ms/op

WorkloadPilot    1: 2 op, 400656.00 ns, 200.3280 us/op
WorkloadPilot    2: 3 op, 341124.00 ns, 113.7080 us/op
WorkloadPilot    3: 4 op, 329312.00 ns, 82.3280 us/op
WorkloadPilot    4: 5 op, 335744.00 ns, 67.1488 us/op
WorkloadPilot    5: 6 op, 335934.00 ns, 55.9890 us/op
WorkloadPilot    6: 7 op, 341715.00 ns, 48.8164 us/op
WorkloadPilot    7: 8 op, 347727.00 ns, 43.4659 us/op
WorkloadPilot    8: 9 op, 348598.00 ns, 38.7331 us/op
WorkloadPilot    9: 10 op, 358938.00 ns, 35.8938 us/op
WorkloadPilot   10: 11 op, 359439.00 ns, 32.6763 us/op
WorkloadPilot   11: 12 op, 400556.00 ns, 33.3797 us/op
WorkloadPilot   12: 13 op, 412398.00 ns, 31.7229 us/op
WorkloadPilot   13: 14 op, 401277.00 ns, 28.6626 us/op
WorkloadPilot   14: 15 op, 410004.00 ns, 27.3336 us/op
WorkloadPilot   15: 16 op, 391911.00 ns, 24.4944 us/op
WorkloadPilot   16: 32 op, 470589.00 ns, 14.7059 us/op
WorkloadPilot   17: 64 op, 614861.00 ns, 9.6072 us/op
WorkloadPilot   18: 128 op, 1044583.00 ns, 8.1608 us/op
WorkloadPilot   19: 256 op, 1659023.00 ns, 6.4806 us/op
WorkloadPilot   20: 512 op, 3013420.00 ns, 5.8856 us/op
WorkloadPilot   21: 1024 op, 5730200.00 ns, 5.5959 us/op
WorkloadPilot   22: 2048 op, 11076434.00 ns, 5.4084 us/op
WorkloadPilot   23: 4096 op, 21679784.00 ns, 5.2929 us/op
WorkloadPilot   24: 8192 op, 44410604.00 ns, 5.4212 us/op
WorkloadPilot   25: 16384 op, 84809955.00 ns, 5.1764 us/op
WorkloadPilot   26: 32768 op, 155374031.00 ns, 4.7416 us/op
WorkloadPilot   27: 65536 op, 306372250.00 ns, 4.6749 us/op
WorkloadPilot   28: 131072 op, 609218290.00 ns, 4.6480 us/op

WorkloadWarmup   1: 131072 op, 610450677.00 ns, 4.6574 us/op
WorkloadWarmup   2: 131072 op, 610902431.00 ns, 4.6608 us/op
WorkloadWarmup   3: 131072 op, 611692812.00 ns, 4.6668 us/op

// BeforeActualRun
WorkloadActual   1: 131072 op, 608182775.00 ns, 4.6401 us/op
WorkloadActual   2: 131072 op, 613746870.00 ns, 4.6825 us/op
WorkloadActual   3: 131072 op, 612224256.00 ns, 4.6709 us/op
WorkloadActual   4: 131072 op, 609555898.00 ns, 4.6505 us/op
WorkloadActual   5: 131072 op, 610059159.00 ns, 4.6544 us/op
WorkloadActual   6: 131072 op, 610170169.00 ns, 4.6552 us/op
WorkloadActual   7: 131072 op, 606668586.00 ns, 4.6285 us/op
WorkloadActual   8: 131072 op, 607676488.00 ns, 4.6362 us/op
WorkloadActual   9: 131072 op, 609304411.00 ns, 4.6486 us/op
WorkloadActual  10: 131072 op, 610209121.00 ns, 4.6555 us/op

// AfterActualRun
WorkloadResult   1: 131072 op, 608182775.00 ns, 4.6401 us/op
WorkloadResult   2: 131072 op, 612224256.00 ns, 4.6709 us/op
WorkloadResult   3: 131072 op, 609555898.00 ns, 4.6505 us/op
WorkloadResult   4: 131072 op, 610059159.00 ns, 4.6544 us/op
WorkloadResult   5: 131072 op, 610170169.00 ns, 4.6552 us/op
WorkloadResult   6: 131072 op, 606668586.00 ns, 4.6285 us/op
WorkloadResult   7: 131072 op, 607676488.00 ns, 4.6362 us/op
WorkloadResult   8: 131072 op, 609304411.00 ns, 4.6486 us/op
WorkloadResult   9: 131072 op, 610209121.00 ns, 4.6555 us/op
// GC:  12 0 0 216011592 131072
// Threading:  0 0 131072

// AfterAll
// Benchmark Process 3719 has exited with code 0.

Mean = 4.649 μs, StdErr = 0.004 μs (0.09%), N = 9, StdDev = 0.013 μs
Min = 4.629 μs, Q1 = 4.640 μs, Median = 4.651 μs, Q3 = 4.655 μs, Max = 4.671 μs
IQR = 0.015 μs, LowerFence = 4.617 μs, UpperFence = 4.678 μs
ConfidenceInterval = [4.628 μs; 4.670 μs] (CI 99.9%), Margin = 0.021 μs (0.45% of Mean)
Skewness = 0.01, Kurtosis = 2, MValue = 2

// ** Remained 3 (30.0 %) benchmark(s) to run. Estimated finish 2026-09-27 12:19 (0h 0m from now) **
// **************************
// Benchmark: CacheKeyGeneratorBenchmarks.GenerateKey_ComplexQuery: ShortRun(IterationCount=3, LaunchCount=1, WarmupCount=3)
// *** Execute ***
// Launch: 1 / 1
// Execute: dotnet Encina.Caching.Benchmarks-Job-YFEFPZ-1.dll --anonymousPipes 150 151 --benchmarkName Encina.Caching.Benchmarks.CacheKeyGeneratorBenchmarks.GenerateKey_ComplexQuery --job ShortRun --benchmarkId 7 in /home/runner/work/Encina/Encina/tests/Encina.BenchmarkTests/Encina.Caching.Benchmarks/bin/Release/net10.0/Encina.Caching.Benchmarks-Job-YFEFPZ-1/bin/Release/net10.0
// Failed to set up high priority (Permission denied). In order to run benchmarks with high priority, make sure you have the right permissions.
// BeforeAnythingElse

// Benchmark Process Environment Information:
// BenchmarkDotNet v0.15.8
// Runtime=.NET 10.0.12 (10.0.12, 10.0.1226.42308), X64 RyuJIT x86-64-v3
// GC=Concurrent Workstation
// HardwareIntrinsics=AVX2+BMI1+BMI2+F16C+FMA+LZCNT+MOVBE,AVX,SSE3+SSSE3+SSE4.1+SSE4.2+POPCNT,X86Base+SSE+SSE2,AES+PCLMUL VectorSize=256
// Job: ShortRun(IterationCount=3, LaunchCount=1, WarmupCount=3)

OverheadJitting  1: 1 op, 222971.00 ns, 222.9710 us/op
WorkloadJitting  1: 1 op, 60737239.00 ns, 60.7372 ms/op

WorkloadPilot    1: 2 op, 338459.00 ns, 169.2295 us/op
WorkloadPilot    2: 3 op, 340213.00 ns, 113.4043 us/op
WorkloadPilot    3: 4 op, 333770.00 ns, 83.4425 us/op
WorkloadPilot    4: 5 op, 337838.00 ns, 67.5676 us/op
WorkloadPilot    5: 6 op, 334412.00 ns, 55.7353 us/op
WorkloadPilot    6: 7 op, 376541.00 ns, 53.7916 us/op
WorkloadPilot    7: 8 op, 349580.00 ns, 43.6975 us/op
WorkloadPilot    8: 9 op, 347065.00 ns, 38.5628 us/op
WorkloadPilot    9: 10 op, 356313.00 ns, 35.6313 us/op
WorkloadPilot   10: 11 op, 359068.00 ns, 32.6425 us/op
WorkloadPilot   11: 12 op, 369728.00 ns, 30.8107 us/op
WorkloadPilot   12: 13 op, 367634.00 ns, 28.2795 us/op
WorkloadPilot   13: 14 op, 373846.00 ns, 26.7033 us/op
WorkloadPilot   14: 15 op, 428119.00 ns, 28.5413 us/op
WorkloadPilot   15: 16 op, 419473.00 ns, 26.2171 us/op
WorkloadPilot   16: 32 op, 496998.00 ns, 15.5312 us/op
WorkloadPilot   17: 64 op, 597769.00 ns, 9.3401 us/op
WorkloadPilot   18: 128 op, 1060744.00 ns, 8.2871 us/op
WorkloadPilot   19: 256 op, 1670847.00 ns, 6.5267 us/op
WorkloadPilot   20: 512 op, 3079087.00 ns, 6.0138 us/op
WorkloadPilot   21: 1024 op, 5933628.00 ns, 5.7946 us/op
WorkloadPilot   22: 2048 op, 11339459.00 ns, 5.5368 us/op
WorkloadPilot   23: 4096 op, 22385825.00 ns, 5.4653 us/op
WorkloadPilot   24: 8192 op, 46225917.00 ns, 5.6428 us/op
WorkloadPilot   25: 16384 op, 87217708.00 ns, 5.3233 us/op
WorkloadPilot   26: 32768 op, 161267623.00 ns, 4.9215 us/op
WorkloadPilot   27: 65536 op, 317389686.00 ns, 4.8430 us/op
WorkloadPilot   28: 131072 op, 632904980.00 ns, 4.8287 us/op

WorkloadWarmup   1: 131072 op, 633866848.00 ns, 4.8360 us/op
WorkloadWarmup   2: 131072 op, 634683581.00 ns, 4.8423 us/op
WorkloadWarmup   3: 131072 op, 642417791.00 ns, 4.9013 us/op

// BeforeActualRun
WorkloadActual   1: 131072 op, 636925476.00 ns, 4.8594 us/op
WorkloadActual   2: 131072 op, 637902140.00 ns, 4.8668 us/op
WorkloadActual   3: 131072 op, 636395625.00 ns, 4.8553 us/op

// AfterActualRun
WorkloadResult   1: 131072 op, 636925476.00 ns, 4.8594 us/op
WorkloadResult   2: 131072 op, 637902140.00 ns, 4.8668 us/op
WorkloadResult   3: 131072 op, 636395625.00 ns, 4.8553 us/op
// GC:  12 0 0 216011592 131072
// Threading:  0 0 131072

// AfterAll
// Benchmark Process 3729 has exited with code 0.

Mean = 4.860 μs, StdErr = 0.003 μs (0.07%), N = 3, StdDev = 0.006 μs
Min = 4.855 μs, Q1 = 4.857 μs, Median = 4.859 μs, Q3 = 4.863 μs, Max = 4.867 μs
IQR = 0.006 μs, LowerFence = 4.849 μs, UpperFence = 4.872 μs
ConfidenceInterval = [4.754 μs; 4.967 μs] (CI 99.9%), Margin = 0.106 μs (2.19% of Mean)
Skewness = 0.19, Kurtosis = 0.67, MValue = 2

// ** Remained 2 (20.0 %) benchmark(s) to run. Estimated finish 2026-09-27 12:19 (0h 0m from now) **
// **************************
// Benchmark: CacheKeyGeneratorBenchmarks.GenerateKey_SimpleQuery: Job-YFEFPZ(IterationCount=10, WarmupCount=3)
// *** Execute ***
// Launch: 1 / 1
// Execute: dotnet Encina.Caching.Benchmarks-Job-YFEFPZ-1.dll --anonymousPipes 150 151 --benchmarkName Encina.Caching.Benchmarks.CacheKeyGeneratorBenchmarks.GenerateKey_SimpleQuery --job "IterationCount=10, WarmupCount=3" --benchmarkId 8 in /home/runner/work/Encina/Encina/tests/Encina.BenchmarkTests/Encina.Caching.Benchmarks/bin/Release/net10.0/Encina.Caching.Benchmarks-Job-YFEFPZ-1/bin/Release/net10.0
// Failed to set up high priority (Permission denied). In order to run benchmarks with high priority, make sure you have the right permissions.
// BeforeAnythingElse

// Benchmark Process Environment Information:
// BenchmarkDotNet v0.15.8
// Runtime=.NET 10.0.12 (10.0.12, 10.0.1226.42308), X64 RyuJIT x86-64-v3
// GC=Concurrent Workstation
// HardwareIntrinsics=AVX2+BMI1+BMI2+F16C+FMA+LZCNT+MOVBE,AVX,SSE3+SSSE3+SSE4.1+SSE4.2+POPCNT,X86Base+SSE+SSE2,AES+PCLMUL VectorSize=256
// Job: Job-YFEFPZ(IterationCount=10, WarmupCount=3)

OverheadJitting  1: 1 op, 226719.00 ns, 226.7190 us/op
WorkloadJitting  1: 1 op, 36108756.00 ns, 36.1088 ms/op

WorkloadPilot    1: 2 op, 325606.00 ns, 162.8030 us/op
WorkloadPilot    2: 3 op, 300698.00 ns, 100.2327 us/op
WorkloadPilot    3: 4 op, 308954.00 ns, 77.2385 us/op
WorkloadPilot    4: 5 op, 329993.00 ns, 65.9986 us/op
WorkloadPilot    5: 6 op, 314625.00 ns, 52.4375 us/op
WorkloadPilot    6: 7 op, 316358.00 ns, 45.1940 us/op
WorkloadPilot    7: 8 op, 336415.00 ns, 42.0519 us/op
WorkloadPilot    8: 9 op, 329752.00 ns, 36.6391 us/op
WorkloadPilot    9: 10 op, 334532.00 ns, 33.4532 us/op
WorkloadPilot   10: 11 op, 337387.00 ns, 30.6715 us/op
WorkloadPilot   11: 12 op, 347046.00 ns, 28.9205 us/op
WorkloadPilot   12: 13 op, 342206.00 ns, 26.3235 us/op
WorkloadPilot   13: 14 op, 345392.00 ns, 24.6709 us/op
WorkloadPilot   14: 15 op, 352456.00 ns, 23.4971 us/op
WorkloadPilot   15: 16 op, 354489.00 ns, 22.1556 us/op
WorkloadPilot   16: 32 op, 418160.00 ns, 13.0675 us/op
WorkloadPilot   17: 64 op, 594332.00 ns, 9.2864 us/op
WorkloadPilot   18: 128 op, 834807.00 ns, 6.5219 us/op
WorkloadPilot   19: 256 op, 1243519.00 ns, 4.8575 us/op
WorkloadPilot   20: 512 op, 2270830.00 ns, 4.4352 us/op
WorkloadPilot   21: 1024 op, 4298710.00 ns, 4.1980 us/op
WorkloadPilot   22: 2048 op, 9575036.00 ns, 4.6753 us/op
WorkloadPilot   23: 4096 op, 16064515.00 ns, 3.9220 us/op
WorkloadPilot   24: 8192 op, 31686834.00 ns, 3.8680 us/op
WorkloadPilot   25: 16384 op, 65403961.00 ns, 3.9919 us/op
WorkloadPilot   26: 32768 op, 121318649.00 ns, 3.7024 us/op
WorkloadPilot   27: 65536 op, 233117535.00 ns, 3.5571 us/op
WorkloadPilot   28: 131072 op, 461836932.00 ns, 3.5235 us/op
WorkloadPilot   29: 262144 op, 926107451.00 ns, 3.5328 us/op

WorkloadWarmup   1: 262144 op, 925228260.00 ns, 3.5295 us/op
WorkloadWarmup   2: 262144 op, 927513437.00 ns, 3.5382 us/op
WorkloadWarmup   3: 262144 op, 926944081.00 ns, 3.5360 us/op

// BeforeActualRun
WorkloadActual   1: 262144 op, 928291186.00 ns, 3.5411 us/op
WorkloadActual   2: 262144 op, 934037390.00 ns, 3.5631 us/op
WorkloadActual   3: 262144 op, 926763670.00 ns, 3.5353 us/op
WorkloadActual   4: 262144 op, 924952639.00 ns, 3.5284 us/op
WorkloadActual   5: 262144 op, 925698327.00 ns, 3.5313 us/op
WorkloadActual   6: 262144 op, 926744473.00 ns, 3.5352 us/op
WorkloadActual   7: 262144 op, 926692896.00 ns, 3.5351 us/op
WorkloadActual   8: 262144 op, 940293296.00 ns, 3.5869 us/op
WorkloadActual   9: 262144 op, 924227269.00 ns, 3.5256 us/op
WorkloadActual  10: 262144 op, 925021098.00 ns, 3.5287 us/op

// AfterActualRun
WorkloadResult   1: 262144 op, 928291186.00 ns, 3.5411 us/op
WorkloadResult   2: 262144 op, 926763670.00 ns, 3.5353 us/op
WorkloadResult   3: 262144 op, 924952639.00 ns, 3.5284 us/op
WorkloadResult   4: 262144 op, 925698327.00 ns, 3.5313 us/op
WorkloadResult   5: 262144 op, 926744473.00 ns, 3.5352 us/op
WorkloadResult   6: 262144 op, 926692896.00 ns, 3.5351 us/op
WorkloadResult   7: 262144 op, 924227269.00 ns, 3.5256 us/op
WorkloadResult   8: 262144 op, 925021098.00 ns, 3.5287 us/op
// GC:  15 0 0 262148936 262144
// Threading:  0 0 262144

// AfterAll
// Benchmark Process 3740 has exited with code 0.

Mean = 3.533 μs, StdErr = 0.002 μs (0.05%), N = 8, StdDev = 0.005 μs
Min = 3.526 μs, Q1 = 3.529 μs, Median = 3.533 μs, Q3 = 3.535 μs, Max = 3.541 μs
IQR = 0.007 μs, LowerFence = 3.519 μs, UpperFence = 3.545 μs
ConfidenceInterval = [3.523 μs; 3.542 μs] (CI 99.9%), Margin = 0.010 μs (0.27% of Mean)
Skewness = 0.21, Kurtosis = 1.64, MValue = 2

// ** Remained 1 (10.0 %) benchmark(s) to run. Estimated finish 2026-09-27 12:19 (0h 0m from now) **
// **************************
// Benchmark: CacheKeyGeneratorBenchmarks.GenerateKey_SimpleQuery: ShortRun(IterationCount=3, LaunchCount=1, WarmupCount=3)
// *** Execute ***
// Launch: 1 / 1
// Execute: dotnet Encina.Caching.Benchmarks-Job-YFEFPZ-1.dll --anonymousPipes 150 151 --benchmarkName Encina.Caching.Benchmarks.CacheKeyGeneratorBenchmarks.GenerateKey_SimpleQuery --job ShortRun --benchmarkId 9 in /home/runner/work/Encina/Encina/tests/Encina.BenchmarkTests/Encina.Caching.Benchmarks/bin/Release/net10.0/Encina.Caching.Benchmarks-Job-YFEFPZ-1/bin/Release/net10.0
// Failed to set up high priority (Permission denied). In order to run benchmarks with high priority, make sure you have the right permissions.
// BeforeAnythingElse

// Benchmark Process Environment Information:
// BenchmarkDotNet v0.15.8
// Runtime=.NET 10.0.12 (10.0.12, 10.0.1226.42308), X64 RyuJIT x86-64-v3
// GC=Concurrent Workstation
// HardwareIntrinsics=AVX2+BMI1+BMI2+F16C+FMA+LZCNT+MOVBE,AVX,SSE3+SSSE3+SSE4.1+SSE4.2+POPCNT,X86Base+SSE+SSE2,AES+PCLMUL VectorSize=256
// Job: ShortRun(IterationCount=3, LaunchCount=1, WarmupCount=3)

OverheadJitting  1: 1 op, 228892.00 ns, 228.8920 us/op
WorkloadJitting  1: 1 op, 37832451.00 ns, 37.8325 ms/op

WorkloadPilot    1: 2 op, 352025.00 ns, 176.0125 us/op
WorkloadPilot    2: 3 op, 349340.00 ns, 116.4467 us/op
WorkloadPilot    3: 4 op, 341646.00 ns, 85.4115 us/op
WorkloadPilot    4: 5 op, 359980.00 ns, 71.9960 us/op
WorkloadPilot    5: 6 op, 367674.00 ns, 61.2790 us/op
WorkloadPilot    6: 7 op, 364419.00 ns, 52.0599 us/op
WorkloadPilot    7: 8 op, 372433.00 ns, 46.5541 us/op
WorkloadPilot    8: 9 op, 374808.00 ns, 41.6453 us/op
WorkloadPilot    9: 10 op, 378324.00 ns, 37.8324 us/op
WorkloadPilot   10: 11 op, 383424.00 ns, 34.8567 us/op
WorkloadPilot   11: 12 op, 388694.00 ns, 32.3912 us/op
WorkloadPilot   12: 13 op, 388814.00 ns, 29.9088 us/op
WorkloadPilot   13: 14 op, 347627.00 ns, 24.8305 us/op
WorkloadPilot   14: 15 op, 350933.00 ns, 23.3955 us/op
WorkloadPilot   15: 16 op, 351353.00 ns, 21.9596 us/op
WorkloadPilot   16: 32 op, 412719.00 ns, 12.8975 us/op
WorkloadPilot   17: 64 op, 553355.00 ns, 8.6462 us/op
WorkloadPilot   18: 128 op, 856218.00 ns, 6.6892 us/op
WorkloadPilot   19: 256 op, 1320504.00 ns, 5.1582 us/op
WorkloadPilot   20: 512 op, 2273815.00 ns, 4.4410 us/op
WorkloadPilot   21: 1024 op, 4328406.00 ns, 4.2270 us/op
WorkloadPilot   22: 2048 op, 8315086.00 ns, 4.0601 us/op
WorkloadPilot   23: 4096 op, 16338291.00 ns, 3.9888 us/op
WorkloadPilot   24: 8192 op, 32417793.00 ns, 3.9573 us/op
WorkloadPilot   25: 16384 op, 69563718.00 ns, 4.2458 us/op
WorkloadPilot   26: 32768 op, 127389374.00 ns, 3.8876 us/op
WorkloadPilot   27: 65536 op, 241018125.00 ns, 3.6776 us/op
WorkloadPilot   28: 131072 op, 478643350.00 ns, 3.6518 us/op
WorkloadPilot   29: 262144 op, 959270036.00 ns, 3.6593 us/op

WorkloadWarmup   1: 262144 op, 959436111.00 ns, 3.6600 us/op
WorkloadWarmup   2: 262144 op, 959409860.00 ns, 3.6599 us/op
WorkloadWarmup   3: 262144 op, 967037559.00 ns, 3.6890 us/op

// BeforeActualRun
WorkloadActual   1: 262144 op, 982379630.00 ns, 3.7475 us/op
WorkloadActual   2: 262144 op, 959575303.00 ns, 3.6605 us/op
WorkloadActual   3: 262144 op, 958580874.00 ns, 3.6567 us/op

// AfterActualRun
WorkloadResult   1: 262144 op, 982379630.00 ns, 3.7475 us/op
WorkloadResult   2: 262144 op, 959575303.00 ns, 3.6605 us/op
WorkloadResult   3: 262144 op, 958580874.00 ns, 3.6567 us/op
// GC:  15 0 0 262148936 262144
// Threading:  0 0 262144

// AfterAll
// Benchmark Process 3749 has exited with code 0.

Mean = 3.688 μs, StdErr = 0.030 μs (0.80%), N = 3, StdDev = 0.051 μs
Min = 3.657 μs, Q1 = 3.659 μs, Median = 3.660 μs, Q3 = 3.704 μs, Max = 3.747 μs
IQR = 0.045 μs, LowerFence = 3.591 μs, UpperFence = 3.772 μs
ConfidenceInterval = [2.751 μs; 4.625 μs] (CI 99.9%), Margin = 0.937 μs (25.40% of Mean)
Skewness = 0.38, Kurtosis = 0.67, MValue = 2

// ** Remained 0 (0.0 %) benchmark(s) to run. Estimated finish 2026-09-27 12:19 (0h 0m from now) **
// ***** BenchmarkRunner: Finish  *****

// * Export *
  artifacts/performance/Caching/results/Encina.Caching.Benchmarks.CacheKeyGeneratorBenchmarks-report.csv
  artifacts/performance/Caching/results/Encina.Caching.Benchmarks.CacheKeyGeneratorBenchmarks-report-github.md
  artifacts/performance/Caching/results/Encina.Caching.Benchmarks.CacheKeyGeneratorBenchmarks-report.html
  artifacts/performance/Caching/results/Encina.Caching.Benchmarks.CacheKeyGeneratorBenchmarks-report-full-compressed.json

// * Detailed results *
CacheKeyGeneratorBenchmarks.GenerateKey_WithTemplate: Job-YFEFPZ(IterationCount=10, WarmupCount=3)
Runtime = .NET 10.0.12 (10.0.12, 10.0.1226.42308), X64 RyuJIT x86-64-v3; GC = Concurrent Workstation
Mean = 2.482 μs, StdErr = 0.003 μs (0.11%), N = 8, StdDev = 0.008 μs
Min = 2.467 μs, Q1 = 2.480 μs, Median = 2.483 μs, Q3 = 2.488 μs, Max = 2.491 μs
IQR = 0.008 μs, LowerFence = 2.467 μs, UpperFence = 2.501 μs
ConfidenceInterval = [2.468 μs; 2.497 μs] (CI 99.9%), Margin = 0.015 μs (0.59% of Mean)
Skewness = -0.68, Kurtosis = 2.28, MValue = 2
-------------------- Histogram --------------------
[2.462 μs ; 2.496 μs) | @@@@@@@@
---------------------------------------------------

CacheKeyGeneratorBenchmarks.GeneratePattern: Job-YFEFPZ(IterationCount=10, WarmupCount=3)
Runtime = .NET 10.0.12 (10.0.12, 10.0.1226.42308), X64 RyuJIT x86-64-v3; GC = Concurrent Workstation
Mean = 130.746 ns, StdErr = 0.443 ns (0.34%), N = 10, StdDev = 1.400 ns
Min = 127.960 ns, Q1 = 130.283 ns, Median = 131.176 ns, Q3 = 131.573 ns, Max = 132.727 ns
IQR = 1.290 ns, LowerFence = 128.349 ns, UpperFence = 133.508 ns
ConfidenceInterval = [128.630 ns; 132.863 ns] (CI 99.9%), Margin = 2.117 ns (1.62% of Mean)
Skewness = -0.64, Kurtosis = 2.27, MValue = 2
-------------------- Histogram --------------------
[127.107 ns ; 133.580 ns) | @@@@@@@@@@
---------------------------------------------------

CacheKeyGeneratorBenchmarks.GeneratePattern_WithTemplate: Job-YFEFPZ(IterationCount=10, WarmupCount=3)
Runtime = .NET 10.0.12 (10.0.12, 10.0.1226.42308), X64 RyuJIT x86-64-v3; GC = Concurrent Workstation
Mean = 333.659 ns, StdErr = 4.888 ns (1.46%), N = 10, StdDev = 15.457 ns
Min = 320.585 ns, Q1 = 322.954 ns, Median = 324.402 ns, Q3 = 344.453 ns, Max = 365.703 ns
IQR = 21.499 ns, LowerFence = 290.706 ns, UpperFence = 376.702 ns
ConfidenceInterval = [310.291 ns; 357.027 ns] (CI 99.9%), Margin = 23.368 ns (7.00% of Mean)
Skewness = 0.83, Kurtosis = 2.14, MValue = 2
-------------------- Histogram --------------------
[320.093 ns ; 338.926 ns) | @@@@@@@
[338.926 ns ; 356.999 ns) | @@
[356.999 ns ; 375.119 ns) | @
---------------------------------------------------

CacheKeyGeneratorBenchmarks.GenerateKey_ComplexQuery: Job-YFEFPZ(IterationCount=10, WarmupCount=3)
Runtime = .NET 10.0.12 (10.0.12, 10.0.1226.42308), X64 RyuJIT x86-64-v3; GC = Concurrent Workstation
Mean = 4.649 μs, StdErr = 0.004 μs (0.09%), N = 9, StdDev = 0.013 μs
Min = 4.629 μs, Q1 = 4.640 μs, Median = 4.651 μs, Q3 = 4.655 μs, Max = 4.671 μs
IQR = 0.015 μs, LowerFence = 4.617 μs, UpperFence = 4.678 μs
ConfidenceInterval = [4.628 μs; 4.670 μs] (CI 99.9%), Margin = 0.021 μs (0.45% of Mean)
Skewness = 0.01, Kurtosis = 2, MValue = 2
-------------------- Histogram --------------------
[4.621 μs ; 4.679 μs) | @@@@@@@@@
---------------------------------------------------

CacheKeyGeneratorBenchmarks.GenerateKey_SimpleQuery: Job-YFEFPZ(IterationCount=10, WarmupCount=3)
Runtime = .NET 10.0.12 (10.0.12, 10.0.1226.42308), X64 RyuJIT x86-64-v3; GC = Concurrent Workstation
Mean = 3.533 μs, StdErr = 0.002 μs (0.05%), N = 8, StdDev = 0.005 μs
Min = 3.526 μs, Q1 = 3.529 μs, Median = 3.533 μs, Q3 = 3.535 μs, Max = 3.541 μs
IQR = 0.007 μs, LowerFence = 3.519 μs, UpperFence = 3.545 μs
ConfidenceInterval = [3.523 μs; 3.542 μs] (CI 99.9%), Margin = 0.010 μs (0.27% of Mean)
Skewness = 0.21, Kurtosis = 1.64, MValue = 2
-------------------- Histogram --------------------
[3.522 μs ; 3.544 μs) | @@@@@@@@
---------------------------------------------------

CacheKeyGeneratorBenchmarks.GenerateKey_WithTemplate: ShortRun(IterationCount=3, LaunchCount=1, WarmupCount=3)
Runtime = .NET 10.0.12 (10.0.12, 10.0.1226.42308), X64 RyuJIT x86-64-v3; GC = Concurrent Workstation
Mean = 2.520 μs, StdErr = 0.037 μs (1.48%), N = 3, StdDev = 0.065 μs
Min = 2.476 μs, Q1 = 2.483 μs, Median = 2.490 μs, Q3 = 2.542 μs, Max = 2.594 μs
IQR = 0.059 μs, LowerFence = 2.394 μs, UpperFence = 2.631 μs
ConfidenceInterval = [1.338 μs; 3.702 μs] (CI 99.9%), Margin = 1.182 μs (46.89% of Mean)
Skewness = 0.36, Kurtosis = 0.67, MValue = 2
-------------------- Histogram --------------------
[2.417 μs ; 2.542 μs) | @@
[2.542 μs ; 2.653 μs) | @
---------------------------------------------------

CacheKeyGeneratorBenchmarks.GeneratePattern: ShortRun(IterationCount=3, LaunchCount=1, WarmupCount=3)
Runtime = .NET 10.0.12 (10.0.12, 10.0.1226.42308), X64 RyuJIT x86-64-v3; GC = Concurrent Workstation
Mean = 130.691 ns, StdErr = 0.793 ns (0.61%), N = 3, StdDev = 1.373 ns
Min = 129.360 ns, Q1 = 129.985 ns, Median = 130.609 ns, Q3 = 131.356 ns, Max = 132.103 ns
IQR = 1.371 ns, LowerFence = 127.928 ns, UpperFence = 133.413 ns
ConfidenceInterval = [105.637 ns; 155.744 ns] (CI 99.9%), Margin = 25.054 ns (19.17% of Mean)
Skewness = 0.06, Kurtosis = 0.67, MValue = 2
-------------------- Histogram --------------------
[128.685 ns ; 133.353 ns) | @@@
---------------------------------------------------

CacheKeyGeneratorBenchmarks.GeneratePattern_WithTemplate: ShortRun(IterationCount=3, LaunchCount=1, WarmupCount=3)
Runtime = .NET 10.0.12 (10.0.12, 10.0.1226.42308), X64 RyuJIT x86-64-v3; GC = Concurrent Workstation
Mean = 322.871 ns, StdErr = 1.459 ns (0.45%), N = 3, StdDev = 2.527 ns
Min = 320.320 ns, Q1 = 321.620 ns, Median = 322.921 ns, Q3 = 324.147 ns, Max = 325.373 ns
IQR = 2.527 ns, LowerFence = 317.830 ns, UpperFence = 327.937 ns
ConfidenceInterval = [276.769 ns; 368.974 ns] (CI 99.9%), Margin = 46.102 ns (14.28% of Mean)
Skewness = -0.02, Kurtosis = 0.67, MValue = 2
-------------------- Histogram --------------------
[318.020 ns ; 327.673 ns) | @@@
---------------------------------------------------

CacheKeyGeneratorBenchmarks.GenerateKey_ComplexQuery: ShortRun(IterationCount=3, LaunchCount=1, WarmupCount=3)
Runtime = .NET 10.0.12 (10.0.12, 10.0.1226.42308), X64 RyuJIT x86-64-v3; GC = Concurrent Workstation
Mean = 4.860 μs, StdErr = 0.003 μs (0.07%), N = 3, StdDev = 0.006 μs
Min = 4.855 μs, Q1 = 4.857 μs, Median = 4.859 μs, Q3 = 4.863 μs, Max = 4.867 μs
IQR = 0.006 μs, LowerFence = 4.849 μs, UpperFence = 4.872 μs
ConfidenceInterval = [4.754 μs; 4.967 μs] (CI 99.9%), Margin = 0.106 μs (2.19% of Mean)
Skewness = 0.19, Kurtosis = 0.67, MValue = 2
-------------------- Histogram --------------------
[4.850 μs ; 4.872 μs) | @@@
---------------------------------------------------

CacheKeyGeneratorBenchmarks.GenerateKey_SimpleQuery: ShortRun(IterationCount=3, LaunchCount=1, WarmupCount=3)
Runtime = .NET 10.0.12 (10.0.12, 10.0.1226.42308), X64 RyuJIT x86-64-v3; GC = Concurrent Workstation
Mean = 3.688 μs, StdErr = 0.030 μs (0.80%), N = 3, StdDev = 0.051 μs
Min = 3.657 μs, Q1 = 3.659 μs, Median = 3.660 μs, Q3 = 3.704 μs, Max = 3.747 μs
IQR = 0.045 μs, LowerFence = 3.591 μs, UpperFence = 3.772 μs
ConfidenceInterval = [2.751 μs; 4.625 μs] (CI 99.9%), Margin = 0.937 μs (25.40% of Mean)
Skewness = 0.38, Kurtosis = 0.67, MValue = 2
-------------------- Histogram --------------------
[3.655 μs ; 3.749 μs) | @@@
---------------------------------------------------

// * Summary *

BenchmarkDotNet v0.15.8, Linux Ubuntu 24.04.5 LTS (Noble Numbat)
AMD EPYC 7763 2.45GHz, 1 CPU, 4 logical and 2 physical cores
.NET SDK 10.0.401
  [Host]     : .NET 10.0.12 (10.0.12, 10.0.1226.42308), X64 RyuJIT x86-64-v3
  Job-YFEFPZ : .NET 10.0.12 (10.0.12, 10.0.1226.42308), X64 RyuJIT x86-64-v3
  ShortRun   : .NET 10.0.12 (10.0.12, 10.0.1226.42308), X64 RyuJIT x86-64-v3

WarmupCount=3  

| Method                       | Job        | IterationCount | LaunchCount | Mean       | Error       | StdDev   | Ratio | RatioSD | Gen0   | Allocated | Alloc Ratio |
|----------------------------- |----------- |--------------- |------------ |-----------:|------------:|---------:|------:|--------:|-------:|----------:|------------:|
| GenerateKey_WithTemplate     | Job-YFEFPZ | 10             | Default     | 2,482.4 ns |    14.67 ns |  7.67 ns |  0.70 |    0.00 | 0.0801 |    1360 B |        1.36 |
| GeneratePattern              | Job-YFEFPZ | 10             | Default     |   130.7 ns |     2.12 ns |  1.40 ns |  0.04 |    0.00 | 0.0153 |     256 B |        0.26 |
| GeneratePattern_WithTemplate | Job-YFEFPZ | 10             | Default     |   333.7 ns |    23.37 ns | 15.46 ns |  0.09 |    0.00 | 0.0534 |     896 B |        0.90 |
| GenerateKey_ComplexQuery     | Job-YFEFPZ | 10             | Default     | 4,648.9 ns |    21.05 ns | 12.53 ns |  1.32 |    0.00 | 0.0916 |    1648 B |        1.65 |
| GenerateKey_SimpleQuery      | Job-YFEFPZ | 10             | Default     | 3,532.6 ns |     9.60 ns |  5.02 ns |  1.00 |    0.00 | 0.0572 |    1000 B |        1.00 |
|                              |            |                |             |            |             |          |       |         |        |           |             |
| GenerateKey_WithTemplate     | ShortRun   | 3              | 1           | 2,520.1 ns | 1,181.69 ns | 64.77 ns |  0.68 |    0.02 | 0.0801 |    1360 B |        1.36 |
| GeneratePattern              | ShortRun   | 3              | 1           |   130.7 ns |    25.05 ns |  1.37 ns |  0.04 |    0.00 | 0.0153 |     256 B |        0.26 |
| GeneratePattern_WithTemplate | ShortRun   | 3              | 1           |   322.9 ns |    46.10 ns |  2.53 ns |  0.09 |    0.00 | 0.0534 |     896 B |        0.90 |
| GenerateKey_ComplexQuery     | ShortRun   | 3              | 1           | 4,860.5 ns |   106.37 ns |  5.83 ns |  1.32 |    0.02 | 0.0916 |    1648 B |        1.65 |
| GenerateKey_SimpleQuery      | ShortRun   | 3              | 1           | 3,688.2 ns |   936.90 ns | 51.35 ns |  1.00 |    0.02 | 0.0572 |    1000 B |        1.00 |

// * Hints *
Outliers
  CacheKeyGeneratorBenchmarks.GenerateKey_WithTemplate: IterationCount=10, WarmupCount=3 -> 2 outliers were removed (2.52 μs, 2.56 μs)
  CacheKeyGeneratorBenchmarks.GeneratePattern: IterationCount=10, WarmupCount=3          -> 1 outlier  was  detected (131.27 ns)
  CacheKeyGeneratorBenchmarks.GenerateKey_ComplexQuery: IterationCount=10, WarmupCount=3 -> 1 outlier  was  removed (4.68 μs)
  CacheKeyGeneratorBenchmarks.GenerateKey_SimpleQuery: IterationCount=10, WarmupCount=3  -> 2 outliers were removed (3.56 μs, 3.59 μs)
// * Config Issues *

// * Warnings *
Configuration
  Summary -> The exporter CsvExporter is already present in configuration. There may be unexpected results.
  Summary -> The exporter HtmlExporter is already present in configuration. There may be unexpected results.
  Summary -> The exporter MarkdownExporter-github is already present in configuration. There may be unexpected results.

// * Legends *
  Mean        : Arithmetic mean of all measurements
  Error       : Half of 99.9% confidence interval
  StdDev      : Standard deviation of all measurements
  Ratio       : Mean of the ratio distribution ([Current]/[Baseline])
  RatioSD     : Standard deviation of the ratio distribution ([Current]/[Baseline])
  Gen0        : GC Generation 0 collects per 1000 operations
  Allocated   : Allocated memory per single operation (managed only, inclusive, 1KB = 1024B)
  Alloc Ratio : Allocated memory ratio distribution ([Current]/[Baseline])
  1 ns        : 1 Nanosecond (0.000000001 sec)

// * Diagnostic Output - MemoryDiagnoser *


// ***** BenchmarkRunner: End *****
Run time: 00:01:31 (91.43 sec), executed benchmarks: 10

Global total time: 00:02:26 (146.46 sec), executed benchmarks: 10
// * Artifacts cleanup *
Artifacts cleanup is finished
