// Validating benchmarks:
// ***** BenchmarkRunner: Start   *****
// ***** Found 10 benchmark(s) in total *****
// ***** Building 1 exe(s) in Parallel: Start   *****
// start dotnet  restore --nodeReuse:false /p:UseSharedCompilation=false /p:Deterministic=true /p:Optimize=true /p:ArtifactsPath="/home/runner/work/Encina/Encina/tests/Encina.BenchmarkTests/Encina.IdGeneration.Benchmarks/bin/Release/net10.0/Encina.IdGeneration.Benchmarks-Job-YFEFPZ-1/" /p:OutDir="/home/runner/work/Encina/Encina/tests/Encina.BenchmarkTests/Encina.IdGeneration.Benchmarks/bin/Release/net10.0/Encina.IdGeneration.Benchmarks-Job-YFEFPZ-1/bin/Release/net10.0/" /p:OutputPath="/home/runner/work/Encina/Encina/tests/Encina.BenchmarkTests/Encina.IdGeneration.Benchmarks/bin/Release/net10.0/Encina.IdGeneration.Benchmarks-Job-YFEFPZ-1/bin/Release/net10.0/" /p:PublishDir="/home/runner/work/Encina/Encina/tests/Encina.BenchmarkTests/Encina.IdGeneration.Benchmarks/bin/Release/net10.0/Encina.IdGeneration.Benchmarks-Job-YFEFPZ-1/publish/" in /home/runner/work/Encina/Encina/tests/Encina.BenchmarkTests/Encina.IdGeneration.Benchmarks/bin/Release/net10.0/Encina.IdGeneration.Benchmarks-Job-YFEFPZ-1
// command took 2.44 sec and exited with 0
// start dotnet  build -c Release --no-restore --nodeReuse:false /p:UseSharedCompilation=false /p:Deterministic=true /p:Optimize=true /p:ArtifactsPath="/home/runner/work/Encina/Encina/tests/Encina.BenchmarkTests/Encina.IdGeneration.Benchmarks/bin/Release/net10.0/Encina.IdGeneration.Benchmarks-Job-YFEFPZ-1/" /p:OutDir="/home/runner/work/Encina/Encina/tests/Encina.BenchmarkTests/Encina.IdGeneration.Benchmarks/bin/Release/net10.0/Encina.IdGeneration.Benchmarks-Job-YFEFPZ-1/bin/Release/net10.0/" /p:OutputPath="/home/runner/work/Encina/Encina/tests/Encina.BenchmarkTests/Encina.IdGeneration.Benchmarks/bin/Release/net10.0/Encina.IdGeneration.Benchmarks-Job-YFEFPZ-1/bin/Release/net10.0/" /p:PublishDir="/home/runner/work/Encina/Encina/tests/Encina.BenchmarkTests/Encina.IdGeneration.Benchmarks/bin/Release/net10.0/Encina.IdGeneration.Benchmarks-Job-YFEFPZ-1/publish/" --output "/home/runner/work/Encina/Encina/tests/Encina.BenchmarkTests/Encina.IdGeneration.Benchmarks/bin/Release/net10.0/Encina.IdGeneration.Benchmarks-Job-YFEFPZ-1/bin/Release/net10.0/" in /home/runner/work/Encina/Encina/tests/Encina.BenchmarkTests/Encina.IdGeneration.Benchmarks/bin/Release/net10.0/Encina.IdGeneration.Benchmarks-Job-YFEFPZ-1
// command took 42.85 sec and exited with 0
// ***** Done, took 00:00:45 (45.43 sec)   *****
// Found 10 benchmarks:
//   ShardPrefixedIdBenchmarks.Generate_TimestampRandomFormat: Job-YFEFPZ(IterationCount=10, WarmupCount=3)
//   ShardPrefixedIdBenchmarks.Generate_ToString: Job-YFEFPZ(IterationCount=10, WarmupCount=3)
//   ShardPrefixedIdBenchmarks.Generate_TimestampRandomFormat: ShortRun(IterationCount=3, LaunchCount=1, WarmupCount=3)
//   ShardPrefixedIdBenchmarks.Generate_ToString: ShortRun(IterationCount=3, LaunchCount=1, WarmupCount=3)
//   ShardPrefixedIdBenchmarks.Generate_UlidFormat: Job-YFEFPZ(IterationCount=10, WarmupCount=3)
//   ShardPrefixedIdBenchmarks.Generate_UlidFormat: ShortRun(IterationCount=3, LaunchCount=1, WarmupCount=3)
//   ShardPrefixedIdBenchmarks.Generate_UuidV7Format: Job-YFEFPZ(IterationCount=10, WarmupCount=3)
//   ShardPrefixedIdBenchmarks.Generate_UuidV7Format: ShortRun(IterationCount=3, LaunchCount=1, WarmupCount=3)
//   ShardPrefixedIdBenchmarks.ExtractShardId_Ulid: Job-YFEFPZ(IterationCount=10, WarmupCount=3)
//   ShardPrefixedIdBenchmarks.ExtractShardId_Ulid: ShortRun(IterationCount=3, LaunchCount=1, WarmupCount=3)

// **************************
// Benchmark: ShardPrefixedIdBenchmarks.Generate_TimestampRandomFormat: Job-YFEFPZ(IterationCount=10, WarmupCount=3)
// *** Execute ***
// Launch: 1 / 1
// Execute: dotnet Encina.IdGeneration.Benchmarks-Job-YFEFPZ-1.dll --anonymousPipes 136 137 --benchmarkName Encina.IdGeneration.Benchmarks.ShardPrefixedIdBenchmarks.Generate_TimestampRandomFormat --job "IterationCount=10, WarmupCount=3" --benchmarkId 0 in /home/runner/work/Encina/Encina/tests/Encina.BenchmarkTests/Encina.IdGeneration.Benchmarks/bin/Release/net10.0/Encina.IdGeneration.Benchmarks-Job-YFEFPZ-1/bin/Release/net10.0
// Failed to set up high priority (Permission denied). In order to run benchmarks with high priority, make sure you have the right permissions.
// BeforeAnythingElse

// Benchmark Process Environment Information:
// BenchmarkDotNet v0.15.8
// Runtime=.NET 10.0.12 (10.0.12, 10.0.1226.42308), X64 RyuJIT x86-64-v3
// GC=Concurrent Workstation
// HardwareIntrinsics=AVX2+BMI1+BMI2+F16C+FMA+LZCNT+MOVBE,AVX,SSE3+SSSE3+SSE4.1+SSE4.2+POPCNT,X86Base+SSE+SSE2,AES+PCLMUL VectorSize=256
// Job: Job-YFEFPZ(IterationCount=10, WarmupCount=3)

OverheadJitting  1: 1 op, 258982.00 ns, 258.9820 us/op
WorkloadJitting  1: 1 op, 22426134.00 ns, 22.4261 ms/op

OverheadJitting  2: 16 op, 215591.00 ns, 13.4744 us/op
WorkloadJitting  2: 16 op, 327310.00 ns, 20.4569 us/op

WorkloadPilot    1: 16 op, 92512.00 ns, 5.7820 us/op
WorkloadPilot    2: 32 op, 69280.00 ns, 2.1650 us/op
WorkloadPilot    3: 64 op, 125894.00 ns, 1.9671 us/op
WorkloadPilot    4: 128 op, 225480.00 ns, 1.7616 us/op
WorkloadPilot    5: 256 op, 429640.00 ns, 1.6783 us/op
WorkloadPilot    6: 512 op, 817583.00 ns, 1.5968 us/op
WorkloadPilot    7: 1024 op, 1660552.00 ns, 1.6216 us/op
WorkloadPilot    8: 2048 op, 3205790.00 ns, 1.5653 us/op
WorkloadPilot    9: 4096 op, 6532208.00 ns, 1.5948 us/op
WorkloadPilot   10: 8192 op, 12965947.00 ns, 1.5828 us/op
WorkloadPilot   11: 16384 op, 25669866.00 ns, 1.5668 us/op
WorkloadPilot   12: 32768 op, 51379095.00 ns, 1.5680 us/op
WorkloadPilot   13: 65536 op, 102712897.00 ns, 1.5673 us/op
WorkloadPilot   14: 131072 op, 202490145.00 ns, 1.5449 us/op
WorkloadPilot   15: 262144 op, 398557828.00 ns, 1.5204 us/op
WorkloadPilot   16: 524288 op, 789553129.00 ns, 1.5060 us/op

OverheadWarmup   1: 524288 op, 849313.00 ns, 1.6199 ns/op
OverheadWarmup   2: 524288 op, 964378.00 ns, 1.8394 ns/op
OverheadWarmup   3: 524288 op, 865193.00 ns, 1.6502 ns/op
OverheadWarmup   4: 524288 op, 863870.00 ns, 1.6477 ns/op
OverheadWarmup   5: 524288 op, 878237.00 ns, 1.6751 ns/op
OverheadWarmup   6: 524288 op, 864070.00 ns, 1.6481 ns/op

OverheadActual   1: 524288 op, 867337.00 ns, 1.6543 ns/op
OverheadActual   2: 524288 op, 849023.00 ns, 1.6194 ns/op
OverheadActual   3: 524288 op, 873058.00 ns, 1.6652 ns/op
OverheadActual   4: 524288 op, 865363.00 ns, 1.6505 ns/op
OverheadActual   5: 524288 op, 872256.00 ns, 1.6637 ns/op
OverheadActual   6: 524288 op, 868589.00 ns, 1.6567 ns/op
OverheadActual   7: 524288 op, 876504.00 ns, 1.6718 ns/op
OverheadActual   8: 524288 op, 865353.00 ns, 1.6505 ns/op
OverheadActual   9: 524288 op, 874170.00 ns, 1.6673 ns/op
OverheadActual  10: 524288 op, 864552.00 ns, 1.6490 ns/op
OverheadActual  11: 524288 op, 865413.00 ns, 1.6506 ns/op
OverheadActual  12: 524288 op, 848943.00 ns, 1.6192 ns/op
OverheadActual  13: 524288 op, 871184.00 ns, 1.6617 ns/op
OverheadActual  14: 524288 op, 865443.00 ns, 1.6507 ns/op
OverheadActual  15: 524288 op, 868168.00 ns, 1.6559 ns/op

WorkloadWarmup   1: 524288 op, 794725782.00 ns, 1.5158 us/op
WorkloadWarmup   2: 524288 op, 793669172.00 ns, 1.5138 us/op
WorkloadWarmup   3: 524288 op, 788243899.00 ns, 1.5035 us/op

// BeforeActualRun
WorkloadActual   1: 524288 op, 792333441.00 ns, 1.5113 us/op
WorkloadActual   2: 524288 op, 787913635.00 ns, 1.5028 us/op
WorkloadActual   3: 524288 op, 786634651.00 ns, 1.5004 us/op
WorkloadActual   4: 524288 op, 787379289.00 ns, 1.5018 us/op
WorkloadActual   5: 524288 op, 792425084.00 ns, 1.5114 us/op
WorkloadActual   6: 524288 op, 786758321.00 ns, 1.5006 us/op
WorkloadActual   7: 524288 op, 786936353.00 ns, 1.5010 us/op
WorkloadActual   8: 524288 op, 801254123.00 ns, 1.5283 us/op
WorkloadActual   9: 524288 op, 787511756.00 ns, 1.5021 us/op
WorkloadActual  10: 524288 op, 787124183.00 ns, 1.5013 us/op

// AfterActualRun
WorkloadResult   1: 524288 op, 791466104.00 ns, 1.5096 us/op
WorkloadResult   2: 524288 op, 787046298.00 ns, 1.5012 us/op
WorkloadResult   3: 524288 op, 785767314.00 ns, 1.4987 us/op
WorkloadResult   4: 524288 op, 786511952.00 ns, 1.5002 us/op
WorkloadResult   5: 524288 op, 791557747.00 ns, 1.5098 us/op
WorkloadResult   6: 524288 op, 785890984.00 ns, 1.4990 us/op
WorkloadResult   7: 524288 op, 786069016.00 ns, 1.4993 us/op
WorkloadResult   8: 524288 op, 786644419.00 ns, 1.5004 us/op
WorkloadResult   9: 524288 op, 786256846.00 ns, 1.4997 us/op
// GC:  4 0 0 79209736 524288
// Threading:  0 0 524288

// AfterAll
// Benchmark Process 3037 has exited with code 0.

Mean = 1.502 μs, StdErr = 0.001 μs (0.10%), N = 9, StdDev = 0.004 μs
Min = 1.499 μs, Q1 = 1.499 μs, Median = 1.500 μs, Q3 = 1.501 μs, Max = 1.510 μs
IQR = 0.002 μs, LowerFence = 1.497 μs, UpperFence = 1.504 μs
ConfidenceInterval = [1.495 μs; 1.509 μs] (CI 99.9%), Margin = 0.007 μs (0.50% of Mean)
Skewness = 1.04, Kurtosis = 2.11, MValue = 2

// ** Remained 9 (90.0 %) benchmark(s) to run. Estimated finish 2026-10-09 14:24 (0h 1m from now) **
// **************************
// Benchmark: ShardPrefixedIdBenchmarks.Generate_ToString: Job-YFEFPZ(IterationCount=10, WarmupCount=3)
// *** Execute ***
// Launch: 1 / 1
// Execute: dotnet Encina.IdGeneration.Benchmarks-Job-YFEFPZ-1.dll --anonymousPipes 136 137 --benchmarkName Encina.IdGeneration.Benchmarks.ShardPrefixedIdBenchmarks.Generate_ToString --job "IterationCount=10, WarmupCount=3" --benchmarkId 1 in /home/runner/work/Encina/Encina/tests/Encina.BenchmarkTests/Encina.IdGeneration.Benchmarks/bin/Release/net10.0/Encina.IdGeneration.Benchmarks-Job-YFEFPZ-1/bin/Release/net10.0
// Failed to set up high priority (Permission denied). In order to run benchmarks with high priority, make sure you have the right permissions.
// BeforeAnythingElse

// Benchmark Process Environment Information:
// BenchmarkDotNet v0.15.8
// Runtime=.NET 10.0.12 (10.0.12, 10.0.1226.42308), X64 RyuJIT x86-64-v3
// GC=Concurrent Workstation
// HardwareIntrinsics=AVX2+BMI1+BMI2+F16C+FMA+LZCNT+MOVBE,AVX,SSE3+SSSE3+SSE4.1+SSE4.2+POPCNT,X86Base+SSE+SSE2,AES+PCLMUL VectorSize=256
// Job: Job-YFEFPZ(IterationCount=10, WarmupCount=3)

OverheadJitting  1: 1 op, 231561.00 ns, 231.5610 us/op
WorkloadJitting  1: 1 op, 23703939.00 ns, 23.7039 ms/op

OverheadJitting  2: 16 op, 489512.00 ns, 30.5945 us/op
WorkloadJitting  2: 16 op, 494712.00 ns, 30.9195 us/op

WorkloadPilot    1: 16 op, 55183.00 ns, 3.4489 us/op
WorkloadPilot    2: 32 op, 64079.00 ns, 2.0025 us/op
WorkloadPilot    3: 64 op, 124011.00 ns, 1.9377 us/op
WorkloadPilot    4: 128 op, 202989.00 ns, 1.5859 us/op
WorkloadPilot    5: 256 op, 415275.00 ns, 1.6222 us/op
WorkloadPilot    6: 512 op, 807114.00 ns, 1.5764 us/op
WorkloadPilot    7: 1024 op, 1581528.00 ns, 1.5445 us/op
WorkloadPilot    8: 2048 op, 3002927.00 ns, 1.4663 us/op
WorkloadPilot    9: 4096 op, 6198785.00 ns, 1.5134 us/op
WorkloadPilot   10: 8192 op, 12384024.00 ns, 1.5117 us/op
WorkloadPilot   11: 16384 op, 23942812.00 ns, 1.4614 us/op
WorkloadPilot   12: 32768 op, 49873454.00 ns, 1.5220 us/op
WorkloadPilot   13: 65536 op, 101342460.00 ns, 1.5464 us/op
WorkloadPilot   14: 131072 op, 193246544.00 ns, 1.4744 us/op
WorkloadPilot   15: 262144 op, 371907690.00 ns, 1.4187 us/op
WorkloadPilot   16: 524288 op, 744469941.00 ns, 1.4200 us/op

OverheadWarmup   1: 524288 op, 1711881.00 ns, 3.2652 ns/op
OverheadWarmup   2: 524288 op, 1753979.00 ns, 3.3454 ns/op
OverheadWarmup   3: 524288 op, 1737278.00 ns, 3.3136 ns/op
OverheadWarmup   4: 524288 op, 1723793.00 ns, 3.2879 ns/op
OverheadWarmup   5: 524288 op, 1744121.00 ns, 3.3266 ns/op
OverheadWarmup   6: 524288 op, 1723453.00 ns, 3.2872 ns/op

OverheadActual   1: 524288 op, 1766253.00 ns, 3.3689 ns/op
OverheadActual   2: 524288 op, 1732600.00 ns, 3.3047 ns/op
OverheadActual   3: 524288 op, 1712081.00 ns, 3.2655 ns/op
OverheadActual   4: 524288 op, 1839188.00 ns, 3.5080 ns/op
OverheadActual   5: 524288 op, 1744603.00 ns, 3.3276 ns/op
OverheadActual   6: 524288 op, 1726909.00 ns, 3.2938 ns/op
OverheadActual   7: 524288 op, 1740314.00 ns, 3.3194 ns/op
OverheadActual   8: 524288 op, 1740544.00 ns, 3.3198 ns/op
OverheadActual   9: 524288 op, 1707042.00 ns, 3.2559 ns/op
OverheadActual  10: 524288 op, 1719305.00 ns, 3.2793 ns/op
OverheadActual  11: 524288 op, 1724554.00 ns, 3.2893 ns/op
OverheadActual  12: 524288 op, 1731027.00 ns, 3.3017 ns/op
OverheadActual  13: 524288 op, 1728132.00 ns, 3.2962 ns/op
OverheadActual  14: 524288 op, 1754320.00 ns, 3.3461 ns/op
OverheadActual  15: 524288 op, 1722691.00 ns, 3.2858 ns/op

WorkloadWarmup   1: 524288 op, 751098197.00 ns, 1.4326 us/op
WorkloadWarmup   2: 524288 op, 746159871.00 ns, 1.4232 us/op
WorkloadWarmup   3: 524288 op, 740982660.00 ns, 1.4133 us/op

// BeforeActualRun
WorkloadActual   1: 524288 op, 746074522.00 ns, 1.4230 us/op
WorkloadActual   2: 524288 op, 741967816.00 ns, 1.4152 us/op
WorkloadActual   3: 524288 op, 743688473.00 ns, 1.4185 us/op
WorkloadActual   4: 524288 op, 745546508.00 ns, 1.4220 us/op
WorkloadActual   5: 524288 op, 742848788.00 ns, 1.4169 us/op
WorkloadActual   6: 524288 op, 743944751.00 ns, 1.4190 us/op
WorkloadActual   7: 524288 op, 742005786.00 ns, 1.4153 us/op
WorkloadActual   8: 524288 op, 743583778.00 ns, 1.4183 us/op
WorkloadActual   9: 524288 op, 743555596.00 ns, 1.4182 us/op
WorkloadActual  10: 524288 op, 741004981.00 ns, 1.4134 us/op

// AfterActualRun
WorkloadResult   1: 524288 op, 744343495.00 ns, 1.4197 us/op
WorkloadResult   2: 524288 op, 740236789.00 ns, 1.4119 us/op
WorkloadResult   3: 524288 op, 741957446.00 ns, 1.4152 us/op
WorkloadResult   4: 524288 op, 743815481.00 ns, 1.4187 us/op
WorkloadResult   5: 524288 op, 741117761.00 ns, 1.4136 us/op
WorkloadResult   6: 524288 op, 742213724.00 ns, 1.4157 us/op
WorkloadResult   7: 524288 op, 740274759.00 ns, 1.4120 us/op
WorkloadResult   8: 524288 op, 741852751.00 ns, 1.4150 us/op
WorkloadResult   9: 524288 op, 741824569.00 ns, 1.4149 us/op
WorkloadResult  10: 524288 op, 739273954.00 ns, 1.4101 us/op
// GC:  6 0 0 113246208 524288
// Threading:  0 0 524288

// AfterAll
// Benchmark Process 3047 has exited with code 0.

Mean = 1.415 μs, StdErr = 0.001 μs (0.07%), N = 10, StdDev = 0.003 μs
Min = 1.410 μs, Q1 = 1.412 μs, Median = 1.415 μs, Q3 = 1.416 μs, Max = 1.420 μs
IQR = 0.003 μs, LowerFence = 1.408 μs, UpperFence = 1.420 μs
ConfidenceInterval = [1.410 μs; 1.419 μs] (CI 99.9%), Margin = 0.005 μs (0.32% of Mean)
Skewness = 0.21, Kurtosis = 1.85, MValue = 2

// ** Remained 8 (80.0 %) benchmark(s) to run. Estimated finish 2026-10-09 14:23 (0h 1m from now) **
// **************************
// Benchmark: ShardPrefixedIdBenchmarks.Generate_TimestampRandomFormat: ShortRun(IterationCount=3, LaunchCount=1, WarmupCount=3)
// *** Execute ***
// Launch: 1 / 1
// Execute: dotnet Encina.IdGeneration.Benchmarks-Job-YFEFPZ-1.dll --anonymousPipes 136 137 --benchmarkName Encina.IdGeneration.Benchmarks.ShardPrefixedIdBenchmarks.Generate_TimestampRandomFormat --job ShortRun --benchmarkId 2 in /home/runner/work/Encina/Encina/tests/Encina.BenchmarkTests/Encina.IdGeneration.Benchmarks/bin/Release/net10.0/Encina.IdGeneration.Benchmarks-Job-YFEFPZ-1/bin/Release/net10.0
// Failed to set up high priority (Permission denied). In order to run benchmarks with high priority, make sure you have the right permissions.
// BeforeAnythingElse

// Benchmark Process Environment Information:
// BenchmarkDotNet v0.15.8
// Runtime=.NET 10.0.12 (10.0.12, 10.0.1226.42308), X64 RyuJIT x86-64-v3
// GC=Concurrent Workstation
// HardwareIntrinsics=AVX2+BMI1+BMI2+F16C+FMA+LZCNT+MOVBE,AVX,SSE3+SSSE3+SSE4.1+SSE4.2+POPCNT,X86Base+SSE+SSE2,AES+PCLMUL VectorSize=256
// Job: ShortRun(IterationCount=3, LaunchCount=1, WarmupCount=3)

OverheadJitting  1: 1 op, 230119.00 ns, 230.1190 us/op
WorkloadJitting  1: 1 op, 22908794.00 ns, 22.9088 ms/op

OverheadJitting  2: 16 op, 211555.00 ns, 13.2222 us/op
WorkloadJitting  2: 16 op, 368136.00 ns, 23.0085 us/op

WorkloadPilot    1: 16 op, 58699.00 ns, 3.6687 us/op
WorkloadPilot    2: 32 op, 87683.00 ns, 2.7401 us/op
WorkloadPilot    3: 64 op, 126456.00 ns, 1.9759 us/op
WorkloadPilot    4: 128 op, 247101.00 ns, 1.9305 us/op
WorkloadPilot    5: 256 op, 442355.00 ns, 1.7279 us/op
WorkloadPilot    6: 512 op, 825720.00 ns, 1.6127 us/op
WorkloadPilot    7: 1024 op, 1620090.00 ns, 1.5821 us/op
WorkloadPilot    8: 2048 op, 3211987.00 ns, 1.5684 us/op
WorkloadPilot    9: 4096 op, 6221808.00 ns, 1.5190 us/op
WorkloadPilot   10: 8192 op, 12295059.00 ns, 1.5009 us/op
WorkloadPilot   11: 16384 op, 24491574.00 ns, 1.4948 us/op
WorkloadPilot   12: 32768 op, 49250186.00 ns, 1.5030 us/op
WorkloadPilot   13: 65536 op, 98475575.00 ns, 1.5026 us/op
WorkloadPilot   14: 131072 op, 195031341.00 ns, 1.4880 us/op
WorkloadPilot   15: 262144 op, 376304336.00 ns, 1.4355 us/op
WorkloadPilot   16: 524288 op, 752095944.00 ns, 1.4345 us/op

OverheadWarmup   1: 524288 op, 867717.00 ns, 1.6550 ns/op
OverheadWarmup   2: 524288 op, 879359.00 ns, 1.6772 ns/op
OverheadWarmup   3: 524288 op, 895419.00 ns, 1.7079 ns/op
OverheadWarmup   4: 524288 op, 895710.00 ns, 1.7084 ns/op
OverheadWarmup   5: 524288 op, 878097.00 ns, 1.6748 ns/op
OverheadWarmup   6: 524288 op, 890981.00 ns, 1.6994 ns/op
OverheadWarmup   7: 524288 op, 887133.00 ns, 1.6921 ns/op

OverheadActual   1: 524288 op, 887074.00 ns, 1.6920 ns/op
OverheadActual   2: 524288 op, 880391.00 ns, 1.6792 ns/op
OverheadActual   3: 524288 op, 894778.00 ns, 1.7067 ns/op
OverheadActual   4: 524288 op, 879750.00 ns, 1.6780 ns/op
OverheadActual   5: 524288 op, 890520.00 ns, 1.6985 ns/op
OverheadActual   6: 524288 op, 880461.00 ns, 1.6793 ns/op
OverheadActual   7: 524288 op, 878958.00 ns, 1.6765 ns/op
OverheadActual   8: 524288 op, 890419.00 ns, 1.6983 ns/op
OverheadActual   9: 524288 op, 887174.00 ns, 1.6922 ns/op
OverheadActual  10: 524288 op, 879750.00 ns, 1.6780 ns/op
OverheadActual  11: 524288 op, 895439.00 ns, 1.7079 ns/op
OverheadActual  12: 524288 op, 888886.00 ns, 1.6954 ns/op
OverheadActual  13: 524288 op, 887374.00 ns, 1.6925 ns/op
OverheadActual  14: 524288 op, 888266.00 ns, 1.6942 ns/op
OverheadActual  15: 524288 op, 862979.00 ns, 1.6460 ns/op

WorkloadWarmup   1: 524288 op, 756484535.00 ns, 1.4429 us/op
WorkloadWarmup   2: 524288 op, 756759207.00 ns, 1.4434 us/op
WorkloadWarmup   3: 524288 op, 753680372.00 ns, 1.4375 us/op

// BeforeActualRun
WorkloadActual   1: 524288 op, 754023944.00 ns, 1.4382 us/op
WorkloadActual   2: 524288 op, 752907924.00 ns, 1.4361 us/op
WorkloadActual   3: 524288 op, 755378940.00 ns, 1.4408 us/op

// AfterActualRun
WorkloadResult   1: 524288 op, 753136770.00 ns, 1.4365 us/op
WorkloadResult   2: 524288 op, 752020750.00 ns, 1.4344 us/op
WorkloadResult   3: 524288 op, 754491766.00 ns, 1.4391 us/op
// GC:  4 0 0 79200416 524288
// Threading:  0 0 524288

// AfterAll
// Benchmark Process 3055 has exited with code 0.

Mean = 1.437 μs, StdErr = 0.001 μs (0.09%), N = 3, StdDev = 0.002 μs
Min = 1.434 μs, Q1 = 1.435 μs, Median = 1.436 μs, Q3 = 1.438 μs, Max = 1.439 μs
IQR = 0.002 μs, LowerFence = 1.432 μs, UpperFence = 1.441 μs
ConfidenceInterval = [1.394 μs; 1.480 μs] (CI 99.9%), Margin = 0.043 μs (3.00% of Mean)
Skewness = 0.06, Kurtosis = 0.67, MValue = 2

// ** Remained 7 (70.0 %) benchmark(s) to run. Estimated finish 2026-10-09 14:23 (0h 1m from now) **
// **************************
// Benchmark: ShardPrefixedIdBenchmarks.Generate_ToString: ShortRun(IterationCount=3, LaunchCount=1, WarmupCount=3)
// *** Execute ***
// Launch: 1 / 1
// Execute: dotnet Encina.IdGeneration.Benchmarks-Job-YFEFPZ-1.dll --anonymousPipes 136 137 --benchmarkName Encina.IdGeneration.Benchmarks.ShardPrefixedIdBenchmarks.Generate_ToString --job ShortRun --benchmarkId 3 in /home/runner/work/Encina/Encina/tests/Encina.BenchmarkTests/Encina.IdGeneration.Benchmarks/bin/Release/net10.0/Encina.IdGeneration.Benchmarks-Job-YFEFPZ-1/bin/Release/net10.0
// Failed to set up high priority (Permission denied). In order to run benchmarks with high priority, make sure you have the right permissions.
// BeforeAnythingElse

// Benchmark Process Environment Information:
// BenchmarkDotNet v0.15.8
// Runtime=.NET 10.0.12 (10.0.12, 10.0.1226.42308), X64 RyuJIT x86-64-v3
// GC=Concurrent Workstation
// HardwareIntrinsics=AVX2+BMI1+BMI2+F16C+FMA+LZCNT+MOVBE,AVX,SSE3+SSSE3+SSE4.1+SSE4.2+POPCNT,X86Base+SSE+SSE2,AES+PCLMUL VectorSize=256
// Job: ShortRun(IterationCount=3, LaunchCount=1, WarmupCount=3)

OverheadJitting  1: 1 op, 235389.00 ns, 235.3890 us/op
WorkloadJitting  1: 1 op, 23565338.00 ns, 23.5653 ms/op

OverheadJitting  2: 16 op, 454136.00 ns, 28.3835 us/op
WorkloadJitting  2: 16 op, 549895.00 ns, 34.3684 us/op

WorkloadPilot    1: 16 op, 57237.00 ns, 3.5773 us/op
WorkloadPilot    2: 32 op, 87393.00 ns, 2.7310 us/op
WorkloadPilot    3: 64 op, 133559.00 ns, 2.0869 us/op
WorkloadPilot    4: 128 op, 265916.00 ns, 2.0775 us/op
WorkloadPilot    5: 256 op, 460609.00 ns, 1.7993 us/op
WorkloadPilot    6: 512 op, 854042.00 ns, 1.6681 us/op
WorkloadPilot    7: 1024 op, 1670153.00 ns, 1.6310 us/op
WorkloadPilot    8: 2048 op, 3257722.00 ns, 1.5907 us/op
WorkloadPilot    9: 4096 op, 6514193.00 ns, 1.5904 us/op
WorkloadPilot   10: 8192 op, 12983843.00 ns, 1.5849 us/op
WorkloadPilot   11: 16384 op, 26229794.00 ns, 1.6009 us/op
WorkloadPilot   12: 32768 op, 51396066.00 ns, 1.5685 us/op
WorkloadPilot   13: 65536 op, 102399600.00 ns, 1.5625 us/op
WorkloadPilot   14: 131072 op, 199601562.00 ns, 1.5228 us/op
WorkloadPilot   15: 262144 op, 389186692.00 ns, 1.4846 us/op
WorkloadPilot   16: 524288 op, 796149400.00 ns, 1.5185 us/op

OverheadWarmup   1: 524288 op, 1715308.00 ns, 3.2717 ns/op
OverheadWarmup   2: 524288 op, 1741255.00 ns, 3.3212 ns/op
OverheadWarmup   3: 524288 op, 1735535.00 ns, 3.3103 ns/op
OverheadWarmup   4: 524288 op, 1738250.00 ns, 3.3154 ns/op
OverheadWarmup   5: 524288 op, 1743500.00 ns, 3.3255 ns/op
OverheadWarmup   6: 524288 op, 1727009.00 ns, 3.2940 ns/op

OverheadActual   1: 524288 op, 1740855.00 ns, 3.3204 ns/op
OverheadActual   2: 524288 op, 1743310.00 ns, 3.3251 ns/op
OverheadActual   3: 524288 op, 1742899.00 ns, 3.3243 ns/op
OverheadActual   4: 524288 op, 1746526.00 ns, 3.3312 ns/op
OverheadActual   5: 524288 op, 1732509.00 ns, 3.3045 ns/op
OverheadActual   6: 524288 op, 1733672.00 ns, 3.3067 ns/op
OverheadActual   7: 524288 op, 1736306.00 ns, 3.3117 ns/op
OverheadActual   8: 524288 op, 1734954.00 ns, 3.3092 ns/op
OverheadActual   9: 524288 op, 1734854.00 ns, 3.3090 ns/op
OverheadActual  10: 524288 op, 1739453.00 ns, 3.3177 ns/op
OverheadActual  11: 524288 op, 1736908.00 ns, 3.3129 ns/op
OverheadActual  12: 524288 op, 1736657.00 ns, 3.3124 ns/op
OverheadActual  13: 524288 op, 1747528.00 ns, 3.3331 ns/op
OverheadActual  14: 524288 op, 1718764.00 ns, 3.2783 ns/op
OverheadActual  15: 524288 op, 1744000.00 ns, 3.3264 ns/op

WorkloadWarmup   1: 524288 op, 783911207.00 ns, 1.4952 us/op
WorkloadWarmup   2: 524288 op, 779766070.00 ns, 1.4873 us/op
WorkloadWarmup   3: 524288 op, 775369144.00 ns, 1.4789 us/op

// BeforeActualRun
WorkloadActual   1: 524288 op, 775892430.00 ns, 1.4799 us/op
WorkloadActual   2: 524288 op, 774187640.00 ns, 1.4766 us/op
WorkloadActual   3: 524288 op, 775032284.00 ns, 1.4783 us/op

// AfterActualRun
WorkloadResult   1: 524288 op, 774155522.00 ns, 1.4766 us/op
WorkloadResult   2: 524288 op, 772450732.00 ns, 1.4733 us/op
WorkloadResult   3: 524288 op, 773295376.00 ns, 1.4749 us/op
// GC:  6 0 0 113246208 524288
// Threading:  0 0 524288

// AfterAll
// Benchmark Process 3062 has exited with code 0.

Mean = 1.475 μs, StdErr = 0.001 μs (0.06%), N = 3, StdDev = 0.002 μs
Min = 1.473 μs, Q1 = 1.474 μs, Median = 1.475 μs, Q3 = 1.476 μs, Max = 1.477 μs
IQR = 0.002 μs, LowerFence = 1.472 μs, UpperFence = 1.478 μs
ConfidenceInterval = [1.445 μs; 1.505 μs] (CI 99.9%), Margin = 0.030 μs (2.01% of Mean)
Skewness = 0.01, Kurtosis = 0.67, MValue = 2

// ** Remained 6 (60.0 %) benchmark(s) to run. Estimated finish 2026-10-09 14:23 (0h 1m from now) **
// **************************
// Benchmark: ShardPrefixedIdBenchmarks.Generate_UlidFormat: Job-YFEFPZ(IterationCount=10, WarmupCount=3)
// *** Execute ***
// Launch: 1 / 1
// Execute: dotnet Encina.IdGeneration.Benchmarks-Job-YFEFPZ-1.dll --anonymousPipes 136 137 --benchmarkName Encina.IdGeneration.Benchmarks.ShardPrefixedIdBenchmarks.Generate_UlidFormat --job "IterationCount=10, WarmupCount=3" --benchmarkId 4 in /home/runner/work/Encina/Encina/tests/Encina.BenchmarkTests/Encina.IdGeneration.Benchmarks/bin/Release/net10.0/Encina.IdGeneration.Benchmarks-Job-YFEFPZ-1/bin/Release/net10.0
// Failed to set up high priority (Permission denied). In order to run benchmarks with high priority, make sure you have the right permissions.
// BeforeAnythingElse

// Benchmark Process Environment Information:
// BenchmarkDotNet v0.15.8
// Runtime=.NET 10.0.12 (10.0.12, 10.0.1226.42308), X64 RyuJIT x86-64-v3
// GC=Concurrent Workstation
// HardwareIntrinsics=AVX2+BMI1+BMI2+F16C+FMA+LZCNT+MOVBE,AVX,SSE3+SSSE3+SSE4.1+SSE4.2+POPCNT,X86Base+SSE+SSE2,AES+PCLMUL VectorSize=256
// Job: Job-YFEFPZ(IterationCount=10, WarmupCount=3)

OverheadJitting  1: 1 op, 216303.00 ns, 216.3030 us/op
WorkloadJitting  1: 1 op, 21690622.00 ns, 21.6906 ms/op

OverheadJitting  2: 16 op, 204641.00 ns, 12.7901 us/op
WorkloadJitting  2: 16 op, 317912.00 ns, 19.8695 us/op

WorkloadPilot    1: 16 op, 30046.00 ns, 1.8779 us/op
WorkloadPilot    2: 32 op, 65322.00 ns, 2.0413 us/op
WorkloadPilot    3: 64 op, 98263.00 ns, 1.5354 us/op
WorkloadPilot    4: 128 op, 184434.00 ns, 1.4409 us/op
WorkloadPilot    5: 256 op, 356084.00 ns, 1.3910 us/op
WorkloadPilot    6: 512 op, 709993.00 ns, 1.3867 us/op
WorkloadPilot    7: 1024 op, 1638955.00 ns, 1.6005 us/op
WorkloadPilot    8: 2048 op, 2874688.00 ns, 1.4037 us/op
WorkloadPilot    9: 4096 op, 5556578.00 ns, 1.3566 us/op
WorkloadPilot   10: 8192 op, 11244591.00 ns, 1.3726 us/op
WorkloadPilot   11: 16384 op, 22052547.00 ns, 1.3460 us/op
WorkloadPilot   12: 32768 op, 44897971.00 ns, 1.3702 us/op
WorkloadPilot   13: 65536 op, 88905944.00 ns, 1.3566 us/op
WorkloadPilot   14: 131072 op, 177980521.00 ns, 1.3579 us/op
WorkloadPilot   15: 262144 op, 344901387.00 ns, 1.3157 us/op
WorkloadPilot   16: 524288 op, 687470486.00 ns, 1.3112 us/op

OverheadWarmup   1: 524288 op, 870653.00 ns, 1.6606 ns/op
OverheadWarmup   2: 524288 op, 868579.00 ns, 1.6567 ns/op
OverheadWarmup   3: 524288 op, 864842.00 ns, 1.6496 ns/op
OverheadWarmup   4: 524288 op, 865624.00 ns, 1.6510 ns/op
OverheadWarmup   5: 524288 op, 865934.00 ns, 1.6516 ns/op
OverheadWarmup   6: 524288 op, 849723.00 ns, 1.6207 ns/op
OverheadWarmup   7: 524288 op, 868379.00 ns, 1.6563 ns/op
OverheadWarmup   8: 524288 op, 866725.00 ns, 1.6531 ns/op

OverheadActual   1: 524288 op, 865103.00 ns, 1.6501 ns/op
OverheadActual   2: 524288 op, 867457.00 ns, 1.6545 ns/op
OverheadActual   3: 524288 op, 871895.00 ns, 1.6630 ns/op
OverheadActual   4: 524288 op, 866395.00 ns, 1.6525 ns/op
OverheadActual   5: 524288 op, 879670.00 ns, 1.6778 ns/op
OverheadActual   6: 524288 op, 864382.00 ns, 1.6487 ns/op
OverheadActual   7: 524288 op, 862478.00 ns, 1.6450 ns/op
OverheadActual   8: 524288 op, 849754.00 ns, 1.6208 ns/op
OverheadActual   9: 524288 op, 865503.00 ns, 1.6508 ns/op
OverheadActual  10: 524288 op, 881954.00 ns, 1.6822 ns/op
OverheadActual  11: 524288 op, 866856.00 ns, 1.6534 ns/op
OverheadActual  12: 524288 op, 863219.00 ns, 1.6465 ns/op
OverheadActual  13: 524288 op, 864842.00 ns, 1.6496 ns/op
OverheadActual  14: 524288 op, 866094.00 ns, 1.6519 ns/op
OverheadActual  15: 524288 op, 866665.00 ns, 1.6530 ns/op

WorkloadWarmup   1: 524288 op, 691303361.00 ns, 1.3186 us/op
WorkloadWarmup   2: 524288 op, 689455647.00 ns, 1.3150 us/op
WorkloadWarmup   3: 524288 op, 688813510.00 ns, 1.3138 us/op

// BeforeActualRun
WorkloadActual   1: 524288 op, 688725416.00 ns, 1.3136 us/op
WorkloadActual   2: 524288 op, 687544625.00 ns, 1.3114 us/op
WorkloadActual   3: 524288 op, 685875312.00 ns, 1.3082 us/op
WorkloadActual   4: 524288 op, 685626889.00 ns, 1.3077 us/op
WorkloadActual   5: 524288 op, 682806481.00 ns, 1.3024 us/op
WorkloadActual   6: 524288 op, 687823884.00 ns, 1.3119 us/op
WorkloadActual   7: 524288 op, 685220050.00 ns, 1.3070 us/op
WorkloadActual   8: 524288 op, 685559153.00 ns, 1.3076 us/op
WorkloadActual   9: 524288 op, 685822493.00 ns, 1.3081 us/op
WorkloadActual  10: 524288 op, 686749321.00 ns, 1.3099 us/op

// AfterActualRun
WorkloadResult   1: 524288 op, 687859322.00 ns, 1.3120 us/op
WorkloadResult   2: 524288 op, 686678531.00 ns, 1.3097 us/op
WorkloadResult   3: 524288 op, 685009218.00 ns, 1.3066 us/op
WorkloadResult   4: 524288 op, 684760795.00 ns, 1.3061 us/op
WorkloadResult   5: 524288 op, 681940387.00 ns, 1.3007 us/op
WorkloadResult   6: 524288 op, 686957790.00 ns, 1.3103 us/op
WorkloadResult   7: 524288 op, 684353956.00 ns, 1.3053 us/op
WorkloadResult   8: 524288 op, 684693059.00 ns, 1.3059 us/op
WorkloadResult   9: 524288 op, 684956399.00 ns, 1.3065 us/op
WorkloadResult  10: 524288 op, 685883227.00 ns, 1.3082 us/op
// GC:  3 0 0 62914560 524288
// Threading:  0 0 524288

// AfterAll
// Benchmark Process 3070 has exited with code 0.

Mean = 1.307 μs, StdErr = 0.001 μs (0.08%), N = 10, StdDev = 0.003 μs
Min = 1.301 μs, Q1 = 1.306 μs, Median = 1.307 μs, Q3 = 1.309 μs, Max = 1.312 μs
IQR = 0.003 μs, LowerFence = 1.301 μs, UpperFence = 1.314 μs
ConfidenceInterval = [1.302 μs; 1.312 μs] (CI 99.9%), Margin = 0.005 μs (0.36% of Mean)
Skewness = -0.35, Kurtosis = 2.46, MValue = 2

// ** Remained 5 (50.0 %) benchmark(s) to run. Estimated finish 2026-10-09 14:23 (0h 0m from now) **
// **************************
// Benchmark: ShardPrefixedIdBenchmarks.Generate_UlidFormat: ShortRun(IterationCount=3, LaunchCount=1, WarmupCount=3)
// *** Execute ***
// Launch: 1 / 1
// Execute: dotnet Encina.IdGeneration.Benchmarks-Job-YFEFPZ-1.dll --anonymousPipes 136 137 --benchmarkName Encina.IdGeneration.Benchmarks.ShardPrefixedIdBenchmarks.Generate_UlidFormat --job ShortRun --benchmarkId 5 in /home/runner/work/Encina/Encina/tests/Encina.BenchmarkTests/Encina.IdGeneration.Benchmarks/bin/Release/net10.0/Encina.IdGeneration.Benchmarks-Job-YFEFPZ-1/bin/Release/net10.0
// Failed to set up high priority (Permission denied). In order to run benchmarks with high priority, make sure you have the right permissions.
// BeforeAnythingElse

// Benchmark Process Environment Information:
// BenchmarkDotNet v0.15.8
// Runtime=.NET 10.0.12 (10.0.12, 10.0.1226.42308), X64 RyuJIT x86-64-v3
// GC=Concurrent Workstation
// HardwareIntrinsics=AVX2+BMI1+BMI2+F16C+FMA+LZCNT+MOVBE,AVX,SSE3+SSSE3+SSE4.1+SSE4.2+POPCNT,X86Base+SSE+SSE2,AES+PCLMUL VectorSize=256
// Job: ShortRun(IterationCount=3, LaunchCount=1, WarmupCount=3)

OverheadJitting  1: 1 op, 252310.00 ns, 252.3100 us/op
WorkloadJitting  1: 1 op, 22544624.00 ns, 22.5446 ms/op

OverheadJitting  2: 16 op, 208739.00 ns, 13.0462 us/op
WorkloadJitting  2: 16 op, 343720.00 ns, 21.4825 us/op

WorkloadPilot    1: 16 op, 51636.00 ns, 3.2273 us/op
WorkloadPilot    2: 32 op, 70131.00 ns, 2.1916 us/op
WorkloadPilot    3: 64 op, 119342.00 ns, 1.8647 us/op
WorkloadPilot    4: 128 op, 202397.00 ns, 1.5812 us/op
WorkloadPilot    5: 256 op, 376241.00 ns, 1.4697 us/op
WorkloadPilot    6: 512 op, 744067.00 ns, 1.4533 us/op
WorkloadPilot    7: 1024 op, 1457507.00 ns, 1.4233 us/op
WorkloadPilot    8: 2048 op, 2903011.00 ns, 1.4175 us/op
WorkloadPilot    9: 4096 op, 5585812.00 ns, 1.3637 us/op
WorkloadPilot   10: 8192 op, 11267883.00 ns, 1.3755 us/op
WorkloadPilot   11: 16384 op, 22293877.00 ns, 1.3607 us/op
WorkloadPilot   12: 32768 op, 45023445.00 ns, 1.3740 us/op
WorkloadPilot   13: 65536 op, 88519634.00 ns, 1.3507 us/op
WorkloadPilot   14: 131072 op, 178134228.00 ns, 1.3591 us/op
WorkloadPilot   15: 262144 op, 346559827.00 ns, 1.3220 us/op
WorkloadPilot   16: 524288 op, 687250155.00 ns, 1.3108 us/op

OverheadWarmup   1: 524288 op, 868428.00 ns, 1.6564 ns/op
OverheadWarmup   2: 524288 op, 891612.00 ns, 1.7006 ns/op
OverheadWarmup   3: 524288 op, 882695.00 ns, 1.6836 ns/op
OverheadWarmup   4: 524288 op, 878307.00 ns, 1.6752 ns/op
OverheadWarmup   5: 524288 op, 891382.00 ns, 1.7002 ns/op
OverheadWarmup   6: 524288 op, 866084.00 ns, 1.6519 ns/op

OverheadActual   1: 524288 op, 868940.00 ns, 1.6574 ns/op
OverheadActual   2: 524288 op, 865594.00 ns, 1.6510 ns/op
OverheadActual   3: 524288 op, 868549.00 ns, 1.6566 ns/op
OverheadActual   4: 524288 op, 866715.00 ns, 1.6531 ns/op
OverheadActual   5: 524288 op, 867287.00 ns, 1.6542 ns/op
OverheadActual   6: 524288 op, 867086.00 ns, 1.6538 ns/op
OverheadActual   7: 524288 op, 849704.00 ns, 1.6207 ns/op
OverheadActual   8: 524288 op, 865032.00 ns, 1.6499 ns/op
OverheadActual   9: 524288 op, 865072.00 ns, 1.6500 ns/op
OverheadActual  10: 524288 op, 848882.00 ns, 1.6191 ns/op
OverheadActual  11: 524288 op, 865623.00 ns, 1.6510 ns/op
OverheadActual  12: 524288 op, 882405.00 ns, 1.6831 ns/op
OverheadActual  13: 524288 op, 899546.00 ns, 1.7157 ns/op
OverheadActual  14: 524288 op, 867447.00 ns, 1.6545 ns/op
OverheadActual  15: 524288 op, 848902.00 ns, 1.6192 ns/op

WorkloadWarmup   1: 524288 op, 688863350.00 ns, 1.3139 us/op
WorkloadWarmup   2: 524288 op, 687004922.00 ns, 1.3104 us/op
WorkloadWarmup   3: 524288 op, 681793158.00 ns, 1.3004 us/op

// BeforeActualRun
WorkloadActual   1: 524288 op, 687923675.00 ns, 1.3121 us/op
WorkloadActual   2: 524288 op, 686988141.00 ns, 1.3103 us/op
WorkloadActual   3: 524288 op, 683360108.00 ns, 1.3034 us/op

// AfterActualRun
WorkloadResult   1: 524288 op, 687056960.00 ns, 1.3105 us/op
WorkloadResult   2: 524288 op, 686121426.00 ns, 1.3087 us/op
WorkloadResult   3: 524288 op, 682493393.00 ns, 1.3018 us/op
// GC:  3 0 0 62914560 524288
// Threading:  0 0 524288

// AfterAll
// Benchmark Process 3079 has exited with code 0.

Mean = 1.307 μs, StdErr = 0.003 μs (0.20%), N = 3, StdDev = 0.005 μs
Min = 1.302 μs, Q1 = 1.305 μs, Median = 1.309 μs, Q3 = 1.310 μs, Max = 1.310 μs
IQR = 0.004 μs, LowerFence = 1.299 μs, UpperFence = 1.316 μs
ConfidenceInterval = [1.223 μs; 1.391 μs] (CI 99.9%), Margin = 0.084 μs (6.42% of Mean)
Skewness = -0.32, Kurtosis = 0.67, MValue = 2

// ** Remained 4 (40.0 %) benchmark(s) to run. Estimated finish 2026-10-09 14:23 (0h 0m from now) **
// **************************
// Benchmark: ShardPrefixedIdBenchmarks.Generate_UuidV7Format: Job-YFEFPZ(IterationCount=10, WarmupCount=3)
// *** Execute ***
// Launch: 1 / 1
// Execute: dotnet Encina.IdGeneration.Benchmarks-Job-YFEFPZ-1.dll --anonymousPipes 136 137 --benchmarkName Encina.IdGeneration.Benchmarks.ShardPrefixedIdBenchmarks.Generate_UuidV7Format --job "IterationCount=10, WarmupCount=3" --benchmarkId 6 in /home/runner/work/Encina/Encina/tests/Encina.BenchmarkTests/Encina.IdGeneration.Benchmarks/bin/Release/net10.0/Encina.IdGeneration.Benchmarks-Job-YFEFPZ-1/bin/Release/net10.0
// Failed to set up high priority (Permission denied). In order to run benchmarks with high priority, make sure you have the right permissions.
// BeforeAnythingElse

// Benchmark Process Environment Information:
// BenchmarkDotNet v0.15.8
// Runtime=.NET 10.0.12 (10.0.12, 10.0.1226.42308), X64 RyuJIT x86-64-v3
// GC=Concurrent Workstation
// HardwareIntrinsics=AVX2+BMI1+BMI2+F16C+FMA+LZCNT+MOVBE,AVX,SSE3+SSSE3+SSE4.1+SSE4.2+POPCNT,X86Base+SSE+SSE2,AES+PCLMUL VectorSize=256
// Job: Job-YFEFPZ(IterationCount=10, WarmupCount=3)

OverheadJitting  1: 1 op, 240478.00 ns, 240.4780 us/op
WorkloadJitting  1: 1 op, 20955622.00 ns, 20.9556 ms/op

OverheadJitting  2: 16 op, 217926.00 ns, 13.6204 us/op
WorkloadJitting  2: 16 op, 313434.00 ns, 19.5896 us/op

WorkloadPilot    1: 16 op, 50654.00 ns, 3.1659 us/op
WorkloadPilot    2: 32 op, 49873.00 ns, 1.5585 us/op
WorkloadPilot    3: 64 op, 106509.00 ns, 1.6642 us/op
WorkloadPilot    4: 128 op, 215722.00 ns, 1.6853 us/op
WorkloadPilot    5: 256 op, 368257.00 ns, 1.4385 us/op
WorkloadPilot    6: 512 op, 711557.00 ns, 1.3898 us/op
WorkloadPilot    7: 1024 op, 1440555.00 ns, 1.4068 us/op
WorkloadPilot    8: 2048 op, 2745337.00 ns, 1.3405 us/op
WorkloadPilot    9: 4096 op, 5358929.00 ns, 1.3083 us/op
WorkloadPilot   10: 8192 op, 10803928.00 ns, 1.3188 us/op
WorkloadPilot   11: 16384 op, 21379241.00 ns, 1.3049 us/op
WorkloadPilot   12: 32768 op, 44356400.00 ns, 1.3536 us/op
WorkloadPilot   13: 65536 op, 87557778.00 ns, 1.3360 us/op
WorkloadPilot   14: 131072 op, 173332853.00 ns, 1.3224 us/op
WorkloadPilot   15: 262144 op, 341548940.00 ns, 1.3029 us/op
WorkloadPilot   16: 524288 op, 671269441.00 ns, 1.2803 us/op

OverheadWarmup   1: 524288 op, 883236.00 ns, 1.6846 ns/op
OverheadWarmup   2: 524288 op, 876373.00 ns, 1.6715 ns/op
OverheadWarmup   3: 524288 op, 869330.00 ns, 1.6581 ns/op
OverheadWarmup   4: 524288 op, 868519.00 ns, 1.6566 ns/op
OverheadWarmup   5: 524288 op, 864502.00 ns, 1.6489 ns/op
OverheadWarmup   6: 524288 op, 864582.00 ns, 1.6491 ns/op
OverheadWarmup   7: 524288 op, 863920.00 ns, 1.6478 ns/op
OverheadWarmup   8: 524288 op, 850355.00 ns, 1.6219 ns/op
OverheadWarmup   9: 524288 op, 880271.00 ns, 1.6790 ns/op
OverheadWarmup  10: 524288 op, 863880.00 ns, 1.6477 ns/op

OverheadActual   1: 524288 op, 866435.00 ns, 1.6526 ns/op
OverheadActual   2: 524288 op, 885070.00 ns, 1.6881 ns/op
OverheadActual   3: 524288 op, 867607.00 ns, 1.6548 ns/op
OverheadActual   4: 524288 op, 883877.00 ns, 1.6859 ns/op
OverheadActual   5: 524288 op, 868429.00 ns, 1.6564 ns/op
OverheadActual   6: 524288 op, 866886.00 ns, 1.6535 ns/op
OverheadActual   7: 524288 op, 881002.00 ns, 1.6804 ns/op
OverheadActual   8: 524288 op, 882415.00 ns, 1.6831 ns/op
OverheadActual   9: 524288 op, 866636.00 ns, 1.6530 ns/op
OverheadActual  10: 524288 op, 865754.00 ns, 1.6513 ns/op
OverheadActual  11: 524288 op, 864882.00 ns, 1.6496 ns/op
OverheadActual  12: 524288 op, 866575.00 ns, 1.6529 ns/op
OverheadActual  13: 524288 op, 865573.00 ns, 1.6509 ns/op
OverheadActual  14: 524288 op, 865293.00 ns, 1.6504 ns/op
OverheadActual  15: 524288 op, 865092.00 ns, 1.6500 ns/op

WorkloadWarmup   1: 524288 op, 679488542.00 ns, 1.2960 us/op
WorkloadWarmup   2: 524288 op, 670347743.00 ns, 1.2786 us/op
WorkloadWarmup   3: 524288 op, 667637550.00 ns, 1.2734 us/op

// BeforeActualRun
WorkloadActual   1: 524288 op, 673643445.00 ns, 1.2849 us/op
WorkloadActual   2: 524288 op, 669057507.00 ns, 1.2761 us/op
WorkloadActual   3: 524288 op, 669478050.00 ns, 1.2769 us/op
WorkloadActual   4: 524288 op, 669630615.00 ns, 1.2772 us/op
WorkloadActual   5: 524288 op, 670064463.00 ns, 1.2780 us/op
WorkloadActual   6: 524288 op, 667570675.00 ns, 1.2733 us/op
WorkloadActual   7: 524288 op, 672529950.00 ns, 1.2827 us/op
WorkloadActual   8: 524288 op, 669830928.00 ns, 1.2776 us/op
WorkloadActual   9: 524288 op, 673680210.00 ns, 1.2849 us/op
WorkloadActual  10: 524288 op, 675896404.00 ns, 1.2892 us/op

// AfterActualRun
WorkloadResult   1: 524288 op, 672776809.00 ns, 1.2832 us/op
WorkloadResult   2: 524288 op, 668190871.00 ns, 1.2745 us/op
WorkloadResult   3: 524288 op, 668611414.00 ns, 1.2753 us/op
WorkloadResult   4: 524288 op, 668763979.00 ns, 1.2756 us/op
WorkloadResult   5: 524288 op, 669197827.00 ns, 1.2764 us/op
WorkloadResult   6: 524288 op, 666704039.00 ns, 1.2716 us/op
WorkloadResult   7: 524288 op, 671663314.00 ns, 1.2811 us/op
WorkloadResult   8: 524288 op, 668964292.00 ns, 1.2759 us/op
WorkloadResult   9: 524288 op, 672813574.00 ns, 1.2833 us/op
WorkloadResult  10: 524288 op, 675029768.00 ns, 1.2875 us/op
// GC:  3 0 0 50331648 524288
// Threading:  0 0 524288

// AfterAll
// Benchmark Process 3087 has exited with code 0.

Mean = 1.278 μs, StdErr = 0.002 μs (0.12%), N = 10, StdDev = 0.005 μs
Min = 1.272 μs, Q1 = 1.275 μs, Median = 1.276 μs, Q3 = 1.283 μs, Max = 1.288 μs
IQR = 0.007 μs, LowerFence = 1.264 μs, UpperFence = 1.294 μs
ConfidenceInterval = [1.271 μs; 1.286 μs] (CI 99.9%), Margin = 0.008 μs (0.59% of Mean)
Skewness = 0.42, Kurtosis = 1.66, MValue = 2

// ** Remained 3 (30.0 %) benchmark(s) to run. Estimated finish 2026-10-09 14:23 (0h 0m from now) **
// **************************
// Benchmark: ShardPrefixedIdBenchmarks.Generate_UuidV7Format: ShortRun(IterationCount=3, LaunchCount=1, WarmupCount=3)
// *** Execute ***
// Launch: 1 / 1
// Execute: dotnet Encina.IdGeneration.Benchmarks-Job-YFEFPZ-1.dll --anonymousPipes 136 137 --benchmarkName Encina.IdGeneration.Benchmarks.ShardPrefixedIdBenchmarks.Generate_UuidV7Format --job ShortRun --benchmarkId 7 in /home/runner/work/Encina/Encina/tests/Encina.BenchmarkTests/Encina.IdGeneration.Benchmarks/bin/Release/net10.0/Encina.IdGeneration.Benchmarks-Job-YFEFPZ-1/bin/Release/net10.0
// Failed to set up high priority (Permission denied). In order to run benchmarks with high priority, make sure you have the right permissions.
// BeforeAnythingElse

// Benchmark Process Environment Information:
// BenchmarkDotNet v0.15.8
// Runtime=.NET 10.0.12 (10.0.12, 10.0.1226.42308), X64 RyuJIT x86-64-v3
// GC=Concurrent Workstation
// HardwareIntrinsics=AVX2+BMI1+BMI2+F16C+FMA+LZCNT+MOVBE,AVX,SSE3+SSSE3+SSE4.1+SSE4.2+POPCNT,X86Base+SSE+SSE2,AES+PCLMUL VectorSize=256
// Job: ShortRun(IterationCount=3, LaunchCount=1, WarmupCount=3)

OverheadJitting  1: 1 op, 251408.00 ns, 251.4080 us/op
WorkloadJitting  1: 1 op, 23007445.00 ns, 23.0074 ms/op

OverheadJitting  2: 16 op, 238445.00 ns, 14.9028 us/op
WorkloadJitting  2: 16 op, 354120.00 ns, 22.1325 us/op

WorkloadPilot    1: 16 op, 52909.00 ns, 3.3068 us/op
WorkloadPilot    2: 32 op, 69860.00 ns, 2.1831 us/op
WorkloadPilot    3: 64 op, 116497.00 ns, 1.8203 us/op
WorkloadPilot    4: 128 op, 195615.00 ns, 1.5282 us/op
WorkloadPilot    5: 256 op, 358789.00 ns, 1.4015 us/op
WorkloadPilot    6: 512 op, 678023.00 ns, 1.3243 us/op
WorkloadPilot    7: 1024 op, 1409608.00 ns, 1.3766 us/op
WorkloadPilot    8: 2048 op, 2812912.00 ns, 1.3735 us/op
WorkloadPilot    9: 4096 op, 5328320.00 ns, 1.3009 us/op
WorkloadPilot   10: 8192 op, 10821107.00 ns, 1.3209 us/op
WorkloadPilot   11: 16384 op, 21395675.00 ns, 1.3059 us/op
WorkloadPilot   12: 32768 op, 45329721.00 ns, 1.3834 us/op
WorkloadPilot   13: 65536 op, 88302490.00 ns, 1.3474 us/op
WorkloadPilot   14: 131072 op, 173466991.00 ns, 1.3234 us/op
WorkloadPilot   15: 262144 op, 346909847.00 ns, 1.3234 us/op
WorkloadPilot   16: 524288 op, 678456001.00 ns, 1.2941 us/op

OverheadWarmup   1: 524288 op, 886122.00 ns, 1.6901 ns/op
OverheadWarmup   2: 524288 op, 876263.00 ns, 1.6713 ns/op
OverheadWarmup   3: 524288 op, 881833.00 ns, 1.6820 ns/op
OverheadWarmup   4: 524288 op, 875992.00 ns, 1.6708 ns/op
OverheadWarmup   5: 524288 op, 874510.00 ns, 1.6680 ns/op
OverheadWarmup   6: 524288 op, 875952.00 ns, 1.6707 ns/op
OverheadWarmup   7: 524288 op, 864712.00 ns, 1.6493 ns/op

OverheadActual   1: 524288 op, 866886.00 ns, 1.6535 ns/op
OverheadActual   2: 524288 op, 867226.00 ns, 1.6541 ns/op
OverheadActual   3: 524288 op, 867617.00 ns, 1.6548 ns/op
OverheadActual   4: 524288 op, 877596.00 ns, 1.6739 ns/op
OverheadActual   5: 524288 op, 849072.00 ns, 1.6195 ns/op
OverheadActual   6: 524288 op, 872186.00 ns, 1.6636 ns/op
OverheadActual   7: 524288 op, 864631.00 ns, 1.6492 ns/op
OverheadActual   8: 524288 op, 864561.00 ns, 1.6490 ns/op
OverheadActual   9: 524288 op, 864912.00 ns, 1.6497 ns/op
OverheadActual  10: 524288 op, 866064.00 ns, 1.6519 ns/op
OverheadActual  11: 524288 op, 865403.00 ns, 1.6506 ns/op
OverheadActual  12: 524288 op, 864742.00 ns, 1.6494 ns/op
OverheadActual  13: 524288 op, 852178.00 ns, 1.6254 ns/op
OverheadActual  14: 524288 op, 866855.00 ns, 1.6534 ns/op
OverheadActual  15: 524288 op, 865483.00 ns, 1.6508 ns/op

WorkloadWarmup   1: 524288 op, 685563047.00 ns, 1.3076 us/op
WorkloadWarmup   2: 524288 op, 679696694.00 ns, 1.2964 us/op
WorkloadWarmup   3: 524288 op, 676569586.00 ns, 1.2905 us/op

// BeforeActualRun
WorkloadActual   1: 524288 op, 678037591.00 ns, 1.2933 us/op
WorkloadActual   2: 524288 op, 682266814.00 ns, 1.3013 us/op
WorkloadActual   3: 524288 op, 676809473.00 ns, 1.2909 us/op

// AfterActualRun
WorkloadResult   1: 524288 op, 677172108.00 ns, 1.2916 us/op
WorkloadResult   2: 524288 op, 681401331.00 ns, 1.2997 us/op
WorkloadResult   3: 524288 op, 675943990.00 ns, 1.2893 us/op
// GC:  3 0 0 50331648 524288
// Threading:  0 0 524288

// AfterAll
// Benchmark Process 3104 has exited with code 0.

Mean = 1.294 μs, StdErr = 0.003 μs (0.24%), N = 3, StdDev = 0.005 μs
Min = 1.289 μs, Q1 = 1.290 μs, Median = 1.292 μs, Q3 = 1.296 μs, Max = 1.300 μs
IQR = 0.005 μs, LowerFence = 1.283 μs, UpperFence = 1.303 μs
ConfidenceInterval = [1.194 μs; 1.393 μs] (CI 99.9%), Margin = 0.100 μs (7.70% of Mean)
Skewness = 0.31, Kurtosis = 0.67, MValue = 2

// ** Remained 2 (20.0 %) benchmark(s) to run. Estimated finish 2026-10-09 14:23 (0h 0m from now) **
// **************************
// Benchmark: ShardPrefixedIdBenchmarks.ExtractShardId_Ulid: Job-YFEFPZ(IterationCount=10, WarmupCount=3)
// *** Execute ***
// Launch: 1 / 1
// Execute: dotnet Encina.IdGeneration.Benchmarks-Job-YFEFPZ-1.dll --anonymousPipes 136 137 --benchmarkName Encina.IdGeneration.Benchmarks.ShardPrefixedIdBenchmarks.ExtractShardId_Ulid --job "IterationCount=10, WarmupCount=3" --benchmarkId 8 in /home/runner/work/Encina/Encina/tests/Encina.BenchmarkTests/Encina.IdGeneration.Benchmarks/bin/Release/net10.0/Encina.IdGeneration.Benchmarks-Job-YFEFPZ-1/bin/Release/net10.0
// Failed to set up high priority (Permission denied). In order to run benchmarks with high priority, make sure you have the right permissions.
// BeforeAnythingElse

// Benchmark Process Environment Information:
// BenchmarkDotNet v0.15.8
// Runtime=.NET 10.0.12 (10.0.12, 10.0.1226.42308), X64 RyuJIT x86-64-v3
// GC=Concurrent Workstation
// HardwareIntrinsics=AVX2+BMI1+BMI2+F16C+FMA+LZCNT+MOVBE,AVX,SSE3+SSSE3+SSE4.1+SSE4.2+POPCNT,X86Base+SSE+SSE2,AES+PCLMUL VectorSize=256
// Job: Job-YFEFPZ(IterationCount=10, WarmupCount=3)

OverheadJitting  1: 1 op, 237012.00 ns, 237.0120 us/op
WorkloadJitting  1: 1 op, 26385094.00 ns, 26.3851 ms/op

OverheadJitting  2: 16 op, 427868.00 ns, 26.7418 us/op
WorkloadJitting  2: 16 op, 489793.00 ns, 30.6121 us/op

WorkloadPilot    1: 16 op, 53580.00 ns, 3.3488 us/op
WorkloadPilot    2: 32 op, 52117.00 ns, 1.6287 us/op
WorkloadPilot    3: 64 op, 165980.00 ns, 2.5934 us/op
WorkloadPilot    4: 128 op, 213448.00 ns, 1.6676 us/op
WorkloadPilot    5: 256 op, 383214.00 ns, 1.4969 us/op
WorkloadPilot    6: 512 op, 739367.00 ns, 1.4441 us/op
WorkloadPilot    7: 1024 op, 1503001.00 ns, 1.4678 us/op
WorkloadPilot    8: 2048 op, 2949677.00 ns, 1.4403 us/op
WorkloadPilot    9: 4096 op, 5709281.00 ns, 1.3939 us/op
WorkloadPilot   10: 8192 op, 11530620.00 ns, 1.4075 us/op
WorkloadPilot   11: 16384 op, 22431687.00 ns, 1.3691 us/op
WorkloadPilot   12: 32768 op, 45536897.00 ns, 1.3897 us/op
WorkloadPilot   13: 65536 op, 90553154.00 ns, 1.3817 us/op
WorkloadPilot   14: 131072 op, 181404284.00 ns, 1.3840 us/op
WorkloadPilot   15: 262144 op, 351798689.00 ns, 1.3420 us/op
WorkloadPilot   16: 524288 op, 696908442.00 ns, 1.3292 us/op

OverheadWarmup   1: 524288 op, 1726828.00 ns, 3.2937 ns/op
OverheadWarmup   2: 524288 op, 1731467.00 ns, 3.3025 ns/op
OverheadWarmup   3: 524288 op, 1737127.00 ns, 3.3133 ns/op
OverheadWarmup   4: 524288 op, 1740463.00 ns, 3.3197 ns/op
OverheadWarmup   5: 524288 op, 1729653.00 ns, 3.2991 ns/op
OverheadWarmup   6: 524288 op, 1740203.00 ns, 3.3192 ns/op
OverheadWarmup   7: 524288 op, 1738660.00 ns, 3.3162 ns/op

OverheadActual   1: 524288 op, 1745563.00 ns, 3.3294 ns/op
OverheadActual   2: 524288 op, 1746464.00 ns, 3.3311 ns/op
OverheadActual   3: 524288 op, 1729253.00 ns, 3.2983 ns/op
OverheadActual   4: 524288 op, 1747076.00 ns, 3.3323 ns/op
OverheadActual   5: 524288 op, 1738720.00 ns, 3.3163 ns/op
OverheadActual   6: 524288 op, 1730305.00 ns, 3.3003 ns/op
OverheadActual   7: 524288 op, 1753939.00 ns, 3.3454 ns/op
OverheadActual   8: 524288 op, 1740353.00 ns, 3.3195 ns/op
OverheadActual   9: 524288 op, 1728511.00 ns, 3.2969 ns/op
OverheadActual  10: 524288 op, 1739261.00 ns, 3.3174 ns/op
OverheadActual  11: 524288 op, 1739261.00 ns, 3.3174 ns/op
OverheadActual  12: 524288 op, 1717701.00 ns, 3.2763 ns/op
OverheadActual  13: 524288 op, 1741194.00 ns, 3.3211 ns/op
OverheadActual  14: 524288 op, 1739733.00 ns, 3.3183 ns/op
OverheadActual  15: 524288 op, 1718453.00 ns, 3.2777 ns/op

WorkloadWarmup   1: 524288 op, 710942079.00 ns, 1.3560 us/op
WorkloadWarmup   2: 524288 op, 703526329.00 ns, 1.3419 us/op
WorkloadWarmup   3: 524288 op, 697207161.00 ns, 1.3298 us/op

// BeforeActualRun
WorkloadActual   1: 524288 op, 708508386.00 ns, 1.3514 us/op
WorkloadActual   2: 524288 op, 699701250.00 ns, 1.3346 us/op
WorkloadActual   3: 524288 op, 695358745.00 ns, 1.3263 us/op
WorkloadActual   4: 524288 op, 697348353.00 ns, 1.3301 us/op
WorkloadActual   5: 524288 op, 694865906.00 ns, 1.3254 us/op
WorkloadActual   6: 524288 op, 694909688.00 ns, 1.3254 us/op
WorkloadActual   7: 524288 op, 694089239.00 ns, 1.3239 us/op
WorkloadActual   8: 524288 op, 695019894.00 ns, 1.3256 us/op
WorkloadActual   9: 524288 op, 695417954.00 ns, 1.3264 us/op
WorkloadActual  10: 524288 op, 698377256.00 ns, 1.3320 us/op

// AfterActualRun
WorkloadResult   1: 524288 op, 697961989.00 ns, 1.3313 us/op
WorkloadResult   2: 524288 op, 693619484.00 ns, 1.3230 us/op
WorkloadResult   3: 524288 op, 695609092.00 ns, 1.3268 us/op
WorkloadResult   4: 524288 op, 693126645.00 ns, 1.3220 us/op
WorkloadResult   5: 524288 op, 693170427.00 ns, 1.3221 us/op
WorkloadResult   6: 524288 op, 692349978.00 ns, 1.3206 us/op
WorkloadResult   7: 524288 op, 693280633.00 ns, 1.3223 us/op
WorkloadResult   8: 524288 op, 693678693.00 ns, 1.3231 us/op
WorkloadResult   9: 524288 op, 696637995.00 ns, 1.3287 us/op
// GC:  3 0 0 62914560 524288
// Threading:  0 0 524288

// AfterAll
// Benchmark Process 3129 has exited with code 0.

Mean = 1.324 μs, StdErr = 0.001 μs (0.09%), N = 9, StdDev = 0.004 μs
Min = 1.321 μs, Q1 = 1.322 μs, Median = 1.323 μs, Q3 = 1.327 μs, Max = 1.331 μs
IQR = 0.005 μs, LowerFence = 1.315 μs, UpperFence = 1.334 μs
ConfidenceInterval = [1.318 μs; 1.331 μs] (CI 99.9%), Margin = 0.006 μs (0.46% of Mean)
Skewness = 0.73, Kurtosis = 1.84, MValue = 2

// ** Remained 1 (10.0 %) benchmark(s) to run. Estimated finish 2026-10-09 14:23 (0h 0m from now) **
// **************************
// Benchmark: ShardPrefixedIdBenchmarks.ExtractShardId_Ulid: ShortRun(IterationCount=3, LaunchCount=1, WarmupCount=3)
// *** Execute ***
// Launch: 1 / 1
// Execute: dotnet Encina.IdGeneration.Benchmarks-Job-YFEFPZ-1.dll --anonymousPipes 136 137 --benchmarkName Encina.IdGeneration.Benchmarks.ShardPrefixedIdBenchmarks.ExtractShardId_Ulid --job ShortRun --benchmarkId 9 in /home/runner/work/Encina/Encina/tests/Encina.BenchmarkTests/Encina.IdGeneration.Benchmarks/bin/Release/net10.0/Encina.IdGeneration.Benchmarks-Job-YFEFPZ-1/bin/Release/net10.0
// Failed to set up high priority (Permission denied). In order to run benchmarks with high priority, make sure you have the right permissions.
// BeforeAnythingElse

// Benchmark Process Environment Information:
// BenchmarkDotNet v0.15.8
// Runtime=.NET 10.0.12 (10.0.12, 10.0.1226.42308), X64 RyuJIT x86-64-v3
// GC=Concurrent Workstation
// HardwareIntrinsics=AVX2+BMI1+BMI2+F16C+FMA+LZCNT+MOVBE,AVX,SSE3+SSSE3+SSE4.1+SSE4.2+POPCNT,X86Base+SSE+SSE2,AES+PCLMUL VectorSize=256
// Job: ShortRun(IterationCount=3, LaunchCount=1, WarmupCount=3)

OverheadJitting  1: 1 op, 232734.00 ns, 232.7340 us/op
WorkloadJitting  1: 1 op, 26009356.00 ns, 26.0094 ms/op

OverheadJitting  2: 16 op, 429911.00 ns, 26.8694 us/op
WorkloadJitting  2: 16 op, 500263.00 ns, 31.2664 us/op

WorkloadPilot    1: 16 op, 55994.00 ns, 3.4996 us/op
WorkloadPilot    2: 32 op, 70191.00 ns, 2.1935 us/op
WorkloadPilot    3: 64 op, 143217.00 ns, 2.2378 us/op
WorkloadPilot    4: 128 op, 207076.00 ns, 1.6178 us/op
WorkloadPilot    5: 256 op, 378986.00 ns, 1.4804 us/op
WorkloadPilot    6: 512 op, 751580.00 ns, 1.4679 us/op
WorkloadPilot    7: 1024 op, 1485298.00 ns, 1.4505 us/op
WorkloadPilot    8: 2048 op, 2925022.00 ns, 1.4282 us/op
WorkloadPilot    9: 4096 op, 5663335.00 ns, 1.3827 us/op
WorkloadPilot   10: 8192 op, 11458436.00 ns, 1.3987 us/op
WorkloadPilot   11: 16384 op, 23392329.00 ns, 1.4278 us/op
WorkloadPilot   12: 32768 op, 45969959.00 ns, 1.4029 us/op
WorkloadPilot   13: 65536 op, 91173589.00 ns, 1.3912 us/op
WorkloadPilot   14: 131072 op, 182310360.00 ns, 1.3909 us/op
WorkloadPilot   15: 262144 op, 354368172.00 ns, 1.3518 us/op
WorkloadPilot   16: 524288 op, 702067194.00 ns, 1.3391 us/op

OverheadWarmup   1: 524288 op, 1730095.00 ns, 3.2999 ns/op
OverheadWarmup   2: 524288 op, 1768045.00 ns, 3.3723 ns/op
OverheadWarmup   3: 524288 op, 1736176.00 ns, 3.3115 ns/op
OverheadWarmup   4: 524288 op, 1736847.00 ns, 3.3128 ns/op
OverheadWarmup   5: 524288 op, 1738039.00 ns, 3.3150 ns/op
OverheadWarmup   6: 524288 op, 1784597.00 ns, 3.4038 ns/op
OverheadWarmup   7: 524288 op, 1732428.00 ns, 3.3043 ns/op

OverheadActual   1: 524288 op, 1736957.00 ns, 3.3130 ns/op
OverheadActual   2: 524288 op, 1739031.00 ns, 3.3169 ns/op
OverheadActual   3: 524288 op, 1755011.00 ns, 3.3474 ns/op
OverheadActual   4: 524288 op, 1751484.00 ns, 3.3407 ns/op
OverheadActual   5: 524288 op, 1735415.00 ns, 3.3100 ns/op
OverheadActual   6: 524288 op, 1750974.00 ns, 3.3397 ns/op
OverheadActual   7: 524288 op, 1731957.00 ns, 3.3034 ns/op
OverheadActual   8: 524288 op, 1749340.00 ns, 3.3366 ns/op
OverheadActual   9: 524288 op, 1751153.00 ns, 3.3401 ns/op
OverheadActual  10: 524288 op, 1729524.00 ns, 3.2988 ns/op
OverheadActual  11: 524288 op, 1753137.00 ns, 3.3438 ns/op
OverheadActual  12: 524288 op, 1738651.00 ns, 3.3162 ns/op
OverheadActual  13: 524288 op, 1719264.00 ns, 3.2792 ns/op
OverheadActual  14: 524288 op, 1738801.00 ns, 3.3165 ns/op
OverheadActual  15: 524288 op, 1739873.00 ns, 3.3185 ns/op

WorkloadWarmup   1: 524288 op, 707352354.00 ns, 1.3492 us/op
WorkloadWarmup   2: 524288 op, 703334806.00 ns, 1.3415 us/op
WorkloadWarmup   3: 524288 op, 699200140.00 ns, 1.3336 us/op

// BeforeActualRun
WorkloadActual   1: 524288 op, 700238074.00 ns, 1.3356 us/op
WorkloadActual   2: 524288 op, 706183926.00 ns, 1.3469 us/op
WorkloadActual   3: 524288 op, 710103230.00 ns, 1.3544 us/op

// AfterActualRun
WorkloadResult   1: 524288 op, 698499043.00 ns, 1.3323 us/op
WorkloadResult   2: 524288 op, 704444895.00 ns, 1.3436 us/op
WorkloadResult   3: 524288 op, 708364199.00 ns, 1.3511 us/op
// GC:  3 0 0 62914560 524288
// Threading:  0 0 524288

// AfterAll
// Benchmark Process 3143 has exited with code 0.

Mean = 1.342 μs, StdErr = 0.005 μs (0.41%), N = 3, StdDev = 0.009 μs
Min = 1.332 μs, Q1 = 1.338 μs, Median = 1.344 μs, Q3 = 1.347 μs, Max = 1.351 μs
IQR = 0.009 μs, LowerFence = 1.324 μs, UpperFence = 1.361 μs
ConfidenceInterval = [1.169 μs; 1.515 μs] (CI 99.9%), Margin = 0.173 μs (12.88% of Mean)
Skewness = -0.13, Kurtosis = 0.67, MValue = 2

// ** Remained 0 (0.0 %) benchmark(s) to run. Estimated finish 2026-10-09 14:23 (0h 0m from now) **
// ***** BenchmarkRunner: Finish  *****

// * Export *
  artifacts/performance/IdGeneration/results/Encina.IdGeneration.Benchmarks.ShardPrefixedIdBenchmarks-report.csv
  artifacts/performance/IdGeneration/results/Encina.IdGeneration.Benchmarks.ShardPrefixedIdBenchmarks-report-github.md
  artifacts/performance/IdGeneration/results/Encina.IdGeneration.Benchmarks.ShardPrefixedIdBenchmarks-report.html
  artifacts/performance/IdGeneration/results/Encina.IdGeneration.Benchmarks.ShardPrefixedIdBenchmarks-report-full-compressed.json

// * Detailed results *
ShardPrefixedIdBenchmarks.Generate_TimestampRandomFormat: Job-YFEFPZ(IterationCount=10, WarmupCount=3)
Runtime = .NET 10.0.12 (10.0.12, 10.0.1226.42308), X64 RyuJIT x86-64-v3; GC = Concurrent Workstation
Mean = 1.502 μs, StdErr = 0.001 μs (0.10%), N = 9, StdDev = 0.004 μs
Min = 1.499 μs, Q1 = 1.499 μs, Median = 1.500 μs, Q3 = 1.501 μs, Max = 1.510 μs
IQR = 0.002 μs, LowerFence = 1.497 μs, UpperFence = 1.504 μs
ConfidenceInterval = [1.495 μs; 1.509 μs] (CI 99.9%), Margin = 0.007 μs (0.50% of Mean)
Skewness = 1.04, Kurtosis = 2.11, MValue = 2
-------------------- Histogram --------------------
[1.496 μs ; 1.513 μs) | @@@@@@@@@
---------------------------------------------------

ShardPrefixedIdBenchmarks.Generate_ToString: Job-YFEFPZ(IterationCount=10, WarmupCount=3)
Runtime = .NET 10.0.12 (10.0.12, 10.0.1226.42308), X64 RyuJIT x86-64-v3; GC = Concurrent Workstation
Mean = 1.415 μs, StdErr = 0.001 μs (0.07%), N = 10, StdDev = 0.003 μs
Min = 1.410 μs, Q1 = 1.412 μs, Median = 1.415 μs, Q3 = 1.416 μs, Max = 1.420 μs
IQR = 0.003 μs, LowerFence = 1.408 μs, UpperFence = 1.420 μs
ConfidenceInterval = [1.410 μs; 1.419 μs] (CI 99.9%), Margin = 0.005 μs (0.32% of Mean)
Skewness = 0.21, Kurtosis = 1.85, MValue = 2
-------------------- Histogram --------------------
[1.408 μs ; 1.422 μs) | @@@@@@@@@@
---------------------------------------------------

ShardPrefixedIdBenchmarks.Generate_UlidFormat: Job-YFEFPZ(IterationCount=10, WarmupCount=3)
Runtime = .NET 10.0.12 (10.0.12, 10.0.1226.42308), X64 RyuJIT x86-64-v3; GC = Concurrent Workstation
Mean = 1.307 μs, StdErr = 0.001 μs (0.08%), N = 10, StdDev = 0.003 μs
Min = 1.301 μs, Q1 = 1.306 μs, Median = 1.307 μs, Q3 = 1.309 μs, Max = 1.312 μs
IQR = 0.003 μs, LowerFence = 1.301 μs, UpperFence = 1.314 μs
ConfidenceInterval = [1.302 μs; 1.312 μs] (CI 99.9%), Margin = 0.005 μs (0.36% of Mean)
Skewness = -0.35, Kurtosis = 2.46, MValue = 2
-------------------- Histogram --------------------
[1.299 μs ; 1.314 μs) | @@@@@@@@@@
---------------------------------------------------

ShardPrefixedIdBenchmarks.Generate_UuidV7Format: Job-YFEFPZ(IterationCount=10, WarmupCount=3)
Runtime = .NET 10.0.12 (10.0.12, 10.0.1226.42308), X64 RyuJIT x86-64-v3; GC = Concurrent Workstation
Mean = 1.278 μs, StdErr = 0.002 μs (0.12%), N = 10, StdDev = 0.005 μs
Min = 1.272 μs, Q1 = 1.275 μs, Median = 1.276 μs, Q3 = 1.283 μs, Max = 1.288 μs
IQR = 0.007 μs, LowerFence = 1.264 μs, UpperFence = 1.294 μs
ConfidenceInterval = [1.271 μs; 1.286 μs] (CI 99.9%), Margin = 0.008 μs (0.59% of Mean)
Skewness = 0.42, Kurtosis = 1.66, MValue = 2
-------------------- Histogram --------------------
[1.269 μs ; 1.291 μs) | @@@@@@@@@@
---------------------------------------------------

ShardPrefixedIdBenchmarks.ExtractShardId_Ulid: Job-YFEFPZ(IterationCount=10, WarmupCount=3)
Runtime = .NET 10.0.12 (10.0.12, 10.0.1226.42308), X64 RyuJIT x86-64-v3; GC = Concurrent Workstation
Mean = 1.324 μs, StdErr = 0.001 μs (0.09%), N = 9, StdDev = 0.004 μs
Min = 1.321 μs, Q1 = 1.322 μs, Median = 1.323 μs, Q3 = 1.327 μs, Max = 1.331 μs
IQR = 0.005 μs, LowerFence = 1.315 μs, UpperFence = 1.334 μs
ConfidenceInterval = [1.318 μs; 1.331 μs] (CI 99.9%), Margin = 0.006 μs (0.46% of Mean)
Skewness = 0.73, Kurtosis = 1.84, MValue = 2
-------------------- Histogram --------------------
[1.318 μs ; 1.334 μs) | @@@@@@@@@
---------------------------------------------------

ShardPrefixedIdBenchmarks.Generate_TimestampRandomFormat: ShortRun(IterationCount=3, LaunchCount=1, WarmupCount=3)
Runtime = .NET 10.0.12 (10.0.12, 10.0.1226.42308), X64 RyuJIT x86-64-v3; GC = Concurrent Workstation
Mean = 1.437 μs, StdErr = 0.001 μs (0.09%), N = 3, StdDev = 0.002 μs
Min = 1.434 μs, Q1 = 1.435 μs, Median = 1.436 μs, Q3 = 1.438 μs, Max = 1.439 μs
IQR = 0.002 μs, LowerFence = 1.432 μs, UpperFence = 1.441 μs
ConfidenceInterval = [1.394 μs; 1.480 μs] (CI 99.9%), Margin = 0.043 μs (3.00% of Mean)
Skewness = 0.06, Kurtosis = 0.67, MValue = 2
-------------------- Histogram --------------------
[1.432 μs ; 1.441 μs) | @@@
---------------------------------------------------

ShardPrefixedIdBenchmarks.Generate_ToString: ShortRun(IterationCount=3, LaunchCount=1, WarmupCount=3)
Runtime = .NET 10.0.12 (10.0.12, 10.0.1226.42308), X64 RyuJIT x86-64-v3; GC = Concurrent Workstation
Mean = 1.475 μs, StdErr = 0.001 μs (0.06%), N = 3, StdDev = 0.002 μs
Min = 1.473 μs, Q1 = 1.474 μs, Median = 1.475 μs, Q3 = 1.476 μs, Max = 1.477 μs
IQR = 0.002 μs, LowerFence = 1.472 μs, UpperFence = 1.478 μs
ConfidenceInterval = [1.445 μs; 1.505 μs] (CI 99.9%), Margin = 0.030 μs (2.01% of Mean)
Skewness = 0.01, Kurtosis = 0.67, MValue = 2
-------------------- Histogram --------------------
[1.472 μs ; 1.478 μs) | @@@
---------------------------------------------------

ShardPrefixedIdBenchmarks.Generate_UlidFormat: ShortRun(IterationCount=3, LaunchCount=1, WarmupCount=3)
Runtime = .NET 10.0.12 (10.0.12, 10.0.1226.42308), X64 RyuJIT x86-64-v3; GC = Concurrent Workstation
Mean = 1.307 μs, StdErr = 0.003 μs (0.20%), N = 3, StdDev = 0.005 μs
Min = 1.302 μs, Q1 = 1.305 μs, Median = 1.309 μs, Q3 = 1.310 μs, Max = 1.310 μs
IQR = 0.004 μs, LowerFence = 1.299 μs, UpperFence = 1.316 μs
ConfidenceInterval = [1.223 μs; 1.391 μs] (CI 99.9%), Margin = 0.084 μs (6.42% of Mean)
Skewness = -0.32, Kurtosis = 0.67, MValue = 2
-------------------- Histogram --------------------
[1.298 μs ; 1.315 μs) | @@@
---------------------------------------------------

ShardPrefixedIdBenchmarks.Generate_UuidV7Format: ShortRun(IterationCount=3, LaunchCount=1, WarmupCount=3)
Runtime = .NET 10.0.12 (10.0.12, 10.0.1226.42308), X64 RyuJIT x86-64-v3; GC = Concurrent Workstation
Mean = 1.294 μs, StdErr = 0.003 μs (0.24%), N = 3, StdDev = 0.005 μs
Min = 1.289 μs, Q1 = 1.290 μs, Median = 1.292 μs, Q3 = 1.296 μs, Max = 1.300 μs
IQR = 0.005 μs, LowerFence = 1.283 μs, UpperFence = 1.303 μs
ConfidenceInterval = [1.194 μs; 1.393 μs] (CI 99.9%), Margin = 0.100 μs (7.70% of Mean)
Skewness = 0.31, Kurtosis = 0.67, MValue = 2
-------------------- Histogram --------------------
[1.284 μs ; 1.305 μs) | @@@
---------------------------------------------------

ShardPrefixedIdBenchmarks.ExtractShardId_Ulid: ShortRun(IterationCount=3, LaunchCount=1, WarmupCount=3)
Runtime = .NET 10.0.12 (10.0.12, 10.0.1226.42308), X64 RyuJIT x86-64-v3; GC = Concurrent Workstation
Mean = 1.342 μs, StdErr = 0.005 μs (0.41%), N = 3, StdDev = 0.009 μs
Min = 1.332 μs, Q1 = 1.338 μs, Median = 1.344 μs, Q3 = 1.347 μs, Max = 1.351 μs
IQR = 0.009 μs, LowerFence = 1.324 μs, UpperFence = 1.361 μs
ConfidenceInterval = [1.169 μs; 1.515 μs] (CI 99.9%), Margin = 0.173 μs (12.88% of Mean)
Skewness = -0.13, Kurtosis = 0.67, MValue = 2
-------------------- Histogram --------------------
[1.324 μs ; 1.360 μs) | @@@
---------------------------------------------------

// * Summary *

BenchmarkDotNet v0.15.8, Linux Ubuntu 24.04.5 LTS (Noble Numbat)
AMD EPYC 7763 2.45GHz, 1 CPU, 4 logical and 2 physical cores
.NET SDK 10.0.401
  [Host]     : .NET 10.0.12 (10.0.12, 10.0.1226.42308), X64 RyuJIT x86-64-v3
  Job-YFEFPZ : .NET 10.0.12 (10.0.12, 10.0.1226.42308), X64 RyuJIT x86-64-v3
  ShortRun   : .NET 10.0.12 (10.0.12, 10.0.1226.42308), X64 RyuJIT x86-64-v3

WarmupCount=3  

| Method                         | Job        | IterationCount | LaunchCount | Mean     | Error     | StdDev    | Ratio | Gen0   | Allocated | Alloc Ratio |
|------------------------------- |----------- |--------------- |------------ |---------:|----------:|----------:|------:|-------:|----------:|------------:|
| Generate_TimestampRandomFormat | Job-YFEFPZ | 10             | Default     | 1.502 μs | 0.0075 μs | 0.0044 μs |  1.15 | 0.0076 |     151 B |        1.26 |
| Generate_ToString              | Job-YFEFPZ | 10             | Default     | 1.415 μs | 0.0045 μs | 0.0030 μs |  1.08 | 0.0114 |     216 B |        1.80 |
| Generate_UlidFormat            | Job-YFEFPZ | 10             | Default     | 1.307 μs | 0.0048 μs | 0.0032 μs |  1.00 | 0.0057 |     120 B |        1.00 |
| Generate_UuidV7Format          | Job-YFEFPZ | 10             | Default     | 1.278 μs | 0.0076 μs | 0.0050 μs |  0.98 | 0.0057 |      96 B |        0.80 |
| ExtractShardId_Ulid            | Job-YFEFPZ | 10             | Default     | 1.324 μs | 0.0061 μs | 0.0036 μs |  1.01 | 0.0057 |     120 B |        1.00 |
|                                |            |                |             |          |           |           |       |        |           |             |
| Generate_TimestampRandomFormat | ShortRun   | 3              | 1           | 1.437 μs | 0.0431 μs | 0.0024 μs |  1.10 | 0.0076 |     151 B |        1.26 |
| Generate_ToString              | ShortRun   | 3              | 1           | 1.475 μs | 0.0297 μs | 0.0016 μs |  1.13 | 0.0114 |     216 B |        1.80 |
| Generate_UlidFormat            | ShortRun   | 3              | 1           | 1.307 μs | 0.0839 μs | 0.0046 μs |  1.00 | 0.0057 |     120 B |        1.00 |
| Generate_UuidV7Format          | ShortRun   | 3              | 1           | 1.294 μs | 0.0996 μs | 0.0055 μs |  0.99 | 0.0057 |      96 B |        0.80 |
| ExtractShardId_Ulid            | ShortRun   | 3              | 1           | 1.342 μs | 0.1728 μs | 0.0095 μs |  1.03 | 0.0057 |     120 B |        1.00 |

// * Hints *
Outliers
  ShardPrefixedIdBenchmarks.Generate_TimestampRandomFormat: IterationCount=10, WarmupCount=3 -> 1 outlier  was  removed (1.53 μs)
  ShardPrefixedIdBenchmarks.Generate_UlidFormat: IterationCount=10, WarmupCount=3            -> 1 outlier  was  detected (1.30 μs)
  ShardPrefixedIdBenchmarks.ExtractShardId_Ulid: IterationCount=10, WarmupCount=3            -> 1 outlier  was  removed (1.35 μs)
// * Config Issues *

// * Warnings *
Configuration
  Summary -> The exporter CsvExporter is already present in configuration. There may be unexpected results.
  Summary -> The exporter HtmlExporter is already present in configuration. There may be unexpected results.
  Summary -> The exporter MarkdownExporter-github is already present in configuration. There may be unexpected results.

// * Legends *
  Mean        : Arithmetic mean of all measurements
  Error       : Half of 99.9% confidence interval
  StdDev      : Standard deviation of all measurements
  Ratio       : Mean of the ratio distribution ([Current]/[Baseline])
  Gen0        : GC Generation 0 collects per 1000 operations
  Allocated   : Allocated memory per single operation (managed only, inclusive, 1KB = 1024B)
  Alloc Ratio : Allocated memory ratio distribution ([Current]/[Baseline])
  1 μs        : 1 Microsecond (0.000001 sec)

// * Diagnostic Output - MemoryDiagnoser *


// ***** BenchmarkRunner: End *****
Run time: 00:01:33 (93.73 sec), executed benchmarks: 10

Global total time: 00:02:19 (139.47 sec), executed benchmarks: 10
// * Artifacts cleanup *
Artifacts cleanup is finished
