// Validating benchmarks:
// ***** BenchmarkRunner: Start   *****
// ***** Found 4 benchmark(s) in total *****
// ***** Building 1 exe(s) in Parallel: Start   *****
// start dotnet  restore --nodeReuse:false /p:UseSharedCompilation=false /p:Deterministic=true /p:Optimize=true /p:ArtifactsPath="/home/runner/work/Encina/Encina/tests/Encina.BenchmarkTests/Encina.EntityFrameworkCore.Benchmarks/bin/Release/net10.0/Encina.EntityFrameworkCore.Benchmarks-ShortRun-1/" /p:OutDir="/home/runner/work/Encina/Encina/tests/Encina.BenchmarkTests/Encina.EntityFrameworkCore.Benchmarks/bin/Release/net10.0/Encina.EntityFrameworkCore.Benchmarks-ShortRun-1/bin/Release/net10.0/" /p:OutputPath="/home/runner/work/Encina/Encina/tests/Encina.BenchmarkTests/Encina.EntityFrameworkCore.Benchmarks/bin/Release/net10.0/Encina.EntityFrameworkCore.Benchmarks-ShortRun-1/bin/Release/net10.0/" /p:PublishDir="/home/runner/work/Encina/Encina/tests/Encina.BenchmarkTests/Encina.EntityFrameworkCore.Benchmarks/bin/Release/net10.0/Encina.EntityFrameworkCore.Benchmarks-ShortRun-1/publish/" in /home/runner/work/Encina/Encina/tests/Encina.BenchmarkTests/Encina.EntityFrameworkCore.Benchmarks/bin/Release/net10.0/Encina.EntityFrameworkCore.Benchmarks-ShortRun-1
// command took 2.59 sec and exited with 0
// start dotnet  build -c Release --no-restore --nodeReuse:false /p:UseSharedCompilation=false /p:Deterministic=true /p:Optimize=true /p:ArtifactsPath="/home/runner/work/Encina/Encina/tests/Encina.BenchmarkTests/Encina.EntityFrameworkCore.Benchmarks/bin/Release/net10.0/Encina.EntityFrameworkCore.Benchmarks-ShortRun-1/" /p:OutDir="/home/runner/work/Encina/Encina/tests/Encina.BenchmarkTests/Encina.EntityFrameworkCore.Benchmarks/bin/Release/net10.0/Encina.EntityFrameworkCore.Benchmarks-ShortRun-1/bin/Release/net10.0/" /p:OutputPath="/home/runner/work/Encina/Encina/tests/Encina.BenchmarkTests/Encina.EntityFrameworkCore.Benchmarks/bin/Release/net10.0/Encina.EntityFrameworkCore.Benchmarks-ShortRun-1/bin/Release/net10.0/" /p:PublishDir="/home/runner/work/Encina/Encina/tests/Encina.BenchmarkTests/Encina.EntityFrameworkCore.Benchmarks/bin/Release/net10.0/Encina.EntityFrameworkCore.Benchmarks-ShortRun-1/publish/" --output "/home/runner/work/Encina/Encina/tests/Encina.BenchmarkTests/Encina.EntityFrameworkCore.Benchmarks/bin/Release/net10.0/Encina.EntityFrameworkCore.Benchmarks-ShortRun-1/bin/Release/net10.0/" in /home/runner/work/Encina/Encina/tests/Encina.BenchmarkTests/Encina.EntityFrameworkCore.Benchmarks/bin/Release/net10.0/Encina.EntityFrameworkCore.Benchmarks-ShortRun-1
// command took 115.48 sec and exited with 0
// ***** Done, took 00:01:58 (118.22 sec)   *****
// Found 4 benchmarks:
//   InboxStoreEFBenchmarks.MarkAsProcessedAsync: ShortRun(InvocationCount=1, IterationCount=3, LaunchCount=1, UnrollFactor=1, WarmupCount=3)
//   InboxStoreEFBenchmarks.GetExpiredMessagesAsync: ShortRun(InvocationCount=1, IterationCount=3, LaunchCount=1, UnrollFactor=1, WarmupCount=3)
//   InboxStoreEFBenchmarks.AddAsync: ShortRun(InvocationCount=1, IterationCount=3, LaunchCount=1, UnrollFactor=1, WarmupCount=3)
//   InboxStoreEFBenchmarks.GetMessageAsync: ShortRun(InvocationCount=1, IterationCount=3, LaunchCount=1, UnrollFactor=1, WarmupCount=3)

// **************************
// Benchmark: InboxStoreEFBenchmarks.MarkAsProcessedAsync: ShortRun(InvocationCount=1, IterationCount=3, LaunchCount=1, UnrollFactor=1, WarmupCount=3)
// *** Execute ***
// Launch: 1 / 1
// Execute: dotnet Encina.EntityFrameworkCore.Benchmarks-ShortRun-1.dll --anonymousPipes 143 144 --benchmarkName Encina.EntityFrameworkCore.Benchmarks.InboxStoreEFBenchmarks.MarkAsProcessed --job ShortRun --benchmarkId 0 in /home/runner/work/Encina/Encina/tests/Encina.BenchmarkTests/Encina.EntityFrameworkCore.Benchmarks/bin/Release/net10.0/Encina.EntityFrameworkCore.Benchmarks-ShortRun-1/bin/Release/net10.0
// Failed to set up high priority (Permission denied). In order to run benchmarks with high priority, make sure you have the right permissions.
// BeforeAnythingElse

// Benchmark Process Environment Information:
// BenchmarkDotNet v0.15.8
// Runtime=.NET 10.0.12 (10.0.12, 10.0.1226.42308), X64 RyuJIT x86-64-v4
// GC=Concurrent Workstation
// HardwareIntrinsics=AVX512 BITALG+VBMI2+VNNI+VPOPCNTDQ,AVX512 IFMA+VBMI,AVX512 F+BW+CD+DQ+VL,AVX2+BMI1+BMI2+F16C+FMA+LZCNT+MOVBE,AVX,SSE3+SSSE3+SSE4.1+SSE4.2+POPCNT,X86Base+SSE+SSE2,AES+PCLMUL VectorSize=256
// Job: ShortRun(InvocationCount=1, IterationCount=3, LaunchCount=1, UnrollFactor=1, WarmupCount=3)

OverheadJitting  1: 1 op, 148289.00 ns, 148.2890 us/op
WorkloadJitting  1: 1 op, 310201165.00 ns, 310.2012 ms/op

OverheadWarmup   1: 1 op, 321.00 ns, 321.0000 ns/op
OverheadWarmup   2: 1 op, 170.00 ns, 170.0000 ns/op
OverheadWarmup   3: 1 op, 150.00 ns, 150.0000 ns/op
OverheadWarmup   4: 1 op, 140.00 ns, 140.0000 ns/op
OverheadWarmup   5: 1 op, 170.00 ns, 170.0000 ns/op
OverheadWarmup   6: 1 op, 161.00 ns, 161.0000 ns/op
OverheadWarmup   7: 1 op, 161.00 ns, 161.0000 ns/op
OverheadWarmup   8: 1 op, 170.00 ns, 170.0000 ns/op

OverheadActual   1: 1 op, 210.00 ns, 210.0000 ns/op
OverheadActual   2: 1 op, 320.00 ns, 320.0000 ns/op
OverheadActual   3: 1 op, 190.00 ns, 190.0000 ns/op
OverheadActual   4: 1 op, 441.00 ns, 441.0000 ns/op
OverheadActual   5: 1 op, 191.00 ns, 191.0000 ns/op
OverheadActual   6: 1 op, 181.00 ns, 181.0000 ns/op
OverheadActual   7: 1 op, 160.00 ns, 160.0000 ns/op
OverheadActual   8: 1 op, 170.00 ns, 170.0000 ns/op
OverheadActual   9: 1 op, 190.00 ns, 190.0000 ns/op
OverheadActual  10: 1 op, 161.00 ns, 161.0000 ns/op
OverheadActual  11: 1 op, 180.00 ns, 180.0000 ns/op
OverheadActual  12: 1 op, 170.00 ns, 170.0000 ns/op
OverheadActual  13: 1 op, 170.00 ns, 170.0000 ns/op
OverheadActual  14: 1 op, 171.00 ns, 171.0000 ns/op
OverheadActual  15: 1 op, 190.00 ns, 190.0000 ns/op
OverheadActual  16: 1 op, 190.00 ns, 190.0000 ns/op
OverheadActual  17: 1 op, 170.00 ns, 170.0000 ns/op
OverheadActual  18: 1 op, 191.00 ns, 191.0000 ns/op
OverheadActual  19: 1 op, 170.00 ns, 170.0000 ns/op
OverheadActual  20: 1 op, 180.00 ns, 180.0000 ns/op

WorkloadWarmup   1: 1 op, 2816783.00 ns, 2.8168 ms/op
WorkloadWarmup   2: 1 op, 161249.00 ns, 161.2490 us/op
WorkloadWarmup   3: 1 op, 152336.00 ns, 152.3360 us/op

// BeforeActualRun
WorkloadActual   1: 1 op, 143593.00 ns, 143.5930 us/op
WorkloadActual   2: 1 op, 145375.00 ns, 145.3750 us/op
WorkloadActual   3: 1 op, 137053.00 ns, 137.0530 us/op

// AfterActualRun
WorkloadResult   1: 1 op, 143412.50 ns, 143.4125 us/op
WorkloadResult   2: 1 op, 145194.50 ns, 145.1945 us/op
WorkloadResult   3: 1 op, 136872.50 ns, 136.8725 us/op
// GC:  0 0 0 12256 1
// Threading:  0 0 1

// AfterAll
// Benchmark Process 3412 has exited with code 0.

Mean = 141.827 μs, StdErr = 2.530 μs (1.78%), N = 3, StdDev = 4.382 μs
Min = 136.873 μs, Q1 = 140.143 μs, Median = 143.412 μs, Q3 = 144.304 μs, Max = 145.195 μs
IQR = 4.161 μs, LowerFence = 133.901 μs, UpperFence = 150.545 μs
ConfidenceInterval = [61.886 μs; 221.767 μs] (CI 99.9%), Margin = 79.941 μs (56.37% of Mean)
Skewness = -0.31, Kurtosis = 0.67, MValue = 2

// ** Remained 3 (75.0 %) benchmark(s) to run. Estimated finish 2026-10-03 16:30 (0h 0m from now) **
// **************************
// Benchmark: InboxStoreEFBenchmarks.GetExpiredMessagesAsync: ShortRun(InvocationCount=1, IterationCount=3, LaunchCount=1, UnrollFactor=1, WarmupCount=3)
// *** Execute ***
// Launch: 1 / 1
// Execute: dotnet Encina.EntityFrameworkCore.Benchmarks-ShortRun-1.dll --anonymousPipes 143 144 --benchmarkName Encina.EntityFrameworkCore.Benchmarks.InboxStoreEFBenchmarks.GetExpiredMessages --job ShortRun --benchmarkId 1 in /home/runner/work/Encina/Encina/tests/Encina.BenchmarkTests/Encina.EntityFrameworkCore.Benchmarks/bin/Release/net10.0/Encina.EntityFrameworkCore.Benchmarks-ShortRun-1/bin/Release/net10.0
// Failed to set up high priority (Permission denied). In order to run benchmarks with high priority, make sure you have the right permissions.
// BeforeAnythingElse

// Benchmark Process Environment Information:
// BenchmarkDotNet v0.15.8
// Runtime=.NET 10.0.12 (10.0.12, 10.0.1226.42308), X64 RyuJIT x86-64-v4
// GC=Concurrent Workstation
// HardwareIntrinsics=AVX512 BITALG+VBMI2+VNNI+VPOPCNTDQ,AVX512 IFMA+VBMI,AVX512 F+BW+CD+DQ+VL,AVX2+BMI1+BMI2+F16C+FMA+LZCNT+MOVBE,AVX,SSE3+SSSE3+SSE4.1+SSE4.2+POPCNT,X86Base+SSE+SSE2,AES+PCLMUL VectorSize=256
// Job: ShortRun(InvocationCount=1, IterationCount=3, LaunchCount=1, UnrollFactor=1, WarmupCount=3)

OverheadJitting  1: 1 op, 135260.00 ns, 135.2600 us/op
WorkloadJitting  1: 1 op, 312304742.00 ns, 312.3047 ms/op

OverheadWarmup   1: 1 op, 521.00 ns, 521.0000 ns/op
OverheadWarmup   2: 1 op, 191.00 ns, 191.0000 ns/op
OverheadWarmup   3: 1 op, 180.00 ns, 180.0000 ns/op
OverheadWarmup   4: 1 op, 210.00 ns, 210.0000 ns/op
OverheadWarmup   5: 1 op, 1933.00 ns, 1.9330 us/op
OverheadWarmup   6: 1 op, 1963.00 ns, 1.9630 us/op
OverheadWarmup   7: 1 op, 390.00 ns, 390.0000 ns/op
OverheadWarmup   8: 1 op, 170.00 ns, 170.0000 ns/op
OverheadWarmup   9: 1 op, 160.00 ns, 160.0000 ns/op
OverheadWarmup  10: 1 op, 180.00 ns, 180.0000 ns/op

OverheadActual   1: 1 op, 2223.00 ns, 2.2230 us/op
OverheadActual   2: 1 op, 241.00 ns, 241.0000 ns/op
OverheadActual   3: 1 op, 200.00 ns, 200.0000 ns/op
OverheadActual   4: 1 op, 221.00 ns, 221.0000 ns/op
OverheadActual   5: 1 op, 210.00 ns, 210.0000 ns/op
OverheadActual   6: 1 op, 461.00 ns, 461.0000 ns/op
OverheadActual   7: 1 op, 2073.00 ns, 2.0730 us/op
OverheadActual   8: 1 op, 170.00 ns, 170.0000 ns/op
OverheadActual   9: 1 op, 170.00 ns, 170.0000 ns/op
OverheadActual  10: 1 op, 240.00 ns, 240.0000 ns/op
OverheadActual  11: 1 op, 2113.00 ns, 2.1130 us/op
OverheadActual  12: 1 op, 2033.00 ns, 2.0330 us/op
OverheadActual  13: 1 op, 211.00 ns, 211.0000 ns/op
OverheadActual  14: 1 op, 200.00 ns, 200.0000 ns/op
OverheadActual  15: 1 op, 180.00 ns, 180.0000 ns/op
OverheadActual  16: 1 op, 161.00 ns, 161.0000 ns/op
OverheadActual  17: 1 op, 170.00 ns, 170.0000 ns/op
OverheadActual  18: 1 op, 200.00 ns, 200.0000 ns/op
OverheadActual  19: 1 op, 200.00 ns, 200.0000 ns/op
OverheadActual  20: 1 op, 160.00 ns, 160.0000 ns/op

WorkloadWarmup   1: 1 op, 3651971.00 ns, 3.6520 ms/op
WorkloadWarmup   2: 1 op, 969226.00 ns, 969.2260 us/op
WorkloadWarmup   3: 1 op, 900865.00 ns, 900.8650 us/op

// BeforeActualRun
WorkloadActual   1: 1 op, 909347.00 ns, 909.3470 us/op
WorkloadActual   2: 1 op, 910159.00 ns, 910.1590 us/op
WorkloadActual   3: 1 op, 876840.00 ns, 876.8400 us/op

// AfterActualRun
WorkloadResult   1: 1 op, 909142.00 ns, 909.1420 us/op
WorkloadResult   2: 1 op, 909954.00 ns, 909.9540 us/op
WorkloadResult   3: 1 op, 876635.00 ns, 876.6350 us/op
// GC:  0 0 0 294512 1
// Threading:  0 0 1

// AfterAll
// Benchmark Process 3425 has exited with code 0.

Mean = 898.577 μs, StdErr = 10.974 μs (1.22%), N = 3, StdDev = 19.007 μs
Min = 876.635 μs, Q1 = 892.889 μs, Median = 909.142 μs, Q3 = 909.548 μs, Max = 909.954 μs
IQR = 16.660 μs, LowerFence = 867.899 μs, UpperFence = 934.537 μs
ConfidenceInterval = [551.825 μs; 1,245.329 μs] (CI 99.9%), Margin = 346.752 μs (38.59% of Mean)
Skewness = -0.38, Kurtosis = 0.67, MValue = 2

// ** Remained 2 (50.0 %) benchmark(s) to run. Estimated finish 2026-10-03 16:30 (0h 0m from now) **
// **************************
// Benchmark: InboxStoreEFBenchmarks.AddAsync: ShortRun(InvocationCount=1, IterationCount=3, LaunchCount=1, UnrollFactor=1, WarmupCount=3)
// *** Execute ***
// Launch: 1 / 1
// Execute: dotnet Encina.EntityFrameworkCore.Benchmarks-ShortRun-1.dll --anonymousPipes 143 144 --benchmarkName Encina.EntityFrameworkCore.Benchmarks.InboxStoreEFBenchmarks.AddMessage --job ShortRun --benchmarkId 2 in /home/runner/work/Encina/Encina/tests/Encina.BenchmarkTests/Encina.EntityFrameworkCore.Benchmarks/bin/Release/net10.0/Encina.EntityFrameworkCore.Benchmarks-ShortRun-1/bin/Release/net10.0
// Failed to set up high priority (Permission denied). In order to run benchmarks with high priority, make sure you have the right permissions.
// BeforeAnythingElse

// Benchmark Process Environment Information:
// BenchmarkDotNet v0.15.8
// Runtime=.NET 10.0.12 (10.0.12, 10.0.1226.42308), X64 RyuJIT x86-64-v4
// GC=Concurrent Workstation
// HardwareIntrinsics=AVX512 BITALG+VBMI2+VNNI+VPOPCNTDQ,AVX512 IFMA+VBMI,AVX512 F+BW+CD+DQ+VL,AVX2+BMI1+BMI2+F16C+FMA+LZCNT+MOVBE,AVX,SSE3+SSSE3+SSE4.1+SSE4.2+POPCNT,X86Base+SSE+SSE2,AES+PCLMUL VectorSize=256
// Job: ShortRun(InvocationCount=1, IterationCount=3, LaunchCount=1, UnrollFactor=1, WarmupCount=3)

OverheadJitting  1: 1 op, 142271.00 ns, 142.2710 us/op
WorkloadJitting  1: 1 op, 148184111.00 ns, 148.1841 ms/op

OverheadWarmup   1: 1 op, 320.00 ns, 320.0000 ns/op
OverheadWarmup   2: 1 op, 170.00 ns, 170.0000 ns/op
OverheadWarmup   3: 1 op, 240.00 ns, 240.0000 ns/op
OverheadWarmup   4: 1 op, 130.00 ns, 130.0000 ns/op
OverheadWarmup   5: 1 op, 141.00 ns, 141.0000 ns/op
OverheadWarmup   6: 1 op, 140.00 ns, 140.0000 ns/op

OverheadActual   1: 1 op, 190.00 ns, 190.0000 ns/op
OverheadActual   2: 1 op, 180.00 ns, 180.0000 ns/op
OverheadActual   3: 1 op, 391.00 ns, 391.0000 ns/op
OverheadActual   4: 1 op, 160.00 ns, 160.0000 ns/op
OverheadActual   5: 1 op, 160.00 ns, 160.0000 ns/op
OverheadActual   6: 1 op, 130.00 ns, 130.0000 ns/op
OverheadActual   7: 1 op, 140.00 ns, 140.0000 ns/op
OverheadActual   8: 1 op, 120.00 ns, 120.0000 ns/op
OverheadActual   9: 1 op, 130.00 ns, 130.0000 ns/op
OverheadActual  10: 1 op, 130.00 ns, 130.0000 ns/op
OverheadActual  11: 1 op, 120.00 ns, 120.0000 ns/op
OverheadActual  12: 1 op, 161.00 ns, 161.0000 ns/op
OverheadActual  13: 1 op, 150.00 ns, 150.0000 ns/op
OverheadActual  14: 1 op, 161.00 ns, 161.0000 ns/op
OverheadActual  15: 1 op, 240.00 ns, 240.0000 ns/op
OverheadActual  16: 1 op, 141.00 ns, 141.0000 ns/op
OverheadActual  17: 1 op, 161.00 ns, 161.0000 ns/op
OverheadActual  18: 1 op, 160.00 ns, 160.0000 ns/op
OverheadActual  19: 1 op, 150.00 ns, 150.0000 ns/op
OverheadActual  20: 1 op, 161.00 ns, 161.0000 ns/op

WorkloadWarmup   1: 1 op, 272564.00 ns, 272.5640 us/op
WorkloadWarmup   2: 1 op, 44647.00 ns, 44.6470 us/op
WorkloadWarmup   3: 1 op, 43845.00 ns, 43.8450 us/op

// BeforeActualRun
WorkloadActual   1: 1 op, 42022.00 ns, 42.0220 us/op
WorkloadActual   2: 1 op, 41712.00 ns, 41.7120 us/op
WorkloadActual   3: 1 op, 42183.00 ns, 42.1830 us/op

// AfterActualRun
WorkloadResult   1: 1 op, 41862.00 ns, 41.8620 us/op
WorkloadResult   2: 1 op, 41552.00 ns, 41.5520 us/op
WorkloadResult   3: 1 op, 42023.00 ns, 42.0230 us/op
// GC:  0 0 0 2920 1
// Threading:  0 0 1

// AfterAll
// Benchmark Process 3435 has exited with code 0.

Mean = 41.812 μs, StdErr = 0.138 μs (0.33%), N = 3, StdDev = 0.239 μs
Min = 41.552 μs, Q1 = 41.707 μs, Median = 41.862 μs, Q3 = 41.943 μs, Max = 42.023 μs
IQR = 0.235 μs, LowerFence = 41.354 μs, UpperFence = 42.296 μs
ConfidenceInterval = [37.445 μs; 46.180 μs] (CI 99.9%), Margin = 4.367 μs (10.45% of Mean)
Skewness = -0.2, Kurtosis = 0.67, MValue = 2

// ** Remained 1 (25.0 %) benchmark(s) to run. Estimated finish 2026-10-03 16:30 (0h 0m from now) **
// **************************
// Benchmark: InboxStoreEFBenchmarks.GetMessageAsync: ShortRun(InvocationCount=1, IterationCount=3, LaunchCount=1, UnrollFactor=1, WarmupCount=3)
// *** Execute ***
// Launch: 1 / 1
// Execute: dotnet Encina.EntityFrameworkCore.Benchmarks-ShortRun-1.dll --anonymousPipes 143 144 --benchmarkName Encina.EntityFrameworkCore.Benchmarks.InboxStoreEFBenchmarks.GetMessage --job ShortRun --benchmarkId 3 in /home/runner/work/Encina/Encina/tests/Encina.BenchmarkTests/Encina.EntityFrameworkCore.Benchmarks/bin/Release/net10.0/Encina.EntityFrameworkCore.Benchmarks-ShortRun-1/bin/Release/net10.0
// Failed to set up high priority (Permission denied). In order to run benchmarks with high priority, make sure you have the right permissions.
// BeforeAnythingElse

// Benchmark Process Environment Information:
// BenchmarkDotNet v0.15.8
// Runtime=.NET 10.0.12 (10.0.12, 10.0.1226.42308), X64 RyuJIT x86-64-v4
// GC=Concurrent Workstation
// HardwareIntrinsics=AVX512 BITALG+VBMI2+VNNI+VPOPCNTDQ,AVX512 IFMA+VBMI,AVX512 F+BW+CD+DQ+VL,AVX2+BMI1+BMI2+F16C+FMA+LZCNT+MOVBE,AVX,SSE3+SSSE3+SSE4.1+SSE4.2+POPCNT,X86Base+SSE+SSE2,AES+PCLMUL VectorSize=256
// Job: ShortRun(InvocationCount=1, IterationCount=3, LaunchCount=1, UnrollFactor=1, WarmupCount=3)

OverheadJitting  1: 1 op, 151995.00 ns, 151.9950 us/op
WorkloadJitting  1: 1 op, 309138280.00 ns, 309.1383 ms/op

OverheadWarmup   1: 1 op, 420.00 ns, 420.0000 ns/op
OverheadWarmup   2: 1 op, 180.00 ns, 180.0000 ns/op
OverheadWarmup   3: 1 op, 171.00 ns, 171.0000 ns/op
OverheadWarmup   4: 1 op, 180.00 ns, 180.0000 ns/op
OverheadWarmup   5: 1 op, 180.00 ns, 180.0000 ns/op
OverheadWarmup   6: 1 op, 180.00 ns, 180.0000 ns/op
OverheadWarmup   7: 1 op, 170.00 ns, 170.0000 ns/op

OverheadActual   1: 1 op, 211.00 ns, 211.0000 ns/op
OverheadActual   2: 1 op, 190.00 ns, 190.0000 ns/op
OverheadActual   3: 1 op, 190.00 ns, 190.0000 ns/op
OverheadActual   4: 1 op, 191.00 ns, 191.0000 ns/op
OverheadActual   5: 1 op, 191.00 ns, 191.0000 ns/op
OverheadActual   6: 1 op, 180.00 ns, 180.0000 ns/op
OverheadActual   7: 1 op, 251.00 ns, 251.0000 ns/op
OverheadActual   8: 1 op, 180.00 ns, 180.0000 ns/op
OverheadActual   9: 1 op, 180.00 ns, 180.0000 ns/op
OverheadActual  10: 1 op, 180.00 ns, 180.0000 ns/op
OverheadActual  11: 1 op, 181.00 ns, 181.0000 ns/op
OverheadActual  12: 1 op, 171.00 ns, 171.0000 ns/op
OverheadActual  13: 1 op, 301.00 ns, 301.0000 ns/op
OverheadActual  14: 1 op, 180.00 ns, 180.0000 ns/op
OverheadActual  15: 1 op, 191.00 ns, 191.0000 ns/op

WorkloadWarmup   1: 1 op, 2779738.00 ns, 2.7797 ms/op
WorkloadWarmup   2: 1 op, 140348.00 ns, 140.3480 us/op
WorkloadWarmup   3: 1 op, 131484.00 ns, 131.4840 us/op

// BeforeActualRun
WorkloadActual   1: 1 op, 112397.00 ns, 112.3970 us/op
WorkloadActual   2: 1 op, 109613.00 ns, 109.6130 us/op
WorkloadActual   3: 1 op, 112627.00 ns, 112.6270 us/op

// AfterActualRun
WorkloadResult   1: 1 op, 112207.00 ns, 112.2070 us/op
WorkloadResult   2: 1 op, 109423.00 ns, 109.4230 us/op
WorkloadResult   3: 1 op, 112437.00 ns, 112.4370 us/op
// GC:  0 0 0 10256 1
// Threading:  0 0 1

// AfterAll
// Benchmark Process 3445 has exited with code 0.

Mean = 111.356 μs, StdErr = 0.969 μs (0.87%), N = 3, StdDev = 1.678 μs
Min = 109.423 μs, Q1 = 110.815 μs, Median = 112.207 μs, Q3 = 112.322 μs, Max = 112.437 μs
IQR = 1.507 μs, LowerFence = 108.555 μs, UpperFence = 114.582 μs
ConfidenceInterval = [80.748 μs; 141.963 μs] (CI 99.9%), Margin = 30.607 μs (27.49% of Mean)
Skewness = -0.38, Kurtosis = 0.67, MValue = 2

// ** Remained 0 (0.0 %) benchmark(s) to run. Estimated finish 2026-10-03 16:30 (0h 0m from now) **
// ***** BenchmarkRunner: Finish  *****

// * Export *
  artifacts/performance/EFCore/results/Encina.EntityFrameworkCore.Benchmarks.InboxStoreEFBenchmarks-report.csv
  artifacts/performance/EFCore/results/Encina.EntityFrameworkCore.Benchmarks.InboxStoreEFBenchmarks-report-github.md
  artifacts/performance/EFCore/results/Encina.EntityFrameworkCore.Benchmarks.InboxStoreEFBenchmarks-report.html
  artifacts/performance/EFCore/results/Encina.EntityFrameworkCore.Benchmarks.InboxStoreEFBenchmarks-report-full-compressed.json
  artifacts/performance/EFCore/results/Encina.EntityFrameworkCore.Benchmarks.InboxStoreEFBenchmarks-report-default.md

// * Detailed results *
InboxStoreEFBenchmarks.MarkAsProcessedAsync: ShortRun(InvocationCount=1, IterationCount=3, LaunchCount=1, UnrollFactor=1, WarmupCount=3)
Runtime = .NET 10.0.12 (10.0.12, 10.0.1226.42308), X64 RyuJIT x86-64-v4; GC = Concurrent Workstation
Mean = 141.827 μs, StdErr = 2.530 μs (1.78%), N = 3, StdDev = 4.382 μs
Min = 136.873 μs, Q1 = 140.143 μs, Median = 143.412 μs, Q3 = 144.304 μs, Max = 145.195 μs
IQR = 4.161 μs, LowerFence = 133.901 μs, UpperFence = 150.545 μs
ConfidenceInterval = [61.886 μs; 221.767 μs] (CI 99.9%), Margin = 79.941 μs (56.37% of Mean)
Skewness = -0.31, Kurtosis = 0.67, MValue = 2
-------------------- Histogram --------------------
[132.885 μs ; 140.316 μs) | @
[140.316 μs ; 149.182 μs) | @@
---------------------------------------------------

InboxStoreEFBenchmarks.GetExpiredMessagesAsync: ShortRun(InvocationCount=1, IterationCount=3, LaunchCount=1, UnrollFactor=1, WarmupCount=3)
Runtime = .NET 10.0.12 (10.0.12, 10.0.1226.42308), X64 RyuJIT x86-64-v4; GC = Concurrent Workstation
Mean = 898.577 μs, StdErr = 10.974 μs (1.22%), N = 3, StdDev = 19.007 μs
Min = 876.635 μs, Q1 = 892.889 μs, Median = 909.142 μs, Q3 = 909.548 μs, Max = 909.954 μs
IQR = 16.660 μs, LowerFence = 867.899 μs, UpperFence = 934.537 μs
ConfidenceInterval = [551.825 μs; 1,245.329 μs] (CI 99.9%), Margin = 346.752 μs (38.59% of Mean)
Skewness = -0.38, Kurtosis = 0.67, MValue = 2
-------------------- Histogram --------------------
[875.998 μs ; 910.591 μs) | @@@
---------------------------------------------------

InboxStoreEFBenchmarks.AddAsync: ShortRun(InvocationCount=1, IterationCount=3, LaunchCount=1, UnrollFactor=1, WarmupCount=3)
Runtime = .NET 10.0.12 (10.0.12, 10.0.1226.42308), X64 RyuJIT x86-64-v4; GC = Concurrent Workstation
Mean = 41.812 μs, StdErr = 0.138 μs (0.33%), N = 3, StdDev = 0.239 μs
Min = 41.552 μs, Q1 = 41.707 μs, Median = 41.862 μs, Q3 = 41.943 μs, Max = 42.023 μs
IQR = 0.235 μs, LowerFence = 41.354 μs, UpperFence = 42.296 μs
ConfidenceInterval = [37.445 μs; 46.180 μs] (CI 99.9%), Margin = 4.367 μs (10.45% of Mean)
Skewness = -0.2, Kurtosis = 0.67, MValue = 2
-------------------- Histogram --------------------
[41.523 μs ; 42.241 μs) | @@@
---------------------------------------------------

InboxStoreEFBenchmarks.GetMessageAsync: ShortRun(InvocationCount=1, IterationCount=3, LaunchCount=1, UnrollFactor=1, WarmupCount=3)
Runtime = .NET 10.0.12 (10.0.12, 10.0.1226.42308), X64 RyuJIT x86-64-v4; GC = Concurrent Workstation
Mean = 111.356 μs, StdErr = 0.969 μs (0.87%), N = 3, StdDev = 1.678 μs
Min = 109.423 μs, Q1 = 110.815 μs, Median = 112.207 μs, Q3 = 112.322 μs, Max = 112.437 μs
IQR = 1.507 μs, LowerFence = 108.555 μs, UpperFence = 114.582 μs
ConfidenceInterval = [80.748 μs; 141.963 μs] (CI 99.9%), Margin = 30.607 μs (27.49% of Mean)
Skewness = -0.38, Kurtosis = 0.67, MValue = 2
-------------------- Histogram --------------------
[109.403 μs ; 112.457 μs) | @@@
---------------------------------------------------

// * Summary *

BenchmarkDotNet v0.15.8, Linux Ubuntu 24.04.5 LTS (Noble Numbat)
AMD EPYC 9V74 2.60GHz, 1 CPU, 4 logical and 2 physical cores
.NET SDK 10.0.401
  [Host]   : .NET 10.0.12 (10.0.12, 10.0.1226.42308), X64 RyuJIT x86-64-v4
  ShortRun : .NET 10.0.12 (10.0.12, 10.0.1226.42308), X64 RyuJIT x86-64-v4

Job=ShortRun  InvocationCount=1  IterationCount=3  
LaunchCount=1  UnrollFactor=1  WarmupCount=3  

| Method                  | Mean      | Error      | StdDev    | Ratio | RatioSD | Allocated | Alloc Ratio |
|------------------------ |----------:|-----------:|----------:|------:|--------:|----------:|------------:|
| MarkAsProcessedAsync    | 141.83 μs |  79.941 μs |  4.382 μs |  1.27 |    0.04 |  11.97 KB |        1.20 |
| GetExpiredMessagesAsync | 898.58 μs | 346.752 μs | 19.007 μs |  8.07 |    0.18 | 287.61 KB |       28.72 |
| AddAsync                |  41.81 μs |   4.367 μs |  0.239 μs |  0.38 |    0.01 |   2.85 KB |        0.28 |
| GetMessageAsync         | 111.36 μs |  30.607 μs |  1.678 μs |  1.00 |    0.02 |  10.02 KB |        1.00 |

// * Warnings *
MinIterationTime
  InboxStoreEFBenchmarks.MarkAsProcessedAsync: ShortRun    -> The minimum observed iteration time is 137.053μs which is very small. It's recommended to increase it to at least 100ms using more operations.
  InboxStoreEFBenchmarks.GetExpiredMessagesAsync: ShortRun -> The minimum observed iteration time is 876.84μs which is very small. It's recommended to increase it to at least 100ms using more operations.
  InboxStoreEFBenchmarks.AddAsync: ShortRun                -> The minimum observed iteration time is 41.712μs which is very small. It's recommended to increase it to at least 100ms using more operations.
  InboxStoreEFBenchmarks.GetMessageAsync: ShortRun         -> The minimum observed iteration time is 109.613μs which is very small. It's recommended to increase it to at least 100ms using more operations.
// * Config Issues *

// * Warnings *
Configuration
  Summary -> The exporter CsvExporter is already present in configuration. There may be unexpected results.
  Summary -> The exporter HtmlExporter is already present in configuration. There may be unexpected results.
  Summary -> The exporter MarkdownExporter-github is already present in configuration. There may be unexpected results.

// * Legends *
  Mean        : Arithmetic mean of all measurements
  Error       : Half of 99.9% confidence interval
  StdDev      : Standard deviation of all measurements
  Ratio       : Mean of the ratio distribution ([Current]/[Baseline])
  RatioSD     : Standard deviation of the ratio distribution ([Current]/[Baseline])
  Allocated   : Allocated memory per single operation (managed only, inclusive, 1KB = 1024B)
  Alloc Ratio : Allocated memory ratio distribution ([Current]/[Baseline])
  1 μs        : 1 Microsecond (0.000001 sec)

// * Diagnostic Output - MemoryDiagnoser *


// ***** BenchmarkRunner: End *****
Run time: 00:00:05 (5.28 sec), executed benchmarks: 4

Global total time: 00:02:03 (123.76 sec), executed benchmarks: 4
// * Artifacts cleanup *
Artifacts cleanup is finished
