// Validating benchmarks:
// ***** BenchmarkRunner: Start   *****
// ***** Found 10 benchmark(s) in total *****
// ***** Building 1 exe(s) in Parallel: Start   *****
// start dotnet  restore --nodeReuse:false /p:UseSharedCompilation=false /p:Deterministic=true /p:Optimize=true /p:ArtifactsPath="/home/runner/work/Encina/Encina/tests/Encina.BenchmarkTests/Encina.Benchmarks/bin/Release/net10.0/Encina.Benchmarks-ShortRun-1/" /p:OutDir="/home/runner/work/Encina/Encina/tests/Encina.BenchmarkTests/Encina.Benchmarks/bin/Release/net10.0/Encina.Benchmarks-ShortRun-1/bin/Release/net10.0/" /p:OutputPath="/home/runner/work/Encina/Encina/tests/Encina.BenchmarkTests/Encina.Benchmarks/bin/Release/net10.0/Encina.Benchmarks-ShortRun-1/bin/Release/net10.0/" /p:PublishDir="/home/runner/work/Encina/Encina/tests/Encina.BenchmarkTests/Encina.Benchmarks/bin/Release/net10.0/Encina.Benchmarks-ShortRun-1/publish/" in /home/runner/work/Encina/Encina/tests/Encina.BenchmarkTests/Encina.Benchmarks/bin/Release/net10.0/Encina.Benchmarks-ShortRun-1
// command took 3.67 sec and exited with 0
// start dotnet  build -c Release --no-restore --nodeReuse:false /p:UseSharedCompilation=false /p:Deterministic=true /p:Optimize=true /p:ArtifactsPath="/home/runner/work/Encina/Encina/tests/Encina.BenchmarkTests/Encina.Benchmarks/bin/Release/net10.0/Encina.Benchmarks-ShortRun-1/" /p:OutDir="/home/runner/work/Encina/Encina/tests/Encina.BenchmarkTests/Encina.Benchmarks/bin/Release/net10.0/Encina.Benchmarks-ShortRun-1/bin/Release/net10.0/" /p:OutputPath="/home/runner/work/Encina/Encina/tests/Encina.BenchmarkTests/Encina.Benchmarks/bin/Release/net10.0/Encina.Benchmarks-ShortRun-1/bin/Release/net10.0/" /p:PublishDir="/home/runner/work/Encina/Encina/tests/Encina.BenchmarkTests/Encina.Benchmarks/bin/Release/net10.0/Encina.Benchmarks-ShortRun-1/publish/" --output "/home/runner/work/Encina/Encina/tests/Encina.BenchmarkTests/Encina.Benchmarks/bin/Release/net10.0/Encina.Benchmarks-ShortRun-1/bin/Release/net10.0/" in /home/runner/work/Encina/Encina/tests/Encina.BenchmarkTests/Encina.Benchmarks/bin/Release/net10.0/Encina.Benchmarks-ShortRun-1
// command took 192.49 sec and exited with 0
// ***** Done, took 00:03:16 (196.35 sec)   *****
// Found 10 benchmarks:
//   DatabaseRoutingBenchmarks.'Nested scopes (Read → ForceWrite)': ShortRun(InvocationCount=1, IterationCount=3, LaunchCount=1, UnrollFactor=1, WarmupCount=3)
//   DatabaseRoutingBenchmarks.'Read CurrentIntent (AsyncLocal)': ShortRun(InvocationCount=1, IterationCount=3, LaunchCount=1, UnrollFactor=1, WarmupCount=3)
//   DatabaseRoutingBenchmarks.DatabaseRoutingScope.ForRead(): ShortRun(InvocationCount=1, IterationCount=3, LaunchCount=1, UnrollFactor=1, WarmupCount=3)
//   DatabaseRoutingBenchmarks.'Read EffectiveIntent (null-coalesce)': ShortRun(InvocationCount=1, IterationCount=3, LaunchCount=1, UnrollFactor=1, WarmupCount=3)
//   DatabaseRoutingBenchmarks.'Read HasIntent': ShortRun(InvocationCount=1, IterationCount=3, LaunchCount=1, UnrollFactor=1, WarmupCount=3)
//   DatabaseRoutingBenchmarks.'Read IsReadIntent': ShortRun(InvocationCount=1, IterationCount=3, LaunchCount=1, UnrollFactor=1, WarmupCount=3)
//   DatabaseRoutingBenchmarks.'Read IsWriteIntent': ShortRun(InvocationCount=1, IterationCount=3, LaunchCount=1, UnrollFactor=1, WarmupCount=3)
//   DatabaseRoutingBenchmarks.DatabaseRoutingScope.ForWrite(): ShortRun(InvocationCount=1, IterationCount=3, LaunchCount=1, UnrollFactor=1, WarmupCount=3)
//   DatabaseRoutingBenchmarks.DatabaseRoutingScope.ForForceWrite(): ShortRun(InvocationCount=1, IterationCount=3, LaunchCount=1, UnrollFactor=1, WarmupCount=3)
//   DatabaseRoutingBenchmarks.DatabaseRoutingContext.Clear(): ShortRun(InvocationCount=1, IterationCount=3, LaunchCount=1, UnrollFactor=1, WarmupCount=3)

// **************************
// Benchmark: DatabaseRoutingBenchmarks.'Nested scopes (Read → ForceWrite)': ShortRun(InvocationCount=1, IterationCount=3, LaunchCount=1, UnrollFactor=1, WarmupCount=3)
// *** Execute ***
// Launch: 1 / 1
// Execute: dotnet Encina.Benchmarks-ShortRun-1.dll --anonymousPipes 228 229 --benchmarkName Encina.Benchmarks.ReadWriteSeparation.DatabaseRoutingBenchmarks.Scope_Nested --job ShortRun --benchmarkId 0 in /home/runner/work/Encina/Encina/tests/Encina.BenchmarkTests/Encina.Benchmarks/bin/Release/net10.0/Encina.Benchmarks-ShortRun-1/bin/Release/net10.0
// Failed to set up high priority (Permission denied). In order to run benchmarks with high priority, make sure you have the right permissions.
// BeforeAnythingElse

// Benchmark Process Environment Information:
// BenchmarkDotNet v0.15.8
// Runtime=.NET 10.0.12 (10.0.12, 10.0.1226.42308), X64 RyuJIT x86-64-v3
// GC=Concurrent Workstation
// HardwareIntrinsics=AVX2+BMI1+BMI2+F16C+FMA+LZCNT+MOVBE,AVX,SSE3+SSSE3+SSE4.1+SSE4.2+POPCNT,X86Base+SSE+SSE2,AES+PCLMUL VectorSize=256
// Job: ShortRun(InvocationCount=1, IterationCount=3, LaunchCount=1, UnrollFactor=1, WarmupCount=3)

OverheadJitting  1: 1 op, 185235.00 ns, 185.2350 us/op
WorkloadJitting  1: 1 op, 1775510.00 ns, 1.7755 ms/op

OverheadWarmup   1: 1 op, 270.00 ns, 270.0000 ns/op
OverheadWarmup   2: 1 op, 201.00 ns, 201.0000 ns/op
OverheadWarmup   3: 1 op, 300.00 ns, 300.0000 ns/op
OverheadWarmup   4: 1 op, 251.00 ns, 251.0000 ns/op
OverheadWarmup   5: 1 op, 210.00 ns, 210.0000 ns/op
OverheadWarmup   6: 1 op, 531.00 ns, 531.0000 ns/op
OverheadWarmup   7: 1 op, 281.00 ns, 281.0000 ns/op

OverheadActual   1: 1 op, 321.00 ns, 321.0000 ns/op
OverheadActual   2: 1 op, 261.00 ns, 261.0000 ns/op
OverheadActual   3: 1 op, 301.00 ns, 301.0000 ns/op
OverheadActual   4: 1 op, 241.00 ns, 241.0000 ns/op
OverheadActual   5: 1 op, 230.00 ns, 230.0000 ns/op
OverheadActual   6: 1 op, 240.00 ns, 240.0000 ns/op
OverheadActual   7: 1 op, 281.00 ns, 281.0000 ns/op
OverheadActual   8: 1 op, 220.00 ns, 220.0000 ns/op
OverheadActual   9: 1 op, 171.00 ns, 171.0000 ns/op
OverheadActual  10: 1 op, 230.00 ns, 230.0000 ns/op
OverheadActual  11: 1 op, 291.00 ns, 291.0000 ns/op
OverheadActual  12: 1 op, 220.00 ns, 220.0000 ns/op
OverheadActual  13: 1 op, 211.00 ns, 211.0000 ns/op
OverheadActual  14: 1 op, 310.00 ns, 310.0000 ns/op
OverheadActual  15: 1 op, 240.00 ns, 240.0000 ns/op
OverheadActual  16: 1 op, 281.00 ns, 281.0000 ns/op
OverheadActual  17: 1 op, 240.00 ns, 240.0000 ns/op
OverheadActual  18: 1 op, 401.00 ns, 401.0000 ns/op
OverheadActual  19: 1 op, 220.00 ns, 220.0000 ns/op
OverheadActual  20: 1 op, 250.00 ns, 250.0000 ns/op

WorkloadWarmup   1: 1 op, 10600.00 ns, 10.6000 us/op
WorkloadWarmup   2: 1 op, 4929.00 ns, 4.9290 us/op
WorkloadWarmup   3: 1 op, 4639.00 ns, 4.6390 us/op

// BeforeActualRun
WorkloadActual   1: 1 op, 4568.00 ns, 4.5680 us/op
WorkloadActual   2: 1 op, 5090.00 ns, 5.0900 us/op
WorkloadActual   3: 1 op, 4568.00 ns, 4.5680 us/op

// AfterActualRun
WorkloadResult   1: 1 op, 4327.50 ns, 4.3275 us/op
WorkloadResult   2: 1 op, 4849.50 ns, 4.8495 us/op
WorkloadResult   3: 1 op, 4327.50 ns, 4.3275 us/op
// GC:  0 0 0 840 1
// Threading:  0 0 1

// AfterAll
// Benchmark Process 3914 has exited with code 0.

Mean = 4.502 μs, StdErr = 0.174 μs (3.87%), N = 3, StdDev = 0.301 μs
Min = 4.327 μs, Q1 = 4.327 μs, Median = 4.327 μs, Q3 = 4.588 μs, Max = 4.849 μs
IQR = 0.261 μs, LowerFence = 3.936 μs, UpperFence = 4.980 μs
ConfidenceInterval = [-0.997 μs; 10.000 μs] (CI 99.9%), Margin = 5.498 μs (122.14% of Mean)
Skewness = 0.38, Kurtosis = 0.67, MValue = 2

// ** Remained 9 (90.0 %) benchmark(s) to run. Estimated finish 2026-10-03 20:54 (0h 0m from now) **
// **************************
// Benchmark: DatabaseRoutingBenchmarks.'Read CurrentIntent (AsyncLocal)': ShortRun(InvocationCount=1, IterationCount=3, LaunchCount=1, UnrollFactor=1, WarmupCount=3)
// *** Execute ***
// Launch: 1 / 1
// Execute: dotnet Encina.Benchmarks-ShortRun-1.dll --anonymousPipes 228 229 --benchmarkName Encina.Benchmarks.ReadWriteSeparation.DatabaseRoutingBenchmarks.Read_CurrentIntent --job ShortRun --benchmarkId 1 in /home/runner/work/Encina/Encina/tests/Encina.BenchmarkTests/Encina.Benchmarks/bin/Release/net10.0/Encina.Benchmarks-ShortRun-1/bin/Release/net10.0
// Failed to set up high priority (Permission denied). In order to run benchmarks with high priority, make sure you have the right permissions.
// BeforeAnythingElse

// Benchmark Process Environment Information:
// BenchmarkDotNet v0.15.8
// Runtime=.NET 10.0.12 (10.0.12, 10.0.1226.42308), X64 RyuJIT x86-64-v3
// GC=Concurrent Workstation
// HardwareIntrinsics=AVX2+BMI1+BMI2+F16C+FMA+LZCNT+MOVBE,AVX,SSE3+SSSE3+SSE4.1+SSE4.2+POPCNT,X86Base+SSE+SSE2,AES+PCLMUL VectorSize=256
// Job: ShortRun(InvocationCount=1, IterationCount=3, LaunchCount=1, UnrollFactor=1, WarmupCount=3)

OverheadJitting  1: 1 op, 235218.00 ns, 235.2180 us/op
WorkloadJitting  1: 1 op, 619876.00 ns, 619.8760 us/op

OverheadWarmup   1: 1 op, 260.00 ns, 260.0000 ns/op
OverheadWarmup   2: 1 op, 230.00 ns, 230.0000 ns/op
OverheadWarmup   3: 1 op, 230.00 ns, 230.0000 ns/op
OverheadWarmup   4: 1 op, 240.00 ns, 240.0000 ns/op
OverheadWarmup   5: 1 op, 250.00 ns, 250.0000 ns/op
OverheadWarmup   6: 1 op, 231.00 ns, 231.0000 ns/op
OverheadWarmup   7: 1 op, 271.00 ns, 271.0000 ns/op

OverheadActual   1: 1 op, 370.00 ns, 370.0000 ns/op
OverheadActual   2: 1 op, 240.00 ns, 240.0000 ns/op
OverheadActual   3: 1 op, 251.00 ns, 251.0000 ns/op
OverheadActual   4: 1 op, 270.00 ns, 270.0000 ns/op
OverheadActual   5: 1 op, 250.00 ns, 250.0000 ns/op
OverheadActual   6: 1 op, 230.00 ns, 230.0000 ns/op
OverheadActual   7: 1 op, 241.00 ns, 241.0000 ns/op
OverheadActual   8: 1 op, 241.00 ns, 241.0000 ns/op
OverheadActual   9: 1 op, 240.00 ns, 240.0000 ns/op
OverheadActual  10: 1 op, 240.00 ns, 240.0000 ns/op
OverheadActual  11: 1 op, 231.00 ns, 231.0000 ns/op
OverheadActual  12: 1 op, 260.00 ns, 260.0000 ns/op
OverheadActual  13: 1 op, 231.00 ns, 231.0000 ns/op
OverheadActual  14: 1 op, 251.00 ns, 251.0000 ns/op
OverheadActual  15: 1 op, 230.00 ns, 230.0000 ns/op
OverheadActual  16: 1 op, 241.00 ns, 241.0000 ns/op
OverheadActual  17: 1 op, 231.00 ns, 231.0000 ns/op

WorkloadWarmup   1: 1 op, 2674.00 ns, 2.6740 us/op
WorkloadWarmup   2: 1 op, 511.00 ns, 511.0000 ns/op
WorkloadWarmup   3: 1 op, 400.00 ns, 400.0000 ns/op

// BeforeActualRun
WorkloadActual   1: 1 op, 541.00 ns, 541.0000 ns/op
WorkloadActual   2: 1 op, 440.00 ns, 440.0000 ns/op
WorkloadActual   3: 1 op, 440.00 ns, 440.0000 ns/op

// AfterActualRun
WorkloadResult   1: 1 op, 300.00 ns, 300.0000 ns/op
WorkloadResult   2: 1 op, 199.00 ns, 199.0000 ns/op
WorkloadResult   3: 1 op, 199.00 ns, 199.0000 ns/op
// GC:  0 0 0 0 1
// Threading:  0 0 1

// AfterAll
// Benchmark Process 3924 has exited with code 0.

Mean = 232.667 ns, StdErr = 33.667 ns (14.47%), N = 3, StdDev = 58.312 ns
Min = 199.000 ns, Q1 = 199.000 ns, Median = 199.000 ns, Q3 = 249.500 ns, Max = 300.000 ns
IQR = 50.500 ns, LowerFence = 123.250 ns, UpperFence = 325.250 ns
ConfidenceInterval = [-831.168 ns; 1,296.501 ns] (CI 99.9%), Margin = 1,063.835 ns (457.24% of Mean)
Skewness = 0.38, Kurtosis = 0.67, MValue = 2

// ** Remained 8 (80.0 %) benchmark(s) to run. Estimated finish 2026-10-03 20:54 (0h 0m from now) **
// **************************
// Benchmark: DatabaseRoutingBenchmarks.DatabaseRoutingScope.ForRead(): ShortRun(InvocationCount=1, IterationCount=3, LaunchCount=1, UnrollFactor=1, WarmupCount=3)
// *** Execute ***
// Launch: 1 / 1
// Execute: dotnet Encina.Benchmarks-ShortRun-1.dll --anonymousPipes 228 229 --benchmarkName Encina.Benchmarks.ReadWriteSeparation.DatabaseRoutingBenchmarks.Scope_ForRead --job ShortRun --benchmarkId 2 in /home/runner/work/Encina/Encina/tests/Encina.BenchmarkTests/Encina.Benchmarks/bin/Release/net10.0/Encina.Benchmarks-ShortRun-1/bin/Release/net10.0
// Failed to set up high priority (Permission denied). In order to run benchmarks with high priority, make sure you have the right permissions.
// BeforeAnythingElse

// Benchmark Process Environment Information:
// BenchmarkDotNet v0.15.8
// Runtime=.NET 10.0.12 (10.0.12, 10.0.1226.42308), X64 RyuJIT x86-64-v3
// GC=Concurrent Workstation
// HardwareIntrinsics=AVX2+BMI1+BMI2+F16C+FMA+LZCNT+MOVBE,AVX,SSE3+SSSE3+SSE4.1+SSE4.2+POPCNT,X86Base+SSE+SSE2,AES+PCLMUL VectorSize=256
// Job: ShortRun(InvocationCount=1, IterationCount=3, LaunchCount=1, UnrollFactor=1, WarmupCount=3)

OverheadJitting  1: 1 op, 173774.00 ns, 173.7740 us/op
WorkloadJitting  1: 1 op, 1088188.00 ns, 1.0882 ms/op

OverheadWarmup   1: 1 op, 261.00 ns, 261.0000 ns/op
OverheadWarmup   2: 1 op, 231.00 ns, 231.0000 ns/op
OverheadWarmup   3: 1 op, 220.00 ns, 220.0000 ns/op
OverheadWarmup   4: 1 op, 231.00 ns, 231.0000 ns/op
OverheadWarmup   5: 1 op, 220.00 ns, 220.0000 ns/op
OverheadWarmup   6: 1 op, 261.00 ns, 261.0000 ns/op
OverheadWarmup   7: 1 op, 221.00 ns, 221.0000 ns/op

OverheadActual   1: 1 op, 230.00 ns, 230.0000 ns/op
OverheadActual   2: 1 op, 220.00 ns, 220.0000 ns/op
OverheadActual   3: 1 op, 230.00 ns, 230.0000 ns/op
OverheadActual   4: 1 op, 221.00 ns, 221.0000 ns/op
OverheadActual   5: 1 op, 241.00 ns, 241.0000 ns/op
OverheadActual   6: 1 op, 210.00 ns, 210.0000 ns/op
OverheadActual   7: 1 op, 221.00 ns, 221.0000 ns/op
OverheadActual   8: 1 op, 210.00 ns, 210.0000 ns/op
OverheadActual   9: 1 op, 221.00 ns, 221.0000 ns/op
OverheadActual  10: 1 op, 210.00 ns, 210.0000 ns/op
OverheadActual  11: 1 op, 220.00 ns, 220.0000 ns/op
OverheadActual  12: 1 op, 221.00 ns, 221.0000 ns/op
OverheadActual  13: 1 op, 231.00 ns, 231.0000 ns/op
OverheadActual  14: 1 op, 230.00 ns, 230.0000 ns/op
OverheadActual  15: 1 op, 230.00 ns, 230.0000 ns/op

WorkloadWarmup   1: 1 op, 9508.00 ns, 9.5080 us/op
WorkloadWarmup   2: 1 op, 3707.00 ns, 3.7070 us/op
WorkloadWarmup   3: 1 op, 3527.00 ns, 3.5270 us/op

// BeforeActualRun
WorkloadActual   1: 1 op, 3667.00 ns, 3.6670 us/op
WorkloadActual   2: 1 op, 3837.00 ns, 3.8370 us/op
WorkloadActual   3: 1 op, 3857.00 ns, 3.8570 us/op

// AfterActualRun
WorkloadResult   1: 1 op, 3446.00 ns, 3.4460 us/op
WorkloadResult   2: 1 op, 3616.00 ns, 3.6160 us/op
WorkloadResult   3: 1 op, 3636.00 ns, 3.6360 us/op
// GC:  0 0 0 392 1
// Threading:  0 0 1

// AfterAll
// Benchmark Process 3930 has exited with code 0.

Mean = 3.566 μs, StdErr = 0.060 μs (1.69%), N = 3, StdDev = 0.104 μs
Min = 3.446 μs, Q1 = 3.531 μs, Median = 3.616 μs, Q3 = 3.626 μs, Max = 3.636 μs
IQR = 0.095 μs, LowerFence = 3.389 μs, UpperFence = 3.768 μs
ConfidenceInterval = [1.661 μs; 5.471 μs] (CI 99.9%), Margin = 1.905 μs (53.41% of Mean)
Skewness = -0.37, Kurtosis = 0.67, MValue = 2

// ** Remained 7 (70.0 %) benchmark(s) to run. Estimated finish 2026-10-03 20:54 (0h 0m from now) **
// **************************
// Benchmark: DatabaseRoutingBenchmarks.'Read EffectiveIntent (null-coalesce)': ShortRun(InvocationCount=1, IterationCount=3, LaunchCount=1, UnrollFactor=1, WarmupCount=3)
// *** Execute ***
// Launch: 1 / 1
// Execute: dotnet Encina.Benchmarks-ShortRun-1.dll --anonymousPipes 228 229 --benchmarkName Encina.Benchmarks.ReadWriteSeparation.DatabaseRoutingBenchmarks.Read_EffectiveIntent --job ShortRun --benchmarkId 3 in /home/runner/work/Encina/Encina/tests/Encina.BenchmarkTests/Encina.Benchmarks/bin/Release/net10.0/Encina.Benchmarks-ShortRun-1/bin/Release/net10.0
// Failed to set up high priority (Permission denied). In order to run benchmarks with high priority, make sure you have the right permissions.
// BeforeAnythingElse

// Benchmark Process Environment Information:
// BenchmarkDotNet v0.15.8
// Runtime=.NET 10.0.12 (10.0.12, 10.0.1226.42308), X64 RyuJIT x86-64-v3
// GC=Concurrent Workstation
// HardwareIntrinsics=AVX2+BMI1+BMI2+F16C+FMA+LZCNT+MOVBE,AVX,SSE3+SSSE3+SSE4.1+SSE4.2+POPCNT,X86Base+SSE+SSE2,AES+PCLMUL VectorSize=256
// Job: ShortRun(InvocationCount=1, IterationCount=3, LaunchCount=1, UnrollFactor=1, WarmupCount=3)

OverheadJitting  1: 1 op, 228796.00 ns, 228.7960 us/op
WorkloadJitting  1: 1 op, 627100.00 ns, 627.1000 us/op

OverheadWarmup   1: 1 op, 260.00 ns, 260.0000 ns/op
OverheadWarmup   2: 1 op, 250.00 ns, 250.0000 ns/op
OverheadWarmup   3: 1 op, 270.00 ns, 270.0000 ns/op
OverheadWarmup   4: 1 op, 261.00 ns, 261.0000 ns/op
OverheadWarmup   5: 1 op, 271.00 ns, 271.0000 ns/op
OverheadWarmup   6: 1 op, 250.00 ns, 250.0000 ns/op

OverheadActual   1: 1 op, 270.00 ns, 270.0000 ns/op
OverheadActual   2: 1 op, 240.00 ns, 240.0000 ns/op
OverheadActual   3: 1 op, 260.00 ns, 260.0000 ns/op
OverheadActual   4: 1 op, 270.00 ns, 270.0000 ns/op
OverheadActual   5: 1 op, 261.00 ns, 261.0000 ns/op
OverheadActual   6: 1 op, 241.00 ns, 241.0000 ns/op
OverheadActual   7: 1 op, 261.00 ns, 261.0000 ns/op
OverheadActual   8: 1 op, 241.00 ns, 241.0000 ns/op
OverheadActual   9: 1 op, 240.00 ns, 240.0000 ns/op
OverheadActual  10: 1 op, 230.00 ns, 230.0000 ns/op
OverheadActual  11: 1 op, 240.00 ns, 240.0000 ns/op
OverheadActual  12: 1 op, 241.00 ns, 241.0000 ns/op
OverheadActual  13: 1 op, 240.00 ns, 240.0000 ns/op
OverheadActual  14: 1 op, 251.00 ns, 251.0000 ns/op
OverheadActual  15: 1 op, 241.00 ns, 241.0000 ns/op
OverheadActual  16: 1 op, 260.00 ns, 260.0000 ns/op
OverheadActual  17: 1 op, 240.00 ns, 240.0000 ns/op

WorkloadWarmup   1: 1 op, 1974.00 ns, 1.9740 us/op
WorkloadWarmup   2: 1 op, 441.00 ns, 441.0000 ns/op
WorkloadWarmup   3: 1 op, 461.00 ns, 461.0000 ns/op

// BeforeActualRun
WorkloadActual   1: 1 op, 521.00 ns, 521.0000 ns/op
WorkloadActual   2: 1 op, 451.00 ns, 451.0000 ns/op
WorkloadActual   3: 1 op, 510.00 ns, 510.0000 ns/op

// AfterActualRun
WorkloadResult   1: 1 op, 280.00 ns, 280.0000 ns/op
WorkloadResult   2: 1 op, 210.00 ns, 210.0000 ns/op
WorkloadResult   3: 1 op, 269.00 ns, 269.0000 ns/op
// GC:  0 0 0 0 1
// Threading:  0 0 1

// AfterAll
// Benchmark Process 3936 has exited with code 0.

Mean = 253.000 ns, StdErr = 21.733 ns (8.59%), N = 3, StdDev = 37.643 ns
Min = 210.000 ns, Q1 = 239.500 ns, Median = 269.000 ns, Q3 = 274.500 ns, Max = 280.000 ns
IQR = 35.000 ns, LowerFence = 187.000 ns, UpperFence = 327.000 ns
ConfidenceInterval = [-433.750 ns; 939.750 ns] (CI 99.9%), Margin = 686.750 ns (271.44% of Mean)
Skewness = -0.35, Kurtosis = 0.67, MValue = 2

// ** Remained 6 (60.0 %) benchmark(s) to run. Estimated finish 2026-10-03 20:54 (0h 0m from now) **
// **************************
// Benchmark: DatabaseRoutingBenchmarks.'Read HasIntent': ShortRun(InvocationCount=1, IterationCount=3, LaunchCount=1, UnrollFactor=1, WarmupCount=3)
// *** Execute ***
// Launch: 1 / 1
// Execute: dotnet Encina.Benchmarks-ShortRun-1.dll --anonymousPipes 228 229 --benchmarkName Encina.Benchmarks.ReadWriteSeparation.DatabaseRoutingBenchmarks.Read_HasIntent --job ShortRun --benchmarkId 4 in /home/runner/work/Encina/Encina/tests/Encina.BenchmarkTests/Encina.Benchmarks/bin/Release/net10.0/Encina.Benchmarks-ShortRun-1/bin/Release/net10.0
// Failed to set up high priority (Permission denied). In order to run benchmarks with high priority, make sure you have the right permissions.
// BeforeAnythingElse

// Benchmark Process Environment Information:
// BenchmarkDotNet v0.15.8
// Runtime=.NET 10.0.12 (10.0.12, 10.0.1226.42308), X64 RyuJIT x86-64-v3
// GC=Concurrent Workstation
// HardwareIntrinsics=AVX2+BMI1+BMI2+F16C+FMA+LZCNT+MOVBE,AVX,SSE3+SSSE3+SSE4.1+SSE4.2+POPCNT,X86Base+SSE+SSE2,AES+PCLMUL VectorSize=256
// Job: ShortRun(InvocationCount=1, IterationCount=3, LaunchCount=1, UnrollFactor=1, WarmupCount=3)

OverheadJitting  1: 1 op, 222455.00 ns, 222.4550 us/op
WorkloadJitting  1: 1 op, 621739.00 ns, 621.7390 us/op

OverheadWarmup   1: 1 op, 270.00 ns, 270.0000 ns/op
OverheadWarmup   2: 1 op, 230.00 ns, 230.0000 ns/op
OverheadWarmup   3: 1 op, 210.00 ns, 210.0000 ns/op
OverheadWarmup   4: 1 op, 221.00 ns, 221.0000 ns/op
OverheadWarmup   5: 1 op, 230.00 ns, 230.0000 ns/op
OverheadWarmup   6: 1 op, 220.00 ns, 220.0000 ns/op
OverheadWarmup   7: 1 op, 220.00 ns, 220.0000 ns/op
OverheadWarmup   8: 1 op, 240.00 ns, 240.0000 ns/op

OverheadActual   1: 1 op, 241.00 ns, 241.0000 ns/op
OverheadActual   2: 1 op, 220.00 ns, 220.0000 ns/op
OverheadActual   3: 1 op, 350.00 ns, 350.0000 ns/op
OverheadActual   4: 1 op, 240.00 ns, 240.0000 ns/op
OverheadActual   5: 1 op, 241.00 ns, 241.0000 ns/op
OverheadActual   6: 1 op, 241.00 ns, 241.0000 ns/op
OverheadActual   7: 1 op, 231.00 ns, 231.0000 ns/op
OverheadActual   8: 1 op, 280.00 ns, 280.0000 ns/op
OverheadActual   9: 1 op, 221.00 ns, 221.0000 ns/op
OverheadActual  10: 1 op, 230.00 ns, 230.0000 ns/op
OverheadActual  11: 1 op, 221.00 ns, 221.0000 ns/op
OverheadActual  12: 1 op, 220.00 ns, 220.0000 ns/op
OverheadActual  13: 1 op, 231.00 ns, 231.0000 ns/op
OverheadActual  14: 1 op, 231.00 ns, 231.0000 ns/op
OverheadActual  15: 1 op, 220.00 ns, 220.0000 ns/op

WorkloadWarmup   1: 1 op, 1904.00 ns, 1.9040 us/op
WorkloadWarmup   2: 1 op, 431.00 ns, 431.0000 ns/op
WorkloadWarmup   3: 1 op, 431.00 ns, 431.0000 ns/op

// BeforeActualRun
WorkloadActual   1: 1 op, 371.00 ns, 371.0000 ns/op
WorkloadActual   2: 1 op, 421.00 ns, 421.0000 ns/op
WorkloadActual   3: 1 op, 461.00 ns, 461.0000 ns/op

// AfterActualRun
WorkloadResult   1: 1 op, 140.00 ns, 140.0000 ns/op
WorkloadResult   2: 1 op, 190.00 ns, 190.0000 ns/op
WorkloadResult   3: 1 op, 230.00 ns, 230.0000 ns/op
// GC:  0 0 0 0 1
// Threading:  0 0 1

// AfterAll
// Benchmark Process 3942 has exited with code 0.

Mean = 186.667 ns, StdErr = 26.034 ns (13.95%), N = 3, StdDev = 45.092 ns
Min = 140.000 ns, Q1 = 165.000 ns, Median = 190.000 ns, Q3 = 210.000 ns, Max = 230.000 ns
IQR = 45.000 ns, LowerFence = 97.500 ns, UpperFence = 277.500 ns
ConfidenceInterval = [-635.988 ns; 1,009.322 ns] (CI 99.9%), Margin = 822.655 ns (440.71% of Mean)
Skewness = -0.07, Kurtosis = 0.67, MValue = 2

// ** Remained 5 (50.0 %) benchmark(s) to run. Estimated finish 2026-10-03 20:54 (0h 0m from now) **
// **************************
// Benchmark: DatabaseRoutingBenchmarks.'Read IsReadIntent': ShortRun(InvocationCount=1, IterationCount=3, LaunchCount=1, UnrollFactor=1, WarmupCount=3)
// *** Execute ***
// Launch: 1 / 1
// Execute: dotnet Encina.Benchmarks-ShortRun-1.dll --anonymousPipes 228 229 --benchmarkName Encina.Benchmarks.ReadWriteSeparation.DatabaseRoutingBenchmarks.Read_IsReadIntent --job ShortRun --benchmarkId 5 in /home/runner/work/Encina/Encina/tests/Encina.BenchmarkTests/Encina.Benchmarks/bin/Release/net10.0/Encina.Benchmarks-ShortRun-1/bin/Release/net10.0
// Failed to set up high priority (Permission denied). In order to run benchmarks with high priority, make sure you have the right permissions.
// BeforeAnythingElse

// Benchmark Process Environment Information:
// BenchmarkDotNet v0.15.8
// Runtime=.NET 10.0.12 (10.0.12, 10.0.1226.42308), X64 RyuJIT x86-64-v3
// GC=Concurrent Workstation
// HardwareIntrinsics=AVX2+BMI1+BMI2+F16C+FMA+LZCNT+MOVBE,AVX,SSE3+SSSE3+SSE4.1+SSE4.2+POPCNT,X86Base+SSE+SSE2,AES+PCLMUL VectorSize=256
// Job: ShortRun(InvocationCount=1, IterationCount=3, LaunchCount=1, UnrollFactor=1, WarmupCount=3)

OverheadJitting  1: 1 op, 210493.00 ns, 210.4930 us/op
WorkloadJitting  1: 1 op, 608915.00 ns, 608.9150 us/op

OverheadWarmup   1: 1 op, 241.00 ns, 241.0000 ns/op
OverheadWarmup   2: 1 op, 220.00 ns, 220.0000 ns/op
OverheadWarmup   3: 1 op, 211.00 ns, 211.0000 ns/op
OverheadWarmup   4: 1 op, 231.00 ns, 231.0000 ns/op
OverheadWarmup   5: 1 op, 221.00 ns, 221.0000 ns/op
OverheadWarmup   6: 1 op, 231.00 ns, 231.0000 ns/op
OverheadWarmup   7: 1 op, 201.00 ns, 201.0000 ns/op

OverheadActual   1: 1 op, 240.00 ns, 240.0000 ns/op
OverheadActual   2: 1 op, 230.00 ns, 230.0000 ns/op
OverheadActual   3: 1 op, 230.00 ns, 230.0000 ns/op
OverheadActual   4: 1 op, 231.00 ns, 231.0000 ns/op
OverheadActual   5: 1 op, 241.00 ns, 241.0000 ns/op
OverheadActual   6: 1 op, 220.00 ns, 220.0000 ns/op
OverheadActual   7: 1 op, 221.00 ns, 221.0000 ns/op
OverheadActual   8: 1 op, 221.00 ns, 221.0000 ns/op
OverheadActual   9: 1 op, 221.00 ns, 221.0000 ns/op
OverheadActual  10: 1 op, 230.00 ns, 230.0000 ns/op
OverheadActual  11: 1 op, 231.00 ns, 231.0000 ns/op
OverheadActual  12: 1 op, 230.00 ns, 230.0000 ns/op
OverheadActual  13: 1 op, 220.00 ns, 220.0000 ns/op
OverheadActual  14: 1 op, 221.00 ns, 221.0000 ns/op
OverheadActual  15: 1 op, 221.00 ns, 221.0000 ns/op

WorkloadWarmup   1: 1 op, 1894.00 ns, 1.8940 us/op
WorkloadWarmup   2: 1 op, 451.00 ns, 451.0000 ns/op
WorkloadWarmup   3: 1 op, 451.00 ns, 451.0000 ns/op

// BeforeActualRun
WorkloadActual   1: 1 op, 391.00 ns, 391.0000 ns/op
WorkloadActual   2: 1 op, 400.00 ns, 400.0000 ns/op
WorkloadActual   3: 1 op, 421.00 ns, 421.0000 ns/op

// AfterActualRun
WorkloadResult   1: 1 op, 161.00 ns, 161.0000 ns/op
WorkloadResult   2: 1 op, 170.00 ns, 170.0000 ns/op
WorkloadResult   3: 1 op, 191.00 ns, 191.0000 ns/op
// GC:  0 0 0 0 1
// Threading:  0 0 1

// AfterAll
// Benchmark Process 3948 has exited with code 0.

Mean = 174.000 ns, StdErr = 8.888 ns (5.11%), N = 3, StdDev = 15.395 ns
Min = 161.000 ns, Q1 = 165.500 ns, Median = 170.000 ns, Q3 = 180.500 ns, Max = 191.000 ns
IQR = 15.000 ns, LowerFence = 143.000 ns, UpperFence = 203.000 ns
ConfidenceInterval = [-106.859 ns; 454.859 ns] (CI 99.9%), Margin = 280.859 ns (161.41% of Mean)
Skewness = 0.24, Kurtosis = 0.67, MValue = 2

// ** Remained 4 (40.0 %) benchmark(s) to run. Estimated finish 2026-10-03 20:54 (0h 0m from now) **
// **************************
// Benchmark: DatabaseRoutingBenchmarks.'Read IsWriteIntent': ShortRun(InvocationCount=1, IterationCount=3, LaunchCount=1, UnrollFactor=1, WarmupCount=3)
// *** Execute ***
// Launch: 1 / 1
// Execute: dotnet Encina.Benchmarks-ShortRun-1.dll --anonymousPipes 228 229 --benchmarkName Encina.Benchmarks.ReadWriteSeparation.DatabaseRoutingBenchmarks.Read_IsWriteIntent --job ShortRun --benchmarkId 6 in /home/runner/work/Encina/Encina/tests/Encina.BenchmarkTests/Encina.Benchmarks/bin/Release/net10.0/Encina.Benchmarks-ShortRun-1/bin/Release/net10.0
// Failed to set up high priority (Permission denied). In order to run benchmarks with high priority, make sure you have the right permissions.
// BeforeAnythingElse

// Benchmark Process Environment Information:
// BenchmarkDotNet v0.15.8
// Runtime=.NET 10.0.12 (10.0.12, 10.0.1226.42308), X64 RyuJIT x86-64-v3
// GC=Concurrent Workstation
// HardwareIntrinsics=AVX2+BMI1+BMI2+F16C+FMA+LZCNT+MOVBE,AVX,SSE3+SSSE3+SSE4.1+SSE4.2+POPCNT,X86Base+SSE+SSE2,AES+PCLMUL VectorSize=256
// Job: ShortRun(InvocationCount=1, IterationCount=3, LaunchCount=1, UnrollFactor=1, WarmupCount=3)

OverheadJitting  1: 1 op, 209460.00 ns, 209.4600 us/op
WorkloadJitting  1: 1 op, 647707.00 ns, 647.7070 us/op

OverheadWarmup   1: 1 op, 211.00 ns, 211.0000 ns/op
OverheadWarmup   2: 1 op, 210.00 ns, 210.0000 ns/op
OverheadWarmup   3: 1 op, 190.00 ns, 190.0000 ns/op
OverheadWarmup   4: 1 op, 191.00 ns, 191.0000 ns/op
OverheadWarmup   5: 1 op, 210.00 ns, 210.0000 ns/op
OverheadWarmup   6: 1 op, 210.00 ns, 210.0000 ns/op
OverheadWarmup   7: 1 op, 200.00 ns, 200.0000 ns/op
OverheadWarmup   8: 1 op, 220.00 ns, 220.0000 ns/op

OverheadActual   1: 1 op, 191.00 ns, 191.0000 ns/op
OverheadActual   2: 1 op, 201.00 ns, 201.0000 ns/op
OverheadActual   3: 1 op, 200.00 ns, 200.0000 ns/op
OverheadActual   4: 1 op, 220.00 ns, 220.0000 ns/op
OverheadActual   5: 1 op, 210.00 ns, 210.0000 ns/op
OverheadActual   6: 1 op, 201.00 ns, 201.0000 ns/op
OverheadActual   7: 1 op, 191.00 ns, 191.0000 ns/op
OverheadActual   8: 1 op, 200.00 ns, 200.0000 ns/op
OverheadActual   9: 1 op, 230.00 ns, 230.0000 ns/op
OverheadActual  10: 1 op, 220.00 ns, 220.0000 ns/op
OverheadActual  11: 1 op, 211.00 ns, 211.0000 ns/op
OverheadActual  12: 1 op, 210.00 ns, 210.0000 ns/op
OverheadActual  13: 1 op, 231.00 ns, 231.0000 ns/op
OverheadActual  14: 1 op, 211.00 ns, 211.0000 ns/op
OverheadActual  15: 1 op, 191.00 ns, 191.0000 ns/op
OverheadActual  16: 1 op, 201.00 ns, 201.0000 ns/op
OverheadActual  17: 1 op, 210.00 ns, 210.0000 ns/op

WorkloadWarmup   1: 1 op, 2115.00 ns, 2.1150 us/op
WorkloadWarmup   2: 1 op, 571.00 ns, 571.0000 ns/op
WorkloadWarmup   3: 1 op, 421.00 ns, 421.0000 ns/op

// BeforeActualRun
WorkloadActual   1: 1 op, 511.00 ns, 511.0000 ns/op
WorkloadActual   2: 1 op, 401.00 ns, 401.0000 ns/op
WorkloadActual   3: 1 op, 401.00 ns, 401.0000 ns/op

// AfterActualRun
WorkloadResult   1: 1 op, 301.00 ns, 301.0000 ns/op
WorkloadResult   2: 1 op, 191.00 ns, 191.0000 ns/op
WorkloadResult   3: 1 op, 191.00 ns, 191.0000 ns/op
// GC:  0 0 0 0 1
// Threading:  0 0 1

// AfterAll
// Benchmark Process 3954 has exited with code 0.

Mean = 227.667 ns, StdErr = 36.667 ns (16.11%), N = 3, StdDev = 63.509 ns
Min = 191.000 ns, Q1 = 191.000 ns, Median = 191.000 ns, Q3 = 246.000 ns, Max = 301.000 ns
IQR = 55.000 ns, LowerFence = 108.500 ns, UpperFence = 328.500 ns
ConfidenceInterval = [-930.965 ns; 1,386.299 ns] (CI 99.9%), Margin = 1,158.632 ns (508.92% of Mean)
Skewness = 0.38, Kurtosis = 0.67, MValue = 2

// ** Remained 3 (30.0 %) benchmark(s) to run. Estimated finish 2026-10-03 20:54 (0h 0m from now) **
// **************************
// Benchmark: DatabaseRoutingBenchmarks.DatabaseRoutingScope.ForWrite(): ShortRun(InvocationCount=1, IterationCount=3, LaunchCount=1, UnrollFactor=1, WarmupCount=3)
// *** Execute ***
// Launch: 1 / 1
// Execute: dotnet Encina.Benchmarks-ShortRun-1.dll --anonymousPipes 228 229 --benchmarkName Encina.Benchmarks.ReadWriteSeparation.DatabaseRoutingBenchmarks.Scope_ForWrite --job ShortRun --benchmarkId 7 in /home/runner/work/Encina/Encina/tests/Encina.BenchmarkTests/Encina.Benchmarks/bin/Release/net10.0/Encina.Benchmarks-ShortRun-1/bin/Release/net10.0
// Failed to set up high priority (Permission denied). In order to run benchmarks with high priority, make sure you have the right permissions.
// BeforeAnythingElse

// Benchmark Process Environment Information:
// BenchmarkDotNet v0.15.8
// Runtime=.NET 10.0.12 (10.0.12, 10.0.1226.42308), X64 RyuJIT x86-64-v3
// GC=Concurrent Workstation
// HardwareIntrinsics=AVX2+BMI1+BMI2+F16C+FMA+LZCNT+MOVBE,AVX,SSE3+SSSE3+SSE4.1+SSE4.2+POPCNT,X86Base+SSE+SSE2,AES+PCLMUL VectorSize=256
// Job: ShortRun(InvocationCount=1, IterationCount=3, LaunchCount=1, UnrollFactor=1, WarmupCount=3)

OverheadJitting  1: 1 op, 177651.00 ns, 177.6510 us/op
WorkloadJitting  1: 1 op, 1100772.00 ns, 1.1008 ms/op

OverheadWarmup   1: 1 op, 330.00 ns, 330.0000 ns/op
OverheadWarmup   2: 1 op, 2685.00 ns, 2.6850 us/op
OverheadWarmup   3: 1 op, 241.00 ns, 241.0000 ns/op
OverheadWarmup   4: 1 op, 201.00 ns, 201.0000 ns/op
OverheadWarmup   5: 1 op, 211.00 ns, 211.0000 ns/op
OverheadWarmup   6: 1 op, 291.00 ns, 291.0000 ns/op
OverheadWarmup   7: 1 op, 190.00 ns, 190.0000 ns/op

OverheadActual   1: 1 op, 221.00 ns, 221.0000 ns/op
OverheadActual   2: 1 op, 241.00 ns, 241.0000 ns/op
OverheadActual   3: 1 op, 230.00 ns, 230.0000 ns/op
OverheadActual   4: 1 op, 250.00 ns, 250.0000 ns/op
OverheadActual   5: 1 op, 230.00 ns, 230.0000 ns/op
OverheadActual   6: 1 op, 230.00 ns, 230.0000 ns/op
OverheadActual   7: 1 op, 210.00 ns, 210.0000 ns/op
OverheadActual   8: 1 op, 231.00 ns, 231.0000 ns/op
OverheadActual   9: 1 op, 240.00 ns, 240.0000 ns/op
OverheadActual  10: 1 op, 320.00 ns, 320.0000 ns/op
OverheadActual  11: 1 op, 271.00 ns, 271.0000 ns/op
OverheadActual  12: 1 op, 551.00 ns, 551.0000 ns/op
OverheadActual  13: 1 op, 220.00 ns, 220.0000 ns/op
OverheadActual  14: 1 op, 220.00 ns, 220.0000 ns/op
OverheadActual  15: 1 op, 220.00 ns, 220.0000 ns/op
OverheadActual  16: 1 op, 230.00 ns, 230.0000 ns/op
OverheadActual  17: 1 op, 400.00 ns, 400.0000 ns/op
OverheadActual  18: 1 op, 230.00 ns, 230.0000 ns/op
OverheadActual  19: 1 op, 220.00 ns, 220.0000 ns/op
OverheadActual  20: 1 op, 220.00 ns, 220.0000 ns/op

WorkloadWarmup   1: 1 op, 12373.00 ns, 12.3730 us/op
WorkloadWarmup   2: 1 op, 3957.00 ns, 3.9570 us/op
WorkloadWarmup   3: 1 op, 4258.00 ns, 4.2580 us/op

// BeforeActualRun
WorkloadActual   1: 1 op, 4098.00 ns, 4.0980 us/op
WorkloadActual   2: 1 op, 4007.00 ns, 4.0070 us/op
WorkloadActual   3: 1 op, 3897.00 ns, 3.8970 us/op

// AfterActualRun
WorkloadResult   1: 1 op, 3868.00 ns, 3.8680 us/op
WorkloadResult   2: 1 op, 3777.00 ns, 3.7770 us/op
WorkloadResult   3: 1 op, 3667.00 ns, 3.6670 us/op
// GC:  0 0 0 392 1
// Threading:  0 0 1

// AfterAll
// Benchmark Process 3960 has exited with code 0.

Mean = 3.771 μs, StdErr = 0.058 μs (1.54%), N = 3, StdDev = 0.101 μs
Min = 3.667 μs, Q1 = 3.722 μs, Median = 3.777 μs, Q3 = 3.822 μs, Max = 3.868 μs
IQR = 0.101 μs, LowerFence = 3.571 μs, UpperFence = 3.973 μs
ConfidenceInterval = [1.934 μs; 5.607 μs] (CI 99.9%), Margin = 1.836 μs (48.70% of Mean)
Skewness = -0.06, Kurtosis = 0.67, MValue = 2

// ** Remained 2 (20.0 %) benchmark(s) to run. Estimated finish 2026-10-03 20:54 (0h 0m from now) **
// **************************
// Benchmark: DatabaseRoutingBenchmarks.DatabaseRoutingScope.ForForceWrite(): ShortRun(InvocationCount=1, IterationCount=3, LaunchCount=1, UnrollFactor=1, WarmupCount=3)
// *** Execute ***
// Launch: 1 / 1
// Execute: dotnet Encina.Benchmarks-ShortRun-1.dll --anonymousPipes 228 229 --benchmarkName Encina.Benchmarks.ReadWriteSeparation.DatabaseRoutingBenchmarks.Scope_ForForceWrite --job ShortRun --benchmarkId 8 in /home/runner/work/Encina/Encina/tests/Encina.BenchmarkTests/Encina.Benchmarks/bin/Release/net10.0/Encina.Benchmarks-ShortRun-1/bin/Release/net10.0
// Failed to set up high priority (Permission denied). In order to run benchmarks with high priority, make sure you have the right permissions.
// BeforeAnythingElse

// Benchmark Process Environment Information:
// BenchmarkDotNet v0.15.8
// Runtime=.NET 10.0.12 (10.0.12, 10.0.1226.42308), X64 RyuJIT x86-64-v3
// GC=Concurrent Workstation
// HardwareIntrinsics=AVX2+BMI1+BMI2+F16C+FMA+LZCNT+MOVBE,AVX,SSE3+SSSE3+SSE4.1+SSE4.2+POPCNT,X86Base+SSE+SSE2,AES+PCLMUL VectorSize=256
// Job: ShortRun(InvocationCount=1, IterationCount=3, LaunchCount=1, UnrollFactor=1, WarmupCount=3)

OverheadJitting  1: 1 op, 204501.00 ns, 204.5010 us/op
WorkloadJitting  1: 1 op, 1114908.00 ns, 1.1149 ms/op

OverheadWarmup   1: 1 op, 230.00 ns, 230.0000 ns/op
OverheadWarmup   2: 1 op, 200.00 ns, 200.0000 ns/op
OverheadWarmup   3: 1 op, 230.00 ns, 230.0000 ns/op
OverheadWarmup   4: 1 op, 241.00 ns, 241.0000 ns/op
OverheadWarmup   5: 1 op, 220.00 ns, 220.0000 ns/op
OverheadWarmup   6: 1 op, 230.00 ns, 230.0000 ns/op
OverheadWarmup   7: 1 op, 221.00 ns, 221.0000 ns/op

OverheadActual   1: 1 op, 220.00 ns, 220.0000 ns/op
OverheadActual   2: 1 op, 220.00 ns, 220.0000 ns/op
OverheadActual   3: 1 op, 230.00 ns, 230.0000 ns/op
OverheadActual   4: 1 op, 230.00 ns, 230.0000 ns/op
OverheadActual   5: 1 op, 220.00 ns, 220.0000 ns/op
OverheadActual   6: 1 op, 221.00 ns, 221.0000 ns/op
OverheadActual   7: 1 op, 231.00 ns, 231.0000 ns/op
OverheadActual   8: 1 op, 220.00 ns, 220.0000 ns/op
OverheadActual   9: 1 op, 231.00 ns, 231.0000 ns/op
OverheadActual  10: 1 op, 231.00 ns, 231.0000 ns/op
OverheadActual  11: 1 op, 210.00 ns, 210.0000 ns/op
OverheadActual  12: 1 op, 231.00 ns, 231.0000 ns/op
OverheadActual  13: 1 op, 220.00 ns, 220.0000 ns/op
OverheadActual  14: 1 op, 201.00 ns, 201.0000 ns/op
OverheadActual  15: 1 op, 210.00 ns, 210.0000 ns/op

WorkloadWarmup   1: 1 op, 9908.00 ns, 9.9080 us/op
WorkloadWarmup   2: 1 op, 3887.00 ns, 3.8870 us/op
WorkloadWarmup   3: 1 op, 3817.00 ns, 3.8170 us/op

// BeforeActualRun
WorkloadActual   1: 1 op, 3787.00 ns, 3.7870 us/op
WorkloadActual   2: 1 op, 4819.00 ns, 4.8190 us/op
WorkloadActual   3: 1 op, 3858.00 ns, 3.8580 us/op

// AfterActualRun
WorkloadResult   1: 1 op, 3567.00 ns, 3.5670 us/op
WorkloadResult   2: 1 op, 4599.00 ns, 4.5990 us/op
WorkloadResult   3: 1 op, 3638.00 ns, 3.6380 us/op
// GC:  0 0 0 392 1
// Threading:  0 0 1

// AfterAll
// Benchmark Process 3966 has exited with code 0.

Mean = 3.935 μs, StdErr = 0.333 μs (8.46%), N = 3, StdDev = 0.576 μs
Min = 3.567 μs, Q1 = 3.603 μs, Median = 3.638 μs, Q3 = 4.119 μs, Max = 4.599 μs
IQR = 0.516 μs, LowerFence = 2.829 μs, UpperFence = 4.893 μs
ConfidenceInterval = [-6.581 μs; 14.451 μs] (CI 99.9%), Margin = 10.516 μs (267.27% of Mean)
Skewness = 0.38, Kurtosis = 0.67, MValue = 2

// ** Remained 1 (10.0 %) benchmark(s) to run. Estimated finish 2026-10-03 20:54 (0h 0m from now) **
// **************************
// Benchmark: DatabaseRoutingBenchmarks.DatabaseRoutingContext.Clear(): ShortRun(InvocationCount=1, IterationCount=3, LaunchCount=1, UnrollFactor=1, WarmupCount=3)
// *** Execute ***
// Launch: 1 / 1
// Execute: dotnet Encina.Benchmarks-ShortRun-1.dll --anonymousPipes 228 229 --benchmarkName Encina.Benchmarks.ReadWriteSeparation.DatabaseRoutingBenchmarks.Context_Clear --job ShortRun --benchmarkId 9 in /home/runner/work/Encina/Encina/tests/Encina.BenchmarkTests/Encina.Benchmarks/bin/Release/net10.0/Encina.Benchmarks-ShortRun-1/bin/Release/net10.0
// Failed to set up high priority (Permission denied). In order to run benchmarks with high priority, make sure you have the right permissions.
// BeforeAnythingElse

// Benchmark Process Environment Information:
// BenchmarkDotNet v0.15.8
// Runtime=.NET 10.0.12 (10.0.12, 10.0.1226.42308), X64 RyuJIT x86-64-v3
// GC=Concurrent Workstation
// HardwareIntrinsics=AVX2+BMI1+BMI2+F16C+FMA+LZCNT+MOVBE,AVX,SSE3+SSSE3+SSE4.1+SSE4.2+POPCNT,X86Base+SSE+SSE2,AES+PCLMUL VectorSize=256
// Job: ShortRun(InvocationCount=1, IterationCount=3, LaunchCount=1, UnrollFactor=1, WarmupCount=3)

OverheadJitting  1: 1 op, 180296.00 ns, 180.2960 us/op
WorkloadJitting  1: 1 op, 232523.00 ns, 232.5230 us/op

OverheadWarmup   1: 1 op, 211.00 ns, 211.0000 ns/op
OverheadWarmup   2: 1 op, 210.00 ns, 210.0000 ns/op
OverheadWarmup   3: 1 op, 200.00 ns, 200.0000 ns/op
OverheadWarmup   4: 1 op, 170.00 ns, 170.0000 ns/op
OverheadWarmup   5: 1 op, 200.00 ns, 200.0000 ns/op
OverheadWarmup   6: 1 op, 241.00 ns, 241.0000 ns/op
OverheadWarmup   7: 1 op, 220.00 ns, 220.0000 ns/op
OverheadWarmup   8: 1 op, 170.00 ns, 170.0000 ns/op
OverheadWarmup   9: 1 op, 201.00 ns, 201.0000 ns/op
OverheadWarmup  10: 1 op, 191.00 ns, 191.0000 ns/op

OverheadActual   1: 1 op, 201.00 ns, 201.0000 ns/op
OverheadActual   2: 1 op, 201.00 ns, 201.0000 ns/op
OverheadActual   3: 1 op, 220.00 ns, 220.0000 ns/op
OverheadActual   4: 1 op, 230.00 ns, 230.0000 ns/op
OverheadActual   5: 1 op, 251.00 ns, 251.0000 ns/op
OverheadActual   6: 1 op, 211.00 ns, 211.0000 ns/op
OverheadActual   7: 1 op, 220.00 ns, 220.0000 ns/op
OverheadActual   8: 1 op, 191.00 ns, 191.0000 ns/op
OverheadActual   9: 1 op, 210.00 ns, 210.0000 ns/op
OverheadActual  10: 1 op, 191.00 ns, 191.0000 ns/op
OverheadActual  11: 1 op, 180.00 ns, 180.0000 ns/op
OverheadActual  12: 1 op, 191.00 ns, 191.0000 ns/op
OverheadActual  13: 1 op, 181.00 ns, 181.0000 ns/op
OverheadActual  14: 1 op, 201.00 ns, 201.0000 ns/op
OverheadActual  15: 1 op, 181.00 ns, 181.0000 ns/op
OverheadActual  16: 1 op, 171.00 ns, 171.0000 ns/op
OverheadActual  17: 1 op, 190.00 ns, 190.0000 ns/op
OverheadActual  18: 1 op, 200.00 ns, 200.0000 ns/op
OverheadActual  19: 1 op, 201.00 ns, 201.0000 ns/op
OverheadActual  20: 1 op, 170.00 ns, 170.0000 ns/op

WorkloadWarmup   1: 1 op, 2555.00 ns, 2.5550 us/op
WorkloadWarmup   2: 1 op, 2564.00 ns, 2.5640 us/op
WorkloadWarmup   3: 1 op, 2484.00 ns, 2.4840 us/op

// BeforeActualRun
WorkloadActual   1: 1 op, 2214.00 ns, 2.2140 us/op
WorkloadActual   2: 1 op, 2435.00 ns, 2.4350 us/op
WorkloadActual   3: 1 op, 2404.00 ns, 2.4040 us/op

// AfterActualRun
WorkloadResult   1: 1 op, 2013.50 ns, 2.0135 us/op
WorkloadResult   2: 1 op, 2234.50 ns, 2.2345 us/op
WorkloadResult   3: 1 op, 2203.50 ns, 2.2035 us/op
// GC:  0 0 0 96 1
// Threading:  0 0 1

// AfterAll
// Benchmark Process 3972 has exited with code 0.

Mean = 2.151 μs, StdErr = 0.069 μs (3.21%), N = 3, StdDev = 0.120 μs
Min = 2.014 μs, Q1 = 2.108 μs, Median = 2.204 μs, Q3 = 2.219 μs, Max = 2.235 μs
IQR = 0.111 μs, LowerFence = 1.943 μs, UpperFence = 2.385 μs
ConfidenceInterval = [-0.032 μs; 4.333 μs] (CI 99.9%), Margin = 2.183 μs (101.51% of Mean)
Skewness = -0.36, Kurtosis = 0.67, MValue = 2

// ** Remained 0 (0.0 %) benchmark(s) to run. Estimated finish 2026-10-03 20:54 (0h 0m from now) **
// ***** BenchmarkRunner: Finish  *****

// * Export *
  artifacts/performance/Core/results/Encina.Benchmarks.ReadWriteSeparation.DatabaseRoutingBenchmarks-report.csv
  artifacts/performance/Core/results/Encina.Benchmarks.ReadWriteSeparation.DatabaseRoutingBenchmarks-report-github.md
  artifacts/performance/Core/results/Encina.Benchmarks.ReadWriteSeparation.DatabaseRoutingBenchmarks-report.html
  artifacts/performance/Core/results/Encina.Benchmarks.ReadWriteSeparation.DatabaseRoutingBenchmarks-report-full-compressed.json

// * Detailed results *
DatabaseRoutingBenchmarks.'Nested scopes (Read → ForceWrite)': ShortRun(InvocationCount=1, IterationCount=3, LaunchCount=1, UnrollFactor=1, WarmupCount=3)
Runtime = .NET 10.0.12 (10.0.12, 10.0.1226.42308), X64 RyuJIT x86-64-v3; GC = Concurrent Workstation
Mean = 4.502 μs, StdErr = 0.174 μs (3.87%), N = 3, StdDev = 0.301 μs
Min = 4.327 μs, Q1 = 4.327 μs, Median = 4.327 μs, Q3 = 4.588 μs, Max = 4.849 μs
IQR = 0.261 μs, LowerFence = 3.936 μs, UpperFence = 4.980 μs
ConfidenceInterval = [-0.997 μs; 10.000 μs] (CI 99.9%), Margin = 5.498 μs (122.14% of Mean)
Skewness = 0.38, Kurtosis = 0.67, MValue = 2
-------------------- Histogram --------------------
[4.314 μs ; 4.863 μs) | @@@
---------------------------------------------------

DatabaseRoutingBenchmarks.'Read CurrentIntent (AsyncLocal)': ShortRun(InvocationCount=1, IterationCount=3, LaunchCount=1, UnrollFactor=1, WarmupCount=3)
Runtime = .NET 10.0.12 (10.0.12, 10.0.1226.42308), X64 RyuJIT x86-64-v3; GC = Concurrent Workstation
Mean = 232.667 ns, StdErr = 33.667 ns (14.47%), N = 3, StdDev = 58.312 ns
Min = 199.000 ns, Q1 = 199.000 ns, Median = 199.000 ns, Q3 = 249.500 ns, Max = 300.000 ns
IQR = 50.500 ns, LowerFence = 123.250 ns, UpperFence = 325.250 ns
ConfidenceInterval = [-831.168 ns; 1,296.501 ns] (CI 99.9%), Margin = 1,063.835 ns (457.24% of Mean)
Skewness = 0.38, Kurtosis = 0.67, MValue = 2
-------------------- Histogram --------------------
[196.434 ns ; 302.566 ns) | @@@
---------------------------------------------------

DatabaseRoutingBenchmarks.DatabaseRoutingScope.ForRead(): ShortRun(InvocationCount=1, IterationCount=3, LaunchCount=1, UnrollFactor=1, WarmupCount=3)
Runtime = .NET 10.0.12 (10.0.12, 10.0.1226.42308), X64 RyuJIT x86-64-v3; GC = Concurrent Workstation
Mean = 3.566 μs, StdErr = 0.060 μs (1.69%), N = 3, StdDev = 0.104 μs
Min = 3.446 μs, Q1 = 3.531 μs, Median = 3.616 μs, Q3 = 3.626 μs, Max = 3.636 μs
IQR = 0.095 μs, LowerFence = 3.389 μs, UpperFence = 3.768 μs
ConfidenceInterval = [1.661 μs; 5.471 μs] (CI 99.9%), Margin = 1.905 μs (53.41% of Mean)
Skewness = -0.37, Kurtosis = 0.67, MValue = 2
-------------------- Histogram --------------------
[3.446 μs ; 3.636 μs) | @@@
---------------------------------------------------

DatabaseRoutingBenchmarks.'Read EffectiveIntent (null-coalesce)': ShortRun(InvocationCount=1, IterationCount=3, LaunchCount=1, UnrollFactor=1, WarmupCount=3)
Runtime = .NET 10.0.12 (10.0.12, 10.0.1226.42308), X64 RyuJIT x86-64-v3; GC = Concurrent Workstation
Mean = 253.000 ns, StdErr = 21.733 ns (8.59%), N = 3, StdDev = 37.643 ns
Min = 210.000 ns, Q1 = 239.500 ns, Median = 269.000 ns, Q3 = 274.500 ns, Max = 280.000 ns
IQR = 35.000 ns, LowerFence = 187.000 ns, UpperFence = 327.000 ns
ConfidenceInterval = [-433.750 ns; 939.750 ns] (CI 99.9%), Margin = 686.750 ns (271.44% of Mean)
Skewness = -0.35, Kurtosis = 0.67, MValue = 2
-------------------- Histogram --------------------
[175.743 ns ; 240.243 ns) | @
[240.243 ns ; 314.257 ns) | @@
---------------------------------------------------

DatabaseRoutingBenchmarks.'Read HasIntent': ShortRun(InvocationCount=1, IterationCount=3, LaunchCount=1, UnrollFactor=1, WarmupCount=3)
Runtime = .NET 10.0.12 (10.0.12, 10.0.1226.42308), X64 RyuJIT x86-64-v3; GC = Concurrent Workstation
Mean = 186.667 ns, StdErr = 26.034 ns (13.95%), N = 3, StdDev = 45.092 ns
Min = 140.000 ns, Q1 = 165.000 ns, Median = 190.000 ns, Q3 = 210.000 ns, Max = 230.000 ns
IQR = 45.000 ns, LowerFence = 97.500 ns, UpperFence = 277.500 ns
ConfidenceInterval = [-635.988 ns; 1,009.322 ns] (CI 99.9%), Margin = 822.655 ns (440.71% of Mean)
Skewness = -0.07, Kurtosis = 0.67, MValue = 2
-------------------- Histogram --------------------
[ 98.964 ns ; 168.964 ns) | @
[168.964 ns ; 251.036 ns) | @@
---------------------------------------------------

DatabaseRoutingBenchmarks.'Read IsReadIntent': ShortRun(InvocationCount=1, IterationCount=3, LaunchCount=1, UnrollFactor=1, WarmupCount=3)
Runtime = .NET 10.0.12 (10.0.12, 10.0.1226.42308), X64 RyuJIT x86-64-v3; GC = Concurrent Workstation
Mean = 174.000 ns, StdErr = 8.888 ns (5.11%), N = 3, StdDev = 15.395 ns
Min = 161.000 ns, Q1 = 165.500 ns, Median = 170.000 ns, Q3 = 180.500 ns, Max = 191.000 ns
IQR = 15.000 ns, LowerFence = 143.000 ns, UpperFence = 203.000 ns
ConfidenceInterval = [-106.859 ns; 454.859 ns] (CI 99.9%), Margin = 280.859 ns (161.41% of Mean)
Skewness = 0.24, Kurtosis = 0.67, MValue = 2
-------------------- Histogram --------------------
[151.490 ns ; 179.510 ns) | @@
[179.510 ns ; 205.010 ns) | @
---------------------------------------------------

DatabaseRoutingBenchmarks.'Read IsWriteIntent': ShortRun(InvocationCount=1, IterationCount=3, LaunchCount=1, UnrollFactor=1, WarmupCount=3)
Runtime = .NET 10.0.12 (10.0.12, 10.0.1226.42308), X64 RyuJIT x86-64-v3; GC = Concurrent Workstation
Mean = 227.667 ns, StdErr = 36.667 ns (16.11%), N = 3, StdDev = 63.509 ns
Min = 191.000 ns, Q1 = 191.000 ns, Median = 191.000 ns, Q3 = 246.000 ns, Max = 301.000 ns
IQR = 55.000 ns, LowerFence = 108.500 ns, UpperFence = 328.500 ns
ConfidenceInterval = [-930.965 ns; 1,386.299 ns] (CI 99.9%), Margin = 1,158.632 ns (508.92% of Mean)
Skewness = 0.38, Kurtosis = 0.67, MValue = 2
-------------------- Histogram --------------------
[188.205 ns ; 303.795 ns) | @@@
---------------------------------------------------

DatabaseRoutingBenchmarks.DatabaseRoutingScope.ForWrite(): ShortRun(InvocationCount=1, IterationCount=3, LaunchCount=1, UnrollFactor=1, WarmupCount=3)
Runtime = .NET 10.0.12 (10.0.12, 10.0.1226.42308), X64 RyuJIT x86-64-v3; GC = Concurrent Workstation
Mean = 3.771 μs, StdErr = 0.058 μs (1.54%), N = 3, StdDev = 0.101 μs
Min = 3.667 μs, Q1 = 3.722 μs, Median = 3.777 μs, Q3 = 3.822 μs, Max = 3.868 μs
IQR = 0.101 μs, LowerFence = 3.571 μs, UpperFence = 3.973 μs
ConfidenceInterval = [1.934 μs; 5.607 μs] (CI 99.9%), Margin = 1.836 μs (48.70% of Mean)
Skewness = -0.06, Kurtosis = 0.67, MValue = 2
-------------------- Histogram --------------------
[3.575 μs ; 3.731 μs) | @
[3.731 μs ; 3.914 μs) | @@
---------------------------------------------------

DatabaseRoutingBenchmarks.DatabaseRoutingScope.ForForceWrite(): ShortRun(InvocationCount=1, IterationCount=3, LaunchCount=1, UnrollFactor=1, WarmupCount=3)
Runtime = .NET 10.0.12 (10.0.12, 10.0.1226.42308), X64 RyuJIT x86-64-v3; GC = Concurrent Workstation
Mean = 3.935 μs, StdErr = 0.333 μs (8.46%), N = 3, StdDev = 0.576 μs
Min = 3.567 μs, Q1 = 3.603 μs, Median = 3.638 μs, Q3 = 4.119 μs, Max = 4.599 μs
IQR = 0.516 μs, LowerFence = 2.829 μs, UpperFence = 4.893 μs
ConfidenceInterval = [-6.581 μs; 14.451 μs] (CI 99.9%), Margin = 10.516 μs (267.27% of Mean)
Skewness = 0.38, Kurtosis = 0.67, MValue = 2
-------------------- Histogram --------------------
[3.558 μs ; 4.608 μs) | @@@
---------------------------------------------------

DatabaseRoutingBenchmarks.DatabaseRoutingContext.Clear(): ShortRun(InvocationCount=1, IterationCount=3, LaunchCount=1, UnrollFactor=1, WarmupCount=3)
Runtime = .NET 10.0.12 (10.0.12, 10.0.1226.42308), X64 RyuJIT x86-64-v3; GC = Concurrent Workstation
Mean = 2.151 μs, StdErr = 0.069 μs (3.21%), N = 3, StdDev = 0.120 μs
Min = 2.014 μs, Q1 = 2.108 μs, Median = 2.204 μs, Q3 = 2.219 μs, Max = 2.235 μs
IQR = 0.111 μs, LowerFence = 1.943 μs, UpperFence = 2.385 μs
ConfidenceInterval = [-0.032 μs; 4.333 μs] (CI 99.9%), Margin = 2.183 μs (101.51% of Mean)
Skewness = -0.36, Kurtosis = 0.67, MValue = 2
-------------------- Histogram --------------------
[1.905 μs ; 2.110 μs) | @
[2.110 μs ; 2.343 μs) | @@
---------------------------------------------------

// * Summary *

BenchmarkDotNet v0.15.8, Linux Ubuntu 24.04.5 LTS (Noble Numbat)
AMD EPYC 7763 2.83GHz, 1 CPU, 4 logical and 2 physical cores
.NET SDK 10.0.401
  [Host]   : .NET 10.0.12 (10.0.12, 10.0.1226.42308), X64 RyuJIT x86-64-v3
  ShortRun : .NET 10.0.12 (10.0.12, 10.0.1226.42308), X64 RyuJIT x86-64-v3

Job=ShortRun  InvocationCount=1  IterationCount=3  
LaunchCount=1  UnrollFactor=1  WarmupCount=3  

| Method                                 | Mean       | Error       | StdDev    | Allocated |
|--------------------------------------- |-----------:|------------:|----------:|----------:|
| 'Nested scopes (Read → ForceWrite)'    | 4,501.5 ns |  5,498.2 ns | 301.38 ns |     840 B |
| 'Read CurrentIntent (AsyncLocal)'      |   232.7 ns |  1,063.8 ns |  58.31 ns |         - |
| DatabaseRoutingScope.ForRead()         | 3,566.0 ns |  1,904.7 ns | 104.40 ns |     392 B |
| 'Read EffectiveIntent (null-coalesce)' |   253.0 ns |    686.7 ns |  37.64 ns |         - |
| 'Read HasIntent'                       |   186.7 ns |    822.7 ns |  45.09 ns |         - |
| 'Read IsReadIntent'                    |   174.0 ns |    280.9 ns |  15.39 ns |         - |
| 'Read IsWriteIntent'                   |   227.7 ns |  1,158.6 ns |  63.51 ns |         - |
| DatabaseRoutingScope.ForWrite()        | 3,770.7 ns |  1,836.2 ns | 100.65 ns |     392 B |
| DatabaseRoutingScope.ForForceWrite()   | 3,934.7 ns | 10,516.1 ns | 576.42 ns |     392 B |
| DatabaseRoutingContext.Clear()         | 2,150.5 ns |  2,182.9 ns | 119.65 ns |      96 B |

// * Warnings *
MinIterationTime
  DatabaseRoutingBenchmarks.'Nested scopes (Read → ForceWrite)': ShortRun    -> The minimum observed iteration time is 4.568μs which is very small. It's recommended to increase it to at least 100ms using more operations.
  DatabaseRoutingBenchmarks.'Read CurrentIntent (AsyncLocal)': ShortRun      -> The minimum observed iteration time is 440ns which is very small. It's recommended to increase it to at least 100ms using more operations.
  DatabaseRoutingBenchmarks.DatabaseRoutingScope.ForRead(): ShortRun         -> The minimum observed iteration time is 3.667μs which is very small. It's recommended to increase it to at least 100ms using more operations.
  DatabaseRoutingBenchmarks.'Read EffectiveIntent (null-coalesce)': ShortRun -> The minimum observed iteration time is 451ns which is very small. It's recommended to increase it to at least 100ms using more operations.
  DatabaseRoutingBenchmarks.'Read HasIntent': ShortRun                       -> The minimum observed iteration time is 371ns which is very small. It's recommended to increase it to at least 100ms using more operations.
  DatabaseRoutingBenchmarks.'Read IsReadIntent': ShortRun                    -> The minimum observed iteration time is 391ns which is very small. It's recommended to increase it to at least 100ms using more operations.
  DatabaseRoutingBenchmarks.'Read IsWriteIntent': ShortRun                   -> The minimum observed iteration time is 401ns which is very small. It's recommended to increase it to at least 100ms using more operations.
  DatabaseRoutingBenchmarks.DatabaseRoutingScope.ForWrite(): ShortRun        -> The minimum observed iteration time is 3.897μs which is very small. It's recommended to increase it to at least 100ms using more operations.
  DatabaseRoutingBenchmarks.DatabaseRoutingScope.ForForceWrite(): ShortRun   -> The minimum observed iteration time is 3.787μs which is very small. It's recommended to increase it to at least 100ms using more operations.
  DatabaseRoutingBenchmarks.DatabaseRoutingContext.Clear(): ShortRun         -> The minimum observed iteration time is 2.214μs which is very small. It's recommended to increase it to at least 100ms using more operations.
// * Config Issues *

// * Warnings *
Configuration
  Summary -> The exporter CsvExporter is already present in configuration. There may be unexpected results.
  Summary -> The exporter HtmlExporter is already present in configuration. There may be unexpected results.
  Summary -> The exporter MarkdownExporter-github is already present in configuration. There may be unexpected results.

// * Legends *
  Mean      : Arithmetic mean of all measurements
  Error     : Half of 99.9% confidence interval
  StdDev    : Standard deviation of all measurements
  Allocated : Allocated memory per single operation (managed only, inclusive, 1KB = 1024B)
  1 ns      : 1 Nanosecond (0.000000001 sec)

// * Diagnostic Output - MemoryDiagnoser *


// ***** BenchmarkRunner: End *****
Run time: 00:00:02 (2.73 sec), executed benchmarks: 10

Global total time: 00:03:19 (199.38 sec), executed benchmarks: 10
// * Artifacts cleanup *
Artifacts cleanup is finished
