// Validating benchmarks:
// ***** BenchmarkRunner: Start   *****
// ***** Found 10 benchmark(s) in total *****
// ***** Building 1 exe(s) in Parallel: Start   *****
// start dotnet  restore --nodeReuse:false /p:UseSharedCompilation=false /p:Deterministic=true /p:Optimize=true /p:ArtifactsPath="/home/runner/work/Encina/Encina/tests/Encina.BenchmarkTests/Encina.IdGeneration.Benchmarks/bin/Release/net10.0/Encina.IdGeneration.Benchmarks-Job-YFEFPZ-1/" /p:OutDir="/home/runner/work/Encina/Encina/tests/Encina.BenchmarkTests/Encina.IdGeneration.Benchmarks/bin/Release/net10.0/Encina.IdGeneration.Benchmarks-Job-YFEFPZ-1/bin/Release/net10.0/" /p:OutputPath="/home/runner/work/Encina/Encina/tests/Encina.BenchmarkTests/Encina.IdGeneration.Benchmarks/bin/Release/net10.0/Encina.IdGeneration.Benchmarks-Job-YFEFPZ-1/bin/Release/net10.0/" /p:PublishDir="/home/runner/work/Encina/Encina/tests/Encina.BenchmarkTests/Encina.IdGeneration.Benchmarks/bin/Release/net10.0/Encina.IdGeneration.Benchmarks-Job-YFEFPZ-1/publish/" in /home/runner/work/Encina/Encina/tests/Encina.BenchmarkTests/Encina.IdGeneration.Benchmarks/bin/Release/net10.0/Encina.IdGeneration.Benchmarks-Job-YFEFPZ-1
// command took 2.3 sec and exited with 0
// start dotnet  build -c Release --no-restore --nodeReuse:false /p:UseSharedCompilation=false /p:Deterministic=true /p:Optimize=true /p:ArtifactsPath="/home/runner/work/Encina/Encina/tests/Encina.BenchmarkTests/Encina.IdGeneration.Benchmarks/bin/Release/net10.0/Encina.IdGeneration.Benchmarks-Job-YFEFPZ-1/" /p:OutDir="/home/runner/work/Encina/Encina/tests/Encina.BenchmarkTests/Encina.IdGeneration.Benchmarks/bin/Release/net10.0/Encina.IdGeneration.Benchmarks-Job-YFEFPZ-1/bin/Release/net10.0/" /p:OutputPath="/home/runner/work/Encina/Encina/tests/Encina.BenchmarkTests/Encina.IdGeneration.Benchmarks/bin/Release/net10.0/Encina.IdGeneration.Benchmarks-Job-YFEFPZ-1/bin/Release/net10.0/" /p:PublishDir="/home/runner/work/Encina/Encina/tests/Encina.BenchmarkTests/Encina.IdGeneration.Benchmarks/bin/Release/net10.0/Encina.IdGeneration.Benchmarks-Job-YFEFPZ-1/publish/" --output "/home/runner/work/Encina/Encina/tests/Encina.BenchmarkTests/Encina.IdGeneration.Benchmarks/bin/Release/net10.0/Encina.IdGeneration.Benchmarks-Job-YFEFPZ-1/bin/Release/net10.0/" in /home/runner/work/Encina/Encina/tests/Encina.BenchmarkTests/Encina.IdGeneration.Benchmarks/bin/Release/net10.0/Encina.IdGeneration.Benchmarks-Job-YFEFPZ-1
// command took 40.45 sec and exited with 0
// ***** Done, took 00:00:42 (42.94 sec)   *****
// Found 10 benchmarks:
//   ShardPrefixedIdBenchmarks.Generate_TimestampRandomFormat: Job-YFEFPZ(IterationCount=10, WarmupCount=3)
//   ShardPrefixedIdBenchmarks.Generate_ToString: Job-YFEFPZ(IterationCount=10, WarmupCount=3)
//   ShardPrefixedIdBenchmarks.Generate_TimestampRandomFormat: ShortRun(IterationCount=3, LaunchCount=1, WarmupCount=3)
//   ShardPrefixedIdBenchmarks.Generate_ToString: ShortRun(IterationCount=3, LaunchCount=1, WarmupCount=3)
//   ShardPrefixedIdBenchmarks.Generate_UlidFormat: Job-YFEFPZ(IterationCount=10, WarmupCount=3)
//   ShardPrefixedIdBenchmarks.Generate_UlidFormat: ShortRun(IterationCount=3, LaunchCount=1, WarmupCount=3)
//   ShardPrefixedIdBenchmarks.Generate_UuidV7Format: Job-YFEFPZ(IterationCount=10, WarmupCount=3)
//   ShardPrefixedIdBenchmarks.Generate_UuidV7Format: ShortRun(IterationCount=3, LaunchCount=1, WarmupCount=3)
//   ShardPrefixedIdBenchmarks.ExtractShardId_Ulid: Job-YFEFPZ(IterationCount=10, WarmupCount=3)
//   ShardPrefixedIdBenchmarks.ExtractShardId_Ulid: ShortRun(IterationCount=3, LaunchCount=1, WarmupCount=3)

// **************************
// Benchmark: ShardPrefixedIdBenchmarks.Generate_TimestampRandomFormat: Job-YFEFPZ(IterationCount=10, WarmupCount=3)
// *** Execute ***
// Launch: 1 / 1
// Execute: dotnet Encina.IdGeneration.Benchmarks-Job-YFEFPZ-1.dll --anonymousPipes 136 137 --benchmarkName Encina.IdGeneration.Benchmarks.ShardPrefixedIdBenchmarks.Generate_TimestampRandomFormat --job "IterationCount=10, WarmupCount=3" --benchmarkId 0 in /home/runner/work/Encina/Encina/tests/Encina.BenchmarkTests/Encina.IdGeneration.Benchmarks/bin/Release/net10.0/Encina.IdGeneration.Benchmarks-Job-YFEFPZ-1/bin/Release/net10.0
// Failed to set up high priority (Permission denied). In order to run benchmarks with high priority, make sure you have the right permissions.
// BeforeAnythingElse

// Benchmark Process Environment Information:
// BenchmarkDotNet v0.15.8
// Runtime=.NET 10.0.12 (10.0.12, 10.0.1226.42308), X64 RyuJIT x86-64-v3
// GC=Concurrent Workstation
// HardwareIntrinsics=AVX2+BMI1+BMI2+F16C+FMA+LZCNT+MOVBE,AVX,SSE3+SSSE3+SSE4.1+SSE4.2+POPCNT,X86Base+SSE+SSE2,AES+PCLMUL VectorSize=256
// Job: Job-YFEFPZ(IterationCount=10, WarmupCount=3)

OverheadJitting  1: 1 op, 219983.00 ns, 219.9830 us/op
WorkloadJitting  1: 1 op, 21296703.00 ns, 21.2967 ms/op

OverheadJitting  2: 16 op, 206127.00 ns, 12.8829 us/op
WorkloadJitting  2: 16 op, 327015.00 ns, 20.4384 us/op

WorkloadPilot    1: 16 op, 34013.00 ns, 2.1258 us/op
WorkloadPilot    2: 32 op, 69911.00 ns, 2.1847 us/op
WorkloadPilot    3: 64 op, 119254.00 ns, 1.8633 us/op
WorkloadPilot    4: 128 op, 216857.00 ns, 1.6942 us/op
WorkloadPilot    5: 256 op, 405682.00 ns, 1.5847 us/op
WorkloadPilot    6: 512 op, 1193913.00 ns, 2.3319 us/op
WorkloadPilot    7: 1024 op, 1554841.00 ns, 1.5184 us/op
WorkloadPilot    8: 2048 op, 3108701.00 ns, 1.5179 us/op
WorkloadPilot    9: 4096 op, 6073792.00 ns, 1.4829 us/op
WorkloadPilot   10: 8192 op, 12222804.00 ns, 1.4920 us/op
WorkloadPilot   11: 16384 op, 23871600.00 ns, 1.4570 us/op
WorkloadPilot   12: 32768 op, 48832225.00 ns, 1.4902 us/op
WorkloadPilot   13: 65536 op, 96275621.00 ns, 1.4690 us/op
WorkloadPilot   14: 131072 op, 194102275.00 ns, 1.4809 us/op
WorkloadPilot   15: 262144 op, 375238932.00 ns, 1.4314 us/op
WorkloadPilot   16: 524288 op, 739017632.00 ns, 1.4096 us/op

OverheadWarmup   1: 524288 op, 867941.00 ns, 1.6555 ns/op
OverheadWarmup   2: 524288 op, 849776.00 ns, 1.6208 ns/op
OverheadWarmup   3: 524288 op, 868281.00 ns, 1.6561 ns/op
OverheadWarmup   4: 524288 op, 865486.00 ns, 1.6508 ns/op
OverheadWarmup   5: 524288 op, 883600.00 ns, 1.6853 ns/op
OverheadWarmup   6: 524288 op, 866297.00 ns, 1.6523 ns/op

OverheadActual   1: 524288 op, 867951.00 ns, 1.6555 ns/op
OverheadActual   2: 524288 op, 867049.00 ns, 1.6538 ns/op
OverheadActual   3: 524288 op, 867761.00 ns, 1.6551 ns/op
OverheadActual   4: 524288 op, 865897.00 ns, 1.6516 ns/op
OverheadActual   5: 524288 op, 869945.00 ns, 1.6593 ns/op
OverheadActual   6: 524288 op, 865666.00 ns, 1.6511 ns/op
OverheadActual   7: 524288 op, 879422.00 ns, 1.6774 ns/op
OverheadActual   8: 524288 op, 867440.00 ns, 1.6545 ns/op
OverheadActual   9: 524288 op, 848915.00 ns, 1.6192 ns/op
OverheadActual  10: 524288 op, 879312.00 ns, 1.6772 ns/op
OverheadActual  11: 524288 op, 868462.00 ns, 1.6565 ns/op
OverheadActual  12: 524288 op, 874273.00 ns, 1.6675 ns/op
OverheadActual  13: 524288 op, 871538.00 ns, 1.6623 ns/op
OverheadActual  14: 524288 op, 872940.00 ns, 1.6650 ns/op
OverheadActual  15: 524288 op, 871928.00 ns, 1.6631 ns/op

WorkloadWarmup   1: 524288 op, 750860382.00 ns, 1.4322 us/op
WorkloadWarmup   2: 524288 op, 746341291.00 ns, 1.4235 us/op
WorkloadWarmup   3: 524288 op, 742419273.00 ns, 1.4161 us/op

// BeforeActualRun
WorkloadActual   1: 524288 op, 743416807.00 ns, 1.4180 us/op
WorkloadActual   2: 524288 op, 744506484.00 ns, 1.4200 us/op
WorkloadActual   3: 524288 op, 741280417.00 ns, 1.4139 us/op
WorkloadActual   4: 524288 op, 741118403.00 ns, 1.4136 us/op
WorkloadActual   5: 524288 op, 741278182.00 ns, 1.4139 us/op
WorkloadActual   6: 524288 op, 742842651.00 ns, 1.4169 us/op
WorkloadActual   7: 524288 op, 738361363.00 ns, 1.4083 us/op
WorkloadActual   8: 524288 op, 740443194.00 ns, 1.4123 us/op
WorkloadActual   9: 524288 op, 739972319.00 ns, 1.4114 us/op
WorkloadActual  10: 524288 op, 742979799.00 ns, 1.4171 us/op

// AfterActualRun
WorkloadResult   1: 524288 op, 742548345.00 ns, 1.4163 us/op
WorkloadResult   2: 524288 op, 743638022.00 ns, 1.4184 us/op
WorkloadResult   3: 524288 op, 740411955.00 ns, 1.4122 us/op
WorkloadResult   4: 524288 op, 740249941.00 ns, 1.4119 us/op
WorkloadResult   5: 524288 op, 740409720.00 ns, 1.4122 us/op
WorkloadResult   6: 524288 op, 741974189.00 ns, 1.4152 us/op
WorkloadResult   7: 524288 op, 737492901.00 ns, 1.4067 us/op
WorkloadResult   8: 524288 op, 739574732.00 ns, 1.4106 us/op
WorkloadResult   9: 524288 op, 739103857.00 ns, 1.4097 us/op
WorkloadResult  10: 524288 op, 742111337.00 ns, 1.4155 us/op
// GC:  4 0 0 79199736 524288
// Threading:  0 0 524288

// AfterAll
// Benchmark Process 3047 has exited with code 0.

Mean = 1.413 μs, StdErr = 0.001 μs (0.08%), N = 10, StdDev = 0.003 μs
Min = 1.407 μs, Q1 = 1.411 μs, Median = 1.412 μs, Q3 = 1.415 μs, Max = 1.418 μs
IQR = 0.004 μs, LowerFence = 1.404 μs, UpperFence = 1.422 μs
ConfidenceInterval = [1.408 μs; 1.418 μs] (CI 99.9%), Margin = 0.005 μs (0.37% of Mean)
Skewness = -0.11, Kurtosis = 1.86, MValue = 2

// ** Remained 9 (90.0 %) benchmark(s) to run. Estimated finish 2026-10-03 21:17 (0h 1m from now) **
// **************************
// Benchmark: ShardPrefixedIdBenchmarks.Generate_ToString: Job-YFEFPZ(IterationCount=10, WarmupCount=3)
// *** Execute ***
// Launch: 1 / 1
// Execute: dotnet Encina.IdGeneration.Benchmarks-Job-YFEFPZ-1.dll --anonymousPipes 136 137 --benchmarkName Encina.IdGeneration.Benchmarks.ShardPrefixedIdBenchmarks.Generate_ToString --job "IterationCount=10, WarmupCount=3" --benchmarkId 1 in /home/runner/work/Encina/Encina/tests/Encina.BenchmarkTests/Encina.IdGeneration.Benchmarks/bin/Release/net10.0/Encina.IdGeneration.Benchmarks-Job-YFEFPZ-1/bin/Release/net10.0
// Failed to set up high priority (Permission denied). In order to run benchmarks with high priority, make sure you have the right permissions.
// BeforeAnythingElse

// Benchmark Process Environment Information:
// BenchmarkDotNet v0.15.8
// Runtime=.NET 10.0.12 (10.0.12, 10.0.1226.42308), X64 RyuJIT x86-64-v3
// GC=Concurrent Workstation
// HardwareIntrinsics=AVX2+BMI1+BMI2+F16C+FMA+LZCNT+MOVBE,AVX,SSE3+SSSE3+SSE4.1+SSE4.2+POPCNT,X86Base+SSE+SSE2,AES+PCLMUL VectorSize=256
// Job: Job-YFEFPZ(IterationCount=10, WarmupCount=3)

OverheadJitting  1: 1 op, 251352.00 ns, 251.3520 us/op
WorkloadJitting  1: 1 op, 22731129.00 ns, 22.7311 ms/op

OverheadJitting  2: 16 op, 486383.00 ns, 30.3989 us/op
WorkloadJitting  2: 16 op, 522111.00 ns, 32.6319 us/op

WorkloadPilot    1: 16 op, 55384.00 ns, 3.4615 us/op
WorkloadPilot    2: 32 op, 80872.00 ns, 2.5273 us/op
WorkloadPilot    3: 64 op, 129163.00 ns, 2.0182 us/op
WorkloadPilot    4: 128 op, 231274.00 ns, 1.8068 us/op
WorkloadPilot    5: 256 op, 423615.00 ns, 1.6547 us/op
WorkloadPilot    6: 512 op, 837032.00 ns, 1.6348 us/op
WorkloadPilot    7: 1024 op, 1666410.00 ns, 1.6274 us/op
WorkloadPilot    8: 2048 op, 3128006.00 ns, 1.5273 us/op
WorkloadPilot    9: 4096 op, 6380515.00 ns, 1.5577 us/op
WorkloadPilot   10: 8192 op, 12730263.00 ns, 1.5540 us/op
WorkloadPilot   11: 16384 op, 24753307.00 ns, 1.5108 us/op
WorkloadPilot   12: 32768 op, 50523264.00 ns, 1.5418 us/op
WorkloadPilot   13: 65536 op, 100633913.00 ns, 1.5356 us/op
WorkloadPilot   14: 131072 op, 193445733.00 ns, 1.4759 us/op
WorkloadPilot   15: 262144 op, 378452704.00 ns, 1.4437 us/op
WorkloadPilot   16: 524288 op, 757541729.00 ns, 1.4449 us/op

OverheadWarmup   1: 524288 op, 1715282.00 ns, 3.2716 ns/op
OverheadWarmup   2: 524288 op, 1752221.00 ns, 3.3421 ns/op
OverheadWarmup   3: 524288 op, 1726283.00 ns, 3.2926 ns/op
OverheadWarmup   4: 524288 op, 1742553.00 ns, 3.3237 ns/op
OverheadWarmup   5: 524288 op, 1740500.00 ns, 3.3197 ns/op

OverheadActual   1: 524288 op, 1737203.00 ns, 3.3135 ns/op
OverheadActual   2: 524288 op, 1741692.00 ns, 3.3220 ns/op
OverheadActual   3: 524288 op, 1749476.00 ns, 3.3369 ns/op
OverheadActual   4: 524288 op, 1736262.00 ns, 3.3117 ns/op
OverheadActual   5: 524288 op, 1731242.00 ns, 3.3021 ns/op
OverheadActual   6: 524288 op, 1741311.00 ns, 3.3213 ns/op
OverheadActual   7: 524288 op, 1738225.00 ns, 3.3154 ns/op
OverheadActual   8: 524288 op, 1739898.00 ns, 3.3186 ns/op
OverheadActual   9: 524288 op, 1761669.00 ns, 3.3601 ns/op
OverheadActual  10: 524288 op, 1738716.00 ns, 3.3163 ns/op
OverheadActual  11: 524288 op, 1743415.00 ns, 3.3253 ns/op
OverheadActual  12: 524288 op, 1729599.00 ns, 3.2989 ns/op
OverheadActual  13: 524288 op, 1746340.00 ns, 3.3309 ns/op
OverheadActual  14: 524288 op, 1742183.00 ns, 3.3230 ns/op
OverheadActual  15: 524288 op, 1735950.00 ns, 3.3111 ns/op

WorkloadWarmup   1: 524288 op, 765655170.00 ns, 1.4604 us/op
WorkloadWarmup   2: 524288 op, 761147391.00 ns, 1.4518 us/op
WorkloadWarmup   3: 524288 op, 766165830.00 ns, 1.4613 us/op

// BeforeActualRun
WorkloadActual   1: 524288 op, 757260390.00 ns, 1.4444 us/op
WorkloadActual   2: 524288 op, 758261851.00 ns, 1.4463 us/op
WorkloadActual   3: 524288 op, 757606651.00 ns, 1.4450 us/op
WorkloadActual   4: 524288 op, 753784772.00 ns, 1.4377 us/op
WorkloadActual   5: 524288 op, 754854861.00 ns, 1.4398 us/op
WorkloadActual   6: 524288 op, 761376362.00 ns, 1.4522 us/op
WorkloadActual   7: 524288 op, 756465006.00 ns, 1.4428 us/op
WorkloadActual   8: 524288 op, 755602156.00 ns, 1.4412 us/op
WorkloadActual   9: 524288 op, 756754331.00 ns, 1.4434 us/op
WorkloadActual  10: 524288 op, 759106989.00 ns, 1.4479 us/op

// AfterActualRun
WorkloadResult   1: 524288 op, 755520492.00 ns, 1.4410 us/op
WorkloadResult   2: 524288 op, 756521953.00 ns, 1.4430 us/op
WorkloadResult   3: 524288 op, 755866753.00 ns, 1.4417 us/op
WorkloadResult   4: 524288 op, 752044874.00 ns, 1.4344 us/op
WorkloadResult   5: 524288 op, 753114963.00 ns, 1.4365 us/op
WorkloadResult   6: 524288 op, 759636464.00 ns, 1.4489 us/op
WorkloadResult   7: 524288 op, 754725108.00 ns, 1.4395 us/op
WorkloadResult   8: 524288 op, 753862258.00 ns, 1.4379 us/op
WorkloadResult   9: 524288 op, 755014433.00 ns, 1.4401 us/op
WorkloadResult  10: 524288 op, 757367091.00 ns, 1.4446 us/op
// GC:  6 0 0 113246208 524288
// Threading:  0 0 524288

// AfterAll
// Benchmark Process 3059 has exited with code 0.

Mean = 1.441 μs, StdErr = 0.001 μs (0.09%), N = 10, StdDev = 0.004 μs
Min = 1.434 μs, Q1 = 1.438 μs, Median = 1.441 μs, Q3 = 1.443 μs, Max = 1.449 μs
IQR = 0.004 μs, LowerFence = 1.432 μs, UpperFence = 1.449 μs
ConfidenceInterval = [1.434 μs; 1.447 μs] (CI 99.9%), Margin = 0.006 μs (0.44% of Mean)
Skewness = 0.34, Kurtosis = 2.23, MValue = 2

// ** Remained 8 (80.0 %) benchmark(s) to run. Estimated finish 2026-10-03 21:17 (0h 1m from now) **
// **************************
// Benchmark: ShardPrefixedIdBenchmarks.Generate_TimestampRandomFormat: ShortRun(IterationCount=3, LaunchCount=1, WarmupCount=3)
// *** Execute ***
// Launch: 1 / 1
// Execute: dotnet Encina.IdGeneration.Benchmarks-Job-YFEFPZ-1.dll --anonymousPipes 136 137 --benchmarkName Encina.IdGeneration.Benchmarks.ShardPrefixedIdBenchmarks.Generate_TimestampRandomFormat --job ShortRun --benchmarkId 2 in /home/runner/work/Encina/Encina/tests/Encina.BenchmarkTests/Encina.IdGeneration.Benchmarks/bin/Release/net10.0/Encina.IdGeneration.Benchmarks-Job-YFEFPZ-1/bin/Release/net10.0
// Failed to set up high priority (Permission denied). In order to run benchmarks with high priority, make sure you have the right permissions.
// BeforeAnythingElse

// Benchmark Process Environment Information:
// BenchmarkDotNet v0.15.8
// Runtime=.NET 10.0.12 (10.0.12, 10.0.1226.42308), X64 RyuJIT x86-64-v3
// GC=Concurrent Workstation
// HardwareIntrinsics=AVX2+BMI1+BMI2+F16C+FMA+LZCNT+MOVBE,AVX,SSE3+SSSE3+SSE4.1+SSE4.2+POPCNT,X86Base+SSE+SSE2,AES+PCLMUL VectorSize=256
// Job: ShortRun(IterationCount=3, LaunchCount=1, WarmupCount=3)

OverheadJitting  1: 1 op, 235863.00 ns, 235.8630 us/op
WorkloadJitting  1: 1 op, 21387951.00 ns, 21.3880 ms/op

OverheadJitting  2: 16 op, 205246.00 ns, 12.8279 us/op
WorkloadJitting  2: 16 op, 321273.00 ns, 20.0796 us/op

WorkloadPilot    1: 16 op, 56326.00 ns, 3.5204 us/op
WorkloadPilot    2: 32 op, 81112.00 ns, 2.5348 us/op
WorkloadPilot    3: 64 op, 124584.00 ns, 1.9466 us/op
WorkloadPilot    4: 128 op, 216938.00 ns, 1.6948 us/op
WorkloadPilot    5: 256 op, 390073.00 ns, 1.5237 us/op
WorkloadPilot    6: 512 op, 767311.00 ns, 1.4987 us/op
WorkloadPilot    7: 1024 op, 1560271.00 ns, 1.5237 us/op
WorkloadPilot    8: 2048 op, 3120601.00 ns, 1.5237 us/op
WorkloadPilot    9: 4096 op, 6047318.00 ns, 1.4764 us/op
WorkloadPilot   10: 8192 op, 12032439.00 ns, 1.4688 us/op
WorkloadPilot   11: 16384 op, 24028770.00 ns, 1.4666 us/op
WorkloadPilot   12: 32768 op, 48627692.00 ns, 1.4840 us/op
WorkloadPilot   13: 65536 op, 96442868.00 ns, 1.4716 us/op
WorkloadPilot   14: 131072 op, 192179059.00 ns, 1.4662 us/op
WorkloadPilot   15: 262144 op, 367927058.00 ns, 1.4035 us/op
WorkloadPilot   16: 524288 op, 738182519.00 ns, 1.4080 us/op

OverheadWarmup   1: 524288 op, 870455.00 ns, 1.6603 ns/op
OverheadWarmup   2: 524288 op, 864874.00 ns, 1.6496 ns/op
OverheadWarmup   3: 524288 op, 849015.00 ns, 1.6194 ns/op
OverheadWarmup   4: 524288 op, 864644.00 ns, 1.6492 ns/op
OverheadWarmup   5: 524288 op, 865476.00 ns, 1.6508 ns/op
OverheadWarmup   6: 524288 op, 866638.00 ns, 1.6530 ns/op
OverheadWarmup   7: 524288 op, 863312.00 ns, 1.6466 ns/op
OverheadWarmup   8: 524288 op, 848975.00 ns, 1.6193 ns/op
OverheadWarmup   9: 524288 op, 866397.00 ns, 1.6525 ns/op
OverheadWarmup  10: 524288 op, 867259.00 ns, 1.6542 ns/op

OverheadActual   1: 524288 op, 849085.00 ns, 1.6195 ns/op
OverheadActual   2: 524288 op, 872259.00 ns, 1.6637 ns/op
OverheadActual   3: 524288 op, 868491.00 ns, 1.6565 ns/op
OverheadActual   4: 524288 op, 866888.00 ns, 1.6535 ns/op
OverheadActual   5: 524288 op, 866737.00 ns, 1.6532 ns/op
OverheadActual   6: 524288 op, 867770.00 ns, 1.6551 ns/op
OverheadActual   7: 524288 op, 867229.00 ns, 1.6541 ns/op
OverheadActual   8: 524288 op, 865095.00 ns, 1.6500 ns/op
OverheadActual   9: 524288 op, 869473.00 ns, 1.6584 ns/op
OverheadActual  10: 524288 op, 867098.00 ns, 1.6539 ns/op
OverheadActual  11: 524288 op, 867770.00 ns, 1.6551 ns/op
OverheadActual  12: 524288 op, 865355.00 ns, 1.6505 ns/op
OverheadActual  13: 524288 op, 866428.00 ns, 1.6526 ns/op
OverheadActual  14: 524288 op, 867950.00 ns, 1.6555 ns/op
OverheadActual  15: 524288 op, 866258.00 ns, 1.6523 ns/op

WorkloadWarmup   1: 524288 op, 741777882.00 ns, 1.4148 us/op
WorkloadWarmup   2: 524288 op, 738330998.00 ns, 1.4083 us/op
WorkloadWarmup   3: 524288 op, 736371768.00 ns, 1.4045 us/op

// BeforeActualRun
WorkloadActual   1: 524288 op, 753179712.00 ns, 1.4366 us/op
WorkloadActual   2: 524288 op, 736382846.00 ns, 1.4045 us/op
WorkloadActual   3: 524288 op, 736858710.00 ns, 1.4054 us/op

// AfterActualRun
WorkloadResult   1: 524288 op, 752312614.00 ns, 1.4349 us/op
WorkloadResult   2: 524288 op, 735515748.00 ns, 1.4029 us/op
WorkloadResult   3: 524288 op, 735991612.00 ns, 1.4038 us/op
// GC:  4 0 0 79205776 524288
// Threading:  0 0 524288

// AfterAll
// Benchmark Process 3067 has exited with code 0.

Mean = 1.414 μs, StdErr = 0.011 μs (0.74%), N = 3, StdDev = 0.018 μs
Min = 1.403 μs, Q1 = 1.403 μs, Median = 1.404 μs, Q3 = 1.419 μs, Max = 1.435 μs
IQR = 0.016 μs, LowerFence = 1.379 μs, UpperFence = 1.443 μs
ConfidenceInterval = [1.081 μs; 1.747 μs] (CI 99.9%), Margin = 0.333 μs (23.54% of Mean)
Skewness = 0.38, Kurtosis = 0.67, MValue = 2

// ** Remained 7 (70.0 %) benchmark(s) to run. Estimated finish 2026-10-03 21:16 (0h 1m from now) **
// **************************
// Benchmark: ShardPrefixedIdBenchmarks.Generate_ToString: ShortRun(IterationCount=3, LaunchCount=1, WarmupCount=3)
// *** Execute ***
// Launch: 1 / 1
// Execute: dotnet Encina.IdGeneration.Benchmarks-Job-YFEFPZ-1.dll --anonymousPipes 136 137 --benchmarkName Encina.IdGeneration.Benchmarks.ShardPrefixedIdBenchmarks.Generate_ToString --job ShortRun --benchmarkId 3 in /home/runner/work/Encina/Encina/tests/Encina.BenchmarkTests/Encina.IdGeneration.Benchmarks/bin/Release/net10.0/Encina.IdGeneration.Benchmarks-Job-YFEFPZ-1/bin/Release/net10.0
// Failed to set up high priority (Permission denied). In order to run benchmarks with high priority, make sure you have the right permissions.
// BeforeAnythingElse

// Benchmark Process Environment Information:
// BenchmarkDotNet v0.15.8
// Runtime=.NET 10.0.12 (10.0.12, 10.0.1226.42308), X64 RyuJIT x86-64-v3
// GC=Concurrent Workstation
// HardwareIntrinsics=AVX2+BMI1+BMI2+F16C+FMA+LZCNT+MOVBE,AVX,SSE3+SSSE3+SSE4.1+SSE4.2+POPCNT,X86Base+SSE+SSE2,AES+PCLMUL VectorSize=256
// Job: ShortRun(IterationCount=3, LaunchCount=1, WarmupCount=3)

OverheadJitting  1: 1 op, 218230.00 ns, 218.2300 us/op
WorkloadJitting  1: 1 op, 22303186.00 ns, 22.3032 ms/op

OverheadJitting  2: 16 op, 460485.00 ns, 28.7803 us/op
WorkloadJitting  2: 16 op, 529344.00 ns, 33.0840 us/op

WorkloadPilot    1: 16 op, 31579.00 ns, 1.9737 us/op
WorkloadPilot    2: 32 op, 64682.00 ns, 2.0213 us/op
WorkloadPilot    3: 64 op, 106279.00 ns, 1.6606 us/op
WorkloadPilot    4: 128 op, 196719.00 ns, 1.5369 us/op
WorkloadPilot    5: 256 op, 382959.00 ns, 1.4959 us/op
WorkloadPilot    6: 512 op, 765216.00 ns, 1.4946 us/op
WorkloadPilot    7: 1024 op, 1534771.00 ns, 1.4988 us/op
WorkloadPilot    8: 2048 op, 2956931.00 ns, 1.4438 us/op
WorkloadPilot    9: 4096 op, 6011133.00 ns, 1.4676 us/op
WorkloadPilot   10: 8192 op, 12012188.00 ns, 1.4663 us/op
WorkloadPilot   11: 16384 op, 23918929.00 ns, 1.4599 us/op
WorkloadPilot   12: 32768 op, 47352497.00 ns, 1.4451 us/op
WorkloadPilot   13: 65536 op, 95418434.00 ns, 1.4560 us/op
WorkloadPilot   14: 131072 op, 181261905.00 ns, 1.3829 us/op
WorkloadPilot   15: 262144 op, 359610310.00 ns, 1.3718 us/op
WorkloadPilot   16: 524288 op, 721504737.00 ns, 1.3762 us/op

OverheadWarmup   1: 524288 op, 1739806.00 ns, 3.3184 ns/op
OverheadWarmup   2: 524288 op, 1733484.00 ns, 3.3064 ns/op
OverheadWarmup   3: 524288 op, 1768449.00 ns, 3.3730 ns/op
OverheadWarmup   4: 524288 op, 1734837.00 ns, 3.3089 ns/op
OverheadWarmup   5: 524288 op, 1733744.00 ns, 3.3069 ns/op
OverheadWarmup   6: 524288 op, 1743633.00 ns, 3.3257 ns/op
OverheadWarmup   7: 524288 op, 1741038.00 ns, 3.3208 ns/op

OverheadActual   1: 524288 op, 1755756.00 ns, 3.3488 ns/op
OverheadActual   2: 524288 op, 1745887.00 ns, 3.3300 ns/op
OverheadActual   3: 524288 op, 1737491.00 ns, 3.3140 ns/op
OverheadActual   4: 524288 op, 1738002.00 ns, 3.3150 ns/op
OverheadActual   5: 524288 op, 1731831.00 ns, 3.3032 ns/op
OverheadActual   6: 524288 op, 1736019.00 ns, 3.3112 ns/op
OverheadActual   7: 524288 op, 1736520.00 ns, 3.3121 ns/op
OverheadActual   8: 524288 op, 1730548.00 ns, 3.3008 ns/op
OverheadActual   9: 524288 op, 1735337.00 ns, 3.3099 ns/op
OverheadActual  10: 524288 op, 1741880.00 ns, 3.3224 ns/op
OverheadActual  11: 524288 op, 1738393.00 ns, 3.3157 ns/op
OverheadActual  12: 524288 op, 1732443.00 ns, 3.3044 ns/op
OverheadActual  13: 524288 op, 1741559.00 ns, 3.3218 ns/op
OverheadActual  14: 524288 op, 1746689.00 ns, 3.3315 ns/op
OverheadActual  15: 524288 op, 1740828.00 ns, 3.3204 ns/op

WorkloadWarmup   1: 524288 op, 723006587.00 ns, 1.3790 us/op
WorkloadWarmup   2: 524288 op, 719545558.00 ns, 1.3724 us/op
WorkloadWarmup   3: 524288 op, 715139816.00 ns, 1.3640 us/op

// BeforeActualRun
WorkloadActual   1: 524288 op, 719185426.00 ns, 1.3717 us/op
WorkloadActual   2: 524288 op, 715409354.00 ns, 1.3645 us/op
WorkloadActual   3: 524288 op, 716251263.00 ns, 1.3661 us/op

// AfterActualRun
WorkloadResult   1: 524288 op, 717447424.00 ns, 1.3684 us/op
WorkloadResult   2: 524288 op, 713671352.00 ns, 1.3612 us/op
WorkloadResult   3: 524288 op, 714513261.00 ns, 1.3628 us/op
// GC:  6 0 0 113246208 524288
// Threading:  0 0 524288

// AfterAll
// Benchmark Process 3076 has exited with code 0.

Mean = 1.364 μs, StdErr = 0.002 μs (0.16%), N = 3, StdDev = 0.004 μs
Min = 1.361 μs, Q1 = 1.362 μs, Median = 1.363 μs, Q3 = 1.366 μs, Max = 1.368 μs
IQR = 0.004 μs, LowerFence = 1.357 μs, UpperFence = 1.371 μs
ConfidenceInterval = [1.295 μs; 1.433 μs] (CI 99.9%), Margin = 0.069 μs (5.06% of Mean)
Skewness = 0.31, Kurtosis = 0.67, MValue = 2

// ** Remained 6 (60.0 %) benchmark(s) to run. Estimated finish 2026-10-03 21:16 (0h 0m from now) **
// **************************
// Benchmark: ShardPrefixedIdBenchmarks.Generate_UlidFormat: Job-YFEFPZ(IterationCount=10, WarmupCount=3)
// *** Execute ***
// Launch: 1 / 1
// Execute: dotnet Encina.IdGeneration.Benchmarks-Job-YFEFPZ-1.dll --anonymousPipes 136 137 --benchmarkName Encina.IdGeneration.Benchmarks.ShardPrefixedIdBenchmarks.Generate_UlidFormat --job "IterationCount=10, WarmupCount=3" --benchmarkId 4 in /home/runner/work/Encina/Encina/tests/Encina.BenchmarkTests/Encina.IdGeneration.Benchmarks/bin/Release/net10.0/Encina.IdGeneration.Benchmarks-Job-YFEFPZ-1/bin/Release/net10.0
// Failed to set up high priority (Permission denied). In order to run benchmarks with high priority, make sure you have the right permissions.
// BeforeAnythingElse

// Benchmark Process Environment Information:
// BenchmarkDotNet v0.15.8
// Runtime=.NET 10.0.12 (10.0.12, 10.0.1226.42308), X64 RyuJIT x86-64-v3
// GC=Concurrent Workstation
// HardwareIntrinsics=AVX2+BMI1+BMI2+F16C+FMA+LZCNT+MOVBE,AVX,SSE3+SSSE3+SSE4.1+SSE4.2+POPCNT,X86Base+SSE+SSE2,AES+PCLMUL VectorSize=256
// Job: Job-YFEFPZ(IterationCount=10, WarmupCount=3)

OverheadJitting  1: 1 op, 219893.00 ns, 219.8930 us/op
WorkloadJitting  1: 1 op, 22263117.00 ns, 22.2631 ms/op

OverheadJitting  2: 16 op, 207690.00 ns, 12.9806 us/op
WorkloadJitting  2: 16 op, 328457.00 ns, 20.5286 us/op

WorkloadPilot    1: 16 op, 30156.00 ns, 1.8848 us/op
WorkloadPilot    2: 32 op, 65503.00 ns, 2.0470 us/op
WorkloadPilot    3: 64 op, 97984.00 ns, 1.5310 us/op
WorkloadPilot    4: 128 op, 185609.00 ns, 1.4501 us/op
WorkloadPilot    5: 256 op, 360617.00 ns, 1.4087 us/op
WorkloadPilot    6: 512 op, 719180.00 ns, 1.4046 us/op
WorkloadPilot    7: 1024 op, 1410649.00 ns, 1.3776 us/op
WorkloadPilot    8: 2048 op, 2812483.00 ns, 1.3733 us/op
WorkloadPilot    9: 4096 op, 5483460.00 ns, 1.3387 us/op
WorkloadPilot   10: 8192 op, 10940700.00 ns, 1.3355 us/op
WorkloadPilot   11: 16384 op, 21662860.00 ns, 1.3222 us/op
WorkloadPilot   12: 32768 op, 44221021.00 ns, 1.3495 us/op
WorkloadPilot   13: 65536 op, 87528857.00 ns, 1.3356 us/op
WorkloadPilot   14: 131072 op, 174666148.00 ns, 1.3326 us/op
WorkloadPilot   15: 262144 op, 339683223.00 ns, 1.2958 us/op
WorkloadPilot   16: 524288 op, 672032959.00 ns, 1.2818 us/op

OverheadWarmup   1: 524288 op, 864694.00 ns, 1.6493 ns/op
OverheadWarmup   2: 524288 op, 868331.00 ns, 1.6562 ns/op
OverheadWarmup   3: 524288 op, 865646.00 ns, 1.6511 ns/op
OverheadWarmup   4: 524288 op, 865105.00 ns, 1.6501 ns/op
OverheadWarmup   5: 524288 op, 865115.00 ns, 1.6501 ns/op
OverheadWarmup   6: 524288 op, 879472.00 ns, 1.6775 ns/op
OverheadWarmup   7: 524288 op, 865746.00 ns, 1.6513 ns/op

OverheadActual   1: 524288 op, 848935.00 ns, 1.6192 ns/op
OverheadActual   2: 524288 op, 868131.00 ns, 1.6558 ns/op
OverheadActual   3: 524288 op, 869744.00 ns, 1.6589 ns/op
OverheadActual   4: 524288 op, 866157.00 ns, 1.6521 ns/op
OverheadActual   5: 524288 op, 987795.00 ns, 1.8841 ns/op
OverheadActual   6: 524288 op, 865615.00 ns, 1.6510 ns/op
OverheadActual   7: 524288 op, 880594.00 ns, 1.6796 ns/op
OverheadActual   8: 524288 op, 868101.00 ns, 1.6558 ns/op
OverheadActual   9: 524288 op, 864854.00 ns, 1.6496 ns/op
OverheadActual  10: 524288 op, 877949.00 ns, 1.6746 ns/op
OverheadActual  11: 524288 op, 865947.00 ns, 1.6517 ns/op
OverheadActual  12: 524288 op, 871437.00 ns, 1.6621 ns/op
OverheadActual  13: 524288 op, 871547.00 ns, 1.6623 ns/op
OverheadActual  14: 524288 op, 922843.00 ns, 1.7602 ns/op
OverheadActual  15: 524288 op, 875404.00 ns, 1.6697 ns/op

WorkloadWarmup   1: 524288 op, 680699849.00 ns, 1.2983 us/op
WorkloadWarmup   2: 524288 op, 675254922.00 ns, 1.2879 us/op
WorkloadWarmup   3: 524288 op, 674330395.00 ns, 1.2862 us/op

// BeforeActualRun
WorkloadActual   1: 524288 op, 674575486.00 ns, 1.2867 us/op
WorkloadActual   2: 524288 op, 672335939.00 ns, 1.2824 us/op
WorkloadActual   3: 524288 op, 675356983.00 ns, 1.2881 us/op
WorkloadActual   4: 524288 op, 671833325.00 ns, 1.2814 us/op
WorkloadActual   5: 524288 op, 675051002.00 ns, 1.2876 us/op
WorkloadActual   6: 524288 op, 678810879.00 ns, 1.2947 us/op
WorkloadActual   7: 524288 op, 675355474.00 ns, 1.2881 us/op
WorkloadActual   8: 524288 op, 674353324.00 ns, 1.2862 us/op
WorkloadActual   9: 524288 op, 673052411.00 ns, 1.2837 us/op
WorkloadActual  10: 524288 op, 672094110.00 ns, 1.2819 us/op

// AfterActualRun
WorkloadResult   1: 524288 op, 673705742.00 ns, 1.2850 us/op
WorkloadResult   2: 524288 op, 671466195.00 ns, 1.2807 us/op
WorkloadResult   3: 524288 op, 674487239.00 ns, 1.2865 us/op
WorkloadResult   4: 524288 op, 670963581.00 ns, 1.2798 us/op
WorkloadResult   5: 524288 op, 674181258.00 ns, 1.2859 us/op
WorkloadResult   6: 524288 op, 677941135.00 ns, 1.2931 us/op
WorkloadResult   7: 524288 op, 674485730.00 ns, 1.2865 us/op
WorkloadResult   8: 524288 op, 673483580.00 ns, 1.2846 us/op
WorkloadResult   9: 524288 op, 672182667.00 ns, 1.2821 us/op
WorkloadResult  10: 524288 op, 671224366.00 ns, 1.2803 us/op
// GC:  3 0 0 62914560 524288
// Threading:  0 0 524288

// AfterAll
// Benchmark Process 3083 has exited with code 0.

Mean = 1.284 μs, StdErr = 0.001 μs (0.10%), N = 10, StdDev = 0.004 μs
Min = 1.280 μs, Q1 = 1.281 μs, Median = 1.285 μs, Q3 = 1.286 μs, Max = 1.293 μs
IQR = 0.005 μs, LowerFence = 1.273 μs, UpperFence = 1.294 μs
ConfidenceInterval = [1.278 μs; 1.290 μs] (CI 99.9%), Margin = 0.006 μs (0.47% of Mean)
Skewness = 0.67, Kurtosis = 2.58, MValue = 2

// ** Remained 5 (50.0 %) benchmark(s) to run. Estimated finish 2026-10-03 21:16 (0h 0m from now) **
// **************************
// Benchmark: ShardPrefixedIdBenchmarks.Generate_UlidFormat: ShortRun(IterationCount=3, LaunchCount=1, WarmupCount=3)
// *** Execute ***
// Launch: 1 / 1
// Execute: dotnet Encina.IdGeneration.Benchmarks-Job-YFEFPZ-1.dll --anonymousPipes 136 137 --benchmarkName Encina.IdGeneration.Benchmarks.ShardPrefixedIdBenchmarks.Generate_UlidFormat --job ShortRun --benchmarkId 5 in /home/runner/work/Encina/Encina/tests/Encina.BenchmarkTests/Encina.IdGeneration.Benchmarks/bin/Release/net10.0/Encina.IdGeneration.Benchmarks-Job-YFEFPZ-1/bin/Release/net10.0
// Failed to set up high priority (Permission denied). In order to run benchmarks with high priority, make sure you have the right permissions.
// BeforeAnythingElse

// Benchmark Process Environment Information:
// BenchmarkDotNet v0.15.8
// Runtime=.NET 10.0.12 (10.0.12, 10.0.1226.42308), X64 RyuJIT x86-64-v3
// GC=Concurrent Workstation
// HardwareIntrinsics=AVX2+BMI1+BMI2+F16C+FMA+LZCNT+MOVBE,AVX,SSE3+SSSE3+SSE4.1+SSE4.2+POPCNT,X86Base+SSE+SSE2,AES+PCLMUL VectorSize=256
// Job: ShortRun(IterationCount=3, LaunchCount=1, WarmupCount=3)

OverheadJitting  1: 1 op, 262844.00 ns, 262.8440 us/op
WorkloadJitting  1: 1 op, 21866533.00 ns, 21.8665 ms/op

OverheadJitting  2: 16 op, 205576.00 ns, 12.8485 us/op
WorkloadJitting  2: 16 op, 332164.00 ns, 20.7603 us/op

WorkloadPilot    1: 16 op, 44464.00 ns, 2.7790 us/op
WorkloadPilot    2: 32 op, 63699.00 ns, 1.9906 us/op
WorkloadPilot    3: 64 op, 122831.00 ns, 1.9192 us/op
WorkloadPilot    4: 128 op, 181942.00 ns, 1.4214 us/op
WorkloadPilot    5: 256 op, 354315.00 ns, 1.3840 us/op
WorkloadPilot    6: 512 op, 695367.00 ns, 1.3581 us/op
WorkloadPilot    7: 1024 op, 1395101.00 ns, 1.3624 us/op
WorkloadPilot    8: 2048 op, 2835576.00 ns, 1.3846 us/op
WorkloadPilot    9: 4096 op, 5424389.00 ns, 1.3243 us/op
WorkloadPilot   10: 8192 op, 11071556.00 ns, 1.3515 us/op
WorkloadPilot   11: 16384 op, 21539649.00 ns, 1.3147 us/op
WorkloadPilot   12: 32768 op, 43484791.00 ns, 1.3271 us/op
WorkloadPilot   13: 65536 op, 86029575.00 ns, 1.3127 us/op
WorkloadPilot   14: 131072 op, 173589735.00 ns, 1.3244 us/op
WorkloadPilot   15: 262144 op, 333166270.00 ns, 1.2709 us/op
WorkloadPilot   16: 524288 op, 662457771.00 ns, 1.2635 us/op

OverheadWarmup   1: 524288 op, 868070.00 ns, 1.6557 ns/op
OverheadWarmup   2: 524288 op, 1029864.00 ns, 1.9643 ns/op
OverheadWarmup   3: 524288 op, 877478.00 ns, 1.6737 ns/op
OverheadWarmup   4: 524288 op, 876927.00 ns, 1.6726 ns/op
OverheadWarmup   5: 524288 op, 877999.00 ns, 1.6747 ns/op
OverheadWarmup   6: 524288 op, 879021.00 ns, 1.6766 ns/op
OverheadWarmup   7: 524288 op, 879351.00 ns, 1.6772 ns/op
OverheadWarmup   8: 524288 op, 877558.00 ns, 1.6738 ns/op

OverheadActual   1: 524288 op, 883820.00 ns, 1.6858 ns/op
OverheadActual   2: 524288 op, 879011.00 ns, 1.6766 ns/op
OverheadActual   3: 524288 op, 886625.00 ns, 1.6911 ns/op
OverheadActual   4: 524288 op, 879843.00 ns, 1.6782 ns/op
OverheadActual   5: 524288 op, 884501.00 ns, 1.6871 ns/op
OverheadActual   6: 524288 op, 877017.00 ns, 1.6728 ns/op
OverheadActual   7: 524288 op, 876997.00 ns, 1.6727 ns/op
OverheadActual   8: 524288 op, 877518.00 ns, 1.6737 ns/op
OverheadActual   9: 524288 op, 864083.00 ns, 1.6481 ns/op
OverheadActual  10: 524288 op, 877147.00 ns, 1.6730 ns/op
OverheadActual  11: 524288 op, 877197.00 ns, 1.6731 ns/op
OverheadActual  12: 524288 op, 877599.00 ns, 1.6739 ns/op
OverheadActual  13: 524288 op, 876697.00 ns, 1.6722 ns/op
OverheadActual  14: 524288 op, 863632.00 ns, 1.6472 ns/op
OverheadActual  15: 524288 op, 879672.00 ns, 1.6778 ns/op

WorkloadWarmup   1: 524288 op, 667266653.00 ns, 1.2727 us/op
WorkloadWarmup   2: 524288 op, 663670919.00 ns, 1.2659 us/op
WorkloadWarmup   3: 524288 op, 661619657.00 ns, 1.2619 us/op

// BeforeActualRun
WorkloadActual   1: 524288 op, 662136330.00 ns, 1.2629 us/op
WorkloadActual   2: 524288 op, 662841103.00 ns, 1.2643 us/op
WorkloadActual   3: 524288 op, 660139148.00 ns, 1.2591 us/op

// AfterActualRun
WorkloadResult   1: 524288 op, 661258812.00 ns, 1.2613 us/op
WorkloadResult   2: 524288 op, 661963585.00 ns, 1.2626 us/op
WorkloadResult   3: 524288 op, 659261630.00 ns, 1.2574 us/op
// GC:  3 0 0 62914560 524288
// Threading:  0 0 524288

// AfterAll
// Benchmark Process 3092 has exited with code 0.

Mean = 1.260 μs, StdErr = 0.002 μs (0.12%), N = 3, StdDev = 0.003 μs
Min = 1.257 μs, Q1 = 1.259 μs, Median = 1.261 μs, Q3 = 1.262 μs, Max = 1.263 μs
IQR = 0.003 μs, LowerFence = 1.255 μs, UpperFence = 1.266 μs
ConfidenceInterval = [1.212 μs; 1.309 μs] (CI 99.9%), Margin = 0.049 μs (3.87% of Mean)
Skewness = -0.28, Kurtosis = 0.67, MValue = 2

// ** Remained 4 (40.0 %) benchmark(s) to run. Estimated finish 2026-10-03 21:16 (0h 0m from now) **
// **************************
// Benchmark: ShardPrefixedIdBenchmarks.Generate_UuidV7Format: Job-YFEFPZ(IterationCount=10, WarmupCount=3)
// *** Execute ***
// Launch: 1 / 1
// Execute: dotnet Encina.IdGeneration.Benchmarks-Job-YFEFPZ-1.dll --anonymousPipes 136 137 --benchmarkName Encina.IdGeneration.Benchmarks.ShardPrefixedIdBenchmarks.Generate_UuidV7Format --job "IterationCount=10, WarmupCount=3" --benchmarkId 6 in /home/runner/work/Encina/Encina/tests/Encina.BenchmarkTests/Encina.IdGeneration.Benchmarks/bin/Release/net10.0/Encina.IdGeneration.Benchmarks-Job-YFEFPZ-1/bin/Release/net10.0
// Failed to set up high priority (Permission denied). In order to run benchmarks with high priority, make sure you have the right permissions.
// BeforeAnythingElse

// Benchmark Process Environment Information:
// BenchmarkDotNet v0.15.8
// Runtime=.NET 10.0.12 (10.0.12, 10.0.1226.42308), X64 RyuJIT x86-64-v3
// GC=Concurrent Workstation
// HardwareIntrinsics=AVX2+BMI1+BMI2+F16C+FMA+LZCNT+MOVBE,AVX,SSE3+SSSE3+SSE4.1+SSE4.2+POPCNT,X86Base+SSE+SSE2,AES+PCLMUL VectorSize=256
// Job: Job-YFEFPZ(IterationCount=10, WarmupCount=3)

OverheadJitting  1: 1 op, 247054.00 ns, 247.0540 us/op
WorkloadJitting  1: 1 op, 20135271.00 ns, 20.1353 ms/op

OverheadJitting  2: 16 op, 251292.00 ns, 15.7058 us/op
WorkloadJitting  2: 16 op, 344306.00 ns, 21.5191 us/op

WorkloadPilot    1: 16 op, 44875.00 ns, 2.8047 us/op
WorkloadPilot    2: 32 op, 63760.00 ns, 1.9925 us/op
WorkloadPilot    3: 64 op, 100498.00 ns, 1.5703 us/op
WorkloadPilot    4: 128 op, 184657.00 ns, 1.4426 us/op
WorkloadPilot    5: 256 op, 349907.00 ns, 1.3668 us/op
WorkloadPilot    6: 512 op, 654279.00 ns, 1.2779 us/op
WorkloadPilot    7: 1024 op, 1368811.00 ns, 1.3367 us/op
WorkloadPilot    8: 2048 op, 2671278.00 ns, 1.3043 us/op
WorkloadPilot    9: 4096 op, 5223942.00 ns, 1.2754 us/op
WorkloadPilot   10: 8192 op, 10478142.00 ns, 1.2791 us/op
WorkloadPilot   11: 16384 op, 20650969.00 ns, 1.2604 us/op
WorkloadPilot   12: 32768 op, 42189968.00 ns, 1.2875 us/op
WorkloadPilot   13: 65536 op, 83663549.00 ns, 1.2766 us/op
WorkloadPilot   14: 131072 op, 167580955.00 ns, 1.2785 us/op
WorkloadPilot   15: 262144 op, 329691774.00 ns, 1.2577 us/op
WorkloadPilot   16: 524288 op, 652080541.00 ns, 1.2437 us/op

OverheadWarmup   1: 524288 op, 1176400.00 ns, 2.2438 ns/op
OverheadWarmup   2: 524288 op, 858703.00 ns, 1.6378 ns/op
OverheadWarmup   3: 524288 op, 866368.00 ns, 1.6525 ns/op
OverheadWarmup   4: 524288 op, 866758.00 ns, 1.6532 ns/op
OverheadWarmup   5: 524288 op, 873250.00 ns, 1.6656 ns/op
OverheadWarmup   6: 524288 op, 865516.00 ns, 1.6508 ns/op
OverheadWarmup   7: 524288 op, 879882.00 ns, 1.6782 ns/op
OverheadWarmup   8: 524288 op, 868311.00 ns, 1.6562 ns/op

OverheadActual   1: 524288 op, 870555.00 ns, 1.6605 ns/op
OverheadActual   2: 524288 op, 871597.00 ns, 1.6624 ns/op
OverheadActual   3: 524288 op, 867690.00 ns, 1.6550 ns/op
OverheadActual   4: 524288 op, 867720.00 ns, 1.6550 ns/op
OverheadActual   5: 524288 op, 867469.00 ns, 1.6546 ns/op
OverheadActual   6: 524288 op, 866628.00 ns, 1.6530 ns/op
OverheadActual   7: 524288 op, 849776.00 ns, 1.6208 ns/op
OverheadActual   8: 524288 op, 865807.00 ns, 1.6514 ns/op
OverheadActual   9: 524288 op, 867550.00 ns, 1.6547 ns/op
OverheadActual  10: 524288 op, 848944.00 ns, 1.6192 ns/op
OverheadActual  11: 524288 op, 872018.00 ns, 1.6632 ns/op
OverheadActual  12: 524288 op, 871818.00 ns, 1.6629 ns/op
OverheadActual  13: 524288 op, 873451.00 ns, 1.6660 ns/op
OverheadActual  14: 524288 op, 871337.00 ns, 1.6619 ns/op
OverheadActual  15: 524288 op, 848965.00 ns, 1.6193 ns/op

WorkloadWarmup   1: 524288 op, 654708138.00 ns, 1.2488 us/op
WorkloadWarmup   2: 524288 op, 649965709.00 ns, 1.2397 us/op
WorkloadWarmup   3: 524288 op, 648005527.00 ns, 1.2360 us/op

// BeforeActualRun
WorkloadActual   1: 524288 op, 648937978.00 ns, 1.2378 us/op
WorkloadActual   2: 524288 op, 647435656.00 ns, 1.2349 us/op
WorkloadActual   3: 524288 op, 644911935.00 ns, 1.2301 us/op
WorkloadActual   4: 524288 op, 645141261.00 ns, 1.2305 us/op
WorkloadActual   5: 524288 op, 645949328.00 ns, 1.2321 us/op
WorkloadActual   6: 524288 op, 645181325.00 ns, 1.2306 us/op
WorkloadActual   7: 524288 op, 642257887.00 ns, 1.2250 us/op
WorkloadActual   8: 524288 op, 650687988.00 ns, 1.2411 us/op
WorkloadActual   9: 524288 op, 650918701.00 ns, 1.2415 us/op
WorkloadActual  10: 524288 op, 649607869.00 ns, 1.2390 us/op

// AfterActualRun
WorkloadResult   1: 524288 op, 648070288.00 ns, 1.2361 us/op
WorkloadResult   2: 524288 op, 646567966.00 ns, 1.2332 us/op
WorkloadResult   3: 524288 op, 644044245.00 ns, 1.2284 us/op
WorkloadResult   4: 524288 op, 644273571.00 ns, 1.2289 us/op
WorkloadResult   5: 524288 op, 645081638.00 ns, 1.2304 us/op
WorkloadResult   6: 524288 op, 644313635.00 ns, 1.2289 us/op
WorkloadResult   7: 524288 op, 641390197.00 ns, 1.2234 us/op
WorkloadResult   8: 524288 op, 649820298.00 ns, 1.2394 us/op
WorkloadResult   9: 524288 op, 650051011.00 ns, 1.2399 us/op
WorkloadResult  10: 524288 op, 648740179.00 ns, 1.2374 us/op
// GC:  3 0 0 50331648 524288
// Threading:  0 0 524288

// AfterAll
// Benchmark Process 3099 has exited with code 0.

Mean = 1.233 μs, StdErr = 0.002 μs (0.14%), N = 10, StdDev = 0.005 μs
Min = 1.223 μs, Q1 = 1.229 μs, Median = 1.232 μs, Q3 = 1.237 μs, Max = 1.240 μs
IQR = 0.008 μs, LowerFence = 1.217 μs, UpperFence = 1.249 μs
ConfidenceInterval = [1.224 μs; 1.241 μs] (CI 99.9%), Margin = 0.008 μs (0.67% of Mean)
Skewness = -0.07, Kurtosis = 1.51, MValue = 2

// ** Remained 3 (30.0 %) benchmark(s) to run. Estimated finish 2026-10-03 21:16 (0h 0m from now) **
// **************************
// Benchmark: ShardPrefixedIdBenchmarks.Generate_UuidV7Format: ShortRun(IterationCount=3, LaunchCount=1, WarmupCount=3)
// *** Execute ***
// Launch: 1 / 1
// Execute: dotnet Encina.IdGeneration.Benchmarks-Job-YFEFPZ-1.dll --anonymousPipes 136 137 --benchmarkName Encina.IdGeneration.Benchmarks.ShardPrefixedIdBenchmarks.Generate_UuidV7Format --job ShortRun --benchmarkId 7 in /home/runner/work/Encina/Encina/tests/Encina.BenchmarkTests/Encina.IdGeneration.Benchmarks/bin/Release/net10.0/Encina.IdGeneration.Benchmarks-Job-YFEFPZ-1/bin/Release/net10.0
// Failed to set up high priority (Permission denied). In order to run benchmarks with high priority, make sure you have the right permissions.
// BeforeAnythingElse

// Benchmark Process Environment Information:
// BenchmarkDotNet v0.15.8
// Runtime=.NET 10.0.12 (10.0.12, 10.0.1226.42308), X64 RyuJIT x86-64-v3
// GC=Concurrent Workstation
// HardwareIntrinsics=AVX2+BMI1+BMI2+F16C+FMA+LZCNT+MOVBE,AVX,SSE3+SSSE3+SSE4.1+SSE4.2+POPCNT,X86Base+SSE+SSE2,AES+PCLMUL VectorSize=256
// Job: ShortRun(IterationCount=3, LaunchCount=1, WarmupCount=3)

OverheadJitting  1: 1 op, 215354.00 ns, 215.3540 us/op
WorkloadJitting  1: 1 op, 19916492.00 ns, 19.9165 ms/op

OverheadJitting  2: 16 op, 210816.00 ns, 13.1760 us/op
WorkloadJitting  2: 16 op, 291487.00 ns, 18.2179 us/op

WorkloadPilot    1: 16 op, 30357.00 ns, 1.8973 us/op
WorkloadPilot    2: 32 op, 65824.00 ns, 2.0570 us/op
WorkloadPilot    3: 64 op, 105899.00 ns, 1.6547 us/op
WorkloadPilot    4: 128 op, 215204.00 ns, 1.6813 us/op
WorkloadPilot    5: 256 op, 363943.00 ns, 1.4217 us/op
WorkloadPilot    6: 512 op, 716215.00 ns, 1.3989 us/op
WorkloadPilot    7: 1024 op, 1427871.00 ns, 1.3944 us/op
WorkloadPilot    8: 2048 op, 2819725.00 ns, 1.3768 us/op
WorkloadPilot    9: 4096 op, 5502383.00 ns, 1.3434 us/op
WorkloadPilot   10: 8192 op, 11379380.00 ns, 1.3891 us/op
WorkloadPilot   11: 16384 op, 22291512.00 ns, 1.3606 us/op
WorkloadPilot   12: 32768 op, 44822955.00 ns, 1.3679 us/op
WorkloadPilot   13: 65536 op, 88817516.00 ns, 1.3552 us/op
WorkloadPilot   14: 131072 op, 179577009.00 ns, 1.3701 us/op
WorkloadPilot   15: 262144 op, 352711118.00 ns, 1.3455 us/op
WorkloadPilot   16: 524288 op, 690005884.00 ns, 1.3161 us/op

OverheadWarmup   1: 524288 op, 886374.00 ns, 1.6906 ns/op
OverheadWarmup   2: 524288 op, 849736.00 ns, 1.6207 ns/op
OverheadWarmup   3: 524288 op, 864864.00 ns, 1.6496 ns/op
OverheadWarmup   4: 524288 op, 879452.00 ns, 1.6774 ns/op
OverheadWarmup   5: 524288 op, 866327.00 ns, 1.6524 ns/op
OverheadWarmup   6: 524288 op, 865144.00 ns, 1.6501 ns/op
OverheadWarmup   7: 524288 op, 878059.00 ns, 1.6748 ns/op
OverheadWarmup   8: 524288 op, 867499.00 ns, 1.6546 ns/op

OverheadActual   1: 524288 op, 867429.00 ns, 1.6545 ns/op
OverheadActual   2: 524288 op, 865355.00 ns, 1.6505 ns/op
OverheadActual   3: 524288 op, 867059.00 ns, 1.6538 ns/op
OverheadActual   4: 524288 op, 868561.00 ns, 1.6566 ns/op
OverheadActual   5: 524288 op, 880744.00 ns, 1.6799 ns/op
OverheadActual   6: 524288 op, 866377.00 ns, 1.6525 ns/op
OverheadActual   7: 524288 op, 864704.00 ns, 1.6493 ns/op
OverheadActual   8: 524288 op, 877689.00 ns, 1.6741 ns/op
OverheadActual   9: 524288 op, 867028.00 ns, 1.6537 ns/op
OverheadActual  10: 524288 op, 849715.00 ns, 1.6207 ns/op
OverheadActual  11: 524288 op, 867028.00 ns, 1.6537 ns/op
OverheadActual  12: 524288 op, 866608.00 ns, 1.6529 ns/op
OverheadActual  13: 524288 op, 868121.00 ns, 1.6558 ns/op
OverheadActual  14: 524288 op, 882027.00 ns, 1.6823 ns/op
OverheadActual  15: 524288 op, 886565.00 ns, 1.6910 ns/op

WorkloadWarmup   1: 524288 op, 696993183.00 ns, 1.3294 us/op
WorkloadWarmup   2: 524288 op, 689678894.00 ns, 1.3155 us/op
WorkloadWarmup   3: 524288 op, 688479533.00 ns, 1.3132 us/op

// BeforeActualRun
WorkloadActual   1: 524288 op, 692210546.00 ns, 1.3203 us/op
WorkloadActual   2: 524288 op, 689459040.00 ns, 1.3150 us/op
WorkloadActual   3: 524288 op, 688377560.00 ns, 1.3130 us/op

// AfterActualRun
WorkloadResult   1: 524288 op, 691343487.00 ns, 1.3186 us/op
WorkloadResult   2: 524288 op, 688591981.00 ns, 1.3134 us/op
WorkloadResult   3: 524288 op, 687510501.00 ns, 1.3113 us/op
// GC:  3 0 0 50331648 524288
// Threading:  0 0 524288

// AfterAll
// Benchmark Process 3108 has exited with code 0.

Mean = 1.314 μs, StdErr = 0.002 μs (0.17%), N = 3, StdDev = 0.004 μs
Min = 1.311 μs, Q1 = 1.312 μs, Median = 1.313 μs, Q3 = 1.316 μs, Max = 1.319 μs
IQR = 0.004 μs, LowerFence = 1.307 μs, UpperFence = 1.321 μs
ConfidenceInterval = [1.246 μs; 1.383 μs] (CI 99.9%), Margin = 0.069 μs (5.23% of Mean)
Skewness = 0.26, Kurtosis = 0.67, MValue = 2

// ** Remained 2 (20.0 %) benchmark(s) to run. Estimated finish 2026-10-03 21:16 (0h 0m from now) **
// **************************
// Benchmark: ShardPrefixedIdBenchmarks.ExtractShardId_Ulid: Job-YFEFPZ(IterationCount=10, WarmupCount=3)
// *** Execute ***
// Launch: 1 / 1
// Execute: dotnet Encina.IdGeneration.Benchmarks-Job-YFEFPZ-1.dll --anonymousPipes 136 137 --benchmarkName Encina.IdGeneration.Benchmarks.ShardPrefixedIdBenchmarks.ExtractShardId_Ulid --job "IterationCount=10, WarmupCount=3" --benchmarkId 8 in /home/runner/work/Encina/Encina/tests/Encina.BenchmarkTests/Encina.IdGeneration.Benchmarks/bin/Release/net10.0/Encina.IdGeneration.Benchmarks-Job-YFEFPZ-1/bin/Release/net10.0
// Failed to set up high priority (Permission denied). In order to run benchmarks with high priority, make sure you have the right permissions.
// BeforeAnythingElse

// Benchmark Process Environment Information:
// BenchmarkDotNet v0.15.8
// Runtime=.NET 10.0.12 (10.0.12, 10.0.1226.42308), X64 RyuJIT x86-64-v3
// GC=Concurrent Workstation
// HardwareIntrinsics=AVX2+BMI1+BMI2+F16C+FMA+LZCNT+MOVBE,AVX,SSE3+SSSE3+SSE4.1+SSE4.2+POPCNT,X86Base+SSE+SSE2,AES+PCLMUL VectorSize=256
// Job: Job-YFEFPZ(IterationCount=10, WarmupCount=3)

OverheadJitting  1: 1 op, 239590.00 ns, 239.5900 us/op
WorkloadJitting  1: 1 op, 25094926.00 ns, 25.0949 ms/op

OverheadJitting  2: 16 op, 441249.00 ns, 27.5781 us/op
WorkloadJitting  2: 16 op, 463671.00 ns, 28.9794 us/op

WorkloadPilot    1: 16 op, 31259.00 ns, 1.9537 us/op
WorkloadPilot    2: 32 op, 66535.00 ns, 2.0792 us/op
WorkloadPilot    3: 64 op, 138700.00 ns, 2.1672 us/op
WorkloadPilot    4: 128 op, 193995.00 ns, 1.5156 us/op
WorkloadPilot    5: 256 op, 364304.00 ns, 1.4231 us/op
WorkloadPilot    6: 512 op, 708731.00 ns, 1.3842 us/op
WorkloadPilot    7: 1024 op, 1446557.00 ns, 1.4127 us/op
WorkloadPilot    8: 2048 op, 2864501.00 ns, 1.3987 us/op
WorkloadPilot    9: 4096 op, 5617120.00 ns, 1.3714 us/op
WorkloadPilot   10: 8192 op, 11166294.00 ns, 1.3631 us/op
WorkloadPilot   11: 16384 op, 22051410.00 ns, 1.3459 us/op
WorkloadPilot   12: 32768 op, 44892052.00 ns, 1.3700 us/op
WorkloadPilot   13: 65536 op, 88437263.00 ns, 1.3494 us/op
WorkloadPilot   14: 131072 op, 176673378.00 ns, 1.3479 us/op
WorkloadPilot   15: 262144 op, 343055376.00 ns, 1.3087 us/op
WorkloadPilot   16: 524288 op, 680514562.00 ns, 1.2980 us/op

OverheadWarmup   1: 524288 op, 1754416.00 ns, 3.3463 ns/op
OverheadWarmup   2: 524288 op, 1725251.00 ns, 3.2907 ns/op
OverheadWarmup   3: 524288 op, 1729950.00 ns, 3.2996 ns/op
OverheadWarmup   4: 524288 op, 1724138.00 ns, 3.2885 ns/op
OverheadWarmup   5: 524288 op, 1716484.00 ns, 3.2739 ns/op
OverheadWarmup   6: 524288 op, 1722665.00 ns, 3.2857 ns/op
OverheadWarmup   7: 524288 op, 1727044.00 ns, 3.2941 ns/op
OverheadWarmup   8: 524288 op, 1723037.00 ns, 3.2864 ns/op

OverheadActual   1: 524288 op, 1721123.00 ns, 3.2828 ns/op
OverheadActual   2: 524288 op, 1725190.00 ns, 3.2905 ns/op
OverheadActual   3: 524288 op, 1727955.00 ns, 3.2958 ns/op
OverheadActual   4: 524288 op, 1717377.00 ns, 3.2756 ns/op
OverheadActual   5: 524288 op, 1708589.00 ns, 3.2589 ns/op
OverheadActual   6: 524288 op, 1722034.00 ns, 3.2845 ns/op
OverheadActual   7: 524288 op, 1728076.00 ns, 3.2960 ns/op
OverheadActual   8: 524288 op, 1723418.00 ns, 3.2872 ns/op
OverheadActual   9: 524288 op, 1717926.00 ns, 3.2767 ns/op
OverheadActual  10: 524288 op, 1722075.00 ns, 3.2846 ns/op
OverheadActual  11: 524288 op, 1729629.00 ns, 3.2990 ns/op
OverheadActual  12: 524288 op, 1721884.00 ns, 3.2842 ns/op
OverheadActual  13: 524288 op, 1715182.00 ns, 3.2715 ns/op
OverheadActual  14: 524288 op, 1723828.00 ns, 3.2879 ns/op
OverheadActual  15: 524288 op, 1723297.00 ns, 3.2869 ns/op

WorkloadWarmup   1: 524288 op, 686614196.00 ns, 1.3096 us/op
WorkloadWarmup   2: 524288 op, 687748991.00 ns, 1.3118 us/op
WorkloadWarmup   3: 524288 op, 678916521.00 ns, 1.2949 us/op

// BeforeActualRun
WorkloadActual   1: 524288 op, 682302656.00 ns, 1.3014 us/op
WorkloadActual   2: 524288 op, 681221364.00 ns, 1.2993 us/op
WorkloadActual   3: 524288 op, 679125875.00 ns, 1.2953 us/op
WorkloadActual   4: 524288 op, 679844335.00 ns, 1.2967 us/op
WorkloadActual   5: 524288 op, 678691508.00 ns, 1.2945 us/op
WorkloadActual   6: 524288 op, 680216595.00 ns, 1.2974 us/op
WorkloadActual   7: 524288 op, 680063508.00 ns, 1.2971 us/op
WorkloadActual   8: 524288 op, 679844566.00 ns, 1.2967 us/op
WorkloadActual   9: 524288 op, 680817726.00 ns, 1.2986 us/op
WorkloadActual  10: 524288 op, 680610516.00 ns, 1.2982 us/op

// AfterActualRun
WorkloadResult   1: 524288 op, 679499289.00 ns, 1.2960 us/op
WorkloadResult   2: 524288 op, 677403800.00 ns, 1.2920 us/op
WorkloadResult   3: 524288 op, 678122260.00 ns, 1.2934 us/op
WorkloadResult   4: 524288 op, 676969433.00 ns, 1.2912 us/op
WorkloadResult   5: 524288 op, 678494520.00 ns, 1.2941 us/op
WorkloadResult   6: 524288 op, 678341433.00 ns, 1.2938 us/op
WorkloadResult   7: 524288 op, 678122491.00 ns, 1.2934 us/op
WorkloadResult   8: 524288 op, 679095651.00 ns, 1.2953 us/op
WorkloadResult   9: 524288 op, 678888441.00 ns, 1.2949 us/op
// GC:  3 0 0 62914560 524288
// Threading:  0 0 524288

// AfterAll
// Benchmark Process 3117 has exited with code 0.

Mean = 1.294 μs, StdErr = 0.001 μs (0.04%), N = 9, StdDev = 0.002 μs
Min = 1.291 μs, Q1 = 1.293 μs, Median = 1.294 μs, Q3 = 1.295 μs, Max = 1.296 μs
IQR = 0.001 μs, LowerFence = 1.291 μs, UpperFence = 1.297 μs
ConfidenceInterval = [1.291 μs; 1.296 μs] (CI 99.9%), Margin = 0.003 μs (0.20% of Mean)
Skewness = -0.23, Kurtosis = 1.78, MValue = 2

// ** Remained 1 (10.0 %) benchmark(s) to run. Estimated finish 2026-10-03 21:16 (0h 0m from now) **
// **************************
// Benchmark: ShardPrefixedIdBenchmarks.ExtractShardId_Ulid: ShortRun(IterationCount=3, LaunchCount=1, WarmupCount=3)
// *** Execute ***
// Launch: 1 / 1
// Execute: dotnet Encina.IdGeneration.Benchmarks-Job-YFEFPZ-1.dll --anonymousPipes 136 137 --benchmarkName Encina.IdGeneration.Benchmarks.ShardPrefixedIdBenchmarks.ExtractShardId_Ulid --job ShortRun --benchmarkId 9 in /home/runner/work/Encina/Encina/tests/Encina.BenchmarkTests/Encina.IdGeneration.Benchmarks/bin/Release/net10.0/Encina.IdGeneration.Benchmarks-Job-YFEFPZ-1/bin/Release/net10.0
// Failed to set up high priority (Permission denied). In order to run benchmarks with high priority, make sure you have the right permissions.
// BeforeAnythingElse

// Benchmark Process Environment Information:
// BenchmarkDotNet v0.15.8
// Runtime=.NET 10.0.12 (10.0.12, 10.0.1226.42308), X64 RyuJIT x86-64-v3
// GC=Concurrent Workstation
// HardwareIntrinsics=AVX2+BMI1+BMI2+F16C+FMA+LZCNT+MOVBE,AVX,SSE3+SSSE3+SSE4.1+SSE4.2+POPCNT,X86Base+SSE+SSE2,AES+PCLMUL VectorSize=256
// Job: ShortRun(IterationCount=3, LaunchCount=1, WarmupCount=3)

OverheadJitting  1: 1 op, 241775.00 ns, 241.7750 us/op
WorkloadJitting  1: 1 op, 25152829.00 ns, 25.1528 ms/op

OverheadJitting  2: 16 op, 421933.00 ns, 26.3708 us/op
WorkloadJitting  2: 16 op, 462369.00 ns, 28.8981 us/op

WorkloadPilot    1: 16 op, 44765.00 ns, 2.7978 us/op
WorkloadPilot    2: 32 op, 65002.00 ns, 2.0313 us/op
WorkloadPilot    3: 64 op, 98445.00 ns, 1.5382 us/op
WorkloadPilot    4: 128 op, 182072.00 ns, 1.4224 us/op
WorkloadPilot    5: 256 op, 356129.00 ns, 1.3911 us/op
WorkloadPilot    6: 512 op, 694365.00 ns, 1.3562 us/op
WorkloadPilot    7: 1024 op, 1404059.00 ns, 1.3712 us/op
WorkloadPilot    8: 2048 op, 2798540.00 ns, 1.3665 us/op
WorkloadPilot    9: 4096 op, 5494488.00 ns, 1.3414 us/op
WorkloadPilot   10: 8192 op, 10999455.00 ns, 1.3427 us/op
WorkloadPilot   11: 16384 op, 22180211.00 ns, 1.3538 us/op
WorkloadPilot   12: 32768 op, 44289269.00 ns, 1.3516 us/op
WorkloadPilot   13: 65536 op, 88271429.00 ns, 1.3469 us/op
WorkloadPilot   14: 131072 op, 176101287.00 ns, 1.3435 us/op
WorkloadPilot   15: 262144 op, 342626745.00 ns, 1.3070 us/op
WorkloadPilot   16: 524288 op, 674285564.00 ns, 1.2861 us/op

OverheadWarmup   1: 524288 op, 1729710.00 ns, 3.2992 ns/op
OverheadWarmup   2: 524288 op, 1750358.00 ns, 3.3385 ns/op
OverheadWarmup   3: 524288 op, 1717016.00 ns, 3.2749 ns/op
OverheadWarmup   4: 524288 op, 1723588.00 ns, 3.2875 ns/op
OverheadWarmup   5: 524288 op, 1739097.00 ns, 3.3171 ns/op
OverheadWarmup   6: 524288 op, 1714611.00 ns, 3.2704 ns/op

OverheadActual   1: 524288 op, 1730261.00 ns, 3.3002 ns/op
OverheadActual   2: 524288 op, 1733196.00 ns, 3.3058 ns/op
OverheadActual   3: 524288 op, 1729600.00 ns, 3.2990 ns/op
OverheadActual   4: 524288 op, 1726885.00 ns, 3.2938 ns/op
OverheadActual   5: 524288 op, 1749356.00 ns, 3.3366 ns/op
OverheadActual   6: 524288 op, 1726203.00 ns, 3.2925 ns/op
OverheadActual   7: 524288 op, 1726464.00 ns, 3.2930 ns/op
OverheadActual   8: 524288 op, 1723277.00 ns, 3.2869 ns/op
OverheadActual   9: 524288 op, 1715022.00 ns, 3.2711 ns/op
OverheadActual  10: 524288 op, 1723978.00 ns, 3.2882 ns/op
OverheadActual  11: 524288 op, 1723768.00 ns, 3.2878 ns/op
OverheadActual  12: 524288 op, 1724119.00 ns, 3.2885 ns/op
OverheadActual  13: 524288 op, 1726754.00 ns, 3.2935 ns/op
OverheadActual  14: 524288 op, 1707497.00 ns, 3.2568 ns/op
OverheadActual  15: 524288 op, 1725211.00 ns, 3.2906 ns/op

WorkloadWarmup   1: 524288 op, 679907475.00 ns, 1.2968 us/op
WorkloadWarmup   2: 524288 op, 679220865.00 ns, 1.2955 us/op
WorkloadWarmup   3: 524288 op, 674826931.00 ns, 1.2871 us/op

// BeforeActualRun
WorkloadActual   1: 524288 op, 677385497.00 ns, 1.2920 us/op
WorkloadActual   2: 524288 op, 674985219.00 ns, 1.2874 us/op
WorkloadActual   3: 524288 op, 675190043.00 ns, 1.2878 us/op

// AfterActualRun
WorkloadResult   1: 524288 op, 675659294.00 ns, 1.2887 us/op
WorkloadResult   2: 524288 op, 673259016.00 ns, 1.2841 us/op
WorkloadResult   3: 524288 op, 673463840.00 ns, 1.2845 us/op
// GC:  3 0 0 62914560 524288
// Threading:  0 0 524288

// AfterAll
// Benchmark Process 3125 has exited with code 0.

Mean = 1.286 μs, StdErr = 0.001 μs (0.11%), N = 3, StdDev = 0.003 μs
Min = 1.284 μs, Q1 = 1.284 μs, Median = 1.285 μs, Q3 = 1.287 μs, Max = 1.289 μs
IQR = 0.002 μs, LowerFence = 1.281 μs, UpperFence = 1.290 μs
ConfidenceInterval = [1.239 μs; 1.332 μs] (CI 99.9%), Margin = 0.046 μs (3.60% of Mean)
Skewness = 0.37, Kurtosis = 0.67, MValue = 2

// ** Remained 0 (0.0 %) benchmark(s) to run. Estimated finish 2026-10-03 21:16 (0h 0m from now) **
// ***** BenchmarkRunner: Finish  *****

// * Export *
  artifacts/performance/IdGeneration/results/Encina.IdGeneration.Benchmarks.ShardPrefixedIdBenchmarks-report.csv
  artifacts/performance/IdGeneration/results/Encina.IdGeneration.Benchmarks.ShardPrefixedIdBenchmarks-report-github.md
  artifacts/performance/IdGeneration/results/Encina.IdGeneration.Benchmarks.ShardPrefixedIdBenchmarks-report.html
  artifacts/performance/IdGeneration/results/Encina.IdGeneration.Benchmarks.ShardPrefixedIdBenchmarks-report-full-compressed.json

// * Detailed results *
ShardPrefixedIdBenchmarks.Generate_TimestampRandomFormat: Job-YFEFPZ(IterationCount=10, WarmupCount=3)
Runtime = .NET 10.0.12 (10.0.12, 10.0.1226.42308), X64 RyuJIT x86-64-v3; GC = Concurrent Workstation
Mean = 1.413 μs, StdErr = 0.001 μs (0.08%), N = 10, StdDev = 0.003 μs
Min = 1.407 μs, Q1 = 1.411 μs, Median = 1.412 μs, Q3 = 1.415 μs, Max = 1.418 μs
IQR = 0.004 μs, LowerFence = 1.404 μs, UpperFence = 1.422 μs
ConfidenceInterval = [1.408 μs; 1.418 μs] (CI 99.9%), Margin = 0.005 μs (0.37% of Mean)
Skewness = -0.11, Kurtosis = 1.86, MValue = 2
-------------------- Histogram --------------------
[1.405 μs ; 1.421 μs) | @@@@@@@@@@
---------------------------------------------------

ShardPrefixedIdBenchmarks.Generate_ToString: Job-YFEFPZ(IterationCount=10, WarmupCount=3)
Runtime = .NET 10.0.12 (10.0.12, 10.0.1226.42308), X64 RyuJIT x86-64-v3; GC = Concurrent Workstation
Mean = 1.441 μs, StdErr = 0.001 μs (0.09%), N = 10, StdDev = 0.004 μs
Min = 1.434 μs, Q1 = 1.438 μs, Median = 1.441 μs, Q3 = 1.443 μs, Max = 1.449 μs
IQR = 0.004 μs, LowerFence = 1.432 μs, UpperFence = 1.449 μs
ConfidenceInterval = [1.434 μs; 1.447 μs] (CI 99.9%), Margin = 0.006 μs (0.44% of Mean)
Skewness = 0.34, Kurtosis = 2.23, MValue = 2
-------------------- Histogram --------------------
[1.432 μs ; 1.451 μs) | @@@@@@@@@@
---------------------------------------------------

ShardPrefixedIdBenchmarks.Generate_UlidFormat: Job-YFEFPZ(IterationCount=10, WarmupCount=3)
Runtime = .NET 10.0.12 (10.0.12, 10.0.1226.42308), X64 RyuJIT x86-64-v3; GC = Concurrent Workstation
Mean = 1.284 μs, StdErr = 0.001 μs (0.10%), N = 10, StdDev = 0.004 μs
Min = 1.280 μs, Q1 = 1.281 μs, Median = 1.285 μs, Q3 = 1.286 μs, Max = 1.293 μs
IQR = 0.005 μs, LowerFence = 1.273 μs, UpperFence = 1.294 μs
ConfidenceInterval = [1.278 μs; 1.290 μs] (CI 99.9%), Margin = 0.006 μs (0.47% of Mean)
Skewness = 0.67, Kurtosis = 2.58, MValue = 2
-------------------- Histogram --------------------
[1.277 μs ; 1.296 μs) | @@@@@@@@@@
---------------------------------------------------

ShardPrefixedIdBenchmarks.Generate_UuidV7Format: Job-YFEFPZ(IterationCount=10, WarmupCount=3)
Runtime = .NET 10.0.12 (10.0.12, 10.0.1226.42308), X64 RyuJIT x86-64-v3; GC = Concurrent Workstation
Mean = 1.233 μs, StdErr = 0.002 μs (0.14%), N = 10, StdDev = 0.005 μs
Min = 1.223 μs, Q1 = 1.229 μs, Median = 1.232 μs, Q3 = 1.237 μs, Max = 1.240 μs
IQR = 0.008 μs, LowerFence = 1.217 μs, UpperFence = 1.249 μs
ConfidenceInterval = [1.224 μs; 1.241 μs] (CI 99.9%), Margin = 0.008 μs (0.67% of Mean)
Skewness = -0.07, Kurtosis = 1.51, MValue = 2
-------------------- Histogram --------------------
[1.220 μs ; 1.243 μs) | @@@@@@@@@@
---------------------------------------------------

ShardPrefixedIdBenchmarks.ExtractShardId_Ulid: Job-YFEFPZ(IterationCount=10, WarmupCount=3)
Runtime = .NET 10.0.12 (10.0.12, 10.0.1226.42308), X64 RyuJIT x86-64-v3; GC = Concurrent Workstation
Mean = 1.294 μs, StdErr = 0.001 μs (0.04%), N = 9, StdDev = 0.002 μs
Min = 1.291 μs, Q1 = 1.293 μs, Median = 1.294 μs, Q3 = 1.295 μs, Max = 1.296 μs
IQR = 0.001 μs, LowerFence = 1.291 μs, UpperFence = 1.297 μs
ConfidenceInterval = [1.291 μs; 1.296 μs] (CI 99.9%), Margin = 0.003 μs (0.20% of Mean)
Skewness = -0.23, Kurtosis = 1.78, MValue = 2
-------------------- Histogram --------------------
[1.290 μs ; 1.297 μs) | @@@@@@@@@
---------------------------------------------------

ShardPrefixedIdBenchmarks.Generate_TimestampRandomFormat: ShortRun(IterationCount=3, LaunchCount=1, WarmupCount=3)
Runtime = .NET 10.0.12 (10.0.12, 10.0.1226.42308), X64 RyuJIT x86-64-v3; GC = Concurrent Workstation
Mean = 1.414 μs, StdErr = 0.011 μs (0.74%), N = 3, StdDev = 0.018 μs
Min = 1.403 μs, Q1 = 1.403 μs, Median = 1.404 μs, Q3 = 1.419 μs, Max = 1.435 μs
IQR = 0.016 μs, LowerFence = 1.379 μs, UpperFence = 1.443 μs
ConfidenceInterval = [1.081 μs; 1.747 μs] (CI 99.9%), Margin = 0.333 μs (23.54% of Mean)
Skewness = 0.38, Kurtosis = 0.67, MValue = 2
-------------------- Histogram --------------------
[1.402 μs ; 1.436 μs) | @@@
---------------------------------------------------

ShardPrefixedIdBenchmarks.Generate_ToString: ShortRun(IterationCount=3, LaunchCount=1, WarmupCount=3)
Runtime = .NET 10.0.12 (10.0.12, 10.0.1226.42308), X64 RyuJIT x86-64-v3; GC = Concurrent Workstation
Mean = 1.364 μs, StdErr = 0.002 μs (0.16%), N = 3, StdDev = 0.004 μs
Min = 1.361 μs, Q1 = 1.362 μs, Median = 1.363 μs, Q3 = 1.366 μs, Max = 1.368 μs
IQR = 0.004 μs, LowerFence = 1.357 μs, UpperFence = 1.371 μs
ConfidenceInterval = [1.295 μs; 1.433 μs] (CI 99.9%), Margin = 0.069 μs (5.06% of Mean)
Skewness = 0.31, Kurtosis = 0.67, MValue = 2
-------------------- Histogram --------------------
[1.358 μs ; 1.372 μs) | @@@
---------------------------------------------------

ShardPrefixedIdBenchmarks.Generate_UlidFormat: ShortRun(IterationCount=3, LaunchCount=1, WarmupCount=3)
Runtime = .NET 10.0.12 (10.0.12, 10.0.1226.42308), X64 RyuJIT x86-64-v3; GC = Concurrent Workstation
Mean = 1.260 μs, StdErr = 0.002 μs (0.12%), N = 3, StdDev = 0.003 μs
Min = 1.257 μs, Q1 = 1.259 μs, Median = 1.261 μs, Q3 = 1.262 μs, Max = 1.263 μs
IQR = 0.003 μs, LowerFence = 1.255 μs, UpperFence = 1.266 μs
ConfidenceInterval = [1.212 μs; 1.309 μs] (CI 99.9%), Margin = 0.049 μs (3.87% of Mean)
Skewness = -0.28, Kurtosis = 0.67, MValue = 2
-------------------- Histogram --------------------
[1.255 μs ; 1.265 μs) | @@@
---------------------------------------------------

ShardPrefixedIdBenchmarks.Generate_UuidV7Format: ShortRun(IterationCount=3, LaunchCount=1, WarmupCount=3)
Runtime = .NET 10.0.12 (10.0.12, 10.0.1226.42308), X64 RyuJIT x86-64-v3; GC = Concurrent Workstation
Mean = 1.314 μs, StdErr = 0.002 μs (0.17%), N = 3, StdDev = 0.004 μs
Min = 1.311 μs, Q1 = 1.312 μs, Median = 1.313 μs, Q3 = 1.316 μs, Max = 1.319 μs
IQR = 0.004 μs, LowerFence = 1.307 μs, UpperFence = 1.321 μs
ConfidenceInterval = [1.246 μs; 1.383 μs] (CI 99.9%), Margin = 0.069 μs (5.23% of Mean)
Skewness = 0.26, Kurtosis = 0.67, MValue = 2
-------------------- Histogram --------------------
[1.308 μs ; 1.322 μs) | @@@
---------------------------------------------------

ShardPrefixedIdBenchmarks.ExtractShardId_Ulid: ShortRun(IterationCount=3, LaunchCount=1, WarmupCount=3)
Runtime = .NET 10.0.12 (10.0.12, 10.0.1226.42308), X64 RyuJIT x86-64-v3; GC = Concurrent Workstation
Mean = 1.286 μs, StdErr = 0.001 μs (0.11%), N = 3, StdDev = 0.003 μs
Min = 1.284 μs, Q1 = 1.284 μs, Median = 1.285 μs, Q3 = 1.287 μs, Max = 1.289 μs
IQR = 0.002 μs, LowerFence = 1.281 μs, UpperFence = 1.290 μs
ConfidenceInterval = [1.239 μs; 1.332 μs] (CI 99.9%), Margin = 0.046 μs (3.60% of Mean)
Skewness = 0.37, Kurtosis = 0.67, MValue = 2
-------------------- Histogram --------------------
[1.284 μs ; 1.289 μs) | @@@
---------------------------------------------------

// * Summary *

BenchmarkDotNet v0.15.8, Linux Ubuntu 24.04.5 LTS (Noble Numbat)
AMD EPYC 7763 2.45GHz, 1 CPU, 4 logical and 2 physical cores
.NET SDK 10.0.401
  [Host]     : .NET 10.0.12 (10.0.12, 10.0.1226.42308), X64 RyuJIT x86-64-v3
  Job-YFEFPZ : .NET 10.0.12 (10.0.12, 10.0.1226.42308), X64 RyuJIT x86-64-v3
  ShortRun   : .NET 10.0.12 (10.0.12, 10.0.1226.42308), X64 RyuJIT x86-64-v3

WarmupCount=3  

| Method                         | Job        | IterationCount | LaunchCount | Mean     | Error     | StdDev    | Ratio | Gen0   | Allocated | Alloc Ratio |
|------------------------------- |----------- |--------------- |------------ |---------:|----------:|----------:|------:|-------:|----------:|------------:|
| Generate_TimestampRandomFormat | Job-YFEFPZ | 10             | Default     | 1.413 μs | 0.0053 μs | 0.0035 μs |  1.10 | 0.0076 |     151 B |        1.26 |
| Generate_ToString              | Job-YFEFPZ | 10             | Default     | 1.441 μs | 0.0063 μs | 0.0042 μs |  1.12 | 0.0114 |     216 B |        1.80 |
| Generate_UlidFormat            | Job-YFEFPZ | 10             | Default     | 1.284 μs | 0.0060 μs | 0.0040 μs |  1.00 | 0.0057 |     120 B |        1.00 |
| Generate_UuidV7Format          | Job-YFEFPZ | 10             | Default     | 1.233 μs | 0.0083 μs | 0.0055 μs |  0.96 | 0.0057 |      96 B |        0.80 |
| ExtractShardId_Ulid            | Job-YFEFPZ | 10             | Default     | 1.294 μs | 0.0026 μs | 0.0015 μs |  1.01 | 0.0057 |     120 B |        1.00 |
|                                |            |                |             |          |           |           |       |        |           |             |
| Generate_TimestampRandomFormat | ShortRun   | 3              | 1           | 1.414 μs | 0.3328 μs | 0.0182 μs |  1.12 | 0.0076 |     151 B |        1.26 |
| Generate_ToString              | ShortRun   | 3              | 1           | 1.364 μs | 0.0690 μs | 0.0038 μs |  1.08 | 0.0114 |     216 B |        1.80 |
| Generate_UlidFormat            | ShortRun   | 3              | 1           | 1.260 μs | 0.0488 μs | 0.0027 μs |  1.00 | 0.0057 |     120 B |        1.00 |
| Generate_UuidV7Format          | ShortRun   | 3              | 1           | 1.314 μs | 0.0688 μs | 0.0038 μs |  1.04 | 0.0057 |      96 B |        0.80 |
| ExtractShardId_Ulid            | ShortRun   | 3              | 1           | 1.286 μs | 0.0463 μs | 0.0025 μs |  1.02 | 0.0057 |     120 B |        1.00 |

// * Hints *
Outliers
  ShardPrefixedIdBenchmarks.ExtractShardId_Ulid: IterationCount=10, WarmupCount=3 -> 1 outlier  was  removed (1.30 μs)
// * Config Issues *

// * Warnings *
Configuration
  Summary -> The exporter CsvExporter is already present in configuration. There may be unexpected results.
  Summary -> The exporter HtmlExporter is already present in configuration. There may be unexpected results.
  Summary -> The exporter MarkdownExporter-github is already present in configuration. There may be unexpected results.

// * Legends *
  Mean        : Arithmetic mean of all measurements
  Error       : Half of 99.9% confidence interval
  StdDev      : Standard deviation of all measurements
  Ratio       : Mean of the ratio distribution ([Current]/[Baseline])
  Gen0        : GC Generation 0 collects per 1000 operations
  Allocated   : Allocated memory per single operation (managed only, inclusive, 1KB = 1024B)
  Alloc Ratio : Allocated memory ratio distribution ([Current]/[Baseline])
  1 μs        : 1 Microsecond (0.000001 sec)

// * Diagnostic Output - MemoryDiagnoser *


// ***** BenchmarkRunner: End *****
Run time: 00:01:31 (91.17 sec), executed benchmarks: 10

Global total time: 00:02:14 (134.44 sec), executed benchmarks: 10
// * Artifacts cleanup *
Artifacts cleanup is finished
