// Validating benchmarks:
// ***** BenchmarkRunner: Start   *****
// ***** Found 14 benchmark(s) in total *****
// ***** Building 1 exe(s) in Parallel: Start   *****
// start dotnet  restore --nodeReuse:false /p:UseSharedCompilation=false /p:Deterministic=true /p:Optimize=true /p:ArtifactsPath="/home/runner/work/Encina/Encina/tests/Encina.BenchmarkTests/Encina.Messaging.Encryption.Benchmarks/bin/Release/net10.0/Encina.Messaging.Encryption.Benchmarks-Job-YFEFPZ-1/" /p:OutDir="/home/runner/work/Encina/Encina/tests/Encina.BenchmarkTests/Encina.Messaging.Encryption.Benchmarks/bin/Release/net10.0/Encina.Messaging.Encryption.Benchmarks-Job-YFEFPZ-1/bin/Release/net10.0/" /p:OutputPath="/home/runner/work/Encina/Encina/tests/Encina.BenchmarkTests/Encina.Messaging.Encryption.Benchmarks/bin/Release/net10.0/Encina.Messaging.Encryption.Benchmarks-Job-YFEFPZ-1/bin/Release/net10.0/" /p:PublishDir="/home/runner/work/Encina/Encina/tests/Encina.BenchmarkTests/Encina.Messaging.Encryption.Benchmarks/bin/Release/net10.0/Encina.Messaging.Encryption.Benchmarks-Job-YFEFPZ-1/publish/" in /home/runner/work/Encina/Encina/tests/Encina.BenchmarkTests/Encina.Messaging.Encryption.Benchmarks/bin/Release/net10.0/Encina.Messaging.Encryption.Benchmarks-Job-YFEFPZ-1
// command took 2.47 sec and exited with 0
// start dotnet  build -c Release --no-restore --nodeReuse:false /p:UseSharedCompilation=false /p:Deterministic=true /p:Optimize=true /p:ArtifactsPath="/home/runner/work/Encina/Encina/tests/Encina.BenchmarkTests/Encina.Messaging.Encryption.Benchmarks/bin/Release/net10.0/Encina.Messaging.Encryption.Benchmarks-Job-YFEFPZ-1/" /p:OutDir="/home/runner/work/Encina/Encina/tests/Encina.BenchmarkTests/Encina.Messaging.Encryption.Benchmarks/bin/Release/net10.0/Encina.Messaging.Encryption.Benchmarks-Job-YFEFPZ-1/bin/Release/net10.0/" /p:OutputPath="/home/runner/work/Encina/Encina/tests/Encina.BenchmarkTests/Encina.Messaging.Encryption.Benchmarks/bin/Release/net10.0/Encina.Messaging.Encryption.Benchmarks-Job-YFEFPZ-1/bin/Release/net10.0/" /p:PublishDir="/home/runner/work/Encina/Encina/tests/Encina.BenchmarkTests/Encina.Messaging.Encryption.Benchmarks/bin/Release/net10.0/Encina.Messaging.Encryption.Benchmarks-Job-YFEFPZ-1/publish/" --output "/home/runner/work/Encina/Encina/tests/Encina.BenchmarkTests/Encina.Messaging.Encryption.Benchmarks/bin/Release/net10.0/Encina.Messaging.Encryption.Benchmarks-Job-YFEFPZ-1/bin/Release/net10.0/" in /home/runner/work/Encina/Encina/tests/Encina.BenchmarkTests/Encina.Messaging.Encryption.Benchmarks/bin/Release/net10.0/Encina.Messaging.Encryption.Benchmarks-Job-YFEFPZ-1
// command took 42.11 sec and exited with 0
// ***** Done, took 00:00:44 (44.78 sec)   *****
// Found 14 benchmarks:
//   EncryptDecryptBenchmarks.Encrypt_Medium: Job-YFEFPZ(IterationCount=10, WarmupCount=3)
//   EncryptDecryptBenchmarks.Encrypt_Large: Job-YFEFPZ(IterationCount=10, WarmupCount=3)
//   EncryptDecryptBenchmarks.Decrypt_Medium: Job-YFEFPZ(IterationCount=10, WarmupCount=3)
//   EncryptDecryptBenchmarks.Decrypt_Large: Job-YFEFPZ(IterationCount=10, WarmupCount=3)
//   EncryptDecryptBenchmarks.Encrypt_Medium: ShortRun(IterationCount=3, LaunchCount=1, WarmupCount=3)
//   EncryptDecryptBenchmarks.Encrypt_Large: ShortRun(IterationCount=3, LaunchCount=1, WarmupCount=3)
//   EncryptDecryptBenchmarks.Decrypt_Medium: ShortRun(IterationCount=3, LaunchCount=1, WarmupCount=3)
//   EncryptDecryptBenchmarks.Decrypt_Large: ShortRun(IterationCount=3, LaunchCount=1, WarmupCount=3)
//   EncryptDecryptBenchmarks.Decrypt_Short: Job-YFEFPZ(IterationCount=10, WarmupCount=3)
//   EncryptDecryptBenchmarks.Decrypt_Short: ShortRun(IterationCount=3, LaunchCount=1, WarmupCount=3)
//   EncryptDecryptBenchmarks.Encrypt_Short: Job-YFEFPZ(IterationCount=10, WarmupCount=3)
//   EncryptDecryptBenchmarks.Encrypt_Short: ShortRun(IterationCount=3, LaunchCount=1, WarmupCount=3)
//   EncryptDecryptBenchmarks.Roundtrip_Short: Job-YFEFPZ(IterationCount=10, WarmupCount=3)
//   EncryptDecryptBenchmarks.Roundtrip_Short: ShortRun(IterationCount=3, LaunchCount=1, WarmupCount=3)

// **************************
// Benchmark: EncryptDecryptBenchmarks.Encrypt_Medium: Job-YFEFPZ(IterationCount=10, WarmupCount=3)
// *** Execute ***
// Launch: 1 / 1
// Execute: dotnet Encina.Messaging.Encryption.Benchmarks-Job-YFEFPZ-1.dll --anonymousPipes 146 147 --benchmarkName Encina.Messaging.Encryption.Benchmarks.EncryptDecryptBenchmarks.Encrypt_Medium --job "IterationCount=10, WarmupCount=3" --benchmarkId 0 in /home/runner/work/Encina/Encina/tests/Encina.BenchmarkTests/Encina.Messaging.Encryption.Benchmarks/bin/Release/net10.0/Encina.Messaging.Encryption.Benchmarks-Job-YFEFPZ-1/bin/Release/net10.0
// Failed to set up high priority (Permission denied). In order to run benchmarks with high priority, make sure you have the right permissions.
// BeforeAnythingElse

// Benchmark Process Environment Information:
// BenchmarkDotNet v0.15.8
// Runtime=.NET 10.0.12 (10.0.12, 10.0.1226.42308), X64 RyuJIT x86-64-v3
// GC=Concurrent Workstation
// HardwareIntrinsics=AVX2+BMI1+BMI2+F16C+FMA+LZCNT+MOVBE,AVX,SSE3+SSSE3+SSE4.1+SSE4.2+POPCNT,X86Base+SSE+SSE2,AES+PCLMUL VectorSize=256
// Job: Job-YFEFPZ(IterationCount=10, WarmupCount=3)

OverheadJitting  1: 1 op, 263223.00 ns, 263.2230 us/op
WorkloadJitting  1: 1 op, 377166.00 ns, 377.1660 us/op

OverheadJitting  2: 16 op, 473697.00 ns, 29.6061 us/op
WorkloadJitting  2: 16 op, 645859.00 ns, 40.3662 us/op

WorkloadPilot    1: 16 op, 148678.00 ns, 9.2924 us/op
WorkloadPilot    2: 32 op, 282689.00 ns, 8.8340 us/op
WorkloadPilot    3: 64 op, 519372.00 ns, 8.1152 us/op
WorkloadPilot    4: 128 op, 884545.00 ns, 6.9105 us/op
WorkloadPilot    5: 256 op, 1791792.00 ns, 6.9992 us/op
WorkloadPilot    6: 512 op, 3527049.00 ns, 6.8888 us/op
WorkloadPilot    7: 1024 op, 7046705.00 ns, 6.8815 us/op
WorkloadPilot    8: 2048 op, 14394343.00 ns, 7.0285 us/op
WorkloadPilot    9: 4096 op, 28574265.00 ns, 6.9761 us/op
WorkloadPilot   10: 8192 op, 45939336.00 ns, 5.6078 us/op
WorkloadPilot   11: 16384 op, 89192696.00 ns, 5.4439 us/op
WorkloadPilot   12: 32768 op, 180158911.00 ns, 5.4980 us/op
WorkloadPilot   13: 65536 op, 354075011.00 ns, 5.4028 us/op
WorkloadPilot   14: 131072 op, 704897106.00 ns, 5.3779 us/op

OverheadWarmup   1: 131072 op, 449742.00 ns, 3.4313 ns/op
OverheadWarmup   2: 131072 op, 430626.00 ns, 3.2854 ns/op
OverheadWarmup   3: 131072 op, 434062.00 ns, 3.3116 ns/op
OverheadWarmup   4: 131072 op, 429865.00 ns, 3.2796 ns/op
OverheadWarmup   5: 131072 op, 430025.00 ns, 3.2808 ns/op
OverheadWarmup   6: 131072 op, 429844.00 ns, 3.2794 ns/op

OverheadActual   1: 131072 op, 430686.00 ns, 3.2859 ns/op
OverheadActual   2: 131072 op, 429854.00 ns, 3.2795 ns/op
OverheadActual   3: 131072 op, 430656.00 ns, 3.2856 ns/op
OverheadActual   4: 131072 op, 448219.00 ns, 3.4196 ns/op
OverheadActual   5: 131072 op, 430626.00 ns, 3.2854 ns/op
OverheadActual   6: 131072 op, 430626.00 ns, 3.2854 ns/op
OverheadActual   7: 131072 op, 463507.00 ns, 3.5363 ns/op
OverheadActual   8: 131072 op, 448489.00 ns, 3.4217 ns/op
OverheadActual   9: 131072 op, 446826.00 ns, 3.4090 ns/op
OverheadActual  10: 131072 op, 429844.00 ns, 3.2794 ns/op
OverheadActual  11: 131072 op, 430105.00 ns, 3.2814 ns/op
OverheadActual  12: 131072 op, 429834.00 ns, 3.2794 ns/op
OverheadActual  13: 131072 op, 429794.00 ns, 3.2791 ns/op
OverheadActual  14: 131072 op, 445593.00 ns, 3.3996 ns/op
OverheadActual  15: 131072 op, 591477.00 ns, 4.5126 ns/op

WorkloadWarmup   1: 131072 op, 714514631.00 ns, 5.4513 us/op
WorkloadWarmup   2: 131072 op, 709177392.00 ns, 5.4106 us/op
WorkloadWarmup   3: 131072 op, 706633114.00 ns, 5.3912 us/op

// BeforeActualRun
WorkloadActual   1: 131072 op, 709322295.00 ns, 5.4117 us/op
WorkloadActual   2: 131072 op, 709715110.00 ns, 5.4147 us/op
WorkloadActual   3: 131072 op, 707986986.00 ns, 5.4015 us/op
WorkloadActual   4: 131072 op, 707256007.00 ns, 5.3959 us/op
WorkloadActual   5: 131072 op, 708957642.00 ns, 5.4089 us/op
WorkloadActual   6: 131072 op, 711369076.00 ns, 5.4273 us/op
WorkloadActual   7: 131072 op, 709167084.00 ns, 5.4105 us/op
WorkloadActual   8: 131072 op, 706619035.00 ns, 5.3911 us/op
WorkloadActual   9: 131072 op, 710960811.00 ns, 5.4242 us/op
WorkloadActual  10: 131072 op, 709460503.00 ns, 5.4128 us/op

// AfterActualRun
WorkloadResult   1: 131072 op, 708891639.00 ns, 5.4084 us/op
WorkloadResult   2: 131072 op, 709284454.00 ns, 5.4114 us/op
WorkloadResult   3: 131072 op, 707556330.00 ns, 5.3982 us/op
WorkloadResult   4: 131072 op, 706825351.00 ns, 5.3926 us/op
WorkloadResult   5: 131072 op, 708526986.00 ns, 5.4056 us/op
WorkloadResult   6: 131072 op, 710938420.00 ns, 5.4240 us/op
WorkloadResult   7: 131072 op, 708736428.00 ns, 5.4072 us/op
WorkloadResult   8: 131072 op, 706188379.00 ns, 5.3878 us/op
WorkloadResult   9: 131072 op, 710530155.00 ns, 5.4209 us/op
WorkloadResult  10: 131072 op, 709029847.00 ns, 5.4095 us/op
// GC:  28 0 0 483400032 131072
// Threading:  0 0 131072

// AfterAll
// Benchmark Process 3087 has exited with code 0.

Mean = 5.407 μs, StdErr = 0.004 μs (0.07%), N = 10, StdDev = 0.011 μs
Min = 5.388 μs, Q1 = 5.400 μs, Median = 5.408 μs, Q3 = 5.411 μs, Max = 5.424 μs
IQR = 0.011 μs, LowerFence = 5.384 μs, UpperFence = 5.427 μs
ConfidenceInterval = [5.389 μs; 5.424 μs] (CI 99.9%), Margin = 0.017 μs (0.32% of Mean)
Skewness = -0.1, Kurtosis = 1.81, MValue = 2

// ** Remained 13 (92.9 %) benchmark(s) to run. Estimated finish 2026-09-27 19:49 (0h 2m from now) **
// **************************
// Benchmark: EncryptDecryptBenchmarks.Encrypt_Large: Job-YFEFPZ(IterationCount=10, WarmupCount=3)
// *** Execute ***
// Launch: 1 / 1
// Execute: dotnet Encina.Messaging.Encryption.Benchmarks-Job-YFEFPZ-1.dll --anonymousPipes 146 147 --benchmarkName Encina.Messaging.Encryption.Benchmarks.EncryptDecryptBenchmarks.Encrypt_Large --job "IterationCount=10, WarmupCount=3" --benchmarkId 1 in /home/runner/work/Encina/Encina/tests/Encina.BenchmarkTests/Encina.Messaging.Encryption.Benchmarks/bin/Release/net10.0/Encina.Messaging.Encryption.Benchmarks-Job-YFEFPZ-1/bin/Release/net10.0
// Failed to set up high priority (Permission denied). In order to run benchmarks with high priority, make sure you have the right permissions.
// BeforeAnythingElse

// Benchmark Process Environment Information:
// BenchmarkDotNet v0.15.8
// Runtime=.NET 10.0.12 (10.0.12, 10.0.1226.42308), X64 RyuJIT x86-64-v3
// GC=Concurrent Workstation
// HardwareIntrinsics=AVX2+BMI1+BMI2+F16C+FMA+LZCNT+MOVBE,AVX,SSE3+SSSE3+SSE4.1+SSE4.2+POPCNT,X86Base+SSE+SSE2,AES+PCLMUL VectorSize=256
// Job: Job-YFEFPZ(IterationCount=10, WarmupCount=3)

OverheadJitting  1: 1 op, 236984.00 ns, 236.9840 us/op
WorkloadJitting  1: 1 op, 497190.00 ns, 497.1900 us/op

OverheadJitting  2: 16 op, 448229.00 ns, 28.0143 us/op
WorkloadJitting  2: 16 op, 2518251.00 ns, 157.3907 us/op

WorkloadPilot    1: 16 op, 2017154.00 ns, 126.0721 us/op
WorkloadPilot    2: 32 op, 2708678.00 ns, 84.6462 us/op
WorkloadPilot    3: 64 op, 6709673.00 ns, 104.8386 us/op
WorkloadPilot    4: 128 op, 7635455.00 ns, 59.6520 us/op
WorkloadPilot    5: 256 op, 9459978.00 ns, 36.9530 us/op
WorkloadPilot    6: 512 op, 20053708.00 ns, 39.1674 us/op
WorkloadPilot    7: 1024 op, 34236261.00 ns, 33.4338 us/op
WorkloadPilot    8: 2048 op, 68736558.00 ns, 33.5628 us/op
WorkloadPilot    9: 4096 op, 133701019.00 ns, 32.6419 us/op
WorkloadPilot   10: 8192 op, 272524372.00 ns, 33.2671 us/op
WorkloadPilot   11: 16384 op, 539495283.00 ns, 32.9282 us/op

OverheadWarmup   1: 16384 op, 54402.00 ns, 3.3204 ns/op
OverheadWarmup   2: 16384 op, 54182.00 ns, 3.3070 ns/op
OverheadWarmup   3: 16384 op, 54191.00 ns, 3.3076 ns/op
OverheadWarmup   4: 16384 op, 54181.00 ns, 3.3069 ns/op
OverheadWarmup   5: 16384 op, 54181.00 ns, 3.3069 ns/op
OverheadWarmup   6: 16384 op, 54172.00 ns, 3.3064 ns/op

OverheadActual   1: 16384 op, 54261.00 ns, 3.3118 ns/op
OverheadActual   2: 16384 op, 54291.00 ns, 3.3137 ns/op
OverheadActual   3: 16384 op, 54271.00 ns, 3.3124 ns/op
OverheadActual   4: 16384 op, 54222.00 ns, 3.3094 ns/op
OverheadActual   5: 16384 op, 54212.00 ns, 3.3088 ns/op
OverheadActual   6: 16384 op, 54311.00 ns, 3.3149 ns/op
OverheadActual   7: 16384 op, 54181.00 ns, 3.3069 ns/op
OverheadActual   8: 16384 op, 54191.00 ns, 3.3076 ns/op
OverheadActual   9: 16384 op, 54202.00 ns, 3.3082 ns/op
OverheadActual  10: 16384 op, 54171.00 ns, 3.3063 ns/op
OverheadActual  11: 16384 op, 54241.00 ns, 3.3106 ns/op
OverheadActual  12: 16384 op, 54201.00 ns, 3.3082 ns/op
OverheadActual  13: 16384 op, 54172.00 ns, 3.3064 ns/op
OverheadActual  14: 16384 op, 54221.00 ns, 3.3094 ns/op
OverheadActual  15: 16384 op, 54211.00 ns, 3.3088 ns/op

WorkloadWarmup   1: 16384 op, 536933389.00 ns, 32.7718 us/op
WorkloadWarmup   2: 16384 op, 560947860.00 ns, 34.2375 us/op
WorkloadWarmup   3: 16384 op, 541928224.00 ns, 33.0767 us/op

// BeforeActualRun
WorkloadActual   1: 16384 op, 548100953.00 ns, 33.4534 us/op
WorkloadActual   2: 16384 op, 529332980.00 ns, 32.3079 us/op
WorkloadActual   3: 16384 op, 539182958.00 ns, 32.9091 us/op
WorkloadActual   4: 16384 op, 540416537.00 ns, 32.9844 us/op
WorkloadActual   5: 16384 op, 530856641.00 ns, 32.4009 us/op
WorkloadActual   6: 16384 op, 546760345.00 ns, 33.3716 us/op
WorkloadActual   7: 16384 op, 543843102.00 ns, 33.1935 us/op
WorkloadActual   8: 16384 op, 566854079.00 ns, 34.5980 us/op
WorkloadActual   9: 16384 op, 598693238.00 ns, 36.5413 us/op
WorkloadActual  10: 16384 op, 596663131.00 ns, 36.4174 us/op

// AfterActualRun
WorkloadResult   1: 16384 op, 548046741.00 ns, 33.4501 us/op
WorkloadResult   2: 16384 op, 529278768.00 ns, 32.3046 us/op
WorkloadResult   3: 16384 op, 539128746.00 ns, 32.9058 us/op
WorkloadResult   4: 16384 op, 540362325.00 ns, 32.9811 us/op
WorkloadResult   5: 16384 op, 530802429.00 ns, 32.3976 us/op
WorkloadResult   6: 16384 op, 546706133.00 ns, 33.3683 us/op
WorkloadResult   7: 16384 op, 543788890.00 ns, 33.1902 us/op
WorkloadResult   8: 16384 op, 566799867.00 ns, 34.5947 us/op
// GC:  192 0 0 3231361248 16384
// Threading:  0 0 16384

// AfterAll
// Benchmark Process 3097 has exited with code 0.

Mean = 33.149 μs, StdErr = 0.253 μs (0.76%), N = 8, StdDev = 0.717 μs
Min = 32.305 μs, Q1 = 32.779 μs, Median = 33.086 μs, Q3 = 33.389 μs, Max = 34.595 μs
IQR = 0.610 μs, LowerFence = 31.864 μs, UpperFence = 34.304 μs
ConfidenceInterval = [31.779 μs; 34.519 μs] (CI 99.9%), Margin = 1.370 μs (4.13% of Mean)
Skewness = 0.68, Kurtosis = 2.47, MValue = 2

// ** Remained 12 (85.7 %) benchmark(s) to run. Estimated finish 2026-09-27 19:49 (0h 2m from now) **
// **************************
// Benchmark: EncryptDecryptBenchmarks.Decrypt_Medium: Job-YFEFPZ(IterationCount=10, WarmupCount=3)
// *** Execute ***
// Launch: 1 / 1
// Execute: dotnet Encina.Messaging.Encryption.Benchmarks-Job-YFEFPZ-1.dll --anonymousPipes 146 147 --benchmarkName Encina.Messaging.Encryption.Benchmarks.EncryptDecryptBenchmarks.Decrypt_Medium --job "IterationCount=10, WarmupCount=3" --benchmarkId 2 in /home/runner/work/Encina/Encina/tests/Encina.BenchmarkTests/Encina.Messaging.Encryption.Benchmarks/bin/Release/net10.0/Encina.Messaging.Encryption.Benchmarks-Job-YFEFPZ-1/bin/Release/net10.0
// Failed to set up high priority (Permission denied). In order to run benchmarks with high priority, make sure you have the right permissions.
// BeforeAnythingElse

// Benchmark Process Environment Information:
// BenchmarkDotNet v0.15.8
// Runtime=.NET 10.0.12 (10.0.12, 10.0.1226.42308), X64 RyuJIT x86-64-v3
// GC=Concurrent Workstation
// HardwareIntrinsics=AVX2+BMI1+BMI2+F16C+FMA+LZCNT+MOVBE,AVX,SSE3+SSSE3+SSE4.1+SSE4.2+POPCNT,X86Base+SSE+SSE2,AES+PCLMUL VectorSize=256
// Job: Job-YFEFPZ(IterationCount=10, WarmupCount=3)

OverheadJitting  1: 1 op, 224439.00 ns, 224.4390 us/op
WorkloadJitting  1: 1 op, 16502022.00 ns, 16.5020 ms/op

OverheadJitting  2: 16 op, 211265.00 ns, 13.2041 us/op
WorkloadJitting  2: 16 op, 425875.00 ns, 26.6172 us/op

WorkloadPilot    1: 16 op, 157374.00 ns, 9.8359 us/op
WorkloadPilot    2: 32 op, 236001.00 ns, 7.3750 us/op
WorkloadPilot    3: 64 op, 422088.00 ns, 6.5951 us/op
WorkloadPilot    4: 128 op, 631459.00 ns, 4.9333 us/op
WorkloadPilot    5: 256 op, 1327359.00 ns, 5.1850 us/op
WorkloadPilot    6: 512 op, 2585407.00 ns, 5.0496 us/op
WorkloadPilot    7: 1024 op, 5073113.00 ns, 4.9542 us/op
WorkloadPilot    8: 2048 op, 10122781.00 ns, 4.9428 us/op
WorkloadPilot    9: 4096 op, 20470973.00 ns, 4.9978 us/op
WorkloadPilot   10: 8192 op, 38729083.00 ns, 4.7277 us/op
WorkloadPilot   11: 16384 op, 65903834.00 ns, 4.0225 us/op
WorkloadPilot   12: 32768 op, 132907069.00 ns, 4.0560 us/op
WorkloadPilot   13: 65536 op, 263347284.00 ns, 4.0184 us/op
WorkloadPilot   14: 131072 op, 521962834.00 ns, 3.9823 us/op

OverheadWarmup   1: 131072 op, 229678.00 ns, 1.7523 ns/op
OverheadWarmup   2: 131072 op, 265696.00 ns, 2.0271 ns/op
OverheadWarmup   3: 131072 op, 212507.00 ns, 1.6213 ns/op
OverheadWarmup   4: 131072 op, 212607.00 ns, 1.6221 ns/op
OverheadWarmup   5: 131072 op, 213369.00 ns, 1.6279 ns/op
OverheadWarmup   6: 131072 op, 229239.00 ns, 1.7490 ns/op
OverheadWarmup   7: 131072 op, 212617.00 ns, 1.6221 ns/op

OverheadActual   1: 131072 op, 212577.00 ns, 1.6218 ns/op
OverheadActual   2: 131072 op, 212947.00 ns, 1.6247 ns/op
OverheadActual   3: 131072 op, 236091.00 ns, 1.8012 ns/op
OverheadActual   4: 131072 op, 220462.00 ns, 1.6820 ns/op
OverheadActual   5: 131072 op, 212637.00 ns, 1.6223 ns/op
OverheadActual   6: 131072 op, 212557.00 ns, 1.6217 ns/op
OverheadActual   7: 131072 op, 235410.00 ns, 1.7960 ns/op
OverheadActual   8: 131072 op, 212577.00 ns, 1.6218 ns/op
OverheadActual   9: 131072 op, 212628.00 ns, 1.6222 ns/op
OverheadActual  10: 131072 op, 213338.00 ns, 1.6276 ns/op
OverheadActual  11: 131072 op, 248564.00 ns, 1.8964 ns/op
OverheadActual  12: 131072 op, 212537.00 ns, 1.6215 ns/op
OverheadActual  13: 131072 op, 212606.00 ns, 1.6221 ns/op
OverheadActual  14: 131072 op, 213289.00 ns, 1.6273 ns/op
OverheadActual  15: 131072 op, 212597.00 ns, 1.6220 ns/op

WorkloadWarmup   1: 131072 op, 530137673.00 ns, 4.0446 us/op
WorkloadWarmup   2: 131072 op, 535041157.00 ns, 4.0820 us/op
WorkloadWarmup   3: 131072 op, 526528523.00 ns, 4.0171 us/op

// BeforeActualRun
WorkloadActual   1: 131072 op, 528871972.00 ns, 4.0350 us/op
WorkloadActual   2: 131072 op, 524756290.00 ns, 4.0036 us/op
WorkloadActual   3: 131072 op, 525204308.00 ns, 4.0070 us/op
WorkloadActual   4: 131072 op, 526513017.00 ns, 4.0170 us/op
WorkloadActual   5: 131072 op, 527586597.00 ns, 4.0252 us/op
WorkloadActual   6: 131072 op, 529191039.00 ns, 4.0374 us/op
WorkloadActual   7: 131072 op, 528255764.00 ns, 4.0303 us/op
WorkloadActual   8: 131072 op, 536729492.00 ns, 4.0949 us/op
WorkloadActual   9: 131072 op, 528384561.00 ns, 4.0313 us/op
WorkloadActual  10: 131072 op, 528991917.00 ns, 4.0359 us/op

// AfterActualRun
WorkloadResult   1: 131072 op, 528659335.00 ns, 4.0334 us/op
WorkloadResult   2: 131072 op, 524543653.00 ns, 4.0020 us/op
WorkloadResult   3: 131072 op, 524991671.00 ns, 4.0054 us/op
WorkloadResult   4: 131072 op, 526300380.00 ns, 4.0154 us/op
WorkloadResult   5: 131072 op, 527373960.00 ns, 4.0235 us/op
WorkloadResult   6: 131072 op, 528978402.00 ns, 4.0358 us/op
WorkloadResult   7: 131072 op, 528043127.00 ns, 4.0286 us/op
WorkloadResult   8: 131072 op, 528171924.00 ns, 4.0296 us/op
WorkloadResult   9: 131072 op, 528779280.00 ns, 4.0343 us/op
// GC:  18 0 0 316674208 131072
// Threading:  0 0 131072

// AfterAll
// Benchmark Process 3106 has exited with code 0.

Mean = 4.023 μs, StdErr = 0.004 μs (0.11%), N = 9, StdDev = 0.013 μs
Min = 4.002 μs, Q1 = 4.015 μs, Median = 4.029 μs, Q3 = 4.033 μs, Max = 4.036 μs
IQR = 0.018 μs, LowerFence = 3.988 μs, UpperFence = 4.060 μs
ConfidenceInterval = [4.002 μs; 4.044 μs] (CI 99.9%), Margin = 0.021 μs (0.53% of Mean)
Skewness = -0.57, Kurtosis = 1.54, MValue = 2

// ** Remained 11 (78.6 %) benchmark(s) to run. Estimated finish 2026-09-27 19:49 (0h 1m from now) **
// **************************
// Benchmark: EncryptDecryptBenchmarks.Decrypt_Large: Job-YFEFPZ(IterationCount=10, WarmupCount=3)
// *** Execute ***
// Launch: 1 / 1
// Execute: dotnet Encina.Messaging.Encryption.Benchmarks-Job-YFEFPZ-1.dll --anonymousPipes 146 147 --benchmarkName Encina.Messaging.Encryption.Benchmarks.EncryptDecryptBenchmarks.Decrypt_Large --job "IterationCount=10, WarmupCount=3" --benchmarkId 3 in /home/runner/work/Encina/Encina/tests/Encina.BenchmarkTests/Encina.Messaging.Encryption.Benchmarks/bin/Release/net10.0/Encina.Messaging.Encryption.Benchmarks-Job-YFEFPZ-1/bin/Release/net10.0
// Failed to set up high priority (Permission denied). In order to run benchmarks with high priority, make sure you have the right permissions.
// BeforeAnythingElse

// Benchmark Process Environment Information:
// BenchmarkDotNet v0.15.8
// Runtime=.NET 10.0.12 (10.0.12, 10.0.1226.42308), X64 RyuJIT x86-64-v3
// GC=Concurrent Workstation
// HardwareIntrinsics=AVX2+BMI1+BMI2+F16C+FMA+LZCNT+MOVBE,AVX,SSE3+SSSE3+SSE4.1+SSE4.2+POPCNT,X86Base+SSE+SSE2,AES+PCLMUL VectorSize=256
// Job: Job-YFEFPZ(IterationCount=10, WarmupCount=3)

OverheadJitting  1: 1 op, 223559.00 ns, 223.5590 us/op
WorkloadJitting  1: 1 op, 16707345.00 ns, 16.7073 ms/op

OverheadJitting  2: 16 op, 212318.00 ns, 13.2699 us/op
WorkloadJitting  2: 16 op, 1845652.00 ns, 115.3533 us/op

WorkloadPilot    1: 16 op, 1513952.00 ns, 94.6220 us/op
WorkloadPilot    2: 32 op, 1903982.00 ns, 59.4994 us/op
WorkloadPilot    3: 64 op, 4862427.00 ns, 75.9754 us/op
WorkloadPilot    4: 128 op, 9455930.00 ns, 73.8745 us/op
WorkloadPilot    5: 256 op, 9615147.00 ns, 37.5592 us/op
WorkloadPilot    6: 512 op, 14739885.00 ns, 28.7888 us/op
WorkloadPilot    7: 1024 op, 28520254.00 ns, 27.8518 us/op
WorkloadPilot    8: 2048 op, 58130719.00 ns, 28.3841 us/op
WorkloadPilot    9: 4096 op, 114294828.00 ns, 27.9040 us/op
WorkloadPilot   10: 8192 op, 228834184.00 ns, 27.9339 us/op
WorkloadPilot   11: 16384 op, 460631030.00 ns, 28.1147 us/op
WorkloadPilot   12: 32768 op, 917981984.00 ns, 28.0146 us/op

OverheadWarmup   1: 32768 op, 54141.00 ns, 1.6523 ns/op
OverheadWarmup   2: 32768 op, 84849.00 ns, 2.5894 ns/op
OverheadWarmup   3: 32768 op, 68207.00 ns, 2.0815 ns/op
OverheadWarmup   4: 32768 op, 68839.00 ns, 2.1008 ns/op
OverheadWarmup   5: 32768 op, 82204.00 ns, 2.5087 ns/op
OverheadWarmup   6: 32768 op, 68128.00 ns, 2.0791 ns/op

OverheadActual   1: 32768 op, 74038.00 ns, 2.2595 ns/op
OverheadActual   2: 32768 op, 70542.00 ns, 2.1528 ns/op
OverheadActual   3: 32768 op, 69670.00 ns, 2.1262 ns/op
OverheadActual   4: 32768 op, 69029.00 ns, 2.1066 ns/op
OverheadActual   5: 32768 op, 68839.00 ns, 2.1008 ns/op
OverheadActual   6: 32768 op, 68148.00 ns, 2.0797 ns/op
OverheadActual   7: 32768 op, 69561.00 ns, 2.1228 ns/op
OverheadActual   8: 32768 op, 69581.00 ns, 2.1234 ns/op
OverheadActual   9: 32768 op, 68588.00 ns, 2.0931 ns/op
OverheadActual  10: 32768 op, 68809.00 ns, 2.0999 ns/op
OverheadActual  11: 32768 op, 71343.00 ns, 2.1772 ns/op
OverheadActual  12: 32768 op, 68939.00 ns, 2.1039 ns/op
OverheadActual  13: 32768 op, 68418.00 ns, 2.0880 ns/op
OverheadActual  14: 32768 op, 68818.00 ns, 2.1002 ns/op
OverheadActual  15: 32768 op, 71563.00 ns, 2.1839 ns/op

WorkloadWarmup   1: 32768 op, 912063832.00 ns, 27.8340 us/op
WorkloadWarmup   2: 32768 op, 911792275.00 ns, 27.8257 us/op
WorkloadWarmup   3: 32768 op, 909527047.00 ns, 27.7566 us/op

// BeforeActualRun
WorkloadActual   1: 32768 op, 909283274.00 ns, 27.7491 us/op
WorkloadActual   2: 32768 op, 909529889.00 ns, 27.7566 us/op
WorkloadActual   3: 32768 op, 896327585.00 ns, 27.3537 us/op
WorkloadActual   4: 32768 op, 910017962.00 ns, 27.7715 us/op
WorkloadActual   5: 32768 op, 897517521.00 ns, 27.3901 us/op
WorkloadActual   6: 32768 op, 909412460.00 ns, 27.7531 us/op
WorkloadActual   7: 32768 op, 893135793.00 ns, 27.2563 us/op
WorkloadActual   8: 32768 op, 901883211.00 ns, 27.5233 us/op
WorkloadActual   9: 32768 op, 895920315.00 ns, 27.3413 us/op
WorkloadActual  10: 32768 op, 913331171.00 ns, 27.8727 us/op

// AfterActualRun
WorkloadResult   1: 32768 op, 909214245.00 ns, 27.7470 us/op
WorkloadResult   2: 32768 op, 909460860.00 ns, 27.7545 us/op
WorkloadResult   3: 32768 op, 896258556.00 ns, 27.3516 us/op
WorkloadResult   4: 32768 op, 909948933.00 ns, 27.7694 us/op
WorkloadResult   5: 32768 op, 897448492.00 ns, 27.3880 us/op
WorkloadResult   6: 32768 op, 909343431.00 ns, 27.7510 us/op
WorkloadResult   7: 32768 op, 893066764.00 ns, 27.2542 us/op
WorkloadResult   8: 32768 op, 901814182.00 ns, 27.5212 us/op
WorkloadResult   9: 32768 op, 895851286.00 ns, 27.3392 us/op
WorkloadResult  10: 32768 op, 913262142.00 ns, 27.8705 us/op
// GC:  257 32 0 4307083488 32768
// Threading:  0 0 32768

// AfterAll
// Benchmark Process 3114 has exited with code 0.

Mean = 27.575 μs, StdErr = 0.072 μs (0.26%), N = 10, StdDev = 0.227 μs
Min = 27.254 μs, Q1 = 27.361 μs, Median = 27.634 μs, Q3 = 27.754 μs, Max = 27.871 μs
IQR = 0.393 μs, LowerFence = 26.771 μs, UpperFence = 28.343 μs
ConfidenceInterval = [27.231 μs; 27.918 μs] (CI 99.9%), Margin = 0.343 μs (1.25% of Mean)
Skewness = -0.12, Kurtosis = 1.1, MValue = 2

// ** Remained 10 (71.4 %) benchmark(s) to run. Estimated finish 2026-09-27 19:49 (0h 1m from now) **
// **************************
// Benchmark: EncryptDecryptBenchmarks.Encrypt_Medium: ShortRun(IterationCount=3, LaunchCount=1, WarmupCount=3)
// *** Execute ***
// Launch: 1 / 1
// Execute: dotnet Encina.Messaging.Encryption.Benchmarks-Job-YFEFPZ-1.dll --anonymousPipes 146 147 --benchmarkName Encina.Messaging.Encryption.Benchmarks.EncryptDecryptBenchmarks.Encrypt_Medium --job ShortRun --benchmarkId 4 in /home/runner/work/Encina/Encina/tests/Encina.BenchmarkTests/Encina.Messaging.Encryption.Benchmarks/bin/Release/net10.0/Encina.Messaging.Encryption.Benchmarks-Job-YFEFPZ-1/bin/Release/net10.0
// Failed to set up high priority (Permission denied). In order to run benchmarks with high priority, make sure you have the right permissions.
// BeforeAnythingElse

// Benchmark Process Environment Information:
// BenchmarkDotNet v0.15.8
// Runtime=.NET 10.0.12 (10.0.12, 10.0.1226.42308), X64 RyuJIT x86-64-v3
// GC=Concurrent Workstation
// HardwareIntrinsics=AVX2+BMI1+BMI2+F16C+FMA+LZCNT+MOVBE,AVX,SSE3+SSSE3+SSE4.1+SSE4.2+POPCNT,X86Base+SSE+SSE2,AES+PCLMUL VectorSize=256
// Job: ShortRun(IterationCount=3, LaunchCount=1, WarmupCount=3)

OverheadJitting  1: 1 op, 238196.00 ns, 238.1960 us/op
WorkloadJitting  1: 1 op, 352941.00 ns, 352.9410 us/op

OverheadJitting  2: 16 op, 475420.00 ns, 29.7138 us/op
WorkloadJitting  2: 16 op, 636732.00 ns, 39.7958 us/op

WorkloadPilot    1: 16 op, 156924.00 ns, 9.8078 us/op
WorkloadPilot    2: 32 op, 274604.00 ns, 8.5814 us/op
WorkloadPilot    3: 64 op, 516818.00 ns, 8.0753 us/op
WorkloadPilot    4: 128 op, 944618.00 ns, 7.3798 us/op
WorkloadPilot    5: 256 op, 1935142.00 ns, 7.5591 us/op
WorkloadPilot    6: 512 op, 3795967.00 ns, 7.4140 us/op
WorkloadPilot    7: 1024 op, 7420973.00 ns, 7.2470 us/op
WorkloadPilot    8: 2048 op, 14963733.00 ns, 7.3065 us/op
WorkloadPilot    9: 4096 op, 29723274.00 ns, 7.2567 us/op
WorkloadPilot   10: 8192 op, 48724966.00 ns, 5.9479 us/op
WorkloadPilot   11: 16384 op, 97022262.00 ns, 5.9218 us/op
WorkloadPilot   12: 32768 op, 188769959.00 ns, 5.7608 us/op
WorkloadPilot   13: 65536 op, 376260092.00 ns, 5.7413 us/op
WorkloadPilot   14: 131072 op, 753971489.00 ns, 5.7523 us/op

OverheadWarmup   1: 131072 op, 430235.00 ns, 3.2824 ns/op
OverheadWarmup   2: 131072 op, 445685.00 ns, 3.4003 ns/op
OverheadWarmup   3: 131072 op, 440504.00 ns, 3.3608 ns/op
OverheadWarmup   4: 131072 op, 445394.00 ns, 3.3981 ns/op
OverheadWarmup   5: 131072 op, 446316.00 ns, 3.4051 ns/op
OverheadWarmup   6: 131072 op, 445895.00 ns, 3.4019 ns/op

OverheadActual   1: 131072 op, 450483.00 ns, 3.4369 ns/op
OverheadActual   2: 131072 op, 459791.00 ns, 3.5079 ns/op
OverheadActual   3: 131072 op, 446045.00 ns, 3.4031 ns/op
OverheadActual   4: 131072 op, 460612.00 ns, 3.5142 ns/op
OverheadActual   5: 131072 op, 446526.00 ns, 3.4067 ns/op
OverheadActual   6: 131072 op, 445565.00 ns, 3.3994 ns/op
OverheadActual   7: 131072 op, 445905.00 ns, 3.4020 ns/op
OverheadActual   8: 131072 op, 446055.00 ns, 3.4031 ns/op
OverheadActual   9: 131072 op, 445464.00 ns, 3.3986 ns/op
OverheadActual  10: 131072 op, 445253.00 ns, 3.3970 ns/op
OverheadActual  11: 131072 op, 445153.00 ns, 3.3962 ns/op
OverheadActual  12: 131072 op, 445223.00 ns, 3.3968 ns/op
OverheadActual  13: 131072 op, 445173.00 ns, 3.3964 ns/op
OverheadActual  14: 131072 op, 445243.00 ns, 3.3969 ns/op
OverheadActual  15: 131072 op, 448038.00 ns, 3.4183 ns/op

WorkloadWarmup   1: 131072 op, 758830556.00 ns, 5.7894 us/op
WorkloadWarmup   2: 131072 op, 761943163.00 ns, 5.8132 us/op
WorkloadWarmup   3: 131072 op, 757256520.00 ns, 5.7774 us/op

// BeforeActualRun
WorkloadActual   1: 131072 op, 759967655.00 ns, 5.7981 us/op
WorkloadActual   2: 131072 op, 764984837.00 ns, 5.8364 us/op
WorkloadActual   3: 131072 op, 757262123.00 ns, 5.7775 us/op

// AfterActualRun
WorkloadResult   1: 131072 op, 759521750.00 ns, 5.7947 us/op
WorkloadResult   2: 131072 op, 764538932.00 ns, 5.8330 us/op
WorkloadResult   3: 131072 op, 756816218.00 ns, 5.7740 us/op
// GC:  28 0 0 483400032 131072
// Threading:  0 0 131072

// AfterAll
// Benchmark Process 3125 has exited with code 0.

Mean = 5.801 μs, StdErr = 0.017 μs (0.30%), N = 3, StdDev = 0.030 μs
Min = 5.774 μs, Q1 = 5.784 μs, Median = 5.795 μs, Q3 = 5.814 μs, Max = 5.833 μs
IQR = 0.029 μs, LowerFence = 5.740 μs, UpperFence = 5.858 μs
ConfidenceInterval = [5.255 μs; 6.346 μs] (CI 99.9%), Margin = 0.545 μs (9.40% of Mean)
Skewness = 0.19, Kurtosis = 0.67, MValue = 2

// ** Remained 9 (64.3 %) benchmark(s) to run. Estimated finish 2026-09-27 19:49 (0h 1m from now) **
// **************************
// Benchmark: EncryptDecryptBenchmarks.Encrypt_Large: ShortRun(IterationCount=3, LaunchCount=1, WarmupCount=3)
// *** Execute ***
// Launch: 1 / 1
// Execute: dotnet Encina.Messaging.Encryption.Benchmarks-Job-YFEFPZ-1.dll --anonymousPipes 146 147 --benchmarkName Encina.Messaging.Encryption.Benchmarks.EncryptDecryptBenchmarks.Encrypt_Large --job ShortRun --benchmarkId 5 in /home/runner/work/Encina/Encina/tests/Encina.BenchmarkTests/Encina.Messaging.Encryption.Benchmarks/bin/Release/net10.0/Encina.Messaging.Encryption.Benchmarks-Job-YFEFPZ-1/bin/Release/net10.0
// Failed to set up high priority (Permission denied). In order to run benchmarks with high priority, make sure you have the right permissions.
// BeforeAnythingElse

// Benchmark Process Environment Information:
// BenchmarkDotNet v0.15.8
// Runtime=.NET 10.0.12 (10.0.12, 10.0.1226.42308), X64 RyuJIT x86-64-v3
// GC=Concurrent Workstation
// HardwareIntrinsics=AVX2+BMI1+BMI2+F16C+FMA+LZCNT+MOVBE,AVX,SSE3+SSSE3+SSE4.1+SSE4.2+POPCNT,X86Base+SSE+SSE2,AES+PCLMUL VectorSize=256
// Job: ShortRun(IterationCount=3, LaunchCount=1, WarmupCount=3)

OverheadJitting  1: 1 op, 235621.00 ns, 235.6210 us/op
WorkloadJitting  1: 1 op, 465030.00 ns, 465.0300 us/op

OverheadJitting  2: 16 op, 450814.00 ns, 28.1759 us/op
WorkloadJitting  2: 16 op, 2558929.00 ns, 159.9331 us/op

WorkloadPilot    1: 16 op, 2151818.00 ns, 134.4886 us/op
WorkloadPilot    2: 32 op, 2955753.00 ns, 92.3673 us/op
WorkloadPilot    3: 64 op, 6718315.00 ns, 104.9737 us/op
WorkloadPilot    4: 128 op, 7706925.00 ns, 60.2104 us/op
WorkloadPilot    5: 256 op, 9939214.00 ns, 38.8251 us/op
WorkloadPilot    6: 512 op, 20731985.00 ns, 40.4922 us/op
WorkloadPilot    7: 1024 op, 35124655.00 ns, 34.3014 us/op
WorkloadPilot    8: 2048 op, 67339803.00 ns, 32.8808 us/op
WorkloadPilot    9: 4096 op, 140253990.00 ns, 34.2417 us/op
WorkloadPilot   10: 8192 op, 296818439.00 ns, 36.2327 us/op
WorkloadPilot   11: 16384 op, 595407504.00 ns, 36.3408 us/op

OverheadWarmup   1: 16384 op, 75762.00 ns, 4.6241 ns/op
OverheadWarmup   2: 16384 op, 54241.00 ns, 3.3106 ns/op
OverheadWarmup   3: 16384 op, 54202.00 ns, 3.3082 ns/op
OverheadWarmup   4: 16384 op, 54251.00 ns, 3.3112 ns/op
OverheadWarmup   5: 16384 op, 54201.00 ns, 3.3082 ns/op
OverheadWarmup   6: 16384 op, 54211.00 ns, 3.3088 ns/op
OverheadWarmup   7: 16384 op, 54411.00 ns, 3.3210 ns/op
OverheadWarmup   8: 16384 op, 54191.00 ns, 3.3076 ns/op

OverheadActual   1: 16384 op, 54242.00 ns, 3.3107 ns/op
OverheadActual   2: 16384 op, 54261.00 ns, 3.3118 ns/op
OverheadActual   3: 16384 op, 54222.00 ns, 3.3094 ns/op
OverheadActual   4: 16384 op, 54281.00 ns, 3.3130 ns/op
OverheadActual   5: 16384 op, 54212.00 ns, 3.3088 ns/op
OverheadActual   6: 16384 op, 54191.00 ns, 3.3076 ns/op
OverheadActual   7: 16384 op, 54202.00 ns, 3.3082 ns/op
OverheadActual   8: 16384 op, 54232.00 ns, 3.3101 ns/op
OverheadActual   9: 16384 op, 54252.00 ns, 3.3113 ns/op
OverheadActual  10: 16384 op, 54262.00 ns, 3.3119 ns/op
OverheadActual  11: 16384 op, 54262.00 ns, 3.3119 ns/op
OverheadActual  12: 16384 op, 54202.00 ns, 3.3082 ns/op
OverheadActual  13: 16384 op, 54222.00 ns, 3.3094 ns/op
OverheadActual  14: 16384 op, 54181.00 ns, 3.3069 ns/op
OverheadActual  15: 16384 op, 54221.00 ns, 3.3094 ns/op

WorkloadWarmup   1: 16384 op, 555816019.00 ns, 33.9243 us/op
WorkloadWarmup   2: 16384 op, 546873130.00 ns, 33.3785 us/op
WorkloadWarmup   3: 16384 op, 551409941.00 ns, 33.6554 us/op

// BeforeActualRun
WorkloadActual   1: 16384 op, 550017907.00 ns, 33.5704 us/op
WorkloadActual   2: 16384 op, 574203555.00 ns, 35.0466 us/op
WorkloadActual   3: 16384 op, 585131861.00 ns, 35.7136 us/op

// AfterActualRun
WorkloadResult   1: 16384 op, 549963685.00 ns, 33.5671 us/op
WorkloadResult   2: 16384 op, 574149333.00 ns, 35.0433 us/op
WorkloadResult   3: 16384 op, 585077639.00 ns, 35.7103 us/op
// GC:  192 0 0 3231361248 16384
// Threading:  0 0 16384

// AfterAll
// Benchmark Process 3133 has exited with code 0.

Mean = 34.774 μs, StdErr = 0.633 μs (1.82%), N = 3, StdDev = 1.097 μs
Min = 33.567 μs, Q1 = 34.305 μs, Median = 35.043 μs, Q3 = 35.377 μs, Max = 35.710 μs
IQR = 1.072 μs, LowerFence = 32.698 μs, UpperFence = 36.984 μs
ConfidenceInterval = [14.765 μs; 54.782 μs] (CI 99.9%), Margin = 20.009 μs (57.54% of Mean)
Skewness = -0.23, Kurtosis = 0.67, MValue = 2

// ** Remained 8 (57.1 %) benchmark(s) to run. Estimated finish 2026-09-27 19:48 (0h 1m from now) **
// **************************
// Benchmark: EncryptDecryptBenchmarks.Decrypt_Medium: ShortRun(IterationCount=3, LaunchCount=1, WarmupCount=3)
// *** Execute ***
// Launch: 1 / 1
// Execute: dotnet Encina.Messaging.Encryption.Benchmarks-Job-YFEFPZ-1.dll --anonymousPipes 146 147 --benchmarkName Encina.Messaging.Encryption.Benchmarks.EncryptDecryptBenchmarks.Decrypt_Medium --job ShortRun --benchmarkId 6 in /home/runner/work/Encina/Encina/tests/Encina.BenchmarkTests/Encina.Messaging.Encryption.Benchmarks/bin/Release/net10.0/Encina.Messaging.Encryption.Benchmarks-Job-YFEFPZ-1/bin/Release/net10.0
// Failed to set up high priority (Permission denied). In order to run benchmarks with high priority, make sure you have the right permissions.
// BeforeAnythingElse

// Benchmark Process Environment Information:
// BenchmarkDotNet v0.15.8
// Runtime=.NET 10.0.12 (10.0.12, 10.0.1226.42308), X64 RyuJIT x86-64-v3
// GC=Concurrent Workstation
// HardwareIntrinsics=AVX2+BMI1+BMI2+F16C+FMA+LZCNT+MOVBE,AVX,SSE3+SSSE3+SSE4.1+SSE4.2+POPCNT,X86Base+SSE+SSE2,AES+PCLMUL VectorSize=256
// Job: ShortRun(IterationCount=3, LaunchCount=1, WarmupCount=3)

OverheadJitting  1: 1 op, 227075.00 ns, 227.0750 us/op
WorkloadJitting  1: 1 op, 16563674.00 ns, 16.5637 ms/op

OverheadJitting  2: 16 op, 248124.00 ns, 15.5078 us/op
WorkloadJitting  2: 16 op, 418113.00 ns, 26.1321 us/op

WorkloadPilot    1: 16 op, 124132.00 ns, 7.7583 us/op
WorkloadPilot    2: 32 op, 199703.00 ns, 6.2407 us/op
WorkloadPilot    3: 64 op, 339946.00 ns, 5.3117 us/op
WorkloadPilot    4: 128 op, 578153.00 ns, 4.5168 us/op
WorkloadPilot    5: 256 op, 1217960.00 ns, 4.7577 us/op
WorkloadPilot    6: 512 op, 2454354.00 ns, 4.7937 us/op
WorkloadPilot    7: 1024 op, 4871097.00 ns, 4.7569 us/op
WorkloadPilot    8: 2048 op, 9484973.00 ns, 4.6313 us/op
WorkloadPilot    9: 4096 op, 18971541.00 ns, 4.6317 us/op
WorkloadPilot   10: 8192 op, 35943707.00 ns, 4.3877 us/op
WorkloadPilot   11: 16384 op, 60817686.00 ns, 3.7120 us/op
WorkloadPilot   12: 32768 op, 124586816.00 ns, 3.8021 us/op
WorkloadPilot   13: 65536 op, 242224915.00 ns, 3.6961 us/op
WorkloadPilot   14: 131072 op, 485003696.00 ns, 3.7003 us/op
WorkloadPilot   15: 262144 op, 964511170.00 ns, 3.6793 us/op

OverheadWarmup   1: 262144 op, 425767.00 ns, 1.6242 ns/op
OverheadWarmup   2: 262144 op, 438952.00 ns, 1.6745 ns/op
OverheadWarmup   3: 262144 op, 424745.00 ns, 1.6203 ns/op
OverheadWarmup   4: 262144 op, 428633.00 ns, 1.6351 ns/op
OverheadWarmup   5: 262144 op, 424705.00 ns, 1.6201 ns/op

OverheadActual   1: 262144 op, 424706.00 ns, 1.6201 ns/op
OverheadActual   2: 262144 op, 443551.00 ns, 1.6920 ns/op
OverheadActual   3: 262144 op, 424795.00 ns, 1.6205 ns/op
OverheadActual   4: 262144 op, 448129.00 ns, 1.7095 ns/op
OverheadActual   5: 262144 op, 424725.00 ns, 1.6202 ns/op
OverheadActual   6: 262144 op, 424745.00 ns, 1.6203 ns/op
OverheadActual   7: 262144 op, 424745.00 ns, 1.6203 ns/op
OverheadActual   8: 262144 op, 428944.00 ns, 1.6363 ns/op
OverheadActual   9: 262144 op, 425447.00 ns, 1.6230 ns/op
OverheadActual  10: 262144 op, 441166.00 ns, 1.6829 ns/op
OverheadActual  11: 262144 op, 439583.00 ns, 1.6769 ns/op
OverheadActual  12: 262144 op, 440996.00 ns, 1.6823 ns/op
OverheadActual  13: 262144 op, 440906.00 ns, 1.6819 ns/op
OverheadActual  14: 262144 op, 440665.00 ns, 1.6810 ns/op
OverheadActual  15: 262144 op, 424695.00 ns, 1.6201 ns/op

WorkloadWarmup   1: 262144 op, 974453053.00 ns, 3.7172 us/op
WorkloadWarmup   2: 262144 op, 973644810.00 ns, 3.7142 us/op
WorkloadWarmup   3: 262144 op, 967727371.00 ns, 3.6916 us/op

// BeforeActualRun
WorkloadActual   1: 262144 op, 970887527.00 ns, 3.7036 us/op
WorkloadActual   2: 262144 op, 969013118.00 ns, 3.6965 us/op
WorkloadActual   3: 262144 op, 970548893.00 ns, 3.7024 us/op

// AfterActualRun
WorkloadResult   1: 262144 op, 970458583.00 ns, 3.7020 us/op
WorkloadResult   2: 262144 op, 968584174.00 ns, 3.6949 us/op
WorkloadResult   3: 262144 op, 970119949.00 ns, 3.7007 us/op
// GC:  37 0 0 633348416 262144
// Threading:  0 0 262144

// AfterAll
// Benchmark Process 3140 has exited with code 0.

Mean = 3.699 μs, StdErr = 0.002 μs (0.06%), N = 3, StdDev = 0.004 μs
Min = 3.695 μs, Q1 = 3.698 μs, Median = 3.701 μs, Q3 = 3.701 μs, Max = 3.702 μs
IQR = 0.004 μs, LowerFence = 3.692 μs, UpperFence = 3.707 μs
ConfidenceInterval = [3.630 μs; 3.769 μs] (CI 99.9%), Margin = 0.070 μs (1.88% of Mean)
Skewness = -0.34, Kurtosis = 0.67, MValue = 2

// ** Remained 7 (50.0 %) benchmark(s) to run. Estimated finish 2026-09-27 19:48 (0h 1m from now) **
// **************************
// Benchmark: EncryptDecryptBenchmarks.Decrypt_Large: ShortRun(IterationCount=3, LaunchCount=1, WarmupCount=3)
// *** Execute ***
// Launch: 1 / 1
// Execute: dotnet Encina.Messaging.Encryption.Benchmarks-Job-YFEFPZ-1.dll --anonymousPipes 146 147 --benchmarkName Encina.Messaging.Encryption.Benchmarks.EncryptDecryptBenchmarks.Decrypt_Large --job ShortRun --benchmarkId 7 in /home/runner/work/Encina/Encina/tests/Encina.BenchmarkTests/Encina.Messaging.Encryption.Benchmarks/bin/Release/net10.0/Encina.Messaging.Encryption.Benchmarks-Job-YFEFPZ-1/bin/Release/net10.0
// Failed to set up high priority (Permission denied). In order to run benchmarks with high priority, make sure you have the right permissions.
// BeforeAnythingElse

// Benchmark Process Environment Information:
// BenchmarkDotNet v0.15.8
// Runtime=.NET 10.0.12 (10.0.12, 10.0.1226.42308), X64 RyuJIT x86-64-v3
// GC=Concurrent Workstation
// HardwareIntrinsics=AVX2+BMI1+BMI2+F16C+FMA+LZCNT+MOVBE,AVX,SSE3+SSSE3+SSE4.1+SSE4.2+POPCNT,X86Base+SSE+SSE2,AES+PCLMUL VectorSize=256
// Job: ShortRun(IterationCount=3, LaunchCount=1, WarmupCount=3)

OverheadJitting  1: 1 op, 221124.00 ns, 221.1240 us/op
WorkloadJitting  1: 1 op, 16726859.00 ns, 16.7269 ms/op

OverheadJitting  2: 16 op, 212228.00 ns, 13.2643 us/op
WorkloadJitting  2: 16 op, 1777358.00 ns, 111.0849 us/op

WorkloadPilot    1: 16 op, 1529353.00 ns, 95.5846 us/op
WorkloadPilot    2: 32 op, 1902703.00 ns, 59.4595 us/op
WorkloadPilot    3: 64 op, 4765663.00 ns, 74.4635 us/op
WorkloadPilot    4: 128 op, 9360656.00 ns, 73.1301 us/op
WorkloadPilot    5: 256 op, 9317435.00 ns, 36.3962 us/op
WorkloadPilot    6: 512 op, 14543130.00 ns, 28.4046 us/op
WorkloadPilot    7: 1024 op, 28401137.00 ns, 27.7355 us/op
WorkloadPilot    8: 2048 op, 55628877.00 ns, 27.1625 us/op
WorkloadPilot    9: 4096 op, 115926416.00 ns, 28.3023 us/op
WorkloadPilot   10: 8192 op, 221348133.00 ns, 27.0200 us/op
WorkloadPilot   11: 16384 op, 443581305.00 ns, 27.0741 us/op
WorkloadPilot   12: 32768 op, 914614797.00 ns, 27.9118 us/op

OverheadWarmup   1: 32768 op, 71904.00 ns, 2.1943 ns/op
OverheadWarmup   2: 32768 op, 68719.00 ns, 2.0971 ns/op
OverheadWarmup   3: 32768 op, 59491.00 ns, 1.8155 ns/op
OverheadWarmup   4: 32768 op, 65293.00 ns, 1.9926 ns/op
OverheadWarmup   5: 32768 op, 53500.00 ns, 1.6327 ns/op
OverheadWarmup   6: 32768 op, 53500.00 ns, 1.6327 ns/op
OverheadWarmup   7: 32768 op, 53500.00 ns, 1.6327 ns/op

OverheadActual   1: 32768 op, 53530.00 ns, 1.6336 ns/op
OverheadActual   2: 32768 op, 71614.00 ns, 2.1855 ns/op
OverheadActual   3: 32768 op, 53461.00 ns, 1.6315 ns/op
OverheadActual   4: 32768 op, 53440.00 ns, 1.6309 ns/op
OverheadActual   5: 32768 op, 53500.00 ns, 1.6327 ns/op
OverheadActual   6: 32768 op, 53540.00 ns, 1.6339 ns/op
OverheadActual   7: 32768 op, 53541.00 ns, 1.6339 ns/op
OverheadActual   8: 32768 op, 53470.00 ns, 1.6318 ns/op
OverheadActual   9: 32768 op, 53481.00 ns, 1.6321 ns/op
OverheadActual  10: 32768 op, 53520.00 ns, 1.6333 ns/op
OverheadActual  11: 32768 op, 53490.00 ns, 1.6324 ns/op
OverheadActual  12: 32768 op, 53460.00 ns, 1.6315 ns/op
OverheadActual  13: 32768 op, 53480.00 ns, 1.6321 ns/op
OverheadActual  14: 32768 op, 53480.00 ns, 1.6321 ns/op
OverheadActual  15: 32768 op, 53470.00 ns, 1.6318 ns/op

WorkloadWarmup   1: 32768 op, 910023997.00 ns, 27.7717 us/op
WorkloadWarmup   2: 32768 op, 910336523.00 ns, 27.7813 us/op
WorkloadWarmup   3: 32768 op, 909948016.00 ns, 27.7694 us/op

// BeforeActualRun
WorkloadActual   1: 32768 op, 905027224.00 ns, 27.6192 us/op
WorkloadActual   2: 32768 op, 911086650.00 ns, 27.8042 us/op
WorkloadActual   3: 32768 op, 897051244.00 ns, 27.3758 us/op

// AfterActualRun
WorkloadResult   1: 32768 op, 904973743.00 ns, 27.6176 us/op
WorkloadResult   2: 32768 op, 911033169.00 ns, 27.8025 us/op
WorkloadResult   3: 32768 op, 896997763.00 ns, 27.3742 us/op
// GC:  257 32 0 4307083488 32768
// Threading:  0 0 32768

// AfterAll
// Benchmark Process 3148 has exited with code 0.

Mean = 27.598 μs, StdErr = 0.124 μs (0.45%), N = 3, StdDev = 0.215 μs
Min = 27.374 μs, Q1 = 27.496 μs, Median = 27.618 μs, Q3 = 27.710 μs, Max = 27.803 μs
IQR = 0.214 μs, LowerFence = 27.175 μs, UpperFence = 28.031 μs
ConfidenceInterval = [23.679 μs; 31.517 μs] (CI 99.9%), Margin = 3.919 μs (14.20% of Mean)
Skewness = -0.09, Kurtosis = 0.67, MValue = 2

// ** Remained 6 (42.9 %) benchmark(s) to run. Estimated finish 2026-09-27 19:48 (0h 0m from now) **
// **************************
// Benchmark: EncryptDecryptBenchmarks.Decrypt_Short: Job-YFEFPZ(IterationCount=10, WarmupCount=3)
// *** Execute ***
// Launch: 1 / 1
// Execute: dotnet Encina.Messaging.Encryption.Benchmarks-Job-YFEFPZ-1.dll --anonymousPipes 146 147 --benchmarkName Encina.Messaging.Encryption.Benchmarks.EncryptDecryptBenchmarks.Decrypt_Short --job "IterationCount=10, WarmupCount=3" --benchmarkId 8 in /home/runner/work/Encina/Encina/tests/Encina.BenchmarkTests/Encina.Messaging.Encryption.Benchmarks/bin/Release/net10.0/Encina.Messaging.Encryption.Benchmarks-Job-YFEFPZ-1/bin/Release/net10.0
// Failed to set up high priority (Permission denied). In order to run benchmarks with high priority, make sure you have the right permissions.
// BeforeAnythingElse

// Benchmark Process Environment Information:
// BenchmarkDotNet v0.15.8
// Runtime=.NET 10.0.12 (10.0.12, 10.0.1226.42308), X64 RyuJIT x86-64-v3
// GC=Concurrent Workstation
// HardwareIntrinsics=AVX2+BMI1+BMI2+F16C+FMA+LZCNT+MOVBE,AVX,SSE3+SSSE3+SSE4.1+SSE4.2+POPCNT,X86Base+SSE+SSE2,AES+PCLMUL VectorSize=256
// Job: Job-YFEFPZ(IterationCount=10, WarmupCount=3)

OverheadJitting  1: 1 op, 226605.00 ns, 226.6050 us/op
WorkloadJitting  1: 1 op, 16407994.00 ns, 16.4080 ms/op

OverheadJitting  2: 16 op, 209572.00 ns, 13.0983 us/op
WorkloadJitting  2: 16 op, 346900.00 ns, 21.6813 us/op

WorkloadPilot    1: 16 op, 81182.00 ns, 5.0739 us/op
WorkloadPilot    2: 32 op, 134261.00 ns, 4.1957 us/op
WorkloadPilot    3: 64 op, 244077.00 ns, 3.8137 us/op
WorkloadPilot    4: 128 op, 450934.00 ns, 3.5229 us/op
WorkloadPilot    5: 256 op, 931273.00 ns, 3.6378 us/op
WorkloadPilot    6: 512 op, 1792867.00 ns, 3.5017 us/op
WorkloadPilot    7: 1024 op, 3455919.00 ns, 3.3749 us/op
WorkloadPilot    8: 2048 op, 6977621.00 ns, 3.4070 us/op
WorkloadPilot    9: 4096 op, 13898777.00 ns, 3.3933 us/op
WorkloadPilot   10: 8192 op, 27794638.00 ns, 3.3929 us/op
WorkloadPilot   11: 16384 op, 54499396.00 ns, 3.3264 us/op
WorkloadPilot   12: 32768 op, 111065823.00 ns, 3.3895 us/op
WorkloadPilot   13: 65536 op, 214546731.00 ns, 3.2737 us/op
WorkloadPilot   14: 131072 op, 420819052.00 ns, 3.2106 us/op
WorkloadPilot   15: 262144 op, 840732847.00 ns, 3.2071 us/op

OverheadWarmup   1: 262144 op, 425317.00 ns, 1.6225 ns/op
OverheadWarmup   2: 262144 op, 424715.00 ns, 1.6202 ns/op
OverheadWarmup   3: 262144 op, 424695.00 ns, 1.6201 ns/op
OverheadWarmup   4: 262144 op, 424685.00 ns, 1.6200 ns/op
OverheadWarmup   5: 262144 op, 424655.00 ns, 1.6199 ns/op
OverheadWarmup   6: 262144 op, 424705.00 ns, 1.6201 ns/op
OverheadWarmup   7: 262144 op, 428281.00 ns, 1.6338 ns/op
OverheadWarmup   8: 262144 op, 424655.00 ns, 1.6199 ns/op
OverheadWarmup   9: 262144 op, 424695.00 ns, 1.6201 ns/op
OverheadWarmup  10: 262144 op, 424695.00 ns, 1.6201 ns/op

OverheadActual   1: 262144 op, 424735.00 ns, 1.6202 ns/op
OverheadActual   2: 262144 op, 424695.00 ns, 1.6201 ns/op
OverheadActual   3: 262144 op, 444382.00 ns, 1.6952 ns/op
OverheadActual   4: 262144 op, 424655.00 ns, 1.6199 ns/op
OverheadActual   5: 262144 op, 445885.00 ns, 1.7009 ns/op
OverheadActual   6: 262144 op, 441477.00 ns, 1.6841 ns/op
OverheadActual   7: 262144 op, 441967.00 ns, 1.6860 ns/op
OverheadActual   8: 262144 op, 441397.00 ns, 1.6838 ns/op
OverheadActual   9: 262144 op, 443590.00 ns, 1.6922 ns/op
OverheadActual  10: 262144 op, 438261.00 ns, 1.6718 ns/op
OverheadActual  11: 262144 op, 424675.00 ns, 1.6200 ns/op
OverheadActual  12: 262144 op, 424645.00 ns, 1.6199 ns/op
OverheadActual  13: 262144 op, 424635.00 ns, 1.6199 ns/op
OverheadActual  14: 262144 op, 424675.00 ns, 1.6200 ns/op
OverheadActual  15: 262144 op, 424695.00 ns, 1.6201 ns/op

WorkloadWarmup   1: 262144 op, 846214991.00 ns, 3.2281 us/op
WorkloadWarmup   2: 262144 op, 846051526.00 ns, 3.2274 us/op
WorkloadWarmup   3: 262144 op, 842443089.00 ns, 3.2137 us/op

// BeforeActualRun
WorkloadActual   1: 262144 op, 849163452.00 ns, 3.2393 us/op
WorkloadActual   2: 262144 op, 842627224.00 ns, 3.2144 us/op
WorkloadActual   3: 262144 op, 842933478.00 ns, 3.2155 us/op
WorkloadActual   4: 262144 op, 842137547.00 ns, 3.2125 us/op
WorkloadActual   5: 262144 op, 860055231.00 ns, 3.2809 us/op
WorkloadActual   6: 262144 op, 841686887.00 ns, 3.2108 us/op
WorkloadActual   7: 262144 op, 842290068.00 ns, 3.2131 us/op
WorkloadActual   8: 262144 op, 845419906.00 ns, 3.2250 us/op
WorkloadActual   9: 262144 op, 845521346.00 ns, 3.2254 us/op
WorkloadActual  10: 262144 op, 854622329.00 ns, 3.2601 us/op

// AfterActualRun
WorkloadResult   1: 262144 op, 848738717.00 ns, 3.2377 us/op
WorkloadResult   2: 262144 op, 842202489.00 ns, 3.2127 us/op
WorkloadResult   3: 262144 op, 842508743.00 ns, 3.2139 us/op
WorkloadResult   4: 262144 op, 841712812.00 ns, 3.2109 us/op
WorkloadResult   5: 262144 op, 841262152.00 ns, 3.2092 us/op
WorkloadResult   6: 262144 op, 841865333.00 ns, 3.2115 us/op
WorkloadResult   7: 262144 op, 844995171.00 ns, 3.2234 us/op
WorkloadResult   8: 262144 op, 845096611.00 ns, 3.2238 us/op
WorkloadResult   9: 262144 op, 854197594.00 ns, 3.2585 us/op
// GC:  7 0 0 117442304 262144
// Threading:  0 0 262144

// AfterAll
// Benchmark Process 3157 has exited with code 0.

Mean = 3.222 μs, StdErr = 0.005 μs (0.17%), N = 9, StdDev = 0.016 μs
Min = 3.209 μs, Q1 = 3.211 μs, Median = 3.214 μs, Q3 = 3.224 μs, Max = 3.259 μs
IQR = 0.012 μs, LowerFence = 3.193 μs, UpperFence = 3.242 μs
ConfidenceInterval = [3.195 μs; 3.250 μs] (CI 99.9%), Margin = 0.027 μs (0.85% of Mean)
Skewness = 1.12, Kurtosis = 2.86, MValue = 2

// ** Remained 5 (35.7 %) benchmark(s) to run. Estimated finish 2026-09-27 19:49 (0h 0m from now) **
// **************************
// Benchmark: EncryptDecryptBenchmarks.Decrypt_Short: ShortRun(IterationCount=3, LaunchCount=1, WarmupCount=3)
// *** Execute ***
// Launch: 1 / 1
// Execute: dotnet Encina.Messaging.Encryption.Benchmarks-Job-YFEFPZ-1.dll --anonymousPipes 146 147 --benchmarkName Encina.Messaging.Encryption.Benchmarks.EncryptDecryptBenchmarks.Decrypt_Short --job ShortRun --benchmarkId 9 in /home/runner/work/Encina/Encina/tests/Encina.BenchmarkTests/Encina.Messaging.Encryption.Benchmarks/bin/Release/net10.0/Encina.Messaging.Encryption.Benchmarks-Job-YFEFPZ-1/bin/Release/net10.0
// Failed to set up high priority (Permission denied). In order to run benchmarks with high priority, make sure you have the right permissions.
// BeforeAnythingElse

// Benchmark Process Environment Information:
// BenchmarkDotNet v0.15.8
// Runtime=.NET 10.0.12 (10.0.12, 10.0.1226.42308), X64 RyuJIT x86-64-v3
// GC=Concurrent Workstation
// HardwareIntrinsics=AVX2+BMI1+BMI2+F16C+FMA+LZCNT+MOVBE,AVX,SSE3+SSSE3+SSE4.1+SSE4.2+POPCNT,X86Base+SSE+SSE2,AES+PCLMUL VectorSize=256
// Job: ShortRun(IterationCount=3, LaunchCount=1, WarmupCount=3)

OverheadJitting  1: 1 op, 225603.00 ns, 225.6030 us/op
WorkloadJitting  1: 1 op, 16386429.00 ns, 16.3864 ms/op

OverheadJitting  2: 16 op, 209102.00 ns, 13.0689 us/op
WorkloadJitting  2: 16 op, 359353.00 ns, 22.4596 us/op

WorkloadPilot    1: 16 op, 99697.00 ns, 6.2311 us/op
WorkloadPilot    2: 32 op, 164228.00 ns, 5.1321 us/op
WorkloadPilot    3: 64 op, 262582.00 ns, 4.1028 us/op
WorkloadPilot    4: 128 op, 507210.00 ns, 3.9626 us/op
WorkloadPilot    5: 256 op, 984696.00 ns, 3.8465 us/op
WorkloadPilot    6: 512 op, 1961037.00 ns, 3.8302 us/op
WorkloadPilot    7: 1024 op, 3819360.00 ns, 3.7298 us/op
WorkloadPilot    8: 2048 op, 7615927.00 ns, 3.7187 us/op
WorkloadPilot    9: 4096 op, 14979642.00 ns, 3.6571 us/op
WorkloadPilot   10: 8192 op, 29985923.00 ns, 3.6604 us/op
WorkloadPilot   11: 16384 op, 59920210.00 ns, 3.6572 us/op
WorkloadPilot   12: 32768 op, 119564051.00 ns, 3.6488 us/op
WorkloadPilot   13: 65536 op, 231721586.00 ns, 3.5358 us/op
WorkloadPilot   14: 131072 op, 459567136.00 ns, 3.5062 us/op
WorkloadPilot   15: 262144 op, 911506301.00 ns, 3.4771 us/op

OverheadWarmup   1: 262144 op, 443620.00 ns, 1.6923 ns/op
OverheadWarmup   2: 262144 op, 447849.00 ns, 1.7084 ns/op
OverheadWarmup   3: 262144 op, 442178.00 ns, 1.6868 ns/op
OverheadWarmup   4: 262144 op, 443560.00 ns, 1.6920 ns/op
OverheadWarmup   5: 262144 op, 441357.00 ns, 1.6836 ns/op

OverheadActual   1: 262144 op, 442829.00 ns, 1.6893 ns/op
OverheadActual   2: 262144 op, 443941.00 ns, 1.6935 ns/op
OverheadActual   3: 262144 op, 447317.00 ns, 1.7064 ns/op
OverheadActual   4: 262144 op, 425527.00 ns, 1.6233 ns/op
OverheadActual   5: 262144 op, 448700.00 ns, 1.7117 ns/op
OverheadActual   6: 262144 op, 441056.00 ns, 1.6825 ns/op
OverheadActual   7: 262144 op, 440344.00 ns, 1.6798 ns/op
OverheadActual   8: 262144 op, 452397.00 ns, 1.7258 ns/op
OverheadActual   9: 262144 op, 424715.00 ns, 1.6202 ns/op
OverheadActual  10: 262144 op, 424765.00 ns, 1.6203 ns/op
OverheadActual  11: 262144 op, 424905.00 ns, 1.6209 ns/op
OverheadActual  12: 262144 op, 424785.00 ns, 1.6204 ns/op
OverheadActual  13: 262144 op, 424695.00 ns, 1.6201 ns/op
OverheadActual  14: 262144 op, 424715.00 ns, 1.6202 ns/op
OverheadActual  15: 262144 op, 424755.00 ns, 1.6203 ns/op

WorkloadWarmup   1: 262144 op, 917603029.00 ns, 3.5004 us/op
WorkloadWarmup   2: 262144 op, 917018840.00 ns, 3.4981 us/op
WorkloadWarmup   3: 262144 op, 911694438.00 ns, 3.4778 us/op

// BeforeActualRun
WorkloadActual   1: 262144 op, 914515562.00 ns, 3.4886 us/op
WorkloadActual   2: 262144 op, 913711166.00 ns, 3.4855 us/op
WorkloadActual   3: 262144 op, 912189736.00 ns, 3.4797 us/op

// AfterActualRun
WorkloadResult   1: 262144 op, 914090035.00 ns, 3.4870 us/op
WorkloadResult   2: 262144 op, 913285639.00 ns, 3.4839 us/op
WorkloadResult   3: 262144 op, 911764209.00 ns, 3.4781 us/op
// GC:  7 0 0 117442304 262144
// Threading:  0 0 262144

// AfterAll
// Benchmark Process 3168 has exited with code 0.

Mean = 3.483 μs, StdErr = 0.003 μs (0.07%), N = 3, StdDev = 0.005 μs
Min = 3.478 μs, Q1 = 3.481 μs, Median = 3.484 μs, Q3 = 3.485 μs, Max = 3.487 μs
IQR = 0.004 μs, LowerFence = 3.474 μs, UpperFence = 3.492 μs
ConfidenceInterval = [3.401 μs; 3.565 μs] (CI 99.9%), Margin = 0.082 μs (2.36% of Mean)
Skewness = -0.19, Kurtosis = 0.67, MValue = 2

// ** Remained 4 (28.6 %) benchmark(s) to run. Estimated finish 2026-09-27 19:48 (0h 0m from now) **
// **************************
// Benchmark: EncryptDecryptBenchmarks.Encrypt_Short: Job-YFEFPZ(IterationCount=10, WarmupCount=3)
// *** Execute ***
// Launch: 1 / 1
// Execute: dotnet Encina.Messaging.Encryption.Benchmarks-Job-YFEFPZ-1.dll --anonymousPipes 146 147 --benchmarkName Encina.Messaging.Encryption.Benchmarks.EncryptDecryptBenchmarks.Encrypt_Short --job "IterationCount=10, WarmupCount=3" --benchmarkId 10 in /home/runner/work/Encina/Encina/tests/Encina.BenchmarkTests/Encina.Messaging.Encryption.Benchmarks/bin/Release/net10.0/Encina.Messaging.Encryption.Benchmarks-Job-YFEFPZ-1/bin/Release/net10.0
// Failed to set up high priority (Permission denied). In order to run benchmarks with high priority, make sure you have the right permissions.
// BeforeAnythingElse

// Benchmark Process Environment Information:
// BenchmarkDotNet v0.15.8
// Runtime=.NET 10.0.12 (10.0.12, 10.0.1226.42308), X64 RyuJIT x86-64-v3
// GC=Concurrent Workstation
// HardwareIntrinsics=AVX2+BMI1+BMI2+F16C+FMA+LZCNT+MOVBE,AVX,SSE3+SSSE3+SSE4.1+SSE4.2+POPCNT,X86Base+SSE+SSE2,AES+PCLMUL VectorSize=256
// Job: Job-YFEFPZ(IterationCount=10, WarmupCount=3)

OverheadJitting  1: 1 op, 236603.00 ns, 236.6030 us/op
WorkloadJitting  1: 1 op, 349524.00 ns, 349.5240 us/op

OverheadJitting  2: 16 op, 449041.00 ns, 28.0651 us/op
WorkloadJitting  2: 16 op, 588552.00 ns, 36.7845 us/op

WorkloadPilot    1: 16 op, 112371.00 ns, 7.0232 us/op
WorkloadPilot    2: 32 op, 194785.00 ns, 6.0870 us/op
WorkloadPilot    3: 64 op, 350977.00 ns, 5.4840 us/op
WorkloadPilot    4: 128 op, 717944.00 ns, 5.6089 us/op
WorkloadPilot    5: 256 op, 1409340.00 ns, 5.5052 us/op
WorkloadPilot    6: 512 op, 2621370.00 ns, 5.1199 us/op
WorkloadPilot    7: 1024 op, 5296351.00 ns, 5.1722 us/op
WorkloadPilot    8: 2048 op, 10518753.00 ns, 5.1361 us/op
WorkloadPilot    9: 4096 op, 20993423.00 ns, 5.1253 us/op
WorkloadPilot   10: 8192 op, 41818019.00 ns, 5.1047 us/op
WorkloadPilot   11: 16384 op, 82777951.00 ns, 5.0524 us/op
WorkloadPilot   12: 32768 op, 163722148.00 ns, 4.9964 us/op
WorkloadPilot   13: 65536 op, 319141946.00 ns, 4.8697 us/op
WorkloadPilot   14: 131072 op, 631933557.00 ns, 4.8213 us/op

OverheadWarmup   1: 131072 op, 448871.00 ns, 3.4246 ns/op
OverheadWarmup   2: 131072 op, 429845.00 ns, 3.2795 ns/op
OverheadWarmup   3: 131072 op, 429755.00 ns, 3.2788 ns/op
OverheadWarmup   4: 131072 op, 449311.00 ns, 3.4280 ns/op
OverheadWarmup   5: 131072 op, 446186.00 ns, 3.4041 ns/op
OverheadWarmup   6: 131072 op, 447609.00 ns, 3.4150 ns/op
OverheadWarmup   7: 131072 op, 446336.00 ns, 3.4053 ns/op

OverheadActual   1: 131072 op, 448961.00 ns, 3.4253 ns/op
OverheadActual   2: 131072 op, 429885.00 ns, 3.2798 ns/op
OverheadActual   3: 131072 op, 430697.00 ns, 3.2860 ns/op
OverheadActual   4: 131072 op, 447498.00 ns, 3.4141 ns/op
OverheadActual   5: 131072 op, 429865.00 ns, 3.2796 ns/op
OverheadActual   6: 131072 op, 429846.00 ns, 3.2795 ns/op
OverheadActual   7: 131072 op, 429765.00 ns, 3.2788 ns/op
OverheadActual   8: 131072 op, 429875.00 ns, 3.2797 ns/op
OverheadActual   9: 131072 op, 445725.00 ns, 3.4006 ns/op
OverheadActual  10: 131072 op, 447197.00 ns, 3.4118 ns/op
OverheadActual  11: 131072 op, 445966.00 ns, 3.4025 ns/op
OverheadActual  12: 131072 op, 447659.00 ns, 3.4154 ns/op
OverheadActual  13: 131072 op, 446276.00 ns, 3.4048 ns/op
OverheadActual  14: 131072 op, 446356.00 ns, 3.4054 ns/op
OverheadActual  15: 131072 op, 430637.00 ns, 3.2855 ns/op

WorkloadWarmup   1: 131072 op, 641297353.00 ns, 4.8927 us/op
WorkloadWarmup   2: 131072 op, 648452025.00 ns, 4.9473 us/op
WorkloadWarmup   3: 131072 op, 633508427.00 ns, 4.8333 us/op

// BeforeActualRun
WorkloadActual   1: 131072 op, 633711586.00 ns, 4.8348 us/op
WorkloadActual   2: 131072 op, 634772742.00 ns, 4.8429 us/op
WorkloadActual   3: 131072 op, 630978390.00 ns, 4.8140 us/op
WorkloadActual   4: 131072 op, 632372900.00 ns, 4.8246 us/op
WorkloadActual   5: 131072 op, 632735352.00 ns, 4.8274 us/op
WorkloadActual   6: 131072 op, 636952773.00 ns, 4.8596 us/op
WorkloadActual   7: 131072 op, 631745395.00 ns, 4.8198 us/op
WorkloadActual   8: 131072 op, 632418588.00 ns, 4.8250 us/op
WorkloadActual   9: 131072 op, 634099140.00 ns, 4.8378 us/op
WorkloadActual  10: 131072 op, 631367699.00 ns, 4.8170 us/op

// AfterActualRun
WorkloadResult   1: 131072 op, 633265861.00 ns, 4.8314 us/op
WorkloadResult   2: 131072 op, 634327017.00 ns, 4.8395 us/op
WorkloadResult   3: 131072 op, 630532665.00 ns, 4.8106 us/op
WorkloadResult   4: 131072 op, 631927175.00 ns, 4.8212 us/op
WorkloadResult   5: 131072 op, 632289627.00 ns, 4.8240 us/op
WorkloadResult   6: 131072 op, 636507048.00 ns, 4.8562 us/op
WorkloadResult   7: 131072 op, 631299670.00 ns, 4.8164 us/op
WorkloadResult   8: 131072 op, 631972863.00 ns, 4.8216 us/op
WorkloadResult   9: 131072 op, 633653415.00 ns, 4.8344 us/op
WorkloadResult  10: 131072 op, 630921974.00 ns, 4.8136 us/op
// GC:  5 0 0 96470336 131072
// Threading:  0 0 131072

// AfterAll
// Benchmark Process 3175 has exited with code 0.

Mean = 4.827 μs, StdErr = 0.004 μs (0.09%), N = 10, StdDev = 0.014 μs
Min = 4.811 μs, Q1 = 4.818 μs, Median = 4.823 μs, Q3 = 4.834 μs, Max = 4.856 μs
IQR = 0.016 μs, LowerFence = 4.794 μs, UpperFence = 4.858 μs
ConfidenceInterval = [4.806 μs; 4.848 μs] (CI 99.9%), Margin = 0.021 μs (0.43% of Mean)
Skewness = 0.74, Kurtosis = 2.42, MValue = 2

// ** Remained 3 (21.4 %) benchmark(s) to run. Estimated finish 2026-09-27 19:48 (0h 0m from now) **
// **************************
// Benchmark: EncryptDecryptBenchmarks.Encrypt_Short: ShortRun(IterationCount=3, LaunchCount=1, WarmupCount=3)
// *** Execute ***
// Launch: 1 / 1
// Execute: dotnet Encina.Messaging.Encryption.Benchmarks-Job-YFEFPZ-1.dll --anonymousPipes 146 147 --benchmarkName Encina.Messaging.Encryption.Benchmarks.EncryptDecryptBenchmarks.Encrypt_Short --job ShortRun --benchmarkId 11 in /home/runner/work/Encina/Encina/tests/Encina.BenchmarkTests/Encina.Messaging.Encryption.Benchmarks/bin/Release/net10.0/Encina.Messaging.Encryption.Benchmarks-Job-YFEFPZ-1/bin/Release/net10.0
// Failed to set up high priority (Permission denied). In order to run benchmarks with high priority, make sure you have the right permissions.
// BeforeAnythingElse

// Benchmark Process Environment Information:
// BenchmarkDotNet v0.15.8
// Runtime=.NET 10.0.12 (10.0.12, 10.0.1226.42308), X64 RyuJIT x86-64-v3
// GC=Concurrent Workstation
// HardwareIntrinsics=AVX2+BMI1+BMI2+F16C+FMA+LZCNT+MOVBE,AVX,SSE3+SSSE3+SSE4.1+SSE4.2+POPCNT,X86Base+SSE+SSE2,AES+PCLMUL VectorSize=256
// Job: ShortRun(IterationCount=3, LaunchCount=1, WarmupCount=3)

OverheadJitting  1: 1 op, 283651.00 ns, 283.6510 us/op
WorkloadJitting  1: 1 op, 367809.00 ns, 367.8090 us/op

OverheadJitting  2: 16 op, 474388.00 ns, 29.6493 us/op
WorkloadJitting  2: 16 op, 603310.00 ns, 37.7069 us/op

WorkloadPilot    1: 16 op, 126958.00 ns, 7.9349 us/op
WorkloadPilot    2: 32 op, 196819.00 ns, 6.1506 us/op
WorkloadPilot    3: 64 op, 355987.00 ns, 5.5623 us/op
WorkloadPilot    4: 128 op, 688579.00 ns, 5.3795 us/op
WorkloadPilot    5: 256 op, 1383981.00 ns, 5.4062 us/op
WorkloadPilot    6: 512 op, 2628722.00 ns, 5.1342 us/op
WorkloadPilot    7: 1024 op, 5292670.00 ns, 5.1686 us/op
WorkloadPilot    8: 2048 op, 10503436.00 ns, 5.1286 us/op
WorkloadPilot    9: 4096 op, 20969293.00 ns, 5.1195 us/op
WorkloadPilot   10: 8192 op, 42032059.00 ns, 5.1309 us/op
WorkloadPilot   11: 16384 op, 84259834.00 ns, 5.1428 us/op
WorkloadPilot   12: 32768 op, 161888653.00 ns, 4.9404 us/op
WorkloadPilot   13: 65536 op, 316230416.00 ns, 4.8253 us/op
WorkloadPilot   14: 131072 op, 627927174.00 ns, 4.7907 us/op

OverheadWarmup   1: 131072 op, 430045.00 ns, 3.2810 ns/op
OverheadWarmup   2: 131072 op, 446696.00 ns, 3.4080 ns/op
OverheadWarmup   3: 131072 op, 446426.00 ns, 3.4060 ns/op
OverheadWarmup   4: 131072 op, 447678.00 ns, 3.4155 ns/op
OverheadWarmup   5: 131072 op, 446917.00 ns, 3.4097 ns/op

OverheadActual   1: 131072 op, 448450.00 ns, 3.4214 ns/op
OverheadActual   2: 131072 op, 452738.00 ns, 3.4541 ns/op
OverheadActual   3: 131072 op, 448991.00 ns, 3.4255 ns/op
OverheadActual   4: 131072 op, 446546.00 ns, 3.4069 ns/op
OverheadActual   5: 131072 op, 451124.00 ns, 3.4418 ns/op
OverheadActual   6: 131072 op, 446446.00 ns, 3.4061 ns/op
OverheadActual   7: 131072 op, 446376.00 ns, 3.4056 ns/op
OverheadActual   8: 131072 op, 468156.00 ns, 3.5717 ns/op
OverheadActual   9: 131072 op, 450774.00 ns, 3.4391 ns/op
OverheadActual  10: 131072 op, 446716.00 ns, 3.4082 ns/op
OverheadActual  11: 131072 op, 445955.00 ns, 3.4024 ns/op
OverheadActual  12: 131072 op, 464750.00 ns, 3.5458 ns/op
OverheadActual  13: 131072 op, 456134.00 ns, 3.4800 ns/op
OverheadActual  14: 131072 op, 447418.00 ns, 3.4135 ns/op
OverheadActual  15: 131072 op, 429875.00 ns, 3.2797 ns/op

WorkloadWarmup   1: 131072 op, 642559991.00 ns, 4.9023 us/op
WorkloadWarmup   2: 131072 op, 634029489.00 ns, 4.8373 us/op
WorkloadWarmup   3: 131072 op, 627283538.00 ns, 4.7858 us/op

// BeforeActualRun
WorkloadActual   1: 131072 op, 632126636.00 ns, 4.8227 us/op
WorkloadActual   2: 131072 op, 628607677.00 ns, 4.7959 us/op
WorkloadActual   3: 131072 op, 628901096.00 ns, 4.7981 us/op

// AfterActualRun
WorkloadResult   1: 131072 op, 631678186.00 ns, 4.8193 us/op
WorkloadResult   2: 131072 op, 628159227.00 ns, 4.7925 us/op
WorkloadResult   3: 131072 op, 628452646.00 ns, 4.7947 us/op
// GC:  5 0 0 96470336 131072
// Threading:  0 0 131072

// AfterAll
// Benchmark Process 3186 has exited with code 0.

Mean = 4.802 μs, StdErr = 0.009 μs (0.18%), N = 3, StdDev = 0.015 μs
Min = 4.792 μs, Q1 = 4.794 μs, Median = 4.795 μs, Q3 = 4.807 μs, Max = 4.819 μs
IQR = 0.013 μs, LowerFence = 4.773 μs, UpperFence = 4.827 μs
ConfidenceInterval = [4.530 μs; 5.074 μs] (CI 99.9%), Margin = 0.272 μs (5.66% of Mean)
Skewness = 0.38, Kurtosis = 0.67, MValue = 2

// ** Remained 2 (14.3 %) benchmark(s) to run. Estimated finish 2026-09-27 19:48 (0h 0m from now) **
// **************************
// Benchmark: EncryptDecryptBenchmarks.Roundtrip_Short: Job-YFEFPZ(IterationCount=10, WarmupCount=3)
// *** Execute ***
// Launch: 1 / 1
// Execute: dotnet Encina.Messaging.Encryption.Benchmarks-Job-YFEFPZ-1.dll --anonymousPipes 146 147 --benchmarkName Encina.Messaging.Encryption.Benchmarks.EncryptDecryptBenchmarks.Roundtrip_Short --job "IterationCount=10, WarmupCount=3" --benchmarkId 12 in /home/runner/work/Encina/Encina/tests/Encina.BenchmarkTests/Encina.Messaging.Encryption.Benchmarks/bin/Release/net10.0/Encina.Messaging.Encryption.Benchmarks-Job-YFEFPZ-1/bin/Release/net10.0
// Failed to set up high priority (Permission denied). In order to run benchmarks with high priority, make sure you have the right permissions.
// BeforeAnythingElse

// Benchmark Process Environment Information:
// BenchmarkDotNet v0.15.8
// Runtime=.NET 10.0.12 (10.0.12, 10.0.1226.42308), X64 RyuJIT x86-64-v3
// GC=Concurrent Workstation
// HardwareIntrinsics=AVX2+BMI1+BMI2+F16C+FMA+LZCNT+MOVBE,AVX,SSE3+SSSE3+SSE4.1+SSE4.2+POPCNT,X86Base+SSE+SSE2,AES+PCLMUL VectorSize=256
// Job: Job-YFEFPZ(IterationCount=10, WarmupCount=3)

OverheadJitting  1: 1 op, 253525.00 ns, 253.5250 us/op
WorkloadJitting  1: 1 op, 16894241.00 ns, 16.8942 ms/op

OverheadJitting  2: 16 op, 211837.00 ns, 13.2398 us/op
WorkloadJitting  2: 16 op, 501238.00 ns, 31.3274 us/op

WorkloadPilot    1: 16 op, 177492.00 ns, 11.0933 us/op
WorkloadPilot    2: 32 op, 320881.00 ns, 10.0275 us/op
WorkloadPilot    3: 64 op, 599352.00 ns, 9.3649 us/op
WorkloadPilot    4: 128 op, 1229662.00 ns, 9.6067 us/op
WorkloadPilot    5: 256 op, 2239013.00 ns, 8.7461 us/op
WorkloadPilot    6: 512 op, 4628987.00 ns, 9.0410 us/op
WorkloadPilot    7: 1024 op, 9151324.00 ns, 8.9368 us/op
WorkloadPilot    8: 2048 op, 18428795.00 ns, 8.9984 us/op
WorkloadPilot    9: 4096 op, 36504820.00 ns, 8.9123 us/op
WorkloadPilot   10: 8192 op, 72938327.00 ns, 8.9036 us/op
WorkloadPilot   11: 16384 op, 140601466.00 ns, 8.5816 us/op
WorkloadPilot   12: 32768 op, 279191737.00 ns, 8.5203 us/op
WorkloadPilot   13: 65536 op, 545405368.00 ns, 8.3222 us/op

OverheadWarmup   1: 65536 op, 106830.00 ns, 1.6301 ns/op
OverheadWarmup   2: 65536 op, 107261.00 ns, 1.6367 ns/op
OverheadWarmup   3: 65536 op, 106559.00 ns, 1.6260 ns/op
OverheadWarmup   4: 65536 op, 106529.00 ns, 1.6255 ns/op
OverheadWarmup   5: 65536 op, 106569.00 ns, 1.6261 ns/op
OverheadWarmup   6: 65536 op, 122950.00 ns, 1.8761 ns/op
OverheadWarmup   7: 65536 op, 106479.00 ns, 1.6247 ns/op

OverheadActual   1: 65536 op, 106580.00 ns, 1.6263 ns/op
OverheadActual   2: 65536 op, 106449.00 ns, 1.6243 ns/op
OverheadActual   3: 65536 op, 106529.00 ns, 1.6255 ns/op
OverheadActual   4: 65536 op, 106469.00 ns, 1.6246 ns/op
OverheadActual   5: 65536 op, 106509.00 ns, 1.6252 ns/op
OverheadActual   6: 65536 op, 106549.00 ns, 1.6258 ns/op
OverheadActual   7: 65536 op, 106569.00 ns, 1.6261 ns/op
OverheadActual   8: 65536 op, 106539.00 ns, 1.6257 ns/op
OverheadActual   9: 65536 op, 106469.00 ns, 1.6246 ns/op
OverheadActual  10: 65536 op, 106428.00 ns, 1.6240 ns/op
OverheadActual  11: 65536 op, 122709.00 ns, 1.8724 ns/op
OverheadActual  12: 65536 op, 106449.00 ns, 1.6243 ns/op
OverheadActual  13: 65536 op, 106509.00 ns, 1.6252 ns/op
OverheadActual  14: 65536 op, 106589.00 ns, 1.6264 ns/op
OverheadActual  15: 65536 op, 106499.00 ns, 1.6250 ns/op

WorkloadWarmup   1: 65536 op, 559956442.00 ns, 8.5443 us/op
WorkloadWarmup   2: 65536 op, 554476524.00 ns, 8.4606 us/op
WorkloadWarmup   3: 65536 op, 546585067.00 ns, 8.3402 us/op

// BeforeActualRun
WorkloadActual   1: 65536 op, 548925203.00 ns, 8.3759 us/op
WorkloadActual   2: 65536 op, 545701675.00 ns, 8.3267 us/op
WorkloadActual   3: 65536 op, 545498485.00 ns, 8.3236 us/op
WorkloadActual   4: 65536 op, 545595327.00 ns, 8.3251 us/op
WorkloadActual   5: 65536 op, 546275198.00 ns, 8.3355 us/op
WorkloadActual   6: 65536 op, 547065336.00 ns, 8.3476 us/op
WorkloadActual   7: 65536 op, 547175290.00 ns, 8.3492 us/op
WorkloadActual   8: 65536 op, 546122182.00 ns, 8.3332 us/op
WorkloadActual   9: 65536 op, 546337957.00 ns, 8.3365 us/op
WorkloadActual  10: 65536 op, 545893150.00 ns, 8.3297 us/op

// AfterActualRun
WorkloadResult   1: 65536 op, 545595166.00 ns, 8.3251 us/op
WorkloadResult   2: 65536 op, 545391976.00 ns, 8.3220 us/op
WorkloadResult   3: 65536 op, 545488818.00 ns, 8.3235 us/op
WorkloadResult   4: 65536 op, 546168689.00 ns, 8.3339 us/op
WorkloadResult   5: 65536 op, 546958827.00 ns, 8.3459 us/op
WorkloadResult   6: 65536 op, 547068781.00 ns, 8.3476 us/op
WorkloadResult   7: 65536 op, 546015673.00 ns, 8.3315 us/op
WorkloadResult   8: 65536 op, 546231448.00 ns, 8.3348 us/op
WorkloadResult   9: 65536 op, 545786641.00 ns, 8.3280 us/op
// GC:  4 0 0 77595744 65536
// Threading:  0 0 65536

// AfterAll
// Benchmark Process 3195 has exited with code 0.

Mean = 8.332 μs, StdErr = 0.003 μs (0.04%), N = 9, StdDev = 0.009 μs
Min = 8.322 μs, Q1 = 8.325 μs, Median = 8.332 μs, Q3 = 8.335 μs, Max = 8.348 μs
IQR = 0.010 μs, LowerFence = 8.311 μs, UpperFence = 8.349 μs
ConfidenceInterval = [8.317 μs; 8.348 μs] (CI 99.9%), Margin = 0.016 μs (0.19% of Mean)
Skewness = 0.5, Kurtosis = 1.63, MValue = 2

// ** Remained 1 (7.1 %) benchmark(s) to run. Estimated finish 2026-09-27 19:48 (0h 0m from now) **
// **************************
// Benchmark: EncryptDecryptBenchmarks.Roundtrip_Short: ShortRun(IterationCount=3, LaunchCount=1, WarmupCount=3)
// *** Execute ***
// Launch: 1 / 1
// Execute: dotnet Encina.Messaging.Encryption.Benchmarks-Job-YFEFPZ-1.dll --anonymousPipes 146 147 --benchmarkName Encina.Messaging.Encryption.Benchmarks.EncryptDecryptBenchmarks.Roundtrip_Short --job ShortRun --benchmarkId 13 in /home/runner/work/Encina/Encina/tests/Encina.BenchmarkTests/Encina.Messaging.Encryption.Benchmarks/bin/Release/net10.0/Encina.Messaging.Encryption.Benchmarks-Job-YFEFPZ-1/bin/Release/net10.0
// Failed to set up high priority (Permission denied). In order to run benchmarks with high priority, make sure you have the right permissions.
// BeforeAnythingElse

// Benchmark Process Environment Information:
// BenchmarkDotNet v0.15.8
// Runtime=.NET 10.0.12 (10.0.12, 10.0.1226.42308), X64 RyuJIT x86-64-v3
// GC=Concurrent Workstation
// HardwareIntrinsics=AVX2+BMI1+BMI2+F16C+FMA+LZCNT+MOVBE,AVX,SSE3+SSSE3+SSE4.1+SSE4.2+POPCNT,X86Base+SSE+SSE2,AES+PCLMUL VectorSize=256
// Job: ShortRun(IterationCount=3, LaunchCount=1, WarmupCount=3)

OverheadJitting  1: 1 op, 223197.00 ns, 223.1970 us/op
WorkloadJitting  1: 1 op, 16499405.00 ns, 16.4994 ms/op

OverheadJitting  2: 16 op, 207969.00 ns, 12.9981 us/op
WorkloadJitting  2: 16 op, 484807.00 ns, 30.3004 us/op

WorkloadPilot    1: 16 op, 175208.00 ns, 10.9505 us/op
WorkloadPilot    2: 32 op, 318376.00 ns, 9.9493 us/op
WorkloadPilot    3: 64 op, 597418.00 ns, 9.3347 us/op
WorkloadPilot    4: 128 op, 1205827.00 ns, 9.4205 us/op
WorkloadPilot    5: 256 op, 2253959.00 ns, 8.8045 us/op
WorkloadPilot    6: 512 op, 4573230.00 ns, 8.9321 us/op
WorkloadPilot    7: 1024 op, 9083342.00 ns, 8.8705 us/op
WorkloadPilot    8: 2048 op, 18010222.00 ns, 8.7941 us/op
WorkloadPilot    9: 4096 op, 36075918.00 ns, 8.8076 us/op
WorkloadPilot   10: 8192 op, 72204675.00 ns, 8.8140 us/op
WorkloadPilot   11: 16384 op, 143536086.00 ns, 8.7607 us/op
WorkloadPilot   12: 32768 op, 275397340.00 ns, 8.4045 us/op
WorkloadPilot   13: 65536 op, 544052589.00 ns, 8.3016 us/op

OverheadWarmup   1: 65536 op, 124763.00 ns, 1.9037 ns/op
OverheadWarmup   2: 65536 op, 122139.00 ns, 1.8637 ns/op
OverheadWarmup   3: 65536 op, 122569.00 ns, 1.8703 ns/op
OverheadWarmup   4: 65536 op, 121888.00 ns, 1.8599 ns/op
OverheadWarmup   5: 65536 op, 121778.00 ns, 1.8582 ns/op
OverheadWarmup   6: 65536 op, 122429.00 ns, 1.8681 ns/op
OverheadWarmup   7: 65536 op, 121818.00 ns, 1.8588 ns/op

OverheadActual   1: 65536 op, 123171.00 ns, 1.8794 ns/op
OverheadActual   2: 65536 op, 122479.00 ns, 1.8689 ns/op
OverheadActual   3: 65536 op, 136987.00 ns, 2.0903 ns/op
OverheadActual   4: 65536 op, 135323.00 ns, 2.0649 ns/op
OverheadActual   5: 65536 op, 122278.00 ns, 1.8658 ns/op
OverheadActual   6: 65536 op, 136435.00 ns, 2.0818 ns/op
OverheadActual   7: 65536 op, 143759.00 ns, 2.1936 ns/op
OverheadActual   8: 65536 op, 121958.00 ns, 1.8609 ns/op
OverheadActual   9: 65536 op, 121758.00 ns, 1.8579 ns/op
OverheadActual  10: 65536 op, 135814.00 ns, 2.0724 ns/op
OverheadActual  11: 65536 op, 121878.00 ns, 1.8597 ns/op
OverheadActual  12: 65536 op, 122058.00 ns, 1.8625 ns/op
OverheadActual  13: 65536 op, 124312.00 ns, 1.8969 ns/op
OverheadActual  14: 65536 op, 121547.00 ns, 1.8547 ns/op
OverheadActual  15: 65536 op, 126818.00 ns, 1.9351 ns/op
OverheadActual  16: 65536 op, 125655.00 ns, 1.9173 ns/op
OverheadActual  17: 65536 op, 116749.00 ns, 1.7814 ns/op
OverheadActual  18: 65536 op, 116899.00 ns, 1.7837 ns/op
OverheadActual  19: 65536 op, 106499.00 ns, 1.6250 ns/op
OverheadActual  20: 65536 op, 106529.00 ns, 1.6255 ns/op

WorkloadWarmup   1: 65536 op, 555945231.00 ns, 8.4831 us/op
WorkloadWarmup   2: 65536 op, 552420263.00 ns, 8.4293 us/op
WorkloadWarmup   3: 65536 op, 548209350.00 ns, 8.3650 us/op

// BeforeActualRun
WorkloadActual   1: 65536 op, 549449511.00 ns, 8.3839 us/op
WorkloadActual   2: 65536 op, 545759785.00 ns, 8.3276 us/op
WorkloadActual   3: 65536 op, 545170942.00 ns, 8.3186 us/op

// AfterActualRun
WorkloadResult   1: 65536 op, 549327132.50 ns, 8.3821 us/op
WorkloadResult   2: 65536 op, 545637406.50 ns, 8.3258 us/op
WorkloadResult   3: 65536 op, 545048563.50 ns, 8.3168 us/op
// GC:  4 0 0 77595744 65536
// Threading:  0 0 65536

// AfterAll
// Benchmark Process 3202 has exited with code 0.

Mean = 8.342 μs, StdErr = 0.020 μs (0.24%), N = 3, StdDev = 0.035 μs
Min = 8.317 μs, Q1 = 8.321 μs, Median = 8.326 μs, Q3 = 8.354 μs, Max = 8.382 μs
IQR = 0.033 μs, LowerFence = 8.272 μs, UpperFence = 8.403 μs
ConfidenceInterval = [7.696 μs; 8.987 μs] (CI 99.9%), Margin = 0.646 μs (7.74% of Mean)
Skewness = 0.36, Kurtosis = 0.67, MValue = 2

// ** Remained 0 (0.0 %) benchmark(s) to run. Estimated finish 2026-09-27 19:48 (0h 0m from now) **
// ***** BenchmarkRunner: Finish  *****

// * Export *
  artifacts/performance/MessagingEncryption/results/Encina.Messaging.Encryption.Benchmarks.EncryptDecryptBenchmarks-report.csv
  artifacts/performance/MessagingEncryption/results/Encina.Messaging.Encryption.Benchmarks.EncryptDecryptBenchmarks-report-github.md
  artifacts/performance/MessagingEncryption/results/Encina.Messaging.Encryption.Benchmarks.EncryptDecryptBenchmarks-report.html
  artifacts/performance/MessagingEncryption/results/Encina.Messaging.Encryption.Benchmarks.EncryptDecryptBenchmarks-report-full-compressed.json

// * Detailed results *
EncryptDecryptBenchmarks.Encrypt_Medium: Job-YFEFPZ(IterationCount=10, WarmupCount=3)
Runtime = .NET 10.0.12 (10.0.12, 10.0.1226.42308), X64 RyuJIT x86-64-v3; GC = Concurrent Workstation
Mean = 5.407 μs, StdErr = 0.004 μs (0.07%), N = 10, StdDev = 0.011 μs
Min = 5.388 μs, Q1 = 5.400 μs, Median = 5.408 μs, Q3 = 5.411 μs, Max = 5.424 μs
IQR = 0.011 μs, LowerFence = 5.384 μs, UpperFence = 5.427 μs
ConfidenceInterval = [5.389 μs; 5.424 μs] (CI 99.9%), Margin = 0.017 μs (0.32% of Mean)
Skewness = -0.1, Kurtosis = 1.81, MValue = 2
-------------------- Histogram --------------------
[5.381 μs ; 5.431 μs) | @@@@@@@@@@
---------------------------------------------------

EncryptDecryptBenchmarks.Encrypt_Large: Job-YFEFPZ(IterationCount=10, WarmupCount=3)
Runtime = .NET 10.0.12 (10.0.12, 10.0.1226.42308), X64 RyuJIT x86-64-v3; GC = Concurrent Workstation
Mean = 33.149 μs, StdErr = 0.253 μs (0.76%), N = 8, StdDev = 0.717 μs
Min = 32.305 μs, Q1 = 32.779 μs, Median = 33.086 μs, Q3 = 33.389 μs, Max = 34.595 μs
IQR = 0.610 μs, LowerFence = 31.864 μs, UpperFence = 34.304 μs
ConfidenceInterval = [31.779 μs; 34.519 μs] (CI 99.9%), Margin = 1.370 μs (4.13% of Mean)
Skewness = 0.68, Kurtosis = 2.47, MValue = 2
-------------------- Histogram --------------------
[31.834 μs ; 32.708 μs) | @@
[32.708 μs ; 34.124 μs) | @@@@@
[34.124 μs ; 35.065 μs) | @
---------------------------------------------------

EncryptDecryptBenchmarks.Decrypt_Medium: Job-YFEFPZ(IterationCount=10, WarmupCount=3)
Runtime = .NET 10.0.12 (10.0.12, 10.0.1226.42308), X64 RyuJIT x86-64-v3; GC = Concurrent Workstation
Mean = 4.023 μs, StdErr = 0.004 μs (0.11%), N = 9, StdDev = 0.013 μs
Min = 4.002 μs, Q1 = 4.015 μs, Median = 4.029 μs, Q3 = 4.033 μs, Max = 4.036 μs
IQR = 0.018 μs, LowerFence = 3.988 μs, UpperFence = 4.060 μs
ConfidenceInterval = [4.002 μs; 4.044 μs] (CI 99.9%), Margin = 0.021 μs (0.53% of Mean)
Skewness = -0.57, Kurtosis = 1.54, MValue = 2
-------------------- Histogram --------------------
[3.994 μs ; 4.044 μs) | @@@@@@@@@
---------------------------------------------------

EncryptDecryptBenchmarks.Decrypt_Large: Job-YFEFPZ(IterationCount=10, WarmupCount=3)
Runtime = .NET 10.0.12 (10.0.12, 10.0.1226.42308), X64 RyuJIT x86-64-v3; GC = Concurrent Workstation
Mean = 27.575 μs, StdErr = 0.072 μs (0.26%), N = 10, StdDev = 0.227 μs
Min = 27.254 μs, Q1 = 27.361 μs, Median = 27.634 μs, Q3 = 27.754 μs, Max = 27.871 μs
IQR = 0.393 μs, LowerFence = 26.771 μs, UpperFence = 28.343 μs
ConfidenceInterval = [27.231 μs; 27.918 μs] (CI 99.9%), Margin = 0.343 μs (1.25% of Mean)
Skewness = -0.12, Kurtosis = 1.1, MValue = 2
-------------------- Histogram --------------------
[27.116 μs ; 28.009 μs) | @@@@@@@@@@
---------------------------------------------------

EncryptDecryptBenchmarks.Decrypt_Short: Job-YFEFPZ(IterationCount=10, WarmupCount=3)
Runtime = .NET 10.0.12 (10.0.12, 10.0.1226.42308), X64 RyuJIT x86-64-v3; GC = Concurrent Workstation
Mean = 3.222 μs, StdErr = 0.005 μs (0.17%), N = 9, StdDev = 0.016 μs
Min = 3.209 μs, Q1 = 3.211 μs, Median = 3.214 μs, Q3 = 3.224 μs, Max = 3.259 μs
IQR = 0.012 μs, LowerFence = 3.193 μs, UpperFence = 3.242 μs
ConfidenceInterval = [3.195 μs; 3.250 μs] (CI 99.9%), Margin = 0.027 μs (0.85% of Mean)
Skewness = 1.12, Kurtosis = 2.86, MValue = 2
-------------------- Histogram --------------------
[3.199 μs ; 3.269 μs) | @@@@@@@@@
---------------------------------------------------

EncryptDecryptBenchmarks.Encrypt_Short: Job-YFEFPZ(IterationCount=10, WarmupCount=3)
Runtime = .NET 10.0.12 (10.0.12, 10.0.1226.42308), X64 RyuJIT x86-64-v3; GC = Concurrent Workstation
Mean = 4.827 μs, StdErr = 0.004 μs (0.09%), N = 10, StdDev = 0.014 μs
Min = 4.811 μs, Q1 = 4.818 μs, Median = 4.823 μs, Q3 = 4.834 μs, Max = 4.856 μs
IQR = 0.016 μs, LowerFence = 4.794 μs, UpperFence = 4.858 μs
ConfidenceInterval = [4.806 μs; 4.848 μs] (CI 99.9%), Margin = 0.021 μs (0.43% of Mean)
Skewness = 0.74, Kurtosis = 2.42, MValue = 2
-------------------- Histogram --------------------
[4.802 μs ; 4.865 μs) | @@@@@@@@@@
---------------------------------------------------

EncryptDecryptBenchmarks.Roundtrip_Short: Job-YFEFPZ(IterationCount=10, WarmupCount=3)
Runtime = .NET 10.0.12 (10.0.12, 10.0.1226.42308), X64 RyuJIT x86-64-v3; GC = Concurrent Workstation
Mean = 8.332 μs, StdErr = 0.003 μs (0.04%), N = 9, StdDev = 0.009 μs
Min = 8.322 μs, Q1 = 8.325 μs, Median = 8.332 μs, Q3 = 8.335 μs, Max = 8.348 μs
IQR = 0.010 μs, LowerFence = 8.311 μs, UpperFence = 8.349 μs
ConfidenceInterval = [8.317 μs; 8.348 μs] (CI 99.9%), Margin = 0.016 μs (0.19% of Mean)
Skewness = 0.5, Kurtosis = 1.63, MValue = 2
-------------------- Histogram --------------------
[8.316 μs ; 8.353 μs) | @@@@@@@@@
---------------------------------------------------

EncryptDecryptBenchmarks.Encrypt_Medium: ShortRun(IterationCount=3, LaunchCount=1, WarmupCount=3)
Runtime = .NET 10.0.12 (10.0.12, 10.0.1226.42308), X64 RyuJIT x86-64-v3; GC = Concurrent Workstation
Mean = 5.801 μs, StdErr = 0.017 μs (0.30%), N = 3, StdDev = 0.030 μs
Min = 5.774 μs, Q1 = 5.784 μs, Median = 5.795 μs, Q3 = 5.814 μs, Max = 5.833 μs
IQR = 0.029 μs, LowerFence = 5.740 μs, UpperFence = 5.858 μs
ConfidenceInterval = [5.255 μs; 6.346 μs] (CI 99.9%), Margin = 0.545 μs (9.40% of Mean)
Skewness = 0.19, Kurtosis = 0.67, MValue = 2
-------------------- Histogram --------------------
[5.747 μs ; 5.860 μs) | @@@
---------------------------------------------------

EncryptDecryptBenchmarks.Encrypt_Large: ShortRun(IterationCount=3, LaunchCount=1, WarmupCount=3)
Runtime = .NET 10.0.12 (10.0.12, 10.0.1226.42308), X64 RyuJIT x86-64-v3; GC = Concurrent Workstation
Mean = 34.774 μs, StdErr = 0.633 μs (1.82%), N = 3, StdDev = 1.097 μs
Min = 33.567 μs, Q1 = 34.305 μs, Median = 35.043 μs, Q3 = 35.377 μs, Max = 35.710 μs
IQR = 1.072 μs, LowerFence = 32.698 μs, UpperFence = 36.984 μs
ConfidenceInterval = [14.765 μs; 54.782 μs] (CI 99.9%), Margin = 20.009 μs (57.54% of Mean)
Skewness = -0.23, Kurtosis = 0.67, MValue = 2
-------------------- Histogram --------------------
[32.569 μs ; 34.379 μs) | @
[34.379 μs ; 36.708 μs) | @@
---------------------------------------------------

EncryptDecryptBenchmarks.Decrypt_Medium: ShortRun(IterationCount=3, LaunchCount=1, WarmupCount=3)
Runtime = .NET 10.0.12 (10.0.12, 10.0.1226.42308), X64 RyuJIT x86-64-v3; GC = Concurrent Workstation
Mean = 3.699 μs, StdErr = 0.002 μs (0.06%), N = 3, StdDev = 0.004 μs
Min = 3.695 μs, Q1 = 3.698 μs, Median = 3.701 μs, Q3 = 3.701 μs, Max = 3.702 μs
IQR = 0.004 μs, LowerFence = 3.692 μs, UpperFence = 3.707 μs
ConfidenceInterval = [3.630 μs; 3.769 μs] (CI 99.9%), Margin = 0.070 μs (1.88% of Mean)
Skewness = -0.34, Kurtosis = 0.67, MValue = 2
-------------------- Histogram --------------------
[3.691 μs ; 3.705 μs) | @@@
---------------------------------------------------

EncryptDecryptBenchmarks.Decrypt_Large: ShortRun(IterationCount=3, LaunchCount=1, WarmupCount=3)
Runtime = .NET 10.0.12 (10.0.12, 10.0.1226.42308), X64 RyuJIT x86-64-v3; GC = Concurrent Workstation
Mean = 27.598 μs, StdErr = 0.124 μs (0.45%), N = 3, StdDev = 0.215 μs
Min = 27.374 μs, Q1 = 27.496 μs, Median = 27.618 μs, Q3 = 27.710 μs, Max = 27.803 μs
IQR = 0.214 μs, LowerFence = 27.175 μs, UpperFence = 28.031 μs
ConfidenceInterval = [23.679 μs; 31.517 μs] (CI 99.9%), Margin = 3.919 μs (14.20% of Mean)
Skewness = -0.09, Kurtosis = 0.67, MValue = 2
-------------------- Histogram --------------------
[27.179 μs ; 27.998 μs) | @@@
---------------------------------------------------

EncryptDecryptBenchmarks.Decrypt_Short: ShortRun(IterationCount=3, LaunchCount=1, WarmupCount=3)
Runtime = .NET 10.0.12 (10.0.12, 10.0.1226.42308), X64 RyuJIT x86-64-v3; GC = Concurrent Workstation
Mean = 3.483 μs, StdErr = 0.003 μs (0.07%), N = 3, StdDev = 0.005 μs
Min = 3.478 μs, Q1 = 3.481 μs, Median = 3.484 μs, Q3 = 3.485 μs, Max = 3.487 μs
IQR = 0.004 μs, LowerFence = 3.474 μs, UpperFence = 3.492 μs
ConfidenceInterval = [3.401 μs; 3.565 μs] (CI 99.9%), Margin = 0.082 μs (2.36% of Mean)
Skewness = -0.19, Kurtosis = 0.67, MValue = 2
-------------------- Histogram --------------------
[3.474 μs ; 3.491 μs) | @@@
---------------------------------------------------

EncryptDecryptBenchmarks.Encrypt_Short: ShortRun(IterationCount=3, LaunchCount=1, WarmupCount=3)
Runtime = .NET 10.0.12 (10.0.12, 10.0.1226.42308), X64 RyuJIT x86-64-v3; GC = Concurrent Workstation
Mean = 4.802 μs, StdErr = 0.009 μs (0.18%), N = 3, StdDev = 0.015 μs
Min = 4.792 μs, Q1 = 4.794 μs, Median = 4.795 μs, Q3 = 4.807 μs, Max = 4.819 μs
IQR = 0.013 μs, LowerFence = 4.773 μs, UpperFence = 4.827 μs
ConfidenceInterval = [4.530 μs; 5.074 μs] (CI 99.9%), Margin = 0.272 μs (5.66% of Mean)
Skewness = 0.38, Kurtosis = 0.67, MValue = 2
-------------------- Histogram --------------------
[4.792 μs ; 4.819 μs) | @@@
---------------------------------------------------

EncryptDecryptBenchmarks.Roundtrip_Short: ShortRun(IterationCount=3, LaunchCount=1, WarmupCount=3)
Runtime = .NET 10.0.12 (10.0.12, 10.0.1226.42308), X64 RyuJIT x86-64-v3; GC = Concurrent Workstation
Mean = 8.342 μs, StdErr = 0.020 μs (0.24%), N = 3, StdDev = 0.035 μs
Min = 8.317 μs, Q1 = 8.321 μs, Median = 8.326 μs, Q3 = 8.354 μs, Max = 8.382 μs
IQR = 0.033 μs, LowerFence = 8.272 μs, UpperFence = 8.403 μs
ConfidenceInterval = [7.696 μs; 8.987 μs] (CI 99.9%), Margin = 0.646 μs (7.74% of Mean)
Skewness = 0.36, Kurtosis = 0.67, MValue = 2
-------------------- Histogram --------------------
[8.285 μs ; 8.414 μs) | @@@
---------------------------------------------------

// * Summary *

BenchmarkDotNet v0.15.8, Linux Ubuntu 24.04.5 LTS (Noble Numbat)
AMD EPYC 7763 3.14GHz, 1 CPU, 4 logical and 2 physical cores
.NET SDK 10.0.401
  [Host]     : .NET 10.0.12 (10.0.12, 10.0.1226.42308), X64 RyuJIT x86-64-v3
  Job-YFEFPZ : .NET 10.0.12 (10.0.12, 10.0.1226.42308), X64 RyuJIT x86-64-v3
  ShortRun   : .NET 10.0.12 (10.0.12, 10.0.1226.42308), X64 RyuJIT x86-64-v3

WarmupCount=3  

| Method          | Job        | IterationCount | LaunchCount | Mean      | Error      | StdDev    | Ratio | RatioSD | Gen0    | Gen1   | Allocated | Alloc Ratio |
|---------------- |----------- |--------------- |------------ |----------:|-----------:|----------:|------:|--------:|--------:|-------:|----------:|------------:|
| Encrypt_Medium  | Job-YFEFPZ | 10             | Default     |  5.407 μs |  0.0172 μs | 0.0114 μs |  1.12 |    0.00 |  0.2136 |      - |    3688 B |        5.01 |
| Encrypt_Large   | Job-YFEFPZ | 10             | Default     | 33.149 μs |  1.3703 μs | 0.7167 μs |  6.87 |    0.14 | 11.7188 |      - |  197227 B |      267.97 |
| Decrypt_Medium  | Job-YFEFPZ | 10             | Default     |  4.023 μs |  0.0213 μs | 0.0127 μs |  0.83 |    0.00 |  0.1373 |      - |    2416 B |        3.28 |
| Decrypt_Large   | Job-YFEFPZ | 10             | Default     | 27.575 μs |  0.3434 μs | 0.2271 μs |  5.71 |    0.05 |  7.8430 | 0.9766 |  131442 B |      178.59 |
| Decrypt_Short   | Job-YFEFPZ | 10             | Default     |  3.222 μs |  0.0274 μs | 0.0163 μs |  0.67 |    0.00 |  0.0267 |      - |     448 B |        0.61 |
| Encrypt_Short   | Job-YFEFPZ | 10             | Default     |  4.827 μs |  0.0209 μs | 0.0138 μs |  1.00 |    0.00 |  0.0381 |      - |     736 B |        1.00 |
| Roundtrip_Short | Job-YFEFPZ | 10             | Default     |  8.332 μs |  0.0155 μs | 0.0092 μs |  1.73 |    0.01 |  0.0610 |      - |    1184 B |        1.61 |
|                 |            |                |             |           |            |           |       |         |         |        |           |             |
| Encrypt_Medium  | ShortRun   | 3              | 1           |  5.801 μs |  0.5454 μs | 0.0299 μs |  1.21 |    0.01 |  0.2136 |      - |    3688 B |        5.01 |
| Encrypt_Large   | ShortRun   | 3              | 1           | 34.774 μs | 20.0089 μs | 1.0968 μs |  7.24 |    0.20 | 11.7188 |      - |  197227 B |      267.97 |
| Decrypt_Medium  | ShortRun   | 3              | 1           |  3.699 μs |  0.0695 μs | 0.0038 μs |  0.77 |    0.00 |  0.1411 |      - |    2416 B |        3.28 |
| Decrypt_Large   | ShortRun   | 3              | 1           | 27.598 μs |  3.9193 μs | 0.2148 μs |  5.75 |    0.04 |  7.8430 | 0.9766 |  131442 B |      178.59 |
| Decrypt_Short   | ShortRun   | 3              | 1           |  3.483 μs |  0.0822 μs | 0.0045 μs |  0.73 |    0.00 |  0.0267 |      - |     448 B |        0.61 |
| Encrypt_Short   | ShortRun   | 3              | 1           |  4.802 μs |  0.2718 μs | 0.0149 μs |  1.00 |    0.00 |  0.0381 |      - |     736 B |        1.00 |
| Roundtrip_Short | ShortRun   | 3              | 1           |  8.342 μs |  0.6456 μs | 0.0354 μs |  1.74 |    0.01 |  0.0610 |      - |    1184 B |        1.61 |

// * Hints *
Outliers
  EncryptDecryptBenchmarks.Encrypt_Large: IterationCount=10, WarmupCount=3   -> 2 outliers were removed (36.42 μs, 36.54 μs)
  EncryptDecryptBenchmarks.Decrypt_Medium: IterationCount=10, WarmupCount=3  -> 1 outlier  was  removed (4.09 μs)
  EncryptDecryptBenchmarks.Decrypt_Short: IterationCount=10, WarmupCount=3   -> 1 outlier  was  removed (3.28 μs)
  EncryptDecryptBenchmarks.Roundtrip_Short: IterationCount=10, WarmupCount=3 -> 1 outlier  was  removed (8.38 μs)
// * Config Issues *

// * Warnings *
Configuration
  Summary -> The exporter CsvExporter is already present in configuration. There may be unexpected results.
  Summary -> The exporter HtmlExporter is already present in configuration. There may be unexpected results.
  Summary -> The exporter MarkdownExporter-github is already present in configuration. There may be unexpected results.

// * Legends *
  Mean        : Arithmetic mean of all measurements
  Error       : Half of 99.9% confidence interval
  StdDev      : Standard deviation of all measurements
  Ratio       : Mean of the ratio distribution ([Current]/[Baseline])
  RatioSD     : Standard deviation of the ratio distribution ([Current]/[Baseline])
  Gen0        : GC Generation 0 collects per 1000 operations
  Gen1        : GC Generation 1 collects per 1000 operations
  Allocated   : Allocated memory per single operation (managed only, inclusive, 1KB = 1024B)
  Alloc Ratio : Allocated memory ratio distribution ([Current]/[Baseline])
  1 μs        : 1 Microsecond (0.000001 sec)

// * Diagnostic Output - MemoryDiagnoser *


// ***** BenchmarkRunner: End *****
Run time: 00:02:08 (128.63 sec), executed benchmarks: 14

Global total time: 00:02:53 (173.76 sec), executed benchmarks: 14
// * Artifacts cleanup *
Artifacts cleanup is finished
