// Validating benchmarks:
// ***** BenchmarkRunner: Start   *****
// ***** Found 4 benchmark(s) in total *****
// ***** Building 1 exe(s) in Parallel: Start   *****
// start dotnet  restore --nodeReuse:false /p:UseSharedCompilation=false /p:Deterministic=true /p:Optimize=true /p:ArtifactsPath="/home/runner/work/Encina/Encina/tests/Encina.BenchmarkTests/Encina.Cdc.Benchmarks/bin/Release/net10.0/Encina.Cdc.Benchmarks-ShortRun-1/" /p:OutDir="/home/runner/work/Encina/Encina/tests/Encina.BenchmarkTests/Encina.Cdc.Benchmarks/bin/Release/net10.0/Encina.Cdc.Benchmarks-ShortRun-1/bin/Release/net10.0/" /p:OutputPath="/home/runner/work/Encina/Encina/tests/Encina.BenchmarkTests/Encina.Cdc.Benchmarks/bin/Release/net10.0/Encina.Cdc.Benchmarks-ShortRun-1/bin/Release/net10.0/" /p:PublishDir="/home/runner/work/Encina/Encina/tests/Encina.BenchmarkTests/Encina.Cdc.Benchmarks/bin/Release/net10.0/Encina.Cdc.Benchmarks-ShortRun-1/publish/" in /home/runner/work/Encina/Encina/tests/Encina.BenchmarkTests/Encina.Cdc.Benchmarks/bin/Release/net10.0/Encina.Cdc.Benchmarks-ShortRun-1
// command took 3.03 sec and exited with 0
// start dotnet  build -c Release --no-restore --nodeReuse:false /p:UseSharedCompilation=false /p:Deterministic=true /p:Optimize=true /p:ArtifactsPath="/home/runner/work/Encina/Encina/tests/Encina.BenchmarkTests/Encina.Cdc.Benchmarks/bin/Release/net10.0/Encina.Cdc.Benchmarks-ShortRun-1/" /p:OutDir="/home/runner/work/Encina/Encina/tests/Encina.BenchmarkTests/Encina.Cdc.Benchmarks/bin/Release/net10.0/Encina.Cdc.Benchmarks-ShortRun-1/bin/Release/net10.0/" /p:OutputPath="/home/runner/work/Encina/Encina/tests/Encina.BenchmarkTests/Encina.Cdc.Benchmarks/bin/Release/net10.0/Encina.Cdc.Benchmarks-ShortRun-1/bin/Release/net10.0/" /p:PublishDir="/home/runner/work/Encina/Encina/tests/Encina.BenchmarkTests/Encina.Cdc.Benchmarks/bin/Release/net10.0/Encina.Cdc.Benchmarks-ShortRun-1/publish/" --output "/home/runner/work/Encina/Encina/tests/Encina.BenchmarkTests/Encina.Cdc.Benchmarks/bin/Release/net10.0/Encina.Cdc.Benchmarks-ShortRun-1/bin/Release/net10.0/" in /home/runner/work/Encina/Encina/tests/Encina.BenchmarkTests/Encina.Cdc.Benchmarks/bin/Release/net10.0/Encina.Cdc.Benchmarks-ShortRun-1
// command took 54.95 sec and exited with 0
// ***** Done, took 00:00:58 (58.16 sec)   *****
// Found 4 benchmarks:
//   ChangeEventBenchmarks.CreateChangeEvent: ShortRun(IterationCount=3, LaunchCount=1, WarmupCount=3)
//   ChangeEventBenchmarks.ChangeEvent_Equals: ShortRun(IterationCount=3, LaunchCount=1, WarmupCount=3)
//   ChangeEventBenchmarks.ChangeEvent_WithExpression: ShortRun(IterationCount=3, LaunchCount=1, WarmupCount=3)
//   ChangeEventBenchmarks.CreateChangeMetadata: ShortRun(IterationCount=3, LaunchCount=1, WarmupCount=3)

// **************************
// Benchmark: ChangeEventBenchmarks.CreateChangeEvent: ShortRun(IterationCount=3, LaunchCount=1, WarmupCount=3)
// *** Execute ***
// Launch: 1 / 1
// Execute: dotnet Encina.Cdc.Benchmarks-ShortRun-1.dll --anonymousPipes 130 131 --benchmarkName Encina.Cdc.Benchmarks.Benchmarks.ChangeEventBenchmarks.CreateChangeEvent --job ShortRun --benchmarkId 0 in /home/runner/work/Encina/Encina/tests/Encina.BenchmarkTests/Encina.Cdc.Benchmarks/bin/Release/net10.0/Encina.Cdc.Benchmarks-ShortRun-1/bin/Release/net10.0
// Failed to set up high priority (Permission denied). In order to run benchmarks with high priority, make sure you have the right permissions.
// BeforeAnythingElse

// Benchmark Process Environment Information:
// BenchmarkDotNet v0.15.8
// Runtime=.NET 10.0.12 (10.0.12, 10.0.1226.42308), X64 RyuJIT x86-64-v3
// GC=Concurrent Workstation
// HardwareIntrinsics=AVX2+BMI1+BMI2+F16C+FMA+LZCNT+MOVBE,AVX,SSE3+SSSE3+SSE4.1+SSE4.2+POPCNT,X86Base+SSE+SSE2,AES+PCLMUL VectorSize=256
// Job: ShortRun(IterationCount=3, LaunchCount=1, WarmupCount=3)

OverheadJitting  1: 1 op, 261948.00 ns, 261.9480 us/op
WorkloadJitting  1: 1 op, 435241.00 ns, 435.2410 us/op

OverheadJitting  2: 16 op, 488370.00 ns, 30.5231 us/op
WorkloadJitting  2: 16 op, 462601.00 ns, 28.9126 us/op

WorkloadPilot    1: 16 op, 2204.00 ns, 137.7500 ns/op
WorkloadPilot    2: 32 op, 18024.00 ns, 563.2500 ns/op
WorkloadPilot    3: 64 op, 17652.00 ns, 275.8125 ns/op
WorkloadPilot    4: 128 op, 23314.00 ns, 182.1406 ns/op
WorkloadPilot    5: 256 op, 33252.00 ns, 129.8906 ns/op
WorkloadPilot    6: 512 op, 61955.00 ns, 121.0059 ns/op
WorkloadPilot    7: 1024 op, 107591.00 ns, 105.0693 ns/op
WorkloadPilot    8: 2048 op, 210091.00 ns, 102.5835 ns/op
WorkloadPilot    9: 4096 op, 341707.00 ns, 83.4246 ns/op
WorkloadPilot   10: 8192 op, 644681.00 ns, 78.6964 ns/op
WorkloadPilot   11: 16384 op, 1353682.00 ns, 82.6222 ns/op
WorkloadPilot   12: 32768 op, 2571060.00 ns, 78.4625 ns/op
WorkloadPilot   13: 65536 op, 5340068.00 ns, 81.4830 ns/op
WorkloadPilot   14: 131072 op, 9826707.00 ns, 74.9718 ns/op
WorkloadPilot   15: 262144 op, 7487880.00 ns, 28.5640 ns/op
WorkloadPilot   16: 524288 op, 14524699.00 ns, 27.7037 ns/op
WorkloadPilot   17: 1048576 op, 27083134.00 ns, 25.8285 ns/op
WorkloadPilot   18: 2097152 op, 54501163.00 ns, 25.9882 ns/op
WorkloadPilot   19: 4194304 op, 111273645.00 ns, 26.5297 ns/op
WorkloadPilot   20: 8388608 op, 222190126.00 ns, 26.4871 ns/op
WorkloadPilot   21: 16777216 op, 454635807.00 ns, 27.0984 ns/op
WorkloadPilot   22: 33554432 op, 888103422.00 ns, 26.4675 ns/op

OverheadWarmup   1: 33554432 op, 111171228.00 ns, 3.3132 ns/op
OverheadWarmup   2: 33554432 op, 111058999.00 ns, 3.3098 ns/op
OverheadWarmup   3: 33554432 op, 111043670.00 ns, 3.3094 ns/op
OverheadWarmup   4: 33554432 op, 111361930.00 ns, 3.3188 ns/op
OverheadWarmup   5: 33554432 op, 110991092.00 ns, 3.3078 ns/op
OverheadWarmup   6: 33554432 op, 111019735.00 ns, 3.3086 ns/op
OverheadWarmup   7: 33554432 op, 111134740.00 ns, 3.3121 ns/op
OverheadWarmup   8: 33554432 op, 110934968.00 ns, 3.3061 ns/op

OverheadActual   1: 33554432 op, 111023292.00 ns, 3.3088 ns/op
OverheadActual   2: 33554432 op, 111050082.00 ns, 3.3096 ns/op
OverheadActual   3: 33554432 op, 110991553.00 ns, 3.3078 ns/op
OverheadActual   4: 33554432 op, 111080068.00 ns, 3.3104 ns/op
OverheadActual   5: 33554432 op, 111390947.00 ns, 3.3197 ns/op
OverheadActual   6: 33554432 op, 111262959.00 ns, 3.3159 ns/op
OverheadActual   7: 33554432 op, 110976265.00 ns, 3.3074 ns/op
OverheadActual   8: 33554432 op, 111091149.00 ns, 3.3108 ns/op
OverheadActual   9: 33554432 op, 111737874.00 ns, 3.3300 ns/op
OverheadActual  10: 33554432 op, 111021469.00 ns, 3.3087 ns/op
OverheadActual  11: 33554432 op, 111241950.00 ns, 3.3153 ns/op
OverheadActual  12: 33554432 op, 111077293.00 ns, 3.3104 ns/op
OverheadActual  13: 33554432 op, 111017352.00 ns, 3.3086 ns/op
OverheadActual  14: 33554432 op, 111386570.00 ns, 3.3196 ns/op
OverheadActual  15: 33554432 op, 112503559.00 ns, 3.3529 ns/op

WorkloadWarmup   1: 33554432 op, 864832098.00 ns, 25.7740 ns/op
WorkloadWarmup   2: 33554432 op, 864647333.00 ns, 25.7685 ns/op
WorkloadWarmup   3: 33554432 op, 854624764.00 ns, 25.4698 ns/op

// BeforeActualRun
WorkloadActual   1: 33554432 op, 887364809.00 ns, 26.4455 ns/op
WorkloadActual   2: 33554432 op, 906378423.00 ns, 27.0122 ns/op
WorkloadActual   3: 33554432 op, 893603799.00 ns, 26.6315 ns/op

// AfterActualRun
WorkloadResult   1: 33554432 op, 776284741.00 ns, 23.1351 ns/op
WorkloadResult   2: 33554432 op, 795298355.00 ns, 23.7017 ns/op
WorkloadResult   3: 33554432 op, 782523731.00 ns, 23.3210 ns/op
// GC:  272 0 0 4563402752 33554432
// Threading:  0 0 33554432

// AfterAll
// Benchmark Process 3124 has exited with code 0.

Mean = 23.386 ns, StdErr = 0.167 ns (0.71%), N = 3, StdDev = 0.289 ns
Min = 23.135 ns, Q1 = 23.228 ns, Median = 23.321 ns, Q3 = 23.511 ns, Max = 23.702 ns
IQR = 0.283 ns, LowerFence = 22.803 ns, UpperFence = 23.936 ns
ConfidenceInterval = [18.116 ns; 28.656 ns] (CI 99.9%), Margin = 5.270 ns (22.53% of Mean)
Skewness = 0.21, Kurtosis = 0.67, MValue = 2

// ** Remained 3 (75.0 %) benchmark(s) to run. Estimated finish 2026-10-10 12:06 (0h 0m from now) **
// **************************
// Benchmark: ChangeEventBenchmarks.ChangeEvent_Equals: ShortRun(IterationCount=3, LaunchCount=1, WarmupCount=3)
// *** Execute ***
// Launch: 1 / 1
// Execute: dotnet Encina.Cdc.Benchmarks-ShortRun-1.dll --anonymousPipes 130 131 --benchmarkName Encina.Cdc.Benchmarks.Benchmarks.ChangeEventBenchmarks.ChangeEvent_Equals --job ShortRun --benchmarkId 1 in /home/runner/work/Encina/Encina/tests/Encina.BenchmarkTests/Encina.Cdc.Benchmarks/bin/Release/net10.0/Encina.Cdc.Benchmarks-ShortRun-1/bin/Release/net10.0
// Failed to set up high priority (Permission denied). In order to run benchmarks with high priority, make sure you have the right permissions.
// BeforeAnythingElse

// Benchmark Process Environment Information:
// BenchmarkDotNet v0.15.8
// Runtime=.NET 10.0.12 (10.0.12, 10.0.1226.42308), X64 RyuJIT x86-64-v3
// GC=Concurrent Workstation
// HardwareIntrinsics=AVX2+BMI1+BMI2+F16C+FMA+LZCNT+MOVBE,AVX,SSE3+SSSE3+SSE4.1+SSE4.2+POPCNT,X86Base+SSE+SSE2,AES+PCLMUL VectorSize=256
// Job: ShortRun(IterationCount=3, LaunchCount=1, WarmupCount=3)

OverheadJitting  1: 1 op, 281995.00 ns, 281.9950 us/op
WorkloadJitting  1: 1 op, 1032460.00 ns, 1.0325 ms/op

OverheadJitting  2: 16 op, 403230.00 ns, 25.2019 us/op
WorkloadJitting  2: 16 op, 371020.00 ns, 23.1888 us/op

WorkloadPilot    1: 16 op, 621.00 ns, 38.8125 ns/op
WorkloadPilot    2: 32 op, 651.00 ns, 20.3438 ns/op
WorkloadPilot    3: 64 op, 681.00 ns, 10.6406 ns/op
WorkloadPilot    4: 128 op, 1713.00 ns, 13.3828 ns/op
WorkloadPilot    5: 256 op, 2595.00 ns, 10.1367 ns/op
WorkloadPilot    6: 512 op, 4268.00 ns, 8.3359 ns/op
WorkloadPilot    7: 1024 op, 7795.00 ns, 7.6123 ns/op
WorkloadPilot    8: 2048 op, 14507.00 ns, 7.0835 ns/op
WorkloadPilot    9: 4096 op, 26440.00 ns, 6.4551 ns/op
WorkloadPilot   10: 8192 op, 26770.00 ns, 3.2678 ns/op
WorkloadPilot   11: 16384 op, 52978.00 ns, 3.2335 ns/op
WorkloadPilot   12: 32768 op, 106367.00 ns, 3.2461 ns/op
WorkloadPilot   13: 65536 op, 210741.00 ns, 3.2157 ns/op
WorkloadPilot   14: 131072 op, 445319.00 ns, 3.3975 ns/op
WorkloadPilot   15: 262144 op, 868595.00 ns, 3.3134 ns/op
WorkloadPilot   16: 524288 op, 1727593.00 ns, 3.2951 ns/op
WorkloadPilot   17: 1048576 op, 3443163.00 ns, 3.2837 ns/op
WorkloadPilot   18: 2097152 op, 6817768.00 ns, 3.2510 ns/op
WorkloadPilot   19: 4194304 op, 13588490.00 ns, 3.2397 ns/op
WorkloadPilot   20: 8388608 op, 27186216.00 ns, 3.2408 ns/op
WorkloadPilot   21: 16777216 op, 54555623.00 ns, 3.2518 ns/op
WorkloadPilot   22: 33554432 op, 108578647.00 ns, 3.2359 ns/op
WorkloadPilot   23: 67108864 op, 217700924.00 ns, 3.2440 ns/op
WorkloadPilot   24: 134217728 op, 436751969.00 ns, 3.2541 ns/op
WorkloadPilot   25: 268435456 op, 876083546.00 ns, 3.2637 ns/op

OverheadWarmup   1: 268435456 op, 498242489.00 ns, 1.8561 ns/op
OverheadWarmup   2: 268435456 op, 498259440.00 ns, 1.8562 ns/op
OverheadWarmup   3: 268435456 op, 498316457.00 ns, 1.8564 ns/op
OverheadWarmup   4: 268435456 op, 497870293.00 ns, 1.8547 ns/op
OverheadWarmup   5: 268435456 op, 497099005.00 ns, 1.8518 ns/op
OverheadWarmup   6: 268435456 op, 499530594.00 ns, 1.8609 ns/op
OverheadWarmup   7: 268435456 op, 500049881.00 ns, 1.8628 ns/op
OverheadWarmup   8: 268435456 op, 499230555.00 ns, 1.8598 ns/op

OverheadActual   1: 268435456 op, 498818637.00 ns, 1.8582 ns/op
OverheadActual   2: 268435456 op, 498665911.00 ns, 1.8577 ns/op
OverheadActual   3: 268435456 op, 498441911.00 ns, 1.8568 ns/op
OverheadActual   4: 268435456 op, 498944216.00 ns, 1.8587 ns/op
OverheadActual   5: 268435456 op, 498180454.00 ns, 1.8559 ns/op
OverheadActual   6: 268435456 op, 497468669.00 ns, 1.8532 ns/op
OverheadActual   7: 268435456 op, 497221648.00 ns, 1.8523 ns/op
OverheadActual   8: 268435456 op, 498111977.00 ns, 1.8556 ns/op
OverheadActual   9: 268435456 op, 499742330.00 ns, 1.8617 ns/op
OverheadActual  10: 268435456 op, 497833829.00 ns, 1.8546 ns/op
OverheadActual  11: 268435456 op, 497985631.00 ns, 1.8551 ns/op
OverheadActual  12: 268435456 op, 498095787.00 ns, 1.8556 ns/op
OverheadActual  13: 268435456 op, 497304142.00 ns, 1.8526 ns/op
OverheadActual  14: 268435456 op, 497747768.00 ns, 1.8543 ns/op
OverheadActual  15: 268435456 op, 496933502.00 ns, 1.8512 ns/op

WorkloadWarmup   1: 268435456 op, 870143277.00 ns, 3.2415 ns/op
WorkloadWarmup   2: 268435456 op, 870042335.00 ns, 3.2412 ns/op
WorkloadWarmup   3: 268435456 op, 870074217.00 ns, 3.2413 ns/op

// BeforeActualRun
WorkloadActual   1: 268435456 op, 869980292.00 ns, 3.2409 ns/op
WorkloadActual   2: 268435456 op, 870179003.00 ns, 3.2417 ns/op
WorkloadActual   3: 268435456 op, 869949484.00 ns, 3.2408 ns/op

// AfterActualRun
WorkloadResult   1: 268435456 op, 371884505.00 ns, 1.3854 ns/op
WorkloadResult   2: 268435456 op, 372083216.00 ns, 1.3861 ns/op
WorkloadResult   3: 268435456 op, 371853697.00 ns, 1.3853 ns/op
// GC:  0 0 0 0 268435456
// Threading:  0 0 268435456

// AfterAll
// Benchmark Process 3135 has exited with code 0.

Mean = 1.386 ns, StdErr = 0.000 ns (0.02%), N = 3, StdDev = 0.000 ns
Min = 1.385 ns, Q1 = 1.385 ns, Median = 1.385 ns, Q3 = 1.386 ns, Max = 1.386 ns
IQR = 0.000 ns, LowerFence = 1.385 ns, UpperFence = 1.386 ns
ConfidenceInterval = [1.377 ns; 1.394 ns] (CI 99.9%), Margin = 0.008 ns (0.61% of Mean)
Skewness = 0.36, Kurtosis = 0.67, MValue = 2

// ** Remained 2 (50.0 %) benchmark(s) to run. Estimated finish 2026-10-10 12:06 (0h 0m from now) **
// **************************
// Benchmark: ChangeEventBenchmarks.ChangeEvent_WithExpression: ShortRun(IterationCount=3, LaunchCount=1, WarmupCount=3)
// *** Execute ***
// Launch: 1 / 1
// Execute: dotnet Encina.Cdc.Benchmarks-ShortRun-1.dll --anonymousPipes 130 131 --benchmarkName Encina.Cdc.Benchmarks.Benchmarks.ChangeEventBenchmarks.ChangeEvent_WithExpression --job ShortRun --benchmarkId 2 in /home/runner/work/Encina/Encina/tests/Encina.BenchmarkTests/Encina.Cdc.Benchmarks/bin/Release/net10.0/Encina.Cdc.Benchmarks-ShortRun-1/bin/Release/net10.0
// Failed to set up high priority (Permission denied). In order to run benchmarks with high priority, make sure you have the right permissions.
// BeforeAnythingElse

// Benchmark Process Environment Information:
// BenchmarkDotNet v0.15.8
// Runtime=.NET 10.0.12 (10.0.12, 10.0.1226.42308), X64 RyuJIT x86-64-v3
// GC=Concurrent Workstation
// HardwareIntrinsics=AVX2+BMI1+BMI2+F16C+FMA+LZCNT+MOVBE,AVX,SSE3+SSSE3+SSE4.1+SSE4.2+POPCNT,X86Base+SSE+SSE2,AES+PCLMUL VectorSize=256
// Job: ShortRun(IterationCount=3, LaunchCount=1, WarmupCount=3)

OverheadJitting  1: 1 op, 271616.00 ns, 271.6160 us/op
WorkloadJitting  1: 1 op, 314787.00 ns, 314.7870 us/op

OverheadJitting  2: 16 op, 513457.00 ns, 32.0911 us/op
WorkloadJitting  2: 16 op, 501665.00 ns, 31.3541 us/op

WorkloadPilot    1: 16 op, 2855.00 ns, 178.4375 ns/op
WorkloadPilot    2: 32 op, 3066.00 ns, 95.8125 ns/op
WorkloadPilot    3: 64 op, 4028.00 ns, 62.9375 ns/op
WorkloadPilot    4: 128 op, 28062.00 ns, 219.2344 ns/op
WorkloadPilot    5: 256 op, 38080.00 ns, 148.7500 ns/op
WorkloadPilot    6: 512 op, 34465.00 ns, 67.3145 ns/op
WorkloadPilot    7: 1024 op, 66103.00 ns, 64.5537 ns/op
WorkloadPilot    8: 2048 op, 110355.00 ns, 53.8843 ns/op
WorkloadPilot    9: 4096 op, 200052.00 ns, 48.8408 ns/op
WorkloadPilot   10: 8192 op, 284851.00 ns, 34.7719 ns/op
WorkloadPilot   11: 16384 op, 632679.00 ns, 38.6157 ns/op
WorkloadPilot   12: 32768 op, 1262051.00 ns, 38.5147 ns/op
WorkloadPilot   13: 65536 op, 2567785.00 ns, 39.1813 ns/op
WorkloadPilot   14: 131072 op, 5047815.00 ns, 38.5118 ns/op
WorkloadPilot   15: 262144 op, 16160320.00 ns, 61.6467 ns/op
WorkloadPilot   16: 524288 op, 10352208.00 ns, 19.7453 ns/op
WorkloadPilot   17: 1048576 op, 16781948.00 ns, 16.0045 ns/op
WorkloadPilot   18: 2097152 op, 33878402.00 ns, 16.1545 ns/op
WorkloadPilot   19: 4194304 op, 67202742.00 ns, 16.0224 ns/op
WorkloadPilot   20: 8388608 op, 135444279.00 ns, 16.1462 ns/op
WorkloadPilot   21: 16777216 op, 273337831.00 ns, 16.2922 ns/op
WorkloadPilot   22: 33554432 op, 532321728.00 ns, 15.8644 ns/op

OverheadWarmup   1: 33554432 op, 110968566.00 ns, 3.3071 ns/op
OverheadWarmup   2: 33554432 op, 111024811.00 ns, 3.3088 ns/op
OverheadWarmup   3: 33554432 op, 111000766.00 ns, 3.3081 ns/op
OverheadWarmup   4: 33554432 op, 111024994.00 ns, 3.3088 ns/op
OverheadWarmup   5: 33554432 op, 110986216.00 ns, 3.3076 ns/op

OverheadActual   1: 33554432 op, 111393368.00 ns, 3.3198 ns/op
OverheadActual   2: 33554432 op, 111107495.00 ns, 3.3113 ns/op
OverheadActual   3: 33554432 op, 110952797.00 ns, 3.3067 ns/op
OverheadActual   4: 33554432 op, 111108126.00 ns, 3.3113 ns/op
OverheadActual   5: 33554432 op, 110980207.00 ns, 3.3075 ns/op
OverheadActual   6: 33554432 op, 110955562.00 ns, 3.3067 ns/op
OverheadActual   7: 33554432 op, 111176483.00 ns, 3.3133 ns/op
OverheadActual   8: 33554432 op, 111014783.00 ns, 3.3085 ns/op
OverheadActual   9: 33554432 op, 111013610.00 ns, 3.3085 ns/op
OverheadActual  10: 33554432 op, 111542255.00 ns, 3.3242 ns/op
OverheadActual  11: 33554432 op, 111138042.00 ns, 3.3122 ns/op
OverheadActual  12: 33554432 op, 111170461.00 ns, 3.3131 ns/op
OverheadActual  13: 33554432 op, 111037395.00 ns, 3.3092 ns/op
OverheadActual  14: 33554432 op, 111419496.00 ns, 3.3206 ns/op
OverheadActual  15: 33554432 op, 110934663.00 ns, 3.3061 ns/op

WorkloadWarmup   1: 33554432 op, 541797172.00 ns, 16.1468 ns/op
WorkloadWarmup   2: 33554432 op, 530961493.00 ns, 15.8239 ns/op
WorkloadWarmup   3: 33554432 op, 514988933.00 ns, 15.3479 ns/op

// BeforeActualRun
WorkloadActual   1: 33554432 op, 522785830.00 ns, 15.5802 ns/op
WorkloadActual   2: 33554432 op, 527612653.00 ns, 15.7241 ns/op
WorkloadActual   3: 33554432 op, 535034621.00 ns, 15.9453 ns/op

// AfterActualRun
WorkloadResult   1: 33554432 op, 411678335.00 ns, 12.2690 ns/op
WorkloadResult   2: 33554432 op, 416505158.00 ns, 12.4128 ns/op
WorkloadResult   3: 33554432 op, 423927126.00 ns, 12.6340 ns/op
// GC:  112 0 0 1879048192 33554432
// Threading:  0 0 33554432

// AfterAll
// Benchmark Process 3145 has exited with code 0.

Mean = 12.439 ns, StdErr = 0.106 ns (0.85%), N = 3, StdDev = 0.184 ns
Min = 12.269 ns, Q1 = 12.341 ns, Median = 12.413 ns, Q3 = 12.523 ns, Max = 12.634 ns
IQR = 0.183 ns, LowerFence = 12.067 ns, UpperFence = 12.797 ns
ConfidenceInterval = [9.084 ns; 15.793 ns] (CI 99.9%), Margin = 3.355 ns (26.97% of Mean)
Skewness = 0.14, Kurtosis = 0.67, MValue = 2

// ** Remained 1 (25.0 %) benchmark(s) to run. Estimated finish 2026-10-10 12:06 (0h 0m from now) **
// **************************
// Benchmark: ChangeEventBenchmarks.CreateChangeMetadata: ShortRun(IterationCount=3, LaunchCount=1, WarmupCount=3)
// *** Execute ***
// Launch: 1 / 1
// Execute: dotnet Encina.Cdc.Benchmarks-ShortRun-1.dll --anonymousPipes 130 131 --benchmarkName Encina.Cdc.Benchmarks.Benchmarks.ChangeEventBenchmarks.CreateChangeMetadata --job ShortRun --benchmarkId 3 in /home/runner/work/Encina/Encina/tests/Encina.BenchmarkTests/Encina.Cdc.Benchmarks/bin/Release/net10.0/Encina.Cdc.Benchmarks-ShortRun-1/bin/Release/net10.0
// Failed to set up high priority (Permission denied). In order to run benchmarks with high priority, make sure you have the right permissions.
// BeforeAnythingElse

// Benchmark Process Environment Information:
// BenchmarkDotNet v0.15.8
// Runtime=.NET 10.0.12 (10.0.12, 10.0.1226.42308), X64 RyuJIT x86-64-v3
// GC=Concurrent Workstation
// HardwareIntrinsics=AVX2+BMI1+BMI2+F16C+FMA+LZCNT+MOVBE,AVX,SSE3+SSSE3+SSE4.1+SSE4.2+POPCNT,X86Base+SSE+SSE2,AES+PCLMUL VectorSize=256
// Job: ShortRun(IterationCount=3, LaunchCount=1, WarmupCount=3)

OverheadJitting  1: 1 op, 241450.00 ns, 241.4500 us/op
WorkloadJitting  1: 1 op, 353909.00 ns, 353.9090 us/op

OverheadJitting  2: 16 op, 509680.00 ns, 31.8550 us/op
WorkloadJitting  2: 16 op, 493159.00 ns, 30.8224 us/op

WorkloadPilot    1: 16 op, 10199.00 ns, 637.4375 ns/op
WorkloadPilot    2: 32 op, 2926.00 ns, 91.4375 ns/op
WorkloadPilot    3: 64 op, 3978.00 ns, 62.1563 ns/op
WorkloadPilot    4: 128 op, 21469.00 ns, 167.7266 ns/op
WorkloadPilot    5: 256 op, 56215.00 ns, 219.5898 ns/op
WorkloadPilot    6: 512 op, 33703.00 ns, 65.8262 ns/op
WorkloadPilot    7: 1024 op, 80631.00 ns, 78.7412 ns/op
WorkloadPilot    8: 2048 op, 151782.00 ns, 74.1123 ns/op
WorkloadPilot    9: 4096 op, 286123.00 ns, 69.8542 ns/op
WorkloadPilot   10: 8192 op, 450520.00 ns, 54.9951 ns/op
WorkloadPilot   11: 16384 op, 1002037.00 ns, 61.1595 ns/op
WorkloadPilot   12: 32768 op, 2000808.00 ns, 61.0598 ns/op
WorkloadPilot   13: 65536 op, 3931145.00 ns, 59.9845 ns/op
WorkloadPilot   14: 131072 op, 7980129.00 ns, 60.8836 ns/op
WorkloadPilot   15: 262144 op, 15820687.00 ns, 60.3511 ns/op
WorkloadPilot   16: 524288 op, 22322110.00 ns, 42.5760 ns/op
WorkloadPilot   17: 1048576 op, 41662917.00 ns, 39.7329 ns/op
WorkloadPilot   18: 2097152 op, 83858144.00 ns, 39.9867 ns/op
WorkloadPilot   19: 4194304 op, 163418380.00 ns, 38.9620 ns/op
WorkloadPilot   20: 8388608 op, 325658554.00 ns, 38.8215 ns/op
WorkloadPilot   21: 16777216 op, 662670341.00 ns, 39.4982 ns/op

OverheadWarmup   1: 16777216 op, 54807867.00 ns, 3.2668 ns/op
OverheadWarmup   2: 16777216 op, 55209867.00 ns, 3.2908 ns/op
OverheadWarmup   3: 16777216 op, 54861087.00 ns, 3.2700 ns/op
OverheadWarmup   4: 16777216 op, 54805033.00 ns, 3.2666 ns/op
OverheadWarmup   5: 16777216 op, 54872639.00 ns, 3.2707 ns/op
OverheadWarmup   6: 16777216 op, 54821453.00 ns, 3.2676 ns/op

OverheadActual   1: 16777216 op, 54918384.00 ns, 3.2734 ns/op
OverheadActual   2: 16777216 op, 54847011.00 ns, 3.2691 ns/op
OverheadActual   3: 16777216 op, 54905489.00 ns, 3.2726 ns/op
OverheadActual   4: 16777216 op, 55029270.00 ns, 3.2800 ns/op
OverheadActual   5: 16777216 op, 54788481.00 ns, 3.2656 ns/op
OverheadActual   6: 16777216 op, 54862409.00 ns, 3.2701 ns/op
OverheadActual   7: 16777216 op, 54906851.00 ns, 3.2727 ns/op
OverheadActual   8: 16777216 op, 54796667.00 ns, 3.2661 ns/op
OverheadActual   9: 16777216 op, 54942869.00 ns, 3.2749 ns/op
OverheadActual  10: 16777216 op, 54898937.00 ns, 3.2722 ns/op
OverheadActual  11: 16777216 op, 54790855.00 ns, 3.2658 ns/op
OverheadActual  12: 16777216 op, 54803329.00 ns, 3.2665 ns/op
OverheadActual  13: 16777216 op, 54806415.00 ns, 3.2667 ns/op
OverheadActual  14: 16777216 op, 55204176.00 ns, 3.2904 ns/op
OverheadActual  15: 16777216 op, 54847141.00 ns, 3.2691 ns/op

WorkloadWarmup   1: 16777216 op, 653106152.00 ns, 38.9282 ns/op
WorkloadWarmup   2: 16777216 op, 659079725.00 ns, 39.2842 ns/op
WorkloadWarmup   3: 16777216 op, 674098455.00 ns, 40.1794 ns/op

// BeforeActualRun
WorkloadActual   1: 16777216 op, 655621311.00 ns, 39.0781 ns/op
WorkloadActual   2: 16777216 op, 654100568.00 ns, 38.9874 ns/op
WorkloadActual   3: 16777216 op, 661200940.00 ns, 39.4106 ns/op

// AfterActualRun
WorkloadResult   1: 16777216 op, 600758902.00 ns, 35.8080 ns/op
WorkloadResult   2: 16777216 op, 599238159.00 ns, 35.7174 ns/op
WorkloadResult   3: 16777216 op, 606338531.00 ns, 36.1406 ns/op
// GC:  56 0 0 939524096 16777216
// Threading:  0 0 16777216

// AfterAll
// Benchmark Process 3154 has exited with code 0.

Mean = 35.889 ns, StdErr = 0.129 ns (0.36%), N = 3, StdDev = 0.223 ns
Min = 35.717 ns, Q1 = 35.763 ns, Median = 35.808 ns, Q3 = 35.974 ns, Max = 36.141 ns
IQR = 0.212 ns, LowerFence = 35.445 ns, UpperFence = 36.292 ns
ConfidenceInterval = [31.823 ns; 39.954 ns] (CI 99.9%), Margin = 4.065 ns (11.33% of Mean)
Skewness = 0.31, Kurtosis = 0.67, MValue = 2

// ** Remained 0 (0.0 %) benchmark(s) to run. Estimated finish 2026-10-10 12:06 (0h 0m from now) **
// ***** BenchmarkRunner: Finish  *****

// * Export *
  artifacts/performance/Cdc/results/Encina.Cdc.Benchmarks.Benchmarks.ChangeEventBenchmarks-report.csv
  artifacts/performance/Cdc/results/Encina.Cdc.Benchmarks.Benchmarks.ChangeEventBenchmarks-report-github.md
  artifacts/performance/Cdc/results/Encina.Cdc.Benchmarks.Benchmarks.ChangeEventBenchmarks-report.html
  artifacts/performance/Cdc/results/Encina.Cdc.Benchmarks.Benchmarks.ChangeEventBenchmarks-report-full-compressed.json

// * Detailed results *
ChangeEventBenchmarks.CreateChangeEvent: ShortRun(IterationCount=3, LaunchCount=1, WarmupCount=3)
Runtime = .NET 10.0.12 (10.0.12, 10.0.1226.42308), X64 RyuJIT x86-64-v3; GC = Concurrent Workstation
Mean = 23.386 ns, StdErr = 0.167 ns (0.71%), N = 3, StdDev = 0.289 ns
Min = 23.135 ns, Q1 = 23.228 ns, Median = 23.321 ns, Q3 = 23.511 ns, Max = 23.702 ns
IQR = 0.283 ns, LowerFence = 22.803 ns, UpperFence = 23.936 ns
ConfidenceInterval = [18.116 ns; 28.656 ns] (CI 99.9%), Margin = 5.270 ns (22.53% of Mean)
Skewness = 0.21, Kurtosis = 0.67, MValue = 2
-------------------- Histogram --------------------
[22.965 ns ; 23.965 ns) | @@@
---------------------------------------------------

ChangeEventBenchmarks.ChangeEvent_Equals: ShortRun(IterationCount=3, LaunchCount=1, WarmupCount=3)
Runtime = .NET 10.0.12 (10.0.12, 10.0.1226.42308), X64 RyuJIT x86-64-v3; GC = Concurrent Workstation
Mean = 1.386 ns, StdErr = 0.000 ns (0.02%), N = 3, StdDev = 0.000 ns
Min = 1.385 ns, Q1 = 1.385 ns, Median = 1.385 ns, Q3 = 1.386 ns, Max = 1.386 ns
IQR = 0.000 ns, LowerFence = 1.385 ns, UpperFence = 1.386 ns
ConfidenceInterval = [1.377 ns; 1.394 ns] (CI 99.9%), Margin = 0.008 ns (0.61% of Mean)
Skewness = 0.36, Kurtosis = 0.67, MValue = 2
-------------------- Histogram --------------------
[1.385 ns ; 1.386 ns) | @@@
---------------------------------------------------

ChangeEventBenchmarks.ChangeEvent_WithExpression: ShortRun(IterationCount=3, LaunchCount=1, WarmupCount=3)
Runtime = .NET 10.0.12 (10.0.12, 10.0.1226.42308), X64 RyuJIT x86-64-v3; GC = Concurrent Workstation
Mean = 12.439 ns, StdErr = 0.106 ns (0.85%), N = 3, StdDev = 0.184 ns
Min = 12.269 ns, Q1 = 12.341 ns, Median = 12.413 ns, Q3 = 12.523 ns, Max = 12.634 ns
IQR = 0.183 ns, LowerFence = 12.067 ns, UpperFence = 12.797 ns
ConfidenceInterval = [9.084 ns; 15.793 ns] (CI 99.9%), Margin = 3.355 ns (26.97% of Mean)
Skewness = 0.14, Kurtosis = 0.67, MValue = 2
-------------------- Histogram --------------------
[12.174 ns ; 12.508 ns) | @@
[12.508 ns ; 12.801 ns) | @
---------------------------------------------------

ChangeEventBenchmarks.CreateChangeMetadata: ShortRun(IterationCount=3, LaunchCount=1, WarmupCount=3)
Runtime = .NET 10.0.12 (10.0.12, 10.0.1226.42308), X64 RyuJIT x86-64-v3; GC = Concurrent Workstation
Mean = 35.889 ns, StdErr = 0.129 ns (0.36%), N = 3, StdDev = 0.223 ns
Min = 35.717 ns, Q1 = 35.763 ns, Median = 35.808 ns, Q3 = 35.974 ns, Max = 36.141 ns
IQR = 0.212 ns, LowerFence = 35.445 ns, UpperFence = 36.292 ns
ConfidenceInterval = [31.823 ns; 39.954 ns] (CI 99.9%), Margin = 4.065 ns (11.33% of Mean)
Skewness = 0.31, Kurtosis = 0.67, MValue = 2
-------------------- Histogram --------------------
[35.514 ns ; 36.343 ns) | @@@
---------------------------------------------------

// * Summary *

BenchmarkDotNet v0.15.8, Linux Ubuntu 24.04.5 LTS (Noble Numbat)
AMD EPYC 7763 2.45GHz, 1 CPU, 4 logical and 2 physical cores
.NET SDK 10.0.401
  [Host]   : .NET 10.0.12 (10.0.12, 10.0.1226.42308), X64 RyuJIT x86-64-v3
  ShortRun : .NET 10.0.12 (10.0.12, 10.0.1226.42308), X64 RyuJIT x86-64-v3

Job=ShortRun  IterationCount=3  LaunchCount=1  
WarmupCount=3  

| Method                     | Mean      | Error     | StdDev    | Ratio | Gen0   | Allocated | Alloc Ratio |
|--------------------------- |----------:|----------:|----------:|------:|-------:|----------:|------------:|
| CreateChangeEvent          | 23.386 ns | 5.2697 ns | 0.2889 ns |  0.65 | 0.0081 |     136 B |        2.43 |
| ChangeEvent_Equals         |  1.386 ns | 0.0085 ns | 0.0005 ns |  0.04 |      - |         - |        0.00 |
| ChangeEvent_WithExpression | 12.439 ns | 3.3547 ns | 0.1839 ns |  0.35 | 0.0033 |      56 B |        1.00 |
| CreateChangeMetadata       | 35.889 ns | 4.0653 ns | 0.2228 ns |  1.00 | 0.0033 |      56 B |        1.00 |
// * Config Issues *

// * Warnings *
Configuration
  Summary -> The exporter CsvExporter is already present in configuration. There may be unexpected results.
  Summary -> The exporter HtmlExporter is already present in configuration. There may be unexpected results.
  Summary -> The exporter MarkdownExporter-github is already present in configuration. There may be unexpected results.

// * Legends *
  Mean        : Arithmetic mean of all measurements
  Error       : Half of 99.9% confidence interval
  StdDev      : Standard deviation of all measurements
  Ratio       : Mean of the ratio distribution ([Current]/[Baseline])
  Gen0        : GC Generation 0 collects per 1000 operations
  Allocated   : Allocated memory per single operation (managed only, inclusive, 1KB = 1024B)
  Alloc Ratio : Allocated memory ratio distribution ([Current]/[Baseline])
  1 ns        : 1 Nanosecond (0.000000001 sec)

// * Diagnostic Output - MemoryDiagnoser *


// ***** BenchmarkRunner: End *****
Run time: 00:00:45 (45.29 sec), executed benchmarks: 4

Global total time: 00:01:43 (103.76 sec), executed benchmarks: 4
// * Artifacts cleanup *
Artifacts cleanup is finished
