// Validating benchmarks:
// ***** BenchmarkRunner: Start   *****
// ***** Found 1 benchmark(s) in total *****
// ***** Building 1 exe(s) in Parallel: Start   *****
// start dotnet  restore --nodeReuse:false /p:UseSharedCompilation=false /p:Deterministic=true /p:Optimize=true /p:ArtifactsPath="/home/runner/work/Encina/Encina/tests/Encina.BenchmarkTests/Encina.MongoDB.Benchmarks/bin/Release/net10.0/Encina.MongoDB.Benchmarks-ShortRun-1/" /p:OutDir="/home/runner/work/Encina/Encina/tests/Encina.BenchmarkTests/Encina.MongoDB.Benchmarks/bin/Release/net10.0/Encina.MongoDB.Benchmarks-ShortRun-1/bin/Release/net10.0/" /p:OutputPath="/home/runner/work/Encina/Encina/tests/Encina.BenchmarkTests/Encina.MongoDB.Benchmarks/bin/Release/net10.0/Encina.MongoDB.Benchmarks-ShortRun-1/bin/Release/net10.0/" /p:PublishDir="/home/runner/work/Encina/Encina/tests/Encina.BenchmarkTests/Encina.MongoDB.Benchmarks/bin/Release/net10.0/Encina.MongoDB.Benchmarks-ShortRun-1/publish/" in /home/runner/work/Encina/Encina/tests/Encina.BenchmarkTests/Encina.MongoDB.Benchmarks/bin/Release/net10.0/Encina.MongoDB.Benchmarks-ShortRun-1
// command took 2.81 sec and exited with 0
// start dotnet  build -c Release --no-restore --nodeReuse:false /p:UseSharedCompilation=false /p:Deterministic=true /p:Optimize=true /p:ArtifactsPath="/home/runner/work/Encina/Encina/tests/Encina.BenchmarkTests/Encina.MongoDB.Benchmarks/bin/Release/net10.0/Encina.MongoDB.Benchmarks-ShortRun-1/" /p:OutDir="/home/runner/work/Encina/Encina/tests/Encina.BenchmarkTests/Encina.MongoDB.Benchmarks/bin/Release/net10.0/Encina.MongoDB.Benchmarks-ShortRun-1/bin/Release/net10.0/" /p:OutputPath="/home/runner/work/Encina/Encina/tests/Encina.BenchmarkTests/Encina.MongoDB.Benchmarks/bin/Release/net10.0/Encina.MongoDB.Benchmarks-ShortRun-1/bin/Release/net10.0/" /p:PublishDir="/home/runner/work/Encina/Encina/tests/Encina.BenchmarkTests/Encina.MongoDB.Benchmarks/bin/Release/net10.0/Encina.MongoDB.Benchmarks-ShortRun-1/publish/" --output "/home/runner/work/Encina/Encina/tests/Encina.BenchmarkTests/Encina.MongoDB.Benchmarks/bin/Release/net10.0/Encina.MongoDB.Benchmarks-ShortRun-1/bin/Release/net10.0/" in /home/runner/work/Encina/Encina/tests/Encina.BenchmarkTests/Encina.MongoDB.Benchmarks/bin/Release/net10.0/Encina.MongoDB.Benchmarks-ShortRun-1
// command took 119.62 sec and exited with 0
// ***** Done, took 00:02:02 (122.58 sec)   *****
// Found 1 benchmarks:
//   BulkOperationsBenchmarks.BulkInsert_100Rows: ShortRun(InvocationCount=1, IterationCount=3, LaunchCount=1, UnrollFactor=1, WarmupCount=3)

// **************************
// Benchmark: BulkOperationsBenchmarks.BulkInsert_100Rows: ShortRun(InvocationCount=1, IterationCount=3, LaunchCount=1, UnrollFactor=1, WarmupCount=3)
// *** Execute ***
// Launch: 1 / 1
// Execute: dotnet Encina.MongoDB.Benchmarks-ShortRun-1.dll --anonymousPipes 147 148 --benchmarkName Encina.MongoDB.Benchmarks.Benchmarks.BulkOperationsBenchmarks.BulkInsert_100Rows --job ShortRun --benchmarkId 0 in /home/runner/work/Encina/Encina/tests/Encina.BenchmarkTests/Encina.MongoDB.Benchmarks/bin/Release/net10.0/Encina.MongoDB.Benchmarks-ShortRun-1/bin/Release/net10.0
// Failed to set up high priority (Permission denied). In order to run benchmarks with high priority, make sure you have the right permissions.
// BeforeAnythingElse

// Benchmark Process Environment Information:
// BenchmarkDotNet v0.15.8
// Runtime=.NET 10.0.12 (10.0.12, 10.0.1226.42308), X64 RyuJIT x86-64-v4
// GC=Concurrent Workstation
// HardwareIntrinsics=AVX512 BITALG+VBMI2+VNNI+VPOPCNTDQ,AVX512 IFMA+VBMI,AVX512 F+BW+CD+DQ+VL,AVX2+BMI1+BMI2+F16C+FMA+LZCNT+MOVBE,AVX,SSE3+SSSE3+SSE4.1+SSE4.2+POPCNT,X86Base+SSE+SSE2,AES+PCLMUL VectorSize=256
// Job: ShortRun(InvocationCount=1, IterationCount=3, LaunchCount=1, UnrollFactor=1, WarmupCount=3)

[testcontainers.org 00:00:00.26] Connected to Docker:
  Host: unix:///var/run/docker.sock
  Server Version: 28.0.4
  Kernel Version: 6.17.0-1022-azure
  API Version: 1.48
  Operating System: Ubuntu 24.04.5 LTS
  Total Memory: 15.61 GB
[testcontainers.org 00:00:00.31] Searching Docker registry credential in CredsStore
[testcontainers.org 00:00:00.31] Searching Docker registry credential in CredHelpers
[testcontainers.org 00:00:00.31] Searching Docker registry credential in Auths
[testcontainers.org 00:00:00.31] Searching Docker registry credential in Auths
[testcontainers.org 00:00:00.31] Docker registry credential https://index.docker.io/v1/ found
[testcontainers.org 00:00:01.51] Docker image testcontainers/ryuk:0.14.0@sha256:7c1a8a9a47c780ed0f983770a662f80deb115d95cce3e2daa3d12115b8cd28f0 created
[testcontainers.org 00:00:01.66] Docker container 1fcdefca3fbb created
[testcontainers.org 00:00:01.75] Start Docker container 1fcdefca3fbb
[testcontainers.org 00:00:01.91] Wait for Docker container 1fcdefca3fbb to complete readiness checks
[testcontainers.org 00:00:02.93] Docker container 1fcdefca3fbb ready
[testcontainers.org 00:00:12.39] Docker image mongo:7 created
[testcontainers.org 00:00:12.41] Docker container baf49f35d168 created
[testcontainers.org 00:00:12.41] Start Docker container baf49f35d168
[testcontainers.org 00:00:12.51] Wait for Docker container baf49f35d168 to complete readiness checks
[testcontainers.org 00:00:16.53] Docker container baf49f35d168 ready
OverheadJitting  1: 1 op, 184577.00 ns, 184.5770 us/op
WorkloadJitting  1: 1 op, 322041647.00 ns, 322.0416 ms/op

OverheadWarmup   1: 1 op, 200.00 ns, 200.0000 ns/op
OverheadWarmup   2: 1 op, 180.00 ns, 180.0000 ns/op
OverheadWarmup   3: 1 op, 190.00 ns, 190.0000 ns/op
OverheadWarmup   4: 1 op, 180.00 ns, 180.0000 ns/op
OverheadWarmup   5: 1 op, 170.00 ns, 170.0000 ns/op
OverheadWarmup   6: 1 op, 191.00 ns, 191.0000 ns/op
OverheadWarmup   7: 1 op, 200.00 ns, 200.0000 ns/op
OverheadWarmup   8: 1 op, 180.00 ns, 180.0000 ns/op

OverheadActual   1: 1 op, 601.00 ns, 601.0000 ns/op
OverheadActual   2: 1 op, 190.00 ns, 190.0000 ns/op
OverheadActual   3: 1 op, 190.00 ns, 190.0000 ns/op
OverheadActual   4: 1 op, 180.00 ns, 180.0000 ns/op
OverheadActual   5: 1 op, 201.00 ns, 201.0000 ns/op
OverheadActual   6: 1 op, 210.00 ns, 210.0000 ns/op
OverheadActual   7: 1 op, 180.00 ns, 180.0000 ns/op
OverheadActual   8: 1 op, 300.00 ns, 300.0000 ns/op
OverheadActual   9: 1 op, 190.00 ns, 190.0000 ns/op
OverheadActual  10: 1 op, 190.00 ns, 190.0000 ns/op
OverheadActual  11: 1 op, 190.00 ns, 190.0000 ns/op
OverheadActual  12: 1 op, 180.00 ns, 180.0000 ns/op
OverheadActual  13: 1 op, 171.00 ns, 171.0000 ns/op
OverheadActual  14: 1 op, 191.00 ns, 191.0000 ns/op
OverheadActual  15: 1 op, 181.00 ns, 181.0000 ns/op
OverheadActual  16: 1 op, 441.00 ns, 441.0000 ns/op
OverheadActual  17: 1 op, 190.00 ns, 190.0000 ns/op
OverheadActual  18: 1 op, 190.00 ns, 190.0000 ns/op
OverheadActual  19: 1 op, 170.00 ns, 170.0000 ns/op
OverheadActual  20: 1 op, 180.00 ns, 180.0000 ns/op

WorkloadWarmup   1: 1 op, 1739812.00 ns, 1.7398 ms/op
WorkloadWarmup   2: 1 op, 909426.00 ns, 909.4260 us/op
WorkloadWarmup   3: 1 op, 839741.00 ns, 839.7410 us/op

// BeforeActualRun
WorkloadActual   1: 1 op, 857647.00 ns, 857.6470 us/op
WorkloadActual   2: 1 op, 862245.00 ns, 862.2450 us/op
WorkloadActual   3: 1 op, 898529.00 ns, 898.5290 us/op

// AfterActualRun
WorkloadResult   1: 1 op, 857457.00 ns, 857.4570 us/op
WorkloadResult   2: 1 op, 862055.00 ns, 862.0550 us/op
WorkloadResult   3: 1 op, 898339.00 ns, 898.3390 us/op
// GC:  0 0 0 73152 1
// Threading:  1 0 1

[testcontainers.org 00:00:17.28] Delete Docker container baf49f35d168
// AfterAll
// Benchmark Process 3457 has exited with code 0.

Mean = 872.617 μs, StdErr = 12.929 μs (1.48%), N = 3, StdDev = 22.394 μs
Min = 857.457 μs, Q1 = 859.756 μs, Median = 862.055 μs, Q3 = 880.197 μs, Max = 898.339 μs
IQR = 20.441 μs, LowerFence = 829.095 μs, UpperFence = 910.859 μs
ConfidenceInterval = [464.063 μs; 1,281.171 μs] (CI 99.9%), Margin = 408.554 μs (46.82% of Mean)
Skewness = 0.37, Kurtosis = 0.67, MValue = 2

// ** Remained 0 (0.0 %) benchmark(s) to run. Estimated finish 2026-10-09 20:10 (0h 0m from now) **
// ***** BenchmarkRunner: Finish  *****

// * Export *
  artifacts/performance/MongoDB/results/Encina.MongoDB.Benchmarks.Benchmarks.BulkOperationsBenchmarks-report.csv
  artifacts/performance/MongoDB/results/Encina.MongoDB.Benchmarks.Benchmarks.BulkOperationsBenchmarks-report-github.md
  artifacts/performance/MongoDB/results/Encina.MongoDB.Benchmarks.Benchmarks.BulkOperationsBenchmarks-report.html
  artifacts/performance/MongoDB/results/Encina.MongoDB.Benchmarks.Benchmarks.BulkOperationsBenchmarks-report-full-compressed.json

// * Detailed results *
BulkOperationsBenchmarks.BulkInsert_100Rows: ShortRun(InvocationCount=1, IterationCount=3, LaunchCount=1, UnrollFactor=1, WarmupCount=3)
Runtime = .NET 10.0.12 (10.0.12, 10.0.1226.42308), X64 RyuJIT x86-64-v4; GC = Concurrent Workstation
Mean = 872.617 μs, StdErr = 12.929 μs (1.48%), N = 3, StdDev = 22.394 μs
Min = 857.457 μs, Q1 = 859.756 μs, Median = 862.055 μs, Q3 = 880.197 μs, Max = 898.339 μs
IQR = 20.441 μs, LowerFence = 829.095 μs, UpperFence = 910.859 μs
ConfidenceInterval = [464.063 μs; 1,281.171 μs] (CI 99.9%), Margin = 408.554 μs (46.82% of Mean)
Skewness = 0.37, Kurtosis = 0.67, MValue = 2
-------------------- Histogram --------------------
[837.077 μs ; 880.136 μs) | @@
[880.136 μs ; 918.719 μs) | @
---------------------------------------------------

// * Summary *

BenchmarkDotNet v0.15.8, Linux Ubuntu 24.04.5 LTS (Noble Numbat)
AMD EPYC 9V74 2.60GHz, 1 CPU, 4 logical and 2 physical cores
.NET SDK 10.0.401
  [Host]   : .NET 10.0.12 (10.0.12, 10.0.1226.42308), X64 RyuJIT x86-64-v4
  ShortRun : .NET 10.0.12 (10.0.12, 10.0.1226.42308), X64 RyuJIT x86-64-v4

Job=ShortRun  InvocationCount=1  IterationCount=3  
LaunchCount=1  UnrollFactor=1  WarmupCount=3  

| Method             | Mean     | Error    | StdDev   | Ratio | RatioSD | Allocated | Alloc Ratio |
|------------------- |---------:|---------:|---------:|------:|--------:|----------:|------------:|
| BulkInsert_100Rows | 872.6 μs | 408.6 μs | 22.39 μs |  1.00 |    0.03 |  71.44 KB |        1.00 |

// * Warnings *
MinIterationTime
  BulkOperationsBenchmarks.BulkInsert_100Rows: ShortRun -> The minimum observed iteration time is 857.647μs which is very small. It's recommended to increase it to at least 100ms using more operations.
// * Config Issues *

// * Warnings *
Configuration
  Summary -> The exporter CsvExporter is already present in configuration. There may be unexpected results.
  Summary -> The exporter HtmlExporter is already present in configuration. There may be unexpected results.
  Summary -> The exporter MarkdownExporter-github is already present in configuration. There may be unexpected results.

// * Legends *
  Mean        : Arithmetic mean of all measurements
  Error       : Half of 99.9% confidence interval
  StdDev      : Standard deviation of all measurements
  Ratio       : Mean of the ratio distribution ([Current]/[Baseline])
  RatioSD     : Standard deviation of the ratio distribution ([Current]/[Baseline])
  Allocated   : Allocated memory per single operation (managed only, inclusive, 1KB = 1024B)
  Alloc Ratio : Allocated memory ratio distribution ([Current]/[Baseline])
  1 μs        : 1 Microsecond (0.000001 sec)

// * Diagnostic Output - MemoryDiagnoser *


// ***** BenchmarkRunner: End *****
Run time: 00:00:17 (17.81 sec), executed benchmarks: 1

Global total time: 00:02:20 (140.63 sec), executed benchmarks: 1
// * Artifacts cleanup *
Artifacts cleanup is finished
