// Validating benchmarks:
// ***** BenchmarkRunner: Start   *****
// ***** Found 5 benchmark(s) in total *****
// ***** Building 1 exe(s) in Parallel: Start   *****
// start dotnet  restore --nodeReuse:false /p:UseSharedCompilation=false /p:Deterministic=true /p:Optimize=true /p:ArtifactsPath="/home/runner/work/Encina/Encina/tests/Encina.BenchmarkTests/Encina.Benchmarks/bin/Release/net10.0/Encina.Benchmarks-ShortRun-1/" /p:OutDir="/home/runner/work/Encina/Encina/tests/Encina.BenchmarkTests/Encina.Benchmarks/bin/Release/net10.0/Encina.Benchmarks-ShortRun-1/bin/Release/net10.0/" /p:OutputPath="/home/runner/work/Encina/Encina/tests/Encina.BenchmarkTests/Encina.Benchmarks/bin/Release/net10.0/Encina.Benchmarks-ShortRun-1/bin/Release/net10.0/" /p:PublishDir="/home/runner/work/Encina/Encina/tests/Encina.BenchmarkTests/Encina.Benchmarks/bin/Release/net10.0/Encina.Benchmarks-ShortRun-1/publish/" in /home/runner/work/Encina/Encina/tests/Encina.BenchmarkTests/Encina.Benchmarks/bin/Release/net10.0/Encina.Benchmarks-ShortRun-1
// command took 3.48 sec and exited with 0
// start dotnet  build -c Release --no-restore --nodeReuse:false /p:UseSharedCompilation=false /p:Deterministic=true /p:Optimize=true /p:ArtifactsPath="/home/runner/work/Encina/Encina/tests/Encina.BenchmarkTests/Encina.Benchmarks/bin/Release/net10.0/Encina.Benchmarks-ShortRun-1/" /p:OutDir="/home/runner/work/Encina/Encina/tests/Encina.BenchmarkTests/Encina.Benchmarks/bin/Release/net10.0/Encina.Benchmarks-ShortRun-1/bin/Release/net10.0/" /p:OutputPath="/home/runner/work/Encina/Encina/tests/Encina.BenchmarkTests/Encina.Benchmarks/bin/Release/net10.0/Encina.Benchmarks-ShortRun-1/bin/Release/net10.0/" /p:PublishDir="/home/runner/work/Encina/Encina/tests/Encina.BenchmarkTests/Encina.Benchmarks/bin/Release/net10.0/Encina.Benchmarks-ShortRun-1/publish/" --output "/home/runner/work/Encina/Encina/tests/Encina.BenchmarkTests/Encina.Benchmarks/bin/Release/net10.0/Encina.Benchmarks-ShortRun-1/bin/Release/net10.0/" in /home/runner/work/Encina/Encina/tests/Encina.BenchmarkTests/Encina.Benchmarks/bin/Release/net10.0/Encina.Benchmarks-ShortRun-1
// command took 187.73 sec and exited with 0
// ***** Done, took 00:03:11 (191.36 sec)   *****
// Found 5 benchmarks:
//   DelegateInvocationBenchmarks.CompiledDelegate: ShortRun(IterationCount=3, LaunchCount=1, WarmupCount=3)
//   DelegateInvocationBenchmarks.DirectCall: ShortRun(IterationCount=3, LaunchCount=1, WarmupCount=3)
//   DelegateInvocationBenchmarks.ExpressionCompilation: ShortRun(IterationCount=3, LaunchCount=1, WarmupCount=3)
//   DelegateInvocationBenchmarks.GenericTypeConstruction: ShortRun(IterationCount=3, LaunchCount=1, WarmupCount=3)
//   DelegateInvocationBenchmarks.MethodInfoInvoke: ShortRun(IterationCount=3, LaunchCount=1, WarmupCount=3)

// **************************
// Benchmark: DelegateInvocationBenchmarks.CompiledDelegate: ShortRun(IterationCount=3, LaunchCount=1, WarmupCount=3)
// *** Execute ***
// Launch: 1 / 1
// Execute: dotnet Encina.Benchmarks-ShortRun-1.dll --anonymousPipes 223 224 --benchmarkName Encina.Benchmarks.DelegateInvocationBenchmarks.CompiledDelegate --job ShortRun --benchmarkId 0 in /home/runner/work/Encina/Encina/tests/Encina.BenchmarkTests/Encina.Benchmarks/bin/Release/net10.0/Encina.Benchmarks-ShortRun-1/bin/Release/net10.0
// Failed to set up high priority (Permission denied). In order to run benchmarks with high priority, make sure you have the right permissions.
// BeforeAnythingElse

// Benchmark Process Environment Information:
// BenchmarkDotNet v0.15.8
// Runtime=.NET 10.0.12 (10.0.12, 10.0.1226.42308), X64 RyuJIT x86-64-v3
// GC=Concurrent Workstation
// HardwareIntrinsics=AVX2+BMI1+BMI2+F16C+FMA+LZCNT+MOVBE,AVX,SSE3+SSSE3+SSE4.1+SSE4.2+POPCNT,X86Base+SSE+SSE2,AES+PCLMUL VectorSize=256
// Job: ShortRun(IterationCount=3, LaunchCount=1, WarmupCount=3)

OverheadJitting  1: 1 op, 222625.00 ns, 222.6250 us/op
WorkloadJitting  1: 1 op, 5399572.00 ns, 5.3996 ms/op

OverheadJitting  2: 16 op, 258850.00 ns, 16.1781 us/op
WorkloadJitting  2: 16 op, 292641.00 ns, 18.2901 us/op

WorkloadPilot    1: 16 op, 3375.00 ns, 210.9375 ns/op
WorkloadPilot    2: 32 op, 3996.00 ns, 124.8750 ns/op
WorkloadPilot    3: 64 op, 24116.00 ns, 376.8125 ns/op
WorkloadPilot    4: 128 op, 33040.00 ns, 258.1250 ns/op
WorkloadPilot    5: 256 op, 47431.00 ns, 185.2773 ns/op
WorkloadPilot    6: 512 op, 66840.00 ns, 130.5469 ns/op
WorkloadPilot    7: 1024 op, 128874.00 ns, 125.8535 ns/op
WorkloadPilot    8: 2048 op, 234784.00 ns, 114.6406 ns/op
WorkloadPilot    9: 4096 op, 307764.00 ns, 75.1377 ns/op
WorkloadPilot   10: 8192 op, 764091.00 ns, 93.2728 ns/op
WorkloadPilot   11: 16384 op, 1492968.00 ns, 91.1235 ns/op
WorkloadPilot   12: 32768 op, 2971215.00 ns, 90.6743 ns/op
WorkloadPilot   13: 65536 op, 5972715.00 ns, 91.1364 ns/op
WorkloadPilot   14: 131072 op, 11814574.00 ns, 90.1380 ns/op
WorkloadPilot   15: 262144 op, 11789596.00 ns, 44.9737 ns/op
WorkloadPilot   16: 524288 op, 19326868.00 ns, 36.8631 ns/op
WorkloadPilot   17: 1048576 op, 38409397.00 ns, 36.6301 ns/op
WorkloadPilot   18: 2097152 op, 79242005.00 ns, 37.7855 ns/op
WorkloadPilot   19: 4194304 op, 152927630.00 ns, 36.4608 ns/op
WorkloadPilot   20: 8388608 op, 306506732.00 ns, 36.5384 ns/op
WorkloadPilot   21: 16777216 op, 611050779.00 ns, 36.4215 ns/op

OverheadWarmup   1: 16777216 op, 30639896.00 ns, 1.8263 ns/op
OverheadWarmup   2: 16777216 op, 30624904.00 ns, 1.8254 ns/op
OverheadWarmup   3: 16777216 op, 30594518.00 ns, 1.8236 ns/op
OverheadWarmup   4: 16777216 op, 30590632.00 ns, 1.8233 ns/op
OverheadWarmup   5: 16777216 op, 30748069.00 ns, 1.8327 ns/op
OverheadWarmup   6: 16777216 op, 30593877.00 ns, 1.8235 ns/op
OverheadWarmup   7: 16777216 op, 30635660.00 ns, 1.8260 ns/op
OverheadWarmup   8: 16777216 op, 31109904.00 ns, 1.8543 ns/op
OverheadWarmup   9: 16777216 op, 30568328.00 ns, 1.8220 ns/op

OverheadActual   1: 16777216 op, 30591353.00 ns, 1.8234 ns/op
OverheadActual   2: 16777216 op, 30627548.00 ns, 1.8255 ns/op
OverheadActual   3: 16777216 op, 30664803.00 ns, 1.8278 ns/op
OverheadActual   4: 16777216 op, 30634367.00 ns, 1.8260 ns/op
OverheadActual   5: 16777216 op, 30626476.00 ns, 1.8255 ns/op
OverheadActual   6: 16777216 op, 30616140.00 ns, 1.8249 ns/op
OverheadActual   7: 16777216 op, 30990314.00 ns, 1.8472 ns/op
OverheadActual   8: 16777216 op, 30620026.00 ns, 1.8251 ns/op
OverheadActual   9: 16777216 op, 30590332.00 ns, 1.8233 ns/op
OverheadActual  10: 16777216 op, 30591363.00 ns, 1.8234 ns/op
OverheadActual  11: 16777216 op, 30628969.00 ns, 1.8256 ns/op
OverheadActual  12: 16777216 op, 30723682.00 ns, 1.8313 ns/op
OverheadActual  13: 16777216 op, 30716121.00 ns, 1.8308 ns/op
OverheadActual  14: 16777216 op, 30609130.00 ns, 1.8244 ns/op
OverheadActual  15: 16777216 op, 30692025.00 ns, 1.8294 ns/op

WorkloadWarmup   1: 16777216 op, 627772632.00 ns, 37.4182 ns/op
WorkloadWarmup   2: 16777216 op, 619945081.00 ns, 36.9516 ns/op
WorkloadWarmup   3: 16777216 op, 616666484.00 ns, 36.7562 ns/op

// BeforeActualRun
WorkloadActual   1: 16777216 op, 615866719.00 ns, 36.7085 ns/op
WorkloadActual   2: 16777216 op, 615398208.00 ns, 36.6806 ns/op
WorkloadActual   3: 16777216 op, 611448114.00 ns, 36.4451 ns/op

// AfterActualRun
WorkloadResult   1: 16777216 op, 585239171.00 ns, 34.8830 ns/op
WorkloadResult   2: 16777216 op, 584770660.00 ns, 34.8550 ns/op
WorkloadResult   3: 16777216 op, 580820566.00 ns, 34.6196 ns/op
// GC:  112 0 0 1879048192 16777216
// Threading:  0 0 16777216

// AfterAll
// Benchmark Process 4171 has exited with code 0.

Mean = 34.786 ns, StdErr = 0.084 ns (0.24%), N = 3, StdDev = 0.145 ns
Min = 34.620 ns, Q1 = 34.737 ns, Median = 34.855 ns, Q3 = 34.869 ns, Max = 34.883 ns
IQR = 0.132 ns, LowerFence = 34.540 ns, UpperFence = 35.067 ns
ConfidenceInterval = [32.147 ns; 37.425 ns] (CI 99.9%), Margin = 2.639 ns (7.59% of Mean)
Skewness = -0.37, Kurtosis = 0.67, MValue = 2

// ** Remained 4 (80.0 %) benchmark(s) to run. Estimated finish 2026-09-24 7:17 (0h 0m from now) **
// **************************
// Benchmark: DelegateInvocationBenchmarks.DirectCall: ShortRun(IterationCount=3, LaunchCount=1, WarmupCount=3)
// *** Execute ***
// Launch: 1 / 1
// Execute: dotnet Encina.Benchmarks-ShortRun-1.dll --anonymousPipes 223 224 --benchmarkName Encina.Benchmarks.DelegateInvocationBenchmarks.DirectCall --job ShortRun --benchmarkId 1 in /home/runner/work/Encina/Encina/tests/Encina.BenchmarkTests/Encina.Benchmarks/bin/Release/net10.0/Encina.Benchmarks-ShortRun-1/bin/Release/net10.0
// Failed to set up high priority (Permission denied). In order to run benchmarks with high priority, make sure you have the right permissions.
// BeforeAnythingElse

// Benchmark Process Environment Information:
// BenchmarkDotNet v0.15.8
// Runtime=.NET 10.0.12 (10.0.12, 10.0.1226.42308), X64 RyuJIT x86-64-v3
// GC=Concurrent Workstation
// HardwareIntrinsics=AVX2+BMI1+BMI2+F16C+FMA+LZCNT+MOVBE,AVX,SSE3+SSSE3+SSE4.1+SSE4.2+POPCNT,X86Base+SSE+SSE2,AES+PCLMUL VectorSize=256
// Job: ShortRun(IterationCount=3, LaunchCount=1, WarmupCount=3)

OverheadJitting  1: 1000 op, 222965.00 ns, 222.9650 ns/op
WorkloadJitting  1: 1000 op, 5486653.00 ns, 5.4867 us/op

OverheadJitting  2: 16000 op, 222085.00 ns, 13.8803 ns/op
WorkloadJitting  2: 16000 op, 1961844.00 ns, 122.6153 ns/op

WorkloadPilot    1: 16000 op, 1448832.00 ns, 90.5520 ns/op
WorkloadPilot    2: 32000 op, 2273484.00 ns, 71.0464 ns/op
WorkloadPilot    3: 64000 op, 3985552.00 ns, 62.2743 ns/op
WorkloadPilot    4: 128000 op, 8962608.00 ns, 70.0204 ns/op
WorkloadPilot    5: 256000 op, 12284351.00 ns, 47.9857 ns/op
WorkloadPilot    6: 512000 op, 14463362.00 ns, 28.2488 ns/op
WorkloadPilot    7: 1024000 op, 28412460.00 ns, 27.7465 ns/op
WorkloadPilot    8: 2048000 op, 56842476.00 ns, 27.7551 ns/op
WorkloadPilot    9: 4096000 op, 113754366.00 ns, 27.7721 ns/op
WorkloadPilot   10: 8192000 op, 227489585.00 ns, 27.7697 ns/op
WorkloadPilot   11: 16384000 op, 454828793.00 ns, 27.7605 ns/op
WorkloadPilot   12: 32768000 op, 908420452.00 ns, 27.7228 ns/op

OverheadWarmup   1: 32768000 op, 60051.00 ns, 0.0018 ns/op
OverheadWarmup   2: 32768000 op, 68674.00 ns, 0.0021 ns/op
OverheadWarmup   3: 32768000 op, 59620.00 ns, 0.0018 ns/op
OverheadWarmup   4: 32768000 op, 59610.00 ns, 0.0018 ns/op
OverheadWarmup   5: 32768000 op, 59640.00 ns, 0.0018 ns/op
OverheadWarmup   6: 32768000 op, 59620.00 ns, 0.0018 ns/op

OverheadActual   1: 32768000 op, 59720.00 ns, 0.0018 ns/op
OverheadActual   2: 32768000 op, 59830.00 ns, 0.0018 ns/op
OverheadActual   3: 32768000 op, 59690.00 ns, 0.0018 ns/op
OverheadActual   4: 32768000 op, 59710.00 ns, 0.0018 ns/op
OverheadActual   5: 32768000 op, 59700.00 ns, 0.0018 ns/op
OverheadActual   6: 32768000 op, 59650.00 ns, 0.0018 ns/op
OverheadActual   7: 32768000 op, 59610.00 ns, 0.0018 ns/op
OverheadActual   8: 32768000 op, 59589.00 ns, 0.0018 ns/op
OverheadActual   9: 32768000 op, 59610.00 ns, 0.0018 ns/op
OverheadActual  10: 32768000 op, 59660.00 ns, 0.0018 ns/op
OverheadActual  11: 32768000 op, 59860.00 ns, 0.0018 ns/op
OverheadActual  12: 32768000 op, 59590.00 ns, 0.0018 ns/op
OverheadActual  13: 32768000 op, 59620.00 ns, 0.0018 ns/op
OverheadActual  14: 32768000 op, 59600.00 ns, 0.0018 ns/op
OverheadActual  15: 32768000 op, 59630.00 ns, 0.0018 ns/op

WorkloadWarmup   1: 32768000 op, 916111144.00 ns, 27.9575 ns/op
WorkloadWarmup   2: 32768000 op, 918102335.00 ns, 28.0183 ns/op
WorkloadWarmup   3: 32768000 op, 921038014.00 ns, 28.1078 ns/op

// BeforeActualRun
WorkloadActual   1: 32768000 op, 923669477.00 ns, 28.1882 ns/op
WorkloadActual   2: 32768000 op, 911813246.00 ns, 27.8263 ns/op
WorkloadActual   3: 32768000 op, 912491603.00 ns, 27.8470 ns/op

// AfterActualRun
WorkloadResult   1: 32768000 op, 923609827.00 ns, 28.1863 ns/op
WorkloadResult   2: 32768000 op, 911753596.00 ns, 27.8245 ns/op
WorkloadResult   3: 32768000 op, 912431953.00 ns, 27.8452 ns/op
// GC:  219 0 0 3670016000 32768000
// Threading:  0 0 32768000

// AfterAll
// Benchmark Process 4180 has exited with code 0.

Mean = 27.952 ns, StdErr = 0.117 ns (0.42%), N = 3, StdDev = 0.203 ns
Min = 27.825 ns, Q1 = 27.835 ns, Median = 27.845 ns, Q3 = 28.016 ns, Max = 28.186 ns
IQR = 0.181 ns, LowerFence = 27.563 ns, UpperFence = 28.287 ns
ConfidenceInterval = [24.245 ns; 31.659 ns] (CI 99.9%), Margin = 3.707 ns (13.26% of Mean)
Skewness = 0.38, Kurtosis = 0.67, MValue = 2

// ** Remained 3 (60.0 %) benchmark(s) to run. Estimated finish 2026-09-24 7:17 (0h 0m from now) **
// **************************
// Benchmark: DelegateInvocationBenchmarks.ExpressionCompilation: ShortRun(IterationCount=3, LaunchCount=1, WarmupCount=3)
// *** Execute ***
// Launch: 1 / 1
// Execute: dotnet Encina.Benchmarks-ShortRun-1.dll --anonymousPipes 223 224 --benchmarkName Encina.Benchmarks.DelegateInvocationBenchmarks.ExpressionCompilation --job ShortRun --benchmarkId 2 in /home/runner/work/Encina/Encina/tests/Encina.BenchmarkTests/Encina.Benchmarks/bin/Release/net10.0/Encina.Benchmarks-ShortRun-1/bin/Release/net10.0
// Failed to set up high priority (Permission denied). In order to run benchmarks with high priority, make sure you have the right permissions.
// BeforeAnythingElse

// Benchmark Process Environment Information:
// BenchmarkDotNet v0.15.8
// Runtime=.NET 10.0.12 (10.0.12, 10.0.1226.42308), X64 RyuJIT x86-64-v3
// GC=Concurrent Workstation
// HardwareIntrinsics=AVX2+BMI1+BMI2+F16C+FMA+LZCNT+MOVBE,AVX,SSE3+SSSE3+SSE4.1+SSE4.2+POPCNT,X86Base+SSE+SSE2,AES+PCLMUL VectorSize=256
// Job: ShortRun(IterationCount=3, LaunchCount=1, WarmupCount=3)

OverheadJitting  1: 1 op, 305560.00 ns, 305.5600 us/op
WorkloadJitting  1: 1 op, 640554.00 ns, 640.5540 us/op

OverheadJitting  2: 16 op, 568797.00 ns, 35.5498 us/op
WorkloadJitting  2: 16 op, 1918479.00 ns, 119.9049 us/op

WorkloadPilot    1: 16 op, 1292246.00 ns, 80.7654 us/op
WorkloadPilot    2: 32 op, 2095956.00 ns, 65.4986 us/op
WorkloadPilot    3: 64 op, 4485766.00 ns, 70.0901 us/op
WorkloadPilot    4: 128 op, 8996980.00 ns, 70.2889 us/op
WorkloadPilot    5: 256 op, 17410892.00 ns, 68.0113 us/op
WorkloadPilot    6: 512 op, 36792301.00 ns, 71.8600 us/op
WorkloadPilot    7: 1024 op, 70089258.00 ns, 68.4465 us/op
WorkloadPilot    8: 2048 op, 140056683.00 ns, 68.3871 us/op
WorkloadPilot    9: 4096 op, 278878486.00 ns, 68.0856 us/op
WorkloadPilot   10: 8192 op, 540552201.00 ns, 65.9854 us/op

OverheadWarmup   1: 8192 op, 28392.00 ns, 3.4658 ns/op
OverheadWarmup   2: 8192 op, 28022.00 ns, 3.4207 ns/op
OverheadWarmup   3: 8192 op, 28062.00 ns, 3.4255 ns/op
OverheadWarmup   4: 8192 op, 27862.00 ns, 3.4011 ns/op
OverheadWarmup   5: 8192 op, 27852.00 ns, 3.3999 ns/op
OverheadWarmup   6: 8192 op, 27982.00 ns, 3.4158 ns/op
OverheadWarmup   7: 8192 op, 27862.00 ns, 3.4011 ns/op

OverheadActual   1: 8192 op, 27882.00 ns, 3.4036 ns/op
OverheadActual   2: 8192 op, 27832.00 ns, 3.3975 ns/op
OverheadActual   3: 8192 op, 27872.00 ns, 3.4023 ns/op
OverheadActual   4: 8192 op, 37266.00 ns, 4.5491 ns/op
OverheadActual   5: 8192 op, 37146.00 ns, 4.5344 ns/op
OverheadActual   6: 8192 op, 27872.00 ns, 3.4023 ns/op
OverheadActual   7: 8192 op, 27842.00 ns, 3.3987 ns/op
OverheadActual   8: 8192 op, 28033.00 ns, 3.4220 ns/op
OverheadActual   9: 8192 op, 27802.00 ns, 3.3938 ns/op
OverheadActual  10: 8192 op, 28023.00 ns, 3.4208 ns/op
OverheadActual  11: 8192 op, 27952.00 ns, 3.4121 ns/op
OverheadActual  12: 8192 op, 27982.00 ns, 3.4158 ns/op
OverheadActual  13: 8192 op, 27822.00 ns, 3.3962 ns/op
OverheadActual  14: 8192 op, 27862.00 ns, 3.4011 ns/op
OverheadActual  15: 8192 op, 28042.00 ns, 3.4231 ns/op

WorkloadWarmup   1: 8192 op, 542332512.00 ns, 66.2027 us/op
WorkloadWarmup   2: 8192 op, 534106089.00 ns, 65.1985 us/op
WorkloadWarmup   3: 8192 op, 540061087.00 ns, 65.9254 us/op

// BeforeActualRun
WorkloadActual   1: 8192 op, 538404213.00 ns, 65.7232 us/op
WorkloadActual   2: 8192 op, 537812342.00 ns, 65.6509 us/op
WorkloadActual   3: 8192 op, 529673705.00 ns, 64.6574 us/op

// AfterActualRun
WorkloadResult   1: 8192 op, 538376331.00 ns, 65.7198 us/op
WorkloadResult   2: 8192 op, 537784460.00 ns, 65.6475 us/op
WorkloadResult   3: 8192 op, 529645823.00 ns, 64.6540 us/op
// GC:  2 1 0 43211496 8192
// Threading:  0 0 8192

// AfterAll
// Benchmark Process 4208 has exited with code 0.

Mean = 65.340 μs, StdErr = 0.344 μs (0.53%), N = 3, StdDev = 0.596 μs
Min = 64.654 μs, Q1 = 65.151 μs, Median = 65.648 μs, Q3 = 65.684 μs, Max = 65.720 μs
IQR = 0.533 μs, LowerFence = 64.351 μs, UpperFence = 66.483 μs
ConfidenceInterval = [54.476 μs; 76.205 μs] (CI 99.9%), Margin = 10.865 μs (16.63% of Mean)
Skewness = -0.38, Kurtosis = 0.67, MValue = 2

// ** Remained 2 (40.0 %) benchmark(s) to run. Estimated finish 2026-09-24 7:17 (0h 0m from now) **
// **************************
// Benchmark: DelegateInvocationBenchmarks.GenericTypeConstruction: ShortRun(IterationCount=3, LaunchCount=1, WarmupCount=3)
// *** Execute ***
// Launch: 1 / 1
// Execute: dotnet Encina.Benchmarks-ShortRun-1.dll --anonymousPipes 223 224 --benchmarkName Encina.Benchmarks.DelegateInvocationBenchmarks.GenericTypeConstruction --job ShortRun --benchmarkId 3 in /home/runner/work/Encina/Encina/tests/Encina.BenchmarkTests/Encina.Benchmarks/bin/Release/net10.0/Encina.Benchmarks-ShortRun-1/bin/Release/net10.0
// Failed to set up high priority (Permission denied). In order to run benchmarks with high priority, make sure you have the right permissions.
// BeforeAnythingElse

// Benchmark Process Environment Information:
// BenchmarkDotNet v0.15.8
// Runtime=.NET 10.0.12 (10.0.12, 10.0.1226.42308), X64 RyuJIT x86-64-v3
// GC=Concurrent Workstation
// HardwareIntrinsics=AVX2+BMI1+BMI2+F16C+FMA+LZCNT+MOVBE,AVX,SSE3+SSSE3+SSE4.1+SSE4.2+POPCNT,X86Base+SSE+SSE2,AES+PCLMUL VectorSize=256
// Job: ShortRun(IterationCount=3, LaunchCount=1, WarmupCount=3)

OverheadJitting  1: 1 op, 221835.00 ns, 221.8350 us/op
WorkloadJitting  1: 1 op, 5733424.00 ns, 5.7334 ms/op

OverheadJitting  2: 16 op, 226752.00 ns, 14.1720 us/op
WorkloadJitting  2: 16 op, 606644.00 ns, 37.9153 us/op

WorkloadPilot    1: 16 op, 243076.00 ns, 15.1923 us/op
WorkloadPilot    2: 32 op, 213351.00 ns, 6.6672 us/op
WorkloadPilot    3: 64 op, 237618.00 ns, 3.7128 us/op
WorkloadPilot    4: 128 op, 228555.00 ns, 1.7856 us/op
WorkloadPilot    5: 256 op, 250427.00 ns, 978.2305 ns/op
WorkloadPilot    6: 512 op, 318199.00 ns, 621.4824 ns/op
WorkloadPilot    7: 1024 op, 440604.00 ns, 430.2773 ns/op
WorkloadPilot    8: 2048 op, 583879.00 ns, 285.0972 ns/op
WorkloadPilot    9: 4096 op, 979074.00 ns, 239.0317 ns/op
WorkloadPilot   10: 8192 op, 1755904.00 ns, 214.3438 ns/op
WorkloadPilot   11: 16384 op, 3312449.00 ns, 202.1758 ns/op
WorkloadPilot   12: 32768 op, 6413259.00 ns, 195.7171 ns/op
WorkloadPilot   13: 65536 op, 13870700.00 ns, 211.6501 ns/op
WorkloadPilot   14: 131072 op, 25436509.00 ns, 194.0652 ns/op
WorkloadPilot   15: 262144 op, 35406183.00 ns, 135.0639 ns/op
WorkloadPilot   16: 524288 op, 71030015.00 ns, 135.4790 ns/op
WorkloadPilot   17: 1048576 op, 137331183.00 ns, 130.9692 ns/op
WorkloadPilot   18: 2097152 op, 270456831.00 ns, 128.9639 ns/op
WorkloadPilot   19: 4194304 op, 547918222.00 ns, 130.6339 ns/op

OverheadWarmup   1: 4194304 op, 7662370.00 ns, 1.8269 ns/op
OverheadWarmup   2: 4194304 op, 7666867.00 ns, 1.8279 ns/op
OverheadWarmup   3: 4194304 op, 7660287.00 ns, 1.8264 ns/op
OverheadWarmup   4: 4194304 op, 7664894.00 ns, 1.8275 ns/op
OverheadWarmup   5: 4194304 op, 7635739.00 ns, 1.8205 ns/op

OverheadActual   1: 4194304 op, 7660937.00 ns, 1.8265 ns/op
OverheadActual   2: 4194304 op, 7669581.00 ns, 1.8286 ns/op
OverheadActual   3: 4194304 op, 7677933.00 ns, 1.8306 ns/op
OverheadActual   4: 4194304 op, 7664494.00 ns, 1.8274 ns/op
OverheadActual   5: 4194304 op, 7709331.00 ns, 1.8380 ns/op
OverheadActual   6: 4194304 op, 7685204.00 ns, 1.8323 ns/op
OverheadActual   7: 4194304 op, 7911205.00 ns, 1.8862 ns/op
OverheadActual   8: 4194304 op, 7665444.00 ns, 1.8276 ns/op
OverheadActual   9: 4194304 op, 7660707.00 ns, 1.8265 ns/op
OverheadActual  10: 4194304 op, 7669631.00 ns, 1.8286 ns/op
OverheadActual  11: 4194304 op, 7666587.00 ns, 1.8279 ns/op
OverheadActual  12: 4194304 op, 7665655.00 ns, 1.8276 ns/op
OverheadActual  13: 4194304 op, 7666966.00 ns, 1.8279 ns/op
OverheadActual  14: 4194304 op, 7682330.00 ns, 1.8316 ns/op
OverheadActual  15: 4194304 op, 7656140.00 ns, 1.8254 ns/op

WorkloadWarmup   1: 4194304 op, 555554162.00 ns, 132.4544 ns/op
WorkloadWarmup   2: 4194304 op, 548568100.00 ns, 130.7888 ns/op
WorkloadWarmup   3: 4194304 op, 540111074.00 ns, 128.7725 ns/op

// BeforeActualRun
WorkloadActual   1: 4194304 op, 543415901.00 ns, 129.5604 ns/op
WorkloadActual   2: 4194304 op, 542493742.00 ns, 129.3406 ns/op
WorkloadActual   3: 4194304 op, 542151708.00 ns, 129.2590 ns/op

// AfterActualRun
WorkloadResult   1: 4194304 op, 535748935.00 ns, 127.7325 ns/op
WorkloadResult   2: 4194304 op, 534826776.00 ns, 127.5126 ns/op
WorkloadResult   3: 4194304 op, 534484742.00 ns, 127.4311 ns/op
// GC:  44 0 0 738200352 4194304
// Threading:  0 0 4194304

// AfterAll
// Benchmark Process 4221 has exited with code 0.

Mean = 127.559 ns, StdErr = 0.090 ns (0.07%), N = 3, StdDev = 0.156 ns
Min = 127.431 ns, Q1 = 127.472 ns, Median = 127.513 ns, Q3 = 127.623 ns, Max = 127.732 ns
IQR = 0.151 ns, LowerFence = 127.246 ns, UpperFence = 127.849 ns
ConfidenceInterval = [124.714 ns; 130.403 ns] (CI 99.9%), Margin = 2.844 ns (2.23% of Mean)
Skewness = 0.27, Kurtosis = 0.67, MValue = 2

// ** Remained 1 (20.0 %) benchmark(s) to run. Estimated finish 2026-09-24 7:17 (0h 0m from now) **
// **************************
// Benchmark: DelegateInvocationBenchmarks.MethodInfoInvoke: ShortRun(IterationCount=3, LaunchCount=1, WarmupCount=3)
// *** Execute ***
// Launch: 1 / 1
// Execute: dotnet Encina.Benchmarks-ShortRun-1.dll --anonymousPipes 223 224 --benchmarkName Encina.Benchmarks.DelegateInvocationBenchmarks.MethodInfoInvoke --job ShortRun --benchmarkId 4 in /home/runner/work/Encina/Encina/tests/Encina.BenchmarkTests/Encina.Benchmarks/bin/Release/net10.0/Encina.Benchmarks-ShortRun-1/bin/Release/net10.0
// Failed to set up high priority (Permission denied). In order to run benchmarks with high priority, make sure you have the right permissions.
// BeforeAnythingElse

// Benchmark Process Environment Information:
// BenchmarkDotNet v0.15.8
// Runtime=.NET 10.0.12 (10.0.12, 10.0.1226.42308), X64 RyuJIT x86-64-v3
// GC=Concurrent Workstation
// HardwareIntrinsics=AVX2+BMI1+BMI2+F16C+FMA+LZCNT+MOVBE,AVX,SSE3+SSSE3+SSE4.1+SSE4.2+POPCNT,X86Base+SSE+SSE2,AES+PCLMUL VectorSize=256
// Job: ShortRun(IterationCount=3, LaunchCount=1, WarmupCount=3)

OverheadJitting  1: 1 op, 230617.00 ns, 230.6170 us/op
WorkloadJitting  1: 1 op, 5528767.00 ns, 5.5288 ms/op

OverheadJitting  2: 16 op, 233952.00 ns, 14.6220 us/op
WorkloadJitting  2: 16 op, 509358.00 ns, 31.8349 us/op

WorkloadPilot    1: 16 op, 5057.00 ns, 316.0625 ns/op
WorkloadPilot    2: 32 op, 24577.00 ns, 768.0313 ns/op
WorkloadPilot    3: 64 op, 49165.00 ns, 768.2031 ns/op
WorkloadPilot    4: 128 op, 45589.00 ns, 356.1641 ns/op
WorkloadPilot    5: 256 op, 68113.00 ns, 266.0664 ns/op
WorkloadPilot    6: 512 op, 110426.00 ns, 215.6758 ns/op
WorkloadPilot    7: 1024 op, 217357.00 ns, 212.2627 ns/op
WorkloadPilot    8: 2048 op, 301764.00 ns, 147.3457 ns/op
WorkloadPilot    9: 4096 op, 717841.00 ns, 175.2542 ns/op
WorkloadPilot   10: 8192 op, 1441391.00 ns, 175.9510 ns/op
WorkloadPilot   11: 16384 op, 2891474.00 ns, 176.4816 ns/op
WorkloadPilot   12: 32768 op, 5836741.00 ns, 178.1232 ns/op
WorkloadPilot   13: 65536 op, 11541943.00 ns, 176.1161 ns/op
WorkloadPilot   14: 131072 op, 16911570.00 ns, 129.0250 ns/op
WorkloadPilot   15: 262144 op, 23310797.00 ns, 88.9236 ns/op
WorkloadPilot   16: 524288 op, 50168596.00 ns, 95.6890 ns/op
WorkloadPilot   17: 1048576 op, 93417150.00 ns, 89.0895 ns/op
WorkloadPilot   18: 2097152 op, 184765394.00 ns, 88.1030 ns/op
WorkloadPilot   19: 4194304 op, 372457846.00 ns, 88.8009 ns/op
WorkloadPilot   20: 8388608 op, 740706964.00 ns, 88.2992 ns/op

OverheadWarmup   1: 8388608 op, 15343579.00 ns, 1.8291 ns/op
OverheadWarmup   2: 8388608 op, 15311850.00 ns, 1.8253 ns/op
OverheadWarmup   3: 8388608 op, 15295355.00 ns, 1.8233 ns/op
OverheadWarmup   4: 8388608 op, 15301244.00 ns, 1.8241 ns/op
OverheadWarmup   5: 8388608 op, 15385100.00 ns, 1.8340 ns/op
OverheadWarmup   6: 8388608 op, 15297209.00 ns, 1.8236 ns/op
OverheadWarmup   7: 8388608 op, 15316257.00 ns, 1.8258 ns/op
OverheadWarmup   8: 8388608 op, 15341324.00 ns, 1.8288 ns/op
OverheadWarmup   9: 8388608 op, 15310318.00 ns, 1.8251 ns/op

OverheadActual   1: 8388608 op, 15318451.00 ns, 1.8261 ns/op
OverheadActual   2: 8388608 op, 15324920.00 ns, 1.8269 ns/op
OverheadActual   3: 8388608 op, 15374424.00 ns, 1.8328 ns/op
OverheadActual   4: 8388608 op, 15343979.00 ns, 1.8291 ns/op
OverheadActual   5: 8388608 op, 15318150.00 ns, 1.8261 ns/op
OverheadActual   6: 8388608 op, 15305631.00 ns, 1.8246 ns/op
OverheadActual   7: 8388608 op, 15346693.00 ns, 1.8295 ns/op
OverheadActual   8: 8388608 op, 15304229.00 ns, 1.8244 ns/op
OverheadActual   9: 8388608 op, 15290849.00 ns, 1.8228 ns/op
OverheadActual  10: 8388608 op, 15331090.00 ns, 1.8276 ns/op
OverheadActual  11: 8388608 op, 15318781.00 ns, 1.8261 ns/op
OverheadActual  12: 8388608 op, 15307323.00 ns, 1.8248 ns/op
OverheadActual  13: 8388608 op, 15295696.00 ns, 1.8234 ns/op
OverheadActual  14: 8388608 op, 15293503.00 ns, 1.8231 ns/op
OverheadActual  15: 8388608 op, 15318771.00 ns, 1.8261 ns/op

WorkloadWarmup   1: 8388608 op, 760481576.00 ns, 90.6565 ns/op
WorkloadWarmup   2: 8388608 op, 760430949.00 ns, 90.6504 ns/op
WorkloadWarmup   3: 8388608 op, 745752903.00 ns, 88.9007 ns/op

// BeforeActualRun
WorkloadActual   1: 8388608 op, 749553717.00 ns, 89.3538 ns/op
WorkloadActual   2: 8388608 op, 753392028.00 ns, 89.8113 ns/op
WorkloadActual   3: 8388608 op, 751906997.00 ns, 89.6343 ns/op

// AfterActualRun
WorkloadResult   1: 8388608 op, 734235266.00 ns, 87.5277 ns/op
WorkloadResult   2: 8388608 op, 738073577.00 ns, 87.9852 ns/op
WorkloadResult   3: 8388608 op, 736588546.00 ns, 87.8082 ns/op
// GC:  88 0 0 1476395008 8388608
// Threading:  0 0 8388608

// AfterAll
// Benchmark Process 4231 has exited with code 0.

Mean = 87.774 ns, StdErr = 0.133 ns (0.15%), N = 3, StdDev = 0.231 ns
Min = 87.528 ns, Q1 = 87.668 ns, Median = 87.808 ns, Q3 = 87.897 ns, Max = 87.985 ns
IQR = 0.229 ns, LowerFence = 87.325 ns, UpperFence = 88.240 ns
ConfidenceInterval = [83.564 ns; 91.983 ns] (CI 99.9%), Margin = 4.209 ns (4.80% of Mean)
Skewness = -0.15, Kurtosis = 0.67, MValue = 2

// ** Remained 0 (0.0 %) benchmark(s) to run. Estimated finish 2026-09-24 7:17 (0h 0m from now) **
// ***** BenchmarkRunner: Finish  *****

// * Export *
  artifacts/performance/Core/results/Encina.Benchmarks.DelegateInvocationBenchmarks-report.csv
  artifacts/performance/Core/results/Encina.Benchmarks.DelegateInvocationBenchmarks-report-github.md
  artifacts/performance/Core/results/Encina.Benchmarks.DelegateInvocationBenchmarks-report.html
  artifacts/performance/Core/results/Encina.Benchmarks.DelegateInvocationBenchmarks-report-full-compressed.json

// * Detailed results *
DelegateInvocationBenchmarks.CompiledDelegate: ShortRun(IterationCount=3, LaunchCount=1, WarmupCount=3)
Runtime = .NET 10.0.12 (10.0.12, 10.0.1226.42308), X64 RyuJIT x86-64-v3; GC = Concurrent Workstation
Mean = 34.786 ns, StdErr = 0.084 ns (0.24%), N = 3, StdDev = 0.145 ns
Min = 34.620 ns, Q1 = 34.737 ns, Median = 34.855 ns, Q3 = 34.869 ns, Max = 34.883 ns
IQR = 0.132 ns, LowerFence = 34.540 ns, UpperFence = 35.067 ns
ConfidenceInterval = [32.147 ns; 37.425 ns] (CI 99.9%), Margin = 2.639 ns (7.59% of Mean)
Skewness = -0.37, Kurtosis = 0.67, MValue = 2
-------------------- Histogram --------------------
[34.620 ns ; 34.883 ns) | @@@
---------------------------------------------------

DelegateInvocationBenchmarks.DirectCall: ShortRun(IterationCount=3, LaunchCount=1, WarmupCount=3)
Runtime = .NET 10.0.12 (10.0.12, 10.0.1226.42308), X64 RyuJIT x86-64-v3; GC = Concurrent Workstation
Mean = 27.952 ns, StdErr = 0.117 ns (0.42%), N = 3, StdDev = 0.203 ns
Min = 27.825 ns, Q1 = 27.835 ns, Median = 27.845 ns, Q3 = 28.016 ns, Max = 28.186 ns
IQR = 0.181 ns, LowerFence = 27.563 ns, UpperFence = 28.287 ns
ConfidenceInterval = [24.245 ns; 31.659 ns] (CI 99.9%), Margin = 3.707 ns (13.26% of Mean)
Skewness = 0.38, Kurtosis = 0.67, MValue = 2
-------------------- Histogram --------------------
[27.820 ns ; 28.190 ns) | @@@
---------------------------------------------------

DelegateInvocationBenchmarks.ExpressionCompilation: ShortRun(IterationCount=3, LaunchCount=1, WarmupCount=3)
Runtime = .NET 10.0.12 (10.0.12, 10.0.1226.42308), X64 RyuJIT x86-64-v3; GC = Concurrent Workstation
Mean = 65.340 μs, StdErr = 0.344 μs (0.53%), N = 3, StdDev = 0.596 μs
Min = 64.654 μs, Q1 = 65.151 μs, Median = 65.648 μs, Q3 = 65.684 μs, Max = 65.720 μs
IQR = 0.533 μs, LowerFence = 64.351 μs, UpperFence = 66.483 μs
ConfidenceInterval = [54.476 μs; 76.205 μs] (CI 99.9%), Margin = 10.865 μs (16.63% of Mean)
Skewness = -0.38, Kurtosis = 0.67, MValue = 2
-------------------- Histogram --------------------
[64.645 μs ; 65.729 μs) | @@@
---------------------------------------------------

DelegateInvocationBenchmarks.GenericTypeConstruction: ShortRun(IterationCount=3, LaunchCount=1, WarmupCount=3)
Runtime = .NET 10.0.12 (10.0.12, 10.0.1226.42308), X64 RyuJIT x86-64-v3; GC = Concurrent Workstation
Mean = 127.559 ns, StdErr = 0.090 ns (0.07%), N = 3, StdDev = 0.156 ns
Min = 127.431 ns, Q1 = 127.472 ns, Median = 127.513 ns, Q3 = 127.623 ns, Max = 127.732 ns
IQR = 0.151 ns, LowerFence = 127.246 ns, UpperFence = 127.849 ns
ConfidenceInterval = [124.714 ns; 130.403 ns] (CI 99.9%), Margin = 2.844 ns (2.23% of Mean)
Skewness = 0.27, Kurtosis = 0.67, MValue = 2
-------------------- Histogram --------------------
[127.289 ns ; 127.874 ns) | @@@
---------------------------------------------------

DelegateInvocationBenchmarks.MethodInfoInvoke: ShortRun(IterationCount=3, LaunchCount=1, WarmupCount=3)
Runtime = .NET 10.0.12 (10.0.12, 10.0.1226.42308), X64 RyuJIT x86-64-v3; GC = Concurrent Workstation
Mean = 87.774 ns, StdErr = 0.133 ns (0.15%), N = 3, StdDev = 0.231 ns
Min = 87.528 ns, Q1 = 87.668 ns, Median = 87.808 ns, Q3 = 87.897 ns, Max = 87.985 ns
IQR = 0.229 ns, LowerFence = 87.325 ns, UpperFence = 88.240 ns
ConfidenceInterval = [83.564 ns; 91.983 ns] (CI 99.9%), Margin = 4.209 ns (4.80% of Mean)
Skewness = -0.15, Kurtosis = 0.67, MValue = 2
-------------------- Histogram --------------------
[87.318 ns ; 88.195 ns) | @@@
---------------------------------------------------

// * Summary *

BenchmarkDotNet v0.15.8, Linux Ubuntu 24.04.5 LTS (Noble Numbat)
AMD EPYC 9V74 2.60GHz, 1 CPU, 4 logical and 2 physical cores
.NET SDK 10.0.401
  [Host]   : .NET 10.0.12 (10.0.12, 10.0.1226.42308), X64 RyuJIT x86-64-v3
  ShortRun : .NET 10.0.12 (10.0.12, 10.0.1226.42308), X64 RyuJIT x86-64-v3

Job=ShortRun  IterationCount=3  LaunchCount=1  
WarmupCount=3  

| Method                  | Mean         | Error         | StdDev     | Ratio    | RatioSD | Gen0   | Gen1   | Allocated | Alloc Ratio |
|------------------------ |-------------:|--------------:|-----------:|---------:|--------:|-------:|-------:|----------:|------------:|
| CompiledDelegate        |     34.79 ns |      2.639 ns |   0.145 ns |     1.24 |    0.01 | 0.0067 |      - |     112 B |        1.00 |
| DirectCall              |     27.95 ns |      3.707 ns |   0.203 ns |     1.00 |    0.01 | 0.0067 |      - |     112 B |        1.00 |
| ExpressionCompilation   | 65,340.44 ns | 10,864.917 ns | 595.543 ns | 2,337.67 |   23.56 | 0.2441 | 0.1221 |    5275 B |       47.10 |
| GenericTypeConstruction |    127.56 ns |      2.844 ns |   0.156 ns |     4.56 |    0.03 | 0.0105 |      - |     176 B |        1.57 |
| MethodInfoInvoke        |     87.77 ns |      4.209 ns |   0.231 ns |     3.14 |    0.02 | 0.0105 |      - |     176 B |        1.57 |
// * Config Issues *

// * Warnings *
Configuration
  Summary -> The exporter CsvExporter is already present in configuration. There may be unexpected results.
  Summary -> The exporter HtmlExporter is already present in configuration. There may be unexpected results.
  Summary -> The exporter MarkdownExporter-github is already present in configuration. There may be unexpected results.

// * Legends *
  Mean        : Arithmetic mean of all measurements
  Error       : Half of 99.9% confidence interval
  StdDev      : Standard deviation of all measurements
  Ratio       : Mean of the ratio distribution ([Current]/[Baseline])
  RatioSD     : Standard deviation of the ratio distribution ([Current]/[Baseline])
  Gen0        : GC Generation 0 collects per 1000 operations
  Gen1        : GC Generation 1 collects per 1000 operations
  Allocated   : Allocated memory per single operation (managed only, inclusive, 1KB = 1024B)
  Alloc Ratio : Allocated memory ratio distribution ([Current]/[Baseline])
  1 ns        : 1 Nanosecond (0.000000001 sec)

// * Diagnostic Output - MemoryDiagnoser *


// ***** BenchmarkRunner: End *****
Run time: 00:00:33 (33.46 sec), executed benchmarks: 5

Global total time: 00:03:45 (225.1 sec), executed benchmarks: 5
// * Artifacts cleanup *
Artifacts cleanup is finished
