// Validating benchmarks:
// ***** BenchmarkRunner: Start   *****
// ***** Found 10 benchmark(s) in total *****
// ***** Building 1 exe(s) in Parallel: Start   *****
// start dotnet  restore --nodeReuse:false /p:UseSharedCompilation=false /p:Deterministic=true /p:Optimize=true /p:ArtifactsPath="/home/runner/work/Encina/Encina/tests/Encina.BenchmarkTests/Encina.Benchmarks/bin/Release/net10.0/Encina.Benchmarks-ShortRun-1/" /p:OutDir="/home/runner/work/Encina/Encina/tests/Encina.BenchmarkTests/Encina.Benchmarks/bin/Release/net10.0/Encina.Benchmarks-ShortRun-1/bin/Release/net10.0/" /p:OutputPath="/home/runner/work/Encina/Encina/tests/Encina.BenchmarkTests/Encina.Benchmarks/bin/Release/net10.0/Encina.Benchmarks-ShortRun-1/bin/Release/net10.0/" /p:PublishDir="/home/runner/work/Encina/Encina/tests/Encina.BenchmarkTests/Encina.Benchmarks/bin/Release/net10.0/Encina.Benchmarks-ShortRun-1/publish/" in /home/runner/work/Encina/Encina/tests/Encina.BenchmarkTests/Encina.Benchmarks/bin/Release/net10.0/Encina.Benchmarks-ShortRun-1
// command took 3.63 sec and exited with 0
// start dotnet  build -c Release --no-restore --nodeReuse:false /p:UseSharedCompilation=false /p:Deterministic=true /p:Optimize=true /p:ArtifactsPath="/home/runner/work/Encina/Encina/tests/Encina.BenchmarkTests/Encina.Benchmarks/bin/Release/net10.0/Encina.Benchmarks-ShortRun-1/" /p:OutDir="/home/runner/work/Encina/Encina/tests/Encina.BenchmarkTests/Encina.Benchmarks/bin/Release/net10.0/Encina.Benchmarks-ShortRun-1/bin/Release/net10.0/" /p:OutputPath="/home/runner/work/Encina/Encina/tests/Encina.BenchmarkTests/Encina.Benchmarks/bin/Release/net10.0/Encina.Benchmarks-ShortRun-1/bin/Release/net10.0/" /p:PublishDir="/home/runner/work/Encina/Encina/tests/Encina.BenchmarkTests/Encina.Benchmarks/bin/Release/net10.0/Encina.Benchmarks-ShortRun-1/publish/" --output "/home/runner/work/Encina/Encina/tests/Encina.BenchmarkTests/Encina.Benchmarks/bin/Release/net10.0/Encina.Benchmarks-ShortRun-1/bin/Release/net10.0/" in /home/runner/work/Encina/Encina/tests/Encina.BenchmarkTests/Encina.Benchmarks/bin/Release/net10.0/Encina.Benchmarks-ShortRun-1
// command took 186.47 sec and exited with 0
// ***** Done, took 00:03:10 (190.3 sec)   *****
// Found 10 benchmarks:
//   ScatterGatherBenchmarks.'Scatter-gather all shards (sync result)': ShortRun(IterationCount=3, LaunchCount=1, WarmupCount=3) [ShardCount=3]
//   ScatterGatherBenchmarks.'Scatter-gather subset (3 shards)': ShortRun(IterationCount=3, LaunchCount=1, WarmupCount=3) [ShardCount=3]
//   ScatterGatherBenchmarks.'Scatter-gather with large results': ShortRun(IterationCount=3, LaunchCount=1, WarmupCount=3) [ShardCount=3]
//   ScatterGatherBenchmarks.'Scatter-gather single shard': ShortRun(IterationCount=3, LaunchCount=1, WarmupCount=3) [ShardCount=3]
//   ScatterGatherBenchmarks.'Topology lookup all shards': ShortRun(IterationCount=3, LaunchCount=1, WarmupCount=3) [ShardCount=3]
//   ScatterGatherBenchmarks.'Scatter-gather all shards (sync result)': ShortRun(IterationCount=3, LaunchCount=1, WarmupCount=3) [ShardCount=25]
//   ScatterGatherBenchmarks.'Scatter-gather subset (3 shards)': ShortRun(IterationCount=3, LaunchCount=1, WarmupCount=3) [ShardCount=25]
//   ScatterGatherBenchmarks.'Scatter-gather with large results': ShortRun(IterationCount=3, LaunchCount=1, WarmupCount=3) [ShardCount=25]
//   ScatterGatherBenchmarks.'Scatter-gather single shard': ShortRun(IterationCount=3, LaunchCount=1, WarmupCount=3) [ShardCount=25]
//   ScatterGatherBenchmarks.'Topology lookup all shards': ShortRun(IterationCount=3, LaunchCount=1, WarmupCount=3) [ShardCount=25]

// **************************
// Benchmark: ScatterGatherBenchmarks.'Scatter-gather all shards (sync result)': ShortRun(IterationCount=3, LaunchCount=1, WarmupCount=3) [ShardCount=3]
// *** Execute ***
// Launch: 1 / 1
// Execute: dotnet Encina.Benchmarks-ShortRun-1.dll --anonymousPipes 228 229 --benchmarkName "Encina.Benchmarks.Sharding.ScatterGatherBenchmarks.ScatterGatherAllShards(ShardCount: 3)" --job ShortRun --benchmarkId 0 in /home/runner/work/Encina/Encina/tests/Encina.BenchmarkTests/Encina.Benchmarks/bin/Release/net10.0/Encina.Benchmarks-ShortRun-1/bin/Release/net10.0
// Failed to set up high priority (Permission denied). In order to run benchmarks with high priority, make sure you have the right permissions.
// BeforeAnythingElse

// Benchmark Process Environment Information:
// BenchmarkDotNet v0.15.8
// Runtime=.NET 10.0.12 (10.0.12, 10.0.1226.42308), X64 RyuJIT x86-64-v3
// GC=Concurrent Workstation
// HardwareIntrinsics=AVX2+BMI1+BMI2+F16C+FMA+LZCNT+MOVBE,AVX,SSE3+SSSE3+SSE4.1+SSE4.2+POPCNT,X86Base+SSE+SSE2,AES+PCLMUL VectorSize=256
// Job: ShortRun(IterationCount=3, LaunchCount=1, WarmupCount=3)

OverheadJitting  1: 1 op, 236442.00 ns, 236.4420 us/op
WorkloadJitting  1: 1 op, 42287039.00 ns, 42.2870 ms/op

WorkloadPilot    1: 2 op, 125885.00 ns, 62.9425 us/op
WorkloadPilot    2: 3 op, 41007.00 ns, 13.6690 us/op
WorkloadPilot    3: 4 op, 35337.00 ns, 8.8343 us/op
WorkloadPilot    4: 5 op, 45014.00 ns, 9.0028 us/op
WorkloadPilot    5: 6 op, 52559.00 ns, 8.7598 us/op
WorkloadPilot    6: 7 op, 83576.00 ns, 11.9394 us/op
WorkloadPilot    7: 8 op, 64430.00 ns, 8.0538 us/op
WorkloadPilot    8: 9 op, 66825.00 ns, 7.4250 us/op
WorkloadPilot    9: 10 op, 68899.00 ns, 6.8899 us/op
WorkloadPilot   10: 11 op, 80140.00 ns, 7.2855 us/op
WorkloadPilot   11: 12 op, 79719.00 ns, 6.6433 us/op
WorkloadPilot   12: 13 op, 87113.00 ns, 6.7010 us/op
WorkloadPilot   13: 14 op, 129441.00 ns, 9.2458 us/op
WorkloadPilot   14: 15 op, 97432.00 ns, 6.4955 us/op
WorkloadPilot   15: 16 op, 104355.00 ns, 6.5222 us/op
WorkloadPilot   16: 32 op, 217517.00 ns, 6.7974 us/op
WorkloadPilot   17: 64 op, 418391.00 ns, 6.5374 us/op
WorkloadPilot   18: 128 op, 640016.00 ns, 5.0001 us/op
WorkloadPilot   19: 256 op, 1354972.00 ns, 5.2929 us/op
WorkloadPilot   20: 512 op, 2628471.00 ns, 5.1337 us/op
WorkloadPilot   21: 1024 op, 5309651.00 ns, 5.1852 us/op
WorkloadPilot   22: 2048 op, 10679043.00 ns, 5.2144 us/op
WorkloadPilot   23: 4096 op, 21042215.00 ns, 5.1373 us/op
WorkloadPilot   24: 8192 op, 31138770.00 ns, 3.8011 us/op
WorkloadPilot   25: 16384 op, 58831711.00 ns, 3.5908 us/op
WorkloadPilot   26: 32768 op, 118300252.00 ns, 3.6102 us/op
WorkloadPilot   27: 65536 op, 236881519.00 ns, 3.6145 us/op
WorkloadPilot   28: 131072 op, 478093429.00 ns, 3.6476 us/op
WorkloadPilot   29: 262144 op, 953934947.00 ns, 3.6390 us/op

WorkloadWarmup   1: 262144 op, 952468901.00 ns, 3.6334 us/op
WorkloadWarmup   2: 262144 op, 954891898.00 ns, 3.6426 us/op
WorkloadWarmup   3: 262144 op, 959694136.00 ns, 3.6609 us/op

// BeforeActualRun
WorkloadActual   1: 262144 op, 945722445.00 ns, 3.6076 us/op
WorkloadActual   2: 262144 op, 950907964.00 ns, 3.6274 us/op
WorkloadActual   3: 262144 op, 955136295.00 ns, 3.6436 us/op

// AfterActualRun
WorkloadResult   1: 262144 op, 945722445.00 ns, 3.6076 us/op
WorkloadResult   2: 262144 op, 950907964.00 ns, 3.6274 us/op
WorkloadResult   3: 262144 op, 955136295.00 ns, 3.6436 us/op
// GC:  57 0 0 956301312 262144
// Threading:  0 0 262144

// AfterAll
// Benchmark Process 3841 has exited with code 0.

Mean = 3.626 μs, StdErr = 0.010 μs (0.29%), N = 3, StdDev = 0.018 μs
Min = 3.608 μs, Q1 = 3.618 μs, Median = 3.627 μs, Q3 = 3.635 μs, Max = 3.644 μs
IQR = 0.018 μs, LowerFence = 3.591 μs, UpperFence = 3.662 μs
ConfidenceInterval = [3.298 μs; 3.954 μs] (CI 99.9%), Margin = 0.328 μs (9.05% of Mean)
Skewness = -0.07, Kurtosis = 0.67, MValue = 2

// ** Remained 9 (90.0 %) benchmark(s) to run. Estimated finish 2026-09-24 7:08 (0h 1m from now) **
// **************************
// Benchmark: ScatterGatherBenchmarks.'Scatter-gather subset (3 shards)': ShortRun(IterationCount=3, LaunchCount=1, WarmupCount=3) [ShardCount=3]
// *** Execute ***
// Launch: 1 / 1
// Execute: dotnet Encina.Benchmarks-ShortRun-1.dll --anonymousPipes 228 229 --benchmarkName "Encina.Benchmarks.Sharding.ScatterGatherBenchmarks.ScatterGatherSubset(ShardCount: 3)" --job ShortRun --benchmarkId 1 in /home/runner/work/Encina/Encina/tests/Encina.BenchmarkTests/Encina.Benchmarks/bin/Release/net10.0/Encina.Benchmarks-ShortRun-1/bin/Release/net10.0
// Failed to set up high priority (Permission denied). In order to run benchmarks with high priority, make sure you have the right permissions.
// BeforeAnythingElse

// Benchmark Process Environment Information:
// BenchmarkDotNet v0.15.8
// Runtime=.NET 10.0.12 (10.0.12, 10.0.1226.42308), X64 RyuJIT x86-64-v3
// GC=Concurrent Workstation
// HardwareIntrinsics=AVX2+BMI1+BMI2+F16C+FMA+LZCNT+MOVBE,AVX,SSE3+SSSE3+SSE4.1+SSE4.2+POPCNT,X86Base+SSE+SSE2,AES+PCLMUL VectorSize=256
// Job: ShortRun(IterationCount=3, LaunchCount=1, WarmupCount=3)

OverheadJitting  1: 1 op, 221563.00 ns, 221.5630 us/op
WorkloadJitting  1: 1 op, 42112584.00 ns, 42.1126 ms/op

WorkloadPilot    1: 2 op, 139451.00 ns, 69.7255 us/op
WorkloadPilot    2: 3 op, 36849.00 ns, 12.2830 us/op
WorkloadPilot    3: 4 op, 36048.00 ns, 9.0120 us/op
WorkloadPilot    4: 5 op, 52197.00 ns, 10.4394 us/op
WorkloadPilot    5: 6 op, 52579.00 ns, 8.7632 us/op
WorkloadPilot    6: 7 op, 51716.00 ns, 7.3880 us/op
WorkloadPilot    7: 8 op, 72646.00 ns, 9.0808 us/op
WorkloadPilot    8: 9 op, 69720.00 ns, 7.7467 us/op
WorkloadPilot    9: 10 op, 71674.00 ns, 7.1674 us/op
WorkloadPilot   10: 11 op, 74700.00 ns, 6.7909 us/op
WorkloadPilot   11: 12 op, 81502.00 ns, 6.7918 us/op
WorkloadPilot   12: 13 op, 86061.00 ns, 6.6201 us/op
WorkloadPilot   13: 14 op, 125634.00 ns, 8.9739 us/op
WorkloadPilot   14: 15 op, 96741.00 ns, 6.4494 us/op
WorkloadPilot   15: 16 op, 102781.00 ns, 6.4238 us/op
WorkloadPilot   16: 32 op, 224720.00 ns, 7.0225 us/op
WorkloadPilot   17: 64 op, 424433.00 ns, 6.6318 us/op
WorkloadPilot   18: 128 op, 620971.00 ns, 4.8513 us/op
WorkloadPilot   19: 256 op, 1324364.00 ns, 5.1733 us/op
WorkloadPilot   20: 512 op, 2647146.00 ns, 5.1702 us/op
WorkloadPilot   21: 1024 op, 5208753.00 ns, 5.0867 us/op
WorkloadPilot   22: 2048 op, 10352563.00 ns, 5.0550 us/op
WorkloadPilot   23: 4096 op, 20551578.00 ns, 5.0175 us/op
WorkloadPilot   24: 8192 op, 29977751.00 ns, 3.6594 us/op
WorkloadPilot   25: 16384 op, 58880213.00 ns, 3.5938 us/op
WorkloadPilot   26: 32768 op, 114882556.00 ns, 3.5059 us/op
WorkloadPilot   27: 65536 op, 230137416.00 ns, 3.5116 us/op
WorkloadPilot   28: 131072 op, 461500167.00 ns, 3.5210 us/op
WorkloadPilot   29: 262144 op, 939113859.00 ns, 3.5824 us/op

WorkloadWarmup   1: 262144 op, 935901577.00 ns, 3.5702 us/op
WorkloadWarmup   2: 262144 op, 941627266.00 ns, 3.5920 us/op
WorkloadWarmup   3: 262144 op, 945180124.00 ns, 3.6056 us/op

// BeforeActualRun
WorkloadActual   1: 262144 op, 940056000.00 ns, 3.5860 us/op
WorkloadActual   2: 262144 op, 949805536.00 ns, 3.6232 us/op
WorkloadActual   3: 262144 op, 943271067.00 ns, 3.5983 us/op

// AfterActualRun
WorkloadResult   1: 262144 op, 940056000.00 ns, 3.5860 us/op
WorkloadResult   2: 262144 op, 949805536.00 ns, 3.6232 us/op
WorkloadResult   3: 262144 op, 943271067.00 ns, 3.5983 us/op
// GC:  58 0 0 970981376 262144
// Threading:  0 0 262144

// AfterAll
// Benchmark Process 3855 has exited with code 0.

Mean = 3.603 μs, StdErr = 0.011 μs (0.30%), N = 3, StdDev = 0.019 μs
Min = 3.586 μs, Q1 = 3.592 μs, Median = 3.598 μs, Q3 = 3.611 μs, Max = 3.623 μs
IQR = 0.019 μs, LowerFence = 3.564 μs, UpperFence = 3.639 μs
ConfidenceInterval = [3.257 μs; 3.948 μs] (CI 99.9%), Margin = 0.346 μs (9.60% of Mean)
Skewness = 0.21, Kurtosis = 0.67, MValue = 2

// ** Remained 8 (80.0 %) benchmark(s) to run. Estimated finish 2026-09-24 7:08 (0h 1m from now) **
// **************************
// Benchmark: ScatterGatherBenchmarks.'Scatter-gather with large results': ShortRun(IterationCount=3, LaunchCount=1, WarmupCount=3) [ShardCount=3]
// *** Execute ***
// Launch: 1 / 1
// Execute: dotnet Encina.Benchmarks-ShortRun-1.dll --anonymousPipes 228 229 --benchmarkName "Encina.Benchmarks.Sharding.ScatterGatherBenchmarks.ScatterGatherLargeResults(ShardCount: 3)" --job ShortRun --benchmarkId 2 in /home/runner/work/Encina/Encina/tests/Encina.BenchmarkTests/Encina.Benchmarks/bin/Release/net10.0/Encina.Benchmarks-ShortRun-1/bin/Release/net10.0
// Failed to set up high priority (Permission denied). In order to run benchmarks with high priority, make sure you have the right permissions.
// BeforeAnythingElse

// Benchmark Process Environment Information:
// BenchmarkDotNet v0.15.8
// Runtime=.NET 10.0.12 (10.0.12, 10.0.1226.42308), X64 RyuJIT x86-64-v3
// GC=Concurrent Workstation
// HardwareIntrinsics=AVX2+BMI1+BMI2+F16C+FMA+LZCNT+MOVBE,AVX,SSE3+SSSE3+SSE4.1+SSE4.2+POPCNT,X86Base+SSE+SSE2,AES+PCLMUL VectorSize=256
// Job: ShortRun(IterationCount=3, LaunchCount=1, WarmupCount=3)

OverheadJitting  1: 1 op, 235209.00 ns, 235.2090 us/op
WorkloadJitting  1: 1 op, 43243261.00 ns, 43.2433 ms/op

WorkloadPilot    1: 2 op, 177341.00 ns, 88.6705 us/op
WorkloadPilot    2: 3 op, 139069.00 ns, 46.3563 us/op
WorkloadPilot    3: 4 op, 137766.00 ns, 34.4415 us/op
WorkloadPilot    4: 5 op, 161080.00 ns, 32.2160 us/op
WorkloadPilot    5: 6 op, 255747.00 ns, 42.6245 us/op
WorkloadPilot    6: 7 op, 289169.00 ns, 41.3099 us/op
WorkloadPilot    7: 8 op, 208018.00 ns, 26.0023 us/op
WorkloadPilot    8: 9 op, 280053.00 ns, 31.1170 us/op
WorkloadPilot    9: 10 op, 302244.00 ns, 30.2244 us/op
WorkloadPilot   10: 11 op, 301543.00 ns, 27.4130 us/op
WorkloadPilot   11: 12 op, 340545.00 ns, 28.3788 us/op
WorkloadPilot   12: 13 op, 357067.00 ns, 27.4667 us/op
WorkloadPilot   13: 14 op, 411898.00 ns, 29.4213 us/op
WorkloadPilot   14: 15 op, 387322.00 ns, 25.8215 us/op
WorkloadPilot   15: 16 op, 420785.00 ns, 26.2991 us/op
WorkloadPilot   16: 32 op, 957326.00 ns, 29.9164 us/op
WorkloadPilot   17: 64 op, 2170189.00 ns, 33.9092 us/op
WorkloadPilot   18: 128 op, 4266210.00 ns, 33.3298 us/op
WorkloadPilot   19: 256 op, 8391036.00 ns, 32.7775 us/op
WorkloadPilot   20: 512 op, 16688517.00 ns, 32.5948 us/op
WorkloadPilot   21: 1024 op, 23902797.00 ns, 23.3426 us/op
WorkloadPilot   22: 2048 op, 42778434.00 ns, 20.8879 us/op
WorkloadPilot   23: 4096 op, 86253567.00 ns, 21.0580 us/op
WorkloadPilot   24: 8192 op, 171551441.00 ns, 20.9413 us/op
WorkloadPilot   25: 16384 op, 353593049.00 ns, 21.5816 us/op
WorkloadPilot   26: 32768 op, 698275337.00 ns, 21.3097 us/op

WorkloadWarmup   1: 32768 op, 685737767.00 ns, 20.9271 us/op
WorkloadWarmup   2: 32768 op, 690649030.00 ns, 21.0769 us/op
WorkloadWarmup   3: 32768 op, 694583030.00 ns, 21.1970 us/op

// BeforeActualRun
WorkloadActual   1: 32768 op, 692503321.00 ns, 21.1335 us/op
WorkloadActual   2: 32768 op, 689802508.00 ns, 21.0511 us/op
WorkloadActual   3: 32768 op, 691998391.00 ns, 21.1181 us/op

// AfterActualRun
WorkloadResult   1: 32768 op, 692503321.00 ns, 21.1335 us/op
WorkloadResult   2: 32768 op, 689802508.00 ns, 21.0511 us/op
WorkloadResult   3: 32768 op, 691998391.00 ns, 21.1181 us/op
// GC:  56 7 0 940572672 32768
// Threading:  0 0 32768

// AfterAll
// Benchmark Process 3878 has exited with code 0.

Mean = 21.101 μs, StdErr = 0.025 μs (0.12%), N = 3, StdDev = 0.044 μs
Min = 21.051 μs, Q1 = 21.085 μs, Median = 21.118 μs, Q3 = 21.126 μs, Max = 21.134 μs
IQR = 0.041 μs, LowerFence = 21.023 μs, UpperFence = 21.188 μs
ConfidenceInterval = [20.301 μs; 21.900 μs] (CI 99.9%), Margin = 0.799 μs (3.79% of Mean)
Skewness = -0.33, Kurtosis = 0.67, MValue = 2

// ** Remained 7 (70.0 %) benchmark(s) to run. Estimated finish 2026-09-24 7:08 (0h 0m from now) **
// **************************
// Benchmark: ScatterGatherBenchmarks.'Scatter-gather single shard': ShortRun(IterationCount=3, LaunchCount=1, WarmupCount=3) [ShardCount=3]
// *** Execute ***
// Launch: 1 / 1
// Execute: dotnet Encina.Benchmarks-ShortRun-1.dll --anonymousPipes 228 229 --benchmarkName "Encina.Benchmarks.Sharding.ScatterGatherBenchmarks.ScatterGatherSingleShard(ShardCount: 3)" --job ShortRun --benchmarkId 3 in /home/runner/work/Encina/Encina/tests/Encina.BenchmarkTests/Encina.Benchmarks/bin/Release/net10.0/Encina.Benchmarks-ShortRun-1/bin/Release/net10.0
// Failed to set up high priority (Permission denied). In order to run benchmarks with high priority, make sure you have the right permissions.
// BeforeAnythingElse

// Benchmark Process Environment Information:
// BenchmarkDotNet v0.15.8
// Runtime=.NET 10.0.12 (10.0.12, 10.0.1226.42308), X64 RyuJIT x86-64-v3
// GC=Concurrent Workstation
// HardwareIntrinsics=AVX2+BMI1+BMI2+F16C+FMA+LZCNT+MOVBE,AVX,SSE3+SSSE3+SSE4.1+SSE4.2+POPCNT,X86Base+SSE+SSE2,AES+PCLMUL VectorSize=256
// Job: ShortRun(IterationCount=3, LaunchCount=1, WarmupCount=3)

OverheadJitting  1: 1 op, 235169.00 ns, 235.1690 us/op
WorkloadJitting  1: 1 op, 42424916.00 ns, 42.4249 ms/op

WorkloadPilot    1: 2 op, 152064.00 ns, 76.0320 us/op
WorkloadPilot    2: 3 op, 38872.00 ns, 12.9573 us/op
WorkloadPilot    3: 4 op, 38031.00 ns, 9.5078 us/op
WorkloadPilot    4: 5 op, 52027.00 ns, 10.4054 us/op
WorkloadPilot    5: 6 op, 65573.00 ns, 10.9288 us/op
WorkloadPilot    6: 7 op, 37460.00 ns, 5.3514 us/op
WorkloadPilot    7: 8 op, 83606.00 ns, 10.4508 us/op
WorkloadPilot    8: 9 op, 65563.00 ns, 7.2848 us/op
WorkloadPilot    9: 10 op, 75992.00 ns, 7.5992 us/op
WorkloadPilot   10: 11 op, 99707.00 ns, 9.0643 us/op
WorkloadPilot   11: 12 op, 79739.00 ns, 6.6449 us/op
WorkloadPilot   12: 13 op, 78907.00 ns, 6.0698 us/op
WorkloadPilot   13: 14 op, 80851.00 ns, 5.7751 us/op
WorkloadPilot   14: 15 op, 87634.00 ns, 5.8423 us/op
WorkloadPilot   15: 16 op, 86432.00 ns, 5.4020 us/op
WorkloadPilot   16: 32 op, 178864.00 ns, 5.5895 us/op
WorkloadPilot   17: 64 op, 260526.00 ns, 4.0707 us/op
WorkloadPilot   18: 128 op, 379850.00 ns, 2.9676 us/op
WorkloadPilot   19: 256 op, 816737.00 ns, 3.1904 us/op
WorkloadPilot   20: 512 op, 1626749.00 ns, 3.1772 us/op
WorkloadPilot   21: 1024 op, 3234272.00 ns, 3.1585 us/op
WorkloadPilot   22: 2048 op, 6533136.00 ns, 3.1900 us/op
WorkloadPilot   23: 4096 op, 13142215.00 ns, 3.2085 us/op
WorkloadPilot   24: 8192 op, 24539169.00 ns, 2.9955 us/op
WorkloadPilot   25: 16384 op, 37252623.00 ns, 2.2737 us/op
WorkloadPilot   26: 32768 op, 76162391.00 ns, 2.3243 us/op
WorkloadPilot   27: 65536 op, 148413433.00 ns, 2.2646 us/op
WorkloadPilot   28: 131072 op, 296116210.00 ns, 2.2592 us/op
WorkloadPilot   29: 262144 op, 590525274.00 ns, 2.2527 us/op

WorkloadWarmup   1: 262144 op, 594027130.00 ns, 2.2660 us/op
WorkloadWarmup   2: 262144 op, 591503851.00 ns, 2.2564 us/op
WorkloadWarmup   3: 262144 op, 592182457.00 ns, 2.2590 us/op

// BeforeActualRun
WorkloadActual   1: 262144 op, 590801871.00 ns, 2.2537 us/op
WorkloadActual   2: 262144 op, 588871268.00 ns, 2.2464 us/op
WorkloadActual   3: 262144 op, 593272521.00 ns, 2.2632 us/op

// AfterActualRun
WorkloadResult   1: 262144 op, 590801871.00 ns, 2.2537 us/op
WorkloadResult   2: 262144 op, 588871268.00 ns, 2.2464 us/op
WorkloadResult   3: 262144 op, 593272521.00 ns, 2.2632 us/op
// GC:  36 0 0 610271232 262144
// Threading:  0 0 262144

// AfterAll
// Benchmark Process 3895 has exited with code 0.

Mean = 2.254 μs, StdErr = 0.005 μs (0.22%), N = 3, StdDev = 0.008 μs
Min = 2.246 μs, Q1 = 2.250 μs, Median = 2.254 μs, Q3 = 2.258 μs, Max = 2.263 μs
IQR = 0.008 μs, LowerFence = 2.237 μs, UpperFence = 2.271 μs
ConfidenceInterval = [2.101 μs; 2.408 μs] (CI 99.9%), Margin = 0.154 μs (6.81% of Mean)
Skewness = 0.08, Kurtosis = 0.67, MValue = 2

// ** Remained 6 (60.0 %) benchmark(s) to run. Estimated finish 2026-09-24 7:07 (0h 0m from now) **
// **************************
// Benchmark: ScatterGatherBenchmarks.'Topology lookup all shards': ShortRun(IterationCount=3, LaunchCount=1, WarmupCount=3) [ShardCount=3]
// *** Execute ***
// Launch: 1 / 1
// Execute: dotnet Encina.Benchmarks-ShortRun-1.dll --anonymousPipes 228 229 --benchmarkName "Encina.Benchmarks.Sharding.ScatterGatherBenchmarks.TopologyGetAllShards(ShardCount: 3)" --job ShortRun --benchmarkId 4 in /home/runner/work/Encina/Encina/tests/Encina.BenchmarkTests/Encina.Benchmarks/bin/Release/net10.0/Encina.Benchmarks-ShortRun-1/bin/Release/net10.0
// Failed to set up high priority (Permission denied). In order to run benchmarks with high priority, make sure you have the right permissions.
// BeforeAnythingElse

// Benchmark Process Environment Information:
// BenchmarkDotNet v0.15.8
// Runtime=.NET 10.0.12 (10.0.12, 10.0.1226.42308), X64 RyuJIT x86-64-v3
// GC=Concurrent Workstation
// HardwareIntrinsics=AVX2+BMI1+BMI2+F16C+FMA+LZCNT+MOVBE,AVX,SSE3+SSSE3+SSE4.1+SSE4.2+POPCNT,X86Base+SSE+SSE2,AES+PCLMUL VectorSize=256
// Job: ShortRun(IterationCount=3, LaunchCount=1, WarmupCount=3)

OverheadJitting  1: 1 op, 239797.00 ns, 239.7970 us/op
WorkloadJitting  1: 1 op, 986551.00 ns, 986.5510 us/op

OverheadJitting  2: 16 op, 494273.00 ns, 30.8921 us/op
WorkloadJitting  2: 16 op, 517245.00 ns, 32.3278 us/op

WorkloadPilot    1: 16 op, 7514.00 ns, 469.6250 ns/op
WorkloadPilot    2: 32 op, 7965.00 ns, 248.9063 ns/op
WorkloadPilot    3: 64 op, 29395.00 ns, 459.2969 ns/op
WorkloadPilot    4: 128 op, 61354.00 ns, 479.3281 ns/op
WorkloadPilot    5: 256 op, 125034.00 ns, 488.4141 ns/op
WorkloadPilot    6: 512 op, 115826.00 ns, 226.2227 ns/op
WorkloadPilot    7: 1024 op, 231512.00 ns, 226.0859 ns/op
WorkloadPilot    8: 2048 op, 416998.00 ns, 203.6123 ns/op
WorkloadPilot    9: 4096 op, 690108.00 ns, 168.4834 ns/op
WorkloadPilot   10: 8192 op, 1517753.00 ns, 185.2726 ns/op
WorkloadPilot   11: 16384 op, 3066262.00 ns, 187.1498 ns/op
WorkloadPilot   12: 32768 op, 5843665.00 ns, 178.3345 ns/op
WorkloadPilot   13: 65536 op, 11526961.00 ns, 175.8875 ns/op
WorkloadPilot   14: 131072 op, 23039004.00 ns, 175.7737 ns/op
WorkloadPilot   15: 262144 op, 38587229.00 ns, 147.1986 ns/op
WorkloadPilot   16: 524288 op, 74227197.00 ns, 141.5771 ns/op
WorkloadPilot   17: 1048576 op, 145086159.00 ns, 138.3649 ns/op
WorkloadPilot   18: 2097152 op, 289236741.00 ns, 137.9188 ns/op
WorkloadPilot   19: 4194304 op, 578135094.00 ns, 137.8381 ns/op

OverheadWarmup   1: 4194304 op, 13935996.00 ns, 3.3226 ns/op
OverheadWarmup   2: 4194304 op, 14000467.00 ns, 3.3380 ns/op
OverheadWarmup   3: 4194304 op, 13890402.00 ns, 3.3117 ns/op
OverheadWarmup   4: 4194304 op, 13898747.00 ns, 3.3137 ns/op
OverheadWarmup   5: 4194304 op, 13878599.00 ns, 3.3089 ns/op

OverheadActual   1: 4194304 op, 13872067.00 ns, 3.3074 ns/op
OverheadActual   2: 4194304 op, 13931248.00 ns, 3.3215 ns/op
OverheadActual   3: 4194304 op, 14004624.00 ns, 3.3390 ns/op
OverheadActual   4: 4194304 op, 13926980.00 ns, 3.3205 ns/op
OverheadActual   5: 4194304 op, 13891774.00 ns, 3.3121 ns/op
OverheadActual   6: 4194304 op, 13913043.00 ns, 3.3171 ns/op
OverheadActual   7: 4194304 op, 13872187.00 ns, 3.3074 ns/op
OverheadActual   8: 4194304 op, 13879872.00 ns, 3.3092 ns/op
OverheadActual   9: 4194304 op, 13873049.00 ns, 3.3076 ns/op
OverheadActual  10: 4194304 op, 13883719.00 ns, 3.3101 ns/op
OverheadActual  11: 4194304 op, 13870484.00 ns, 3.3070 ns/op
OverheadActual  12: 4194304 op, 13880964.00 ns, 3.3095 ns/op
OverheadActual  13: 4194304 op, 13885312.00 ns, 3.3105 ns/op
OverheadActual  14: 4194304 op, 13899930.00 ns, 3.3140 ns/op
OverheadActual  15: 4194304 op, 13876265.00 ns, 3.3084 ns/op

WorkloadWarmup   1: 4194304 op, 586145179.00 ns, 139.7479 ns/op
WorkloadWarmup   2: 4194304 op, 586266155.00 ns, 139.7767 ns/op
WorkloadWarmup   3: 4194304 op, 578654393.00 ns, 137.9620 ns/op

// BeforeActualRun
WorkloadActual   1: 4194304 op, 580401014.00 ns, 138.3784 ns/op
WorkloadActual   2: 4194304 op, 583350319.00 ns, 139.0816 ns/op
WorkloadActual   3: 4194304 op, 580566834.00 ns, 138.4179 ns/op

// AfterActualRun
WorkloadResult   1: 4194304 op, 566517295.00 ns, 135.0682 ns/op
WorkloadResult   2: 4194304 op, 569466600.00 ns, 135.7714 ns/op
WorkloadResult   3: 4194304 op, 566683115.00 ns, 135.1078 ns/op
// GC:  26 0 0 436207616 4194304
// Threading:  0 0 4194304

// AfterAll
// Benchmark Process 3902 has exited with code 0.

Mean = 135.316 ns, StdErr = 0.228 ns (0.17%), N = 3, StdDev = 0.395 ns
Min = 135.068 ns, Q1 = 135.088 ns, Median = 135.108 ns, Q3 = 135.440 ns, Max = 135.771 ns
IQR = 0.352 ns, LowerFence = 134.561 ns, UpperFence = 135.967 ns
ConfidenceInterval = [128.109 ns; 142.523 ns] (CI 99.9%), Margin = 7.207 ns (5.33% of Mean)
Skewness = 0.38, Kurtosis = 0.67, MValue = 2

// ** Remained 5 (50.0 %) benchmark(s) to run. Estimated finish 2026-09-24 7:07 (0h 0m from now) **
// **************************
// Benchmark: ScatterGatherBenchmarks.'Scatter-gather all shards (sync result)': ShortRun(IterationCount=3, LaunchCount=1, WarmupCount=3) [ShardCount=25]
// *** Execute ***
// Launch: 1 / 1
// Execute: dotnet Encina.Benchmarks-ShortRun-1.dll --anonymousPipes 228 229 --benchmarkName "Encina.Benchmarks.Sharding.ScatterGatherBenchmarks.ScatterGatherAllShards(ShardCount: 25)" --job ShortRun --benchmarkId 5 in /home/runner/work/Encina/Encina/tests/Encina.BenchmarkTests/Encina.Benchmarks/bin/Release/net10.0/Encina.Benchmarks-ShortRun-1/bin/Release/net10.0
// Failed to set up high priority (Permission denied). In order to run benchmarks with high priority, make sure you have the right permissions.
// BeforeAnythingElse

// Benchmark Process Environment Information:
// BenchmarkDotNet v0.15.8
// Runtime=.NET 10.0.12 (10.0.12, 10.0.1226.42308), X64 RyuJIT x86-64-v3
// GC=Concurrent Workstation
// HardwareIntrinsics=AVX2+BMI1+BMI2+F16C+FMA+LZCNT+MOVBE,AVX,SSE3+SSSE3+SSE4.1+SSE4.2+POPCNT,X86Base+SSE+SSE2,AES+PCLMUL VectorSize=256
// Job: ShortRun(IterationCount=3, LaunchCount=1, WarmupCount=3)

OverheadJitting  1: 1 op, 249085.00 ns, 249.0850 us/op
WorkloadJitting  1: 1 op, 41704847.00 ns, 41.7048 ms/op

WorkloadPilot    1: 2 op, 163085.00 ns, 81.5425 us/op
WorkloadPilot    2: 3 op, 95809.00 ns, 31.9363 us/op
WorkloadPilot    3: 4 op, 98815.00 ns, 24.7038 us/op
WorkloadPilot    4: 5 op, 149359.00 ns, 29.8718 us/op
WorkloadPilot    5: 6 op, 185407.00 ns, 30.9012 us/op
WorkloadPilot    6: 7 op, 151133.00 ns, 21.5904 us/op
WorkloadPilot    7: 8 op, 171792.00 ns, 21.4740 us/op
WorkloadPilot    8: 9 op, 204453.00 ns, 22.7170 us/op
WorkloadPilot    9: 10 op, 265417.00 ns, 26.5417 us/op
WorkloadPilot   10: 11 op, 177051.00 ns, 16.0955 us/op
WorkloadPilot   11: 12 op, 203891.00 ns, 16.9909 us/op
WorkloadPilot   12: 13 op, 207688.00 ns, 15.9760 us/op
WorkloadPilot   13: 14 op, 289641.00 ns, 20.6886 us/op
WorkloadPilot   14: 15 op, 280425.00 ns, 18.6950 us/op
WorkloadPilot   15: 16 op, 254546.00 ns, 15.9091 us/op
WorkloadPilot   16: 32 op, 688738.00 ns, 21.5231 us/op
WorkloadPilot   17: 64 op, 1509873.00 ns, 23.5918 us/op
WorkloadPilot   18: 128 op, 3044193.00 ns, 23.7828 us/op
WorkloadPilot   19: 256 op, 5597298.00 ns, 21.8644 us/op
WorkloadPilot   20: 512 op, 11543597.00 ns, 22.5461 us/op
WorkloadPilot   21: 1024 op, 21259011.00 ns, 20.7608 us/op
WorkloadPilot   22: 2048 op, 32614859.00 ns, 15.9252 us/op
WorkloadPilot   23: 4096 op, 60624587.00 ns, 14.8009 us/op
WorkloadPilot   24: 8192 op, 120147142.00 ns, 14.6664 us/op
WorkloadPilot   25: 16384 op, 238706365.00 ns, 14.5695 us/op
WorkloadPilot   26: 32768 op, 479159616.00 ns, 14.6228 us/op
WorkloadPilot   27: 65536 op, 962011826.00 ns, 14.6791 us/op

WorkloadWarmup   1: 65536 op, 957117164.00 ns, 14.6044 us/op
WorkloadWarmup   2: 65536 op, 961385298.00 ns, 14.6696 us/op
WorkloadWarmup   3: 65536 op, 965332614.00 ns, 14.7298 us/op

// BeforeActualRun
WorkloadActual   1: 65536 op, 955451519.00 ns, 14.5790 us/op
WorkloadActual   2: 65536 op, 962420612.00 ns, 14.6854 us/op
WorkloadActual   3: 65536 op, 958679181.00 ns, 14.6283 us/op

// AfterActualRun
WorkloadResult   1: 65536 op, 955451519.00 ns, 14.5790 us/op
WorkloadResult   2: 65536 op, 962420612.00 ns, 14.6854 us/op
WorkloadResult   3: 65536 op, 958679181.00 ns, 14.6283 us/op
// GC:  76 2 0 1275592704 65536
// Threading:  0 0 65536

// AfterAll
// Benchmark Process 3909 has exited with code 0.

Mean = 14.631 μs, StdErr = 0.031 μs (0.21%), N = 3, StdDev = 0.053 μs
Min = 14.579 μs, Q1 = 14.604 μs, Median = 14.628 μs, Q3 = 14.657 μs, Max = 14.685 μs
IQR = 0.053 μs, LowerFence = 14.524 μs, UpperFence = 14.737 μs
ConfidenceInterval = [13.660 μs; 15.602 μs] (CI 99.9%), Margin = 0.971 μs (6.64% of Mean)
Skewness = 0.05, Kurtosis = 0.67, MValue = 2

// ** Remained 4 (40.0 %) benchmark(s) to run. Estimated finish 2026-09-24 7:07 (0h 0m from now) **
// **************************
// Benchmark: ScatterGatherBenchmarks.'Scatter-gather subset (3 shards)': ShortRun(IterationCount=3, LaunchCount=1, WarmupCount=3) [ShardCount=25]
// *** Execute ***
// Launch: 1 / 1
// Execute: dotnet Encina.Benchmarks-ShortRun-1.dll --anonymousPipes 228 229 --benchmarkName "Encina.Benchmarks.Sharding.ScatterGatherBenchmarks.ScatterGatherSubset(ShardCount: 25)" --job ShortRun --benchmarkId 6 in /home/runner/work/Encina/Encina/tests/Encina.BenchmarkTests/Encina.Benchmarks/bin/Release/net10.0/Encina.Benchmarks-ShortRun-1/bin/Release/net10.0
// Failed to set up high priority (Permission denied). In order to run benchmarks with high priority, make sure you have the right permissions.
// BeforeAnythingElse

// Benchmark Process Environment Information:
// BenchmarkDotNet v0.15.8
// Runtime=.NET 10.0.12 (10.0.12, 10.0.1226.42308), X64 RyuJIT x86-64-v3
// GC=Concurrent Workstation
// HardwareIntrinsics=AVX2+BMI1+BMI2+F16C+FMA+LZCNT+MOVBE,AVX,SSE3+SSSE3+SSE4.1+SSE4.2+POPCNT,X86Base+SSE+SSE2,AES+PCLMUL VectorSize=256
// Job: ShortRun(IterationCount=3, LaunchCount=1, WarmupCount=3)

OverheadJitting  1: 1 op, 244116.00 ns, 244.1160 us/op
WorkloadJitting  1: 1 op, 40998839.00 ns, 40.9988 ms/op

WorkloadPilot    1: 2 op, 103473.00 ns, 51.7365 us/op
WorkloadPilot    2: 3 op, 35796.00 ns, 11.9320 us/op
WorkloadPilot    3: 4 op, 49803.00 ns, 12.4508 us/op
WorkloadPilot    4: 5 op, 73157.00 ns, 14.6314 us/op
WorkloadPilot    5: 6 op, 70592.00 ns, 11.7653 us/op
WorkloadPilot    6: 7 op, 61004.00 ns, 8.7149 us/op
WorkloadPilot    7: 8 op, 78035.00 ns, 9.7544 us/op
WorkloadPilot    8: 9 op, 87894.00 ns, 9.7660 us/op
WorkloadPilot    9: 10 op, 91742.00 ns, 9.1742 us/op
WorkloadPilot   10: 11 op, 119032.00 ns, 10.8211 us/op
WorkloadPilot   11: 12 op, 101249.00 ns, 8.4374 us/op
WorkloadPilot   12: 13 op, 101159.00 ns, 7.7815 us/op
WorkloadPilot   13: 14 op, 109975.00 ns, 7.8554 us/op
WorkloadPilot   14: 15 op, 110787.00 ns, 7.3858 us/op
WorkloadPilot   15: 16 op, 128049.00 ns, 8.0031 us/op
WorkloadPilot   16: 32 op, 208178.00 ns, 6.5056 us/op
WorkloadPilot   17: 64 op, 407332.00 ns, 6.3646 us/op
WorkloadPilot   18: 128 op, 665002.00 ns, 5.1953 us/op
WorkloadPilot   19: 256 op, 1330135.00 ns, 5.1958 us/op
WorkloadPilot   20: 512 op, 2756731.00 ns, 5.3842 us/op
WorkloadPilot   21: 1024 op, 5177543.00 ns, 5.0562 us/op
WorkloadPilot   22: 2048 op, 10609662.00 ns, 5.1805 us/op
WorkloadPilot   23: 4096 op, 21185471.00 ns, 5.1722 us/op
WorkloadPilot   24: 8192 op, 29709867.00 ns, 3.6267 us/op
WorkloadPilot   25: 16384 op, 58223168.00 ns, 3.5537 us/op
WorkloadPilot   26: 32768 op, 114709633.00 ns, 3.5007 us/op
WorkloadPilot   27: 65536 op, 230657520.00 ns, 3.5196 us/op
WorkloadPilot   28: 131072 op, 465150936.00 ns, 3.5488 us/op
WorkloadPilot   29: 262144 op, 920597162.00 ns, 3.5118 us/op

WorkloadWarmup   1: 262144 op, 923816507.00 ns, 3.5241 us/op
WorkloadWarmup   2: 262144 op, 937726243.00 ns, 3.5771 us/op
WorkloadWarmup   3: 262144 op, 927542388.00 ns, 3.5383 us/op

// BeforeActualRun
WorkloadActual   1: 262144 op, 929317855.00 ns, 3.5451 us/op
WorkloadActual   2: 262144 op, 933325799.00 ns, 3.5604 us/op
WorkloadActual   3: 262144 op, 934330798.00 ns, 3.5642 us/op

// AfterActualRun
WorkloadResult   1: 262144 op, 929317855.00 ns, 3.5451 us/op
WorkloadResult   2: 262144 op, 933325799.00 ns, 3.5604 us/op
WorkloadResult   3: 262144 op, 934330798.00 ns, 3.5642 us/op
// GC:  60 0 0 1017118720 262144
// Threading:  0 0 262144

// AfterAll
// Benchmark Process 3916 has exited with code 0.

Mean = 3.557 μs, StdErr = 0.006 μs (0.16%), N = 3, StdDev = 0.010 μs
Min = 3.545 μs, Q1 = 3.553 μs, Median = 3.560 μs, Q3 = 3.562 μs, Max = 3.564 μs
IQR = 0.010 μs, LowerFence = 3.538 μs, UpperFence = 3.577 μs
ConfidenceInterval = [3.372 μs; 3.741 μs] (CI 99.9%), Margin = 0.185 μs (5.19% of Mean)
Skewness = -0.32, Kurtosis = 0.67, MValue = 2

// ** Remained 3 (30.0 %) benchmark(s) to run. Estimated finish 2026-09-24 7:08 (0h 0m from now) **
// **************************
// Benchmark: ScatterGatherBenchmarks.'Scatter-gather with large results': ShortRun(IterationCount=3, LaunchCount=1, WarmupCount=3) [ShardCount=25]
// *** Execute ***
// Launch: 1 / 1
// Execute: dotnet Encina.Benchmarks-ShortRun-1.dll --anonymousPipes 228 229 --benchmarkName "Encina.Benchmarks.Sharding.ScatterGatherBenchmarks.ScatterGatherLargeResults(ShardCount: 25)" --job ShortRun --benchmarkId 7 in /home/runner/work/Encina/Encina/tests/Encina.BenchmarkTests/Encina.Benchmarks/bin/Release/net10.0/Encina.Benchmarks-ShortRun-1/bin/Release/net10.0
// Failed to set up high priority (Permission denied). In order to run benchmarks with high priority, make sure you have the right permissions.
// BeforeAnythingElse

// Benchmark Process Environment Information:
// BenchmarkDotNet v0.15.8
// Runtime=.NET 10.0.12 (10.0.12, 10.0.1226.42308), X64 RyuJIT x86-64-v3
// GC=Concurrent Workstation
// HardwareIntrinsics=AVX2+BMI1+BMI2+F16C+FMA+LZCNT+MOVBE,AVX,SSE3+SSSE3+SSE4.1+SSE4.2+POPCNT,X86Base+SSE+SSE2,AES+PCLMUL VectorSize=256
// Job: ShortRun(IterationCount=3, LaunchCount=1, WarmupCount=3)

OverheadJitting  1: 1 op, 233386.00 ns, 233.3860 us/op
WorkloadJitting  1: 1 op, 43887733.00 ns, 43.8877 ms/op

WorkloadPilot    1: 2 op, 556711.00 ns, 278.3555 us/op
WorkloadPilot    2: 3 op, 806328.00 ns, 268.7760 us/op
WorkloadPilot    3: 4 op, 745273.00 ns, 186.3183 us/op
WorkloadPilot    4: 5 op, 1221263.00 ns, 244.2526 us/op
WorkloadPilot    5: 6 op, 1267570.00 ns, 211.2617 us/op
WorkloadPilot    6: 7 op, 1355034.00 ns, 193.5763 us/op
WorkloadPilot    7: 8 op, 1490577.00 ns, 186.3221 us/op
WorkloadPilot    8: 9 op, 1686975.00 ns, 187.4417 us/op
WorkloadPilot    9: 10 op, 1792762.00 ns, 179.2762 us/op
WorkloadPilot   10: 11 op, 2207338.00 ns, 200.6671 us/op
WorkloadPilot   11: 12 op, 2133990.00 ns, 177.8325 us/op
WorkloadPilot   12: 13 op, 2266447.00 ns, 174.3421 us/op
WorkloadPilot   13: 14 op, 2440874.00 ns, 174.3481 us/op
WorkloadPilot   14: 15 op, 2605041.00 ns, 173.6694 us/op
WorkloadPilot   15: 16 op, 2745964.00 ns, 171.6228 us/op
WorkloadPilot   16: 32 op, 7359541.00 ns, 229.9857 us/op
WorkloadPilot   17: 64 op, 16287596.00 ns, 254.4937 us/op
WorkloadPilot   18: 128 op, 21699706.00 ns, 169.5290 us/op
WorkloadPilot   19: 256 op, 41436008.00 ns, 161.8594 us/op
WorkloadPilot   20: 512 op, 82164495.00 ns, 160.4775 us/op
WorkloadPilot   21: 1024 op, 165096726.00 ns, 161.2273 us/op
WorkloadPilot   22: 2048 op, 334064370.00 ns, 163.1174 us/op
WorkloadPilot   23: 4096 op, 660111690.00 ns, 161.1601 us/op

WorkloadWarmup   1: 4096 op, 663091832.00 ns, 161.8877 us/op
WorkloadWarmup   2: 4096 op, 666074359.00 ns, 162.6158 us/op
WorkloadWarmup   3: 4096 op, 659569656.00 ns, 161.0277 us/op

// BeforeActualRun
WorkloadActual   1: 4096 op, 656236834.00 ns, 160.2141 us/op
WorkloadActual   2: 4096 op, 659741389.00 ns, 161.0697 us/op
WorkloadActual   3: 4096 op, 650296528.00 ns, 158.7638 us/op

// AfterActualRun
WorkloadResult   1: 4096 op, 656236834.00 ns, 160.2141 us/op
WorkloadResult   2: 4096 op, 659741389.00 ns, 161.0697 us/op
WorkloadResult   3: 4096 op, 650296528.00 ns, 158.7638 us/op
// GC:  59 43 0 995131392 4096
// Threading:  0 0 4096

// AfterAll
// Benchmark Process 3927 has exited with code 0.

Mean = 160.016 μs, StdErr = 0.673 μs (0.42%), N = 3, StdDev = 1.166 μs
Min = 158.764 μs, Q1 = 159.489 μs, Median = 160.214 μs, Q3 = 160.642 μs, Max = 161.070 μs
IQR = 1.153 μs, LowerFence = 157.760 μs, UpperFence = 162.371 μs
ConfidenceInterval = [138.750 μs; 181.282 μs] (CI 99.9%), Margin = 21.266 μs (13.29% of Mean)
Skewness = -0.17, Kurtosis = 0.67, MValue = 2

// ** Remained 2 (20.0 %) benchmark(s) to run. Estimated finish 2026-09-24 7:07 (0h 0m from now) **
// **************************
// Benchmark: ScatterGatherBenchmarks.'Scatter-gather single shard': ShortRun(IterationCount=3, LaunchCount=1, WarmupCount=3) [ShardCount=25]
// *** Execute ***
// Launch: 1 / 1
// Execute: dotnet Encina.Benchmarks-ShortRun-1.dll --anonymousPipes 228 229 --benchmarkName "Encina.Benchmarks.Sharding.ScatterGatherBenchmarks.ScatterGatherSingleShard(ShardCount: 25)" --job ShortRun --benchmarkId 8 in /home/runner/work/Encina/Encina/tests/Encina.BenchmarkTests/Encina.Benchmarks/bin/Release/net10.0/Encina.Benchmarks-ShortRun-1/bin/Release/net10.0
// Failed to set up high priority (Permission denied). In order to run benchmarks with high priority, make sure you have the right permissions.
// BeforeAnythingElse

// Benchmark Process Environment Information:
// BenchmarkDotNet v0.15.8
// Runtime=.NET 10.0.12 (10.0.12, 10.0.1226.42308), X64 RyuJIT x86-64-v3
// GC=Concurrent Workstation
// HardwareIntrinsics=AVX2+BMI1+BMI2+F16C+FMA+LZCNT+MOVBE,AVX,SSE3+SSSE3+SSE4.1+SSE4.2+POPCNT,X86Base+SSE+SSE2,AES+PCLMUL VectorSize=256
// Job: ShortRun(IterationCount=3, LaunchCount=1, WarmupCount=3)

OverheadJitting  1: 1 op, 223137.00 ns, 223.1370 us/op
WorkloadJitting  1: 1 op, 40919019.00 ns, 40.9190 ms/op

WorkloadPilot    1: 2 op, 114283.00 ns, 57.1415 us/op
WorkloadPilot    2: 3 op, 34114.00 ns, 11.3713 us/op
WorkloadPilot    3: 4 op, 27912.00 ns, 6.9780 us/op
WorkloadPilot    4: 5 op, 36458.00 ns, 7.2916 us/op
WorkloadPilot    5: 6 op, 38672.00 ns, 6.4453 us/op
WorkloadPilot    6: 7 op, 38472.00 ns, 5.4960 us/op
WorkloadPilot    7: 8 op, 45245.00 ns, 5.6556 us/op
WorkloadPilot    8: 9 op, 52839.00 ns, 5.8710 us/op
WorkloadPilot    9: 10 op, 50995.00 ns, 5.0995 us/op
WorkloadPilot   10: 11 op, 52708.00 ns, 4.7916 us/op
WorkloadPilot   11: 12 op, 91191.00 ns, 7.5993 us/op
WorkloadPilot   12: 13 op, 103193.00 ns, 7.9379 us/op
WorkloadPilot   13: 14 op, 65683.00 ns, 4.6916 us/op
WorkloadPilot   14: 15 op, 76643.00 ns, 5.1095 us/op
WorkloadPilot   15: 16 op, 75772.00 ns, 4.7358 us/op
WorkloadPilot   16: 32 op, 138629.00 ns, 4.3322 us/op
WorkloadPilot   17: 64 op, 247783.00 ns, 3.8716 us/op
WorkloadPilot   18: 128 op, 375321.00 ns, 2.9322 us/op
WorkloadPilot   19: 256 op, 843747.00 ns, 3.2959 us/op
WorkloadPilot   20: 512 op, 1695899.00 ns, 3.3123 us/op
WorkloadPilot   21: 1024 op, 3322960.00 ns, 3.2451 us/op
WorkloadPilot   22: 2048 op, 6595075.00 ns, 3.2203 us/op
WorkloadPilot   23: 4096 op, 13157068.00 ns, 3.2122 us/op
WorkloadPilot   24: 8192 op, 23347512.00 ns, 2.8500 us/op
WorkloadPilot   25: 16384 op, 36350932.00 ns, 2.2187 us/op
WorkloadPilot   26: 32768 op, 74328264.00 ns, 2.2683 us/op
WorkloadPilot   27: 65536 op, 142725374.00 ns, 2.1778 us/op
WorkloadPilot   28: 131072 op, 284936467.00 ns, 2.1739 us/op
WorkloadPilot   29: 262144 op, 584401525.00 ns, 2.2293 us/op

WorkloadWarmup   1: 262144 op, 590451040.00 ns, 2.2524 us/op
WorkloadWarmup   2: 262144 op, 590972324.00 ns, 2.2544 us/op
WorkloadWarmup   3: 262144 op, 592823954.00 ns, 2.2614 us/op

// BeforeActualRun
WorkloadActual   1: 262144 op, 582073073.00 ns, 2.2204 us/op
WorkloadActual   2: 262144 op, 574761139.00 ns, 2.1925 us/op
WorkloadActual   3: 262144 op, 573714623.00 ns, 2.1885 us/op

// AfterActualRun
WorkloadResult   1: 262144 op, 582073073.00 ns, 2.2204 us/op
WorkloadResult   2: 262144 op, 574761139.00 ns, 2.1925 us/op
WorkloadResult   3: 262144 op, 573714623.00 ns, 2.1885 us/op
// GC:  39 0 0 656408576 262144
// Threading:  0 0 262144

// AfterAll
// Benchmark Process 3935 has exited with code 0.

Mean = 2.201 μs, StdErr = 0.010 μs (0.46%), N = 3, StdDev = 0.017 μs
Min = 2.189 μs, Q1 = 2.191 μs, Median = 2.193 μs, Q3 = 2.206 μs, Max = 2.220 μs
IQR = 0.016 μs, LowerFence = 2.167 μs, UpperFence = 2.230 μs
ConfidenceInterval = [1.884 μs; 2.517 μs] (CI 99.9%), Margin = 0.317 μs (14.40% of Mean)
Skewness = 0.36, Kurtosis = 0.67, MValue = 2

// ** Remained 1 (10.0 %) benchmark(s) to run. Estimated finish 2026-09-24 7:07 (0h 0m from now) **
// **************************
// Benchmark: ScatterGatherBenchmarks.'Topology lookup all shards': ShortRun(IterationCount=3, LaunchCount=1, WarmupCount=3) [ShardCount=25]
// *** Execute ***
// Launch: 1 / 1
// Execute: dotnet Encina.Benchmarks-ShortRun-1.dll --anonymousPipes 228 229 --benchmarkName "Encina.Benchmarks.Sharding.ScatterGatherBenchmarks.TopologyGetAllShards(ShardCount: 25)" --job ShortRun --benchmarkId 9 in /home/runner/work/Encina/Encina/tests/Encina.BenchmarkTests/Encina.Benchmarks/bin/Release/net10.0/Encina.Benchmarks-ShortRun-1/bin/Release/net10.0
// Failed to set up high priority (Permission denied). In order to run benchmarks with high priority, make sure you have the right permissions.
// BeforeAnythingElse

// Benchmark Process Environment Information:
// BenchmarkDotNet v0.15.8
// Runtime=.NET 10.0.12 (10.0.12, 10.0.1226.42308), X64 RyuJIT x86-64-v3
// GC=Concurrent Workstation
// HardwareIntrinsics=AVX2+BMI1+BMI2+F16C+FMA+LZCNT+MOVBE,AVX,SSE3+SSSE3+SSE4.1+SSE4.2+POPCNT,X86Base+SSE+SSE2,AES+PCLMUL VectorSize=256
// Job: ShortRun(IterationCount=3, LaunchCount=1, WarmupCount=3)

OverheadJitting  1: 1 op, 234879.00 ns, 234.8790 us/op
WorkloadJitting  1: 1 op, 976375.00 ns, 976.3750 us/op

OverheadJitting  2: 16 op, 469597.00 ns, 29.3498 us/op
WorkloadJitting  2: 16 op, 556290.00 ns, 34.7681 us/op

WorkloadPilot    1: 16 op, 27291.00 ns, 1.7057 us/op
WorkloadPilot    2: 32 op, 36679.00 ns, 1.1462 us/op
WorkloadPilot    3: 64 op, 38752.00 ns, 605.5000 ns/op
WorkloadPilot    4: 128 op, 47188.00 ns, 368.6563 ns/op
WorkloadPilot    5: 256 op, 91090.00 ns, 355.8203 ns/op
WorkloadPilot    6: 512 op, 152595.00 ns, 298.0371 ns/op
WorkloadPilot    7: 1024 op, 237664.00 ns, 232.0938 ns/op
WorkloadPilot    8: 2048 op, 475729.00 ns, 232.2896 ns/op
WorkloadPilot    9: 4096 op, 1063678.00 ns, 259.6870 ns/op
WorkloadPilot   10: 8192 op, 2122707.00 ns, 259.1195 ns/op
WorkloadPilot   11: 16384 op, 4192916.00 ns, 255.9153 ns/op
WorkloadPilot   12: 32768 op, 8363820.00 ns, 255.2435 ns/op
WorkloadPilot   13: 65536 op, 15757046.00 ns, 240.4334 ns/op
WorkloadPilot   14: 131072 op, 19908705.00 ns, 151.8914 ns/op
WorkloadPilot   15: 262144 op, 38795951.00 ns, 147.9948 ns/op
WorkloadPilot   16: 524288 op, 78002009.00 ns, 148.7770 ns/op
WorkloadPilot   17: 1048576 op, 154826418.00 ns, 147.6540 ns/op
WorkloadPilot   18: 2097152 op, 304662150.00 ns, 145.2742 ns/op
WorkloadPilot   19: 4194304 op, 611130014.00 ns, 145.7047 ns/op

OverheadWarmup   1: 4194304 op, 13737472.00 ns, 3.2753 ns/op
OverheadWarmup   2: 4194304 op, 13767388.00 ns, 3.2824 ns/op
OverheadWarmup   3: 4194304 op, 13939199.00 ns, 3.3234 ns/op
OverheadWarmup   4: 4194304 op, 13702247.00 ns, 3.2669 ns/op
OverheadWarmup   5: 4194304 op, 13707456.00 ns, 3.2681 ns/op
OverheadWarmup   6: 4194304 op, 13711524.00 ns, 3.2691 ns/op
OverheadWarmup   7: 4194304 op, 13737773.00 ns, 3.2753 ns/op
OverheadWarmup   8: 4194304 op, 13709330.00 ns, 3.2686 ns/op

OverheadActual   1: 4194304 op, 13810889.00 ns, 3.2928 ns/op
OverheadActual   2: 4194304 op, 13713447.00 ns, 3.2695 ns/op
OverheadActual   3: 4194304 op, 13720891.00 ns, 3.2713 ns/op
OverheadActual   4: 4194304 op, 13770034.00 ns, 3.2830 ns/op
OverheadActual   5: 4194304 op, 13824515.00 ns, 3.2960 ns/op
OverheadActual   6: 4194304 op, 13727744.00 ns, 3.2729 ns/op
OverheadActual   7: 4194304 op, 13756678.00 ns, 3.2798 ns/op
OverheadActual   8: 4194304 op, 13706575.00 ns, 3.2679 ns/op
OverheadActual   9: 4194304 op, 13698189.00 ns, 3.2659 ns/op
OverheadActual  10: 4194304 op, 13711284.00 ns, 3.2690 ns/op
OverheadActual  11: 4194304 op, 13726011.00 ns, 3.2725 ns/op
OverheadActual  12: 4194304 op, 15219122.00 ns, 3.6285 ns/op
OverheadActual  13: 4194304 op, 13880499.00 ns, 3.3094 ns/op
OverheadActual  14: 4194304 op, 13689744.00 ns, 3.2639 ns/op
OverheadActual  15: 4194304 op, 13783719.00 ns, 3.2863 ns/op

WorkloadWarmup   1: 4194304 op, 620249988.00 ns, 147.8791 ns/op
WorkloadWarmup   2: 4194304 op, 635536545.00 ns, 151.5237 ns/op
WorkloadWarmup   3: 4194304 op, 619411320.00 ns, 147.6792 ns/op

// BeforeActualRun
WorkloadActual   1: 4194304 op, 621553754.00 ns, 148.1900 ns/op
WorkloadActual   2: 4194304 op, 624864231.00 ns, 148.9792 ns/op
WorkloadActual   3: 4194304 op, 622230188.00 ns, 148.3512 ns/op

// AfterActualRun
WorkloadResult   1: 4194304 op, 607826010.00 ns, 144.9170 ns/op
WorkloadResult   2: 4194304 op, 611136487.00 ns, 145.7063 ns/op
WorkloadResult   3: 4194304 op, 608502444.00 ns, 145.0783 ns/op
// GC:  70 0 0 1174405120 4194304
// Threading:  0 0 4194304

// AfterAll
// Benchmark Process 3942 has exited with code 0.

Mean = 145.234 ns, StdErr = 0.241 ns (0.17%), N = 3, StdDev = 0.417 ns
Min = 144.917 ns, Q1 = 144.998 ns, Median = 145.078 ns, Q3 = 145.392 ns, Max = 145.706 ns
IQR = 0.395 ns, LowerFence = 144.406 ns, UpperFence = 145.984 ns
ConfidenceInterval = [137.626 ns; 152.842 ns] (CI 99.9%), Margin = 7.608 ns (5.24% of Mean)
Skewness = 0.32, Kurtosis = 0.67, MValue = 2

// ** Remained 0 (0.0 %) benchmark(s) to run. Estimated finish 2026-09-24 7:07 (0h 0m from now) **
// ***** BenchmarkRunner: Finish  *****

// * Export *
  artifacts/performance/Core/results/Encina.Benchmarks.Sharding.ScatterGatherBenchmarks-report.csv
  artifacts/performance/Core/results/Encina.Benchmarks.Sharding.ScatterGatherBenchmarks-report-github.md
  artifacts/performance/Core/results/Encina.Benchmarks.Sharding.ScatterGatherBenchmarks-report.html
  artifacts/performance/Core/results/Encina.Benchmarks.Sharding.ScatterGatherBenchmarks-report-full-compressed.json
  artifacts/performance/Core/results/Encina.Benchmarks.Sharding.ScatterGatherBenchmarks-report-default.md

// * Detailed results *
ScatterGatherBenchmarks.'Scatter-gather all shards (sync result)': ShortRun(IterationCount=3, LaunchCount=1, WarmupCount=3) [ShardCount=3]
Runtime = .NET 10.0.12 (10.0.12, 10.0.1226.42308), X64 RyuJIT x86-64-v3; GC = Concurrent Workstation
Mean = 3.626 μs, StdErr = 0.010 μs (0.29%), N = 3, StdDev = 0.018 μs
Min = 3.608 μs, Q1 = 3.618 μs, Median = 3.627 μs, Q3 = 3.635 μs, Max = 3.644 μs
IQR = 0.018 μs, LowerFence = 3.591 μs, UpperFence = 3.662 μs
ConfidenceInterval = [3.298 μs; 3.954 μs] (CI 99.9%), Margin = 0.328 μs (9.05% of Mean)
Skewness = -0.07, Kurtosis = 0.67, MValue = 2
-------------------- Histogram --------------------
[3.591 μs ; 3.660 μs) | @@@
---------------------------------------------------

ScatterGatherBenchmarks.'Scatter-gather subset (3 shards)': ShortRun(IterationCount=3, LaunchCount=1, WarmupCount=3) [ShardCount=3]
Runtime = .NET 10.0.12 (10.0.12, 10.0.1226.42308), X64 RyuJIT x86-64-v3; GC = Concurrent Workstation
Mean = 3.603 μs, StdErr = 0.011 μs (0.30%), N = 3, StdDev = 0.019 μs
Min = 3.586 μs, Q1 = 3.592 μs, Median = 3.598 μs, Q3 = 3.611 μs, Max = 3.623 μs
IQR = 0.019 μs, LowerFence = 3.564 μs, UpperFence = 3.639 μs
ConfidenceInterval = [3.257 μs; 3.948 μs] (CI 99.9%), Margin = 0.346 μs (9.60% of Mean)
Skewness = 0.21, Kurtosis = 0.67, MValue = 2
-------------------- Histogram --------------------
[3.569 μs ; 3.640 μs) | @@@
---------------------------------------------------

ScatterGatherBenchmarks.'Scatter-gather with large results': ShortRun(IterationCount=3, LaunchCount=1, WarmupCount=3) [ShardCount=3]
Runtime = .NET 10.0.12 (10.0.12, 10.0.1226.42308), X64 RyuJIT x86-64-v3; GC = Concurrent Workstation
Mean = 21.101 μs, StdErr = 0.025 μs (0.12%), N = 3, StdDev = 0.044 μs
Min = 21.051 μs, Q1 = 21.085 μs, Median = 21.118 μs, Q3 = 21.126 μs, Max = 21.134 μs
IQR = 0.041 μs, LowerFence = 21.023 μs, UpperFence = 21.188 μs
ConfidenceInterval = [20.301 μs; 21.900 μs] (CI 99.9%), Margin = 0.799 μs (3.79% of Mean)
Skewness = -0.33, Kurtosis = 0.67, MValue = 2
-------------------- Histogram --------------------
[21.011 μs ; 21.173 μs) | @@@
---------------------------------------------------

ScatterGatherBenchmarks.'Scatter-gather single shard': ShortRun(IterationCount=3, LaunchCount=1, WarmupCount=3) [ShardCount=3]
Runtime = .NET 10.0.12 (10.0.12, 10.0.1226.42308), X64 RyuJIT x86-64-v3; GC = Concurrent Workstation
Mean = 2.254 μs, StdErr = 0.005 μs (0.22%), N = 3, StdDev = 0.008 μs
Min = 2.246 μs, Q1 = 2.250 μs, Median = 2.254 μs, Q3 = 2.258 μs, Max = 2.263 μs
IQR = 0.008 μs, LowerFence = 2.237 μs, UpperFence = 2.271 μs
ConfidenceInterval = [2.101 μs; 2.408 μs] (CI 99.9%), Margin = 0.154 μs (6.81% of Mean)
Skewness = 0.08, Kurtosis = 0.67, MValue = 2
-------------------- Histogram --------------------
[2.239 μs ; 2.271 μs) | @@@
---------------------------------------------------

ScatterGatherBenchmarks.'Topology lookup all shards': ShortRun(IterationCount=3, LaunchCount=1, WarmupCount=3) [ShardCount=3]
Runtime = .NET 10.0.12 (10.0.12, 10.0.1226.42308), X64 RyuJIT x86-64-v3; GC = Concurrent Workstation
Mean = 135.316 ns, StdErr = 0.228 ns (0.17%), N = 3, StdDev = 0.395 ns
Min = 135.068 ns, Q1 = 135.088 ns, Median = 135.108 ns, Q3 = 135.440 ns, Max = 135.771 ns
IQR = 0.352 ns, LowerFence = 134.561 ns, UpperFence = 135.967 ns
ConfidenceInterval = [128.109 ns; 142.523 ns] (CI 99.9%), Margin = 7.207 ns (5.33% of Mean)
Skewness = 0.38, Kurtosis = 0.67, MValue = 2
-------------------- Histogram --------------------
[135.060 ns ; 135.779 ns) | @@@
---------------------------------------------------

ScatterGatherBenchmarks.'Scatter-gather all shards (sync result)': ShortRun(IterationCount=3, LaunchCount=1, WarmupCount=3) [ShardCount=25]
Runtime = .NET 10.0.12 (10.0.12, 10.0.1226.42308), X64 RyuJIT x86-64-v3; GC = Concurrent Workstation
Mean = 14.631 μs, StdErr = 0.031 μs (0.21%), N = 3, StdDev = 0.053 μs
Min = 14.579 μs, Q1 = 14.604 μs, Median = 14.628 μs, Q3 = 14.657 μs, Max = 14.685 μs
IQR = 0.053 μs, LowerFence = 14.524 μs, UpperFence = 14.737 μs
ConfidenceInterval = [13.660 μs; 15.602 μs] (CI 99.9%), Margin = 0.971 μs (6.64% of Mean)
Skewness = 0.05, Kurtosis = 0.67, MValue = 2
-------------------- Histogram --------------------
[14.531 μs ; 14.734 μs) | @@@
---------------------------------------------------

ScatterGatherBenchmarks.'Scatter-gather subset (3 shards)': ShortRun(IterationCount=3, LaunchCount=1, WarmupCount=3) [ShardCount=25]
Runtime = .NET 10.0.12 (10.0.12, 10.0.1226.42308), X64 RyuJIT x86-64-v3; GC = Concurrent Workstation
Mean = 3.557 μs, StdErr = 0.006 μs (0.16%), N = 3, StdDev = 0.010 μs
Min = 3.545 μs, Q1 = 3.553 μs, Median = 3.560 μs, Q3 = 3.562 μs, Max = 3.564 μs
IQR = 0.010 μs, LowerFence = 3.538 μs, UpperFence = 3.577 μs
ConfidenceInterval = [3.372 μs; 3.741 μs] (CI 99.9%), Margin = 0.185 μs (5.19% of Mean)
Skewness = -0.32, Kurtosis = 0.67, MValue = 2
-------------------- Histogram --------------------
[3.536 μs ; 3.573 μs) | @@@
---------------------------------------------------

ScatterGatherBenchmarks.'Scatter-gather with large results': ShortRun(IterationCount=3, LaunchCount=1, WarmupCount=3) [ShardCount=25]
Runtime = .NET 10.0.12 (10.0.12, 10.0.1226.42308), X64 RyuJIT x86-64-v3; GC = Concurrent Workstation
Mean = 160.016 μs, StdErr = 0.673 μs (0.42%), N = 3, StdDev = 1.166 μs
Min = 158.764 μs, Q1 = 159.489 μs, Median = 160.214 μs, Q3 = 160.642 μs, Max = 161.070 μs
IQR = 1.153 μs, LowerFence = 157.760 μs, UpperFence = 162.371 μs
ConfidenceInterval = [138.750 μs; 181.282 μs] (CI 99.9%), Margin = 21.266 μs (13.29% of Mean)
Skewness = -0.17, Kurtosis = 0.67, MValue = 2
-------------------- Histogram --------------------
[157.703 μs ; 162.130 μs) | @@@
---------------------------------------------------

ScatterGatherBenchmarks.'Scatter-gather single shard': ShortRun(IterationCount=3, LaunchCount=1, WarmupCount=3) [ShardCount=25]
Runtime = .NET 10.0.12 (10.0.12, 10.0.1226.42308), X64 RyuJIT x86-64-v3; GC = Concurrent Workstation
Mean = 2.201 μs, StdErr = 0.010 μs (0.46%), N = 3, StdDev = 0.017 μs
Min = 2.189 μs, Q1 = 2.191 μs, Median = 2.193 μs, Q3 = 2.206 μs, Max = 2.220 μs
IQR = 0.016 μs, LowerFence = 2.167 μs, UpperFence = 2.230 μs
ConfidenceInterval = [1.884 μs; 2.517 μs] (CI 99.9%), Margin = 0.317 μs (14.40% of Mean)
Skewness = 0.36, Kurtosis = 0.67, MValue = 2
-------------------- Histogram --------------------
[2.173 μs ; 2.236 μs) | @@@
---------------------------------------------------

ScatterGatherBenchmarks.'Topology lookup all shards': ShortRun(IterationCount=3, LaunchCount=1, WarmupCount=3) [ShardCount=25]
Runtime = .NET 10.0.12 (10.0.12, 10.0.1226.42308), X64 RyuJIT x86-64-v3; GC = Concurrent Workstation
Mean = 145.234 ns, StdErr = 0.241 ns (0.17%), N = 3, StdDev = 0.417 ns
Min = 144.917 ns, Q1 = 144.998 ns, Median = 145.078 ns, Q3 = 145.392 ns, Max = 145.706 ns
IQR = 0.395 ns, LowerFence = 144.406 ns, UpperFence = 145.984 ns
ConfidenceInterval = [137.626 ns; 152.842 ns] (CI 99.9%), Margin = 7.608 ns (5.24% of Mean)
Skewness = 0.32, Kurtosis = 0.67, MValue = 2
-------------------- Histogram --------------------
[144.537 ns ; 146.086 ns) | @@@
---------------------------------------------------

// * Summary *

BenchmarkDotNet v0.15.8, Linux Ubuntu 24.04.5 LTS (Noble Numbat)
AMD EPYC 7763 2.45GHz, 1 CPU, 4 logical and 2 physical cores
.NET SDK 10.0.401
  [Host]   : .NET 10.0.12 (10.0.12, 10.0.1226.42308), X64 RyuJIT x86-64-v3
  ShortRun : .NET 10.0.12 (10.0.12, 10.0.1226.42308), X64 RyuJIT x86-64-v3

Job=ShortRun  IterationCount=3  LaunchCount=1  
WarmupCount=3  

| Method                                    | ShardCount | Mean         | Error        | StdDev      | Ratio  | RatioSD | Rank | Gen0    | Gen1    | Allocated | Alloc Ratio |
|------------------------------------------ |----------- |-------------:|-------------:|------------:|-------:|--------:|-----:|--------:|--------:|----------:|------------:|
| 'Scatter-gather all shards (sync result)' | 3          |   3,626.2 ns |    328.14 ns |    17.99 ns |   1.00 |    0.01 |    3 |  0.2174 |       - |    3648 B |        1.00 |
| 'Scatter-gather subset (3 shards)'        | 3          |   3,602.5 ns |    345.75 ns |    18.95 ns |   0.99 |    0.01 |    3 |  0.2213 |       - |    3704 B |        1.02 |
| 'Scatter-gather with large results'       | 3          |  21,100.9 ns |    799.46 ns |    43.82 ns |   5.82 |    0.03 |    4 |  1.7090 |  0.2136 |   28704 B |        7.87 |
| 'Scatter-gather single shard'             | 3          |   2,254.4 ns |    153.53 ns |     8.42 ns |   0.62 |    0.00 |    2 |  0.1373 |       - |    2328 B |        0.64 |
| 'Topology lookup all shards'              | 3          |     135.3 ns |      7.21 ns |     0.40 ns |   0.04 |    0.00 |    1 |  0.0062 |       - |     104 B |        0.03 |
|                                           |            |              |              |             |        |         |      |         |         |           |             |
| 'Scatter-gather all shards (sync result)' | 25         |  14,630.9 ns |    970.90 ns |    53.22 ns |  1.000 |    0.00 |    4 |  1.1597 |  0.0305 |   19464 B |        1.00 |
| 'Scatter-gather subset (3 shards)'        | 25         |   3,556.5 ns |    184.57 ns |    10.12 ns |  0.243 |    0.00 |    3 |  0.2289 |       - |    3880 B |        0.20 |
| 'Scatter-gather with large results'       | 25         | 160,015.8 ns | 21,265.74 ns | 1,165.65 ns | 10.937 |    0.08 |    5 | 14.4043 | 10.4980 |  242952 B |       12.48 |
| 'Scatter-gather single shard'             | 25         |   2,200.5 ns |    316.92 ns |    17.37 ns |  0.150 |    0.00 |    2 |  0.1488 |       - |    2504 B |        0.13 |
| 'Topology lookup all shards'              | 25         |     145.2 ns |      7.61 ns |     0.42 ns |  0.010 |    0.00 |    1 |  0.0167 |       - |     280 B |        0.01 |
// * Config Issues *

// * Warnings *
Configuration
  Summary -> The exporter CsvExporter is already present in configuration. There may be unexpected results.
  Summary -> The exporter HtmlExporter is already present in configuration. There may be unexpected results.
  Summary -> The exporter MarkdownExporter-github is already present in configuration. There may be unexpected results.

// * Legends *
  ShardCount  : Value of the 'ShardCount' parameter
  Mean        : Arithmetic mean of all measurements
  Error       : Half of 99.9% confidence interval
  StdDev      : Standard deviation of all measurements
  Ratio       : Mean of the ratio distribution ([Current]/[Baseline])
  RatioSD     : Standard deviation of the ratio distribution ([Current]/[Baseline])
  Rank        : Relative position of current benchmark mean among all benchmarks (Arabic style)
  Gen0        : GC Generation 0 collects per 1000 operations
  Gen1        : GC Generation 1 collects per 1000 operations
  Allocated   : Allocated memory per single operation (managed only, inclusive, 1KB = 1024B)
  Alloc Ratio : Allocated memory ratio distribution ([Current]/[Baseline])
  1 ns        : 1 Nanosecond (0.000000001 sec)

// * Diagnostic Output - MemoryDiagnoser *


// ***** BenchmarkRunner: End *****
Run time: 00:01:11 (71.71 sec), executed benchmarks: 10

Global total time: 00:04:22 (262.37 sec), executed benchmarks: 10
// * Artifacts cleanup *
Artifacts cleanup is finished
