// Validating benchmarks:
// ***** BenchmarkRunner: Start   *****
// ***** Found 8 benchmark(s) in total *****
// ***** Building 1 exe(s) in Parallel: Start   *****
// start dotnet  restore --nodeReuse:false /p:UseSharedCompilation=false /p:Deterministic=true /p:Optimize=true /p:ArtifactsPath="/home/runner/work/Encina/Encina/tests/Encina.BenchmarkTests/Encina.Benchmarks/bin/Release/net10.0/Encina.Benchmarks-DefaultJob-1/" /p:OutDir="/home/runner/work/Encina/Encina/tests/Encina.BenchmarkTests/Encina.Benchmarks/bin/Release/net10.0/Encina.Benchmarks-DefaultJob-1/bin/Release/net10.0/" /p:OutputPath="/home/runner/work/Encina/Encina/tests/Encina.BenchmarkTests/Encina.Benchmarks/bin/Release/net10.0/Encina.Benchmarks-DefaultJob-1/bin/Release/net10.0/" /p:PublishDir="/home/runner/work/Encina/Encina/tests/Encina.BenchmarkTests/Encina.Benchmarks/bin/Release/net10.0/Encina.Benchmarks-DefaultJob-1/publish/" in /home/runner/work/Encina/Encina/tests/Encina.BenchmarkTests/Encina.Benchmarks/bin/Release/net10.0/Encina.Benchmarks-DefaultJob-1
// command took 2.71 sec and exited with 0
// start dotnet  build -c Release --no-restore --nodeReuse:false /p:UseSharedCompilation=false /p:Deterministic=true /p:Optimize=true /p:ArtifactsPath="/home/runner/work/Encina/Encina/tests/Encina.BenchmarkTests/Encina.Benchmarks/bin/Release/net10.0/Encina.Benchmarks-DefaultJob-1/" /p:OutDir="/home/runner/work/Encina/Encina/tests/Encina.BenchmarkTests/Encina.Benchmarks/bin/Release/net10.0/Encina.Benchmarks-DefaultJob-1/bin/Release/net10.0/" /p:OutputPath="/home/runner/work/Encina/Encina/tests/Encina.BenchmarkTests/Encina.Benchmarks/bin/Release/net10.0/Encina.Benchmarks-DefaultJob-1/bin/Release/net10.0/" /p:PublishDir="/home/runner/work/Encina/Encina/tests/Encina.BenchmarkTests/Encina.Benchmarks/bin/Release/net10.0/Encina.Benchmarks-DefaultJob-1/publish/" --output "/home/runner/work/Encina/Encina/tests/Encina.BenchmarkTests/Encina.Benchmarks/bin/Release/net10.0/Encina.Benchmarks-DefaultJob-1/bin/Release/net10.0/" in /home/runner/work/Encina/Encina/tests/Encina.BenchmarkTests/Encina.Benchmarks/bin/Release/net10.0/Encina.Benchmarks-DefaultJob-1
// command took 144.33 sec and exited with 0
// ***** Done, took 00:02:27 (147.29 sec)   *****
// Found 8 benchmarks:
//   ReplicaSelectionBenchmarks.'LeastConnections.AcquireReplica (lease)': DefaultJob
//   ReplicaSelectionBenchmarks.'LeastConnections.AcquireReplica (lease)': ShortRun(IterationCount=3, LaunchCount=1, WarmupCount=3)
//   ReplicaSelectionBenchmarks.LeastConnections.SelectReplica: DefaultJob
//   ReplicaSelectionBenchmarks.LeastConnections.SelectReplica: ShortRun(IterationCount=3, LaunchCount=1, WarmupCount=3)
//   ReplicaSelectionBenchmarks.Random.SelectReplica: DefaultJob
//   ReplicaSelectionBenchmarks.Random.SelectReplica: ShortRun(IterationCount=3, LaunchCount=1, WarmupCount=3)
//   ReplicaSelectionBenchmarks.RoundRobin.SelectReplica: DefaultJob
//   ReplicaSelectionBenchmarks.RoundRobin.SelectReplica: ShortRun(IterationCount=3, LaunchCount=1, WarmupCount=3)

// **************************
// Benchmark: ReplicaSelectionBenchmarks.'LeastConnections.AcquireReplica (lease)': DefaultJob
// *** Execute ***
// Launch: 1 / 1
// Execute: dotnet Encina.Benchmarks-DefaultJob-1.dll --anonymousPipes 226 227 --benchmarkName Encina.Benchmarks.ReadWriteSeparation.ReplicaSelectionBenchmarks.LeastConnections_AcquireReplica_WithLease --job Default --benchmarkId 0 in /home/runner/work/Encina/Encina/tests/Encina.BenchmarkTests/Encina.Benchmarks/bin/Release/net10.0/Encina.Benchmarks-DefaultJob-1/bin/Release/net10.0
// Failed to set up high priority (Permission denied). In order to run benchmarks with high priority, make sure you have the right permissions.
// BeforeAnythingElse

// Benchmark Process Environment Information:
// BenchmarkDotNet v0.15.8
// Runtime=.NET 10.0.12 (10.0.12, 10.0.1226.42308), X64 RyuJIT x86-64-v4
// GC=Concurrent Workstation
// HardwareIntrinsics=AVX10v1,AVX512 BF16+FP16,AVX512 BITALG+VBMI2+VNNI+VPOPCNTDQ,AVX512 IFMA+VBMI,AVX512 F+BW+CD+DQ+VL,AVX2+BMI1+BMI2+F16C+FMA+LZCNT+MOVBE,AVX,SSE3+SSSE3+SSE4.1+SSE4.2+POPCNT,X86Base+SSE+SSE2,AES+PCLMUL,AvxVnni,SERIALIZE VectorSize=256
// Job: DefaultJob

OverheadJitting  1: 1 op, 196569.00 ns, 196.5690 us/op
WorkloadJitting  1: 1 op, 1933798.00 ns, 1.9338 ms/op

OverheadJitting  2: 16 op, 352262.00 ns, 22.0164 us/op
WorkloadJitting  2: 16 op, 395378.00 ns, 24.7111 us/op

WorkloadPilot    1: 16 op, 11261.00 ns, 703.8125 ns/op
WorkloadPilot    2: 32 op, 12585.00 ns, 393.2813 ns/op
WorkloadPilot    3: 64 op, 21382.00 ns, 334.0938 ns/op
WorkloadPilot    4: 128 op, 35713.00 ns, 279.0078 ns/op
WorkloadPilot    5: 256 op, 65109.00 ns, 254.3320 ns/op
WorkloadPilot    6: 512 op, 115530.00 ns, 225.6445 ns/op
WorkloadPilot    7: 1024 op, 241302.00 ns, 235.6465 ns/op
WorkloadPilot    8: 2048 op, 456084.00 ns, 222.6973 ns/op
WorkloadPilot    9: 4096 op, 904657.00 ns, 220.8635 ns/op
WorkloadPilot   10: 8192 op, 1711593.00 ns, 208.9347 ns/op
WorkloadPilot   11: 16384 op, 3439854.00 ns, 209.9520 ns/op
WorkloadPilot   12: 32768 op, 6922675.00 ns, 211.2633 ns/op
WorkloadPilot   13: 65536 op, 13845301.00 ns, 211.2625 ns/op
WorkloadPilot   14: 131072 op, 27634588.00 ns, 210.8352 ns/op
WorkloadPilot   15: 262144 op, 55007302.00 ns, 209.8362 ns/op
WorkloadPilot   16: 524288 op, 110189254.00 ns, 210.1693 ns/op
WorkloadPilot   17: 1048576 op, 215545384.00 ns, 205.5601 ns/op
WorkloadPilot   18: 2097152 op, 436118338.00 ns, 207.9574 ns/op
WorkloadPilot   19: 4194304 op, 854590592.00 ns, 203.7503 ns/op

OverheadWarmup   1: 4194304 op, 10486701.00 ns, 2.5002 ns/op
OverheadWarmup   2: 4194304 op, 10297468.00 ns, 2.4551 ns/op
OverheadWarmup   3: 4194304 op, 10320484.00 ns, 2.4606 ns/op
OverheadWarmup   4: 4194304 op, 10339200.00 ns, 2.4651 ns/op
OverheadWarmup   5: 4194304 op, 10298526.00 ns, 2.4554 ns/op
OverheadWarmup   6: 4194304 op, 10655355.00 ns, 2.5404 ns/op
OverheadWarmup   7: 4194304 op, 10351537.00 ns, 2.4680 ns/op

OverheadActual   1: 4194304 op, 10233404.00 ns, 2.4398 ns/op
OverheadActual   2: 4194304 op, 9985902.00 ns, 2.3808 ns/op
OverheadActual   3: 4194304 op, 10121826.00 ns, 2.4132 ns/op
OverheadActual   4: 4194304 op, 10167888.00 ns, 2.4242 ns/op
OverheadActual   5: 4194304 op, 10328652.00 ns, 2.4625 ns/op
OverheadActual   6: 4194304 op, 10264101.00 ns, 2.4472 ns/op
OverheadActual   7: 4194304 op, 10232295.00 ns, 2.4396 ns/op
OverheadActual   8: 4194304 op, 10275519.00 ns, 2.4499 ns/op
OverheadActual   9: 4194304 op, 10247285.00 ns, 2.4431 ns/op
OverheadActual  10: 4194304 op, 10277275.00 ns, 2.4503 ns/op
OverheadActual  11: 4194304 op, 10390278.00 ns, 2.4772 ns/op
OverheadActual  12: 4194304 op, 10355290.00 ns, 2.4689 ns/op
OverheadActual  13: 4194304 op, 10284142.00 ns, 2.4519 ns/op
OverheadActual  14: 4194304 op, 10245441.00 ns, 2.4427 ns/op
OverheadActual  15: 4194304 op, 10304844.00 ns, 2.4569 ns/op

WorkloadWarmup   1: 4194304 op, 860088884.00 ns, 205.0612 ns/op
WorkloadWarmup   2: 4194304 op, 880358573.00 ns, 209.8938 ns/op
WorkloadWarmup   3: 4194304 op, 873465787.00 ns, 208.2505 ns/op
WorkloadWarmup   4: 4194304 op, 880233530.00 ns, 209.8640 ns/op
WorkloadWarmup   5: 4194304 op, 849917732.00 ns, 202.6362 ns/op
WorkloadWarmup   6: 4194304 op, 835987217.00 ns, 199.3149 ns/op

// BeforeActualRun
WorkloadActual   1: 4194304 op, 840833697.00 ns, 200.4704 ns/op
WorkloadActual   2: 4194304 op, 841365183.00 ns, 200.5971 ns/op
WorkloadActual   3: 4194304 op, 837712495.00 ns, 199.7262 ns/op
WorkloadActual   4: 4194304 op, 859871869.00 ns, 205.0094 ns/op
WorkloadActual   5: 4194304 op, 840456406.00 ns, 200.3804 ns/op
WorkloadActual   6: 4194304 op, 840879058.00 ns, 200.4812 ns/op
WorkloadActual   7: 4194304 op, 840206132.00 ns, 200.3208 ns/op
WorkloadActual   8: 4194304 op, 843495807.00 ns, 201.1051 ns/op
WorkloadActual   9: 4194304 op, 841715358.00 ns, 200.6806 ns/op
WorkloadActual  10: 4194304 op, 836438929.00 ns, 199.4226 ns/op
WorkloadActual  11: 4194304 op, 835794080.00 ns, 199.2688 ns/op
WorkloadActual  12: 4194304 op, 839280826.00 ns, 200.1001 ns/op
WorkloadActual  13: 4194304 op, 838549891.00 ns, 199.9259 ns/op
WorkloadActual  14: 4194304 op, 875794995.00 ns, 208.8058 ns/op
WorkloadActual  15: 4194304 op, 858733678.00 ns, 204.7381 ns/op

// AfterActualRun
WorkloadResult   1: 4194304 op, 830569596.00 ns, 198.0232 ns/op
WorkloadResult   2: 4194304 op, 831101082.00 ns, 198.1499 ns/op
WorkloadResult   3: 4194304 op, 827448394.00 ns, 197.2791 ns/op
WorkloadResult   4: 4194304 op, 830192305.00 ns, 197.9333 ns/op
WorkloadResult   5: 4194304 op, 830614957.00 ns, 198.0340 ns/op
WorkloadResult   6: 4194304 op, 829942031.00 ns, 197.8736 ns/op
WorkloadResult   7: 4194304 op, 833231706.00 ns, 198.6579 ns/op
WorkloadResult   8: 4194304 op, 831451257.00 ns, 198.2334 ns/op
WorkloadResult   9: 4194304 op, 826174828.00 ns, 196.9754 ns/op
WorkloadResult  10: 4194304 op, 825529979.00 ns, 196.8217 ns/op
WorkloadResult  11: 4194304 op, 829016725.00 ns, 197.6530 ns/op
WorkloadResult  12: 4194304 op, 828285790.00 ns, 197.4787 ns/op
// GC:  1 0 0 134217728 4194304
// Threading:  0 0 4194304

// AfterAll
// Benchmark Process 3654 has exited with code 0.

Mean = 197.759 ns, StdErr = 0.155 ns (0.08%), N = 12, StdDev = 0.538 ns
Min = 196.822 ns, Q1 = 197.429 ns, Median = 197.903 ns, Q3 = 198.063 ns, Max = 198.658 ns
IQR = 0.634 ns, LowerFence = 196.478 ns, UpperFence = 199.014 ns
ConfidenceInterval = [197.070 ns; 198.449 ns] (CI 99.9%), Margin = 0.689 ns (0.35% of Mean)
Skewness = -0.27, Kurtosis = 1.93, MValue = 2

// ** Remained 7 (87.5 %) benchmark(s) to run. Estimated finish 2026-09-24 7:16 (0h 2m from now) **
// **************************
// Benchmark: ReplicaSelectionBenchmarks.'LeastConnections.AcquireReplica (lease)': ShortRun(IterationCount=3, LaunchCount=1, WarmupCount=3)
// *** Execute ***
// Launch: 1 / 1
// Execute: dotnet Encina.Benchmarks-DefaultJob-1.dll --anonymousPipes 226 227 --benchmarkName Encina.Benchmarks.ReadWriteSeparation.ReplicaSelectionBenchmarks.LeastConnections_AcquireReplica_WithLease --job ShortRun --benchmarkId 1 in /home/runner/work/Encina/Encina/tests/Encina.BenchmarkTests/Encina.Benchmarks/bin/Release/net10.0/Encina.Benchmarks-DefaultJob-1/bin/Release/net10.0
// Failed to set up high priority (Permission denied). In order to run benchmarks with high priority, make sure you have the right permissions.
// BeforeAnythingElse

// Benchmark Process Environment Information:
// BenchmarkDotNet v0.15.8
// Runtime=.NET 10.0.12 (10.0.12, 10.0.1226.42308), X64 RyuJIT x86-64-v4
// GC=Concurrent Workstation
// HardwareIntrinsics=AVX10v1,AVX512 BF16+FP16,AVX512 BITALG+VBMI2+VNNI+VPOPCNTDQ,AVX512 IFMA+VBMI,AVX512 F+BW+CD+DQ+VL,AVX2+BMI1+BMI2+F16C+FMA+LZCNT+MOVBE,AVX,SSE3+SSSE3+SSE4.1+SSE4.2+POPCNT,X86Base+SSE+SSE2,AES+PCLMUL,AvxVnni,SERIALIZE VectorSize=256
// Job: ShortRun(IterationCount=3, LaunchCount=1, WarmupCount=3)

OverheadJitting  1: 1 op, 164818.00 ns, 164.8180 us/op
WorkloadJitting  1: 1 op, 1934235.00 ns, 1.9342 ms/op

OverheadJitting  2: 16 op, 352998.00 ns, 22.0624 us/op
WorkloadJitting  2: 16 op, 391827.00 ns, 24.4892 us/op

WorkloadPilot    1: 16 op, 11378.00 ns, 711.1250 ns/op
WorkloadPilot    2: 32 op, 12591.00 ns, 393.4688 ns/op
WorkloadPilot    3: 64 op, 20907.00 ns, 326.6719 ns/op
WorkloadPilot    4: 128 op, 34765.00 ns, 271.6016 ns/op
WorkloadPilot    5: 256 op, 64635.00 ns, 252.4805 ns/op
WorkloadPilot    6: 512 op, 112271.00 ns, 219.2793 ns/op
WorkloadPilot    7: 1024 op, 223152.00 ns, 217.9219 ns/op
WorkloadPilot    8: 2048 op, 465395.00 ns, 227.2437 ns/op
WorkloadPilot    9: 4096 op, 889099.00 ns, 217.0652 ns/op
WorkloadPilot   10: 8192 op, 1767720.00 ns, 215.7861 ns/op
WorkloadPilot   11: 16384 op, 3435619.00 ns, 209.6935 ns/op
WorkloadPilot   12: 32768 op, 6969395.00 ns, 212.6891 ns/op
WorkloadPilot   13: 65536 op, 14136577.00 ns, 215.7070 ns/op
WorkloadPilot   14: 131072 op, 29369203.00 ns, 224.0692 ns/op
WorkloadPilot   15: 262144 op, 59706182.00 ns, 227.7610 ns/op
WorkloadPilot   16: 524288 op, 115695221.00 ns, 220.6711 ns/op
WorkloadPilot   17: 1048576 op, 222142470.00 ns, 211.8516 ns/op
WorkloadPilot   18: 2097152 op, 464840192.00 ns, 221.6531 ns/op
WorkloadPilot   19: 4194304 op, 901899822.00 ns, 215.0297 ns/op

OverheadWarmup   1: 4194304 op, 11421681.00 ns, 2.7231 ns/op
OverheadWarmup   2: 4194304 op, 10397268.00 ns, 2.4789 ns/op
OverheadWarmup   3: 4194304 op, 10366225.00 ns, 2.4715 ns/op
OverheadWarmup   4: 4194304 op, 10341576.00 ns, 2.4656 ns/op
OverheadWarmup   5: 4194304 op, 10425837.00 ns, 2.4857 ns/op
OverheadWarmup   6: 4194304 op, 10230270.00 ns, 2.4391 ns/op
OverheadWarmup   7: 4194304 op, 10199823.00 ns, 2.4318 ns/op
OverheadWarmup   8: 4194304 op, 10252989.00 ns, 2.4445 ns/op
OverheadWarmup   9: 4194304 op, 10229784.00 ns, 2.4390 ns/op

OverheadActual   1: 4194304 op, 10101892.00 ns, 2.4085 ns/op
OverheadActual   2: 4194304 op, 10084423.00 ns, 2.4043 ns/op
OverheadActual   3: 4194304 op, 10190553.00 ns, 2.4296 ns/op
OverheadActual   4: 4194304 op, 10117644.00 ns, 2.4122 ns/op
OverheadActual   5: 4194304 op, 10249330.00 ns, 2.4436 ns/op
OverheadActual   6: 4194304 op, 10060307.00 ns, 2.3986 ns/op
OverheadActual   7: 4194304 op, 10111176.00 ns, 2.4107 ns/op
OverheadActual   8: 4194304 op, 10123335.00 ns, 2.4136 ns/op
OverheadActual   9: 4194304 op, 10118303.00 ns, 2.4124 ns/op
OverheadActual  10: 4194304 op, 10168011.00 ns, 2.4242 ns/op
OverheadActual  11: 4194304 op, 10138058.00 ns, 2.4171 ns/op
OverheadActual  12: 4194304 op, 10231136.00 ns, 2.4393 ns/op
OverheadActual  13: 4194304 op, 10291528.00 ns, 2.4537 ns/op
OverheadActual  14: 4194304 op, 10401913.00 ns, 2.4800 ns/op
OverheadActual  15: 4194304 op, 10261302.00 ns, 2.4465 ns/op

WorkloadWarmup   1: 4194304 op, 870035359.00 ns, 207.4326 ns/op
WorkloadWarmup   2: 4194304 op, 862075904.00 ns, 205.5349 ns/op
WorkloadWarmup   3: 4194304 op, 882976455.00 ns, 210.5180 ns/op

// BeforeActualRun
WorkloadActual   1: 4194304 op, 889371597.00 ns, 212.0427 ns/op
WorkloadActual   2: 4194304 op, 868559200.00 ns, 207.0807 ns/op
WorkloadActual   3: 4194304 op, 880153971.00 ns, 209.8451 ns/op

// AfterActualRun
WorkloadResult   1: 4194304 op, 879233539.00 ns, 209.6256 ns/op
WorkloadResult   2: 4194304 op, 858421142.00 ns, 204.6635 ns/op
WorkloadResult   3: 4194304 op, 870015913.00 ns, 207.4280 ns/op
// GC:  1 0 0 134217728 4194304
// Threading:  0 0 4194304

// AfterAll
// Benchmark Process 3666 has exited with code 0.

Mean = 207.239 ns, StdErr = 1.436 ns (0.69%), N = 3, StdDev = 2.486 ns
Min = 204.664 ns, Q1 = 206.046 ns, Median = 207.428 ns, Q3 = 208.527 ns, Max = 209.626 ns
IQR = 2.481 ns, LowerFence = 202.324 ns, UpperFence = 212.248 ns
ConfidenceInterval = [161.877 ns; 252.601 ns] (CI 99.9%), Margin = 45.362 ns (21.89% of Mean)
Skewness = -0.08, Kurtosis = 0.67, MValue = 2

// ** Remained 6 (75.0 %) benchmark(s) to run. Estimated finish 2026-09-24 7:15 (0h 1m from now) **
// **************************
// Benchmark: ReplicaSelectionBenchmarks.LeastConnections.SelectReplica: DefaultJob
// *** Execute ***
// Launch: 1 / 1
// Execute: dotnet Encina.Benchmarks-DefaultJob-1.dll --anonymousPipes 226 227 --benchmarkName Encina.Benchmarks.ReadWriteSeparation.ReplicaSelectionBenchmarks.LeastConnections_SelectReplica --job Default --benchmarkId 2 in /home/runner/work/Encina/Encina/tests/Encina.BenchmarkTests/Encina.Benchmarks/bin/Release/net10.0/Encina.Benchmarks-DefaultJob-1/bin/Release/net10.0
// Failed to set up high priority (Permission denied). In order to run benchmarks with high priority, make sure you have the right permissions.
// BeforeAnythingElse

// Benchmark Process Environment Information:
// BenchmarkDotNet v0.15.8
// Runtime=.NET 10.0.12 (10.0.12, 10.0.1226.42308), X64 RyuJIT x86-64-v4
// GC=Concurrent Workstation
// HardwareIntrinsics=AVX10v1,AVX512 BF16+FP16,AVX512 BITALG+VBMI2+VNNI+VPOPCNTDQ,AVX512 IFMA+VBMI,AVX512 F+BW+CD+DQ+VL,AVX2+BMI1+BMI2+F16C+FMA+LZCNT+MOVBE,AVX,SSE3+SSSE3+SSE4.1+SSE4.2+POPCNT,X86Base+SSE+SSE2,AES+PCLMUL,AvxVnni,SERIALIZE VectorSize=256
// Job: DefaultJob

OverheadJitting  1: 1 op, 168191.00 ns, 168.1910 us/op
WorkloadJitting  1: 1 op, 1741790.00 ns, 1.7418 ms/op

OverheadJitting  2: 16 op, 332114.00 ns, 20.7571 us/op
WorkloadJitting  2: 16 op, 375963.00 ns, 23.4977 us/op

WorkloadPilot    1: 16 op, 10754.00 ns, 672.1250 ns/op
WorkloadPilot    2: 32 op, 11640.00 ns, 363.7500 ns/op
WorkloadPilot    3: 64 op, 14591.00 ns, 227.9844 ns/op
WorkloadPilot    4: 128 op, 40591.00 ns, 317.1172 ns/op
WorkloadPilot    5: 256 op, 63967.00 ns, 249.8711 ns/op
WorkloadPilot    6: 512 op, 103503.00 ns, 202.1543 ns/op
WorkloadPilot    7: 1024 op, 200666.00 ns, 195.9629 ns/op
WorkloadPilot    8: 2048 op, 399471.00 ns, 195.0542 ns/op
WorkloadPilot    9: 4096 op, 802485.00 ns, 195.9192 ns/op
WorkloadPilot   10: 8192 op, 1514755.00 ns, 184.9066 ns/op
WorkloadPilot   11: 16384 op, 3050457.00 ns, 186.1851 ns/op
WorkloadPilot   12: 32768 op, 6066613.00 ns, 185.1383 ns/op
WorkloadPilot   13: 65536 op, 12074084.00 ns, 184.2359 ns/op
WorkloadPilot   14: 131072 op, 24477723.00 ns, 186.7502 ns/op
WorkloadPilot   15: 262144 op, 48214860.00 ns, 183.9251 ns/op
WorkloadPilot   16: 524288 op, 96830882.00 ns, 184.6903 ns/op
WorkloadPilot   17: 1048576 op, 188431862.00 ns, 179.7026 ns/op
WorkloadPilot   18: 2097152 op, 380700223.00 ns, 181.5320 ns/op
WorkloadPilot   19: 4194304 op, 747799558.00 ns, 178.2893 ns/op

OverheadWarmup   1: 4194304 op, 10257335.00 ns, 2.4455 ns/op
OverheadWarmup   2: 4194304 op, 10026095.00 ns, 2.3904 ns/op
OverheadWarmup   3: 4194304 op, 10033999.00 ns, 2.3923 ns/op
OverheadWarmup   4: 4194304 op, 10025977.00 ns, 2.3904 ns/op
OverheadWarmup   5: 4194304 op, 9992690.00 ns, 2.3824 ns/op
OverheadWarmup   6: 4194304 op, 10012804.00 ns, 2.3872 ns/op
OverheadWarmup   7: 4194304 op, 16658036.00 ns, 3.9716 ns/op
OverheadWarmup   8: 4194304 op, 10705370.00 ns, 2.5524 ns/op

OverheadActual   1: 4194304 op, 10442344.00 ns, 2.4896 ns/op
OverheadActual   2: 4194304 op, 10899656.00 ns, 2.5987 ns/op
OverheadActual   3: 4194304 op, 10534240.00 ns, 2.5116 ns/op
OverheadActual   4: 4194304 op, 10803157.00 ns, 2.5757 ns/op
OverheadActual   5: 4194304 op, 10278203.00 ns, 2.4505 ns/op
OverheadActual   6: 4194304 op, 10263402.00 ns, 2.4470 ns/op
OverheadActual   7: 4194304 op, 10305129.00 ns, 2.4569 ns/op
OverheadActual   8: 4194304 op, 10191304.00 ns, 2.4298 ns/op
OverheadActual   9: 4194304 op, 10036195.00 ns, 2.3928 ns/op
OverheadActual  10: 4194304 op, 10028944.00 ns, 2.3911 ns/op
OverheadActual  11: 4194304 op, 10050839.00 ns, 2.3963 ns/op
OverheadActual  12: 4194304 op, 10049137.00 ns, 2.3959 ns/op
OverheadActual  13: 4194304 op, 10021147.00 ns, 2.3892 ns/op
OverheadActual  14: 4194304 op, 10053508.00 ns, 2.3969 ns/op
OverheadActual  15: 4194304 op, 10033663.00 ns, 2.3922 ns/op

WorkloadWarmup   1: 4194304 op, 788095835.00 ns, 187.8967 ns/op
WorkloadWarmup   2: 4194304 op, 756725080.00 ns, 180.4173 ns/op
WorkloadWarmup   3: 4194304 op, 739977092.00 ns, 176.4243 ns/op
WorkloadWarmup   4: 4194304 op, 734303309.00 ns, 175.0716 ns/op
WorkloadWarmup   5: 4194304 op, 731940950.00 ns, 174.5083 ns/op
WorkloadWarmup   6: 4194304 op, 731176569.00 ns, 174.3261 ns/op
WorkloadWarmup   7: 4194304 op, 728570036.00 ns, 173.7046 ns/op
WorkloadWarmup   8: 4194304 op, 729184395.00 ns, 173.8511 ns/op
WorkloadWarmup   9: 4194304 op, 733317536.00 ns, 174.8365 ns/op
WorkloadWarmup  10: 4194304 op, 734053443.00 ns, 175.0120 ns/op
WorkloadWarmup  11: 4194304 op, 732182635.00 ns, 174.5659 ns/op
WorkloadWarmup  12: 4194304 op, 733091727.00 ns, 174.7827 ns/op
WorkloadWarmup  13: 4194304 op, 725025008.00 ns, 172.8594 ns/op

// BeforeActualRun
WorkloadActual   1: 4194304 op, 724259962.00 ns, 172.6770 ns/op
WorkloadActual   2: 4194304 op, 721868197.00 ns, 172.1068 ns/op
WorkloadActual   3: 4194304 op, 767066376.00 ns, 182.8829 ns/op
WorkloadActual   4: 4194304 op, 730755129.00 ns, 174.2256 ns/op
WorkloadActual   5: 4194304 op, 724755977.00 ns, 172.7953 ns/op
WorkloadActual   6: 4194304 op, 729142439.00 ns, 173.8411 ns/op
WorkloadActual   7: 4194304 op, 733460602.00 ns, 174.8706 ns/op
WorkloadActual   8: 4194304 op, 732240553.00 ns, 174.5798 ns/op
WorkloadActual   9: 4194304 op, 755060593.00 ns, 180.0205 ns/op
WorkloadActual  10: 4194304 op, 728218304.00 ns, 173.6208 ns/op
WorkloadActual  11: 4194304 op, 725495440.00 ns, 172.9716 ns/op
WorkloadActual  12: 4194304 op, 729611672.00 ns, 173.9530 ns/op
WorkloadActual  13: 4194304 op, 723098822.00 ns, 172.4002 ns/op
WorkloadActual  14: 4194304 op, 725537008.00 ns, 172.9815 ns/op
WorkloadActual  15: 4194304 op, 735100164.00 ns, 175.2615 ns/op

// AfterActualRun
WorkloadResult   1: 4194304 op, 714068658.00 ns, 170.2472 ns/op
WorkloadResult   2: 4194304 op, 711676893.00 ns, 169.6770 ns/op
WorkloadResult   3: 4194304 op, 720563825.00 ns, 171.7958 ns/op
WorkloadResult   4: 4194304 op, 714564673.00 ns, 170.3655 ns/op
WorkloadResult   5: 4194304 op, 718951135.00 ns, 171.4113 ns/op
WorkloadResult   6: 4194304 op, 723269298.00 ns, 172.4408 ns/op
WorkloadResult   7: 4194304 op, 722049249.00 ns, 172.1500 ns/op
WorkloadResult   8: 4194304 op, 718027000.00 ns, 171.1910 ns/op
WorkloadResult   9: 4194304 op, 715304136.00 ns, 170.5418 ns/op
WorkloadResult  10: 4194304 op, 719420368.00 ns, 171.5232 ns/op
WorkloadResult  11: 4194304 op, 712907518.00 ns, 169.9704 ns/op
WorkloadResult  12: 4194304 op, 715345704.00 ns, 170.5517 ns/op
WorkloadResult  13: 4194304 op, 724908860.00 ns, 172.8317 ns/op
// GC:  1 0 0 134217728 4194304
// Threading:  0 0 4194304

// AfterAll
// Benchmark Process 3672 has exited with code 0.

Mean = 171.131 ns, StdErr = 0.275 ns (0.16%), N = 13, StdDev = 0.993 ns
Min = 169.677 ns, Q1 = 170.365 ns, Median = 171.191 ns, Q3 = 171.796 ns, Max = 172.832 ns
IQR = 1.430 ns, LowerFence = 168.220 ns, UpperFence = 173.941 ns
ConfidenceInterval = [169.941 ns; 172.320 ns] (CI 99.9%), Margin = 1.189 ns (0.69% of Mean)
Skewness = 0.19, Kurtosis = 1.59, MValue = 2

// ** Remained 5 (62.5 %) benchmark(s) to run. Estimated finish 2026-09-24 7:15 (0h 1m from now) **
// **************************
// Benchmark: ReplicaSelectionBenchmarks.LeastConnections.SelectReplica: ShortRun(IterationCount=3, LaunchCount=1, WarmupCount=3)
// *** Execute ***
// Launch: 1 / 1
// Execute: dotnet Encina.Benchmarks-DefaultJob-1.dll --anonymousPipes 226 227 --benchmarkName Encina.Benchmarks.ReadWriteSeparation.ReplicaSelectionBenchmarks.LeastConnections_SelectReplica --job ShortRun --benchmarkId 3 in /home/runner/work/Encina/Encina/tests/Encina.BenchmarkTests/Encina.Benchmarks/bin/Release/net10.0/Encina.Benchmarks-DefaultJob-1/bin/Release/net10.0
// Failed to set up high priority (Permission denied). In order to run benchmarks with high priority, make sure you have the right permissions.
// BeforeAnythingElse

// Benchmark Process Environment Information:
// BenchmarkDotNet v0.15.8
// Runtime=.NET 10.0.12 (10.0.12, 10.0.1226.42308), X64 RyuJIT x86-64-v4
// GC=Concurrent Workstation
// HardwareIntrinsics=AVX10v1,AVX512 BF16+FP16,AVX512 BITALG+VBMI2+VNNI+VPOPCNTDQ,AVX512 IFMA+VBMI,AVX512 F+BW+CD+DQ+VL,AVX2+BMI1+BMI2+F16C+FMA+LZCNT+MOVBE,AVX,SSE3+SSSE3+SSE4.1+SSE4.2+POPCNT,X86Base+SSE+SSE2,AES+PCLMUL,AvxVnni,SERIALIZE VectorSize=256
// Job: ShortRun(IterationCount=3, LaunchCount=1, WarmupCount=3)

OverheadJitting  1: 1 op, 164788.00 ns, 164.7880 us/op
WorkloadJitting  1: 1 op, 1581171.00 ns, 1.5812 ms/op

OverheadJitting  2: 16 op, 343728.00 ns, 21.4830 us/op
WorkloadJitting  2: 16 op, 387310.00 ns, 24.2069 us/op

WorkloadPilot    1: 16 op, 10151.00 ns, 634.4375 ns/op
WorkloadPilot    2: 32 op, 11462.00 ns, 358.1875 ns/op
WorkloadPilot    3: 64 op, 14318.00 ns, 223.7188 ns/op
WorkloadPilot    4: 128 op, 31795.00 ns, 248.3984 ns/op
WorkloadPilot    5: 256 op, 67902.00 ns, 265.2422 ns/op
WorkloadPilot    6: 512 op, 110283.00 ns, 215.3965 ns/op
WorkloadPilot    7: 1024 op, 205010.00 ns, 200.2051 ns/op
WorkloadPilot    8: 2048 op, 434504.00 ns, 212.1602 ns/op
WorkloadPilot    9: 4096 op, 810292.00 ns, 197.8252 ns/op
WorkloadPilot   10: 8192 op, 1543577.00 ns, 188.4249 ns/op
WorkloadPilot   11: 16384 op, 3154681.00 ns, 192.5464 ns/op
WorkloadPilot   12: 32768 op, 6234654.00 ns, 190.2665 ns/op
WorkloadPilot   13: 65536 op, 12605327.00 ns, 192.3420 ns/op
WorkloadPilot   14: 131072 op, 24912466.00 ns, 190.0670 ns/op
WorkloadPilot   15: 262144 op, 49851532.00 ns, 190.1685 ns/op
WorkloadPilot   16: 524288 op, 99672024.00 ns, 190.1093 ns/op
WorkloadPilot   17: 1048576 op, 195771968.00 ns, 186.7027 ns/op
WorkloadPilot   18: 2097152 op, 393324600.00 ns, 187.5518 ns/op
WorkloadPilot   19: 4194304 op, 761759759.00 ns, 181.6177 ns/op

OverheadWarmup   1: 4194304 op, 10655969.00 ns, 2.5406 ns/op
OverheadWarmup   2: 4194304 op, 10281141.00 ns, 2.4512 ns/op
OverheadWarmup   3: 4194304 op, 10188011.00 ns, 2.4290 ns/op
OverheadWarmup   4: 4194304 op, 10274043.00 ns, 2.4495 ns/op
OverheadWarmup   5: 4194304 op, 10212738.00 ns, 2.4349 ns/op
OverheadWarmup   6: 4194304 op, 10312034.00 ns, 2.4586 ns/op
OverheadWarmup   7: 4194304 op, 10201796.00 ns, 2.4323 ns/op

OverheadActual   1: 4194304 op, 10269483.00 ns, 2.4484 ns/op
OverheadActual   2: 4194304 op, 10222089.00 ns, 2.4371 ns/op
OverheadActual   3: 4194304 op, 10312810.00 ns, 2.4588 ns/op
OverheadActual   4: 4194304 op, 10254635.00 ns, 2.4449 ns/op
OverheadActual   5: 4194304 op, 10257428.00 ns, 2.4456 ns/op
OverheadActual   6: 4194304 op, 10245658.00 ns, 2.4428 ns/op
OverheadActual   7: 4194304 op, 10273075.00 ns, 2.4493 ns/op
OverheadActual   8: 4194304 op, 10309606.00 ns, 2.4580 ns/op
OverheadActual   9: 4194304 op, 10300717.00 ns, 2.4559 ns/op
OverheadActual  10: 4194304 op, 10345712.00 ns, 2.4666 ns/op
OverheadActual  11: 4194304 op, 10225816.00 ns, 2.4380 ns/op
OverheadActual  12: 4194304 op, 10187222.00 ns, 2.4288 ns/op
OverheadActual  13: 4194304 op, 10190477.00 ns, 2.4296 ns/op
OverheadActual  14: 4194304 op, 10213531.00 ns, 2.4351 ns/op
OverheadActual  15: 4194304 op, 10188556.00 ns, 2.4291 ns/op

WorkloadWarmup   1: 4194304 op, 773370244.00 ns, 184.3858 ns/op
WorkloadWarmup   2: 4194304 op, 760013585.00 ns, 181.2014 ns/op
WorkloadWarmup   3: 4194304 op, 761643988.00 ns, 181.5901 ns/op

// BeforeActualRun
WorkloadActual   1: 4194304 op, 757831111.00 ns, 180.6810 ns/op
WorkloadActual   2: 4194304 op, 753667094.00 ns, 179.6882 ns/op
WorkloadActual   3: 4194304 op, 749058443.00 ns, 178.5894 ns/op

// AfterActualRun
WorkloadResult   1: 4194304 op, 747576476.00 ns, 178.2361 ns/op
WorkloadResult   2: 4194304 op, 743412459.00 ns, 177.2433 ns/op
WorkloadResult   3: 4194304 op, 738803808.00 ns, 176.1446 ns/op
// GC:  1 0 0 134217728 4194304
// Threading:  0 0 4194304

// AfterAll
// Benchmark Process 3689 has exited with code 0.

Mean = 177.208 ns, StdErr = 0.604 ns (0.34%), N = 3, StdDev = 1.046 ns
Min = 176.145 ns, Q1 = 176.694 ns, Median = 177.243 ns, Q3 = 177.740 ns, Max = 178.236 ns
IQR = 1.046 ns, LowerFence = 175.125 ns, UpperFence = 179.308 ns
ConfidenceInterval = [158.121 ns; 196.295 ns] (CI 99.9%), Margin = 19.087 ns (10.77% of Mean)
Skewness = -0.03, Kurtosis = 0.67, MValue = 2

// ** Remained 4 (50.0 %) benchmark(s) to run. Estimated finish 2026-09-24 7:15 (0h 1m from now) **
// **************************
// Benchmark: ReplicaSelectionBenchmarks.Random.SelectReplica: DefaultJob
// *** Execute ***
// Launch: 1 / 1
// Execute: dotnet Encina.Benchmarks-DefaultJob-1.dll --anonymousPipes 226 227 --benchmarkName Encina.Benchmarks.ReadWriteSeparation.ReplicaSelectionBenchmarks.Random_SelectReplica --job Default --benchmarkId 4 in /home/runner/work/Encina/Encina/tests/Encina.BenchmarkTests/Encina.Benchmarks/bin/Release/net10.0/Encina.Benchmarks-DefaultJob-1/bin/Release/net10.0
// Failed to set up high priority (Permission denied). In order to run benchmarks with high priority, make sure you have the right permissions.
// BeforeAnythingElse

// Benchmark Process Environment Information:
// BenchmarkDotNet v0.15.8
// Runtime=.NET 10.0.12 (10.0.12, 10.0.1226.42308), X64 RyuJIT x86-64-v4
// GC=Concurrent Workstation
// HardwareIntrinsics=AVX10v1,AVX512 BF16+FP16,AVX512 BITALG+VBMI2+VNNI+VPOPCNTDQ,AVX512 IFMA+VBMI,AVX512 F+BW+CD+DQ+VL,AVX2+BMI1+BMI2+F16C+FMA+LZCNT+MOVBE,AVX,SSE3+SSSE3+SSE4.1+SSE4.2+POPCNT,X86Base+SSE+SSE2,AES+PCLMUL,AvxVnni,SERIALIZE VectorSize=256
// Job: DefaultJob

OverheadJitting  1: 1 op, 160643.00 ns, 160.6430 us/op
WorkloadJitting  1: 1 op, 505054.00 ns, 505.0540 us/op

OverheadJitting  2: 16 op, 379414.00 ns, 23.7134 us/op
WorkloadJitting  2: 16 op, 355109.00 ns, 22.1943 us/op

WorkloadPilot    1: 16 op, 3891.00 ns, 243.1875 ns/op
WorkloadPilot    2: 32 op, 1750.00 ns, 54.6875 ns/op
WorkloadPilot    3: 64 op, 1971.00 ns, 30.7969 ns/op
WorkloadPilot    4: 128 op, 2274.00 ns, 17.7656 ns/op
WorkloadPilot    5: 256 op, 3752.00 ns, 14.6563 ns/op
WorkloadPilot    6: 512 op, 7025.00 ns, 13.7207 ns/op
WorkloadPilot    7: 1024 op, 13004.00 ns, 12.6992 ns/op
WorkloadPilot    8: 2048 op, 25631.00 ns, 12.5151 ns/op
WorkloadPilot    9: 4096 op, 50589.00 ns, 12.3508 ns/op
WorkloadPilot   10: 8192 op, 100595.00 ns, 12.2797 ns/op
WorkloadPilot   11: 16384 op, 212815.00 ns, 12.9892 ns/op
WorkloadPilot   12: 32768 op, 404696.00 ns, 12.3503 ns/op
WorkloadPilot   13: 65536 op, 799952.00 ns, 12.2063 ns/op
WorkloadPilot   14: 131072 op, 1692655.00 ns, 12.9139 ns/op
WorkloadPilot   15: 262144 op, 3263093.00 ns, 12.4477 ns/op
WorkloadPilot   16: 524288 op, 6509987.00 ns, 12.4168 ns/op
WorkloadPilot   17: 1048576 op, 12974696.00 ns, 12.3736 ns/op
WorkloadPilot   18: 2097152 op, 25906558.00 ns, 12.3532 ns/op
WorkloadPilot   19: 4194304 op, 51717665.00 ns, 12.3305 ns/op
WorkloadPilot   20: 8388608 op, 103125166.00 ns, 12.2935 ns/op
WorkloadPilot   21: 16777216 op, 206536749.00 ns, 12.3105 ns/op
WorkloadPilot   22: 33554432 op, 413717118.00 ns, 12.3297 ns/op
WorkloadPilot   23: 67108864 op, 833996610.00 ns, 12.4275 ns/op

OverheadWarmup   1: 67108864 op, 159325738.00 ns, 2.3741 ns/op
OverheadWarmup   2: 67108864 op, 159013380.00 ns, 2.3695 ns/op
OverheadWarmup   3: 67108864 op, 158723853.00 ns, 2.3652 ns/op
OverheadWarmup   4: 67108864 op, 158151015.00 ns, 2.3566 ns/op
OverheadWarmup   5: 67108864 op, 157220035.00 ns, 2.3428 ns/op
OverheadWarmup   6: 67108864 op, 158376271.00 ns, 2.3600 ns/op
OverheadWarmup   7: 67108864 op, 159268471.00 ns, 2.3733 ns/op
OverheadWarmup   8: 67108864 op, 158595463.00 ns, 2.3633 ns/op
OverheadWarmup   9: 67108864 op, 158136774.00 ns, 2.3564 ns/op
OverheadWarmup  10: 67108864 op, 158117403.00 ns, 2.3561 ns/op

OverheadActual   1: 67108864 op, 158108622.00 ns, 2.3560 ns/op
OverheadActual   2: 67108864 op, 159303034.00 ns, 2.3738 ns/op
OverheadActual   3: 67108864 op, 158770803.00 ns, 2.3659 ns/op
OverheadActual   4: 67108864 op, 155533378.00 ns, 2.3176 ns/op
OverheadActual   5: 67108864 op, 158594356.00 ns, 2.3632 ns/op
OverheadActual   6: 67108864 op, 158351903.00 ns, 2.3596 ns/op
OverheadActual   7: 67108864 op, 157845753.00 ns, 2.3521 ns/op
OverheadActual   8: 67108864 op, 156903652.00 ns, 2.3380 ns/op
OverheadActual   9: 67108864 op, 157340005.00 ns, 2.3445 ns/op
OverheadActual  10: 67108864 op, 157967781.00 ns, 2.3539 ns/op
OverheadActual  11: 67108864 op, 157270113.00 ns, 2.3435 ns/op
OverheadActual  12: 67108864 op, 158577484.00 ns, 2.3630 ns/op
OverheadActual  13: 67108864 op, 159556439.00 ns, 2.3776 ns/op
OverheadActual  14: 67108864 op, 159063077.00 ns, 2.3702 ns/op
OverheadActual  15: 67108864 op, 158836283.00 ns, 2.3668 ns/op

WorkloadWarmup   1: 67108864 op, 820815744.00 ns, 12.2311 ns/op
WorkloadWarmup   2: 67108864 op, 824629285.00 ns, 12.2879 ns/op
WorkloadWarmup   3: 67108864 op, 825325687.00 ns, 12.2983 ns/op
WorkloadWarmup   4: 67108864 op, 815137171.00 ns, 12.1465 ns/op
WorkloadWarmup   5: 67108864 op, 820704493.00 ns, 12.2294 ns/op
WorkloadWarmup   6: 67108864 op, 822431742.00 ns, 12.2552 ns/op
WorkloadWarmup   7: 67108864 op, 820629442.00 ns, 12.2283 ns/op

// BeforeActualRun
WorkloadActual   1: 67108864 op, 815340191.00 ns, 12.1495 ns/op
WorkloadActual   2: 67108864 op, 813402685.00 ns, 12.1206 ns/op
WorkloadActual   3: 67108864 op, 856007390.00 ns, 12.7555 ns/op
WorkloadActual   4: 67108864 op, 833460130.00 ns, 12.4195 ns/op
WorkloadActual   5: 67108864 op, 826722799.00 ns, 12.3191 ns/op
WorkloadActual   6: 67108864 op, 821689897.00 ns, 12.2441 ns/op
WorkloadActual   7: 67108864 op, 824298504.00 ns, 12.2830 ns/op
WorkloadActual   8: 67108864 op, 844420342.00 ns, 12.5828 ns/op
WorkloadActual   9: 67108864 op, 824270886.00 ns, 12.2826 ns/op
WorkloadActual  10: 67108864 op, 820210095.00 ns, 12.2221 ns/op
WorkloadActual  11: 67108864 op, 820972680.00 ns, 12.2334 ns/op
WorkloadActual  12: 67108864 op, 885206786.00 ns, 13.1906 ns/op
WorkloadActual  13: 67108864 op, 884692427.00 ns, 13.1829 ns/op
WorkloadActual  14: 67108864 op, 838899451.00 ns, 12.5006 ns/op
WorkloadActual  15: 67108864 op, 904222915.00 ns, 13.4740 ns/op
WorkloadActual  16: 67108864 op, 856768780.00 ns, 12.7668 ns/op
WorkloadActual  17: 67108864 op, 826024770.00 ns, 12.3087 ns/op
WorkloadActual  18: 67108864 op, 843187835.00 ns, 12.5645 ns/op
WorkloadActual  19: 67108864 op, 826545438.00 ns, 12.3165 ns/op
WorkloadActual  20: 67108864 op, 849369500.00 ns, 12.6566 ns/op
WorkloadActual  21: 67108864 op, 823542532.00 ns, 12.2717 ns/op
WorkloadActual  22: 67108864 op, 825154648.00 ns, 12.2958 ns/op
WorkloadActual  23: 67108864 op, 827085624.00 ns, 12.3245 ns/op

// AfterActualRun
WorkloadResult   1: 67108864 op, 656988288.00 ns, 9.7899 ns/op
WorkloadResult   2: 67108864 op, 655050782.00 ns, 9.7610 ns/op
WorkloadResult   3: 67108864 op, 697655487.00 ns, 10.3959 ns/op
WorkloadResult   4: 67108864 op, 675108227.00 ns, 10.0599 ns/op
WorkloadResult   5: 67108864 op, 668370896.00 ns, 9.9595 ns/op
WorkloadResult   6: 67108864 op, 663337994.00 ns, 9.8845 ns/op
WorkloadResult   7: 67108864 op, 665946601.00 ns, 9.9234 ns/op
WorkloadResult   8: 67108864 op, 686068439.00 ns, 10.2232 ns/op
WorkloadResult   9: 67108864 op, 665918983.00 ns, 9.9230 ns/op
WorkloadResult  10: 67108864 op, 661858192.00 ns, 9.8625 ns/op
WorkloadResult  11: 67108864 op, 662620777.00 ns, 9.8738 ns/op
WorkloadResult  12: 67108864 op, 680547548.00 ns, 10.1409 ns/op
WorkloadResult  13: 67108864 op, 698416877.00 ns, 10.4072 ns/op
WorkloadResult  14: 67108864 op, 667672867.00 ns, 9.9491 ns/op
WorkloadResult  15: 67108864 op, 684835932.00 ns, 10.2049 ns/op
WorkloadResult  16: 67108864 op, 668193535.00 ns, 9.9569 ns/op
WorkloadResult  17: 67108864 op, 691017597.00 ns, 10.2970 ns/op
WorkloadResult  18: 67108864 op, 665190629.00 ns, 9.9121 ns/op
WorkloadResult  19: 67108864 op, 666802745.00 ns, 9.9361 ns/op
WorkloadResult  20: 67108864 op, 668733721.00 ns, 9.9649 ns/op
// GC:  0 0 0 0 67108864
// Threading:  0 0 67108864

// AfterAll
// Benchmark Process 3696 has exited with code 0.

Mean = 10.021 ns, StdErr = 0.043 ns (0.43%), N = 20, StdDev = 0.192 ns
Min = 9.761 ns, Q1 = 9.905 ns, Median = 9.953 ns, Q3 = 10.157 ns, Max = 10.407 ns
IQR = 0.252 ns, LowerFence = 9.528 ns, UpperFence = 10.534 ns
ConfidenceInterval = [9.855 ns; 10.188 ns] (CI 99.9%), Margin = 0.166 ns (1.66% of Mean)
Skewness = 0.73, Kurtosis = 2.23, MValue = 2

// ** Remained 3 (37.5 %) benchmark(s) to run. Estimated finish 2026-09-24 7:15 (0h 0m from now) **
// **************************
// Benchmark: ReplicaSelectionBenchmarks.Random.SelectReplica: ShortRun(IterationCount=3, LaunchCount=1, WarmupCount=3)
// *** Execute ***
// Launch: 1 / 1
// Execute: dotnet Encina.Benchmarks-DefaultJob-1.dll --anonymousPipes 226 227 --benchmarkName Encina.Benchmarks.ReadWriteSeparation.ReplicaSelectionBenchmarks.Random_SelectReplica --job ShortRun --benchmarkId 5 in /home/runner/work/Encina/Encina/tests/Encina.BenchmarkTests/Encina.Benchmarks/bin/Release/net10.0/Encina.Benchmarks-DefaultJob-1/bin/Release/net10.0
// Failed to set up high priority (Permission denied). In order to run benchmarks with high priority, make sure you have the right permissions.
// BeforeAnythingElse

// Benchmark Process Environment Information:
// BenchmarkDotNet v0.15.8
// Runtime=.NET 10.0.12 (10.0.12, 10.0.1226.42308), X64 RyuJIT x86-64-v4
// GC=Concurrent Workstation
// HardwareIntrinsics=AVX10v1,AVX512 BF16+FP16,AVX512 BITALG+VBMI2+VNNI+VPOPCNTDQ,AVX512 IFMA+VBMI,AVX512 F+BW+CD+DQ+VL,AVX2+BMI1+BMI2+F16C+FMA+LZCNT+MOVBE,AVX,SSE3+SSSE3+SSE4.1+SSE4.2+POPCNT,X86Base+SSE+SSE2,AES+PCLMUL,AvxVnni,SERIALIZE VectorSize=256
// Job: ShortRun(IterationCount=3, LaunchCount=1, WarmupCount=3)

OverheadJitting  1: 1 op, 161231.00 ns, 161.2310 us/op
WorkloadJitting  1: 1 op, 534286.00 ns, 534.2860 us/op

OverheadJitting  2: 16 op, 324811.00 ns, 20.3007 us/op
WorkloadJitting  2: 16 op, 356606.00 ns, 22.2879 us/op

WorkloadPilot    1: 16 op, 1676.00 ns, 104.7500 ns/op
WorkloadPilot    2: 32 op, 1752.00 ns, 54.7500 ns/op
WorkloadPilot    3: 64 op, 1888.00 ns, 29.5000 ns/op
WorkloadPilot    4: 128 op, 2455.00 ns, 19.1797 ns/op
WorkloadPilot    5: 256 op, 3706.00 ns, 14.4766 ns/op
WorkloadPilot    6: 512 op, 10164.00 ns, 19.8516 ns/op
WorkloadPilot    7: 1024 op, 16797.00 ns, 16.4033 ns/op
WorkloadPilot    8: 2048 op, 28823.00 ns, 14.0737 ns/op
WorkloadPilot    9: 4096 op, 52711.00 ns, 12.8689 ns/op
WorkloadPilot   10: 8192 op, 98323.00 ns, 12.0023 ns/op
WorkloadPilot   11: 16384 op, 197914.00 ns, 12.0797 ns/op
WorkloadPilot   12: 32768 op, 407275.00 ns, 12.4290 ns/op
WorkloadPilot   13: 65536 op, 815025.00 ns, 12.4363 ns/op
WorkloadPilot   14: 131072 op, 1590215.00 ns, 12.1324 ns/op
WorkloadPilot   15: 262144 op, 3171289.00 ns, 12.0975 ns/op
WorkloadPilot   16: 524288 op, 6321395.00 ns, 12.0571 ns/op
WorkloadPilot   17: 1048576 op, 12644250.00 ns, 12.0585 ns/op
WorkloadPilot   18: 2097152 op, 25174015.00 ns, 12.0039 ns/op
WorkloadPilot   19: 4194304 op, 50292319.00 ns, 11.9906 ns/op
WorkloadPilot   20: 8388608 op, 100404917.00 ns, 11.9692 ns/op
WorkloadPilot   21: 16777216 op, 201067008.00 ns, 11.9845 ns/op
WorkloadPilot   22: 33554432 op, 399136139.00 ns, 11.8952 ns/op
WorkloadPilot   23: 67108864 op, 803813615.00 ns, 11.9778 ns/op

OverheadWarmup   1: 67108864 op, 165436262.00 ns, 2.4652 ns/op
OverheadWarmup   2: 67108864 op, 166056995.00 ns, 2.4744 ns/op
OverheadWarmup   3: 67108864 op, 186432851.00 ns, 2.7781 ns/op
OverheadWarmup   4: 67108864 op, 177224807.00 ns, 2.6409 ns/op
OverheadWarmup   5: 67108864 op, 171599406.00 ns, 2.5570 ns/op
OverheadWarmup   6: 67108864 op, 166149141.00 ns, 2.4758 ns/op
OverheadWarmup   7: 67108864 op, 165034801.00 ns, 2.4592 ns/op
OverheadWarmup   8: 67108864 op, 164815972.00 ns, 2.4559 ns/op
OverheadWarmup   9: 67108864 op, 165580626.00 ns, 2.4673 ns/op
OverheadWarmup  10: 67108864 op, 164860051.00 ns, 2.4566 ns/op

OverheadActual   1: 67108864 op, 165498959.00 ns, 2.4661 ns/op
OverheadActual   2: 67108864 op, 162136825.00 ns, 2.4160 ns/op
OverheadActual   3: 67108864 op, 163957687.00 ns, 2.4432 ns/op
OverheadActual   4: 67108864 op, 164699172.00 ns, 2.4542 ns/op
OverheadActual   5: 67108864 op, 162200485.00 ns, 2.4170 ns/op
OverheadActual   6: 67108864 op, 163584807.00 ns, 2.4376 ns/op
OverheadActual   7: 67108864 op, 164125431.00 ns, 2.4457 ns/op
OverheadActual   8: 67108864 op, 165152338.00 ns, 2.4610 ns/op
OverheadActual   9: 67108864 op, 164076126.00 ns, 2.4449 ns/op
OverheadActual  10: 67108864 op, 164280074.00 ns, 2.4480 ns/op
OverheadActual  11: 67108864 op, 163544415.00 ns, 2.4370 ns/op
OverheadActual  12: 67108864 op, 164140691.00 ns, 2.4459 ns/op
OverheadActual  13: 67108864 op, 161219661.00 ns, 2.4024 ns/op
OverheadActual  14: 67108864 op, 164511857.00 ns, 2.4514 ns/op
OverheadActual  15: 67108864 op, 164573857.00 ns, 2.4523 ns/op

WorkloadWarmup   1: 67108864 op, 808737845.00 ns, 12.0511 ns/op
WorkloadWarmup   2: 67108864 op, 832280825.00 ns, 12.4020 ns/op
WorkloadWarmup   3: 67108864 op, 807562103.00 ns, 12.0336 ns/op

// BeforeActualRun
WorkloadActual   1: 67108864 op, 842223023.00 ns, 12.5501 ns/op
WorkloadActual   2: 67108864 op, 818670434.00 ns, 12.1991 ns/op
WorkloadActual   3: 67108864 op, 816428159.00 ns, 12.1657 ns/op

// AfterActualRun
WorkloadResult   1: 67108864 op, 678097592.00 ns, 10.1044 ns/op
WorkloadResult   2: 67108864 op, 654545003.00 ns, 9.7535 ns/op
WorkloadResult   3: 67108864 op, 652302728.00 ns, 9.7201 ns/op
// GC:  0 0 0 0 67108864
// Threading:  0 0 67108864

// AfterAll
// Benchmark Process 3720 has exited with code 0.

Mean = 9.859 ns, StdErr = 0.123 ns (1.25%), N = 3, StdDev = 0.213 ns
Min = 9.720 ns, Q1 = 9.737 ns, Median = 9.753 ns, Q3 = 9.929 ns, Max = 10.104 ns
IQR = 0.192 ns, LowerFence = 9.448 ns, UpperFence = 10.217 ns
ConfidenceInterval = [5.975 ns; 13.744 ns] (CI 99.9%), Margin = 3.885 ns (39.40% of Mean)
Skewness = 0.37, Kurtosis = 0.67, MValue = 2

// ** Remained 2 (25.0 %) benchmark(s) to run. Estimated finish 2026-09-24 7:15 (0h 0m from now) **
// **************************
// Benchmark: ReplicaSelectionBenchmarks.RoundRobin.SelectReplica: DefaultJob
// *** Execute ***
// Launch: 1 / 1
// Execute: dotnet Encina.Benchmarks-DefaultJob-1.dll --anonymousPipes 226 227 --benchmarkName Encina.Benchmarks.ReadWriteSeparation.ReplicaSelectionBenchmarks.RoundRobin_SelectReplica --job Default --benchmarkId 6 in /home/runner/work/Encina/Encina/tests/Encina.BenchmarkTests/Encina.Benchmarks/bin/Release/net10.0/Encina.Benchmarks-DefaultJob-1/bin/Release/net10.0
// Failed to set up high priority (Permission denied). In order to run benchmarks with high priority, make sure you have the right permissions.
// BeforeAnythingElse

// Benchmark Process Environment Information:
// BenchmarkDotNet v0.15.8
// Runtime=.NET 10.0.12 (10.0.12, 10.0.1226.42308), X64 RyuJIT x86-64-v4
// GC=Concurrent Workstation
// HardwareIntrinsics=AVX10v1,AVX512 BF16+FP16,AVX512 BITALG+VBMI2+VNNI+VPOPCNTDQ,AVX512 IFMA+VBMI,AVX512 F+BW+CD+DQ+VL,AVX2+BMI1+BMI2+F16C+FMA+LZCNT+MOVBE,AVX,SSE3+SSSE3+SSE4.1+SSE4.2+POPCNT,X86Base+SSE+SSE2,AES+PCLMUL,AvxVnni,SERIALIZE VectorSize=256
// Job: DefaultJob

OverheadJitting  1: 1 op, 165688.00 ns, 165.6880 us/op
WorkloadJitting  1: 1 op, 473137.00 ns, 473.1370 us/op

OverheadJitting  2: 16 op, 363446.00 ns, 22.7154 us/op
WorkloadJitting  2: 16 op, 445737.00 ns, 27.8586 us/op

WorkloadPilot    1: 16 op, 790.00 ns, 49.3750 ns/op
WorkloadPilot    2: 32 op, 1013.00 ns, 31.6563 ns/op
WorkloadPilot    3: 64 op, 1200.00 ns, 18.7500 ns/op
WorkloadPilot    4: 128 op, 1930.00 ns, 15.0781 ns/op
WorkloadPilot    5: 256 op, 3465.00 ns, 13.5352 ns/op
WorkloadPilot    6: 512 op, 6504.00 ns, 12.7031 ns/op
WorkloadPilot    7: 1024 op, 12654.00 ns, 12.3574 ns/op
WorkloadPilot    8: 2048 op, 26825.00 ns, 13.0981 ns/op
WorkloadPilot    9: 4096 op, 50547.00 ns, 12.3406 ns/op
WorkloadPilot   10: 8192 op, 100180.00 ns, 12.2290 ns/op
WorkloadPilot   11: 16384 op, 197980.00 ns, 12.0837 ns/op
WorkloadPilot   12: 32768 op, 396044.00 ns, 12.0863 ns/op
WorkloadPilot   13: 65536 op, 810726.00 ns, 12.3707 ns/op
WorkloadPilot   14: 131072 op, 1599181.00 ns, 12.2008 ns/op
WorkloadPilot   15: 262144 op, 3233801.00 ns, 12.3360 ns/op
WorkloadPilot   16: 524288 op, 6395859.00 ns, 12.1991 ns/op
WorkloadPilot   17: 1048576 op, 12732568.00 ns, 12.1427 ns/op
WorkloadPilot   18: 2097152 op, 25650913.00 ns, 12.2313 ns/op
WorkloadPilot   19: 4194304 op, 51402118.00 ns, 12.2552 ns/op
WorkloadPilot   20: 8388608 op, 101458972.00 ns, 12.0949 ns/op
WorkloadPilot   21: 16777216 op, 200825334.00 ns, 11.9701 ns/op
WorkloadPilot   22: 33554432 op, 409552368.00 ns, 12.2056 ns/op
WorkloadPilot   23: 67108864 op, 810525141.00 ns, 12.0778 ns/op

OverheadWarmup   1: 67108864 op, 163029055.00 ns, 2.4293 ns/op
OverheadWarmup   2: 67108864 op, 170981264.00 ns, 2.5478 ns/op
OverheadWarmup   3: 67108864 op, 181792119.00 ns, 2.7089 ns/op
OverheadWarmup   4: 67108864 op, 168626491.00 ns, 2.5127 ns/op
OverheadWarmup   5: 67108864 op, 157602629.00 ns, 2.3485 ns/op
OverheadWarmup   6: 67108864 op, 156795136.00 ns, 2.3364 ns/op
OverheadWarmup   7: 67108864 op, 162724681.00 ns, 2.4248 ns/op
OverheadWarmup   8: 67108864 op, 162189376.00 ns, 2.4168 ns/op

OverheadActual   1: 67108864 op, 160042217.00 ns, 2.3848 ns/op
OverheadActual   2: 67108864 op, 160554757.00 ns, 2.3925 ns/op
OverheadActual   3: 67108864 op, 159964678.00 ns, 2.3837 ns/op
OverheadActual   4: 67108864 op, 159439342.00 ns, 2.3758 ns/op
OverheadActual   5: 67108864 op, 161593408.00 ns, 2.4079 ns/op
OverheadActual   6: 67108864 op, 162868815.00 ns, 2.4269 ns/op
OverheadActual   7: 67108864 op, 165186249.00 ns, 2.4615 ns/op
OverheadActual   8: 67108864 op, 164918758.00 ns, 2.4575 ns/op
OverheadActual   9: 67108864 op, 162442558.00 ns, 2.4206 ns/op
OverheadActual  10: 67108864 op, 161791770.00 ns, 2.4109 ns/op
OverheadActual  11: 67108864 op, 160258341.00 ns, 2.3880 ns/op
OverheadActual  12: 67108864 op, 159666028.00 ns, 2.3792 ns/op
OverheadActual  13: 67108864 op, 158822605.00 ns, 2.3666 ns/op
OverheadActual  14: 67108864 op, 159359917.00 ns, 2.3746 ns/op
OverheadActual  15: 67108864 op, 163017910.00 ns, 2.4292 ns/op

WorkloadWarmup   1: 67108864 op, 805160431.00 ns, 11.9978 ns/op
WorkloadWarmup   2: 67108864 op, 815350900.00 ns, 12.1497 ns/op
WorkloadWarmup   3: 67108864 op, 815194750.00 ns, 12.1473 ns/op
WorkloadWarmup   4: 67108864 op, 807308121.00 ns, 12.0298 ns/op
WorkloadWarmup   5: 67108864 op, 800458471.00 ns, 11.9278 ns/op
WorkloadWarmup   6: 67108864 op, 832704396.00 ns, 12.4083 ns/op
WorkloadWarmup   7: 67108864 op, 828557231.00 ns, 12.3465 ns/op

// BeforeActualRun
WorkloadActual   1: 67108864 op, 845562830.00 ns, 12.5999 ns/op
WorkloadActual   2: 67108864 op, 832019133.00 ns, 12.3981 ns/op
WorkloadActual   3: 67108864 op, 816180242.00 ns, 12.1620 ns/op
WorkloadActual   4: 67108864 op, 815751624.00 ns, 12.1556 ns/op
WorkloadActual   5: 67108864 op, 847615896.00 ns, 12.6305 ns/op
WorkloadActual   6: 67108864 op, 844602991.00 ns, 12.5856 ns/op
WorkloadActual   7: 67108864 op, 852605378.00 ns, 12.7048 ns/op
WorkloadActual   8: 67108864 op, 832872067.00 ns, 12.4108 ns/op
WorkloadActual   9: 67108864 op, 811272718.00 ns, 12.0889 ns/op
WorkloadActual  10: 67108864 op, 823427811.00 ns, 12.2700 ns/op
WorkloadActual  11: 67108864 op, 794041435.00 ns, 11.8321 ns/op
WorkloadActual  12: 67108864 op, 791931592.00 ns, 11.8007 ns/op
WorkloadActual  13: 67108864 op, 851638587.00 ns, 12.6904 ns/op
WorkloadActual  14: 67108864 op, 832314058.00 ns, 12.4024 ns/op
WorkloadActual  15: 67108864 op, 800974903.00 ns, 11.9355 ns/op
WorkloadActual  16: 67108864 op, 806017066.00 ns, 12.0106 ns/op
WorkloadActual  17: 67108864 op, 818742830.00 ns, 12.2002 ns/op
WorkloadActual  18: 67108864 op, 835823364.00 ns, 12.4547 ns/op
WorkloadActual  19: 67108864 op, 826422099.00 ns, 12.3146 ns/op
WorkloadActual  20: 67108864 op, 840354347.00 ns, 12.5223 ns/op

// AfterActualRun
WorkloadResult   1: 67108864 op, 685008073.00 ns, 10.2074 ns/op
WorkloadResult   2: 67108864 op, 671464376.00 ns, 10.0056 ns/op
WorkloadResult   3: 67108864 op, 655625485.00 ns, 9.7696 ns/op
WorkloadResult   4: 67108864 op, 655196867.00 ns, 9.7632 ns/op
WorkloadResult   5: 67108864 op, 687061139.00 ns, 10.2380 ns/op
WorkloadResult   6: 67108864 op, 684048234.00 ns, 10.1931 ns/op
WorkloadResult   7: 67108864 op, 692050621.00 ns, 10.3124 ns/op
WorkloadResult   8: 67108864 op, 672317310.00 ns, 10.0183 ns/op
WorkloadResult   9: 67108864 op, 650717961.00 ns, 9.6965 ns/op
WorkloadResult  10: 67108864 op, 662873054.00 ns, 9.8776 ns/op
WorkloadResult  11: 67108864 op, 633486678.00 ns, 9.4397 ns/op
WorkloadResult  12: 67108864 op, 631376835.00 ns, 9.4082 ns/op
WorkloadResult  13: 67108864 op, 691083830.00 ns, 10.2980 ns/op
WorkloadResult  14: 67108864 op, 671759301.00 ns, 10.0100 ns/op
WorkloadResult  15: 67108864 op, 640420146.00 ns, 9.5430 ns/op
WorkloadResult  16: 67108864 op, 645462309.00 ns, 9.6181 ns/op
WorkloadResult  17: 67108864 op, 658188073.00 ns, 9.8078 ns/op
WorkloadResult  18: 67108864 op, 675268607.00 ns, 10.0623 ns/op
WorkloadResult  19: 67108864 op, 665867342.00 ns, 9.9222 ns/op
WorkloadResult  20: 67108864 op, 679799590.00 ns, 10.1298 ns/op
// GC:  0 0 0 0 67108864
// Threading:  0 0 67108864

// AfterAll
// Benchmark Process 3726 has exited with code 0.

Mean = 9.916 ns, StdErr = 0.062 ns (0.63%), N = 20, StdDev = 0.279 ns
Min = 9.408 ns, Q1 = 9.747 ns, Median = 9.964 ns, Q3 = 10.146 ns, Max = 10.312 ns
IQR = 0.399 ns, LowerFence = 9.148 ns, UpperFence = 10.744 ns
ConfidenceInterval = [9.674 ns; 10.159 ns] (CI 99.9%), Margin = 0.242 ns (2.45% of Mean)
Skewness = -0.28, Kurtosis = 1.82, MValue = 2

// ** Remained 1 (12.5 %) benchmark(s) to run. Estimated finish 2026-09-24 7:16 (0h 0m from now) **
// **************************
// Benchmark: ReplicaSelectionBenchmarks.RoundRobin.SelectReplica: ShortRun(IterationCount=3, LaunchCount=1, WarmupCount=3)
// *** Execute ***
// Launch: 1 / 1
// Execute: dotnet Encina.Benchmarks-DefaultJob-1.dll --anonymousPipes 226 227 --benchmarkName Encina.Benchmarks.ReadWriteSeparation.ReplicaSelectionBenchmarks.RoundRobin_SelectReplica --job ShortRun --benchmarkId 7 in /home/runner/work/Encina/Encina/tests/Encina.BenchmarkTests/Encina.Benchmarks/bin/Release/net10.0/Encina.Benchmarks-DefaultJob-1/bin/Release/net10.0
// Failed to set up high priority (Permission denied). In order to run benchmarks with high priority, make sure you have the right permissions.
// BeforeAnythingElse

// Benchmark Process Environment Information:
// BenchmarkDotNet v0.15.8
// Runtime=.NET 10.0.12 (10.0.12, 10.0.1226.42308), X64 RyuJIT x86-64-v4
// GC=Concurrent Workstation
// HardwareIntrinsics=AVX10v1,AVX512 BF16+FP16,AVX512 BITALG+VBMI2+VNNI+VPOPCNTDQ,AVX512 IFMA+VBMI,AVX512 F+BW+CD+DQ+VL,AVX2+BMI1+BMI2+F16C+FMA+LZCNT+MOVBE,AVX,SSE3+SSSE3+SSE4.1+SSE4.2+POPCNT,X86Base+SSE+SSE2,AES+PCLMUL,AvxVnni,SERIALIZE VectorSize=256
// Job: ShortRun(IterationCount=3, LaunchCount=1, WarmupCount=3)

OverheadJitting  1: 1 op, 174779.00 ns, 174.7790 us/op
WorkloadJitting  1: 1 op, 505130.00 ns, 505.1300 us/op

OverheadJitting  2: 16 op, 341029.00 ns, 21.3143 us/op
WorkloadJitting  2: 16 op, 411501.00 ns, 25.7188 us/op

WorkloadPilot    1: 16 op, 821.00 ns, 51.3125 ns/op
WorkloadPilot    2: 32 op, 952.00 ns, 29.7500 ns/op
WorkloadPilot    3: 64 op, 1273.00 ns, 19.8906 ns/op
WorkloadPilot    4: 128 op, 3609.00 ns, 28.1953 ns/op
WorkloadPilot    5: 256 op, 5557.00 ns, 21.7070 ns/op
WorkloadPilot    6: 512 op, 4751.00 ns, 9.2793 ns/op
WorkloadPilot    7: 1024 op, 13797.00 ns, 13.4736 ns/op
WorkloadPilot    8: 2048 op, 17668.00 ns, 8.6270 ns/op
WorkloadPilot    9: 4096 op, 34393.00 ns, 8.3967 ns/op
WorkloadPilot   10: 8192 op, 67940.00 ns, 8.2935 ns/op
WorkloadPilot   11: 16384 op, 135205.00 ns, 8.2523 ns/op
WorkloadPilot   12: 32768 op, 291636.00 ns, 8.9000 ns/op
WorkloadPilot   13: 65536 op, 558648.00 ns, 8.5243 ns/op
WorkloadPilot   14: 131072 op, 1094973.00 ns, 8.3540 ns/op
WorkloadPilot   15: 262144 op, 2196001.00 ns, 8.3771 ns/op
WorkloadPilot   16: 524288 op, 4401458.00 ns, 8.3951 ns/op
WorkloadPilot   17: 1048576 op, 8920826.00 ns, 8.5076 ns/op
WorkloadPilot   18: 2097152 op, 17866144.00 ns, 8.5192 ns/op
WorkloadPilot   19: 4194304 op, 35579122.00 ns, 8.4827 ns/op
WorkloadPilot   20: 8388608 op, 69181367.00 ns, 8.2471 ns/op
WorkloadPilot   21: 16777216 op, 131701521.00 ns, 7.8500 ns/op
WorkloadPilot   22: 33554432 op, 261214500.00 ns, 7.7848 ns/op
WorkloadPilot   23: 67108864 op, 531562433.00 ns, 7.9209 ns/op

OverheadWarmup   1: 67108864 op, 163837906.00 ns, 2.4414 ns/op
OverheadWarmup   2: 67108864 op, 164390564.00 ns, 2.4496 ns/op
OverheadWarmup   3: 67108864 op, 167233059.00 ns, 2.4920 ns/op
OverheadWarmup   4: 67108864 op, 166806665.00 ns, 2.4856 ns/op
OverheadWarmup   5: 67108864 op, 164657248.00 ns, 2.4536 ns/op
OverheadWarmup   6: 67108864 op, 164748583.00 ns, 2.4549 ns/op
OverheadWarmup   7: 67108864 op, 172234470.00 ns, 2.5665 ns/op
OverheadWarmup   8: 67108864 op, 182031192.00 ns, 2.7125 ns/op
OverheadWarmup   9: 67108864 op, 180689395.00 ns, 2.6925 ns/op

OverheadActual   1: 67108864 op, 189678190.00 ns, 2.8264 ns/op
OverheadActual   2: 67108864 op, 171579208.00 ns, 2.5567 ns/op
OverheadActual   3: 67108864 op, 174303487.00 ns, 2.5973 ns/op
OverheadActual   4: 67108864 op, 168283145.00 ns, 2.5076 ns/op
OverheadActual   5: 67108864 op, 168472905.00 ns, 2.5104 ns/op
OverheadActual   6: 67108864 op, 169567570.00 ns, 2.5268 ns/op
OverheadActual   7: 67108864 op, 167389042.00 ns, 2.4943 ns/op
OverheadActual   8: 67108864 op, 168251471.00 ns, 2.5071 ns/op
OverheadActual   9: 67108864 op, 167901359.00 ns, 2.5019 ns/op
OverheadActual  10: 67108864 op, 180300181.00 ns, 2.6867 ns/op
OverheadActual  11: 67108864 op, 189462184.00 ns, 2.8232 ns/op
OverheadActual  12: 67108864 op, 186189864.00 ns, 2.7744 ns/op
OverheadActual  13: 67108864 op, 177057397.00 ns, 2.6384 ns/op
OverheadActual  14: 67108864 op, 179981656.00 ns, 2.6819 ns/op
OverheadActual  15: 67108864 op, 173336832.00 ns, 2.5829 ns/op

WorkloadWarmup   1: 67108864 op, 548481525.00 ns, 8.1730 ns/op
WorkloadWarmup   2: 67108864 op, 542115929.00 ns, 8.0782 ns/op
WorkloadWarmup   3: 67108864 op, 535658005.00 ns, 7.9819 ns/op

// BeforeActualRun
WorkloadActual   1: 67108864 op, 527216224.00 ns, 7.8561 ns/op
WorkloadActual   2: 67108864 op, 532018369.00 ns, 7.9277 ns/op
WorkloadActual   3: 67108864 op, 522601192.00 ns, 7.7874 ns/op

// AfterActualRun
WorkloadResult   1: 67108864 op, 353879392.00 ns, 5.2732 ns/op
WorkloadResult   2: 67108864 op, 358681537.00 ns, 5.3448 ns/op
WorkloadResult   3: 67108864 op, 349264360.00 ns, 5.2044 ns/op
// GC:  0 0 0 0 67108864
// Threading:  0 0 67108864

// AfterAll
// Benchmark Process 3740 has exited with code 0.

Mean = 5.274 ns, StdErr = 0.041 ns (0.77%), N = 3, StdDev = 0.070 ns
Min = 5.204 ns, Q1 = 5.239 ns, Median = 5.273 ns, Q3 = 5.309 ns, Max = 5.345 ns
IQR = 0.070 ns, LowerFence = 5.134 ns, UpperFence = 5.414 ns
ConfidenceInterval = [3.994 ns; 6.554 ns] (CI 99.9%), Margin = 1.280 ns (24.27% of Mean)
Skewness = 0.01, Kurtosis = 0.67, MValue = 2

// ** Remained 0 (0.0 %) benchmark(s) to run. Estimated finish 2026-09-24 7:15 (0h 0m from now) **
// ***** BenchmarkRunner: Finish  *****

// * Export *
  artifacts/performance/Core/results/Encina.Benchmarks.ReadWriteSeparation.ReplicaSelectionBenchmarks-report.csv
  artifacts/performance/Core/results/Encina.Benchmarks.ReadWriteSeparation.ReplicaSelectionBenchmarks-report-github.md
  artifacts/performance/Core/results/Encina.Benchmarks.ReadWriteSeparation.ReplicaSelectionBenchmarks-report.html
  artifacts/performance/Core/results/Encina.Benchmarks.ReadWriteSeparation.ReplicaSelectionBenchmarks-report-full-compressed.json

// * Detailed results *
ReplicaSelectionBenchmarks.'LeastConnections.AcquireReplica (lease)': DefaultJob
Runtime = .NET 10.0.12 (10.0.12, 10.0.1226.42308), X64 RyuJIT x86-64-v4; GC = Concurrent Workstation
Mean = 197.759 ns, StdErr = 0.155 ns (0.08%), N = 12, StdDev = 0.538 ns
Min = 196.822 ns, Q1 = 197.429 ns, Median = 197.903 ns, Q3 = 198.063 ns, Max = 198.658 ns
IQR = 0.634 ns, LowerFence = 196.478 ns, UpperFence = 199.014 ns
ConfidenceInterval = [197.070 ns; 198.449 ns] (CI 99.9%), Margin = 0.689 ns (0.35% of Mean)
Skewness = -0.27, Kurtosis = 1.93, MValue = 2
-------------------- Histogram --------------------
[196.513 ns ; 198.967 ns) | @@@@@@@@@@@@
---------------------------------------------------

ReplicaSelectionBenchmarks.LeastConnections.SelectReplica: DefaultJob
Runtime = .NET 10.0.12 (10.0.12, 10.0.1226.42308), X64 RyuJIT x86-64-v4; GC = Concurrent Workstation
Mean = 171.131 ns, StdErr = 0.275 ns (0.16%), N = 13, StdDev = 0.993 ns
Min = 169.677 ns, Q1 = 170.365 ns, Median = 171.191 ns, Q3 = 171.796 ns, Max = 172.832 ns
IQR = 1.430 ns, LowerFence = 168.220 ns, UpperFence = 173.941 ns
ConfidenceInterval = [169.941 ns; 172.320 ns] (CI 99.9%), Margin = 1.189 ns (0.69% of Mean)
Skewness = 0.19, Kurtosis = 1.59, MValue = 2
-------------------- Histogram --------------------
[169.123 ns ; 173.386 ns) | @@@@@@@@@@@@@
---------------------------------------------------

ReplicaSelectionBenchmarks.Random.SelectReplica: DefaultJob
Runtime = .NET 10.0.12 (10.0.12, 10.0.1226.42308), X64 RyuJIT x86-64-v4; GC = Concurrent Workstation
Mean = 10.021 ns, StdErr = 0.043 ns (0.43%), N = 20, StdDev = 0.192 ns
Min = 9.761 ns, Q1 = 9.905 ns, Median = 9.953 ns, Q3 = 10.157 ns, Max = 10.407 ns
IQR = 0.252 ns, LowerFence = 9.528 ns, UpperFence = 10.534 ns
ConfidenceInterval = [9.855 ns; 10.188 ns] (CI 99.9%), Margin = 0.166 ns (1.66% of Mean)
Skewness = 0.73, Kurtosis = 2.23, MValue = 2
-------------------- Histogram --------------------
[9.668 ns ;  9.976 ns) | @@@@@@@@@@@@@
[9.976 ns ; 10.500 ns) | @@@@@@@
---------------------------------------------------

ReplicaSelectionBenchmarks.RoundRobin.SelectReplica: DefaultJob
Runtime = .NET 10.0.12 (10.0.12, 10.0.1226.42308), X64 RyuJIT x86-64-v4; GC = Concurrent Workstation
Mean = 9.916 ns, StdErr = 0.062 ns (0.63%), N = 20, StdDev = 0.279 ns
Min = 9.408 ns, Q1 = 9.747 ns, Median = 9.964 ns, Q3 = 10.146 ns, Max = 10.312 ns
IQR = 0.399 ns, LowerFence = 9.148 ns, UpperFence = 10.744 ns
ConfidenceInterval = [9.674 ns; 10.159 ns] (CI 99.9%), Margin = 0.242 ns (2.45% of Mean)
Skewness = -0.28, Kurtosis = 1.82, MValue = 2
-------------------- Histogram --------------------
[9.378 ns ;  9.674 ns) | @@@@
[9.674 ns ;  9.987 ns) | @@@@@@
[9.987 ns ; 10.447 ns) | @@@@@@@@@@
---------------------------------------------------

ReplicaSelectionBenchmarks.'LeastConnections.AcquireReplica (lease)': ShortRun(IterationCount=3, LaunchCount=1, WarmupCount=3)
Runtime = .NET 10.0.12 (10.0.12, 10.0.1226.42308), X64 RyuJIT x86-64-v4; GC = Concurrent Workstation
Mean = 207.239 ns, StdErr = 1.436 ns (0.69%), N = 3, StdDev = 2.486 ns
Min = 204.664 ns, Q1 = 206.046 ns, Median = 207.428 ns, Q3 = 208.527 ns, Max = 209.626 ns
IQR = 2.481 ns, LowerFence = 202.324 ns, UpperFence = 212.248 ns
ConfidenceInterval = [161.877 ns; 252.601 ns] (CI 99.9%), Margin = 45.362 ns (21.89% of Mean)
Skewness = -0.08, Kurtosis = 0.67, MValue = 2
-------------------- Histogram --------------------
[202.401 ns ; 210.790 ns) | @@@
---------------------------------------------------

ReplicaSelectionBenchmarks.LeastConnections.SelectReplica: ShortRun(IterationCount=3, LaunchCount=1, WarmupCount=3)
Runtime = .NET 10.0.12 (10.0.12, 10.0.1226.42308), X64 RyuJIT x86-64-v4; GC = Concurrent Workstation
Mean = 177.208 ns, StdErr = 0.604 ns (0.34%), N = 3, StdDev = 1.046 ns
Min = 176.145 ns, Q1 = 176.694 ns, Median = 177.243 ns, Q3 = 177.740 ns, Max = 178.236 ns
IQR = 1.046 ns, LowerFence = 175.125 ns, UpperFence = 179.308 ns
ConfidenceInterval = [158.121 ns; 196.295 ns] (CI 99.9%), Margin = 19.087 ns (10.77% of Mean)
Skewness = -0.03, Kurtosis = 0.67, MValue = 2
-------------------- Histogram --------------------
[175.962 ns ; 179.188 ns) | @@@
---------------------------------------------------

ReplicaSelectionBenchmarks.Random.SelectReplica: ShortRun(IterationCount=3, LaunchCount=1, WarmupCount=3)
Runtime = .NET 10.0.12 (10.0.12, 10.0.1226.42308), X64 RyuJIT x86-64-v4; GC = Concurrent Workstation
Mean = 9.859 ns, StdErr = 0.123 ns (1.25%), N = 3, StdDev = 0.213 ns
Min = 9.720 ns, Q1 = 9.737 ns, Median = 9.753 ns, Q3 = 9.929 ns, Max = 10.104 ns
IQR = 0.192 ns, LowerFence = 9.448 ns, UpperFence = 10.217 ns
ConfidenceInterval = [5.975 ns; 13.744 ns] (CI 99.9%), Margin = 3.885 ns (39.40% of Mean)
Skewness = 0.37, Kurtosis = 0.67, MValue = 2
-------------------- Histogram --------------------
[9.718 ns ; 10.106 ns) | @@@
---------------------------------------------------

ReplicaSelectionBenchmarks.RoundRobin.SelectReplica: ShortRun(IterationCount=3, LaunchCount=1, WarmupCount=3)
Runtime = .NET 10.0.12 (10.0.12, 10.0.1226.42308), X64 RyuJIT x86-64-v4; GC = Concurrent Workstation
Mean = 5.274 ns, StdErr = 0.041 ns (0.77%), N = 3, StdDev = 0.070 ns
Min = 5.204 ns, Q1 = 5.239 ns, Median = 5.273 ns, Q3 = 5.309 ns, Max = 5.345 ns
IQR = 0.070 ns, LowerFence = 5.134 ns, UpperFence = 5.414 ns
ConfidenceInterval = [3.994 ns; 6.554 ns] (CI 99.9%), Margin = 1.280 ns (24.27% of Mean)
Skewness = 0.01, Kurtosis = 0.67, MValue = 2
-------------------- Histogram --------------------
[5.175 ns ; 5.409 ns) | @@@
---------------------------------------------------

// * Summary *

BenchmarkDotNet v0.15.8, Linux Ubuntu 24.04.5 LTS (Noble Numbat)
Intel Xeon 6973P-C 2.60GHz, 1 CPU, 4 logical and 2 physical cores
.NET SDK 10.0.401
  [Host]     : .NET 10.0.12 (10.0.12, 10.0.1226.42308), X64 RyuJIT x86-64-v4
  DefaultJob : .NET 10.0.12 (10.0.12, 10.0.1226.42308), X64 RyuJIT x86-64-v4
  ShortRun   : .NET 10.0.12 (10.0.12, 10.0.1226.42308), X64 RyuJIT x86-64-v4


| Method                                    | Job        | IterationCount | LaunchCount | WarmupCount | Mean       | Error      | StdDev    | Ratio | RatioSD | Rank | Gen0   | Allocated | Alloc Ratio |
|------------------------------------------ |----------- |--------------- |------------ |------------ |-----------:|-----------:|----------:|------:|--------:|-----:|-------:|----------:|------------:|
| 'LeastConnections.AcquireReplica (lease)' | DefaultJob | Default        | Default     | Default     | 197.759 ns |  0.6895 ns | 0.5383 ns | 19.96 |    0.56 |    3 | 0.0002 |      32 B |          NA |
| LeastConnections.SelectReplica            | DefaultJob | Default        | Default     | Default     | 171.131 ns |  1.1893 ns | 0.9931 ns | 17.27 |    0.49 |    2 | 0.0002 |      32 B |          NA |
| Random.SelectReplica                      | DefaultJob | Default        | Default     | Default     |  10.021 ns |  0.1664 ns | 0.1916 ns |  1.01 |    0.03 |    1 |      - |         - |          NA |
| RoundRobin.SelectReplica                  | DefaultJob | Default        | Default     | Default     |   9.916 ns |  0.2425 ns | 0.2792 ns |  1.00 |    0.04 |    1 |      - |         - |          NA |
|                                           |            |                |             |             |            |            |           |       |         |      |        |           |             |
| 'LeastConnections.AcquireReplica (lease)' | ShortRun   | 3              | 1           | 3           | 207.239 ns | 45.3616 ns | 2.4864 ns | 39.30 |    0.61 |    3 | 0.0002 |      32 B |          NA |
| LeastConnections.SelectReplica            | ShortRun   | 3              | 1           | 3           | 177.208 ns | 19.0872 ns | 1.0462 ns | 33.60 |    0.42 |    3 | 0.0002 |      32 B |          NA |
| Random.SelectReplica                      | ShortRun   | 3              | 1           | 3           |   9.859 ns |  3.8846 ns | 0.2129 ns |  1.87 |    0.04 |    2 |      - |         - |          NA |
| RoundRobin.SelectReplica                  | ShortRun   | 3              | 1           | 3           |   5.274 ns |  1.2801 ns | 0.0702 ns |  1.00 |    0.02 |    1 |      - |         - |          NA |

// * Hints *
Outliers
  ReplicaSelectionBenchmarks.'LeastConnections.AcquireReplica (lease)': Default -> 3 outliers were removed (204.74 ns..208.81 ns)
  ReplicaSelectionBenchmarks.LeastConnections.SelectReplica: Default            -> 2 outliers were removed (180.02 ns, 182.88 ns)
  ReplicaSelectionBenchmarks.Random.SelectReplica: Default                      -> 3 outliers were removed (13.18 ns..13.47 ns)
// * Config Issues *

// * Warnings *
Configuration
  Summary -> The exporter CsvExporter is already present in configuration. There may be unexpected results.
  Summary -> The exporter HtmlExporter is already present in configuration. There may be unexpected results.
  Summary -> The exporter MarkdownExporter-github is already present in configuration. There may be unexpected results.

// * Legends *
  Mean        : Arithmetic mean of all measurements
  Error       : Half of 99.9% confidence interval
  StdDev      : Standard deviation of all measurements
  Ratio       : Mean of the ratio distribution ([Current]/[Baseline])
  RatioSD     : Standard deviation of the ratio distribution ([Current]/[Baseline])
  Rank        : Relative position of current benchmark mean among all benchmarks (Arabic style)
  Gen0        : GC Generation 0 collects per 1000 operations
  Allocated   : Allocated memory per single operation (managed only, inclusive, 1KB = 1024B)
  Alloc Ratio : Allocated memory ratio distribution ([Current]/[Baseline])
  1 ns        : 1 Nanosecond (0.000000001 sec)

// * Diagnostic Output - MemoryDiagnoser *


// ***** BenchmarkRunner: End *****
Run time: 00:02:21 (141.72 sec), executed benchmarks: 8

Global total time: 00:04:49 (289.32 sec), executed benchmarks: 8
// * Artifacts cleanup *
Artifacts cleanup is finished
