// Validating benchmarks:
// ***** BenchmarkRunner: Start   *****
// ***** Found 6 benchmark(s) in total *****
// ***** Building 1 exe(s) in Parallel: Start   *****
// start dotnet  restore --nodeReuse:false /p:UseSharedCompilation=false /p:Deterministic=true /p:Optimize=true /p:ArtifactsPath="/home/runner/work/Encina/Encina/tests/Encina.BenchmarkTests/Encina.Benchmarks/bin/Release/net10.0/Encina.Benchmarks-ShortRun-1/" /p:OutDir="/home/runner/work/Encina/Encina/tests/Encina.BenchmarkTests/Encina.Benchmarks/bin/Release/net10.0/Encina.Benchmarks-ShortRun-1/bin/Release/net10.0/" /p:OutputPath="/home/runner/work/Encina/Encina/tests/Encina.BenchmarkTests/Encina.Benchmarks/bin/Release/net10.0/Encina.Benchmarks-ShortRun-1/bin/Release/net10.0/" /p:PublishDir="/home/runner/work/Encina/Encina/tests/Encina.BenchmarkTests/Encina.Benchmarks/bin/Release/net10.0/Encina.Benchmarks-ShortRun-1/publish/" in /home/runner/work/Encina/Encina/tests/Encina.BenchmarkTests/Encina.Benchmarks/bin/Release/net10.0/Encina.Benchmarks-ShortRun-1
// command took 2.14 sec and exited with 0
// start dotnet  build -c Release --no-restore --nodeReuse:false /p:UseSharedCompilation=false /p:Deterministic=true /p:Optimize=true /p:ArtifactsPath="/home/runner/work/Encina/Encina/tests/Encina.BenchmarkTests/Encina.Benchmarks/bin/Release/net10.0/Encina.Benchmarks-ShortRun-1/" /p:OutDir="/home/runner/work/Encina/Encina/tests/Encina.BenchmarkTests/Encina.Benchmarks/bin/Release/net10.0/Encina.Benchmarks-ShortRun-1/bin/Release/net10.0/" /p:OutputPath="/home/runner/work/Encina/Encina/tests/Encina.BenchmarkTests/Encina.Benchmarks/bin/Release/net10.0/Encina.Benchmarks-ShortRun-1/bin/Release/net10.0/" /p:PublishDir="/home/runner/work/Encina/Encina/tests/Encina.BenchmarkTests/Encina.Benchmarks/bin/Release/net10.0/Encina.Benchmarks-ShortRun-1/publish/" --output "/home/runner/work/Encina/Encina/tests/Encina.BenchmarkTests/Encina.Benchmarks/bin/Release/net10.0/Encina.Benchmarks-ShortRun-1/bin/Release/net10.0/" in /home/runner/work/Encina/Encina/tests/Encina.BenchmarkTests/Encina.Benchmarks/bin/Release/net10.0/Encina.Benchmarks-ShortRun-1
// command took 117.74 sec and exited with 0
// ***** Done, took 00:02:00 (120.04 sec)   *****
// Found 6 benchmarks:
//   GDPRExportBenchmarks.'JSON export: 10 activities': ShortRun(IterationCount=3, LaunchCount=1, WarmupCount=3)
//   GDPRExportBenchmarks.'JSON export: 50 activities': ShortRun(IterationCount=3, LaunchCount=1, WarmupCount=3)
//   GDPRExportBenchmarks.'JSON export: 200 activities': ShortRun(IterationCount=3, LaunchCount=1, WarmupCount=3)
//   GDPRExportBenchmarks.'CSV export: 10 activities': ShortRun(IterationCount=3, LaunchCount=1, WarmupCount=3)
//   GDPRExportBenchmarks.'CSV export: 50 activities': ShortRun(IterationCount=3, LaunchCount=1, WarmupCount=3)
//   GDPRExportBenchmarks.'CSV export: 200 activities': ShortRun(IterationCount=3, LaunchCount=1, WarmupCount=3)

// **************************
// Benchmark: GDPRExportBenchmarks.'JSON export: 10 activities': ShortRun(IterationCount=3, LaunchCount=1, WarmupCount=3)
// *** Execute ***
// Launch: 1 / 1
// Execute: dotnet Encina.Benchmarks-ShortRun-1.dll --anonymousPipes 224 225 --benchmarkName Encina.Benchmarks.Compliance.GDPR.GDPRExportBenchmarks.JsonExport_10Activities --job ShortRun --benchmarkId 0 in /home/runner/work/Encina/Encina/tests/Encina.BenchmarkTests/Encina.Benchmarks/bin/Release/net10.0/Encina.Benchmarks-ShortRun-1/bin/Release/net10.0
// Failed to set up high priority (Permission denied). In order to run benchmarks with high priority, make sure you have the right permissions.
// BeforeAnythingElse

// Benchmark Process Environment Information:
// BenchmarkDotNet v0.15.8
// Runtime=.NET 10.0.12 (10.0.12, 10.0.1226.42308), X64 RyuJIT x86-64-v4
// GC=Concurrent Workstation
// HardwareIntrinsics=AVX512 BITALG+VBMI2+VNNI+VPOPCNTDQ,AVX512 IFMA+VBMI,AVX512 F+BW+CD+DQ+VL,AVX2+BMI1+BMI2+F16C+FMA+LZCNT+MOVBE,AVX,SSE3+SSSE3+SSE4.1+SSE4.2+POPCNT,X86Base+SSE+SSE2,AES+PCLMUL,AvxVnni VectorSize=256
// Job: ShortRun(IterationCount=3, LaunchCount=1, WarmupCount=3)

OverheadJitting  1: 1 op, 130147.00 ns, 130.1470 us/op
WorkloadJitting  1: 1 op, 57639807.00 ns, 57.6398 ms/op

WorkloadPilot    1: 2 op, 114413.00 ns, 57.2065 us/op
WorkloadPilot    2: 3 op, 111168.00 ns, 37.0560 us/op
WorkloadPilot    3: 4 op, 96496.00 ns, 24.1240 us/op
WorkloadPilot    4: 5 op, 121353.00 ns, 24.2706 us/op
WorkloadPilot    5: 6 op, 141764.00 ns, 23.6273 us/op
WorkloadPilot    6: 7 op, 161804.00 ns, 23.1149 us/op
WorkloadPilot    7: 8 op, 194253.00 ns, 24.2816 us/op
WorkloadPilot    8: 9 op, 209887.00 ns, 23.3208 us/op
WorkloadPilot    9: 10 op, 229817.00 ns, 22.9817 us/op
WorkloadPilot   10: 11 op, 265872.00 ns, 24.1702 us/op
WorkloadPilot   11: 12 op, 271130.00 ns, 22.5942 us/op
WorkloadPilot   12: 13 op, 256688.00 ns, 19.7452 us/op
WorkloadPilot   13: 14 op, 294956.00 ns, 21.0683 us/op
WorkloadPilot   14: 15 op, 328146.00 ns, 21.8764 us/op
WorkloadPilot   15: 16 op, 283649.00 ns, 17.7281 us/op
WorkloadPilot   16: 32 op, 644163.00 ns, 20.1301 us/op
WorkloadPilot   17: 64 op, 1339274.00 ns, 20.9262 us/op
WorkloadPilot   18: 128 op, 2663524.00 ns, 20.8088 us/op
WorkloadPilot   19: 256 op, 5302081.00 ns, 20.7113 us/op
WorkloadPilot   20: 512 op, 10558534.00 ns, 20.6221 us/op
WorkloadPilot   21: 1024 op, 20951859.00 ns, 20.4608 us/op
WorkloadPilot   22: 2048 op, 37753998.00 ns, 18.4346 us/op
WorkloadPilot   23: 4096 op, 70461582.00 ns, 17.2025 us/op
WorkloadPilot   24: 8192 op, 140408065.00 ns, 17.1397 us/op
WorkloadPilot   25: 16384 op, 279905034.00 ns, 17.0840 us/op
WorkloadPilot   26: 32768 op, 577240930.00 ns, 17.6160 us/op

WorkloadWarmup   1: 32768 op, 568656942.00 ns, 17.3540 us/op
WorkloadWarmup   2: 32768 op, 587876772.00 ns, 17.9406 us/op
WorkloadWarmup   3: 32768 op, 575893342.00 ns, 17.5749 us/op

// BeforeActualRun
WorkloadActual   1: 32768 op, 563084520.00 ns, 17.1840 us/op
WorkloadActual   2: 32768 op, 578859780.00 ns, 17.6654 us/op
WorkloadActual   3: 32768 op, 573435770.00 ns, 17.4999 us/op

// AfterActualRun
WorkloadResult   1: 32768 op, 563084520.00 ns, 17.1840 us/op
WorkloadResult   2: 32768 op, 578859780.00 ns, 17.6654 us/op
WorkloadResult   3: 32768 op, 573435770.00 ns, 17.4999 us/op
// GC:  24 0 0 404495792 32768
// Threading:  0 0 32768

// AfterAll
// Benchmark Process 3551 has exited with code 0.

Mean = 17.450 μs, StdErr = 0.141 μs (0.81%), N = 3, StdDev = 0.245 μs
Min = 17.184 μs, Q1 = 17.342 μs, Median = 17.500 μs, Q3 = 17.583 μs, Max = 17.665 μs
IQR = 0.241 μs, LowerFence = 16.981 μs, UpperFence = 17.944 μs
ConfidenceInterval = [12.987 μs; 21.912 μs] (CI 99.9%), Margin = 4.462 μs (25.57% of Mean)
Skewness = -0.2, Kurtosis = 0.67, MValue = 2

// ** Remained 5 (83.3 %) benchmark(s) to run. Estimated finish 2026-10-10 19:52 (0h 0m from now) **
// **************************
// Benchmark: GDPRExportBenchmarks.'JSON export: 50 activities': ShortRun(IterationCount=3, LaunchCount=1, WarmupCount=3)
// *** Execute ***
// Launch: 1 / 1
// Execute: dotnet Encina.Benchmarks-ShortRun-1.dll --anonymousPipes 224 225 --benchmarkName Encina.Benchmarks.Compliance.GDPR.GDPRExportBenchmarks.JsonExport_50Activities --job ShortRun --benchmarkId 1 in /home/runner/work/Encina/Encina/tests/Encina.BenchmarkTests/Encina.Benchmarks/bin/Release/net10.0/Encina.Benchmarks-ShortRun-1/bin/Release/net10.0
// Failed to set up high priority (Permission denied). In order to run benchmarks with high priority, make sure you have the right permissions.
// BeforeAnythingElse

// Benchmark Process Environment Information:
// BenchmarkDotNet v0.15.8
// Runtime=.NET 10.0.12 (10.0.12, 10.0.1226.42308), X64 RyuJIT x86-64-v4
// GC=Concurrent Workstation
// HardwareIntrinsics=AVX512 BITALG+VBMI2+VNNI+VPOPCNTDQ,AVX512 IFMA+VBMI,AVX512 F+BW+CD+DQ+VL,AVX2+BMI1+BMI2+F16C+FMA+LZCNT+MOVBE,AVX,SSE3+SSSE3+SSE4.1+SSE4.2+POPCNT,X86Base+SSE+SSE2,AES+PCLMUL,AvxVnni VectorSize=256
// Job: ShortRun(IterationCount=3, LaunchCount=1, WarmupCount=3)

OverheadJitting  1: 1 op, 127273.00 ns, 127.2730 us/op
WorkloadJitting  1: 1 op, 59760996.00 ns, 59.7610 ms/op

WorkloadPilot    1: 2 op, 234374.00 ns, 117.1870 us/op
WorkloadPilot    2: 3 op, 353023.00 ns, 117.6743 us/op
WorkloadPilot    3: 4 op, 358030.00 ns, 89.5075 us/op
WorkloadPilot    4: 5 op, 436979.00 ns, 87.3958 us/op
WorkloadPilot    5: 6 op, 539875.00 ns, 89.9792 us/op
WorkloadPilot    6: 7 op, 621479.00 ns, 88.7827 us/op
WorkloadPilot    7: 8 op, 703883.00 ns, 87.9854 us/op
WorkloadPilot    8: 9 op, 762681.00 ns, 84.7423 us/op
WorkloadPilot    9: 10 op, 867801.00 ns, 86.7801 us/op
WorkloadPilot   10: 11 op, 972048.00 ns, 88.3680 us/op
WorkloadPilot   11: 12 op, 1053080.00 ns, 87.7567 us/op
WorkloadPilot   12: 13 op, 1138950.00 ns, 87.6115 us/op
WorkloadPilot   13: 14 op, 1217358.00 ns, 86.9541 us/op
WorkloadPilot   14: 15 op, 1303648.00 ns, 86.9099 us/op
WorkloadPilot   15: 16 op, 1382969.00 ns, 86.4356 us/op
WorkloadPilot   16: 32 op, 3023786.00 ns, 94.4933 us/op
WorkloadPilot   17: 64 op, 6556700.00 ns, 102.4484 us/op
WorkloadPilot   18: 128 op, 12649800.00 ns, 98.8266 us/op
WorkloadPilot   19: 256 op, 25447394.00 ns, 99.4039 us/op
WorkloadPilot   20: 512 op, 43164716.00 ns, 84.3061 us/op
WorkloadPilot   21: 1024 op, 83977081.00 ns, 82.0089 us/op
WorkloadPilot   22: 2048 op, 168096607.00 ns, 82.0784 us/op
WorkloadPilot   23: 4096 op, 329776586.00 ns, 80.5119 us/op
WorkloadPilot   24: 8192 op, 664036792.00 ns, 81.0592 us/op

WorkloadWarmup   1: 8192 op, 692024824.00 ns, 84.4757 us/op
WorkloadWarmup   2: 8192 op, 652029512.00 ns, 79.5934 us/op
WorkloadWarmup   3: 8192 op, 656874669.00 ns, 80.1849 us/op

// BeforeActualRun
WorkloadActual   1: 8192 op, 663969922.00 ns, 81.0510 us/op
WorkloadActual   2: 8192 op, 663573002.00 ns, 81.0026 us/op
WorkloadActual   3: 8192 op, 663960659.00 ns, 81.0499 us/op

// AfterActualRun
WorkloadResult   1: 8192 op, 663969922.00 ns, 81.0510 us/op
WorkloadResult   2: 8192 op, 663573002.00 ns, 81.0026 us/op
WorkloadResult   3: 8192 op, 663960659.00 ns, 81.0499 us/op
// GC:  27 0 0 467804480 8192
// Threading:  0 0 8192

// AfterAll
// Benchmark Process 3562 has exited with code 0.

Mean = 81.034 μs, StdErr = 0.016 μs (0.02%), N = 3, StdDev = 0.028 μs
Min = 81.003 μs, Q1 = 81.026 μs, Median = 81.050 μs, Q3 = 81.050 μs, Max = 81.051 μs
IQR = 0.024 μs, LowerFence = 80.990 μs, UpperFence = 81.087 μs
ConfidenceInterval = [80.530 μs; 81.539 μs] (CI 99.9%), Margin = 0.504 μs (0.62% of Mean)
Skewness = -0.38, Kurtosis = 0.67, MValue = 2

// ** Remained 4 (66.7 %) benchmark(s) to run. Estimated finish 2026-10-10 19:52 (0h 0m from now) **
// **************************
// Benchmark: GDPRExportBenchmarks.'JSON export: 200 activities': ShortRun(IterationCount=3, LaunchCount=1, WarmupCount=3)
// *** Execute ***
// Launch: 1 / 1
// Execute: dotnet Encina.Benchmarks-ShortRun-1.dll --anonymousPipes 224 225 --benchmarkName Encina.Benchmarks.Compliance.GDPR.GDPRExportBenchmarks.JsonExport_200Activities --job ShortRun --benchmarkId 2 in /home/runner/work/Encina/Encina/tests/Encina.BenchmarkTests/Encina.Benchmarks/bin/Release/net10.0/Encina.Benchmarks-ShortRun-1/bin/Release/net10.0
// Failed to set up high priority (Permission denied). In order to run benchmarks with high priority, make sure you have the right permissions.
// BeforeAnythingElse

// Benchmark Process Environment Information:
// BenchmarkDotNet v0.15.8
// Runtime=.NET 10.0.12 (10.0.12, 10.0.1226.42308), X64 RyuJIT x86-64-v4
// GC=Concurrent Workstation
// HardwareIntrinsics=AVX512 BITALG+VBMI2+VNNI+VPOPCNTDQ,AVX512 IFMA+VBMI,AVX512 F+BW+CD+DQ+VL,AVX2+BMI1+BMI2+F16C+FMA+LZCNT+MOVBE,AVX,SSE3+SSSE3+SSE4.1+SSE4.2+POPCNT,X86Base+SSE+SSE2,AES+PCLMUL,AvxVnni VectorSize=256
// Job: ShortRun(IterationCount=3, LaunchCount=1, WarmupCount=3)

OverheadJitting  1: 1 op, 132671.00 ns, 132.6710 us/op
WorkloadJitting  1: 1 op, 60320132.00 ns, 60.3201 ms/op

WorkloadPilot    1: 2 op, 776302.00 ns, 388.1510 us/op
WorkloadPilot    2: 3 op, 1137958.00 ns, 379.3193 us/op
WorkloadPilot    3: 4 op, 1502007.00 ns, 375.5018 us/op
WorkloadPilot    4: 5 op, 1859176.00 ns, 371.8352 us/op
WorkloadPilot    5: 6 op, 2244678.00 ns, 374.1130 us/op
WorkloadPilot    6: 7 op, 2603129.00 ns, 371.8756 us/op
WorkloadPilot    7: 8 op, 2982101.00 ns, 372.7626 us/op
WorkloadPilot    8: 9 op, 3358429.00 ns, 373.1588 us/op
WorkloadPilot    9: 10 op, 3757402.00 ns, 375.7402 us/op
WorkloadPilot   10: 11 op, 4102863.00 ns, 372.9875 us/op
WorkloadPilot   11: 12 op, 4448626.00 ns, 370.7188 us/op
WorkloadPilot   12: 13 op, 4817823.00 ns, 370.6018 us/op
WorkloadPilot   13: 14 op, 5213249.00 ns, 372.3749 us/op
WorkloadPilot   14: 15 op, 5581806.00 ns, 372.1204 us/op
WorkloadPilot   15: 16 op, 5938414.00 ns, 371.1509 us/op
WorkloadPilot   16: 32 op, 12433588.00 ns, 388.5496 us/op
WorkloadPilot   17: 64 op, 25363816.00 ns, 396.3096 us/op
WorkloadPilot   18: 128 op, 51016789.00 ns, 398.5687 us/op
WorkloadPilot   19: 256 op, 102425469.00 ns, 400.0995 us/op
WorkloadPilot   20: 512 op, 203697808.00 ns, 397.8473 us/op
WorkloadPilot   21: 1024 op, 403653877.00 ns, 394.1932 us/op
WorkloadPilot   22: 2048 op, 828747037.00 ns, 404.6616 us/op

WorkloadWarmup   1: 2048 op, 880577464.00 ns, 429.9695 us/op
WorkloadWarmup   2: 2048 op, 833427852.00 ns, 406.9472 us/op
WorkloadWarmup   3: 2048 op, 864304591.00 ns, 422.0237 us/op

// BeforeActualRun
WorkloadActual   1: 2048 op, 813464539.00 ns, 397.1995 us/op
WorkloadActual   2: 2048 op, 810888239.00 ns, 395.9415 us/op
WorkloadActual   3: 2048 op, 824318762.00 ns, 402.4994 us/op

// AfterActualRun
WorkloadResult   1: 2048 op, 813464539.00 ns, 397.1995 us/op
WorkloadResult   2: 2048 op, 810888239.00 ns, 395.9415 us/op
WorkloadResult   3: 2048 op, 824318762.00 ns, 402.4994 us/op
// GC:  113 113 113 461177936 2048
// Threading:  0 0 2048

// AfterAll
// Benchmark Process 3568 has exited with code 0.

Mean = 398.547 μs, StdErr = 2.009 μs (0.50%), N = 3, StdDev = 3.480 μs
Min = 395.942 μs, Q1 = 396.571 μs, Median = 397.199 μs, Q3 = 399.849 μs, Max = 402.499 μs
IQR = 3.279 μs, LowerFence = 391.652 μs, UpperFence = 404.768 μs
ConfidenceInterval = [335.052 μs; 462.041 μs] (CI 99.9%), Margin = 63.495 μs (15.93% of Mean)
Skewness = 0.33, Kurtosis = 0.67, MValue = 2

// ** Remained 3 (50.0 %) benchmark(s) to run. Estimated finish 2026-10-10 19:52 (0h 0m from now) **
// **************************
// Benchmark: GDPRExportBenchmarks.'CSV export: 10 activities': ShortRun(IterationCount=3, LaunchCount=1, WarmupCount=3)
// *** Execute ***
// Launch: 1 / 1
// Execute: dotnet Encina.Benchmarks-ShortRun-1.dll --anonymousPipes 224 225 --benchmarkName Encina.Benchmarks.Compliance.GDPR.GDPRExportBenchmarks.CsvExport_10Activities --job ShortRun --benchmarkId 3 in /home/runner/work/Encina/Encina/tests/Encina.BenchmarkTests/Encina.Benchmarks/bin/Release/net10.0/Encina.Benchmarks-ShortRun-1/bin/Release/net10.0
// Failed to set up high priority (Permission denied). In order to run benchmarks with high priority, make sure you have the right permissions.
// BeforeAnythingElse

// Benchmark Process Environment Information:
// BenchmarkDotNet v0.15.8
// Runtime=.NET 10.0.12 (10.0.12, 10.0.1226.42308), X64 RyuJIT x86-64-v4
// GC=Concurrent Workstation
// HardwareIntrinsics=AVX512 BITALG+VBMI2+VNNI+VPOPCNTDQ,AVX512 IFMA+VBMI,AVX512 F+BW+CD+DQ+VL,AVX2+BMI1+BMI2+F16C+FMA+LZCNT+MOVBE,AVX,SSE3+SSSE3+SSE4.1+SSE4.2+POPCNT,X86Base+SSE+SSE2,AES+PCLMUL,AvxVnni VectorSize=256
// Job: ShortRun(IterationCount=3, LaunchCount=1, WarmupCount=3)

OverheadJitting  1: 1 op, 130337.00 ns, 130.3370 us/op
WorkloadJitting  1: 1 op, 18158418.00 ns, 18.1584 ms/op

OverheadJitting  2: 16 op, 224008.00 ns, 14.0005 us/op
WorkloadJitting  2: 16 op, 788210.00 ns, 49.2631 us/op

WorkloadPilot    1: 16 op, 486764.00 ns, 30.4228 us/op
WorkloadPilot    2: 32 op, 616691.00 ns, 19.2716 us/op
WorkloadPilot    3: 64 op, 1509329.00 ns, 23.5833 us/op
WorkloadPilot    4: 128 op, 3235684.00 ns, 25.2788 us/op
WorkloadPilot    5: 256 op, 6246448.00 ns, 24.4002 us/op
WorkloadPilot    6: 512 op, 5709368.00 ns, 11.1511 us/op
WorkloadPilot    7: 1024 op, 8207499.00 ns, 8.0151 us/op
WorkloadPilot    8: 2048 op, 15685787.00 ns, 7.6591 us/op
WorkloadPilot    9: 4096 op, 31069377.00 ns, 7.5853 us/op
WorkloadPilot   10: 8192 op, 61074728.00 ns, 7.4554 us/op
WorkloadPilot   11: 16384 op, 123003094.00 ns, 7.5075 us/op
WorkloadPilot   12: 32768 op, 246112749.00 ns, 7.5108 us/op
WorkloadPilot   13: 65536 op, 493125135.00 ns, 7.5245 us/op
WorkloadPilot   14: 131072 op, 979007597.00 ns, 7.4692 us/op

OverheadWarmup   1: 131072 op, 158950.00 ns, 1.2127 ns/op
OverheadWarmup   2: 131072 op, 186151.00 ns, 1.4202 ns/op
OverheadWarmup   3: 131072 op, 162676.00 ns, 1.2411 ns/op
OverheadWarmup   4: 131072 op, 178449.00 ns, 1.3615 ns/op
OverheadWarmup   5: 131072 op, 158489.00 ns, 1.2092 ns/op

OverheadActual   1: 131072 op, 161213.00 ns, 1.2300 ns/op
OverheadActual   2: 131072 op, 159631.00 ns, 1.2179 ns/op
OverheadActual   3: 131072 op, 160692.00 ns, 1.2260 ns/op
OverheadActual   4: 131072 op, 159801.00 ns, 1.2192 ns/op
OverheadActual   5: 131072 op, 164429.00 ns, 1.2545 ns/op
OverheadActual   6: 131072 op, 163667.00 ns, 1.2487 ns/op
OverheadActual   7: 131072 op, 163627.00 ns, 1.2484 ns/op
OverheadActual   8: 131072 op, 172831.00 ns, 1.3186 ns/op
OverheadActual   9: 131072 op, 163507.00 ns, 1.2475 ns/op
OverheadActual  10: 131072 op, 207022.00 ns, 1.5795 ns/op
OverheadActual  11: 131072 op, 163306.00 ns, 1.2459 ns/op
OverheadActual  12: 131072 op, 204899.00 ns, 1.5633 ns/op
OverheadActual  13: 131072 op, 163217.00 ns, 1.2452 ns/op
OverheadActual  14: 131072 op, 205520.00 ns, 1.5680 ns/op
OverheadActual  15: 131072 op, 163247.00 ns, 1.2455 ns/op

WorkloadWarmup   1: 131072 op, 1007782370.00 ns, 7.6888 us/op
WorkloadWarmup   2: 131072 op, 970314465.00 ns, 7.4029 us/op
WorkloadWarmup   3: 131072 op, 976634405.00 ns, 7.4511 us/op

// BeforeActualRun
WorkloadActual   1: 131072 op, 999527810.00 ns, 7.6258 us/op
WorkloadActual   2: 131072 op, 975689168.00 ns, 7.4439 us/op
WorkloadActual   3: 131072 op, 1008044629.00 ns, 7.6908 us/op

// AfterActualRun
WorkloadResult   1: 131072 op, 999364303.00 ns, 7.6245 us/op
WorkloadResult   2: 131072 op, 975525661.00 ns, 7.4427 us/op
WorkloadResult   3: 131072 op, 1007881122.00 ns, 7.6895 us/op
// GC:  440 31 0 7370853480 131072
// Threading:  0 0 131072

// AfterAll
// Benchmark Process 3575 has exited with code 0.

Mean = 7.586 μs, StdErr = 0.074 μs (0.97%), N = 3, StdDev = 0.128 μs
Min = 7.443 μs, Q1 = 7.534 μs, Median = 7.625 μs, Q3 = 7.657 μs, Max = 7.690 μs
IQR = 0.123 μs, LowerFence = 7.348 μs, UpperFence = 7.842 μs
ConfidenceInterval = [5.251 μs; 9.920 μs] (CI 99.9%), Margin = 2.334 μs (30.77% of Mean)
Skewness = -0.28, Kurtosis = 0.67, MValue = 2

// ** Remained 2 (33.3 %) benchmark(s) to run. Estimated finish 2026-10-10 19:52 (0h 0m from now) **
// **************************
// Benchmark: GDPRExportBenchmarks.'CSV export: 50 activities': ShortRun(IterationCount=3, LaunchCount=1, WarmupCount=3)
// *** Execute ***
// Launch: 1 / 1
// Execute: dotnet Encina.Benchmarks-ShortRun-1.dll --anonymousPipes 224 225 --benchmarkName Encina.Benchmarks.Compliance.GDPR.GDPRExportBenchmarks.CsvExport_50Activities --job ShortRun --benchmarkId 4 in /home/runner/work/Encina/Encina/tests/Encina.BenchmarkTests/Encina.Benchmarks/bin/Release/net10.0/Encina.Benchmarks-ShortRun-1/bin/Release/net10.0
// Failed to set up high priority (Permission denied). In order to run benchmarks with high priority, make sure you have the right permissions.
// BeforeAnythingElse

// Benchmark Process Environment Information:
// BenchmarkDotNet v0.15.8
// Runtime=.NET 10.0.12 (10.0.12, 10.0.1226.42308), X64 RyuJIT x86-64-v4
// GC=Concurrent Workstation
// HardwareIntrinsics=AVX512 BITALG+VBMI2+VNNI+VPOPCNTDQ,AVX512 IFMA+VBMI,AVX512 F+BW+CD+DQ+VL,AVX2+BMI1+BMI2+F16C+FMA+LZCNT+MOVBE,AVX,SSE3+SSSE3+SSE4.1+SSE4.2+POPCNT,X86Base+SSE+SSE2,AES+PCLMUL,AvxVnni VectorSize=256
// Job: ShortRun(IterationCount=3, LaunchCount=1, WarmupCount=3)

OverheadJitting  1: 1 op, 132831.00 ns, 132.8310 us/op
WorkloadJitting  1: 1 op, 18291203.00 ns, 18.2912 ms/op

OverheadJitting  2: 16 op, 217709.00 ns, 13.6068 us/op
WorkloadJitting  2: 16 op, 2433032.00 ns, 152.0645 us/op

WorkloadPilot    1: 16 op, 2131507.00 ns, 133.2192 us/op
WorkloadPilot    2: 32 op, 2619183.00 ns, 81.8495 us/op
WorkloadPilot    3: 64 op, 6923548.00 ns, 108.1804 us/op
WorkloadPilot    4: 128 op, 5789867.00 ns, 45.2333 us/op
WorkloadPilot    5: 256 op, 8653810.00 ns, 33.8039 us/op
WorkloadPilot    6: 512 op, 17049950.00 ns, 33.3007 us/op
WorkloadPilot    7: 1024 op, 33353582.00 ns, 32.5719 us/op
WorkloadPilot    8: 2048 op, 69192405.00 ns, 33.7854 us/op
WorkloadPilot    9: 4096 op, 137408407.00 ns, 33.5470 us/op
WorkloadPilot   10: 8192 op, 268153700.00 ns, 32.7336 us/op
WorkloadPilot   11: 16384 op, 552026250.00 ns, 33.6930 us/op

OverheadWarmup   1: 16384 op, 25488.00 ns, 1.5557 ns/op
OverheadWarmup   2: 16384 op, 18899.00 ns, 1.1535 ns/op
OverheadWarmup   3: 16384 op, 18628.00 ns, 1.1370 ns/op
OverheadWarmup   4: 16384 op, 18628.00 ns, 1.1370 ns/op
OverheadWarmup   5: 16384 op, 18748.00 ns, 1.1443 ns/op
OverheadWarmup   6: 16384 op, 18698.00 ns, 1.1412 ns/op
OverheadWarmup   7: 16384 op, 18598.00 ns, 1.1351 ns/op
OverheadWarmup   8: 16384 op, 18678.00 ns, 1.1400 ns/op

OverheadActual   1: 16384 op, 18919.00 ns, 1.1547 ns/op
OverheadActual   2: 16384 op, 18859.00 ns, 1.1511 ns/op
OverheadActual   3: 16384 op, 18768.00 ns, 1.1455 ns/op
OverheadActual   4: 16384 op, 18678.00 ns, 1.1400 ns/op
OverheadActual   5: 16384 op, 18758.00 ns, 1.1449 ns/op
OverheadActual   6: 16384 op, 18548.00 ns, 1.1321 ns/op
OverheadActual   7: 16384 op, 18528.00 ns, 1.1309 ns/op
OverheadActual   8: 16384 op, 18498.00 ns, 1.1290 ns/op
OverheadActual   9: 16384 op, 24978.00 ns, 1.5245 ns/op
OverheadActual  10: 16384 op, 24928.00 ns, 1.5215 ns/op
OverheadActual  11: 16384 op, 25308.00 ns, 1.5447 ns/op
OverheadActual  12: 16384 op, 24557.00 ns, 1.4988 ns/op
OverheadActual  13: 16384 op, 25609.00 ns, 1.5630 ns/op
OverheadActual  14: 16384 op, 27341.00 ns, 1.6688 ns/op
OverheadActual  15: 16384 op, 18538.00 ns, 1.1315 ns/op
OverheadActual  16: 16384 op, 23526.00 ns, 1.4359 ns/op
OverheadActual  17: 16384 op, 45209.00 ns, 2.7593 ns/op
OverheadActual  18: 16384 op, 18789.00 ns, 1.1468 ns/op
OverheadActual  19: 16384 op, 18678.00 ns, 1.1400 ns/op
OverheadActual  20: 16384 op, 24147.00 ns, 1.4738 ns/op

WorkloadWarmup   1: 16384 op, 538979201.00 ns, 32.8967 us/op
WorkloadWarmup   2: 16384 op, 543432612.00 ns, 33.1685 us/op
WorkloadWarmup   3: 16384 op, 532941561.00 ns, 32.5282 us/op

// BeforeActualRun
WorkloadActual   1: 16384 op, 548640010.00 ns, 33.4863 us/op
WorkloadActual   2: 16384 op, 562644564.00 ns, 34.3411 us/op
WorkloadActual   3: 16384 op, 547736807.00 ns, 33.4312 us/op

// AfterActualRun
WorkloadResult   1: 16384 op, 548621121.00 ns, 33.4852 us/op
WorkloadResult   2: 16384 op, 562625675.00 ns, 34.3399 us/op
WorkloadResult   3: 16384 op, 547717918.00 ns, 33.4300 us/op
// GC:  233 38 0 3909048208 16384
// Threading:  0 0 16384

// AfterAll
// Benchmark Process 3585 has exited with code 0.

Mean = 33.752 μs, StdErr = 0.295 μs (0.87%), N = 3, StdDev = 0.510 μs
Min = 33.430 μs, Q1 = 33.458 μs, Median = 33.485 μs, Q3 = 33.913 μs, Max = 34.340 μs
IQR = 0.455 μs, LowerFence = 32.775 μs, UpperFence = 34.595 μs
ConfidenceInterval = [24.444 μs; 43.059 μs] (CI 99.9%), Margin = 9.307 μs (27.58% of Mean)
Skewness = 0.38, Kurtosis = 0.67, MValue = 2

// ** Remained 1 (16.7 %) benchmark(s) to run. Estimated finish 2026-10-10 19:52 (0h 0m from now) **
// **************************
// Benchmark: GDPRExportBenchmarks.'CSV export: 200 activities': ShortRun(IterationCount=3, LaunchCount=1, WarmupCount=3)
// *** Execute ***
// Launch: 1 / 1
// Execute: dotnet Encina.Benchmarks-ShortRun-1.dll --anonymousPipes 224 225 --benchmarkName Encina.Benchmarks.Compliance.GDPR.GDPRExportBenchmarks.CsvExport_200Activities --job ShortRun --benchmarkId 5 in /home/runner/work/Encina/Encina/tests/Encina.BenchmarkTests/Encina.Benchmarks/bin/Release/net10.0/Encina.Benchmarks-ShortRun-1/bin/Release/net10.0
// Failed to set up high priority (Permission denied). In order to run benchmarks with high priority, make sure you have the right permissions.
// BeforeAnythingElse

// Benchmark Process Environment Information:
// BenchmarkDotNet v0.15.8
// Runtime=.NET 10.0.12 (10.0.12, 10.0.1226.42308), X64 RyuJIT x86-64-v4
// GC=Concurrent Workstation
// HardwareIntrinsics=AVX512 BITALG+VBMI2+VNNI+VPOPCNTDQ,AVX512 IFMA+VBMI,AVX512 F+BW+CD+DQ+VL,AVX2+BMI1+BMI2+F16C+FMA+LZCNT+MOVBE,AVX,SSE3+SSSE3+SSE4.1+SSE4.2+POPCNT,X86Base+SSE+SSE2,AES+PCLMUL,AvxVnni VectorSize=256
// Job: ShortRun(IterationCount=3, LaunchCount=1, WarmupCount=3)

OverheadJitting  1: 1 op, 163547.00 ns, 163.5470 us/op
WorkloadJitting  1: 1 op, 18991509.00 ns, 18.9915 ms/op

OverheadJitting  2: 16 op, 222656.00 ns, 13.9160 us/op
WorkloadJitting  2: 16 op, 8741281.00 ns, 546.3301 us/op

WorkloadPilot    1: 16 op, 4966014.00 ns, 310.3759 us/op
WorkloadPilot    2: 32 op, 13087790.00 ns, 408.9934 us/op
WorkloadPilot    3: 64 op, 17039184.00 ns, 266.2373 us/op
WorkloadPilot    4: 128 op, 30704875.00 ns, 239.8818 us/op
WorkloadPilot    5: 256 op, 60740130.00 ns, 237.2661 us/op
WorkloadPilot    6: 512 op, 122099506.00 ns, 238.4756 us/op
WorkloadPilot    7: 1024 op, 242678006.00 ns, 236.9902 us/op
WorkloadPilot    8: 2048 op, 484850989.00 ns, 236.7436 us/op
WorkloadPilot    9: 4096 op, 930960988.00 ns, 227.2854 us/op

OverheadWarmup   1: 4096 op, 8994.00 ns, 2.1958 ns/op
OverheadWarmup   2: 4096 op, 8824.00 ns, 2.1543 ns/op
OverheadWarmup   3: 4096 op, 8353.00 ns, 2.0393 ns/op
OverheadWarmup   4: 4096 op, 8422.00 ns, 2.0562 ns/op
OverheadWarmup   5: 4096 op, 8473.00 ns, 2.0686 ns/op
OverheadWarmup   6: 4096 op, 8363.00 ns, 2.0417 ns/op
OverheadWarmup   7: 4096 op, 8142.00 ns, 1.9878 ns/op
OverheadWarmup   8: 4096 op, 8532.00 ns, 2.0830 ns/op
OverheadWarmup   9: 4096 op, 8062.00 ns, 1.9683 ns/op

OverheadActual   1: 4096 op, 8753.00 ns, 2.1370 ns/op
OverheadActual   2: 4096 op, 8713.00 ns, 2.1272 ns/op
OverheadActual   3: 4096 op, 8654.00 ns, 2.1128 ns/op
OverheadActual   4: 4096 op, 8173.00 ns, 1.9954 ns/op
OverheadActual   5: 4096 op, 7682.00 ns, 1.8755 ns/op
OverheadActual   6: 4096 op, 8443.00 ns, 2.0613 ns/op
OverheadActual   7: 4096 op, 8493.00 ns, 2.0735 ns/op
OverheadActual   8: 4096 op, 8223.00 ns, 2.0076 ns/op
OverheadActual   9: 4096 op, 8473.00 ns, 2.0686 ns/op
OverheadActual  10: 4096 op, 8503.00 ns, 2.0759 ns/op
OverheadActual  11: 4096 op, 8133.00 ns, 1.9856 ns/op
OverheadActual  12: 4096 op, 8212.00 ns, 2.0049 ns/op
OverheadActual  13: 4096 op, 8152.00 ns, 1.9902 ns/op
OverheadActual  14: 4096 op, 4767.00 ns, 1.1638 ns/op
OverheadActual  15: 4096 op, 8062.00 ns, 1.9683 ns/op
OverheadActual  16: 4096 op, 8142.00 ns, 1.9878 ns/op
OverheadActual  17: 4096 op, 7902.00 ns, 1.9292 ns/op
OverheadActual  18: 4096 op, 8432.00 ns, 2.0586 ns/op
OverheadActual  19: 4096 op, 8152.00 ns, 1.9902 ns/op
OverheadActual  20: 4096 op, 8082.00 ns, 1.9731 ns/op

WorkloadWarmup   1: 4096 op, 944242511.00 ns, 230.5280 us/op
WorkloadWarmup   2: 4096 op, 948600871.00 ns, 231.5920 us/op
WorkloadWarmup   3: 4096 op, 978484574.00 ns, 238.8878 us/op

// BeforeActualRun
WorkloadActual   1: 4096 op, 935847555.00 ns, 228.4784 us/op
WorkloadActual   2: 4096 op, 963646551.00 ns, 235.2653 us/op
WorkloadActual   3: 4096 op, 945037690.00 ns, 230.7221 us/op

// AfterActualRun
WorkloadResult   1: 4096 op, 935839362.50 ns, 228.4764 us/op
WorkloadResult   2: 4096 op, 963638358.50 ns, 235.2633 us/op
WorkloadResult   3: 4096 op, 945029497.50 ns, 230.7201 us/op
// GC:  204 204 204 3827104072 4096
// Threading:  0 0 4096

// AfterAll
// Benchmark Process 3591 has exited with code 0.

Mean = 231.487 μs, StdErr = 1.996 μs (0.86%), N = 3, StdDev = 3.458 μs
Min = 228.476 μs, Q1 = 229.598 μs, Median = 230.720 μs, Q3 = 232.992 μs, Max = 235.263 μs
IQR = 3.393 μs, LowerFence = 224.508 μs, UpperFence = 238.082 μs
ConfidenceInterval = [168.404 μs; 294.569 μs] (CI 99.9%), Margin = 63.082 μs (27.25% of Mean)
Skewness = 0.21, Kurtosis = 0.67, MValue = 2

// ** Remained 0 (0.0 %) benchmark(s) to run. Estimated finish 2026-10-10 19:52 (0h 0m from now) **
// ***** BenchmarkRunner: Finish  *****

// * Export *
  artifacts/performance/Core/results/Encina.Benchmarks.Compliance.GDPR.GDPRExportBenchmarks-report.csv
  artifacts/performance/Core/results/Encina.Benchmarks.Compliance.GDPR.GDPRExportBenchmarks-report-github.md
  artifacts/performance/Core/results/Encina.Benchmarks.Compliance.GDPR.GDPRExportBenchmarks-report.html
  artifacts/performance/Core/results/Encina.Benchmarks.Compliance.GDPR.GDPRExportBenchmarks-report-full-compressed.json

// * Detailed results *
GDPRExportBenchmarks.'JSON export: 10 activities': ShortRun(IterationCount=3, LaunchCount=1, WarmupCount=3)
Runtime = .NET 10.0.12 (10.0.12, 10.0.1226.42308), X64 RyuJIT x86-64-v4; GC = Concurrent Workstation
Mean = 17.450 μs, StdErr = 0.141 μs (0.81%), N = 3, StdDev = 0.245 μs
Min = 17.184 μs, Q1 = 17.342 μs, Median = 17.500 μs, Q3 = 17.583 μs, Max = 17.665 μs
IQR = 0.241 μs, LowerFence = 16.981 μs, UpperFence = 17.944 μs
ConfidenceInterval = [12.987 μs; 21.912 μs] (CI 99.9%), Margin = 4.462 μs (25.57% of Mean)
Skewness = -0.2, Kurtosis = 0.67, MValue = 2
-------------------- Histogram --------------------
[16.961 μs ; 17.360 μs) | @
[17.360 μs ; 17.888 μs) | @@
---------------------------------------------------

GDPRExportBenchmarks.'JSON export: 50 activities': ShortRun(IterationCount=3, LaunchCount=1, WarmupCount=3)
Runtime = .NET 10.0.12 (10.0.12, 10.0.1226.42308), X64 RyuJIT x86-64-v4; GC = Concurrent Workstation
Mean = 81.034 μs, StdErr = 0.016 μs (0.02%), N = 3, StdDev = 0.028 μs
Min = 81.003 μs, Q1 = 81.026 μs, Median = 81.050 μs, Q3 = 81.050 μs, Max = 81.051 μs
IQR = 0.024 μs, LowerFence = 80.990 μs, UpperFence = 81.087 μs
ConfidenceInterval = [80.530 μs; 81.539 μs] (CI 99.9%), Margin = 0.504 μs (0.62% of Mean)
Skewness = -0.38, Kurtosis = 0.67, MValue = 2
-------------------- Histogram --------------------
[81.002 μs ; 81.052 μs) | @@@
---------------------------------------------------

GDPRExportBenchmarks.'JSON export: 200 activities': ShortRun(IterationCount=3, LaunchCount=1, WarmupCount=3)
Runtime = .NET 10.0.12 (10.0.12, 10.0.1226.42308), X64 RyuJIT x86-64-v4; GC = Concurrent Workstation
Mean = 398.547 μs, StdErr = 2.009 μs (0.50%), N = 3, StdDev = 3.480 μs
Min = 395.942 μs, Q1 = 396.571 μs, Median = 397.199 μs, Q3 = 399.849 μs, Max = 402.499 μs
IQR = 3.279 μs, LowerFence = 391.652 μs, UpperFence = 404.768 μs
ConfidenceInterval = [335.052 μs; 462.041 μs] (CI 99.9%), Margin = 63.495 μs (15.93% of Mean)
Skewness = 0.33, Kurtosis = 0.67, MValue = 2
-------------------- Histogram --------------------
[392.774 μs ; 405.667 μs) | @@@
---------------------------------------------------

GDPRExportBenchmarks.'CSV export: 10 activities': ShortRun(IterationCount=3, LaunchCount=1, WarmupCount=3)
Runtime = .NET 10.0.12 (10.0.12, 10.0.1226.42308), X64 RyuJIT x86-64-v4; GC = Concurrent Workstation
Mean = 7.586 μs, StdErr = 0.074 μs (0.97%), N = 3, StdDev = 0.128 μs
Min = 7.443 μs, Q1 = 7.534 μs, Median = 7.625 μs, Q3 = 7.657 μs, Max = 7.690 μs
IQR = 0.123 μs, LowerFence = 7.348 μs, UpperFence = 7.842 μs
ConfidenceInterval = [5.251 μs; 9.920 μs] (CI 99.9%), Margin = 2.334 μs (30.77% of Mean)
Skewness = -0.28, Kurtosis = 0.67, MValue = 2
-------------------- Histogram --------------------
[7.326 μs ; 7.541 μs) | @
[7.541 μs ; 7.806 μs) | @@
---------------------------------------------------

GDPRExportBenchmarks.'CSV export: 50 activities': ShortRun(IterationCount=3, LaunchCount=1, WarmupCount=3)
Runtime = .NET 10.0.12 (10.0.12, 10.0.1226.42308), X64 RyuJIT x86-64-v4; GC = Concurrent Workstation
Mean = 33.752 μs, StdErr = 0.295 μs (0.87%), N = 3, StdDev = 0.510 μs
Min = 33.430 μs, Q1 = 33.458 μs, Median = 33.485 μs, Q3 = 33.913 μs, Max = 34.340 μs
IQR = 0.455 μs, LowerFence = 32.775 μs, UpperFence = 34.595 μs
ConfidenceInterval = [24.444 μs; 43.059 μs] (CI 99.9%), Margin = 9.307 μs (27.58% of Mean)
Skewness = 0.38, Kurtosis = 0.67, MValue = 2
-------------------- Histogram --------------------
[33.421 μs ; 34.349 μs) | @@@
---------------------------------------------------

GDPRExportBenchmarks.'CSV export: 200 activities': ShortRun(IterationCount=3, LaunchCount=1, WarmupCount=3)
Runtime = .NET 10.0.12 (10.0.12, 10.0.1226.42308), X64 RyuJIT x86-64-v4; GC = Concurrent Workstation
Mean = 231.487 μs, StdErr = 1.996 μs (0.86%), N = 3, StdDev = 3.458 μs
Min = 228.476 μs, Q1 = 229.598 μs, Median = 230.720 μs, Q3 = 232.992 μs, Max = 235.263 μs
IQR = 3.393 μs, LowerFence = 224.508 μs, UpperFence = 238.082 μs
ConfidenceInterval = [168.404 μs; 294.569 μs] (CI 99.9%), Margin = 63.082 μs (27.25% of Mean)
Skewness = 0.21, Kurtosis = 0.67, MValue = 2
-------------------- Histogram --------------------
[226.452 μs ; 232.745 μs) | @@
[232.745 μs ; 238.410 μs) | @
---------------------------------------------------

// * Summary *

BenchmarkDotNet v0.15.8, Linux Ubuntu 24.04.5 LTS (Noble Numbat)
AMD EPYC 9V45 2.60GHz, 1 CPU, 4 logical and 2 physical cores
.NET SDK 10.0.401
  [Host]   : .NET 10.0.12 (10.0.12, 10.0.1226.42308), X64 RyuJIT x86-64-v4
  ShortRun : .NET 10.0.12 (10.0.12, 10.0.1226.42308), X64 RyuJIT x86-64-v4

Job=ShortRun  IterationCount=3  LaunchCount=1  
WarmupCount=3  

| Method                        | Mean       | Error      | StdDev    | Ratio | RatioSD | Rank | Gen0    | Gen1    | Gen2    | Allocated | Alloc Ratio |
|------------------------------ |-----------:|-----------:|----------:|------:|--------:|-----:|--------:|--------:|--------:|----------:|------------:|
| 'JSON export: 10 activities'  |  17.450 μs |  4.4623 μs | 0.2446 μs |  1.00 |    0.02 |    2 |  0.7324 |       - |       - |  12.05 KB |        1.00 |
| 'JSON export: 50 activities'  |  81.034 μs |  0.5045 μs | 0.0277 μs |  4.64 |    0.06 |    4 |  3.2959 |       - |       - |  55.77 KB |        4.63 |
| 'JSON export: 200 activities' | 398.547 μs | 63.4946 μs | 3.4804 μs | 22.84 |    0.33 |    6 | 55.1758 | 55.1758 | 55.1758 | 219.91 KB |       18.24 |
| 'CSV export: 10 activities'   |   7.586 μs |  2.3344 μs | 0.1280 μs |  0.43 |    0.01 |    1 |  3.3569 |  0.2365 |       - |  54.92 KB |        4.56 |
| 'CSV export: 50 activities'   |  33.752 μs |  9.3072 μs | 0.5102 μs |  1.93 |    0.03 |    3 | 14.2212 |  2.3193 |       - |    233 KB |       19.33 |
| 'CSV export: 200 activities'  | 231.487 μs | 63.0822 μs | 3.4577 μs | 13.27 |    0.24 |    5 | 49.8047 | 49.8047 | 49.8047 | 912.45 KB |       75.69 |
// * Config Issues *

// * Warnings *
Configuration
  Summary -> The exporter CsvExporter is already present in configuration. There may be unexpected results.
  Summary -> The exporter HtmlExporter is already present in configuration. There may be unexpected results.
  Summary -> The exporter MarkdownExporter-github is already present in configuration. There may be unexpected results.

// * Legends *
  Mean        : Arithmetic mean of all measurements
  Error       : Half of 99.9% confidence interval
  StdDev      : Standard deviation of all measurements
  Ratio       : Mean of the ratio distribution ([Current]/[Baseline])
  RatioSD     : Standard deviation of the ratio distribution ([Current]/[Baseline])
  Rank        : Relative position of current benchmark mean among all benchmarks (Arabic style)
  Gen0        : GC Generation 0 collects per 1000 operations
  Gen1        : GC Generation 1 collects per 1000 operations
  Gen2        : GC Generation 2 collects per 1000 operations
  Allocated   : Allocated memory per single operation (managed only, inclusive, 1KB = 1024B)
  Alloc Ratio : Allocated memory ratio distribution ([Current]/[Baseline])
  1 μs        : 1 Microsecond (0.000001 sec)

// * Diagnostic Output - MemoryDiagnoser *


// ***** BenchmarkRunner: End *****
Run time: 00:00:42 (42.66 sec), executed benchmarks: 6

Global total time: 00:02:42 (162.92 sec), executed benchmarks: 6
// * Artifacts cleanup *
Artifacts cleanup is finished
