// Validating benchmarks:
// ***** BenchmarkRunner: Start   *****
// ***** Found 4 benchmark(s) in total *****
// ***** Building 1 exe(s) in Parallel: Start   *****
// start dotnet  restore --nodeReuse:false /p:UseSharedCompilation=false /p:Deterministic=true /p:Optimize=true /p:ArtifactsPath="/home/runner/work/Encina/Encina/tests/Encina.BenchmarkTests/Encina.Polly.Benchmarks/bin/Release/net10.0/Encina.Polly.Benchmarks-Job-NTRUNJ-1/" /p:OutDir="/home/runner/work/Encina/Encina/tests/Encina.BenchmarkTests/Encina.Polly.Benchmarks/bin/Release/net10.0/Encina.Polly.Benchmarks-Job-NTRUNJ-1/bin/Release/net10.0/" /p:OutputPath="/home/runner/work/Encina/Encina/tests/Encina.BenchmarkTests/Encina.Polly.Benchmarks/bin/Release/net10.0/Encina.Polly.Benchmarks-Job-NTRUNJ-1/bin/Release/net10.0/" /p:PublishDir="/home/runner/work/Encina/Encina/tests/Encina.BenchmarkTests/Encina.Polly.Benchmarks/bin/Release/net10.0/Encina.Polly.Benchmarks-Job-NTRUNJ-1/publish/" in /home/runner/work/Encina/Encina/tests/Encina.BenchmarkTests/Encina.Polly.Benchmarks/bin/Release/net10.0/Encina.Polly.Benchmarks-Job-NTRUNJ-1
// command took 2.69 sec and exited with 0
// start dotnet  build -c Release --no-restore --nodeReuse:false /p:UseSharedCompilation=false /p:Deterministic=true /p:Optimize=true /p:ArtifactsPath="/home/runner/work/Encina/Encina/tests/Encina.BenchmarkTests/Encina.Polly.Benchmarks/bin/Release/net10.0/Encina.Polly.Benchmarks-Job-NTRUNJ-1/" /p:OutDir="/home/runner/work/Encina/Encina/tests/Encina.BenchmarkTests/Encina.Polly.Benchmarks/bin/Release/net10.0/Encina.Polly.Benchmarks-Job-NTRUNJ-1/bin/Release/net10.0/" /p:OutputPath="/home/runner/work/Encina/Encina/tests/Encina.BenchmarkTests/Encina.Polly.Benchmarks/bin/Release/net10.0/Encina.Polly.Benchmarks-Job-NTRUNJ-1/bin/Release/net10.0/" /p:PublishDir="/home/runner/work/Encina/Encina/tests/Encina.BenchmarkTests/Encina.Polly.Benchmarks/bin/Release/net10.0/Encina.Polly.Benchmarks-Job-NTRUNJ-1/publish/" --output "/home/runner/work/Encina/Encina/tests/Encina.BenchmarkTests/Encina.Polly.Benchmarks/bin/Release/net10.0/Encina.Polly.Benchmarks-Job-NTRUNJ-1/bin/Release/net10.0/" in /home/runner/work/Encina/Encina/tests/Encina.BenchmarkTests/Encina.Polly.Benchmarks/bin/Release/net10.0/Encina.Polly.Benchmarks-Job-NTRUNJ-1
// command took 30.06 sec and exited with 0
// ***** Done, took 00:00:32 (32.9 sec)   *****
// Found 4 benchmarks:
//   RetryBenchmarks.NoRetryAttribute_Baseline: Job-NTRUNJ(IterationCount=5, WarmupCount=3)
//   RetryBenchmarks.NoRetryAttribute_Baseline: ShortRun(IterationCount=3, LaunchCount=1, WarmupCount=3)
//   RetryBenchmarks.WithRetryAttribute_NoActualRetries: Job-NTRUNJ(IterationCount=5, WarmupCount=3)
//   RetryBenchmarks.WithRetryAttribute_NoActualRetries: ShortRun(IterationCount=3, LaunchCount=1, WarmupCount=3)

// **************************
// Benchmark: RetryBenchmarks.NoRetryAttribute_Baseline: Job-NTRUNJ(IterationCount=5, WarmupCount=3)
// *** Execute ***
// Launch: 1 / 1
// Execute: dotnet Encina.Polly.Benchmarks-Job-NTRUNJ-1.dll --anonymousPipes 140 141 --benchmarkName Encina.Polly.Benchmarks.RetryBenchmarks.NoRetryAttribute_Baseline --job "IterationCount=5, WarmupCount=3" --benchmarkId 0 in /home/runner/work/Encina/Encina/tests/Encina.BenchmarkTests/Encina.Polly.Benchmarks/bin/Release/net10.0/Encina.Polly.Benchmarks-Job-NTRUNJ-1/bin/Release/net10.0
// Failed to set up high priority (Permission denied). In order to run benchmarks with high priority, make sure you have the right permissions.
// BeforeAnythingElse

// Benchmark Process Environment Information:
// BenchmarkDotNet v0.15.8
// Runtime=.NET 10.0.12 (10.0.12, 10.0.1226.42308), X64 RyuJIT x86-64-v3
// GC=Concurrent Workstation
// HardwareIntrinsics=AVX2+BMI1+BMI2+F16C+FMA+LZCNT+MOVBE,AVX,SSE3+SSSE3+SSE4.1+SSE4.2+POPCNT,X86Base+SSE+SSE2,AES+PCLMUL VectorSize=256
// Job: Job-NTRUNJ(IterationCount=5, WarmupCount=3)

OverheadJitting  1: 1 op, 168114.00 ns, 168.1140 us/op
WorkloadJitting  1: 1 op, 41607911.00 ns, 41.6079 ms/op

WorkloadPilot    1: 2 op, 234038.00 ns, 117.0190 us/op
WorkloadPilot    2: 3 op, 20037.00 ns, 6.6790 us/op
WorkloadPilot    3: 4 op, 19326.00 ns, 4.8315 us/op
WorkloadPilot    4: 5 op, 28403.00 ns, 5.6806 us/op
WorkloadPilot    5: 6 op, 20158.00 ns, 3.3597 us/op
WorkloadPilot    6: 7 op, 29366.00 ns, 4.1951 us/op
WorkloadPilot    7: 8 op, 30216.00 ns, 3.7770 us/op
WorkloadPilot    8: 9 op, 56225.00 ns, 6.2472 us/op
WorkloadPilot    9: 10 op, 32420.00 ns, 3.2420 us/op
WorkloadPilot   10: 11 op, 32641.00 ns, 2.9674 us/op
WorkloadPilot   11: 12 op, 33753.00 ns, 2.8128 us/op
WorkloadPilot   12: 13 op, 33743.00 ns, 2.5956 us/op
WorkloadPilot   13: 14 op, 62166.00 ns, 4.4404 us/op
WorkloadPilot   14: 15 op, 54081.00 ns, 3.6054 us/op
WorkloadPilot   15: 16 op, 88335.00 ns, 5.5209 us/op
WorkloadPilot   16: 32 op, 75551.00 ns, 2.3610 us/op
WorkloadPilot   17: 64 op, 110788.00 ns, 1.7311 us/op
WorkloadPilot   18: 128 op, 216756.00 ns, 1.6934 us/op
WorkloadPilot   19: 256 op, 362960.00 ns, 1.4178 us/op
WorkloadPilot   20: 512 op, 658913.00 ns, 1.2869 us/op
WorkloadPilot   21: 1024 op, 1271209.00 ns, 1.2414 us/op
WorkloadPilot   22: 2048 op, 2519265.00 ns, 1.2301 us/op
WorkloadPilot   23: 4096 op, 4939745.00 ns, 1.2060 us/op
WorkloadPilot   24: 8192 op, 9974408.00 ns, 1.2176 us/op
WorkloadPilot   25: 16384 op, 19929479.00 ns, 1.2164 us/op
WorkloadPilot   26: 32768 op, 30280260.00 ns, 924.0802 ns/op
WorkloadPilot   27: 65536 op, 59939508.00 ns, 914.6043 ns/op
WorkloadPilot   28: 131072 op, 110859157.00 ns, 845.7882 ns/op
WorkloadPilot   29: 262144 op, 222644346.00 ns, 849.3208 ns/op
WorkloadPilot   30: 524288 op, 446998213.00 ns, 852.5814 ns/op
WorkloadPilot   31: 1048576 op, 901901459.00 ns, 860.1203 ns/op

WorkloadWarmup   1: 1048576 op, 900618819.00 ns, 858.8970 ns/op
WorkloadWarmup   2: 1048576 op, 903168821.00 ns, 861.3289 ns/op
WorkloadWarmup   3: 1048576 op, 899619949.00 ns, 857.9444 ns/op

// BeforeActualRun
WorkloadActual   1: 1048576 op, 898716568.00 ns, 857.0829 ns/op
WorkloadActual   2: 1048576 op, 900305280.00 ns, 858.5980 ns/op
WorkloadActual   3: 1048576 op, 902057967.00 ns, 860.2695 ns/op
WorkloadActual   4: 1048576 op, 909214803.00 ns, 867.0948 ns/op
WorkloadActual   5: 1048576 op, 901973038.00 ns, 860.1885 ns/op

// AfterActualRun
WorkloadResult   1: 1048576 op, 898716568.00 ns, 857.0829 ns/op
WorkloadResult   2: 1048576 op, 900305280.00 ns, 858.5980 ns/op
WorkloadResult   3: 1048576 op, 902057967.00 ns, 860.2695 ns/op
WorkloadResult   4: 1048576 op, 901973038.00 ns, 860.1885 ns/op
// GC:  55 0 0 922781376 1048576
// Threading:  0 0 1048576

// AfterAll
// Benchmark Process 2869 has exited with code 0.

Mean = 859.035 ns, StdErr = 0.756 ns (0.09%), N = 4, StdDev = 1.512 ns
Min = 857.083 ns, Q1 = 858.219 ns, Median = 859.393 ns, Q3 = 860.209 ns, Max = 860.270 ns
IQR = 1.990 ns, LowerFence = 855.235 ns, UpperFence = 863.193 ns
ConfidenceInterval = [849.266 ns; 868.804 ns] (CI 99.9%), Margin = 9.769 ns (1.14% of Mean)
Skewness = -0.3, Kurtosis = 0.89, MValue = 2

// ** Remained 3 (75.0 %) benchmark(s) to run. Estimated finish 2026-09-23 13:19 (0h 0m from now) **
// **************************
// Benchmark: RetryBenchmarks.NoRetryAttribute_Baseline: ShortRun(IterationCount=3, LaunchCount=1, WarmupCount=3)
// *** Execute ***
// Launch: 1 / 1
// Execute: dotnet Encina.Polly.Benchmarks-Job-NTRUNJ-1.dll --anonymousPipes 140 141 --benchmarkName Encina.Polly.Benchmarks.RetryBenchmarks.NoRetryAttribute_Baseline --job ShortRun --benchmarkId 1 in /home/runner/work/Encina/Encina/tests/Encina.BenchmarkTests/Encina.Polly.Benchmarks/bin/Release/net10.0/Encina.Polly.Benchmarks-Job-NTRUNJ-1/bin/Release/net10.0
// Failed to set up high priority (Permission denied). In order to run benchmarks with high priority, make sure you have the right permissions.
// BeforeAnythingElse

// Benchmark Process Environment Information:
// BenchmarkDotNet v0.15.8
// Runtime=.NET 10.0.12 (10.0.12, 10.0.1226.42308), X64 RyuJIT x86-64-v3
// GC=Concurrent Workstation
// HardwareIntrinsics=AVX2+BMI1+BMI2+F16C+FMA+LZCNT+MOVBE,AVX,SSE3+SSSE3+SSE4.1+SSE4.2+POPCNT,X86Base+SSE+SSE2,AES+PCLMUL VectorSize=256
// Job: ShortRun(IterationCount=3, LaunchCount=1, WarmupCount=3)

OverheadJitting  1: 1 op, 167233.00 ns, 167.2330 us/op
WorkloadJitting  1: 1 op, 42524967.00 ns, 42.5250 ms/op

WorkloadPilot    1: 2 op, 268643.00 ns, 134.3215 us/op
WorkloadPilot    2: 3 op, 21130.00 ns, 7.0433 us/op
WorkloadPilot    3: 4 op, 19837.00 ns, 4.9593 us/op
WorkloadPilot    4: 5 op, 29325.00 ns, 5.8650 us/op
WorkloadPilot    5: 6 op, 29545.00 ns, 4.9242 us/op
WorkloadPilot    6: 7 op, 29856.00 ns, 4.2651 us/op
WorkloadPilot    7: 8 op, 35276.00 ns, 4.4095 us/op
WorkloadPilot    8: 9 op, 31680.00 ns, 3.5200 us/op
WorkloadPilot    9: 10 op, 32470.00 ns, 3.2470 us/op
WorkloadPilot   10: 11 op, 33252.00 ns, 3.0229 us/op
WorkloadPilot   11: 12 op, 34094.00 ns, 2.8412 us/op
WorkloadPilot   12: 13 op, 34775.00 ns, 2.6750 us/op
WorkloadPilot   13: 14 op, 39053.00 ns, 2.7895 us/op
WorkloadPilot   14: 15 op, 44303.00 ns, 2.9535 us/op
WorkloadPilot   15: 16 op, 41097.00 ns, 2.5686 us/op
WorkloadPilot   16: 32 op, 90168.00 ns, 2.8178 us/op
WorkloadPilot   17: 64 op, 97793.00 ns, 1.5280 us/op
WorkloadPilot   18: 128 op, 183834.00 ns, 1.4362 us/op
WorkloadPilot   19: 256 op, 365033.00 ns, 1.4259 us/op
WorkloadPilot   20: 512 op, 622956.00 ns, 1.2167 us/op
WorkloadPilot   21: 1024 op, 1202401.00 ns, 1.1742 us/op
WorkloadPilot   22: 2048 op, 2369655.00 ns, 1.1571 us/op
WorkloadPilot   23: 4096 op, 4763876.00 ns, 1.1631 us/op
WorkloadPilot   24: 8192 op, 9375967.00 ns, 1.1445 us/op
WorkloadPilot   25: 16384 op, 18772763.00 ns, 1.1458 us/op
WorkloadPilot   26: 32768 op, 27999782.00 ns, 854.4855 ns/op
WorkloadPilot   27: 65536 op, 52092442.00 ns, 794.8676 ns/op
WorkloadPilot   28: 131072 op, 104352548.00 ns, 796.1468 ns/op
WorkloadPilot   29: 262144 op, 207357453.00 ns, 791.0059 ns/op
WorkloadPilot   30: 524288 op, 416281267.00 ns, 793.9935 ns/op
WorkloadPilot   31: 1048576 op, 832687218.00 ns, 794.1124 ns/op

WorkloadWarmup   1: 1048576 op, 828961485.00 ns, 790.5593 ns/op
WorkloadWarmup   2: 1048576 op, 834704743.00 ns, 796.0365 ns/op
WorkloadWarmup   3: 1048576 op, 838080186.00 ns, 799.2555 ns/op

// BeforeActualRun
WorkloadActual   1: 1048576 op, 831927819.00 ns, 793.3882 ns/op
WorkloadActual   2: 1048576 op, 837087731.00 ns, 798.3091 ns/op
WorkloadActual   3: 1048576 op, 831925054.00 ns, 793.3856 ns/op

// AfterActualRun
WorkloadResult   1: 1048576 op, 831927819.00 ns, 793.3882 ns/op
WorkloadResult   2: 1048576 op, 837087731.00 ns, 798.3091 ns/op
WorkloadResult   3: 1048576 op, 831925054.00 ns, 793.3856 ns/op
// GC:  55 0 0 922781376 1048576
// Threading:  0 0 1048576

// AfterAll
// Benchmark Process 2878 has exited with code 0.

Mean = 795.028 ns, StdErr = 1.641 ns (0.21%), N = 3, StdDev = 2.842 ns
Min = 793.386 ns, Q1 = 793.387 ns, Median = 793.388 ns, Q3 = 795.849 ns, Max = 798.309 ns
IQR = 2.462 ns, LowerFence = 789.694 ns, UpperFence = 799.541 ns
ConfidenceInterval = [743.182 ns; 846.873 ns] (CI 99.9%), Margin = 51.846 ns (6.52% of Mean)
Skewness = 0.38, Kurtosis = 0.67, MValue = 2

// ** Remained 2 (50.0 %) benchmark(s) to run. Estimated finish 2026-09-23 13:19 (0h 0m from now) **
// **************************
// Benchmark: RetryBenchmarks.WithRetryAttribute_NoActualRetries: Job-NTRUNJ(IterationCount=5, WarmupCount=3)
// *** Execute ***
// Launch: 1 / 1
// Execute: dotnet Encina.Polly.Benchmarks-Job-NTRUNJ-1.dll --anonymousPipes 140 141 --benchmarkName Encina.Polly.Benchmarks.RetryBenchmarks.WithRetryAttribute_NoActualRetries --job "IterationCount=5, WarmupCount=3" --benchmarkId 2 in /home/runner/work/Encina/Encina/tests/Encina.BenchmarkTests/Encina.Polly.Benchmarks/bin/Release/net10.0/Encina.Polly.Benchmarks-Job-NTRUNJ-1/bin/Release/net10.0
// Failed to set up high priority (Permission denied). In order to run benchmarks with high priority, make sure you have the right permissions.
// BeforeAnythingElse

// Benchmark Process Environment Information:
// BenchmarkDotNet v0.15.8
// Runtime=.NET 10.0.12 (10.0.12, 10.0.1226.42308), X64 RyuJIT x86-64-v3
// GC=Concurrent Workstation
// HardwareIntrinsics=AVX2+BMI1+BMI2+F16C+FMA+LZCNT+MOVBE,AVX,SSE3+SSSE3+SSE4.1+SSE4.2+POPCNT,X86Base+SSE+SSE2,AES+PCLMUL VectorSize=256
// Job: Job-NTRUNJ(IterationCount=5, WarmupCount=3)

OverheadJitting  1: 1 op, 166211.00 ns, 166.2110 us/op
WorkloadJitting  1: 1 op, 42544216.00 ns, 42.5442 ms/op

WorkloadPilot    1: 2 op, 279533.00 ns, 139.7665 us/op
WorkloadPilot    2: 3 op, 20679.00 ns, 6.8930 us/op
WorkloadPilot    3: 4 op, 20349.00 ns, 5.0873 us/op
WorkloadPilot    4: 5 op, 29816.00 ns, 5.9632 us/op
WorkloadPilot    5: 6 op, 21279.00 ns, 3.5465 us/op
WorkloadPilot    6: 7 op, 30537.00 ns, 4.3624 us/op
WorkloadPilot    7: 8 op, 30938.00 ns, 3.8673 us/op
WorkloadPilot    8: 9 op, 35597.00 ns, 3.9552 us/op
WorkloadPilot    9: 10 op, 31910.00 ns, 3.1910 us/op
WorkloadPilot   10: 11 op, 32672.00 ns, 2.9702 us/op
WorkloadPilot   11: 12 op, 33784.00 ns, 2.8153 us/op
WorkloadPilot   12: 13 op, 37380.00 ns, 2.8754 us/op
WorkloadPilot   13: 14 op, 39333.00 ns, 2.8095 us/op
WorkloadPilot   14: 15 op, 40265.00 ns, 2.6843 us/op
WorkloadPilot   15: 16 op, 44292.00 ns, 2.7683 us/op
WorkloadPilot   16: 32 op, 60653.00 ns, 1.8954 us/op
WorkloadPilot   17: 64 op, 93274.00 ns, 1.4574 us/op
WorkloadPilot   18: 128 op, 181440.00 ns, 1.4175 us/op
WorkloadPilot   19: 256 op, 371645.00 ns, 1.4517 us/op
WorkloadPilot   20: 512 op, 617104.00 ns, 1.2053 us/op
WorkloadPilot   21: 1024 op, 1205916.00 ns, 1.1777 us/op
WorkloadPilot   22: 2048 op, 2391333.00 ns, 1.1676 us/op
WorkloadPilot   23: 4096 op, 4739746.00 ns, 1.1572 us/op
WorkloadPilot   24: 8192 op, 9347513.00 ns, 1.1411 us/op
WorkloadPilot   25: 16384 op, 18553694.00 ns, 1.1324 us/op
WorkloadPilot   26: 32768 op, 27850532.00 ns, 849.9308 ns/op
WorkloadPilot   27: 65536 op, 51834001.00 ns, 790.9241 ns/op
WorkloadPilot   28: 131072 op, 103914264.00 ns, 792.8029 ns/op
WorkloadPilot   29: 262144 op, 206974319.00 ns, 789.5444 ns/op
WorkloadPilot   30: 524288 op, 411803427.00 ns, 785.4527 ns/op
WorkloadPilot   31: 1048576 op, 824047590.00 ns, 785.8730 ns/op

WorkloadWarmup   1: 1048576 op, 822907645.00 ns, 784.7859 ns/op
WorkloadWarmup   2: 1048576 op, 835099736.00 ns, 796.4132 ns/op
WorkloadWarmup   3: 1048576 op, 829315746.00 ns, 790.8971 ns/op

// BeforeActualRun
WorkloadActual   1: 1048576 op, 826136839.00 ns, 787.8655 ns/op
WorkloadActual   2: 1048576 op, 828695657.00 ns, 790.3058 ns/op
WorkloadActual   3: 1048576 op, 830493051.00 ns, 792.0199 ns/op
WorkloadActual   4: 1048576 op, 836754287.00 ns, 797.9911 ns/op
WorkloadActual   5: 1048576 op, 829571696.00 ns, 791.1412 ns/op

// AfterActualRun
WorkloadResult   1: 1048576 op, 826136839.00 ns, 787.8655 ns/op
WorkloadResult   2: 1048576 op, 828695657.00 ns, 790.3058 ns/op
WorkloadResult   3: 1048576 op, 830493051.00 ns, 792.0199 ns/op
WorkloadResult   4: 1048576 op, 829571696.00 ns, 791.1412 ns/op
// GC:  55 0 0 922780480 1048576
// Threading:  0 0 1048576

// AfterAll
// Benchmark Process 2884 has exited with code 0.

Mean = 790.333 ns, StdErr = 0.894 ns (0.11%), N = 4, StdDev = 1.788 ns
Min = 787.865 ns, Q1 = 789.696 ns, Median = 790.723 ns, Q3 = 791.361 ns, Max = 792.020 ns
IQR = 1.665 ns, LowerFence = 787.198 ns, UpperFence = 793.859 ns
ConfidenceInterval = [778.781 ns; 801.886 ns] (CI 99.9%), Margin = 11.552 ns (1.46% of Mean)
Skewness = -0.42, Kurtosis = 1.12, MValue = 2

// ** Remained 1 (25.0 %) benchmark(s) to run. Estimated finish 2026-09-23 13:19 (0h 0m from now) **
// **************************
// Benchmark: RetryBenchmarks.WithRetryAttribute_NoActualRetries: ShortRun(IterationCount=3, LaunchCount=1, WarmupCount=3)
// *** Execute ***
// Launch: 1 / 1
// Execute: dotnet Encina.Polly.Benchmarks-Job-NTRUNJ-1.dll --anonymousPipes 140 141 --benchmarkName Encina.Polly.Benchmarks.RetryBenchmarks.WithRetryAttribute_NoActualRetries --job ShortRun --benchmarkId 3 in /home/runner/work/Encina/Encina/tests/Encina.BenchmarkTests/Encina.Polly.Benchmarks/bin/Release/net10.0/Encina.Polly.Benchmarks-Job-NTRUNJ-1/bin/Release/net10.0
// Failed to set up high priority (Permission denied). In order to run benchmarks with high priority, make sure you have the right permissions.
// BeforeAnythingElse

// Benchmark Process Environment Information:
// BenchmarkDotNet v0.15.8
// Runtime=.NET 10.0.12 (10.0.12, 10.0.1226.42308), X64 RyuJIT x86-64-v3
// GC=Concurrent Workstation
// HardwareIntrinsics=AVX2+BMI1+BMI2+F16C+FMA+LZCNT+MOVBE,AVX,SSE3+SSSE3+SSE4.1+SSE4.2+POPCNT,X86Base+SSE+SSE2,AES+PCLMUL VectorSize=256
// Job: ShortRun(IterationCount=3, LaunchCount=1, WarmupCount=3)

OverheadJitting  1: 1 op, 164859.00 ns, 164.8590 us/op
WorkloadJitting  1: 1 op, 41773152.00 ns, 41.7732 ms/op

WorkloadPilot    1: 2 op, 232325.00 ns, 116.1625 us/op
WorkloadPilot    2: 3 op, 20248.00 ns, 6.7493 us/op
WorkloadPilot    3: 4 op, 25398.00 ns, 6.3495 us/op
WorkloadPilot    4: 5 op, 43231.00 ns, 8.6462 us/op
WorkloadPilot    5: 6 op, 36007.00 ns, 6.0012 us/op
WorkloadPilot    6: 7 op, 36569.00 ns, 5.2241 us/op
WorkloadPilot    7: 8 op, 39083.00 ns, 4.8854 us/op
WorkloadPilot    8: 9 op, 45876.00 ns, 5.0973 us/op
WorkloadPilot    9: 10 op, 46216.00 ns, 4.6216 us/op
WorkloadPilot   10: 11 op, 43762.00 ns, 3.9784 us/op
WorkloadPilot   11: 12 op, 50024.00 ns, 4.1687 us/op
WorkloadPilot   12: 13 op, 52238.00 ns, 4.0183 us/op
WorkloadPilot   13: 14 op, 52799.00 ns, 3.7714 us/op
WorkloadPilot   14: 15 op, 54712.00 ns, 3.6475 us/op
WorkloadPilot   15: 16 op, 58129.00 ns, 3.6331 us/op
WorkloadPilot   16: 32 op, 74339.00 ns, 2.3231 us/op
WorkloadPilot   17: 64 op, 108022.00 ns, 1.6878 us/op
WorkloadPilot   18: 128 op, 196017.00 ns, 1.5314 us/op
WorkloadPilot   19: 256 op, 352941.00 ns, 1.3787 us/op
WorkloadPilot   20: 512 op, 641671.00 ns, 1.2533 us/op
WorkloadPilot   21: 1024 op, 1237957.00 ns, 1.2089 us/op
WorkloadPilot   22: 2048 op, 2483177.00 ns, 1.2125 us/op
WorkloadPilot   23: 4096 op, 4788822.00 ns, 1.1691 us/op
WorkloadPilot   24: 8192 op, 9623108.00 ns, 1.1747 us/op
WorkloadPilot   25: 16384 op, 18908184.00 ns, 1.1541 us/op
WorkloadPilot   26: 32768 op, 27926009.00 ns, 852.2342 ns/op
WorkloadPilot   27: 65536 op, 51665243.00 ns, 788.3490 ns/op
WorkloadPilot   28: 131072 op, 104258123.00 ns, 795.4264 ns/op
WorkloadPilot   29: 262144 op, 204831278.00 ns, 781.3693 ns/op
WorkloadPilot   30: 524288 op, 411461771.00 ns, 784.8010 ns/op
WorkloadPilot   31: 1048576 op, 827628420.00 ns, 789.2880 ns/op

WorkloadWarmup   1: 1048576 op, 826110562.00 ns, 787.8404 ns/op
WorkloadWarmup   2: 1048576 op, 826362688.00 ns, 788.0809 ns/op
WorkloadWarmup   3: 1048576 op, 832917178.00 ns, 794.3317 ns/op

// BeforeActualRun
WorkloadActual   1: 1048576 op, 835031213.00 ns, 796.3478 ns/op
WorkloadActual   2: 1048576 op, 830092294.00 ns, 791.6377 ns/op
WorkloadActual   3: 1048576 op, 831865321.00 ns, 793.3286 ns/op

// AfterActualRun
WorkloadResult   1: 1048576 op, 835031213.00 ns, 796.3478 ns/op
WorkloadResult   2: 1048576 op, 830092294.00 ns, 791.6377 ns/op
WorkloadResult   3: 1048576 op, 831865321.00 ns, 793.3286 ns/op
// GC:  55 0 0 922780480 1048576
// Threading:  0 0 1048576

// AfterAll
// Benchmark Process 2893 has exited with code 0.

Mean = 793.771 ns, StdErr = 1.378 ns (0.17%), N = 3, StdDev = 2.386 ns
Min = 791.638 ns, Q1 = 792.483 ns, Median = 793.329 ns, Q3 = 794.838 ns, Max = 796.348 ns
IQR = 2.355 ns, LowerFence = 788.951 ns, UpperFence = 798.371 ns
ConfidenceInterval = [750.241 ns; 837.302 ns] (CI 99.9%), Margin = 43.531 ns (5.48% of Mean)
Skewness = 0.18, Kurtosis = 0.67, MValue = 2

// ** Remained 0 (0.0 %) benchmark(s) to run. Estimated finish 2026-09-23 13:19 (0h 0m from now) **
// ***** BenchmarkRunner: Finish  *****

// * Export *
  artifacts/performance/Polly/results/Encina.Polly.Benchmarks.RetryBenchmarks-report.csv
  artifacts/performance/Polly/results/Encina.Polly.Benchmarks.RetryBenchmarks-report-github.md
  artifacts/performance/Polly/results/Encina.Polly.Benchmarks.RetryBenchmarks-report.html
  artifacts/performance/Polly/results/Encina.Polly.Benchmarks.RetryBenchmarks-report-full-compressed.json

// * Detailed results *
RetryBenchmarks.NoRetryAttribute_Baseline: Job-NTRUNJ(IterationCount=5, WarmupCount=3)
Runtime = .NET 10.0.12 (10.0.12, 10.0.1226.42308), X64 RyuJIT x86-64-v3; GC = Concurrent Workstation
Mean = 859.035 ns, StdErr = 0.756 ns (0.09%), N = 4, StdDev = 1.512 ns
Min = 857.083 ns, Q1 = 858.219 ns, Median = 859.393 ns, Q3 = 860.209 ns, Max = 860.270 ns
IQR = 1.990 ns, LowerFence = 855.235 ns, UpperFence = 863.193 ns
ConfidenceInterval = [849.266 ns; 868.804 ns] (CI 99.9%), Margin = 9.769 ns (1.14% of Mean)
Skewness = -0.3, Kurtosis = 0.89, MValue = 2
-------------------- Histogram --------------------
[855.833 ns ; 861.520 ns) | @@@@
---------------------------------------------------

RetryBenchmarks.WithRetryAttribute_NoActualRetries: Job-NTRUNJ(IterationCount=5, WarmupCount=3)
Runtime = .NET 10.0.12 (10.0.12, 10.0.1226.42308), X64 RyuJIT x86-64-v3; GC = Concurrent Workstation
Mean = 790.333 ns, StdErr = 0.894 ns (0.11%), N = 4, StdDev = 1.788 ns
Min = 787.865 ns, Q1 = 789.696 ns, Median = 790.723 ns, Q3 = 791.361 ns, Max = 792.020 ns
IQR = 1.665 ns, LowerFence = 787.198 ns, UpperFence = 793.859 ns
ConfidenceInterval = [778.781 ns; 801.886 ns] (CI 99.9%), Margin = 11.552 ns (1.46% of Mean)
Skewness = -0.42, Kurtosis = 1.12, MValue = 2
-------------------- Histogram --------------------
[786.387 ns ; 793.498 ns) | @@@@
---------------------------------------------------

RetryBenchmarks.NoRetryAttribute_Baseline: ShortRun(IterationCount=3, LaunchCount=1, WarmupCount=3)
Runtime = .NET 10.0.12 (10.0.12, 10.0.1226.42308), X64 RyuJIT x86-64-v3; GC = Concurrent Workstation
Mean = 795.028 ns, StdErr = 1.641 ns (0.21%), N = 3, StdDev = 2.842 ns
Min = 793.386 ns, Q1 = 793.387 ns, Median = 793.388 ns, Q3 = 795.849 ns, Max = 798.309 ns
IQR = 2.462 ns, LowerFence = 789.694 ns, UpperFence = 799.541 ns
ConfidenceInterval = [743.182 ns; 846.873 ns] (CI 99.9%), Margin = 51.846 ns (6.52% of Mean)
Skewness = 0.38, Kurtosis = 0.67, MValue = 2
-------------------- Histogram --------------------
[793.261 ns ; 798.434 ns) | @@@
---------------------------------------------------

RetryBenchmarks.WithRetryAttribute_NoActualRetries: ShortRun(IterationCount=3, LaunchCount=1, WarmupCount=3)
Runtime = .NET 10.0.12 (10.0.12, 10.0.1226.42308), X64 RyuJIT x86-64-v3; GC = Concurrent Workstation
Mean = 793.771 ns, StdErr = 1.378 ns (0.17%), N = 3, StdDev = 2.386 ns
Min = 791.638 ns, Q1 = 792.483 ns, Median = 793.329 ns, Q3 = 794.838 ns, Max = 796.348 ns
IQR = 2.355 ns, LowerFence = 788.951 ns, UpperFence = 798.371 ns
ConfidenceInterval = [750.241 ns; 837.302 ns] (CI 99.9%), Margin = 43.531 ns (5.48% of Mean)
Skewness = 0.18, Kurtosis = 0.67, MValue = 2
-------------------- Histogram --------------------
[789.466 ns ; 798.519 ns) | @@@
---------------------------------------------------

// * Summary *

BenchmarkDotNet v0.15.8, Linux Ubuntu 24.04.5 LTS (Noble Numbat)
AMD EPYC 7763 2.45GHz, 1 CPU, 4 logical and 2 physical cores
.NET SDK 10.0.401
  [Host]     : .NET 10.0.12 (10.0.12, 10.0.1226.42308), X64 RyuJIT x86-64-v3
  Job-NTRUNJ : .NET 10.0.12 (10.0.12, 10.0.1226.42308), X64 RyuJIT x86-64-v3
  ShortRun   : .NET 10.0.12 (10.0.12, 10.0.1226.42308), X64 RyuJIT x86-64-v3

WarmupCount=3  

| Method                             | Job        | IterationCount | LaunchCount | Mean     | Error    | StdDev  | Ratio | Gen0   | Allocated | Alloc Ratio |
|----------------------------------- |----------- |--------------- |------------ |---------:|---------:|--------:|------:|-------:|----------:|------------:|
| NoRetryAttribute_Baseline          | Job-NTRUNJ | 5              | Default     | 859.0 ns |  9.77 ns | 1.51 ns |  1.00 | 0.0525 |     880 B |        1.00 |
| WithRetryAttribute_NoActualRetries | Job-NTRUNJ | 5              | Default     | 790.3 ns | 11.55 ns | 1.79 ns |  0.92 | 0.0525 |     880 B |        1.00 |
|                                    |            |                |             |          |          |         |       |        |           |             |
| NoRetryAttribute_Baseline          | ShortRun   | 3              | 1           | 795.0 ns | 51.85 ns | 2.84 ns |  1.00 | 0.0525 |     880 B |        1.00 |
| WithRetryAttribute_NoActualRetries | ShortRun   | 3              | 1           | 793.8 ns | 43.53 ns | 2.39 ns |  1.00 | 0.0525 |     880 B |        1.00 |

// * Hints *
Outliers
  RetryBenchmarks.NoRetryAttribute_Baseline: IterationCount=5, WarmupCount=3          -> 1 outlier  was  removed (867.09 ns)
  RetryBenchmarks.WithRetryAttribute_NoActualRetries: IterationCount=5, WarmupCount=3 -> 1 outlier  was  removed (797.99 ns)
// * Config Issues *

// * Warnings *
Configuration
  Summary -> The exporter CsvExporter is already present in configuration. There may be unexpected results.
  Summary -> The exporter HtmlExporter is already present in configuration. There may be unexpected results.
  Summary -> The exporter MarkdownExporter-github is already present in configuration. There may be unexpected results.

// * Legends *
  Mean        : Arithmetic mean of all measurements
  Error       : Half of 99.9% confidence interval
  StdDev      : Standard deviation of all measurements
  Ratio       : Mean of the ratio distribution ([Current]/[Baseline])
  Gen0        : GC Generation 0 collects per 1000 operations
  Allocated   : Allocated memory per single operation (managed only, inclusive, 1KB = 1024B)
  Alloc Ratio : Allocated memory ratio distribution ([Current]/[Baseline])
  1 ns        : 1 Nanosecond (0.000000001 sec)

// * Diagnostic Output - MemoryDiagnoser *


// ***** BenchmarkRunner: End *****
Run time: 00:00:35 (35.83 sec), executed benchmarks: 4

Global total time: 00:01:09 (69.03 sec), executed benchmarks: 4
// * Artifacts cleanup *
Artifacts cleanup is finished
