// Validating benchmarks:
// ***** BenchmarkRunner: Start   *****
// ***** Found 10 benchmark(s) in total *****
// ***** Building 1 exe(s) in Parallel: Start   *****
// start dotnet  restore --nodeReuse:false /p:UseSharedCompilation=false /p:Deterministic=true /p:Optimize=true /p:ArtifactsPath="/home/runner/work/Encina/Encina/tests/Encina.BenchmarkTests/Encina.Benchmarks/bin/Release/net10.0/Encina.Benchmarks-ShortRun-1/" /p:OutDir="/home/runner/work/Encina/Encina/tests/Encina.BenchmarkTests/Encina.Benchmarks/bin/Release/net10.0/Encina.Benchmarks-ShortRun-1/bin/Release/net10.0/" /p:OutputPath="/home/runner/work/Encina/Encina/tests/Encina.BenchmarkTests/Encina.Benchmarks/bin/Release/net10.0/Encina.Benchmarks-ShortRun-1/bin/Release/net10.0/" /p:PublishDir="/home/runner/work/Encina/Encina/tests/Encina.BenchmarkTests/Encina.Benchmarks/bin/Release/net10.0/Encina.Benchmarks-ShortRun-1/publish/" in /home/runner/work/Encina/Encina/tests/Encina.BenchmarkTests/Encina.Benchmarks/bin/Release/net10.0/Encina.Benchmarks-ShortRun-1
// command took 3.69 sec and exited with 0
// start dotnet  build -c Release --no-restore --nodeReuse:false /p:UseSharedCompilation=false /p:Deterministic=true /p:Optimize=true /p:ArtifactsPath="/home/runner/work/Encina/Encina/tests/Encina.BenchmarkTests/Encina.Benchmarks/bin/Release/net10.0/Encina.Benchmarks-ShortRun-1/" /p:OutDir="/home/runner/work/Encina/Encina/tests/Encina.BenchmarkTests/Encina.Benchmarks/bin/Release/net10.0/Encina.Benchmarks-ShortRun-1/bin/Release/net10.0/" /p:OutputPath="/home/runner/work/Encina/Encina/tests/Encina.BenchmarkTests/Encina.Benchmarks/bin/Release/net10.0/Encina.Benchmarks-ShortRun-1/bin/Release/net10.0/" /p:PublishDir="/home/runner/work/Encina/Encina/tests/Encina.BenchmarkTests/Encina.Benchmarks/bin/Release/net10.0/Encina.Benchmarks-ShortRun-1/publish/" --output "/home/runner/work/Encina/Encina/tests/Encina.BenchmarkTests/Encina.Benchmarks/bin/Release/net10.0/Encina.Benchmarks-ShortRun-1/bin/Release/net10.0/" in /home/runner/work/Encina/Encina/tests/Encina.BenchmarkTests/Encina.Benchmarks/bin/Release/net10.0/Encina.Benchmarks-ShortRun-1
// command took 188.01 sec and exited with 0
// ***** Done, took 00:03:11 (191.85 sec)   *****
// Found 10 benchmarks:
//   ScatterGatherBenchmarks.'Scatter-gather all shards (sync result)': ShortRun(IterationCount=3, LaunchCount=1, WarmupCount=3) [ShardCount=3]
//   ScatterGatherBenchmarks.'Scatter-gather subset (3 shards)': ShortRun(IterationCount=3, LaunchCount=1, WarmupCount=3) [ShardCount=3]
//   ScatterGatherBenchmarks.'Scatter-gather with large results': ShortRun(IterationCount=3, LaunchCount=1, WarmupCount=3) [ShardCount=3]
//   ScatterGatherBenchmarks.'Scatter-gather single shard': ShortRun(IterationCount=3, LaunchCount=1, WarmupCount=3) [ShardCount=3]
//   ScatterGatherBenchmarks.'Topology lookup all shards': ShortRun(IterationCount=3, LaunchCount=1, WarmupCount=3) [ShardCount=3]
//   ScatterGatherBenchmarks.'Scatter-gather all shards (sync result)': ShortRun(IterationCount=3, LaunchCount=1, WarmupCount=3) [ShardCount=25]
//   ScatterGatherBenchmarks.'Scatter-gather subset (3 shards)': ShortRun(IterationCount=3, LaunchCount=1, WarmupCount=3) [ShardCount=25]
//   ScatterGatherBenchmarks.'Scatter-gather with large results': ShortRun(IterationCount=3, LaunchCount=1, WarmupCount=3) [ShardCount=25]
//   ScatterGatherBenchmarks.'Scatter-gather single shard': ShortRun(IterationCount=3, LaunchCount=1, WarmupCount=3) [ShardCount=25]
//   ScatterGatherBenchmarks.'Topology lookup all shards': ShortRun(IterationCount=3, LaunchCount=1, WarmupCount=3) [ShardCount=25]

// **************************
// Benchmark: ScatterGatherBenchmarks.'Scatter-gather all shards (sync result)': ShortRun(IterationCount=3, LaunchCount=1, WarmupCount=3) [ShardCount=3]
// *** Execute ***
// Launch: 1 / 1
// Execute: dotnet Encina.Benchmarks-ShortRun-1.dll --anonymousPipes 228 229 --benchmarkName "Encina.Benchmarks.Sharding.ScatterGatherBenchmarks.ScatterGatherAllShards(ShardCount: 3)" --job ShortRun --benchmarkId 0 in /home/runner/work/Encina/Encina/tests/Encina.BenchmarkTests/Encina.Benchmarks/bin/Release/net10.0/Encina.Benchmarks-ShortRun-1/bin/Release/net10.0
// Failed to set up high priority (Permission denied). In order to run benchmarks with high priority, make sure you have the right permissions.
// BeforeAnythingElse

// Benchmark Process Environment Information:
// BenchmarkDotNet v0.15.8
// Runtime=.NET 10.0.12 (10.0.12, 10.0.1226.42308), X64 RyuJIT x86-64-v3
// GC=Concurrent Workstation
// HardwareIntrinsics=AVX2+BMI1+BMI2+F16C+FMA+LZCNT+MOVBE,AVX,SSE3+SSSE3+SSE4.1+SSE4.2+POPCNT,X86Base+SSE+SSE2,AES+PCLMUL VectorSize=256
// Job: ShortRun(IterationCount=3, LaunchCount=1, WarmupCount=3)

OverheadJitting  1: 1 op, 226205.00 ns, 226.2050 us/op
WorkloadJitting  1: 1 op, 42518991.00 ns, 42.5190 ms/op

WorkloadPilot    1: 2 op, 119905.00 ns, 59.9525 us/op
WorkloadPilot    2: 3 op, 41518.00 ns, 13.8393 us/op
WorkloadPilot    3: 4 op, 50515.00 ns, 12.6288 us/op
WorkloadPilot    4: 5 op, 68829.00 ns, 13.7658 us/op
WorkloadPilot    5: 6 op, 65703.00 ns, 10.9505 us/op
WorkloadPilot    6: 7 op, 60183.00 ns, 8.5976 us/op
WorkloadPilot    7: 8 op, 80310.00 ns, 10.0388 us/op
WorkloadPilot    8: 9 op, 83376.00 ns, 9.2640 us/op
WorkloadPilot    9: 10 op, 85120.00 ns, 8.5120 us/op
WorkloadPilot   10: 11 op, 92724.00 ns, 8.4295 us/op
WorkloadPilot   11: 12 op, 130785.00 ns, 10.8988 us/op
WorkloadPilot   12: 13 op, 99767.00 ns, 7.6744 us/op
WorkloadPilot   13: 14 op, 105809.00 ns, 7.5578 us/op
WorkloadPilot   14: 15 op, 109615.00 ns, 7.3077 us/op
WorkloadPilot   15: 16 op, 126267.00 ns, 7.8917 us/op
WorkloadPilot   16: 32 op, 201008.00 ns, 6.2815 us/op
WorkloadPilot   17: 64 op, 371106.00 ns, 5.7985 us/op
WorkloadPilot   18: 128 op, 593675.00 ns, 4.6381 us/op
WorkloadPilot   19: 256 op, 1292216.00 ns, 5.0477 us/op
WorkloadPilot   20: 512 op, 2564133.00 ns, 5.0081 us/op
WorkloadPilot   21: 1024 op, 5079074.00 ns, 4.9600 us/op
WorkloadPilot   22: 2048 op, 10030428.00 ns, 4.8977 us/op
WorkloadPilot   23: 4096 op, 20406434.00 ns, 4.9820 us/op
WorkloadPilot   24: 8192 op, 30087877.00 ns, 3.6728 us/op
WorkloadPilot   25: 16384 op, 56084775.00 ns, 3.4231 us/op
WorkloadPilot   26: 32768 op, 118970256.00 ns, 3.6307 us/op
WorkloadPilot   27: 65536 op, 224961801.00 ns, 3.4326 us/op
WorkloadPilot   28: 131072 op, 450532063.00 ns, 3.4373 us/op
WorkloadPilot   29: 262144 op, 893226334.00 ns, 3.4074 us/op

WorkloadWarmup   1: 262144 op, 894364166.00 ns, 3.4117 us/op
WorkloadWarmup   2: 262144 op, 902666757.00 ns, 3.4434 us/op
WorkloadWarmup   3: 262144 op, 900822304.00 ns, 3.4364 us/op

// BeforeActualRun
WorkloadActual   1: 262144 op, 887939340.00 ns, 3.3872 us/op
WorkloadActual   2: 262144 op, 893556995.00 ns, 3.4086 us/op
WorkloadActual   3: 262144 op, 899827437.00 ns, 3.4326 us/op

// AfterActualRun
WorkloadResult   1: 262144 op, 887939340.00 ns, 3.3872 us/op
WorkloadResult   2: 262144 op, 893556995.00 ns, 3.4086 us/op
WorkloadResult   3: 262144 op, 899827437.00 ns, 3.4326 us/op
// GC:  57 0 0 956301312 262144
// Threading:  0 0 262144

// AfterAll
// Benchmark Process 4121 has exited with code 0.

Mean = 3.409 μs, StdErr = 0.013 μs (0.38%), N = 3, StdDev = 0.023 μs
Min = 3.387 μs, Q1 = 3.398 μs, Median = 3.409 μs, Q3 = 3.421 μs, Max = 3.433 μs
IQR = 0.023 μs, LowerFence = 3.364 μs, UpperFence = 3.455 μs
ConfidenceInterval = [2.996 μs; 3.823 μs] (CI 99.9%), Margin = 0.414 μs (12.14% of Mean)
Skewness = 0.04, Kurtosis = 0.67, MValue = 2

// ** Remained 9 (90.0 %) benchmark(s) to run. Estimated finish 2026-09-23 21:20 (0h 1m from now) **
// **************************
// Benchmark: ScatterGatherBenchmarks.'Scatter-gather subset (3 shards)': ShortRun(IterationCount=3, LaunchCount=1, WarmupCount=3) [ShardCount=3]
// *** Execute ***
// Launch: 1 / 1
// Execute: dotnet Encina.Benchmarks-ShortRun-1.dll --anonymousPipes 228 229 --benchmarkName "Encina.Benchmarks.Sharding.ScatterGatherBenchmarks.ScatterGatherSubset(ShardCount: 3)" --job ShortRun --benchmarkId 1 in /home/runner/work/Encina/Encina/tests/Encina.BenchmarkTests/Encina.Benchmarks/bin/Release/net10.0/Encina.Benchmarks-ShortRun-1/bin/Release/net10.0
// Failed to set up high priority (Permission denied). In order to run benchmarks with high priority, make sure you have the right permissions.
// BeforeAnythingElse

// Benchmark Process Environment Information:
// BenchmarkDotNet v0.15.8
// Runtime=.NET 10.0.12 (10.0.12, 10.0.1226.42308), X64 RyuJIT x86-64-v3
// GC=Concurrent Workstation
// HardwareIntrinsics=AVX2+BMI1+BMI2+F16C+FMA+LZCNT+MOVBE,AVX,SSE3+SSSE3+SSE4.1+SSE4.2+POPCNT,X86Base+SSE+SSE2,AES+PCLMUL VectorSize=256
// Job: ShortRun(IterationCount=3, LaunchCount=1, WarmupCount=3)

OverheadJitting  1: 1 op, 252955.00 ns, 252.9550 us/op
WorkloadJitting  1: 1 op, 41521586.00 ns, 41.5216 ms/op

WorkloadPilot    1: 2 op, 145382.00 ns, 72.6910 us/op
WorkloadPilot    2: 3 op, 38942.00 ns, 12.9807 us/op
WorkloadPilot    3: 4 op, 35918.00 ns, 8.9795 us/op
WorkloadPilot    4: 5 op, 49092.00 ns, 9.8184 us/op
WorkloadPilot    5: 6 op, 53871.00 ns, 8.9785 us/op
WorkloadPilot    6: 7 op, 51757.00 ns, 7.3939 us/op
WorkloadPilot    7: 8 op, 92975.00 ns, 11.6219 us/op
WorkloadPilot    8: 9 op, 65583.00 ns, 7.2870 us/op
WorkloadPilot    9: 10 op, 73839.00 ns, 7.3839 us/op
WorkloadPilot   10: 11 op, 81082.00 ns, 7.3711 us/op
WorkloadPilot   11: 12 op, 81112.00 ns, 6.7593 us/op
WorkloadPilot   12: 13 op, 92634.00 ns, 7.1257 us/op
WorkloadPilot   13: 14 op, 91422.00 ns, 6.5301 us/op
WorkloadPilot   14: 15 op, 102522.00 ns, 6.8348 us/op
WorkloadPilot   15: 16 op, 99998.00 ns, 6.2499 us/op
WorkloadPilot   16: 32 op, 194485.00 ns, 6.0777 us/op
WorkloadPilot   17: 64 op, 376336.00 ns, 5.8803 us/op
WorkloadPilot   18: 128 op, 678954.00 ns, 5.3043 us/op
WorkloadPilot   19: 256 op, 1322342.00 ns, 5.1654 us/op
WorkloadPilot   20: 512 op, 2796971.00 ns, 5.4628 us/op
WorkloadPilot   21: 1024 op, 5253422.00 ns, 5.1303 us/op
WorkloadPilot   22: 2048 op, 10723822.00 ns, 5.2362 us/op
WorkloadPilot   23: 4096 op, 21123013.00 ns, 5.1570 us/op
WorkloadPilot   24: 8192 op, 30715140.00 ns, 3.7494 us/op
WorkloadPilot   25: 16384 op, 58716805.00 ns, 3.5838 us/op
WorkloadPilot   26: 32768 op, 117899956.00 ns, 3.5980 us/op
WorkloadPilot   27: 65536 op, 235957467.00 ns, 3.6004 us/op
WorkloadPilot   28: 131072 op, 474589896.00 ns, 3.6208 us/op
WorkloadPilot   29: 262144 op, 939031883.00 ns, 3.5821 us/op

WorkloadWarmup   1: 262144 op, 934085356.00 ns, 3.5633 us/op
WorkloadWarmup   2: 262144 op, 937874308.00 ns, 3.5777 us/op
WorkloadWarmup   3: 262144 op, 941415607.00 ns, 3.5912 us/op

// BeforeActualRun
WorkloadActual   1: 262144 op, 939475404.00 ns, 3.5838 us/op
WorkloadActual   2: 262144 op, 944787636.00 ns, 3.6041 us/op
WorkloadActual   3: 262144 op, 943322505.00 ns, 3.5985 us/op

// AfterActualRun
WorkloadResult   1: 262144 op, 939475404.00 ns, 3.5838 us/op
WorkloadResult   2: 262144 op, 944787636.00 ns, 3.6041 us/op
WorkloadResult   3: 262144 op, 943322505.00 ns, 3.5985 us/op
// GC:  58 0 0 970981376 262144
// Threading:  0 0 262144

// AfterAll
// Benchmark Process 4152 has exited with code 0.

Mean = 3.595 μs, StdErr = 0.006 μs (0.17%), N = 3, StdDev = 0.010 μs
Min = 3.584 μs, Q1 = 3.591 μs, Median = 3.598 μs, Q3 = 3.601 μs, Max = 3.604 μs
IQR = 0.010 μs, LowerFence = 3.576 μs, UpperFence = 3.616 μs
ConfidenceInterval = [3.405 μs; 3.786 μs] (CI 99.9%), Margin = 0.191 μs (5.31% of Mean)
Skewness = -0.27, Kurtosis = 0.67, MValue = 2

// ** Remained 8 (80.0 %) benchmark(s) to run. Estimated finish 2026-09-23 21:20 (0h 1m from now) **
// **************************
// Benchmark: ScatterGatherBenchmarks.'Scatter-gather with large results': ShortRun(IterationCount=3, LaunchCount=1, WarmupCount=3) [ShardCount=3]
// *** Execute ***
// Launch: 1 / 1
// Execute: dotnet Encina.Benchmarks-ShortRun-1.dll --anonymousPipes 228 229 --benchmarkName "Encina.Benchmarks.Sharding.ScatterGatherBenchmarks.ScatterGatherLargeResults(ShardCount: 3)" --job ShortRun --benchmarkId 2 in /home/runner/work/Encina/Encina/tests/Encina.BenchmarkTests/Encina.Benchmarks/bin/Release/net10.0/Encina.Benchmarks-ShortRun-1/bin/Release/net10.0
// Failed to set up high priority (Permission denied). In order to run benchmarks with high priority, make sure you have the right permissions.
// BeforeAnythingElse

// Benchmark Process Environment Information:
// BenchmarkDotNet v0.15.8
// Runtime=.NET 10.0.12 (10.0.12, 10.0.1226.42308), X64 RyuJIT x86-64-v3
// GC=Concurrent Workstation
// HardwareIntrinsics=AVX2+BMI1+BMI2+F16C+FMA+LZCNT+MOVBE,AVX,SSE3+SSSE3+SSE4.1+SSE4.2+POPCNT,X86Base+SSE+SSE2,AES+PCLMUL VectorSize=256
// Job: ShortRun(IterationCount=3, LaunchCount=1, WarmupCount=3)

OverheadJitting  1: 1 op, 228769.00 ns, 228.7690 us/op
WorkloadJitting  1: 1 op, 43684019.00 ns, 43.6840 ms/op

WorkloadPilot    1: 2 op, 193443.00 ns, 96.7215 us/op
WorkloadPilot    2: 3 op, 140414.00 ns, 46.8047 us/op
WorkloadPilot    3: 4 op, 117310.00 ns, 29.3275 us/op
WorkloadPilot    4: 5 op, 143861.00 ns, 28.7722 us/op
WorkloadPilot    5: 6 op, 237305.00 ns, 39.5508 us/op
WorkloadPilot    6: 7 op, 308879.00 ns, 44.1256 us/op
WorkloadPilot    7: 8 op, 192110.00 ns, 24.0138 us/op
WorkloadPilot    8: 9 op, 237326.00 ns, 26.3696 us/op
WorkloadPilot    9: 10 op, 269987.00 ns, 26.9987 us/op
WorkloadPilot   10: 11 op, 307918.00 ns, 27.9925 us/op
WorkloadPilot   11: 12 op, 292970.00 ns, 24.4142 us/op
WorkloadPilot   12: 13 op, 324930.00 ns, 24.9946 us/op
WorkloadPilot   13: 14 op, 338646.00 ns, 24.1890 us/op
WorkloadPilot   14: 15 op, 480501.00 ns, 32.0334 us/op
WorkloadPilot   15: 16 op, 675889.00 ns, 42.2431 us/op
WorkloadPilot   16: 32 op, 1162983.00 ns, 36.3432 us/op
WorkloadPilot   17: 64 op, 2110382.00 ns, 32.9747 us/op
WorkloadPilot   18: 128 op, 4134421.00 ns, 32.3002 us/op
WorkloadPilot   19: 256 op, 8085317.00 ns, 31.5833 us/op
WorkloadPilot   20: 512 op, 16423429.00 ns, 32.0770 us/op
WorkloadPilot   21: 1024 op, 23497908.00 ns, 22.9472 us/op
WorkloadPilot   22: 2048 op, 42448942.00 ns, 20.7270 us/op
WorkloadPilot   23: 4096 op, 86685859.00 ns, 21.1635 us/op
WorkloadPilot   24: 8192 op, 179248278.00 ns, 21.8809 us/op
WorkloadPilot   25: 16384 op, 338619995.00 ns, 20.6677 us/op
WorkloadPilot   26: 32768 op, 685780713.00 ns, 20.9284 us/op

WorkloadWarmup   1: 32768 op, 682814443.00 ns, 20.8378 us/op
WorkloadWarmup   2: 32768 op, 682634848.00 ns, 20.8324 us/op
WorkloadWarmup   3: 32768 op, 679812570.00 ns, 20.7462 us/op

// BeforeActualRun
WorkloadActual   1: 32768 op, 676024210.00 ns, 20.6306 us/op
WorkloadActual   2: 32768 op, 685783008.00 ns, 20.9284 us/op
WorkloadActual   3: 32768 op, 678589164.00 ns, 20.7089 us/op

// AfterActualRun
WorkloadResult   1: 32768 op, 676024210.00 ns, 20.6306 us/op
WorkloadResult   2: 32768 op, 685783008.00 ns, 20.9284 us/op
WorkloadResult   3: 32768 op, 678589164.00 ns, 20.7089 us/op
// GC:  56 7 0 940572672 32768
// Threading:  0 0 32768

// AfterAll
// Benchmark Process 4162 has exited with code 0.

Mean = 20.756 μs, StdErr = 0.089 μs (0.43%), N = 3, StdDev = 0.154 μs
Min = 20.631 μs, Q1 = 20.670 μs, Median = 20.709 μs, Q3 = 20.819 μs, Max = 20.928 μs
IQR = 0.149 μs, LowerFence = 20.446 μs, UpperFence = 21.042 μs
ConfidenceInterval = [17.939 μs; 23.573 μs] (CI 99.9%), Margin = 2.817 μs (13.57% of Mean)
Skewness = 0.28, Kurtosis = 0.67, MValue = 2

// ** Remained 7 (70.0 %) benchmark(s) to run. Estimated finish 2026-09-23 21:20 (0h 0m from now) **
// **************************
// Benchmark: ScatterGatherBenchmarks.'Scatter-gather single shard': ShortRun(IterationCount=3, LaunchCount=1, WarmupCount=3) [ShardCount=3]
// *** Execute ***
// Launch: 1 / 1
// Execute: dotnet Encina.Benchmarks-ShortRun-1.dll --anonymousPipes 228 229 --benchmarkName "Encina.Benchmarks.Sharding.ScatterGatherBenchmarks.ScatterGatherSingleShard(ShardCount: 3)" --job ShortRun --benchmarkId 3 in /home/runner/work/Encina/Encina/tests/Encina.BenchmarkTests/Encina.Benchmarks/bin/Release/net10.0/Encina.Benchmarks-ShortRun-1/bin/Release/net10.0
// Failed to set up high priority (Permission denied). In order to run benchmarks with high priority, make sure you have the right permissions.
// BeforeAnythingElse

// Benchmark Process Environment Information:
// BenchmarkDotNet v0.15.8
// Runtime=.NET 10.0.12 (10.0.12, 10.0.1226.42308), X64 RyuJIT x86-64-v3
// GC=Concurrent Workstation
// HardwareIntrinsics=AVX2+BMI1+BMI2+F16C+FMA+LZCNT+MOVBE,AVX,SSE3+SSSE3+SSE4.1+SSE4.2+POPCNT,X86Base+SSE+SSE2,AES+PCLMUL VectorSize=256
// Job: ShortRun(IterationCount=3, LaunchCount=1, WarmupCount=3)

OverheadJitting  1: 1 op, 276048.00 ns, 276.0480 us/op
WorkloadJitting  1: 1 op, 42981010.00 ns, 42.9810 ms/op

WorkloadPilot    1: 2 op, 161373.00 ns, 80.6865 us/op
WorkloadPilot    2: 3 op, 35046.00 ns, 11.6820 us/op
WorkloadPilot    3: 4 op, 42811.00 ns, 10.7028 us/op
WorkloadPilot    4: 5 op, 59261.00 ns, 11.8522 us/op
WorkloadPilot    5: 6 op, 61726.00 ns, 10.2877 us/op
WorkloadPilot    6: 7 op, 44033.00 ns, 6.2904 us/op
WorkloadPilot    7: 8 op, 59562.00 ns, 7.4453 us/op
WorkloadPilot    8: 9 op, 65142.00 ns, 7.2380 us/op
WorkloadPilot    9: 10 op, 73979.00 ns, 7.3979 us/op
WorkloadPilot   10: 11 op, 78087.00 ns, 7.0988 us/op
WorkloadPilot   11: 12 op, 86012.00 ns, 7.1677 us/op
WorkloadPilot   12: 13 op, 78337.00 ns, 6.0259 us/op
WorkloadPilot   13: 14 op, 118251.00 ns, 8.4465 us/op
WorkloadPilot   14: 15 op, 84990.00 ns, 5.6660 us/op
WorkloadPilot   15: 16 op, 89689.00 ns, 5.6056 us/op
WorkloadPilot   16: 32 op, 172915.00 ns, 5.4036 us/op
WorkloadPilot   17: 64 op, 286247.00 ns, 4.4726 us/op
WorkloadPilot   18: 128 op, 440526.00 ns, 3.4416 us/op
WorkloadPilot   19: 256 op, 851078.00 ns, 3.3245 us/op
WorkloadPilot   20: 512 op, 1851495.00 ns, 3.6162 us/op
WorkloadPilot   21: 1024 op, 3529796.00 ns, 3.4471 us/op
WorkloadPilot   22: 2048 op, 6889382.00 ns, 3.3640 us/op
WorkloadPilot   23: 4096 op, 13771620.00 ns, 3.3622 us/op
WorkloadPilot   24: 8192 op, 26982469.00 ns, 3.2938 us/op
WorkloadPilot   25: 16384 op, 40796850.00 ns, 2.4900 us/op
WorkloadPilot   26: 32768 op, 75487619.00 ns, 2.3037 us/op
WorkloadPilot   27: 65536 op, 149051385.00 ns, 2.2743 us/op
WorkloadPilot   28: 131072 op, 299042294.00 ns, 2.2815 us/op
WorkloadPilot   29: 262144 op, 596775381.00 ns, 2.2765 us/op

WorkloadWarmup   1: 262144 op, 593789947.00 ns, 2.2651 us/op
WorkloadWarmup   2: 262144 op, 594643499.00 ns, 2.2684 us/op
WorkloadWarmup   3: 262144 op, 596746864.00 ns, 2.2764 us/op

// BeforeActualRun
WorkloadActual   1: 262144 op, 593362522.00 ns, 2.2635 us/op
WorkloadActual   2: 262144 op, 602781743.00 ns, 2.2994 us/op
WorkloadActual   3: 262144 op, 604044964.00 ns, 2.3042 us/op

// AfterActualRun
WorkloadResult   1: 262144 op, 593362522.00 ns, 2.2635 us/op
WorkloadResult   2: 262144 op, 602781743.00 ns, 2.2994 us/op
WorkloadResult   3: 262144 op, 604044964.00 ns, 2.3042 us/op
// GC:  36 0 0 610271232 262144
// Threading:  0 0 262144

// AfterAll
// Benchmark Process 4173 has exited with code 0.

Mean = 2.289 μs, StdErr = 0.013 μs (0.56%), N = 3, StdDev = 0.022 μs
Min = 2.263 μs, Q1 = 2.281 μs, Median = 2.299 μs, Q3 = 2.302 μs, Max = 2.304 μs
IQR = 0.020 μs, LowerFence = 2.251 μs, UpperFence = 2.332 μs
ConfidenceInterval = [1.883 μs; 2.695 μs] (CI 99.9%), Margin = 0.406 μs (17.75% of Mean)
Skewness = -0.36, Kurtosis = 0.67, MValue = 2

// ** Remained 6 (60.0 %) benchmark(s) to run. Estimated finish 2026-09-23 21:20 (0h 0m from now) **
// **************************
// Benchmark: ScatterGatherBenchmarks.'Topology lookup all shards': ShortRun(IterationCount=3, LaunchCount=1, WarmupCount=3) [ShardCount=3]
// *** Execute ***
// Launch: 1 / 1
// Execute: dotnet Encina.Benchmarks-ShortRun-1.dll --anonymousPipes 228 229 --benchmarkName "Encina.Benchmarks.Sharding.ScatterGatherBenchmarks.TopologyGetAllShards(ShardCount: 3)" --job ShortRun --benchmarkId 4 in /home/runner/work/Encina/Encina/tests/Encina.BenchmarkTests/Encina.Benchmarks/bin/Release/net10.0/Encina.Benchmarks-ShortRun-1/bin/Release/net10.0
// Failed to set up high priority (Permission denied). In order to run benchmarks with high priority, make sure you have the right permissions.
// BeforeAnythingElse

// Benchmark Process Environment Information:
// BenchmarkDotNet v0.15.8
// Runtime=.NET 10.0.12 (10.0.12, 10.0.1226.42308), X64 RyuJIT x86-64-v3
// GC=Concurrent Workstation
// HardwareIntrinsics=AVX2+BMI1+BMI2+F16C+FMA+LZCNT+MOVBE,AVX,SSE3+SSSE3+SSE4.1+SSE4.2+POPCNT,X86Base+SSE+SSE2,AES+PCLMUL VectorSize=256
// Job: ShortRun(IterationCount=3, LaunchCount=1, WarmupCount=3)

OverheadJitting  1: 1 op, 260549.00 ns, 260.5490 us/op
WorkloadJitting  1: 1 op, 1073114.00 ns, 1.0731 ms/op

OverheadJitting  2: 16 op, 504487.00 ns, 31.5304 us/op
WorkloadJitting  2: 16 op, 554040.00 ns, 34.6275 us/op

WorkloadPilot    1: 16 op, 6672.00 ns, 417.0000 ns/op
WorkloadPilot    2: 32 op, 8306.00 ns, 259.5625 ns/op
WorkloadPilot    3: 64 op, 28113.00 ns, 439.2656 ns/op
WorkloadPilot    4: 128 op, 40115.00 ns, 313.3984 ns/op
WorkloadPilot    5: 256 op, 65583.00 ns, 256.1836 ns/op
WorkloadPilot    6: 512 op, 98304.00 ns, 192.0000 ns/op
WorkloadPilot    7: 1024 op, 211687.00 ns, 206.7256 ns/op
WorkloadPilot    8: 2048 op, 432482.00 ns, 211.1729 ns/op
WorkloadPilot    9: 4096 op, 683955.00 ns, 166.9812 ns/op
WorkloadPilot   10: 8192 op, 1478806.00 ns, 180.5183 ns/op
WorkloadPilot   11: 16384 op, 3006033.00 ns, 183.4737 ns/op
WorkloadPilot   12: 32768 op, 5917849.00 ns, 180.5984 ns/op
WorkloadPilot   13: 65536 op, 11903324.00 ns, 181.6303 ns/op
WorkloadPilot   14: 131072 op, 23340164.00 ns, 178.0713 ns/op
WorkloadPilot   15: 262144 op, 39009698.00 ns, 148.8102 ns/op
WorkloadPilot   16: 524288 op, 74997754.00 ns, 143.0469 ns/op
WorkloadPilot   17: 1048576 op, 146075629.00 ns, 139.3086 ns/op
WorkloadPilot   18: 2097152 op, 292064304.00 ns, 139.2671 ns/op
WorkloadPilot   19: 4194304 op, 581943205.00 ns, 138.7461 ns/op

OverheadWarmup   1: 4194304 op, 13879434.00 ns, 3.3091 ns/op
OverheadWarmup   2: 4194304 op, 13932343.00 ns, 3.3217 ns/op
OverheadWarmup   3: 4194304 op, 13873693.00 ns, 3.3077 ns/op
OverheadWarmup   4: 4194304 op, 13861059.00 ns, 3.3047 ns/op
OverheadWarmup   5: 4194304 op, 13910442.00 ns, 3.3165 ns/op
OverheadWarmup   6: 4194304 op, 14027051.00 ns, 3.3443 ns/op
OverheadWarmup   7: 4194304 op, 13895985.00 ns, 3.3131 ns/op

OverheadActual   1: 4194304 op, 13928306.00 ns, 3.3208 ns/op
OverheadActual   2: 4194304 op, 13924749.00 ns, 3.3199 ns/op
OverheadActual   3: 4194304 op, 13984852.00 ns, 3.3342 ns/op
OverheadActual   4: 4194304 op, 14004729.00 ns, 3.3390 ns/op
OverheadActual   5: 4194304 op, 13931592.00 ns, 3.3216 ns/op
OverheadActual   6: 4194304 op, 13876358.00 ns, 3.3084 ns/op
OverheadActual   7: 4194304 op, 13873342.00 ns, 3.3077 ns/op
OverheadActual   8: 4194304 op, 13906775.00 ns, 3.3156 ns/op
OverheadActual   9: 4194304 op, 13913328.00 ns, 3.3172 ns/op
OverheadActual  10: 4194304 op, 13884884.00 ns, 3.3104 ns/op
OverheadActual  11: 4194304 op, 13871840.00 ns, 3.3073 ns/op
OverheadActual  12: 4194304 op, 13884163.00 ns, 3.3102 ns/op
OverheadActual  13: 4194304 op, 13870137.00 ns, 3.3069 ns/op
OverheadActual  14: 4194304 op, 13898851.00 ns, 3.3137 ns/op
OverheadActual  15: 4194304 op, 13922765.00 ns, 3.3194 ns/op

WorkloadWarmup   1: 4194304 op, 586028104.00 ns, 139.7200 ns/op
WorkloadWarmup   2: 4194304 op, 582198475.00 ns, 138.8069 ns/op
WorkloadWarmup   3: 4194304 op, 575569431.00 ns, 137.2264 ns/op

// BeforeActualRun
WorkloadActual   1: 4194304 op, 579580441.00 ns, 138.1827 ns/op
WorkloadActual   2: 4194304 op, 580447288.00 ns, 138.3894 ns/op
WorkloadActual   3: 4194304 op, 577178758.00 ns, 137.6101 ns/op

// AfterActualRun
WorkloadResult   1: 4194304 op, 565673666.00 ns, 134.8671 ns/op
WorkloadResult   2: 4194304 op, 566540513.00 ns, 135.0738 ns/op
WorkloadResult   3: 4194304 op, 563271983.00 ns, 134.2945 ns/op
// GC:  26 0 0 436207616 4194304
// Threading:  0 0 4194304

// AfterAll
// Benchmark Process 4180 has exited with code 0.

Mean = 134.745 ns, StdErr = 0.233 ns (0.17%), N = 3, StdDev = 0.404 ns
Min = 134.295 ns, Q1 = 134.581 ns, Median = 134.867 ns, Q3 = 134.970 ns, Max = 135.074 ns
IQR = 0.390 ns, LowerFence = 133.996 ns, UpperFence = 135.555 ns
ConfidenceInterval = [127.380 ns; 142.110 ns] (CI 99.9%), Margin = 7.365 ns (5.47% of Mean)
Skewness = -0.27, Kurtosis = 0.67, MValue = 2

// ** Remained 5 (50.0 %) benchmark(s) to run. Estimated finish 2026-09-23 21:20 (0h 0m from now) **
// **************************
// Benchmark: ScatterGatherBenchmarks.'Scatter-gather all shards (sync result)': ShortRun(IterationCount=3, LaunchCount=1, WarmupCount=3) [ShardCount=25]
// *** Execute ***
// Launch: 1 / 1
// Execute: dotnet Encina.Benchmarks-ShortRun-1.dll --anonymousPipes 228 229 --benchmarkName "Encina.Benchmarks.Sharding.ScatterGatherBenchmarks.ScatterGatherAllShards(ShardCount: 25)" --job ShortRun --benchmarkId 5 in /home/runner/work/Encina/Encina/tests/Encina.BenchmarkTests/Encina.Benchmarks/bin/Release/net10.0/Encina.Benchmarks-ShortRun-1/bin/Release/net10.0
// Failed to set up high priority (Permission denied). In order to run benchmarks with high priority, make sure you have the right permissions.
// BeforeAnythingElse

// Benchmark Process Environment Information:
// BenchmarkDotNet v0.15.8
// Runtime=.NET 10.0.12 (10.0.12, 10.0.1226.42308), X64 RyuJIT x86-64-v3
// GC=Concurrent Workstation
// HardwareIntrinsics=AVX2+BMI1+BMI2+F16C+FMA+LZCNT+MOVBE,AVX,SSE3+SSSE3+SSE4.1+SSE4.2+POPCNT,X86Base+SSE+SSE2,AES+PCLMUL VectorSize=256
// Job: ShortRun(IterationCount=3, LaunchCount=1, WarmupCount=3)

OverheadJitting  1: 1 op, 224622.00 ns, 224.6220 us/op
WorkloadJitting  1: 1 op, 42195595.00 ns, 42.1956 ms/op

WorkloadPilot    1: 2 op, 153297.00 ns, 76.6485 us/op
WorkloadPilot    2: 3 op, 94157.00 ns, 31.3857 us/op
WorkloadPilot    3: 4 op, 147116.00 ns, 36.7790 us/op
WorkloadPilot    4: 5 op, 153337.00 ns, 30.6674 us/op
WorkloadPilot    5: 6 op, 173485.00 ns, 28.9142 us/op
WorkloadPilot    6: 7 op, 157526.00 ns, 22.5037 us/op
WorkloadPilot    7: 8 op, 193904.00 ns, 24.2380 us/op
WorkloadPilot    8: 9 op, 185348.00 ns, 20.5942 us/op
WorkloadPilot    9: 10 op, 246342.00 ns, 24.6342 us/op
WorkloadPilot   10: 11 op, 176411.00 ns, 16.0374 us/op
WorkloadPilot   11: 12 op, 207891.00 ns, 17.3243 us/op
WorkloadPilot   12: 13 op, 232045.00 ns, 17.8496 us/op
WorkloadPilot   13: 14 op, 263454.00 ns, 18.8181 us/op
WorkloadPilot   14: 15 op, 259297.00 ns, 17.2865 us/op
WorkloadPilot   15: 16 op, 256933.00 ns, 16.0583 us/op
WorkloadPilot   16: 32 op, 732054.00 ns, 22.8767 us/op
WorkloadPilot   17: 64 op, 1482984.00 ns, 23.1716 us/op
WorkloadPilot   18: 128 op, 2997206.00 ns, 23.4157 us/op
WorkloadPilot   19: 256 op, 5806389.00 ns, 22.6812 us/op
WorkloadPilot   20: 512 op, 11261600.00 ns, 21.9953 us/op
WorkloadPilot   21: 1024 op, 20605779.00 ns, 20.1228 us/op
WorkloadPilot   22: 2048 op, 29764962.00 ns, 14.5337 us/op
WorkloadPilot   23: 4096 op, 60036596.00 ns, 14.6574 us/op
WorkloadPilot   24: 8192 op, 117893338.00 ns, 14.3913 us/op
WorkloadPilot   25: 16384 op, 238879713.00 ns, 14.5801 us/op
WorkloadPilot   26: 32768 op, 476275040.00 ns, 14.5348 us/op
WorkloadPilot   27: 65536 op, 953759861.00 ns, 14.5532 us/op

WorkloadWarmup   1: 65536 op, 953331927.00 ns, 14.5467 us/op
WorkloadWarmup   2: 65536 op, 957147719.00 ns, 14.6049 us/op
WorkloadWarmup   3: 65536 op, 957385096.00 ns, 14.6085 us/op

// BeforeActualRun
WorkloadActual   1: 65536 op, 948526477.00 ns, 14.4734 us/op
WorkloadActual   2: 65536 op, 956116345.00 ns, 14.5892 us/op
WorkloadActual   3: 65536 op, 944881977.00 ns, 14.4178 us/op

// AfterActualRun
WorkloadResult   1: 65536 op, 948526477.00 ns, 14.4734 us/op
WorkloadResult   2: 65536 op, 956116345.00 ns, 14.5892 us/op
WorkloadResult   3: 65536 op, 944881977.00 ns, 14.4178 us/op
// GC:  76 2 0 1275592704 65536
// Threading:  0 0 65536

// AfterAll
// Benchmark Process 4187 has exited with code 0.

Mean = 14.493 μs, StdErr = 0.050 μs (0.35%), N = 3, StdDev = 0.087 μs
Min = 14.418 μs, Q1 = 14.446 μs, Median = 14.473 μs, Q3 = 14.531 μs, Max = 14.589 μs
IQR = 0.086 μs, LowerFence = 14.317 μs, UpperFence = 14.660 μs
ConfidenceInterval = [12.898 μs; 16.089 μs] (CI 99.9%), Margin = 1.596 μs (11.01% of Mean)
Skewness = 0.22, Kurtosis = 0.67, MValue = 2

// ** Remained 4 (40.0 %) benchmark(s) to run. Estimated finish 2026-09-23 21:20 (0h 0m from now) **
// **************************
// Benchmark: ScatterGatherBenchmarks.'Scatter-gather subset (3 shards)': ShortRun(IterationCount=3, LaunchCount=1, WarmupCount=3) [ShardCount=25]
// *** Execute ***
// Launch: 1 / 1
// Execute: dotnet Encina.Benchmarks-ShortRun-1.dll --anonymousPipes 228 229 --benchmarkName "Encina.Benchmarks.Sharding.ScatterGatherBenchmarks.ScatterGatherSubset(ShardCount: 25)" --job ShortRun --benchmarkId 6 in /home/runner/work/Encina/Encina/tests/Encina.BenchmarkTests/Encina.Benchmarks/bin/Release/net10.0/Encina.Benchmarks-ShortRun-1/bin/Release/net10.0
// Failed to set up high priority (Permission denied). In order to run benchmarks with high priority, make sure you have the right permissions.
// BeforeAnythingElse

// Benchmark Process Environment Information:
// BenchmarkDotNet v0.15.8
// Runtime=.NET 10.0.12 (10.0.12, 10.0.1226.42308), X64 RyuJIT x86-64-v3
// GC=Concurrent Workstation
// HardwareIntrinsics=AVX2+BMI1+BMI2+F16C+FMA+LZCNT+MOVBE,AVX,SSE3+SSSE3+SSE4.1+SSE4.2+POPCNT,X86Base+SSE+SSE2,AES+PCLMUL VectorSize=256
// Job: ShortRun(IterationCount=3, LaunchCount=1, WarmupCount=3)

OverheadJitting  1: 1 op, 225263.00 ns, 225.2630 us/op
WorkloadJitting  1: 1 op, 41290979.00 ns, 41.2910 ms/op

WorkloadPilot    1: 2 op, 109135.00 ns, 54.5675 us/op
WorkloadPilot    2: 3 op, 36097.00 ns, 12.0323 us/op
WorkloadPilot    3: 4 op, 33944.00 ns, 8.4860 us/op
WorkloadPilot    4: 5 op, 44834.00 ns, 8.9668 us/op
WorkloadPilot    5: 6 op, 51737.00 ns, 8.6228 us/op
WorkloadPilot    6: 7 op, 51837.00 ns, 7.4053 us/op
WorkloadPilot    7: 8 op, 68088.00 ns, 8.5110 us/op
WorkloadPilot    8: 9 op, 65302.00 ns, 7.2558 us/op
WorkloadPilot    9: 10 op, 79068.00 ns, 7.9068 us/op
WorkloadPilot   10: 11 op, 78327.00 ns, 7.1206 us/op
WorkloadPilot   11: 12 op, 86562.00 ns, 7.2135 us/op
WorkloadPilot   12: 13 op, 92303.00 ns, 7.1002 us/op
WorkloadPilot   13: 14 op, 92984.00 ns, 6.6417 us/op
WorkloadPilot   14: 15 op, 101721.00 ns, 6.7814 us/op
WorkloadPilot   15: 16 op, 111149.00 ns, 6.9468 us/op
WorkloadPilot   16: 32 op, 197892.00 ns, 6.1841 us/op
WorkloadPilot   17: 64 op, 384522.00 ns, 6.0082 us/op
WorkloadPilot   18: 128 op, 652054.00 ns, 5.0942 us/op
WorkloadPilot   19: 256 op, 1387614.00 ns, 5.4204 us/op
WorkloadPilot   20: 512 op, 2660595.00 ns, 5.1965 us/op
WorkloadPilot   21: 1024 op, 5339703.00 ns, 5.2146 us/op
WorkloadPilot   22: 2048 op, 10572586.00 ns, 5.1624 us/op
WorkloadPilot   23: 4096 op, 20856461.00 ns, 5.0919 us/op
WorkloadPilot   24: 8192 op, 29911378.00 ns, 3.6513 us/op
WorkloadPilot   25: 16384 op, 57828333.00 ns, 3.5296 us/op
WorkloadPilot   26: 32768 op, 114735156.00 ns, 3.5014 us/op
WorkloadPilot   27: 65536 op, 229053981.00 ns, 3.4951 us/op
WorkloadPilot   28: 131072 op, 458158919.00 ns, 3.4955 us/op
WorkloadPilot   29: 262144 op, 921798083.00 ns, 3.5164 us/op

WorkloadWarmup   1: 262144 op, 917811440.00 ns, 3.5012 us/op
WorkloadWarmup   2: 262144 op, 927048420.00 ns, 3.5364 us/op
WorkloadWarmup   3: 262144 op, 922668528.00 ns, 3.5197 us/op

// BeforeActualRun
WorkloadActual   1: 262144 op, 920638156.00 ns, 3.5120 us/op
WorkloadActual   2: 262144 op, 915601166.00 ns, 3.4927 us/op
WorkloadActual   3: 262144 op, 920907886.00 ns, 3.5130 us/op

// AfterActualRun
WorkloadResult   1: 262144 op, 920638156.00 ns, 3.5120 us/op
WorkloadResult   2: 262144 op, 915601166.00 ns, 3.4927 us/op
WorkloadResult   3: 262144 op, 920907886.00 ns, 3.5130 us/op
// GC:  60 0 0 1017118720 262144
// Threading:  0 0 262144

// AfterAll
// Benchmark Process 4197 has exited with code 0.

Mean = 3.506 μs, StdErr = 0.007 μs (0.19%), N = 3, StdDev = 0.011 μs
Min = 3.493 μs, Q1 = 3.502 μs, Median = 3.512 μs, Q3 = 3.512 μs, Max = 3.513 μs
IQR = 0.010 μs, LowerFence = 3.487 μs, UpperFence = 3.528 μs
ConfidenceInterval = [3.298 μs; 3.714 μs] (CI 99.9%), Margin = 0.208 μs (5.93% of Mean)
Skewness = -0.38, Kurtosis = 0.67, MValue = 2

// ** Remained 3 (30.0 %) benchmark(s) to run. Estimated finish 2026-09-23 21:20 (0h 0m from now) **
// **************************
// Benchmark: ScatterGatherBenchmarks.'Scatter-gather with large results': ShortRun(IterationCount=3, LaunchCount=1, WarmupCount=3) [ShardCount=25]
// *** Execute ***
// Launch: 1 / 1
// Execute: dotnet Encina.Benchmarks-ShortRun-1.dll --anonymousPipes 228 229 --benchmarkName "Encina.Benchmarks.Sharding.ScatterGatherBenchmarks.ScatterGatherLargeResults(ShardCount: 25)" --job ShortRun --benchmarkId 7 in /home/runner/work/Encina/Encina/tests/Encina.BenchmarkTests/Encina.Benchmarks/bin/Release/net10.0/Encina.Benchmarks-ShortRun-1/bin/Release/net10.0
// Failed to set up high priority (Permission denied). In order to run benchmarks with high priority, make sure you have the right permissions.
// BeforeAnythingElse

// Benchmark Process Environment Information:
// BenchmarkDotNet v0.15.8
// Runtime=.NET 10.0.12 (10.0.12, 10.0.1226.42308), X64 RyuJIT x86-64-v3
// GC=Concurrent Workstation
// HardwareIntrinsics=AVX2+BMI1+BMI2+F16C+FMA+LZCNT+MOVBE,AVX,SSE3+SSSE3+SSE4.1+SSE4.2+POPCNT,X86Base+SSE+SSE2,AES+PCLMUL VectorSize=256
// Job: ShortRun(IterationCount=3, LaunchCount=1, WarmupCount=3)

OverheadJitting  1: 1 op, 248246.00 ns, 248.2460 us/op
WorkloadJitting  1: 1 op, 42458268.00 ns, 42.4583 ms/op

WorkloadPilot    1: 2 op, 530656.00 ns, 265.3280 us/op
WorkloadPilot    2: 3 op, 900100.00 ns, 300.0333 us/op
WorkloadPilot    3: 4 op, 779293.00 ns, 194.8233 us/op
WorkloadPilot    4: 5 op, 1249876.00 ns, 249.9752 us/op
WorkloadPilot    5: 6 op, 1219820.00 ns, 203.3033 us/op
WorkloadPilot    6: 7 op, 1379099.00 ns, 197.0141 us/op
WorkloadPilot    7: 8 op, 1518611.00 ns, 189.8264 us/op
WorkloadPilot    8: 9 op, 1670626.00 ns, 185.6251 us/op
WorkloadPilot    9: 10 op, 1920015.00 ns, 192.0015 us/op
WorkloadPilot   10: 11 op, 2002278.00 ns, 182.0253 us/op
WorkloadPilot   11: 12 op, 2099491.00 ns, 174.9576 us/op
WorkloadPilot   12: 13 op, 2311339.00 ns, 177.7953 us/op
WorkloadPilot   13: 14 op, 2430312.00 ns, 173.5937 us/op
WorkloadPilot   14: 15 op, 2594751.00 ns, 172.9834 us/op
WorkloadPilot   15: 16 op, 2719655.00 ns, 169.9784 us/op
WorkloadPilot   16: 32 op, 7371998.00 ns, 230.3749 us/op
WorkloadPilot   17: 64 op, 16311779.00 ns, 254.8715 us/op
WorkloadPilot   18: 128 op, 21580129.00 ns, 168.5948 us/op
WorkloadPilot   19: 256 op, 40644865.00 ns, 158.7690 us/op
WorkloadPilot   20: 512 op, 80923703.00 ns, 158.0541 us/op
WorkloadPilot   21: 1024 op, 162766070.00 ns, 158.9512 us/op
WorkloadPilot   22: 2048 op, 326950723.00 ns, 159.6439 us/op
WorkloadPilot   23: 4096 op, 653629335.00 ns, 159.5775 us/op

WorkloadWarmup   1: 4096 op, 648280694.00 ns, 158.2717 us/op
WorkloadWarmup   2: 4096 op, 654861668.00 ns, 159.8783 us/op
WorkloadWarmup   3: 4096 op, 657579429.00 ns, 160.5419 us/op

// BeforeActualRun
WorkloadActual   1: 4096 op, 674244632.00 ns, 164.6105 us/op
WorkloadActual   2: 4096 op, 655907039.00 ns, 160.1336 us/op
WorkloadActual   3: 4096 op, 662535833.00 ns, 161.7519 us/op

// AfterActualRun
WorkloadResult   1: 4096 op, 674244632.00 ns, 164.6105 us/op
WorkloadResult   2: 4096 op, 655907039.00 ns, 160.1336 us/op
WorkloadResult   3: 4096 op, 662535833.00 ns, 161.7519 us/op
// GC:  59 43 0 995131392 4096
// Threading:  0 0 4096

// AfterAll
// Benchmark Process 4208 has exited with code 0.

Mean = 162.165 μs, StdErr = 1.309 μs (0.81%), N = 3, StdDev = 2.267 μs
Min = 160.134 μs, Q1 = 160.943 μs, Median = 161.752 μs, Q3 = 163.181 μs, Max = 164.611 μs
IQR = 2.238 μs, LowerFence = 157.585 μs, UpperFence = 166.539 μs
ConfidenceInterval = [120.808 μs; 203.523 μs] (CI 99.9%), Margin = 41.357 μs (25.50% of Mean)
Skewness = 0.18, Kurtosis = 0.67, MValue = 2

// ** Remained 2 (20.0 %) benchmark(s) to run. Estimated finish 2026-09-23 21:20 (0h 0m from now) **
// **************************
// Benchmark: ScatterGatherBenchmarks.'Scatter-gather single shard': ShortRun(IterationCount=3, LaunchCount=1, WarmupCount=3) [ShardCount=25]
// *** Execute ***
// Launch: 1 / 1
// Execute: dotnet Encina.Benchmarks-ShortRun-1.dll --anonymousPipes 228 229 --benchmarkName "Encina.Benchmarks.Sharding.ScatterGatherBenchmarks.ScatterGatherSingleShard(ShardCount: 25)" --job ShortRun --benchmarkId 8 in /home/runner/work/Encina/Encina/tests/Encina.BenchmarkTests/Encina.Benchmarks/bin/Release/net10.0/Encina.Benchmarks-ShortRun-1/bin/Release/net10.0
// Failed to set up high priority (Permission denied). In order to run benchmarks with high priority, make sure you have the right permissions.
// BeforeAnythingElse

// Benchmark Process Environment Information:
// BenchmarkDotNet v0.15.8
// Runtime=.NET 10.0.12 (10.0.12, 10.0.1226.42308), X64 RyuJIT x86-64-v3
// GC=Concurrent Workstation
// HardwareIntrinsics=AVX2+BMI1+BMI2+F16C+FMA+LZCNT+MOVBE,AVX,SSE3+SSSE3+SSE4.1+SSE4.2+POPCNT,X86Base+SSE+SSE2,AES+PCLMUL VectorSize=256
// Job: ShortRun(IterationCount=3, LaunchCount=1, WarmupCount=3)

OverheadJitting  1: 1 op, 222587.00 ns, 222.5870 us/op
WorkloadJitting  1: 1 op, 41085973.00 ns, 41.0860 ms/op

WorkloadPilot    1: 2 op, 159139.00 ns, 79.5695 us/op
WorkloadPilot    2: 3 op, 37820.00 ns, 12.6067 us/op
WorkloadPilot    3: 4 op, 36939.00 ns, 9.2348 us/op
WorkloadPilot    4: 5 op, 56435.00 ns, 11.2870 us/op
WorkloadPilot    5: 6 op, 58821.00 ns, 9.8035 us/op
WorkloadPilot    6: 7 op, 74450.00 ns, 10.6357 us/op
WorkloadPilot    7: 8 op, 63410.00 ns, 7.9263 us/op
WorkloadPilot    8: 9 op, 64210.00 ns, 7.1344 us/op
WorkloadPilot    9: 10 op, 90370.00 ns, 9.0370 us/op
WorkloadPilot   10: 11 op, 78798.00 ns, 7.1635 us/op
WorkloadPilot   11: 12 op, 75792.00 ns, 6.3160 us/op
WorkloadPilot   12: 13 op, 74049.00 ns, 5.6961 us/op
WorkloadPilot   13: 14 op, 85020.00 ns, 6.0729 us/op
WorkloadPilot   14: 15 op, 84829.00 ns, 5.6553 us/op
WorkloadPilot   15: 16 op, 85490.00 ns, 5.3431 us/op
WorkloadPilot   16: 32 op, 148719.00 ns, 4.6475 us/op
WorkloadPilot   17: 64 op, 256962.00 ns, 4.0150 us/op
WorkloadPilot   18: 128 op, 389050.00 ns, 3.0395 us/op
WorkloadPilot   19: 256 op, 835758.00 ns, 3.2647 us/op
WorkloadPilot   20: 512 op, 1704629.00 ns, 3.3294 us/op
WorkloadPilot   21: 1024 op, 3401715.00 ns, 3.3220 us/op
WorkloadPilot   22: 2048 op, 6812949.00 ns, 3.3266 us/op
WorkloadPilot   23: 4096 op, 13432575.00 ns, 3.2794 us/op
WorkloadPilot   24: 8192 op, 23845240.00 ns, 2.9108 us/op
WorkloadPilot   25: 16384 op, 36936344.00 ns, 2.2544 us/op
WorkloadPilot   26: 32768 op, 74327460.00 ns, 2.2683 us/op
WorkloadPilot   27: 65536 op, 145654589.00 ns, 2.2225 us/op
WorkloadPilot   28: 131072 op, 292024432.00 ns, 2.2280 us/op
WorkloadPilot   29: 262144 op, 583999332.00 ns, 2.2278 us/op

WorkloadWarmup   1: 262144 op, 580363707.00 ns, 2.2139 us/op
WorkloadWarmup   2: 262144 op, 585593454.00 ns, 2.2339 us/op
WorkloadWarmup   3: 262144 op, 586368328.00 ns, 2.2368 us/op

// BeforeActualRun
WorkloadActual   1: 262144 op, 575733666.00 ns, 2.1962 us/op
WorkloadActual   2: 262144 op, 578403036.00 ns, 2.2064 us/op
WorkloadActual   3: 262144 op, 581230543.00 ns, 2.2172 us/op

// AfterActualRun
WorkloadResult   1: 262144 op, 575733666.00 ns, 2.1962 us/op
WorkloadResult   2: 262144 op, 578403036.00 ns, 2.2064 us/op
WorkloadResult   3: 262144 op, 581230543.00 ns, 2.2172 us/op
// GC:  39 0 0 656408576 262144
// Threading:  0 0 262144

// AfterAll
// Benchmark Process 4215 has exited with code 0.

Mean = 2.207 μs, StdErr = 0.006 μs (0.27%), N = 3, StdDev = 0.010 μs
Min = 2.196 μs, Q1 = 2.201 μs, Median = 2.206 μs, Q3 = 2.212 μs, Max = 2.217 μs
IQR = 0.010 μs, LowerFence = 2.186 μs, UpperFence = 2.228 μs
ConfidenceInterval = [2.015 μs; 2.398 μs] (CI 99.9%), Margin = 0.191 μs (8.67% of Mean)
Skewness = 0.02, Kurtosis = 0.67, MValue = 2

// ** Remained 1 (10.0 %) benchmark(s) to run. Estimated finish 2026-09-23 21:20 (0h 0m from now) **
// **************************
// Benchmark: ScatterGatherBenchmarks.'Topology lookup all shards': ShortRun(IterationCount=3, LaunchCount=1, WarmupCount=3) [ShardCount=25]
// *** Execute ***
// Launch: 1 / 1
// Execute: dotnet Encina.Benchmarks-ShortRun-1.dll --anonymousPipes 228 229 --benchmarkName "Encina.Benchmarks.Sharding.ScatterGatherBenchmarks.TopologyGetAllShards(ShardCount: 25)" --job ShortRun --benchmarkId 9 in /home/runner/work/Encina/Encina/tests/Encina.BenchmarkTests/Encina.Benchmarks/bin/Release/net10.0/Encina.Benchmarks-ShortRun-1/bin/Release/net10.0
// Failed to set up high priority (Permission denied). In order to run benchmarks with high priority, make sure you have the right permissions.
// BeforeAnythingElse

// Benchmark Process Environment Information:
// BenchmarkDotNet v0.15.8
// Runtime=.NET 10.0.12 (10.0.12, 10.0.1226.42308), X64 RyuJIT x86-64-v3
// GC=Concurrent Workstation
// HardwareIntrinsics=AVX2+BMI1+BMI2+F16C+FMA+LZCNT+MOVBE,AVX,SSE3+SSSE3+SSE4.1+SSE4.2+POPCNT,X86Base+SSE+SSE2,AES+PCLMUL VectorSize=256
// Job: ShortRun(IterationCount=3, LaunchCount=1, WarmupCount=3)

OverheadJitting  1: 1 op, 235432.00 ns, 235.4320 us/op
WorkloadJitting  1: 1 op, 986963.00 ns, 986.9630 us/op

OverheadJitting  2: 16 op, 501631.00 ns, 31.3519 us/op
WorkloadJitting  2: 16 op, 562837.00 ns, 35.1773 us/op

WorkloadPilot    1: 16 op, 33743.00 ns, 2.1089 us/op
WorkloadPilot    2: 32 op, 38682.00 ns, 1.2088 us/op
WorkloadPilot    3: 64 op, 52529.00 ns, 820.7656 ns/op
WorkloadPilot    4: 128 op, 69560.00 ns, 543.4375 ns/op
WorkloadPilot    5: 256 op, 121819.00 ns, 475.8555 ns/op
WorkloadPilot    6: 512 op, 174387.00 ns, 340.5996 ns/op
WorkloadPilot    7: 1024 op, 248427.00 ns, 242.6045 ns/op
WorkloadPilot    8: 2048 op, 523733.00 ns, 255.7290 ns/op
WorkloadPilot    9: 4096 op, 1089756.00 ns, 266.0537 ns/op
WorkloadPilot   10: 8192 op, 2218725.00 ns, 270.8405 ns/op
WorkloadPilot   11: 16384 op, 4268313.00 ns, 260.5172 ns/op
WorkloadPilot   12: 32768 op, 8453167.00 ns, 257.9702 ns/op
WorkloadPilot   13: 65536 op, 15849632.00 ns, 241.8462 ns/op
WorkloadPilot   14: 131072 op, 19749502.00 ns, 150.6767 ns/op
WorkloadPilot   15: 262144 op, 38997222.00 ns, 148.7626 ns/op
WorkloadPilot   16: 524288 op, 79019348.00 ns, 150.7174 ns/op
WorkloadPilot   17: 1048576 op, 155083279.00 ns, 147.8989 ns/op
WorkloadPilot   18: 2097152 op, 304771319.00 ns, 145.3263 ns/op
WorkloadPilot   19: 4194304 op, 612430329.00 ns, 146.0148 ns/op

OverheadWarmup   1: 4194304 op, 13746835.00 ns, 3.2775 ns/op
OverheadWarmup   2: 4194304 op, 13715215.00 ns, 3.2700 ns/op
OverheadWarmup   3: 4194304 op, 13711508.00 ns, 3.2691 ns/op
OverheadWarmup   4: 4194304 op, 13741083.00 ns, 3.2761 ns/op
OverheadWarmup   5: 4194304 op, 13724072.00 ns, 3.2721 ns/op
OverheadWarmup   6: 4194304 op, 13729261.00 ns, 3.2733 ns/op
OverheadWarmup   7: 4194304 op, 13734741.00 ns, 3.2746 ns/op
OverheadWarmup   8: 4194304 op, 13736144.00 ns, 3.2750 ns/op
OverheadWarmup   9: 4194304 op, 13733369.00 ns, 3.2743 ns/op

OverheadActual   1: 4194304 op, 13734972.00 ns, 3.2747 ns/op
OverheadActual   2: 4194304 op, 13781760.00 ns, 3.2858 ns/op
OverheadActual   3: 4194304 op, 13738198.00 ns, 3.2754 ns/op
OverheadActual   4: 4194304 op, 13836392.00 ns, 3.2989 ns/op
OverheadActual   5: 4194304 op, 13744439.00 ns, 3.2769 ns/op
OverheadActual   6: 4194304 op, 13762734.00 ns, 3.2813 ns/op
OverheadActual   7: 4194304 op, 13736325.00 ns, 3.2750 ns/op
OverheadActual   8: 4194304 op, 13730103.00 ns, 3.2735 ns/op
OverheadActual   9: 4194304 op, 13729121.00 ns, 3.2733 ns/op
OverheadActual  10: 4194304 op, 13726396.00 ns, 3.2726 ns/op
OverheadActual  11: 4194304 op, 13731325.00 ns, 3.2738 ns/op
OverheadActual  12: 4194304 op, 13736886.00 ns, 3.2751 ns/op
OverheadActual  13: 4194304 op, 13872781.00 ns, 3.3075 ns/op
OverheadActual  14: 4194304 op, 13876117.00 ns, 3.3083 ns/op
OverheadActual  15: 4194304 op, 13730424.00 ns, 3.2736 ns/op

WorkloadWarmup   1: 4194304 op, 623598034.00 ns, 148.6774 ns/op
WorkloadWarmup   2: 4194304 op, 620860063.00 ns, 148.0246 ns/op
WorkloadWarmup   3: 4194304 op, 609399589.00 ns, 145.2922 ns/op

// BeforeActualRun
WorkloadActual   1: 4194304 op, 616601299.00 ns, 147.0092 ns/op
WorkloadActual   2: 4194304 op, 622946027.00 ns, 148.5219 ns/op
WorkloadActual   3: 4194304 op, 618902058.00 ns, 147.5577 ns/op

// AfterActualRun
WorkloadResult   1: 4194304 op, 602864413.00 ns, 143.7341 ns/op
WorkloadResult   2: 4194304 op, 609209141.00 ns, 145.2468 ns/op
WorkloadResult   3: 4194304 op, 605165172.00 ns, 144.2826 ns/op
// GC:  70 0 0 1174405120 4194304
// Threading:  0 0 4194304

// AfterAll
// Benchmark Process 4222 has exited with code 0.

Mean = 144.421 ns, StdErr = 0.442 ns (0.31%), N = 3, StdDev = 0.766 ns
Min = 143.734 ns, Q1 = 144.008 ns, Median = 144.283 ns, Q3 = 144.765 ns, Max = 145.247 ns
IQR = 0.756 ns, LowerFence = 142.874 ns, UpperFence = 145.899 ns
ConfidenceInterval = [130.450 ns; 158.392 ns] (CI 99.9%), Margin = 13.971 ns (9.67% of Mean)
Skewness = 0.17, Kurtosis = 0.67, MValue = 2

// ** Remained 0 (0.0 %) benchmark(s) to run. Estimated finish 2026-09-23 21:20 (0h 0m from now) **
// ***** BenchmarkRunner: Finish  *****

// * Export *
  artifacts/performance/Core/results/Encina.Benchmarks.Sharding.ScatterGatherBenchmarks-report.csv
  artifacts/performance/Core/results/Encina.Benchmarks.Sharding.ScatterGatherBenchmarks-report-github.md
  artifacts/performance/Core/results/Encina.Benchmarks.Sharding.ScatterGatherBenchmarks-report.html
  artifacts/performance/Core/results/Encina.Benchmarks.Sharding.ScatterGatherBenchmarks-report-full-compressed.json
  artifacts/performance/Core/results/Encina.Benchmarks.Sharding.ScatterGatherBenchmarks-report-default.md

// * Detailed results *
ScatterGatherBenchmarks.'Scatter-gather all shards (sync result)': ShortRun(IterationCount=3, LaunchCount=1, WarmupCount=3) [ShardCount=3]
Runtime = .NET 10.0.12 (10.0.12, 10.0.1226.42308), X64 RyuJIT x86-64-v3; GC = Concurrent Workstation
Mean = 3.409 μs, StdErr = 0.013 μs (0.38%), N = 3, StdDev = 0.023 μs
Min = 3.387 μs, Q1 = 3.398 μs, Median = 3.409 μs, Q3 = 3.421 μs, Max = 3.433 μs
IQR = 0.023 μs, LowerFence = 3.364 μs, UpperFence = 3.455 μs
ConfidenceInterval = [2.996 μs; 3.823 μs] (CI 99.9%), Margin = 0.414 μs (12.14% of Mean)
Skewness = 0.04, Kurtosis = 0.67, MValue = 2
-------------------- Histogram --------------------
[3.367 μs ; 3.453 μs) | @@@
---------------------------------------------------

ScatterGatherBenchmarks.'Scatter-gather subset (3 shards)': ShortRun(IterationCount=3, LaunchCount=1, WarmupCount=3) [ShardCount=3]
Runtime = .NET 10.0.12 (10.0.12, 10.0.1226.42308), X64 RyuJIT x86-64-v3; GC = Concurrent Workstation
Mean = 3.595 μs, StdErr = 0.006 μs (0.17%), N = 3, StdDev = 0.010 μs
Min = 3.584 μs, Q1 = 3.591 μs, Median = 3.598 μs, Q3 = 3.601 μs, Max = 3.604 μs
IQR = 0.010 μs, LowerFence = 3.576 μs, UpperFence = 3.616 μs
ConfidenceInterval = [3.405 μs; 3.786 μs] (CI 99.9%), Margin = 0.191 μs (5.31% of Mean)
Skewness = -0.27, Kurtosis = 0.67, MValue = 2
-------------------- Histogram --------------------
[3.574 μs ; 3.614 μs) | @@@
---------------------------------------------------

ScatterGatherBenchmarks.'Scatter-gather with large results': ShortRun(IterationCount=3, LaunchCount=1, WarmupCount=3) [ShardCount=3]
Runtime = .NET 10.0.12 (10.0.12, 10.0.1226.42308), X64 RyuJIT x86-64-v3; GC = Concurrent Workstation
Mean = 20.756 μs, StdErr = 0.089 μs (0.43%), N = 3, StdDev = 0.154 μs
Min = 20.631 μs, Q1 = 20.670 μs, Median = 20.709 μs, Q3 = 20.819 μs, Max = 20.928 μs
IQR = 0.149 μs, LowerFence = 20.446 μs, UpperFence = 21.042 μs
ConfidenceInterval = [17.939 μs; 23.573 μs] (CI 99.9%), Margin = 2.817 μs (13.57% of Mean)
Skewness = 0.28, Kurtosis = 0.67, MValue = 2
-------------------- Histogram --------------------
[20.490 μs ; 21.069 μs) | @@@
---------------------------------------------------

ScatterGatherBenchmarks.'Scatter-gather single shard': ShortRun(IterationCount=3, LaunchCount=1, WarmupCount=3) [ShardCount=3]
Runtime = .NET 10.0.12 (10.0.12, 10.0.1226.42308), X64 RyuJIT x86-64-v3; GC = Concurrent Workstation
Mean = 2.289 μs, StdErr = 0.013 μs (0.56%), N = 3, StdDev = 0.022 μs
Min = 2.263 μs, Q1 = 2.281 μs, Median = 2.299 μs, Q3 = 2.302 μs, Max = 2.304 μs
IQR = 0.020 μs, LowerFence = 2.251 μs, UpperFence = 2.332 μs
ConfidenceInterval = [1.883 μs; 2.695 μs] (CI 99.9%), Margin = 0.406 μs (17.75% of Mean)
Skewness = -0.36, Kurtosis = 0.67, MValue = 2
-------------------- Histogram --------------------
[2.243 μs ; 2.325 μs) | @@@
---------------------------------------------------

ScatterGatherBenchmarks.'Topology lookup all shards': ShortRun(IterationCount=3, LaunchCount=1, WarmupCount=3) [ShardCount=3]
Runtime = .NET 10.0.12 (10.0.12, 10.0.1226.42308), X64 RyuJIT x86-64-v3; GC = Concurrent Workstation
Mean = 134.745 ns, StdErr = 0.233 ns (0.17%), N = 3, StdDev = 0.404 ns
Min = 134.295 ns, Q1 = 134.581 ns, Median = 134.867 ns, Q3 = 134.970 ns, Max = 135.074 ns
IQR = 0.390 ns, LowerFence = 133.996 ns, UpperFence = 135.555 ns
ConfidenceInterval = [127.380 ns; 142.110 ns] (CI 99.9%), Margin = 7.365 ns (5.47% of Mean)
Skewness = -0.27, Kurtosis = 0.67, MValue = 2
-------------------- Histogram --------------------
[133.927 ns ; 135.441 ns) | @@@
---------------------------------------------------

ScatterGatherBenchmarks.'Scatter-gather all shards (sync result)': ShortRun(IterationCount=3, LaunchCount=1, WarmupCount=3) [ShardCount=25]
Runtime = .NET 10.0.12 (10.0.12, 10.0.1226.42308), X64 RyuJIT x86-64-v3; GC = Concurrent Workstation
Mean = 14.493 μs, StdErr = 0.050 μs (0.35%), N = 3, StdDev = 0.087 μs
Min = 14.418 μs, Q1 = 14.446 μs, Median = 14.473 μs, Q3 = 14.531 μs, Max = 14.589 μs
IQR = 0.086 μs, LowerFence = 14.317 μs, UpperFence = 14.660 μs
ConfidenceInterval = [12.898 μs; 16.089 μs] (CI 99.9%), Margin = 1.596 μs (11.01% of Mean)
Skewness = 0.22, Kurtosis = 0.67, MValue = 2
-------------------- Histogram --------------------
[14.338 μs ; 14.590 μs) | @@@
---------------------------------------------------

ScatterGatherBenchmarks.'Scatter-gather subset (3 shards)': ShortRun(IterationCount=3, LaunchCount=1, WarmupCount=3) [ShardCount=25]
Runtime = .NET 10.0.12 (10.0.12, 10.0.1226.42308), X64 RyuJIT x86-64-v3; GC = Concurrent Workstation
Mean = 3.506 μs, StdErr = 0.007 μs (0.19%), N = 3, StdDev = 0.011 μs
Min = 3.493 μs, Q1 = 3.502 μs, Median = 3.512 μs, Q3 = 3.512 μs, Max = 3.513 μs
IQR = 0.010 μs, LowerFence = 3.487 μs, UpperFence = 3.528 μs
ConfidenceInterval = [3.298 μs; 3.714 μs] (CI 99.9%), Margin = 0.208 μs (5.93% of Mean)
Skewness = -0.38, Kurtosis = 0.67, MValue = 2
-------------------- Histogram --------------------
[3.492 μs ; 3.513 μs) | @@@
---------------------------------------------------

ScatterGatherBenchmarks.'Scatter-gather with large results': ShortRun(IterationCount=3, LaunchCount=1, WarmupCount=3) [ShardCount=25]
Runtime = .NET 10.0.12 (10.0.12, 10.0.1226.42308), X64 RyuJIT x86-64-v3; GC = Concurrent Workstation
Mean = 162.165 μs, StdErr = 1.309 μs (0.81%), N = 3, StdDev = 2.267 μs
Min = 160.134 μs, Q1 = 160.943 μs, Median = 161.752 μs, Q3 = 163.181 μs, Max = 164.611 μs
IQR = 2.238 μs, LowerFence = 157.585 μs, UpperFence = 166.539 μs
ConfidenceInterval = [120.808 μs; 203.523 μs] (CI 99.9%), Margin = 41.357 μs (25.50% of Mean)
Skewness = 0.18, Kurtosis = 0.67, MValue = 2
-------------------- Histogram --------------------
[158.880 μs ; 163.006 μs) | @@
[163.006 μs ; 166.673 μs) | @
---------------------------------------------------

ScatterGatherBenchmarks.'Scatter-gather single shard': ShortRun(IterationCount=3, LaunchCount=1, WarmupCount=3) [ShardCount=25]
Runtime = .NET 10.0.12 (10.0.12, 10.0.1226.42308), X64 RyuJIT x86-64-v3; GC = Concurrent Workstation
Mean = 2.207 μs, StdErr = 0.006 μs (0.27%), N = 3, StdDev = 0.010 μs
Min = 2.196 μs, Q1 = 2.201 μs, Median = 2.206 μs, Q3 = 2.212 μs, Max = 2.217 μs
IQR = 0.010 μs, LowerFence = 2.186 μs, UpperFence = 2.228 μs
ConfidenceInterval = [2.015 μs; 2.398 μs] (CI 99.9%), Margin = 0.191 μs (8.67% of Mean)
Skewness = 0.02, Kurtosis = 0.67, MValue = 2
-------------------- Histogram --------------------
[2.187 μs ; 2.227 μs) | @@@
---------------------------------------------------

ScatterGatherBenchmarks.'Topology lookup all shards': ShortRun(IterationCount=3, LaunchCount=1, WarmupCount=3) [ShardCount=25]
Runtime = .NET 10.0.12 (10.0.12, 10.0.1226.42308), X64 RyuJIT x86-64-v3; GC = Concurrent Workstation
Mean = 144.421 ns, StdErr = 0.442 ns (0.31%), N = 3, StdDev = 0.766 ns
Min = 143.734 ns, Q1 = 144.008 ns, Median = 144.283 ns, Q3 = 144.765 ns, Max = 145.247 ns
IQR = 0.756 ns, LowerFence = 142.874 ns, UpperFence = 145.899 ns
ConfidenceInterval = [130.450 ns; 158.392 ns] (CI 99.9%), Margin = 13.971 ns (9.67% of Mean)
Skewness = 0.17, Kurtosis = 0.67, MValue = 2
-------------------- Histogram --------------------
[143.037 ns ; 145.448 ns) | @@@
---------------------------------------------------

// * Summary *

BenchmarkDotNet v0.15.8, Linux Ubuntu 24.04.5 LTS (Noble Numbat)
AMD EPYC 7763 2.45GHz, 1 CPU, 4 logical and 2 physical cores
.NET SDK 10.0.401
  [Host]   : .NET 10.0.12 (10.0.12, 10.0.1226.42308), X64 RyuJIT x86-64-v3
  ShortRun : .NET 10.0.12 (10.0.12, 10.0.1226.42308), X64 RyuJIT x86-64-v3

Job=ShortRun  IterationCount=3  LaunchCount=1  
WarmupCount=3  

| Method                                    | ShardCount | Mean         | Error        | StdDev      | Ratio  | RatioSD | Rank | Gen0    | Gen1    | Allocated | Alloc Ratio |
|------------------------------------------ |----------- |-------------:|-------------:|------------:|-------:|--------:|-----:|--------:|--------:|----------:|------------:|
| 'Scatter-gather all shards (sync result)' | 3          |   3,409.5 ns |    413.88 ns |    22.69 ns |   1.00 |    0.01 |    3 |  0.2174 |       - |    3648 B |        1.00 |
| 'Scatter-gather subset (3 shards)'        | 3          |   3,595.5 ns |    190.94 ns |    10.47 ns |   1.05 |    0.01 |    3 |  0.2213 |       - |    3704 B |        1.02 |
| 'Scatter-gather with large results'       | 3          |  20,756.0 ns |  2,816.65 ns |   154.39 ns |   6.09 |    0.05 |    4 |  1.7090 |  0.2136 |   28704 B |        7.87 |
| 'Scatter-gather single shard'             | 3          |   2,289.1 ns |    406.23 ns |    22.27 ns |   0.67 |    0.01 |    2 |  0.1373 |       - |    2328 B |        0.64 |
| 'Topology lookup all shards'              | 3          |     134.7 ns |      7.37 ns |     0.40 ns |   0.04 |    0.00 |    1 |  0.0062 |       - |     104 B |        0.03 |
|                                           |            |              |              |             |        |         |      |         |         |           |             |
| 'Scatter-gather all shards (sync result)' | 25         |  14,493.4 ns |  1,595.51 ns |    87.46 ns |  1.000 |    0.01 |    4 |  1.1597 |  0.0305 |   19464 B |        1.00 |
| 'Scatter-gather subset (3 shards)'        | 25         |   3,505.9 ns |    208.02 ns |    11.40 ns |  0.242 |    0.00 |    3 |  0.2289 |       - |    3880 B |        0.20 |
| 'Scatter-gather with large results'       | 25         | 162,165.3 ns | 41,357.18 ns | 2,266.93 ns | 11.189 |    0.15 |    5 | 14.4043 | 10.4980 |  242952 B |       12.48 |
| 'Scatter-gather single shard'             | 25         |   2,206.6 ns |    191.30 ns |    10.49 ns |  0.152 |    0.00 |    2 |  0.1488 |       - |    2504 B |        0.13 |
| 'Topology lookup all shards'              | 25         |     144.4 ns |     13.97 ns |     0.77 ns |  0.010 |    0.00 |    1 |  0.0167 |       - |     280 B |        0.01 |
// * Config Issues *

// * Warnings *
Configuration
  Summary -> The exporter CsvExporter is already present in configuration. There may be unexpected results.
  Summary -> The exporter HtmlExporter is already present in configuration. There may be unexpected results.
  Summary -> The exporter MarkdownExporter-github is already present in configuration. There may be unexpected results.

// * Legends *
  ShardCount  : Value of the 'ShardCount' parameter
  Mean        : Arithmetic mean of all measurements
  Error       : Half of 99.9% confidence interval
  StdDev      : Standard deviation of all measurements
  Ratio       : Mean of the ratio distribution ([Current]/[Baseline])
  RatioSD     : Standard deviation of the ratio distribution ([Current]/[Baseline])
  Rank        : Relative position of current benchmark mean among all benchmarks (Arabic style)
  Gen0        : GC Generation 0 collects per 1000 operations
  Gen1        : GC Generation 1 collects per 1000 operations
  Allocated   : Allocated memory per single operation (managed only, inclusive, 1KB = 1024B)
  Alloc Ratio : Allocated memory ratio distribution ([Current]/[Baseline])
  1 ns        : 1 Nanosecond (0.000000001 sec)

// * Diagnostic Output - MemoryDiagnoser *


// ***** BenchmarkRunner: End *****
Run time: 00:01:10 (70.99 sec), executed benchmarks: 10

Global total time: 00:04:23 (263.15 sec), executed benchmarks: 10
// * Artifacts cleanup *
Artifacts cleanup is finished
