// Validating benchmarks:
// ***** BenchmarkRunner: Start   *****
// ***** Found 8 benchmark(s) in total *****
// ***** Building 1 exe(s) in Parallel: Start   *****
// start dotnet  restore --nodeReuse:false /p:UseSharedCompilation=false /p:Deterministic=true /p:Optimize=true /p:ArtifactsPath="/home/runner/work/Encina/Encina/tests/Encina.BenchmarkTests/Encina.Benchmarks/bin/Release/net10.0/Encina.Benchmarks-DefaultJob-1/" /p:OutDir="/home/runner/work/Encina/Encina/tests/Encina.BenchmarkTests/Encina.Benchmarks/bin/Release/net10.0/Encina.Benchmarks-DefaultJob-1/bin/Release/net10.0/" /p:OutputPath="/home/runner/work/Encina/Encina/tests/Encina.BenchmarkTests/Encina.Benchmarks/bin/Release/net10.0/Encina.Benchmarks-DefaultJob-1/bin/Release/net10.0/" /p:PublishDir="/home/runner/work/Encina/Encina/tests/Encina.BenchmarkTests/Encina.Benchmarks/bin/Release/net10.0/Encina.Benchmarks-DefaultJob-1/publish/" in /home/runner/work/Encina/Encina/tests/Encina.BenchmarkTests/Encina.Benchmarks/bin/Release/net10.0/Encina.Benchmarks-DefaultJob-1
// command took 2.92 sec and exited with 0
// start dotnet  build -c Release --no-restore --nodeReuse:false /p:UseSharedCompilation=false /p:Deterministic=true /p:Optimize=true /p:ArtifactsPath="/home/runner/work/Encina/Encina/tests/Encina.BenchmarkTests/Encina.Benchmarks/bin/Release/net10.0/Encina.Benchmarks-DefaultJob-1/" /p:OutDir="/home/runner/work/Encina/Encina/tests/Encina.BenchmarkTests/Encina.Benchmarks/bin/Release/net10.0/Encina.Benchmarks-DefaultJob-1/bin/Release/net10.0/" /p:OutputPath="/home/runner/work/Encina/Encina/tests/Encina.BenchmarkTests/Encina.Benchmarks/bin/Release/net10.0/Encina.Benchmarks-DefaultJob-1/bin/Release/net10.0/" /p:PublishDir="/home/runner/work/Encina/Encina/tests/Encina.BenchmarkTests/Encina.Benchmarks/bin/Release/net10.0/Encina.Benchmarks-DefaultJob-1/publish/" --output "/home/runner/work/Encina/Encina/tests/Encina.BenchmarkTests/Encina.Benchmarks/bin/Release/net10.0/Encina.Benchmarks-DefaultJob-1/bin/Release/net10.0/" in /home/runner/work/Encina/Encina/tests/Encina.BenchmarkTests/Encina.Benchmarks/bin/Release/net10.0/Encina.Benchmarks-DefaultJob-1
// command took 166.23 sec and exited with 0
// ***** Done, took 00:02:49 (169.43 sec)   *****
// Found 8 benchmarks:
//   ReplicaSelectionBenchmarks.'LeastConnections.AcquireReplica (lease)': DefaultJob
//   ReplicaSelectionBenchmarks.'LeastConnections.AcquireReplica (lease)': ShortRun(IterationCount=3, LaunchCount=1, WarmupCount=3)
//   ReplicaSelectionBenchmarks.LeastConnections.SelectReplica: DefaultJob
//   ReplicaSelectionBenchmarks.LeastConnections.SelectReplica: ShortRun(IterationCount=3, LaunchCount=1, WarmupCount=3)
//   ReplicaSelectionBenchmarks.Random.SelectReplica: DefaultJob
//   ReplicaSelectionBenchmarks.Random.SelectReplica: ShortRun(IterationCount=3, LaunchCount=1, WarmupCount=3)
//   ReplicaSelectionBenchmarks.RoundRobin.SelectReplica: DefaultJob
//   ReplicaSelectionBenchmarks.RoundRobin.SelectReplica: ShortRun(IterationCount=3, LaunchCount=1, WarmupCount=3)

// **************************
// Benchmark: ReplicaSelectionBenchmarks.'LeastConnections.AcquireReplica (lease)': DefaultJob
// *** Execute ***
// Launch: 1 / 1
// Execute: dotnet Encina.Benchmarks-DefaultJob-1.dll --anonymousPipes 226 227 --benchmarkName Encina.Benchmarks.ReadWriteSeparation.ReplicaSelectionBenchmarks.LeastConnections_AcquireReplica_WithLease --job Default --benchmarkId 0 in /home/runner/work/Encina/Encina/tests/Encina.BenchmarkTests/Encina.Benchmarks/bin/Release/net10.0/Encina.Benchmarks-DefaultJob-1/bin/Release/net10.0
// Failed to set up high priority (Permission denied). In order to run benchmarks with high priority, make sure you have the right permissions.
// BeforeAnythingElse

// Benchmark Process Environment Information:
// BenchmarkDotNet v0.15.8
// Runtime=.NET 10.0.12 (10.0.12, 10.0.1226.42308), X64 RyuJIT x86-64-v4
// GC=Concurrent Workstation
// HardwareIntrinsics=AVX512 BITALG+VBMI2+VNNI+VPOPCNTDQ,AVX512 IFMA+VBMI,AVX512 F+BW+CD+DQ+VL,AVX2+BMI1+BMI2+F16C+FMA+LZCNT+MOVBE,AVX,SSE3+SSSE3+SSE4.1+SSE4.2+POPCNT,X86Base+SSE+SSE2,AES+PCLMUL,AvxVnni,SERIALIZE VectorSize=256
// Job: DefaultJob

OverheadJitting  1: 1 op, 177749.00 ns, 177.7490 us/op
WorkloadJitting  1: 1 op, 2399076.00 ns, 2.3991 ms/op

OverheadJitting  2: 16 op, 425676.00 ns, 26.6048 us/op
WorkloadJitting  2: 16 op, 469709.00 ns, 29.3568 us/op

WorkloadPilot    1: 16 op, 14728.00 ns, 920.5000 ns/op
WorkloadPilot    2: 32 op, 21920.00 ns, 685.0000 ns/op
WorkloadPilot    3: 64 op, 31808.00 ns, 497.0000 ns/op
WorkloadPilot    4: 128 op, 55242.00 ns, 431.5781 ns/op
WorkloadPilot    5: 256 op, 93654.00 ns, 365.8359 ns/op
WorkloadPilot    6: 512 op, 159623.00 ns, 311.7637 ns/op
WorkloadPilot    7: 1024 op, 324584.00 ns, 316.9766 ns/op
WorkloadPilot    8: 2048 op, 653726.00 ns, 319.2021 ns/op
WorkloadPilot    9: 4096 op, 1270074.00 ns, 310.0767 ns/op
WorkloadPilot   10: 8192 op, 2528326.00 ns, 308.6335 ns/op
WorkloadPilot   11: 16384 op, 4485817.00 ns, 273.7925 ns/op
WorkloadPilot   12: 32768 op, 8677674.00 ns, 264.8216 ns/op
WorkloadPilot   13: 65536 op, 16831453.00 ns, 256.8276 ns/op
WorkloadPilot   14: 131072 op, 35289292.00 ns, 269.2359 ns/op
WorkloadPilot   15: 262144 op, 71068432.00 ns, 271.1046 ns/op
WorkloadPilot   16: 524288 op, 139943007.00 ns, 266.9201 ns/op
WorkloadPilot   17: 1048576 op, 273571861.00 ns, 260.8985 ns/op
WorkloadPilot   18: 2097152 op, 561389715.00 ns, 267.6915 ns/op

OverheadWarmup   1: 2097152 op, 8826711.00 ns, 4.2089 ns/op
OverheadWarmup   2: 2097152 op, 9476051.00 ns, 4.5185 ns/op
OverheadWarmup   3: 2097152 op, 8618859.00 ns, 4.1098 ns/op
OverheadWarmup   4: 2097152 op, 8681197.00 ns, 4.1395 ns/op
OverheadWarmup   5: 2097152 op, 8242571.00 ns, 3.9304 ns/op

OverheadActual   1: 2097152 op, 9145282.00 ns, 4.3608 ns/op
OverheadActual   2: 2097152 op, 9053086.00 ns, 4.3168 ns/op
OverheadActual   3: 2097152 op, 9308258.00 ns, 4.4385 ns/op
OverheadActual   4: 2097152 op, 8935941.00 ns, 4.2610 ns/op
OverheadActual   5: 2097152 op, 9087107.00 ns, 4.3331 ns/op
OverheadActual   6: 2097152 op, 9439028.00 ns, 4.5009 ns/op
OverheadActual   7: 2097152 op, 9523958.00 ns, 4.5414 ns/op
OverheadActual   8: 2097152 op, 9254575.00 ns, 4.4129 ns/op
OverheadActual   9: 2097152 op, 9600107.00 ns, 4.5777 ns/op
OverheadActual  10: 2097152 op, 9240325.00 ns, 4.4061 ns/op
OverheadActual  11: 2097152 op, 8910755.00 ns, 4.2490 ns/op
OverheadActual  12: 2097152 op, 8632424.00 ns, 4.1163 ns/op
OverheadActual  13: 2097152 op, 9000260.00 ns, 4.2917 ns/op
OverheadActual  14: 2097152 op, 8733279.00 ns, 4.1644 ns/op
OverheadActual  15: 2097152 op, 8215180.00 ns, 3.9173 ns/op

WorkloadWarmup   1: 2097152 op, 565749830.00 ns, 269.7705 ns/op
WorkloadWarmup   2: 2097152 op, 546906390.00 ns, 260.7853 ns/op
WorkloadWarmup   3: 2097152 op, 553812735.00 ns, 264.0785 ns/op
WorkloadWarmup   4: 2097152 op, 556829760.00 ns, 265.5171 ns/op
WorkloadWarmup   5: 2097152 op, 557111322.00 ns, 265.6514 ns/op
WorkloadWarmup   6: 2097152 op, 559142894.00 ns, 266.6201 ns/op
WorkloadWarmup   7: 2097152 op, 559899126.00 ns, 266.9807 ns/op
WorkloadWarmup   8: 2097152 op, 553728980.00 ns, 264.0386 ns/op
WorkloadWarmup   9: 2097152 op, 550719264.00 ns, 262.6034 ns/op
WorkloadWarmup  10: 2097152 op, 558264496.00 ns, 266.2013 ns/op
WorkloadWarmup  11: 2097152 op, 556729217.00 ns, 265.4692 ns/op

// BeforeActualRun
WorkloadActual   1: 2097152 op, 556209948.00 ns, 265.2216 ns/op
WorkloadActual   2: 2097152 op, 557459172.00 ns, 265.8172 ns/op
WorkloadActual   3: 2097152 op, 565973392.00 ns, 269.8771 ns/op
WorkloadActual   4: 2097152 op, 553549697.00 ns, 263.9531 ns/op
WorkloadActual   5: 2097152 op, 550041474.00 ns, 262.2802 ns/op
WorkloadActual   6: 2097152 op, 546171666.00 ns, 260.4349 ns/op
WorkloadActual   7: 2097152 op, 549489494.00 ns, 262.0170 ns/op
WorkloadActual   8: 2097152 op, 555384503.00 ns, 264.8280 ns/op
WorkloadActual   9: 2097152 op, 544999651.00 ns, 259.8761 ns/op
WorkloadActual  10: 2097152 op, 546110056.00 ns, 260.4056 ns/op
WorkloadActual  11: 2097152 op, 560003945.00 ns, 267.0307 ns/op
WorkloadActual  12: 2097152 op, 562738760.00 ns, 268.3348 ns/op
WorkloadActual  13: 2097152 op, 547032594.00 ns, 260.8455 ns/op
WorkloadActual  14: 2097152 op, 545782640.00 ns, 260.2494 ns/op
WorkloadActual  15: 2097152 op, 549407568.00 ns, 261.9779 ns/op

// AfterActualRun
WorkloadResult   1: 2097152 op, 547122841.00 ns, 260.8885 ns/op
WorkloadResult   2: 2097152 op, 548372065.00 ns, 261.4842 ns/op
WorkloadResult   3: 2097152 op, 556886285.00 ns, 265.5441 ns/op
WorkloadResult   4: 2097152 op, 544462590.00 ns, 259.6200 ns/op
WorkloadResult   5: 2097152 op, 540954367.00 ns, 257.9471 ns/op
WorkloadResult   6: 2097152 op, 537084559.00 ns, 256.1019 ns/op
WorkloadResult   7: 2097152 op, 540402387.00 ns, 257.6839 ns/op
WorkloadResult   8: 2097152 op, 546297396.00 ns, 260.4949 ns/op
WorkloadResult   9: 2097152 op, 535912544.00 ns, 255.5430 ns/op
WorkloadResult  10: 2097152 op, 537022949.00 ns, 256.0725 ns/op
WorkloadResult  11: 2097152 op, 550916838.00 ns, 262.6976 ns/op
WorkloadResult  12: 2097152 op, 553651653.00 ns, 264.0017 ns/op
WorkloadResult  13: 2097152 op, 537945487.00 ns, 256.5124 ns/op
WorkloadResult  14: 2097152 op, 536695533.00 ns, 255.9164 ns/op
WorkloadResult  15: 2097152 op, 540320461.00 ns, 257.6449 ns/op
// GC:  0 0 0 67108864 2097152
// Threading:  0 0 2097152

// AfterAll
// Benchmark Process 3549 has exited with code 0.

Mean = 259.210 ns, StdErr = 0.824 ns (0.32%), N = 15, StdDev = 3.190 ns
Min = 255.543 ns, Q1 = 256.307 ns, Median = 257.947 ns, Q3 = 261.186 ns, Max = 265.544 ns
IQR = 4.879 ns, LowerFence = 248.988 ns, UpperFence = 268.505 ns
ConfidenceInterval = [255.799 ns; 262.621 ns] (CI 99.9%), Margin = 3.411 ns (1.32% of Mean)
Skewness = 0.51, Kurtosis = 1.85, MValue = 2

// ** Remained 7 (87.5 %) benchmark(s) to run. Estimated finish 2026-09-23 21:27 (0h 1m from now) **
// **************************
// Benchmark: ReplicaSelectionBenchmarks.'LeastConnections.AcquireReplica (lease)': ShortRun(IterationCount=3, LaunchCount=1, WarmupCount=3)
// *** Execute ***
// Launch: 1 / 1
// Execute: dotnet Encina.Benchmarks-DefaultJob-1.dll --anonymousPipes 226 227 --benchmarkName Encina.Benchmarks.ReadWriteSeparation.ReplicaSelectionBenchmarks.LeastConnections_AcquireReplica_WithLease --job ShortRun --benchmarkId 1 in /home/runner/work/Encina/Encina/tests/Encina.BenchmarkTests/Encina.Benchmarks/bin/Release/net10.0/Encina.Benchmarks-DefaultJob-1/bin/Release/net10.0
// Failed to set up high priority (Permission denied). In order to run benchmarks with high priority, make sure you have the right permissions.
// BeforeAnythingElse

// Benchmark Process Environment Information:
// BenchmarkDotNet v0.15.8
// Runtime=.NET 10.0.12 (10.0.12, 10.0.1226.42308), X64 RyuJIT x86-64-v4
// GC=Concurrent Workstation
// HardwareIntrinsics=AVX512 BITALG+VBMI2+VNNI+VPOPCNTDQ,AVX512 IFMA+VBMI,AVX512 F+BW+CD+DQ+VL,AVX2+BMI1+BMI2+F16C+FMA+LZCNT+MOVBE,AVX,SSE3+SSSE3+SSE4.1+SSE4.2+POPCNT,X86Base+SSE+SSE2,AES+PCLMUL,AvxVnni,SERIALIZE VectorSize=256
// Job: ShortRun(IterationCount=3, LaunchCount=1, WarmupCount=3)

OverheadJitting  1: 1 op, 204075.00 ns, 204.0750 us/op
WorkloadJitting  1: 1 op, 2490514.00 ns, 2.4905 ms/op

OverheadJitting  2: 16 op, 436958.00 ns, 27.3099 us/op
WorkloadJitting  2: 16 op, 494246.00 ns, 30.8904 us/op

WorkloadPilot    1: 16 op, 14349.00 ns, 896.8125 ns/op
WorkloadPilot    2: 32 op, 19793.00 ns, 618.5313 ns/op
WorkloadPilot    3: 64 op, 29997.00 ns, 468.7031 ns/op
WorkloadPilot    4: 128 op, 58699.00 ns, 458.5859 ns/op
WorkloadPilot    5: 256 op, 76892.00 ns, 300.3594 ns/op
WorkloadPilot    6: 512 op, 147293.00 ns, 287.6816 ns/op
WorkloadPilot    7: 1024 op, 311121.00 ns, 303.8291 ns/op
WorkloadPilot    8: 2048 op, 626863.00 ns, 306.0854 ns/op
WorkloadPilot    9: 4096 op, 1184302.00 ns, 289.1362 ns/op
WorkloadPilot   10: 8192 op, 2370163.00 ns, 289.3265 ns/op
WorkloadPilot   11: 16384 op, 4610001.00 ns, 281.3721 ns/op
WorkloadPilot   12: 32768 op, 9352417.00 ns, 285.4131 ns/op
WorkloadPilot   13: 65536 op, 18519189.00 ns, 282.5804 ns/op
WorkloadPilot   14: 131072 op, 34224558.00 ns, 261.1127 ns/op
WorkloadPilot   15: 262144 op, 68191386.00 ns, 260.1295 ns/op
WorkloadPilot   16: 524288 op, 150630958.00 ns, 287.3058 ns/op
WorkloadPilot   17: 1048576 op, 288378209.00 ns, 275.0189 ns/op
WorkloadPilot   18: 2097152 op, 552728736.00 ns, 263.5616 ns/op

OverheadWarmup   1: 2097152 op, 8323106.00 ns, 3.9688 ns/op
OverheadWarmup   2: 2097152 op, 8353276.00 ns, 3.9832 ns/op
OverheadWarmup   3: 2097152 op, 9553352.00 ns, 4.5554 ns/op
OverheadWarmup   4: 2097152 op, 9831988.00 ns, 4.6883 ns/op
OverheadWarmup   5: 2097152 op, 9842576.00 ns, 4.6933 ns/op
OverheadWarmup   6: 2097152 op, 9408922.00 ns, 4.4865 ns/op
OverheadWarmup   7: 2097152 op, 9431533.00 ns, 4.4973 ns/op
OverheadWarmup   8: 2097152 op, 8693889.00 ns, 4.1456 ns/op

OverheadActual   1: 2097152 op, 9015009.00 ns, 4.2987 ns/op
OverheadActual   2: 2097152 op, 9248919.00 ns, 4.4102 ns/op
OverheadActual   3: 2097152 op, 9139062.00 ns, 4.3578 ns/op
OverheadActual   4: 2097152 op, 9791419.00 ns, 4.6689 ns/op
OverheadActual   5: 2097152 op, 8816972.00 ns, 4.2043 ns/op
OverheadActual   6: 2097152 op, 8432267.00 ns, 4.0208 ns/op
OverheadActual   7: 2097152 op, 8482792.00 ns, 4.0449 ns/op
OverheadActual   8: 2097152 op, 8291141.00 ns, 3.9535 ns/op
OverheadActual   9: 2097152 op, 8452380.00 ns, 4.0304 ns/op
OverheadActual  10: 2097152 op, 8427119.00 ns, 4.0184 ns/op
OverheadActual  11: 2097152 op, 8421644.00 ns, 4.0158 ns/op
OverheadActual  12: 2097152 op, 8440707.00 ns, 4.0248 ns/op
OverheadActual  13: 2097152 op, 8411821.00 ns, 4.0111 ns/op
OverheadActual  14: 2097152 op, 9324048.00 ns, 4.4461 ns/op
OverheadActual  15: 2097152 op, 9922507.00 ns, 4.7314 ns/op
OverheadActual  16: 2097152 op, 8765035.00 ns, 4.1795 ns/op
OverheadActual  17: 2097152 op, 8720132.00 ns, 4.1581 ns/op
OverheadActual  18: 2097152 op, 9211927.00 ns, 4.3926 ns/op
OverheadActual  19: 2097152 op, 8503408.00 ns, 4.0547 ns/op

WorkloadWarmup   1: 2097152 op, 572590592.00 ns, 273.0325 ns/op
WorkloadWarmup   2: 2097152 op, 559675771.00 ns, 266.8742 ns/op
WorkloadWarmup   3: 2097152 op, 546758945.00 ns, 260.7150 ns/op

// BeforeActualRun
WorkloadActual   1: 2097152 op, 546994325.00 ns, 260.8272 ns/op
WorkloadActual   2: 2097152 op, 554167663.00 ns, 264.2477 ns/op
WorkloadActual   3: 2097152 op, 544009391.00 ns, 259.4039 ns/op

// AfterActualRun
WorkloadResult   1: 2097152 op, 538274193.00 ns, 256.6691 ns/op
WorkloadResult   2: 2097152 op, 545447531.00 ns, 260.0897 ns/op
WorkloadResult   3: 2097152 op, 535289259.00 ns, 255.2458 ns/op
// GC:  0 0 0 67108864 2097152
// Threading:  0 0 2097152

// AfterAll
// Benchmark Process 3559 has exited with code 0.

Mean = 257.335 ns, StdErr = 1.437 ns (0.56%), N = 3, StdDev = 2.490 ns
Min = 255.246 ns, Q1 = 255.957 ns, Median = 256.669 ns, Q3 = 258.379 ns, Max = 260.090 ns
IQR = 2.422 ns, LowerFence = 252.325 ns, UpperFence = 262.012 ns
ConfidenceInterval = [211.915 ns; 302.754 ns] (CI 99.9%), Margin = 45.420 ns (17.65% of Mean)
Skewness = 0.25, Kurtosis = 0.67, MValue = 2

// ** Remained 6 (75.0 %) benchmark(s) to run. Estimated finish 2026-09-23 21:26 (0h 1m from now) **
// **************************
// Benchmark: ReplicaSelectionBenchmarks.LeastConnections.SelectReplica: DefaultJob
// *** Execute ***
// Launch: 1 / 1
// Execute: dotnet Encina.Benchmarks-DefaultJob-1.dll --anonymousPipes 226 227 --benchmarkName Encina.Benchmarks.ReadWriteSeparation.ReplicaSelectionBenchmarks.LeastConnections_SelectReplica --job Default --benchmarkId 2 in /home/runner/work/Encina/Encina/tests/Encina.BenchmarkTests/Encina.Benchmarks/bin/Release/net10.0/Encina.Benchmarks-DefaultJob-1/bin/Release/net10.0
// Failed to set up high priority (Permission denied). In order to run benchmarks with high priority, make sure you have the right permissions.
// BeforeAnythingElse

// Benchmark Process Environment Information:
// BenchmarkDotNet v0.15.8
// Runtime=.NET 10.0.12 (10.0.12, 10.0.1226.42308), X64 RyuJIT x86-64-v4
// GC=Concurrent Workstation
// HardwareIntrinsics=AVX512 BITALG+VBMI2+VNNI+VPOPCNTDQ,AVX512 IFMA+VBMI,AVX512 F+BW+CD+DQ+VL,AVX2+BMI1+BMI2+F16C+FMA+LZCNT+MOVBE,AVX,SSE3+SSSE3+SSE4.1+SSE4.2+POPCNT,X86Base+SSE+SSE2,AES+PCLMUL,AvxVnni,SERIALIZE VectorSize=256
// Job: DefaultJob

OverheadJitting  1: 1 op, 195331.00 ns, 195.3310 us/op
WorkloadJitting  1: 1 op, 1861578.00 ns, 1.8616 ms/op

OverheadJitting  2: 16 op, 399880.00 ns, 24.9925 us/op
WorkloadJitting  2: 16 op, 439337.00 ns, 27.4586 us/op

WorkloadPilot    1: 16 op, 13636.00 ns, 852.2500 ns/op
WorkloadPilot    2: 32 op, 18414.00 ns, 575.4375 ns/op
WorkloadPilot    3: 64 op, 28382.00 ns, 443.4688 ns/op
WorkloadPilot    4: 128 op, 54528.00 ns, 426.0000 ns/op
WorkloadPilot    5: 256 op, 82498.00 ns, 322.2578 ns/op
WorkloadPilot    6: 512 op, 131236.00 ns, 256.3203 ns/op
WorkloadPilot    7: 1024 op, 314088.00 ns, 306.7266 ns/op
WorkloadPilot    8: 2048 op, 566598.00 ns, 276.6592 ns/op
WorkloadPilot    9: 4096 op, 1080842.00 ns, 263.8774 ns/op
WorkloadPilot   10: 8192 op, 2051504.00 ns, 250.4277 ns/op
WorkloadPilot   11: 16384 op, 3975740.00 ns, 242.6599 ns/op
WorkloadPilot   12: 32768 op, 8789823.00 ns, 268.2441 ns/op
WorkloadPilot   13: 65536 op, 16994785.00 ns, 259.3198 ns/op
WorkloadPilot   14: 131072 op, 31303027.00 ns, 238.8231 ns/op
WorkloadPilot   15: 262144 op, 64821698.00 ns, 247.2752 ns/op
WorkloadPilot   16: 524288 op, 128323647.00 ns, 244.7579 ns/op
WorkloadPilot   17: 1048576 op, 246973552.00 ns, 235.5323 ns/op
WorkloadPilot   18: 2097152 op, 507676589.00 ns, 242.0791 ns/op

OverheadWarmup   1: 2097152 op, 9181923.00 ns, 4.3783 ns/op
OverheadWarmup   2: 2097152 op, 8857754.00 ns, 4.2237 ns/op
OverheadWarmup   3: 2097152 op, 9032576.00 ns, 4.3071 ns/op
OverheadWarmup   4: 2097152 op, 9273115.00 ns, 4.4218 ns/op
OverheadWarmup   5: 2097152 op, 9468627.00 ns, 4.5150 ns/op
OverheadWarmup   6: 2097152 op, 9175407.00 ns, 4.3752 ns/op
OverheadWarmup   7: 2097152 op, 8579732.00 ns, 4.0911 ns/op
OverheadWarmup   8: 2097152 op, 8754665.00 ns, 4.1745 ns/op
OverheadWarmup   9: 2097152 op, 8437313.00 ns, 4.0232 ns/op

OverheadActual   1: 2097152 op, 8247289.00 ns, 3.9326 ns/op
OverheadActual   2: 2097152 op, 8884051.00 ns, 4.2362 ns/op
OverheadActual   3: 2097152 op, 9126065.00 ns, 4.3516 ns/op
OverheadActual   4: 2097152 op, 8298365.00 ns, 3.9570 ns/op
OverheadActual   5: 2097152 op, 9225177.00 ns, 4.3989 ns/op
OverheadActual   6: 2097152 op, 9042683.00 ns, 4.3119 ns/op
OverheadActual   7: 2097152 op, 8376621.00 ns, 3.9943 ns/op
OverheadActual   8: 2097152 op, 8991319.00 ns, 4.2874 ns/op
OverheadActual   9: 2097152 op, 8428218.00 ns, 4.0189 ns/op
OverheadActual  10: 2097152 op, 8363748.00 ns, 3.9881 ns/op
OverheadActual  11: 2097152 op, 8344299.00 ns, 3.9789 ns/op
OverheadActual  12: 2097152 op, 8869942.00 ns, 4.2295 ns/op
OverheadActual  13: 2097152 op, 9249776.00 ns, 4.4106 ns/op
OverheadActual  14: 2097152 op, 9268307.00 ns, 4.4195 ns/op
OverheadActual  15: 2097152 op, 9220156.00 ns, 4.3965 ns/op

WorkloadWarmup   1: 2097152 op, 509139715.00 ns, 242.7767 ns/op
WorkloadWarmup   2: 2097152 op, 480951177.00 ns, 229.3354 ns/op
WorkloadWarmup   3: 2097152 op, 487054350.00 ns, 232.2456 ns/op
WorkloadWarmup   4: 2097152 op, 477016245.00 ns, 227.4591 ns/op
WorkloadWarmup   5: 2097152 op, 484510914.00 ns, 231.0328 ns/op
WorkloadWarmup   6: 2097152 op, 469802978.00 ns, 224.0195 ns/op

// BeforeActualRun
WorkloadActual   1: 2097152 op, 483036564.00 ns, 230.3298 ns/op
WorkloadActual   2: 2097152 op, 484309642.00 ns, 230.9368 ns/op
WorkloadActual   3: 2097152 op, 493634174.00 ns, 235.3831 ns/op
WorkloadActual   4: 2097152 op, 480417253.00 ns, 229.0808 ns/op
WorkloadActual   5: 2097152 op, 475267013.00 ns, 226.6250 ns/op
WorkloadActual   6: 2097152 op, 487023868.00 ns, 232.2311 ns/op
WorkloadActual   7: 2097152 op, 478473623.00 ns, 228.1540 ns/op
WorkloadActual   8: 2097152 op, 479354369.00 ns, 228.5740 ns/op
WorkloadActual   9: 2097152 op, 472069763.00 ns, 225.1004 ns/op
WorkloadActual  10: 2097152 op, 484897943.00 ns, 231.2174 ns/op
WorkloadActual  11: 2097152 op, 482423833.00 ns, 230.0376 ns/op
WorkloadActual  12: 2097152 op, 489265968.00 ns, 233.3002 ns/op
WorkloadActual  13: 2097152 op, 476659583.00 ns, 227.2890 ns/op
WorkloadActual  14: 2097152 op, 482054648.00 ns, 229.8616 ns/op
WorkloadActual  15: 2097152 op, 470092066.00 ns, 224.1574 ns/op

// AfterActualRun
WorkloadResult   1: 2097152 op, 474152513.00 ns, 226.0935 ns/op
WorkloadResult   2: 2097152 op, 475425591.00 ns, 226.7006 ns/op
WorkloadResult   3: 2097152 op, 484750123.00 ns, 231.1469 ns/op
WorkloadResult   4: 2097152 op, 471533202.00 ns, 224.8446 ns/op
WorkloadResult   5: 2097152 op, 466382962.00 ns, 222.3887 ns/op
WorkloadResult   6: 2097152 op, 478139817.00 ns, 227.9948 ns/op
WorkloadResult   7: 2097152 op, 469589572.00 ns, 223.9178 ns/op
WorkloadResult   8: 2097152 op, 470470318.00 ns, 224.3377 ns/op
WorkloadResult   9: 2097152 op, 463185712.00 ns, 220.8642 ns/op
WorkloadResult  10: 2097152 op, 476013892.00 ns, 226.9811 ns/op
WorkloadResult  11: 2097152 op, 473539782.00 ns, 225.8014 ns/op
WorkloadResult  12: 2097152 op, 480381917.00 ns, 229.0639 ns/op
WorkloadResult  13: 2097152 op, 467775532.00 ns, 223.0528 ns/op
WorkloadResult  14: 2097152 op, 473170597.00 ns, 225.6253 ns/op
WorkloadResult  15: 2097152 op, 461208015.00 ns, 219.9211 ns/op
// GC:  0 0 0 67108864 2097152
// Threading:  0 0 2097152

// AfterAll
// Benchmark Process 3566 has exited with code 0.

Mean = 225.249 ns, StdErr = 0.776 ns (0.34%), N = 15, StdDev = 3.006 ns
Min = 219.921 ns, Q1 = 223.485 ns, Median = 225.625 ns, Q3 = 226.841 ns, Max = 231.147 ns
IQR = 3.356 ns, LowerFence = 218.452 ns, UpperFence = 231.874 ns
ConfidenceInterval = [222.035 ns; 228.463 ns] (CI 99.9%), Margin = 3.214 ns (1.43% of Mean)
Skewness = 0.04, Kurtosis = 2.25, MValue = 2

// ** Remained 5 (62.5 %) benchmark(s) to run. Estimated finish 2026-09-23 21:26 (0h 0m from now) **
// **************************
// Benchmark: ReplicaSelectionBenchmarks.LeastConnections.SelectReplica: ShortRun(IterationCount=3, LaunchCount=1, WarmupCount=3)
// *** Execute ***
// Launch: 1 / 1
// Execute: dotnet Encina.Benchmarks-DefaultJob-1.dll --anonymousPipes 226 227 --benchmarkName Encina.Benchmarks.ReadWriteSeparation.ReplicaSelectionBenchmarks.LeastConnections_SelectReplica --job ShortRun --benchmarkId 3 in /home/runner/work/Encina/Encina/tests/Encina.BenchmarkTests/Encina.Benchmarks/bin/Release/net10.0/Encina.Benchmarks-DefaultJob-1/bin/Release/net10.0
// Failed to set up high priority (Permission denied). In order to run benchmarks with high priority, make sure you have the right permissions.
// BeforeAnythingElse

// Benchmark Process Environment Information:
// BenchmarkDotNet v0.15.8
// Runtime=.NET 10.0.12 (10.0.12, 10.0.1226.42308), X64 RyuJIT x86-64-v4
// GC=Concurrent Workstation
// HardwareIntrinsics=AVX512 BITALG+VBMI2+VNNI+VPOPCNTDQ,AVX512 IFMA+VBMI,AVX512 F+BW+CD+DQ+VL,AVX2+BMI1+BMI2+F16C+FMA+LZCNT+MOVBE,AVX,SSE3+SSSE3+SSE4.1+SSE4.2+POPCNT,X86Base+SSE+SSE2,AES+PCLMUL,AvxVnni,SERIALIZE VectorSize=256
// Job: ShortRun(IterationCount=3, LaunchCount=1, WarmupCount=3)

OverheadJitting  1: 1 op, 189973.00 ns, 189.9730 us/op
WorkloadJitting  1: 1 op, 1729819.00 ns, 1.7298 ms/op

OverheadJitting  2: 16 op, 370109.00 ns, 23.1318 us/op
WorkloadJitting  2: 16 op, 453408.00 ns, 28.3380 us/op

WorkloadPilot    1: 16 op, 12769.00 ns, 798.0625 ns/op
WorkloadPilot    2: 32 op, 17236.00 ns, 538.6250 ns/op
WorkloadPilot    3: 64 op, 39622.00 ns, 619.0938 ns/op
WorkloadPilot    4: 128 op, 53190.00 ns, 415.5469 ns/op
WorkloadPilot    5: 256 op, 69325.00 ns, 270.8008 ns/op
WorkloadPilot    6: 512 op, 128763.00 ns, 251.4902 ns/op
WorkloadPilot    7: 1024 op, 232826.00 ns, 227.3691 ns/op
WorkloadPilot    8: 2048 op, 454569.00 ns, 221.9575 ns/op
WorkloadPilot    9: 4096 op, 934868.00 ns, 228.2393 ns/op
WorkloadPilot   10: 8192 op, 1815943.00 ns, 221.6727 ns/op
WorkloadPilot   11: 16384 op, 3542388.00 ns, 216.2102 ns/op
WorkloadPilot   12: 32768 op, 7666923.00 ns, 233.9759 ns/op
WorkloadPilot   13: 65536 op, 15825286.00 ns, 241.4747 ns/op
WorkloadPilot   14: 131072 op, 32121474.00 ns, 245.0674 ns/op
WorkloadPilot   15: 262144 op, 61500687.00 ns, 234.6065 ns/op
WorkloadPilot   16: 524288 op, 123767347.00 ns, 236.0675 ns/op
WorkloadPilot   17: 1048576 op, 234837510.00 ns, 223.9585 ns/op
WorkloadPilot   18: 2097152 op, 472597165.00 ns, 225.3519 ns/op
WorkloadPilot   19: 4194304 op, 931570741.00 ns, 222.1038 ns/op

OverheadWarmup   1: 4194304 op, 17058596.00 ns, 4.0671 ns/op
OverheadWarmup   2: 4194304 op, 16870752.00 ns, 4.0223 ns/op
OverheadWarmup   3: 4194304 op, 16700264.00 ns, 3.9817 ns/op
OverheadWarmup   4: 4194304 op, 16527512.00 ns, 3.9405 ns/op
OverheadWarmup   5: 4194304 op, 17262214.00 ns, 4.1156 ns/op
OverheadWarmup   6: 4194304 op, 18565068.00 ns, 4.4263 ns/op
OverheadWarmup   7: 4194304 op, 17734323.00 ns, 4.2282 ns/op
OverheadWarmup   8: 4194304 op, 17351481.00 ns, 4.1369 ns/op
OverheadWarmup   9: 4194304 op, 17332152.00 ns, 4.1323 ns/op
OverheadWarmup  10: 4194304 op, 19009025.00 ns, 4.5321 ns/op

OverheadActual   1: 4194304 op, 17005874.00 ns, 4.0545 ns/op
OverheadActual   2: 4194304 op, 17733336.00 ns, 4.2280 ns/op
OverheadActual   3: 4194304 op, 17529441.00 ns, 4.1793 ns/op
OverheadActual   4: 4194304 op, 16454688.00 ns, 3.9231 ns/op
OverheadActual   5: 4194304 op, 17828113.00 ns, 4.2506 ns/op
OverheadActual   6: 4194304 op, 17778400.00 ns, 4.2387 ns/op
OverheadActual   7: 4194304 op, 17086095.00 ns, 4.0736 ns/op
OverheadActual   8: 4194304 op, 17973836.00 ns, 4.2853 ns/op
OverheadActual   9: 4194304 op, 16932577.00 ns, 4.0370 ns/op
OverheadActual  10: 4194304 op, 18029762.00 ns, 4.2986 ns/op
OverheadActual  11: 4194304 op, 16664258.00 ns, 3.9731 ns/op
OverheadActual  12: 4194304 op, 16454365.00 ns, 3.9230 ns/op
OverheadActual  13: 4194304 op, 17702358.00 ns, 4.2206 ns/op
OverheadActual  14: 4194304 op, 18051764.00 ns, 4.3039 ns/op
OverheadActual  15: 4194304 op, 17567181.00 ns, 4.1883 ns/op

WorkloadWarmup   1: 4194304 op, 952210359.00 ns, 227.0246 ns/op
WorkloadWarmup   2: 4194304 op, 927187965.00 ns, 221.0588 ns/op
WorkloadWarmup   3: 4194304 op, 920171044.00 ns, 219.3859 ns/op

// BeforeActualRun
WorkloadActual   1: 4194304 op, 922841394.00 ns, 220.0225 ns/op
WorkloadActual   2: 4194304 op, 916024486.00 ns, 218.3973 ns/op
WorkloadActual   3: 4194304 op, 953362203.00 ns, 227.2993 ns/op

// AfterActualRun
WorkloadResult   1: 4194304 op, 905274213.00 ns, 215.8342 ns/op
WorkloadResult   2: 4194304 op, 898457305.00 ns, 214.2089 ns/op
WorkloadResult   3: 4194304 op, 935795022.00 ns, 223.1109 ns/op
// GC:  1 0 0 134217728 4194304
// Threading:  0 0 4194304

// AfterAll
// Benchmark Process 3576 has exited with code 0.

Mean = 217.718 ns, StdErr = 2.737 ns (1.26%), N = 3, StdDev = 4.741 ns
Min = 214.209 ns, Q1 = 215.022 ns, Median = 215.834 ns, Q3 = 219.473 ns, Max = 223.111 ns
IQR = 4.451 ns, LowerFence = 208.345 ns, UpperFence = 226.149 ns
ConfidenceInterval = [131.232 ns; 304.204 ns] (CI 99.9%), Margin = 86.486 ns (39.72% of Mean)
Skewness = 0.33, Kurtosis = 0.67, MValue = 2

// ** Remained 4 (50.0 %) benchmark(s) to run. Estimated finish 2026-09-23 21:26 (0h 0m from now) **
// **************************
// Benchmark: ReplicaSelectionBenchmarks.Random.SelectReplica: DefaultJob
// *** Execute ***
// Launch: 1 / 1
// Execute: dotnet Encina.Benchmarks-DefaultJob-1.dll --anonymousPipes 226 227 --benchmarkName Encina.Benchmarks.ReadWriteSeparation.ReplicaSelectionBenchmarks.Random_SelectReplica --job Default --benchmarkId 4 in /home/runner/work/Encina/Encina/tests/Encina.BenchmarkTests/Encina.Benchmarks/bin/Release/net10.0/Encina.Benchmarks-DefaultJob-1/bin/Release/net10.0
// Failed to set up high priority (Permission denied). In order to run benchmarks with high priority, make sure you have the right permissions.
// BeforeAnythingElse

// Benchmark Process Environment Information:
// BenchmarkDotNet v0.15.8
// Runtime=.NET 10.0.12 (10.0.12, 10.0.1226.42308), X64 RyuJIT x86-64-v4
// GC=Concurrent Workstation
// HardwareIntrinsics=AVX512 BITALG+VBMI2+VNNI+VPOPCNTDQ,AVX512 IFMA+VBMI,AVX512 F+BW+CD+DQ+VL,AVX2+BMI1+BMI2+F16C+FMA+LZCNT+MOVBE,AVX,SSE3+SSSE3+SSE4.1+SSE4.2+POPCNT,X86Base+SSE+SSE2,AES+PCLMUL,AvxVnni,SERIALIZE VectorSize=256
// Job: DefaultJob

OverheadJitting  1: 1 op, 222543.00 ns, 222.5430 us/op
WorkloadJitting  1: 1 op, 603398.00 ns, 603.3980 us/op

OverheadJitting  2: 16 op, 435969.00 ns, 27.2481 us/op
WorkloadJitting  2: 16 op, 431231.00 ns, 26.9519 us/op

WorkloadPilot    1: 16 op, 3514.00 ns, 219.6250 ns/op
WorkloadPilot    2: 32 op, 3506.00 ns, 109.5625 ns/op
WorkloadPilot    3: 64 op, 3644.00 ns, 56.9375 ns/op
WorkloadPilot    4: 128 op, 4920.00 ns, 38.4375 ns/op
WorkloadPilot    5: 256 op, 6997.00 ns, 27.3320 ns/op
WorkloadPilot    6: 512 op, 11474.00 ns, 22.4102 ns/op
WorkloadPilot    7: 1024 op, 29611.00 ns, 28.9170 ns/op
WorkloadPilot    8: 2048 op, 35910.00 ns, 17.5342 ns/op
WorkloadPilot    9: 4096 op, 73123.00 ns, 17.8523 ns/op
WorkloadPilot   10: 8192 op, 140019.00 ns, 17.0922 ns/op
WorkloadPilot   11: 16384 op, 251429.00 ns, 15.3460 ns/op
WorkloadPilot   12: 32768 op, 529553.00 ns, 16.1607 ns/op
WorkloadPilot   13: 65536 op, 993884.00 ns, 15.1655 ns/op
WorkloadPilot   14: 131072 op, 1949378.00 ns, 14.8726 ns/op
WorkloadPilot   15: 262144 op, 3920364.00 ns, 14.9550 ns/op
WorkloadPilot   16: 524288 op, 7842898.00 ns, 14.9591 ns/op
WorkloadPilot   17: 1048576 op, 15510044.00 ns, 14.7915 ns/op
WorkloadPilot   18: 2097152 op, 32718473.00 ns, 15.6014 ns/op
WorkloadPilot   19: 4194304 op, 65739915.00 ns, 15.6736 ns/op
WorkloadPilot   20: 8388608 op, 135680870.00 ns, 16.1744 ns/op
WorkloadPilot   21: 16777216 op, 263929238.00 ns, 15.7314 ns/op
WorkloadPilot   22: 33554432 op, 520147777.00 ns, 15.5016 ns/op

OverheadWarmup   1: 33554432 op, 143905174.00 ns, 4.2887 ns/op
OverheadWarmup   2: 33554432 op, 143144034.00 ns, 4.2660 ns/op
OverheadWarmup   3: 33554432 op, 140238614.00 ns, 4.1794 ns/op
OverheadWarmup   4: 33554432 op, 140270016.00 ns, 4.1804 ns/op
OverheadWarmup   5: 33554432 op, 140335565.00 ns, 4.1823 ns/op
OverheadWarmup   6: 33554432 op, 145617726.00 ns, 4.3397 ns/op
OverheadWarmup   7: 33554432 op, 137652517.00 ns, 4.1024 ns/op
OverheadWarmup   8: 33554432 op, 139897030.00 ns, 4.1693 ns/op
OverheadWarmup   9: 33554432 op, 138907596.00 ns, 4.1398 ns/op

OverheadActual   1: 33554432 op, 142727087.00 ns, 4.2536 ns/op
OverheadActual   2: 33554432 op, 134702906.00 ns, 4.0145 ns/op
OverheadActual   3: 33554432 op, 133840504.00 ns, 3.9888 ns/op
OverheadActual   4: 33554432 op, 135620618.00 ns, 4.0418 ns/op
OverheadActual   5: 33554432 op, 136142796.00 ns, 4.0574 ns/op
OverheadActual   6: 33554432 op, 137064001.00 ns, 4.0848 ns/op
OverheadActual   7: 33554432 op, 137343908.00 ns, 4.0932 ns/op
OverheadActual   8: 33554432 op, 143092471.00 ns, 4.2645 ns/op
OverheadActual   9: 33554432 op, 138998697.00 ns, 4.1425 ns/op
OverheadActual  10: 33554432 op, 142283314.00 ns, 4.2404 ns/op
OverheadActual  11: 33554432 op, 142383202.00 ns, 4.2434 ns/op
OverheadActual  12: 33554432 op, 134521392.00 ns, 4.0090 ns/op
OverheadActual  13: 33554432 op, 140244484.00 ns, 4.1796 ns/op
OverheadActual  14: 33554432 op, 142303313.00 ns, 4.2410 ns/op
OverheadActual  15: 33554432 op, 144412939.00 ns, 4.3038 ns/op

WorkloadWarmup   1: 33554432 op, 523292090.00 ns, 15.5953 ns/op
WorkloadWarmup   2: 33554432 op, 551127912.00 ns, 16.4249 ns/op
WorkloadWarmup   3: 33554432 op, 535098046.00 ns, 15.9472 ns/op
WorkloadWarmup   4: 33554432 op, 535255776.00 ns, 15.9519 ns/op
WorkloadWarmup   5: 33554432 op, 530788788.00 ns, 15.8187 ns/op
WorkloadWarmup   6: 33554432 op, 529451467.00 ns, 15.7789 ns/op

// BeforeActualRun
WorkloadActual   1: 33554432 op, 525627272.00 ns, 15.6649 ns/op
WorkloadActual   2: 33554432 op, 523991453.00 ns, 15.6162 ns/op
WorkloadActual   3: 33554432 op, 531607849.00 ns, 15.8431 ns/op
WorkloadActual   4: 33554432 op, 531117142.00 ns, 15.8285 ns/op
WorkloadActual   5: 33554432 op, 523268630.00 ns, 15.5946 ns/op
WorkloadActual   6: 33554432 op, 545166641.00 ns, 16.2472 ns/op
WorkloadActual   7: 33554432 op, 529905261.00 ns, 15.7924 ns/op
WorkloadActual   8: 33554432 op, 528038206.00 ns, 15.7368 ns/op
WorkloadActual   9: 33554432 op, 546265769.00 ns, 16.2800 ns/op
WorkloadActual  10: 33554432 op, 519497622.00 ns, 15.4822 ns/op
WorkloadActual  11: 33554432 op, 531982941.00 ns, 15.8543 ns/op
WorkloadActual  12: 33554432 op, 534304957.00 ns, 15.9235 ns/op
WorkloadActual  13: 33554432 op, 554272954.00 ns, 16.5186 ns/op
WorkloadActual  14: 33554432 op, 524678491.00 ns, 15.6366 ns/op
WorkloadActual  15: 33554432 op, 532616202.00 ns, 15.8732 ns/op

// AfterActualRun
WorkloadResult   1: 33554432 op, 386628575.00 ns, 11.5224 ns/op
WorkloadResult   2: 33554432 op, 384992756.00 ns, 11.4737 ns/op
WorkloadResult   3: 33554432 op, 392609152.00 ns, 11.7007 ns/op
WorkloadResult   4: 33554432 op, 392118445.00 ns, 11.6860 ns/op
WorkloadResult   5: 33554432 op, 384269933.00 ns, 11.4521 ns/op
WorkloadResult   6: 33554432 op, 406167944.00 ns, 12.1047 ns/op
WorkloadResult   7: 33554432 op, 390906564.00 ns, 11.6499 ns/op
WorkloadResult   8: 33554432 op, 389039509.00 ns, 11.5943 ns/op
WorkloadResult   9: 33554432 op, 380498925.00 ns, 11.3398 ns/op
WorkloadResult  10: 33554432 op, 392984244.00 ns, 11.7118 ns/op
WorkloadResult  11: 33554432 op, 395306260.00 ns, 11.7810 ns/op
WorkloadResult  12: 33554432 op, 385679794.00 ns, 11.4942 ns/op
WorkloadResult  13: 33554432 op, 393617505.00 ns, 11.7307 ns/op
// GC:  0 0 0 0 33554432
// Threading:  0 0 33554432

// AfterAll
// Benchmark Process 3594 has exited with code 0.

Mean = 11.634 ns, StdErr = 0.053 ns (0.46%), N = 13, StdDev = 0.193 ns
Min = 11.340 ns, Q1 = 11.494 ns, Median = 11.650 ns, Q3 = 11.712 ns, Max = 12.105 ns
IQR = 0.218 ns, LowerFence = 11.168 ns, UpperFence = 12.038 ns
ConfidenceInterval = [11.403 ns; 11.865 ns] (CI 99.9%), Margin = 0.231 ns (1.98% of Mean)
Skewness = 0.75, Kurtosis = 3.33, MValue = 2

// ** Remained 3 (37.5 %) benchmark(s) to run. Estimated finish 2026-09-23 21:26 (0h 0m from now) **
// **************************
// Benchmark: ReplicaSelectionBenchmarks.Random.SelectReplica: ShortRun(IterationCount=3, LaunchCount=1, WarmupCount=3)
// *** Execute ***
// Launch: 1 / 1
// Execute: dotnet Encina.Benchmarks-DefaultJob-1.dll --anonymousPipes 226 227 --benchmarkName Encina.Benchmarks.ReadWriteSeparation.ReplicaSelectionBenchmarks.Random_SelectReplica --job ShortRun --benchmarkId 5 in /home/runner/work/Encina/Encina/tests/Encina.BenchmarkTests/Encina.Benchmarks/bin/Release/net10.0/Encina.Benchmarks-DefaultJob-1/bin/Release/net10.0
// Failed to set up high priority (Permission denied). In order to run benchmarks with high priority, make sure you have the right permissions.
// BeforeAnythingElse

// Benchmark Process Environment Information:
// BenchmarkDotNet v0.15.8
// Runtime=.NET 10.0.12 (10.0.12, 10.0.1226.42308), X64 RyuJIT x86-64-v4
// GC=Concurrent Workstation
// HardwareIntrinsics=AVX512 BITALG+VBMI2+VNNI+VPOPCNTDQ,AVX512 IFMA+VBMI,AVX512 F+BW+CD+DQ+VL,AVX2+BMI1+BMI2+F16C+FMA+LZCNT+MOVBE,AVX,SSE3+SSSE3+SSE4.1+SSE4.2+POPCNT,X86Base+SSE+SSE2,AES+PCLMUL,AvxVnni,SERIALIZE VectorSize=256
// Job: ShortRun(IterationCount=3, LaunchCount=1, WarmupCount=3)

OverheadJitting  1: 1 op, 194153.00 ns, 194.1530 us/op
WorkloadJitting  1: 1 op, 678750.00 ns, 678.7500 us/op

OverheadJitting  2: 16 op, 462007.00 ns, 28.8754 us/op
WorkloadJitting  2: 16 op, 506358.00 ns, 31.6474 us/op

WorkloadPilot    1: 16 op, 3534.00 ns, 220.8750 ns/op
WorkloadPilot    2: 32 op, 3643.00 ns, 113.8438 ns/op
WorkloadPilot    3: 64 op, 3947.00 ns, 61.6719 ns/op
WorkloadPilot    4: 128 op, 5512.00 ns, 43.0625 ns/op
WorkloadPilot    5: 256 op, 8344.00 ns, 32.5938 ns/op
WorkloadPilot    6: 512 op, 11913.00 ns, 23.2676 ns/op
WorkloadPilot    7: 1024 op, 29178.00 ns, 28.4941 ns/op
WorkloadPilot    8: 2048 op, 48045.00 ns, 23.4595 ns/op
WorkloadPilot    9: 4096 op, 87838.00 ns, 21.4448 ns/op
WorkloadPilot   10: 8192 op, 151199.00 ns, 18.4569 ns/op
WorkloadPilot   11: 16384 op, 290923.00 ns, 17.7565 ns/op
WorkloadPilot   12: 32768 op, 564138.00 ns, 17.2161 ns/op
WorkloadPilot   13: 65536 op, 1130642.00 ns, 17.2522 ns/op
WorkloadPilot   14: 131072 op, 2142440.00 ns, 16.3455 ns/op
WorkloadPilot   15: 262144 op, 4081701.00 ns, 15.5705 ns/op
WorkloadPilot   16: 524288 op, 9008975.00 ns, 17.1833 ns/op
WorkloadPilot   17: 1048576 op, 17115798.00 ns, 16.3229 ns/op
WorkloadPilot   18: 2097152 op, 31736760.00 ns, 15.1333 ns/op
WorkloadPilot   19: 4194304 op, 70345225.00 ns, 16.7716 ns/op
WorkloadPilot   20: 8388608 op, 133690907.00 ns, 15.9372 ns/op
WorkloadPilot   21: 16777216 op, 260924692.00 ns, 15.5523 ns/op
WorkloadPilot   22: 33554432 op, 545308821.00 ns, 16.2515 ns/op

OverheadWarmup   1: 33554432 op, 144136849.00 ns, 4.2956 ns/op
OverheadWarmup   2: 33554432 op, 140919728.00 ns, 4.1997 ns/op
OverheadWarmup   3: 33554432 op, 155501804.00 ns, 4.6343 ns/op
OverheadWarmup   4: 33554432 op, 134837382.00 ns, 4.0185 ns/op
OverheadWarmup   5: 33554432 op, 143180349.00 ns, 4.2671 ns/op
OverheadWarmup   6: 33554432 op, 143605949.00 ns, 4.2798 ns/op
OverheadWarmup   7: 33554432 op, 141776049.00 ns, 4.2253 ns/op

OverheadActual   1: 33554432 op, 141645946.00 ns, 4.2214 ns/op
OverheadActual   2: 33554432 op, 135774655.00 ns, 4.0464 ns/op
OverheadActual   3: 33554432 op, 134940905.00 ns, 4.0216 ns/op
OverheadActual   4: 33554432 op, 137213870.00 ns, 4.0893 ns/op
OverheadActual   5: 33554432 op, 145996172.00 ns, 4.3510 ns/op
OverheadActual   6: 33554432 op, 133782838.00 ns, 3.9870 ns/op
OverheadActual   7: 33554432 op, 144954461.00 ns, 4.3200 ns/op
OverheadActual   8: 33554432 op, 142987871.00 ns, 4.2614 ns/op
OverheadActual   9: 33554432 op, 140870388.00 ns, 4.1983 ns/op
OverheadActual  10: 33554432 op, 136967418.00 ns, 4.0819 ns/op
OverheadActual  11: 33554432 op, 138196195.00 ns, 4.1186 ns/op
OverheadActual  12: 33554432 op, 138163057.00 ns, 4.1176 ns/op
OverheadActual  13: 33554432 op, 144535023.00 ns, 4.3075 ns/op
OverheadActual  14: 33554432 op, 142514765.00 ns, 4.2473 ns/op
OverheadActual  15: 33554432 op, 140374615.00 ns, 4.1835 ns/op

WorkloadWarmup   1: 33554432 op, 547307244.00 ns, 16.3110 ns/op
WorkloadWarmup   2: 33554432 op, 539752978.00 ns, 16.0859 ns/op
WorkloadWarmup   3: 33554432 op, 537425857.00 ns, 16.0165 ns/op

// BeforeActualRun
WorkloadActual   1: 33554432 op, 548183676.00 ns, 16.3371 ns/op
WorkloadActual   2: 33554432 op, 533699939.00 ns, 15.9055 ns/op
WorkloadActual   3: 33554432 op, 552715768.00 ns, 16.4722 ns/op

// AfterActualRun
WorkloadResult   1: 33554432 op, 407809061.00 ns, 12.1537 ns/op
WorkloadResult   2: 33554432 op, 393325324.00 ns, 11.7220 ns/op
WorkloadResult   3: 33554432 op, 412341153.00 ns, 12.2887 ns/op
// GC:  0 0 0 0 33554432
// Threading:  0 0 33554432

// AfterAll
// Benchmark Process 3626 has exited with code 0.

Mean = 12.055 ns, StdErr = 0.171 ns (1.42%), N = 3, StdDev = 0.296 ns
Min = 11.722 ns, Q1 = 11.938 ns, Median = 12.154 ns, Q3 = 12.221 ns, Max = 12.289 ns
IQR = 0.283 ns, LowerFence = 11.513 ns, UpperFence = 12.646 ns
ConfidenceInterval = [6.654 ns; 17.455 ns] (CI 99.9%), Margin = 5.400 ns (44.80% of Mean)
Skewness = -0.3, Kurtosis = 0.67, MValue = 2

// ** Remained 2 (25.0 %) benchmark(s) to run. Estimated finish 2026-09-23 21:26 (0h 0m from now) **
// **************************
// Benchmark: ReplicaSelectionBenchmarks.RoundRobin.SelectReplica: DefaultJob
// *** Execute ***
// Launch: 1 / 1
// Execute: dotnet Encina.Benchmarks-DefaultJob-1.dll --anonymousPipes 226 227 --benchmarkName Encina.Benchmarks.ReadWriteSeparation.ReplicaSelectionBenchmarks.RoundRobin_SelectReplica --job Default --benchmarkId 6 in /home/runner/work/Encina/Encina/tests/Encina.BenchmarkTests/Encina.Benchmarks/bin/Release/net10.0/Encina.Benchmarks-DefaultJob-1/bin/Release/net10.0
// Failed to set up high priority (Permission denied). In order to run benchmarks with high priority, make sure you have the right permissions.
// BeforeAnythingElse

// Benchmark Process Environment Information:
// BenchmarkDotNet v0.15.8
// Runtime=.NET 10.0.12 (10.0.12, 10.0.1226.42308), X64 RyuJIT x86-64-v4
// GC=Concurrent Workstation
// HardwareIntrinsics=AVX512 BITALG+VBMI2+VNNI+VPOPCNTDQ,AVX512 IFMA+VBMI,AVX512 F+BW+CD+DQ+VL,AVX2+BMI1+BMI2+F16C+FMA+LZCNT+MOVBE,AVX,SSE3+SSSE3+SSE4.1+SSE4.2+POPCNT,X86Base+SSE+SSE2,AES+PCLMUL,AvxVnni,SERIALIZE VectorSize=256
// Job: DefaultJob

OverheadJitting  1: 1 op, 212867.00 ns, 212.8670 us/op
WorkloadJitting  1: 1 op, 532203.00 ns, 532.2030 us/op

OverheadJitting  2: 16 op, 407404.00 ns, 25.4628 us/op
WorkloadJitting  2: 16 op, 415174.00 ns, 25.9484 us/op

WorkloadPilot    1: 16 op, 1009.00 ns, 63.0625 ns/op
WorkloadPilot    2: 32 op, 1101.00 ns, 34.4063 ns/op
WorkloadPilot    3: 64 op, 1325.00 ns, 20.7031 ns/op
WorkloadPilot    4: 128 op, 2090.00 ns, 16.3281 ns/op
WorkloadPilot    5: 256 op, 3830.00 ns, 14.9609 ns/op
WorkloadPilot    6: 512 op, 7335.00 ns, 14.3262 ns/op
WorkloadPilot    7: 1024 op, 14220.00 ns, 13.8867 ns/op
WorkloadPilot    8: 2048 op, 27999.00 ns, 13.6714 ns/op
WorkloadPilot    9: 4096 op, 55513.00 ns, 13.5530 ns/op
WorkloadPilot   10: 8192 op, 110690.00 ns, 13.5120 ns/op
WorkloadPilot   11: 16384 op, 229242.00 ns, 13.9918 ns/op
WorkloadPilot   12: 32768 op, 441231.00 ns, 13.4653 ns/op
WorkloadPilot   13: 65536 op, 898770.00 ns, 13.7141 ns/op
WorkloadPilot   14: 131072 op, 1777174.00 ns, 13.5588 ns/op
WorkloadPilot   15: 262144 op, 3615715.00 ns, 13.7929 ns/op
WorkloadPilot   16: 524288 op, 7120201.00 ns, 13.5807 ns/op
WorkloadPilot   17: 1048576 op, 15284847.00 ns, 14.5768 ns/op
WorkloadPilot   18: 2097152 op, 30334250.00 ns, 14.4645 ns/op
WorkloadPilot   19: 4194304 op, 63732226.00 ns, 15.1949 ns/op
WorkloadPilot   20: 8388608 op, 119587936.00 ns, 14.2560 ns/op
WorkloadPilot   21: 16777216 op, 238576505.00 ns, 14.2203 ns/op
WorkloadPilot   22: 33554432 op, 490023531.00 ns, 14.6038 ns/op
WorkloadPilot   23: 67108864 op, 980579314.00 ns, 14.6118 ns/op

OverheadWarmup   1: 67108864 op, 274033376.00 ns, 4.0834 ns/op
OverheadWarmup   2: 67108864 op, 277662024.00 ns, 4.1375 ns/op
OverheadWarmup   3: 67108864 op, 288280159.00 ns, 4.2957 ns/op
OverheadWarmup   4: 67108864 op, 278035730.00 ns, 4.1431 ns/op
OverheadWarmup   5: 67108864 op, 276851239.00 ns, 4.1254 ns/op
OverheadWarmup   6: 67108864 op, 293703884.00 ns, 4.3765 ns/op
OverheadWarmup   7: 67108864 op, 289223776.00 ns, 4.3098 ns/op

OverheadActual   1: 67108864 op, 281045150.00 ns, 4.1879 ns/op
OverheadActual   2: 67108864 op, 283098337.00 ns, 4.2185 ns/op
OverheadActual   3: 67108864 op, 288413075.00 ns, 4.2977 ns/op
OverheadActual   4: 67108864 op, 295817273.00 ns, 4.4080 ns/op
OverheadActual   5: 67108864 op, 278213887.00 ns, 4.1457 ns/op
OverheadActual   6: 67108864 op, 284102451.00 ns, 4.2335 ns/op
OverheadActual   7: 67108864 op, 293882705.00 ns, 4.3792 ns/op
OverheadActual   8: 67108864 op, 282815513.00 ns, 4.2143 ns/op
OverheadActual   9: 67108864 op, 279114734.00 ns, 4.1591 ns/op
OverheadActual  10: 67108864 op, 289752754.00 ns, 4.3177 ns/op
OverheadActual  11: 67108864 op, 282590033.00 ns, 4.2109 ns/op
OverheadActual  12: 67108864 op, 279049861.00 ns, 4.1582 ns/op
OverheadActual  13: 67108864 op, 281225116.00 ns, 4.1906 ns/op
OverheadActual  14: 67108864 op, 285466457.00 ns, 4.2538 ns/op
OverheadActual  15: 67108864 op, 276555016.00 ns, 4.1210 ns/op

WorkloadWarmup   1: 67108864 op, 980755154.00 ns, 14.6144 ns/op
WorkloadWarmup   2: 67108864 op, 982936238.00 ns, 14.6469 ns/op
WorkloadWarmup   3: 67108864 op, 988415744.00 ns, 14.7285 ns/op
WorkloadWarmup   4: 67108864 op, 970678669.00 ns, 14.4642 ns/op
WorkloadWarmup   5: 67108864 op, 993002737.00 ns, 14.7969 ns/op
WorkloadWarmup   6: 67108864 op, 964334813.00 ns, 14.3697 ns/op

// BeforeActualRun
WorkloadActual   1: 67108864 op, 977501467.00 ns, 14.5659 ns/op
WorkloadActual   2: 67108864 op, 981478561.00 ns, 14.6252 ns/op
WorkloadActual   3: 67108864 op, 968667884.00 ns, 14.4343 ns/op
WorkloadActual   4: 67108864 op, 981108664.00 ns, 14.6197 ns/op
WorkloadActual   5: 67108864 op, 963998172.00 ns, 14.3647 ns/op
WorkloadActual   6: 67108864 op, 980192068.00 ns, 14.6060 ns/op
WorkloadActual   7: 67108864 op, 978037965.00 ns, 14.5739 ns/op
WorkloadActual   8: 67108864 op, 969820174.00 ns, 14.4514 ns/op
WorkloadActual   9: 67108864 op, 973485770.00 ns, 14.5061 ns/op
WorkloadActual  10: 67108864 op, 968316611.00 ns, 14.4290 ns/op
WorkloadActual  11: 67108864 op, 973582394.00 ns, 14.5075 ns/op
WorkloadActual  12: 67108864 op, 979764995.00 ns, 14.5996 ns/op
WorkloadActual  13: 67108864 op, 982216600.00 ns, 14.6362 ns/op
WorkloadActual  14: 67108864 op, 961608707.00 ns, 14.3291 ns/op
WorkloadActual  15: 67108864 op, 962606022.00 ns, 14.3439 ns/op

// AfterActualRun
WorkloadResult   1: 67108864 op, 694685954.00 ns, 10.3516 ns/op
WorkloadResult   2: 67108864 op, 698663048.00 ns, 10.4109 ns/op
WorkloadResult   3: 67108864 op, 685852371.00 ns, 10.2200 ns/op
WorkloadResult   4: 67108864 op, 698293151.00 ns, 10.4054 ns/op
WorkloadResult   5: 67108864 op, 681182659.00 ns, 10.1504 ns/op
WorkloadResult   6: 67108864 op, 697376555.00 ns, 10.3917 ns/op
WorkloadResult   7: 67108864 op, 695222452.00 ns, 10.3596 ns/op
WorkloadResult   8: 67108864 op, 687004661.00 ns, 10.2372 ns/op
WorkloadResult   9: 67108864 op, 690670257.00 ns, 10.2918 ns/op
WorkloadResult  10: 67108864 op, 685501098.00 ns, 10.2148 ns/op
WorkloadResult  11: 67108864 op, 690766881.00 ns, 10.2932 ns/op
WorkloadResult  12: 67108864 op, 696949482.00 ns, 10.3854 ns/op
WorkloadResult  13: 67108864 op, 699401087.00 ns, 10.4219 ns/op
WorkloadResult  14: 67108864 op, 678793194.00 ns, 10.1148 ns/op
WorkloadResult  15: 67108864 op, 679790509.00 ns, 10.1297 ns/op
// GC:  0 0 0 0 67108864
// Threading:  0 0 67108864

// AfterAll
// Benchmark Process 3634 has exited with code 0.

Mean = 10.292 ns, StdErr = 0.028 ns (0.27%), N = 15, StdDev = 0.108 ns
Min = 10.115 ns, Q1 = 10.217 ns, Median = 10.293 ns, Q3 = 10.389 ns, Max = 10.422 ns
IQR = 0.171 ns, LowerFence = 9.961 ns, UpperFence = 10.645 ns
ConfidenceInterval = [10.177 ns; 10.407 ns] (CI 99.9%), Margin = 0.115 ns (1.12% of Mean)
Skewness = -0.32, Kurtosis = 1.49, MValue = 2

// ** Remained 1 (12.5 %) benchmark(s) to run. Estimated finish 2026-09-23 21:27 (0h 0m from now) **
// **************************
// Benchmark: ReplicaSelectionBenchmarks.RoundRobin.SelectReplica: ShortRun(IterationCount=3, LaunchCount=1, WarmupCount=3)
// *** Execute ***
// Launch: 1 / 1
// Execute: dotnet Encina.Benchmarks-DefaultJob-1.dll --anonymousPipes 226 227 --benchmarkName Encina.Benchmarks.ReadWriteSeparation.ReplicaSelectionBenchmarks.RoundRobin_SelectReplica --job ShortRun --benchmarkId 7 in /home/runner/work/Encina/Encina/tests/Encina.BenchmarkTests/Encina.Benchmarks/bin/Release/net10.0/Encina.Benchmarks-DefaultJob-1/bin/Release/net10.0
// Failed to set up high priority (Permission denied). In order to run benchmarks with high priority, make sure you have the right permissions.
// BeforeAnythingElse

// Benchmark Process Environment Information:
// BenchmarkDotNet v0.15.8
// Runtime=.NET 10.0.12 (10.0.12, 10.0.1226.42308), X64 RyuJIT x86-64-v4
// GC=Concurrent Workstation
// HardwareIntrinsics=AVX512 BITALG+VBMI2+VNNI+VPOPCNTDQ,AVX512 IFMA+VBMI,AVX512 F+BW+CD+DQ+VL,AVX2+BMI1+BMI2+F16C+FMA+LZCNT+MOVBE,AVX,SSE3+SSSE3+SSE4.1+SSE4.2+POPCNT,X86Base+SSE+SSE2,AES+PCLMUL,AvxVnni,SERIALIZE VectorSize=256
// Job: ShortRun(IterationCount=3, LaunchCount=1, WarmupCount=3)

OverheadJitting  1: 1 op, 179078.00 ns, 179.0780 us/op
WorkloadJitting  1: 1 op, 507908.00 ns, 507.9080 us/op

OverheadJitting  2: 16 op, 383885.00 ns, 23.9928 us/op
WorkloadJitting  2: 16 op, 427575.00 ns, 26.7234 us/op

WorkloadPilot    1: 16 op, 2577.00 ns, 161.0625 ns/op
WorkloadPilot    2: 32 op, 2646.00 ns, 82.6875 ns/op
WorkloadPilot    3: 64 op, 2958.00 ns, 46.2188 ns/op
WorkloadPilot    4: 128 op, 3759.00 ns, 29.3672 ns/op
WorkloadPilot    5: 256 op, 5652.00 ns, 22.0781 ns/op
WorkloadPilot    6: 512 op, 9376.00 ns, 18.3125 ns/op
WorkloadPilot    7: 1024 op, 17031.00 ns, 16.6318 ns/op
WorkloadPilot    8: 2048 op, 34162.00 ns, 16.6807 ns/op
WorkloadPilot    9: 4096 op, 62187.00 ns, 15.1824 ns/op
WorkloadPilot   10: 8192 op, 109589.00 ns, 13.3776 ns/op
WorkloadPilot   11: 16384 op, 225715.00 ns, 13.7766 ns/op
WorkloadPilot   12: 32768 op, 437553.00 ns, 13.3531 ns/op
WorkloadPilot   13: 65536 op, 858887.00 ns, 13.1056 ns/op
WorkloadPilot   14: 131072 op, 1717157.00 ns, 13.1009 ns/op
WorkloadPilot   15: 262144 op, 3429380.00 ns, 13.0820 ns/op
WorkloadPilot   16: 524288 op, 6823488.00 ns, 13.0148 ns/op
WorkloadPilot   17: 1048576 op, 13911140.00 ns, 13.2667 ns/op
WorkloadPilot   18: 2097152 op, 28730409.00 ns, 13.6997 ns/op
WorkloadPilot   19: 4194304 op, 57208107.00 ns, 13.6395 ns/op
WorkloadPilot   20: 8388608 op, 110826719.00 ns, 13.2116 ns/op
WorkloadPilot   21: 16777216 op, 224856244.00 ns, 13.4025 ns/op
WorkloadPilot   22: 33554432 op, 458757640.00 ns, 13.6720 ns/op
WorkloadPilot   23: 67108864 op, 910793658.00 ns, 13.5719 ns/op

OverheadWarmup   1: 67108864 op, 277021935.00 ns, 4.1279 ns/op
OverheadWarmup   2: 67108864 op, 273088149.00 ns, 4.0693 ns/op
OverheadWarmup   3: 67108864 op, 282100513.00 ns, 4.2036 ns/op
OverheadWarmup   4: 67108864 op, 284696842.00 ns, 4.2423 ns/op
OverheadWarmup   5: 67108864 op, 275743983.00 ns, 4.1089 ns/op
OverheadWarmup   6: 67108864 op, 276557208.00 ns, 4.1210 ns/op
OverheadWarmup   7: 67108864 op, 291693238.00 ns, 4.3466 ns/op
OverheadWarmup   8: 67108864 op, 278195981.00 ns, 4.1454 ns/op

OverheadActual   1: 67108864 op, 275121448.00 ns, 4.0996 ns/op
OverheadActual   2: 67108864 op, 281876399.00 ns, 4.2003 ns/op
OverheadActual   3: 67108864 op, 280626992.00 ns, 4.1817 ns/op
OverheadActual   4: 67108864 op, 288052692.00 ns, 4.2923 ns/op
OverheadActual   5: 67108864 op, 270007158.00 ns, 4.0234 ns/op
OverheadActual   6: 67108864 op, 285182082.00 ns, 4.2495 ns/op
OverheadActual   7: 67108864 op, 281544078.00 ns, 4.1953 ns/op
OverheadActual   8: 67108864 op, 278647080.00 ns, 4.1522 ns/op
OverheadActual   9: 67108864 op, 279396602.00 ns, 4.1633 ns/op
OverheadActual  10: 67108864 op, 283167142.00 ns, 4.2195 ns/op
OverheadActual  11: 67108864 op, 277019468.00 ns, 4.1279 ns/op
OverheadActual  12: 67108864 op, 281994024.00 ns, 4.2020 ns/op
OverheadActual  13: 67108864 op, 277366507.00 ns, 4.1331 ns/op
OverheadActual  14: 67108864 op, 276603429.00 ns, 4.1217 ns/op
OverheadActual  15: 67108864 op, 295810974.00 ns, 4.4079 ns/op

WorkloadWarmup   1: 67108864 op, 913789397.00 ns, 13.6165 ns/op
WorkloadWarmup   2: 67108864 op, 905211453.00 ns, 13.4887 ns/op
WorkloadWarmup   3: 67108864 op, 930367220.00 ns, 13.8636 ns/op

// BeforeActualRun
WorkloadActual   1: 67108864 op, 906762579.00 ns, 13.5118 ns/op
WorkloadActual   2: 67108864 op, 901117303.00 ns, 13.4277 ns/op
WorkloadActual   3: 67108864 op, 902651190.00 ns, 13.4506 ns/op

// AfterActualRun
WorkloadResult   1: 67108864 op, 626135587.00 ns, 9.3301 ns/op
WorkloadResult   2: 67108864 op, 620490311.00 ns, 9.2460 ns/op
WorkloadResult   3: 67108864 op, 622024198.00 ns, 9.2689 ns/op
// GC:  0 0 0 0 67108864
// Threading:  0 0 67108864

// AfterAll
// Benchmark Process 3651 has exited with code 0.

Mean = 9.282 ns, StdErr = 0.025 ns (0.27%), N = 3, StdDev = 0.043 ns
Min = 9.246 ns, Q1 = 9.257 ns, Median = 9.269 ns, Q3 = 9.300 ns, Max = 9.330 ns
IQR = 0.042 ns, LowerFence = 9.194 ns, UpperFence = 9.363 ns
ConfidenceInterval = [8.488 ns; 10.075 ns] (CI 99.9%), Margin = 0.794 ns (8.55% of Mean)
Skewness = 0.27, Kurtosis = 0.67, MValue = 2

// ** Remained 0 (0.0 %) benchmark(s) to run. Estimated finish 2026-09-23 21:27 (0h 0m from now) **
// ***** BenchmarkRunner: Finish  *****

// * Export *
  artifacts/performance/Core/results/Encina.Benchmarks.ReadWriteSeparation.ReplicaSelectionBenchmarks-report.csv
  artifacts/performance/Core/results/Encina.Benchmarks.ReadWriteSeparation.ReplicaSelectionBenchmarks-report-github.md
  artifacts/performance/Core/results/Encina.Benchmarks.ReadWriteSeparation.ReplicaSelectionBenchmarks-report.html
  artifacts/performance/Core/results/Encina.Benchmarks.ReadWriteSeparation.ReplicaSelectionBenchmarks-report-full-compressed.json

// * Detailed results *
ReplicaSelectionBenchmarks.'LeastConnections.AcquireReplica (lease)': DefaultJob
Runtime = .NET 10.0.12 (10.0.12, 10.0.1226.42308), X64 RyuJIT x86-64-v4; GC = Concurrent Workstation
Mean = 259.210 ns, StdErr = 0.824 ns (0.32%), N = 15, StdDev = 3.190 ns
Min = 255.543 ns, Q1 = 256.307 ns, Median = 257.947 ns, Q3 = 261.186 ns, Max = 265.544 ns
IQR = 4.879 ns, LowerFence = 248.988 ns, UpperFence = 268.505 ns
ConfidenceInterval = [255.799 ns; 262.621 ns] (CI 99.9%), Margin = 3.411 ns (1.32% of Mean)
Skewness = 0.51, Kurtosis = 1.85, MValue = 2
-------------------- Histogram --------------------
[253.845 ns ; 259.312 ns) | @@@@@@@@
[259.312 ns ; 267.242 ns) | @@@@@@@
---------------------------------------------------

ReplicaSelectionBenchmarks.LeastConnections.SelectReplica: DefaultJob
Runtime = .NET 10.0.12 (10.0.12, 10.0.1226.42308), X64 RyuJIT x86-64-v4; GC = Concurrent Workstation
Mean = 225.249 ns, StdErr = 0.776 ns (0.34%), N = 15, StdDev = 3.006 ns
Min = 219.921 ns, Q1 = 223.485 ns, Median = 225.625 ns, Q3 = 226.841 ns, Max = 231.147 ns
IQR = 3.356 ns, LowerFence = 218.452 ns, UpperFence = 231.874 ns
ConfidenceInterval = [222.035 ns; 228.463 ns] (CI 99.9%), Margin = 3.214 ns (1.43% of Mean)
Skewness = 0.04, Kurtosis = 2.25, MValue = 2
-------------------- Histogram --------------------
[219.272 ns ; 231.867 ns) | @@@@@@@@@@@@@@@
---------------------------------------------------

ReplicaSelectionBenchmarks.Random.SelectReplica: DefaultJob
Runtime = .NET 10.0.12 (10.0.12, 10.0.1226.42308), X64 RyuJIT x86-64-v4; GC = Concurrent Workstation
Mean = 11.634 ns, StdErr = 0.053 ns (0.46%), N = 13, StdDev = 0.193 ns
Min = 11.340 ns, Q1 = 11.494 ns, Median = 11.650 ns, Q3 = 11.712 ns, Max = 12.105 ns
IQR = 0.218 ns, LowerFence = 11.168 ns, UpperFence = 12.038 ns
ConfidenceInterval = [11.403 ns; 11.865 ns] (CI 99.9%), Margin = 0.231 ns (1.98% of Mean)
Skewness = 0.75, Kurtosis = 3.33, MValue = 2
-------------------- Histogram --------------------
[11.317 ns ; 11.571 ns) | @@@@@
[11.571 ns ; 12.212 ns) | @@@@@@@@
---------------------------------------------------

ReplicaSelectionBenchmarks.RoundRobin.SelectReplica: DefaultJob
Runtime = .NET 10.0.12 (10.0.12, 10.0.1226.42308), X64 RyuJIT x86-64-v4; GC = Concurrent Workstation
Mean = 10.292 ns, StdErr = 0.028 ns (0.27%), N = 15, StdDev = 0.108 ns
Min = 10.115 ns, Q1 = 10.217 ns, Median = 10.293 ns, Q3 = 10.389 ns, Max = 10.422 ns
IQR = 0.171 ns, LowerFence = 9.961 ns, UpperFence = 10.645 ns
ConfidenceInterval = [10.177 ns; 10.407 ns] (CI 99.9%), Margin = 0.115 ns (1.12% of Mean)
Skewness = -0.32, Kurtosis = 1.49, MValue = 2
-------------------- Histogram --------------------
[10.057 ns ; 10.269 ns) | @@@@@@
[10.269 ns ; 10.479 ns) | @@@@@@@@@
---------------------------------------------------

ReplicaSelectionBenchmarks.'LeastConnections.AcquireReplica (lease)': ShortRun(IterationCount=3, LaunchCount=1, WarmupCount=3)
Runtime = .NET 10.0.12 (10.0.12, 10.0.1226.42308), X64 RyuJIT x86-64-v4; GC = Concurrent Workstation
Mean = 257.335 ns, StdErr = 1.437 ns (0.56%), N = 3, StdDev = 2.490 ns
Min = 255.246 ns, Q1 = 255.957 ns, Median = 256.669 ns, Q3 = 258.379 ns, Max = 260.090 ns
IQR = 2.422 ns, LowerFence = 252.325 ns, UpperFence = 262.012 ns
ConfidenceInterval = [211.915 ns; 302.754 ns] (CI 99.9%), Margin = 45.420 ns (17.65% of Mean)
Skewness = 0.25, Kurtosis = 0.67, MValue = 2
-------------------- Histogram --------------------
[252.980 ns ; 262.355 ns) | @@@
---------------------------------------------------

ReplicaSelectionBenchmarks.LeastConnections.SelectReplica: ShortRun(IterationCount=3, LaunchCount=1, WarmupCount=3)
Runtime = .NET 10.0.12 (10.0.12, 10.0.1226.42308), X64 RyuJIT x86-64-v4; GC = Concurrent Workstation
Mean = 217.718 ns, StdErr = 2.737 ns (1.26%), N = 3, StdDev = 4.741 ns
Min = 214.209 ns, Q1 = 215.022 ns, Median = 215.834 ns, Q3 = 219.473 ns, Max = 223.111 ns
IQR = 4.451 ns, LowerFence = 208.345 ns, UpperFence = 226.149 ns
ConfidenceInterval = [131.232 ns; 304.204 ns] (CI 99.9%), Margin = 86.486 ns (39.72% of Mean)
Skewness = 0.33, Kurtosis = 0.67, MValue = 2
-------------------- Histogram --------------------
[209.895 ns ; 219.336 ns) | @@
[219.336 ns ; 227.425 ns) | @
---------------------------------------------------

ReplicaSelectionBenchmarks.Random.SelectReplica: ShortRun(IterationCount=3, LaunchCount=1, WarmupCount=3)
Runtime = .NET 10.0.12 (10.0.12, 10.0.1226.42308), X64 RyuJIT x86-64-v4; GC = Concurrent Workstation
Mean = 12.055 ns, StdErr = 0.171 ns (1.42%), N = 3, StdDev = 0.296 ns
Min = 11.722 ns, Q1 = 11.938 ns, Median = 12.154 ns, Q3 = 12.221 ns, Max = 12.289 ns
IQR = 0.283 ns, LowerFence = 11.513 ns, UpperFence = 12.646 ns
ConfidenceInterval = [6.654 ns; 17.455 ns] (CI 99.9%), Margin = 5.400 ns (44.80% of Mean)
Skewness = -0.3, Kurtosis = 0.67, MValue = 2
-------------------- Histogram --------------------
[11.453 ns ; 11.952 ns) | @
[11.952 ns ; 12.558 ns) | @@
---------------------------------------------------

ReplicaSelectionBenchmarks.RoundRobin.SelectReplica: ShortRun(IterationCount=3, LaunchCount=1, WarmupCount=3)
Runtime = .NET 10.0.12 (10.0.12, 10.0.1226.42308), X64 RyuJIT x86-64-v4; GC = Concurrent Workstation
Mean = 9.282 ns, StdErr = 0.025 ns (0.27%), N = 3, StdDev = 0.043 ns
Min = 9.246 ns, Q1 = 9.257 ns, Median = 9.269 ns, Q3 = 9.300 ns, Max = 9.330 ns
IQR = 0.042 ns, LowerFence = 9.194 ns, UpperFence = 9.363 ns
ConfidenceInterval = [8.488 ns; 10.075 ns] (CI 99.9%), Margin = 0.794 ns (8.55% of Mean)
Skewness = 0.27, Kurtosis = 0.67, MValue = 2
-------------------- Histogram --------------------
[9.206 ns ; 9.370 ns) | @@@
---------------------------------------------------

// * Summary *

BenchmarkDotNet v0.15.8, Linux Ubuntu 24.04.5 LTS (Noble Numbat)
INTEL XEON PLATINUM 8573C 2.30GHz, 1 CPU, 4 logical and 2 physical cores
.NET SDK 10.0.401
  [Host]     : .NET 10.0.12 (10.0.12, 10.0.1226.42308), X64 RyuJIT x86-64-v4
  DefaultJob : .NET 10.0.12 (10.0.12, 10.0.1226.42308), X64 RyuJIT x86-64-v4
  ShortRun   : .NET 10.0.12 (10.0.12, 10.0.1226.42308), X64 RyuJIT x86-64-v4


| Method                                    | Job        | IterationCount | LaunchCount | WarmupCount | Mean       | Error      | StdDev    | Ratio | RatioSD | Rank | Gen0   | Allocated | Alloc Ratio |
|------------------------------------------ |----------- |--------------- |------------ |------------ |-----------:|-----------:|----------:|------:|--------:|-----:|-------:|----------:|------------:|
| 'LeastConnections.AcquireReplica (lease)' | DefaultJob | Default        | Default     | Default     | 259.210 ns |  3.4107 ns | 3.1904 ns | 25.19 |    0.39 |    4 |      - |      32 B |          NA |
| LeastConnections.SelectReplica            | DefaultJob | Default        | Default     | Default     | 225.249 ns |  3.2139 ns | 3.0063 ns | 21.89 |    0.36 |    3 |      - |      32 B |          NA |
| Random.SelectReplica                      | DefaultJob | Default        | Default     | Default     |  11.634 ns |  0.2306 ns | 0.1926 ns |  1.13 |    0.02 |    2 |      - |         - |          NA |
| RoundRobin.SelectReplica                  | DefaultJob | Default        | Default     | Default     |  10.292 ns |  0.1152 ns | 0.1078 ns |  1.00 |    0.01 |    1 |      - |         - |          NA |
|                                           |            |                |             |             |            |            |           |       |         |      |        |           |             |
| 'LeastConnections.AcquireReplica (lease)' | ShortRun   | 3              | 1           | 3           | 257.335 ns | 45.4195 ns | 2.4896 ns | 27.73 |    0.26 |    3 |      - |      32 B |          NA |
| LeastConnections.SelectReplica            | ShortRun   | 3              | 1           | 3           | 217.718 ns | 86.4856 ns | 4.7406 ns | 23.46 |    0.45 |    3 | 0.0002 |      32 B |          NA |
| Random.SelectReplica                      | ShortRun   | 3              | 1           | 3           |  12.055 ns |  5.4003 ns | 0.2960 ns |  1.30 |    0.03 |    2 |      - |         - |          NA |
| RoundRobin.SelectReplica                  | ShortRun   | 3              | 1           | 3           |   9.282 ns |  0.7936 ns | 0.0435 ns |  1.00 |    0.01 |    1 |      - |         - |          NA |

// * Hints *
Outliers
  ReplicaSelectionBenchmarks.Random.SelectReplica: Default -> 2 outliers were removed (16.28 ns, 16.52 ns)
// * Config Issues *

// * Warnings *
Configuration
  Summary -> The exporter CsvExporter is already present in configuration. There may be unexpected results.
  Summary -> The exporter HtmlExporter is already present in configuration. There may be unexpected results.
  Summary -> The exporter MarkdownExporter-github is already present in configuration. There may be unexpected results.

// * Legends *
  Mean        : Arithmetic mean of all measurements
  Error       : Half of 99.9% confidence interval
  StdDev      : Standard deviation of all measurements
  Ratio       : Mean of the ratio distribution ([Current]/[Baseline])
  RatioSD     : Standard deviation of the ratio distribution ([Current]/[Baseline])
  Rank        : Relative position of current benchmark mean among all benchmarks (Arabic style)
  Gen0        : GC Generation 0 collects per 1000 operations
  Allocated   : Allocated memory per single operation (managed only, inclusive, 1KB = 1024B)
  Alloc Ratio : Allocated memory ratio distribution ([Current]/[Baseline])
  1 ns        : 1 Nanosecond (0.000000001 sec)

// * Diagnostic Output - MemoryDiagnoser *


// ***** BenchmarkRunner: End *****
Run time: 00:01:53 (113.02 sec), executed benchmarks: 8

Global total time: 00:04:42 (282.77 sec), executed benchmarks: 8
// * Artifacts cleanup *
Artifacts cleanup is finished
