// Validating benchmarks:
// ***** BenchmarkRunner: Start   *****
// ***** Found 10 benchmark(s) in total *****
// ***** Building 1 exe(s) in Parallel: Start   *****
// start dotnet  restore --nodeReuse:false /p:UseSharedCompilation=false /p:Deterministic=true /p:Optimize=true /p:ArtifactsPath="/home/runner/work/Encina/Encina/tests/Encina.BenchmarkTests/Encina.Benchmarks/bin/Release/net10.0/Encina.Benchmarks-ShortRun-1/" /p:OutDir="/home/runner/work/Encina/Encina/tests/Encina.BenchmarkTests/Encina.Benchmarks/bin/Release/net10.0/Encina.Benchmarks-ShortRun-1/bin/Release/net10.0/" /p:OutputPath="/home/runner/work/Encina/Encina/tests/Encina.BenchmarkTests/Encina.Benchmarks/bin/Release/net10.0/Encina.Benchmarks-ShortRun-1/bin/Release/net10.0/" /p:PublishDir="/home/runner/work/Encina/Encina/tests/Encina.BenchmarkTests/Encina.Benchmarks/bin/Release/net10.0/Encina.Benchmarks-ShortRun-1/publish/" in /home/runner/work/Encina/Encina/tests/Encina.BenchmarkTests/Encina.Benchmarks/bin/Release/net10.0/Encina.Benchmarks-ShortRun-1
// command took 2.87 sec and exited with 0
// start dotnet  build -c Release --no-restore --nodeReuse:false /p:UseSharedCompilation=false /p:Deterministic=true /p:Optimize=true /p:ArtifactsPath="/home/runner/work/Encina/Encina/tests/Encina.BenchmarkTests/Encina.Benchmarks/bin/Release/net10.0/Encina.Benchmarks-ShortRun-1/" /p:OutDir="/home/runner/work/Encina/Encina/tests/Encina.BenchmarkTests/Encina.Benchmarks/bin/Release/net10.0/Encina.Benchmarks-ShortRun-1/bin/Release/net10.0/" /p:OutputPath="/home/runner/work/Encina/Encina/tests/Encina.BenchmarkTests/Encina.Benchmarks/bin/Release/net10.0/Encina.Benchmarks-ShortRun-1/bin/Release/net10.0/" /p:PublishDir="/home/runner/work/Encina/Encina/tests/Encina.BenchmarkTests/Encina.Benchmarks/bin/Release/net10.0/Encina.Benchmarks-ShortRun-1/publish/" --output "/home/runner/work/Encina/Encina/tests/Encina.BenchmarkTests/Encina.Benchmarks/bin/Release/net10.0/Encina.Benchmarks-ShortRun-1/bin/Release/net10.0/" in /home/runner/work/Encina/Encina/tests/Encina.BenchmarkTests/Encina.Benchmarks/bin/Release/net10.0/Encina.Benchmarks-ShortRun-1
// command took 156.34 sec and exited with 0
// ***** Done, took 00:02:39 (159.37 sec)   *****
// Found 10 benchmarks:
//   ShadowShardRouterBenchmarks.'Bare HashRouter': ShortRun(InvocationCount=1, IterationCount=3, LaunchCount=1, UnrollFactor=1, WarmupCount=3) [ShardCount=3]
//   ShadowShardRouterBenchmarks.'Decorated GetShardId (production path)': ShortRun(InvocationCount=1, IterationCount=3, LaunchCount=1, UnrollFactor=1, WarmupCount=3) [ShardCount=3]
//   ShadowShardRouterBenchmarks.'Decorated CompareAsync': ShortRun(InvocationCount=1, IterationCount=3, LaunchCount=1, UnrollFactor=1, WarmupCount=3) [ShardCount=3]
//   ShadowShardRouterBenchmarks.'Decorated GetAllShardIds': ShortRun(InvocationCount=1, IterationCount=3, LaunchCount=1, UnrollFactor=1, WarmupCount=3) [ShardCount=3]
//   ShadowShardRouterBenchmarks.'Decorated GetShardConnectionString': ShortRun(InvocationCount=1, IterationCount=3, LaunchCount=1, UnrollFactor=1, WarmupCount=3) [ShardCount=3]
//   ShadowShardRouterBenchmarks.'Bare HashRouter': ShortRun(InvocationCount=1, IterationCount=3, LaunchCount=1, UnrollFactor=1, WarmupCount=3) [ShardCount=50]
//   ShadowShardRouterBenchmarks.'Decorated GetShardId (production path)': ShortRun(InvocationCount=1, IterationCount=3, LaunchCount=1, UnrollFactor=1, WarmupCount=3) [ShardCount=50]
//   ShadowShardRouterBenchmarks.'Decorated CompareAsync': ShortRun(InvocationCount=1, IterationCount=3, LaunchCount=1, UnrollFactor=1, WarmupCount=3) [ShardCount=50]
//   ShadowShardRouterBenchmarks.'Decorated GetAllShardIds': ShortRun(InvocationCount=1, IterationCount=3, LaunchCount=1, UnrollFactor=1, WarmupCount=3) [ShardCount=50]
//   ShadowShardRouterBenchmarks.'Decorated GetShardConnectionString': ShortRun(InvocationCount=1, IterationCount=3, LaunchCount=1, UnrollFactor=1, WarmupCount=3) [ShardCount=50]

// **************************
// Benchmark: ShadowShardRouterBenchmarks.'Bare HashRouter': ShortRun(InvocationCount=1, IterationCount=3, LaunchCount=1, UnrollFactor=1, WarmupCount=3) [ShardCount=3]
// *** Execute ***
// Launch: 1 / 1
// Execute: dotnet Encina.Benchmarks-ShortRun-1.dll --anonymousPipes 228 229 --benchmarkName "Encina.Benchmarks.Sharding.ShadowShardRouterBenchmarks.BareHashRouting(ShardCount: 3)" --job ShortRun --benchmarkId 0 in /home/runner/work/Encina/Encina/tests/Encina.BenchmarkTests/Encina.Benchmarks/bin/Release/net10.0/Encina.Benchmarks-ShortRun-1/bin/Release/net10.0
// Failed to set up high priority (Permission denied). In order to run benchmarks with high priority, make sure you have the right permissions.
// BeforeAnythingElse

// Benchmark Process Environment Information:
// BenchmarkDotNet v0.15.8
// Runtime=.NET 10.0.12 (10.0.12, 10.0.1226.42308), X64 RyuJIT x86-64-v4
// GC=Concurrent Workstation
// HardwareIntrinsics=AVX512 BITALG+VBMI2+VNNI+VPOPCNTDQ,AVX512 IFMA+VBMI,AVX512 F+BW+CD+DQ+VL,AVX2+BMI1+BMI2+F16C+FMA+LZCNT+MOVBE,AVX,SSE3+SSSE3+SSE4.1+SSE4.2+POPCNT,X86Base+SSE+SSE2,AES+PCLMUL,AvxVnni,SERIALIZE VectorSize=256
// Job: ShortRun(InvocationCount=1, IterationCount=3, LaunchCount=1, UnrollFactor=1, WarmupCount=3)

OverheadJitting  1: 1 op, 182468.00 ns, 182.4680 us/op
WorkloadJitting  1: 1 op, 13721502.00 ns, 13.7215 ms/op

OverheadWarmup   1: 1 op, 297.00 ns, 297.0000 ns/op
OverheadWarmup   2: 1 op, 192.00 ns, 192.0000 ns/op
OverheadWarmup   3: 1 op, 174.00 ns, 174.0000 ns/op
OverheadWarmup   4: 1 op, 129.00 ns, 129.0000 ns/op
OverheadWarmup   5: 1 op, 211.00 ns, 211.0000 ns/op
OverheadWarmup   6: 1 op, 138.00 ns, 138.0000 ns/op
OverheadWarmup   7: 1 op, 135.00 ns, 135.0000 ns/op
OverheadWarmup   8: 1 op, 156.00 ns, 156.0000 ns/op
OverheadWarmup   9: 1 op, 165.00 ns, 165.0000 ns/op
OverheadWarmup  10: 1 op, 158.00 ns, 158.0000 ns/op

OverheadActual   1: 1 op, 282.00 ns, 282.0000 ns/op
OverheadActual   2: 1 op, 278.00 ns, 278.0000 ns/op
OverheadActual   3: 1 op, 290.00 ns, 290.0000 ns/op
OverheadActual   4: 1 op, 268.00 ns, 268.0000 ns/op
OverheadActual   5: 1 op, 278.00 ns, 278.0000 ns/op
OverheadActual   6: 1 op, 228.00 ns, 228.0000 ns/op
OverheadActual   7: 1 op, 140.00 ns, 140.0000 ns/op
OverheadActual   8: 1 op, 147.00 ns, 147.0000 ns/op
OverheadActual   9: 1 op, 138.00 ns, 138.0000 ns/op
OverheadActual  10: 1 op, 167.00 ns, 167.0000 ns/op
OverheadActual  11: 1 op, 129.00 ns, 129.0000 ns/op
OverheadActual  12: 1 op, 168.00 ns, 168.0000 ns/op
OverheadActual  13: 1 op, 119.00 ns, 119.0000 ns/op
OverheadActual  14: 1 op, 175.00 ns, 175.0000 ns/op
OverheadActual  15: 1 op, 134.00 ns, 134.0000 ns/op
OverheadActual  16: 1 op, 124.00 ns, 124.0000 ns/op
OverheadActual  17: 1 op, 214.00 ns, 214.0000 ns/op
OverheadActual  18: 1 op, 305.00 ns, 305.0000 ns/op
OverheadActual  19: 1 op, 226.00 ns, 226.0000 ns/op
OverheadActual  20: 1 op, 196.00 ns, 196.0000 ns/op

WorkloadWarmup   1: 1 op, 44794.00 ns, 44.7940 us/op
WorkloadWarmup   2: 1 op, 2978.00 ns, 2.9780 us/op
WorkloadWarmup   3: 1 op, 2479.00 ns, 2.4790 us/op

// BeforeActualRun
WorkloadActual   1: 1 op, 4804.00 ns, 4.8040 us/op
WorkloadActual   2: 1 op, 2241.00 ns, 2.2410 us/op
WorkloadActual   3: 1 op, 2130.00 ns, 2.1300 us/op

// AfterActualRun
WorkloadResult   1: 1 op, 4618.50 ns, 4.6185 us/op
WorkloadResult   2: 1 op, 2055.50 ns, 2.0555 us/op
WorkloadResult   3: 1 op, 1944.50 ns, 1.9445 us/op
// GC:  0 0 0 56 1
// Threading:  0 0 1

// AfterAll
// Benchmark Process 3627 has exited with code 0.

Mean = 2.873 μs, StdErr = 0.873 μs (30.40%), N = 3, StdDev = 1.513 μs
Min = 1.944 μs, Q1 = 2.000 μs, Median = 2.055 μs, Q3 = 3.337 μs, Max = 4.619 μs
IQR = 1.337 μs, LowerFence = -0.005 μs, UpperFence = 5.343 μs
ConfidenceInterval = [-24.726 μs; 30.472 μs] (CI 99.9%), Margin = 27.599 μs (960.70% of Mean)
Skewness = 0.38, Kurtosis = 0.67, MValue = 2

// ** Remained 9 (90.0 %) benchmark(s) to run. Estimated finish 2026-09-23 21:17 (0h 0m from now) **
// **************************
// Benchmark: ShadowShardRouterBenchmarks.'Decorated GetShardId (production path)': ShortRun(InvocationCount=1, IterationCount=3, LaunchCount=1, UnrollFactor=1, WarmupCount=3) [ShardCount=3]
// *** Execute ***
// Launch: 1 / 1
// Execute: dotnet Encina.Benchmarks-ShortRun-1.dll --anonymousPipes 228 229 --benchmarkName "Encina.Benchmarks.Sharding.ShadowShardRouterBenchmarks.DecoratedGetShardId(ShardCount: 3)" --job ShortRun --benchmarkId 1 in /home/runner/work/Encina/Encina/tests/Encina.BenchmarkTests/Encina.Benchmarks/bin/Release/net10.0/Encina.Benchmarks-ShortRun-1/bin/Release/net10.0
// Failed to set up high priority (Permission denied). In order to run benchmarks with high priority, make sure you have the right permissions.
// BeforeAnythingElse

// Benchmark Process Environment Information:
// BenchmarkDotNet v0.15.8
// Runtime=.NET 10.0.12 (10.0.12, 10.0.1226.42308), X64 RyuJIT x86-64-v4
// GC=Concurrent Workstation
// HardwareIntrinsics=AVX512 BITALG+VBMI2+VNNI+VPOPCNTDQ,AVX512 IFMA+VBMI,AVX512 F+BW+CD+DQ+VL,AVX2+BMI1+BMI2+F16C+FMA+LZCNT+MOVBE,AVX,SSE3+SSSE3+SSE4.1+SSE4.2+POPCNT,X86Base+SSE+SSE2,AES+PCLMUL,AvxVnni,SERIALIZE VectorSize=256
// Job: ShortRun(InvocationCount=1, IterationCount=3, LaunchCount=1, UnrollFactor=1, WarmupCount=3)

OverheadJitting  1: 1 op, 182098.00 ns, 182.0980 us/op
WorkloadJitting  1: 1 op, 13690442.00 ns, 13.6904 ms/op

OverheadWarmup   1: 1 op, 253.00 ns, 253.0000 ns/op
OverheadWarmup   2: 1 op, 229.00 ns, 229.0000 ns/op
OverheadWarmup   3: 1 op, 169.00 ns, 169.0000 ns/op
OverheadWarmup   4: 1 op, 127.00 ns, 127.0000 ns/op
OverheadWarmup   5: 1 op, 156.00 ns, 156.0000 ns/op
OverheadWarmup   6: 1 op, 139.00 ns, 139.0000 ns/op
OverheadWarmup   7: 1 op, 148.00 ns, 148.0000 ns/op
OverheadWarmup   8: 1 op, 117.00 ns, 117.0000 ns/op

OverheadActual   1: 1 op, 279.00 ns, 279.0000 ns/op
OverheadActual   2: 1 op, 224.00 ns, 224.0000 ns/op
OverheadActual   3: 1 op, 249.00 ns, 249.0000 ns/op
OverheadActual   4: 1 op, 226.00 ns, 226.0000 ns/op
OverheadActual   5: 1 op, 231.00 ns, 231.0000 ns/op
OverheadActual   6: 1 op, 184.00 ns, 184.0000 ns/op
OverheadActual   7: 1 op, 185.00 ns, 185.0000 ns/op
OverheadActual   8: 1 op, 149.00 ns, 149.0000 ns/op
OverheadActual   9: 1 op, 135.00 ns, 135.0000 ns/op
OverheadActual  10: 1 op, 120.00 ns, 120.0000 ns/op
OverheadActual  11: 1 op, 120.00 ns, 120.0000 ns/op
OverheadActual  12: 1 op, 190.00 ns, 190.0000 ns/op
OverheadActual  13: 1 op, 146.00 ns, 146.0000 ns/op
OverheadActual  14: 1 op, 163.00 ns, 163.0000 ns/op
OverheadActual  15: 1 op, 109.00 ns, 109.0000 ns/op
OverheadActual  16: 1 op, 159.00 ns, 159.0000 ns/op
OverheadActual  17: 1 op, 163.00 ns, 163.0000 ns/op
OverheadActual  18: 1 op, 266.00 ns, 266.0000 ns/op
OverheadActual  19: 1 op, 229.00 ns, 229.0000 ns/op
OverheadActual  20: 1 op, 157.00 ns, 157.0000 ns/op

WorkloadWarmup   1: 1 op, 53357.00 ns, 53.3570 us/op
WorkloadWarmup   2: 1 op, 3185.00 ns, 3.1850 us/op
WorkloadWarmup   3: 1 op, 2370.00 ns, 2.3700 us/op

// BeforeActualRun
WorkloadActual   1: 1 op, 4697.00 ns, 4.6970 us/op
WorkloadActual   2: 1 op, 2827.00 ns, 2.8270 us/op
WorkloadActual   3: 1 op, 2129.00 ns, 2.1290 us/op

// AfterActualRun
WorkloadResult   1: 1 op, 4523.50 ns, 4.5235 us/op
WorkloadResult   2: 1 op, 2653.50 ns, 2.6535 us/op
WorkloadResult   3: 1 op, 1955.50 ns, 1.9555 us/op
// GC:  0 0 0 56 1
// Threading:  0 0 1

// AfterAll
// Benchmark Process 3636 has exited with code 0.

Mean = 3.044 μs, StdErr = 0.767 μs (25.18%), N = 3, StdDev = 1.328 μs
Min = 1.956 μs, Q1 = 2.304 μs, Median = 2.654 μs, Q3 = 3.588 μs, Max = 4.524 μs
IQR = 1.284 μs, LowerFence = 0.379 μs, UpperFence = 5.514 μs
ConfidenceInterval = [-21.180 μs; 27.269 μs] (CI 99.9%), Margin = 24.224 μs (795.77% of Mean)
Skewness = 0.27, Kurtosis = 0.67, MValue = 2

// ** Remained 8 (80.0 %) benchmark(s) to run. Estimated finish 2026-09-23 21:17 (0h 0m from now) **
// **************************
// Benchmark: ShadowShardRouterBenchmarks.'Decorated CompareAsync': ShortRun(InvocationCount=1, IterationCount=3, LaunchCount=1, UnrollFactor=1, WarmupCount=3) [ShardCount=3]
// *** Execute ***
// Launch: 1 / 1
// Execute: dotnet Encina.Benchmarks-ShortRun-1.dll --anonymousPipes 228 229 --benchmarkName "Encina.Benchmarks.Sharding.ShadowShardRouterBenchmarks.DecoratedCompareAsync(ShardCount: 3)" --job ShortRun --benchmarkId 2 in /home/runner/work/Encina/Encina/tests/Encina.BenchmarkTests/Encina.Benchmarks/bin/Release/net10.0/Encina.Benchmarks-ShortRun-1/bin/Release/net10.0
// Failed to set up high priority (Permission denied). In order to run benchmarks with high priority, make sure you have the right permissions.
// BeforeAnythingElse

// Benchmark Process Environment Information:
// BenchmarkDotNet v0.15.8
// Runtime=.NET 10.0.12 (10.0.12, 10.0.1226.42308), X64 RyuJIT x86-64-v4
// GC=Concurrent Workstation
// HardwareIntrinsics=AVX512 BITALG+VBMI2+VNNI+VPOPCNTDQ,AVX512 IFMA+VBMI,AVX512 F+BW+CD+DQ+VL,AVX2+BMI1+BMI2+F16C+FMA+LZCNT+MOVBE,AVX,SSE3+SSSE3+SSE4.1+SSE4.2+POPCNT,X86Base+SSE+SSE2,AES+PCLMUL,AvxVnni,SERIALIZE VectorSize=256
// Job: ShortRun(InvocationCount=1, IterationCount=3, LaunchCount=1, UnrollFactor=1, WarmupCount=3)

OverheadJitting  1: 1 op, 190108.00 ns, 190.1080 us/op
WorkloadJitting  1: 1 op, 13911646.00 ns, 13.9116 ms/op

OverheadWarmup   1: 1 op, 405.00 ns, 405.0000 ns/op
OverheadWarmup   2: 1 op, 216.00 ns, 216.0000 ns/op
OverheadWarmup   3: 1 op, 198.00 ns, 198.0000 ns/op
OverheadWarmup   4: 1 op, 200.00 ns, 200.0000 ns/op
OverheadWarmup   5: 1 op, 167.00 ns, 167.0000 ns/op
OverheadWarmup   6: 1 op, 208.00 ns, 208.0000 ns/op
OverheadWarmup   7: 1 op, 227.00 ns, 227.0000 ns/op
OverheadWarmup   8: 1 op, 194.00 ns, 194.0000 ns/op

OverheadActual   1: 1 op, 390.00 ns, 390.0000 ns/op
OverheadActual   2: 1 op, 318.00 ns, 318.0000 ns/op
OverheadActual   3: 1 op, 366.00 ns, 366.0000 ns/op
OverheadActual   4: 1 op, 268.00 ns, 268.0000 ns/op
OverheadActual   5: 1 op, 313.00 ns, 313.0000 ns/op
OverheadActual   6: 1 op, 203.00 ns, 203.0000 ns/op
OverheadActual   7: 1 op, 132.00 ns, 132.0000 ns/op
OverheadActual   8: 1 op, 146.00 ns, 146.0000 ns/op
OverheadActual   9: 1 op, 125.00 ns, 125.0000 ns/op
OverheadActual  10: 1 op, 129.00 ns, 129.0000 ns/op
OverheadActual  11: 1 op, 124.00 ns, 124.0000 ns/op
OverheadActual  12: 1 op, 192.00 ns, 192.0000 ns/op
OverheadActual  13: 1 op, 181.00 ns, 181.0000 ns/op
OverheadActual  14: 1 op, 167.00 ns, 167.0000 ns/op
OverheadActual  15: 1 op, 143.00 ns, 143.0000 ns/op
OverheadActual  16: 1 op, 151.00 ns, 151.0000 ns/op
OverheadActual  17: 1 op, 181.00 ns, 181.0000 ns/op
OverheadActual  18: 1 op, 338.00 ns, 338.0000 ns/op
OverheadActual  19: 1 op, 235.00 ns, 235.0000 ns/op
OverheadActual  20: 1 op, 182.00 ns, 182.0000 ns/op

WorkloadWarmup   1: 1 op, 9868.00 ns, 9.8680 us/op
WorkloadWarmup   2: 1 op, 3009.00 ns, 3.0090 us/op
WorkloadWarmup   3: 1 op, 2373.00 ns, 2.3730 us/op

// BeforeActualRun
WorkloadActual   1: 1 op, 6698.00 ns, 6.6980 us/op
WorkloadActual   2: 1 op, 2917.00 ns, 2.9170 us/op
WorkloadActual   3: 1 op, 2493.00 ns, 2.4930 us/op

// AfterActualRun
WorkloadResult   1: 1 op, 6516.50 ns, 6.5165 us/op
WorkloadResult   2: 1 op, 2735.50 ns, 2.7355 us/op
WorkloadResult   3: 1 op, 2311.50 ns, 2.3115 us/op
// GC:  0 0 0 320 1
// Threading:  0 0 1

// AfterAll
// Benchmark Process 3642 has exited with code 0.

Mean = 3.854 μs, StdErr = 1.337 μs (34.68%), N = 3, StdDev = 2.315 μs
Min = 2.312 μs, Q1 = 2.523 μs, Median = 2.736 μs, Q3 = 4.626 μs, Max = 6.516 μs
IQR = 2.103 μs, LowerFence = -0.630 μs, UpperFence = 7.780 μs
ConfidenceInterval = [-38.381 μs; 46.090 μs] (CI 99.9%), Margin = 42.236 μs (1095.75% of Mean)
Skewness = 0.37, Kurtosis = 0.67, MValue = 2

// ** Remained 7 (70.0 %) benchmark(s) to run. Estimated finish 2026-09-23 21:17 (0h 0m from now) **
// **************************
// Benchmark: ShadowShardRouterBenchmarks.'Decorated GetAllShardIds': ShortRun(InvocationCount=1, IterationCount=3, LaunchCount=1, UnrollFactor=1, WarmupCount=3) [ShardCount=3]
// *** Execute ***
// Launch: 1 / 1
// Execute: dotnet Encina.Benchmarks-ShortRun-1.dll --anonymousPipes 228 229 --benchmarkName "Encina.Benchmarks.Sharding.ShadowShardRouterBenchmarks.DecoratedGetAllShardIds(ShardCount: 3)" --job ShortRun --benchmarkId 3 in /home/runner/work/Encina/Encina/tests/Encina.BenchmarkTests/Encina.Benchmarks/bin/Release/net10.0/Encina.Benchmarks-ShortRun-1/bin/Release/net10.0
// Failed to set up high priority (Permission denied). In order to run benchmarks with high priority, make sure you have the right permissions.
// BeforeAnythingElse

// Benchmark Process Environment Information:
// BenchmarkDotNet v0.15.8
// Runtime=.NET 10.0.12 (10.0.12, 10.0.1226.42308), X64 RyuJIT x86-64-v4
// GC=Concurrent Workstation
// HardwareIntrinsics=AVX512 BITALG+VBMI2+VNNI+VPOPCNTDQ,AVX512 IFMA+VBMI,AVX512 F+BW+CD+DQ+VL,AVX2+BMI1+BMI2+F16C+FMA+LZCNT+MOVBE,AVX,SSE3+SSSE3+SSE4.1+SSE4.2+POPCNT,X86Base+SSE+SSE2,AES+PCLMUL,AvxVnni,SERIALIZE VectorSize=256
// Job: ShortRun(InvocationCount=1, IterationCount=3, LaunchCount=1, UnrollFactor=1, WarmupCount=3)

OverheadJitting  1: 1 op, 207668.00 ns, 207.6680 us/op
WorkloadJitting  1: 1 op, 671295.00 ns, 671.2950 us/op

OverheadWarmup   1: 1 op, 331.00 ns, 331.0000 ns/op
OverheadWarmup   2: 1 op, 220.00 ns, 220.0000 ns/op
OverheadWarmup   3: 1 op, 171.00 ns, 171.0000 ns/op
OverheadWarmup   4: 1 op, 152.00 ns, 152.0000 ns/op
OverheadWarmup   5: 1 op, 137.00 ns, 137.0000 ns/op
OverheadWarmup   6: 1 op, 137.00 ns, 137.0000 ns/op
OverheadWarmup   7: 1 op, 133.00 ns, 133.0000 ns/op
OverheadWarmup   8: 1 op, 138.00 ns, 138.0000 ns/op
OverheadWarmup   9: 1 op, 115.00 ns, 115.0000 ns/op

OverheadActual   1: 1 op, 271.00 ns, 271.0000 ns/op
OverheadActual   2: 1 op, 292.00 ns, 292.0000 ns/op
OverheadActual   3: 1 op, 274.00 ns, 274.0000 ns/op
OverheadActual   4: 1 op, 170.00 ns, 170.0000 ns/op
OverheadActual   5: 1 op, 271.00 ns, 271.0000 ns/op
OverheadActual   6: 1 op, 125.00 ns, 125.0000 ns/op
OverheadActual   7: 1 op, 142.00 ns, 142.0000 ns/op
OverheadActual   8: 1 op, 120.00 ns, 120.0000 ns/op
OverheadActual   9: 1 op, 100.00 ns, 100.0000 ns/op
OverheadActual  10: 1 op, 179.00 ns, 179.0000 ns/op
OverheadActual  11: 1 op, 115.00 ns, 115.0000 ns/op
OverheadActual  12: 1 op, 102.00 ns, 102.0000 ns/op
OverheadActual  13: 1 op, 119.00 ns, 119.0000 ns/op
OverheadActual  14: 1 op, 100.00 ns, 100.0000 ns/op
OverheadActual  15: 1 op, 115.00 ns, 115.0000 ns/op
OverheadActual  16: 1 op, 111.00 ns, 111.0000 ns/op
OverheadActual  17: 1 op, 128.00 ns, 128.0000 ns/op
OverheadActual  18: 1 op, 291.00 ns, 291.0000 ns/op
OverheadActual  19: 1 op, 159.00 ns, 159.0000 ns/op
OverheadActual  20: 1 op, 137.00 ns, 137.0000 ns/op

WorkloadWarmup   1: 1 op, 53232.00 ns, 53.2320 us/op
WorkloadWarmup   2: 1 op, 2714.00 ns, 2.7140 us/op
WorkloadWarmup   3: 1 op, 1949.00 ns, 1.9490 us/op

// BeforeActualRun
WorkloadActual   1: 1 op, 4875.00 ns, 4.8750 us/op
WorkloadActual   2: 1 op, 2158.00 ns, 2.1580 us/op
WorkloadActual   3: 1 op, 2082.00 ns, 2.0820 us/op

// AfterActualRun
WorkloadResult   1: 1 op, 4742.50 ns, 4.7425 us/op
WorkloadResult   2: 1 op, 2025.50 ns, 2.0255 us/op
WorkloadResult   3: 1 op, 1949.50 ns, 1.9495 us/op
// GC:  0 0 0 104 1
// Threading:  0 0 1

// AfterAll
// Benchmark Process 3648 has exited with code 0.

Mean = 2.906 μs, StdErr = 0.919 μs (31.61%), N = 3, StdDev = 1.591 μs
Min = 1.950 μs, Q1 = 1.988 μs, Median = 2.026 μs, Q3 = 3.384 μs, Max = 4.742 μs
IQR = 1.397 μs, LowerFence = -0.107 μs, UpperFence = 5.479 μs
ConfidenceInterval = [-26.121 μs; 31.933 μs] (CI 99.9%), Margin = 29.027 μs (998.91% of Mean)
Skewness = 0.38, Kurtosis = 0.67, MValue = 2

// ** Remained 6 (60.0 %) benchmark(s) to run. Estimated finish 2026-09-23 21:17 (0h 0m from now) **
// **************************
// Benchmark: ShadowShardRouterBenchmarks.'Decorated GetShardConnectionString': ShortRun(InvocationCount=1, IterationCount=3, LaunchCount=1, UnrollFactor=1, WarmupCount=3) [ShardCount=3]
// *** Execute ***
// Launch: 1 / 1
// Execute: dotnet Encina.Benchmarks-ShortRun-1.dll --anonymousPipes 228 229 --benchmarkName "Encina.Benchmarks.Sharding.ShadowShardRouterBenchmarks.DecoratedGetShardConnectionString(ShardCount: 3)" --job ShortRun --benchmarkId 4 in /home/runner/work/Encina/Encina/tests/Encina.BenchmarkTests/Encina.Benchmarks/bin/Release/net10.0/Encina.Benchmarks-ShortRun-1/bin/Release/net10.0
// Failed to set up high priority (Permission denied). In order to run benchmarks with high priority, make sure you have the right permissions.
// BeforeAnythingElse

// Benchmark Process Environment Information:
// BenchmarkDotNet v0.15.8
// Runtime=.NET 10.0.12 (10.0.12, 10.0.1226.42308), X64 RyuJIT x86-64-v4
// GC=Concurrent Workstation
// HardwareIntrinsics=AVX512 BITALG+VBMI2+VNNI+VPOPCNTDQ,AVX512 IFMA+VBMI,AVX512 F+BW+CD+DQ+VL,AVX2+BMI1+BMI2+F16C+FMA+LZCNT+MOVBE,AVX,SSE3+SSSE3+SSE4.1+SSE4.2+POPCNT,X86Base+SSE+SSE2,AES+PCLMUL,AvxVnni,SERIALIZE VectorSize=256
// Job: ShortRun(InvocationCount=1, IterationCount=3, LaunchCount=1, UnrollFactor=1, WarmupCount=3)

OverheadJitting  1: 1 op, 196413.00 ns, 196.4130 us/op
WorkloadJitting  1: 1 op, 14888874.00 ns, 14.8889 ms/op

OverheadWarmup   1: 1 op, 223.00 ns, 223.0000 ns/op
OverheadWarmup   2: 1 op, 156.00 ns, 156.0000 ns/op
OverheadWarmup   3: 1 op, 154.00 ns, 154.0000 ns/op
OverheadWarmup   4: 1 op, 167.00 ns, 167.0000 ns/op
OverheadWarmup   5: 1 op, 174.00 ns, 174.0000 ns/op
OverheadWarmup   6: 1 op, 171.00 ns, 171.0000 ns/op
OverheadWarmup   7: 1 op, 164.00 ns, 164.0000 ns/op
OverheadWarmup   8: 1 op, 164.00 ns, 164.0000 ns/op
OverheadWarmup   9: 1 op, 156.00 ns, 156.0000 ns/op

OverheadActual   1: 1 op, 268.00 ns, 268.0000 ns/op
OverheadActual   2: 1 op, 244.00 ns, 244.0000 ns/op
OverheadActual   3: 1 op, 254.00 ns, 254.0000 ns/op
OverheadActual   4: 1 op, 148.00 ns, 148.0000 ns/op
OverheadActual   5: 1 op, 254.00 ns, 254.0000 ns/op
OverheadActual   6: 1 op, 148.00 ns, 148.0000 ns/op
OverheadActual   7: 1 op, 173.00 ns, 173.0000 ns/op
OverheadActual   8: 1 op, 158.00 ns, 158.0000 ns/op
OverheadActual   9: 1 op, 136.00 ns, 136.0000 ns/op
OverheadActual  10: 1 op, 135.00 ns, 135.0000 ns/op
OverheadActual  11: 1 op, 148.00 ns, 148.0000 ns/op
OverheadActual  12: 1 op, 170.00 ns, 170.0000 ns/op
OverheadActual  13: 1 op, 141.00 ns, 141.0000 ns/op
OverheadActual  14: 1 op, 123.00 ns, 123.0000 ns/op
OverheadActual  15: 1 op, 136.00 ns, 136.0000 ns/op
OverheadActual  16: 1 op, 136.00 ns, 136.0000 ns/op
OverheadActual  17: 1 op, 140.00 ns, 140.0000 ns/op
OverheadActual  18: 1 op, 266.00 ns, 266.0000 ns/op
OverheadActual  19: 1 op, 152.00 ns, 152.0000 ns/op
OverheadActual  20: 1 op, 130.00 ns, 130.0000 ns/op

WorkloadWarmup   1: 1 op, 43971.00 ns, 43.9710 us/op
WorkloadWarmup   2: 1 op, 3460.00 ns, 3.4600 us/op
WorkloadWarmup   3: 1 op, 1743.00 ns, 1.7430 us/op

// BeforeActualRun
WorkloadActual   1: 1 op, 5223.00 ns, 5.2230 us/op
WorkloadActual   2: 1 op, 2547.00 ns, 2.5470 us/op
WorkloadActual   3: 1 op, 1805.00 ns, 1.8050 us/op

// AfterActualRun
WorkloadResult   1: 1 op, 5075.00 ns, 5.0750 us/op
WorkloadResult   2: 1 op, 2399.00 ns, 2.3990 us/op
WorkloadResult   3: 1 op, 1657.00 ns, 1.6570 us/op
// GC:  0 0 0 64 1
// Threading:  0 0 1

// AfterAll
// Benchmark Process 3654 has exited with code 0.

Mean = 3.044 μs, StdErr = 1.038 μs (34.10%), N = 3, StdDev = 1.798 μs
Min = 1.657 μs, Q1 = 2.028 μs, Median = 2.399 μs, Q3 = 3.737 μs, Max = 5.075 μs
IQR = 1.709 μs, LowerFence = -0.535 μs, UpperFence = 6.301 μs
ConfidenceInterval = [-29.756 μs; 35.844 μs] (CI 99.9%), Margin = 32.800 μs (1077.65% of Mean)
Skewness = 0.31, Kurtosis = 0.67, MValue = 2

// ** Remained 5 (50.0 %) benchmark(s) to run. Estimated finish 2026-09-23 21:17 (0h 0m from now) **
// **************************
// Benchmark: ShadowShardRouterBenchmarks.'Bare HashRouter': ShortRun(InvocationCount=1, IterationCount=3, LaunchCount=1, UnrollFactor=1, WarmupCount=3) [ShardCount=50]
// *** Execute ***
// Launch: 1 / 1
// Execute: dotnet Encina.Benchmarks-ShortRun-1.dll --anonymousPipes 228 229 --benchmarkName "Encina.Benchmarks.Sharding.ShadowShardRouterBenchmarks.BareHashRouting(ShardCount: 50)" --job ShortRun --benchmarkId 5 in /home/runner/work/Encina/Encina/tests/Encina.BenchmarkTests/Encina.Benchmarks/bin/Release/net10.0/Encina.Benchmarks-ShortRun-1/bin/Release/net10.0
// Failed to set up high priority (Permission denied). In order to run benchmarks with high priority, make sure you have the right permissions.
// BeforeAnythingElse

// Benchmark Process Environment Information:
// BenchmarkDotNet v0.15.8
// Runtime=.NET 10.0.12 (10.0.12, 10.0.1226.42308), X64 RyuJIT x86-64-v4
// GC=Concurrent Workstation
// HardwareIntrinsics=AVX512 BITALG+VBMI2+VNNI+VPOPCNTDQ,AVX512 IFMA+VBMI,AVX512 F+BW+CD+DQ+VL,AVX2+BMI1+BMI2+F16C+FMA+LZCNT+MOVBE,AVX,SSE3+SSSE3+SSE4.1+SSE4.2+POPCNT,X86Base+SSE+SSE2,AES+PCLMUL,AvxVnni,SERIALIZE VectorSize=256
// Job: ShortRun(InvocationCount=1, IterationCount=3, LaunchCount=1, UnrollFactor=1, WarmupCount=3)

OverheadJitting  1: 1 op, 208507.00 ns, 208.5070 us/op
WorkloadJitting  1: 1 op, 13469371.00 ns, 13.4694 ms/op

OverheadWarmup   1: 1 op, 276.00 ns, 276.0000 ns/op
OverheadWarmup   2: 1 op, 210.00 ns, 210.0000 ns/op
OverheadWarmup   3: 1 op, 229.00 ns, 229.0000 ns/op
OverheadWarmup   4: 1 op, 198.00 ns, 198.0000 ns/op
OverheadWarmup   5: 1 op, 300.00 ns, 300.0000 ns/op
OverheadWarmup   6: 1 op, 277.00 ns, 277.0000 ns/op

OverheadActual   1: 1 op, 264.00 ns, 264.0000 ns/op
OverheadActual   2: 1 op, 336.00 ns, 336.0000 ns/op
OverheadActual   3: 1 op, 287.00 ns, 287.0000 ns/op
OverheadActual   4: 1 op, 327.00 ns, 327.0000 ns/op
OverheadActual   5: 1 op, 304.00 ns, 304.0000 ns/op
OverheadActual   6: 1 op, 301.00 ns, 301.0000 ns/op
OverheadActual   7: 1 op, 239.00 ns, 239.0000 ns/op
OverheadActual   8: 1 op, 221.00 ns, 221.0000 ns/op
OverheadActual   9: 1 op, 262.00 ns, 262.0000 ns/op
OverheadActual  10: 1 op, 262.00 ns, 262.0000 ns/op
OverheadActual  11: 1 op, 263.00 ns, 263.0000 ns/op
OverheadActual  12: 1 op, 298.00 ns, 298.0000 ns/op
OverheadActual  13: 1 op, 254.00 ns, 254.0000 ns/op
OverheadActual  14: 1 op, 260.00 ns, 260.0000 ns/op
OverheadActual  15: 1 op, 251.00 ns, 251.0000 ns/op
OverheadActual  16: 1 op, 266.00 ns, 266.0000 ns/op
OverheadActual  17: 1 op, 224.00 ns, 224.0000 ns/op
OverheadActual  18: 1 op, 296.00 ns, 296.0000 ns/op
OverheadActual  19: 1 op, 308.00 ns, 308.0000 ns/op
OverheadActual  20: 1 op, 320.00 ns, 320.0000 ns/op

WorkloadWarmup   1: 1 op, 45819.00 ns, 45.8190 us/op
WorkloadWarmup   2: 1 op, 3744.00 ns, 3.7440 us/op
WorkloadWarmup   3: 1 op, 3089.00 ns, 3.0890 us/op

// BeforeActualRun
WorkloadActual   1: 1 op, 5561.00 ns, 5.5610 us/op
WorkloadActual   2: 1 op, 3357.00 ns, 3.3570 us/op
WorkloadActual   3: 1 op, 3388.00 ns, 3.3880 us/op

// AfterActualRun
WorkloadResult   1: 1 op, 5296.00 ns, 5.2960 us/op
WorkloadResult   2: 1 op, 3092.00 ns, 3.0920 us/op
WorkloadResult   3: 1 op, 3123.00 ns, 3.1230 us/op
// GC:  0 0 0 56 1
// Threading:  0 0 1

// AfterAll
// Benchmark Process 3660 has exited with code 0.

Mean = 3.837 μs, StdErr = 0.730 μs (19.01%), N = 3, StdDev = 1.264 μs
Min = 3.092 μs, Q1 = 3.107 μs, Median = 3.123 μs, Q3 = 4.210 μs, Max = 5.296 μs
IQR = 1.102 μs, LowerFence = 1.454 μs, UpperFence = 5.862 μs
ConfidenceInterval = [-19.216 μs; 26.890 μs] (CI 99.9%), Margin = 23.053 μs (600.81% of Mean)
Skewness = 0.38, Kurtosis = 0.67, MValue = 2

// ** Remained 4 (40.0 %) benchmark(s) to run. Estimated finish 2026-09-23 21:17 (0h 0m from now) **
// **************************
// Benchmark: ShadowShardRouterBenchmarks.'Decorated GetShardId (production path)': ShortRun(InvocationCount=1, IterationCount=3, LaunchCount=1, UnrollFactor=1, WarmupCount=3) [ShardCount=50]
// *** Execute ***
// Launch: 1 / 1
// Execute: dotnet Encina.Benchmarks-ShortRun-1.dll --anonymousPipes 228 229 --benchmarkName "Encina.Benchmarks.Sharding.ShadowShardRouterBenchmarks.DecoratedGetShardId(ShardCount: 50)" --job ShortRun --benchmarkId 6 in /home/runner/work/Encina/Encina/tests/Encina.BenchmarkTests/Encina.Benchmarks/bin/Release/net10.0/Encina.Benchmarks-ShortRun-1/bin/Release/net10.0
// Failed to set up high priority (Permission denied). In order to run benchmarks with high priority, make sure you have the right permissions.
// BeforeAnythingElse

// Benchmark Process Environment Information:
// BenchmarkDotNet v0.15.8
// Runtime=.NET 10.0.12 (10.0.12, 10.0.1226.42308), X64 RyuJIT x86-64-v4
// GC=Concurrent Workstation
// HardwareIntrinsics=AVX512 BITALG+VBMI2+VNNI+VPOPCNTDQ,AVX512 IFMA+VBMI,AVX512 F+BW+CD+DQ+VL,AVX2+BMI1+BMI2+F16C+FMA+LZCNT+MOVBE,AVX,SSE3+SSSE3+SSE4.1+SSE4.2+POPCNT,X86Base+SSE+SSE2,AES+PCLMUL,AvxVnni,SERIALIZE VectorSize=256
// Job: ShortRun(InvocationCount=1, IterationCount=3, LaunchCount=1, UnrollFactor=1, WarmupCount=3)

OverheadJitting  1: 1 op, 180973.00 ns, 180.9730 us/op
WorkloadJitting  1: 1 op, 13587990.00 ns, 13.5880 ms/op

OverheadWarmup   1: 1 op, 328.00 ns, 328.0000 ns/op
OverheadWarmup   2: 1 op, 282.00 ns, 282.0000 ns/op
OverheadWarmup   3: 1 op, 238.00 ns, 238.0000 ns/op
OverheadWarmup   4: 1 op, 251.00 ns, 251.0000 ns/op
OverheadWarmup   5: 1 op, 357.00 ns, 357.0000 ns/op
OverheadWarmup   6: 1 op, 348.00 ns, 348.0000 ns/op
OverheadWarmup   7: 1 op, 286.00 ns, 286.0000 ns/op
OverheadWarmup   8: 1 op, 313.00 ns, 313.0000 ns/op
OverheadWarmup   9: 1 op, 328.00 ns, 328.0000 ns/op
OverheadWarmup  10: 1 op, 254.00 ns, 254.0000 ns/op

OverheadActual   1: 1 op, 298.00 ns, 298.0000 ns/op
OverheadActual   2: 1 op, 300.00 ns, 300.0000 ns/op
OverheadActual   3: 1 op, 321.00 ns, 321.0000 ns/op
OverheadActual   4: 1 op, 325.00 ns, 325.0000 ns/op
OverheadActual   5: 1 op, 296.00 ns, 296.0000 ns/op
OverheadActual   6: 1 op, 278.00 ns, 278.0000 ns/op
OverheadActual   7: 1 op, 295.00 ns, 295.0000 ns/op
OverheadActual   8: 1 op, 269.00 ns, 269.0000 ns/op
OverheadActual   9: 1 op, 256.00 ns, 256.0000 ns/op
OverheadActual  10: 1 op, 199.00 ns, 199.0000 ns/op
OverheadActual  11: 1 op, 229.00 ns, 229.0000 ns/op
OverheadActual  12: 1 op, 244.00 ns, 244.0000 ns/op
OverheadActual  13: 1 op, 225.00 ns, 225.0000 ns/op
OverheadActual  14: 1 op, 269.00 ns, 269.0000 ns/op
OverheadActual  15: 1 op, 200.00 ns, 200.0000 ns/op
OverheadActual  16: 1 op, 213.00 ns, 213.0000 ns/op
OverheadActual  17: 1 op, 200.00 ns, 200.0000 ns/op
OverheadActual  18: 1 op, 325.00 ns, 325.0000 ns/op
OverheadActual  19: 1 op, 325.00 ns, 325.0000 ns/op
OverheadActual  20: 1 op, 297.00 ns, 297.0000 ns/op

WorkloadWarmup   1: 1 op, 58935.00 ns, 58.9350 us/op
WorkloadWarmup   2: 1 op, 4665.00 ns, 4.6650 us/op
WorkloadWarmup   3: 1 op, 4058.00 ns, 4.0580 us/op

// BeforeActualRun
WorkloadActual   1: 1 op, 6644.00 ns, 6.6440 us/op
WorkloadActual   2: 1 op, 6506.00 ns, 6.5060 us/op
WorkloadActual   3: 1 op, 5909.00 ns, 5.9090 us/op

// AfterActualRun
WorkloadResult   1: 1 op, 6370.50 ns, 6.3705 us/op
WorkloadResult   2: 1 op, 6232.50 ns, 6.2325 us/op
WorkloadResult   3: 1 op, 5635.50 ns, 5.6355 us/op
// GC:  0 0 0 56 1
// Threading:  0 0 1

// AfterAll
// Benchmark Process 3666 has exited with code 0.

Mean = 6.080 μs, StdErr = 0.226 μs (3.71%), N = 3, StdDev = 0.391 μs
Min = 5.636 μs, Q1 = 5.934 μs, Median = 6.232 μs, Q3 = 6.301 μs, Max = 6.370 μs
IQR = 0.367 μs, LowerFence = 5.383 μs, UpperFence = 6.853 μs
ConfidenceInterval = [-1.048 μs; 13.207 μs] (CI 99.9%), Margin = 7.127 μs (117.23% of Mean)
Skewness = -0.33, Kurtosis = 0.67, MValue = 2

// ** Remained 3 (30.0 %) benchmark(s) to run. Estimated finish 2026-09-23 21:17 (0h 0m from now) **
// **************************
// Benchmark: ShadowShardRouterBenchmarks.'Decorated CompareAsync': ShortRun(InvocationCount=1, IterationCount=3, LaunchCount=1, UnrollFactor=1, WarmupCount=3) [ShardCount=50]
// *** Execute ***
// Launch: 1 / 1
// Execute: dotnet Encina.Benchmarks-ShortRun-1.dll --anonymousPipes 228 229 --benchmarkName "Encina.Benchmarks.Sharding.ShadowShardRouterBenchmarks.DecoratedCompareAsync(ShardCount: 50)" --job ShortRun --benchmarkId 7 in /home/runner/work/Encina/Encina/tests/Encina.BenchmarkTests/Encina.Benchmarks/bin/Release/net10.0/Encina.Benchmarks-ShortRun-1/bin/Release/net10.0
// Failed to set up high priority (Permission denied). In order to run benchmarks with high priority, make sure you have the right permissions.
// BeforeAnythingElse

// Benchmark Process Environment Information:
// BenchmarkDotNet v0.15.8
// Runtime=.NET 10.0.12 (10.0.12, 10.0.1226.42308), X64 RyuJIT x86-64-v4
// GC=Concurrent Workstation
// HardwareIntrinsics=AVX512 BITALG+VBMI2+VNNI+VPOPCNTDQ,AVX512 IFMA+VBMI,AVX512 F+BW+CD+DQ+VL,AVX2+BMI1+BMI2+F16C+FMA+LZCNT+MOVBE,AVX,SSE3+SSSE3+SSE4.1+SSE4.2+POPCNT,X86Base+SSE+SSE2,AES+PCLMUL,AvxVnni,SERIALIZE VectorSize=256
// Job: ShortRun(InvocationCount=1, IterationCount=3, LaunchCount=1, UnrollFactor=1, WarmupCount=3)

OverheadJitting  1: 1 op, 186452.00 ns, 186.4520 us/op
WorkloadJitting  1: 1 op, 12982713.00 ns, 12.9827 ms/op

OverheadWarmup   1: 1 op, 330.00 ns, 330.0000 ns/op
OverheadWarmup   2: 1 op, 294.00 ns, 294.0000 ns/op
OverheadWarmup   3: 1 op, 246.00 ns, 246.0000 ns/op
OverheadWarmup   4: 1 op, 171.00 ns, 171.0000 ns/op
OverheadWarmup   5: 1 op, 171.00 ns, 171.0000 ns/op
OverheadWarmup   6: 1 op, 185.00 ns, 185.0000 ns/op
OverheadWarmup   7: 1 op, 160.00 ns, 160.0000 ns/op
OverheadWarmup   8: 1 op, 185.00 ns, 185.0000 ns/op

OverheadActual   1: 1 op, 375.00 ns, 375.0000 ns/op
OverheadActual   2: 1 op, 407.00 ns, 407.0000 ns/op
OverheadActual   3: 1 op, 340.00 ns, 340.0000 ns/op
OverheadActual   4: 1 op, 307.00 ns, 307.0000 ns/op
OverheadActual   5: 1 op, 340.00 ns, 340.0000 ns/op
OverheadActual   6: 1 op, 282.00 ns, 282.0000 ns/op
OverheadActual   7: 1 op, 274.00 ns, 274.0000 ns/op
OverheadActual   8: 1 op, 243.00 ns, 243.0000 ns/op
OverheadActual   9: 1 op, 281.00 ns, 281.0000 ns/op
OverheadActual  10: 1 op, 244.00 ns, 244.0000 ns/op
OverheadActual  11: 1 op, 260.00 ns, 260.0000 ns/op
OverheadActual  12: 1 op, 209.00 ns, 209.0000 ns/op
OverheadActual  13: 1 op, 315.00 ns, 315.0000 ns/op
OverheadActual  14: 1 op, 271.00 ns, 271.0000 ns/op
OverheadActual  15: 1 op, 181.00 ns, 181.0000 ns/op
OverheadActual  16: 1 op, 179.00 ns, 179.0000 ns/op
OverheadActual  17: 1 op, 165.00 ns, 165.0000 ns/op
OverheadActual  18: 1 op, 359.00 ns, 359.0000 ns/op
OverheadActual  19: 1 op, 208.00 ns, 208.0000 ns/op
OverheadActual  20: 1 op, 218.00 ns, 218.0000 ns/op

WorkloadWarmup   1: 1 op, 37844.00 ns, 37.8440 us/op
WorkloadWarmup   2: 1 op, 5627.00 ns, 5.6270 us/op
WorkloadWarmup   3: 1 op, 5027.00 ns, 5.0270 us/op

// BeforeActualRun
WorkloadActual   1: 1 op, 7172.00 ns, 7.1720 us/op
WorkloadActual   2: 1 op, 5029.00 ns, 5.0290 us/op
WorkloadActual   3: 1 op, 4696.00 ns, 4.6960 us/op

// AfterActualRun
WorkloadResult   1: 1 op, 6899.50 ns, 6.8995 us/op
WorkloadResult   2: 1 op, 4756.50 ns, 4.7565 us/op
WorkloadResult   3: 1 op, 4423.50 ns, 4.4235 us/op
// GC:  0 0 0 320 1
// Threading:  0 0 1

// AfterAll
// Benchmark Process 3672 has exited with code 0.

Mean = 5.360 μs, StdErr = 0.776 μs (14.47%), N = 3, StdDev = 1.344 μs
Min = 4.423 μs, Q1 = 4.590 μs, Median = 4.756 μs, Q3 = 5.828 μs, Max = 6.899 μs
IQR = 1.238 μs, LowerFence = 2.733 μs, UpperFence = 7.685 μs
ConfidenceInterval = [-19.155 μs; 29.875 μs] (CI 99.9%), Margin = 24.515 μs (457.38% of Mean)
Skewness = 0.36, Kurtosis = 0.67, MValue = 2

// ** Remained 2 (20.0 %) benchmark(s) to run. Estimated finish 2026-09-23 21:17 (0h 0m from now) **
// **************************
// Benchmark: ShadowShardRouterBenchmarks.'Decorated GetAllShardIds': ShortRun(InvocationCount=1, IterationCount=3, LaunchCount=1, UnrollFactor=1, WarmupCount=3) [ShardCount=50]
// *** Execute ***
// Launch: 1 / 1
// Execute: dotnet Encina.Benchmarks-ShortRun-1.dll --anonymousPipes 228 229 --benchmarkName "Encina.Benchmarks.Sharding.ShadowShardRouterBenchmarks.DecoratedGetAllShardIds(ShardCount: 50)" --job ShortRun --benchmarkId 8 in /home/runner/work/Encina/Encina/tests/Encina.BenchmarkTests/Encina.Benchmarks/bin/Release/net10.0/Encina.Benchmarks-ShortRun-1/bin/Release/net10.0
// Failed to set up high priority (Permission denied). In order to run benchmarks with high priority, make sure you have the right permissions.
// BeforeAnythingElse

// Benchmark Process Environment Information:
// BenchmarkDotNet v0.15.8
// Runtime=.NET 10.0.12 (10.0.12, 10.0.1226.42308), X64 RyuJIT x86-64-v4
// GC=Concurrent Workstation
// HardwareIntrinsics=AVX512 BITALG+VBMI2+VNNI+VPOPCNTDQ,AVX512 IFMA+VBMI,AVX512 F+BW+CD+DQ+VL,AVX2+BMI1+BMI2+F16C+FMA+LZCNT+MOVBE,AVX,SSE3+SSSE3+SSE4.1+SSE4.2+POPCNT,X86Base+SSE+SSE2,AES+PCLMUL,AvxVnni,SERIALIZE VectorSize=256
// Job: ShortRun(InvocationCount=1, IterationCount=3, LaunchCount=1, UnrollFactor=1, WarmupCount=3)

OverheadJitting  1: 1 op, 221399.00 ns, 221.3990 us/op
WorkloadJitting  1: 1 op, 654775.00 ns, 654.7750 us/op

OverheadWarmup   1: 1 op, 280.00 ns, 280.0000 ns/op
OverheadWarmup   2: 1 op, 306.00 ns, 306.0000 ns/op
OverheadWarmup   3: 1 op, 276.00 ns, 276.0000 ns/op
OverheadWarmup   4: 1 op, 256.00 ns, 256.0000 ns/op
OverheadWarmup   5: 1 op, 252.00 ns, 252.0000 ns/op
OverheadWarmup   6: 1 op, 220.00 ns, 220.0000 ns/op
OverheadWarmup   7: 1 op, 220.00 ns, 220.0000 ns/op
OverheadWarmup   8: 1 op, 267.00 ns, 267.0000 ns/op

OverheadActual   1: 1 op, 280.00 ns, 280.0000 ns/op
OverheadActual   2: 1 op, 364.00 ns, 364.0000 ns/op
OverheadActual   3: 1 op, 306.00 ns, 306.0000 ns/op
OverheadActual   4: 1 op, 397.00 ns, 397.0000 ns/op
OverheadActual   5: 1 op, 320.00 ns, 320.0000 ns/op
OverheadActual   6: 1 op, 310.00 ns, 310.0000 ns/op
OverheadActual   7: 1 op, 223.00 ns, 223.0000 ns/op
OverheadActual   8: 1 op, 256.00 ns, 256.0000 ns/op
OverheadActual   9: 1 op, 258.00 ns, 258.0000 ns/op
OverheadActual  10: 1 op, 226.00 ns, 226.0000 ns/op
OverheadActual  11: 1 op, 269.00 ns, 269.0000 ns/op
OverheadActual  12: 1 op, 271.00 ns, 271.0000 ns/op
OverheadActual  13: 1 op, 230.00 ns, 230.0000 ns/op
OverheadActual  14: 1 op, 234.00 ns, 234.0000 ns/op
OverheadActual  15: 1 op, 267.00 ns, 267.0000 ns/op
OverheadActual  16: 1 op, 266.00 ns, 266.0000 ns/op
OverheadActual  17: 1 op, 275.00 ns, 275.0000 ns/op
OverheadActual  18: 1 op, 321.00 ns, 321.0000 ns/op
OverheadActual  19: 1 op, 255.00 ns, 255.0000 ns/op
OverheadActual  20: 1 op, 283.00 ns, 283.0000 ns/op

WorkloadWarmup   1: 1 op, 48827.00 ns, 48.8270 us/op
WorkloadWarmup   2: 1 op, 4066.00 ns, 4.0660 us/op
WorkloadWarmup   3: 1 op, 3305.00 ns, 3.3050 us/op

// BeforeActualRun
WorkloadActual   1: 1 op, 5551.00 ns, 5.5510 us/op
WorkloadActual   2: 1 op, 4086.00 ns, 4.0860 us/op
WorkloadActual   3: 1 op, 3533.00 ns, 3.5330 us/op

// AfterActualRun
WorkloadResult   1: 1 op, 5281.00 ns, 5.2810 us/op
WorkloadResult   2: 1 op, 3816.00 ns, 3.8160 us/op
WorkloadResult   3: 1 op, 3263.00 ns, 3.2630 us/op
// GC:  0 0 0 480 1
// Threading:  0 0 1

// AfterAll
// Benchmark Process 3678 has exited with code 0.

Mean = 4.120 μs, StdErr = 0.602 μs (14.61%), N = 3, StdDev = 1.043 μs
Min = 3.263 μs, Q1 = 3.539 μs, Median = 3.816 μs, Q3 = 4.548 μs, Max = 5.281 μs
IQR = 1.009 μs, LowerFence = 2.026 μs, UpperFence = 6.062 μs
ConfidenceInterval = [-14.904 μs; 23.144 μs] (CI 99.9%), Margin = 19.024 μs (461.75% of Mean)
Skewness = 0.27, Kurtosis = 0.67, MValue = 2

// ** Remained 1 (10.0 %) benchmark(s) to run. Estimated finish 2026-09-23 21:17 (0h 0m from now) **
// **************************
// Benchmark: ShadowShardRouterBenchmarks.'Decorated GetShardConnectionString': ShortRun(InvocationCount=1, IterationCount=3, LaunchCount=1, UnrollFactor=1, WarmupCount=3) [ShardCount=50]
// *** Execute ***
// Launch: 1 / 1
// Execute: dotnet Encina.Benchmarks-ShortRun-1.dll --anonymousPipes 228 229 --benchmarkName "Encina.Benchmarks.Sharding.ShadowShardRouterBenchmarks.DecoratedGetShardConnectionString(ShardCount: 50)" --job ShortRun --benchmarkId 9 in /home/runner/work/Encina/Encina/tests/Encina.BenchmarkTests/Encina.Benchmarks/bin/Release/net10.0/Encina.Benchmarks-ShortRun-1/bin/Release/net10.0
// Failed to set up high priority (Permission denied). In order to run benchmarks with high priority, make sure you have the right permissions.
// BeforeAnythingElse

// Benchmark Process Environment Information:
// BenchmarkDotNet v0.15.8
// Runtime=.NET 10.0.12 (10.0.12, 10.0.1226.42308), X64 RyuJIT x86-64-v4
// GC=Concurrent Workstation
// HardwareIntrinsics=AVX512 BITALG+VBMI2+VNNI+VPOPCNTDQ,AVX512 IFMA+VBMI,AVX512 F+BW+CD+DQ+VL,AVX2+BMI1+BMI2+F16C+FMA+LZCNT+MOVBE,AVX,SSE3+SSSE3+SSE4.1+SSE4.2+POPCNT,X86Base+SSE+SSE2,AES+PCLMUL,AvxVnni,SERIALIZE VectorSize=256
// Job: ShortRun(InvocationCount=1, IterationCount=3, LaunchCount=1, UnrollFactor=1, WarmupCount=3)

OverheadJitting  1: 1 op, 207389.00 ns, 207.3890 us/op
WorkloadJitting  1: 1 op, 14155109.00 ns, 14.1551 ms/op

OverheadWarmup   1: 1 op, 296.00 ns, 296.0000 ns/op
OverheadWarmup   2: 1 op, 299.00 ns, 299.0000 ns/op
OverheadWarmup   3: 1 op, 233.00 ns, 233.0000 ns/op
OverheadWarmup   4: 1 op, 274.00 ns, 274.0000 ns/op
OverheadWarmup   5: 1 op, 273.00 ns, 273.0000 ns/op

OverheadActual   1: 1 op, 269.00 ns, 269.0000 ns/op
OverheadActual   2: 1 op, 280.00 ns, 280.0000 ns/op
OverheadActual   3: 1 op, 258.00 ns, 258.0000 ns/op
OverheadActual   4: 1 op, 343.00 ns, 343.0000 ns/op
OverheadActual   5: 1 op, 256.00 ns, 256.0000 ns/op
OverheadActual   6: 1 op, 260.00 ns, 260.0000 ns/op
OverheadActual   7: 1 op, 233.00 ns, 233.0000 ns/op
OverheadActual   8: 1 op, 223.00 ns, 223.0000 ns/op
OverheadActual   9: 1 op, 240.00 ns, 240.0000 ns/op
OverheadActual  10: 1 op, 269.00 ns, 269.0000 ns/op
OverheadActual  11: 1 op, 209.00 ns, 209.0000 ns/op
OverheadActual  12: 1 op, 237.00 ns, 237.0000 ns/op
OverheadActual  13: 1 op, 235.00 ns, 235.0000 ns/op
OverheadActual  14: 1 op, 300.00 ns, 300.0000 ns/op
OverheadActual  15: 1 op, 295.00 ns, 295.0000 ns/op
OverheadActual  16: 1 op, 219.00 ns, 219.0000 ns/op
OverheadActual  17: 1 op, 212.00 ns, 212.0000 ns/op
OverheadActual  18: 1 op, 282.00 ns, 282.0000 ns/op
OverheadActual  19: 1 op, 290.00 ns, 290.0000 ns/op
OverheadActual  20: 1 op, 275.00 ns, 275.0000 ns/op

WorkloadWarmup   1: 1 op, 43206.00 ns, 43.2060 us/op
WorkloadWarmup   2: 1 op, 4990.00 ns, 4.9900 us/op
WorkloadWarmup   3: 1 op, 4078.00 ns, 4.0780 us/op

// BeforeActualRun
WorkloadActual   1: 1 op, 6582.00 ns, 6.5820 us/op
WorkloadActual   2: 1 op, 4496.00 ns, 4.4960 us/op
WorkloadActual   3: 1 op, 3968.00 ns, 3.9680 us/op

// AfterActualRun
WorkloadResult   1: 1 op, 6323.00 ns, 6.3230 us/op
WorkloadResult   2: 1 op, 4237.00 ns, 4.2370 us/op
WorkloadResult   3: 1 op, 3709.00 ns, 3.7090 us/op
// GC:  0 0 0 64 1
// Threading:  0 0 1

// AfterAll
// Benchmark Process 3684 has exited with code 0.

Mean = 4.756 μs, StdErr = 0.798 μs (16.78%), N = 3, StdDev = 1.382 μs
Min = 3.709 μs, Q1 = 3.973 μs, Median = 4.237 μs, Q3 = 5.280 μs, Max = 6.323 μs
IQR = 1.307 μs, LowerFence = 2.013 μs, UpperFence = 7.240 μs
ConfidenceInterval = [-20.460 μs; 29.973 μs] (CI 99.9%), Margin = 25.217 μs (530.17% of Mean)
Skewness = 0.32, Kurtosis = 0.67, MValue = 2

// ** Remained 0 (0.0 %) benchmark(s) to run. Estimated finish 2026-09-23 21:17 (0h 0m from now) **
// ***** BenchmarkRunner: Finish  *****

// * Export *
  artifacts/performance/Core/results/Encina.Benchmarks.Sharding.ShadowShardRouterBenchmarks-report.csv
  artifacts/performance/Core/results/Encina.Benchmarks.Sharding.ShadowShardRouterBenchmarks-report-github.md
  artifacts/performance/Core/results/Encina.Benchmarks.Sharding.ShadowShardRouterBenchmarks-report.html
  artifacts/performance/Core/results/Encina.Benchmarks.Sharding.ShadowShardRouterBenchmarks-report-full-compressed.json
  artifacts/performance/Core/results/Encina.Benchmarks.Sharding.ShadowShardRouterBenchmarks-report-default.md

// * Detailed results *
ShadowShardRouterBenchmarks.'Bare HashRouter': ShortRun(InvocationCount=1, IterationCount=3, LaunchCount=1, UnrollFactor=1, WarmupCount=3) [ShardCount=3]
Runtime = .NET 10.0.12 (10.0.12, 10.0.1226.42308), X64 RyuJIT x86-64-v4; GC = Concurrent Workstation
Mean = 2.873 μs, StdErr = 0.873 μs (30.40%), N = 3, StdDev = 1.513 μs
Min = 1.944 μs, Q1 = 2.000 μs, Median = 2.055 μs, Q3 = 3.337 μs, Max = 4.619 μs
IQR = 1.337 μs, LowerFence = -0.005 μs, UpperFence = 5.343 μs
ConfidenceInterval = [-24.726 μs; 30.472 μs] (CI 99.9%), Margin = 27.599 μs (960.70% of Mean)
Skewness = 0.38, Kurtosis = 0.67, MValue = 2
-------------------- Histogram --------------------
[1.905 μs ; 4.658 μs) | @@@
---------------------------------------------------

ShadowShardRouterBenchmarks.'Decorated GetShardId (production path)': ShortRun(InvocationCount=1, IterationCount=3, LaunchCount=1, UnrollFactor=1, WarmupCount=3) [ShardCount=3]
Runtime = .NET 10.0.12 (10.0.12, 10.0.1226.42308), X64 RyuJIT x86-64-v4; GC = Concurrent Workstation
Mean = 3.044 μs, StdErr = 0.767 μs (25.18%), N = 3, StdDev = 1.328 μs
Min = 1.956 μs, Q1 = 2.304 μs, Median = 2.654 μs, Q3 = 3.588 μs, Max = 4.524 μs
IQR = 1.284 μs, LowerFence = 0.379 μs, UpperFence = 5.514 μs
ConfidenceInterval = [-21.180 μs; 27.269 μs] (CI 99.9%), Margin = 24.224 μs (795.77% of Mean)
Skewness = 0.27, Kurtosis = 0.67, MValue = 2
-------------------- Histogram --------------------
[1.096 μs ; 3.513 μs) | @@
[3.513 μs ; 5.732 μs) | @
---------------------------------------------------

ShadowShardRouterBenchmarks.'Decorated CompareAsync': ShortRun(InvocationCount=1, IterationCount=3, LaunchCount=1, UnrollFactor=1, WarmupCount=3) [ShardCount=3]
Runtime = .NET 10.0.12 (10.0.12, 10.0.1226.42308), X64 RyuJIT x86-64-v4; GC = Concurrent Workstation
Mean = 3.854 μs, StdErr = 1.337 μs (34.68%), N = 3, StdDev = 2.315 μs
Min = 2.312 μs, Q1 = 2.523 μs, Median = 2.736 μs, Q3 = 4.626 μs, Max = 6.516 μs
IQR = 2.103 μs, LowerFence = -0.630 μs, UpperFence = 7.780 μs
ConfidenceInterval = [-38.381 μs; 46.090 μs] (CI 99.9%), Margin = 42.236 μs (1095.75% of Mean)
Skewness = 0.37, Kurtosis = 0.67, MValue = 2
-------------------- Histogram --------------------
[2.307 μs ; 6.521 μs) | @@@
---------------------------------------------------

ShadowShardRouterBenchmarks.'Decorated GetAllShardIds': ShortRun(InvocationCount=1, IterationCount=3, LaunchCount=1, UnrollFactor=1, WarmupCount=3) [ShardCount=3]
Runtime = .NET 10.0.12 (10.0.12, 10.0.1226.42308), X64 RyuJIT x86-64-v4; GC = Concurrent Workstation
Mean = 2.906 μs, StdErr = 0.919 μs (31.61%), N = 3, StdDev = 1.591 μs
Min = 1.950 μs, Q1 = 1.988 μs, Median = 2.026 μs, Q3 = 3.384 μs, Max = 4.742 μs
IQR = 1.397 μs, LowerFence = -0.107 μs, UpperFence = 5.479 μs
ConfidenceInterval = [-26.121 μs; 31.933 μs] (CI 99.9%), Margin = 29.027 μs (998.91% of Mean)
Skewness = 0.38, Kurtosis = 0.67, MValue = 2
-------------------- Histogram --------------------
[1.898 μs ; 4.794 μs) | @@@
---------------------------------------------------

ShadowShardRouterBenchmarks.'Decorated GetShardConnectionString': ShortRun(InvocationCount=1, IterationCount=3, LaunchCount=1, UnrollFactor=1, WarmupCount=3) [ShardCount=3]
Runtime = .NET 10.0.12 (10.0.12, 10.0.1226.42308), X64 RyuJIT x86-64-v4; GC = Concurrent Workstation
Mean = 3.044 μs, StdErr = 1.038 μs (34.10%), N = 3, StdDev = 1.798 μs
Min = 1.657 μs, Q1 = 2.028 μs, Median = 2.399 μs, Q3 = 3.737 μs, Max = 5.075 μs
IQR = 1.709 μs, LowerFence = -0.535 μs, UpperFence = 6.301 μs
ConfidenceInterval = [-29.756 μs; 35.844 μs] (CI 99.9%), Margin = 32.800 μs (1077.65% of Mean)
Skewness = 0.31, Kurtosis = 0.67, MValue = 2
-------------------- Histogram --------------------
[0.392 μs ; 3.664 μs) | @@
[3.664 μs ; 6.711 μs) | @
---------------------------------------------------

ShadowShardRouterBenchmarks.'Bare HashRouter': ShortRun(InvocationCount=1, IterationCount=3, LaunchCount=1, UnrollFactor=1, WarmupCount=3) [ShardCount=50]
Runtime = .NET 10.0.12 (10.0.12, 10.0.1226.42308), X64 RyuJIT x86-64-v4; GC = Concurrent Workstation
Mean = 3.837 μs, StdErr = 0.730 μs (19.01%), N = 3, StdDev = 1.264 μs
Min = 3.092 μs, Q1 = 3.107 μs, Median = 3.123 μs, Q3 = 4.210 μs, Max = 5.296 μs
IQR = 1.102 μs, LowerFence = 1.454 μs, UpperFence = 5.862 μs
ConfidenceInterval = [-19.216 μs; 26.890 μs] (CI 99.9%), Margin = 23.053 μs (600.81% of Mean)
Skewness = 0.38, Kurtosis = 0.67, MValue = 2
-------------------- Histogram --------------------
[3.044 μs ; 5.344 μs) | @@@
---------------------------------------------------

ShadowShardRouterBenchmarks.'Decorated GetShardId (production path)': ShortRun(InvocationCount=1, IterationCount=3, LaunchCount=1, UnrollFactor=1, WarmupCount=3) [ShardCount=50]
Runtime = .NET 10.0.12 (10.0.12, 10.0.1226.42308), X64 RyuJIT x86-64-v4; GC = Concurrent Workstation
Mean = 6.080 μs, StdErr = 0.226 μs (3.71%), N = 3, StdDev = 0.391 μs
Min = 5.636 μs, Q1 = 5.934 μs, Median = 6.232 μs, Q3 = 6.301 μs, Max = 6.370 μs
IQR = 0.367 μs, LowerFence = 5.383 μs, UpperFence = 6.853 μs
ConfidenceInterval = [-1.048 μs; 13.207 μs] (CI 99.9%), Margin = 7.127 μs (117.23% of Mean)
Skewness = -0.33, Kurtosis = 0.67, MValue = 2
-------------------- Histogram --------------------
[5.280 μs ; 5.946 μs) | @
[5.946 μs ; 6.726 μs) | @@
---------------------------------------------------

ShadowShardRouterBenchmarks.'Decorated CompareAsync': ShortRun(InvocationCount=1, IterationCount=3, LaunchCount=1, UnrollFactor=1, WarmupCount=3) [ShardCount=50]
Runtime = .NET 10.0.12 (10.0.12, 10.0.1226.42308), X64 RyuJIT x86-64-v4; GC = Concurrent Workstation
Mean = 5.360 μs, StdErr = 0.776 μs (14.47%), N = 3, StdDev = 1.344 μs
Min = 4.423 μs, Q1 = 4.590 μs, Median = 4.756 μs, Q3 = 5.828 μs, Max = 6.899 μs
IQR = 1.238 μs, LowerFence = 2.733 μs, UpperFence = 7.685 μs
ConfidenceInterval = [-19.155 μs; 29.875 μs] (CI 99.9%), Margin = 24.515 μs (457.38% of Mean)
Skewness = 0.36, Kurtosis = 0.67, MValue = 2
-------------------- Histogram --------------------
[3.201 μs ; 5.813 μs) | @@
[5.813 μs ; 8.122 μs) | @
---------------------------------------------------

ShadowShardRouterBenchmarks.'Decorated GetAllShardIds': ShortRun(InvocationCount=1, IterationCount=3, LaunchCount=1, UnrollFactor=1, WarmupCount=3) [ShardCount=50]
Runtime = .NET 10.0.12 (10.0.12, 10.0.1226.42308), X64 RyuJIT x86-64-v4; GC = Concurrent Workstation
Mean = 4.120 μs, StdErr = 0.602 μs (14.61%), N = 3, StdDev = 1.043 μs
Min = 3.263 μs, Q1 = 3.539 μs, Median = 3.816 μs, Q3 = 4.548 μs, Max = 5.281 μs
IQR = 1.009 μs, LowerFence = 2.026 μs, UpperFence = 6.062 μs
ConfidenceInterval = [-14.904 μs; 23.144 μs] (CI 99.9%), Margin = 19.024 μs (461.75% of Mean)
Skewness = 0.27, Kurtosis = 0.67, MValue = 2
-------------------- Histogram --------------------
[2.591 μs ; 4.488 μs) | @@
[4.488 μs ; 6.230 μs) | @
---------------------------------------------------

ShadowShardRouterBenchmarks.'Decorated GetShardConnectionString': ShortRun(InvocationCount=1, IterationCount=3, LaunchCount=1, UnrollFactor=1, WarmupCount=3) [ShardCount=50]
Runtime = .NET 10.0.12 (10.0.12, 10.0.1226.42308), X64 RyuJIT x86-64-v4; GC = Concurrent Workstation
Mean = 4.756 μs, StdErr = 0.798 μs (16.78%), N = 3, StdDev = 1.382 μs
Min = 3.709 μs, Q1 = 3.973 μs, Median = 4.237 μs, Q3 = 5.280 μs, Max = 6.323 μs
IQR = 1.307 μs, LowerFence = 2.013 μs, UpperFence = 7.240 μs
ConfidenceInterval = [-20.460 μs; 29.973 μs] (CI 99.9%), Margin = 25.217 μs (530.17% of Mean)
Skewness = 0.32, Kurtosis = 0.67, MValue = 2
-------------------- Histogram --------------------
[2.715 μs ; 5.231 μs) | @@
[5.231 μs ; 7.581 μs) | @
---------------------------------------------------

// * Summary *

BenchmarkDotNet v0.15.8, Linux Ubuntu 24.04.5 LTS (Noble Numbat)
INTEL XEON PLATINUM 8573C 2.30GHz, 1 CPU, 4 logical and 2 physical cores
.NET SDK 10.0.401
  [Host]   : .NET 10.0.12 (10.0.12, 10.0.1226.42308), X64 RyuJIT x86-64-v4
  ShortRun : .NET 10.0.12 (10.0.12, 10.0.1226.42308), X64 RyuJIT x86-64-v4

Job=ShortRun  InvocationCount=1  IterationCount=3  
LaunchCount=1  UnrollFactor=1  WarmupCount=3  

| Method                                   | ShardCount | Mean     | Error     | StdDev    | Median   | Ratio | RatioSD | Rank | Allocated | Alloc Ratio |
|----------------------------------------- |----------- |---------:|----------:|----------:|---------:|------:|--------:|-----:|----------:|------------:|
| 'Bare HashRouter'                        | 3          | 2.873 μs | 27.599 μs | 1.5128 μs | 2.055 μs |  1.17 |    0.69 |    1 |      56 B |        1.00 |
| 'Decorated GetShardId (production path)' | 3          | 3.044 μs | 24.224 μs | 1.3278 μs | 2.654 μs |  1.24 |    0.66 |    1 |      56 B |        1.00 |
| 'Decorated CompareAsync'                 | 3          | 3.854 μs | 42.236 μs | 2.3151 μs | 2.736 μs |  1.56 |    1.02 |    1 |     320 B |        5.71 |
| 'Decorated GetAllShardIds'               | 3          | 2.906 μs | 29.027 μs | 1.5911 μs | 2.026 μs |  1.18 |    0.72 |    1 |     104 B |        1.86 |
| 'Decorated GetShardConnectionString'     | 3          | 3.044 μs | 32.800 μs | 1.7979 μs | 2.399 μs |  1.24 |    0.79 |    1 |      64 B |        1.14 |
|                                          |            |          |           |           |          |       |         |      |           |             |
| 'Bare HashRouter'                        | 50         | 3.837 μs | 23.053 μs | 1.2636 μs | 3.123 μs |  1.06 |    0.40 |    1 |      56 B |        1.00 |
| 'Decorated GetShardId (production path)' | 50         | 6.080 μs |  7.127 μs | 0.3907 μs | 6.232 μs |  1.69 |    0.42 |    2 |      56 B |        1.00 |
| 'Decorated CompareAsync'                 | 50         | 5.360 μs | 24.515 μs | 1.3437 μs | 4.756 μs |  1.49 |    0.49 |    1 |     320 B |        5.71 |
| 'Decorated GetAllShardIds'               | 50         | 4.120 μs | 19.024 μs | 1.0428 μs | 3.816 μs |  1.14 |    0.38 |    1 |     480 B |        8.57 |
| 'Decorated GetShardConnectionString'     | 50         | 4.756 μs | 25.217 μs | 1.3822 μs | 4.237 μs |  1.32 |    0.46 |    1 |      64 B |        1.14 |

// * Warnings *
MinIterationTime
  ShadowShardRouterBenchmarks.'Bare HashRouter': ShortRun                        -> The minimum observed iteration time is 2.13μs which is very small. It's recommended to increase it to at least 100ms using more operations.
  ShadowShardRouterBenchmarks.'Decorated GetShardId (production path)': ShortRun -> The minimum observed iteration time is 2.129μs which is very small. It's recommended to increase it to at least 100ms using more operations.
  ShadowShardRouterBenchmarks.'Decorated CompareAsync': ShortRun                 -> The minimum observed iteration time is 2.493μs which is very small. It's recommended to increase it to at least 100ms using more operations.
  ShadowShardRouterBenchmarks.'Decorated GetAllShardIds': ShortRun               -> The minimum observed iteration time is 2.082μs which is very small. It's recommended to increase it to at least 100ms using more operations.
  ShadowShardRouterBenchmarks.'Decorated GetShardConnectionString': ShortRun     -> The minimum observed iteration time is 1.805μs which is very small. It's recommended to increase it to at least 100ms using more operations.
  ShadowShardRouterBenchmarks.'Bare HashRouter': ShortRun                        -> The minimum observed iteration time is 3.357μs which is very small. It's recommended to increase it to at least 100ms using more operations.
  ShadowShardRouterBenchmarks.'Decorated GetShardId (production path)': ShortRun -> The minimum observed iteration time is 5.909μs which is very small. It's recommended to increase it to at least 100ms using more operations.
  ShadowShardRouterBenchmarks.'Decorated CompareAsync': ShortRun                 -> The minimum observed iteration time is 4.696μs which is very small. It's recommended to increase it to at least 100ms using more operations.
  ShadowShardRouterBenchmarks.'Decorated GetAllShardIds': ShortRun               -> The minimum observed iteration time is 3.533μs which is very small. It's recommended to increase it to at least 100ms using more operations.
  ShadowShardRouterBenchmarks.'Decorated GetShardConnectionString': ShortRun     -> The minimum observed iteration time is 3.968μs which is very small. It's recommended to increase it to at least 100ms using more operations.
// * Config Issues *

// * Warnings *
Configuration
  Summary -> The exporter CsvExporter is already present in configuration. There may be unexpected results.
  Summary -> The exporter HtmlExporter is already present in configuration. There may be unexpected results.
  Summary -> The exporter MarkdownExporter-github is already present in configuration. There may be unexpected results.

// * Legends *
  ShardCount  : Value of the 'ShardCount' parameter
  Mean        : Arithmetic mean of all measurements
  Error       : Half of 99.9% confidence interval
  StdDev      : Standard deviation of all measurements
  Median      : Value separating the higher half of all measurements (50th percentile)
  Ratio       : Mean of the ratio distribution ([Current]/[Baseline])
  RatioSD     : Standard deviation of the ratio distribution ([Current]/[Baseline])
  Rank        : Relative position of current benchmark mean among all benchmarks (Arabic style)
  Allocated   : Allocated memory per single operation (managed only, inclusive, 1KB = 1024B)
  Alloc Ratio : Allocated memory ratio distribution ([Current]/[Baseline])
  1 μs        : 1 Microsecond (0.000001 sec)

// * Diagnostic Output - MemoryDiagnoser *


// ***** BenchmarkRunner: End *****
Run time: 00:00:02 (2.95 sec), executed benchmarks: 10

Global total time: 00:02:42 (162.64 sec), executed benchmarks: 10
// * Artifacts cleanup *
Artifacts cleanup is finished
