// Validating benchmarks:
// ***** BenchmarkRunner: Start   *****
// ***** Found 10 benchmark(s) in total *****
// ***** Building 1 exe(s) in Parallel: Start   *****
// start dotnet  restore --nodeReuse:false /p:UseSharedCompilation=false /p:Deterministic=true /p:Optimize=true /p:ArtifactsPath="/home/runner/work/Encina/Encina/tests/Encina.BenchmarkTests/Encina.Caching.Benchmarks/bin/Release/net10.0/Encina.Caching.Benchmarks-Job-YFEFPZ-1/" /p:OutDir="/home/runner/work/Encina/Encina/tests/Encina.BenchmarkTests/Encina.Caching.Benchmarks/bin/Release/net10.0/Encina.Caching.Benchmarks-Job-YFEFPZ-1/bin/Release/net10.0/" /p:OutputPath="/home/runner/work/Encina/Encina/tests/Encina.BenchmarkTests/Encina.Caching.Benchmarks/bin/Release/net10.0/Encina.Caching.Benchmarks-Job-YFEFPZ-1/bin/Release/net10.0/" /p:PublishDir="/home/runner/work/Encina/Encina/tests/Encina.BenchmarkTests/Encina.Caching.Benchmarks/bin/Release/net10.0/Encina.Caching.Benchmarks-Job-YFEFPZ-1/publish/" in /home/runner/work/Encina/Encina/tests/Encina.BenchmarkTests/Encina.Caching.Benchmarks/bin/Release/net10.0/Encina.Caching.Benchmarks-Job-YFEFPZ-1
// command took 2.53 sec and exited with 0
// start dotnet  build -c Release --no-restore --nodeReuse:false /p:UseSharedCompilation=false /p:Deterministic=true /p:Optimize=true /p:ArtifactsPath="/home/runner/work/Encina/Encina/tests/Encina.BenchmarkTests/Encina.Caching.Benchmarks/bin/Release/net10.0/Encina.Caching.Benchmarks-Job-YFEFPZ-1/" /p:OutDir="/home/runner/work/Encina/Encina/tests/Encina.BenchmarkTests/Encina.Caching.Benchmarks/bin/Release/net10.0/Encina.Caching.Benchmarks-Job-YFEFPZ-1/bin/Release/net10.0/" /p:OutputPath="/home/runner/work/Encina/Encina/tests/Encina.BenchmarkTests/Encina.Caching.Benchmarks/bin/Release/net10.0/Encina.Caching.Benchmarks-Job-YFEFPZ-1/bin/Release/net10.0/" /p:PublishDir="/home/runner/work/Encina/Encina/tests/Encina.BenchmarkTests/Encina.Caching.Benchmarks/bin/Release/net10.0/Encina.Caching.Benchmarks-Job-YFEFPZ-1/publish/" --output "/home/runner/work/Encina/Encina/tests/Encina.BenchmarkTests/Encina.Caching.Benchmarks/bin/Release/net10.0/Encina.Caching.Benchmarks-Job-YFEFPZ-1/bin/Release/net10.0/" in /home/runner/work/Encina/Encina/tests/Encina.BenchmarkTests/Encina.Caching.Benchmarks/bin/Release/net10.0/Encina.Caching.Benchmarks-Job-YFEFPZ-1
// command took 52.54 sec and exited with 0
// ***** Done, took 00:00:55 (55.25 sec)   *****
// Found 10 benchmarks:
//   CacheKeyGeneratorBenchmarks.GenerateKey_WithTemplate: Job-YFEFPZ(IterationCount=10, WarmupCount=3)
//   CacheKeyGeneratorBenchmarks.GeneratePattern: Job-YFEFPZ(IterationCount=10, WarmupCount=3)
//   CacheKeyGeneratorBenchmarks.GeneratePattern_WithTemplate: Job-YFEFPZ(IterationCount=10, WarmupCount=3)
//   CacheKeyGeneratorBenchmarks.GenerateKey_WithTemplate: ShortRun(IterationCount=3, LaunchCount=1, WarmupCount=3)
//   CacheKeyGeneratorBenchmarks.GeneratePattern: ShortRun(IterationCount=3, LaunchCount=1, WarmupCount=3)
//   CacheKeyGeneratorBenchmarks.GeneratePattern_WithTemplate: ShortRun(IterationCount=3, LaunchCount=1, WarmupCount=3)
//   CacheKeyGeneratorBenchmarks.GenerateKey_ComplexQuery: Job-YFEFPZ(IterationCount=10, WarmupCount=3)
//   CacheKeyGeneratorBenchmarks.GenerateKey_ComplexQuery: ShortRun(IterationCount=3, LaunchCount=1, WarmupCount=3)
//   CacheKeyGeneratorBenchmarks.GenerateKey_SimpleQuery: Job-YFEFPZ(IterationCount=10, WarmupCount=3)
//   CacheKeyGeneratorBenchmarks.GenerateKey_SimpleQuery: ShortRun(IterationCount=3, LaunchCount=1, WarmupCount=3)

// **************************
// Benchmark: CacheKeyGeneratorBenchmarks.GenerateKey_WithTemplate: Job-YFEFPZ(IterationCount=10, WarmupCount=3)
// *** Execute ***
// Launch: 1 / 1
// Execute: dotnet Encina.Caching.Benchmarks-Job-YFEFPZ-1.dll --anonymousPipes 150 151 --benchmarkName Encina.Caching.Benchmarks.CacheKeyGeneratorBenchmarks.GenerateKey_WithTemplate --job "IterationCount=10, WarmupCount=3" --benchmarkId 0 in /home/runner/work/Encina/Encina/tests/Encina.BenchmarkTests/Encina.Caching.Benchmarks/bin/Release/net10.0/Encina.Caching.Benchmarks-Job-YFEFPZ-1/bin/Release/net10.0
// Failed to set up high priority (Permission denied). In order to run benchmarks with high priority, make sure you have the right permissions.
// BeforeAnythingElse

// Benchmark Process Environment Information:
// BenchmarkDotNet v0.15.8
// Runtime=.NET 10.0.12 (10.0.12, 10.0.1226.42308), X64 RyuJIT x86-64-v3
// GC=Concurrent Workstation
// HardwareIntrinsics=AVX2+BMI1+BMI2+F16C+FMA+LZCNT+MOVBE,AVX,SSE3+SSSE3+SSE4.1+SSE4.2+POPCNT,X86Base+SSE+SSE2,AES+PCLMUL VectorSize=256
// Job: Job-YFEFPZ(IterationCount=10, WarmupCount=3)

OverheadJitting  1: 1 op, 217597.00 ns, 217.5970 us/op
WorkloadJitting  1: 1 op, 3783347.00 ns, 3.7833 ms/op

OverheadJitting  2: 16 op, 450172.00 ns, 28.1358 us/op
WorkloadJitting  2: 16 op, 1150512.00 ns, 71.9070 us/op

WorkloadPilot    1: 16 op, 665515.00 ns, 41.5947 us/op
WorkloadPilot    2: 32 op, 710529.00 ns, 22.2040 us/op
WorkloadPilot    3: 64 op, 811037.00 ns, 12.6725 us/op
WorkloadPilot    4: 128 op, 1014708.00 ns, 7.9274 us/op
WorkloadPilot    5: 256 op, 1302867.00 ns, 5.0893 us/op
WorkloadPilot    6: 512 op, 2100418.00 ns, 4.1024 us/op
WorkloadPilot    7: 1024 op, 3631853.00 ns, 3.5467 us/op
WorkloadPilot    8: 2048 op, 6578806.00 ns, 3.2123 us/op
WorkloadPilot    9: 4096 op, 12529177.00 ns, 3.0589 us/op
WorkloadPilot   10: 8192 op, 25219806.00 ns, 3.0786 us/op
WorkloadPilot   11: 16384 op, 48177068.00 ns, 2.9405 us/op
WorkloadPilot   12: 32768 op, 88432530.00 ns, 2.6987 us/op
WorkloadPilot   13: 65536 op, 170862611.00 ns, 2.6072 us/op
WorkloadPilot   14: 131072 op, 338774803.00 ns, 2.5846 us/op
WorkloadPilot   15: 262144 op, 676184501.00 ns, 2.5794 us/op

OverheadWarmup   1: 262144 op, 867493.00 ns, 3.3092 ns/op
OverheadWarmup   2: 262144 op, 877853.00 ns, 3.3487 ns/op
OverheadWarmup   3: 262144 op, 864958.00 ns, 3.2996 ns/op
OverheadWarmup   4: 262144 op, 863455.00 ns, 3.2938 ns/op
OverheadWarmup   5: 262144 op, 877031.00 ns, 3.3456 ns/op
OverheadWarmup   6: 262144 op, 865519.00 ns, 3.3017 ns/op

OverheadActual   1: 262144 op, 864607.00 ns, 3.2982 ns/op
OverheadActual   2: 262144 op, 904161.00 ns, 3.4491 ns/op
OverheadActual   3: 262144 op, 865749.00 ns, 3.3026 ns/op
OverheadActual   4: 262144 op, 865418.00 ns, 3.3013 ns/op
OverheadActual   5: 262144 op, 866731.00 ns, 3.3063 ns/op
OverheadActual   6: 262144 op, 869697.00 ns, 3.3176 ns/op
OverheadActual   7: 262144 op, 888392.00 ns, 3.3889 ns/op
OverheadActual   8: 262144 op, 864577.00 ns, 3.2981 ns/op
OverheadActual   9: 262144 op, 849109.00 ns, 3.2391 ns/op
OverheadActual  10: 262144 op, 863736.00 ns, 3.2949 ns/op
OverheadActual  11: 262144 op, 864127.00 ns, 3.2964 ns/op
OverheadActual  12: 262144 op, 875467.00 ns, 3.3396 ns/op
OverheadActual  13: 262144 op, 866521.00 ns, 3.3055 ns/op
OverheadActual  14: 262144 op, 849068.00 ns, 3.2389 ns/op
OverheadActual  15: 262144 op, 864027.00 ns, 3.2960 ns/op

WorkloadWarmup   1: 262144 op, 679252630.00 ns, 2.5911 us/op
WorkloadWarmup   2: 262144 op, 683798503.00 ns, 2.6085 us/op
WorkloadWarmup   3: 262144 op, 685979433.00 ns, 2.6168 us/op

// BeforeActualRun
WorkloadActual   1: 262144 op, 684783666.00 ns, 2.6122 us/op
WorkloadActual   2: 262144 op, 682624494.00 ns, 2.6040 us/op
WorkloadActual   3: 262144 op, 682098624.00 ns, 2.6020 us/op
WorkloadActual   4: 262144 op, 683569886.00 ns, 2.6076 us/op
WorkloadActual   5: 262144 op, 684220422.00 ns, 2.6101 us/op
WorkloadActual   6: 262144 op, 684558044.00 ns, 2.6114 us/op
WorkloadActual   7: 262144 op, 684738422.00 ns, 2.6121 us/op
WorkloadActual   8: 262144 op, 683664874.00 ns, 2.6080 us/op
WorkloadActual   9: 262144 op, 683553064.00 ns, 2.6075 us/op
WorkloadActual  10: 262144 op, 682450872.00 ns, 2.6033 us/op

// AfterActualRun
WorkloadResult   1: 262144 op, 683918248.00 ns, 2.6089 us/op
WorkloadResult   2: 262144 op, 681759076.00 ns, 2.6007 us/op
WorkloadResult   3: 262144 op, 681233206.00 ns, 2.5987 us/op
WorkloadResult   4: 262144 op, 682704468.00 ns, 2.6043 us/op
WorkloadResult   5: 262144 op, 683355004.00 ns, 2.6068 us/op
WorkloadResult   6: 262144 op, 683692626.00 ns, 2.6081 us/op
WorkloadResult   7: 262144 op, 683873004.00 ns, 2.6088 us/op
WorkloadResult   8: 262144 op, 682799456.00 ns, 2.6047 us/op
WorkloadResult   9: 262144 op, 682687646.00 ns, 2.6042 us/op
WorkloadResult  10: 262144 op, 681585454.00 ns, 2.6000 us/op
// GC:  21 0 0 356528424 262144
// Threading:  0 0 262144

// AfterAll
// Benchmark Process 3134 has exited with code 0.

Mean = 2.605 μs, StdErr = 0.001 μs (0.05%), N = 10, StdDev = 0.004 μs
Min = 2.599 μs, Q1 = 2.602 μs, Median = 2.604 μs, Q3 = 2.608 μs, Max = 2.609 μs
IQR = 0.006 μs, LowerFence = 2.592 μs, UpperFence = 2.617 μs
ConfidenceInterval = [2.599 μs; 2.610 μs] (CI 99.9%), Margin = 0.006 μs (0.22% of Mean)
Skewness = -0.24, Kurtosis = 1.4, MValue = 2

// ** Remained 9 (90.0 %) benchmark(s) to run. Estimated finish 2026-10-09 20:18 (0h 1m from now) **
// **************************
// Benchmark: CacheKeyGeneratorBenchmarks.GeneratePattern: Job-YFEFPZ(IterationCount=10, WarmupCount=3)
// *** Execute ***
// Launch: 1 / 1
// Execute: dotnet Encina.Caching.Benchmarks-Job-YFEFPZ-1.dll --anonymousPipes 150 151 --benchmarkName Encina.Caching.Benchmarks.CacheKeyGeneratorBenchmarks.GeneratePattern --job "IterationCount=10, WarmupCount=3" --benchmarkId 1 in /home/runner/work/Encina/Encina/tests/Encina.BenchmarkTests/Encina.Caching.Benchmarks/bin/Release/net10.0/Encina.Caching.Benchmarks-Job-YFEFPZ-1/bin/Release/net10.0
// Failed to set up high priority (Permission denied). In order to run benchmarks with high priority, make sure you have the right permissions.
// BeforeAnythingElse

// Benchmark Process Environment Information:
// BenchmarkDotNet v0.15.8
// Runtime=.NET 10.0.12 (10.0.12, 10.0.1226.42308), X64 RyuJIT x86-64-v3
// GC=Concurrent Workstation
// HardwareIntrinsics=AVX2+BMI1+BMI2+F16C+FMA+LZCNT+MOVBE,AVX,SSE3+SSSE3+SSE4.1+SSE4.2+POPCNT,X86Base+SSE+SSE2,AES+PCLMUL VectorSize=256
// Job: Job-YFEFPZ(IterationCount=10, WarmupCount=3)

OverheadJitting  1: 1 op, 256971.00 ns, 256.9710 us/op
WorkloadJitting  1: 1 op, 1147907.00 ns, 1.1479 ms/op

OverheadJitting  2: 16 op, 439252.00 ns, 27.4533 us/op
WorkloadJitting  2: 16 op, 478545.00 ns, 29.9091 us/op

WorkloadPilot    1: 16 op, 34114.00 ns, 2.1321 us/op
WorkloadPilot    2: 32 op, 39905.00 ns, 1.2470 us/op
WorkloadPilot    3: 64 op, 68087.00 ns, 1.0639 us/op
WorkloadPilot    4: 128 op, 63649.00 ns, 497.2578 ns/op
WorkloadPilot    5: 256 op, 107551.00 ns, 420.1211 ns/op
WorkloadPilot    6: 512 op, 180669.00 ns, 352.8691 ns/op
WorkloadPilot    7: 1024 op, 336460.00 ns, 328.5742 ns/op
WorkloadPilot    8: 2048 op, 492050.00 ns, 240.2588 ns/op
WorkloadPilot    9: 4096 op, 1043772.00 ns, 254.8271 ns/op
WorkloadPilot   10: 8192 op, 1986547.00 ns, 242.4984 ns/op
WorkloadPilot   11: 16384 op, 3421160.00 ns, 208.8110 ns/op
WorkloadPilot   12: 32768 op, 8400183.00 ns, 256.3532 ns/op
WorkloadPilot   13: 65536 op, 16273862.00 ns, 248.3194 ns/op
WorkloadPilot   14: 131072 op, 20783698.00 ns, 158.5670 ns/op
WorkloadPilot   15: 262144 op, 38149493.00 ns, 145.5288 ns/op
WorkloadPilot   16: 524288 op, 73194177.00 ns, 139.6068 ns/op
WorkloadPilot   17: 1048576 op, 144448986.00 ns, 137.7573 ns/op
WorkloadPilot   18: 2097152 op, 290291269.00 ns, 138.4217 ns/op
WorkloadPilot   19: 4194304 op, 569183166.00 ns, 135.7038 ns/op

OverheadWarmup   1: 4194304 op, 13887817.00 ns, 3.3111 ns/op
OverheadWarmup   2: 4194304 op, 14227863.00 ns, 3.3922 ns/op
OverheadWarmup   3: 4194304 op, 14089253.00 ns, 3.3591 ns/op
OverheadWarmup   4: 4194304 op, 13865495.00 ns, 3.3058 ns/op
OverheadWarmup   5: 4194304 op, 13871907.00 ns, 3.3073 ns/op
OverheadWarmup   6: 4194304 op, 13890512.00 ns, 3.3118 ns/op
OverheadWarmup   7: 4194304 op, 13862580.00 ns, 3.3051 ns/op

OverheadActual   1: 4194304 op, 13897194.00 ns, 3.3133 ns/op
OverheadActual   2: 4194304 op, 13886625.00 ns, 3.3108 ns/op
OverheadActual   3: 4194304 op, 13870124.00 ns, 3.3069 ns/op
OverheadActual   4: 4194304 op, 13949713.00 ns, 3.3259 ns/op
OverheadActual   5: 4194304 op, 13881746.00 ns, 3.3097 ns/op
OverheadActual   6: 4194304 op, 14011648.00 ns, 3.3406 ns/op
OverheadActual   7: 4194304 op, 13862891.00 ns, 3.3052 ns/op
OverheadActual   8: 4194304 op, 13888178.00 ns, 3.3112 ns/op
OverheadActual   9: 4194304 op, 13935736.00 ns, 3.3225 ns/op
OverheadActual  10: 4194304 op, 13849926.00 ns, 3.3021 ns/op
OverheadActual  11: 4194304 op, 13896283.00 ns, 3.3131 ns/op
OverheadActual  12: 4194304 op, 13850316.00 ns, 3.3022 ns/op
OverheadActual  13: 4194304 op, 13861037.00 ns, 3.3047 ns/op
OverheadActual  14: 4194304 op, 13866517.00 ns, 3.3060 ns/op
OverheadActual  15: 4194304 op, 13864153.00 ns, 3.3055 ns/op

WorkloadWarmup   1: 4194304 op, 572670000.00 ns, 136.5352 ns/op
WorkloadWarmup   2: 4194304 op, 574365459.00 ns, 136.9394 ns/op
WorkloadWarmup   3: 4194304 op, 564461333.00 ns, 134.5781 ns/op

// BeforeActualRun
WorkloadActual   1: 4194304 op, 576716617.00 ns, 137.5000 ns/op
WorkloadActual   2: 4194304 op, 589841016.00 ns, 140.6291 ns/op
WorkloadActual   3: 4194304 op, 587727462.00 ns, 140.1251 ns/op
WorkloadActual   4: 4194304 op, 590143020.00 ns, 140.7011 ns/op
WorkloadActual   5: 4194304 op, 590105771.00 ns, 140.6922 ns/op
WorkloadActual   6: 4194304 op, 585573644.00 ns, 139.6116 ns/op
WorkloadActual   7: 4194304 op, 581555838.00 ns, 138.6537 ns/op
WorkloadActual   8: 4194304 op, 595471438.00 ns, 141.9715 ns/op
WorkloadActual   9: 4194304 op, 589925032.00 ns, 140.6491 ns/op
WorkloadActual  10: 4194304 op, 592156982.00 ns, 141.1812 ns/op

// AfterActualRun
WorkloadResult   1: 4194304 op, 562834871.00 ns, 134.1903 ns/op
WorkloadResult   2: 4194304 op, 575959270.00 ns, 137.3194 ns/op
WorkloadResult   3: 4194304 op, 573845716.00 ns, 136.8155 ns/op
WorkloadResult   4: 4194304 op, 576261274.00 ns, 137.3914 ns/op
WorkloadResult   5: 4194304 op, 576224025.00 ns, 137.3825 ns/op
WorkloadResult   6: 4194304 op, 571691898.00 ns, 136.3020 ns/op
WorkloadResult   7: 4194304 op, 567674092.00 ns, 135.3441 ns/op
WorkloadResult   8: 4194304 op, 581589692.00 ns, 138.6618 ns/op
WorkloadResult   9: 4194304 op, 576043286.00 ns, 137.3394 ns/op
WorkloadResult  10: 4194304 op, 578275236.00 ns, 137.8716 ns/op
// GC:  64 0 0 1073755864 4194304
// Threading:  0 0 4194304

// AfterAll
// Benchmark Process 3147 has exited with code 0.

Mean = 136.862 ns, StdErr = 0.408 ns (0.30%), N = 10, StdDev = 1.291 ns
Min = 134.190 ns, Q1 = 136.430 ns, Median = 137.329 ns, Q3 = 137.389 ns, Max = 138.662 ns
IQR = 0.959 ns, LowerFence = 134.992 ns, UpperFence = 138.827 ns
ConfidenceInterval = [134.910 ns; 138.814 ns] (CI 99.9%), Margin = 1.952 ns (1.43% of Mean)
Skewness = -0.71, Kurtosis = 2.45, MValue = 2

// ** Remained 8 (80.0 %) benchmark(s) to run. Estimated finish 2026-10-09 20:18 (0h 1m from now) **
// **************************
// Benchmark: CacheKeyGeneratorBenchmarks.GeneratePattern_WithTemplate: Job-YFEFPZ(IterationCount=10, WarmupCount=3)
// *** Execute ***
// Launch: 1 / 1
// Execute: dotnet Encina.Caching.Benchmarks-Job-YFEFPZ-1.dll --anonymousPipes 150 151 --benchmarkName Encina.Caching.Benchmarks.CacheKeyGeneratorBenchmarks.GeneratePattern_WithTemplate --job "IterationCount=10, WarmupCount=3" --benchmarkId 2 in /home/runner/work/Encina/Encina/tests/Encina.BenchmarkTests/Encina.Caching.Benchmarks/bin/Release/net10.0/Encina.Caching.Benchmarks-Job-YFEFPZ-1/bin/Release/net10.0
// Failed to set up high priority (Permission denied). In order to run benchmarks with high priority, make sure you have the right permissions.
// BeforeAnythingElse

// Benchmark Process Environment Information:
// BenchmarkDotNet v0.15.8
// Runtime=.NET 10.0.12 (10.0.12, 10.0.1226.42308), X64 RyuJIT x86-64-v3
// GC=Concurrent Workstation
// HardwareIntrinsics=AVX2+BMI1+BMI2+F16C+FMA+LZCNT+MOVBE,AVX,SSE3+SSSE3+SSE4.1+SSE4.2+POPCNT,X86Base+SSE+SSE2,AES+PCLMUL VectorSize=256
// Job: Job-YFEFPZ(IterationCount=10, WarmupCount=3)

OverheadJitting  1: 1 op, 221495.00 ns, 221.4950 us/op
WorkloadJitting  1: 1 op, 2956840.00 ns, 2.9568 ms/op

OverheadJitting  2: 16 op, 426307.00 ns, 26.6442 us/op
WorkloadJitting  2: 16 op, 673279.00 ns, 42.0799 us/op

WorkloadPilot    1: 16 op, 275665.00 ns, 17.2291 us/op
WorkloadPilot    2: 32 op, 197610.00 ns, 6.1753 us/op
WorkloadPilot    3: 64 op, 238286.00 ns, 3.7232 us/op
WorkloadPilot    4: 128 op, 294131.00 ns, 2.2979 us/op
WorkloadPilot    5: 256 op, 417060.00 ns, 1.6291 us/op
WorkloadPilot    6: 512 op, 454540.00 ns, 887.7734 ns/op
WorkloadPilot    7: 1024 op, 735215.00 ns, 717.9834 ns/op
WorkloadPilot    8: 2048 op, 1300964.00 ns, 635.2363 ns/op
WorkloadPilot    9: 4096 op, 2605323.00 ns, 636.0652 ns/op
WorkloadPilot   10: 8192 op, 4781153.00 ns, 583.6368 ns/op
WorkloadPilot   11: 16384 op, 10910087.00 ns, 665.8989 ns/op
WorkloadPilot   12: 32768 op, 14885283.00 ns, 454.2628 ns/op
WorkloadPilot   13: 65536 op, 24636774.00 ns, 375.9273 ns/op
WorkloadPilot   14: 131072 op, 47574699.00 ns, 362.9661 ns/op
WorkloadPilot   15: 262144 op, 87356682.00 ns, 333.2393 ns/op
WorkloadPilot   16: 524288 op, 171102869.00 ns, 326.3528 ns/op
WorkloadPilot   17: 1048576 op, 342522831.00 ns, 326.6552 ns/op
WorkloadPilot   18: 2097152 op, 684093943.00 ns, 326.2014 ns/op

OverheadWarmup   1: 2097152 op, 6956672.00 ns, 3.3172 ns/op
OverheadWarmup   2: 2097152 op, 6957524.00 ns, 3.3176 ns/op
OverheadWarmup   3: 2097152 op, 7230875.00 ns, 3.4479 ns/op
OverheadWarmup   4: 2097152 op, 6984515.00 ns, 3.3305 ns/op
OverheadWarmup   5: 2097152 op, 6958316.00 ns, 3.3180 ns/op
OverheadWarmup   6: 2097152 op, 6984645.00 ns, 3.3305 ns/op
OverheadWarmup   7: 2097152 op, 6968124.00 ns, 3.3227 ns/op

OverheadActual   1: 2097152 op, 6949780.00 ns, 3.3139 ns/op
OverheadActual   2: 2097152 op, 6968816.00 ns, 3.3230 ns/op
OverheadActual   3: 2097152 op, 6983603.00 ns, 3.3300 ns/op
OverheadActual   4: 2097152 op, 7130448.00 ns, 3.4001 ns/op
OverheadActual   5: 2097152 op, 6965459.00 ns, 3.3214 ns/op
OverheadActual   6: 2097152 op, 6958436.00 ns, 3.3180 ns/op
OverheadActual   7: 2097152 op, 6954749.00 ns, 3.3163 ns/op
OverheadActual   8: 2097152 op, 6985306.00 ns, 3.3309 ns/op
OverheadActual   9: 2097152 op, 6967883.00 ns, 3.3225 ns/op
OverheadActual  10: 2097152 op, 6964688.00 ns, 3.3210 ns/op
OverheadActual  11: 2097152 op, 6954067.00 ns, 3.3160 ns/op
OverheadActual  12: 2097152 op, 6966351.00 ns, 3.3218 ns/op
OverheadActual  13: 2097152 op, 6959828.00 ns, 3.3187 ns/op
OverheadActual  14: 2097152 op, 6958095.00 ns, 3.3179 ns/op
OverheadActual  15: 2097152 op, 6956342.00 ns, 3.3170 ns/op

WorkloadWarmup   1: 2097152 op, 706338853.00 ns, 336.8086 ns/op
WorkloadWarmup   2: 2097152 op, 696489089.00 ns, 332.1119 ns/op
WorkloadWarmup   3: 2097152 op, 684982816.00 ns, 326.6253 ns/op

// BeforeActualRun
WorkloadActual   1: 2097152 op, 683865566.00 ns, 326.0925 ns/op
WorkloadActual   2: 2097152 op, 699427335.00 ns, 333.5129 ns/op
WorkloadActual   3: 2097152 op, 699541708.00 ns, 333.5675 ns/op
WorkloadActual   4: 2097152 op, 689605012.00 ns, 328.8293 ns/op
WorkloadActual   5: 2097152 op, 693695948.00 ns, 330.7800 ns/op
WorkloadActual   6: 2097152 op, 696392052.00 ns, 332.0656 ns/op
WorkloadActual   7: 2097152 op, 691495761.00 ns, 329.7309 ns/op
WorkloadActual   8: 2097152 op, 690967275.00 ns, 329.4789 ns/op
WorkloadActual   9: 2097152 op, 688193126.00 ns, 328.1561 ns/op
WorkloadActual  10: 2097152 op, 693227333.00 ns, 330.5566 ns/op

// AfterActualRun
WorkloadResult   1: 2097152 op, 676900878.00 ns, 322.7715 ns/op
WorkloadResult   2: 2097152 op, 692462647.00 ns, 330.1919 ns/op
WorkloadResult   3: 2097152 op, 692577020.00 ns, 330.2465 ns/op
WorkloadResult   4: 2097152 op, 682640324.00 ns, 325.5083 ns/op
WorkloadResult   5: 2097152 op, 686731260.00 ns, 327.4590 ns/op
WorkloadResult   6: 2097152 op, 689427364.00 ns, 328.7446 ns/op
WorkloadResult   7: 2097152 op, 684531073.00 ns, 326.4099 ns/op
WorkloadResult   8: 2097152 op, 684002587.00 ns, 326.1578 ns/op
WorkloadResult   9: 2097152 op, 681228438.00 ns, 324.8350 ns/op
WorkloadResult  10: 2097152 op, 686262645.00 ns, 327.2355 ns/op
// GC:  112 0 0 1879051576 2097152
// Threading:  0 0 2097152

// AfterAll
// Benchmark Process 3154 has exited with code 0.

Mean = 326.956 ns, StdErr = 0.744 ns (0.23%), N = 10, StdDev = 2.354 ns
Min = 322.771 ns, Q1 = 325.671 ns, Median = 326.823 ns, Q3 = 328.423 ns, Max = 330.246 ns
IQR = 2.753 ns, LowerFence = 321.542 ns, UpperFence = 332.552 ns
ConfidenceInterval = [323.397 ns; 330.515 ns] (CI 99.9%), Margin = 3.559 ns (1.09% of Mean)
Skewness = -0.09, Kurtosis = 1.85, MValue = 2

// ** Remained 7 (70.0 %) benchmark(s) to run. Estimated finish 2026-10-09 20:18 (0h 1m from now) **
// **************************
// Benchmark: CacheKeyGeneratorBenchmarks.GenerateKey_WithTemplate: ShortRun(IterationCount=3, LaunchCount=1, WarmupCount=3)
// *** Execute ***
// Launch: 1 / 1
// Execute: dotnet Encina.Caching.Benchmarks-Job-YFEFPZ-1.dll --anonymousPipes 150 151 --benchmarkName Encina.Caching.Benchmarks.CacheKeyGeneratorBenchmarks.GenerateKey_WithTemplate --job ShortRun --benchmarkId 3 in /home/runner/work/Encina/Encina/tests/Encina.BenchmarkTests/Encina.Caching.Benchmarks/bin/Release/net10.0/Encina.Caching.Benchmarks-Job-YFEFPZ-1/bin/Release/net10.0
// Failed to set up high priority (Permission denied). In order to run benchmarks with high priority, make sure you have the right permissions.
// BeforeAnythingElse

// Benchmark Process Environment Information:
// BenchmarkDotNet v0.15.8
// Runtime=.NET 10.0.12 (10.0.12, 10.0.1226.42308), X64 RyuJIT x86-64-v3
// GC=Concurrent Workstation
// HardwareIntrinsics=AVX2+BMI1+BMI2+F16C+FMA+LZCNT+MOVBE,AVX,SSE3+SSSE3+SSE4.1+SSE4.2+POPCNT,X86Base+SSE+SSE2,AES+PCLMUL VectorSize=256
// Job: ShortRun(IterationCount=3, LaunchCount=1, WarmupCount=3)

OverheadJitting  1: 1 op, 214180.00 ns, 214.1800 us/op
WorkloadJitting  1: 1 op, 4062989.00 ns, 4.0630 ms/op

OverheadJitting  2: 16 op, 456584.00 ns, 28.5365 us/op
WorkloadJitting  2: 16 op, 1199264.00 ns, 74.9540 us/op

WorkloadPilot    1: 16 op, 699729.00 ns, 43.7331 us/op
WorkloadPilot    2: 32 op, 727400.00 ns, 22.7313 us/op
WorkloadPilot    3: 64 op, 808432.00 ns, 12.6318 us/op
WorkloadPilot    4: 128 op, 1008085.00 ns, 7.8757 us/op
WorkloadPilot    5: 256 op, 1312505.00 ns, 5.1270 us/op
WorkloadPilot    6: 512 op, 2051698.00 ns, 4.0072 us/op
WorkloadPilot    7: 1024 op, 3565770.00 ns, 3.4822 us/op
WorkloadPilot    8: 2048 op, 6488076.00 ns, 3.1680 us/op
WorkloadPilot    9: 4096 op, 12379386.00 ns, 3.0223 us/op
WorkloadPilot   10: 8192 op, 24847058.00 ns, 3.0331 us/op
WorkloadPilot   11: 16384 op, 49139417.00 ns, 2.9992 us/op
WorkloadPilot   12: 32768 op, 86863751.00 ns, 2.6509 us/op
WorkloadPilot   13: 65536 op, 166283768.00 ns, 2.5373 us/op
WorkloadPilot   14: 131072 op, 337561018.00 ns, 2.5754 us/op
WorkloadPilot   15: 262144 op, 663818663.00 ns, 2.5323 us/op

OverheadWarmup   1: 262144 op, 887030.00 ns, 3.3838 ns/op
OverheadWarmup   2: 262144 op, 884234.00 ns, 3.3731 ns/op
OverheadWarmup   3: 262144 op, 877312.00 ns, 3.3467 ns/op
OverheadWarmup   4: 262144 op, 880908.00 ns, 3.3604 ns/op
OverheadWarmup   5: 262144 op, 849109.00 ns, 3.2391 ns/op
OverheadWarmup   6: 262144 op, 886909.00 ns, 3.3833 ns/op
OverheadWarmup   7: 262144 op, 883744.00 ns, 3.3712 ns/op

OverheadActual   1: 262144 op, 884074.00 ns, 3.3725 ns/op
OverheadActual   2: 262144 op, 868063.00 ns, 3.3114 ns/op
OverheadActual   3: 262144 op, 868785.00 ns, 3.3142 ns/op
OverheadActual   4: 262144 op, 869397.00 ns, 3.3165 ns/op
OverheadActual   5: 262144 op, 869046.00 ns, 3.3151 ns/op
OverheadActual   6: 262144 op, 866691.00 ns, 3.3062 ns/op
OverheadActual   7: 262144 op, 870158.00 ns, 3.3194 ns/op
OverheadActual   8: 262144 op, 865990.00 ns, 3.3035 ns/op
OverheadActual   9: 262144 op, 849119.00 ns, 3.2391 ns/op
OverheadActual  10: 262144 op, 873664.00 ns, 3.3328 ns/op
OverheadActual  11: 262144 op, 878664.00 ns, 3.3518 ns/op
OverheadActual  12: 262144 op, 872411.00 ns, 3.3280 ns/op
OverheadActual  13: 262144 op, 874747.00 ns, 3.3369 ns/op
OverheadActual  14: 262144 op, 849028.00 ns, 3.2388 ns/op
OverheadActual  15: 262144 op, 876029.00 ns, 3.3418 ns/op

WorkloadWarmup   1: 262144 op, 673052434.00 ns, 2.5675 us/op
WorkloadWarmup   2: 262144 op, 669126992.00 ns, 2.5525 us/op
WorkloadWarmup   3: 262144 op, 666847827.00 ns, 2.5438 us/op

// BeforeActualRun
WorkloadActual   1: 262144 op, 665382561.00 ns, 2.5382 us/op
WorkloadActual   2: 262144 op, 671324726.00 ns, 2.5609 us/op
WorkloadActual   3: 262144 op, 663820961.00 ns, 2.5323 us/op

// AfterActualRun
WorkloadResult   1: 262144 op, 664513164.00 ns, 2.5349 us/op
WorkloadResult   2: 262144 op, 670455329.00 ns, 2.5576 us/op
WorkloadResult   3: 262144 op, 662951564.00 ns, 2.5290 us/op
// GC:  21 0 0 356528424 262144
// Threading:  0 0 262144

// AfterAll
// Benchmark Process 3164 has exited with code 0.

Mean = 2.540 μs, StdErr = 0.009 μs (0.34%), N = 3, StdDev = 0.015 μs
Min = 2.529 μs, Q1 = 2.532 μs, Median = 2.535 μs, Q3 = 2.546 μs, Max = 2.558 μs
IQR = 0.014 μs, LowerFence = 2.510 μs, UpperFence = 2.568 μs
ConfidenceInterval = [2.265 μs; 2.816 μs] (CI 99.9%), Margin = 0.276 μs (10.85% of Mean)
Skewness = 0.32, Kurtosis = 0.67, MValue = 2

// ** Remained 6 (60.0 %) benchmark(s) to run. Estimated finish 2026-10-09 20:18 (0h 0m from now) **
// **************************
// Benchmark: CacheKeyGeneratorBenchmarks.GeneratePattern: ShortRun(IterationCount=3, LaunchCount=1, WarmupCount=3)
// *** Execute ***
// Launch: 1 / 1
// Execute: dotnet Encina.Caching.Benchmarks-Job-YFEFPZ-1.dll --anonymousPipes 150 151 --benchmarkName Encina.Caching.Benchmarks.CacheKeyGeneratorBenchmarks.GeneratePattern --job ShortRun --benchmarkId 4 in /home/runner/work/Encina/Encina/tests/Encina.BenchmarkTests/Encina.Caching.Benchmarks/bin/Release/net10.0/Encina.Caching.Benchmarks-Job-YFEFPZ-1/bin/Release/net10.0
// Failed to set up high priority (Permission denied). In order to run benchmarks with high priority, make sure you have the right permissions.
// BeforeAnythingElse

// Benchmark Process Environment Information:
// BenchmarkDotNet v0.15.8
// Runtime=.NET 10.0.12 (10.0.12, 10.0.1226.42308), X64 RyuJIT x86-64-v3
// GC=Concurrent Workstation
// HardwareIntrinsics=AVX2+BMI1+BMI2+F16C+FMA+LZCNT+MOVBE,AVX,SSE3+SSSE3+SSE4.1+SSE4.2+POPCNT,X86Base+SSE+SSE2,AES+PCLMUL VectorSize=256
// Job: ShortRun(IterationCount=3, LaunchCount=1, WarmupCount=3)

OverheadJitting  1: 1 op, 212448.00 ns, 212.4480 us/op
WorkloadJitting  1: 1 op, 1174526.00 ns, 1.1745 ms/op

OverheadJitting  2: 16 op, 446846.00 ns, 27.9279 us/op
WorkloadJitting  2: 16 op, 496599.00 ns, 31.0374 us/op

WorkloadPilot    1: 16 op, 32250.00 ns, 2.0156 us/op
WorkloadPilot    2: 32 op, 36869.00 ns, 1.1522 us/op
WorkloadPilot    3: 64 op, 47058.00 ns, 735.2813 ns/op
WorkloadPilot    4: 128 op, 67987.00 ns, 531.1484 ns/op
WorkloadPilot    5: 256 op, 102432.00 ns, 400.1250 ns/op
WorkloadPilot    6: 512 op, 158967.00 ns, 310.4824 ns/op
WorkloadPilot    7: 1024 op, 299370.00 ns, 292.3535 ns/op
WorkloadPilot    8: 2048 op, 470290.00 ns, 229.6338 ns/op
WorkloadPilot    9: 4096 op, 1015880.00 ns, 248.0176 ns/op
WorkloadPilot   10: 8192 op, 1942923.00 ns, 237.1732 ns/op
WorkloadPilot   11: 16384 op, 3862284.00 ns, 235.7351 ns/op
WorkloadPilot   12: 32768 op, 7649428.00 ns, 233.4420 ns/op
WorkloadPilot   13: 65536 op, 15139487.00 ns, 231.0102 ns/op
WorkloadPilot   14: 131072 op, 20226223.00 ns, 154.3138 ns/op
WorkloadPilot   15: 262144 op, 38377002.00 ns, 146.3966 ns/op
WorkloadPilot   16: 524288 op, 73771766.00 ns, 140.7085 ns/op
WorkloadPilot   17: 1048576 op, 146219856.00 ns, 139.4461 ns/op
WorkloadPilot   18: 2097152 op, 285488060.00 ns, 136.1313 ns/op
WorkloadPilot   19: 4194304 op, 570461046.00 ns, 136.0085 ns/op

OverheadWarmup   1: 4194304 op, 13877026.00 ns, 3.3085 ns/op
OverheadWarmup   2: 4194304 op, 13906191.00 ns, 3.3155 ns/op
OverheadWarmup   3: 4194304 op, 13903346.00 ns, 3.3148 ns/op
OverheadWarmup   4: 4194304 op, 13942299.00 ns, 3.3241 ns/op
OverheadWarmup   5: 4194304 op, 13896302.00 ns, 3.3131 ns/op

OverheadActual   1: 4194304 op, 13908465.00 ns, 3.3160 ns/op
OverheadActual   2: 4194304 op, 13901963.00 ns, 3.3145 ns/op
OverheadActual   3: 4194304 op, 13904728.00 ns, 3.3151 ns/op
OverheadActual   4: 4194304 op, 14008402.00 ns, 3.3399 ns/op
OverheadActual   5: 4194304 op, 14153613.00 ns, 3.3745 ns/op
OverheadActual   6: 4194304 op, 13867519.00 ns, 3.3063 ns/op
OverheadActual   7: 4194304 op, 13896493.00 ns, 3.3132 ns/op
OverheadActual   8: 4194304 op, 13872308.00 ns, 3.3074 ns/op
OverheadActual   9: 4194304 op, 13885442.00 ns, 3.3105 ns/op
OverheadActual  10: 4194304 op, 13879040.00 ns, 3.3090 ns/op
OverheadActual  11: 4194304 op, 13870735.00 ns, 3.3070 ns/op
OverheadActual  12: 4194304 op, 13945333.00 ns, 3.3248 ns/op
OverheadActual  13: 4194304 op, 13887807.00 ns, 3.3111 ns/op
OverheadActual  14: 4194304 op, 13885332.00 ns, 3.3105 ns/op
OverheadActual  15: 4194304 op, 13974919.00 ns, 3.3319 ns/op

WorkloadWarmup   1: 4194304 op, 582842014.00 ns, 138.9604 ns/op
WorkloadWarmup   2: 4194304 op, 576841880.00 ns, 137.5298 ns/op
WorkloadWarmup   3: 4194304 op, 572282253.00 ns, 136.4427 ns/op

// BeforeActualRun
WorkloadActual   1: 4194304 op, 571614762.00 ns, 136.2836 ns/op
WorkloadActual   2: 4194304 op, 572794711.00 ns, 136.5649 ns/op
WorkloadActual   3: 4194304 op, 573349639.00 ns, 136.6972 ns/op

// AfterActualRun
WorkloadResult   1: 4194304 op, 557718269.00 ns, 132.9704 ns/op
WorkloadResult   2: 4194304 op, 558898218.00 ns, 133.2517 ns/op
WorkloadResult   3: 4194304 op, 559453146.00 ns, 133.3840 ns/op
// GC:  64 0 0 1073755864 4194304
// Threading:  0 0 4194304

// AfterAll
// Benchmark Process 3172 has exited with code 0.

Mean = 133.202 ns, StdErr = 0.122 ns (0.09%), N = 3, StdDev = 0.211 ns
Min = 132.970 ns, Q1 = 133.111 ns, Median = 133.252 ns, Q3 = 133.318 ns, Max = 133.384 ns
IQR = 0.207 ns, LowerFence = 132.801 ns, UpperFence = 133.628 ns
ConfidenceInterval = [129.348 ns; 137.056 ns] (CI 99.9%), Margin = 3.854 ns (2.89% of Mean)
Skewness = -0.22, Kurtosis = 0.67, MValue = 2

// ** Remained 5 (50.0 %) benchmark(s) to run. Estimated finish 2026-10-09 20:18 (0h 0m from now) **
// **************************
// Benchmark: CacheKeyGeneratorBenchmarks.GeneratePattern_WithTemplate: ShortRun(IterationCount=3, LaunchCount=1, WarmupCount=3)
// *** Execute ***
// Launch: 1 / 1
// Execute: dotnet Encina.Caching.Benchmarks-Job-YFEFPZ-1.dll --anonymousPipes 150 151 --benchmarkName Encina.Caching.Benchmarks.CacheKeyGeneratorBenchmarks.GeneratePattern_WithTemplate --job ShortRun --benchmarkId 5 in /home/runner/work/Encina/Encina/tests/Encina.BenchmarkTests/Encina.Caching.Benchmarks/bin/Release/net10.0/Encina.Caching.Benchmarks-Job-YFEFPZ-1/bin/Release/net10.0
// Failed to set up high priority (Permission denied). In order to run benchmarks with high priority, make sure you have the right permissions.
// BeforeAnythingElse

// Benchmark Process Environment Information:
// BenchmarkDotNet v0.15.8
// Runtime=.NET 10.0.12 (10.0.12, 10.0.1226.42308), X64 RyuJIT x86-64-v3
// GC=Concurrent Workstation
// HardwareIntrinsics=AVX2+BMI1+BMI2+F16C+FMA+LZCNT+MOVBE,AVX,SSE3+SSSE3+SSE4.1+SSE4.2+POPCNT,X86Base+SSE+SSE2,AES+PCLMUL VectorSize=256
// Job: ShortRun(IterationCount=3, LaunchCount=1, WarmupCount=3)

OverheadJitting  1: 1 op, 214351.00 ns, 214.3510 us/op
WorkloadJitting  1: 1 op, 3015951.00 ns, 3.0160 ms/op

OverheadJitting  2: 16 op, 425817.00 ns, 26.6136 us/op
WorkloadJitting  2: 16 op, 689389.00 ns, 43.0868 us/op

WorkloadPilot    1: 16 op, 212317.00 ns, 13.2698 us/op
WorkloadPilot    2: 32 op, 203952.00 ns, 6.3735 us/op
WorkloadPilot    3: 64 op, 225121.00 ns, 3.5175 us/op
WorkloadPilot    4: 128 op, 273171.00 ns, 2.1341 us/op
WorkloadPilot    5: 256 op, 369631.00 ns, 1.4439 us/op
WorkloadPilot    6: 512 op, 467895.00 ns, 913.8574 ns/op
WorkloadPilot    7: 1024 op, 743982.00 ns, 726.5449 ns/op
WorkloadPilot    8: 2048 op, 1321312.00 ns, 645.1719 ns/op
WorkloadPilot    9: 4096 op, 2436147.00 ns, 594.7625 ns/op
WorkloadPilot   10: 8192 op, 4750245.00 ns, 579.8639 ns/op
WorkloadPilot   11: 16384 op, 11122144.00 ns, 678.8418 ns/op
WorkloadPilot   12: 32768 op, 16316862.00 ns, 497.9511 ns/op
WorkloadPilot   13: 65536 op, 24041531.00 ns, 366.8447 ns/op
WorkloadPilot   14: 131072 op, 42974125.00 ns, 327.8666 ns/op
WorkloadPilot   15: 262144 op, 85561856.00 ns, 326.3926 ns/op
WorkloadPilot   16: 524288 op, 171238499.00 ns, 326.6115 ns/op
WorkloadPilot   17: 1048576 op, 340830578.00 ns, 325.0414 ns/op
WorkloadPilot   18: 2097152 op, 688419037.00 ns, 328.2638 ns/op

OverheadWarmup   1: 2097152 op, 6970579.00 ns, 3.3238 ns/op
OverheadWarmup   2: 2097152 op, 6961111.00 ns, 3.3193 ns/op
OverheadWarmup   3: 2097152 op, 7000745.00 ns, 3.3382 ns/op
OverheadWarmup   4: 2097152 op, 6943107.00 ns, 3.3107 ns/op
OverheadWarmup   5: 2097152 op, 6940713.00 ns, 3.3096 ns/op
OverheadWarmup   6: 2097152 op, 6952415.00 ns, 3.3152 ns/op
OverheadWarmup   7: 2097152 op, 6936244.00 ns, 3.3075 ns/op

OverheadActual   1: 2097152 op, 6953647.00 ns, 3.3158 ns/op
OverheadActual   2: 2097152 op, 6949770.00 ns, 3.3139 ns/op
OverheadActual   3: 2097152 op, 6950552.00 ns, 3.3143 ns/op
OverheadActual   4: 2097152 op, 6946845.00 ns, 3.3125 ns/op
OverheadActual   5: 2097152 op, 7022636.00 ns, 3.3487 ns/op
OverheadActual   6: 2097152 op, 6960460.00 ns, 3.3190 ns/op
OverheadActual   7: 2097152 op, 6940633.00 ns, 3.3096 ns/op
OverheadActual   8: 2097152 op, 6943799.00 ns, 3.3111 ns/op
OverheadActual   9: 2097152 op, 6944700.00 ns, 3.3115 ns/op
OverheadActual  10: 2097152 op, 6996337.00 ns, 3.3361 ns/op
OverheadActual  11: 2097152 op, 6978403.00 ns, 3.3276 ns/op
OverheadActual  12: 2097152 op, 7002268.00 ns, 3.3389 ns/op
OverheadActual  13: 2097152 op, 7234743.00 ns, 3.4498 ns/op
OverheadActual  14: 2097152 op, 6941073.00 ns, 3.3098 ns/op
OverheadActual  15: 2097152 op, 6941374.00 ns, 3.3099 ns/op

WorkloadWarmup   1: 2097152 op, 696865667.00 ns, 332.2914 ns/op
WorkloadWarmup   2: 2097152 op, 705639158.00 ns, 336.4750 ns/op
WorkloadWarmup   3: 2097152 op, 726674606.00 ns, 346.5055 ns/op

// BeforeActualRun
WorkloadActual   1: 2097152 op, 707091655.00 ns, 337.1676 ns/op
WorkloadActual   2: 2097152 op, 719597168.00 ns, 343.1307 ns/op
WorkloadActual   3: 2097152 op, 710962176.00 ns, 339.0132 ns/op

// AfterActualRun
WorkloadResult   1: 2097152 op, 700141103.00 ns, 333.8533 ns/op
WorkloadResult   2: 2097152 op, 712646616.00 ns, 339.8164 ns/op
WorkloadResult   3: 2097152 op, 704011624.00 ns, 335.6989 ns/op
// GC:  112 0 0 1879051576 2097152
// Threading:  0 0 2097152

// AfterAll
// Benchmark Process 3180 has exited with code 0.

Mean = 336.456 ns, StdErr = 1.763 ns (0.52%), N = 3, StdDev = 3.053 ns
Min = 333.853 ns, Q1 = 334.776 ns, Median = 335.699 ns, Q3 = 337.758 ns, Max = 339.816 ns
IQR = 2.982 ns, LowerFence = 330.304 ns, UpperFence = 342.230 ns
ConfidenceInterval = [280.761 ns; 392.151 ns] (CI 99.9%), Margin = 55.695 ns (16.55% of Mean)
Skewness = 0.23, Kurtosis = 0.67, MValue = 2

// ** Remained 4 (40.0 %) benchmark(s) to run. Estimated finish 2026-10-09 20:18 (0h 0m from now) **
// **************************
// Benchmark: CacheKeyGeneratorBenchmarks.GenerateKey_ComplexQuery: Job-YFEFPZ(IterationCount=10, WarmupCount=3)
// *** Execute ***
// Launch: 1 / 1
// Execute: dotnet Encina.Caching.Benchmarks-Job-YFEFPZ-1.dll --anonymousPipes 150 151 --benchmarkName Encina.Caching.Benchmarks.CacheKeyGeneratorBenchmarks.GenerateKey_ComplexQuery --job "IterationCount=10, WarmupCount=3" --benchmarkId 6 in /home/runner/work/Encina/Encina/tests/Encina.BenchmarkTests/Encina.Caching.Benchmarks/bin/Release/net10.0/Encina.Caching.Benchmarks-Job-YFEFPZ-1/bin/Release/net10.0
// Failed to set up high priority (Permission denied). In order to run benchmarks with high priority, make sure you have the right permissions.
// BeforeAnythingElse

// Benchmark Process Environment Information:
// BenchmarkDotNet v0.15.8
// Runtime=.NET 10.0.12 (10.0.12, 10.0.1226.42308), X64 RyuJIT x86-64-v3
// GC=Concurrent Workstation
// HardwareIntrinsics=AVX2+BMI1+BMI2+F16C+FMA+LZCNT+MOVBE,AVX,SSE3+SSSE3+SSE4.1+SSE4.2+POPCNT,X86Base+SSE+SSE2,AES+PCLMUL VectorSize=256
// Job: Job-YFEFPZ(IterationCount=10, WarmupCount=3)

OverheadJitting  1: 1 op, 244047.00 ns, 244.0470 us/op
WorkloadJitting  1: 1 op, 59246193.00 ns, 59.2462 ms/op

WorkloadPilot    1: 2 op, 568252.00 ns, 284.1260 us/op
WorkloadPilot    2: 3 op, 390660.00 ns, 130.2200 us/op
WorkloadPilot    3: 4 op, 331571.00 ns, 82.8928 us/op
WorkloadPilot    4: 5 op, 333153.00 ns, 66.6306 us/op
WorkloadPilot    5: 6 op, 330468.00 ns, 55.0780 us/op
WorkloadPilot    6: 7 op, 368629.00 ns, 52.6613 us/op
WorkloadPilot    7: 8 op, 345397.00 ns, 43.1746 us/op
WorkloadPilot    8: 9 op, 341178.00 ns, 37.9087 us/op
WorkloadPilot    9: 10 op, 346639.00 ns, 34.6639 us/op
WorkloadPilot   10: 11 op, 361857.00 ns, 32.8961 us/op
WorkloadPilot   11: 12 op, 363039.00 ns, 30.2533 us/op
WorkloadPilot   12: 13 op, 364983.00 ns, 28.0756 us/op
WorkloadPilot   13: 14 op, 420857.00 ns, 30.0612 us/op
WorkloadPilot   14: 15 op, 421519.00 ns, 28.1013 us/op
WorkloadPilot   15: 16 op, 402292.00 ns, 25.1433 us/op
WorkloadPilot   16: 32 op, 462475.00 ns, 14.4523 us/op
WorkloadPilot   17: 64 op, 573472.00 ns, 8.9605 us/op
WorkloadPilot   18: 128 op, 1040296.00 ns, 8.1273 us/op
WorkloadPilot   19: 256 op, 1640278.00 ns, 6.4073 us/op
WorkloadPilot   20: 512 op, 2955298.00 ns, 5.7721 us/op
WorkloadPilot   21: 1024 op, 5645691.00 ns, 5.5134 us/op
WorkloadPilot   22: 2048 op, 10886924.00 ns, 5.3159 us/op
WorkloadPilot   23: 4096 op, 21412813.00 ns, 5.2277 us/op
WorkloadPilot   24: 8192 op, 44534544.00 ns, 5.4363 us/op
WorkloadPilot   25: 16384 op, 82994656.00 ns, 5.0656 us/op
WorkloadPilot   26: 32768 op, 153267514.00 ns, 4.6774 us/op
WorkloadPilot   27: 65536 op, 302440067.00 ns, 4.6149 us/op
WorkloadPilot   28: 131072 op, 603519529.00 ns, 4.6045 us/op

WorkloadWarmup   1: 131072 op, 604246478.00 ns, 4.6100 us/op
WorkloadWarmup   2: 131072 op, 603888358.00 ns, 4.6073 us/op
WorkloadWarmup   3: 131072 op, 604901554.00 ns, 4.6150 us/op

// BeforeActualRun
WorkloadActual   1: 131072 op, 604436975.00 ns, 4.6115 us/op
WorkloadActual   2: 131072 op, 603905832.00 ns, 4.6074 us/op
WorkloadActual   3: 131072 op, 613795932.00 ns, 4.6829 us/op
WorkloadActual   4: 131072 op, 603355893.00 ns, 4.6032 us/op
WorkloadActual   5: 131072 op, 604530290.00 ns, 4.6122 us/op
WorkloadActual   6: 131072 op, 602932561.00 ns, 4.6000 us/op
WorkloadActual   7: 131072 op, 606976776.00 ns, 4.6309 us/op
WorkloadActual   8: 131072 op, 604043529.00 ns, 4.6085 us/op
WorkloadActual   9: 131072 op, 603347021.00 ns, 4.6032 us/op
WorkloadActual  10: 131072 op, 604404936.00 ns, 4.6112 us/op

// AfterActualRun
WorkloadResult   1: 131072 op, 604436975.00 ns, 4.6115 us/op
WorkloadResult   2: 131072 op, 603905832.00 ns, 4.6074 us/op
WorkloadResult   3: 131072 op, 603355893.00 ns, 4.6032 us/op
WorkloadResult   4: 131072 op, 604530290.00 ns, 4.6122 us/op
WorkloadResult   5: 131072 op, 602932561.00 ns, 4.6000 us/op
WorkloadResult   6: 131072 op, 604043529.00 ns, 4.6085 us/op
WorkloadResult   7: 131072 op, 603347021.00 ns, 4.6032 us/op
WorkloadResult   8: 131072 op, 604404936.00 ns, 4.6112 us/op
// GC:  12 0 0 216011592 131072
// Threading:  0 0 131072

// AfterAll
// Benchmark Process 3187 has exited with code 0.

Mean = 4.607 μs, StdErr = 0.002 μs (0.03%), N = 8, StdDev = 0.005 μs
Min = 4.600 μs, Q1 = 4.603 μs, Median = 4.608 μs, Q3 = 4.611 μs, Max = 4.612 μs
IQR = 0.008 μs, LowerFence = 4.591 μs, UpperFence = 4.623 μs
ConfidenceInterval = [4.598 μs; 4.616 μs] (CI 99.9%), Margin = 0.009 μs (0.19% of Mean)
Skewness = -0.28, Kurtosis = 1.28, MValue = 2

// ** Remained 3 (30.0 %) benchmark(s) to run. Estimated finish 2026-10-09 20:18 (0h 0m from now) **
// **************************
// Benchmark: CacheKeyGeneratorBenchmarks.GenerateKey_ComplexQuery: ShortRun(IterationCount=3, LaunchCount=1, WarmupCount=3)
// *** Execute ***
// Launch: 1 / 1
// Execute: dotnet Encina.Caching.Benchmarks-Job-YFEFPZ-1.dll --anonymousPipes 150 151 --benchmarkName Encina.Caching.Benchmarks.CacheKeyGeneratorBenchmarks.GenerateKey_ComplexQuery --job ShortRun --benchmarkId 7 in /home/runner/work/Encina/Encina/tests/Encina.BenchmarkTests/Encina.Caching.Benchmarks/bin/Release/net10.0/Encina.Caching.Benchmarks-Job-YFEFPZ-1/bin/Release/net10.0
// Failed to set up high priority (Permission denied). In order to run benchmarks with high priority, make sure you have the right permissions.
// BeforeAnythingElse

// Benchmark Process Environment Information:
// BenchmarkDotNet v0.15.8
// Runtime=.NET 10.0.12 (10.0.12, 10.0.1226.42308), X64 RyuJIT x86-64-v3
// GC=Concurrent Workstation
// HardwareIntrinsics=AVX2+BMI1+BMI2+F16C+FMA+LZCNT+MOVBE,AVX,SSE3+SSSE3+SSE4.1+SSE4.2+POPCNT,X86Base+SSE+SSE2,AES+PCLMUL VectorSize=256
// Job: ShortRun(IterationCount=3, LaunchCount=1, WarmupCount=3)

OverheadJitting  1: 1 op, 213330.00 ns, 213.3300 us/op
WorkloadJitting  1: 1 op, 59653953.00 ns, 59.6540 ms/op

WorkloadPilot    1: 2 op, 391923.00 ns, 195.9615 us/op
WorkloadPilot    2: 3 op, 321662.00 ns, 107.2207 us/op
WorkloadPilot    3: 4 op, 318276.00 ns, 79.5690 us/op
WorkloadPilot    4: 5 op, 329336.00 ns, 65.8672 us/op
WorkloadPilot    5: 6 op, 331360.00 ns, 55.2267 us/op
WorkloadPilot    6: 7 op, 374251.00 ns, 53.4644 us/op
WorkloadPilot    7: 8 op, 340066.00 ns, 42.5083 us/op
WorkloadPilot    8: 9 op, 343272.00 ns, 38.1413 us/op
WorkloadPilot    9: 10 op, 356167.00 ns, 35.6167 us/op
WorkloadPilot   10: 11 op, 355755.00 ns, 32.3414 us/op
WorkloadPilot   11: 12 op, 360855.00 ns, 30.0713 us/op
WorkloadPilot   12: 13 op, 394097.00 ns, 30.3152 us/op
WorkloadPilot   13: 14 op, 394258.00 ns, 28.1613 us/op
WorkloadPilot   14: 15 op, 404427.00 ns, 26.9618 us/op
WorkloadPilot   15: 16 op, 413133.00 ns, 25.8208 us/op
WorkloadPilot   16: 32 op, 475320.00 ns, 14.8538 us/op
WorkloadPilot   17: 64 op, 586206.00 ns, 9.1595 us/op
WorkloadPilot   18: 128 op, 1057808.00 ns, 8.2641 us/op
WorkloadPilot   19: 256 op, 1702184.00 ns, 6.6492 us/op
WorkloadPilot   20: 512 op, 3038704.00 ns, 5.9350 us/op
WorkloadPilot   21: 1024 op, 5738344.00 ns, 5.6039 us/op
WorkloadPilot   22: 2048 op, 11276192.00 ns, 5.5060 us/op
WorkloadPilot   23: 4096 op, 22154530.00 ns, 5.4088 us/op
WorkloadPilot   24: 8192 op, 45581209.00 ns, 5.5641 us/op
WorkloadPilot   25: 16384 op, 86459031.00 ns, 5.2770 us/op
WorkloadPilot   26: 32768 op, 161097672.00 ns, 4.9163 us/op
WorkloadPilot   27: 65536 op, 314281662.00 ns, 4.7956 us/op
WorkloadPilot   28: 131072 op, 628871500.00 ns, 4.7979 us/op

WorkloadWarmup   1: 131072 op, 636909849.00 ns, 4.8592 us/op
WorkloadWarmup   2: 131072 op, 631335779.00 ns, 4.8167 us/op
WorkloadWarmup   3: 131072 op, 633200538.00 ns, 4.8309 us/op

// BeforeActualRun
WorkloadActual   1: 131072 op, 636361821.00 ns, 4.8551 us/op
WorkloadActual   2: 131072 op, 632362180.00 ns, 4.8245 us/op
WorkloadActual   3: 131072 op, 633350398.00 ns, 4.8321 us/op

// AfterActualRun
WorkloadResult   1: 131072 op, 636361821.00 ns, 4.8551 us/op
WorkloadResult   2: 131072 op, 632362180.00 ns, 4.8245 us/op
WorkloadResult   3: 131072 op, 633350398.00 ns, 4.8321 us/op
// GC:  12 0 0 216011592 131072
// Threading:  0 0 131072

// AfterAll
// Benchmark Process 3197 has exited with code 0.

Mean = 4.837 μs, StdErr = 0.009 μs (0.19%), N = 3, StdDev = 0.016 μs
Min = 4.825 μs, Q1 = 4.828 μs, Median = 4.832 μs, Q3 = 4.844 μs, Max = 4.855 μs
IQR = 0.015 μs, LowerFence = 4.805 μs, UpperFence = 4.866 μs
ConfidenceInterval = [4.547 μs; 5.127 μs] (CI 99.9%), Margin = 0.290 μs (5.99% of Mean)
Skewness = 0.29, Kurtosis = 0.67, MValue = 2

// ** Remained 2 (20.0 %) benchmark(s) to run. Estimated finish 2026-10-09 20:18 (0h 0m from now) **
// **************************
// Benchmark: CacheKeyGeneratorBenchmarks.GenerateKey_SimpleQuery: Job-YFEFPZ(IterationCount=10, WarmupCount=3)
// *** Execute ***
// Launch: 1 / 1
// Execute: dotnet Encina.Caching.Benchmarks-Job-YFEFPZ-1.dll --anonymousPipes 150 151 --benchmarkName Encina.Caching.Benchmarks.CacheKeyGeneratorBenchmarks.GenerateKey_SimpleQuery --job "IterationCount=10, WarmupCount=3" --benchmarkId 8 in /home/runner/work/Encina/Encina/tests/Encina.BenchmarkTests/Encina.Caching.Benchmarks/bin/Release/net10.0/Encina.Caching.Benchmarks-Job-YFEFPZ-1/bin/Release/net10.0
// Failed to set up high priority (Permission denied). In order to run benchmarks with high priority, make sure you have the right permissions.
// BeforeAnythingElse

// Benchmark Process Environment Information:
// BenchmarkDotNet v0.15.8
// Runtime=.NET 10.0.12 (10.0.12, 10.0.1226.42308), X64 RyuJIT x86-64-v3
// GC=Concurrent Workstation
// HardwareIntrinsics=AVX2+BMI1+BMI2+F16C+FMA+LZCNT+MOVBE,AVX,SSE3+SSSE3+SSE4.1+SSE4.2+POPCNT,X86Base+SSE+SSE2,AES+PCLMUL VectorSize=256
// Job: Job-YFEFPZ(IterationCount=10, WarmupCount=3)

OverheadJitting  1: 1 op, 217507.00 ns, 217.5070 us/op
WorkloadJitting  1: 1 op, 35570715.00 ns, 35.5707 ms/op

WorkloadPilot    1: 2 op, 286576.00 ns, 143.2880 us/op
WorkloadPilot    2: 3 op, 296515.00 ns, 98.8383 us/op
WorkloadPilot    3: 4 op, 297567.00 ns, 74.3918 us/op
WorkloadPilot    4: 5 op, 301023.00 ns, 60.2046 us/op
WorkloadPilot    5: 6 op, 302125.00 ns, 50.3542 us/op
WorkloadPilot    6: 7 op, 333423.00 ns, 47.6319 us/op
WorkloadPilot    7: 8 op, 347300.00 ns, 43.4125 us/op
WorkloadPilot    8: 9 op, 343712.00 ns, 38.1902 us/op
WorkloadPilot    9: 10 op, 358280.00 ns, 35.8280 us/op
WorkloadPilot   10: 11 op, 352299.00 ns, 32.0272 us/op
WorkloadPilot   11: 12 op, 370393.00 ns, 30.8661 us/op
WorkloadPilot   12: 13 op, 357208.00 ns, 27.4775 us/op
WorkloadPilot   13: 14 op, 406300.00 ns, 29.0214 us/op
WorkloadPilot   14: 15 op, 375242.00 ns, 25.0161 us/op
WorkloadPilot   15: 16 op, 386994.00 ns, 24.1871 us/op
WorkloadPilot   16: 32 op, 450543.00 ns, 14.0795 us/op
WorkloadPilot   17: 64 op, 588050.00 ns, 9.1883 us/op
WorkloadPilot   18: 128 op, 805757.00 ns, 6.2950 us/op
WorkloadPilot   19: 256 op, 1254678.00 ns, 4.9011 us/op
WorkloadPilot   20: 512 op, 2322254.00 ns, 4.5357 us/op
WorkloadPilot   21: 1024 op, 4474580.00 ns, 4.3697 us/op
WorkloadPilot   22: 2048 op, 8499308.00 ns, 4.1501 us/op
WorkloadPilot   23: 4096 op, 16725906.00 ns, 4.0835 us/op
WorkloadPilot   24: 8192 op, 33087340.00 ns, 4.0390 us/op
WorkloadPilot   25: 16384 op, 68299263.00 ns, 4.1687 us/op
WorkloadPilot   26: 32768 op, 126173747.00 ns, 3.8505 us/op
WorkloadPilot   27: 65536 op, 244696522.00 ns, 3.7338 us/op
WorkloadPilot   28: 131072 op, 481097327.00 ns, 3.6705 us/op
WorkloadPilot   29: 262144 op, 961277200.00 ns, 3.6670 us/op

WorkloadWarmup   1: 262144 op, 962365876.00 ns, 3.6711 us/op
WorkloadWarmup   2: 262144 op, 968463031.00 ns, 3.6944 us/op
WorkloadWarmup   3: 262144 op, 960626943.00 ns, 3.6645 us/op

// BeforeActualRun
WorkloadActual   1: 262144 op, 970367752.00 ns, 3.7017 us/op
WorkloadActual   2: 262144 op, 967419519.00 ns, 3.6904 us/op
WorkloadActual   3: 262144 op, 975552061.00 ns, 3.7214 us/op
WorkloadActual   4: 262144 op, 961168963.00 ns, 3.6666 us/op
WorkloadActual   5: 262144 op, 962040656.00 ns, 3.6699 us/op
WorkloadActual   6: 262144 op, 958957639.00 ns, 3.6581 us/op
WorkloadActual   7: 262144 op, 965765262.00 ns, 3.6841 us/op
WorkloadActual   8: 262144 op, 958021077.00 ns, 3.6546 us/op
WorkloadActual   9: 262144 op, 963196959.00 ns, 3.6743 us/op
WorkloadActual  10: 262144 op, 960990692.00 ns, 3.6659 us/op

// AfterActualRun
WorkloadResult   1: 262144 op, 970367752.00 ns, 3.7017 us/op
WorkloadResult   2: 262144 op, 967419519.00 ns, 3.6904 us/op
WorkloadResult   3: 262144 op, 975552061.00 ns, 3.7214 us/op
WorkloadResult   4: 262144 op, 961168963.00 ns, 3.6666 us/op
WorkloadResult   5: 262144 op, 962040656.00 ns, 3.6699 us/op
WorkloadResult   6: 262144 op, 958957639.00 ns, 3.6581 us/op
WorkloadResult   7: 262144 op, 965765262.00 ns, 3.6841 us/op
WorkloadResult   8: 262144 op, 958021077.00 ns, 3.6546 us/op
WorkloadResult   9: 262144 op, 963196959.00 ns, 3.6743 us/op
WorkloadResult  10: 262144 op, 960990692.00 ns, 3.6659 us/op
// GC:  15 0 0 262148936 262144
// Threading:  0 0 262144

// AfterAll
// Benchmark Process 3205 has exited with code 0.

Mean = 3.679 μs, StdErr = 0.007 μs (0.18%), N = 10, StdDev = 0.021 μs
Min = 3.655 μs, Q1 = 3.666 μs, Median = 3.672 μs, Q3 = 3.689 μs, Max = 3.721 μs
IQR = 0.023 μs, LowerFence = 3.632 μs, UpperFence = 3.723 μs
ConfidenceInterval = [3.647 μs; 3.710 μs] (CI 99.9%), Margin = 0.032 μs (0.86% of Mean)
Skewness = 0.71, Kurtosis = 2.2, MValue = 2

// ** Remained 1 (10.0 %) benchmark(s) to run. Estimated finish 2026-10-09 20:18 (0h 0m from now) **
// **************************
// Benchmark: CacheKeyGeneratorBenchmarks.GenerateKey_SimpleQuery: ShortRun(IterationCount=3, LaunchCount=1, WarmupCount=3)
// *** Execute ***
// Launch: 1 / 1
// Execute: dotnet Encina.Caching.Benchmarks-Job-YFEFPZ-1.dll --anonymousPipes 150 151 --benchmarkName Encina.Caching.Benchmarks.CacheKeyGeneratorBenchmarks.GenerateKey_SimpleQuery --job ShortRun --benchmarkId 9 in /home/runner/work/Encina/Encina/tests/Encina.BenchmarkTests/Encina.Caching.Benchmarks/bin/Release/net10.0/Encina.Caching.Benchmarks-Job-YFEFPZ-1/bin/Release/net10.0
// Failed to set up high priority (Permission denied). In order to run benchmarks with high priority, make sure you have the right permissions.
// BeforeAnythingElse

// Benchmark Process Environment Information:
// BenchmarkDotNet v0.15.8
// Runtime=.NET 10.0.12 (10.0.12, 10.0.1226.42308), X64 RyuJIT x86-64-v3
// GC=Concurrent Workstation
// HardwareIntrinsics=AVX2+BMI1+BMI2+F16C+FMA+LZCNT+MOVBE,AVX,SSE3+SSSE3+SSE4.1+SSE4.2+POPCNT,X86Base+SSE+SSE2,AES+PCLMUL VectorSize=256
// Job: ShortRun(IterationCount=3, LaunchCount=1, WarmupCount=3)

OverheadJitting  1: 1 op, 217046.00 ns, 217.0460 us/op
WorkloadJitting  1: 1 op, 36235389.00 ns, 36.2354 ms/op

WorkloadPilot    1: 2 op, 312124.00 ns, 156.0620 us/op
WorkloadPilot    2: 3 op, 351788.00 ns, 117.2627 us/op
WorkloadPilot    3: 4 op, 327252.00 ns, 81.8130 us/op
WorkloadPilot    4: 5 op, 339164.00 ns, 67.8328 us/op
WorkloadPilot    5: 6 op, 357068.00 ns, 59.5113 us/op
WorkloadPilot    6: 7 op, 335087.00 ns, 47.8696 us/op
WorkloadPilot    7: 8 op, 342611.00 ns, 42.8264 us/op
WorkloadPilot    8: 9 op, 321522.00 ns, 35.7247 us/op
WorkloadPilot    9: 10 op, 325419.00 ns, 32.5419 us/op
WorkloadPilot   10: 11 op, 327242.00 ns, 29.7493 us/op
WorkloadPilot   11: 12 op, 343302.00 ns, 28.6085 us/op
WorkloadPilot   12: 13 op, 335899.00 ns, 25.8384 us/op
WorkloadPilot   13: 14 op, 342841.00 ns, 24.4886 us/op
WorkloadPilot   14: 15 op, 338052.00 ns, 22.5368 us/op
WorkloadPilot   15: 16 op, 346519.00 ns, 21.6574 us/op
WorkloadPilot   16: 32 op, 413984.00 ns, 12.9370 us/op
WorkloadPilot   17: 64 op, 593570.00 ns, 9.2745 us/op
WorkloadPilot   18: 128 op, 843828.00 ns, 6.5924 us/op
WorkloadPilot   19: 256 op, 1237786.00 ns, 4.8351 us/op
WorkloadPilot   20: 512 op, 2295134.00 ns, 4.4827 us/op
WorkloadPilot   21: 1024 op, 4332153.00 ns, 4.2306 us/op
WorkloadPilot   22: 2048 op, 8484360.00 ns, 4.1428 us/op
WorkloadPilot   23: 4096 op, 16468315.00 ns, 4.0206 us/op
WorkloadPilot   24: 8192 op, 32328612.00 ns, 3.9464 us/op
WorkloadPilot   25: 16384 op, 66889368.00 ns, 4.0826 us/op
WorkloadPilot   26: 32768 op, 124890400.00 ns, 3.8114 us/op
WorkloadPilot   27: 65536 op, 240402059.00 ns, 3.6682 us/op
WorkloadPilot   28: 131072 op, 472875245.00 ns, 3.6078 us/op
WorkloadPilot   29: 262144 op, 946129548.00 ns, 3.6092 us/op

WorkloadWarmup   1: 262144 op, 947996540.00 ns, 3.6163 us/op
WorkloadWarmup   2: 262144 op, 949055341.00 ns, 3.6204 us/op
WorkloadWarmup   3: 262144 op, 945400264.00 ns, 3.6064 us/op

// BeforeActualRun
WorkloadActual   1: 262144 op, 946269610.00 ns, 3.6097 us/op
WorkloadActual   2: 262144 op, 972737359.00 ns, 3.7107 us/op
WorkloadActual   3: 262144 op, 950934797.00 ns, 3.6275 us/op

// AfterActualRun
WorkloadResult   1: 262144 op, 946269610.00 ns, 3.6097 us/op
WorkloadResult   2: 262144 op, 972737359.00 ns, 3.7107 us/op
WorkloadResult   3: 262144 op, 950934797.00 ns, 3.6275 us/op
// GC:  15 0 0 262148936 262144
// Threading:  0 0 262144

// AfterAll
// Benchmark Process 3216 has exited with code 0.

Mean = 3.649 μs, StdErr = 0.031 μs (0.85%), N = 3, StdDev = 0.054 μs
Min = 3.610 μs, Q1 = 3.619 μs, Median = 3.628 μs, Q3 = 3.669 μs, Max = 3.711 μs
IQR = 0.050 μs, LowerFence = 3.543 μs, UpperFence = 3.745 μs
ConfidenceInterval = [2.666 μs; 4.633 μs] (CI 99.9%), Margin = 0.983 μs (26.94% of Mean)
Skewness = 0.34, Kurtosis = 0.67, MValue = 2

// ** Remained 0 (0.0 %) benchmark(s) to run. Estimated finish 2026-10-09 20:18 (0h 0m from now) **
// ***** BenchmarkRunner: Finish  *****

// * Export *
  artifacts/performance/Caching/results/Encina.Caching.Benchmarks.CacheKeyGeneratorBenchmarks-report.csv
  artifacts/performance/Caching/results/Encina.Caching.Benchmarks.CacheKeyGeneratorBenchmarks-report-github.md
  artifacts/performance/Caching/results/Encina.Caching.Benchmarks.CacheKeyGeneratorBenchmarks-report.html
  artifacts/performance/Caching/results/Encina.Caching.Benchmarks.CacheKeyGeneratorBenchmarks-report-full-compressed.json

// * Detailed results *
CacheKeyGeneratorBenchmarks.GenerateKey_WithTemplate: Job-YFEFPZ(IterationCount=10, WarmupCount=3)
Runtime = .NET 10.0.12 (10.0.12, 10.0.1226.42308), X64 RyuJIT x86-64-v3; GC = Concurrent Workstation
Mean = 2.605 μs, StdErr = 0.001 μs (0.05%), N = 10, StdDev = 0.004 μs
Min = 2.599 μs, Q1 = 2.602 μs, Median = 2.604 μs, Q3 = 2.608 μs, Max = 2.609 μs
IQR = 0.006 μs, LowerFence = 2.592 μs, UpperFence = 2.617 μs
ConfidenceInterval = [2.599 μs; 2.610 μs] (CI 99.9%), Margin = 0.006 μs (0.22% of Mean)
Skewness = -0.24, Kurtosis = 1.4, MValue = 2
-------------------- Histogram --------------------
[2.596 μs ; 2.611 μs) | @@@@@@@@@@
---------------------------------------------------

CacheKeyGeneratorBenchmarks.GeneratePattern: Job-YFEFPZ(IterationCount=10, WarmupCount=3)
Runtime = .NET 10.0.12 (10.0.12, 10.0.1226.42308), X64 RyuJIT x86-64-v3; GC = Concurrent Workstation
Mean = 136.862 ns, StdErr = 0.408 ns (0.30%), N = 10, StdDev = 1.291 ns
Min = 134.190 ns, Q1 = 136.430 ns, Median = 137.329 ns, Q3 = 137.389 ns, Max = 138.662 ns
IQR = 0.959 ns, LowerFence = 134.992 ns, UpperFence = 138.827 ns
ConfidenceInterval = [134.910 ns; 138.814 ns] (CI 99.9%), Margin = 1.952 ns (1.43% of Mean)
Skewness = -0.71, Kurtosis = 2.45, MValue = 2
-------------------- Histogram --------------------
[133.404 ns ; 139.448 ns) | @@@@@@@@@@
---------------------------------------------------

CacheKeyGeneratorBenchmarks.GeneratePattern_WithTemplate: Job-YFEFPZ(IterationCount=10, WarmupCount=3)
Runtime = .NET 10.0.12 (10.0.12, 10.0.1226.42308), X64 RyuJIT x86-64-v3; GC = Concurrent Workstation
Mean = 326.956 ns, StdErr = 0.744 ns (0.23%), N = 10, StdDev = 2.354 ns
Min = 322.771 ns, Q1 = 325.671 ns, Median = 326.823 ns, Q3 = 328.423 ns, Max = 330.246 ns
IQR = 2.753 ns, LowerFence = 321.542 ns, UpperFence = 332.552 ns
ConfidenceInterval = [323.397 ns; 330.515 ns] (CI 99.9%), Margin = 3.559 ns (1.09% of Mean)
Skewness = -0.09, Kurtosis = 1.85, MValue = 2
-------------------- Histogram --------------------
[321.337 ns ; 331.681 ns) | @@@@@@@@@@
---------------------------------------------------

CacheKeyGeneratorBenchmarks.GenerateKey_ComplexQuery: Job-YFEFPZ(IterationCount=10, WarmupCount=3)
Runtime = .NET 10.0.12 (10.0.12, 10.0.1226.42308), X64 RyuJIT x86-64-v3; GC = Concurrent Workstation
Mean = 4.607 μs, StdErr = 0.002 μs (0.03%), N = 8, StdDev = 0.005 μs
Min = 4.600 μs, Q1 = 4.603 μs, Median = 4.608 μs, Q3 = 4.611 μs, Max = 4.612 μs
IQR = 0.008 μs, LowerFence = 4.591 μs, UpperFence = 4.623 μs
ConfidenceInterval = [4.598 μs; 4.616 μs] (CI 99.9%), Margin = 0.009 μs (0.19% of Mean)
Skewness = -0.28, Kurtosis = 1.28, MValue = 2
-------------------- Histogram --------------------
[4.597 μs ; 4.615 μs) | @@@@@@@@
---------------------------------------------------

CacheKeyGeneratorBenchmarks.GenerateKey_SimpleQuery: Job-YFEFPZ(IterationCount=10, WarmupCount=3)
Runtime = .NET 10.0.12 (10.0.12, 10.0.1226.42308), X64 RyuJIT x86-64-v3; GC = Concurrent Workstation
Mean = 3.679 μs, StdErr = 0.007 μs (0.18%), N = 10, StdDev = 0.021 μs
Min = 3.655 μs, Q1 = 3.666 μs, Median = 3.672 μs, Q3 = 3.689 μs, Max = 3.721 μs
IQR = 0.023 μs, LowerFence = 3.632 μs, UpperFence = 3.723 μs
ConfidenceInterval = [3.647 μs; 3.710 μs] (CI 99.9%), Margin = 0.032 μs (0.86% of Mean)
Skewness = 0.71, Kurtosis = 2.2, MValue = 2
-------------------- Histogram --------------------
[3.642 μs ; 3.734 μs) | @@@@@@@@@@
---------------------------------------------------

CacheKeyGeneratorBenchmarks.GenerateKey_WithTemplate: ShortRun(IterationCount=3, LaunchCount=1, WarmupCount=3)
Runtime = .NET 10.0.12 (10.0.12, 10.0.1226.42308), X64 RyuJIT x86-64-v3; GC = Concurrent Workstation
Mean = 2.540 μs, StdErr = 0.009 μs (0.34%), N = 3, StdDev = 0.015 μs
Min = 2.529 μs, Q1 = 2.532 μs, Median = 2.535 μs, Q3 = 2.546 μs, Max = 2.558 μs
IQR = 0.014 μs, LowerFence = 2.510 μs, UpperFence = 2.568 μs
ConfidenceInterval = [2.265 μs; 2.816 μs] (CI 99.9%), Margin = 0.276 μs (10.85% of Mean)
Skewness = 0.32, Kurtosis = 0.67, MValue = 2
-------------------- Histogram --------------------
[2.515 μs ; 2.571 μs) | @@@
---------------------------------------------------

CacheKeyGeneratorBenchmarks.GeneratePattern: ShortRun(IterationCount=3, LaunchCount=1, WarmupCount=3)
Runtime = .NET 10.0.12 (10.0.12, 10.0.1226.42308), X64 RyuJIT x86-64-v3; GC = Concurrent Workstation
Mean = 133.202 ns, StdErr = 0.122 ns (0.09%), N = 3, StdDev = 0.211 ns
Min = 132.970 ns, Q1 = 133.111 ns, Median = 133.252 ns, Q3 = 133.318 ns, Max = 133.384 ns
IQR = 0.207 ns, LowerFence = 132.801 ns, UpperFence = 133.628 ns
ConfidenceInterval = [129.348 ns; 137.056 ns] (CI 99.9%), Margin = 3.854 ns (2.89% of Mean)
Skewness = -0.22, Kurtosis = 0.67, MValue = 2
-------------------- Histogram --------------------
[132.778 ns ; 133.576 ns) | @@@
---------------------------------------------------

CacheKeyGeneratorBenchmarks.GeneratePattern_WithTemplate: ShortRun(IterationCount=3, LaunchCount=1, WarmupCount=3)
Runtime = .NET 10.0.12 (10.0.12, 10.0.1226.42308), X64 RyuJIT x86-64-v3; GC = Concurrent Workstation
Mean = 336.456 ns, StdErr = 1.763 ns (0.52%), N = 3, StdDev = 3.053 ns
Min = 333.853 ns, Q1 = 334.776 ns, Median = 335.699 ns, Q3 = 337.758 ns, Max = 339.816 ns
IQR = 2.982 ns, LowerFence = 330.304 ns, UpperFence = 342.230 ns
ConfidenceInterval = [280.761 ns; 392.151 ns] (CI 99.9%), Margin = 55.695 ns (16.55% of Mean)
Skewness = 0.23, Kurtosis = 0.67, MValue = 2
-------------------- Histogram --------------------
[331.075 ns ; 342.595 ns) | @@@
---------------------------------------------------

CacheKeyGeneratorBenchmarks.GenerateKey_ComplexQuery: ShortRun(IterationCount=3, LaunchCount=1, WarmupCount=3)
Runtime = .NET 10.0.12 (10.0.12, 10.0.1226.42308), X64 RyuJIT x86-64-v3; GC = Concurrent Workstation
Mean = 4.837 μs, StdErr = 0.009 μs (0.19%), N = 3, StdDev = 0.016 μs
Min = 4.825 μs, Q1 = 4.828 μs, Median = 4.832 μs, Q3 = 4.844 μs, Max = 4.855 μs
IQR = 0.015 μs, LowerFence = 4.805 μs, UpperFence = 4.866 μs
ConfidenceInterval = [4.547 μs; 5.127 μs] (CI 99.9%), Margin = 0.290 μs (5.99% of Mean)
Skewness = 0.29, Kurtosis = 0.67, MValue = 2
-------------------- Histogram --------------------
[4.810 μs ; 4.870 μs) | @@@
---------------------------------------------------

CacheKeyGeneratorBenchmarks.GenerateKey_SimpleQuery: ShortRun(IterationCount=3, LaunchCount=1, WarmupCount=3)
Runtime = .NET 10.0.12 (10.0.12, 10.0.1226.42308), X64 RyuJIT x86-64-v3; GC = Concurrent Workstation
Mean = 3.649 μs, StdErr = 0.031 μs (0.85%), N = 3, StdDev = 0.054 μs
Min = 3.610 μs, Q1 = 3.619 μs, Median = 3.628 μs, Q3 = 3.669 μs, Max = 3.711 μs
IQR = 0.050 μs, LowerFence = 3.543 μs, UpperFence = 3.745 μs
ConfidenceInterval = [2.666 μs; 4.633 μs] (CI 99.9%), Margin = 0.983 μs (26.94% of Mean)
Skewness = 0.34, Kurtosis = 0.67, MValue = 2
-------------------- Histogram --------------------
[3.561 μs ; 3.668 μs) | @@
[3.668 μs ; 3.760 μs) | @
---------------------------------------------------

// * Summary *

BenchmarkDotNet v0.15.8, Linux Ubuntu 24.04.5 LTS (Noble Numbat)
AMD EPYC 7763 2.62GHz, 1 CPU, 4 logical and 2 physical cores
.NET SDK 10.0.401
  [Host]     : .NET 10.0.12 (10.0.12, 10.0.1226.42308), X64 RyuJIT x86-64-v3
  Job-YFEFPZ : .NET 10.0.12 (10.0.12, 10.0.1226.42308), X64 RyuJIT x86-64-v3
  ShortRun   : .NET 10.0.12 (10.0.12, 10.0.1226.42308), X64 RyuJIT x86-64-v3

WarmupCount=3  

| Method                       | Job        | IterationCount | LaunchCount | Mean       | Error     | StdDev   | Ratio | RatioSD | Gen0   | Allocated | Alloc Ratio |
|----------------------------- |----------- |--------------- |------------ |-----------:|----------:|---------:|------:|--------:|-------:|----------:|------------:|
| GenerateKey_WithTemplate     | Job-YFEFPZ | 10             | Default     | 2,604.5 ns |   5.61 ns |  3.71 ns |  0.71 |    0.00 | 0.0801 |    1360 B |        1.36 |
| GeneratePattern              | Job-YFEFPZ | 10             | Default     |   136.9 ns |   1.95 ns |  1.29 ns |  0.04 |    0.00 | 0.0153 |     256 B |        0.26 |
| GeneratePattern_WithTemplate | Job-YFEFPZ | 10             | Default     |   327.0 ns |   3.56 ns |  2.35 ns |  0.09 |    0.00 | 0.0534 |     896 B |        0.90 |
| GenerateKey_ComplexQuery     | Job-YFEFPZ | 10             | Default     | 4,607.2 ns |   8.70 ns |  4.55 ns |  1.25 |    0.01 | 0.0916 |    1648 B |        1.65 |
| GenerateKey_SimpleQuery      | Job-YFEFPZ | 10             | Default     | 3,678.7 ns |  31.61 ns | 20.91 ns |  1.00 |    0.01 | 0.0572 |    1000 B |        1.00 |
|                              |            |                |             |            |           |          |       |         |        |           |             |
| GenerateKey_WithTemplate     | ShortRun   | 3              | 1           | 2,540.5 ns | 275.54 ns | 15.10 ns |  0.70 |    0.01 | 0.0801 |    1360 B |        1.36 |
| GeneratePattern              | ShortRun   | 3              | 1           |   133.2 ns |   3.85 ns |  0.21 ns |  0.04 |    0.00 | 0.0153 |     256 B |        0.26 |
| GeneratePattern_WithTemplate | ShortRun   | 3              | 1           |   336.5 ns |  55.69 ns |  3.05 ns |  0.09 |    0.00 | 0.0534 |     896 B |        0.90 |
| GenerateKey_ComplexQuery     | ShortRun   | 3              | 1           | 4,837.2 ns | 289.98 ns | 15.89 ns |  1.33 |    0.02 | 0.0916 |    1648 B |        1.65 |
| GenerateKey_SimpleQuery      | ShortRun   | 3              | 1           | 3,649.3 ns | 983.25 ns | 53.90 ns |  1.00 |    0.02 | 0.0572 |    1000 B |        1.00 |

// * Hints *
Outliers
  CacheKeyGeneratorBenchmarks.GeneratePattern: IterationCount=10, WarmupCount=3          -> 1 outlier  was  detected (137.50 ns)
  CacheKeyGeneratorBenchmarks.GenerateKey_ComplexQuery: IterationCount=10, WarmupCount=3 -> 2 outliers were removed (4.63 μs, 4.68 μs)
// * Config Issues *

// * Warnings *
Configuration
  Summary -> The exporter CsvExporter is already present in configuration. There may be unexpected results.
  Summary -> The exporter HtmlExporter is already present in configuration. There may be unexpected results.
  Summary -> The exporter MarkdownExporter-github is already present in configuration. There may be unexpected results.

// * Legends *
  Mean        : Arithmetic mean of all measurements
  Error       : Half of 99.9% confidence interval
  StdDev      : Standard deviation of all measurements
  Ratio       : Mean of the ratio distribution ([Current]/[Baseline])
  RatioSD     : Standard deviation of the ratio distribution ([Current]/[Baseline])
  Gen0        : GC Generation 0 collects per 1000 operations
  Allocated   : Allocated memory per single operation (managed only, inclusive, 1KB = 1024B)
  Alloc Ratio : Allocated memory ratio distribution ([Current]/[Baseline])
  1 ns        : 1 Nanosecond (0.000000001 sec)

// * Diagnostic Output - MemoryDiagnoser *


// ***** BenchmarkRunner: End *****
Run time: 00:01:32 (92.75 sec), executed benchmarks: 10

Global total time: 00:02:28 (148.34 sec), executed benchmarks: 10
// * Artifacts cleanup *
Artifacts cleanup is finished
