// Validating benchmarks:
// ***** BenchmarkRunner: Start   *****
// ***** Found 4 benchmark(s) in total *****
// ***** Building 1 exe(s) in Parallel: Start   *****
// start dotnet  restore --nodeReuse:false /p:UseSharedCompilation=false /p:Deterministic=true /p:Optimize=true /p:ArtifactsPath="/home/runner/work/Encina/Encina/tests/Encina.BenchmarkTests/Encina.Polly.Benchmarks/bin/Release/net10.0/Encina.Polly.Benchmarks-Job-NTRUNJ-1/" /p:OutDir="/home/runner/work/Encina/Encina/tests/Encina.BenchmarkTests/Encina.Polly.Benchmarks/bin/Release/net10.0/Encina.Polly.Benchmarks-Job-NTRUNJ-1/bin/Release/net10.0/" /p:OutputPath="/home/runner/work/Encina/Encina/tests/Encina.BenchmarkTests/Encina.Polly.Benchmarks/bin/Release/net10.0/Encina.Polly.Benchmarks-Job-NTRUNJ-1/bin/Release/net10.0/" /p:PublishDir="/home/runner/work/Encina/Encina/tests/Encina.BenchmarkTests/Encina.Polly.Benchmarks/bin/Release/net10.0/Encina.Polly.Benchmarks-Job-NTRUNJ-1/publish/" in /home/runner/work/Encina/Encina/tests/Encina.BenchmarkTests/Encina.Polly.Benchmarks/bin/Release/net10.0/Encina.Polly.Benchmarks-Job-NTRUNJ-1
// command took 2.67 sec and exited with 0
// start dotnet  build -c Release --no-restore --nodeReuse:false /p:UseSharedCompilation=false /p:Deterministic=true /p:Optimize=true /p:ArtifactsPath="/home/runner/work/Encina/Encina/tests/Encina.BenchmarkTests/Encina.Polly.Benchmarks/bin/Release/net10.0/Encina.Polly.Benchmarks-Job-NTRUNJ-1/" /p:OutDir="/home/runner/work/Encina/Encina/tests/Encina.BenchmarkTests/Encina.Polly.Benchmarks/bin/Release/net10.0/Encina.Polly.Benchmarks-Job-NTRUNJ-1/bin/Release/net10.0/" /p:OutputPath="/home/runner/work/Encina/Encina/tests/Encina.BenchmarkTests/Encina.Polly.Benchmarks/bin/Release/net10.0/Encina.Polly.Benchmarks-Job-NTRUNJ-1/bin/Release/net10.0/" /p:PublishDir="/home/runner/work/Encina/Encina/tests/Encina.BenchmarkTests/Encina.Polly.Benchmarks/bin/Release/net10.0/Encina.Polly.Benchmarks-Job-NTRUNJ-1/publish/" --output "/home/runner/work/Encina/Encina/tests/Encina.BenchmarkTests/Encina.Polly.Benchmarks/bin/Release/net10.0/Encina.Polly.Benchmarks-Job-NTRUNJ-1/bin/Release/net10.0/" in /home/runner/work/Encina/Encina/tests/Encina.BenchmarkTests/Encina.Polly.Benchmarks/bin/Release/net10.0/Encina.Polly.Benchmarks-Job-NTRUNJ-1
// command took 29.47 sec and exited with 0
// ***** Done, took 00:00:32 (32.27 sec)   *****
// Found 4 benchmarks:
//   CircuitBreakerBenchmarks.NoCircuitBreakerAttribute_Baseline: Job-NTRUNJ(IterationCount=5, WarmupCount=3)
//   CircuitBreakerBenchmarks.NoCircuitBreakerAttribute_Baseline: ShortRun(IterationCount=3, LaunchCount=1, WarmupCount=3)
//   CircuitBreakerBenchmarks.WithCircuitBreakerAttribute_ClosedState: Job-NTRUNJ(IterationCount=5, WarmupCount=3)
//   CircuitBreakerBenchmarks.WithCircuitBreakerAttribute_ClosedState: ShortRun(IterationCount=3, LaunchCount=1, WarmupCount=3)

// **************************
// Benchmark: CircuitBreakerBenchmarks.NoCircuitBreakerAttribute_Baseline: Job-NTRUNJ(IterationCount=5, WarmupCount=3)
// *** Execute ***
// Launch: 1 / 1
// Execute: dotnet Encina.Polly.Benchmarks-Job-NTRUNJ-1.dll --anonymousPipes 140 141 --benchmarkName Encina.Polly.Benchmarks.CircuitBreakerBenchmarks.NoCircuitBreakerAttribute_Baseline --job "IterationCount=5, WarmupCount=3" --benchmarkId 0 in /home/runner/work/Encina/Encina/tests/Encina.BenchmarkTests/Encina.Polly.Benchmarks/bin/Release/net10.0/Encina.Polly.Benchmarks-Job-NTRUNJ-1/bin/Release/net10.0
// Failed to set up high priority (Permission denied). In order to run benchmarks with high priority, make sure you have the right permissions.
// BeforeAnythingElse

// Benchmark Process Environment Information:
// BenchmarkDotNet v0.15.8
// Runtime=.NET 10.0.12 (10.0.12, 10.0.1226.42308), X64 RyuJIT x86-64-v3
// GC=Concurrent Workstation
// HardwareIntrinsics=AVX2+BMI1+BMI2+F16C+FMA+LZCNT+MOVBE,AVX,SSE3+SSSE3+SSE4.1+SSE4.2+POPCNT,X86Base+SSE+SSE2,AES+PCLMUL VectorSize=256
// Job: Job-NTRUNJ(IterationCount=5, WarmupCount=3)

OverheadJitting  1: 1 op, 172793.00 ns, 172.7930 us/op
WorkloadJitting  1: 1 op, 41754420.00 ns, 41.7544 ms/op

WorkloadPilot    1: 2 op, 234879.00 ns, 117.4395 us/op
WorkloadPilot    2: 3 op, 20889.00 ns, 6.9630 us/op
WorkloadPilot    3: 4 op, 20368.00 ns, 5.0920 us/op
WorkloadPilot    4: 5 op, 29926.00 ns, 5.9852 us/op
WorkloadPilot    5: 6 op, 22582.00 ns, 3.7637 us/op
WorkloadPilot    6: 7 op, 31078.00 ns, 4.4397 us/op
WorkloadPilot    7: 8 op, 30947.00 ns, 3.8684 us/op
WorkloadPilot    8: 9 op, 31709.00 ns, 3.5232 us/op
WorkloadPilot    9: 10 op, 52108.00 ns, 5.2108 us/op
WorkloadPilot   10: 11 op, 33182.00 ns, 3.0165 us/op
WorkloadPilot   11: 12 op, 34494.00 ns, 2.8745 us/op
WorkloadPilot   12: 13 op, 39023.00 ns, 3.0018 us/op
WorkloadPilot   13: 14 op, 73468.00 ns, 5.2477 us/op
WorkloadPilot   14: 15 op, 40285.00 ns, 2.6857 us/op
WorkloadPilot   15: 16 op, 41628.00 ns, 2.6018 us/op
WorkloadPilot   16: 32 op, 61956.00 ns, 1.9361 us/op
WorkloadPilot   17: 64 op, 103503.00 ns, 1.6172 us/op
WorkloadPilot   18: 128 op, 229047.00 ns, 1.7894 us/op
WorkloadPilot   19: 256 op, 358940.00 ns, 1.4021 us/op
WorkloadPilot   20: 512 op, 662516.00 ns, 1.2940 us/op
WorkloadPilot   21: 1024 op, 1352234.00 ns, 1.3205 us/op
WorkloadPilot   22: 2048 op, 2741587.00 ns, 1.3387 us/op
WorkloadPilot   23: 4096 op, 5244870.00 ns, 1.2805 us/op
WorkloadPilot   24: 8192 op, 10675126.00 ns, 1.3031 us/op
WorkloadPilot   25: 16384 op, 20103946.00 ns, 1.2270 us/op
WorkloadPilot   26: 32768 op, 30407900.00 ns, 927.9755 ns/op
WorkloadPilot   27: 65536 op, 58395733.00 ns, 891.0482 ns/op
WorkloadPilot   28: 131072 op, 111239260.00 ns, 848.6882 ns/op
WorkloadPilot   29: 262144 op, 222747303.00 ns, 849.7135 ns/op
WorkloadPilot   30: 524288 op, 455305027.00 ns, 868.4254 ns/op
WorkloadPilot   31: 1048576 op, 891188672.00 ns, 849.9037 ns/op

WorkloadWarmup   1: 1048576 op, 894719544.00 ns, 853.2710 ns/op
WorkloadWarmup   2: 1048576 op, 899503911.00 ns, 857.8338 ns/op
WorkloadWarmup   3: 1048576 op, 898922235.00 ns, 857.2790 ns/op

// BeforeActualRun
WorkloadActual   1: 1048576 op, 892168138.00 ns, 850.8378 ns/op
WorkloadActual   2: 1048576 op, 913885763.00 ns, 871.5494 ns/op
WorkloadActual   3: 1048576 op, 897833963.00 ns, 856.2412 ns/op
WorkloadActual   4: 1048576 op, 896982582.00 ns, 855.4293 ns/op
WorkloadActual   5: 1048576 op, 896932018.00 ns, 855.3810 ns/op

// AfterActualRun
WorkloadResult   1: 1048576 op, 892168138.00 ns, 850.8378 ns/op
WorkloadResult   2: 1048576 op, 897833963.00 ns, 856.2412 ns/op
WorkloadResult   3: 1048576 op, 896982582.00 ns, 855.4293 ns/op
WorkloadResult   4: 1048576 op, 896932018.00 ns, 855.3810 ns/op
// GC:  56 0 0 947950552 1048576
// Threading:  0 0 1048576

// AfterAll
// Benchmark Process 3173 has exited with code 0.

Mean = 854.472 ns, StdErr = 1.227 ns (0.14%), N = 4, StdDev = 2.455 ns
Min = 850.838 ns, Q1 = 854.245 ns, Median = 855.405 ns, Q3 = 855.632 ns, Max = 856.241 ns
IQR = 1.387 ns, LowerFence = 852.165 ns, UpperFence = 857.713 ns
ConfidenceInterval = [838.609 ns; 870.336 ns] (CI 99.9%), Margin = 15.864 ns (1.86% of Mean)
Skewness = -0.69, Kurtosis = 1.28, MValue = 2

// ** Remained 3 (75.0 %) benchmark(s) to run. Estimated finish 2026-09-22 21:08 (0h 0m from now) **
// **************************
// Benchmark: CircuitBreakerBenchmarks.NoCircuitBreakerAttribute_Baseline: ShortRun(IterationCount=3, LaunchCount=1, WarmupCount=3)
// *** Execute ***
// Launch: 1 / 1
// Execute: dotnet Encina.Polly.Benchmarks-Job-NTRUNJ-1.dll --anonymousPipes 140 141 --benchmarkName Encina.Polly.Benchmarks.CircuitBreakerBenchmarks.NoCircuitBreakerAttribute_Baseline --job ShortRun --benchmarkId 1 in /home/runner/work/Encina/Encina/tests/Encina.BenchmarkTests/Encina.Polly.Benchmarks/bin/Release/net10.0/Encina.Polly.Benchmarks-Job-NTRUNJ-1/bin/Release/net10.0
// Failed to set up high priority (Permission denied). In order to run benchmarks with high priority, make sure you have the right permissions.
// BeforeAnythingElse

// Benchmark Process Environment Information:
// BenchmarkDotNet v0.15.8
// Runtime=.NET 10.0.12 (10.0.12, 10.0.1226.42308), X64 RyuJIT x86-64-v3
// GC=Concurrent Workstation
// HardwareIntrinsics=AVX2+BMI1+BMI2+F16C+FMA+LZCNT+MOVBE,AVX,SSE3+SSSE3+SSE4.1+SSE4.2+POPCNT,X86Base+SSE+SSE2,AES+PCLMUL VectorSize=256
// Job: ShortRun(IterationCount=3, LaunchCount=1, WarmupCount=3)

OverheadJitting  1: 1 op, 202919.00 ns, 202.9190 us/op
WorkloadJitting  1: 1 op, 42829801.00 ns, 42.8298 ms/op

WorkloadPilot    1: 2 op, 279793.00 ns, 139.8965 us/op
WorkloadPilot    2: 3 op, 26079.00 ns, 8.6930 us/op
WorkloadPilot    3: 4 op, 20278.00 ns, 5.0695 us/op
WorkloadPilot    4: 5 op, 29625.00 ns, 5.9250 us/op
WorkloadPilot    5: 6 op, 56626.00 ns, 9.4377 us/op
WorkloadPilot    6: 7 op, 30136.00 ns, 4.3051 us/op
WorkloadPilot    7: 8 op, 31679.00 ns, 3.9599 us/op
WorkloadPilot    8: 9 op, 31620.00 ns, 3.5133 us/op
WorkloadPilot    9: 10 op, 63499.00 ns, 6.3499 us/op
WorkloadPilot   10: 11 op, 33012.00 ns, 3.0011 us/op
WorkloadPilot   11: 12 op, 34033.00 ns, 2.8361 us/op
WorkloadPilot   12: 13 op, 39294.00 ns, 3.0226 us/op
WorkloadPilot   13: 14 op, 39324.00 ns, 2.8089 us/op
WorkloadPilot   14: 15 op, 40416.00 ns, 2.6944 us/op
WorkloadPilot   15: 16 op, 44322.00 ns, 2.7701 us/op
WorkloadPilot   16: 32 op, 61876.00 ns, 1.9336 us/op
WorkloadPilot   17: 64 op, 125855.00 ns, 1.9665 us/op
WorkloadPilot   18: 128 op, 188142.00 ns, 1.4699 us/op
WorkloadPilot   19: 256 op, 397162.00 ns, 1.5514 us/op
WorkloadPilot   20: 512 op, 646317.00 ns, 1.2623 us/op
WorkloadPilot   21: 1024 op, 1213978.00 ns, 1.1855 us/op
WorkloadPilot   22: 2048 op, 2481416.00 ns, 1.2116 us/op
WorkloadPilot   23: 4096 op, 4835153.00 ns, 1.1805 us/op
WorkloadPilot   24: 8192 op, 9598252.00 ns, 1.1717 us/op
WorkloadPilot   25: 16384 op, 19013163.00 ns, 1.1605 us/op
WorkloadPilot   26: 32768 op, 28038586.00 ns, 855.6697 ns/op
WorkloadPilot   27: 65536 op, 51999453.00 ns, 793.4487 ns/op
WorkloadPilot   28: 131072 op, 105096597.00 ns, 801.8234 ns/op
WorkloadPilot   29: 262144 op, 206555517.00 ns, 787.9468 ns/op
WorkloadPilot   30: 524288 op, 414651832.00 ns, 790.8856 ns/op
WorkloadPilot   31: 1048576 op, 836955721.00 ns, 798.1832 ns/op

WorkloadWarmup   1: 1048576 op, 834487981.00 ns, 795.8298 ns/op
WorkloadWarmup   2: 1048576 op, 840141678.00 ns, 801.2215 ns/op
WorkloadWarmup   3: 1048576 op, 838081690.00 ns, 799.2570 ns/op

// BeforeActualRun
WorkloadActual   1: 1048576 op, 831297244.00 ns, 792.7868 ns/op
WorkloadActual   2: 1048576 op, 833699252.00 ns, 795.0776 ns/op
WorkloadActual   3: 1048576 op, 842412631.00 ns, 803.3873 ns/op

// AfterActualRun
WorkloadResult   1: 1048576 op, 831297244.00 ns, 792.7868 ns/op
WorkloadResult   2: 1048576 op, 833699252.00 ns, 795.0776 ns/op
WorkloadResult   3: 1048576 op, 842412631.00 ns, 803.3873 ns/op
// GC:  56 0 0 947950552 1048576
// Threading:  0 0 1048576

// AfterAll
// Benchmark Process 3183 has exited with code 0.

Mean = 797.084 ns, StdErr = 3.220 ns (0.40%), N = 3, StdDev = 5.578 ns
Min = 792.787 ns, Q1 = 793.932 ns, Median = 795.078 ns, Q3 = 799.232 ns, Max = 803.387 ns
IQR = 5.300 ns, LowerFence = 785.982 ns, UpperFence = 807.183 ns
ConfidenceInterval = [695.325 ns; 898.843 ns] (CI 99.9%), Margin = 101.759 ns (12.77% of Mean)
Skewness = 0.31, Kurtosis = 0.67, MValue = 2

// ** Remained 2 (50.0 %) benchmark(s) to run. Estimated finish 2026-09-22 21:08 (0h 0m from now) **
// **************************
// Benchmark: CircuitBreakerBenchmarks.WithCircuitBreakerAttribute_ClosedState: Job-NTRUNJ(IterationCount=5, WarmupCount=3)
// *** Execute ***
// Launch: 1 / 1
// Execute: dotnet Encina.Polly.Benchmarks-Job-NTRUNJ-1.dll --anonymousPipes 140 141 --benchmarkName Encina.Polly.Benchmarks.CircuitBreakerBenchmarks.WithCircuitBreakerAttribute_ClosedState --job "IterationCount=5, WarmupCount=3" --benchmarkId 2 in /home/runner/work/Encina/Encina/tests/Encina.BenchmarkTests/Encina.Polly.Benchmarks/bin/Release/net10.0/Encina.Polly.Benchmarks-Job-NTRUNJ-1/bin/Release/net10.0
// Failed to set up high priority (Permission denied). In order to run benchmarks with high priority, make sure you have the right permissions.
// BeforeAnythingElse

// Benchmark Process Environment Information:
// BenchmarkDotNet v0.15.8
// Runtime=.NET 10.0.12 (10.0.12, 10.0.1226.42308), X64 RyuJIT x86-64-v3
// GC=Concurrent Workstation
// HardwareIntrinsics=AVX2+BMI1+BMI2+F16C+FMA+LZCNT+MOVBE,AVX,SSE3+SSSE3+SSE4.1+SSE4.2+POPCNT,X86Base+SSE+SSE2,AES+PCLMUL VectorSize=256
// Job: Job-NTRUNJ(IterationCount=5, WarmupCount=3)

OverheadJitting  1: 1 op, 171371.00 ns, 171.3710 us/op
WorkloadJitting  1: 1 op, 41834139.00 ns, 41.8341 ms/op

WorkloadPilot    1: 2 op, 224900.00 ns, 112.4500 us/op
WorkloadPilot    2: 3 op, 21160.00 ns, 7.0533 us/op
WorkloadPilot    3: 4 op, 20368.00 ns, 5.0920 us/op
WorkloadPilot    4: 5 op, 29054.00 ns, 5.8108 us/op
WorkloadPilot    5: 6 op, 22061.00 ns, 3.6768 us/op
WorkloadPilot    6: 7 op, 35176.00 ns, 5.0251 us/op
WorkloadPilot    7: 8 op, 30757.00 ns, 3.8446 us/op
WorkloadPilot    8: 9 op, 31559.00 ns, 3.5066 us/op
WorkloadPilot    9: 10 op, 34084.00 ns, 3.4084 us/op
WorkloadPilot   10: 11 op, 33092.00 ns, 3.0084 us/op
WorkloadPilot   11: 12 op, 33102.00 ns, 2.7585 us/op
WorkloadPilot   12: 13 op, 38192.00 ns, 2.9378 us/op
WorkloadPilot   13: 14 op, 43351.00 ns, 3.0965 us/op
WorkloadPilot   14: 15 op, 42449.00 ns, 2.8299 us/op
WorkloadPilot   15: 16 op, 40426.00 ns, 2.5266 us/op
WorkloadPilot   16: 32 op, 61846.00 ns, 1.9327 us/op
WorkloadPilot   17: 64 op, 101389.00 ns, 1.5842 us/op
WorkloadPilot   18: 128 op, 224279.00 ns, 1.7522 us/op
WorkloadPilot   19: 256 op, 380371.00 ns, 1.4858 us/op
WorkloadPilot   20: 512 op, 640738.00 ns, 1.2514 us/op
WorkloadPilot   21: 1024 op, 1271305.00 ns, 1.2415 us/op
WorkloadPilot   22: 2048 op, 4177264.00 ns, 2.0397 us/op
WorkloadPilot   23: 4096 op, 8953277.00 ns, 2.1859 us/op
WorkloadPilot   24: 8192 op, 9982720.00 ns, 1.2186 us/op
WorkloadPilot   25: 16384 op, 19937910.00 ns, 1.2169 us/op
WorkloadPilot   26: 32768 op, 30357748.00 ns, 926.4449 ns/op
WorkloadPilot   27: 65536 op, 57004322.00 ns, 869.8169 ns/op
WorkloadPilot   28: 131072 op, 114473523.00 ns, 873.3637 ns/op
WorkloadPilot   29: 262144 op, 226727328.00 ns, 864.8961 ns/op
WorkloadPilot   30: 524288 op, 452186256.00 ns, 862.4768 ns/op
WorkloadPilot   31: 1048576 op, 919002555.00 ns, 876.4291 ns/op

WorkloadWarmup   1: 1048576 op, 913211936.00 ns, 870.9068 ns/op
WorkloadWarmup   2: 1048576 op, 914152428.00 ns, 871.8037 ns/op
WorkloadWarmup   3: 1048576 op, 913463683.00 ns, 871.1469 ns/op

// BeforeActualRun
WorkloadActual   1: 1048576 op, 908565350.00 ns, 866.4754 ns/op
WorkloadActual   2: 1048576 op, 916066316.00 ns, 873.6289 ns/op
WorkloadActual   3: 1048576 op, 910467895.00 ns, 868.2898 ns/op
WorkloadActual   4: 1048576 op, 916526357.00 ns, 874.0676 ns/op
WorkloadActual   5: 1048576 op, 911322813.00 ns, 869.1052 ns/op

// AfterActualRun
WorkloadResult   1: 1048576 op, 908565350.00 ns, 866.4754 ns/op
WorkloadResult   2: 1048576 op, 916066316.00 ns, 873.6289 ns/op
WorkloadResult   3: 1048576 op, 910467895.00 ns, 868.2898 ns/op
WorkloadResult   4: 1048576 op, 916526357.00 ns, 874.0676 ns/op
WorkloadResult   5: 1048576 op, 911322813.00 ns, 869.1052 ns/op
// GC:  56 0 0 939561488 1048576
// Threading:  0 0 1048576

// AfterAll
// Benchmark Process 3189 has exited with code 0.

Mean = 870.313 ns, StdErr = 1.506 ns (0.17%), N = 5, StdDev = 3.368 ns
Min = 866.475 ns, Q1 = 868.290 ns, Median = 869.105 ns, Q3 = 873.629 ns, Max = 874.068 ns
IQR = 5.339 ns, LowerFence = 860.281 ns, UpperFence = 881.638 ns
ConfidenceInterval = [857.345 ns; 883.282 ns] (CI 99.9%), Margin = 12.969 ns (1.49% of Mean)
Skewness = 0.12, Kurtosis = 0.86, MValue = 2

// ** Remained 1 (25.0 %) benchmark(s) to run. Estimated finish 2026-09-22 21:08 (0h 0m from now) **
// **************************
// Benchmark: CircuitBreakerBenchmarks.WithCircuitBreakerAttribute_ClosedState: ShortRun(IterationCount=3, LaunchCount=1, WarmupCount=3)
// *** Execute ***
// Launch: 1 / 1
// Execute: dotnet Encina.Polly.Benchmarks-Job-NTRUNJ-1.dll --anonymousPipes 140 141 --benchmarkName Encina.Polly.Benchmarks.CircuitBreakerBenchmarks.WithCircuitBreakerAttribute_ClosedState --job ShortRun --benchmarkId 3 in /home/runner/work/Encina/Encina/tests/Encina.BenchmarkTests/Encina.Polly.Benchmarks/bin/Release/net10.0/Encina.Polly.Benchmarks-Job-NTRUNJ-1/bin/Release/net10.0
// Failed to set up high priority (Permission denied). In order to run benchmarks with high priority, make sure you have the right permissions.
// BeforeAnythingElse

// Benchmark Process Environment Information:
// BenchmarkDotNet v0.15.8
// Runtime=.NET 10.0.12 (10.0.12, 10.0.1226.42308), X64 RyuJIT x86-64-v3
// GC=Concurrent Workstation
// HardwareIntrinsics=AVX2+BMI1+BMI2+F16C+FMA+LZCNT+MOVBE,AVX,SSE3+SSSE3+SSE4.1+SSE4.2+POPCNT,X86Base+SSE+SSE2,AES+PCLMUL VectorSize=256
// Job: ShortRun(IterationCount=3, LaunchCount=1, WarmupCount=3)

OverheadJitting  1: 1 op, 166060.00 ns, 166.0600 us/op
WorkloadJitting  1: 1 op, 42255810.00 ns, 42.2558 ms/op

WorkloadPilot    1: 2 op, 246431.00 ns, 123.2155 us/op
WorkloadPilot    2: 3 op, 20669.00 ns, 6.8897 us/op
WorkloadPilot    3: 4 op, 19707.00 ns, 4.9268 us/op
WorkloadPilot    4: 5 op, 29595.00 ns, 5.9190 us/op
WorkloadPilot    5: 6 op, 29616.00 ns, 4.9360 us/op
WorkloadPilot    6: 7 op, 30046.00 ns, 4.2923 us/op
WorkloadPilot    7: 8 op, 30577.00 ns, 3.8221 us/op
WorkloadPilot    8: 9 op, 34805.00 ns, 3.8672 us/op
WorkloadPilot    9: 10 op, 31700.00 ns, 3.1700 us/op
WorkloadPilot   10: 11 op, 32120.00 ns, 2.9200 us/op
WorkloadPilot   11: 12 op, 33101.00 ns, 2.7584 us/op
WorkloadPilot   12: 13 op, 40556.00 ns, 3.1197 us/op
WorkloadPilot   13: 14 op, 39013.00 ns, 2.7866 us/op
WorkloadPilot   14: 15 op, 62367.00 ns, 4.1578 us/op
WorkloadPilot   15: 16 op, 56435.00 ns, 3.5272 us/op
WorkloadPilot   16: 32 op, 96130.00 ns, 3.0041 us/op
WorkloadPilot   17: 64 op, 111818.00 ns, 1.7472 us/op
WorkloadPilot   18: 128 op, 191387.00 ns, 1.4952 us/op
WorkloadPilot   19: 256 op, 384008.00 ns, 1.5000 us/op
WorkloadPilot   20: 512 op, 642060.00 ns, 1.2540 us/op
WorkloadPilot   21: 1024 op, 1221693.00 ns, 1.1931 us/op
WorkloadPilot   22: 2048 op, 2474845.00 ns, 1.2084 us/op
WorkloadPilot   23: 4096 op, 4786514.00 ns, 1.1686 us/op
WorkloadPilot   24: 8192 op, 9579710.00 ns, 1.1694 us/op
WorkloadPilot   25: 16384 op, 18906018.00 ns, 1.1539 us/op
WorkloadPilot   26: 32768 op, 28164048.00 ns, 859.4985 ns/op
WorkloadPilot   27: 65536 op, 52198478.00 ns, 796.4856 ns/op
WorkloadPilot   28: 131072 op, 104238741.00 ns, 795.2785 ns/op
WorkloadPilot   29: 262144 op, 208255169.00 ns, 794.4304 ns/op
WorkloadPilot   30: 524288 op, 418461158.00 ns, 798.1513 ns/op
WorkloadPilot   31: 1048576 op, 843054496.00 ns, 803.9994 ns/op

WorkloadWarmup   1: 1048576 op, 834284337.00 ns, 795.6355 ns/op
WorkloadWarmup   2: 1048576 op, 836351840.00 ns, 797.6073 ns/op
WorkloadWarmup   3: 1048576 op, 836847487.00 ns, 798.0800 ns/op

// BeforeActualRun
WorkloadActual   1: 1048576 op, 838639847.00 ns, 799.7893 ns/op
WorkloadActual   2: 1048576 op, 847750131.00 ns, 808.4775 ns/op
WorkloadActual   3: 1048576 op, 836489088.00 ns, 797.7382 ns/op

// AfterActualRun
WorkloadResult   1: 1048576 op, 838639847.00 ns, 799.7893 ns/op
WorkloadResult   2: 1048576 op, 847750131.00 ns, 808.4775 ns/op
WorkloadResult   3: 1048576 op, 836489088.00 ns, 797.7382 ns/op
// GC:  56 0 0 939561488 1048576
// Threading:  0 0 1048576

// AfterAll
// Benchmark Process 3198 has exited with code 0.

Mean = 802.002 ns, StdErr = 3.292 ns (0.41%), N = 3, StdDev = 5.701 ns
Min = 797.738 ns, Q1 = 798.764 ns, Median = 799.789 ns, Q3 = 804.133 ns, Max = 808.478 ns
IQR = 5.370 ns, LowerFence = 790.709 ns, UpperFence = 812.188 ns
ConfidenceInterval = [697.989 ns; 906.014 ns] (CI 99.9%), Margin = 104.012 ns (12.97% of Mean)
Skewness = 0.33, Kurtosis = 0.67, MValue = 2

// ** Remained 0 (0.0 %) benchmark(s) to run. Estimated finish 2026-09-22 21:08 (0h 0m from now) **
// ***** BenchmarkRunner: Finish  *****

// * Export *
  artifacts/performance/Polly/results/Encina.Polly.Benchmarks.CircuitBreakerBenchmarks-report.csv
  artifacts/performance/Polly/results/Encina.Polly.Benchmarks.CircuitBreakerBenchmarks-report-github.md
  artifacts/performance/Polly/results/Encina.Polly.Benchmarks.CircuitBreakerBenchmarks-report.html
  artifacts/performance/Polly/results/Encina.Polly.Benchmarks.CircuitBreakerBenchmarks-report-full-compressed.json

// * Detailed results *
CircuitBreakerBenchmarks.NoCircuitBreakerAttribute_Baseline: Job-NTRUNJ(IterationCount=5, WarmupCount=3)
Runtime = .NET 10.0.12 (10.0.12, 10.0.1226.42308), X64 RyuJIT x86-64-v3; GC = Concurrent Workstation
Mean = 854.472 ns, StdErr = 1.227 ns (0.14%), N = 4, StdDev = 2.455 ns
Min = 850.838 ns, Q1 = 854.245 ns, Median = 855.405 ns, Q3 = 855.632 ns, Max = 856.241 ns
IQR = 1.387 ns, LowerFence = 852.165 ns, UpperFence = 857.713 ns
ConfidenceInterval = [838.609 ns; 870.336 ns] (CI 99.9%), Margin = 15.864 ns (1.86% of Mean)
Skewness = -0.69, Kurtosis = 1.28, MValue = 2
-------------------- Histogram --------------------
[848.808 ns ; 858.271 ns) | @@@@
---------------------------------------------------

CircuitBreakerBenchmarks.WithCircuitBreakerAttribute_ClosedState: Job-NTRUNJ(IterationCount=5, WarmupCount=3)
Runtime = .NET 10.0.12 (10.0.12, 10.0.1226.42308), X64 RyuJIT x86-64-v3; GC = Concurrent Workstation
Mean = 870.313 ns, StdErr = 1.506 ns (0.17%), N = 5, StdDev = 3.368 ns
Min = 866.475 ns, Q1 = 868.290 ns, Median = 869.105 ns, Q3 = 873.629 ns, Max = 874.068 ns
IQR = 5.339 ns, LowerFence = 860.281 ns, UpperFence = 881.638 ns
ConfidenceInterval = [857.345 ns; 883.282 ns] (CI 99.9%), Margin = 12.969 ns (1.49% of Mean)
Skewness = 0.12, Kurtosis = 0.86, MValue = 2
-------------------- Histogram --------------------
[863.890 ns ; 876.653 ns) | @@@@@
---------------------------------------------------

CircuitBreakerBenchmarks.NoCircuitBreakerAttribute_Baseline: ShortRun(IterationCount=3, LaunchCount=1, WarmupCount=3)
Runtime = .NET 10.0.12 (10.0.12, 10.0.1226.42308), X64 RyuJIT x86-64-v3; GC = Concurrent Workstation
Mean = 797.084 ns, StdErr = 3.220 ns (0.40%), N = 3, StdDev = 5.578 ns
Min = 792.787 ns, Q1 = 793.932 ns, Median = 795.078 ns, Q3 = 799.232 ns, Max = 803.387 ns
IQR = 5.300 ns, LowerFence = 785.982 ns, UpperFence = 807.183 ns
ConfidenceInterval = [695.325 ns; 898.843 ns] (CI 99.9%), Margin = 101.759 ns (12.77% of Mean)
Skewness = 0.31, Kurtosis = 0.67, MValue = 2
-------------------- Histogram --------------------
[787.711 ns ; 808.463 ns) | @@@
---------------------------------------------------

CircuitBreakerBenchmarks.WithCircuitBreakerAttribute_ClosedState: ShortRun(IterationCount=3, LaunchCount=1, WarmupCount=3)
Runtime = .NET 10.0.12 (10.0.12, 10.0.1226.42308), X64 RyuJIT x86-64-v3; GC = Concurrent Workstation
Mean = 802.002 ns, StdErr = 3.292 ns (0.41%), N = 3, StdDev = 5.701 ns
Min = 797.738 ns, Q1 = 798.764 ns, Median = 799.789 ns, Q3 = 804.133 ns, Max = 808.478 ns
IQR = 5.370 ns, LowerFence = 790.709 ns, UpperFence = 812.188 ns
ConfidenceInterval = [697.989 ns; 906.014 ns] (CI 99.9%), Margin = 104.012 ns (12.97% of Mean)
Skewness = 0.33, Kurtosis = 0.67, MValue = 2
-------------------- Histogram --------------------
[792.550 ns ; 813.666 ns) | @@@
---------------------------------------------------

// * Summary *

BenchmarkDotNet v0.15.8, Linux Ubuntu 24.04.5 LTS (Noble Numbat)
AMD EPYC 7763 2.45GHz, 1 CPU, 4 logical and 2 physical cores
.NET SDK 10.0.401
  [Host]     : .NET 10.0.12 (10.0.12, 10.0.1226.42308), X64 RyuJIT x86-64-v3
  Job-NTRUNJ : .NET 10.0.12 (10.0.12, 10.0.1226.42308), X64 RyuJIT x86-64-v3
  ShortRun   : .NET 10.0.12 (10.0.12, 10.0.1226.42308), X64 RyuJIT x86-64-v3

WarmupCount=3  

| Method                                  | Job        | IterationCount | LaunchCount | Mean     | Error     | StdDev  | Ratio | Gen0   | Allocated | Alloc Ratio |
|---------------------------------------- |----------- |--------------- |------------ |---------:|----------:|--------:|------:|-------:|----------:|------------:|
| NoCircuitBreakerAttribute_Baseline      | Job-NTRUNJ | 5              | Default     | 854.5 ns |  15.86 ns | 2.45 ns |  1.00 | 0.0534 |     904 B |        1.00 |
| WithCircuitBreakerAttribute_ClosedState | Job-NTRUNJ | 5              | Default     | 870.3 ns |  12.97 ns | 3.37 ns |  1.02 | 0.0534 |     896 B |        0.99 |
|                                         |            |                |             |          |           |         |       |        |           |             |
| NoCircuitBreakerAttribute_Baseline      | ShortRun   | 3              | 1           | 797.1 ns | 101.76 ns | 5.58 ns |  1.00 | 0.0534 |     904 B |        1.00 |
| WithCircuitBreakerAttribute_ClosedState | ShortRun   | 3              | 1           | 802.0 ns | 104.01 ns | 5.70 ns |  1.01 | 0.0534 |     896 B |        0.99 |

// * Hints *
Outliers
  CircuitBreakerBenchmarks.NoCircuitBreakerAttribute_Baseline: IterationCount=5, WarmupCount=3 -> 1 outlier  was  removed, 2 outliers were detected (850.84 ns, 871.55 ns)
// * Config Issues *

// * Warnings *
Configuration
  Summary -> The exporter CsvExporter is already present in configuration. There may be unexpected results.
  Summary -> The exporter HtmlExporter is already present in configuration. There may be unexpected results.
  Summary -> The exporter MarkdownExporter-github is already present in configuration. There may be unexpected results.

// * Legends *
  Mean        : Arithmetic mean of all measurements
  Error       : Half of 99.9% confidence interval
  StdDev      : Standard deviation of all measurements
  Ratio       : Mean of the ratio distribution ([Current]/[Baseline])
  Gen0        : GC Generation 0 collects per 1000 operations
  Allocated   : Allocated memory per single operation (managed only, inclusive, 1KB = 1024B)
  Alloc Ratio : Allocated memory ratio distribution ([Current]/[Baseline])
  1 ns        : 1 Nanosecond (0.000000001 sec)

// * Diagnostic Output - MemoryDiagnoser *


// ***** BenchmarkRunner: End *****
Run time: 00:00:36 (36.82 sec), executed benchmarks: 4

Global total time: 00:01:09 (69.36 sec), executed benchmarks: 4
// * Artifacts cleanup *
Artifacts cleanup is finished
