// Validating benchmarks:
// ***** BenchmarkRunner: Start   *****
// ***** Found 10 benchmark(s) in total *****
// ***** Building 1 exe(s) in Parallel: Start   *****
// start dotnet  restore --nodeReuse:false /p:UseSharedCompilation=false /p:Deterministic=true /p:Optimize=true /p:ArtifactsPath="/home/runner/work/Encina/Encina/tests/Encina.BenchmarkTests/Encina.Benchmarks/bin/Release/net10.0/Encina.Benchmarks-ShortRun-1/" /p:OutDir="/home/runner/work/Encina/Encina/tests/Encina.BenchmarkTests/Encina.Benchmarks/bin/Release/net10.0/Encina.Benchmarks-ShortRun-1/bin/Release/net10.0/" /p:OutputPath="/home/runner/work/Encina/Encina/tests/Encina.BenchmarkTests/Encina.Benchmarks/bin/Release/net10.0/Encina.Benchmarks-ShortRun-1/bin/Release/net10.0/" /p:PublishDir="/home/runner/work/Encina/Encina/tests/Encina.BenchmarkTests/Encina.Benchmarks/bin/Release/net10.0/Encina.Benchmarks-ShortRun-1/publish/" in /home/runner/work/Encina/Encina/tests/Encina.BenchmarkTests/Encina.Benchmarks/bin/Release/net10.0/Encina.Benchmarks-ShortRun-1
// command took 3.59 sec and exited with 0
// start dotnet  build -c Release --no-restore --nodeReuse:false /p:UseSharedCompilation=false /p:Deterministic=true /p:Optimize=true /p:ArtifactsPath="/home/runner/work/Encina/Encina/tests/Encina.BenchmarkTests/Encina.Benchmarks/bin/Release/net10.0/Encina.Benchmarks-ShortRun-1/" /p:OutDir="/home/runner/work/Encina/Encina/tests/Encina.BenchmarkTests/Encina.Benchmarks/bin/Release/net10.0/Encina.Benchmarks-ShortRun-1/bin/Release/net10.0/" /p:OutputPath="/home/runner/work/Encina/Encina/tests/Encina.BenchmarkTests/Encina.Benchmarks/bin/Release/net10.0/Encina.Benchmarks-ShortRun-1/bin/Release/net10.0/" /p:PublishDir="/home/runner/work/Encina/Encina/tests/Encina.BenchmarkTests/Encina.Benchmarks/bin/Release/net10.0/Encina.Benchmarks-ShortRun-1/publish/" --output "/home/runner/work/Encina/Encina/tests/Encina.BenchmarkTests/Encina.Benchmarks/bin/Release/net10.0/Encina.Benchmarks-ShortRun-1/bin/Release/net10.0/" in /home/runner/work/Encina/Encina/tests/Encina.BenchmarkTests/Encina.Benchmarks/bin/Release/net10.0/Encina.Benchmarks-ShortRun-1
// command took 190.67 sec and exited with 0
// ***** Done, took 00:03:14 (194.44 sec)   *****
// Found 10 benchmarks:
//   ShadowShardRouterBenchmarks.'Bare HashRouter': ShortRun(InvocationCount=1, IterationCount=3, LaunchCount=1, UnrollFactor=1, WarmupCount=3) [ShardCount=3]
//   ShadowShardRouterBenchmarks.'Decorated GetShardId (production path)': ShortRun(InvocationCount=1, IterationCount=3, LaunchCount=1, UnrollFactor=1, WarmupCount=3) [ShardCount=3]
//   ShadowShardRouterBenchmarks.'Decorated CompareAsync': ShortRun(InvocationCount=1, IterationCount=3, LaunchCount=1, UnrollFactor=1, WarmupCount=3) [ShardCount=3]
//   ShadowShardRouterBenchmarks.'Decorated GetAllShardIds': ShortRun(InvocationCount=1, IterationCount=3, LaunchCount=1, UnrollFactor=1, WarmupCount=3) [ShardCount=3]
//   ShadowShardRouterBenchmarks.'Decorated GetShardConnectionString': ShortRun(InvocationCount=1, IterationCount=3, LaunchCount=1, UnrollFactor=1, WarmupCount=3) [ShardCount=3]
//   ShadowShardRouterBenchmarks.'Bare HashRouter': ShortRun(InvocationCount=1, IterationCount=3, LaunchCount=1, UnrollFactor=1, WarmupCount=3) [ShardCount=50]
//   ShadowShardRouterBenchmarks.'Decorated GetShardId (production path)': ShortRun(InvocationCount=1, IterationCount=3, LaunchCount=1, UnrollFactor=1, WarmupCount=3) [ShardCount=50]
//   ShadowShardRouterBenchmarks.'Decorated CompareAsync': ShortRun(InvocationCount=1, IterationCount=3, LaunchCount=1, UnrollFactor=1, WarmupCount=3) [ShardCount=50]
//   ShadowShardRouterBenchmarks.'Decorated GetAllShardIds': ShortRun(InvocationCount=1, IterationCount=3, LaunchCount=1, UnrollFactor=1, WarmupCount=3) [ShardCount=50]
//   ShadowShardRouterBenchmarks.'Decorated GetShardConnectionString': ShortRun(InvocationCount=1, IterationCount=3, LaunchCount=1, UnrollFactor=1, WarmupCount=3) [ShardCount=50]

// **************************
// Benchmark: ShadowShardRouterBenchmarks.'Bare HashRouter': ShortRun(InvocationCount=1, IterationCount=3, LaunchCount=1, UnrollFactor=1, WarmupCount=3) [ShardCount=3]
// *** Execute ***
// Launch: 1 / 1
// Execute: dotnet Encina.Benchmarks-ShortRun-1.dll --anonymousPipes 228 229 --benchmarkName "Encina.Benchmarks.Sharding.ShadowShardRouterBenchmarks.BareHashRouting(ShardCount: 3)" --job ShortRun --benchmarkId 0 in /home/runner/work/Encina/Encina/tests/Encina.BenchmarkTests/Encina.Benchmarks/bin/Release/net10.0/Encina.Benchmarks-ShortRun-1/bin/Release/net10.0
// Failed to set up high priority (Permission denied). In order to run benchmarks with high priority, make sure you have the right permissions.
// BeforeAnythingElse

// Benchmark Process Environment Information:
// BenchmarkDotNet v0.15.8
// Runtime=.NET 10.0.12 (10.0.12, 10.0.1226.42308), X64 RyuJIT x86-64-v3
// GC=Concurrent Workstation
// HardwareIntrinsics=AVX2+BMI1+BMI2+F16C+FMA+LZCNT+MOVBE,AVX,SSE3+SSSE3+SSE4.1+SSE4.2+POPCNT,X86Base+SSE+SSE2,AES+PCLMUL VectorSize=256
// Job: ShortRun(InvocationCount=1, IterationCount=3, LaunchCount=1, UnrollFactor=1, WarmupCount=3)

OverheadJitting  1: 1 op, 225666.00 ns, 225.6660 us/op
WorkloadJitting  1: 1 op, 17977028.00 ns, 17.9770 ms/op

OverheadWarmup   1: 1 op, 250.00 ns, 250.0000 ns/op
OverheadWarmup   2: 1 op, 2515.00 ns, 2.5150 us/op
OverheadWarmup   3: 1 op, 301.00 ns, 301.0000 ns/op
OverheadWarmup   4: 1 op, 611.00 ns, 611.0000 ns/op
OverheadWarmup   5: 1 op, 311.00 ns, 311.0000 ns/op

OverheadActual   1: 1 op, 271.00 ns, 271.0000 ns/op
OverheadActual   2: 1 op, 281.00 ns, 281.0000 ns/op
OverheadActual   3: 1 op, 271.00 ns, 271.0000 ns/op
OverheadActual   4: 1 op, 271.00 ns, 271.0000 ns/op
OverheadActual   5: 1 op, 320.00 ns, 320.0000 ns/op
OverheadActual   6: 1 op, 621.00 ns, 621.0000 ns/op
OverheadActual   7: 1 op, 281.00 ns, 281.0000 ns/op
OverheadActual   8: 1 op, 291.00 ns, 291.0000 ns/op
OverheadActual   9: 1 op, 290.00 ns, 290.0000 ns/op
OverheadActual  10: 1 op, 281.00 ns, 281.0000 ns/op
OverheadActual  11: 1 op, 290.00 ns, 290.0000 ns/op
OverheadActual  12: 1 op, 2384.00 ns, 2.3840 us/op
OverheadActual  13: 1 op, 291.00 ns, 291.0000 ns/op
OverheadActual  14: 1 op, 2735.00 ns, 2.7350 us/op
OverheadActual  15: 1 op, 310.00 ns, 310.0000 ns/op
OverheadActual  16: 1 op, 270.00 ns, 270.0000 ns/op
OverheadActual  17: 1 op, 290.00 ns, 290.0000 ns/op
OverheadActual  18: 1 op, 281.00 ns, 281.0000 ns/op
OverheadActual  19: 1 op, 300.00 ns, 300.0000 ns/op
OverheadActual  20: 1 op, 301.00 ns, 301.0000 ns/op

WorkloadWarmup   1: 1 op, 64511.00 ns, 64.5110 us/op
WorkloadWarmup   2: 1 op, 4258.00 ns, 4.2580 us/op
WorkloadWarmup   3: 1 op, 3156.00 ns, 3.1560 us/op

// BeforeActualRun
WorkloadActual   1: 1 op, 3698.00 ns, 3.6980 us/op
WorkloadActual   2: 1 op, 3977.00 ns, 3.9770 us/op
WorkloadActual   3: 1 op, 3346.00 ns, 3.3460 us/op

// AfterActualRun
WorkloadResult   1: 1 op, 3408.00 ns, 3.4080 us/op
WorkloadResult   2: 1 op, 3687.00 ns, 3.6870 us/op
WorkloadResult   3: 1 op, 3056.00 ns, 3.0560 us/op
// GC:  0 0 0 56 1
// Threading:  0 0 1

// AfterAll
// Benchmark Process 3849 has exited with code 0.

Mean = 3.384 μs, StdErr = 0.183 μs (5.40%), N = 3, StdDev = 0.316 μs
Min = 3.056 μs, Q1 = 3.232 μs, Median = 3.408 μs, Q3 = 3.547 μs, Max = 3.687 μs
IQR = 0.316 μs, LowerFence = 2.759 μs, UpperFence = 4.021 μs
ConfidenceInterval = [-2.385 μs; 9.152 μs] (CI 99.9%), Margin = 5.769 μs (170.49% of Mean)
Skewness = -0.08, Kurtosis = 0.67, MValue = 2

// ** Remained 9 (90.0 %) benchmark(s) to run. Estimated finish 2026-10-06 11:22 (0h 0m from now) **
// **************************
// Benchmark: ShadowShardRouterBenchmarks.'Decorated GetShardId (production path)': ShortRun(InvocationCount=1, IterationCount=3, LaunchCount=1, UnrollFactor=1, WarmupCount=3) [ShardCount=3]
// *** Execute ***
// Launch: 1 / 1
// Execute: dotnet Encina.Benchmarks-ShortRun-1.dll --anonymousPipes 228 229 --benchmarkName "Encina.Benchmarks.Sharding.ShadowShardRouterBenchmarks.DecoratedGetShardId(ShardCount: 3)" --job ShortRun --benchmarkId 1 in /home/runner/work/Encina/Encina/tests/Encina.BenchmarkTests/Encina.Benchmarks/bin/Release/net10.0/Encina.Benchmarks-ShortRun-1/bin/Release/net10.0
// Failed to set up high priority (Permission denied). In order to run benchmarks with high priority, make sure you have the right permissions.
// BeforeAnythingElse

// Benchmark Process Environment Information:
// BenchmarkDotNet v0.15.8
// Runtime=.NET 10.0.12 (10.0.12, 10.0.1226.42308), X64 RyuJIT x86-64-v3
// GC=Concurrent Workstation
// HardwareIntrinsics=AVX2+BMI1+BMI2+F16C+FMA+LZCNT+MOVBE,AVX,SSE3+SSSE3+SSE4.1+SSE4.2+POPCNT,X86Base+SSE+SSE2,AES+PCLMUL VectorSize=256
// Job: ShortRun(InvocationCount=1, IterationCount=3, LaunchCount=1, UnrollFactor=1, WarmupCount=3)

OverheadJitting  1: 1 op, 226487.00 ns, 226.4870 us/op
WorkloadJitting  1: 1 op, 18221208.00 ns, 18.2212 ms/op

OverheadWarmup   1: 1 op, 271.00 ns, 271.0000 ns/op
OverheadWarmup   2: 1 op, 251.00 ns, 251.0000 ns/op
OverheadWarmup   3: 1 op, 231.00 ns, 231.0000 ns/op
OverheadWarmup   4: 1 op, 230.00 ns, 230.0000 ns/op
OverheadWarmup   5: 1 op, 251.00 ns, 251.0000 ns/op
OverheadWarmup   6: 1 op, 251.00 ns, 251.0000 ns/op
OverheadWarmup   7: 1 op, 261.00 ns, 261.0000 ns/op
OverheadWarmup   8: 1 op, 250.00 ns, 250.0000 ns/op

OverheadActual   1: 1 op, 260.00 ns, 260.0000 ns/op
OverheadActual   2: 1 op, 271.00 ns, 271.0000 ns/op
OverheadActual   3: 1 op, 250.00 ns, 250.0000 ns/op
OverheadActual   4: 1 op, 261.00 ns, 261.0000 ns/op
OverheadActual   5: 1 op, 261.00 ns, 261.0000 ns/op
OverheadActual   6: 1 op, 250.00 ns, 250.0000 ns/op
OverheadActual   7: 1 op, 240.00 ns, 240.0000 ns/op
OverheadActual   8: 1 op, 250.00 ns, 250.0000 ns/op
OverheadActual   9: 1 op, 250.00 ns, 250.0000 ns/op
OverheadActual  10: 1 op, 240.00 ns, 240.0000 ns/op
OverheadActual  11: 1 op, 251.00 ns, 251.0000 ns/op
OverheadActual  12: 1 op, 240.00 ns, 240.0000 ns/op
OverheadActual  13: 1 op, 281.00 ns, 281.0000 ns/op
OverheadActual  14: 1 op, 230.00 ns, 230.0000 ns/op
OverheadActual  15: 1 op, 250.00 ns, 250.0000 ns/op
OverheadActual  16: 1 op, 250.00 ns, 250.0000 ns/op
OverheadActual  17: 1 op, 230.00 ns, 230.0000 ns/op
OverheadActual  18: 1 op, 260.00 ns, 260.0000 ns/op

WorkloadWarmup   1: 1 op, 57088.00 ns, 57.0880 us/op
WorkloadWarmup   2: 1 op, 3647.00 ns, 3.6470 us/op
WorkloadWarmup   3: 1 op, 3457.00 ns, 3.4570 us/op

// BeforeActualRun
WorkloadActual   1: 1 op, 3537.00 ns, 3.5370 us/op
WorkloadActual   2: 1 op, 4198.00 ns, 4.1980 us/op
WorkloadActual   3: 1 op, 4048.00 ns, 4.0480 us/op

// AfterActualRun
WorkloadResult   1: 1 op, 3287.00 ns, 3.2870 us/op
WorkloadResult   2: 1 op, 3948.00 ns, 3.9480 us/op
WorkloadResult   3: 1 op, 3798.00 ns, 3.7980 us/op
// GC:  0 0 0 56 1
// Threading:  0 0 1

// AfterAll
// Benchmark Process 3857 has exited with code 0.

Mean = 3.678 μs, StdErr = 0.200 μs (5.44%), N = 3, StdDev = 0.347 μs
Min = 3.287 μs, Q1 = 3.542 μs, Median = 3.798 μs, Q3 = 3.873 μs, Max = 3.948 μs
IQR = 0.331 μs, LowerFence = 3.047 μs, UpperFence = 4.369 μs
ConfidenceInterval = [-2.645 μs; 10.000 μs] (CI 99.9%), Margin = 6.322 μs (171.91% of Mean)
Skewness = -0.31, Kurtosis = 0.67, MValue = 2

// ** Remained 8 (80.0 %) benchmark(s) to run. Estimated finish 2026-10-06 11:22 (0h 0m from now) **
// **************************
// Benchmark: ShadowShardRouterBenchmarks.'Decorated CompareAsync': ShortRun(InvocationCount=1, IterationCount=3, LaunchCount=1, UnrollFactor=1, WarmupCount=3) [ShardCount=3]
// *** Execute ***
// Launch: 1 / 1
// Execute: dotnet Encina.Benchmarks-ShortRun-1.dll --anonymousPipes 228 229 --benchmarkName "Encina.Benchmarks.Sharding.ShadowShardRouterBenchmarks.DecoratedCompareAsync(ShardCount: 3)" --job ShortRun --benchmarkId 2 in /home/runner/work/Encina/Encina/tests/Encina.BenchmarkTests/Encina.Benchmarks/bin/Release/net10.0/Encina.Benchmarks-ShortRun-1/bin/Release/net10.0
// Failed to set up high priority (Permission denied). In order to run benchmarks with high priority, make sure you have the right permissions.
// BeforeAnythingElse

// Benchmark Process Environment Information:
// BenchmarkDotNet v0.15.8
// Runtime=.NET 10.0.12 (10.0.12, 10.0.1226.42308), X64 RyuJIT x86-64-v3
// GC=Concurrent Workstation
// HardwareIntrinsics=AVX2+BMI1+BMI2+F16C+FMA+LZCNT+MOVBE,AVX,SSE3+SSSE3+SSE4.1+SSE4.2+POPCNT,X86Base+SSE+SSE2,AES+PCLMUL VectorSize=256
// Job: ShortRun(InvocationCount=1, IterationCount=3, LaunchCount=1, UnrollFactor=1, WarmupCount=3)

OverheadJitting  1: 1 op, 251965.00 ns, 251.9650 us/op
WorkloadJitting  1: 1 op, 17081669.00 ns, 17.0817 ms/op

OverheadWarmup   1: 1 op, 251.00 ns, 251.0000 ns/op
OverheadWarmup   2: 1 op, 270.00 ns, 270.0000 ns/op
OverheadWarmup   3: 1 op, 241.00 ns, 241.0000 ns/op
OverheadWarmup   4: 1 op, 2595.00 ns, 2.5950 us/op
OverheadWarmup   5: 1 op, 270.00 ns, 270.0000 ns/op

OverheadActual   1: 1 op, 290.00 ns, 290.0000 ns/op
OverheadActual   2: 1 op, 280.00 ns, 280.0000 ns/op
OverheadActual   3: 1 op, 301.00 ns, 301.0000 ns/op
OverheadActual   4: 1 op, 301.00 ns, 301.0000 ns/op
OverheadActual   5: 1 op, 301.00 ns, 301.0000 ns/op
OverheadActual   6: 1 op, 281.00 ns, 281.0000 ns/op
OverheadActual   7: 1 op, 290.00 ns, 290.0000 ns/op
OverheadActual   8: 1 op, 260.00 ns, 260.0000 ns/op
OverheadActual   9: 1 op, 261.00 ns, 261.0000 ns/op
OverheadActual  10: 1 op, 260.00 ns, 260.0000 ns/op
OverheadActual  11: 1 op, 280.00 ns, 280.0000 ns/op
OverheadActual  12: 1 op, 261.00 ns, 261.0000 ns/op
OverheadActual  13: 1 op, 261.00 ns, 261.0000 ns/op
OverheadActual  14: 1 op, 240.00 ns, 240.0000 ns/op
OverheadActual  15: 1 op, 251.00 ns, 251.0000 ns/op
OverheadActual  16: 1 op, 601.00 ns, 601.0000 ns/op
OverheadActual  17: 1 op, 240.00 ns, 240.0000 ns/op
OverheadActual  18: 1 op, 311.00 ns, 311.0000 ns/op
OverheadActual  19: 1 op, 281.00 ns, 281.0000 ns/op
OverheadActual  20: 1 op, 301.00 ns, 301.0000 ns/op

WorkloadWarmup   1: 1 op, 12463.00 ns, 12.4630 us/op
WorkloadWarmup   2: 1 op, 5310.00 ns, 5.3100 us/op
WorkloadWarmup   3: 1 op, 4909.00 ns, 4.9090 us/op

// BeforeActualRun
WorkloadActual   1: 1 op, 5320.00 ns, 5.3200 us/op
WorkloadActual   2: 1 op, 4469.00 ns, 4.4690 us/op
WorkloadActual   3: 1 op, 4448.00 ns, 4.4480 us/op

// AfterActualRun
WorkloadResult   1: 1 op, 5039.50 ns, 5.0395 us/op
WorkloadResult   2: 1 op, 4188.50 ns, 4.1885 us/op
WorkloadResult   3: 1 op, 4167.50 ns, 4.1675 us/op
// GC:  0 0 0 320 1
// Threading:  0 0 1

// AfterAll
// Benchmark Process 3864 has exited with code 0.

Mean = 4.465 μs, StdErr = 0.287 μs (6.43%), N = 3, StdDev = 0.497 μs
Min = 4.168 μs, Q1 = 4.178 μs, Median = 4.189 μs, Q3 = 4.614 μs, Max = 5.040 μs
IQR = 0.436 μs, LowerFence = 3.524 μs, UpperFence = 5.268 μs
ConfidenceInterval = [-4.611 μs; 13.541 μs] (CI 99.9%), Margin = 9.076 μs (203.27% of Mean)
Skewness = 0.38, Kurtosis = 0.67, MValue = 2

// ** Remained 7 (70.0 %) benchmark(s) to run. Estimated finish 2026-10-06 11:22 (0h 0m from now) **
// **************************
// Benchmark: ShadowShardRouterBenchmarks.'Decorated GetAllShardIds': ShortRun(InvocationCount=1, IterationCount=3, LaunchCount=1, UnrollFactor=1, WarmupCount=3) [ShardCount=3]
// *** Execute ***
// Launch: 1 / 1
// Execute: dotnet Encina.Benchmarks-ShortRun-1.dll --anonymousPipes 228 229 --benchmarkName "Encina.Benchmarks.Sharding.ShadowShardRouterBenchmarks.DecoratedGetAllShardIds(ShardCount: 3)" --job ShortRun --benchmarkId 3 in /home/runner/work/Encina/Encina/tests/Encina.BenchmarkTests/Encina.Benchmarks/bin/Release/net10.0/Encina.Benchmarks-ShortRun-1/bin/Release/net10.0
// Failed to set up high priority (Permission denied). In order to run benchmarks with high priority, make sure you have the right permissions.
// BeforeAnythingElse

// Benchmark Process Environment Information:
// BenchmarkDotNet v0.15.8
// Runtime=.NET 10.0.12 (10.0.12, 10.0.1226.42308), X64 RyuJIT x86-64-v3
// GC=Concurrent Workstation
// HardwareIntrinsics=AVX2+BMI1+BMI2+F16C+FMA+LZCNT+MOVBE,AVX,SSE3+SSSE3+SSE4.1+SSE4.2+POPCNT,X86Base+SSE+SSE2,AES+PCLMUL VectorSize=256
// Job: ShortRun(InvocationCount=1, IterationCount=3, LaunchCount=1, UnrollFactor=1, WarmupCount=3)

OverheadJitting  1: 1 op, 256253.00 ns, 256.2530 us/op
WorkloadJitting  1: 1 op, 716380.00 ns, 716.3800 us/op

OverheadWarmup   1: 1 op, 231.00 ns, 231.0000 ns/op
OverheadWarmup   2: 1 op, 240.00 ns, 240.0000 ns/op
OverheadWarmup   3: 1 op, 201.00 ns, 201.0000 ns/op
OverheadWarmup   4: 1 op, 220.00 ns, 220.0000 ns/op
OverheadWarmup   5: 1 op, 221.00 ns, 221.0000 ns/op
OverheadWarmup   6: 1 op, 201.00 ns, 201.0000 ns/op

OverheadActual   1: 1 op, 241.00 ns, 241.0000 ns/op
OverheadActual   2: 1 op, 240.00 ns, 240.0000 ns/op
OverheadActual   3: 1 op, 260.00 ns, 260.0000 ns/op
OverheadActual   4: 1 op, 230.00 ns, 230.0000 ns/op
OverheadActual   5: 1 op, 270.00 ns, 270.0000 ns/op
OverheadActual   6: 1 op, 251.00 ns, 251.0000 ns/op
OverheadActual   7: 1 op, 220.00 ns, 220.0000 ns/op
OverheadActual   8: 1 op, 241.00 ns, 241.0000 ns/op
OverheadActual   9: 1 op, 231.00 ns, 231.0000 ns/op
OverheadActual  10: 1 op, 221.00 ns, 221.0000 ns/op
OverheadActual  11: 1 op, 230.00 ns, 230.0000 ns/op
OverheadActual  12: 1 op, 211.00 ns, 211.0000 ns/op
OverheadActual  13: 1 op, 230.00 ns, 230.0000 ns/op
OverheadActual  14: 1 op, 221.00 ns, 221.0000 ns/op
OverheadActual  15: 1 op, 250.00 ns, 250.0000 ns/op
OverheadActual  16: 1 op, 231.00 ns, 231.0000 ns/op
OverheadActual  17: 1 op, 210.00 ns, 210.0000 ns/op
OverheadActual  18: 1 op, 230.00 ns, 230.0000 ns/op
OverheadActual  19: 1 op, 240.00 ns, 240.0000 ns/op
OverheadActual  20: 1 op, 231.00 ns, 231.0000 ns/op

WorkloadWarmup   1: 1 op, 55936.00 ns, 55.9360 us/op
WorkloadWarmup   2: 1 op, 3777.00 ns, 3.7770 us/op
WorkloadWarmup   3: 1 op, 3417.00 ns, 3.4170 us/op

// BeforeActualRun
WorkloadActual   1: 1 op, 3667.00 ns, 3.6670 us/op
WorkloadActual   2: 1 op, 3296.00 ns, 3.2960 us/op
WorkloadActual   3: 1 op, 3156.00 ns, 3.1560 us/op

// AfterActualRun
WorkloadResult   1: 1 op, 3436.00 ns, 3.4360 us/op
WorkloadResult   2: 1 op, 3065.00 ns, 3.0650 us/op
WorkloadResult   3: 1 op, 2925.00 ns, 2.9250 us/op
// GC:  0 0 0 104 1
// Threading:  0 0 1

// AfterAll
// Benchmark Process 3870 has exited with code 0.

Mean = 3.142 μs, StdErr = 0.152 μs (4.85%), N = 3, StdDev = 0.264 μs
Min = 2.925 μs, Q1 = 2.995 μs, Median = 3.065 μs, Q3 = 3.251 μs, Max = 3.436 μs
IQR = 0.256 μs, LowerFence = 2.612 μs, UpperFence = 3.634 μs
ConfidenceInterval = [-1.675 μs; 7.959 μs] (CI 99.9%), Margin = 4.817 μs (153.32% of Mean)
Skewness = 0.27, Kurtosis = 0.67, MValue = 2

// ** Remained 6 (60.0 %) benchmark(s) to run. Estimated finish 2026-10-06 11:22 (0h 0m from now) **
// **************************
// Benchmark: ShadowShardRouterBenchmarks.'Decorated GetShardConnectionString': ShortRun(InvocationCount=1, IterationCount=3, LaunchCount=1, UnrollFactor=1, WarmupCount=3) [ShardCount=3]
// *** Execute ***
// Launch: 1 / 1
// Execute: dotnet Encina.Benchmarks-ShortRun-1.dll --anonymousPipes 228 229 --benchmarkName "Encina.Benchmarks.Sharding.ShadowShardRouterBenchmarks.DecoratedGetShardConnectionString(ShardCount: 3)" --job ShortRun --benchmarkId 4 in /home/runner/work/Encina/Encina/tests/Encina.BenchmarkTests/Encina.Benchmarks/bin/Release/net10.0/Encina.Benchmarks-ShortRun-1/bin/Release/net10.0
// Failed to set up high priority (Permission denied). In order to run benchmarks with high priority, make sure you have the right permissions.
// BeforeAnythingElse

// Benchmark Process Environment Information:
// BenchmarkDotNet v0.15.8
// Runtime=.NET 10.0.12 (10.0.12, 10.0.1226.42308), X64 RyuJIT x86-64-v3
// GC=Concurrent Workstation
// HardwareIntrinsics=AVX2+BMI1+BMI2+F16C+FMA+LZCNT+MOVBE,AVX,SSE3+SSSE3+SSE4.1+SSE4.2+POPCNT,X86Base+SSE+SSE2,AES+PCLMUL VectorSize=256
// Job: ShortRun(InvocationCount=1, IterationCount=3, LaunchCount=1, UnrollFactor=1, WarmupCount=3)

OverheadJitting  1: 1 op, 225164.00 ns, 225.1640 us/op
WorkloadJitting  1: 1 op, 19175414.00 ns, 19.1754 ms/op

OverheadWarmup   1: 1 op, 241.00 ns, 241.0000 ns/op
OverheadWarmup   2: 1 op, 220.00 ns, 220.0000 ns/op
OverheadWarmup   3: 1 op, 210.00 ns, 210.0000 ns/op
OverheadWarmup   4: 1 op, 221.00 ns, 221.0000 ns/op
OverheadWarmup   5: 1 op, 201.00 ns, 201.0000 ns/op
OverheadWarmup   6: 1 op, 220.00 ns, 220.0000 ns/op
OverheadWarmup   7: 1 op, 210.00 ns, 210.0000 ns/op

OverheadActual   1: 1 op, 250.00 ns, 250.0000 ns/op
OverheadActual   2: 1 op, 230.00 ns, 230.0000 ns/op
OverheadActual   3: 1 op, 251.00 ns, 251.0000 ns/op
OverheadActual   4: 1 op, 260.00 ns, 260.0000 ns/op
OverheadActual   5: 1 op, 270.00 ns, 270.0000 ns/op
OverheadActual   6: 1 op, 260.00 ns, 260.0000 ns/op
OverheadActual   7: 1 op, 241.00 ns, 241.0000 ns/op
OverheadActual   8: 1 op, 321.00 ns, 321.0000 ns/op
OverheadActual   9: 1 op, 240.00 ns, 240.0000 ns/op
OverheadActual  10: 1 op, 221.00 ns, 221.0000 ns/op
OverheadActual  11: 1 op, 231.00 ns, 231.0000 ns/op
OverheadActual  12: 1 op, 221.00 ns, 221.0000 ns/op
OverheadActual  13: 1 op, 210.00 ns, 210.0000 ns/op
OverheadActual  14: 1 op, 220.00 ns, 220.0000 ns/op
OverheadActual  15: 1 op, 210.00 ns, 210.0000 ns/op
OverheadActual  16: 1 op, 220.00 ns, 220.0000 ns/op
OverheadActual  17: 1 op, 240.00 ns, 240.0000 ns/op
OverheadActual  18: 1 op, 241.00 ns, 241.0000 ns/op
OverheadActual  19: 1 op, 240.00 ns, 240.0000 ns/op
OverheadActual  20: 1 op, 230.00 ns, 230.0000 ns/op

WorkloadWarmup   1: 1 op, 64422.00 ns, 64.4220 us/op
WorkloadWarmup   2: 1 op, 4128.00 ns, 4.1280 us/op
WorkloadWarmup   3: 1 op, 3617.00 ns, 3.6170 us/op

// BeforeActualRun
WorkloadActual   1: 1 op, 3677.00 ns, 3.6770 us/op
WorkloadActual   2: 1 op, 3346.00 ns, 3.3460 us/op
WorkloadActual   3: 1 op, 3426.00 ns, 3.4260 us/op

// AfterActualRun
WorkloadResult   1: 1 op, 3437.00 ns, 3.4370 us/op
WorkloadResult   2: 1 op, 3106.00 ns, 3.1060 us/op
WorkloadResult   3: 1 op, 3186.00 ns, 3.1860 us/op
// GC:  0 0 0 64 1
// Threading:  0 0 1

// AfterAll
// Benchmark Process 3876 has exited with code 0.

Mean = 3.243 μs, StdErr = 0.100 μs (3.07%), N = 3, StdDev = 0.173 μs
Min = 3.106 μs, Q1 = 3.146 μs, Median = 3.186 μs, Q3 = 3.312 μs, Max = 3.437 μs
IQR = 0.166 μs, LowerFence = 2.898 μs, UpperFence = 3.560 μs
ConfidenceInterval = [0.092 μs; 6.394 μs] (CI 99.9%), Margin = 3.151 μs (97.16% of Mean)
Skewness = 0.29, Kurtosis = 0.67, MValue = 2

// ** Remained 5 (50.0 %) benchmark(s) to run. Estimated finish 2026-10-06 11:22 (0h 0m from now) **
// **************************
// Benchmark: ShadowShardRouterBenchmarks.'Bare HashRouter': ShortRun(InvocationCount=1, IterationCount=3, LaunchCount=1, UnrollFactor=1, WarmupCount=3) [ShardCount=50]
// *** Execute ***
// Launch: 1 / 1
// Execute: dotnet Encina.Benchmarks-ShortRun-1.dll --anonymousPipes 228 229 --benchmarkName "Encina.Benchmarks.Sharding.ShadowShardRouterBenchmarks.BareHashRouting(ShardCount: 50)" --job ShortRun --benchmarkId 5 in /home/runner/work/Encina/Encina/tests/Encina.BenchmarkTests/Encina.Benchmarks/bin/Release/net10.0/Encina.Benchmarks-ShortRun-1/bin/Release/net10.0
// Failed to set up high priority (Permission denied). In order to run benchmarks with high priority, make sure you have the right permissions.
// BeforeAnythingElse

// Benchmark Process Environment Information:
// BenchmarkDotNet v0.15.8
// Runtime=.NET 10.0.12 (10.0.12, 10.0.1226.42308), X64 RyuJIT x86-64-v3
// GC=Concurrent Workstation
// HardwareIntrinsics=AVX2+BMI1+BMI2+F16C+FMA+LZCNT+MOVBE,AVX,SSE3+SSSE3+SSE4.1+SSE4.2+POPCNT,X86Base+SSE+SSE2,AES+PCLMUL VectorSize=256
// Job: ShortRun(InvocationCount=1, IterationCount=3, LaunchCount=1, UnrollFactor=1, WarmupCount=3)

OverheadJitting  1: 1 op, 217781.00 ns, 217.7810 us/op
WorkloadJitting  1: 1 op, 18243518.00 ns, 18.2435 ms/op

OverheadWarmup   1: 1 op, 270.00 ns, 270.0000 ns/op
OverheadWarmup   2: 1 op, 230.00 ns, 230.0000 ns/op
OverheadWarmup   3: 1 op, 241.00 ns, 241.0000 ns/op
OverheadWarmup   4: 1 op, 231.00 ns, 231.0000 ns/op
OverheadWarmup   5: 1 op, 260.00 ns, 260.0000 ns/op
OverheadWarmup   6: 1 op, 241.00 ns, 241.0000 ns/op

OverheadActual   1: 1 op, 260.00 ns, 260.0000 ns/op
OverheadActual   2: 1 op, 270.00 ns, 270.0000 ns/op
OverheadActual   3: 1 op, 261.00 ns, 261.0000 ns/op
OverheadActual   4: 1 op, 291.00 ns, 291.0000 ns/op
OverheadActual   5: 1 op, 270.00 ns, 270.0000 ns/op
OverheadActual   6: 1 op, 221.00 ns, 221.0000 ns/op
OverheadActual   7: 1 op, 230.00 ns, 230.0000 ns/op
OverheadActual   8: 1 op, 240.00 ns, 240.0000 ns/op
OverheadActual   9: 1 op, 230.00 ns, 230.0000 ns/op
OverheadActual  10: 1 op, 231.00 ns, 231.0000 ns/op
OverheadActual  11: 1 op, 241.00 ns, 241.0000 ns/op
OverheadActual  12: 1 op, 230.00 ns, 230.0000 ns/op
OverheadActual  13: 1 op, 241.00 ns, 241.0000 ns/op
OverheadActual  14: 1 op, 240.00 ns, 240.0000 ns/op
OverheadActual  15: 1 op, 251.00 ns, 251.0000 ns/op
OverheadActual  16: 1 op, 241.00 ns, 241.0000 ns/op
OverheadActual  17: 1 op, 230.00 ns, 230.0000 ns/op
OverheadActual  18: 1 op, 261.00 ns, 261.0000 ns/op
OverheadActual  19: 1 op, 230.00 ns, 230.0000 ns/op
OverheadActual  20: 1 op, 241.00 ns, 241.0000 ns/op

WorkloadWarmup   1: 1 op, 52358.00 ns, 52.3580 us/op
WorkloadWarmup   2: 1 op, 4088.00 ns, 4.0880 us/op
WorkloadWarmup   3: 1 op, 3867.00 ns, 3.8670 us/op

// BeforeActualRun
WorkloadActual   1: 1 op, 3968.00 ns, 3.9680 us/op
WorkloadActual   2: 1 op, 3626.00 ns, 3.6260 us/op
WorkloadActual   3: 1 op, 3657.00 ns, 3.6570 us/op

// AfterActualRun
WorkloadResult   1: 1 op, 3727.00 ns, 3.7270 us/op
WorkloadResult   2: 1 op, 3385.00 ns, 3.3850 us/op
WorkloadResult   3: 1 op, 3416.00 ns, 3.4160 us/op
// GC:  0 0 0 56 1
// Threading:  0 0 1

// AfterAll
// Benchmark Process 3882 has exited with code 0.

Mean = 3.509 μs, StdErr = 0.109 μs (3.11%), N = 3, StdDev = 0.189 μs
Min = 3.385 μs, Q1 = 3.401 μs, Median = 3.416 μs, Q3 = 3.571 μs, Max = 3.727 μs
IQR = 0.171 μs, LowerFence = 3.144 μs, UpperFence = 3.828 μs
ConfidenceInterval = [0.059 μs; 6.960 μs] (CI 99.9%), Margin = 3.451 μs (98.33% of Mean)
Skewness = 0.37, Kurtosis = 0.67, MValue = 2

// ** Remained 4 (40.0 %) benchmark(s) to run. Estimated finish 2026-10-06 11:22 (0h 0m from now) **
// **************************
// Benchmark: ShadowShardRouterBenchmarks.'Decorated GetShardId (production path)': ShortRun(InvocationCount=1, IterationCount=3, LaunchCount=1, UnrollFactor=1, WarmupCount=3) [ShardCount=50]
// *** Execute ***
// Launch: 1 / 1
// Execute: dotnet Encina.Benchmarks-ShortRun-1.dll --anonymousPipes 228 229 --benchmarkName "Encina.Benchmarks.Sharding.ShadowShardRouterBenchmarks.DecoratedGetShardId(ShardCount: 50)" --job ShortRun --benchmarkId 6 in /home/runner/work/Encina/Encina/tests/Encina.BenchmarkTests/Encina.Benchmarks/bin/Release/net10.0/Encina.Benchmarks-ShortRun-1/bin/Release/net10.0
// Failed to set up high priority (Permission denied). In order to run benchmarks with high priority, make sure you have the right permissions.
// BeforeAnythingElse

// Benchmark Process Environment Information:
// BenchmarkDotNet v0.15.8
// Runtime=.NET 10.0.12 (10.0.12, 10.0.1226.42308), X64 RyuJIT x86-64-v3
// GC=Concurrent Workstation
// HardwareIntrinsics=AVX2+BMI1+BMI2+F16C+FMA+LZCNT+MOVBE,AVX,SSE3+SSSE3+SSE4.1+SSE4.2+POPCNT,X86Base+SSE+SSE2,AES+PCLMUL VectorSize=256
// Job: ShortRun(InvocationCount=1, IterationCount=3, LaunchCount=1, UnrollFactor=1, WarmupCount=3)

OverheadJitting  1: 1 op, 214694.00 ns, 214.6940 us/op
WorkloadJitting  1: 1 op, 18035787.00 ns, 18.0358 ms/op

OverheadWarmup   1: 1 op, 250.00 ns, 250.0000 ns/op
OverheadWarmup   2: 1 op, 241.00 ns, 241.0000 ns/op
OverheadWarmup   3: 1 op, 251.00 ns, 251.0000 ns/op
OverheadWarmup   4: 1 op, 271.00 ns, 271.0000 ns/op
OverheadWarmup   5: 1 op, 261.00 ns, 261.0000 ns/op
OverheadWarmup   6: 1 op, 251.00 ns, 251.0000 ns/op
OverheadWarmup   7: 1 op, 240.00 ns, 240.0000 ns/op
OverheadWarmup   8: 1 op, 240.00 ns, 240.0000 ns/op
OverheadWarmup   9: 1 op, 250.00 ns, 250.0000 ns/op

OverheadActual   1: 1 op, 251.00 ns, 251.0000 ns/op
OverheadActual   2: 1 op, 260.00 ns, 260.0000 ns/op
OverheadActual   3: 1 op, 251.00 ns, 251.0000 ns/op
OverheadActual   4: 1 op, 251.00 ns, 251.0000 ns/op
OverheadActual   5: 1 op, 250.00 ns, 250.0000 ns/op
OverheadActual   6: 1 op, 250.00 ns, 250.0000 ns/op
OverheadActual   7: 1 op, 220.00 ns, 220.0000 ns/op
OverheadActual   8: 1 op, 260.00 ns, 260.0000 ns/op
OverheadActual   9: 1 op, 250.00 ns, 250.0000 ns/op
OverheadActual  10: 1 op, 270.00 ns, 270.0000 ns/op
OverheadActual  11: 1 op, 251.00 ns, 251.0000 ns/op
OverheadActual  12: 1 op, 261.00 ns, 261.0000 ns/op
OverheadActual  13: 1 op, 260.00 ns, 260.0000 ns/op
OverheadActual  14: 1 op, 261.00 ns, 261.0000 ns/op
OverheadActual  15: 1 op, 260.00 ns, 260.0000 ns/op

WorkloadWarmup   1: 1 op, 73929.00 ns, 73.9290 us/op
WorkloadWarmup   2: 1 op, 4609.00 ns, 4.6090 us/op
WorkloadWarmup   3: 1 op, 4849.00 ns, 4.8490 us/op

// BeforeActualRun
WorkloadActual   1: 1 op, 4598.00 ns, 4.5980 us/op
WorkloadActual   2: 1 op, 4248.00 ns, 4.2480 us/op
WorkloadActual   3: 1 op, 3787.00 ns, 3.7870 us/op

// AfterActualRun
WorkloadResult   1: 1 op, 4347.00 ns, 4.3470 us/op
WorkloadResult   2: 1 op, 3997.00 ns, 3.9970 us/op
WorkloadResult   3: 1 op, 3536.00 ns, 3.5360 us/op
// GC:  0 0 0 56 1
// Threading:  0 0 1

// AfterAll
// Benchmark Process 3888 has exited with code 0.

Mean = 3.960 μs, StdErr = 0.235 μs (5.93%), N = 3, StdDev = 0.407 μs
Min = 3.536 μs, Q1 = 3.767 μs, Median = 3.997 μs, Q3 = 4.172 μs, Max = 4.347 μs
IQR = 0.406 μs, LowerFence = 3.158 μs, UpperFence = 4.780 μs
ConfidenceInterval = [-3.461 μs; 11.381 μs] (CI 99.9%), Margin = 7.421 μs (187.40% of Mean)
Skewness = -0.09, Kurtosis = 0.67, MValue = 2

// ** Remained 3 (30.0 %) benchmark(s) to run. Estimated finish 2026-10-06 11:22 (0h 0m from now) **
// **************************
// Benchmark: ShadowShardRouterBenchmarks.'Decorated CompareAsync': ShortRun(InvocationCount=1, IterationCount=3, LaunchCount=1, UnrollFactor=1, WarmupCount=3) [ShardCount=50]
// *** Execute ***
// Launch: 1 / 1
// Execute: dotnet Encina.Benchmarks-ShortRun-1.dll --anonymousPipes 228 229 --benchmarkName "Encina.Benchmarks.Sharding.ShadowShardRouterBenchmarks.DecoratedCompareAsync(ShardCount: 50)" --job ShortRun --benchmarkId 7 in /home/runner/work/Encina/Encina/tests/Encina.BenchmarkTests/Encina.Benchmarks/bin/Release/net10.0/Encina.Benchmarks-ShortRun-1/bin/Release/net10.0
// Failed to set up high priority (Permission denied). In order to run benchmarks with high priority, make sure you have the right permissions.
// BeforeAnythingElse

// Benchmark Process Environment Information:
// BenchmarkDotNet v0.15.8
// Runtime=.NET 10.0.12 (10.0.12, 10.0.1226.42308), X64 RyuJIT x86-64-v3
// GC=Concurrent Workstation
// HardwareIntrinsics=AVX2+BMI1+BMI2+F16C+FMA+LZCNT+MOVBE,AVX,SSE3+SSSE3+SSE4.1+SSE4.2+POPCNT,X86Base+SSE+SSE2,AES+PCLMUL VectorSize=256
// Job: ShortRun(InvocationCount=1, IterationCount=3, LaunchCount=1, UnrollFactor=1, WarmupCount=3)

OverheadJitting  1: 1 op, 242377.00 ns, 242.3770 us/op
WorkloadJitting  1: 1 op, 17105995.00 ns, 17.1060 ms/op

OverheadWarmup   1: 1 op, 250.00 ns, 250.0000 ns/op
OverheadWarmup   2: 1 op, 261.00 ns, 261.0000 ns/op
OverheadWarmup   3: 1 op, 240.00 ns, 240.0000 ns/op
OverheadWarmup   4: 1 op, 241.00 ns, 241.0000 ns/op
OverheadWarmup   5: 1 op, 261.00 ns, 261.0000 ns/op
OverheadWarmup   6: 1 op, 231.00 ns, 231.0000 ns/op

OverheadActual   1: 1 op, 250.00 ns, 250.0000 ns/op
OverheadActual   2: 1 op, 241.00 ns, 241.0000 ns/op
OverheadActual   3: 1 op, 260.00 ns, 260.0000 ns/op
OverheadActual   4: 1 op, 250.00 ns, 250.0000 ns/op
OverheadActual   5: 1 op, 240.00 ns, 240.0000 ns/op
OverheadActual   6: 1 op, 270.00 ns, 270.0000 ns/op
OverheadActual   7: 1 op, 261.00 ns, 261.0000 ns/op
OverheadActual   8: 1 op, 240.00 ns, 240.0000 ns/op
OverheadActual   9: 1 op, 251.00 ns, 251.0000 ns/op
OverheadActual  10: 1 op, 240.00 ns, 240.0000 ns/op
OverheadActual  11: 1 op, 241.00 ns, 241.0000 ns/op
OverheadActual  12: 1 op, 240.00 ns, 240.0000 ns/op
OverheadActual  13: 1 op, 250.00 ns, 250.0000 ns/op
OverheadActual  14: 1 op, 250.00 ns, 250.0000 ns/op
OverheadActual  15: 1 op, 250.00 ns, 250.0000 ns/op

WorkloadWarmup   1: 1 op, 45145.00 ns, 45.1450 us/op
WorkloadWarmup   2: 1 op, 5971.00 ns, 5.9710 us/op
WorkloadWarmup   3: 1 op, 5350.00 ns, 5.3500 us/op

// BeforeActualRun
WorkloadActual   1: 1 op, 5430.00 ns, 5.4300 us/op
WorkloadActual   2: 1 op, 5320.00 ns, 5.3200 us/op
WorkloadActual   3: 1 op, 5230.00 ns, 5.2300 us/op

// AfterActualRun
WorkloadResult   1: 1 op, 5180.00 ns, 5.1800 us/op
WorkloadResult   2: 1 op, 5070.00 ns, 5.0700 us/op
WorkloadResult   3: 1 op, 4980.00 ns, 4.9800 us/op
// GC:  0 0 0 320 1
// Threading:  0 0 1

// AfterAll
// Benchmark Process 3894 has exited with code 0.

Mean = 5.077 μs, StdErr = 0.058 μs (1.14%), N = 3, StdDev = 0.100 μs
Min = 4.980 μs, Q1 = 5.025 μs, Median = 5.070 μs, Q3 = 5.125 μs, Max = 5.180 μs
IQR = 0.100 μs, LowerFence = 4.875 μs, UpperFence = 5.275 μs
ConfidenceInterval = [3.249 μs; 6.904 μs] (CI 99.9%), Margin = 1.827 μs (36.00% of Mean)
Skewness = 0.07, Kurtosis = 0.67, MValue = 2

// ** Remained 2 (20.0 %) benchmark(s) to run. Estimated finish 2026-10-06 11:22 (0h 0m from now) **
// **************************
// Benchmark: ShadowShardRouterBenchmarks.'Decorated GetAllShardIds': ShortRun(InvocationCount=1, IterationCount=3, LaunchCount=1, UnrollFactor=1, WarmupCount=3) [ShardCount=50]
// *** Execute ***
// Launch: 1 / 1
// Execute: dotnet Encina.Benchmarks-ShortRun-1.dll --anonymousPipes 228 229 --benchmarkName "Encina.Benchmarks.Sharding.ShadowShardRouterBenchmarks.DecoratedGetAllShardIds(ShardCount: 50)" --job ShortRun --benchmarkId 8 in /home/runner/work/Encina/Encina/tests/Encina.BenchmarkTests/Encina.Benchmarks/bin/Release/net10.0/Encina.Benchmarks-ShortRun-1/bin/Release/net10.0
// Failed to set up high priority (Permission denied). In order to run benchmarks with high priority, make sure you have the right permissions.
// BeforeAnythingElse

// Benchmark Process Environment Information:
// BenchmarkDotNet v0.15.8
// Runtime=.NET 10.0.12 (10.0.12, 10.0.1226.42308), X64 RyuJIT x86-64-v3
// GC=Concurrent Workstation
// HardwareIntrinsics=AVX2+BMI1+BMI2+F16C+FMA+LZCNT+MOVBE,AVX,SSE3+SSSE3+SSE4.1+SSE4.2+POPCNT,X86Base+SSE+SSE2,AES+PCLMUL VectorSize=256
// Job: ShortRun(InvocationCount=1, IterationCount=3, LaunchCount=1, UnrollFactor=1, WarmupCount=3)

OverheadJitting  1: 1 op, 235123.00 ns, 235.1230 us/op
WorkloadJitting  1: 1 op, 762508.00 ns, 762.5080 us/op

OverheadWarmup   1: 1 op, 271.00 ns, 271.0000 ns/op
OverheadWarmup   2: 1 op, 271.00 ns, 271.0000 ns/op
OverheadWarmup   3: 1 op, 601.00 ns, 601.0000 ns/op
OverheadWarmup   4: 1 op, 290.00 ns, 290.0000 ns/op
OverheadWarmup   5: 1 op, 360.00 ns, 360.0000 ns/op

OverheadActual   1: 1 op, 601.00 ns, 601.0000 ns/op
OverheadActual   2: 1 op, 290.00 ns, 290.0000 ns/op
OverheadActual   3: 1 op, 361.00 ns, 361.0000 ns/op
OverheadActual   4: 1 op, 290.00 ns, 290.0000 ns/op
OverheadActual   5: 1 op, 310.00 ns, 310.0000 ns/op
OverheadActual   6: 1 op, 271.00 ns, 271.0000 ns/op
OverheadActual   7: 1 op, 270.00 ns, 270.0000 ns/op
OverheadActual   8: 1 op, 281.00 ns, 281.0000 ns/op
OverheadActual   9: 1 op, 551.00 ns, 551.0000 ns/op
OverheadActual  10: 1 op, 290.00 ns, 290.0000 ns/op
OverheadActual  11: 1 op, 270.00 ns, 270.0000 ns/op
OverheadActual  12: 1 op, 301.00 ns, 301.0000 ns/op
OverheadActual  13: 1 op, 271.00 ns, 271.0000 ns/op
OverheadActual  14: 1 op, 591.00 ns, 591.0000 ns/op
OverheadActual  15: 1 op, 281.00 ns, 281.0000 ns/op
OverheadActual  16: 1 op, 271.00 ns, 271.0000 ns/op
OverheadActual  17: 1 op, 281.00 ns, 281.0000 ns/op
OverheadActual  18: 1 op, 531.00 ns, 531.0000 ns/op
OverheadActual  19: 1 op, 2735.00 ns, 2.7350 us/op
OverheadActual  20: 1 op, 270.00 ns, 270.0000 ns/op

WorkloadWarmup   1: 1 op, 109746.00 ns, 109.7460 us/op
WorkloadWarmup   2: 1 op, 4959.00 ns, 4.9590 us/op
WorkloadWarmup   3: 1 op, 4398.00 ns, 4.3980 us/op

// BeforeActualRun
WorkloadActual   1: 1 op, 4638.00 ns, 4.6380 us/op
WorkloadActual   2: 1 op, 4399.00 ns, 4.3990 us/op
WorkloadActual   3: 1 op, 3857.00 ns, 3.8570 us/op

// AfterActualRun
WorkloadResult   1: 1 op, 4348.00 ns, 4.3480 us/op
WorkloadResult   2: 1 op, 4109.00 ns, 4.1090 us/op
WorkloadResult   3: 1 op, 3567.00 ns, 3.5670 us/op
// GC:  0 0 0 480 1
// Threading:  0 0 1

// AfterAll
// Benchmark Process 3900 has exited with code 0.

Mean = 4.008 μs, StdErr = 0.231 μs (5.76%), N = 3, StdDev = 0.400 μs
Min = 3.567 μs, Q1 = 3.838 μs, Median = 4.109 μs, Q3 = 4.229 μs, Max = 4.348 μs
IQR = 0.391 μs, LowerFence = 3.252 μs, UpperFence = 4.814 μs
ConfidenceInterval = [-3.293 μs; 11.309 μs] (CI 99.9%), Margin = 7.301 μs (182.15% of Mean)
Skewness = -0.24, Kurtosis = 0.67, MValue = 2

// ** Remained 1 (10.0 %) benchmark(s) to run. Estimated finish 2026-10-06 11:22 (0h 0m from now) **
// **************************
// Benchmark: ShadowShardRouterBenchmarks.'Decorated GetShardConnectionString': ShortRun(InvocationCount=1, IterationCount=3, LaunchCount=1, UnrollFactor=1, WarmupCount=3) [ShardCount=50]
// *** Execute ***
// Launch: 1 / 1
// Execute: dotnet Encina.Benchmarks-ShortRun-1.dll --anonymousPipes 228 229 --benchmarkName "Encina.Benchmarks.Sharding.ShadowShardRouterBenchmarks.DecoratedGetShardConnectionString(ShardCount: 50)" --job ShortRun --benchmarkId 9 in /home/runner/work/Encina/Encina/tests/Encina.BenchmarkTests/Encina.Benchmarks/bin/Release/net10.0/Encina.Benchmarks-ShortRun-1/bin/Release/net10.0
// Failed to set up high priority (Permission denied). In order to run benchmarks with high priority, make sure you have the right permissions.
// BeforeAnythingElse

// Benchmark Process Environment Information:
// BenchmarkDotNet v0.15.8
// Runtime=.NET 10.0.12 (10.0.12, 10.0.1226.42308), X64 RyuJIT x86-64-v3
// GC=Concurrent Workstation
// HardwareIntrinsics=AVX2+BMI1+BMI2+F16C+FMA+LZCNT+MOVBE,AVX,SSE3+SSSE3+SSE4.1+SSE4.2+POPCNT,X86Base+SSE+SSE2,AES+PCLMUL VectorSize=256
// Job: ShortRun(InvocationCount=1, IterationCount=3, LaunchCount=1, UnrollFactor=1, WarmupCount=3)

OverheadJitting  1: 1 op, 232959.00 ns, 232.9590 us/op
WorkloadJitting  1: 1 op, 18605410.00 ns, 18.6054 ms/op

OverheadWarmup   1: 1 op, 281.00 ns, 281.0000 ns/op
OverheadWarmup   2: 1 op, 280.00 ns, 280.0000 ns/op
OverheadWarmup   3: 1 op, 311.00 ns, 311.0000 ns/op
OverheadWarmup   4: 1 op, 241.00 ns, 241.0000 ns/op
OverheadWarmup   5: 1 op, 250.00 ns, 250.0000 ns/op
OverheadWarmup   6: 1 op, 271.00 ns, 271.0000 ns/op
OverheadWarmup   7: 1 op, 260.00 ns, 260.0000 ns/op

OverheadActual   1: 1 op, 270.00 ns, 270.0000 ns/op
OverheadActual   2: 1 op, 260.00 ns, 260.0000 ns/op
OverheadActual   3: 1 op, 270.00 ns, 270.0000 ns/op
OverheadActual   4: 1 op, 270.00 ns, 270.0000 ns/op
OverheadActual   5: 1 op, 261.00 ns, 261.0000 ns/op
OverheadActual   6: 1 op, 271.00 ns, 271.0000 ns/op
OverheadActual   7: 1 op, 270.00 ns, 270.0000 ns/op
OverheadActual   8: 1 op, 341.00 ns, 341.0000 ns/op
OverheadActual   9: 1 op, 240.00 ns, 240.0000 ns/op
OverheadActual  10: 1 op, 240.00 ns, 240.0000 ns/op
OverheadActual  11: 1 op, 231.00 ns, 231.0000 ns/op
OverheadActual  12: 1 op, 230.00 ns, 230.0000 ns/op
OverheadActual  13: 1 op, 241.00 ns, 241.0000 ns/op
OverheadActual  14: 1 op, 231.00 ns, 231.0000 ns/op
OverheadActual  15: 1 op, 240.00 ns, 240.0000 ns/op
OverheadActual  16: 1 op, 251.00 ns, 251.0000 ns/op
OverheadActual  17: 1 op, 271.00 ns, 271.0000 ns/op
OverheadActual  18: 1 op, 271.00 ns, 271.0000 ns/op
OverheadActual  19: 1 op, 270.00 ns, 270.0000 ns/op
OverheadActual  20: 1 op, 230.00 ns, 230.0000 ns/op

WorkloadWarmup   1: 1 op, 54412.00 ns, 54.4120 us/op
WorkloadWarmup   2: 1 op, 5100.00 ns, 5.1000 us/op
WorkloadWarmup   3: 1 op, 4679.00 ns, 4.6790 us/op

// BeforeActualRun
WorkloadActual   1: 1 op, 5059.00 ns, 5.0590 us/op
WorkloadActual   2: 1 op, 4508.00 ns, 4.5080 us/op
WorkloadActual   3: 1 op, 4579.00 ns, 4.5790 us/op

// AfterActualRun
WorkloadResult   1: 1 op, 4798.50 ns, 4.7985 us/op
WorkloadResult   2: 1 op, 4247.50 ns, 4.2475 us/op
WorkloadResult   3: 1 op, 4318.50 ns, 4.3185 us/op
// GC:  0 0 0 64 1
// Threading:  0 0 1

// AfterAll
// Benchmark Process 3906 has exited with code 0.

Mean = 4.455 μs, StdErr = 0.173 μs (3.88%), N = 3, StdDev = 0.300 μs
Min = 4.247 μs, Q1 = 4.283 μs, Median = 4.319 μs, Q3 = 4.559 μs, Max = 4.798 μs
IQR = 0.276 μs, LowerFence = 3.870 μs, UpperFence = 4.972 μs
ConfidenceInterval = [-1.013 μs; 9.923 μs] (CI 99.9%), Margin = 5.468 μs (122.75% of Mean)
Skewness = 0.36, Kurtosis = 0.67, MValue = 2

// ** Remained 0 (0.0 %) benchmark(s) to run. Estimated finish 2026-10-06 11:22 (0h 0m from now) **
// ***** BenchmarkRunner: Finish  *****

// * Export *
  artifacts/performance/Core/results/Encina.Benchmarks.Sharding.ShadowShardRouterBenchmarks-report.csv
  artifacts/performance/Core/results/Encina.Benchmarks.Sharding.ShadowShardRouterBenchmarks-report-github.md
  artifacts/performance/Core/results/Encina.Benchmarks.Sharding.ShadowShardRouterBenchmarks-report.html
  artifacts/performance/Core/results/Encina.Benchmarks.Sharding.ShadowShardRouterBenchmarks-report-full-compressed.json
  artifacts/performance/Core/results/Encina.Benchmarks.Sharding.ShadowShardRouterBenchmarks-report-default.md

// * Detailed results *
ShadowShardRouterBenchmarks.'Bare HashRouter': ShortRun(InvocationCount=1, IterationCount=3, LaunchCount=1, UnrollFactor=1, WarmupCount=3) [ShardCount=3]
Runtime = .NET 10.0.12 (10.0.12, 10.0.1226.42308), X64 RyuJIT x86-64-v3; GC = Concurrent Workstation
Mean = 3.384 μs, StdErr = 0.183 μs (5.40%), N = 3, StdDev = 0.316 μs
Min = 3.056 μs, Q1 = 3.232 μs, Median = 3.408 μs, Q3 = 3.547 μs, Max = 3.687 μs
IQR = 0.316 μs, LowerFence = 2.759 μs, UpperFence = 4.021 μs
ConfidenceInterval = [-2.385 μs; 9.152 μs] (CI 99.9%), Margin = 5.769 μs (170.49% of Mean)
Skewness = -0.08, Kurtosis = 0.67, MValue = 2
-------------------- Histogram --------------------
[2.768 μs ; 3.260 μs) | @
[3.260 μs ; 3.835 μs) | @@
---------------------------------------------------

ShadowShardRouterBenchmarks.'Decorated GetShardId (production path)': ShortRun(InvocationCount=1, IterationCount=3, LaunchCount=1, UnrollFactor=1, WarmupCount=3) [ShardCount=3]
Runtime = .NET 10.0.12 (10.0.12, 10.0.1226.42308), X64 RyuJIT x86-64-v3; GC = Concurrent Workstation
Mean = 3.678 μs, StdErr = 0.200 μs (5.44%), N = 3, StdDev = 0.347 μs
Min = 3.287 μs, Q1 = 3.542 μs, Median = 3.798 μs, Q3 = 3.873 μs, Max = 3.948 μs
IQR = 0.331 μs, LowerFence = 3.047 μs, UpperFence = 4.369 μs
ConfidenceInterval = [-2.645 μs; 10.000 μs] (CI 99.9%), Margin = 6.322 μs (171.91% of Mean)
Skewness = -0.31, Kurtosis = 0.67, MValue = 2
-------------------- Histogram --------------------
[2.972 μs ; 3.558 μs) | @
[3.558 μs ; 4.263 μs) | @@
---------------------------------------------------

ShadowShardRouterBenchmarks.'Decorated CompareAsync': ShortRun(InvocationCount=1, IterationCount=3, LaunchCount=1, UnrollFactor=1, WarmupCount=3) [ShardCount=3]
Runtime = .NET 10.0.12 (10.0.12, 10.0.1226.42308), X64 RyuJIT x86-64-v3; GC = Concurrent Workstation
Mean = 4.465 μs, StdErr = 0.287 μs (6.43%), N = 3, StdDev = 0.497 μs
Min = 4.168 μs, Q1 = 4.178 μs, Median = 4.189 μs, Q3 = 4.614 μs, Max = 5.040 μs
IQR = 0.436 μs, LowerFence = 3.524 μs, UpperFence = 5.268 μs
ConfidenceInterval = [-4.611 μs; 13.541 μs] (CI 99.9%), Margin = 9.076 μs (203.27% of Mean)
Skewness = 0.38, Kurtosis = 0.67, MValue = 2
-------------------- Histogram --------------------
[4.151 μs ; 5.056 μs) | @@@
---------------------------------------------------

ShadowShardRouterBenchmarks.'Decorated GetAllShardIds': ShortRun(InvocationCount=1, IterationCount=3, LaunchCount=1, UnrollFactor=1, WarmupCount=3) [ShardCount=3]
Runtime = .NET 10.0.12 (10.0.12, 10.0.1226.42308), X64 RyuJIT x86-64-v3; GC = Concurrent Workstation
Mean = 3.142 μs, StdErr = 0.152 μs (4.85%), N = 3, StdDev = 0.264 μs
Min = 2.925 μs, Q1 = 2.995 μs, Median = 3.065 μs, Q3 = 3.251 μs, Max = 3.436 μs
IQR = 0.256 μs, LowerFence = 2.612 μs, UpperFence = 3.634 μs
ConfidenceInterval = [-1.675 μs; 7.959 μs] (CI 99.9%), Margin = 4.817 μs (153.32% of Mean)
Skewness = 0.27, Kurtosis = 0.67, MValue = 2
-------------------- Histogram --------------------
[2.755 μs ; 3.235 μs) | @@
[3.235 μs ; 3.676 μs) | @
---------------------------------------------------

ShadowShardRouterBenchmarks.'Decorated GetShardConnectionString': ShortRun(InvocationCount=1, IterationCount=3, LaunchCount=1, UnrollFactor=1, WarmupCount=3) [ShardCount=3]
Runtime = .NET 10.0.12 (10.0.12, 10.0.1226.42308), X64 RyuJIT x86-64-v3; GC = Concurrent Workstation
Mean = 3.243 μs, StdErr = 0.100 μs (3.07%), N = 3, StdDev = 0.173 μs
Min = 3.106 μs, Q1 = 3.146 μs, Median = 3.186 μs, Q3 = 3.312 μs, Max = 3.437 μs
IQR = 0.166 μs, LowerFence = 2.898 μs, UpperFence = 3.560 μs
ConfidenceInterval = [0.092 μs; 6.394 μs] (CI 99.9%), Margin = 3.151 μs (97.16% of Mean)
Skewness = 0.29, Kurtosis = 0.67, MValue = 2
-------------------- Histogram --------------------
[2.989 μs ; 3.303 μs) | @@
[3.303 μs ; 3.594 μs) | @
---------------------------------------------------

ShadowShardRouterBenchmarks.'Bare HashRouter': ShortRun(InvocationCount=1, IterationCount=3, LaunchCount=1, UnrollFactor=1, WarmupCount=3) [ShardCount=50]
Runtime = .NET 10.0.12 (10.0.12, 10.0.1226.42308), X64 RyuJIT x86-64-v3; GC = Concurrent Workstation
Mean = 3.509 μs, StdErr = 0.109 μs (3.11%), N = 3, StdDev = 0.189 μs
Min = 3.385 μs, Q1 = 3.401 μs, Median = 3.416 μs, Q3 = 3.571 μs, Max = 3.727 μs
IQR = 0.171 μs, LowerFence = 3.144 μs, UpperFence = 3.828 μs
ConfidenceInterval = [0.059 μs; 6.960 μs] (CI 99.9%), Margin = 3.451 μs (98.33% of Mean)
Skewness = 0.37, Kurtosis = 0.67, MValue = 2
-------------------- Histogram --------------------
[3.384 μs ; 3.728 μs) | @@@
---------------------------------------------------

ShadowShardRouterBenchmarks.'Decorated GetShardId (production path)': ShortRun(InvocationCount=1, IterationCount=3, LaunchCount=1, UnrollFactor=1, WarmupCount=3) [ShardCount=50]
Runtime = .NET 10.0.12 (10.0.12, 10.0.1226.42308), X64 RyuJIT x86-64-v3; GC = Concurrent Workstation
Mean = 3.960 μs, StdErr = 0.235 μs (5.93%), N = 3, StdDev = 0.407 μs
Min = 3.536 μs, Q1 = 3.767 μs, Median = 3.997 μs, Q3 = 4.172 μs, Max = 4.347 μs
IQR = 0.406 μs, LowerFence = 3.158 μs, UpperFence = 4.780 μs
ConfidenceInterval = [-3.461 μs; 11.381 μs] (CI 99.9%), Margin = 7.421 μs (187.40% of Mean)
Skewness = -0.09, Kurtosis = 0.67, MValue = 2
-------------------- Histogram --------------------
[3.166 μs ; 3.802 μs) | @
[3.802 μs ; 4.542 μs) | @@
---------------------------------------------------

ShadowShardRouterBenchmarks.'Decorated CompareAsync': ShortRun(InvocationCount=1, IterationCount=3, LaunchCount=1, UnrollFactor=1, WarmupCount=3) [ShardCount=50]
Runtime = .NET 10.0.12 (10.0.12, 10.0.1226.42308), X64 RyuJIT x86-64-v3; GC = Concurrent Workstation
Mean = 5.077 μs, StdErr = 0.058 μs (1.14%), N = 3, StdDev = 0.100 μs
Min = 4.980 μs, Q1 = 5.025 μs, Median = 5.070 μs, Q3 = 5.125 μs, Max = 5.180 μs
IQR = 0.100 μs, LowerFence = 4.875 μs, UpperFence = 5.275 μs
ConfidenceInterval = [3.249 μs; 6.904 μs] (CI 99.9%), Margin = 1.827 μs (36.00% of Mean)
Skewness = 0.07, Kurtosis = 0.67, MValue = 2
-------------------- Histogram --------------------
[4.934 μs ; 5.116 μs) | @@
[5.116 μs ; 5.271 μs) | @
---------------------------------------------------

ShadowShardRouterBenchmarks.'Decorated GetAllShardIds': ShortRun(InvocationCount=1, IterationCount=3, LaunchCount=1, UnrollFactor=1, WarmupCount=3) [ShardCount=50]
Runtime = .NET 10.0.12 (10.0.12, 10.0.1226.42308), X64 RyuJIT x86-64-v3; GC = Concurrent Workstation
Mean = 4.008 μs, StdErr = 0.231 μs (5.76%), N = 3, StdDev = 0.400 μs
Min = 3.567 μs, Q1 = 3.838 μs, Median = 4.109 μs, Q3 = 4.229 μs, Max = 4.348 μs
IQR = 0.391 μs, LowerFence = 3.252 μs, UpperFence = 4.814 μs
ConfidenceInterval = [-3.293 μs; 11.309 μs] (CI 99.9%), Margin = 7.301 μs (182.15% of Mean)
Skewness = -0.24, Kurtosis = 0.67, MValue = 2
-------------------- Histogram --------------------
[3.203 μs ; 3.864 μs) | @
[3.864 μs ; 4.712 μs) | @@
---------------------------------------------------

ShadowShardRouterBenchmarks.'Decorated GetShardConnectionString': ShortRun(InvocationCount=1, IterationCount=3, LaunchCount=1, UnrollFactor=1, WarmupCount=3) [ShardCount=50]
Runtime = .NET 10.0.12 (10.0.12, 10.0.1226.42308), X64 RyuJIT x86-64-v3; GC = Concurrent Workstation
Mean = 4.455 μs, StdErr = 0.173 μs (3.88%), N = 3, StdDev = 0.300 μs
Min = 4.247 μs, Q1 = 4.283 μs, Median = 4.319 μs, Q3 = 4.559 μs, Max = 4.798 μs
IQR = 0.276 μs, LowerFence = 3.870 μs, UpperFence = 4.972 μs
ConfidenceInterval = [-1.013 μs; 9.923 μs] (CI 99.9%), Margin = 5.468 μs (122.75% of Mean)
Skewness = 0.36, Kurtosis = 0.67, MValue = 2
-------------------- Histogram --------------------
[3.975 μs ; 4.556 μs) | @@
[4.556 μs ; 5.071 μs) | @
---------------------------------------------------

// * Summary *

BenchmarkDotNet v0.15.8, Linux Ubuntu 24.04.5 LTS (Noble Numbat)
AMD EPYC 7763 2.73GHz, 1 CPU, 4 logical and 2 physical cores
.NET SDK 10.0.401
  [Host]   : .NET 10.0.12 (10.0.12, 10.0.1226.42308), X64 RyuJIT x86-64-v3
  ShortRun : .NET 10.0.12 (10.0.12, 10.0.1226.42308), X64 RyuJIT x86-64-v3

Job=ShortRun  InvocationCount=1  IterationCount=3  
LaunchCount=1  UnrollFactor=1  WarmupCount=3  

| Method                                   | ShardCount | Mean     | Error    | StdDev    | Ratio | RatioSD | Rank | Allocated | Alloc Ratio |
|----------------------------------------- |----------- |---------:|---------:|----------:|------:|--------:|-----:|----------:|------------:|
| 'Bare HashRouter'                        | 3          | 3.384 μs | 5.769 μs | 0.3162 μs |  1.01 |    0.12 |    1 |      56 B |        1.00 |
| 'Decorated GetShardId (production path)' | 3          | 3.678 μs | 6.322 μs | 0.3465 μs |  1.09 |    0.13 |    1 |      56 B |        1.00 |
| 'Decorated CompareAsync'                 | 3          | 4.465 μs | 9.076 μs | 0.4975 μs |  1.33 |    0.17 |    2 |     320 B |        5.71 |
| 'Decorated GetAllShardIds'               | 3          | 3.142 μs | 4.817 μs | 0.2641 μs |  0.93 |    0.10 |    1 |     104 B |        1.86 |
| 'Decorated GetShardConnectionString'     | 3          | 3.243 μs | 3.151 μs | 0.1727 μs |  0.96 |    0.09 |    1 |      64 B |        1.14 |
|                                          |            |          |          |           |       |         |      |           |             |
| 'Bare HashRouter'                        | 50         | 3.509 μs | 3.451 μs | 0.1891 μs |  1.00 |    0.07 |    1 |      56 B |        1.00 |
| 'Decorated GetShardId (production path)' | 50         | 3.960 μs | 7.421 μs | 0.4068 μs |  1.13 |    0.11 |    1 |      56 B |        1.00 |
| 'Decorated CompareAsync'                 | 50         | 5.077 μs | 1.827 μs | 0.1002 μs |  1.45 |    0.07 |    1 |     320 B |        5.71 |
| 'Decorated GetAllShardIds'               | 50         | 4.008 μs | 7.301 μs | 0.4002 μs |  1.14 |    0.11 |    1 |     480 B |        8.57 |
| 'Decorated GetShardConnectionString'     | 50         | 4.455 μs | 5.468 μs | 0.2997 μs |  1.27 |    0.09 |    1 |      64 B |        1.14 |

// * Warnings *
MinIterationTime
  ShadowShardRouterBenchmarks.'Bare HashRouter': ShortRun                        -> The minimum observed iteration time is 3.346μs which is very small. It's recommended to increase it to at least 100ms using more operations.
  ShadowShardRouterBenchmarks.'Decorated GetShardId (production path)': ShortRun -> The minimum observed iteration time is 3.537μs which is very small. It's recommended to increase it to at least 100ms using more operations.
  ShadowShardRouterBenchmarks.'Decorated CompareAsync': ShortRun                 -> The minimum observed iteration time is 4.448μs which is very small. It's recommended to increase it to at least 100ms using more operations.
  ShadowShardRouterBenchmarks.'Decorated GetAllShardIds': ShortRun               -> The minimum observed iteration time is 3.156μs which is very small. It's recommended to increase it to at least 100ms using more operations.
  ShadowShardRouterBenchmarks.'Bare HashRouter': ShortRun                        -> The minimum observed iteration time is 3.626μs which is very small. It's recommended to increase it to at least 100ms using more operations.
  ShadowShardRouterBenchmarks.'Decorated GetShardId (production path)': ShortRun -> The minimum observed iteration time is 3.787μs which is very small. It's recommended to increase it to at least 100ms using more operations.
  ShadowShardRouterBenchmarks.'Decorated CompareAsync': ShortRun                 -> The minimum observed iteration time is 5.23μs which is very small. It's recommended to increase it to at least 100ms using more operations.
  ShadowShardRouterBenchmarks.'Decorated GetAllShardIds': ShortRun               -> The minimum observed iteration time is 3.857μs which is very small. It's recommended to increase it to at least 100ms using more operations.
  ShadowShardRouterBenchmarks.'Decorated GetShardConnectionString': ShortRun     -> The minimum observed iteration time is 4.508μs which is very small. It's recommended to increase it to at least 100ms using more operations.
// * Config Issues *

// * Warnings *
Configuration
  Summary -> The exporter CsvExporter is already present in configuration. There may be unexpected results.
  Summary -> The exporter HtmlExporter is already present in configuration. There may be unexpected results.
  Summary -> The exporter MarkdownExporter-github is already present in configuration. There may be unexpected results.

// * Legends *
  ShardCount  : Value of the 'ShardCount' parameter
  Mean        : Arithmetic mean of all measurements
  Error       : Half of 99.9% confidence interval
  StdDev      : Standard deviation of all measurements
  Ratio       : Mean of the ratio distribution ([Current]/[Baseline])
  RatioSD     : Standard deviation of the ratio distribution ([Current]/[Baseline])
  Rank        : Relative position of current benchmark mean among all benchmarks (Arabic style)
  Allocated   : Allocated memory per single operation (managed only, inclusive, 1KB = 1024B)
  Alloc Ratio : Allocated memory ratio distribution ([Current]/[Baseline])
  1 μs        : 1 Microsecond (0.000001 sec)

// * Diagnostic Output - MemoryDiagnoser *


// ***** BenchmarkRunner: End *****
Run time: 00:00:03 (3.45 sec), executed benchmarks: 10

Global total time: 00:03:18 (198.25 sec), executed benchmarks: 10
// * Artifacts cleanup *
Artifacts cleanup is finished
