// Validating benchmarks:
// ***** BenchmarkRunner: Start   *****
// ***** Found 5 benchmark(s) in total *****
// ***** Building 1 exe(s) in Parallel: Start   *****
// start dotnet  restore --nodeReuse:false /p:UseSharedCompilation=false /p:Deterministic=true /p:Optimize=true /p:ArtifactsPath="/home/runner/work/Encina/Encina/tests/Encina.BenchmarkTests/Encina.Extensions.Resilience.Benchmarks/bin/Release/net10.0/Encina.Extensions.Resilience.Benchmarks-ShortRun-1/" /p:OutDir="/home/runner/work/Encina/Encina/tests/Encina.BenchmarkTests/Encina.Extensions.Resilience.Benchmarks/bin/Release/net10.0/Encina.Extensions.Resilience.Benchmarks-ShortRun-1/bin/Release/net10.0/" /p:OutputPath="/home/runner/work/Encina/Encina/tests/Encina.BenchmarkTests/Encina.Extensions.Resilience.Benchmarks/bin/Release/net10.0/Encina.Extensions.Resilience.Benchmarks-ShortRun-1/bin/Release/net10.0/" /p:PublishDir="/home/runner/work/Encina/Encina/tests/Encina.BenchmarkTests/Encina.Extensions.Resilience.Benchmarks/bin/Release/net10.0/Encina.Extensions.Resilience.Benchmarks-ShortRun-1/publish/" in /home/runner/work/Encina/Encina/tests/Encina.BenchmarkTests/Encina.Extensions.Resilience.Benchmarks/bin/Release/net10.0/Encina.Extensions.Resilience.Benchmarks-ShortRun-1
// command took 2.31 sec and exited with 0
// start dotnet  build -c Release --no-restore --nodeReuse:false /p:UseSharedCompilation=false /p:Deterministic=true /p:Optimize=true /p:ArtifactsPath="/home/runner/work/Encina/Encina/tests/Encina.BenchmarkTests/Encina.Extensions.Resilience.Benchmarks/bin/Release/net10.0/Encina.Extensions.Resilience.Benchmarks-ShortRun-1/" /p:OutDir="/home/runner/work/Encina/Encina/tests/Encina.BenchmarkTests/Encina.Extensions.Resilience.Benchmarks/bin/Release/net10.0/Encina.Extensions.Resilience.Benchmarks-ShortRun-1/bin/Release/net10.0/" /p:OutputPath="/home/runner/work/Encina/Encina/tests/Encina.BenchmarkTests/Encina.Extensions.Resilience.Benchmarks/bin/Release/net10.0/Encina.Extensions.Resilience.Benchmarks-ShortRun-1/bin/Release/net10.0/" /p:PublishDir="/home/runner/work/Encina/Encina/tests/Encina.BenchmarkTests/Encina.Extensions.Resilience.Benchmarks/bin/Release/net10.0/Encina.Extensions.Resilience.Benchmarks-ShortRun-1/publish/" --output "/home/runner/work/Encina/Encina/tests/Encina.BenchmarkTests/Encina.Extensions.Resilience.Benchmarks/bin/Release/net10.0/Encina.Extensions.Resilience.Benchmarks-ShortRun-1/bin/Release/net10.0/" in /home/runner/work/Encina/Encina/tests/Encina.BenchmarkTests/Encina.Extensions.Resilience.Benchmarks/bin/Release/net10.0/Encina.Extensions.Resilience.Benchmarks-ShortRun-1
// command took 25.31 sec and exited with 0
// ***** Done, took 00:00:27 (27.77 sec)   *****
// Found 5 benchmarks:
//   StandardResilienceBenchmarks.NoResilience_Baseline: ShortRun(IterationCount=3, LaunchCount=1, WarmupCount=3)
//   StandardResilienceBenchmarks.StandardResilience_Success: ShortRun(IterationCount=3, LaunchCount=1, WarmupCount=3)
//   StandardResilienceBenchmarks.StandardResilience_WithRetry: ShortRun(IterationCount=3, LaunchCount=1, WarmupCount=3)
//   StandardResilienceBenchmarks.StandardResilience_ConcurrentRequests: ShortRun(IterationCount=3, LaunchCount=1, WarmupCount=3)
//   StandardResilienceBenchmarks.StandardResilience_MultipleSequentialRequests: ShortRun(IterationCount=3, LaunchCount=1, WarmupCount=3)

// **************************
// Benchmark: StandardResilienceBenchmarks.NoResilience_Baseline: ShortRun(IterationCount=3, LaunchCount=1, WarmupCount=3)
// *** Execute ***
// Launch: 1 / 1
// Execute: dotnet Encina.Extensions.Resilience.Benchmarks-ShortRun-1.dll --anonymousPipes 147 148 --benchmarkName Encina.Extensions.Resilience.Benchmarks.StandardResilienceBenchmarks.NoResilience_Baseline --job ShortRun --benchmarkId 0 in /home/runner/work/Encina/Encina/tests/Encina.BenchmarkTests/Encina.Extensions.Resilience.Benchmarks/bin/Release/net10.0/Encina.Extensions.Resilience.Benchmarks-ShortRun-1/bin/Release/net10.0
// Failed to set up high priority (Permission denied). In order to run benchmarks with high priority, make sure you have the right permissions.
// BeforeAnythingElse

// Benchmark Process Environment Information:
// BenchmarkDotNet v0.15.8
// Runtime=.NET 10.0.12 (10.0.12, 10.0.1226.42308), X64 RyuJIT x86-64-v4
// GC=Concurrent Workstation
// HardwareIntrinsics=AVX512 BITALG+VBMI2+VNNI+VPOPCNTDQ,AVX512 IFMA+VBMI,AVX512 F+BW+CD+DQ+VL,AVX2+BMI1+BMI2+F16C+FMA+LZCNT+MOVBE,AVX,SSE3+SSSE3+SSE4.1+SSE4.2+POPCNT,X86Base+SSE+SSE2,AES+PCLMUL VectorSize=256
// Job: ShortRun(IterationCount=3, LaunchCount=1, WarmupCount=3)

OverheadJitting  1: 1 op, 204687.00 ns, 204.6870 us/op
WorkloadJitting  1: 1 op, 71519634.00 ns, 71.5196 ms/op

WorkloadPilot    1: 2 op, 1770959.00 ns, 885.4795 us/op
WorkloadPilot    2: 3 op, 46890.00 ns, 15.6300 us/op
WorkloadPilot    3: 4 op, 33381.00 ns, 8.3453 us/op
WorkloadPilot    4: 5 op, 52248.00 ns, 10.4496 us/op
WorkloadPilot    5: 6 op, 46310.00 ns, 7.7183 us/op
WorkloadPilot    6: 7 op, 52138.00 ns, 7.4483 us/op
WorkloadPilot    7: 8 op, 52509.00 ns, 6.5636 us/op
WorkloadPilot    8: 9 op, 57407.00 ns, 6.3786 us/op
WorkloadPilot    9: 10 op, 58418.00 ns, 5.8418 us/op
WorkloadPilot   10: 11 op, 72249.00 ns, 6.5681 us/op
WorkloadPilot   11: 12 op, 71467.00 ns, 5.9556 us/op
WorkloadPilot   12: 13 op, 70706.00 ns, 5.4389 us/op
WorkloadPilot   13: 14 op, 70056.00 ns, 5.0040 us/op
WorkloadPilot   14: 15 op, 85048.00 ns, 5.6699 us/op
WorkloadPilot   15: 16 op, 85959.00 ns, 5.3724 us/op
WorkloadPilot   16: 32 op, 141723.00 ns, 4.4288 us/op
WorkloadPilot   17: 64 op, 187512.00 ns, 2.9299 us/op
WorkloadPilot   18: 128 op, 510326.00 ns, 3.9869 us/op
WorkloadPilot   19: 256 op, 877397.00 ns, 3.4273 us/op
WorkloadPilot   20: 512 op, 1718601.00 ns, 3.3566 us/op
WorkloadPilot   21: 1024 op, 4137222.00 ns, 4.0403 us/op
WorkloadPilot   22: 2048 op, 6664646.00 ns, 3.2542 us/op
WorkloadPilot   23: 4096 op, 13431057.00 ns, 3.2791 us/op
WorkloadPilot   24: 8192 op, 26524175.00 ns, 3.2378 us/op
WorkloadPilot   25: 16384 op, 41711969.00 ns, 2.5459 us/op
WorkloadPilot   26: 32768 op, 82510757.00 ns, 2.5180 us/op
WorkloadPilot   27: 65536 op, 162812909.00 ns, 2.4843 us/op
WorkloadPilot   28: 131072 op, 322258270.00 ns, 2.4586 us/op
WorkloadPilot   29: 262144 op, 653872510.00 ns, 2.4943 us/op

WorkloadWarmup   1: 262144 op, 635831301.00 ns, 2.4255 us/op
WorkloadWarmup   2: 262144 op, 636609349.00 ns, 2.4285 us/op
WorkloadWarmup   3: 262144 op, 643326094.00 ns, 2.4541 us/op

// BeforeActualRun
WorkloadActual   1: 262144 op, 647990578.00 ns, 2.4719 us/op
WorkloadActual   2: 262144 op, 649213965.00 ns, 2.4766 us/op
WorkloadActual   3: 262144 op, 650643872.00 ns, 2.4820 us/op

// AfterActualRun
WorkloadResult   1: 262144 op, 647990578.00 ns, 2.4719 us/op
WorkloadResult   2: 262144 op, 649213965.00 ns, 2.4766 us/op
WorkloadResult   3: 262144 op, 650643872.00 ns, 2.4820 us/op
// GC:  30 0 0 518003488 262144
// Threading:  0 0 262144

// AfterAll
// Benchmark Process 2714 has exited with code 0.

Mean = 2.477 μs, StdErr = 0.003 μs (0.12%), N = 3, StdDev = 0.005 μs
Min = 2.472 μs, Q1 = 2.474 μs, Median = 2.477 μs, Q3 = 2.479 μs, Max = 2.482 μs
IQR = 0.005 μs, LowerFence = 2.467 μs, UpperFence = 2.487 μs
ConfidenceInterval = [2.384 μs; 2.569 μs] (CI 99.9%), Margin = 0.092 μs (3.73% of Mean)
Skewness = 0.05, Kurtosis = 0.67, MValue = 2

// ** Remained 4 (80.0 %) benchmark(s) to run. Estimated finish 2026-10-10 22:47 (0h 0m from now) **
// **************************
// Benchmark: StandardResilienceBenchmarks.StandardResilience_Success: ShortRun(IterationCount=3, LaunchCount=1, WarmupCount=3)
// *** Execute ***
// Launch: 1 / 1
// Execute: dotnet Encina.Extensions.Resilience.Benchmarks-ShortRun-1.dll --anonymousPipes 147 148 --benchmarkName Encina.Extensions.Resilience.Benchmarks.StandardResilienceBenchmarks.StandardResilience_Success --job ShortRun --benchmarkId 1 in /home/runner/work/Encina/Encina/tests/Encina.BenchmarkTests/Encina.Extensions.Resilience.Benchmarks/bin/Release/net10.0/Encina.Extensions.Resilience.Benchmarks-ShortRun-1/bin/Release/net10.0
// Failed to set up high priority (Permission denied). In order to run benchmarks with high priority, make sure you have the right permissions.
// BeforeAnythingElse

// Benchmark Process Environment Information:
// BenchmarkDotNet v0.15.8
// Runtime=.NET 10.0.12 (10.0.12, 10.0.1226.42308), X64 RyuJIT x86-64-v4
// GC=Concurrent Workstation
// HardwareIntrinsics=AVX512 BITALG+VBMI2+VNNI+VPOPCNTDQ,AVX512 IFMA+VBMI,AVX512 F+BW+CD+DQ+VL,AVX2+BMI1+BMI2+F16C+FMA+LZCNT+MOVBE,AVX,SSE3+SSSE3+SSE4.1+SSE4.2+POPCNT,X86Base+SSE+SSE2,AES+PCLMUL VectorSize=256
// Job: ShortRun(IterationCount=3, LaunchCount=1, WarmupCount=3)

OverheadJitting  1: 1 op, 208793.00 ns, 208.7930 us/op
WorkloadJitting  1: 1 op, 161182089.00 ns, 161.1821 ms/op

WorkloadPilot    1: 2 op, 706791.00 ns, 353.3955 us/op
WorkloadPilot    2: 3 op, 78247.00 ns, 26.0823 us/op
WorkloadPilot    3: 4 op, 71177.00 ns, 17.7943 us/op
WorkloadPilot    4: 5 op, 66400.00 ns, 13.2800 us/op
WorkloadPilot    5: 6 op, 71387.00 ns, 11.8978 us/op
WorkloadPilot    6: 7 op, 78338.00 ns, 11.1911 us/op
WorkloadPilot    7: 8 op, 84417.00 ns, 10.5521 us/op
WorkloadPilot    8: 9 op, 96725.00 ns, 10.7472 us/op
WorkloadPilot    9: 10 op, 98869.00 ns, 9.8869 us/op
WorkloadPilot   10: 11 op, 116115.00 ns, 10.5559 us/op
WorkloadPilot   11: 12 op, 106550.00 ns, 8.8792 us/op
WorkloadPilot   12: 13 op, 129724.00 ns, 9.9788 us/op
WorkloadPilot   13: 14 op, 136355.00 ns, 9.7396 us/op
WorkloadPilot   14: 15 op, 143085.00 ns, 9.5390 us/op
WorkloadPilot   15: 16 op, 140101.00 ns, 8.7563 us/op
WorkloadPilot   16: 32 op, 266200.00 ns, 8.3188 us/op
WorkloadPilot   17: 64 op, 455654.00 ns, 7.1196 us/op
WorkloadPilot   18: 128 op, 868094.00 ns, 6.7820 us/op
WorkloadPilot   19: 256 op, 1642126.00 ns, 6.4146 us/op
WorkloadPilot   20: 512 op, 4632846.00 ns, 9.0485 us/op
WorkloadPilot   21: 1024 op, 6189003.00 ns, 6.0439 us/op
WorkloadPilot   22: 2048 op, 11544303.00 ns, 5.6369 us/op
WorkloadPilot   23: 4096 op, 23200986.00 ns, 5.6643 us/op
WorkloadPilot   24: 8192 op, 45564314.00 ns, 5.5621 us/op
WorkloadPilot   25: 16384 op, 79185585.00 ns, 4.8331 us/op
WorkloadPilot   26: 32768 op, 158319965.00 ns, 4.8315 us/op
WorkloadPilot   27: 65536 op, 314348621.00 ns, 4.7966 us/op
WorkloadPilot   28: 131072 op, 626305981.00 ns, 4.7783 us/op

WorkloadWarmup   1: 131072 op, 624240350.00 ns, 4.7626 us/op
WorkloadWarmup   2: 131072 op, 623862602.00 ns, 4.7597 us/op
WorkloadWarmup   3: 131072 op, 625146730.00 ns, 4.7695 us/op

// BeforeActualRun
WorkloadActual   1: 131072 op, 629975020.00 ns, 4.8063 us/op
WorkloadActual   2: 131072 op, 625190125.00 ns, 4.7698 us/op
WorkloadActual   3: 131072 op, 628493144.00 ns, 4.7950 us/op

// AfterActualRun
WorkloadResult   1: 131072 op, 629975020.00 ns, 4.8063 us/op
WorkloadResult   2: 131072 op, 625190125.00 ns, 4.7698 us/op
WorkloadResult   3: 131072 op, 628493144.00 ns, 4.7950 us/op
// GC:  18 0 0 301994144 131072
// Threading:  0 0 131072

// AfterAll
// Benchmark Process 2724 has exited with code 0.

Mean = 4.790 μs, StdErr = 0.011 μs (0.23%), N = 3, StdDev = 0.019 μs
Min = 4.770 μs, Q1 = 4.782 μs, Median = 4.795 μs, Q3 = 4.801 μs, Max = 4.806 μs
IQR = 0.018 μs, LowerFence = 4.755 μs, UpperFence = 4.828 μs
ConfidenceInterval = [4.449 μs; 5.131 μs] (CI 99.9%), Margin = 0.341 μs (7.12% of Mean)
Skewness = -0.23, Kurtosis = 0.67, MValue = 2

// ** Remained 3 (60.0 %) benchmark(s) to run. Estimated finish 2026-10-10 22:47 (0h 0m from now) **
// **************************
// Benchmark: StandardResilienceBenchmarks.StandardResilience_WithRetry: ShortRun(IterationCount=3, LaunchCount=1, WarmupCount=3)
// *** Execute ***
// Launch: 1 / 1
// Execute: dotnet Encina.Extensions.Resilience.Benchmarks-ShortRun-1.dll --anonymousPipes 147 148 --benchmarkName Encina.Extensions.Resilience.Benchmarks.StandardResilienceBenchmarks.StandardResilience_WithRetry --job ShortRun --benchmarkId 2 in /home/runner/work/Encina/Encina/tests/Encina.BenchmarkTests/Encina.Extensions.Resilience.Benchmarks/bin/Release/net10.0/Encina.Extensions.Resilience.Benchmarks-ShortRun-1/bin/Release/net10.0
// Failed to set up high priority (Permission denied). In order to run benchmarks with high priority, make sure you have the right permissions.
// BeforeAnythingElse

// Benchmark Process Environment Information:
// BenchmarkDotNet v0.15.8
// Runtime=.NET 10.0.12 (10.0.12, 10.0.1226.42308), X64 RyuJIT x86-64-v4
// GC=Concurrent Workstation
// HardwareIntrinsics=AVX512 BITALG+VBMI2+VNNI+VPOPCNTDQ,AVX512 IFMA+VBMI,AVX512 F+BW+CD+DQ+VL,AVX2+BMI1+BMI2+F16C+FMA+LZCNT+MOVBE,AVX,SSE3+SSSE3+SSE4.1+SSE4.2+POPCNT,X86Base+SSE+SSE2,AES+PCLMUL VectorSize=256
// Job: ShortRun(IterationCount=3, LaunchCount=1, WarmupCount=3)

OverheadJitting  1: 1 op, 196845.00 ns, 196.8450 us/op
WorkloadJitting  1: 1 op, 162561644.00 ns, 162.5616 ms/op

WorkloadPilot    1: 2 op, 42847523.00 ns, 21.4238 ms/op
WorkloadPilot    2: 3 op, 634603.00 ns, 211.5343 us/op
WorkloadPilot    3: 4 op, 7419149.00 ns, 1.8548 ms/op
WorkloadPilot    4: 5 op, 8726853.00 ns, 1.7454 ms/op
WorkloadPilot    5: 6 op, 14404697.00 ns, 2.4008 ms/op
WorkloadPilot    6: 7 op, 13463554.00 ns, 1.9234 ms/op
WorkloadPilot    7: 8 op, 16805942.00 ns, 2.1007 ms/op
WorkloadPilot    8: 9 op, 20425578.00 ns, 2.2695 ms/op
WorkloadPilot    9: 10 op, 22768586.00 ns, 2.2769 ms/op
WorkloadPilot   10: 11 op, 21883076.00 ns, 1.9894 ms/op
WorkloadPilot   11: 12 op, 20885878.00 ns, 1.7405 ms/op
WorkloadPilot   12: 13 op, 17739334.00 ns, 1.3646 ms/op
WorkloadPilot   13: 14 op, 29934104.00 ns, 2.1382 ms/op
WorkloadPilot   14: 15 op, 36857669.00 ns, 2.4572 ms/op
WorkloadPilot   15: 16 op, 34876685.00 ns, 2.1798 ms/op
WorkloadPilot   16: 32 op, 43536546.00 ns, 1.3605 ms/op
WorkloadPilot   17: 64 op, 120650503.00 ns, 1.8852 ms/op
WorkloadPilot   18: 128 op, 246915224.00 ns, 1.9290 ms/op
WorkloadPilot   19: 256 op, 469541541.00 ns, 1.8341 ms/op
WorkloadPilot   20: 512 op, 1004837628.00 ns, 1.9626 ms/op

WorkloadWarmup   1: 512 op, 930706219.00 ns, 1.8178 ms/op
WorkloadWarmup   2: 512 op, 954935770.00 ns, 1.8651 ms/op
WorkloadWarmup   3: 512 op, 968998005.00 ns, 1.8926 ms/op

// BeforeActualRun
WorkloadActual   1: 512 op, 915449709.00 ns, 1.7880 ms/op
WorkloadActual   2: 512 op, 916702521.00 ns, 1.7904 ms/op
WorkloadActual   3: 512 op, 948422996.00 ns, 1.8524 ms/op

// AfterActualRun
WorkloadResult   1: 512 op, 915449709.00 ns, 1.7880 ms/op
WorkloadResult   2: 512 op, 916702521.00 ns, 1.7904 ms/op
WorkloadResult   3: 512 op, 948422996.00 ns, 1.8524 ms/op
// GC:  1 0 0 27810448 512
// Threading:  796 0 512
// Exceptions:  2

// AfterAll
// Benchmark Process 2736 has exited with code 0.

Mean = 1.810 ms, StdErr = 0.021 ms (1.16%), N = 3, StdDev = 0.036 ms
Min = 1.788 ms, Q1 = 1.789 ms, Median = 1.790 ms, Q3 = 1.821 ms, Max = 1.852 ms
IQR = 0.032 ms, LowerFence = 1.741 ms, UpperFence = 1.870 ms
ConfidenceInterval = [1.144 ms; 2.476 ms] (CI 99.9%), Margin = 0.666 ms (36.78% of Mean)
Skewness = 0.38, Kurtosis = 0.67, MValue = 2

// ** Remained 2 (40.0 %) benchmark(s) to run. Estimated finish 2026-10-10 22:48 (0h 0m from now) **
// **************************
// Benchmark: StandardResilienceBenchmarks.StandardResilience_ConcurrentRequests: ShortRun(IterationCount=3, LaunchCount=1, WarmupCount=3)
// *** Execute ***
// Launch: 1 / 1
// Execute: dotnet Encina.Extensions.Resilience.Benchmarks-ShortRun-1.dll --anonymousPipes 147 148 --benchmarkName Encina.Extensions.Resilience.Benchmarks.StandardResilienceBenchmarks.StandardResilience_ConcurrentRequests --job ShortRun --benchmarkId 3 in /home/runner/work/Encina/Encina/tests/Encina.BenchmarkTests/Encina.Extensions.Resilience.Benchmarks/bin/Release/net10.0/Encina.Extensions.Resilience.Benchmarks-ShortRun-1/bin/Release/net10.0
// Failed to set up high priority (Permission denied). In order to run benchmarks with high priority, make sure you have the right permissions.
// BeforeAnythingElse

// Benchmark Process Environment Information:
// BenchmarkDotNet v0.15.8
// Runtime=.NET 10.0.12 (10.0.12, 10.0.1226.42308), X64 RyuJIT x86-64-v4
// GC=Concurrent Workstation
// HardwareIntrinsics=AVX512 BITALG+VBMI2+VNNI+VPOPCNTDQ,AVX512 IFMA+VBMI,AVX512 F+BW+CD+DQ+VL,AVX2+BMI1+BMI2+F16C+FMA+LZCNT+MOVBE,AVX,SSE3+SSSE3+SSE4.1+SSE4.2+POPCNT,X86Base+SSE+SSE2,AES+PCLMUL VectorSize=256
// Job: ShortRun(IterationCount=3, LaunchCount=1, WarmupCount=3)

OverheadJitting  1: 1 op, 207612.00 ns, 207.6120 us/op
WorkloadJitting  1: 1 op, 157603177.00 ns, 157.6032 ms/op

WorkloadPilot    1: 2 op, 1868666.00 ns, 934.3330 us/op
WorkloadPilot    2: 3 op, 254733.00 ns, 84.9110 us/op
WorkloadPilot    3: 4 op, 240451.00 ns, 60.1128 us/op
WorkloadPilot    4: 5 op, 345679.00 ns, 69.1358 us/op
WorkloadPilot    5: 6 op, 366891.00 ns, 61.1485 us/op
WorkloadPilot    6: 7 op, 430376.00 ns, 61.4823 us/op
WorkloadPilot    7: 8 op, 460291.00 ns, 57.5364 us/op
WorkloadPilot    8: 9 op, 525029.00 ns, 58.3366 us/op
WorkloadPilot    9: 10 op, 555805.00 ns, 55.5805 us/op
WorkloadPilot   10: 11 op, 623245.00 ns, 56.6586 us/op
WorkloadPilot   11: 12 op, 649054.00 ns, 54.0878 us/op
WorkloadPilot   12: 13 op, 692350.00 ns, 53.2577 us/op
WorkloadPilot   13: 14 op, 739951.00 ns, 52.8536 us/op
WorkloadPilot   14: 15 op, 787312.00 ns, 52.4875 us/op
WorkloadPilot   15: 16 op, 828214.00 ns, 51.7634 us/op
WorkloadPilot   16: 32 op, 1816037.00 ns, 56.7512 us/op
WorkloadPilot   17: 64 op, 3716700.00 ns, 58.0734 us/op
WorkloadPilot   18: 128 op, 7397135.00 ns, 57.7901 us/op
WorkloadPilot   19: 256 op, 14928902.00 ns, 58.3160 us/op
WorkloadPilot   20: 512 op, 29601530.00 ns, 57.8155 us/op
WorkloadPilot   21: 1024 op, 54131116.00 ns, 52.8624 us/op
WorkloadPilot   22: 2048 op, 100968502.00 ns, 49.3010 us/op
WorkloadPilot   23: 4096 op, 202585507.00 ns, 49.4594 us/op
WorkloadPilot   24: 8192 op, 405551719.00 ns, 49.5058 us/op
WorkloadPilot   25: 16384 op, 812832009.00 ns, 49.6113 us/op

WorkloadWarmup   1: 16384 op, 810249861.00 ns, 49.4537 us/op
WorkloadWarmup   2: 16384 op, 816729562.00 ns, 49.8492 us/op
WorkloadWarmup   3: 16384 op, 809338293.00 ns, 49.3981 us/op

// BeforeActualRun
WorkloadActual   1: 16384 op, 812574823.00 ns, 49.5956 us/op
WorkloadActual   2: 16384 op, 811865588.00 ns, 49.5523 us/op
WorkloadActual   3: 16384 op, 812062444.00 ns, 49.5644 us/op

// AfterActualRun
WorkloadResult   1: 16384 op, 812574823.00 ns, 49.5956 us/op
WorkloadResult   2: 16384 op, 811865588.00 ns, 49.5523 us/op
WorkloadResult   3: 16384 op, 812062444.00 ns, 49.5644 us/op
// GC:  22 0 0 383521824 16384
// Threading:  0 0 16384

// AfterAll
// Benchmark Process 2748 has exited with code 0.

Mean = 49.571 μs, StdErr = 0.013 μs (0.03%), N = 3, StdDev = 0.022 μs
Min = 49.552 μs, Q1 = 49.558 μs, Median = 49.564 μs, Q3 = 49.580 μs, Max = 49.596 μs
IQR = 0.022 μs, LowerFence = 49.526 μs, UpperFence = 49.612 μs
ConfidenceInterval = [49.163 μs; 49.978 μs] (CI 99.9%), Margin = 0.408 μs (0.82% of Mean)
Skewness = 0.26, Kurtosis = 0.67, MValue = 2

// ** Remained 1 (20.0 %) benchmark(s) to run. Estimated finish 2026-10-10 22:48 (0h 0m from now) **
// **************************
// Benchmark: StandardResilienceBenchmarks.StandardResilience_MultipleSequentialRequests: ShortRun(IterationCount=3, LaunchCount=1, WarmupCount=3)
// *** Execute ***
// Launch: 1 / 1
// Execute: dotnet Encina.Extensions.Resilience.Benchmarks-ShortRun-1.dll --anonymousPipes 147 148 --benchmarkName Encina.Extensions.Resilience.Benchmarks.StandardResilienceBenchmarks.StandardResilience_MultipleSequentialRequests --job ShortRun --benchmarkId 4 in /home/runner/work/Encina/Encina/tests/Encina.BenchmarkTests/Encina.Extensions.Resilience.Benchmarks/bin/Release/net10.0/Encina.Extensions.Resilience.Benchmarks-ShortRun-1/bin/Release/net10.0
// Failed to set up high priority (Permission denied). In order to run benchmarks with high priority, make sure you have the right permissions.
// BeforeAnythingElse

// Benchmark Process Environment Information:
// BenchmarkDotNet v0.15.8
// Runtime=.NET 10.0.12 (10.0.12, 10.0.1226.42308), X64 RyuJIT x86-64-v4
// GC=Concurrent Workstation
// HardwareIntrinsics=AVX512 BITALG+VBMI2+VNNI+VPOPCNTDQ,AVX512 IFMA+VBMI,AVX512 F+BW+CD+DQ+VL,AVX2+BMI1+BMI2+F16C+FMA+LZCNT+MOVBE,AVX,SSE3+SSSE3+SSE4.1+SSE4.2+POPCNT,X86Base+SSE+SSE2,AES+PCLMUL VectorSize=256
// Job: ShortRun(IterationCount=3, LaunchCount=1, WarmupCount=3)

OverheadJitting  1: 1 op, 211097.00 ns, 211.0970 us/op
WorkloadJitting  1: 1 op, 156575820.00 ns, 156.5758 ms/op

WorkloadPilot    1: 2 op, 220121.00 ns, 110.0605 us/op
WorkloadPilot    2: 3 op, 1872792.00 ns, 624.2640 us/op
WorkloadPilot    3: 4 op, 236706.00 ns, 59.1765 us/op
WorkloadPilot    4: 5 op, 332519.00 ns, 66.5038 us/op
WorkloadPilot    5: 6 op, 386080.00 ns, 64.3467 us/op
WorkloadPilot    6: 7 op, 390626.00 ns, 55.8037 us/op
WorkloadPilot    7: 8 op, 435394.00 ns, 54.4243 us/op
WorkloadPilot    8: 9 op, 542955.00 ns, 60.3283 us/op
WorkloadPilot    9: 10 op, 524197.00 ns, 52.4197 us/op
WorkloadPilot   10: 11 op, 590107.00 ns, 53.6461 us/op
WorkloadPilot   11: 12 op, 639129.00 ns, 53.2608 us/op
WorkloadPilot   12: 13 op, 692080.00 ns, 53.2369 us/op
WorkloadPilot   13: 14 op, 705419.00 ns, 50.3871 us/op
WorkloadPilot   14: 15 op, 771979.00 ns, 51.4653 us/op
WorkloadPilot   15: 16 op, 824288.00 ns, 51.5180 us/op
WorkloadPilot   16: 32 op, 1741285.00 ns, 54.4152 us/op
WorkloadPilot   17: 64 op, 3599154.00 ns, 56.2368 us/op
WorkloadPilot   18: 128 op, 7159100.00 ns, 55.9305 us/op
WorkloadPilot   19: 256 op, 14114134.00 ns, 55.1333 us/op
WorkloadPilot   20: 512 op, 28431815.00 ns, 55.5309 us/op
WorkloadPilot   21: 1024 op, 52959286.00 ns, 51.7181 us/op
WorkloadPilot   22: 2048 op, 99908576.00 ns, 48.7835 us/op
WorkloadPilot   23: 4096 op, 194880520.00 ns, 47.5783 us/op
WorkloadPilot   24: 8192 op, 389496723.00 ns, 47.5460 us/op
WorkloadPilot   25: 16384 op, 782773208.00 ns, 47.7767 us/op

WorkloadWarmup   1: 16384 op, 777432730.00 ns, 47.4507 us/op
WorkloadWarmup   2: 16384 op, 779174255.00 ns, 47.5570 us/op
WorkloadWarmup   3: 16384 op, 778456557.00 ns, 47.5132 us/op

// BeforeActualRun
WorkloadActual   1: 16384 op, 775945948.00 ns, 47.3600 us/op
WorkloadActual   2: 16384 op, 779618321.00 ns, 47.5841 us/op
WorkloadActual   3: 16384 op, 779530871.00 ns, 47.5788 us/op

// AfterActualRun
WorkloadResult   1: 16384 op, 775945948.00 ns, 47.3600 us/op
WorkloadResult   2: 16384 op, 779618321.00 ns, 47.5841 us/op
WorkloadResult   3: 16384 op, 779530871.00 ns, 47.5788 us/op
// GC:  21 0 0 359011136 16384
// Threading:  0 0 16384

// AfterAll
// Benchmark Process 2764 has exited with code 0.

Mean = 47.508 μs, StdErr = 0.074 μs (0.16%), N = 3, StdDev = 0.128 μs
Min = 47.360 μs, Q1 = 47.469 μs, Median = 47.579 μs, Q3 = 47.581 μs, Max = 47.584 μs
IQR = 0.112 μs, LowerFence = 47.301 μs, UpperFence = 47.750 μs
ConfidenceInterval = [45.174 μs; 49.841 μs] (CI 99.9%), Margin = 2.333 μs (4.91% of Mean)
Skewness = -0.38, Kurtosis = 0.67, MValue = 2

// ** Remained 0 (0.0 %) benchmark(s) to run. Estimated finish 2026-10-10 22:48 (0h 0m from now) **
// ***** BenchmarkRunner: Finish  *****

// * Export *
  artifacts/performance/ExtensionsResilience/results/Encina.Extensions.Resilience.Benchmarks.StandardResilienceBenchmarks-report.csv
  artifacts/performance/ExtensionsResilience/results/Encina.Extensions.Resilience.Benchmarks.StandardResilienceBenchmarks-report-github.md
  artifacts/performance/ExtensionsResilience/results/Encina.Extensions.Resilience.Benchmarks.StandardResilienceBenchmarks-report.html
  artifacts/performance/ExtensionsResilience/results/Encina.Extensions.Resilience.Benchmarks.StandardResilienceBenchmarks-report-full-compressed.json

// * Detailed results *
StandardResilienceBenchmarks.NoResilience_Baseline: ShortRun(IterationCount=3, LaunchCount=1, WarmupCount=3)
Runtime = .NET 10.0.12 (10.0.12, 10.0.1226.42308), X64 RyuJIT x86-64-v4; GC = Concurrent Workstation
Mean = 2.477 μs, StdErr = 0.003 μs (0.12%), N = 3, StdDev = 0.005 μs
Min = 2.472 μs, Q1 = 2.474 μs, Median = 2.477 μs, Q3 = 2.479 μs, Max = 2.482 μs
IQR = 0.005 μs, LowerFence = 2.467 μs, UpperFence = 2.487 μs
ConfidenceInterval = [2.384 μs; 2.569 μs] (CI 99.9%), Margin = 0.092 μs (3.73% of Mean)
Skewness = 0.05, Kurtosis = 0.67, MValue = 2
-------------------- Histogram --------------------
[2.467 μs ; 2.487 μs) | @@@
---------------------------------------------------

StandardResilienceBenchmarks.StandardResilience_Success: ShortRun(IterationCount=3, LaunchCount=1, WarmupCount=3)
Runtime = .NET 10.0.12 (10.0.12, 10.0.1226.42308), X64 RyuJIT x86-64-v4; GC = Concurrent Workstation
Mean = 4.790 μs, StdErr = 0.011 μs (0.23%), N = 3, StdDev = 0.019 μs
Min = 4.770 μs, Q1 = 4.782 μs, Median = 4.795 μs, Q3 = 4.801 μs, Max = 4.806 μs
IQR = 0.018 μs, LowerFence = 4.755 μs, UpperFence = 4.828 μs
ConfidenceInterval = [4.449 μs; 5.131 μs] (CI 99.9%), Margin = 0.341 μs (7.12% of Mean)
Skewness = -0.23, Kurtosis = 0.67, MValue = 2
-------------------- Histogram --------------------
[4.753 μs ; 4.823 μs) | @@@
---------------------------------------------------

StandardResilienceBenchmarks.StandardResilience_MultipleSequentialRequests: ShortRun(IterationCount=3, LaunchCount=1, WarmupCount=3)
Runtime = .NET 10.0.12 (10.0.12, 10.0.1226.42308), X64 RyuJIT x86-64-v4; GC = Concurrent Workstation
Mean = 47.508 μs, StdErr = 0.074 μs (0.16%), N = 3, StdDev = 0.128 μs
Min = 47.360 μs, Q1 = 47.469 μs, Median = 47.579 μs, Q3 = 47.581 μs, Max = 47.584 μs
IQR = 0.112 μs, LowerFence = 47.301 μs, UpperFence = 47.750 μs
ConfidenceInterval = [45.174 μs; 49.841 μs] (CI 99.9%), Margin = 2.333 μs (4.91% of Mean)
Skewness = -0.38, Kurtosis = 0.67, MValue = 2
-------------------- Histogram --------------------
[47.356 μs ; 47.588 μs) | @@@
---------------------------------------------------

StandardResilienceBenchmarks.StandardResilience_ConcurrentRequests: ShortRun(IterationCount=3, LaunchCount=1, WarmupCount=3)
Runtime = .NET 10.0.12 (10.0.12, 10.0.1226.42308), X64 RyuJIT x86-64-v4; GC = Concurrent Workstation
Mean = 49.571 μs, StdErr = 0.013 μs (0.03%), N = 3, StdDev = 0.022 μs
Min = 49.552 μs, Q1 = 49.558 μs, Median = 49.564 μs, Q3 = 49.580 μs, Max = 49.596 μs
IQR = 0.022 μs, LowerFence = 49.526 μs, UpperFence = 49.612 μs
ConfidenceInterval = [49.163 μs; 49.978 μs] (CI 99.9%), Margin = 0.408 μs (0.82% of Mean)
Skewness = 0.26, Kurtosis = 0.67, MValue = 2
-------------------- Histogram --------------------
[49.532 μs ; 49.616 μs) | @@@
---------------------------------------------------

StandardResilienceBenchmarks.StandardResilience_WithRetry: ShortRun(IterationCount=3, LaunchCount=1, WarmupCount=3)
Runtime = .NET 10.0.12 (10.0.12, 10.0.1226.42308), X64 RyuJIT x86-64-v4; GC = Concurrent Workstation
Mean = 1.810 ms, StdErr = 0.021 ms (1.16%), N = 3, StdDev = 0.036 ms
Min = 1.788 ms, Q1 = 1.789 ms, Median = 1.790 ms, Q3 = 1.821 ms, Max = 1.852 ms
IQR = 0.032 ms, LowerFence = 1.741 ms, UpperFence = 1.870 ms
ConfidenceInterval = [1.144 ms; 2.476 ms] (CI 99.9%), Margin = 0.666 ms (36.78% of Mean)
Skewness = 0.38, Kurtosis = 0.67, MValue = 2
-------------------- Histogram --------------------
[1.787 ms ; 1.853 ms) | @@@
---------------------------------------------------

// * Summary *

BenchmarkDotNet v0.15.8, Linux Ubuntu 24.04.5 LTS (Noble Numbat)
AMD EPYC 9V74 2.60GHz, 1 CPU, 4 logical and 2 physical cores
.NET SDK 10.0.401
  [Host]   : .NET 10.0.12 (10.0.12, 10.0.1226.42308), X64 RyuJIT x86-64-v4
  ShortRun : .NET 10.0.12 (10.0.12, 10.0.1226.42308), X64 RyuJIT x86-64-v4

Job=ShortRun  IterationCount=3  LaunchCount=1  
WarmupCount=3  

| Method                                        | Mean         | Error       | StdDev     | Ratio  | RatioSD | Rank | Gen0   | Allocated | Alloc Ratio |
|---------------------------------------------- |-------------:|------------:|-----------:|-------:|--------:|-----:|-------:|----------:|------------:|
| NoResilience_Baseline                         |     2.477 μs |   0.0924 μs |  0.0051 μs |   1.00 |    0.00 |    1 | 0.1144 |   1.93 KB |        1.00 |
| StandardResilience_Success                    |     4.790 μs |   0.3409 μs |  0.0187 μs |   1.93 |    0.01 |    2 | 0.1373 |   2.25 KB |        1.17 |
| StandardResilience_MultipleSequentialRequests |    47.508 μs |   2.3333 μs |  0.1279 μs |  19.18 |    0.06 |    3 | 1.2817 |   21.4 KB |       11.09 |
| StandardResilience_ConcurrentRequests         |    49.571 μs |   0.4077 μs |  0.0223 μs |  20.01 |    0.04 |    3 | 1.3428 |  22.86 KB |       11.85 |
| StandardResilience_WithRetry                  | 1,810.270 μs | 665.8240 μs | 36.4961 μs | 730.89 |   12.83 |    4 | 1.9531 |  53.04 KB |       27.49 |
// * Config Issues *

// * Warnings *
Configuration
  Summary -> The exporter CsvExporter is already present in configuration. There may be unexpected results.
  Summary -> The exporter HtmlExporter is already present in configuration. There may be unexpected results.
  Summary -> The exporter MarkdownExporter-github is already present in configuration. There may be unexpected results.

// * Legends *
  Mean        : Arithmetic mean of all measurements
  Error       : Half of 99.9% confidence interval
  StdDev      : Standard deviation of all measurements
  Ratio       : Mean of the ratio distribution ([Current]/[Baseline])
  RatioSD     : Standard deviation of the ratio distribution ([Current]/[Baseline])
  Rank        : Relative position of current benchmark mean among all benchmarks (Arabic style)
  Gen0        : GC Generation 0 collects per 1000 operations
  Allocated   : Allocated memory per single operation (managed only, inclusive, 1KB = 1024B)
  Alloc Ratio : Allocated memory ratio distribution ([Current]/[Baseline])
  1 μs        : 1 Microsecond (0.000001 sec)

// * Diagnostic Output - MemoryDiagnoser *


// ***** BenchmarkRunner: End *****
Run time: 00:00:37 (37.08 sec), executed benchmarks: 5

Global total time: 00:01:05 (65.09 sec), executed benchmarks: 5
// * Artifacts cleanup *
Artifacts cleanup is finished
