// Validating benchmarks:
// ***** BenchmarkRunner: Start   *****
// ***** Found 14 benchmark(s) in total *****
// ***** Building 1 exe(s) in Parallel: Start   *****
// start dotnet  restore --nodeReuse:false /p:UseSharedCompilation=false /p:Deterministic=true /p:Optimize=true /p:ArtifactsPath="/home/runner/work/Encina/Encina/tests/Encina.BenchmarkTests/Encina.Security.AntiTampering.Benchmarks/bin/Release/net10.0/Encina.Security.AntiTampering.Benchmarks-Job-YFEFPZ-1/" /p:OutDir="/home/runner/work/Encina/Encina/tests/Encina.BenchmarkTests/Encina.Security.AntiTampering.Benchmarks/bin/Release/net10.0/Encina.Security.AntiTampering.Benchmarks-Job-YFEFPZ-1/bin/Release/net10.0/" /p:OutputPath="/home/runner/work/Encina/Encina/tests/Encina.BenchmarkTests/Encina.Security.AntiTampering.Benchmarks/bin/Release/net10.0/Encina.Security.AntiTampering.Benchmarks-Job-YFEFPZ-1/bin/Release/net10.0/" /p:PublishDir="/home/runner/work/Encina/Encina/tests/Encina.BenchmarkTests/Encina.Security.AntiTampering.Benchmarks/bin/Release/net10.0/Encina.Security.AntiTampering.Benchmarks-Job-YFEFPZ-1/publish/" in /home/runner/work/Encina/Encina/tests/Encina.BenchmarkTests/Encina.Security.AntiTampering.Benchmarks/bin/Release/net10.0/Encina.Security.AntiTampering.Benchmarks-Job-YFEFPZ-1
// command took 2.55 sec and exited with 0
// start dotnet  build -c Release --no-restore --nodeReuse:false /p:UseSharedCompilation=false /p:Deterministic=true /p:Optimize=true /p:ArtifactsPath="/home/runner/work/Encina/Encina/tests/Encina.BenchmarkTests/Encina.Security.AntiTampering.Benchmarks/bin/Release/net10.0/Encina.Security.AntiTampering.Benchmarks-Job-YFEFPZ-1/" /p:OutDir="/home/runner/work/Encina/Encina/tests/Encina.BenchmarkTests/Encina.Security.AntiTampering.Benchmarks/bin/Release/net10.0/Encina.Security.AntiTampering.Benchmarks-Job-YFEFPZ-1/bin/Release/net10.0/" /p:OutputPath="/home/runner/work/Encina/Encina/tests/Encina.BenchmarkTests/Encina.Security.AntiTampering.Benchmarks/bin/Release/net10.0/Encina.Security.AntiTampering.Benchmarks-Job-YFEFPZ-1/bin/Release/net10.0/" /p:PublishDir="/home/runner/work/Encina/Encina/tests/Encina.BenchmarkTests/Encina.Security.AntiTampering.Benchmarks/bin/Release/net10.0/Encina.Security.AntiTampering.Benchmarks-Job-YFEFPZ-1/publish/" --output "/home/runner/work/Encina/Encina/tests/Encina.BenchmarkTests/Encina.Security.AntiTampering.Benchmarks/bin/Release/net10.0/Encina.Security.AntiTampering.Benchmarks-Job-YFEFPZ-1/bin/Release/net10.0/" in /home/runner/work/Encina/Encina/tests/Encina.BenchmarkTests/Encina.Security.AntiTampering.Benchmarks/bin/Release/net10.0/Encina.Security.AntiTampering.Benchmarks-Job-YFEFPZ-1
// command took 54.84 sec and exited with 0
// ***** Done, took 00:00:57 (57.59 sec)   *****
// Found 14 benchmarks:
//   HMACSignerBenchmarks.Sign_SHA256_MediumPayload: Job-YFEFPZ(IterationCount=10, WarmupCount=3)
//   HMACSignerBenchmarks.Sign_SHA384_SmallPayload: Job-YFEFPZ(IterationCount=10, WarmupCount=3)
//   HMACSignerBenchmarks.Sign_SHA512_SmallPayload: Job-YFEFPZ(IterationCount=10, WarmupCount=3)
//   HMACSignerBenchmarks.Sign_SHA256_MediumPayload: ShortRun(IterationCount=3, LaunchCount=1, WarmupCount=3)
//   HMACSignerBenchmarks.Sign_SHA384_SmallPayload: ShortRun(IterationCount=3, LaunchCount=1, WarmupCount=3)
//   HMACSignerBenchmarks.Sign_SHA512_SmallPayload: ShortRun(IterationCount=3, LaunchCount=1, WarmupCount=3)
//   HMACSignerBenchmarks.Sign_SHA256_LargePayload: Job-YFEFPZ(IterationCount=10, WarmupCount=3)
//   HMACSignerBenchmarks.Sign_SHA256_LargePayload: ShortRun(IterationCount=3, LaunchCount=1, WarmupCount=3)
//   HMACSignerBenchmarks.Sign_SHA256_SmallPayload: Job-YFEFPZ(IterationCount=10, WarmupCount=3)
//   HMACSignerBenchmarks.Sign_SHA256_SmallPayload: ShortRun(IterationCount=3, LaunchCount=1, WarmupCount=3)
//   HMACSignerBenchmarks.SignAndVerify_Roundtrip: Job-YFEFPZ(IterationCount=10, WarmupCount=3)
//   HMACSignerBenchmarks.SignAndVerify_Roundtrip: ShortRun(IterationCount=3, LaunchCount=1, WarmupCount=3)
//   HMACSignerBenchmarks.Verify_SHA256_SmallPayload: Job-YFEFPZ(IterationCount=10, WarmupCount=3)
//   HMACSignerBenchmarks.Verify_SHA256_SmallPayload: ShortRun(IterationCount=3, LaunchCount=1, WarmupCount=3)

// **************************
// Benchmark: HMACSignerBenchmarks.Sign_SHA256_MediumPayload: Job-YFEFPZ(IterationCount=10, WarmupCount=3)
// *** Execute ***
// Launch: 1 / 1
// Execute: dotnet Encina.Security.AntiTampering.Benchmarks-Job-YFEFPZ-1.dll --anonymousPipes 146 147 --benchmarkName Encina.Security.AntiTampering.Benchmarks.HMACSignerBenchmarks.Sign_SHA256_MediumPayload --job "IterationCount=10, WarmupCount=3" --benchmarkId 0 in /home/runner/work/Encina/Encina/tests/Encina.BenchmarkTests/Encina.Security.AntiTampering.Benchmarks/bin/Release/net10.0/Encina.Security.AntiTampering.Benchmarks-Job-YFEFPZ-1/bin/Release/net10.0
// Failed to set up high priority (Permission denied). In order to run benchmarks with high priority, make sure you have the right permissions.
// BeforeAnythingElse

// Benchmark Process Environment Information:
// BenchmarkDotNet v0.15.8
// Runtime=.NET 10.0.12 (10.0.12, 10.0.1226.42308), X64 RyuJIT x86-64-v3
// GC=Concurrent Workstation
// HardwareIntrinsics=AVX2+BMI1+BMI2+F16C+FMA+LZCNT+MOVBE,AVX,SSE3+SSSE3+SSE4.1+SSE4.2+POPCNT,X86Base+SSE+SSE2,AES+PCLMUL VectorSize=256
// Job: Job-YFEFPZ(IterationCount=10, WarmupCount=3)

OverheadJitting  1: 1 op, 247243.00 ns, 247.2430 us/op
WorkloadJitting  1: 1 op, 2996304.00 ns, 2.9963 ms/op

OverheadJitting  2: 16 op, 432360.00 ns, 27.0225 us/op
WorkloadJitting  2: 16 op, 576620.00 ns, 36.0388 us/op

WorkloadPilot    1: 16 op, 136666.00 ns, 8.5416 us/op
WorkloadPilot    2: 32 op, 192130.00 ns, 6.0041 us/op
WorkloadPilot    3: 64 op, 365505.00 ns, 5.7110 us/op
WorkloadPilot    4: 128 op, 678821.00 ns, 5.3033 us/op
WorkloadPilot    5: 256 op, 1254691.00 ns, 4.9011 us/op
WorkloadPilot    6: 512 op, 2566518.00 ns, 5.0127 us/op
WorkloadPilot    7: 1024 op, 5155840.00 ns, 5.0350 us/op
WorkloadPilot    8: 2048 op, 10167650.00 ns, 4.9647 us/op
WorkloadPilot    9: 4096 op, 20306195.00 ns, 4.9576 us/op
WorkloadPilot   10: 8192 op, 40772449.00 ns, 4.9771 us/op
WorkloadPilot   11: 16384 op, 69265093.00 ns, 4.2276 us/op
WorkloadPilot   12: 32768 op, 141049574.00 ns, 4.3045 us/op
WorkloadPilot   13: 65536 op, 277146991.00 ns, 4.2289 us/op
WorkloadPilot   14: 131072 op, 555644882.00 ns, 4.2392 us/op

OverheadWarmup   1: 131072 op, 425036.00 ns, 3.2428 ns/op
OverheadWarmup   2: 131072 op, 427471.00 ns, 3.2613 ns/op
OverheadWarmup   3: 131072 op, 424866.00 ns, 3.2415 ns/op
OverheadWarmup   4: 131072 op, 424796.00 ns, 3.2409 ns/op
OverheadWarmup   5: 131072 op, 424846.00 ns, 3.2413 ns/op
OverheadWarmup   6: 131072 op, 424846.00 ns, 3.2413 ns/op

OverheadActual   1: 131072 op, 424876.00 ns, 3.2415 ns/op
OverheadActual   2: 131072 op, 463108.00 ns, 3.5332 ns/op
OverheadActual   3: 131072 op, 448160.00 ns, 3.4192 ns/op
OverheadActual   4: 131072 op, 425037.00 ns, 3.2428 ns/op
OverheadActual   5: 131072 op, 424836.00 ns, 3.2412 ns/op
OverheadActual   6: 131072 op, 424826.00 ns, 3.2412 ns/op
OverheadActual   7: 131072 op, 424826.00 ns, 3.2412 ns/op
OverheadActual   8: 131072 op, 424805.00 ns, 3.2410 ns/op
OverheadActual   9: 131072 op, 424826.00 ns, 3.2412 ns/op
OverheadActual  10: 131072 op, 424805.00 ns, 3.2410 ns/op
OverheadActual  11: 131072 op, 424867.00 ns, 3.2415 ns/op
OverheadActual  12: 131072 op, 424726.00 ns, 3.2404 ns/op
OverheadActual  13: 131072 op, 424856.00 ns, 3.2414 ns/op
OverheadActual  14: 131072 op, 424825.00 ns, 3.2412 ns/op
OverheadActual  15: 131072 op, 424786.00 ns, 3.2409 ns/op

WorkloadWarmup   1: 131072 op, 556382365.00 ns, 4.2449 us/op
WorkloadWarmup   2: 131072 op, 558430163.00 ns, 4.2605 us/op
WorkloadWarmup   3: 131072 op, 551521724.00 ns, 4.2078 us/op

// BeforeActualRun
WorkloadActual   1: 131072 op, 556678636.00 ns, 4.2471 us/op
WorkloadActual   2: 131072 op, 550800809.00 ns, 4.2023 us/op
WorkloadActual   3: 131072 op, 551583058.00 ns, 4.2082 us/op
WorkloadActual   4: 131072 op, 553922225.00 ns, 4.2261 us/op
WorkloadActual   5: 131072 op, 551505342.00 ns, 4.2077 us/op
WorkloadActual   6: 131072 op, 551111443.00 ns, 4.2046 us/op
WorkloadActual   7: 131072 op, 551683095.00 ns, 4.2090 us/op
WorkloadActual   8: 131072 op, 551920850.00 ns, 4.2108 us/op
WorkloadActual   9: 131072 op, 552192951.00 ns, 4.2129 us/op
WorkloadActual  10: 131072 op, 552097051.00 ns, 4.2122 us/op

// AfterActualRun
WorkloadResult   1: 131072 op, 550375983.00 ns, 4.1990 us/op
WorkloadResult   2: 131072 op, 551158232.00 ns, 4.2050 us/op
WorkloadResult   3: 131072 op, 551080516.00 ns, 4.2044 us/op
WorkloadResult   4: 131072 op, 550686617.00 ns, 4.2014 us/op
WorkloadResult   5: 131072 op, 551258269.00 ns, 4.2058 us/op
WorkloadResult   6: 131072 op, 551496024.00 ns, 4.2076 us/op
WorkloadResult   7: 131072 op, 551768125.00 ns, 4.2097 us/op
WorkloadResult   8: 131072 op, 551672225.00 ns, 4.2089 us/op
// GC:  14 0 0 236978176 131072
// Threading:  0 0 131072

// AfterAll
// Benchmark Process 3170 has exited with code 0.

Mean = 4.205 μs, StdErr = 0.001 μs (0.03%), N = 8, StdDev = 0.004 μs
Min = 4.199 μs, Q1 = 4.204 μs, Median = 4.205 μs, Q3 = 4.208 μs, Max = 4.210 μs
IQR = 0.004 μs, LowerFence = 4.197 μs, UpperFence = 4.214 μs
ConfidenceInterval = [4.198 μs; 4.212 μs] (CI 99.9%), Margin = 0.007 μs (0.17% of Mean)
Skewness = -0.37, Kurtosis = 1.62, MValue = 2

// ** Remained 13 (92.9 %) benchmark(s) to run. Estimated finish 2026-10-05 12:42 (0h 2m from now) **
// **************************
// Benchmark: HMACSignerBenchmarks.Sign_SHA384_SmallPayload: Job-YFEFPZ(IterationCount=10, WarmupCount=3)
// *** Execute ***
// Launch: 1 / 1
// Execute: dotnet Encina.Security.AntiTampering.Benchmarks-Job-YFEFPZ-1.dll --anonymousPipes 146 147 --benchmarkName Encina.Security.AntiTampering.Benchmarks.HMACSignerBenchmarks.Sign_SHA384_SmallPayload --job "IterationCount=10, WarmupCount=3" --benchmarkId 1 in /home/runner/work/Encina/Encina/tests/Encina.BenchmarkTests/Encina.Security.AntiTampering.Benchmarks/bin/Release/net10.0/Encina.Security.AntiTampering.Benchmarks-Job-YFEFPZ-1/bin/Release/net10.0
// Failed to set up high priority (Permission denied). In order to run benchmarks with high priority, make sure you have the right permissions.
// BeforeAnythingElse

// Benchmark Process Environment Information:
// BenchmarkDotNet v0.15.8
// Runtime=.NET 10.0.12 (10.0.12, 10.0.1226.42308), X64 RyuJIT x86-64-v3
// GC=Concurrent Workstation
// HardwareIntrinsics=AVX2+BMI1+BMI2+F16C+FMA+LZCNT+MOVBE,AVX,SSE3+SSSE3+SSE4.1+SSE4.2+POPCNT,X86Base+SSE+SSE2,AES+PCLMUL VectorSize=256
// Job: Job-YFEFPZ(IterationCount=10, WarmupCount=3)

OverheadJitting  1: 1 op, 232777.00 ns, 232.7770 us/op
WorkloadJitting  1: 1 op, 3127209.00 ns, 3.1272 ms/op

OverheadJitting  2: 16 op, 426089.00 ns, 26.6306 us/op
WorkloadJitting  2: 16 op, 550361.00 ns, 34.3976 us/op

WorkloadPilot    1: 16 op, 151403.00 ns, 9.4627 us/op
WorkloadPilot    2: 32 op, 248245.00 ns, 7.7577 us/op
WorkloadPilot    3: 64 op, 390151.00 ns, 6.0961 us/op
WorkloadPilot    4: 128 op, 731811.00 ns, 5.7173 us/op
WorkloadPilot    5: 256 op, 1288494.00 ns, 5.0332 us/op
WorkloadPilot    6: 512 op, 2714444.00 ns, 5.3016 us/op
WorkloadPilot    7: 1024 op, 5417160.00 ns, 5.2902 us/op
WorkloadPilot    8: 2048 op, 10743098.00 ns, 5.2457 us/op
WorkloadPilot    9: 4096 op, 21376589.00 ns, 5.2189 us/op
WorkloadPilot   10: 8192 op, 42485537.00 ns, 5.1862 us/op
WorkloadPilot   11: 16384 op, 73462573.00 ns, 4.4838 us/op
WorkloadPilot   12: 32768 op, 150015776.00 ns, 4.5781 us/op
WorkloadPilot   13: 65536 op, 294267683.00 ns, 4.4902 us/op
WorkloadPilot   14: 131072 op, 583555258.00 ns, 4.4522 us/op

OverheadWarmup   1: 131072 op, 446210.00 ns, 3.4043 ns/op
OverheadWarmup   2: 131072 op, 442032.00 ns, 3.3724 ns/op
OverheadWarmup   3: 131072 op, 441050.00 ns, 3.3649 ns/op
OverheadWarmup   4: 131072 op, 443575.00 ns, 3.3842 ns/op
OverheadWarmup   5: 131072 op, 440129.00 ns, 3.3579 ns/op
OverheadWarmup   6: 131072 op, 440600.00 ns, 3.3615 ns/op
OverheadWarmup   7: 131072 op, 440750.00 ns, 3.3627 ns/op
OverheadWarmup   8: 131072 op, 443155.00 ns, 3.3810 ns/op
OverheadWarmup   9: 131072 op, 440389.00 ns, 3.3599 ns/op

OverheadActual   1: 131072 op, 445138.00 ns, 3.3961 ns/op
OverheadActual   2: 131072 op, 441000.00 ns, 3.3646 ns/op
OverheadActual   3: 131072 op, 441912.00 ns, 3.3715 ns/op
OverheadActual   4: 131072 op, 455737.00 ns, 3.4770 ns/op
OverheadActual   5: 131072 op, 441050.00 ns, 3.3649 ns/op
OverheadActual   6: 131072 op, 440870.00 ns, 3.3636 ns/op
OverheadActual   7: 131072 op, 441041.00 ns, 3.3649 ns/op
OverheadActual   8: 131072 op, 440550.00 ns, 3.3611 ns/op
OverheadActual   9: 131072 op, 444447.00 ns, 3.3909 ns/op
OverheadActual  10: 131072 op, 440429.00 ns, 3.3602 ns/op
OverheadActual  11: 131072 op, 440780.00 ns, 3.3629 ns/op
OverheadActual  12: 131072 op, 439969.00 ns, 3.3567 ns/op
OverheadActual  13: 131072 op, 441591.00 ns, 3.3691 ns/op
OverheadActual  14: 131072 op, 441982.00 ns, 3.3721 ns/op
OverheadActual  15: 131072 op, 440199.00 ns, 3.3585 ns/op

WorkloadWarmup   1: 131072 op, 594211513.00 ns, 4.5335 us/op
WorkloadWarmup   2: 131072 op, 587755514.00 ns, 4.4842 us/op
WorkloadWarmup   3: 131072 op, 581977424.00 ns, 4.4401 us/op

// BeforeActualRun
WorkloadActual   1: 131072 op, 586100781.00 ns, 4.4716 us/op
WorkloadActual   2: 131072 op, 586313800.00 ns, 4.4732 us/op
WorkloadActual   3: 131072 op, 582508231.00 ns, 4.4442 us/op
WorkloadActual   4: 131072 op, 583427994.00 ns, 4.4512 us/op
WorkloadActual   5: 131072 op, 582426909.00 ns, 4.4436 us/op
WorkloadActual   6: 131072 op, 582396632.00 ns, 4.4433 us/op
WorkloadActual   7: 131072 op, 582129362.00 ns, 4.4413 us/op
WorkloadActual   8: 131072 op, 584537984.00 ns, 4.4597 us/op
WorkloadActual   9: 131072 op, 583564240.00 ns, 4.4522 us/op
WorkloadActual  10: 131072 op, 588691140.00 ns, 4.4914 us/op

// AfterActualRun
WorkloadResult   1: 131072 op, 585659740.00 ns, 4.4682 us/op
WorkloadResult   2: 131072 op, 585872759.00 ns, 4.4699 us/op
WorkloadResult   3: 131072 op, 582067190.00 ns, 4.4408 us/op
WorkloadResult   4: 131072 op, 582986953.00 ns, 4.4478 us/op
WorkloadResult   5: 131072 op, 581985868.00 ns, 4.4402 us/op
WorkloadResult   6: 131072 op, 581955591.00 ns, 4.4400 us/op
WorkloadResult   7: 131072 op, 581688321.00 ns, 4.4379 us/op
WorkloadResult   8: 131072 op, 584096943.00 ns, 4.4563 us/op
WorkloadResult   9: 131072 op, 583123199.00 ns, 4.4489 us/op
WorkloadResult  10: 131072 op, 588250099.00 ns, 4.4880 us/op
// GC:  14 0 0 244318208 131072
// Threading:  0 0 131072

// AfterAll
// Benchmark Process 3184 has exited with code 0.

Mean = 4.454 μs, StdErr = 0.005 μs (0.12%), N = 10, StdDev = 0.017 μs
Min = 4.438 μs, Q1 = 4.440 μs, Median = 4.448 μs, Q3 = 4.465 μs, Max = 4.488 μs
IQR = 0.025 μs, LowerFence = 4.403 μs, UpperFence = 4.503 μs
ConfidenceInterval = [4.429 μs; 4.479 μs] (CI 99.9%), Margin = 0.025 μs (0.57% of Mean)
Skewness = 0.77, Kurtosis = 2.13, MValue = 2

// ** Remained 12 (85.7 %) benchmark(s) to run. Estimated finish 2026-10-05 12:42 (0h 1m from now) **
// **************************
// Benchmark: HMACSignerBenchmarks.Sign_SHA512_SmallPayload: Job-YFEFPZ(IterationCount=10, WarmupCount=3)
// *** Execute ***
// Launch: 1 / 1
// Execute: dotnet Encina.Security.AntiTampering.Benchmarks-Job-YFEFPZ-1.dll --anonymousPipes 146 147 --benchmarkName Encina.Security.AntiTampering.Benchmarks.HMACSignerBenchmarks.Sign_SHA512_SmallPayload --job "IterationCount=10, WarmupCount=3" --benchmarkId 2 in /home/runner/work/Encina/Encina/tests/Encina.BenchmarkTests/Encina.Security.AntiTampering.Benchmarks/bin/Release/net10.0/Encina.Security.AntiTampering.Benchmarks-Job-YFEFPZ-1/bin/Release/net10.0
// Failed to set up high priority (Permission denied). In order to run benchmarks with high priority, make sure you have the right permissions.
// BeforeAnythingElse

// Benchmark Process Environment Information:
// BenchmarkDotNet v0.15.8
// Runtime=.NET 10.0.12 (10.0.12, 10.0.1226.42308), X64 RyuJIT x86-64-v3
// GC=Concurrent Workstation
// HardwareIntrinsics=AVX2+BMI1+BMI2+F16C+FMA+LZCNT+MOVBE,AVX,SSE3+SSSE3+SSE4.1+SSE4.2+POPCNT,X86Base+SSE+SSE2,AES+PCLMUL VectorSize=256
// Job: Job-YFEFPZ(IterationCount=10, WarmupCount=3)

OverheadJitting  1: 1 op, 222675.00 ns, 222.6750 us/op
WorkloadJitting  1: 1 op, 3065539.00 ns, 3.0655 ms/op

OverheadJitting  2: 16 op, 424019.00 ns, 26.5012 us/op
WorkloadJitting  2: 16 op, 571765.00 ns, 35.7353 us/op

WorkloadPilot    1: 16 op, 135692.00 ns, 8.4808 us/op
WorkloadPilot    2: 32 op, 213588.00 ns, 6.6746 us/op
WorkloadPilot    3: 64 op, 397450.00 ns, 6.2102 us/op
WorkloadPilot    4: 128 op, 733676.00 ns, 5.7318 us/op
WorkloadPilot    5: 256 op, 1285434.00 ns, 5.0212 us/op
WorkloadPilot    6: 512 op, 2641719.00 ns, 5.1596 us/op
WorkloadPilot    7: 1024 op, 5317912.00 ns, 5.1933 us/op
WorkloadPilot    8: 2048 op, 10474794.00 ns, 5.1146 us/op
WorkloadPilot    9: 4096 op, 21009610.00 ns, 5.1293 us/op
WorkloadPilot   10: 8192 op, 41863239.00 ns, 5.1103 us/op
WorkloadPilot   11: 16384 op, 70906577.00 ns, 4.3278 us/op
WorkloadPilot   12: 32768 op, 144613500.00 ns, 4.4133 us/op
WorkloadPilot   13: 65536 op, 311062407.00 ns, 4.7464 us/op
WorkloadPilot   14: 131072 op, 565555681.00 ns, 4.3148 us/op

OverheadWarmup   1: 131072 op, 425051.00 ns, 3.2429 ns/op
OverheadWarmup   2: 131072 op, 424801.00 ns, 3.2410 ns/op
OverheadWarmup   3: 131072 op, 424961.00 ns, 3.2422 ns/op
OverheadWarmup   4: 131072 op, 424851.00 ns, 3.2414 ns/op
OverheadWarmup   5: 131072 op, 424822.00 ns, 3.2411 ns/op
OverheadWarmup   6: 131072 op, 424901.00 ns, 3.2417 ns/op
OverheadWarmup   7: 131072 op, 424780.00 ns, 3.2408 ns/op

OverheadActual   1: 131072 op, 424851.00 ns, 3.2414 ns/op
OverheadActual   2: 131072 op, 424821.00 ns, 3.2411 ns/op
OverheadActual   3: 131072 op, 424811.00 ns, 3.2411 ns/op
OverheadActual   4: 131072 op, 442073.00 ns, 3.3727 ns/op
OverheadActual   5: 131072 op, 424851.00 ns, 3.2414 ns/op
OverheadActual   6: 131072 op, 424851.00 ns, 3.2414 ns/op
OverheadActual   7: 131072 op, 441382.00 ns, 3.3675 ns/op
OverheadActual   8: 131072 op, 442614.00 ns, 3.3769 ns/op
OverheadActual   9: 131072 op, 451781.00 ns, 3.4468 ns/op
OverheadActual  10: 131072 op, 452383.00 ns, 3.4514 ns/op
OverheadActual  11: 131072 op, 451692.00 ns, 3.4461 ns/op
OverheadActual  12: 131072 op, 452833.00 ns, 3.4548 ns/op
OverheadActual  13: 131072 op, 449076.00 ns, 3.4262 ns/op
OverheadActual  14: 131072 op, 425642.00 ns, 3.2474 ns/op
OverheadActual  15: 131072 op, 424981.00 ns, 3.2423 ns/op

WorkloadWarmup   1: 131072 op, 568781066.00 ns, 4.3395 us/op
WorkloadWarmup   2: 131072 op, 569121070.00 ns, 4.3420 us/op
WorkloadWarmup   3: 131072 op, 563647315.00 ns, 4.3003 us/op

// BeforeActualRun
WorkloadActual   1: 131072 op, 567335167.00 ns, 4.3284 us/op
WorkloadActual   2: 131072 op, 566230429.00 ns, 4.3200 us/op
WorkloadActual   3: 131072 op, 565547892.00 ns, 4.3148 us/op
WorkloadActual   4: 131072 op, 565864743.00 ns, 4.3172 us/op
WorkloadActual   5: 131072 op, 565280432.00 ns, 4.3127 us/op
WorkloadActual   6: 131072 op, 565198388.00 ns, 4.3121 us/op
WorkloadActual   7: 131072 op, 563191040.00 ns, 4.2968 us/op
WorkloadActual   8: 131072 op, 564518297.00 ns, 4.3069 us/op
WorkloadActual   9: 131072 op, 561635338.00 ns, 4.2849 us/op
WorkloadActual  10: 131072 op, 563943677.00 ns, 4.3025 us/op

// AfterActualRun
WorkloadResult   1: 131072 op, 566893785.00 ns, 4.3251 us/op
WorkloadResult   2: 131072 op, 565789047.00 ns, 4.3166 us/op
WorkloadResult   3: 131072 op, 565106510.00 ns, 4.3114 us/op
WorkloadResult   4: 131072 op, 565423361.00 ns, 4.3138 us/op
WorkloadResult   5: 131072 op, 564839050.00 ns, 4.3094 us/op
WorkloadResult   6: 131072 op, 564757006.00 ns, 4.3088 us/op
WorkloadResult   7: 131072 op, 562749658.00 ns, 4.2934 us/op
WorkloadResult   8: 131072 op, 564076915.00 ns, 4.3036 us/op
WorkloadResult   9: 131072 op, 561193956.00 ns, 4.2816 us/op
WorkloadResult  10: 131072 op, 563502295.00 ns, 4.2992 us/op
// GC:  15 0 0 252706816 131072
// Threading:  0 0 131072

// AfterAll
// Benchmark Process 3191 has exited with code 0.

Mean = 4.306 μs, StdErr = 0.004 μs (0.09%), N = 10, StdDev = 0.012 μs
Min = 4.282 μs, Q1 = 4.300 μs, Median = 4.309 μs, Q3 = 4.313 μs, Max = 4.325 μs
IQR = 0.013 μs, LowerFence = 4.281 μs, UpperFence = 4.333 μs
ConfidenceInterval = [4.287 μs; 4.325 μs] (CI 99.9%), Margin = 0.019 μs (0.44% of Mean)
Skewness = -0.48, Kurtosis = 2.27, MValue = 2

// ** Remained 11 (78.6 %) benchmark(s) to run. Estimated finish 2026-10-05 12:42 (0h 1m from now) **
// **************************
// Benchmark: HMACSignerBenchmarks.Sign_SHA256_MediumPayload: ShortRun(IterationCount=3, LaunchCount=1, WarmupCount=3)
// *** Execute ***
// Launch: 1 / 1
// Execute: dotnet Encina.Security.AntiTampering.Benchmarks-Job-YFEFPZ-1.dll --anonymousPipes 146 147 --benchmarkName Encina.Security.AntiTampering.Benchmarks.HMACSignerBenchmarks.Sign_SHA256_MediumPayload --job ShortRun --benchmarkId 3 in /home/runner/work/Encina/Encina/tests/Encina.BenchmarkTests/Encina.Security.AntiTampering.Benchmarks/bin/Release/net10.0/Encina.Security.AntiTampering.Benchmarks-Job-YFEFPZ-1/bin/Release/net10.0
// Failed to set up high priority (Permission denied). In order to run benchmarks with high priority, make sure you have the right permissions.
// BeforeAnythingElse

// Benchmark Process Environment Information:
// BenchmarkDotNet v0.15.8
// Runtime=.NET 10.0.12 (10.0.12, 10.0.1226.42308), X64 RyuJIT x86-64-v3
// GC=Concurrent Workstation
// HardwareIntrinsics=AVX2+BMI1+BMI2+F16C+FMA+LZCNT+MOVBE,AVX,SSE3+SSSE3+SSE4.1+SSE4.2+POPCNT,X86Base+SSE+SSE2,AES+PCLMUL VectorSize=256
// Job: ShortRun(IterationCount=3, LaunchCount=1, WarmupCount=3)

OverheadJitting  1: 1 op, 225001.00 ns, 225.0010 us/op
WorkloadJitting  1: 1 op, 3007367.00 ns, 3.0074 ms/op

OverheadJitting  2: 16 op, 421579.00 ns, 26.3487 us/op
WorkloadJitting  2: 16 op, 538919.00 ns, 33.6824 us/op

WorkloadPilot    1: 16 op, 138239.00 ns, 8.6399 us/op
WorkloadPilot    2: 32 op, 212738.00 ns, 6.6481 us/op
WorkloadPilot    3: 64 op, 377536.00 ns, 5.8990 us/op
WorkloadPilot    4: 128 op, 709027.00 ns, 5.5393 us/op
WorkloadPilot    5: 256 op, 1274394.00 ns, 4.9781 us/op
WorkloadPilot    6: 512 op, 2585277.00 ns, 5.0494 us/op
WorkloadPilot    7: 1024 op, 5267547.00 ns, 5.1441 us/op
WorkloadPilot    8: 2048 op, 10398708.00 ns, 5.0775 us/op
WorkloadPilot    9: 4096 op, 20747864.00 ns, 5.0654 us/op
WorkloadPilot   10: 8192 op, 41275387.00 ns, 5.0385 us/op
WorkloadPilot   11: 16384 op, 72917297.00 ns, 4.4505 us/op
WorkloadPilot   12: 32768 op, 143969663.00 ns, 4.3936 us/op
WorkloadPilot   13: 65536 op, 285948480.00 ns, 4.3632 us/op
WorkloadPilot   14: 131072 op, 566397910.00 ns, 4.3213 us/op

OverheadWarmup   1: 131072 op, 466263.00 ns, 3.5573 ns/op
OverheadWarmup   2: 131072 op, 441005.00 ns, 3.3646 ns/op
OverheadWarmup   3: 131072 op, 440986.00 ns, 3.3645 ns/op
OverheadWarmup   4: 131072 op, 435535.00 ns, 3.3229 ns/op
OverheadWarmup   5: 131072 op, 440645.00 ns, 3.3619 ns/op
OverheadWarmup   6: 131072 op, 439973.00 ns, 3.3567 ns/op
OverheadWarmup   7: 131072 op, 442387.00 ns, 3.3751 ns/op
OverheadWarmup   8: 131072 op, 437088.00 ns, 3.3347 ns/op

OverheadActual   1: 131072 op, 460482.00 ns, 3.5132 ns/op
OverheadActual   2: 131072 op, 459650.00 ns, 3.5069 ns/op
OverheadActual   3: 131072 op, 443880.00 ns, 3.3865 ns/op
OverheadActual   4: 131072 op, 454741.00 ns, 3.4694 ns/op
OverheadActual   5: 131072 op, 440644.00 ns, 3.3618 ns/op
OverheadActual   6: 131072 op, 440665.00 ns, 3.3620 ns/op
OverheadActual   7: 131072 op, 442108.00 ns, 3.3730 ns/op
OverheadActual   8: 131072 op, 441246.00 ns, 3.3664 ns/op
OverheadActual   9: 131072 op, 441787.00 ns, 3.3706 ns/op
OverheadActual  10: 131072 op, 440103.00 ns, 3.3577 ns/op
OverheadActual  11: 131072 op, 440725.00 ns, 3.3625 ns/op
OverheadActual  12: 131072 op, 440975.00 ns, 3.3644 ns/op
OverheadActual  13: 131072 op, 440384.00 ns, 3.3599 ns/op
OverheadActual  14: 131072 op, 424855.00 ns, 3.2414 ns/op
OverheadActual  15: 131072 op, 425577.00 ns, 3.2469 ns/op

WorkloadWarmup   1: 131072 op, 568973309.00 ns, 4.3409 us/op
WorkloadWarmup   2: 131072 op, 568621792.00 ns, 4.3382 us/op
WorkloadWarmup   3: 131072 op, 567209898.00 ns, 4.3275 us/op

// BeforeActualRun
WorkloadActual   1: 131072 op, 567226601.00 ns, 4.3276 us/op
WorkloadActual   2: 131072 op, 567305869.00 ns, 4.3282 us/op
WorkloadActual   3: 131072 op, 586687419.00 ns, 4.4761 us/op

// AfterActualRun
WorkloadResult   1: 131072 op, 566785626.00 ns, 4.3242 us/op
WorkloadResult   2: 131072 op, 566864894.00 ns, 4.3248 us/op
WorkloadResult   3: 131072 op, 586246444.00 ns, 4.4727 us/op
// GC:  14 0 0 236978176 131072
// Threading:  0 0 131072

// AfterAll
// Benchmark Process 3199 has exited with code 0.

Mean = 4.374 μs, StdErr = 0.049 μs (1.13%), N = 3, StdDev = 0.086 μs
Min = 4.324 μs, Q1 = 4.325 μs, Median = 4.325 μs, Q3 = 4.399 μs, Max = 4.473 μs
IQR = 0.074 μs, LowerFence = 4.213 μs, UpperFence = 4.510 μs
ConfidenceInterval = [2.813 μs; 5.935 μs] (CI 99.9%), Margin = 1.561 μs (35.68% of Mean)
Skewness = 0.38, Kurtosis = 0.67, MValue = 2

// ** Remained 10 (71.4 %) benchmark(s) to run. Estimated finish 2026-10-05 12:42 (0h 1m from now) **
// **************************
// Benchmark: HMACSignerBenchmarks.Sign_SHA384_SmallPayload: ShortRun(IterationCount=3, LaunchCount=1, WarmupCount=3)
// *** Execute ***
// Launch: 1 / 1
// Execute: dotnet Encina.Security.AntiTampering.Benchmarks-Job-YFEFPZ-1.dll --anonymousPipes 146 147 --benchmarkName Encina.Security.AntiTampering.Benchmarks.HMACSignerBenchmarks.Sign_SHA384_SmallPayload --job ShortRun --benchmarkId 4 in /home/runner/work/Encina/Encina/tests/Encina.BenchmarkTests/Encina.Security.AntiTampering.Benchmarks/bin/Release/net10.0/Encina.Security.AntiTampering.Benchmarks-Job-YFEFPZ-1/bin/Release/net10.0
// Failed to set up high priority (Permission denied). In order to run benchmarks with high priority, make sure you have the right permissions.
// BeforeAnythingElse

// Benchmark Process Environment Information:
// BenchmarkDotNet v0.15.8
// Runtime=.NET 10.0.12 (10.0.12, 10.0.1226.42308), X64 RyuJIT x86-64-v3
// GC=Concurrent Workstation
// HardwareIntrinsics=AVX2+BMI1+BMI2+F16C+FMA+LZCNT+MOVBE,AVX,SSE3+SSSE3+SSE4.1+SSE4.2+POPCNT,X86Base+SSE+SSE2,AES+PCLMUL VectorSize=256
// Job: ShortRun(IterationCount=3, LaunchCount=1, WarmupCount=3)

OverheadJitting  1: 1 op, 236412.00 ns, 236.4120 us/op
WorkloadJitting  1: 1 op, 3144193.00 ns, 3.1442 ms/op

OverheadJitting  2: 16 op, 427590.00 ns, 26.7244 us/op
WorkloadJitting  2: 16 op, 549488.00 ns, 34.3430 us/op

WorkloadPilot    1: 16 op, 128380.00 ns, 8.0238 us/op
WorkloadPilot    2: 32 op, 192941.00 ns, 6.0294 us/op
WorkloadPilot    3: 64 op, 362768.00 ns, 5.6683 us/op
WorkloadPilot    4: 128 op, 696712.00 ns, 5.4431 us/op
WorkloadPilot    5: 256 op, 1288368.00 ns, 5.0327 us/op
WorkloadPilot    6: 512 op, 2641608.00 ns, 5.1594 us/op
WorkloadPilot    7: 1024 op, 5350661.00 ns, 5.2253 us/op
WorkloadPilot    8: 2048 op, 10723714.00 ns, 5.2362 us/op
WorkloadPilot    9: 4096 op, 21010550.00 ns, 5.1295 us/op
WorkloadPilot   10: 8192 op, 41695763.00 ns, 5.0898 us/op
WorkloadPilot   11: 16384 op, 74024720.00 ns, 4.5181 us/op
WorkloadPilot   12: 32768 op, 145043369.00 ns, 4.4264 us/op
WorkloadPilot   13: 65536 op, 305675085.00 ns, 4.6642 us/op
WorkloadPilot   14: 131072 op, 575782751.00 ns, 4.3929 us/op

OverheadWarmup   1: 131072 op, 446705.00 ns, 3.4081 ns/op
OverheadWarmup   2: 131072 op, 481089.00 ns, 3.6704 ns/op
OverheadWarmup   3: 131072 op, 441075.00 ns, 3.3651 ns/op
OverheadWarmup   4: 131072 op, 441005.00 ns, 3.3646 ns/op
OverheadWarmup   5: 131072 op, 441706.00 ns, 3.3699 ns/op
OverheadWarmup   6: 131072 op, 441295.00 ns, 3.3668 ns/op

OverheadActual   1: 131072 op, 443429.00 ns, 3.3831 ns/op
OverheadActual   2: 131072 op, 442457.00 ns, 3.3757 ns/op
OverheadActual   3: 131072 op, 445062.00 ns, 3.3956 ns/op
OverheadActual   4: 131072 op, 424794.00 ns, 3.2409 ns/op
OverheadActual   5: 131072 op, 447988.00 ns, 3.4179 ns/op
OverheadActual   6: 131072 op, 424784.00 ns, 3.2408 ns/op
OverheadActual   7: 131072 op, 424805.00 ns, 3.2410 ns/op
OverheadActual   8: 131072 op, 424754.00 ns, 3.2406 ns/op
OverheadActual   9: 131072 op, 424834.00 ns, 3.2412 ns/op
OverheadActual  10: 131072 op, 424764.00 ns, 3.2407 ns/op
OverheadActual  11: 131072 op, 424724.00 ns, 3.2404 ns/op
OverheadActual  12: 131072 op, 424804.00 ns, 3.2410 ns/op
OverheadActual  13: 131072 op, 424844.00 ns, 3.2413 ns/op
OverheadActual  14: 131072 op, 441635.00 ns, 3.3694 ns/op
OverheadActual  15: 131072 op, 441645.00 ns, 3.3695 ns/op

WorkloadWarmup   1: 131072 op, 574950515.00 ns, 4.3865 us/op
WorkloadWarmup   2: 131072 op, 575201936.00 ns, 4.3884 us/op
WorkloadWarmup   3: 131072 op, 571182783.00 ns, 4.3578 us/op

// BeforeActualRun
WorkloadActual   1: 131072 op, 578267164.00 ns, 4.4118 us/op
WorkloadActual   2: 131072 op, 572909311.00 ns, 4.3710 us/op
WorkloadActual   3: 131072 op, 575245948.00 ns, 4.3888 us/op

// AfterActualRun
WorkloadResult   1: 131072 op, 577842330.00 ns, 4.4086 us/op
WorkloadResult   2: 131072 op, 572484477.00 ns, 4.3677 us/op
WorkloadResult   3: 131072 op, 574821114.00 ns, 4.3855 us/op
// GC:  14 0 0 244318208 131072
// Threading:  0 0 131072

// AfterAll
// Benchmark Process 3208 has exited with code 0.

Mean = 4.387 μs, StdErr = 0.012 μs (0.27%), N = 3, StdDev = 0.020 μs
Min = 4.368 μs, Q1 = 4.377 μs, Median = 4.386 μs, Q3 = 4.397 μs, Max = 4.409 μs
IQR = 0.020 μs, LowerFence = 4.346 μs, UpperFence = 4.428 μs
ConfidenceInterval = [4.013 μs; 4.761 μs] (CI 99.9%), Margin = 0.374 μs (8.52% of Mean)
Skewness = 0.08, Kurtosis = 0.67, MValue = 2

// ** Remained 9 (64.3 %) benchmark(s) to run. Estimated finish 2026-10-05 12:42 (0h 1m from now) **
// **************************
// Benchmark: HMACSignerBenchmarks.Sign_SHA512_SmallPayload: ShortRun(IterationCount=3, LaunchCount=1, WarmupCount=3)
// *** Execute ***
// Launch: 1 / 1
// Execute: dotnet Encina.Security.AntiTampering.Benchmarks-Job-YFEFPZ-1.dll --anonymousPipes 146 147 --benchmarkName Encina.Security.AntiTampering.Benchmarks.HMACSignerBenchmarks.Sign_SHA512_SmallPayload --job ShortRun --benchmarkId 5 in /home/runner/work/Encina/Encina/tests/Encina.BenchmarkTests/Encina.Security.AntiTampering.Benchmarks/bin/Release/net10.0/Encina.Security.AntiTampering.Benchmarks-Job-YFEFPZ-1/bin/Release/net10.0
// Failed to set up high priority (Permission denied). In order to run benchmarks with high priority, make sure you have the right permissions.
// BeforeAnythingElse

// Benchmark Process Environment Information:
// BenchmarkDotNet v0.15.8
// Runtime=.NET 10.0.12 (10.0.12, 10.0.1226.42308), X64 RyuJIT x86-64-v3
// GC=Concurrent Workstation
// HardwareIntrinsics=AVX2+BMI1+BMI2+F16C+FMA+LZCNT+MOVBE,AVX,SSE3+SSSE3+SSE4.1+SSE4.2+POPCNT,X86Base+SSE+SSE2,AES+PCLMUL VectorSize=256
// Job: ShortRun(IterationCount=3, LaunchCount=1, WarmupCount=3)

OverheadJitting  1: 1 op, 228428.00 ns, 228.4280 us/op
WorkloadJitting  1: 1 op, 3159782.00 ns, 3.1598 ms/op

OverheadJitting  2: 16 op, 432700.00 ns, 27.0438 us/op
WorkloadJitting  2: 16 op, 585386.00 ns, 36.5866 us/op

WorkloadPilot    1: 16 op, 138539.00 ns, 8.6587 us/op
WorkloadPilot    2: 32 op, 208069.00 ns, 6.5022 us/op
WorkloadPilot    3: 64 op, 374080.00 ns, 5.8450 us/op
WorkloadPilot    4: 128 op, 876860.00 ns, 6.8505 us/op
WorkloadPilot    5: 256 op, 1374461.00 ns, 5.3690 us/op
WorkloadPilot    6: 512 op, 2757249.00 ns, 5.3853 us/op
WorkloadPilot    7: 1024 op, 5517183.00 ns, 5.3879 us/op
WorkloadPilot    8: 2048 op, 10969726.00 ns, 5.3563 us/op
WorkloadPilot    9: 4096 op, 21999984.00 ns, 5.3711 us/op
WorkloadPilot   10: 8192 op, 43624757.00 ns, 5.3253 us/op
WorkloadPilot   11: 16384 op, 76615045.00 ns, 4.6762 us/op
WorkloadPilot   12: 32768 op, 150387041.00 ns, 4.5894 us/op
WorkloadPilot   13: 65536 op, 299799199.00 ns, 4.5746 us/op
WorkloadPilot   14: 131072 op, 594398246.00 ns, 4.5349 us/op

OverheadWarmup   1: 131072 op, 425917.00 ns, 3.2495 ns/op
OverheadWarmup   2: 131072 op, 424875.00 ns, 3.2415 ns/op
OverheadWarmup   3: 131072 op, 424765.00 ns, 3.2407 ns/op
OverheadWarmup   4: 131072 op, 424815.00 ns, 3.2411 ns/op
OverheadWarmup   5: 131072 op, 424835.00 ns, 3.2412 ns/op
OverheadWarmup   6: 131072 op, 425536.00 ns, 3.2466 ns/op
OverheadWarmup   7: 131072 op, 425616.00 ns, 3.2472 ns/op
OverheadWarmup   8: 131072 op, 425627.00 ns, 3.2473 ns/op
OverheadWarmup   9: 131072 op, 425617.00 ns, 3.2472 ns/op
OverheadWarmup  10: 131072 op, 425646.00 ns, 3.2474 ns/op

OverheadActual   1: 131072 op, 424895.00 ns, 3.2417 ns/op
OverheadActual   2: 131072 op, 442027.00 ns, 3.3724 ns/op
OverheadActual   3: 131072 op, 442869.00 ns, 3.3788 ns/op
OverheadActual   4: 131072 op, 424815.00 ns, 3.2411 ns/op
OverheadActual   5: 131072 op, 448319.00 ns, 3.4204 ns/op
OverheadActual   6: 131072 op, 440895.00 ns, 3.3638 ns/op
OverheadActual   7: 131072 op, 440654.00 ns, 3.3619 ns/op
OverheadActual   8: 131072 op, 442328.00 ns, 3.3747 ns/op
OverheadActual   9: 131072 op, 440534.00 ns, 3.3610 ns/op
OverheadActual  10: 131072 op, 442057.00 ns, 3.3726 ns/op
OverheadActual  11: 131072 op, 424845.00 ns, 3.2413 ns/op
OverheadActual  12: 131072 op, 424855.00 ns, 3.2414 ns/op
OverheadActual  13: 131072 op, 424795.00 ns, 3.2409 ns/op
OverheadActual  14: 131072 op, 425546.00 ns, 3.2467 ns/op
OverheadActual  15: 131072 op, 425556.00 ns, 3.2467 ns/op

WorkloadWarmup   1: 131072 op, 605259509.00 ns, 4.6178 us/op
WorkloadWarmup   2: 131072 op, 600019097.00 ns, 4.5778 us/op
WorkloadWarmup   3: 131072 op, 595162422.00 ns, 4.5407 us/op

// BeforeActualRun
WorkloadActual   1: 131072 op, 598253788.00 ns, 4.5643 us/op
WorkloadActual   2: 131072 op, 597121409.00 ns, 4.5557 us/op
WorkloadActual   3: 131072 op, 595325356.00 ns, 4.5420 us/op

// AfterActualRun
WorkloadResult   1: 131072 op, 597813254.00 ns, 4.5610 us/op
WorkloadResult   2: 131072 op, 596680875.00 ns, 4.5523 us/op
WorkloadResult   3: 131072 op, 594884822.00 ns, 4.5386 us/op
// GC:  15 0 0 252706816 131072
// Threading:  0 0 131072

// AfterAll
// Benchmark Process 3214 has exited with code 0.

Mean = 4.551 μs, StdErr = 0.007 μs (0.14%), N = 3, StdDev = 0.011 μs
Min = 4.539 μs, Q1 = 4.545 μs, Median = 4.552 μs, Q3 = 4.557 μs, Max = 4.561 μs
IQR = 0.011 μs, LowerFence = 4.529 μs, UpperFence = 4.573 μs
ConfidenceInterval = [4.345 μs; 4.756 μs] (CI 99.9%), Margin = 0.206 μs (4.52% of Mean)
Skewness = -0.15, Kurtosis = 0.67, MValue = 2

// ** Remained 8 (57.1 %) benchmark(s) to run. Estimated finish 2026-10-05 12:42 (0h 1m from now) **
// **************************
// Benchmark: HMACSignerBenchmarks.Sign_SHA256_LargePayload: Job-YFEFPZ(IterationCount=10, WarmupCount=3)
// *** Execute ***
// Launch: 1 / 1
// Execute: dotnet Encina.Security.AntiTampering.Benchmarks-Job-YFEFPZ-1.dll --anonymousPipes 146 147 --benchmarkName Encina.Security.AntiTampering.Benchmarks.HMACSignerBenchmarks.Sign_SHA256_LargePayload --job "IterationCount=10, WarmupCount=3" --benchmarkId 6 in /home/runner/work/Encina/Encina/tests/Encina.BenchmarkTests/Encina.Security.AntiTampering.Benchmarks/bin/Release/net10.0/Encina.Security.AntiTampering.Benchmarks-Job-YFEFPZ-1/bin/Release/net10.0
// Failed to set up high priority (Permission denied). In order to run benchmarks with high priority, make sure you have the right permissions.
// BeforeAnythingElse

// Benchmark Process Environment Information:
// BenchmarkDotNet v0.15.8
// Runtime=.NET 10.0.12 (10.0.12, 10.0.1226.42308), X64 RyuJIT x86-64-v3
// GC=Concurrent Workstation
// HardwareIntrinsics=AVX2+BMI1+BMI2+F16C+FMA+LZCNT+MOVBE,AVX,SSE3+SSSE3+SSE4.1+SSE4.2+POPCNT,X86Base+SSE+SSE2,AES+PCLMUL VectorSize=256
// Job: Job-YFEFPZ(IterationCount=10, WarmupCount=3)

OverheadJitting  1: 1 op, 226194.00 ns, 226.1940 us/op
WorkloadJitting  1: 1 op, 3173138.00 ns, 3.1731 ms/op

OverheadJitting  2: 16 op, 429784.00 ns, 26.8615 us/op
WorkloadJitting  2: 16 op, 1222398.00 ns, 76.3999 us/op

WorkloadPilot    1: 16 op, 783586.00 ns, 48.9741 us/op
WorkloadPilot    2: 32 op, 1528461.00 ns, 47.7644 us/op
WorkloadPilot    3: 64 op, 3006397.00 ns, 46.9750 us/op
WorkloadPilot    4: 128 op, 5984690.00 ns, 46.7554 us/op
WorkloadPilot    5: 256 op, 11668285.00 ns, 45.5792 us/op
WorkloadPilot    6: 512 op, 23476494.00 ns, 45.8525 us/op
WorkloadPilot    7: 1024 op, 47021657.00 ns, 45.9196 us/op
WorkloadPilot    8: 2048 op, 93945881.00 ns, 45.8720 us/op
WorkloadPilot    9: 4096 op, 187930946.00 ns, 45.8816 us/op
WorkloadPilot   10: 8192 op, 375165789.00 ns, 45.7966 us/op
WorkloadPilot   11: 16384 op, 736710918.00 ns, 44.9653 us/op

OverheadWarmup   1: 16384 op, 71884.00 ns, 4.3875 ns/op
OverheadWarmup   2: 16384 op, 69480.00 ns, 4.2407 ns/op
OverheadWarmup   3: 16384 op, 69109.00 ns, 4.2181 ns/op
OverheadWarmup   4: 16384 op, 69740.00 ns, 4.2566 ns/op
OverheadWarmup   5: 16384 op, 62968.00 ns, 3.8433 ns/op
OverheadWarmup   6: 16384 op, 65653.00 ns, 4.0071 ns/op
OverheadWarmup   7: 16384 op, 68699.00 ns, 4.1931 ns/op
OverheadWarmup   8: 16384 op, 69801.00 ns, 4.2603 ns/op
OverheadWarmup   9: 16384 op, 68989.00 ns, 4.2108 ns/op

OverheadActual   1: 16384 op, 73188.00 ns, 4.4670 ns/op
OverheadActual   2: 16384 op, 71113.00 ns, 4.3404 ns/op
OverheadActual   3: 16384 op, 68969.00 ns, 4.2095 ns/op
OverheadActual   4: 16384 op, 69370.00 ns, 4.2340 ns/op
OverheadActual   5: 16384 op, 69099.00 ns, 4.2175 ns/op
OverheadActual   6: 16384 op, 69500.00 ns, 4.2419 ns/op
OverheadActual   7: 16384 op, 68899.00 ns, 4.2053 ns/op
OverheadActual   8: 16384 op, 63409.00 ns, 3.8702 ns/op
OverheadActual   9: 16384 op, 70623.00 ns, 4.3105 ns/op
OverheadActual  10: 16384 op, 68489.00 ns, 4.1802 ns/op
OverheadActual  11: 16384 op, 68399.00 ns, 4.1747 ns/op
OverheadActual  12: 16384 op, 69781.00 ns, 4.2591 ns/op
OverheadActual  13: 16384 op, 68788.00 ns, 4.1985 ns/op
OverheadActual  14: 16384 op, 63669.00 ns, 3.8860 ns/op
OverheadActual  15: 16384 op, 53561.00 ns, 3.2691 ns/op
OverheadActual  16: 16384 op, 53540.00 ns, 3.2678 ns/op
OverheadActual  17: 16384 op, 65021.00 ns, 3.9686 ns/op
OverheadActual  18: 16384 op, 53590.00 ns, 3.2709 ns/op
OverheadActual  19: 16384 op, 81333.00 ns, 4.9642 ns/op
OverheadActual  20: 16384 op, 53550.00 ns, 3.2684 ns/op

WorkloadWarmup   1: 16384 op, 745791481.00 ns, 45.5195 us/op
WorkloadWarmup   2: 16384 op, 743567830.00 ns, 45.3838 us/op
WorkloadWarmup   3: 16384 op, 734674286.00 ns, 44.8410 us/op

// BeforeActualRun
WorkloadActual   1: 16384 op, 735839748.00 ns, 44.9121 us/op
WorkloadActual   2: 16384 op, 732385804.00 ns, 44.7013 us/op
WorkloadActual   3: 16384 op, 732743980.00 ns, 44.7231 us/op
WorkloadActual   4: 16384 op, 732470037.00 ns, 44.7064 us/op
WorkloadActual   5: 16384 op, 732368648.00 ns, 44.7002 us/op
WorkloadActual   6: 16384 op, 734638886.00 ns, 44.8388 us/op
WorkloadActual   7: 16384 op, 732980693.00 ns, 44.7376 us/op
WorkloadActual   8: 16384 op, 732708143.00 ns, 44.7210 us/op
WorkloadActual   9: 16384 op, 732094114.00 ns, 44.6835 us/op
WorkloadActual  10: 16384 op, 732062805.00 ns, 44.6816 us/op

// AfterActualRun
WorkloadResult   1: 16384 op, 732316960.50 ns, 44.6971 us/op
WorkloadResult   2: 16384 op, 732675136.50 ns, 44.7189 us/op
WorkloadResult   3: 16384 op, 732401193.50 ns, 44.7022 us/op
WorkloadResult   4: 16384 op, 732299804.50 ns, 44.6960 us/op
WorkloadResult   5: 16384 op, 732911849.50 ns, 44.7334 us/op
WorkloadResult   6: 16384 op, 732639299.50 ns, 44.7168 us/op
WorkloadResult   7: 16384 op, 732025270.50 ns, 44.6793 us/op
WorkloadResult   8: 16384 op, 731993961.50 ns, 44.6774 us/op
// GC:  1 0 0 29622272 16384
// Threading:  0 0 16384

// AfterAll
// Benchmark Process 3222 has exited with code 0.

Mean = 44.703 μs, StdErr = 0.007 μs (0.02%), N = 8, StdDev = 0.020 μs
Min = 44.677 μs, Q1 = 44.692 μs, Median = 44.700 μs, Q3 = 44.717 μs, Max = 44.733 μs
IQR = 0.025 μs, LowerFence = 44.654 μs, UpperFence = 44.755 μs
ConfidenceInterval = [44.665 μs; 44.740 μs] (CI 99.9%), Margin = 0.037 μs (0.08% of Mean)
Skewness = 0.12, Kurtosis = 1.47, MValue = 2

// ** Remained 7 (50.0 %) benchmark(s) to run. Estimated finish 2026-10-05 12:42 (0h 0m from now) **
// **************************
// Benchmark: HMACSignerBenchmarks.Sign_SHA256_LargePayload: ShortRun(IterationCount=3, LaunchCount=1, WarmupCount=3)
// *** Execute ***
// Launch: 1 / 1
// Execute: dotnet Encina.Security.AntiTampering.Benchmarks-Job-YFEFPZ-1.dll --anonymousPipes 146 147 --benchmarkName Encina.Security.AntiTampering.Benchmarks.HMACSignerBenchmarks.Sign_SHA256_LargePayload --job ShortRun --benchmarkId 7 in /home/runner/work/Encina/Encina/tests/Encina.BenchmarkTests/Encina.Security.AntiTampering.Benchmarks/bin/Release/net10.0/Encina.Security.AntiTampering.Benchmarks-Job-YFEFPZ-1/bin/Release/net10.0
// Failed to set up high priority (Permission denied). In order to run benchmarks with high priority, make sure you have the right permissions.
// BeforeAnythingElse

// Benchmark Process Environment Information:
// BenchmarkDotNet v0.15.8
// Runtime=.NET 10.0.12 (10.0.12, 10.0.1226.42308), X64 RyuJIT x86-64-v3
// GC=Concurrent Workstation
// HardwareIntrinsics=AVX2+BMI1+BMI2+F16C+FMA+LZCNT+MOVBE,AVX,SSE3+SSSE3+SSE4.1+SSE4.2+POPCNT,X86Base+SSE+SSE2,AES+PCLMUL VectorSize=256
// Job: ShortRun(IterationCount=3, LaunchCount=1, WarmupCount=3)

OverheadJitting  1: 1 op, 227856.00 ns, 227.8560 us/op
WorkloadJitting  1: 1 op, 3086758.00 ns, 3.0868 ms/op

OverheadJitting  2: 16 op, 454190.00 ns, 28.3869 us/op
WorkloadJitting  2: 16 op, 1217859.00 ns, 76.1162 us/op

WorkloadPilot    1: 16 op, 775241.00 ns, 48.4526 us/op
WorkloadPilot    2: 32 op, 1487944.00 ns, 46.4983 us/op
WorkloadPilot    3: 64 op, 2969738.00 ns, 46.4022 us/op
WorkloadPilot    4: 128 op, 5909229.00 ns, 46.1659 us/op
WorkloadPilot    5: 256 op, 11655273.00 ns, 45.5284 us/op
WorkloadPilot    6: 512 op, 23366652.00 ns, 45.6380 us/op
WorkloadPilot    7: 1024 op, 46802394.00 ns, 45.7055 us/op
WorkloadPilot    8: 2048 op, 94328202.00 ns, 46.0587 us/op
WorkloadPilot    9: 4096 op, 187894717.00 ns, 45.8727 us/op
WorkloadPilot   10: 8192 op, 376347299.00 ns, 45.9408 us/op
WorkloadPilot   11: 16384 op, 740512171.00 ns, 45.1973 us/op

OverheadWarmup   1: 16384 op, 71244.00 ns, 4.3484 ns/op
OverheadWarmup   2: 16384 op, 68788.00 ns, 4.1985 ns/op
OverheadWarmup   3: 16384 op, 54061.00 ns, 3.2996 ns/op
OverheadWarmup   4: 16384 op, 53740.00 ns, 3.2800 ns/op
OverheadWarmup   5: 16384 op, 53690.00 ns, 3.2770 ns/op
OverheadWarmup   6: 16384 op, 53751.00 ns, 3.2807 ns/op
OverheadWarmup   7: 16384 op, 53580.00 ns, 3.2703 ns/op
OverheadWarmup   8: 16384 op, 53580.00 ns, 3.2703 ns/op
OverheadWarmup   9: 16384 op, 53570.00 ns, 3.2697 ns/op

OverheadActual   1: 16384 op, 53721.00 ns, 3.2789 ns/op
OverheadActual   2: 16384 op, 53721.00 ns, 3.2789 ns/op
OverheadActual   3: 16384 op, 53901.00 ns, 3.2899 ns/op
OverheadActual   4: 16384 op, 53731.00 ns, 3.2795 ns/op
OverheadActual   5: 16384 op, 53610.00 ns, 3.2721 ns/op
OverheadActual   6: 16384 op, 53701.00 ns, 3.2776 ns/op
OverheadActual   7: 16384 op, 53660.00 ns, 3.2751 ns/op
OverheadActual   8: 16384 op, 53620.00 ns, 3.2727 ns/op
OverheadActual   9: 16384 op, 70091.00 ns, 4.2780 ns/op
OverheadActual  10: 16384 op, 53640.00 ns, 3.2739 ns/op
OverheadActual  11: 16384 op, 53791.00 ns, 3.2831 ns/op
OverheadActual  12: 16384 op, 53600.00 ns, 3.2715 ns/op
OverheadActual  13: 16384 op, 53600.00 ns, 3.2715 ns/op
OverheadActual  14: 16384 op, 53580.00 ns, 3.2703 ns/op
OverheadActual  15: 16384 op, 53561.00 ns, 3.2691 ns/op

WorkloadWarmup   1: 16384 op, 748464913.00 ns, 45.6827 us/op
WorkloadWarmup   2: 16384 op, 742558029.00 ns, 45.3221 us/op
WorkloadWarmup   3: 16384 op, 740179256.00 ns, 45.1770 us/op

// BeforeActualRun
WorkloadActual   1: 16384 op, 737230811.00 ns, 44.9970 us/op
WorkloadActual   2: 16384 op, 734218685.00 ns, 44.8132 us/op
WorkloadActual   3: 16384 op, 736251439.00 ns, 44.9372 us/op

// AfterActualRun
WorkloadResult   1: 16384 op, 737177151.00 ns, 44.9937 us/op
WorkloadResult   2: 16384 op, 734165025.00 ns, 44.8099 us/op
WorkloadResult   3: 16384 op, 736197779.00 ns, 44.9339 us/op
// GC:  1 0 0 29622272 16384
// Threading:  0 0 16384

// AfterAll
// Benchmark Process 3231 has exited with code 0.

Mean = 44.913 μs, StdErr = 0.054 μs (0.12%), N = 3, StdDev = 0.094 μs
Min = 44.810 μs, Q1 = 44.872 μs, Median = 44.934 μs, Q3 = 44.964 μs, Max = 44.994 μs
IQR = 0.092 μs, LowerFence = 44.734 μs, UpperFence = 45.102 μs
ConfidenceInterval = [43.202 μs; 46.623 μs] (CI 99.9%), Margin = 1.711 μs (3.81% of Mean)
Skewness = -0.22, Kurtosis = 0.67, MValue = 2

// ** Remained 6 (42.9 %) benchmark(s) to run. Estimated finish 2026-10-05 12:42 (0h 0m from now) **
// **************************
// Benchmark: HMACSignerBenchmarks.Sign_SHA256_SmallPayload: Job-YFEFPZ(IterationCount=10, WarmupCount=3)
// *** Execute ***
// Launch: 1 / 1
// Execute: dotnet Encina.Security.AntiTampering.Benchmarks-Job-YFEFPZ-1.dll --anonymousPipes 146 147 --benchmarkName Encina.Security.AntiTampering.Benchmarks.HMACSignerBenchmarks.Sign_SHA256_SmallPayload --job "IterationCount=10, WarmupCount=3" --benchmarkId 8 in /home/runner/work/Encina/Encina/tests/Encina.BenchmarkTests/Encina.Security.AntiTampering.Benchmarks/bin/Release/net10.0/Encina.Security.AntiTampering.Benchmarks-Job-YFEFPZ-1/bin/Release/net10.0
// Failed to set up high priority (Permission denied). In order to run benchmarks with high priority, make sure you have the right permissions.
// BeforeAnythingElse

// Benchmark Process Environment Information:
// BenchmarkDotNet v0.15.8
// Runtime=.NET 10.0.12 (10.0.12, 10.0.1226.42308), X64 RyuJIT x86-64-v3
// GC=Concurrent Workstation
// HardwareIntrinsics=AVX2+BMI1+BMI2+F16C+FMA+LZCNT+MOVBE,AVX,SSE3+SSSE3+SSE4.1+SSE4.2+POPCNT,X86Base+SSE+SSE2,AES+PCLMUL VectorSize=256
// Job: Job-YFEFPZ(IterationCount=10, WarmupCount=3)

OverheadJitting  1: 1 op, 239147.00 ns, 239.1470 us/op
WorkloadJitting  1: 1 op, 3139385.00 ns, 3.1394 ms/op

OverheadJitting  2: 16 op, 428903.00 ns, 26.8064 us/op
WorkloadJitting  2: 16 op, 577200.00 ns, 36.0750 us/op

WorkloadPilot    1: 16 op, 118512.00 ns, 7.4070 us/op
WorkloadPilot    2: 32 op, 168806.00 ns, 5.2752 us/op
WorkloadPilot    3: 64 op, 319097.00 ns, 4.9859 us/op
WorkloadPilot    4: 128 op, 612065.00 ns, 4.7818 us/op
WorkloadPilot    5: 256 op, 1121087.00 ns, 4.3792 us/op
WorkloadPilot    6: 512 op, 2226516.00 ns, 4.3487 us/op
WorkloadPilot    7: 1024 op, 4515569.00 ns, 4.4097 us/op
WorkloadPilot    8: 2048 op, 9015029.00 ns, 4.4019 us/op
WorkloadPilot    9: 4096 op, 17964355.00 ns, 4.3858 us/op
WorkloadPilot   10: 8192 op, 35481975.00 ns, 4.3313 us/op
WorkloadPilot   11: 16384 op, 59775664.00 ns, 3.6484 us/op
WorkloadPilot   12: 32768 op, 122630010.00 ns, 3.7424 us/op
WorkloadPilot   13: 65536 op, 236844972.00 ns, 3.6140 us/op
WorkloadPilot   14: 131072 op, 476856309.00 ns, 3.6381 us/op
WorkloadPilot   15: 262144 op, 945951901.00 ns, 3.6085 us/op

OverheadWarmup   1: 262144 op, 880377.00 ns, 3.3584 ns/op
OverheadWarmup   2: 262144 op, 865368.00 ns, 3.3011 ns/op
OverheadWarmup   3: 262144 op, 865759.00 ns, 3.3026 ns/op
OverheadWarmup   4: 262144 op, 881840.00 ns, 3.3640 ns/op
OverheadWarmup   5: 262144 op, 876600.00 ns, 3.3440 ns/op
OverheadWarmup   6: 262144 op, 880086.00 ns, 3.3573 ns/op
OverheadWarmup   7: 262144 op, 864227.00 ns, 3.2968 ns/op

OverheadActual   1: 262144 op, 876369.00 ns, 3.3431 ns/op
OverheadActual   2: 262144 op, 866501.00 ns, 3.3054 ns/op
OverheadActual   3: 262144 op, 869486.00 ns, 3.3168 ns/op
OverheadActual   4: 262144 op, 866470.00 ns, 3.3053 ns/op
OverheadActual   5: 262144 op, 875157.00 ns, 3.3385 ns/op
OverheadActual   6: 262144 op, 866010.00 ns, 3.3036 ns/op
OverheadActual   7: 262144 op, 865799.00 ns, 3.3028 ns/op
OverheadActual   8: 262144 op, 865047.00 ns, 3.2999 ns/op
OverheadActual   9: 262144 op, 849058.00 ns, 3.2389 ns/op
OverheadActual  10: 262144 op, 882531.00 ns, 3.3666 ns/op
OverheadActual  11: 262144 op, 865789.00 ns, 3.3027 ns/op
OverheadActual  12: 262144 op, 867723.00 ns, 3.3101 ns/op
OverheadActual  13: 262144 op, 865369.00 ns, 3.3011 ns/op
OverheadActual  14: 262144 op, 849098.00 ns, 3.2391 ns/op
OverheadActual  15: 262144 op, 865469.00 ns, 3.3015 ns/op

WorkloadWarmup   1: 262144 op, 950832223.00 ns, 3.6271 us/op
WorkloadWarmup   2: 262144 op, 948280650.00 ns, 3.6174 us/op
WorkloadWarmup   3: 262144 op, 943841137.00 ns, 3.6005 us/op

// BeforeActualRun
WorkloadActual   1: 262144 op, 958798063.00 ns, 3.6575 us/op
WorkloadActual   2: 262144 op, 947065898.00 ns, 3.6128 us/op
WorkloadActual   3: 262144 op, 943080754.00 ns, 3.5976 us/op
WorkloadActual   4: 262144 op, 944860042.00 ns, 3.6044 us/op
WorkloadActual   5: 262144 op, 946130568.00 ns, 3.6092 us/op
WorkloadActual   6: 262144 op, 945570700.00 ns, 3.6071 us/op
WorkloadActual   7: 262144 op, 946970147.00 ns, 3.6124 us/op
WorkloadActual   8: 262144 op, 945974875.00 ns, 3.6086 us/op
WorkloadActual   9: 262144 op, 948551427.00 ns, 3.6184 us/op
WorkloadActual  10: 262144 op, 942761009.00 ns, 3.5963 us/op

// AfterActualRun
WorkloadResult   1: 262144 op, 946199888.00 ns, 3.6095 us/op
WorkloadResult   2: 262144 op, 942214744.00 ns, 3.5943 us/op
WorkloadResult   3: 262144 op, 943994032.00 ns, 3.6011 us/op
WorkloadResult   4: 262144 op, 945264558.00 ns, 3.6059 us/op
WorkloadResult   5: 262144 op, 944704690.00 ns, 3.6038 us/op
WorkloadResult   6: 262144 op, 946104137.00 ns, 3.6091 us/op
WorkloadResult   7: 262144 op, 945108865.00 ns, 3.6053 us/op
WorkloadResult   8: 262144 op, 947685417.00 ns, 3.6151 us/op
WorkloadResult   9: 262144 op, 941894999.00 ns, 3.5930 us/op
// GC:  28 0 0 473956352 262144
// Threading:  0 0 262144

// AfterAll
// Benchmark Process 3242 has exited with code 0.

Mean = 3.604 μs, StdErr = 0.002 μs (0.07%), N = 9, StdDev = 0.007 μs
Min = 3.593 μs, Q1 = 3.601 μs, Median = 3.605 μs, Q3 = 3.609 μs, Max = 3.615 μs
IQR = 0.008 μs, LowerFence = 3.589 μs, UpperFence = 3.621 μs
ConfidenceInterval = [3.592 μs; 3.616 μs] (CI 99.9%), Margin = 0.012 μs (0.33% of Mean)
Skewness = -0.22, Kurtosis = 1.73, MValue = 2

// ** Remained 5 (35.7 %) benchmark(s) to run. Estimated finish 2026-10-05 12:42 (0h 0m from now) **
// **************************
// Benchmark: HMACSignerBenchmarks.Sign_SHA256_SmallPayload: ShortRun(IterationCount=3, LaunchCount=1, WarmupCount=3)
// *** Execute ***
// Launch: 1 / 1
// Execute: dotnet Encina.Security.AntiTampering.Benchmarks-Job-YFEFPZ-1.dll --anonymousPipes 146 147 --benchmarkName Encina.Security.AntiTampering.Benchmarks.HMACSignerBenchmarks.Sign_SHA256_SmallPayload --job ShortRun --benchmarkId 9 in /home/runner/work/Encina/Encina/tests/Encina.BenchmarkTests/Encina.Security.AntiTampering.Benchmarks/bin/Release/net10.0/Encina.Security.AntiTampering.Benchmarks-Job-YFEFPZ-1/bin/Release/net10.0
// Failed to set up high priority (Permission denied). In order to run benchmarks with high priority, make sure you have the right permissions.
// BeforeAnythingElse

// Benchmark Process Environment Information:
// BenchmarkDotNet v0.15.8
// Runtime=.NET 10.0.12 (10.0.12, 10.0.1226.42308), X64 RyuJIT x86-64-v3
// GC=Concurrent Workstation
// HardwareIntrinsics=AVX2+BMI1+BMI2+F16C+FMA+LZCNT+MOVBE,AVX,SSE3+SSSE3+SSE4.1+SSE4.2+POPCNT,X86Base+SSE+SSE2,AES+PCLMUL VectorSize=256
// Job: ShortRun(IterationCount=3, LaunchCount=1, WarmupCount=3)

OverheadJitting  1: 1 op, 222046.00 ns, 222.0460 us/op
WorkloadJitting  1: 1 op, 2917381.00 ns, 2.9174 ms/op

OverheadJitting  2: 16 op, 419826.00 ns, 26.2391 us/op
WorkloadJitting  2: 16 op, 514934.00 ns, 32.1834 us/op

WorkloadPilot    1: 16 op, 95509.00 ns, 5.9693 us/op
WorkloadPilot    2: 32 op, 184034.00 ns, 5.7511 us/op
WorkloadPilot    3: 64 op, 301194.00 ns, 4.7062 us/op
WorkloadPilot    4: 128 op, 611876.00 ns, 4.7803 us/op
WorkloadPilot    5: 256 op, 1050647.00 ns, 4.1041 us/op
WorkloadPilot    6: 512 op, 2154753.00 ns, 4.2085 us/op
WorkloadPilot    7: 1024 op, 4357286.00 ns, 4.2552 us/op
WorkloadPilot    8: 2048 op, 8913064.00 ns, 4.3521 us/op
WorkloadPilot    9: 4096 op, 17620773.00 ns, 4.3019 us/op
WorkloadPilot   10: 8192 op, 34978404.00 ns, 4.2698 us/op
WorkloadPilot   11: 16384 op, 59965064.00 ns, 3.6600 us/op
WorkloadPilot   12: 32768 op, 118931230.00 ns, 3.6295 us/op
WorkloadPilot   13: 65536 op, 231815941.00 ns, 3.5372 us/op
WorkloadPilot   14: 131072 op, 462144857.00 ns, 3.5259 us/op
WorkloadPilot   15: 262144 op, 941658245.00 ns, 3.5921 us/op

OverheadWarmup   1: 262144 op, 883373.00 ns, 3.3698 ns/op
OverheadWarmup   2: 262144 op, 849961.00 ns, 3.2423 ns/op
OverheadWarmup   3: 262144 op, 864218.00 ns, 3.2967 ns/op
OverheadWarmup   4: 262144 op, 864759.00 ns, 3.2988 ns/op
OverheadWarmup   5: 262144 op, 866572.00 ns, 3.3057 ns/op
OverheadWarmup   6: 262144 op, 864608.00 ns, 3.2982 ns/op
OverheadWarmup   7: 262144 op, 866152.00 ns, 3.3041 ns/op
OverheadWarmup   8: 262144 op, 865500.00 ns, 3.3016 ns/op

OverheadActual   1: 262144 op, 869558.00 ns, 3.3171 ns/op
OverheadActual   2: 262144 op, 872803.00 ns, 3.3295 ns/op
OverheadActual   3: 262144 op, 866792.00 ns, 3.3065 ns/op
OverheadActual   4: 262144 op, 849851.00 ns, 3.2419 ns/op
OverheadActual   5: 262144 op, 849871.00 ns, 3.2420 ns/op
OverheadActual   6: 262144 op, 865480.00 ns, 3.3015 ns/op
OverheadActual   7: 262144 op, 864118.00 ns, 3.2963 ns/op
OverheadActual   8: 262144 op, 864629.00 ns, 3.2983 ns/op
OverheadActual   9: 262144 op, 865721.00 ns, 3.3025 ns/op
OverheadActual  10: 262144 op, 864899.00 ns, 3.2993 ns/op
OverheadActual  11: 262144 op, 864819.00 ns, 3.2990 ns/op
OverheadActual  12: 262144 op, 877102.00 ns, 3.3459 ns/op
OverheadActual  13: 262144 op, 864528.00 ns, 3.2979 ns/op
OverheadActual  14: 262144 op, 865370.00 ns, 3.3011 ns/op
OverheadActual  15: 262144 op, 870670.00 ns, 3.3213 ns/op

WorkloadWarmup   1: 262144 op, 932136543.00 ns, 3.5558 us/op
WorkloadWarmup   2: 262144 op, 929488892.00 ns, 3.5457 us/op
WorkloadWarmup   3: 262144 op, 927831779.00 ns, 3.5394 us/op

// BeforeActualRun
WorkloadActual   1: 262144 op, 929684849.00 ns, 3.5465 us/op
WorkloadActual   2: 262144 op, 926393187.00 ns, 3.5339 us/op
WorkloadActual   3: 262144 op, 926303318.00 ns, 3.5336 us/op

// AfterActualRun
WorkloadResult   1: 262144 op, 928819479.00 ns, 3.5432 us/op
WorkloadResult   2: 262144 op, 925527817.00 ns, 3.5306 us/op
WorkloadResult   3: 262144 op, 925437948.00 ns, 3.5303 us/op
// GC:  28 0 0 473956352 262144
// Threading:  0 0 262144

// AfterAll
// Benchmark Process 3250 has exited with code 0.

Mean = 3.535 μs, StdErr = 0.004 μs (0.12%), N = 3, StdDev = 0.007 μs
Min = 3.530 μs, Q1 = 3.530 μs, Median = 3.531 μs, Q3 = 3.537 μs, Max = 3.543 μs
IQR = 0.006 μs, LowerFence = 3.521 μs, UpperFence = 3.547 μs
ConfidenceInterval = [3.401 μs; 3.669 μs] (CI 99.9%), Margin = 0.134 μs (3.79% of Mean)
Skewness = 0.38, Kurtosis = 0.67, MValue = 2

// ** Remained 4 (28.6 %) benchmark(s) to run. Estimated finish 2026-10-05 12:42 (0h 0m from now) **
// **************************
// Benchmark: HMACSignerBenchmarks.SignAndVerify_Roundtrip: Job-YFEFPZ(IterationCount=10, WarmupCount=3)
// *** Execute ***
// Launch: 1 / 1
// Execute: dotnet Encina.Security.AntiTampering.Benchmarks-Job-YFEFPZ-1.dll --anonymousPipes 146 147 --benchmarkName Encina.Security.AntiTampering.Benchmarks.HMACSignerBenchmarks.SignAndVerify_Roundtrip --job "IterationCount=10, WarmupCount=3" --benchmarkId 10 in /home/runner/work/Encina/Encina/tests/Encina.BenchmarkTests/Encina.Security.AntiTampering.Benchmarks/bin/Release/net10.0/Encina.Security.AntiTampering.Benchmarks-Job-YFEFPZ-1/bin/Release/net10.0
// Failed to set up high priority (Permission denied). In order to run benchmarks with high priority, make sure you have the right permissions.
// BeforeAnythingElse

// Benchmark Process Environment Information:
// BenchmarkDotNet v0.15.8
// Runtime=.NET 10.0.12 (10.0.12, 10.0.1226.42308), X64 RyuJIT x86-64-v3
// GC=Concurrent Workstation
// HardwareIntrinsics=AVX2+BMI1+BMI2+F16C+FMA+LZCNT+MOVBE,AVX,SSE3+SSSE3+SSE4.1+SSE4.2+POPCNT,X86Base+SSE+SSE2,AES+PCLMUL VectorSize=256
// Job: Job-YFEFPZ(IterationCount=10, WarmupCount=3)

OverheadJitting  1: 1 op, 227636.00 ns, 227.6360 us/op
WorkloadJitting  1: 1 op, 10730017.00 ns, 10.7300 ms/op

OverheadJitting  2: 16 op, 336460.00 ns, 21.0288 us/op
WorkloadJitting  2: 16 op, 513532.00 ns, 32.0958 us/op

WorkloadPilot    1: 16 op, 217608.00 ns, 13.6005 us/op
WorkloadPilot    2: 32 op, 356227.00 ns, 11.1321 us/op
WorkloadPilot    3: 64 op, 631392.00 ns, 9.8655 us/op
WorkloadPilot    4: 128 op, 1110058.00 ns, 8.6723 us/op
WorkloadPilot    5: 256 op, 2292882.00 ns, 8.9566 us/op
WorkloadPilot    6: 512 op, 4600923.00 ns, 8.9862 us/op
WorkloadPilot    7: 1024 op, 9098252.00 ns, 8.8850 us/op
WorkloadPilot    8: 2048 op, 18043858.00 ns, 8.8105 us/op
WorkloadPilot    9: 4096 op, 35798546.00 ns, 8.7399 us/op
WorkloadPilot   10: 8192 op, 61523653.00 ns, 7.5102 us/op
WorkloadPilot   11: 16384 op, 118943634.00 ns, 7.2597 us/op
WorkloadPilot   12: 32768 op, 240774242.00 ns, 7.3478 us/op
WorkloadPilot   13: 65536 op, 475080606.00 ns, 7.2492 us/op
WorkloadPilot   14: 131072 op, 950209440.00 ns, 7.2495 us/op

OverheadWarmup   1: 131072 op, 254176.00 ns, 1.9392 ns/op
OverheadWarmup   2: 131072 op, 252934.00 ns, 1.9297 ns/op
OverheadWarmup   3: 131072 op, 246281.00 ns, 1.8790 ns/op
OverheadWarmup   4: 131072 op, 265477.00 ns, 2.0254 ns/op
OverheadWarmup   5: 131072 op, 257351.00 ns, 1.9634 ns/op
OverheadWarmup   6: 131072 op, 250399.00 ns, 1.9104 ns/op
OverheadWarmup   7: 131072 op, 237284.00 ns, 1.8103 ns/op
OverheadWarmup   8: 131072 op, 242634.00 ns, 1.8512 ns/op
OverheadWarmup   9: 131072 op, 265898.00 ns, 2.0286 ns/op
OverheadWarmup  10: 131072 op, 245019.00 ns, 1.8693 ns/op

OverheadActual   1: 131072 op, 260688.00 ns, 1.9889 ns/op
OverheadActual   2: 131072 op, 255910.00 ns, 1.9524 ns/op
OverheadActual   3: 131072 op, 239629.00 ns, 1.8282 ns/op
OverheadActual   4: 131072 op, 269545.00 ns, 2.0565 ns/op
OverheadActual   5: 131072 op, 237956.00 ns, 1.8155 ns/op
OverheadActual   6: 131072 op, 237044.00 ns, 1.8085 ns/op
OverheadActual   7: 131072 op, 254056.00 ns, 1.9383 ns/op
OverheadActual   8: 131072 op, 247734.00 ns, 1.8901 ns/op
OverheadActual   9: 131072 op, 244508.00 ns, 1.8654 ns/op
OverheadActual  10: 131072 op, 244648.00 ns, 1.8665 ns/op
OverheadActual  11: 131072 op, 268493.00 ns, 2.0484 ns/op
OverheadActual  12: 131072 op, 236764.00 ns, 1.8064 ns/op
OverheadActual  13: 131072 op, 238036.00 ns, 1.8161 ns/op
OverheadActual  14: 131072 op, 236734.00 ns, 1.8061 ns/op
OverheadActual  15: 131072 op, 280165.00 ns, 2.1375 ns/op
OverheadActual  16: 131072 op, 276187.00 ns, 2.1071 ns/op
OverheadActual  17: 131072 op, 243166.00 ns, 1.8552 ns/op
OverheadActual  18: 131072 op, 249858.00 ns, 1.9063 ns/op
OverheadActual  19: 131072 op, 248225.00 ns, 1.8938 ns/op

WorkloadWarmup   1: 131072 op, 964874592.00 ns, 7.3614 us/op
WorkloadWarmup   2: 131072 op, 957430407.00 ns, 7.3046 us/op
WorkloadWarmup   3: 131072 op, 950741178.00 ns, 7.2536 us/op

// BeforeActualRun
WorkloadActual   1: 131072 op, 972904901.00 ns, 7.4227 us/op
WorkloadActual   2: 131072 op, 953405448.00 ns, 7.2739 us/op
WorkloadActual   3: 131072 op, 950639147.00 ns, 7.2528 us/op
WorkloadActual   4: 131072 op, 949859003.00 ns, 7.2468 us/op
WorkloadActual   5: 131072 op, 966790612.00 ns, 7.3760 us/op
WorkloadActual   6: 131072 op, 954309845.00 ns, 7.2808 us/op
WorkloadActual   7: 131072 op, 951904643.00 ns, 7.2625 us/op
WorkloadActual   8: 131072 op, 953470411.00 ns, 7.2744 us/op
WorkloadActual   9: 131072 op, 953156267.00 ns, 7.2720 us/op
WorkloadActual  10: 131072 op, 955876399.00 ns, 7.2928 us/op

// AfterActualRun
WorkloadResult   1: 131072 op, 953157714.00 ns, 7.2720 us/op
WorkloadResult   2: 131072 op, 950391413.00 ns, 7.2509 us/op
WorkloadResult   3: 131072 op, 949611269.00 ns, 7.2450 us/op
WorkloadResult   4: 131072 op, 954062111.00 ns, 7.2789 us/op
WorkloadResult   5: 131072 op, 951656909.00 ns, 7.2606 us/op
WorkloadResult   6: 131072 op, 953222677.00 ns, 7.2725 us/op
WorkloadResult   7: 131072 op, 952908533.00 ns, 7.2701 us/op
WorkloadResult   8: 131072 op, 955628665.00 ns, 7.2909 us/op
// GC:  28 0 0 470810624 131072
// Threading:  0 0 131072

// AfterAll
// Benchmark Process 3256 has exited with code 0.

Mean = 7.268 μs, StdErr = 0.005 μs (0.07%), N = 8, StdDev = 0.015 μs
Min = 7.245 μs, Q1 = 7.258 μs, Median = 7.271 μs, Q3 = 7.274 μs, Max = 7.291 μs
IQR = 0.016 μs, LowerFence = 7.234 μs, UpperFence = 7.298 μs
ConfidenceInterval = [7.239 μs; 7.296 μs] (CI 99.9%), Margin = 0.029 μs (0.39% of Mean)
Skewness = -0.09, Kurtosis = 1.64, MValue = 2

// ** Remained 3 (21.4 %) benchmark(s) to run. Estimated finish 2026-10-05 12:42 (0h 0m from now) **
// **************************
// Benchmark: HMACSignerBenchmarks.SignAndVerify_Roundtrip: ShortRun(IterationCount=3, LaunchCount=1, WarmupCount=3)
// *** Execute ***
// Launch: 1 / 1
// Execute: dotnet Encina.Security.AntiTampering.Benchmarks-Job-YFEFPZ-1.dll --anonymousPipes 146 147 --benchmarkName Encina.Security.AntiTampering.Benchmarks.HMACSignerBenchmarks.SignAndVerify_Roundtrip --job ShortRun --benchmarkId 11 in /home/runner/work/Encina/Encina/tests/Encina.BenchmarkTests/Encina.Security.AntiTampering.Benchmarks/bin/Release/net10.0/Encina.Security.AntiTampering.Benchmarks-Job-YFEFPZ-1/bin/Release/net10.0
// Failed to set up high priority (Permission denied). In order to run benchmarks with high priority, make sure you have the right permissions.
// BeforeAnythingElse

// Benchmark Process Environment Information:
// BenchmarkDotNet v0.15.8
// Runtime=.NET 10.0.12 (10.0.12, 10.0.1226.42308), X64 RyuJIT x86-64-v3
// GC=Concurrent Workstation
// HardwareIntrinsics=AVX2+BMI1+BMI2+F16C+FMA+LZCNT+MOVBE,AVX,SSE3+SSSE3+SSE4.1+SSE4.2+POPCNT,X86Base+SSE+SSE2,AES+PCLMUL VectorSize=256
// Job: ShortRun(IterationCount=3, LaunchCount=1, WarmupCount=3)

OverheadJitting  1: 1 op, 221475.00 ns, 221.4750 us/op
WorkloadJitting  1: 1 op, 10847534.00 ns, 10.8475 ms/op

OverheadJitting  2: 16 op, 332081.00 ns, 20.7551 us/op
WorkloadJitting  2: 16 op, 534730.00 ns, 33.4206 us/op

WorkloadPilot    1: 16 op, 191047.00 ns, 11.9404 us/op
WorkloadPilot    2: 32 op, 354604.00 ns, 11.0814 us/op
WorkloadPilot    3: 64 op, 633486.00 ns, 9.8982 us/op
WorkloadPilot    4: 128 op, 1174789.00 ns, 9.1780 us/op
WorkloadPilot    5: 256 op, 2321014.00 ns, 9.0665 us/op
WorkloadPilot    6: 512 op, 4743920.00 ns, 9.2655 us/op
WorkloadPilot    7: 1024 op, 9438016.00 ns, 9.2168 us/op
WorkloadPilot    8: 2048 op, 18699802.00 ns, 9.1308 us/op
WorkloadPilot    9: 4096 op, 36748444.00 ns, 8.9718 us/op
WorkloadPilot   10: 8192 op, 63520646.00 ns, 7.7540 us/op
WorkloadPilot   11: 16384 op, 125960759.00 ns, 7.6880 us/op
WorkloadPilot   12: 32768 op, 246479071.00 ns, 7.5219 us/op
WorkloadPilot   13: 65536 op, 492984341.00 ns, 7.5223 us/op
WorkloadPilot   14: 131072 op, 986222816.00 ns, 7.5243 us/op

OverheadWarmup   1: 131072 op, 255008.00 ns, 1.9456 ns/op
OverheadWarmup   2: 131072 op, 263203.00 ns, 2.0081 ns/op
OverheadWarmup   3: 131072 op, 252092.00 ns, 1.9233 ns/op
OverheadWarmup   4: 131072 op, 251731.00 ns, 1.9206 ns/op
OverheadWarmup   5: 131072 op, 274865.00 ns, 2.0971 ns/op
OverheadWarmup   6: 131072 op, 277359.00 ns, 2.1161 ns/op
OverheadWarmup   7: 131072 op, 265738.00 ns, 2.0274 ns/op

OverheadActual   1: 131072 op, 254977.00 ns, 1.9453 ns/op
OverheadActual   2: 131072 op, 270336.00 ns, 2.0625 ns/op
OverheadActual   3: 131072 op, 248465.00 ns, 1.8956 ns/op
OverheadActual   4: 131072 op, 237024.00 ns, 1.8083 ns/op
OverheadActual   5: 131072 op, 241192.00 ns, 1.8401 ns/op
OverheadActual   6: 131072 op, 234379.00 ns, 1.7882 ns/op
OverheadActual   7: 131072 op, 237024.00 ns, 1.8083 ns/op
OverheadActual   8: 131072 op, 259777.00 ns, 1.9819 ns/op
OverheadActual   9: 131072 op, 237204.00 ns, 1.8097 ns/op
OverheadActual  10: 131072 op, 253585.00 ns, 1.9347 ns/op
OverheadActual  11: 131072 op, 240991.00 ns, 1.8386 ns/op
OverheadActual  12: 131072 op, 236904.00 ns, 1.8074 ns/op
OverheadActual  13: 131072 op, 253414.00 ns, 1.9334 ns/op
OverheadActual  14: 131072 op, 239268.00 ns, 1.8255 ns/op
OverheadActual  15: 131072 op, 244979.00 ns, 1.8690 ns/op

WorkloadWarmup   1: 131072 op, 992833440.00 ns, 7.5747 us/op
WorkloadWarmup   2: 131072 op, 992876915.00 ns, 7.5750 us/op
WorkloadWarmup   3: 131072 op, 986467985.00 ns, 7.5262 us/op

// BeforeActualRun
WorkloadActual   1: 131072 op, 986930110.00 ns, 7.5297 us/op
WorkloadActual   2: 131072 op, 987360306.00 ns, 7.5330 us/op
WorkloadActual   3: 131072 op, 985184822.00 ns, 7.5164 us/op

// AfterActualRun
WorkloadResult   1: 131072 op, 986688918.00 ns, 7.5278 us/op
WorkloadResult   2: 131072 op, 987119114.00 ns, 7.5311 us/op
WorkloadResult   3: 131072 op, 984943630.00 ns, 7.5145 us/op
// GC:  28 0 0 470810624 131072
// Threading:  0 0 131072

// AfterAll
// Benchmark Process 3266 has exited with code 0.

Mean = 7.524 μs, StdErr = 0.005 μs (0.07%), N = 3, StdDev = 0.009 μs
Min = 7.515 μs, Q1 = 7.521 μs, Median = 7.528 μs, Q3 = 7.529 μs, Max = 7.531 μs
IQR = 0.008 μs, LowerFence = 7.509 μs, UpperFence = 7.542 μs
ConfidenceInterval = [7.364 μs; 7.685 μs] (CI 99.9%), Margin = 0.160 μs (2.13% of Mean)
Skewness = -0.33, Kurtosis = 0.67, MValue = 2

// ** Remained 2 (14.3 %) benchmark(s) to run. Estimated finish 2026-10-05 12:42 (0h 0m from now) **
// **************************
// Benchmark: HMACSignerBenchmarks.Verify_SHA256_SmallPayload: Job-YFEFPZ(IterationCount=10, WarmupCount=3)
// *** Execute ***
// Launch: 1 / 1
// Execute: dotnet Encina.Security.AntiTampering.Benchmarks-Job-YFEFPZ-1.dll --anonymousPipes 146 147 --benchmarkName Encina.Security.AntiTampering.Benchmarks.HMACSignerBenchmarks.Verify_SHA256_SmallPayload --job "IterationCount=10, WarmupCount=3" --benchmarkId 12 in /home/runner/work/Encina/Encina/tests/Encina.BenchmarkTests/Encina.Security.AntiTampering.Benchmarks/bin/Release/net10.0/Encina.Security.AntiTampering.Benchmarks-Job-YFEFPZ-1/bin/Release/net10.0
// Failed to set up high priority (Permission denied). In order to run benchmarks with high priority, make sure you have the right permissions.
// BeforeAnythingElse

// Benchmark Process Environment Information:
// BenchmarkDotNet v0.15.8
// Runtime=.NET 10.0.12 (10.0.12, 10.0.1226.42308), X64 RyuJIT x86-64-v3
// GC=Concurrent Workstation
// HardwareIntrinsics=AVX2+BMI1+BMI2+F16C+FMA+LZCNT+MOVBE,AVX,SSE3+SSSE3+SSE4.1+SSE4.2+POPCNT,X86Base+SSE+SSE2,AES+PCLMUL VectorSize=256
// Job: Job-YFEFPZ(IterationCount=10, WarmupCount=3)

OverheadJitting  1: 1 op, 238877.00 ns, 238.8770 us/op
WorkloadJitting  1: 1 op, 9917477.00 ns, 9.9175 ms/op

OverheadJitting  2: 16 op, 333915.00 ns, 20.8697 us/op
WorkloadJitting  2: 16 op, 444412.00 ns, 27.7758 us/op

WorkloadPilot    1: 16 op, 116588.00 ns, 7.2868 us/op
WorkloadPilot    2: 32 op, 280285.00 ns, 8.7589 us/op
WorkloadPilot    3: 64 op, 331951.00 ns, 5.1867 us/op
WorkloadPilot    4: 128 op, 678250.00 ns, 5.2988 us/op
WorkloadPilot    5: 256 op, 1145144.00 ns, 4.4732 us/op
WorkloadPilot    6: 512 op, 2404882.00 ns, 4.6970 us/op
WorkloadPilot    7: 1024 op, 4704057.00 ns, 4.5938 us/op
WorkloadPilot    8: 2048 op, 9484216.00 ns, 4.6310 us/op
WorkloadPilot    9: 4096 op, 19089729.00 ns, 4.6606 us/op
WorkloadPilot   10: 8192 op, 38035629.00 ns, 4.6430 us/op
WorkloadPilot   11: 16384 op, 63553213.00 ns, 3.8790 us/op
WorkloadPilot   12: 32768 op, 129365085.00 ns, 3.9479 us/op
WorkloadPilot   13: 65536 op, 252692000.00 ns, 3.8558 us/op
WorkloadPilot   14: 131072 op, 505788896.00 ns, 3.8589 us/op

OverheadWarmup   1: 131072 op, 246852.00 ns, 1.8833 ns/op
OverheadWarmup   2: 131072 op, 236803.00 ns, 1.8067 ns/op
OverheadWarmup   3: 131072 op, 251680.00 ns, 1.9202 ns/op
OverheadWarmup   4: 131072 op, 244718.00 ns, 1.8671 ns/op
OverheadWarmup   5: 131072 op, 236903.00 ns, 1.8074 ns/op
OverheadWarmup   6: 131072 op, 236823.00 ns, 1.8068 ns/op
OverheadWarmup   7: 131072 op, 237063.00 ns, 1.8086 ns/op
OverheadWarmup   8: 131072 op, 269283.00 ns, 2.0545 ns/op
OverheadWarmup   9: 131072 op, 246050.00 ns, 1.8772 ns/op

OverheadActual   1: 131072 op, 237293.00 ns, 1.8104 ns/op
OverheadActual   2: 131072 op, 237514.00 ns, 1.8121 ns/op
OverheadActual   3: 131072 op, 253935.00 ns, 1.9374 ns/op
OverheadActual   4: 131072 op, 238126.00 ns, 1.8168 ns/op
OverheadActual   5: 131072 op, 270365.00 ns, 2.0627 ns/op
OverheadActual   6: 131072 op, 270135.00 ns, 2.0610 ns/op
OverheadActual   7: 131072 op, 236883.00 ns, 1.8073 ns/op
OverheadActual   8: 131072 op, 236442.00 ns, 1.8039 ns/op
OverheadActual   9: 131072 op, 236712.00 ns, 1.8060 ns/op
OverheadActual  10: 131072 op, 274964.00 ns, 2.0978 ns/op
OverheadActual  11: 131072 op, 244247.00 ns, 1.8635 ns/op
OverheadActual  12: 131072 op, 240340.00 ns, 1.8336 ns/op
OverheadActual  13: 131072 op, 239437.00 ns, 1.8268 ns/op
OverheadActual  14: 131072 op, 253233.00 ns, 1.9320 ns/op
OverheadActual  15: 131072 op, 255378.00 ns, 1.9484 ns/op
OverheadActual  16: 131072 op, 237003.00 ns, 1.8082 ns/op
OverheadActual  17: 131072 op, 236462.00 ns, 1.8041 ns/op
OverheadActual  18: 131072 op, 236723.00 ns, 1.8061 ns/op
OverheadActual  19: 131072 op, 236883.00 ns, 1.8073 ns/op

WorkloadWarmup   1: 131072 op, 512532949.00 ns, 3.9103 us/op
WorkloadWarmup   2: 131072 op, 510801781.00 ns, 3.8971 us/op
WorkloadWarmup   3: 131072 op, 508437489.00 ns, 3.8791 us/op

// BeforeActualRun
WorkloadActual   1: 131072 op, 506361807.00 ns, 3.8632 us/op
WorkloadActual   2: 131072 op, 503870057.00 ns, 3.8442 us/op
WorkloadActual   3: 131072 op, 504449971.00 ns, 3.8486 us/op
WorkloadActual   4: 131072 op, 505218639.00 ns, 3.8545 us/op
WorkloadActual   5: 131072 op, 504021940.00 ns, 3.8454 us/op
WorkloadActual   6: 131072 op, 505820655.00 ns, 3.8591 us/op
WorkloadActual   7: 131072 op, 504857032.00 ns, 3.8518 us/op
WorkloadActual   8: 131072 op, 504173537.00 ns, 3.8465 us/op
WorkloadActual   9: 131072 op, 504350789.00 ns, 3.8479 us/op
WorkloadActual  10: 131072 op, 506347096.00 ns, 3.8631 us/op

// AfterActualRun
WorkloadResult   1: 131072 op, 506123681.00 ns, 3.8614 us/op
WorkloadResult   2: 131072 op, 503631931.00 ns, 3.8424 us/op
WorkloadResult   3: 131072 op, 504211845.00 ns, 3.8468 us/op
WorkloadResult   4: 131072 op, 504980513.00 ns, 3.8527 us/op
WorkloadResult   5: 131072 op, 503783814.00 ns, 3.8436 us/op
WorkloadResult   6: 131072 op, 505582529.00 ns, 3.8573 us/op
WorkloadResult   7: 131072 op, 504618906.00 ns, 3.8499 us/op
WorkloadResult   8: 131072 op, 503935411.00 ns, 3.8447 us/op
WorkloadResult   9: 131072 op, 504112663.00 ns, 3.8461 us/op
WorkloadResult  10: 131072 op, 506108970.00 ns, 3.8613 us/op
// GC:  14 0 0 243269632 131072
// Threading:  0 0 131072

// AfterAll
// Benchmark Process 3273 has exited with code 0.

Mean = 3.851 μs, StdErr = 0.002 μs (0.06%), N = 10, StdDev = 0.007 μs
Min = 3.842 μs, Q1 = 3.845 μs, Median = 3.848 μs, Q3 = 3.856 μs, Max = 3.861 μs
IQR = 0.011 μs, LowerFence = 3.828 μs, UpperFence = 3.873 μs
ConfidenceInterval = [3.840 μs; 3.862 μs] (CI 99.9%), Margin = 0.011 μs (0.28% of Mean)
Skewness = 0.41, Kurtosis = 1.39, MValue = 2

// ** Remained 1 (7.1 %) benchmark(s) to run. Estimated finish 2026-10-05 12:42 (0h 0m from now) **
// **************************
// Benchmark: HMACSignerBenchmarks.Verify_SHA256_SmallPayload: ShortRun(IterationCount=3, LaunchCount=1, WarmupCount=3)
// *** Execute ***
// Launch: 1 / 1
// Execute: dotnet Encina.Security.AntiTampering.Benchmarks-Job-YFEFPZ-1.dll --anonymousPipes 146 147 --benchmarkName Encina.Security.AntiTampering.Benchmarks.HMACSignerBenchmarks.Verify_SHA256_SmallPayload --job ShortRun --benchmarkId 13 in /home/runner/work/Encina/Encina/tests/Encina.BenchmarkTests/Encina.Security.AntiTampering.Benchmarks/bin/Release/net10.0/Encina.Security.AntiTampering.Benchmarks-Job-YFEFPZ-1/bin/Release/net10.0
// Failed to set up high priority (Permission denied). In order to run benchmarks with high priority, make sure you have the right permissions.
// BeforeAnythingElse

// Benchmark Process Environment Information:
// BenchmarkDotNet v0.15.8
// Runtime=.NET 10.0.12 (10.0.12, 10.0.1226.42308), X64 RyuJIT x86-64-v3
// GC=Concurrent Workstation
// HardwareIntrinsics=AVX2+BMI1+BMI2+F16C+FMA+LZCNT+MOVBE,AVX,SSE3+SSSE3+SSE4.1+SSE4.2+POPCNT,X86Base+SSE+SSE2,AES+PCLMUL VectorSize=256
// Job: ShortRun(IterationCount=3, LaunchCount=1, WarmupCount=3)

OverheadJitting  1: 1 op, 213049.00 ns, 213.0490 us/op
WorkloadJitting  1: 1 op, 10052899.00 ns, 10.0529 ms/op

OverheadJitting  2: 16 op, 337883.00 ns, 21.1177 us/op
WorkloadJitting  2: 16 op, 444762.00 ns, 27.7976 us/op

WorkloadPilot    1: 16 op, 116929.00 ns, 7.3081 us/op
WorkloadPilot    2: 32 op, 172312.00 ns, 5.3848 us/op
WorkloadPilot    3: 64 op, 350467.00 ns, 5.4760 us/op
WorkloadPilot    4: 128 op, 655247.00 ns, 5.1191 us/op
WorkloadPilot    5: 256 op, 1164189.00 ns, 4.5476 us/op
WorkloadPilot    6: 512 op, 2385305.00 ns, 4.6588 us/op
WorkloadPilot    7: 1024 op, 4830911.00 ns, 4.7177 us/op
WorkloadPilot    8: 2048 op, 9556133.00 ns, 4.6661 us/op
WorkloadPilot    9: 4096 op, 19021738.00 ns, 4.6440 us/op
WorkloadPilot   10: 8192 op, 37992581.00 ns, 4.6378 us/op
WorkloadPilot   11: 16384 op, 64966901.00 ns, 3.9653 us/op
WorkloadPilot   12: 32768 op, 128160594.00 ns, 3.9112 us/op
WorkloadPilot   13: 65536 op, 251595363.00 ns, 3.8390 us/op
WorkloadPilot   14: 131072 op, 502325225.00 ns, 3.8324 us/op

OverheadWarmup   1: 131072 op, 257352.00 ns, 1.9634 ns/op
OverheadWarmup   2: 131072 op, 240129.00 ns, 1.8320 ns/op
OverheadWarmup   3: 131072 op, 257111.00 ns, 1.9616 ns/op
OverheadWarmup   4: 131072 op, 236502.00 ns, 1.8044 ns/op
OverheadWarmup   5: 131072 op, 242785.00 ns, 1.8523 ns/op
OverheadWarmup   6: 131072 op, 242715.00 ns, 1.8518 ns/op

OverheadActual   1: 131072 op, 259997.00 ns, 1.9836 ns/op
OverheadActual   2: 131072 op, 259686.00 ns, 1.9812 ns/op
OverheadActual   3: 131072 op, 240500.00 ns, 1.8349 ns/op
OverheadActual   4: 131072 op, 258163.00 ns, 1.9696 ns/op
OverheadActual   5: 131072 op, 238566.00 ns, 1.8201 ns/op
OverheadActual   6: 131072 op, 243525.00 ns, 1.8579 ns/op
OverheadActual   7: 131072 op, 236983.00 ns, 1.8080 ns/op
OverheadActual   8: 131072 op, 240601.00 ns, 1.8356 ns/op
OverheadActual   9: 131072 op, 241642.00 ns, 1.8436 ns/op
OverheadActual  10: 131072 op, 256279.00 ns, 1.9553 ns/op
OverheadActual  11: 131072 op, 237564.00 ns, 1.8125 ns/op
OverheadActual  12: 131072 op, 241622.00 ns, 1.8434 ns/op
OverheadActual  13: 131072 op, 237615.00 ns, 1.8129 ns/op
OverheadActual  14: 131072 op, 258153.00 ns, 1.9696 ns/op
OverheadActual  15: 131072 op, 237134.00 ns, 1.8092 ns/op

WorkloadWarmup   1: 131072 op, 512681991.00 ns, 3.9115 us/op
WorkloadWarmup   2: 131072 op, 509708293.00 ns, 3.8888 us/op
WorkloadWarmup   3: 131072 op, 506911810.00 ns, 3.8674 us/op

// BeforeActualRun
WorkloadActual   1: 131072 op, 506221538.00 ns, 3.8622 us/op
WorkloadActual   2: 131072 op, 503319046.00 ns, 3.8400 us/op
WorkloadActual   3: 131072 op, 501708683.00 ns, 3.8277 us/op

// AfterActualRun
WorkloadResult   1: 131072 op, 505979916.00 ns, 3.8603 us/op
WorkloadResult   2: 131072 op, 503077424.00 ns, 3.8382 us/op
WorkloadResult   3: 131072 op, 501467061.00 ns, 3.8259 us/op
// GC:  14 0 0 243269632 131072
// Threading:  0 0 131072

// AfterAll
// Benchmark Process 3281 has exited with code 0.

Mean = 3.841 μs, StdErr = 0.010 μs (0.26%), N = 3, StdDev = 0.017 μs
Min = 3.826 μs, Q1 = 3.832 μs, Median = 3.838 μs, Q3 = 3.849 μs, Max = 3.860 μs
IQR = 0.017 μs, LowerFence = 3.806 μs, UpperFence = 3.875 μs
ConfidenceInterval = [3.523 μs; 4.160 μs] (CI 99.9%), Margin = 0.318 μs (8.29% of Mean)
Skewness = 0.18, Kurtosis = 0.67, MValue = 2

// ** Remained 0 (0.0 %) benchmark(s) to run. Estimated finish 2026-10-05 12:42 (0h 0m from now) **
// ***** BenchmarkRunner: Finish  *****

// * Export *
  artifacts/performance/SecurityAntiTampering/results/Encina.Security.AntiTampering.Benchmarks.HMACSignerBenchmarks-report.csv
  artifacts/performance/SecurityAntiTampering/results/Encina.Security.AntiTampering.Benchmarks.HMACSignerBenchmarks-report-github.md
  artifacts/performance/SecurityAntiTampering/results/Encina.Security.AntiTampering.Benchmarks.HMACSignerBenchmarks-report.html
  artifacts/performance/SecurityAntiTampering/results/Encina.Security.AntiTampering.Benchmarks.HMACSignerBenchmarks-report-full-compressed.json

// * Detailed results *
HMACSignerBenchmarks.Sign_SHA256_MediumPayload: Job-YFEFPZ(IterationCount=10, WarmupCount=3)
Runtime = .NET 10.0.12 (10.0.12, 10.0.1226.42308), X64 RyuJIT x86-64-v3; GC = Concurrent Workstation
Mean = 4.205 μs, StdErr = 0.001 μs (0.03%), N = 8, StdDev = 0.004 μs
Min = 4.199 μs, Q1 = 4.204 μs, Median = 4.205 μs, Q3 = 4.208 μs, Max = 4.210 μs
IQR = 0.004 μs, LowerFence = 4.197 μs, UpperFence = 4.214 μs
ConfidenceInterval = [4.198 μs; 4.212 μs] (CI 99.9%), Margin = 0.007 μs (0.17% of Mean)
Skewness = -0.37, Kurtosis = 1.62, MValue = 2
-------------------- Histogram --------------------
[4.197 μs ; 4.212 μs) | @@@@@@@@
---------------------------------------------------

HMACSignerBenchmarks.Sign_SHA384_SmallPayload: Job-YFEFPZ(IterationCount=10, WarmupCount=3)
Runtime = .NET 10.0.12 (10.0.12, 10.0.1226.42308), X64 RyuJIT x86-64-v3; GC = Concurrent Workstation
Mean = 4.454 μs, StdErr = 0.005 μs (0.12%), N = 10, StdDev = 0.017 μs
Min = 4.438 μs, Q1 = 4.440 μs, Median = 4.448 μs, Q3 = 4.465 μs, Max = 4.488 μs
IQR = 0.025 μs, LowerFence = 4.403 μs, UpperFence = 4.503 μs
ConfidenceInterval = [4.429 μs; 4.479 μs] (CI 99.9%), Margin = 0.025 μs (0.57% of Mean)
Skewness = 0.77, Kurtosis = 2.13, MValue = 2
-------------------- Histogram --------------------
[4.428 μs ; 4.498 μs) | @@@@@@@@@@
---------------------------------------------------

HMACSignerBenchmarks.Sign_SHA512_SmallPayload: Job-YFEFPZ(IterationCount=10, WarmupCount=3)
Runtime = .NET 10.0.12 (10.0.12, 10.0.1226.42308), X64 RyuJIT x86-64-v3; GC = Concurrent Workstation
Mean = 4.306 μs, StdErr = 0.004 μs (0.09%), N = 10, StdDev = 0.012 μs
Min = 4.282 μs, Q1 = 4.300 μs, Median = 4.309 μs, Q3 = 4.313 μs, Max = 4.325 μs
IQR = 0.013 μs, LowerFence = 4.281 μs, UpperFence = 4.333 μs
ConfidenceInterval = [4.287 μs; 4.325 μs] (CI 99.9%), Margin = 0.019 μs (0.44% of Mean)
Skewness = -0.48, Kurtosis = 2.27, MValue = 2
-------------------- Histogram --------------------
[4.274 μs ; 4.333 μs) | @@@@@@@@@@
---------------------------------------------------

HMACSignerBenchmarks.Sign_SHA256_LargePayload: Job-YFEFPZ(IterationCount=10, WarmupCount=3)
Runtime = .NET 10.0.12 (10.0.12, 10.0.1226.42308), X64 RyuJIT x86-64-v3; GC = Concurrent Workstation
Mean = 44.703 μs, StdErr = 0.007 μs (0.02%), N = 8, StdDev = 0.020 μs
Min = 44.677 μs, Q1 = 44.692 μs, Median = 44.700 μs, Q3 = 44.717 μs, Max = 44.733 μs
IQR = 0.025 μs, LowerFence = 44.654 μs, UpperFence = 44.755 μs
ConfidenceInterval = [44.665 μs; 44.740 μs] (CI 99.9%), Margin = 0.037 μs (0.08% of Mean)
Skewness = 0.12, Kurtosis = 1.47, MValue = 2
-------------------- Histogram --------------------
[44.665 μs ; 44.746 μs) | @@@@@@@@
---------------------------------------------------

HMACSignerBenchmarks.Sign_SHA256_SmallPayload: Job-YFEFPZ(IterationCount=10, WarmupCount=3)
Runtime = .NET 10.0.12 (10.0.12, 10.0.1226.42308), X64 RyuJIT x86-64-v3; GC = Concurrent Workstation
Mean = 3.604 μs, StdErr = 0.002 μs (0.07%), N = 9, StdDev = 0.007 μs
Min = 3.593 μs, Q1 = 3.601 μs, Median = 3.605 μs, Q3 = 3.609 μs, Max = 3.615 μs
IQR = 0.008 μs, LowerFence = 3.589 μs, UpperFence = 3.621 μs
ConfidenceInterval = [3.592 μs; 3.616 μs] (CI 99.9%), Margin = 0.012 μs (0.33% of Mean)
Skewness = -0.22, Kurtosis = 1.73, MValue = 2
-------------------- Histogram --------------------
[3.589 μs ; 3.620 μs) | @@@@@@@@@
---------------------------------------------------

HMACSignerBenchmarks.SignAndVerify_Roundtrip: Job-YFEFPZ(IterationCount=10, WarmupCount=3)
Runtime = .NET 10.0.12 (10.0.12, 10.0.1226.42308), X64 RyuJIT x86-64-v3; GC = Concurrent Workstation
Mean = 7.268 μs, StdErr = 0.005 μs (0.07%), N = 8, StdDev = 0.015 μs
Min = 7.245 μs, Q1 = 7.258 μs, Median = 7.271 μs, Q3 = 7.274 μs, Max = 7.291 μs
IQR = 0.016 μs, LowerFence = 7.234 μs, UpperFence = 7.298 μs
ConfidenceInterval = [7.239 μs; 7.296 μs] (CI 99.9%), Margin = 0.029 μs (0.39% of Mean)
Skewness = -0.09, Kurtosis = 1.64, MValue = 2
-------------------- Histogram --------------------
[7.235 μs ; 7.301 μs) | @@@@@@@@
---------------------------------------------------

HMACSignerBenchmarks.Verify_SHA256_SmallPayload: Job-YFEFPZ(IterationCount=10, WarmupCount=3)
Runtime = .NET 10.0.12 (10.0.12, 10.0.1226.42308), X64 RyuJIT x86-64-v3; GC = Concurrent Workstation
Mean = 3.851 μs, StdErr = 0.002 μs (0.06%), N = 10, StdDev = 0.007 μs
Min = 3.842 μs, Q1 = 3.845 μs, Median = 3.848 μs, Q3 = 3.856 μs, Max = 3.861 μs
IQR = 0.011 μs, LowerFence = 3.828 μs, UpperFence = 3.873 μs
ConfidenceInterval = [3.840 μs; 3.862 μs] (CI 99.9%), Margin = 0.011 μs (0.28% of Mean)
Skewness = 0.41, Kurtosis = 1.39, MValue = 2
-------------------- Histogram --------------------
[3.838 μs ; 3.866 μs) | @@@@@@@@@@
---------------------------------------------------

HMACSignerBenchmarks.Sign_SHA256_MediumPayload: ShortRun(IterationCount=3, LaunchCount=1, WarmupCount=3)
Runtime = .NET 10.0.12 (10.0.12, 10.0.1226.42308), X64 RyuJIT x86-64-v3; GC = Concurrent Workstation
Mean = 4.374 μs, StdErr = 0.049 μs (1.13%), N = 3, StdDev = 0.086 μs
Min = 4.324 μs, Q1 = 4.325 μs, Median = 4.325 μs, Q3 = 4.399 μs, Max = 4.473 μs
IQR = 0.074 μs, LowerFence = 4.213 μs, UpperFence = 4.510 μs
ConfidenceInterval = [2.813 μs; 5.935 μs] (CI 99.9%), Margin = 1.561 μs (35.68% of Mean)
Skewness = 0.38, Kurtosis = 0.67, MValue = 2
-------------------- Histogram --------------------
[4.321 μs ; 4.476 μs) | @@@
---------------------------------------------------

HMACSignerBenchmarks.Sign_SHA384_SmallPayload: ShortRun(IterationCount=3, LaunchCount=1, WarmupCount=3)
Runtime = .NET 10.0.12 (10.0.12, 10.0.1226.42308), X64 RyuJIT x86-64-v3; GC = Concurrent Workstation
Mean = 4.387 μs, StdErr = 0.012 μs (0.27%), N = 3, StdDev = 0.020 μs
Min = 4.368 μs, Q1 = 4.377 μs, Median = 4.386 μs, Q3 = 4.397 μs, Max = 4.409 μs
IQR = 0.020 μs, LowerFence = 4.346 μs, UpperFence = 4.428 μs
ConfidenceInterval = [4.013 μs; 4.761 μs] (CI 99.9%), Margin = 0.374 μs (8.52% of Mean)
Skewness = 0.08, Kurtosis = 0.67, MValue = 2
-------------------- Histogram --------------------
[4.349 μs ; 4.427 μs) | @@@
---------------------------------------------------

HMACSignerBenchmarks.Sign_SHA512_SmallPayload: ShortRun(IterationCount=3, LaunchCount=1, WarmupCount=3)
Runtime = .NET 10.0.12 (10.0.12, 10.0.1226.42308), X64 RyuJIT x86-64-v3; GC = Concurrent Workstation
Mean = 4.551 μs, StdErr = 0.007 μs (0.14%), N = 3, StdDev = 0.011 μs
Min = 4.539 μs, Q1 = 4.545 μs, Median = 4.552 μs, Q3 = 4.557 μs, Max = 4.561 μs
IQR = 0.011 μs, LowerFence = 4.529 μs, UpperFence = 4.573 μs
ConfidenceInterval = [4.345 μs; 4.756 μs] (CI 99.9%), Margin = 0.206 μs (4.52% of Mean)
Skewness = -0.15, Kurtosis = 0.67, MValue = 2
-------------------- Histogram --------------------
[4.528 μs ; 4.571 μs) | @@@
---------------------------------------------------

HMACSignerBenchmarks.Sign_SHA256_LargePayload: ShortRun(IterationCount=3, LaunchCount=1, WarmupCount=3)
Runtime = .NET 10.0.12 (10.0.12, 10.0.1226.42308), X64 RyuJIT x86-64-v3; GC = Concurrent Workstation
Mean = 44.913 μs, StdErr = 0.054 μs (0.12%), N = 3, StdDev = 0.094 μs
Min = 44.810 μs, Q1 = 44.872 μs, Median = 44.934 μs, Q3 = 44.964 μs, Max = 44.994 μs
IQR = 0.092 μs, LowerFence = 44.734 μs, UpperFence = 45.102 μs
ConfidenceInterval = [43.202 μs; 46.623 μs] (CI 99.9%), Margin = 1.711 μs (3.81% of Mean)
Skewness = -0.22, Kurtosis = 0.67, MValue = 2
-------------------- Histogram --------------------
[44.725 μs ; 45.079 μs) | @@@
---------------------------------------------------

HMACSignerBenchmarks.Sign_SHA256_SmallPayload: ShortRun(IterationCount=3, LaunchCount=1, WarmupCount=3)
Runtime = .NET 10.0.12 (10.0.12, 10.0.1226.42308), X64 RyuJIT x86-64-v3; GC = Concurrent Workstation
Mean = 3.535 μs, StdErr = 0.004 μs (0.12%), N = 3, StdDev = 0.007 μs
Min = 3.530 μs, Q1 = 3.530 μs, Median = 3.531 μs, Q3 = 3.537 μs, Max = 3.543 μs
IQR = 0.006 μs, LowerFence = 3.521 μs, UpperFence = 3.547 μs
ConfidenceInterval = [3.401 μs; 3.669 μs] (CI 99.9%), Margin = 0.134 μs (3.79% of Mean)
Skewness = 0.38, Kurtosis = 0.67, MValue = 2
-------------------- Histogram --------------------
[3.530 μs ; 3.543 μs) | @@@
---------------------------------------------------

HMACSignerBenchmarks.SignAndVerify_Roundtrip: ShortRun(IterationCount=3, LaunchCount=1, WarmupCount=3)
Runtime = .NET 10.0.12 (10.0.12, 10.0.1226.42308), X64 RyuJIT x86-64-v3; GC = Concurrent Workstation
Mean = 7.524 μs, StdErr = 0.005 μs (0.07%), N = 3, StdDev = 0.009 μs
Min = 7.515 μs, Q1 = 7.521 μs, Median = 7.528 μs, Q3 = 7.529 μs, Max = 7.531 μs
IQR = 0.008 μs, LowerFence = 7.509 μs, UpperFence = 7.542 μs
ConfidenceInterval = [7.364 μs; 7.685 μs] (CI 99.9%), Margin = 0.160 μs (2.13% of Mean)
Skewness = -0.33, Kurtosis = 0.67, MValue = 2
-------------------- Histogram --------------------
[7.507 μs ; 7.539 μs) | @@@
---------------------------------------------------

HMACSignerBenchmarks.Verify_SHA256_SmallPayload: ShortRun(IterationCount=3, LaunchCount=1, WarmupCount=3)
Runtime = .NET 10.0.12 (10.0.12, 10.0.1226.42308), X64 RyuJIT x86-64-v3; GC = Concurrent Workstation
Mean = 3.841 μs, StdErr = 0.010 μs (0.26%), N = 3, StdDev = 0.017 μs
Min = 3.826 μs, Q1 = 3.832 μs, Median = 3.838 μs, Q3 = 3.849 μs, Max = 3.860 μs
IQR = 0.017 μs, LowerFence = 3.806 μs, UpperFence = 3.875 μs
ConfidenceInterval = [3.523 μs; 4.160 μs] (CI 99.9%), Margin = 0.318 μs (8.29% of Mean)
Skewness = 0.18, Kurtosis = 0.67, MValue = 2
-------------------- Histogram --------------------
[3.810 μs ; 3.876 μs) | @@@
---------------------------------------------------

// * Summary *

BenchmarkDotNet v0.15.8, Linux Ubuntu 24.04.5 LTS (Noble Numbat)
AMD EPYC 7763 2.45GHz, 1 CPU, 4 logical and 2 physical cores
.NET SDK 10.0.401
  [Host]     : .NET 10.0.12 (10.0.12, 10.0.1226.42308), X64 RyuJIT x86-64-v3
  Job-YFEFPZ : .NET 10.0.12 (10.0.12, 10.0.1226.42308), X64 RyuJIT x86-64-v3
  ShortRun   : .NET 10.0.12 (10.0.12, 10.0.1226.42308), X64 RyuJIT x86-64-v3

WarmupCount=3  

| Method                     | Job        | IterationCount | LaunchCount | Mean      | Error     | StdDev    | Ratio | RatioSD | Gen0   | Allocated | Alloc Ratio |
|--------------------------- |----------- |--------------- |------------ |----------:|----------:|----------:|------:|--------:|-------:|----------:|------------:|
| Sign_SHA256_MediumPayload  | Job-YFEFPZ | 10             | Default     |  4.205 μs | 0.0070 μs | 0.0036 μs |  1.17 |    0.00 | 0.1068 |   1.77 KB |        1.00 |
| Sign_SHA384_SmallPayload   | Job-YFEFPZ | 10             | Default     |  4.454 μs | 0.0252 μs | 0.0167 μs |  1.24 |    0.00 | 0.1068 |   1.82 KB |        1.03 |
| Sign_SHA512_SmallPayload   | Job-YFEFPZ | 10             | Default     |  4.306 μs | 0.0188 μs | 0.0124 μs |  1.19 |    0.00 | 0.1144 |   1.88 KB |        1.07 |
| Sign_SHA256_LargePayload   | Job-YFEFPZ | 10             | Default     | 44.703 μs | 0.0373 μs | 0.0195 μs | 12.40 |    0.02 | 0.0610 |   1.77 KB |        1.00 |
| Sign_SHA256_SmallPayload   | Job-YFEFPZ | 10             | Default     |  3.604 μs | 0.0120 μs | 0.0071 μs |  1.00 |    0.00 | 0.1068 |   1.77 KB |        1.00 |
| SignAndVerify_Roundtrip    | Job-YFEFPZ | 10             | Default     |  7.268 μs | 0.0285 μs | 0.0149 μs |  2.02 |    0.01 | 0.2136 |   3.51 KB |        1.99 |
| Verify_SHA256_SmallPayload | Job-YFEFPZ | 10             | Default     |  3.851 μs | 0.0109 μs | 0.0072 μs |  1.07 |    0.00 | 0.1068 |   1.81 KB |        1.03 |
|                            |            |                |             |           |           |           |       |         |        |           |             |
| Sign_SHA256_MediumPayload  | ShortRun   | 3              | 1           |  4.374 μs | 1.5607 μs | 0.0855 μs |  1.24 |    0.02 | 0.1068 |   1.77 KB |        1.00 |
| Sign_SHA384_SmallPayload   | ShortRun   | 3              | 1           |  4.387 μs | 0.3739 μs | 0.0205 μs |  1.24 |    0.01 | 0.1068 |   1.82 KB |        1.03 |
| Sign_SHA512_SmallPayload   | ShortRun   | 3              | 1           |  4.551 μs | 0.2055 μs | 0.0113 μs |  1.29 |    0.00 | 0.1144 |   1.88 KB |        1.07 |
| Sign_SHA256_LargePayload   | ShortRun   | 3              | 1           | 44.913 μs | 1.7109 μs | 0.0938 μs | 12.71 |    0.03 | 0.0610 |   1.77 KB |        1.00 |
| Sign_SHA256_SmallPayload   | ShortRun   | 3              | 1           |  3.535 μs | 0.1341 μs | 0.0074 μs |  1.00 |    0.00 | 0.1068 |   1.77 KB |        1.00 |
| SignAndVerify_Roundtrip    | ShortRun   | 3              | 1           |  7.524 μs | 0.1604 μs | 0.0088 μs |  2.13 |    0.00 | 0.2136 |   3.51 KB |        1.99 |
| Verify_SHA256_SmallPayload | ShortRun   | 3              | 1           |  3.841 μs | 0.3183 μs | 0.0174 μs |  1.09 |    0.00 | 0.1068 |   1.81 KB |        1.03 |

// * Hints *
Outliers
  HMACSignerBenchmarks.Sign_SHA256_MediumPayload: IterationCount=10, WarmupCount=3 -> 2 outliers were removed (4.23 μs, 4.25 μs)
  HMACSignerBenchmarks.Sign_SHA256_LargePayload: IterationCount=10, WarmupCount=3  -> 2 outliers were removed (44.84 μs, 44.91 μs)
  HMACSignerBenchmarks.Sign_SHA256_SmallPayload: IterationCount=10, WarmupCount=3  -> 1 outlier  was  removed (3.66 μs)
  HMACSignerBenchmarks.SignAndVerify_Roundtrip: IterationCount=10, WarmupCount=3   -> 2 outliers were removed (7.38 μs, 7.42 μs)
// * Config Issues *

// * Warnings *
Configuration
  Summary -> The exporter CsvExporter is already present in configuration. There may be unexpected results.
  Summary -> The exporter HtmlExporter is already present in configuration. There may be unexpected results.
  Summary -> The exporter MarkdownExporter-github is already present in configuration. There may be unexpected results.

// * Legends *
  Mean        : Arithmetic mean of all measurements
  Error       : Half of 99.9% confidence interval
  StdDev      : Standard deviation of all measurements
  Ratio       : Mean of the ratio distribution ([Current]/[Baseline])
  RatioSD     : Standard deviation of the ratio distribution ([Current]/[Baseline])
  Gen0        : GC Generation 0 collects per 1000 operations
  Allocated   : Allocated memory per single operation (managed only, inclusive, 1KB = 1024B)
  Alloc Ratio : Allocated memory ratio distribution ([Current]/[Baseline])
  1 μs        : 1 Microsecond (0.000001 sec)

// * Diagnostic Output - MemoryDiagnoser *


// ***** BenchmarkRunner: End *****
Run time: 00:02:07 (127.05 sec), executed benchmarks: 14

Global total time: 00:03:04 (184.99 sec), executed benchmarks: 14
// * Artifacts cleanup *
Artifacts cleanup is finished
