// Validating benchmarks:
// ***** BenchmarkRunner: Start   *****
// ***** Found 16 benchmark(s) in total *****
// ***** Building 1 exe(s) in Parallel: Start   *****
// start dotnet  restore --nodeReuse:false /p:UseSharedCompilation=false /p:Deterministic=true /p:Optimize=true /p:ArtifactsPath="/home/runner/work/Encina/Encina/tests/Encina.BenchmarkTests/Encina.Caching.Benchmarks/bin/Release/net10.0/Encina.Caching.Benchmarks-Job-YFEFPZ-1/" /p:OutDir="/home/runner/work/Encina/Encina/tests/Encina.BenchmarkTests/Encina.Caching.Benchmarks/bin/Release/net10.0/Encina.Caching.Benchmarks-Job-YFEFPZ-1/bin/Release/net10.0/" /p:OutputPath="/home/runner/work/Encina/Encina/tests/Encina.BenchmarkTests/Encina.Caching.Benchmarks/bin/Release/net10.0/Encina.Caching.Benchmarks-Job-YFEFPZ-1/bin/Release/net10.0/" /p:PublishDir="/home/runner/work/Encina/Encina/tests/Encina.BenchmarkTests/Encina.Caching.Benchmarks/bin/Release/net10.0/Encina.Caching.Benchmarks-Job-YFEFPZ-1/publish/" in /home/runner/work/Encina/Encina/tests/Encina.BenchmarkTests/Encina.Caching.Benchmarks/bin/Release/net10.0/Encina.Caching.Benchmarks-Job-YFEFPZ-1
// command took 2.57 sec and exited with 0
// start dotnet  build -c Release --no-restore --nodeReuse:false /p:UseSharedCompilation=false /p:Deterministic=true /p:Optimize=true /p:ArtifactsPath="/home/runner/work/Encina/Encina/tests/Encina.BenchmarkTests/Encina.Caching.Benchmarks/bin/Release/net10.0/Encina.Caching.Benchmarks-Job-YFEFPZ-1/" /p:OutDir="/home/runner/work/Encina/Encina/tests/Encina.BenchmarkTests/Encina.Caching.Benchmarks/bin/Release/net10.0/Encina.Caching.Benchmarks-Job-YFEFPZ-1/bin/Release/net10.0/" /p:OutputPath="/home/runner/work/Encina/Encina/tests/Encina.BenchmarkTests/Encina.Caching.Benchmarks/bin/Release/net10.0/Encina.Caching.Benchmarks-Job-YFEFPZ-1/bin/Release/net10.0/" /p:PublishDir="/home/runner/work/Encina/Encina/tests/Encina.BenchmarkTests/Encina.Caching.Benchmarks/bin/Release/net10.0/Encina.Caching.Benchmarks-Job-YFEFPZ-1/publish/" --output "/home/runner/work/Encina/Encina/tests/Encina.BenchmarkTests/Encina.Caching.Benchmarks/bin/Release/net10.0/Encina.Caching.Benchmarks-Job-YFEFPZ-1/bin/Release/net10.0/" in /home/runner/work/Encina/Encina/tests/Encina.BenchmarkTests/Encina.Caching.Benchmarks/bin/Release/net10.0/Encina.Caching.Benchmarks-Job-YFEFPZ-1
// command took 51.14 sec and exited with 0
// ***** Done, took 00:00:53 (53.9 sec)   *****
// Found 16 benchmarks:
//   CacheInvalidationBenchmarks.Invalidation_ConcurrentCommands: Job-YFEFPZ(IterationCount=10, WarmupCount=3) [concurrencyLevel=10]
//   CacheInvalidationBenchmarks.Invalidation_ConcurrentCommands: ShortRun(IterationCount=3, LaunchCount=1, WarmupCount=3) [concurrencyLevel=10]
//   CacheInvalidationBenchmarks.Invalidation_ConcurrentCommands: Job-YFEFPZ(IterationCount=10, WarmupCount=3) [concurrencyLevel=50]
//   CacheInvalidationBenchmarks.Invalidation_ConcurrentCommands: ShortRun(IterationCount=3, LaunchCount=1, WarmupCount=3) [concurrencyLevel=50]
//   CacheInvalidationBenchmarks.Invalidation_NoMatchingKeys: Job-YFEFPZ(IterationCount=10, WarmupCount=3)
//   CacheInvalidationBenchmarks.Invalidation_WithMatchingKeys: Job-YFEFPZ(IterationCount=10, WarmupCount=3)
//   CacheInvalidationBenchmarks.Invalidation_SequentialCommands: Job-YFEFPZ(IterationCount=10, WarmupCount=3)
//   CacheInvalidationBenchmarks.Invalidation_NoMatchingKeys: ShortRun(IterationCount=3, LaunchCount=1, WarmupCount=3)
//   CacheInvalidationBenchmarks.Invalidation_WithMatchingKeys: ShortRun(IterationCount=3, LaunchCount=1, WarmupCount=3)
//   CacheInvalidationBenchmarks.Invalidation_SequentialCommands: ShortRun(IterationCount=3, LaunchCount=1, WarmupCount=3)
//   CacheInvalidationBenchmarks.Invalidation_MultipleKeys: Job-YFEFPZ(IterationCount=10, WarmupCount=3) [keyCount=5]
//   CacheInvalidationBenchmarks.Invalidation_MultipleKeys: ShortRun(IterationCount=3, LaunchCount=1, WarmupCount=3) [keyCount=5]
//   CacheInvalidationBenchmarks.Invalidation_MultipleKeys: Job-YFEFPZ(IterationCount=10, WarmupCount=3) [keyCount=10]
//   CacheInvalidationBenchmarks.Invalidation_MultipleKeys: ShortRun(IterationCount=3, LaunchCount=1, WarmupCount=3) [keyCount=10]
//   CacheInvalidationBenchmarks.Invalidation_MultipleKeys: Job-YFEFPZ(IterationCount=10, WarmupCount=3) [keyCount=25]
//   CacheInvalidationBenchmarks.Invalidation_MultipleKeys: ShortRun(IterationCount=3, LaunchCount=1, WarmupCount=3) [keyCount=25]

// **************************
// Benchmark: CacheInvalidationBenchmarks.Invalidation_ConcurrentCommands: Job-YFEFPZ(IterationCount=10, WarmupCount=3) [concurrencyLevel=10]
// *** Execute ***
// Launch: 1 / 1
// Execute: dotnet Encina.Caching.Benchmarks-Job-YFEFPZ-1.dll --anonymousPipes 156 157 --benchmarkName "Encina.Caching.Benchmarks.CacheInvalidationBenchmarks.Invalidation_ConcurrentCommands(concurrencyLevel: 10)" --job "IterationCount=10, WarmupCount=3" --benchmarkId 0 in /home/runner/work/Encina/Encina/tests/Encina.BenchmarkTests/Encina.Caching.Benchmarks/bin/Release/net10.0/Encina.Caching.Benchmarks-Job-YFEFPZ-1/bin/Release/net10.0
// Failed to set up high priority (Permission denied). In order to run benchmarks with high priority, make sure you have the right permissions.
// BeforeAnythingElse

// Benchmark Process Environment Information:
// BenchmarkDotNet v0.15.8
// Runtime=.NET 10.0.12 (10.0.12, 10.0.1226.42308), X64 RyuJIT x86-64-v3
// GC=Concurrent Workstation
// HardwareIntrinsics=AVX2+BMI1+BMI2+F16C+FMA+LZCNT+MOVBE,AVX,SSE3+SSSE3+SSE4.1+SSE4.2+POPCNT,X86Base+SSE+SSE2,AES+PCLMUL VectorSize=256
// Job: Job-YFEFPZ(IterationCount=10, WarmupCount=3)

OverheadJitting  1: 1 op, 182389.00 ns, 182.3890 us/op
WorkloadJitting  1: 1 op, 39795301.00 ns, 39.7953 ms/op

WorkloadPilot    1: 2 op, 1337185.00 ns, 668.5925 us/op
WorkloadPilot    2: 3 op, 1567693.00 ns, 522.5643 us/op
WorkloadPilot    3: 4 op, 1866158.00 ns, 466.5395 us/op
WorkloadPilot    4: 5 op, 2246455.00 ns, 449.2910 us/op
WorkloadPilot    5: 6 op, 2611453.00 ns, 435.2422 us/op
WorkloadPilot    6: 7 op, 2966973.00 ns, 423.8533 us/op
WorkloadPilot    7: 8 op, 3412802.00 ns, 426.6003 us/op
WorkloadPilot    8: 9 op, 3693473.00 ns, 410.3859 us/op
WorkloadPilot    9: 10 op, 4061317.00 ns, 406.1317 us/op
WorkloadPilot   10: 11 op, 4436714.00 ns, 403.3376 us/op
WorkloadPilot   11: 12 op, 4875059.00 ns, 406.2549 us/op
WorkloadPilot   12: 13 op, 5187309.00 ns, 399.0238 us/op
WorkloadPilot   13: 14 op, 5573857.00 ns, 398.1326 us/op
WorkloadPilot   14: 15 op, 6019135.00 ns, 401.2757 us/op
WorkloadPilot   15: 16 op, 6259762.00 ns, 391.2351 us/op
WorkloadPilot   16: 32 op, 14305323.00 ns, 447.0413 us/op
WorkloadPilot   17: 64 op, 29673881.00 ns, 463.6544 us/op
WorkloadPilot   18: 128 op, 58162932.00 ns, 454.3979 us/op
WorkloadPilot   19: 256 op, 100516626.00 ns, 392.6431 us/op
WorkloadPilot   20: 512 op, 191494046.00 ns, 374.0118 us/op
WorkloadPilot   21: 1024 op, 384531240.00 ns, 375.5188 us/op
WorkloadPilot   22: 2048 op, 765990122.00 ns, 374.0186 us/op

WorkloadWarmup   1: 2048 op, 766788595.00 ns, 374.4085 us/op
WorkloadWarmup   2: 2048 op, 770639099.00 ns, 376.2886 us/op
WorkloadWarmup   3: 2048 op, 770274330.00 ns, 376.1105 us/op

// BeforeActualRun
WorkloadActual   1: 2048 op, 776539679.00 ns, 379.1698 us/op
WorkloadActual   2: 2048 op, 774668643.00 ns, 378.2562 us/op
WorkloadActual   3: 2048 op, 771141262.00 ns, 376.5338 us/op
WorkloadActual   4: 2048 op, 769892734.00 ns, 375.9242 us/op
WorkloadActual   5: 2048 op, 768300997.00 ns, 375.1470 us/op
WorkloadActual   6: 2048 op, 774335844.00 ns, 378.0937 us/op
WorkloadActual   7: 2048 op, 767276203.00 ns, 374.6466 us/op
WorkloadActual   8: 2048 op, 767687849.00 ns, 374.8476 us/op
WorkloadActual   9: 2048 op, 768806337.00 ns, 375.3937 us/op
WorkloadActual  10: 2048 op, 770340321.00 ns, 376.1427 us/op

// AfterActualRun
WorkloadResult   1: 2048 op, 776539679.00 ns, 379.1698 us/op
WorkloadResult   2: 2048 op, 774668643.00 ns, 378.2562 us/op
WorkloadResult   3: 2048 op, 771141262.00 ns, 376.5338 us/op
WorkloadResult   4: 2048 op, 769892734.00 ns, 375.9242 us/op
WorkloadResult   5: 2048 op, 768300997.00 ns, 375.1470 us/op
WorkloadResult   6: 2048 op, 774335844.00 ns, 378.0937 us/op
WorkloadResult   7: 2048 op, 767276203.00 ns, 374.6466 us/op
WorkloadResult   8: 2048 op, 767687849.00 ns, 374.8476 us/op
WorkloadResult   9: 2048 op, 768806337.00 ns, 375.3937 us/op
WorkloadResult  10: 2048 op, 770340321.00 ns, 376.1427 us/op
// GC:  21 0 0 358966880 2048
// Threading:  0 0 2048

// AfterAll
// Benchmark Process 3164 has exited with code 0.

Mean = 376.416 μs, StdErr = 0.498 μs (0.13%), N = 10, StdDev = 1.576 μs
Min = 374.647 μs, Q1 = 375.209 μs, Median = 376.033 μs, Q3 = 377.704 μs, Max = 379.170 μs
IQR = 2.495 μs, LowerFence = 371.466 μs, UpperFence = 381.446 μs
ConfidenceInterval = [374.032 μs; 378.799 μs] (CI 99.9%), Margin = 2.383 μs (0.63% of Mean)
Skewness = 0.49, Kurtosis = 1.56, MValue = 2

// ** Remained 15 (93.8 %) benchmark(s) to run. Estimated finish 2026-10-03 16:33 (0h 3m from now) **
// **************************
// Benchmark: CacheInvalidationBenchmarks.Invalidation_ConcurrentCommands: ShortRun(IterationCount=3, LaunchCount=1, WarmupCount=3) [concurrencyLevel=10]
// *** Execute ***
// Launch: 1 / 1
// Execute: dotnet Encina.Caching.Benchmarks-Job-YFEFPZ-1.dll --anonymousPipes 156 157 --benchmarkName "Encina.Caching.Benchmarks.CacheInvalidationBenchmarks.Invalidation_ConcurrentCommands(concurrencyLevel: 10)" --job ShortRun --benchmarkId 1 in /home/runner/work/Encina/Encina/tests/Encina.BenchmarkTests/Encina.Caching.Benchmarks/bin/Release/net10.0/Encina.Caching.Benchmarks-Job-YFEFPZ-1/bin/Release/net10.0
// Failed to set up high priority (Permission denied). In order to run benchmarks with high priority, make sure you have the right permissions.
// BeforeAnythingElse

// Benchmark Process Environment Information:
// BenchmarkDotNet v0.15.8
// Runtime=.NET 10.0.12 (10.0.12, 10.0.1226.42308), X64 RyuJIT x86-64-v3
// GC=Concurrent Workstation
// HardwareIntrinsics=AVX2+BMI1+BMI2+F16C+FMA+LZCNT+MOVBE,AVX,SSE3+SSSE3+SSE4.1+SSE4.2+POPCNT,X86Base+SSE+SSE2,AES+PCLMUL VectorSize=256
// Job: ShortRun(IterationCount=3, LaunchCount=1, WarmupCount=3)

OverheadJitting  1: 1 op, 185334.00 ns, 185.3340 us/op
WorkloadJitting  1: 1 op, 40281920.00 ns, 40.2819 ms/op

WorkloadPilot    1: 2 op, 1339228.00 ns, 669.6140 us/op
WorkloadPilot    2: 3 op, 1630119.00 ns, 543.3730 us/op
WorkloadPilot    3: 4 op, 1865716.00 ns, 466.4290 us/op
WorkloadPilot    4: 5 op, 2298170.00 ns, 459.6340 us/op
WorkloadPilot    5: 6 op, 2629025.00 ns, 438.1708 us/op
WorkloadPilot    6: 7 op, 3009191.00 ns, 429.8844 us/op
WorkloadPilot    7: 8 op, 3353592.00 ns, 419.1990 us/op
WorkloadPilot    8: 9 op, 3835307.00 ns, 426.1452 us/op
WorkloadPilot    9: 10 op, 4097143.00 ns, 409.7143 us/op
WorkloadPilot   10: 11 op, 4465428.00 ns, 405.9480 us/op
WorkloadPilot   11: 12 op, 4899073.00 ns, 408.2561 us/op
WorkloadPilot   12: 13 op, 5310919.00 ns, 408.5322 us/op
WorkloadPilot   13: 14 op, 5671319.00 ns, 405.0942 us/op
WorkloadPilot   14: 15 op, 6006651.00 ns, 400.4434 us/op
WorkloadPilot   15: 16 op, 6300738.00 ns, 393.7961 us/op
WorkloadPilot   16: 32 op, 14325430.00 ns, 447.6697 us/op
WorkloadPilot   17: 64 op, 29351440.00 ns, 458.6163 us/op
WorkloadPilot   18: 128 op, 57358521.00 ns, 448.1134 us/op
WorkloadPilot   19: 256 op, 100331130.00 ns, 391.9185 us/op
WorkloadPilot   20: 512 op, 191724112.00 ns, 374.4612 us/op
WorkloadPilot   21: 1024 op, 385955302.00 ns, 376.9095 us/op
WorkloadPilot   22: 2048 op, 765216446.00 ns, 373.6408 us/op

WorkloadWarmup   1: 2048 op, 765842148.00 ns, 373.9464 us/op
WorkloadWarmup   2: 2048 op, 768284627.00 ns, 375.1390 us/op
WorkloadWarmup   3: 2048 op, 768648354.00 ns, 375.3166 us/op

// BeforeActualRun
WorkloadActual   1: 2048 op, 774978626.00 ns, 378.4075 us/op
WorkloadActual   2: 2048 op, 769143628.00 ns, 375.5584 us/op
WorkloadActual   3: 2048 op, 772090305.00 ns, 376.9972 us/op

// AfterActualRun
WorkloadResult   1: 2048 op, 774978626.00 ns, 378.4075 us/op
WorkloadResult   2: 2048 op, 769143628.00 ns, 375.5584 us/op
WorkloadResult   3: 2048 op, 772090305.00 ns, 376.9972 us/op
// GC:  21 0 0 358921080 2048
// Threading:  0 0 2048

// AfterAll
// Benchmark Process 3174 has exited with code 0.

Mean = 376.988 μs, StdErr = 0.822 μs (0.22%), N = 3, StdDev = 1.425 μs
Min = 375.558 μs, Q1 = 376.278 μs, Median = 376.997 μs, Q3 = 377.702 μs, Max = 378.408 μs
IQR = 1.425 μs, LowerFence = 374.141 μs, UpperFence = 379.839 μs
ConfidenceInterval = [350.998 μs; 402.977 μs] (CI 99.9%), Margin = 25.990 μs (6.89% of Mean)
Skewness = -0.01, Kurtosis = 0.67, MValue = 2

// ** Remained 14 (87.5 %) benchmark(s) to run. Estimated finish 2026-10-03 16:32 (0h 2m from now) **
// **************************
// Benchmark: CacheInvalidationBenchmarks.Invalidation_ConcurrentCommands: Job-YFEFPZ(IterationCount=10, WarmupCount=3) [concurrencyLevel=50]
// *** Execute ***
// Launch: 1 / 1
// Execute: dotnet Encina.Caching.Benchmarks-Job-YFEFPZ-1.dll --anonymousPipes 156 157 --benchmarkName "Encina.Caching.Benchmarks.CacheInvalidationBenchmarks.Invalidation_ConcurrentCommands(concurrencyLevel: 50)" --job "IterationCount=10, WarmupCount=3" --benchmarkId 2 in /home/runner/work/Encina/Encina/tests/Encina.BenchmarkTests/Encina.Caching.Benchmarks/bin/Release/net10.0/Encina.Caching.Benchmarks-Job-YFEFPZ-1/bin/Release/net10.0
// Failed to set up high priority (Permission denied). In order to run benchmarks with high priority, make sure you have the right permissions.
// BeforeAnythingElse

// Benchmark Process Environment Information:
// BenchmarkDotNet v0.15.8
// Runtime=.NET 10.0.12 (10.0.12, 10.0.1226.42308), X64 RyuJIT x86-64-v3
// GC=Concurrent Workstation
// HardwareIntrinsics=AVX2+BMI1+BMI2+F16C+FMA+LZCNT+MOVBE,AVX,SSE3+SSSE3+SSE4.1+SSE4.2+POPCNT,X86Base+SSE+SSE2,AES+PCLMUL VectorSize=256
// Job: Job-YFEFPZ(IterationCount=10, WarmupCount=3)

OverheadJitting  1: 1 op, 192307.00 ns, 192.3070 us/op
WorkloadJitting  1: 1 op, 43598451.00 ns, 43.5985 ms/op

WorkloadPilot    1: 2 op, 4779473.00 ns, 2.3897 ms/op
WorkloadPilot    2: 3 op, 6593384.00 ns, 2.1978 ms/op
WorkloadPilot    3: 4 op, 8430198.00 ns, 2.1075 ms/op
WorkloadPilot    4: 5 op, 10287600.00 ns, 2.0575 ms/op
WorkloadPilot    5: 6 op, 12262972.00 ns, 2.0438 ms/op
WorkloadPilot    6: 7 op, 14818962.00 ns, 2.1170 ms/op
WorkloadPilot    7: 8 op, 17320151.00 ns, 2.1650 ms/op
WorkloadPilot    8: 9 op, 19757201.00 ns, 2.1952 ms/op
WorkloadPilot    9: 10 op, 22741106.00 ns, 2.2741 ms/op
WorkloadPilot   10: 11 op, 24922671.00 ns, 2.2657 ms/op
WorkloadPilot   11: 12 op, 27482067.00 ns, 2.2902 ms/op
WorkloadPilot   12: 13 op, 29250204.00 ns, 2.2500 ms/op
WorkloadPilot   13: 14 op, 30924035.00 ns, 2.2089 ms/op
WorkloadPilot   14: 15 op, 33021213.00 ns, 2.2014 ms/op
WorkloadPilot   15: 16 op, 34278479.00 ns, 2.1424 ms/op
WorkloadPilot   16: 32 op, 65841631.00 ns, 2.0576 ms/op
WorkloadPilot   17: 64 op, 124760637.00 ns, 1.9494 ms/op
WorkloadPilot   18: 128 op, 241573773.00 ns, 1.8873 ms/op
WorkloadPilot   19: 256 op, 490238677.00 ns, 1.9150 ms/op
WorkloadPilot   20: 512 op, 963250204.00 ns, 1.8813 ms/op

WorkloadWarmup   1: 512 op, 960374079.00 ns, 1.8757 ms/op
WorkloadWarmup   2: 512 op, 968517192.00 ns, 1.8916 ms/op
WorkloadWarmup   3: 512 op, 960313747.00 ns, 1.8756 ms/op

// BeforeActualRun
WorkloadActual   1: 512 op, 961528354.00 ns, 1.8780 ms/op
WorkloadActual   2: 512 op, 962934905.00 ns, 1.8807 ms/op
WorkloadActual   3: 512 op, 968891781.00 ns, 1.8924 ms/op
WorkloadActual   4: 512 op, 964405881.00 ns, 1.8836 ms/op
WorkloadActual   5: 512 op, 964291488.00 ns, 1.8834 ms/op
WorkloadActual   6: 512 op, 967218060.00 ns, 1.8891 ms/op
WorkloadActual   7: 512 op, 964150296.00 ns, 1.8831 ms/op
WorkloadActual   8: 512 op, 963259977.00 ns, 1.8814 ms/op
WorkloadActual   9: 512 op, 960113436.00 ns, 1.8752 ms/op
WorkloadActual  10: 512 op, 962073654.00 ns, 1.8791 ms/op

// AfterActualRun
WorkloadResult   1: 512 op, 961528354.00 ns, 1.8780 ms/op
WorkloadResult   2: 512 op, 962934905.00 ns, 1.8807 ms/op
WorkloadResult   3: 512 op, 964405881.00 ns, 1.8836 ms/op
WorkloadResult   4: 512 op, 964291488.00 ns, 1.8834 ms/op
WorkloadResult   5: 512 op, 967218060.00 ns, 1.8891 ms/op
WorkloadResult   6: 512 op, 964150296.00 ns, 1.8831 ms/op
WorkloadResult   7: 512 op, 963259977.00 ns, 1.8814 ms/op
WorkloadResult   8: 512 op, 960113436.00 ns, 1.8752 ms/op
WorkloadResult   9: 512 op, 962073654.00 ns, 1.8791 ms/op
// GC:  26 1 0 448351304 512
// Threading:  0 0 512

// AfterAll
// Benchmark Process 3181 has exited with code 0.

Mean = 1.882 ms, StdErr = 0.001 ms (0.07%), N = 9, StdDev = 0.004 ms
Min = 1.875 ms, Q1 = 1.879 ms, Median = 1.881 ms, Q3 = 1.883 ms, Max = 1.889 ms
IQR = 0.004 ms, LowerFence = 1.873 ms, UpperFence = 1.890 ms
ConfidenceInterval = [1.875 ms; 1.888 ms] (CI 99.9%), Margin = 0.007 ms (0.36% of Mean)
Skewness = 0.27, Kurtosis = 2.27, MValue = 2

// ** Remained 13 (81.2 %) benchmark(s) to run. Estimated finish 2026-10-03 16:32 (0h 2m from now) **
// **************************
// Benchmark: CacheInvalidationBenchmarks.Invalidation_ConcurrentCommands: ShortRun(IterationCount=3, LaunchCount=1, WarmupCount=3) [concurrencyLevel=50]
// *** Execute ***
// Launch: 1 / 1
// Execute: dotnet Encina.Caching.Benchmarks-Job-YFEFPZ-1.dll --anonymousPipes 156 157 --benchmarkName "Encina.Caching.Benchmarks.CacheInvalidationBenchmarks.Invalidation_ConcurrentCommands(concurrencyLevel: 50)" --job ShortRun --benchmarkId 3 in /home/runner/work/Encina/Encina/tests/Encina.BenchmarkTests/Encina.Caching.Benchmarks/bin/Release/net10.0/Encina.Caching.Benchmarks-Job-YFEFPZ-1/bin/Release/net10.0
// Failed to set up high priority (Permission denied). In order to run benchmarks with high priority, make sure you have the right permissions.
// BeforeAnythingElse

// Benchmark Process Environment Information:
// BenchmarkDotNet v0.15.8
// Runtime=.NET 10.0.12 (10.0.12, 10.0.1226.42308), X64 RyuJIT x86-64-v3
// GC=Concurrent Workstation
// HardwareIntrinsics=AVX2+BMI1+BMI2+F16C+FMA+LZCNT+MOVBE,AVX,SSE3+SSSE3+SSE4.1+SSE4.2+POPCNT,X86Base+SSE+SSE2,AES+PCLMUL VectorSize=256
// Job: ShortRun(IterationCount=3, LaunchCount=1, WarmupCount=3)

OverheadJitting  1: 1 op, 189362.00 ns, 189.3620 us/op
WorkloadJitting  1: 1 op, 42481646.00 ns, 42.4816 ms/op

WorkloadPilot    1: 2 op, 4587158.00 ns, 2.2936 ms/op
WorkloadPilot    2: 3 op, 6449721.00 ns, 2.1499 ms/op
WorkloadPilot    3: 4 op, 8337480.00 ns, 2.0844 ms/op
WorkloadPilot    4: 5 op, 10133619.00 ns, 2.0267 ms/op
WorkloadPilot    5: 6 op, 12071882.00 ns, 2.0120 ms/op
WorkloadPilot    6: 7 op, 14564717.00 ns, 2.0807 ms/op
WorkloadPilot    7: 8 op, 16899246.00 ns, 2.1124 ms/op
WorkloadPilot    8: 9 op, 19635544.00 ns, 2.1817 ms/op
WorkloadPilot    9: 10 op, 22224847.00 ns, 2.2225 ms/op
WorkloadPilot   10: 11 op, 24470612.00 ns, 2.2246 ms/op
WorkloadPilot   11: 12 op, 26874570.00 ns, 2.2395 ms/op
WorkloadPilot   12: 13 op, 28852058.00 ns, 2.2194 ms/op
WorkloadPilot   13: 14 op, 30735499.00 ns, 2.1954 ms/op
WorkloadPilot   14: 15 op, 32582983.00 ns, 2.1722 ms/op
WorkloadPilot   15: 16 op, 34100695.00 ns, 2.1313 ms/op
WorkloadPilot   16: 32 op, 65164945.00 ns, 2.0364 ms/op
WorkloadPilot   17: 64 op, 122107874.00 ns, 1.9079 ms/op
WorkloadPilot   18: 128 op, 238018477.00 ns, 1.8595 ms/op
WorkloadPilot   19: 256 op, 474987002.00 ns, 1.8554 ms/op
WorkloadPilot   20: 512 op, 948859813.00 ns, 1.8532 ms/op

WorkloadWarmup   1: 512 op, 953496072.00 ns, 1.8623 ms/op
WorkloadWarmup   2: 512 op, 955045422.00 ns, 1.8653 ms/op
WorkloadWarmup   3: 512 op, 951052279.00 ns, 1.8575 ms/op

// BeforeActualRun
WorkloadActual   1: 512 op, 947845367.00 ns, 1.8513 ms/op
WorkloadActual   2: 512 op, 950038986.00 ns, 1.8555 ms/op
WorkloadActual   3: 512 op, 954685241.00 ns, 1.8646 ms/op

// AfterActualRun
WorkloadResult   1: 512 op, 947845367.00 ns, 1.8513 ms/op
WorkloadResult   2: 512 op, 950038986.00 ns, 1.8555 ms/op
WorkloadResult   3: 512 op, 954685241.00 ns, 1.8646 ms/op
// GC:  26 1 0 448350056 512
// Threading:  0 0 512

// AfterAll
// Benchmark Process 3195 has exited with code 0.

Mean = 1.857 ms, StdErr = 0.004 ms (0.21%), N = 3, StdDev = 0.007 ms
Min = 1.851 ms, Q1 = 1.853 ms, Median = 1.856 ms, Q3 = 1.860 ms, Max = 1.865 ms
IQR = 0.007 ms, LowerFence = 1.843 ms, UpperFence = 1.870 ms
ConfidenceInterval = [1.733 ms; 1.982 ms] (CI 99.9%), Margin = 0.124 ms (6.70% of Mean)
Skewness = 0.22, Kurtosis = 0.67, MValue = 2

// ** Remained 12 (75.0 %) benchmark(s) to run. Estimated finish 2026-10-03 16:32 (0h 2m from now) **
// **************************
// Benchmark: CacheInvalidationBenchmarks.Invalidation_NoMatchingKeys: Job-YFEFPZ(IterationCount=10, WarmupCount=3)
// *** Execute ***
// Launch: 1 / 1
// Execute: dotnet Encina.Caching.Benchmarks-Job-YFEFPZ-1.dll --anonymousPipes 156 157 --benchmarkName Encina.Caching.Benchmarks.CacheInvalidationBenchmarks.Invalidation_NoMatchingKeys --job "IterationCount=10, WarmupCount=3" --benchmarkId 4 in /home/runner/work/Encina/Encina/tests/Encina.BenchmarkTests/Encina.Caching.Benchmarks/bin/Release/net10.0/Encina.Caching.Benchmarks-Job-YFEFPZ-1/bin/Release/net10.0
// Failed to set up high priority (Permission denied). In order to run benchmarks with high priority, make sure you have the right permissions.
// BeforeAnythingElse

// Benchmark Process Environment Information:
// BenchmarkDotNet v0.15.8
// Runtime=.NET 10.0.12 (10.0.12, 10.0.1226.42308), X64 RyuJIT x86-64-v3
// GC=Concurrent Workstation
// HardwareIntrinsics=AVX2+BMI1+BMI2+F16C+FMA+LZCNT+MOVBE,AVX,SSE3+SSSE3+SSE4.1+SSE4.2+POPCNT,X86Base+SSE+SSE2,AES+PCLMUL VectorSize=256
// Job: Job-YFEFPZ(IterationCount=10, WarmupCount=3)

OverheadJitting  1: 1 op, 260515.00 ns, 260.5150 us/op
WorkloadJitting  1: 1 op, 35632501.00 ns, 35.6325 ms/op

WorkloadPilot    1: 2 op, 465386.00 ns, 232.6930 us/op
WorkloadPilot    2: 3 op, 369358.00 ns, 123.1193 us/op
WorkloadPilot    3: 4 op, 431423.00 ns, 107.8558 us/op
WorkloadPilot    4: 5 op, 496214.00 ns, 99.2428 us/op
WorkloadPilot    5: 6 op, 547819.00 ns, 91.3032 us/op
WorkloadPilot    6: 7 op, 532962.00 ns, 76.1374 us/op
WorkloadPilot    7: 8 op, 535166.00 ns, 66.8958 us/op
WorkloadPilot    8: 9 op, 617589.00 ns, 68.6210 us/op
WorkloadPilot    9: 10 op, 691146.00 ns, 69.1146 us/op
WorkloadPilot   10: 11 op, 694933.00 ns, 63.1757 us/op
WorkloadPilot   11: 12 op, 706045.00 ns, 58.8371 us/op
WorkloadPilot   12: 13 op, 667432.00 ns, 51.3409 us/op
WorkloadPilot   13: 14 op, 751800.00 ns, 53.7000 us/op
WorkloadPilot   14: 15 op, 757370.00 ns, 50.4913 us/op
WorkloadPilot   15: 16 op, 814466.00 ns, 50.9041 us/op
WorkloadPilot   16: 32 op, 1573239.00 ns, 49.1637 us/op
WorkloadPilot   17: 64 op, 2997149.00 ns, 46.8305 us/op
WorkloadPilot   18: 128 op, 5697354.00 ns, 44.5106 us/op
WorkloadPilot   19: 256 op, 11046370.00 ns, 43.1499 us/op
WorkloadPilot   20: 512 op, 22034571.00 ns, 43.0363 us/op
WorkloadPilot   21: 1024 op, 46975863.00 ns, 45.8749 us/op
WorkloadPilot   22: 2048 op, 80093073.00 ns, 39.1079 us/op
WorkloadPilot   23: 4096 op, 151754073.00 ns, 37.0493 us/op
WorkloadPilot   24: 8192 op, 296932656.00 ns, 36.2467 us/op
WorkloadPilot   25: 16384 op, 591245863.00 ns, 36.0868 us/op

WorkloadWarmup   1: 16384 op, 590295143.00 ns, 36.0288 us/op
WorkloadWarmup   2: 16384 op, 592682401.00 ns, 36.1745 us/op
WorkloadWarmup   3: 16384 op, 591817543.00 ns, 36.1217 us/op

// BeforeActualRun
WorkloadActual   1: 16384 op, 591650182.00 ns, 36.1115 us/op
WorkloadActual   2: 16384 op, 589736725.00 ns, 35.9947 us/op
WorkloadActual   3: 16384 op, 592364169.00 ns, 36.1550 us/op
WorkloadActual   4: 16384 op, 590213392.00 ns, 36.0238 us/op
WorkloadActual   5: 16384 op, 591532899.00 ns, 36.1043 us/op
WorkloadActual   6: 16384 op, 595236529.00 ns, 36.3304 us/op
WorkloadActual   7: 16384 op, 592233276.00 ns, 36.1471 us/op
WorkloadActual   8: 16384 op, 591593917.00 ns, 36.1080 us/op
WorkloadActual   9: 16384 op, 591276888.00 ns, 36.0887 us/op
WorkloadActual  10: 16384 op, 589922279.00 ns, 36.0060 us/op

// AfterActualRun
WorkloadResult   1: 16384 op, 591650182.00 ns, 36.1115 us/op
WorkloadResult   2: 16384 op, 589736725.00 ns, 35.9947 us/op
WorkloadResult   3: 16384 op, 592364169.00 ns, 36.1550 us/op
WorkloadResult   4: 16384 op, 590213392.00 ns, 36.0238 us/op
WorkloadResult   5: 16384 op, 591532899.00 ns, 36.1043 us/op
WorkloadResult   6: 16384 op, 592233276.00 ns, 36.1471 us/op
WorkloadResult   7: 16384 op, 591593917.00 ns, 36.1080 us/op
WorkloadResult   8: 16384 op, 591276888.00 ns, 36.0887 us/op
WorkloadResult   9: 16384 op, 589922279.00 ns, 36.0060 us/op
// GC:  17 0 0 284430224 16384
// Threading:  0 0 16384

// AfterAll
// Benchmark Process 3202 has exited with code 0.

Mean = 36.082 μs, StdErr = 0.020 μs (0.06%), N = 9, StdDev = 0.060 μs
Min = 35.995 μs, Q1 = 36.024 μs, Median = 36.104 μs, Q3 = 36.111 μs, Max = 36.155 μs
IQR = 0.088 μs, LowerFence = 35.892 μs, UpperFence = 36.243 μs
ConfidenceInterval = [35.982 μs; 36.182 μs] (CI 99.9%), Margin = 0.100 μs (0.28% of Mean)
Skewness = -0.31, Kurtosis = 1.33, MValue = 2

// ** Remained 11 (68.8 %) benchmark(s) to run. Estimated finish 2026-10-03 16:32 (0h 2m from now) **
// **************************
// Benchmark: CacheInvalidationBenchmarks.Invalidation_WithMatchingKeys: Job-YFEFPZ(IterationCount=10, WarmupCount=3)
// *** Execute ***
// Launch: 1 / 1
// Execute: dotnet Encina.Caching.Benchmarks-Job-YFEFPZ-1.dll --anonymousPipes 156 157 --benchmarkName Encina.Caching.Benchmarks.CacheInvalidationBenchmarks.Invalidation_WithMatchingKeys --job "IterationCount=10, WarmupCount=3" --benchmarkId 5 in /home/runner/work/Encina/Encina/tests/Encina.BenchmarkTests/Encina.Caching.Benchmarks/bin/Release/net10.0/Encina.Caching.Benchmarks-Job-YFEFPZ-1/bin/Release/net10.0
// Failed to set up high priority (Permission denied). In order to run benchmarks with high priority, make sure you have the right permissions.
// BeforeAnythingElse

// Benchmark Process Environment Information:
// BenchmarkDotNet v0.15.8
// Runtime=.NET 10.0.12 (10.0.12, 10.0.1226.42308), X64 RyuJIT x86-64-v3
// GC=Concurrent Workstation
// HardwareIntrinsics=AVX2+BMI1+BMI2+F16C+FMA+LZCNT+MOVBE,AVX,SSE3+SSSE3+SSE4.1+SSE4.2+POPCNT,X86Base+SSE+SSE2,AES+PCLMUL VectorSize=256
// Job: Job-YFEFPZ(IterationCount=10, WarmupCount=3)

OverheadJitting  1: 1 op, 225689.00 ns, 225.6890 us/op
WorkloadJitting  1: 1 op, 46696875.00 ns, 46.6969 ms/op

WorkloadPilot    1: 2 op, 3616094.00 ns, 1.8080 ms/op
WorkloadPilot    2: 3 op, 1439356.00 ns, 479.7853 us/op
WorkloadPilot    3: 4 op, 704349.00 ns, 176.0873 us/op
WorkloadPilot    4: 5 op, 526108.00 ns, 105.2216 us/op
WorkloadPilot    5: 6 op, 631695.00 ns, 105.2825 us/op
WorkloadPilot    6: 7 op, 601739.00 ns, 85.9627 us/op
WorkloadPilot    7: 8 op, 840122.00 ns, 105.0153 us/op
WorkloadPilot    8: 9 op, 782966.00 ns, 86.9962 us/op
WorkloadPilot    9: 10 op, 1101318.00 ns, 110.1318 us/op
WorkloadPilot   10: 11 op, 883572.00 ns, 80.3247 us/op
WorkloadPilot   11: 12 op, 1091019.00 ns, 90.9183 us/op
WorkloadPilot   12: 13 op, 844029.00 ns, 64.9253 us/op
WorkloadPilot   13: 14 op, 865089.00 ns, 61.7921 us/op
WorkloadPilot   14: 15 op, 1009236.00 ns, 67.2824 us/op
WorkloadPilot   15: 16 op, 975894.00 ns, 60.9934 us/op
WorkloadPilot   16: 32 op, 2191935.00 ns, 68.4980 us/op
WorkloadPilot   17: 64 op, 5938392.00 ns, 92.7874 us/op
WorkloadPilot   18: 128 op, 10264114.00 ns, 80.1884 us/op
WorkloadPilot   19: 256 op, 20195880.00 ns, 78.8902 us/op
WorkloadPilot   20: 512 op, 43636864.00 ns, 85.2283 us/op
WorkloadPilot   21: 1024 op, 74413178.00 ns, 72.6691 us/op
WorkloadPilot   22: 2048 op, 144154284.00 ns, 70.3878 us/op
WorkloadPilot   23: 4096 op, 196440704.00 ns, 47.9592 us/op
WorkloadPilot   24: 8192 op, 512405962.00 ns, 62.5496 us/op

WorkloadWarmup   1: 8192 op, 499866588.00 ns, 61.0189 us/op
WorkloadWarmup   2: 8192 op, 550113446.00 ns, 67.1525 us/op
WorkloadWarmup   3: 8192 op, 475965113.00 ns, 58.1012 us/op

// BeforeActualRun
WorkloadActual   1: 8192 op, 482373436.00 ns, 58.8835 us/op
WorkloadActual   2: 8192 op, 528315923.00 ns, 64.4917 us/op
WorkloadActual   3: 8192 op, 488705612.00 ns, 59.6564 us/op
WorkloadActual   4: 8192 op, 457789090.00 ns, 55.8825 us/op
WorkloadActual   5: 8192 op, 498782734.00 ns, 60.8866 us/op
WorkloadActual   6: 8192 op, 450592649.00 ns, 55.0040 us/op
WorkloadActual   7: 8192 op, 426444744.00 ns, 52.0562 us/op
WorkloadActual   8: 8192 op, 446193028.00 ns, 54.4669 us/op
WorkloadActual   9: 8192 op, 471964622.00 ns, 57.6129 us/op
WorkloadActual  10: 8192 op, 429535976.00 ns, 52.4336 us/op

// AfterActualRun
WorkloadResult   1: 8192 op, 482373436.00 ns, 58.8835 us/op
WorkloadResult   2: 8192 op, 528315923.00 ns, 64.4917 us/op
WorkloadResult   3: 8192 op, 488705612.00 ns, 59.6564 us/op
WorkloadResult   4: 8192 op, 457789090.00 ns, 55.8825 us/op
WorkloadResult   5: 8192 op, 498782734.00 ns, 60.8866 us/op
WorkloadResult   6: 8192 op, 450592649.00 ns, 55.0040 us/op
WorkloadResult   7: 8192 op, 426444744.00 ns, 52.0562 us/op
WorkloadResult   8: 8192 op, 446193028.00 ns, 54.4669 us/op
WorkloadResult   9: 8192 op, 471964622.00 ns, 57.6129 us/op
WorkloadResult  10: 8192 op, 429535976.00 ns, 52.4336 us/op
// GC:  9 0 0 160370576 8192
// Threading:  24576 0 8192

// AfterAll
// Benchmark Process 3210 has exited with code 0.

Mean = 57.137 μs, StdErr = 1.243 μs (2.17%), N = 10, StdDev = 3.929 μs
Min = 52.056 μs, Q1 = 54.601 μs, Median = 56.748 μs, Q3 = 59.463 μs, Max = 64.492 μs
IQR = 4.862 μs, LowerFence = 47.308 μs, UpperFence = 66.756 μs
ConfidenceInterval = [51.197 μs; 63.078 μs] (CI 99.9%), Margin = 5.941 μs (10.40% of Mean)
Skewness = 0.34, Kurtosis = 1.85, MValue = 2

// ** Remained 10 (62.5 %) benchmark(s) to run. Estimated finish 2026-10-03 16:32 (0h 1m from now) **
// **************************
// Benchmark: CacheInvalidationBenchmarks.Invalidation_SequentialCommands: Job-YFEFPZ(IterationCount=10, WarmupCount=3)
// *** Execute ***
// Launch: 1 / 1
// Execute: dotnet Encina.Caching.Benchmarks-Job-YFEFPZ-1.dll --anonymousPipes 156 157 --benchmarkName Encina.Caching.Benchmarks.CacheInvalidationBenchmarks.Invalidation_SequentialCommands --job "IterationCount=10, WarmupCount=3" --benchmarkId 6 in /home/runner/work/Encina/Encina/tests/Encina.BenchmarkTests/Encina.Caching.Benchmarks/bin/Release/net10.0/Encina.Caching.Benchmarks-Job-YFEFPZ-1/bin/Release/net10.0
// Failed to set up high priority (Permission denied). In order to run benchmarks with high priority, make sure you have the right permissions.
// BeforeAnythingElse

// Benchmark Process Environment Information:
// BenchmarkDotNet v0.15.8
// Runtime=.NET 10.0.12 (10.0.12, 10.0.1226.42308), X64 RyuJIT x86-64-v3
// GC=Concurrent Workstation
// HardwareIntrinsics=AVX2+BMI1+BMI2+F16C+FMA+LZCNT+MOVBE,AVX,SSE3+SSSE3+SSE4.1+SSE4.2+POPCNT,X86Base+SSE+SSE2,AES+PCLMUL VectorSize=256
// Job: Job-YFEFPZ(IterationCount=10, WarmupCount=3)

OverheadJitting  1: 1 op, 171920.00 ns, 171.9200 us/op
WorkloadJitting  1: 1 op, 36729261.00 ns, 36.7293 ms/op

WorkloadPilot    1: 2 op, 1131092.00 ns, 565.5460 us/op
WorkloadPilot    2: 3 op, 1497905.00 ns, 499.3017 us/op
WorkloadPilot    3: 4 op, 1868453.00 ns, 467.1133 us/op
WorkloadPilot    4: 5 op, 2228121.00 ns, 445.6242 us/op
WorkloadPilot    5: 6 op, 2570077.00 ns, 428.3462 us/op
WorkloadPilot    6: 7 op, 3031545.00 ns, 433.0779 us/op
WorkloadPilot    7: 8 op, 3316345.00 ns, 414.5431 us/op
WorkloadPilot    8: 9 op, 3676303.00 ns, 408.4781 us/op
WorkloadPilot    9: 10 op, 4087338.00 ns, 408.7338 us/op
WorkloadPilot   10: 11 op, 4407543.00 ns, 400.6857 us/op
WorkloadPilot   11: 12 op, 4779544.00 ns, 398.2953 us/op
WorkloadPilot   12: 13 op, 5174538.00 ns, 398.0414 us/op
WorkloadPilot   13: 14 op, 5516274.00 ns, 394.0196 us/op
WorkloadPilot   14: 15 op, 6009661.00 ns, 400.6441 us/op
WorkloadPilot   15: 16 op, 6248986.00 ns, 390.5616 us/op
WorkloadPilot   16: 32 op, 14226052.00 ns, 444.5641 us/op
WorkloadPilot   17: 64 op, 29529098.00 ns, 461.3922 us/op
WorkloadPilot   18: 128 op, 58335061.00 ns, 455.7427 us/op
WorkloadPilot   19: 256 op, 100181755.00 ns, 391.3350 us/op
WorkloadPilot   20: 512 op, 192650593.00 ns, 376.2707 us/op
WorkloadPilot   21: 1024 op, 381929509.00 ns, 372.9780 us/op
WorkloadPilot   22: 2048 op, 771701981.00 ns, 376.8076 us/op

WorkloadWarmup   1: 2048 op, 763676182.00 ns, 372.8888 us/op
WorkloadWarmup   2: 2048 op, 762179217.00 ns, 372.1578 us/op
WorkloadWarmup   3: 2048 op, 766492023.00 ns, 374.2637 us/op

// BeforeActualRun
WorkloadActual   1: 2048 op, 766481654.00 ns, 374.2586 us/op
WorkloadActual   2: 2048 op, 774965912.00 ns, 378.4013 us/op
WorkloadActual   3: 2048 op, 767568307.00 ns, 374.7892 us/op
WorkloadActual   4: 2048 op, 766748892.00 ns, 374.3891 us/op
WorkloadActual   5: 2048 op, 764893421.00 ns, 373.4831 us/op
WorkloadActual   6: 2048 op, 767265915.00 ns, 374.6416 us/op
WorkloadActual   7: 2048 op, 764422612.00 ns, 373.2532 us/op
WorkloadActual   8: 2048 op, 764749621.00 ns, 373.4129 us/op
WorkloadActual   9: 2048 op, 767279584.00 ns, 374.6482 us/op
WorkloadActual  10: 2048 op, 764159784.00 ns, 373.1249 us/op

// AfterActualRun
WorkloadResult   1: 2048 op, 766481654.00 ns, 374.2586 us/op
WorkloadResult   2: 2048 op, 767568307.00 ns, 374.7892 us/op
WorkloadResult   3: 2048 op, 766748892.00 ns, 374.3891 us/op
WorkloadResult   4: 2048 op, 764893421.00 ns, 373.4831 us/op
WorkloadResult   5: 2048 op, 767265915.00 ns, 374.6416 us/op
WorkloadResult   6: 2048 op, 764422612.00 ns, 373.2532 us/op
WorkloadResult   7: 2048 op, 764749621.00 ns, 373.4129 us/op
WorkloadResult   8: 2048 op, 767279584.00 ns, 374.6482 us/op
WorkloadResult   9: 2048 op, 764159784.00 ns, 373.1249 us/op
// GC:  21 0 0 354501312 2048
// Threading:  0 0 2048

// AfterAll
// Benchmark Process 3222 has exited with code 0.

Mean = 374.000 μs, StdErr = 0.224 μs (0.06%), N = 9, StdDev = 0.672 μs
Min = 373.125 μs, Q1 = 373.413 μs, Median = 374.259 μs, Q3 = 374.642 μs, Max = 374.789 μs
IQR = 1.229 μs, LowerFence = 371.570 μs, UpperFence = 376.485 μs
ConfidenceInterval = [372.872 μs; 375.129 μs] (CI 99.9%), Margin = 1.129 μs (0.30% of Mean)
Skewness = -0.12, Kurtosis = 1.01, MValue = 2

// ** Remained 9 (56.2 %) benchmark(s) to run. Estimated finish 2026-10-03 16:32 (0h 1m from now) **
// **************************
// Benchmark: CacheInvalidationBenchmarks.Invalidation_NoMatchingKeys: ShortRun(IterationCount=3, LaunchCount=1, WarmupCount=3)
// *** Execute ***
// Launch: 1 / 1
// Execute: dotnet Encina.Caching.Benchmarks-Job-YFEFPZ-1.dll --anonymousPipes 156 157 --benchmarkName Encina.Caching.Benchmarks.CacheInvalidationBenchmarks.Invalidation_NoMatchingKeys --job ShortRun --benchmarkId 7 in /home/runner/work/Encina/Encina/tests/Encina.BenchmarkTests/Encina.Caching.Benchmarks/bin/Release/net10.0/Encina.Caching.Benchmarks-Job-YFEFPZ-1/bin/Release/net10.0
// Failed to set up high priority (Permission denied). In order to run benchmarks with high priority, make sure you have the right permissions.
// BeforeAnythingElse

// Benchmark Process Environment Information:
// BenchmarkDotNet v0.15.8
// Runtime=.NET 10.0.12 (10.0.12, 10.0.1226.42308), X64 RyuJIT x86-64-v3
// GC=Concurrent Workstation
// HardwareIntrinsics=AVX2+BMI1+BMI2+F16C+FMA+LZCNT+MOVBE,AVX,SSE3+SSSE3+SSE4.1+SSE4.2+POPCNT,X86Base+SSE+SSE2,AES+PCLMUL VectorSize=256
// Job: ShortRun(IterationCount=3, LaunchCount=1, WarmupCount=3)

OverheadJitting  1: 1 op, 219709.00 ns, 219.7090 us/op
WorkloadJitting  1: 1 op, 35785149.00 ns, 35.7851 ms/op

WorkloadPilot    1: 2 op, 449376.00 ns, 224.6880 us/op
WorkloadPilot    2: 3 op, 406616.00 ns, 135.5387 us/op
WorkloadPilot    3: 4 op, 442904.00 ns, 110.7260 us/op
WorkloadPilot    4: 5 op, 485322.00 ns, 97.0644 us/op
WorkloadPilot    5: 6 op, 520808.00 ns, 86.8013 us/op
WorkloadPilot    6: 7 op, 586601.00 ns, 83.8001 us/op
WorkloadPilot    7: 8 op, 539222.00 ns, 67.4028 us/op
WorkloadPilot    8: 9 op, 607830.00 ns, 67.5367 us/op
WorkloadPilot    9: 10 op, 765614.00 ns, 76.5614 us/op
WorkloadPilot   10: 11 op, 724126.00 ns, 65.8296 us/op
WorkloadPilot   11: 12 op, 682969.00 ns, 56.9141 us/op
WorkloadPilot   12: 13 op, 708056.00 ns, 54.4658 us/op
WorkloadPilot   13: 14 op, 763459.00 ns, 54.5328 us/op
WorkloadPilot   14: 15 op, 799896.00 ns, 53.3264 us/op
WorkloadPilot   15: 16 op, 825825.00 ns, 51.6141 us/op
WorkloadPilot   16: 32 op, 1575198.00 ns, 49.2249 us/op
WorkloadPilot   17: 64 op, 2933393.00 ns, 45.8343 us/op
WorkloadPilot   18: 128 op, 5628011.00 ns, 43.9688 us/op
WorkloadPilot   19: 256 op, 10865347.00 ns, 42.4428 us/op
WorkloadPilot   20: 512 op, 21626210.00 ns, 42.2387 us/op
WorkloadPilot   21: 1024 op, 46357953.00 ns, 45.2714 us/op
WorkloadPilot   22: 2048 op, 78923227.00 ns, 38.5367 us/op
WorkloadPilot   23: 4096 op, 149112959.00 ns, 36.4045 us/op
WorkloadPilot   24: 8192 op, 287952101.00 ns, 35.1504 us/op
WorkloadPilot   25: 16384 op, 576584176.00 ns, 35.1919 us/op

WorkloadWarmup   1: 16384 op, 577783385.00 ns, 35.2651 us/op
WorkloadWarmup   2: 16384 op, 578100955.00 ns, 35.2845 us/op
WorkloadWarmup   3: 16384 op, 581987169.00 ns, 35.5217 us/op

// BeforeActualRun
WorkloadActual   1: 16384 op, 579563523.00 ns, 35.3738 us/op
WorkloadActual   2: 16384 op, 582570323.00 ns, 35.5573 us/op
WorkloadActual   3: 16384 op, 581190317.00 ns, 35.4730 us/op

// AfterActualRun
WorkloadResult   1: 16384 op, 579563523.00 ns, 35.3738 us/op
WorkloadResult   2: 16384 op, 582570323.00 ns, 35.5573 us/op
WorkloadResult   3: 16384 op, 581190317.00 ns, 35.4730 us/op
// GC:  16 0 0 281546640 16384
// Threading:  0 0 16384

// AfterAll
// Benchmark Process 3232 has exited with code 0.

Mean = 35.468 μs, StdErr = 0.053 μs (0.15%), N = 3, StdDev = 0.092 μs
Min = 35.374 μs, Q1 = 35.423 μs, Median = 35.473 μs, Q3 = 35.515 μs, Max = 35.557 μs
IQR = 0.092 μs, LowerFence = 35.286 μs, UpperFence = 35.653 μs
ConfidenceInterval = [33.792 μs; 37.144 μs] (CI 99.9%), Margin = 1.676 μs (4.73% of Mean)
Skewness = -0.05, Kurtosis = 0.67, MValue = 2

// ** Remained 8 (50.0 %) benchmark(s) to run. Estimated finish 2026-10-03 16:32 (0h 1m from now) **
// **************************
// Benchmark: CacheInvalidationBenchmarks.Invalidation_WithMatchingKeys: ShortRun(IterationCount=3, LaunchCount=1, WarmupCount=3)
// *** Execute ***
// Launch: 1 / 1
// Execute: dotnet Encina.Caching.Benchmarks-Job-YFEFPZ-1.dll --anonymousPipes 156 157 --benchmarkName Encina.Caching.Benchmarks.CacheInvalidationBenchmarks.Invalidation_WithMatchingKeys --job ShortRun --benchmarkId 8 in /home/runner/work/Encina/Encina/tests/Encina.BenchmarkTests/Encina.Caching.Benchmarks/bin/Release/net10.0/Encina.Caching.Benchmarks-Job-YFEFPZ-1/bin/Release/net10.0
// Failed to set up high priority (Permission denied). In order to run benchmarks with high priority, make sure you have the right permissions.
// BeforeAnythingElse

// Benchmark Process Environment Information:
// BenchmarkDotNet v0.15.8
// Runtime=.NET 10.0.12 (10.0.12, 10.0.1226.42308), X64 RyuJIT x86-64-v3
// GC=Concurrent Workstation
// HardwareIntrinsics=AVX2+BMI1+BMI2+F16C+FMA+LZCNT+MOVBE,AVX,SSE3+SSSE3+SSE4.1+SSE4.2+POPCNT,X86Base+SSE+SSE2,AES+PCLMUL VectorSize=256
// Job: ShortRun(IterationCount=3, LaunchCount=1, WarmupCount=3)

OverheadJitting  1: 1 op, 223776.00 ns, 223.7760 us/op
WorkloadJitting  1: 1 op, 46265872.00 ns, 46.2659 ms/op

WorkloadPilot    1: 2 op, 3590404.00 ns, 1.7952 ms/op
WorkloadPilot    2: 3 op, 1452640.00 ns, 484.2133 us/op
WorkloadPilot    3: 4 op, 544202.00 ns, 136.0505 us/op
WorkloadPilot    4: 5 op, 476846.00 ns, 95.3692 us/op
WorkloadPilot    5: 6 op, 629891.00 ns, 104.9818 us/op
WorkloadPilot    6: 7 op, 629490.00 ns, 89.9271 us/op
WorkloadPilot    7: 8 op, 677530.00 ns, 84.6913 us/op
WorkloadPilot    8: 9 op, 619161.00 ns, 68.7957 us/op
WorkloadPilot    9: 10 op, 787684.00 ns, 78.7684 us/op
WorkloadPilot   10: 11 op, 706022.00 ns, 64.1838 us/op
WorkloadPilot   11: 12 op, 798655.00 ns, 66.5546 us/op
WorkloadPilot   12: 13 op, 840322.00 ns, 64.6402 us/op
WorkloadPilot   13: 14 op, 920331.00 ns, 65.7379 us/op
WorkloadPilot   14: 15 op, 959042.00 ns, 63.9361 us/op
WorkloadPilot   15: 16 op, 1443944.00 ns, 90.2465 us/op
WorkloadPilot   16: 32 op, 3015215.00 ns, 94.2255 us/op
WorkloadPilot   17: 64 op, 5633131.00 ns, 88.0177 us/op
WorkloadPilot   18: 128 op, 9219367.00 ns, 72.0263 us/op
WorkloadPilot   19: 256 op, 22256452.00 ns, 86.9393 us/op
WorkloadPilot   20: 512 op, 44528191.00 ns, 86.9691 us/op
WorkloadPilot   21: 1024 op, 89445917.00 ns, 87.3495 us/op
WorkloadPilot   22: 2048 op, 135695908.00 ns, 66.2578 us/op
WorkloadPilot   23: 4096 op, 249547314.00 ns, 60.9246 us/op
WorkloadPilot   24: 8192 op, 520731821.00 ns, 63.5659 us/op

WorkloadWarmup   1: 8192 op, 496956970.00 ns, 60.6637 us/op
WorkloadWarmup   2: 8192 op, 448902510.00 ns, 54.7977 us/op
WorkloadWarmup   3: 8192 op, 461534795.00 ns, 56.3397 us/op

// BeforeActualRun
WorkloadActual   1: 8192 op, 467366128.00 ns, 57.0515 us/op
WorkloadActual   2: 8192 op, 447784151.00 ns, 54.6612 us/op
WorkloadActual   3: 8192 op, 436251996.00 ns, 53.2534 us/op

// AfterActualRun
WorkloadResult   1: 8192 op, 467366128.00 ns, 57.0515 us/op
WorkloadResult   2: 8192 op, 447784151.00 ns, 54.6612 us/op
WorkloadResult   3: 8192 op, 436251996.00 ns, 53.2534 us/op
// GC:  9 0 0 159455160 8192
// Threading:  24576 0 8192

// AfterAll
// Benchmark Process 3240 has exited with code 0.

Mean = 54.989 μs, StdErr = 1.109 μs (2.02%), N = 3, StdDev = 1.920 μs
Min = 53.253 μs, Q1 = 53.957 μs, Median = 54.661 μs, Q3 = 55.856 μs, Max = 57.052 μs
IQR = 1.899 μs, LowerFence = 51.109 μs, UpperFence = 58.705 μs
ConfidenceInterval = [19.958 μs; 90.019 μs] (CI 99.9%), Margin = 35.030 μs (63.70% of Mean)
Skewness = 0.17, Kurtosis = 0.67, MValue = 2

// ** Remained 7 (43.8 %) benchmark(s) to run. Estimated finish 2026-10-03 16:32 (0h 1m from now) **
// **************************
// Benchmark: CacheInvalidationBenchmarks.Invalidation_SequentialCommands: ShortRun(IterationCount=3, LaunchCount=1, WarmupCount=3)
// *** Execute ***
// Launch: 1 / 1
// Execute: dotnet Encina.Caching.Benchmarks-Job-YFEFPZ-1.dll --anonymousPipes 156 157 --benchmarkName Encina.Caching.Benchmarks.CacheInvalidationBenchmarks.Invalidation_SequentialCommands --job ShortRun --benchmarkId 9 in /home/runner/work/Encina/Encina/tests/Encina.BenchmarkTests/Encina.Caching.Benchmarks/bin/Release/net10.0/Encina.Caching.Benchmarks-Job-YFEFPZ-1/bin/Release/net10.0
// Failed to set up high priority (Permission denied). In order to run benchmarks with high priority, make sure you have the right permissions.
// BeforeAnythingElse

// Benchmark Process Environment Information:
// BenchmarkDotNet v0.15.8
// Runtime=.NET 10.0.12 (10.0.12, 10.0.1226.42308), X64 RyuJIT x86-64-v3
// GC=Concurrent Workstation
// HardwareIntrinsics=AVX2+BMI1+BMI2+F16C+FMA+LZCNT+MOVBE,AVX,SSE3+SSSE3+SSE4.1+SSE4.2+POPCNT,X86Base+SSE+SSE2,AES+PCLMUL VectorSize=256
// Job: ShortRun(IterationCount=3, LaunchCount=1, WarmupCount=3)

OverheadJitting  1: 1 op, 175296.00 ns, 175.2960 us/op
WorkloadJitting  1: 1 op, 36379869.00 ns, 36.3799 ms/op

WorkloadPilot    1: 2 op, 1158454.00 ns, 579.2270 us/op
WorkloadPilot    2: 3 op, 1608561.00 ns, 536.1870 us/op
WorkloadPilot    3: 4 op, 1938435.00 ns, 484.6088 us/op
WorkloadPilot    4: 5 op, 2313923.00 ns, 462.7846 us/op
WorkloadPilot    5: 6 op, 2670246.00 ns, 445.0410 us/op
WorkloadPilot    6: 7 op, 3047959.00 ns, 435.4227 us/op
WorkloadPilot    7: 8 op, 3445948.00 ns, 430.7435 us/op
WorkloadPilot    8: 9 op, 3810257.00 ns, 423.3619 us/op
WorkloadPilot    9: 10 op, 4250916.00 ns, 425.0916 us/op
WorkloadPilot   10: 11 op, 4596939.00 ns, 417.9035 us/op
WorkloadPilot   11: 12 op, 5047437.00 ns, 420.6198 us/op
WorkloadPilot   12: 13 op, 5355911.00 ns, 411.9932 us/op
WorkloadPilot   13: 14 op, 5742971.00 ns, 410.2122 us/op
WorkloadPilot   14: 15 op, 6061794.00 ns, 404.1196 us/op
WorkloadPilot   15: 16 op, 6483258.00 ns, 405.2036 us/op
WorkloadPilot   16: 32 op, 14753418.00 ns, 461.0443 us/op
WorkloadPilot   17: 64 op, 30367407.00 ns, 474.4907 us/op
WorkloadPilot   18: 128 op, 59537669.00 ns, 465.1380 us/op
WorkloadPilot   19: 256 op, 103552929.00 ns, 404.5036 us/op
WorkloadPilot   20: 512 op, 197843991.00 ns, 386.4140 us/op
WorkloadPilot   21: 1024 op, 394469757.00 ns, 385.2244 us/op
WorkloadPilot   22: 2048 op, 787666106.00 ns, 384.6026 us/op

WorkloadWarmup   1: 2048 op, 790950585.00 ns, 386.2063 us/op
WorkloadWarmup   2: 2048 op, 789314081.00 ns, 385.4073 us/op
WorkloadWarmup   3: 2048 op, 790358143.00 ns, 385.9171 us/op

// BeforeActualRun
WorkloadActual   1: 2048 op, 794161426.00 ns, 387.7741 us/op
WorkloadActual   2: 2048 op, 790256908.00 ns, 385.8676 us/op
WorkloadActual   3: 2048 op, 789597333.00 ns, 385.5456 us/op

// AfterActualRun
WorkloadResult   1: 2048 op, 794161426.00 ns, 387.7741 us/op
WorkloadResult   2: 2048 op, 790256908.00 ns, 385.8676 us/op
WorkloadResult   3: 2048 op, 789597333.00 ns, 385.5456 us/op
// GC:  21 0 0 354509072 2048
// Threading:  0 0 2048

// AfterAll
// Benchmark Process 3255 has exited with code 0.

Mean = 386.396 μs, StdErr = 0.695 μs (0.18%), N = 3, StdDev = 1.205 μs
Min = 385.546 μs, Q1 = 385.707 μs, Median = 385.868 μs, Q3 = 386.821 μs, Max = 387.774 μs
IQR = 1.114 μs, LowerFence = 384.035 μs, UpperFence = 388.492 μs
ConfidenceInterval = [364.421 μs; 408.370 μs] (CI 99.9%), Margin = 21.975 μs (5.69% of Mean)
Skewness = 0.35, Kurtosis = 0.67, MValue = 2

// ** Remained 6 (37.5 %) benchmark(s) to run. Estimated finish 2026-10-03 16:32 (0h 0m from now) **
// **************************
// Benchmark: CacheInvalidationBenchmarks.Invalidation_MultipleKeys: Job-YFEFPZ(IterationCount=10, WarmupCount=3) [keyCount=5]
// *** Execute ***
// Launch: 1 / 1
// Execute: dotnet Encina.Caching.Benchmarks-Job-YFEFPZ-1.dll --anonymousPipes 156 157 --benchmarkName "Encina.Caching.Benchmarks.CacheInvalidationBenchmarks.Invalidation_MultipleKeys(keyCount: 5)" --job "IterationCount=10, WarmupCount=3" --benchmarkId 10 in /home/runner/work/Encina/Encina/tests/Encina.BenchmarkTests/Encina.Caching.Benchmarks/bin/Release/net10.0/Encina.Caching.Benchmarks-Job-YFEFPZ-1/bin/Release/net10.0
// Failed to set up high priority (Permission denied). In order to run benchmarks with high priority, make sure you have the right permissions.
// BeforeAnythingElse

// Benchmark Process Environment Information:
// BenchmarkDotNet v0.15.8
// Runtime=.NET 10.0.12 (10.0.12, 10.0.1226.42308), X64 RyuJIT x86-64-v3
// GC=Concurrent Workstation
// HardwareIntrinsics=AVX2+BMI1+BMI2+F16C+FMA+LZCNT+MOVBE,AVX,SSE3+SSSE3+SSE4.1+SSE4.2+POPCNT,X86Base+SSE+SSE2,AES+PCLMUL VectorSize=256
// Job: Job-YFEFPZ(IterationCount=10, WarmupCount=3)

OverheadJitting  1: 1 op, 210000.00 ns, 210.0000 us/op
WorkloadJitting  1: 1 op, 45226210.00 ns, 45.2262 ms/op

WorkloadPilot    1: 2 op, 1064950.00 ns, 532.4750 us/op
WorkloadPilot    2: 3 op, 1091929.00 ns, 363.9763 us/op
WorkloadPilot    3: 4 op, 1486203.00 ns, 371.5508 us/op
WorkloadPilot    4: 5 op, 1645499.00 ns, 329.0998 us/op
WorkloadPilot    5: 6 op, 1899782.00 ns, 316.6303 us/op
WorkloadPilot    6: 7 op, 2183169.00 ns, 311.8813 us/op
WorkloadPilot    7: 8 op, 2607728.00 ns, 325.9660 us/op
WorkloadPilot    8: 9 op, 2855238.00 ns, 317.2487 us/op
WorkloadPilot    9: 10 op, 3198666.00 ns, 319.8666 us/op
WorkloadPilot   10: 11 op, 3536895.00 ns, 321.5359 us/op
WorkloadPilot   11: 12 op, 3765960.00 ns, 313.8300 us/op
WorkloadPilot   12: 13 op, 4133263.00 ns, 317.9433 us/op
WorkloadPilot   13: 14 op, 4540670.00 ns, 324.3336 us/op
WorkloadPilot   14: 15 op, 5051039.00 ns, 336.7359 us/op
WorkloadPilot   15: 16 op, 5289643.00 ns, 330.6027 us/op
WorkloadPilot   16: 32 op, 10990770.00 ns, 343.4616 us/op
WorkloadPilot   17: 64 op, 23018419.00 ns, 359.6628 us/op
WorkloadPilot   18: 128 op, 50909134.00 ns, 397.7276 us/op
WorkloadPilot   19: 256 op, 121141911.00 ns, 473.2106 us/op
WorkloadPilot   20: 512 op, 319433876.00 ns, 623.8943 us/op
WorkloadPilot   21: 1024 op, 944897757.00 ns, 922.7517 us/op

WorkloadWarmup   1: 1024 op, 1427342636.00 ns, 1.3939 ms/op
WorkloadWarmup   2: 1024 op, 1899677843.00 ns, 1.8552 ms/op
WorkloadWarmup   3: 1024 op, 2308359695.00 ns, 2.2543 ms/op

// BeforeActualRun
WorkloadActual   1: 1024 op, 2770940421.00 ns, 2.7060 ms/op
WorkloadActual   2: 1024 op, 3241750464.00 ns, 3.1658 ms/op
WorkloadActual   3: 1024 op, 3772416736.00 ns, 3.6840 ms/op
WorkloadActual   4: 1024 op, 4346648850.00 ns, 4.2448 ms/op
WorkloadActual   5: 1024 op, 4735782160.00 ns, 4.6248 ms/op
WorkloadActual   6: 1024 op, 5093487876.00 ns, 4.9741 ms/op
WorkloadActual   7: 1024 op, 5687040056.00 ns, 5.5538 ms/op
WorkloadActual   8: 1024 op, 6209887757.00 ns, 6.0643 ms/op
WorkloadActual   9: 1024 op, 7070612378.00 ns, 6.9049 ms/op
WorkloadActual  10: 1024 op, 8394116065.00 ns, 8.1974 ms/op

// AfterActualRun
WorkloadResult   1: 1024 op, 2770940421.00 ns, 2.7060 ms/op
WorkloadResult   2: 1024 op, 3241750464.00 ns, 3.1658 ms/op
WorkloadResult   3: 1024 op, 3772416736.00 ns, 3.6840 ms/op
WorkloadResult   4: 1024 op, 4346648850.00 ns, 4.2448 ms/op
WorkloadResult   5: 1024 op, 4735782160.00 ns, 4.6248 ms/op
WorkloadResult   6: 1024 op, 5093487876.00 ns, 4.9741 ms/op
WorkloadResult   7: 1024 op, 5687040056.00 ns, 5.5538 ms/op
WorkloadResult   8: 1024 op, 6209887757.00 ns, 6.0643 ms/op
WorkloadResult   9: 1024 op, 7070612378.00 ns, 6.9049 ms/op
WorkloadResult  10: 1024 op, 8394116065.00 ns, 8.1974 ms/op
// GC:  17 16 16 678360736 1024
// Threading:  1 0 1024

// AfterAll
// Benchmark Process 3262 has exited with code 0.

Mean = 5.012 ms, StdErr = 0.541 ms (10.80%), N = 10, StdDev = 1.711 ms
Min = 2.706 ms, Q1 = 3.824 ms, Median = 4.799 ms, Q3 = 5.937 ms, Max = 8.197 ms
IQR = 2.113 ms, LowerFence = 0.655 ms, UpperFence = 9.105 ms
ConfidenceInterval = [2.425 ms; 7.599 ms] (CI 99.9%), Margin = 2.587 ms (51.62% of Mean)
Skewness = 0.38, Kurtosis = 1.87, MValue = 2

// ** Remained 5 (31.2 %) benchmark(s) to run. Estimated finish 2026-10-03 16:33 (0h 1m from now) **
// **************************
// Benchmark: CacheInvalidationBenchmarks.Invalidation_MultipleKeys: ShortRun(IterationCount=3, LaunchCount=1, WarmupCount=3) [keyCount=5]
// *** Execute ***
// Launch: 1 / 1
// Execute: dotnet Encina.Caching.Benchmarks-Job-YFEFPZ-1.dll --anonymousPipes 156 157 --benchmarkName "Encina.Caching.Benchmarks.CacheInvalidationBenchmarks.Invalidation_MultipleKeys(keyCount: 5)" --job ShortRun --benchmarkId 11 in /home/runner/work/Encina/Encina/tests/Encina.BenchmarkTests/Encina.Caching.Benchmarks/bin/Release/net10.0/Encina.Caching.Benchmarks-Job-YFEFPZ-1/bin/Release/net10.0
// Failed to set up high priority (Permission denied). In order to run benchmarks with high priority, make sure you have the right permissions.
// BeforeAnythingElse

// Benchmark Process Environment Information:
// BenchmarkDotNet v0.15.8
// Runtime=.NET 10.0.12 (10.0.12, 10.0.1226.42308), X64 RyuJIT x86-64-v3
// GC=Concurrent Workstation
// HardwareIntrinsics=AVX2+BMI1+BMI2+F16C+FMA+LZCNT+MOVBE,AVX,SSE3+SSSE3+SSE4.1+SSE4.2+POPCNT,X86Base+SSE+SSE2,AES+PCLMUL VectorSize=256
// Job: ShortRun(IterationCount=3, LaunchCount=1, WarmupCount=3)

OverheadJitting  1: 1 op, 187188.00 ns, 187.1880 us/op
WorkloadJitting  1: 1 op, 45075924.00 ns, 45.0759 ms/op

WorkloadPilot    1: 2 op, 939898.00 ns, 469.9490 us/op
WorkloadPilot    2: 3 op, 1212725.00 ns, 404.2417 us/op
WorkloadPilot    3: 4 op, 1392198.00 ns, 348.0495 us/op
WorkloadPilot    4: 5 op, 1646120.00 ns, 329.2240 us/op
WorkloadPilot    5: 6 op, 1962719.00 ns, 327.1198 us/op
WorkloadPilot    6: 7 op, 2181636.00 ns, 311.6623 us/op
WorkloadPilot    7: 8 op, 2487555.00 ns, 310.9444 us/op
WorkloadPilot    8: 9 op, 2755724.00 ns, 306.1916 us/op
WorkloadPilot    9: 10 op, 3187997.00 ns, 318.7997 us/op
WorkloadPilot   10: 11 op, 3446087.00 ns, 313.2806 us/op
WorkloadPilot   11: 12 op, 3758327.00 ns, 313.1939 us/op
WorkloadPilot   12: 13 op, 4297519.00 ns, 330.5784 us/op
WorkloadPilot   13: 14 op, 4527317.00 ns, 323.3798 us/op
WorkloadPilot   14: 15 op, 4863943.00 ns, 324.2629 us/op
WorkloadPilot   15: 16 op, 5284515.00 ns, 330.2822 us/op
WorkloadPilot   16: 32 op, 10998949.00 ns, 343.7172 us/op
WorkloadPilot   17: 64 op, 23598834.00 ns, 368.7318 us/op
WorkloadPilot   18: 128 op, 50841071.00 ns, 397.1959 us/op
WorkloadPilot   19: 256 op, 121557735.00 ns, 474.8349 us/op
WorkloadPilot   20: 512 op, 313558215.00 ns, 612.4184 us/op
WorkloadPilot   21: 1024 op, 931954281.00 ns, 910.1116 us/op

WorkloadWarmup   1: 1024 op, 1437218093.00 ns, 1.4035 ms/op
WorkloadWarmup   2: 1024 op, 1884502410.00 ns, 1.8403 ms/op
WorkloadWarmup   3: 1024 op, 2307672599.00 ns, 2.2536 ms/op

// BeforeActualRun
WorkloadActual   1: 1024 op, 2853330763.00 ns, 2.7865 ms/op
WorkloadActual   2: 1024 op, 3261304718.00 ns, 3.1849 ms/op
WorkloadActual   3: 1024 op, 3708999659.00 ns, 3.6221 ms/op

// AfterActualRun
WorkloadResult   1: 1024 op, 2853330763.00 ns, 2.7865 ms/op
WorkloadResult   2: 1024 op, 3261304718.00 ns, 3.1849 ms/op
WorkloadResult   3: 1024 op, 3708999659.00 ns, 3.6221 ms/op
// GC:  18 17 17 384703144 1024
// Threading:  0 0 1024

// AfterAll
// Benchmark Process 3291 has exited with code 0.

Mean = 3.198 ms, StdErr = 0.241 ms (7.55%), N = 3, StdDev = 0.418 ms
Min = 2.786 ms, Q1 = 2.986 ms, Median = 3.185 ms, Q3 = 3.403 ms, Max = 3.622 ms
IQR = 0.418 ms, LowerFence = 2.359 ms, UpperFence = 4.030 ms
ConfidenceInterval = [-4.427 ms; 10.823 ms] (CI 99.9%), Margin = 7.625 ms (238.45% of Mean)
Skewness = 0.03, Kurtosis = 0.67, MValue = 2

// ** Remained 4 (25.0 %) benchmark(s) to run. Estimated finish 2026-10-03 16:33 (0h 1m from now) **
// **************************
// Benchmark: CacheInvalidationBenchmarks.Invalidation_MultipleKeys: Job-YFEFPZ(IterationCount=10, WarmupCount=3) [keyCount=10]
// *** Execute ***
// Launch: 1 / 1
// Execute: dotnet Encina.Caching.Benchmarks-Job-YFEFPZ-1.dll --anonymousPipes 156 157 --benchmarkName "Encina.Caching.Benchmarks.CacheInvalidationBenchmarks.Invalidation_MultipleKeys(keyCount: 10)" --job "IterationCount=10, WarmupCount=3" --benchmarkId 12 in /home/runner/work/Encina/Encina/tests/Encina.BenchmarkTests/Encina.Caching.Benchmarks/bin/Release/net10.0/Encina.Caching.Benchmarks-Job-YFEFPZ-1/bin/Release/net10.0
// Failed to set up high priority (Permission denied). In order to run benchmarks with high priority, make sure you have the right permissions.
// BeforeAnythingElse

// Benchmark Process Environment Information:
// BenchmarkDotNet v0.15.8
// Runtime=.NET 10.0.12 (10.0.12, 10.0.1226.42308), X64 RyuJIT x86-64-v3
// GC=Concurrent Workstation
// HardwareIntrinsics=AVX2+BMI1+BMI2+F16C+FMA+LZCNT+MOVBE,AVX,SSE3+SSSE3+SSE4.1+SSE4.2+POPCNT,X86Base+SSE+SSE2,AES+PCLMUL VectorSize=256
// Job: Job-YFEFPZ(IterationCount=10, WarmupCount=3)

OverheadJitting  1: 1 op, 187949.00 ns, 187.9490 us/op
WorkloadJitting  1: 1 op, 44319386.00 ns, 44.3194 ms/op

WorkloadPilot    1: 2 op, 1076692.00 ns, 538.3460 us/op
WorkloadPilot    2: 3 op, 1161038.00 ns, 387.0127 us/op
WorkloadPilot    3: 4 op, 1465234.00 ns, 366.3085 us/op
WorkloadPilot    4: 5 op, 1717593.00 ns, 343.5186 us/op
WorkloadPilot    5: 6 op, 1990681.00 ns, 331.7802 us/op
WorkloadPilot    6: 7 op, 2321005.00 ns, 331.5721 us/op
WorkloadPilot    7: 8 op, 2796810.00 ns, 349.6013 us/op
WorkloadPilot    8: 9 op, 2968318.00 ns, 329.8131 us/op
WorkloadPilot    9: 10 op, 3371478.00 ns, 337.1478 us/op
WorkloadPilot   10: 11 op, 3907485.00 ns, 355.2259 us/op
WorkloadPilot   11: 12 op, 4099842.00 ns, 341.6535 us/op
WorkloadPilot   12: 13 op, 4658651.00 ns, 358.3578 us/op
WorkloadPilot   13: 14 op, 5282732.00 ns, 377.3380 us/op
WorkloadPilot   14: 15 op, 5504013.00 ns, 366.9342 us/op
WorkloadPilot   15: 16 op, 6063443.00 ns, 378.9652 us/op
WorkloadPilot   16: 32 op, 12835804.00 ns, 401.1189 us/op
WorkloadPilot   17: 64 op, 28588250.00 ns, 446.6914 us/op
WorkloadPilot   18: 128 op, 64641659.00 ns, 505.0130 us/op
WorkloadPilot   19: 256 op, 178563807.00 ns, 697.5149 us/op
WorkloadPilot   20: 512 op, 500660591.00 ns, 977.8527 us/op

WorkloadWarmup   1: 512 op, 749909238.00 ns, 1.4647 ms/op
WorkloadWarmup   2: 512 op, 959031373.00 ns, 1.8731 ms/op
WorkloadWarmup   3: 512 op, 1239548639.00 ns, 2.4210 ms/op

// BeforeActualRun
WorkloadActual   1: 512 op, 1407751586.00 ns, 2.7495 ms/op
WorkloadActual   2: 512 op, 1631554251.00 ns, 3.1866 ms/op
WorkloadActual   3: 512 op, 1863100526.00 ns, 3.6389 ms/op
WorkloadActual   4: 512 op, 2129044631.00 ns, 4.1583 ms/op
WorkloadActual   5: 512 op, 2374478699.00 ns, 4.6377 ms/op
WorkloadActual   6: 512 op, 2626121648.00 ns, 5.1291 ms/op
WorkloadActual   7: 512 op, 2846677709.00 ns, 5.5599 ms/op
WorkloadActual   8: 512 op, 3086718867.00 ns, 6.0287 ms/op
WorkloadActual   9: 512 op, 3485199240.00 ns, 6.8070 ms/op
WorkloadActual  10: 512 op, 4007087194.00 ns, 7.8263 ms/op

// AfterActualRun
WorkloadResult   1: 512 op, 1407751586.00 ns, 2.7495 ms/op
WorkloadResult   2: 512 op, 1631554251.00 ns, 3.1866 ms/op
WorkloadResult   3: 512 op, 1863100526.00 ns, 3.6389 ms/op
WorkloadResult   4: 512 op, 2129044631.00 ns, 4.1583 ms/op
WorkloadResult   5: 512 op, 2374478699.00 ns, 4.6377 ms/op
WorkloadResult   6: 512 op, 2626121648.00 ns, 5.1291 ms/op
WorkloadResult   7: 512 op, 2846677709.00 ns, 5.5599 ms/op
WorkloadResult   8: 512 op, 3086718867.00 ns, 6.0287 ms/op
WorkloadResult   9: 512 op, 3485199240.00 ns, 6.8070 ms/op
WorkloadResult  10: 512 op, 4007087194.00 ns, 7.8263 ms/op
// GC:  8 8 8 343330528 512
// Threading:  0 0 512

// AfterAll
// Benchmark Process 3306 has exited with code 0.

Mean = 4.972 ms, StdErr = 0.513 ms (10.32%), N = 10, StdDev = 1.622 ms
Min = 2.750 ms, Q1 = 3.769 ms, Median = 4.883 ms, Q3 = 5.912 ms, Max = 7.826 ms
IQR = 2.143 ms, LowerFence = 0.554 ms, UpperFence = 9.126 ms
ConfidenceInterval = [2.520 ms; 7.425 ms] (CI 99.9%), Margin = 2.452 ms (49.32% of Mean)
Skewness = 0.26, Kurtosis = 1.69, MValue = 2

// ** Remained 3 (18.8 %) benchmark(s) to run. Estimated finish 2026-10-03 16:34 (0h 0m from now) **
// **************************
// Benchmark: CacheInvalidationBenchmarks.Invalidation_MultipleKeys: ShortRun(IterationCount=3, LaunchCount=1, WarmupCount=3) [keyCount=10]
// *** Execute ***
// Launch: 1 / 1
// Execute: dotnet Encina.Caching.Benchmarks-Job-YFEFPZ-1.dll --anonymousPipes 156 157 --benchmarkName "Encina.Caching.Benchmarks.CacheInvalidationBenchmarks.Invalidation_MultipleKeys(keyCount: 10)" --job ShortRun --benchmarkId 13 in /home/runner/work/Encina/Encina/tests/Encina.BenchmarkTests/Encina.Caching.Benchmarks/bin/Release/net10.0/Encina.Caching.Benchmarks-Job-YFEFPZ-1/bin/Release/net10.0
// Failed to set up high priority (Permission denied). In order to run benchmarks with high priority, make sure you have the right permissions.
// BeforeAnythingElse

// Benchmark Process Environment Information:
// BenchmarkDotNet v0.15.8
// Runtime=.NET 10.0.12 (10.0.12, 10.0.1226.42308), X64 RyuJIT x86-64-v3
// GC=Concurrent Workstation
// HardwareIntrinsics=AVX2+BMI1+BMI2+F16C+FMA+LZCNT+MOVBE,AVX,SSE3+SSSE3+SSE4.1+SSE4.2+POPCNT,X86Base+SSE+SSE2,AES+PCLMUL VectorSize=256
// Job: ShortRun(IterationCount=3, LaunchCount=1, WarmupCount=3)

OverheadJitting  1: 1 op, 184183.00 ns, 184.1830 us/op
WorkloadJitting  1: 1 op, 44121538.00 ns, 44.1215 ms/op

WorkloadPilot    1: 2 op, 1038161.00 ns, 519.0805 us/op
WorkloadPilot    2: 3 op, 1145469.00 ns, 381.8230 us/op
WorkloadPilot    3: 4 op, 1368133.00 ns, 342.0333 us/op
WorkloadPilot    4: 5 op, 1697876.00 ns, 339.5752 us/op
WorkloadPilot    5: 6 op, 1964622.00 ns, 327.4370 us/op
WorkloadPilot    6: 7 op, 2398349.00 ns, 342.6213 us/op
WorkloadPilot    7: 8 op, 2588452.00 ns, 323.5565 us/op
WorkloadPilot    8: 9 op, 2992573.00 ns, 332.5081 us/op
WorkloadPilot    9: 10 op, 3539420.00 ns, 353.9420 us/op
WorkloadPilot   10: 11 op, 3755091.00 ns, 341.3719 us/op
WorkloadPilot   11: 12 op, 4085877.00 ns, 340.4898 us/op
WorkloadPilot   12: 13 op, 4538699.00 ns, 349.1307 us/op
WorkloadPilot   13: 14 op, 5365856.00 ns, 383.2754 us/op
WorkloadPilot   14: 15 op, 5574243.00 ns, 371.6162 us/op
WorkloadPilot   15: 16 op, 6055358.00 ns, 378.4599 us/op
WorkloadPilot   16: 32 op, 13585888.00 ns, 424.5590 us/op
WorkloadPilot   17: 64 op, 28346681.00 ns, 442.9169 us/op
WorkloadPilot   18: 128 op, 66227596.00 ns, 517.4031 us/op
WorkloadPilot   19: 256 op, 177865005.00 ns, 694.7852 us/op
WorkloadPilot   20: 512 op, 506133850.00 ns, 988.5427 us/op

WorkloadWarmup   1: 512 op, 727644070.00 ns, 1.4212 ms/op
WorkloadWarmup   2: 512 op, 960391742.00 ns, 1.8758 ms/op
WorkloadWarmup   3: 512 op, 1194143929.00 ns, 2.3323 ms/op

// BeforeActualRun
WorkloadActual   1: 512 op, 1427879771.00 ns, 2.7888 ms/op
WorkloadActual   2: 512 op, 1624424370.00 ns, 3.1727 ms/op
WorkloadActual   3: 512 op, 1886741082.00 ns, 3.6850 ms/op

// AfterActualRun
WorkloadResult   1: 512 op, 1427879771.00 ns, 2.7888 ms/op
WorkloadResult   2: 512 op, 1624424370.00 ns, 3.1727 ms/op
WorkloadResult   3: 512 op, 1886741082.00 ns, 3.6850 ms/op
// GC:  8 8 8 196543344 512
// Threading:  0 0 512

// AfterAll
// Benchmark Process 3352 has exited with code 0.

Mean = 3.216 ms, StdErr = 0.260 ms (8.07%), N = 3, StdDev = 0.450 ms
Min = 2.789 ms, Q1 = 2.981 ms, Median = 3.173 ms, Q3 = 3.429 ms, Max = 3.685 ms
IQR = 0.448 ms, LowerFence = 2.309 ms, UpperFence = 4.101 ms
ConfidenceInterval = [-4.988 ms; 11.419 ms] (CI 99.9%), Margin = 8.203 ms (255.11% of Mean)
Skewness = 0.09, Kurtosis = 0.67, MValue = 2

// ** Remained 2 (12.5 %) benchmark(s) to run. Estimated finish 2026-10-03 16:34 (0h 0m from now) **
// **************************
// Benchmark: CacheInvalidationBenchmarks.Invalidation_MultipleKeys: Job-YFEFPZ(IterationCount=10, WarmupCount=3) [keyCount=25]
// *** Execute ***
// Launch: 1 / 1
// Execute: dotnet Encina.Caching.Benchmarks-Job-YFEFPZ-1.dll --anonymousPipes 156 157 --benchmarkName "Encina.Caching.Benchmarks.CacheInvalidationBenchmarks.Invalidation_MultipleKeys(keyCount: 25)" --job "IterationCount=10, WarmupCount=3" --benchmarkId 14 in /home/runner/work/Encina/Encina/tests/Encina.BenchmarkTests/Encina.Caching.Benchmarks/bin/Release/net10.0/Encina.Caching.Benchmarks-Job-YFEFPZ-1/bin/Release/net10.0
// Failed to set up high priority (Permission denied). In order to run benchmarks with high priority, make sure you have the right permissions.
// BeforeAnythingElse

// Benchmark Process Environment Information:
// BenchmarkDotNet v0.15.8
// Runtime=.NET 10.0.12 (10.0.12, 10.0.1226.42308), X64 RyuJIT x86-64-v3
// GC=Concurrent Workstation
// HardwareIntrinsics=AVX2+BMI1+BMI2+F16C+FMA+LZCNT+MOVBE,AVX,SSE3+SSSE3+SSE4.1+SSE4.2+POPCNT,X86Base+SSE+SSE2,AES+PCLMUL VectorSize=256
// Job: Job-YFEFPZ(IterationCount=10, WarmupCount=3)

OverheadJitting  1: 1 op, 207155.00 ns, 207.1550 us/op
WorkloadJitting  1: 1 op, 44676705.00 ns, 44.6767 ms/op

WorkloadPilot    1: 2 op, 1017312.00 ns, 508.6560 us/op
WorkloadPilot    2: 3 op, 1229907.00 ns, 409.9690 us/op
WorkloadPilot    3: 4 op, 1489820.00 ns, 372.4550 us/op
WorkloadPilot    4: 5 op, 1823982.00 ns, 364.7964 us/op
WorkloadPilot    5: 6 op, 2374105.00 ns, 395.6842 us/op
WorkloadPilot    6: 7 op, 2581381.00 ns, 368.7687 us/op
WorkloadPilot    7: 8 op, 3160238.00 ns, 395.0298 us/op
WorkloadPilot    8: 9 op, 3784509.00 ns, 420.5010 us/op
WorkloadPilot    9: 10 op, 3990200.00 ns, 399.0200 us/op
WorkloadPilot   10: 11 op, 5085768.00 ns, 462.3425 us/op
WorkloadPilot   11: 12 op, 5226380.00 ns, 435.5317 us/op
WorkloadPilot   12: 13 op, 6311617.00 ns, 485.5090 us/op
WorkloadPilot   13: 14 op, 7210941.00 ns, 515.0672 us/op
WorkloadPilot   14: 15 op, 7537617.00 ns, 502.5078 us/op
WorkloadPilot   15: 16 op, 8868232.00 ns, 554.2645 us/op
WorkloadPilot   16: 32 op, 19175040.00 ns, 599.2200 us/op
WorkloadPilot   17: 64 op, 44854305.00 ns, 700.8485 us/op
WorkloadPilot   18: 128 op, 115475990.00 ns, 902.1562 us/op
WorkloadPilot   19: 256 op, 339618227.00 ns, 1.3266 ms/op
WorkloadPilot   20: 512 op, 1184064930.00 ns, 2.3126 ms/op

WorkloadWarmup   1: 512 op, 1797632824.00 ns, 3.5110 ms/op
WorkloadWarmup   2: 512 op, 2353138567.00 ns, 4.5960 ms/op
WorkloadWarmup   3: 512 op, 2843149132.00 ns, 5.5530 ms/op

// BeforeActualRun
WorkloadActual   1: 512 op, 3634555758.00 ns, 7.0987 ms/op
WorkloadActual   2: 512 op, 4560547024.00 ns, 8.9073 ms/op
WorkloadActual   3: 512 op, 5546055152.00 ns, 10.8321 ms/op
WorkloadActual   4: 512 op, 6525908395.00 ns, 12.7459 ms/op
WorkloadActual   5: 512 op, 7936290720.00 ns, 15.5006 ms/op
WorkloadActual   6: 512 op, 8519446299.00 ns, 16.6395 ms/op
WorkloadActual   7: 512 op, 9432697291.00 ns, 18.4232 ms/op
WorkloadActual   8: 512 op, 11807364762.00 ns, 23.0613 ms/op
WorkloadActual   9: 512 op, 12390899066.00 ns, 24.2010 ms/op
WorkloadActual  10: 512 op, 14067394832.00 ns, 27.4754 ms/op

// AfterActualRun
WorkloadResult   1: 512 op, 3634555758.00 ns, 7.0987 ms/op
WorkloadResult   2: 512 op, 4560547024.00 ns, 8.9073 ms/op
WorkloadResult   3: 512 op, 5546055152.00 ns, 10.8321 ms/op
WorkloadResult   4: 512 op, 6525908395.00 ns, 12.7459 ms/op
WorkloadResult   5: 512 op, 7936290720.00 ns, 15.5006 ms/op
WorkloadResult   6: 512 op, 8519446299.00 ns, 16.6395 ms/op
WorkloadResult   7: 512 op, 9432697291.00 ns, 18.4232 ms/op
WorkloadResult   8: 512 op, 11807364762.00 ns, 23.0613 ms/op
WorkloadResult   9: 512 op, 12390899066.00 ns, 24.2010 ms/op
WorkloadResult  10: 512 op, 14067394832.00 ns, 27.4754 ms/op
// GC:  9 8 8 843501192 512
// Threading:  0 0 512

// AfterAll
// Benchmark Process 3360 has exited with code 0.

Mean = 16.489 ms, StdErr = 2.160 ms (13.10%), N = 10, StdDev = 6.830 ms
Min = 7.099 ms, Q1 = 11.311 ms, Median = 16.070 ms, Q3 = 21.902 ms, Max = 27.475 ms
IQR = 10.591 ms, LowerFence = -4.576 ms, UpperFence = 37.789 ms
ConfidenceInterval = [6.163 ms; 26.814 ms] (CI 99.9%), Margin = 10.325 ms (62.62% of Mean)
Skewness = 0.18, Kurtosis = 1.48, MValue = 2

// ** Remained 1 (6.2 %) benchmark(s) to run. Estimated finish 2026-10-03 16:35 (0h 0m from now) **
// **************************
// Benchmark: CacheInvalidationBenchmarks.Invalidation_MultipleKeys: ShortRun(IterationCount=3, LaunchCount=1, WarmupCount=3) [keyCount=25]
// *** Execute ***
// Launch: 1 / 1
// Execute: dotnet Encina.Caching.Benchmarks-Job-YFEFPZ-1.dll --anonymousPipes 156 157 --benchmarkName "Encina.Caching.Benchmarks.CacheInvalidationBenchmarks.Invalidation_MultipleKeys(keyCount: 25)" --job ShortRun --benchmarkId 15 in /home/runner/work/Encina/Encina/tests/Encina.BenchmarkTests/Encina.Caching.Benchmarks/bin/Release/net10.0/Encina.Caching.Benchmarks-Job-YFEFPZ-1/bin/Release/net10.0
// Failed to set up high priority (Permission denied). In order to run benchmarks with high priority, make sure you have the right permissions.
// BeforeAnythingElse

// Benchmark Process Environment Information:
// BenchmarkDotNet v0.15.8
// Runtime=.NET 10.0.12 (10.0.12, 10.0.1226.42308), X64 RyuJIT x86-64-v3
// GC=Concurrent Workstation
// HardwareIntrinsics=AVX2+BMI1+BMI2+F16C+FMA+LZCNT+MOVBE,AVX,SSE3+SSSE3+SSE4.1+SSE4.2+POPCNT,X86Base+SSE+SSE2,AES+PCLMUL VectorSize=256
// Job: ShortRun(IterationCount=3, LaunchCount=1, WarmupCount=3)

OverheadJitting  1: 1 op, 183582.00 ns, 183.5820 us/op
WorkloadJitting  1: 1 op, 44783474.00 ns, 44.7835 ms/op

WorkloadPilot    1: 2 op, 1080379.00 ns, 540.1895 us/op
WorkloadPilot    2: 3 op, 1273478.00 ns, 424.4927 us/op
WorkloadPilot    3: 4 op, 1489750.00 ns, 372.4375 us/op
WorkloadPilot    4: 5 op, 1827438.00 ns, 365.4876 us/op
WorkloadPilot    5: 6 op, 2142263.00 ns, 357.0438 us/op
WorkloadPilot    6: 7 op, 2758630.00 ns, 394.0900 us/op
WorkloadPilot    7: 8 op, 2932292.00 ns, 366.5365 us/op
WorkloadPilot    8: 9 op, 3555562.00 ns, 395.0624 us/op
WorkloadPilot    9: 10 op, 4431821.00 ns, 443.1821 us/op
WorkloadPilot   10: 11 op, 4565920.00 ns, 415.0836 us/op
WorkloadPilot   11: 12 op, 6024983.00 ns, 502.0819 us/op
WorkloadPilot   12: 13 op, 5939695.00 ns, 456.8996 us/op
WorkloadPilot   13: 14 op, 7142040.00 ns, 510.1457 us/op
WorkloadPilot   14: 15 op, 8114980.00 ns, 540.9987 us/op
WorkloadPilot   15: 16 op, 8598108.00 ns, 537.3818 us/op
WorkloadPilot   16: 32 op, 20747689.00 ns, 648.3653 us/op
WorkloadPilot   17: 64 op, 43840401.00 ns, 685.0063 us/op
WorkloadPilot   18: 128 op, 115743553.00 ns, 904.2465 us/op
WorkloadPilot   19: 256 op, 341763987.00 ns, 1.3350 ms/op
WorkloadPilot   20: 512 op, 1164892254.00 ns, 2.2752 ms/op

WorkloadWarmup   1: 512 op, 1732324280.00 ns, 3.3834 ms/op
WorkloadWarmup   2: 512 op, 2282515773.00 ns, 4.4580 ms/op
WorkloadWarmup   3: 512 op, 2763046472.00 ns, 5.3966 ms/op

// BeforeActualRun
WorkloadActual   1: 512 op, 3891107517.00 ns, 7.5998 ms/op
WorkloadActual   2: 512 op, 4560581854.00 ns, 8.9074 ms/op
WorkloadActual   3: 512 op, 5636039635.00 ns, 11.0079 ms/op

// AfterActualRun
WorkloadResult   1: 512 op, 3891107517.00 ns, 7.5998 ms/op
WorkloadResult   2: 512 op, 4560581854.00 ns, 8.9074 ms/op
WorkloadResult   3: 512 op, 5636039635.00 ns, 11.0079 ms/op
// GC:  9 8 8 476487056 512
// Threading:  0 0 512

// AfterAll
// Benchmark Process 3394 has exited with code 0.

Mean = 9.172 ms, StdErr = 0.993 ms (10.82%), N = 3, StdDev = 1.719 ms
Min = 7.600 ms, Q1 = 8.254 ms, Median = 8.907 ms, Q3 = 9.958 ms, Max = 11.008 ms
IQR = 1.704 ms, LowerFence = 5.698 ms, UpperFence = 12.514 ms
ConfidenceInterval = [-22.195 ms; 40.539 ms] (CI 99.9%), Margin = 31.367 ms (342.00% of Mean)
Skewness = 0.15, Kurtosis = 0.67, MValue = 2

// ** Remained 0 (0.0 %) benchmark(s) to run. Estimated finish 2026-10-03 16:35 (0h 0m from now) **
// ***** BenchmarkRunner: Finish  *****

// * Export *
  artifacts/performance/Caching/results/Encina.Caching.Benchmarks.CacheInvalidationBenchmarks-report.csv
  artifacts/performance/Caching/results/Encina.Caching.Benchmarks.CacheInvalidationBenchmarks-report-github.md
  artifacts/performance/Caching/results/Encina.Caching.Benchmarks.CacheInvalidationBenchmarks-report.html
  artifacts/performance/Caching/results/Encina.Caching.Benchmarks.CacheInvalidationBenchmarks-report-full-compressed.json

// * Detailed results *
CacheInvalidationBenchmarks.Invalidation_ConcurrentCommands: Job-YFEFPZ(IterationCount=10, WarmupCount=3) [concurrencyLevel=10]
Runtime = .NET 10.0.12 (10.0.12, 10.0.1226.42308), X64 RyuJIT x86-64-v3; GC = Concurrent Workstation
Mean = 376.416 μs, StdErr = 0.498 μs (0.13%), N = 10, StdDev = 1.576 μs
Min = 374.647 μs, Q1 = 375.209 μs, Median = 376.033 μs, Q3 = 377.704 μs, Max = 379.170 μs
IQR = 2.495 μs, LowerFence = 371.466 μs, UpperFence = 381.446 μs
ConfidenceInterval = [374.032 μs; 378.799 μs] (CI 99.9%), Margin = 2.383 μs (0.63% of Mean)
Skewness = 0.49, Kurtosis = 1.56, MValue = 2
-------------------- Histogram --------------------
[373.686 μs ; 380.130 μs) | @@@@@@@@@@
---------------------------------------------------

CacheInvalidationBenchmarks.Invalidation_ConcurrentCommands: ShortRun(IterationCount=3, LaunchCount=1, WarmupCount=3) [concurrencyLevel=10]
Runtime = .NET 10.0.12 (10.0.12, 10.0.1226.42308), X64 RyuJIT x86-64-v3; GC = Concurrent Workstation
Mean = 376.988 μs, StdErr = 0.822 μs (0.22%), N = 3, StdDev = 1.425 μs
Min = 375.558 μs, Q1 = 376.278 μs, Median = 376.997 μs, Q3 = 377.702 μs, Max = 378.408 μs
IQR = 1.425 μs, LowerFence = 374.141 μs, UpperFence = 379.839 μs
ConfidenceInterval = [350.998 μs; 402.977 μs] (CI 99.9%), Margin = 25.990 μs (6.89% of Mean)
Skewness = -0.01, Kurtosis = 0.67, MValue = 2
-------------------- Histogram --------------------
[374.262 μs ; 379.704 μs) | @@@
---------------------------------------------------

CacheInvalidationBenchmarks.Invalidation_ConcurrentCommands: Job-YFEFPZ(IterationCount=10, WarmupCount=3) [concurrencyLevel=50]
Runtime = .NET 10.0.12 (10.0.12, 10.0.1226.42308), X64 RyuJIT x86-64-v3; GC = Concurrent Workstation
Mean = 1.882 ms, StdErr = 0.001 ms (0.07%), N = 9, StdDev = 0.004 ms
Min = 1.875 ms, Q1 = 1.879 ms, Median = 1.881 ms, Q3 = 1.883 ms, Max = 1.889 ms
IQR = 0.004 ms, LowerFence = 1.873 ms, UpperFence = 1.890 ms
ConfidenceInterval = [1.875 ms; 1.888 ms] (CI 99.9%), Margin = 0.007 ms (0.36% of Mean)
Skewness = 0.27, Kurtosis = 2.27, MValue = 2
-------------------- Histogram --------------------
[1.873 ms ; 1.892 ms) | @@@@@@@@@
---------------------------------------------------

CacheInvalidationBenchmarks.Invalidation_ConcurrentCommands: ShortRun(IterationCount=3, LaunchCount=1, WarmupCount=3) [concurrencyLevel=50]
Runtime = .NET 10.0.12 (10.0.12, 10.0.1226.42308), X64 RyuJIT x86-64-v3; GC = Concurrent Workstation
Mean = 1.857 ms, StdErr = 0.004 ms (0.21%), N = 3, StdDev = 0.007 ms
Min = 1.851 ms, Q1 = 1.853 ms, Median = 1.856 ms, Q3 = 1.860 ms, Max = 1.865 ms
IQR = 0.007 ms, LowerFence = 1.843 ms, UpperFence = 1.870 ms
ConfidenceInterval = [1.733 ms; 1.982 ms] (CI 99.9%), Margin = 0.124 ms (6.70% of Mean)
Skewness = 0.22, Kurtosis = 0.67, MValue = 2
-------------------- Histogram --------------------
[1.845 ms ; 1.871 ms) | @@@
---------------------------------------------------

CacheInvalidationBenchmarks.Invalidation_NoMatchingKeys: Job-YFEFPZ(IterationCount=10, WarmupCount=3)
Runtime = .NET 10.0.12 (10.0.12, 10.0.1226.42308), X64 RyuJIT x86-64-v3; GC = Concurrent Workstation
Mean = 36.082 μs, StdErr = 0.020 μs (0.06%), N = 9, StdDev = 0.060 μs
Min = 35.995 μs, Q1 = 36.024 μs, Median = 36.104 μs, Q3 = 36.111 μs, Max = 36.155 μs
IQR = 0.088 μs, LowerFence = 35.892 μs, UpperFence = 36.243 μs
ConfidenceInterval = [35.982 μs; 36.182 μs] (CI 99.9%), Margin = 0.100 μs (0.28% of Mean)
Skewness = -0.31, Kurtosis = 1.33, MValue = 2
-------------------- Histogram --------------------
[35.957 μs ; 36.193 μs) | @@@@@@@@@
---------------------------------------------------

CacheInvalidationBenchmarks.Invalidation_WithMatchingKeys: Job-YFEFPZ(IterationCount=10, WarmupCount=3)
Runtime = .NET 10.0.12 (10.0.12, 10.0.1226.42308), X64 RyuJIT x86-64-v3; GC = Concurrent Workstation
Mean = 57.137 μs, StdErr = 1.243 μs (2.17%), N = 10, StdDev = 3.929 μs
Min = 52.056 μs, Q1 = 54.601 μs, Median = 56.748 μs, Q3 = 59.463 μs, Max = 64.492 μs
IQR = 4.862 μs, LowerFence = 47.308 μs, UpperFence = 66.756 μs
ConfidenceInterval = [51.197 μs; 63.078 μs] (CI 99.9%), Margin = 5.941 μs (10.40% of Mean)
Skewness = 0.34, Kurtosis = 1.85, MValue = 2
-------------------- Histogram --------------------
[51.576 μs ; 56.363 μs) | @@@@@
[56.363 μs ; 61.644 μs) | @@@@
[61.644 μs ; 66.886 μs) | @
---------------------------------------------------

CacheInvalidationBenchmarks.Invalidation_SequentialCommands: Job-YFEFPZ(IterationCount=10, WarmupCount=3)
Runtime = .NET 10.0.12 (10.0.12, 10.0.1226.42308), X64 RyuJIT x86-64-v3; GC = Concurrent Workstation
Mean = 374.000 μs, StdErr = 0.224 μs (0.06%), N = 9, StdDev = 0.672 μs
Min = 373.125 μs, Q1 = 373.413 μs, Median = 374.259 μs, Q3 = 374.642 μs, Max = 374.789 μs
IQR = 1.229 μs, LowerFence = 371.570 μs, UpperFence = 376.485 μs
ConfidenceInterval = [372.872 μs; 375.129 μs] (CI 99.9%), Margin = 1.129 μs (0.30% of Mean)
Skewness = -0.12, Kurtosis = 1.01, MValue = 2
-------------------- Histogram --------------------
[372.701 μs ; 375.213 μs) | @@@@@@@@@
---------------------------------------------------

CacheInvalidationBenchmarks.Invalidation_NoMatchingKeys: ShortRun(IterationCount=3, LaunchCount=1, WarmupCount=3)
Runtime = .NET 10.0.12 (10.0.12, 10.0.1226.42308), X64 RyuJIT x86-64-v3; GC = Concurrent Workstation
Mean = 35.468 μs, StdErr = 0.053 μs (0.15%), N = 3, StdDev = 0.092 μs
Min = 35.374 μs, Q1 = 35.423 μs, Median = 35.473 μs, Q3 = 35.515 μs, Max = 35.557 μs
IQR = 0.092 μs, LowerFence = 35.286 μs, UpperFence = 35.653 μs
ConfidenceInterval = [33.792 μs; 37.144 μs] (CI 99.9%), Margin = 1.676 μs (4.73% of Mean)
Skewness = -0.05, Kurtosis = 0.67, MValue = 2
-------------------- Histogram --------------------
[35.290 μs ; 35.641 μs) | @@@
---------------------------------------------------

CacheInvalidationBenchmarks.Invalidation_WithMatchingKeys: ShortRun(IterationCount=3, LaunchCount=1, WarmupCount=3)
Runtime = .NET 10.0.12 (10.0.12, 10.0.1226.42308), X64 RyuJIT x86-64-v3; GC = Concurrent Workstation
Mean = 54.989 μs, StdErr = 1.109 μs (2.02%), N = 3, StdDev = 1.920 μs
Min = 53.253 μs, Q1 = 53.957 μs, Median = 54.661 μs, Q3 = 55.856 μs, Max = 57.052 μs
IQR = 1.899 μs, LowerFence = 51.109 μs, UpperFence = 58.705 μs
ConfidenceInterval = [19.958 μs; 90.019 μs] (CI 99.9%), Margin = 35.030 μs (63.70% of Mean)
Skewness = 0.17, Kurtosis = 0.67, MValue = 2
-------------------- Histogram --------------------
[52.210 μs ; 55.705 μs) | @@
[55.705 μs ; 58.799 μs) | @
---------------------------------------------------

CacheInvalidationBenchmarks.Invalidation_SequentialCommands: ShortRun(IterationCount=3, LaunchCount=1, WarmupCount=3)
Runtime = .NET 10.0.12 (10.0.12, 10.0.1226.42308), X64 RyuJIT x86-64-v3; GC = Concurrent Workstation
Mean = 386.396 μs, StdErr = 0.695 μs (0.18%), N = 3, StdDev = 1.205 μs
Min = 385.546 μs, Q1 = 385.707 μs, Median = 385.868 μs, Q3 = 386.821 μs, Max = 387.774 μs
IQR = 1.114 μs, LowerFence = 384.035 μs, UpperFence = 388.492 μs
ConfidenceInterval = [364.421 μs; 408.370 μs] (CI 99.9%), Margin = 21.975 μs (5.69% of Mean)
Skewness = 0.35, Kurtosis = 0.67, MValue = 2
-------------------- Histogram --------------------
[384.449 μs ; 388.870 μs) | @@@
---------------------------------------------------

CacheInvalidationBenchmarks.Invalidation_MultipleKeys: Job-YFEFPZ(IterationCount=10, WarmupCount=3) [keyCount=5]
Runtime = .NET 10.0.12 (10.0.12, 10.0.1226.42308), X64 RyuJIT x86-64-v3; GC = Concurrent Workstation
Mean = 5.012 ms, StdErr = 0.541 ms (10.80%), N = 10, StdDev = 1.711 ms
Min = 2.706 ms, Q1 = 3.824 ms, Median = 4.799 ms, Q3 = 5.937 ms, Max = 8.197 ms
IQR = 2.113 ms, LowerFence = 0.655 ms, UpperFence = 9.105 ms
ConfidenceInterval = [2.425 ms; 7.599 ms] (CI 99.9%), Margin = 2.587 ms (51.62% of Mean)
Skewness = 0.38, Kurtosis = 1.87, MValue = 2
-------------------- Histogram --------------------
[1.663 ms ; 3.027 ms) | @
[3.027 ms ; 5.113 ms) | @@@@@
[5.113 ms ; 7.272 ms) | @@@
[7.272 ms ; 9.240 ms) | @
---------------------------------------------------

CacheInvalidationBenchmarks.Invalidation_MultipleKeys: ShortRun(IterationCount=3, LaunchCount=1, WarmupCount=3) [keyCount=5]
Runtime = .NET 10.0.12 (10.0.12, 10.0.1226.42308), X64 RyuJIT x86-64-v3; GC = Concurrent Workstation
Mean = 3.198 ms, StdErr = 0.241 ms (7.55%), N = 3, StdDev = 0.418 ms
Min = 2.786 ms, Q1 = 2.986 ms, Median = 3.185 ms, Q3 = 3.403 ms, Max = 3.622 ms
IQR = 0.418 ms, LowerFence = 2.359 ms, UpperFence = 4.030 ms
ConfidenceInterval = [-4.427 ms; 10.823 ms] (CI 99.9%), Margin = 7.625 ms (238.45% of Mean)
Skewness = 0.03, Kurtosis = 0.67, MValue = 2
-------------------- Histogram --------------------
[2.605 ms ; 3.366 ms) | @@
[3.366 ms ; 4.002 ms) | @
---------------------------------------------------

CacheInvalidationBenchmarks.Invalidation_MultipleKeys: Job-YFEFPZ(IterationCount=10, WarmupCount=3) [keyCount=10]
Runtime = .NET 10.0.12 (10.0.12, 10.0.1226.42308), X64 RyuJIT x86-64-v3; GC = Concurrent Workstation
Mean = 4.972 ms, StdErr = 0.513 ms (10.32%), N = 10, StdDev = 1.622 ms
Min = 2.750 ms, Q1 = 3.769 ms, Median = 4.883 ms, Q3 = 5.912 ms, Max = 7.826 ms
IQR = 2.143 ms, LowerFence = 0.554 ms, UpperFence = 9.126 ms
ConfidenceInterval = [2.520 ms; 7.425 ms] (CI 99.9%), Margin = 2.452 ms (49.32% of Mean)
Skewness = 0.26, Kurtosis = 1.69, MValue = 2
-------------------- Histogram --------------------
[1.761 ms ; 4.105 ms) | @@@
[4.105 ms ; 6.082 ms) | @@@@@
[6.082 ms ; 8.305 ms) | @@
---------------------------------------------------

CacheInvalidationBenchmarks.Invalidation_MultipleKeys: ShortRun(IterationCount=3, LaunchCount=1, WarmupCount=3) [keyCount=10]
Runtime = .NET 10.0.12 (10.0.12, 10.0.1226.42308), X64 RyuJIT x86-64-v3; GC = Concurrent Workstation
Mean = 3.216 ms, StdErr = 0.260 ms (8.07%), N = 3, StdDev = 0.450 ms
Min = 2.789 ms, Q1 = 2.981 ms, Median = 3.173 ms, Q3 = 3.429 ms, Max = 3.685 ms
IQR = 0.448 ms, LowerFence = 2.309 ms, UpperFence = 4.101 ms
ConfidenceInterval = [-4.988 ms; 11.419 ms] (CI 99.9%), Margin = 8.203 ms (255.11% of Mean)
Skewness = 0.09, Kurtosis = 0.67, MValue = 2
-------------------- Histogram --------------------
[2.572 ms ; 3.390 ms) | @@
[3.390 ms ; 4.094 ms) | @
---------------------------------------------------

CacheInvalidationBenchmarks.Invalidation_MultipleKeys: Job-YFEFPZ(IterationCount=10, WarmupCount=3) [keyCount=25]
Runtime = .NET 10.0.12 (10.0.12, 10.0.1226.42308), X64 RyuJIT x86-64-v3; GC = Concurrent Workstation
Mean = 16.489 ms, StdErr = 2.160 ms (13.10%), N = 10, StdDev = 6.830 ms
Min = 7.099 ms, Q1 = 11.311 ms, Median = 16.070 ms, Q3 = 21.902 ms, Max = 27.475 ms
IQR = 10.591 ms, LowerFence = -4.576 ms, UpperFence = 37.789 ms
ConfidenceInterval = [6.163 ms; 26.814 ms] (CI 99.9%), Margin = 10.325 ms (62.62% of Mean)
Skewness = 0.18, Kurtosis = 1.48, MValue = 2
-------------------- Histogram --------------------
[ 2.938 ms ; 10.467 ms) | @@
[10.467 ms ; 18.788 ms) | @@@@@
[18.788 ms ; 29.429 ms) | @@@
---------------------------------------------------

CacheInvalidationBenchmarks.Invalidation_MultipleKeys: ShortRun(IterationCount=3, LaunchCount=1, WarmupCount=3) [keyCount=25]
Runtime = .NET 10.0.12 (10.0.12, 10.0.1226.42308), X64 RyuJIT x86-64-v3; GC = Concurrent Workstation
Mean = 9.172 ms, StdErr = 0.993 ms (10.82%), N = 3, StdDev = 1.719 ms
Min = 7.600 ms, Q1 = 8.254 ms, Median = 8.907 ms, Q3 = 9.958 ms, Max = 11.008 ms
IQR = 1.704 ms, LowerFence = 5.698 ms, UpperFence = 12.514 ms
ConfidenceInterval = [-22.195 ms; 40.539 ms] (CI 99.9%), Margin = 31.367 ms (342.00% of Mean)
Skewness = 0.15, Kurtosis = 0.67, MValue = 2
-------------------- Histogram --------------------
[6.689 ms ;  9.818 ms) | @@
[9.818 ms ; 12.573 ms) | @
---------------------------------------------------

// * Summary *

BenchmarkDotNet v0.15.8, Linux Ubuntu 24.04.5 LTS (Noble Numbat)
AMD EPYC 7763 2.45GHz, 1 CPU, 4 logical and 2 physical cores
.NET SDK 10.0.401
  [Host]     : .NET 10.0.12 (10.0.12, 10.0.1226.42308), X64 RyuJIT x86-64-v3
  Job-YFEFPZ : .NET 10.0.12 (10.0.12, 10.0.1226.42308), X64 RyuJIT x86-64-v3
  ShortRun   : .NET 10.0.12 (10.0.12, 10.0.1226.42308), X64 RyuJIT x86-64-v3

WarmupCount=3  

| Method                          | Job        | IterationCount | LaunchCount | concurrencyLevel | keyCount | Mean         | Error         | StdDev       | Ratio | RatioSD | Gen0    | Gen1    | Gen2    | Allocated  | Alloc Ratio |
|-------------------------------- |----------- |--------------- |------------ |----------------- |--------- |-------------:|--------------:|-------------:|------:|--------:|--------:|--------:|--------:|-----------:|------------:|
| Invalidation_ConcurrentCommands | Job-YFEFPZ | 10             | Default     | 10               | ?        |    376.42 μs |      2.383 μs |     1.576 μs |     ? |       ? | 10.2539 |       - |       - |  171.17 KB |           ? |
|                                 |            |                |             |                  |          |              |               |              |       |         |         |         |         |            |             |
| Invalidation_ConcurrentCommands | ShortRun   | 3              | 1           | 10               | ?        |    376.99 μs |     25.990 μs |     1.425 μs |     ? |       ? | 10.2539 |       - |       - |  171.15 KB |           ? |
|                                 |            |                |             |                  |          |              |               |              |       |         |         |         |         |            |             |
| Invalidation_ConcurrentCommands | Job-YFEFPZ | 10             | Default     | 50               | ?        |  1,881.51 μs |      6.686 μs |     3.979 μs |     ? |       ? | 50.7813 |  1.9531 |       - |  855.16 KB |           ? |
|                                 |            |                |             |                  |          |              |               |              |       |         |         |         |         |            |             |
| Invalidation_ConcurrentCommands | ShortRun   | 3              | 1           | 50               | ?        |  1,857.14 μs |    124.444 μs |     6.821 μs |     ? |       ? | 50.7813 |  1.9531 |       - |  855.16 KB |           ? |
|                                 |            |                |             |                  |          |              |               |              |       |         |         |         |         |            |             |
| Invalidation_NoMatchingKeys     | Job-YFEFPZ | 10             | Default     | ?                | ?        |     36.08 μs |      0.100 μs |     0.060 μs |  1.00 |    0.00 |  1.0376 |       - |       - |   16.95 KB |        1.00 |
| Invalidation_WithMatchingKeys   | Job-YFEFPZ | 10             | Default     | ?                | ?        |     57.14 μs |      5.941 μs |     3.929 μs |  1.58 |    0.10 |  1.0986 |       - |       - |   19.12 KB |        1.13 |
| Invalidation_SequentialCommands | Job-YFEFPZ | 10             | Default     | ?                | ?        |    374.00 μs |      1.129 μs |     0.672 μs | 10.37 |    0.02 | 10.2539 |       - |       - |  169.04 KB |        9.97 |
|                                 |            |                |             |                  |          |              |               |              |       |         |         |         |         |            |             |
| Invalidation_NoMatchingKeys     | ShortRun   | 3              | 1           | ?                | ?        |     35.47 μs |      1.676 μs |     0.092 μs |  1.00 |    0.00 |  0.9766 |       - |       - |   16.78 KB |        1.00 |
| Invalidation_WithMatchingKeys   | ShortRun   | 3              | 1           | ?                | ?        |     54.99 μs |     35.030 μs |     1.920 μs |  1.55 |    0.05 |  1.0986 |       - |       - |   19.01 KB |        1.13 |
| Invalidation_SequentialCommands | ShortRun   | 3              | 1           | ?                | ?        |    386.40 μs |     21.975 μs |     1.205 μs | 10.89 |    0.04 | 10.2539 |       - |       - |  169.04 KB |       10.07 |
|                                 |            |                |             |                  |          |              |               |              |       |         |         |         |         |            |             |
| Invalidation_MultipleKeys       | Job-YFEFPZ | 10             | Default     | ?                | 5        |  5,011.98 μs |  2,587.412 μs | 1,711.413 μs |     ? |       ? | 16.6016 | 15.6250 | 15.6250 |  646.94 KB |           ? |
|                                 |            |                |             |                  |          |              |               |              |       |         |         |         |         |            |             |
| Invalidation_MultipleKeys       | ShortRun   | 3              | 1           | ?                | 5        |  3,197.80 μs |  7,625.094 μs |   417.957 μs |     ? |       ? | 17.5781 | 16.6016 | 16.6016 |  366.88 KB |           ? |
|                                 |            |                |             |                  |          |              |               |              |       |         |         |         |         |            |             |
| Invalidation_MultipleKeys       | Job-YFEFPZ | 10             | Default     | ?                | 10       |  4,972.21 μs |  2,452.328 μs | 1,622.063 μs |     ? |       ? | 15.6250 | 15.6250 | 15.6250 |  654.85 KB |           ? |
|                                 |            |                |             |                  |          |              |               |              |       |         |         |         |         |            |             |
| Invalidation_MultipleKeys       | ShortRun   | 3              | 1           | ?                | 10       |  3,215.52 μs |  8,203.081 μs |   449.639 μs |     ? |       ? | 15.6250 | 15.6250 | 15.6250 |  374.88 KB |           ? |
|                                 |            |                |             |                  |          |              |               |              |       |         |         |         |         |            |             |
| Invalidation_MultipleKeys       | Job-YFEFPZ | 10             | Default     | ?                | 25       | 16,488.51 μs | 10,325.249 μs | 6,829.513 μs |     ? |       ? | 17.5781 | 15.6250 | 15.6250 | 1608.85 KB |           ? |
|                                 |            |                |             |                  |          |              |               |              |       |         |         |         |         |            |             |
| Invalidation_MultipleKeys       | ShortRun   | 3              | 1           | ?                | 25       |  9,171.70 μs | 31,367.172 μs | 1,719.341 μs |     ? |       ? | 17.5781 | 15.6250 | 15.6250 |  908.83 KB |           ? |

// * Warnings *
BaselineCustomAnalyzer
  Summary -> A question mark '?' symbol indicates that it was not possible to compute the (Ratio, RatioSD, Alloc Ratio) column(s) because the baseline or benchmark could not be found, or the baseline value is too close to zero.

// * Hints *
Outliers
  CacheInvalidationBenchmarks.Invalidation_ConcurrentCommands: IterationCount=10, WarmupCount=3 -> 1 outlier  was  removed (1.89 ms)
  CacheInvalidationBenchmarks.Invalidation_NoMatchingKeys: IterationCount=10, WarmupCount=3     -> 1 outlier  was  removed (36.33 μs)
  CacheInvalidationBenchmarks.Invalidation_SequentialCommands: IterationCount=10, WarmupCount=3 -> 1 outlier  was  removed (378.40 μs)
// * Config Issues *

// * Warnings *
Configuration
  Summary -> The exporter CsvExporter is already present in configuration. There may be unexpected results.
  Summary -> The exporter HtmlExporter is already present in configuration. There may be unexpected results.
  Summary -> The exporter MarkdownExporter-github is already present in configuration. There may be unexpected results.

// * Legends *
  concurrencyLevel : Value of the 'concurrencyLevel' parameter
  keyCount         : Value of the 'keyCount' parameter
  Mean             : Arithmetic mean of all measurements
  Error            : Half of 99.9% confidence interval
  StdDev           : Standard deviation of all measurements
  Ratio            : Mean of the ratio distribution ([Current]/[Baseline])
  RatioSD          : Standard deviation of the ratio distribution ([Current]/[Baseline])
  Gen0             : GC Generation 0 collects per 1000 operations
  Gen1             : GC Generation 1 collects per 1000 operations
  Gen2             : GC Generation 2 collects per 1000 operations
  Allocated        : Allocated memory per single operation (managed only, inclusive, 1KB = 1024B)
  Alloc Ratio      : Allocated memory ratio distribution ([Current]/[Baseline])
  1 μs             : 1 Microsecond (0.000001 sec)

// * Diagnostic Output - MemoryDiagnoser *


// ***** BenchmarkRunner: End *****
Run time: 00:06:11 (371.05 sec), executed benchmarks: 16

Global total time: 00:07:05 (425.26 sec), executed benchmarks: 16
// * Artifacts cleanup *
Artifacts cleanup is finished
