// Validating benchmarks:
// ***** BenchmarkRunner: Start   *****
// ***** Found 14 benchmark(s) in total *****
// ***** Building 1 exe(s) in Parallel: Start   *****
// start dotnet  restore --nodeReuse:false /p:UseSharedCompilation=false /p:Deterministic=true /p:Optimize=true /p:ArtifactsPath="/home/runner/work/Encina/Encina/tests/Encina.BenchmarkTests/Encina.Messaging.Encryption.Benchmarks/bin/Release/net10.0/Encina.Messaging.Encryption.Benchmarks-Job-YFEFPZ-1/" /p:OutDir="/home/runner/work/Encina/Encina/tests/Encina.BenchmarkTests/Encina.Messaging.Encryption.Benchmarks/bin/Release/net10.0/Encina.Messaging.Encryption.Benchmarks-Job-YFEFPZ-1/bin/Release/net10.0/" /p:OutputPath="/home/runner/work/Encina/Encina/tests/Encina.BenchmarkTests/Encina.Messaging.Encryption.Benchmarks/bin/Release/net10.0/Encina.Messaging.Encryption.Benchmarks-Job-YFEFPZ-1/bin/Release/net10.0/" /p:PublishDir="/home/runner/work/Encina/Encina/tests/Encina.BenchmarkTests/Encina.Messaging.Encryption.Benchmarks/bin/Release/net10.0/Encina.Messaging.Encryption.Benchmarks-Job-YFEFPZ-1/publish/" in /home/runner/work/Encina/Encina/tests/Encina.BenchmarkTests/Encina.Messaging.Encryption.Benchmarks/bin/Release/net10.0/Encina.Messaging.Encryption.Benchmarks-Job-YFEFPZ-1
// command took 2.48 sec and exited with 0
// start dotnet  build -c Release --no-restore --nodeReuse:false /p:UseSharedCompilation=false /p:Deterministic=true /p:Optimize=true /p:ArtifactsPath="/home/runner/work/Encina/Encina/tests/Encina.BenchmarkTests/Encina.Messaging.Encryption.Benchmarks/bin/Release/net10.0/Encina.Messaging.Encryption.Benchmarks-Job-YFEFPZ-1/" /p:OutDir="/home/runner/work/Encina/Encina/tests/Encina.BenchmarkTests/Encina.Messaging.Encryption.Benchmarks/bin/Release/net10.0/Encina.Messaging.Encryption.Benchmarks-Job-YFEFPZ-1/bin/Release/net10.0/" /p:OutputPath="/home/runner/work/Encina/Encina/tests/Encina.BenchmarkTests/Encina.Messaging.Encryption.Benchmarks/bin/Release/net10.0/Encina.Messaging.Encryption.Benchmarks-Job-YFEFPZ-1/bin/Release/net10.0/" /p:PublishDir="/home/runner/work/Encina/Encina/tests/Encina.BenchmarkTests/Encina.Messaging.Encryption.Benchmarks/bin/Release/net10.0/Encina.Messaging.Encryption.Benchmarks-Job-YFEFPZ-1/publish/" --output "/home/runner/work/Encina/Encina/tests/Encina.BenchmarkTests/Encina.Messaging.Encryption.Benchmarks/bin/Release/net10.0/Encina.Messaging.Encryption.Benchmarks-Job-YFEFPZ-1/bin/Release/net10.0/" in /home/runner/work/Encina/Encina/tests/Encina.BenchmarkTests/Encina.Messaging.Encryption.Benchmarks/bin/Release/net10.0/Encina.Messaging.Encryption.Benchmarks-Job-YFEFPZ-1
// command took 43.53 sec and exited with 0
// ***** Done, took 00:00:46 (46.24 sec)   *****
// Found 14 benchmarks:
//   EncryptDecryptBenchmarks.Encrypt_Medium: Job-YFEFPZ(IterationCount=10, WarmupCount=3)
//   EncryptDecryptBenchmarks.Encrypt_Large: Job-YFEFPZ(IterationCount=10, WarmupCount=3)
//   EncryptDecryptBenchmarks.Decrypt_Medium: Job-YFEFPZ(IterationCount=10, WarmupCount=3)
//   EncryptDecryptBenchmarks.Decrypt_Large: Job-YFEFPZ(IterationCount=10, WarmupCount=3)
//   EncryptDecryptBenchmarks.Encrypt_Medium: ShortRun(IterationCount=3, LaunchCount=1, WarmupCount=3)
//   EncryptDecryptBenchmarks.Encrypt_Large: ShortRun(IterationCount=3, LaunchCount=1, WarmupCount=3)
//   EncryptDecryptBenchmarks.Decrypt_Medium: ShortRun(IterationCount=3, LaunchCount=1, WarmupCount=3)
//   EncryptDecryptBenchmarks.Decrypt_Large: ShortRun(IterationCount=3, LaunchCount=1, WarmupCount=3)
//   EncryptDecryptBenchmarks.Decrypt_Short: Job-YFEFPZ(IterationCount=10, WarmupCount=3)
//   EncryptDecryptBenchmarks.Decrypt_Short: ShortRun(IterationCount=3, LaunchCount=1, WarmupCount=3)
//   EncryptDecryptBenchmarks.Encrypt_Short: Job-YFEFPZ(IterationCount=10, WarmupCount=3)
//   EncryptDecryptBenchmarks.Encrypt_Short: ShortRun(IterationCount=3, LaunchCount=1, WarmupCount=3)
//   EncryptDecryptBenchmarks.Roundtrip_Short: Job-YFEFPZ(IterationCount=10, WarmupCount=3)
//   EncryptDecryptBenchmarks.Roundtrip_Short: ShortRun(IterationCount=3, LaunchCount=1, WarmupCount=3)

// **************************
// Benchmark: EncryptDecryptBenchmarks.Encrypt_Medium: Job-YFEFPZ(IterationCount=10, WarmupCount=3)
// *** Execute ***
// Launch: 1 / 1
// Execute: dotnet Encina.Messaging.Encryption.Benchmarks-Job-YFEFPZ-1.dll --anonymousPipes 146 147 --benchmarkName Encina.Messaging.Encryption.Benchmarks.EncryptDecryptBenchmarks.Encrypt_Medium --job "IterationCount=10, WarmupCount=3" --benchmarkId 0 in /home/runner/work/Encina/Encina/tests/Encina.BenchmarkTests/Encina.Messaging.Encryption.Benchmarks/bin/Release/net10.0/Encina.Messaging.Encryption.Benchmarks-Job-YFEFPZ-1/bin/Release/net10.0
// Failed to set up high priority (Permission denied). In order to run benchmarks with high priority, make sure you have the right permissions.
// BeforeAnythingElse

// Benchmark Process Environment Information:
// BenchmarkDotNet v0.15.8
// Runtime=.NET 10.0.12 (10.0.12, 10.0.1226.42308), X64 RyuJIT x86-64-v3
// GC=Concurrent Workstation
// HardwareIntrinsics=AVX2+BMI1+BMI2+F16C+FMA+LZCNT+MOVBE,AVX,SSE3+SSSE3+SSE4.1+SSE4.2+POPCNT,X86Base+SSE+SSE2,AES+PCLMUL VectorSize=256
// Job: Job-YFEFPZ(IterationCount=10, WarmupCount=3)

OverheadJitting  1: 1 op, 234646.00 ns, 234.6460 us/op
WorkloadJitting  1: 1 op, 310819.00 ns, 310.8190 us/op

OverheadJitting  2: 16 op, 460979.00 ns, 28.8112 us/op
WorkloadJitting  2: 16 op, 621818.00 ns, 38.8636 us/op

WorkloadPilot    1: 16 op, 147525.00 ns, 9.2203 us/op
WorkloadPilot    2: 32 op, 265073.00 ns, 8.2835 us/op
WorkloadPilot    3: 64 op, 550595.00 ns, 8.6030 us/op
WorkloadPilot    4: 128 op, 905927.00 ns, 7.0776 us/op
WorkloadPilot    5: 256 op, 1899818.00 ns, 7.4212 us/op
WorkloadPilot    6: 512 op, 3721460.00 ns, 7.2685 us/op
WorkloadPilot    7: 1024 op, 7353613.00 ns, 7.1813 us/op
WorkloadPilot    8: 2048 op, 14662243.00 ns, 7.1593 us/op
WorkloadPilot    9: 4096 op, 29074090.00 ns, 7.0982 us/op
WorkloadPilot   10: 8192 op, 46501782.00 ns, 5.6765 us/op
WorkloadPilot   11: 16384 op, 88671648.00 ns, 5.4121 us/op
WorkloadPilot   12: 32768 op, 181586679.00 ns, 5.5416 us/op
WorkloadPilot   13: 65536 op, 357818156.00 ns, 5.4599 us/op
WorkloadPilot   14: 131072 op, 711354039.00 ns, 5.4272 us/op

OverheadWarmup   1: 131072 op, 430051.00 ns, 3.2810 ns/op
OverheadWarmup   2: 131072 op, 463633.00 ns, 3.5372 ns/op
OverheadWarmup   3: 131072 op, 460538.00 ns, 3.5136 ns/op
OverheadWarmup   4: 131072 op, 460768.00 ns, 3.5154 ns/op
OverheadWarmup   5: 131072 op, 462171.00 ns, 3.5261 ns/op
OverheadWarmup   6: 131072 op, 461018.00 ns, 3.5173 ns/op

OverheadActual   1: 131072 op, 450118.00 ns, 3.4341 ns/op
OverheadActual   2: 131072 op, 447423.00 ns, 3.4136 ns/op
OverheadActual   3: 131072 op, 451971.00 ns, 3.4483 ns/op
OverheadActual   4: 131072 op, 460678.00 ns, 3.5147 ns/op
OverheadActual   5: 131072 op, 446471.00 ns, 3.4063 ns/op
OverheadActual   6: 131072 op, 446131.00 ns, 3.4037 ns/op
OverheadActual   7: 131072 op, 446671.00 ns, 3.4078 ns/op
OverheadActual   8: 131072 op, 463082.00 ns, 3.5330 ns/op
OverheadActual   9: 131072 op, 461268.00 ns, 3.5192 ns/op
OverheadActual  10: 131072 op, 460859.00 ns, 3.5161 ns/op
OverheadActual  11: 131072 op, 449056.00 ns, 3.4260 ns/op
OverheadActual  12: 131072 op, 429941.00 ns, 3.2802 ns/op
OverheadActual  13: 131072 op, 429860.00 ns, 3.2796 ns/op
OverheadActual  14: 131072 op, 429840.00 ns, 3.2794 ns/op
OverheadActual  15: 131072 op, 429830.00 ns, 3.2793 ns/op

WorkloadWarmup   1: 131072 op, 722216005.00 ns, 5.5101 us/op
WorkloadWarmup   2: 131072 op, 719165536.00 ns, 5.4868 us/op
WorkloadWarmup   3: 131072 op, 716877522.00 ns, 5.4693 us/op

// BeforeActualRun
WorkloadActual   1: 131072 op, 719008000.00 ns, 5.4856 us/op
WorkloadActual   2: 131072 op, 717247121.00 ns, 5.4722 us/op
WorkloadActual   3: 131072 op, 713550948.00 ns, 5.4440 us/op
WorkloadActual   4: 131072 op, 715121232.00 ns, 5.4559 us/op
WorkloadActual   5: 131072 op, 712997568.00 ns, 5.4397 us/op
WorkloadActual   6: 131072 op, 713116971.00 ns, 5.4407 us/op
WorkloadActual   7: 131072 op, 714526795.00 ns, 5.4514 us/op
WorkloadActual   8: 131072 op, 714324989.00 ns, 5.4499 us/op
WorkloadActual   9: 131072 op, 713056177.00 ns, 5.4402 us/op
WorkloadActual  10: 131072 op, 712872998.00 ns, 5.4388 us/op

// AfterActualRun
WorkloadResult   1: 131072 op, 716799698.00 ns, 5.4687 us/op
WorkloadResult   2: 131072 op, 713103525.00 ns, 5.4405 us/op
WorkloadResult   3: 131072 op, 714673809.00 ns, 5.4525 us/op
WorkloadResult   4: 131072 op, 712550145.00 ns, 5.4363 us/op
WorkloadResult   5: 131072 op, 712669548.00 ns, 5.4372 us/op
WorkloadResult   6: 131072 op, 714079372.00 ns, 5.4480 us/op
WorkloadResult   7: 131072 op, 713877566.00 ns, 5.4465 us/op
WorkloadResult   8: 131072 op, 712608754.00 ns, 5.4368 us/op
WorkloadResult   9: 131072 op, 712425575.00 ns, 5.4354 us/op
// GC:  28 0 0 483400032 131072
// Threading:  0 0 131072

// AfterAll
// Benchmark Process 3141 has exited with code 0.

Mean = 5.445 μs, StdErr = 0.004 μs (0.07%), N = 9, StdDev = 0.011 μs
Min = 5.435 μs, Q1 = 5.437 μs, Median = 5.441 μs, Q3 = 5.448 μs, Max = 5.469 μs
IQR = 0.011 μs, LowerFence = 5.420 μs, UpperFence = 5.465 μs
ConfidenceInterval = [5.426 μs; 5.463 μs] (CI 99.9%), Margin = 0.018 μs (0.34% of Mean)
Skewness = 1.05, Kurtosis = 2.86, MValue = 2

// ** Remained 13 (92.9 %) benchmark(s) to run. Estimated finish 2026-10-07 15:28 (0h 2m from now) **
// **************************
// Benchmark: EncryptDecryptBenchmarks.Encrypt_Large: Job-YFEFPZ(IterationCount=10, WarmupCount=3)
// *** Execute ***
// Launch: 1 / 1
// Execute: dotnet Encina.Messaging.Encryption.Benchmarks-Job-YFEFPZ-1.dll --anonymousPipes 146 147 --benchmarkName Encina.Messaging.Encryption.Benchmarks.EncryptDecryptBenchmarks.Encrypt_Large --job "IterationCount=10, WarmupCount=3" --benchmarkId 1 in /home/runner/work/Encina/Encina/tests/Encina.BenchmarkTests/Encina.Messaging.Encryption.Benchmarks/bin/Release/net10.0/Encina.Messaging.Encryption.Benchmarks-Job-YFEFPZ-1/bin/Release/net10.0
// Failed to set up high priority (Permission denied). In order to run benchmarks with high priority, make sure you have the right permissions.
// BeforeAnythingElse

// Benchmark Process Environment Information:
// BenchmarkDotNet v0.15.8
// Runtime=.NET 10.0.12 (10.0.12, 10.0.1226.42308), X64 RyuJIT x86-64-v3
// GC=Concurrent Workstation
// HardwareIntrinsics=AVX2+BMI1+BMI2+F16C+FMA+LZCNT+MOVBE,AVX,SSE3+SSSE3+SSE4.1+SSE4.2+POPCNT,X86Base+SSE+SSE2,AES+PCLMUL VectorSize=256
// Job: Job-YFEFPZ(IterationCount=10, WarmupCount=3)

OverheadJitting  1: 1 op, 256968.00 ns, 256.9680 us/op
WorkloadJitting  1: 1 op, 480334.00 ns, 480.3340 us/op

OverheadJitting  2: 16 op, 450880.00 ns, 28.1800 us/op
WorkloadJitting  2: 16 op, 2623923.00 ns, 163.9952 us/op

WorkloadPilot    1: 16 op, 2113603.00 ns, 132.1002 us/op
WorkloadPilot    2: 32 op, 2909825.00 ns, 90.9320 us/op
WorkloadPilot    3: 64 op, 7032969.00 ns, 109.8901 us/op
WorkloadPilot    4: 128 op, 7651841.00 ns, 59.7800 us/op
WorkloadPilot    5: 256 op, 8876621.00 ns, 34.6743 us/op
WorkloadPilot    6: 512 op, 19091351.00 ns, 37.2878 us/op
WorkloadPilot    7: 1024 op, 33672688.00 ns, 32.8835 us/op
WorkloadPilot    8: 2048 op, 65479684.00 ns, 31.9725 us/op
WorkloadPilot    9: 4096 op, 133211810.00 ns, 32.5224 us/op
WorkloadPilot   10: 8192 op, 272055911.00 ns, 33.2100 us/op
WorkloadPilot   11: 16384 op, 529570661.00 ns, 32.3224 us/op

OverheadWarmup   1: 16384 op, 54551.00 ns, 3.3295 ns/op
OverheadWarmup   2: 16384 op, 71683.00 ns, 4.3752 ns/op
OverheadWarmup   3: 16384 op, 70642.00 ns, 4.3116 ns/op
OverheadWarmup   4: 16384 op, 69970.00 ns, 4.2706 ns/op
OverheadWarmup   5: 16384 op, 70000.00 ns, 4.2725 ns/op
OverheadWarmup   6: 16384 op, 72736.00 ns, 4.4395 ns/op
OverheadWarmup   7: 16384 op, 70010.00 ns, 4.2731 ns/op

OverheadActual   1: 16384 op, 70701.00 ns, 4.3152 ns/op
OverheadActual   2: 16384 op, 71984.00 ns, 4.3936 ns/op
OverheadActual   3: 16384 op, 71353.00 ns, 4.3550 ns/op
OverheadActual   4: 16384 op, 73406.00 ns, 4.4803 ns/op
OverheadActual   5: 16384 op, 71433.00 ns, 4.3599 ns/op
OverheadActual   6: 16384 op, 69910.00 ns, 4.2670 ns/op
OverheadActual   7: 16384 op, 69870.00 ns, 4.2645 ns/op
OverheadActual   8: 16384 op, 69780.00 ns, 4.2590 ns/op
OverheadActual   9: 16384 op, 69789.00 ns, 4.2596 ns/op
OverheadActual  10: 16384 op, 70381.00 ns, 4.2957 ns/op
OverheadActual  11: 16384 op, 73507.00 ns, 4.4865 ns/op
OverheadActual  12: 16384 op, 69971.00 ns, 4.2707 ns/op
OverheadActual  13: 16384 op, 69399.00 ns, 4.2358 ns/op
OverheadActual  14: 16384 op, 75310.00 ns, 4.5966 ns/op
OverheadActual  15: 16384 op, 73687.00 ns, 4.4975 ns/op

WorkloadWarmup   1: 16384 op, 534151076.00 ns, 32.6020 us/op
WorkloadWarmup   2: 16384 op, 527125331.00 ns, 32.1732 us/op
WorkloadWarmup   3: 16384 op, 533740953.00 ns, 32.5770 us/op

// BeforeActualRun
WorkloadActual   1: 16384 op, 524297387.00 ns, 32.0006 us/op
WorkloadActual   2: 16384 op, 522369109.00 ns, 31.8829 us/op
WorkloadActual   3: 16384 op, 532567086.00 ns, 32.5053 us/op
WorkloadActual   4: 16384 op, 531283526.00 ns, 32.4270 us/op
WorkloadActual   5: 16384 op, 527182038.00 ns, 32.1766 us/op
WorkloadActual   6: 16384 op, 529236757.00 ns, 32.3020 us/op
WorkloadActual   7: 16384 op, 531187737.00 ns, 32.4211 us/op
WorkloadActual   8: 16384 op, 526936610.00 ns, 32.1617 us/op
WorkloadActual   9: 16384 op, 531529183.00 ns, 32.4420 us/op
WorkloadActual  10: 16384 op, 536190338.00 ns, 32.7265 us/op

// AfterActualRun
WorkloadResult   1: 16384 op, 524226686.00 ns, 31.9963 us/op
WorkloadResult   2: 16384 op, 522298408.00 ns, 31.8786 us/op
WorkloadResult   3: 16384 op, 532496385.00 ns, 32.5010 us/op
WorkloadResult   4: 16384 op, 531212825.00 ns, 32.4227 us/op
WorkloadResult   5: 16384 op, 527111337.00 ns, 32.1723 us/op
WorkloadResult   6: 16384 op, 529166056.00 ns, 32.2977 us/op
WorkloadResult   7: 16384 op, 531117036.00 ns, 32.4168 us/op
WorkloadResult   8: 16384 op, 526865909.00 ns, 32.1573 us/op
WorkloadResult   9: 16384 op, 531458482.00 ns, 32.4377 us/op
WorkloadResult  10: 16384 op, 536119637.00 ns, 32.7221 us/op
// GC:  192 0 0 3231361248 16384
// Threading:  0 0 16384

// AfterAll
// Benchmark Process 3150 has exited with code 0.

Mean = 32.300 μs, StdErr = 0.080 μs (0.25%), N = 10, StdDev = 0.252 μs
Min = 31.879 μs, Q1 = 32.161 μs, Median = 32.357 μs, Q3 = 32.434 μs, Max = 32.722 μs
IQR = 0.273 μs, LowerFence = 31.752 μs, UpperFence = 32.843 μs
ConfidenceInterval = [31.919 μs; 32.682 μs] (CI 99.9%), Margin = 0.381 μs (1.18% of Mean)
Skewness = -0.12, Kurtosis = 1.85, MValue = 2

// ** Remained 12 (85.7 %) benchmark(s) to run. Estimated finish 2026-10-07 15:27 (0h 2m from now) **
// **************************
// Benchmark: EncryptDecryptBenchmarks.Decrypt_Medium: Job-YFEFPZ(IterationCount=10, WarmupCount=3)
// *** Execute ***
// Launch: 1 / 1
// Execute: dotnet Encina.Messaging.Encryption.Benchmarks-Job-YFEFPZ-1.dll --anonymousPipes 146 147 --benchmarkName Encina.Messaging.Encryption.Benchmarks.EncryptDecryptBenchmarks.Decrypt_Medium --job "IterationCount=10, WarmupCount=3" --benchmarkId 2 in /home/runner/work/Encina/Encina/tests/Encina.BenchmarkTests/Encina.Messaging.Encryption.Benchmarks/bin/Release/net10.0/Encina.Messaging.Encryption.Benchmarks-Job-YFEFPZ-1/bin/Release/net10.0
// Failed to set up high priority (Permission denied). In order to run benchmarks with high priority, make sure you have the right permissions.
// BeforeAnythingElse

// Benchmark Process Environment Information:
// BenchmarkDotNet v0.15.8
// Runtime=.NET 10.0.12 (10.0.12, 10.0.1226.42308), X64 RyuJIT x86-64-v3
// GC=Concurrent Workstation
// HardwareIntrinsics=AVX2+BMI1+BMI2+F16C+FMA+LZCNT+MOVBE,AVX,SSE3+SSSE3+SSE4.1+SSE4.2+POPCNT,X86Base+SSE+SSE2,AES+PCLMUL VectorSize=256
// Job: Job-YFEFPZ(IterationCount=10, WarmupCount=3)

OverheadJitting  1: 1 op, 227824.00 ns, 227.8240 us/op
WorkloadJitting  1: 1 op, 16406084.00 ns, 16.4061 ms/op

OverheadJitting  2: 16 op, 217024.00 ns, 13.5640 us/op
WorkloadJitting  2: 16 op, 416225.00 ns, 26.0141 us/op

WorkloadPilot    1: 16 op, 113592.00 ns, 7.0995 us/op
WorkloadPilot    2: 32 op, 199171.00 ns, 6.2241 us/op
WorkloadPilot    3: 64 op, 356393.00 ns, 5.5686 us/op
WorkloadPilot    4: 128 op, 601450.00 ns, 4.6988 us/op
WorkloadPilot    5: 256 op, 1292897.00 ns, 5.0504 us/op
WorkloadPilot    6: 512 op, 2553875.00 ns, 4.9880 us/op
WorkloadPilot    7: 1024 op, 5149917.00 ns, 5.0292 us/op
WorkloadPilot    8: 2048 op, 10122875.00 ns, 4.9428 us/op
WorkloadPilot    9: 4096 op, 20085103.00 ns, 4.9036 us/op
WorkloadPilot   10: 8192 op, 38378862.00 ns, 4.6849 us/op
WorkloadPilot   11: 16384 op, 64543603.00 ns, 3.9394 us/op
WorkloadPilot   12: 32768 op, 130786860.00 ns, 3.9913 us/op
WorkloadPilot   13: 65536 op, 256559474.00 ns, 3.9148 us/op
WorkloadPilot   14: 131072 op, 510961862.00 ns, 3.8983 us/op

OverheadWarmup   1: 131072 op, 233495.00 ns, 1.7814 ns/op
OverheadWarmup   2: 131072 op, 265765.00 ns, 2.0276 ns/op
OverheadWarmup   3: 131072 op, 212606.00 ns, 1.6221 ns/op
OverheadWarmup   4: 131072 op, 212596.00 ns, 1.6220 ns/op
OverheadWarmup   5: 131072 op, 212616.00 ns, 1.6221 ns/op
OverheadWarmup   6: 131072 op, 229597.00 ns, 1.7517 ns/op
OverheadWarmup   7: 131072 op, 212566.00 ns, 1.6217 ns/op

OverheadActual   1: 131072 op, 212666.00 ns, 1.6225 ns/op
OverheadActual   2: 131072 op, 212556.00 ns, 1.6217 ns/op
OverheadActual   3: 131072 op, 212696.00 ns, 1.6227 ns/op
OverheadActual   4: 131072 op, 212606.00 ns, 1.6221 ns/op
OverheadActual   5: 131072 op, 212596.00 ns, 1.6220 ns/op
OverheadActual   6: 131072 op, 212616.00 ns, 1.6221 ns/op
OverheadActual   7: 131072 op, 232403.00 ns, 1.7731 ns/op
OverheadActual   8: 131072 op, 212606.00 ns, 1.6221 ns/op
OverheadActual   9: 131072 op, 212606.00 ns, 1.6221 ns/op
OverheadActual  10: 131072 op, 212545.00 ns, 1.6216 ns/op
OverheadActual  11: 131072 op, 230870.00 ns, 1.7614 ns/op
OverheadActual  12: 131072 op, 212596.00 ns, 1.6220 ns/op
OverheadActual  13: 131072 op, 212605.00 ns, 1.6220 ns/op
OverheadActual  14: 131072 op, 212586.00 ns, 1.6219 ns/op
OverheadActual  15: 131072 op, 212586.00 ns, 1.6219 ns/op

WorkloadWarmup   1: 131072 op, 522925061.00 ns, 3.9896 us/op
WorkloadWarmup   2: 131072 op, 521069269.00 ns, 3.9754 us/op
WorkloadWarmup   3: 131072 op, 515700965.00 ns, 3.9345 us/op

// BeforeActualRun
WorkloadActual   1: 131072 op, 515109103.00 ns, 3.9300 us/op
WorkloadActual   2: 131072 op, 514332658.00 ns, 3.9240 us/op
WorkloadActual   3: 131072 op, 514516610.00 ns, 3.9255 us/op
WorkloadActual   4: 131072 op, 516261719.00 ns, 3.9388 us/op
WorkloadActual   5: 131072 op, 515197738.00 ns, 3.9306 us/op
WorkloadActual   6: 131072 op, 519865125.00 ns, 3.9663 us/op
WorkloadActual   7: 131072 op, 513613300.00 ns, 3.9186 us/op
WorkloadActual   8: 131072 op, 513621302.00 ns, 3.9186 us/op
WorkloadActual   9: 131072 op, 516925966.00 ns, 3.9438 us/op
WorkloadActual  10: 131072 op, 515195804.00 ns, 3.9306 us/op

// AfterActualRun
WorkloadResult   1: 131072 op, 514896497.00 ns, 3.9283 us/op
WorkloadResult   2: 131072 op, 514120052.00 ns, 3.9224 us/op
WorkloadResult   3: 131072 op, 514304004.00 ns, 3.9238 us/op
WorkloadResult   4: 131072 op, 516049113.00 ns, 3.9371 us/op
WorkloadResult   5: 131072 op, 514985132.00 ns, 3.9290 us/op
WorkloadResult   6: 131072 op, 513400694.00 ns, 3.9169 us/op
WorkloadResult   7: 131072 op, 513408696.00 ns, 3.9170 us/op
WorkloadResult   8: 131072 op, 516713360.00 ns, 3.9422 us/op
WorkloadResult   9: 131072 op, 514983198.00 ns, 3.9290 us/op
// GC:  18 0 0 316674208 131072
// Threading:  0 0 131072

// AfterAll
// Benchmark Process 3159 has exited with code 0.

Mean = 3.927 μs, StdErr = 0.003 μs (0.07%), N = 9, StdDev = 0.008 μs
Min = 3.917 μs, Q1 = 3.922 μs, Median = 3.928 μs, Q3 = 3.929 μs, Max = 3.942 μs
IQR = 0.007 μs, LowerFence = 3.913 μs, UpperFence = 3.939 μs
ConfidenceInterval = [3.913 μs; 3.942 μs] (CI 99.9%), Margin = 0.014 μs (0.36% of Mean)
Skewness = 0.34, Kurtosis = 1.76, MValue = 2

// ** Remained 11 (78.6 %) benchmark(s) to run. Estimated finish 2026-10-07 15:27 (0h 1m from now) **
// **************************
// Benchmark: EncryptDecryptBenchmarks.Decrypt_Large: Job-YFEFPZ(IterationCount=10, WarmupCount=3)
// *** Execute ***
// Launch: 1 / 1
// Execute: dotnet Encina.Messaging.Encryption.Benchmarks-Job-YFEFPZ-1.dll --anonymousPipes 146 147 --benchmarkName Encina.Messaging.Encryption.Benchmarks.EncryptDecryptBenchmarks.Decrypt_Large --job "IterationCount=10, WarmupCount=3" --benchmarkId 3 in /home/runner/work/Encina/Encina/tests/Encina.BenchmarkTests/Encina.Messaging.Encryption.Benchmarks/bin/Release/net10.0/Encina.Messaging.Encryption.Benchmarks-Job-YFEFPZ-1/bin/Release/net10.0
// Failed to set up high priority (Permission denied). In order to run benchmarks with high priority, make sure you have the right permissions.
// BeforeAnythingElse

// Benchmark Process Environment Information:
// BenchmarkDotNet v0.15.8
// Runtime=.NET 10.0.12 (10.0.12, 10.0.1226.42308), X64 RyuJIT x86-64-v3
// GC=Concurrent Workstation
// HardwareIntrinsics=AVX2+BMI1+BMI2+F16C+FMA+LZCNT+MOVBE,AVX,SSE3+SSSE3+SSE4.1+SSE4.2+POPCNT,X86Base+SSE+SSE2,AES+PCLMUL VectorSize=256
// Job: Job-YFEFPZ(IterationCount=10, WarmupCount=3)

OverheadJitting  1: 1 op, 222324.00 ns, 222.3240 us/op
WorkloadJitting  1: 1 op, 16568610.00 ns, 16.5686 ms/op

OverheadJitting  2: 16 op, 207196.00 ns, 12.9498 us/op
WorkloadJitting  2: 16 op, 1788320.00 ns, 111.7700 us/op

WorkloadPilot    1: 16 op, 1492409.00 ns, 93.2756 us/op
WorkloadPilot    2: 32 op, 1952135.00 ns, 61.0042 us/op
WorkloadPilot    3: 64 op, 4823161.00 ns, 75.3619 us/op
WorkloadPilot    4: 128 op, 9521368.00 ns, 74.3857 us/op
WorkloadPilot    5: 256 op, 9307249.00 ns, 36.3564 us/op
WorkloadPilot    6: 512 op, 14170405.00 ns, 27.6766 us/op
WorkloadPilot    7: 1024 op, 27381153.00 ns, 26.7394 us/op
WorkloadPilot    8: 2048 op, 54354226.00 ns, 26.5401 us/op
WorkloadPilot    9: 4096 op, 108170218.00 ns, 26.4087 us/op
WorkloadPilot   10: 8192 op, 219128118.00 ns, 26.7490 us/op
WorkloadPilot   11: 16384 op, 438431132.00 ns, 26.7597 us/op
WorkloadPilot   12: 32768 op, 875949153.00 ns, 26.7318 us/op

OverheadWarmup   1: 32768 op, 53770.00 ns, 1.6409 ns/op
OverheadWarmup   2: 32768 op, 53449.00 ns, 1.6311 ns/op
OverheadWarmup   3: 32768 op, 53449.00 ns, 1.6311 ns/op
OverheadWarmup   4: 32768 op, 53470.00 ns, 1.6318 ns/op
OverheadWarmup   5: 32768 op, 53450.00 ns, 1.6312 ns/op
OverheadWarmup   6: 32768 op, 53470.00 ns, 1.6318 ns/op

OverheadActual   1: 32768 op, 53480.00 ns, 1.6321 ns/op
OverheadActual   2: 32768 op, 53490.00 ns, 1.6324 ns/op
OverheadActual   3: 32768 op, 53469.00 ns, 1.6317 ns/op
OverheadActual   4: 32768 op, 53470.00 ns, 1.6318 ns/op
OverheadActual   5: 32768 op, 53509.00 ns, 1.6330 ns/op
OverheadActual   6: 32768 op, 53450.00 ns, 1.6312 ns/op
OverheadActual   7: 32768 op, 70982.00 ns, 2.1662 ns/op
OverheadActual   8: 32768 op, 53449.00 ns, 1.6311 ns/op
OverheadActual   9: 32768 op, 69330.00 ns, 2.1158 ns/op
OverheadActual  10: 32768 op, 53430.00 ns, 1.6306 ns/op
OverheadActual  11: 32768 op, 53490.00 ns, 1.6324 ns/op
OverheadActual  12: 32768 op, 53440.00 ns, 1.6309 ns/op
OverheadActual  13: 32768 op, 53429.00 ns, 1.6305 ns/op
OverheadActual  14: 32768 op, 69990.00 ns, 2.1359 ns/op
OverheadActual  15: 32768 op, 53449.00 ns, 1.6311 ns/op

WorkloadWarmup   1: 32768 op, 883360823.00 ns, 26.9580 us/op
WorkloadWarmup   2: 32768 op, 874190028.00 ns, 26.6782 us/op
WorkloadWarmup   3: 32768 op, 876268107.00 ns, 26.7416 us/op

// BeforeActualRun
WorkloadActual   1: 32768 op, 870014371.00 ns, 26.5507 us/op
WorkloadActual   2: 32768 op, 867124502.00 ns, 26.4625 us/op
WorkloadActual   3: 32768 op, 858633463.00 ns, 26.2034 us/op
WorkloadActual   4: 32768 op, 870440987.00 ns, 26.5638 us/op
WorkloadActual   5: 32768 op, 871980624.00 ns, 26.6107 us/op
WorkloadActual   6: 32768 op, 866237000.00 ns, 26.4355 us/op
WorkloadActual   7: 32768 op, 859668239.00 ns, 26.2350 us/op
WorkloadActual   8: 32768 op, 859746756.00 ns, 26.2374 us/op
WorkloadActual   9: 32768 op, 864733150.00 ns, 26.3896 us/op
WorkloadActual  10: 32768 op, 873947696.00 ns, 26.6708 us/op

// AfterActualRun
WorkloadResult   1: 32768 op, 869960901.00 ns, 26.5491 us/op
WorkloadResult   2: 32768 op, 867071032.00 ns, 26.4609 us/op
WorkloadResult   3: 32768 op, 858579993.00 ns, 26.2018 us/op
WorkloadResult   4: 32768 op, 870387517.00 ns, 26.5621 us/op
WorkloadResult   5: 32768 op, 871927154.00 ns, 26.6091 us/op
WorkloadResult   6: 32768 op, 866183530.00 ns, 26.4338 us/op
WorkloadResult   7: 32768 op, 859614769.00 ns, 26.2334 us/op
WorkloadResult   8: 32768 op, 859693286.00 ns, 26.2358 us/op
WorkloadResult   9: 32768 op, 864679680.00 ns, 26.3879 us/op
WorkloadResult  10: 32768 op, 873894226.00 ns, 26.6691 us/op
// GC:  257 32 0 4307083488 32768
// Threading:  0 0 32768

// AfterAll
// Benchmark Process 3166 has exited with code 0.

Mean = 26.434 μs, StdErr = 0.053 μs (0.20%), N = 10, StdDev = 0.167 μs
Min = 26.202 μs, Q1 = 26.274 μs, Median = 26.447 μs, Q3 = 26.559 μs, Max = 26.669 μs
IQR = 0.285 μs, LowerFence = 25.846 μs, UpperFence = 26.986 μs
ConfidenceInterval = [26.181 μs; 26.687 μs] (CI 99.9%), Margin = 0.253 μs (0.96% of Mean)
Skewness = -0.14, Kurtosis = 1.34, MValue = 2

// ** Remained 10 (71.4 %) benchmark(s) to run. Estimated finish 2026-10-07 15:27 (0h 1m from now) **
// **************************
// Benchmark: EncryptDecryptBenchmarks.Encrypt_Medium: ShortRun(IterationCount=3, LaunchCount=1, WarmupCount=3)
// *** Execute ***
// Launch: 1 / 1
// Execute: dotnet Encina.Messaging.Encryption.Benchmarks-Job-YFEFPZ-1.dll --anonymousPipes 146 147 --benchmarkName Encina.Messaging.Encryption.Benchmarks.EncryptDecryptBenchmarks.Encrypt_Medium --job ShortRun --benchmarkId 4 in /home/runner/work/Encina/Encina/tests/Encina.BenchmarkTests/Encina.Messaging.Encryption.Benchmarks/bin/Release/net10.0/Encina.Messaging.Encryption.Benchmarks-Job-YFEFPZ-1/bin/Release/net10.0
// Failed to set up high priority (Permission denied). In order to run benchmarks with high priority, make sure you have the right permissions.
// BeforeAnythingElse

// Benchmark Process Environment Information:
// BenchmarkDotNet v0.15.8
// Runtime=.NET 10.0.12 (10.0.12, 10.0.1226.42308), X64 RyuJIT x86-64-v3
// GC=Concurrent Workstation
// HardwareIntrinsics=AVX2+BMI1+BMI2+F16C+FMA+LZCNT+MOVBE,AVX,SSE3+SSSE3+SSE4.1+SSE4.2+POPCNT,X86Base+SSE+SSE2,AES+PCLMUL VectorSize=256
// Job: ShortRun(IterationCount=3, LaunchCount=1, WarmupCount=3)

OverheadJitting  1: 1 op, 235148.00 ns, 235.1480 us/op
WorkloadJitting  1: 1 op, 316018.00 ns, 316.0180 us/op

OverheadJitting  2: 16 op, 456390.00 ns, 28.5244 us/op
WorkloadJitting  2: 16 op, 616709.00 ns, 38.5443 us/op

WorkloadPilot    1: 16 op, 145651.00 ns, 9.1032 us/op
WorkloadPilot    2: 32 op, 261998.00 ns, 8.1874 us/op
WorkloadPilot    3: 64 op, 505922.00 ns, 7.9050 us/op
WorkloadPilot    4: 128 op, 900798.00 ns, 7.0375 us/op
WorkloadPilot    5: 256 op, 1928882.00 ns, 7.5347 us/op
WorkloadPilot    6: 512 op, 3601276.00 ns, 7.0337 us/op
WorkloadPilot    7: 1024 op, 7280008.00 ns, 7.1094 us/op
WorkloadPilot    8: 2048 op, 14428491.00 ns, 7.0452 us/op
WorkloadPilot    9: 4096 op, 28916553.00 ns, 7.0597 us/op
WorkloadPilot   10: 8192 op, 46057355.00 ns, 5.6222 us/op
WorkloadPilot   11: 16384 op, 91052263.00 ns, 5.5574 us/op
WorkloadPilot   12: 32768 op, 177348388.00 ns, 5.4122 us/op
WorkloadPilot   13: 65536 op, 357331943.00 ns, 5.4525 us/op
WorkloadPilot   14: 131072 op, 710239957.00 ns, 5.4187 us/op

OverheadWarmup   1: 131072 op, 450228.00 ns, 3.4350 ns/op
OverheadWarmup   2: 131072 op, 429831.00 ns, 3.2794 ns/op
OverheadWarmup   3: 131072 op, 429841.00 ns, 3.2794 ns/op
OverheadWarmup   4: 131072 op, 429861.00 ns, 3.2796 ns/op
OverheadWarmup   5: 131072 op, 429840.00 ns, 3.2794 ns/op
OverheadWarmup   6: 131072 op, 429840.00 ns, 3.2794 ns/op
OverheadWarmup   7: 131072 op, 644511.00 ns, 4.9172 ns/op

OverheadActual   1: 131072 op, 430742.00 ns, 3.2863 ns/op
OverheadActual   2: 131072 op, 448625.00 ns, 3.4227 ns/op
OverheadActual   3: 131072 op, 449046.00 ns, 3.4259 ns/op
OverheadActual   4: 131072 op, 460317.00 ns, 3.5119 ns/op
OverheadActual   5: 131072 op, 469405.00 ns, 3.5813 ns/op
OverheadActual   6: 131072 op, 448114.00 ns, 3.4188 ns/op
OverheadActual   7: 131072 op, 464224.00 ns, 3.5417 ns/op
OverheadActual   8: 131072 op, 450519.00 ns, 3.4372 ns/op
OverheadActual   9: 131072 op, 447263.00 ns, 3.4123 ns/op
OverheadActual  10: 131072 op, 445580.00 ns, 3.3995 ns/op
OverheadActual  11: 131072 op, 465327.00 ns, 3.5502 ns/op
OverheadActual  12: 131072 op, 448636.00 ns, 3.4228 ns/op
OverheadActual  13: 131072 op, 430853.00 ns, 3.2871 ns/op
OverheadActual  14: 131072 op, 429851.00 ns, 3.2795 ns/op
OverheadActual  15: 131072 op, 430051.00 ns, 3.2810 ns/op

WorkloadWarmup   1: 131072 op, 711949240.00 ns, 5.4317 us/op
WorkloadWarmup   2: 131072 op, 713510989.00 ns, 5.4437 us/op
WorkloadWarmup   3: 131072 op, 705807181.00 ns, 5.3849 us/op

// BeforeActualRun
WorkloadActual   1: 131072 op, 719286435.00 ns, 5.4877 us/op
WorkloadActual   2: 131072 op, 705678993.00 ns, 5.3839 us/op
WorkloadActual   3: 131072 op, 704442668.00 ns, 5.3745 us/op

// AfterActualRun
WorkloadResult   1: 131072 op, 718837810.00 ns, 5.4843 us/op
WorkloadResult   2: 131072 op, 705230368.00 ns, 5.3805 us/op
WorkloadResult   3: 131072 op, 703994043.00 ns, 5.3710 us/op
// GC:  28 0 0 483400032 131072
// Threading:  0 0 131072

// AfterAll
// Benchmark Process 3177 has exited with code 0.

Mean = 5.412 μs, StdErr = 0.036 μs (0.67%), N = 3, StdDev = 0.063 μs
Min = 5.371 μs, Q1 = 5.376 μs, Median = 5.380 μs, Q3 = 5.432 μs, Max = 5.484 μs
IQR = 0.057 μs, LowerFence = 5.291 μs, UpperFence = 5.517 μs
ConfidenceInterval = [4.266 μs; 6.558 μs] (CI 99.9%), Margin = 1.146 μs (21.18% of Mean)
Skewness = 0.38, Kurtosis = 0.67, MValue = 2

// ** Remained 9 (64.3 %) benchmark(s) to run. Estimated finish 2026-10-07 15:27 (0h 1m from now) **
// **************************
// Benchmark: EncryptDecryptBenchmarks.Encrypt_Large: ShortRun(IterationCount=3, LaunchCount=1, WarmupCount=3)
// *** Execute ***
// Launch: 1 / 1
// Execute: dotnet Encina.Messaging.Encryption.Benchmarks-Job-YFEFPZ-1.dll --anonymousPipes 146 147 --benchmarkName Encina.Messaging.Encryption.Benchmarks.EncryptDecryptBenchmarks.Encrypt_Large --job ShortRun --benchmarkId 5 in /home/runner/work/Encina/Encina/tests/Encina.BenchmarkTests/Encina.Messaging.Encryption.Benchmarks/bin/Release/net10.0/Encina.Messaging.Encryption.Benchmarks-Job-YFEFPZ-1/bin/Release/net10.0
// Failed to set up high priority (Permission denied). In order to run benchmarks with high priority, make sure you have the right permissions.
// BeforeAnythingElse

// Benchmark Process Environment Information:
// BenchmarkDotNet v0.15.8
// Runtime=.NET 10.0.12 (10.0.12, 10.0.1226.42308), X64 RyuJIT x86-64-v3
// GC=Concurrent Workstation
// HardwareIntrinsics=AVX2+BMI1+BMI2+F16C+FMA+LZCNT+MOVBE,AVX,SSE3+SSSE3+SSE4.1+SSE4.2+POPCNT,X86Base+SSE+SSE2,AES+PCLMUL VectorSize=256
// Job: ShortRun(IterationCount=3, LaunchCount=1, WarmupCount=3)

OverheadJitting  1: 1 op, 248082.00 ns, 248.0820 us/op
WorkloadJitting  1: 1 op, 443455.00 ns, 443.4550 us/op

OverheadJitting  2: 16 op, 453484.00 ns, 28.3428 us/op
WorkloadJitting  2: 16 op, 2738780.00 ns, 171.1738 us/op

WorkloadPilot    1: 16 op, 2146297.00 ns, 134.1436 us/op
WorkloadPilot    2: 32 op, 2941868.00 ns, 91.9334 us/op
WorkloadPilot    3: 64 op, 6842992.00 ns, 106.9218 us/op
WorkloadPilot    4: 128 op, 7484376.00 ns, 58.4717 us/op
WorkloadPilot    5: 256 op, 9341463.00 ns, 36.4901 us/op
WorkloadPilot    6: 512 op, 19486794.00 ns, 38.0601 us/op
WorkloadPilot    7: 1024 op, 33793303.00 ns, 33.0013 us/op
WorkloadPilot    8: 2048 op, 65532210.00 ns, 31.9981 us/op
WorkloadPilot    9: 4096 op, 131024706.00 ns, 31.9885 us/op
WorkloadPilot   10: 8192 op, 264712452.00 ns, 32.3135 us/op
WorkloadPilot   11: 16384 op, 540295784.00 ns, 32.9770 us/op

OverheadWarmup   1: 16384 op, 54582.00 ns, 3.3314 ns/op
OverheadWarmup   2: 16384 op, 74058.00 ns, 4.5201 ns/op
OverheadWarmup   3: 16384 op, 70582.00 ns, 4.3080 ns/op
OverheadWarmup   4: 16384 op, 70240.00 ns, 4.2871 ns/op
OverheadWarmup   5: 16384 op, 70280.00 ns, 4.2896 ns/op
OverheadWarmup   6: 16384 op, 70792.00 ns, 4.3208 ns/op
OverheadWarmup   7: 16384 op, 73337.00 ns, 4.4761 ns/op
OverheadWarmup   8: 16384 op, 71153.00 ns, 4.3428 ns/op

OverheadActual   1: 16384 op, 76603.00 ns, 4.6755 ns/op
OverheadActual   2: 16384 op, 70903.00 ns, 4.3276 ns/op
OverheadActual   3: 16384 op, 89216.00 ns, 5.4453 ns/op
OverheadActual   4: 16384 op, 71063.00 ns, 4.3373 ns/op
OverheadActual   5: 16384 op, 70561.00 ns, 4.3067 ns/op
OverheadActual   6: 16384 op, 83927.00 ns, 5.1225 ns/op
OverheadActual   7: 16384 op, 70091.00 ns, 4.2780 ns/op
OverheadActual   8: 16384 op, 70812.00 ns, 4.3220 ns/op
OverheadActual   9: 16384 op, 87774.00 ns, 5.3573 ns/op
OverheadActual  10: 16384 op, 73848.00 ns, 4.5073 ns/op
OverheadActual  11: 16384 op, 70251.00 ns, 4.2878 ns/op
OverheadActual  12: 16384 op, 70872.00 ns, 4.3257 ns/op
OverheadActual  13: 16384 op, 70892.00 ns, 4.3269 ns/op
OverheadActual  14: 16384 op, 70120.00 ns, 4.2798 ns/op
OverheadActual  15: 16384 op, 70020.00 ns, 4.2737 ns/op

WorkloadWarmup   1: 16384 op, 543504004.00 ns, 33.1729 us/op
WorkloadWarmup   2: 16384 op, 568155480.00 ns, 34.6775 us/op
WorkloadWarmup   3: 16384 op, 531250141.00 ns, 32.4249 us/op

// BeforeActualRun
WorkloadActual   1: 16384 op, 522047104.00 ns, 31.8632 us/op
WorkloadActual   2: 16384 op, 527278517.00 ns, 32.1825 us/op
WorkloadActual   3: 16384 op, 528898627.00 ns, 32.2814 us/op

// AfterActualRun
WorkloadResult   1: 16384 op, 521976212.00 ns, 31.8589 us/op
WorkloadResult   2: 16384 op, 527207625.00 ns, 32.1782 us/op
WorkloadResult   3: 16384 op, 528827735.00 ns, 32.2771 us/op
// GC:  192 0 0 3231361248 16384
// Threading:  0 0 16384

// AfterAll
// Benchmark Process 3184 has exited with code 0.

Mean = 32.105 μs, StdErr = 0.126 μs (0.39%), N = 3, StdDev = 0.219 μs
Min = 31.859 μs, Q1 = 32.019 μs, Median = 32.178 μs, Q3 = 32.228 μs, Max = 32.277 μs
IQR = 0.209 μs, LowerFence = 31.705 μs, UpperFence = 32.541 μs
ConfidenceInterval = [28.117 μs; 36.092 μs] (CI 99.9%), Margin = 3.987 μs (12.42% of Mean)
Skewness = -0.3, Kurtosis = 0.67, MValue = 2

// ** Remained 8 (57.1 %) benchmark(s) to run. Estimated finish 2026-10-07 15:27 (0h 1m from now) **
// **************************
// Benchmark: EncryptDecryptBenchmarks.Decrypt_Medium: ShortRun(IterationCount=3, LaunchCount=1, WarmupCount=3)
// *** Execute ***
// Launch: 1 / 1
// Execute: dotnet Encina.Messaging.Encryption.Benchmarks-Job-YFEFPZ-1.dll --anonymousPipes 146 147 --benchmarkName Encina.Messaging.Encryption.Benchmarks.EncryptDecryptBenchmarks.Decrypt_Medium --job ShortRun --benchmarkId 6 in /home/runner/work/Encina/Encina/tests/Encina.BenchmarkTests/Encina.Messaging.Encryption.Benchmarks/bin/Release/net10.0/Encina.Messaging.Encryption.Benchmarks-Job-YFEFPZ-1/bin/Release/net10.0
// Failed to set up high priority (Permission denied). In order to run benchmarks with high priority, make sure you have the right permissions.
// BeforeAnythingElse

// Benchmark Process Environment Information:
// BenchmarkDotNet v0.15.8
// Runtime=.NET 10.0.12 (10.0.12, 10.0.1226.42308), X64 RyuJIT x86-64-v3
// GC=Concurrent Workstation
// HardwareIntrinsics=AVX2+BMI1+BMI2+F16C+FMA+LZCNT+MOVBE,AVX,SSE3+SSSE3+SSE4.1+SSE4.2+POPCNT,X86Base+SSE+SSE2,AES+PCLMUL VectorSize=256
// Job: ShortRun(IterationCount=3, LaunchCount=1, WarmupCount=3)

OverheadJitting  1: 1 op, 221803.00 ns, 221.8030 us/op
WorkloadJitting  1: 1 op, 16404937.00 ns, 16.4049 ms/op

OverheadJitting  2: 16 op, 211855.00 ns, 13.2409 us/op
WorkloadJitting  2: 16 op, 377943.00 ns, 23.6214 us/op

WorkloadPilot    1: 16 op, 111809.00 ns, 6.9881 us/op
WorkloadPilot    2: 32 op, 215521.00 ns, 6.7350 us/op
WorkloadPilot    3: 64 op, 395997.00 ns, 6.1875 us/op
WorkloadPilot    4: 128 op, 623400.00 ns, 4.8703 us/op
WorkloadPilot    5: 256 op, 1302045.00 ns, 5.0861 us/op
WorkloadPilot    6: 512 op, 2595833.00 ns, 5.0700 us/op
WorkloadPilot    7: 1024 op, 5224468.00 ns, 5.1020 us/op
WorkloadPilot    8: 2048 op, 10155940.00 ns, 4.9590 us/op
WorkloadPilot    9: 4096 op, 20380920.00 ns, 4.9758 us/op
WorkloadPilot   10: 8192 op, 38344489.00 ns, 4.6807 us/op
WorkloadPilot   11: 16384 op, 64706365.00 ns, 3.9494 us/op
WorkloadPilot   12: 32768 op, 131312137.00 ns, 4.0073 us/op
WorkloadPilot   13: 65536 op, 260566514.00 ns, 3.9759 us/op
WorkloadPilot   14: 131072 op, 518103156.00 ns, 3.9528 us/op

OverheadWarmup   1: 131072 op, 212856.00 ns, 1.6240 ns/op
OverheadWarmup   2: 131072 op, 212525.00 ns, 1.6214 ns/op
OverheadWarmup   3: 131072 op, 212576.00 ns, 1.6218 ns/op
OverheadWarmup   4: 131072 op, 239185.00 ns, 1.8248 ns/op
OverheadWarmup   5: 131072 op, 212516.00 ns, 1.6214 ns/op
OverheadWarmup   6: 131072 op, 214589.00 ns, 1.6372 ns/op
OverheadWarmup   7: 131072 op, 223576.00 ns, 1.7057 ns/op
OverheadWarmup   8: 131072 op, 236480.00 ns, 1.8042 ns/op
OverheadWarmup   9: 131072 op, 212576.00 ns, 1.6218 ns/op

OverheadActual   1: 131072 op, 212575.00 ns, 1.6218 ns/op
OverheadActual   2: 131072 op, 212595.00 ns, 1.6220 ns/op
OverheadActual   3: 131072 op, 212576.00 ns, 1.6218 ns/op
OverheadActual   4: 131072 op, 228495.00 ns, 1.7433 ns/op
OverheadActual   5: 131072 op, 228856.00 ns, 1.7460 ns/op
OverheadActual   6: 131072 op, 212556.00 ns, 1.6217 ns/op
OverheadActual   7: 131072 op, 212545.00 ns, 1.6216 ns/op
OverheadActual   8: 131072 op, 237582.00 ns, 1.8126 ns/op
OverheadActual   9: 131072 op, 212575.00 ns, 1.6218 ns/op
OverheadActual  10: 131072 op, 212526.00 ns, 1.6214 ns/op
OverheadActual  11: 131072 op, 212546.00 ns, 1.6216 ns/op
OverheadActual  12: 131072 op, 242852.00 ns, 1.8528 ns/op
OverheadActual  13: 131072 op, 212576.00 ns, 1.6218 ns/op
OverheadActual  14: 131072 op, 212536.00 ns, 1.6215 ns/op
OverheadActual  15: 131072 op, 229006.00 ns, 1.7472 ns/op
OverheadActual  16: 131072 op, 212967.00 ns, 1.6248 ns/op

WorkloadWarmup   1: 131072 op, 524171014.00 ns, 3.9991 us/op
WorkloadWarmup   2: 131072 op, 520532269.00 ns, 3.9713 us/op
WorkloadWarmup   3: 131072 op, 520022900.00 ns, 3.9675 us/op

// BeforeActualRun
WorkloadActual   1: 131072 op, 522509768.00 ns, 3.9864 us/op
WorkloadActual   2: 131072 op, 520257665.00 ns, 3.9693 us/op
WorkloadActual   3: 131072 op, 517206530.00 ns, 3.9460 us/op

// AfterActualRun
WorkloadResult   1: 131072 op, 522297192.00 ns, 3.9848 us/op
WorkloadResult   2: 131072 op, 520045089.00 ns, 3.9676 us/op
WorkloadResult   3: 131072 op, 516993954.00 ns, 3.9444 us/op
// GC:  18 0 0 316674208 131072
// Threading:  0 0 131072

// AfterAll
// Benchmark Process 3191 has exited with code 0.

Mean = 3.966 μs, StdErr = 0.012 μs (0.30%), N = 3, StdDev = 0.020 μs
Min = 3.944 μs, Q1 = 3.956 μs, Median = 3.968 μs, Q3 = 3.976 μs, Max = 3.985 μs
IQR = 0.020 μs, LowerFence = 3.926 μs, UpperFence = 4.007 μs
ConfidenceInterval = [3.595 μs; 4.336 μs] (CI 99.9%), Margin = 0.370 μs (9.34% of Mean)
Skewness = -0.1, Kurtosis = 0.67, MValue = 2

// ** Remained 7 (50.0 %) benchmark(s) to run. Estimated finish 2026-10-07 15:27 (0h 1m from now) **
// **************************
// Benchmark: EncryptDecryptBenchmarks.Decrypt_Large: ShortRun(IterationCount=3, LaunchCount=1, WarmupCount=3)
// *** Execute ***
// Launch: 1 / 1
// Execute: dotnet Encina.Messaging.Encryption.Benchmarks-Job-YFEFPZ-1.dll --anonymousPipes 146 147 --benchmarkName Encina.Messaging.Encryption.Benchmarks.EncryptDecryptBenchmarks.Decrypt_Large --job ShortRun --benchmarkId 7 in /home/runner/work/Encina/Encina/tests/Encina.BenchmarkTests/Encina.Messaging.Encryption.Benchmarks/bin/Release/net10.0/Encina.Messaging.Encryption.Benchmarks-Job-YFEFPZ-1/bin/Release/net10.0
// Failed to set up high priority (Permission denied). In order to run benchmarks with high priority, make sure you have the right permissions.
// BeforeAnythingElse

// Benchmark Process Environment Information:
// BenchmarkDotNet v0.15.8
// Runtime=.NET 10.0.12 (10.0.12, 10.0.1226.42308), X64 RyuJIT x86-64-v3
// GC=Concurrent Workstation
// HardwareIntrinsics=AVX2+BMI1+BMI2+F16C+FMA+LZCNT+MOVBE,AVX,SSE3+SSSE3+SSE4.1+SSE4.2+POPCNT,X86Base+SSE+SSE2,AES+PCLMUL VectorSize=256
// Job: ShortRun(IterationCount=3, LaunchCount=1, WarmupCount=3)

OverheadJitting  1: 1 op, 222845.00 ns, 222.8450 us/op
WorkloadJitting  1: 1 op, 16464733.00 ns, 16.4647 ms/op

OverheadJitting  2: 16 op, 205563.00 ns, 12.8477 us/op
WorkloadJitting  2: 16 op, 1718511.00 ns, 107.4069 us/op

WorkloadPilot    1: 16 op, 1426237.00 ns, 89.1398 us/op
WorkloadPilot    2: 32 op, 1906853.00 ns, 59.5892 us/op
WorkloadPilot    3: 64 op, 4947668.00 ns, 77.3073 us/op
WorkloadPilot    4: 128 op, 9549460.00 ns, 74.6052 us/op
WorkloadPilot    5: 256 op, 9350018.00 ns, 36.5235 us/op
WorkloadPilot    6: 512 op, 13893493.00 ns, 27.1357 us/op
WorkloadPilot    7: 1024 op, 27602952.00 ns, 26.9560 us/op
WorkloadPilot    8: 2048 op, 54227762.00 ns, 26.4784 us/op
WorkloadPilot    9: 4096 op, 109812400.00 ns, 26.8097 us/op
WorkloadPilot   10: 8192 op, 218085414.00 ns, 26.6218 us/op
WorkloadPilot   11: 16384 op, 433761269.00 ns, 26.4747 us/op
WorkloadPilot   12: 32768 op, 862737123.00 ns, 26.3286 us/op

OverheadWarmup   1: 32768 op, 53790.00 ns, 1.6415 ns/op
OverheadWarmup   2: 32768 op, 70091.00 ns, 2.1390 ns/op
OverheadWarmup   3: 32768 op, 64601.00 ns, 1.9715 ns/op
OverheadWarmup   4: 32768 op, 64119.00 ns, 1.9568 ns/op
OverheadWarmup   5: 32768 op, 70231.00 ns, 2.1433 ns/op
OverheadWarmup   6: 32768 op, 69269.00 ns, 2.1139 ns/op

OverheadActual   1: 32768 op, 74810.00 ns, 2.2830 ns/op
OverheadActual   2: 32768 op, 72425.00 ns, 2.2102 ns/op
OverheadActual   3: 32768 op, 72865.00 ns, 2.2237 ns/op
OverheadActual   4: 32768 op, 69580.00 ns, 2.1234 ns/op
OverheadActual   5: 32768 op, 69680.00 ns, 2.1265 ns/op
OverheadActual   6: 32768 op, 69570.00 ns, 2.1231 ns/op
OverheadActual   7: 32768 op, 69349.00 ns, 2.1164 ns/op
OverheadActual   8: 32768 op, 64831.00 ns, 1.9785 ns/op
OverheadActual   9: 32768 op, 90057.00 ns, 2.7483 ns/op
OverheadActual  10: 32768 op, 69419.00 ns, 2.1185 ns/op
OverheadActual  11: 32768 op, 69089.00 ns, 2.1084 ns/op
OverheadActual  12: 32768 op, 85950.00 ns, 2.6230 ns/op
OverheadActual  13: 32768 op, 69529.00 ns, 2.1219 ns/op
OverheadActual  14: 32768 op, 69249.00 ns, 2.1133 ns/op
OverheadActual  15: 32768 op, 74709.00 ns, 2.2799 ns/op

WorkloadWarmup   1: 32768 op, 888074034.00 ns, 27.1019 us/op
WorkloadWarmup   2: 32768 op, 871111955.00 ns, 26.5842 us/op
WorkloadWarmup   3: 32768 op, 868496415.00 ns, 26.5044 us/op

// BeforeActualRun
WorkloadActual   1: 32768 op, 872990463.00 ns, 26.6416 us/op
WorkloadActual   2: 32768 op, 867017419.00 ns, 26.4593 us/op
WorkloadActual   3: 32768 op, 863164376.00 ns, 26.3417 us/op

// AfterActualRun
WorkloadResult   1: 32768 op, 872920883.00 ns, 26.6394 us/op
WorkloadResult   2: 32768 op, 866947839.00 ns, 26.4571 us/op
WorkloadResult   3: 32768 op, 863094796.00 ns, 26.3396 us/op
// GC:  257 32 0 4307083488 32768
// Threading:  0 0 32768

// AfterAll
// Benchmark Process 3198 has exited with code 0.

Mean = 26.479 μs, StdErr = 0.087 μs (0.33%), N = 3, StdDev = 0.151 μs
Min = 26.340 μs, Q1 = 26.398 μs, Median = 26.457 μs, Q3 = 26.548 μs, Max = 26.639 μs
IQR = 0.150 μs, LowerFence = 26.173 μs, UpperFence = 26.773 μs
ConfidenceInterval = [23.722 μs; 29.235 μs] (CI 99.9%), Margin = 2.756 μs (10.41% of Mean)
Skewness = 0.14, Kurtosis = 0.67, MValue = 2

// ** Remained 6 (42.9 %) benchmark(s) to run. Estimated finish 2026-10-07 15:27 (0h 0m from now) **
// **************************
// Benchmark: EncryptDecryptBenchmarks.Decrypt_Short: Job-YFEFPZ(IterationCount=10, WarmupCount=3)
// *** Execute ***
// Launch: 1 / 1
// Execute: dotnet Encina.Messaging.Encryption.Benchmarks-Job-YFEFPZ-1.dll --anonymousPipes 146 147 --benchmarkName Encina.Messaging.Encryption.Benchmarks.EncryptDecryptBenchmarks.Decrypt_Short --job "IterationCount=10, WarmupCount=3" --benchmarkId 8 in /home/runner/work/Encina/Encina/tests/Encina.BenchmarkTests/Encina.Messaging.Encryption.Benchmarks/bin/Release/net10.0/Encina.Messaging.Encryption.Benchmarks-Job-YFEFPZ-1/bin/Release/net10.0
// Failed to set up high priority (Permission denied). In order to run benchmarks with high priority, make sure you have the right permissions.
// BeforeAnythingElse

// Benchmark Process Environment Information:
// BenchmarkDotNet v0.15.8
// Runtime=.NET 10.0.12 (10.0.12, 10.0.1226.42308), X64 RyuJIT x86-64-v3
// GC=Concurrent Workstation
// HardwareIntrinsics=AVX2+BMI1+BMI2+F16C+FMA+LZCNT+MOVBE,AVX,SSE3+SSSE3+SSE4.1+SSE4.2+POPCNT,X86Base+SSE+SSE2,AES+PCLMUL VectorSize=256
// Job: Job-YFEFPZ(IterationCount=10, WarmupCount=3)

OverheadJitting  1: 1 op, 219850.00 ns, 219.8500 us/op
WorkloadJitting  1: 1 op, 16395318.00 ns, 16.3953 ms/op

OverheadJitting  2: 16 op, 205112.00 ns, 12.8195 us/op
WorkloadJitting  2: 16 op, 363728.00 ns, 22.7330 us/op

WorkloadPilot    1: 16 op, 122508.00 ns, 7.6568 us/op
WorkloadPilot    2: 32 op, 149890.00 ns, 4.6841 us/op
WorkloadPilot    3: 64 op, 287756.00 ns, 4.4962 us/op
WorkloadPilot    4: 128 op, 499680.00 ns, 3.9038 us/op
WorkloadPilot    5: 256 op, 950930.00 ns, 3.7146 us/op
WorkloadPilot    6: 512 op, 1833645.00 ns, 3.5813 us/op
WorkloadPilot    7: 1024 op, 3565790.00 ns, 3.4822 us/op
WorkloadPilot    8: 2048 op, 7132311.00 ns, 3.4826 us/op
WorkloadPilot    9: 4096 op, 14185013.00 ns, 3.4631 us/op
WorkloadPilot   10: 8192 op, 28202182.00 ns, 3.4426 us/op
WorkloadPilot   11: 16384 op, 55648548.00 ns, 3.3965 us/op
WorkloadPilot   12: 32768 op, 112953891.00 ns, 3.4471 us/op
WorkloadPilot   13: 65536 op, 216449737.00 ns, 3.3028 us/op
WorkloadPilot   14: 131072 op, 422748853.00 ns, 3.2253 us/op
WorkloadPilot   15: 262144 op, 846990029.00 ns, 3.2310 us/op

OverheadWarmup   1: 262144 op, 424971.00 ns, 1.6211 ns/op
OverheadWarmup   2: 262144 op, 455969.00 ns, 1.7394 ns/op
OverheadWarmup   3: 262144 op, 454557.00 ns, 1.7340 ns/op
OverheadWarmup   4: 262144 op, 453354.00 ns, 1.7294 ns/op
OverheadWarmup   5: 262144 op, 454366.00 ns, 1.7333 ns/op
OverheadWarmup   6: 262144 op, 456230.00 ns, 1.7404 ns/op
OverheadWarmup   7: 262144 op, 465477.00 ns, 1.7757 ns/op
OverheadWarmup   8: 262144 op, 463432.00 ns, 1.7679 ns/op

OverheadActual   1: 262144 op, 463453.00 ns, 1.7679 ns/op
OverheadActual   2: 262144 op, 443786.00 ns, 1.6929 ns/op
OverheadActual   3: 262144 op, 445790.00 ns, 1.7006 ns/op
OverheadActual   4: 262144 op, 441181.00 ns, 1.6830 ns/op
OverheadActual   5: 262144 op, 441262.00 ns, 1.6833 ns/op
OverheadActual   6: 262144 op, 443235.00 ns, 1.6908 ns/op
OverheadActual   7: 262144 op, 440260.00 ns, 1.6795 ns/op
OverheadActual   8: 262144 op, 435030.00 ns, 1.6595 ns/op
OverheadActual   9: 262144 op, 440450.00 ns, 1.6802 ns/op
OverheadActual  10: 262144 op, 440840.00 ns, 1.6817 ns/op
OverheadActual  11: 262144 op, 440992.00 ns, 1.6823 ns/op
OverheadActual  12: 262144 op, 434830.00 ns, 1.6587 ns/op
OverheadActual  13: 262144 op, 442794.00 ns, 1.6891 ns/op
OverheadActual  14: 262144 op, 440240.00 ns, 1.6794 ns/op
OverheadActual  15: 262144 op, 440099.00 ns, 1.6788 ns/op

WorkloadWarmup   1: 262144 op, 853716454.00 ns, 3.2567 us/op
WorkloadWarmup   2: 262144 op, 861843955.00 ns, 3.2877 us/op
WorkloadWarmup   3: 262144 op, 848199722.00 ns, 3.2356 us/op

// BeforeActualRun
WorkloadActual   1: 262144 op, 849952415.00 ns, 3.2423 us/op
WorkloadActual   2: 262144 op, 850923018.00 ns, 3.2460 us/op
WorkloadActual   3: 262144 op, 849133463.00 ns, 3.2392 us/op
WorkloadActual   4: 262144 op, 852743910.00 ns, 3.2530 us/op
WorkloadActual   5: 262144 op, 847814197.00 ns, 3.2342 us/op
WorkloadActual   6: 262144 op, 848126849.00 ns, 3.2353 us/op
WorkloadActual   7: 262144 op, 848337552.00 ns, 3.2362 us/op
WorkloadActual   8: 262144 op, 848935054.00 ns, 3.2384 us/op
WorkloadActual   9: 262144 op, 848085292.00 ns, 3.2352 us/op
WorkloadActual  10: 262144 op, 849156057.00 ns, 3.2393 us/op

// AfterActualRun
WorkloadResult   1: 262144 op, 849511423.00 ns, 3.2406 us/op
WorkloadResult   2: 262144 op, 850482026.00 ns, 3.2443 us/op
WorkloadResult   3: 262144 op, 848692471.00 ns, 3.2375 us/op
WorkloadResult   4: 262144 op, 847373205.00 ns, 3.2325 us/op
WorkloadResult   5: 262144 op, 847685857.00 ns, 3.2337 us/op
WorkloadResult   6: 262144 op, 847896560.00 ns, 3.2345 us/op
WorkloadResult   7: 262144 op, 848494062.00 ns, 3.2367 us/op
WorkloadResult   8: 262144 op, 847644300.00 ns, 3.2335 us/op
WorkloadResult   9: 262144 op, 848715065.00 ns, 3.2376 us/op
// GC:  7 0 0 117442304 262144
// Threading:  0 0 262144

// AfterAll
// Benchmark Process 3206 has exited with code 0.

Mean = 3.237 μs, StdErr = 0.001 μs (0.04%), N = 9, StdDev = 0.004 μs
Min = 3.232 μs, Q1 = 3.234 μs, Median = 3.237 μs, Q3 = 3.238 μs, Max = 3.244 μs
IQR = 0.004 μs, LowerFence = 3.228 μs, UpperFence = 3.243 μs
ConfidenceInterval = [3.230 μs; 3.243 μs] (CI 99.9%), Margin = 0.006 μs (0.20% of Mean)
Skewness = 0.66, Kurtosis = 2.1, MValue = 2

// ** Remained 5 (35.7 %) benchmark(s) to run. Estimated finish 2026-10-07 15:27 (0h 0m from now) **
// **************************
// Benchmark: EncryptDecryptBenchmarks.Decrypt_Short: ShortRun(IterationCount=3, LaunchCount=1, WarmupCount=3)
// *** Execute ***
// Launch: 1 / 1
// Execute: dotnet Encina.Messaging.Encryption.Benchmarks-Job-YFEFPZ-1.dll --anonymousPipes 146 147 --benchmarkName Encina.Messaging.Encryption.Benchmarks.EncryptDecryptBenchmarks.Decrypt_Short --job ShortRun --benchmarkId 9 in /home/runner/work/Encina/Encina/tests/Encina.BenchmarkTests/Encina.Messaging.Encryption.Benchmarks/bin/Release/net10.0/Encina.Messaging.Encryption.Benchmarks-Job-YFEFPZ-1/bin/Release/net10.0
// Failed to set up high priority (Permission denied). In order to run benchmarks with high priority, make sure you have the right permissions.
// BeforeAnythingElse

// Benchmark Process Environment Information:
// BenchmarkDotNet v0.15.8
// Runtime=.NET 10.0.12 (10.0.12, 10.0.1226.42308), X64 RyuJIT x86-64-v3
// GC=Concurrent Workstation
// HardwareIntrinsics=AVX2+BMI1+BMI2+F16C+FMA+LZCNT+MOVBE,AVX,SSE3+SSSE3+SSE4.1+SSE4.2+POPCNT,X86Base+SSE+SSE2,AES+PCLMUL VectorSize=256
// Job: ShortRun(IterationCount=3, LaunchCount=1, WarmupCount=3)

OverheadJitting  1: 1 op, 223256.00 ns, 223.2560 us/op
WorkloadJitting  1: 1 op, 16253765.00 ns, 16.2538 ms/op

OverheadJitting  2: 16 op, 206013.00 ns, 12.8758 us/op
WorkloadJitting  2: 16 op, 364880.00 ns, 22.8050 us/op

WorkloadPilot    1: 16 op, 81321.00 ns, 5.0826 us/op
WorkloadPilot    2: 32 op, 134680.00 ns, 4.2088 us/op
WorkloadPilot    3: 64 op, 241630.00 ns, 3.7755 us/op
WorkloadPilot    4: 128 op, 480725.00 ns, 3.7557 us/op
WorkloadPilot    5: 256 op, 932265.00 ns, 3.6417 us/op
WorkloadPilot    6: 512 op, 1811081.00 ns, 3.5373 us/op
WorkloadPilot    7: 1024 op, 3511166.00 ns, 3.4289 us/op
WorkloadPilot    8: 2048 op, 7054431.00 ns, 3.4445 us/op
WorkloadPilot    9: 4096 op, 14082003.00 ns, 3.4380 us/op
WorkloadPilot   10: 8192 op, 28164336.00 ns, 3.4380 us/op
WorkloadPilot   11: 16384 op, 56806339.00 ns, 3.4672 us/op
WorkloadPilot   12: 32768 op, 112534742.00 ns, 3.4343 us/op
WorkloadPilot   13: 65536 op, 216674087.00 ns, 3.3062 us/op
WorkloadPilot   14: 131072 op, 426857963.00 ns, 3.2567 us/op
WorkloadPilot   15: 262144 op, 853604638.00 ns, 3.2562 us/op

OverheadWarmup   1: 262144 op, 446421.00 ns, 1.7030 ns/op
OverheadWarmup   2: 262144 op, 451100.00 ns, 1.7208 ns/op
OverheadWarmup   3: 262144 op, 455067.00 ns, 1.7359 ns/op
OverheadWarmup   4: 262144 op, 453815.00 ns, 1.7312 ns/op
OverheadWarmup   5: 262144 op, 456350.00 ns, 1.7408 ns/op
OverheadWarmup   6: 262144 op, 455748.00 ns, 1.7385 ns/op

OverheadActual   1: 262144 op, 444979.00 ns, 1.6975 ns/op
OverheadActual   2: 262144 op, 442404.00 ns, 1.6876 ns/op
OverheadActual   3: 262144 op, 442494.00 ns, 1.6880 ns/op
OverheadActual   4: 262144 op, 461650.00 ns, 1.7611 ns/op
OverheadActual   5: 262144 op, 441581.00 ns, 1.6845 ns/op
OverheadActual   6: 262144 op, 439939.00 ns, 1.6782 ns/op
OverheadActual   7: 262144 op, 439769.00 ns, 1.6776 ns/op
OverheadActual   8: 262144 op, 456830.00 ns, 1.7427 ns/op
OverheadActual   9: 262144 op, 463793.00 ns, 1.7692 ns/op
OverheadActual  10: 262144 op, 465346.00 ns, 1.7752 ns/op
OverheadActual  11: 262144 op, 464044.00 ns, 1.7702 ns/op
OverheadActual  12: 262144 op, 463202.00 ns, 1.7670 ns/op
OverheadActual  13: 262144 op, 462811.00 ns, 1.7655 ns/op
OverheadActual  14: 262144 op, 462541.00 ns, 1.7645 ns/op
OverheadActual  15: 262144 op, 464244.00 ns, 1.7710 ns/op

WorkloadWarmup   1: 262144 op, 858138037.00 ns, 3.2735 us/op
WorkloadWarmup   2: 262144 op, 862217390.00 ns, 3.2891 us/op
WorkloadWarmup   3: 262144 op, 851839433.00 ns, 3.2495 us/op

// BeforeActualRun
WorkloadActual   1: 262144 op, 860574833.00 ns, 3.2828 us/op
WorkloadActual   2: 262144 op, 852815119.00 ns, 3.2532 us/op
WorkloadActual   3: 262144 op, 854708588.00 ns, 3.2605 us/op

// AfterActualRun
WorkloadResult   1: 262144 op, 860113183.00 ns, 3.2811 us/op
WorkloadResult   2: 262144 op, 852353469.00 ns, 3.2515 us/op
WorkloadResult   3: 262144 op, 854246938.00 ns, 3.2587 us/op
// GC:  7 0 0 117442304 262144
// Threading:  0 0 262144

// AfterAll
// Benchmark Process 3217 has exited with code 0.

Mean = 3.264 μs, StdErr = 0.009 μs (0.27%), N = 3, StdDev = 0.015 μs
Min = 3.251 μs, Q1 = 3.255 μs, Median = 3.259 μs, Q3 = 3.270 μs, Max = 3.281 μs
IQR = 0.015 μs, LowerFence = 3.233 μs, UpperFence = 3.292 μs
ConfidenceInterval = [2.982 μs; 3.545 μs] (CI 99.9%), Margin = 0.282 μs (8.63% of Mean)
Skewness = 0.29, Kurtosis = 0.67, MValue = 2

// ** Remained 4 (28.6 %) benchmark(s) to run. Estimated finish 2026-10-07 15:27 (0h 0m from now) **
// **************************
// Benchmark: EncryptDecryptBenchmarks.Encrypt_Short: Job-YFEFPZ(IterationCount=10, WarmupCount=3)
// *** Execute ***
// Launch: 1 / 1
// Execute: dotnet Encina.Messaging.Encryption.Benchmarks-Job-YFEFPZ-1.dll --anonymousPipes 146 147 --benchmarkName Encina.Messaging.Encryption.Benchmarks.EncryptDecryptBenchmarks.Encrypt_Short --job "IterationCount=10, WarmupCount=3" --benchmarkId 10 in /home/runner/work/Encina/Encina/tests/Encina.BenchmarkTests/Encina.Messaging.Encryption.Benchmarks/bin/Release/net10.0/Encina.Messaging.Encryption.Benchmarks-Job-YFEFPZ-1/bin/Release/net10.0
// Failed to set up high priority (Permission denied). In order to run benchmarks with high priority, make sure you have the right permissions.
// BeforeAnythingElse

// Benchmark Process Environment Information:
// BenchmarkDotNet v0.15.8
// Runtime=.NET 10.0.12 (10.0.12, 10.0.1226.42308), X64 RyuJIT x86-64-v3
// GC=Concurrent Workstation
// HardwareIntrinsics=AVX2+BMI1+BMI2+F16C+FMA+LZCNT+MOVBE,AVX,SSE3+SSSE3+SSE4.1+SSE4.2+POPCNT,X86Base+SSE+SSE2,AES+PCLMUL VectorSize=256
// Job: Job-YFEFPZ(IterationCount=10, WarmupCount=3)

OverheadJitting  1: 1 op, 265164.00 ns, 265.1640 us/op
WorkloadJitting  1: 1 op, 353007.00 ns, 353.0070 us/op

OverheadJitting  2: 16 op, 474854.00 ns, 29.6784 us/op
WorkloadJitting  2: 16 op, 621959.00 ns, 38.8724 us/op

WorkloadPilot    1: 16 op, 118551.00 ns, 7.4094 us/op
WorkloadPilot    2: 32 op, 207286.00 ns, 6.4777 us/op
WorkloadPilot    3: 64 op, 376381.00 ns, 5.8810 us/op
WorkloadPilot    4: 128 op, 758624.00 ns, 5.9268 us/op
WorkloadPilot    5: 256 op, 1484977.00 ns, 5.8007 us/op
WorkloadPilot    6: 512 op, 2827116.00 ns, 5.5217 us/op
WorkloadPilot    7: 1024 op, 5797561.00 ns, 5.6617 us/op
WorkloadPilot    8: 2048 op, 11460340.00 ns, 5.5959 us/op
WorkloadPilot    9: 4096 op, 23000852.00 ns, 5.6154 us/op
WorkloadPilot   10: 8192 op, 45608320.00 ns, 5.5674 us/op
WorkloadPilot   11: 16384 op, 89025077.00 ns, 5.4337 us/op
WorkloadPilot   12: 32768 op, 178126896.00 ns, 5.4360 us/op
WorkloadPilot   13: 65536 op, 346826169.00 ns, 5.2921 us/op
WorkloadPilot   14: 131072 op, 684398828.00 ns, 5.2215 us/op

OverheadWarmup   1: 131072 op, 462020.00 ns, 3.5249 ns/op
OverheadWarmup   2: 131072 op, 429891.00 ns, 3.2798 ns/op
OverheadWarmup   3: 131072 op, 429871.00 ns, 3.2797 ns/op
OverheadWarmup   4: 131072 op, 429800.00 ns, 3.2791 ns/op
OverheadWarmup   5: 131072 op, 429871.00 ns, 3.2797 ns/op
OverheadWarmup   6: 131072 op, 429781.00 ns, 3.2790 ns/op
OverheadWarmup   7: 131072 op, 457923.00 ns, 3.4937 ns/op
OverheadWarmup   8: 131072 op, 459617.00 ns, 3.5066 ns/op
OverheadWarmup   9: 131072 op, 449928.00 ns, 3.4327 ns/op

OverheadActual   1: 131072 op, 448806.00 ns, 3.4241 ns/op
OverheadActual   2: 131072 op, 429871.00 ns, 3.2797 ns/op
OverheadActual   3: 131072 op, 429921.00 ns, 3.2800 ns/op
OverheadActual   4: 131072 op, 429861.00 ns, 3.2796 ns/op
OverheadActual   5: 131072 op, 452173.00 ns, 3.4498 ns/op
OverheadActual   6: 131072 op, 448165.00 ns, 3.4192 ns/op
OverheadActual   7: 131072 op, 448025.00 ns, 3.4182 ns/op
OverheadActual   8: 131072 op, 455910.00 ns, 3.4783 ns/op
OverheadActual   9: 131072 op, 446322.00 ns, 3.4052 ns/op
OverheadActual  10: 131072 op, 645963.00 ns, 4.9283 ns/op
OverheadActual  11: 131072 op, 429840.00 ns, 3.2794 ns/op
OverheadActual  12: 131072 op, 429850.00 ns, 3.2795 ns/op
OverheadActual  13: 131072 op, 429841.00 ns, 3.2794 ns/op
OverheadActual  14: 131072 op, 429830.00 ns, 3.2793 ns/op
OverheadActual  15: 131072 op, 449958.00 ns, 3.4329 ns/op

WorkloadWarmup   1: 131072 op, 698913600.00 ns, 5.3323 us/op
WorkloadWarmup   2: 131072 op, 696835238.00 ns, 5.3164 us/op
WorkloadWarmup   3: 131072 op, 687426879.00 ns, 5.2447 us/op

// BeforeActualRun
WorkloadActual   1: 131072 op, 688706063.00 ns, 5.2544 us/op
WorkloadActual   2: 131072 op, 686340105.00 ns, 5.2364 us/op
WorkloadActual   3: 131072 op, 690732327.00 ns, 5.2699 us/op
WorkloadActual   4: 131072 op, 687033696.00 ns, 5.2417 us/op
WorkloadActual   5: 131072 op, 687596636.00 ns, 5.2459 us/op
WorkloadActual   6: 131072 op, 687566670.00 ns, 5.2457 us/op
WorkloadActual   7: 131072 op, 687216612.00 ns, 5.2430 us/op
WorkloadActual   8: 131072 op, 687123016.00 ns, 5.2423 us/op
WorkloadActual   9: 131072 op, 686384010.00 ns, 5.2367 us/op
WorkloadActual  10: 131072 op, 686522458.00 ns, 5.2378 us/op

// AfterActualRun
WorkloadResult   1: 131072 op, 688259741.00 ns, 5.2510 us/op
WorkloadResult   2: 131072 op, 685893783.00 ns, 5.2330 us/op
WorkloadResult   3: 131072 op, 686587374.00 ns, 5.2382 us/op
WorkloadResult   4: 131072 op, 687150314.00 ns, 5.2425 us/op
WorkloadResult   5: 131072 op, 687120348.00 ns, 5.2423 us/op
WorkloadResult   6: 131072 op, 686770290.00 ns, 5.2396 us/op
WorkloadResult   7: 131072 op, 686676694.00 ns, 5.2389 us/op
WorkloadResult   8: 131072 op, 685937688.00 ns, 5.2333 us/op
WorkloadResult   9: 131072 op, 686076136.00 ns, 5.2343 us/op
// GC:  5 0 0 96470336 131072
// Threading:  0 0 131072

// AfterAll
// Benchmark Process 3226 has exited with code 0.

Mean = 5.239 μs, StdErr = 0.002 μs (0.04%), N = 9, StdDev = 0.006 μs
Min = 5.233 μs, Q1 = 5.234 μs, Median = 5.239 μs, Q3 = 5.242 μs, Max = 5.251 μs
IQR = 0.008 μs, LowerFence = 5.222 μs, UpperFence = 5.254 μs
ConfidenceInterval = [5.230 μs; 5.249 μs] (CI 99.9%), Margin = 0.010 μs (0.18% of Mean)
Skewness = 0.67, Kurtosis = 2.41, MValue = 2

// ** Remained 3 (21.4 %) benchmark(s) to run. Estimated finish 2026-10-07 15:27 (0h 0m from now) **
// **************************
// Benchmark: EncryptDecryptBenchmarks.Encrypt_Short: ShortRun(IterationCount=3, LaunchCount=1, WarmupCount=3)
// *** Execute ***
// Launch: 1 / 1
// Execute: dotnet Encina.Messaging.Encryption.Benchmarks-Job-YFEFPZ-1.dll --anonymousPipes 146 147 --benchmarkName Encina.Messaging.Encryption.Benchmarks.EncryptDecryptBenchmarks.Encrypt_Short --job ShortRun --benchmarkId 11 in /home/runner/work/Encina/Encina/tests/Encina.BenchmarkTests/Encina.Messaging.Encryption.Benchmarks/bin/Release/net10.0/Encina.Messaging.Encryption.Benchmarks-Job-YFEFPZ-1/bin/Release/net10.0
// Failed to set up high priority (Permission denied). In order to run benchmarks with high priority, make sure you have the right permissions.
// BeforeAnythingElse

// Benchmark Process Environment Information:
// BenchmarkDotNet v0.15.8
// Runtime=.NET 10.0.12 (10.0.12, 10.0.1226.42308), X64 RyuJIT x86-64-v3
// GC=Concurrent Workstation
// HardwareIntrinsics=AVX2+BMI1+BMI2+F16C+FMA+LZCNT+MOVBE,AVX,SSE3+SSSE3+SSE4.1+SSE4.2+POPCNT,X86Base+SSE+SSE2,AES+PCLMUL VectorSize=256
// Job: ShortRun(IterationCount=3, LaunchCount=1, WarmupCount=3)

OverheadJitting  1: 1 op, 248052.00 ns, 248.0520 us/op
WorkloadJitting  1: 1 op, 355362.00 ns, 355.3620 us/op

OverheadJitting  2: 16 op, 453475.00 ns, 28.3422 us/op
WorkloadJitting  2: 16 op, 615296.00 ns, 38.4560 us/op

WorkloadPilot    1: 16 op, 132156.00 ns, 8.2598 us/op
WorkloadPilot    2: 32 op, 209410.00 ns, 6.5441 us/op
WorkloadPilot    3: 64 op, 364940.00 ns, 5.7022 us/op
WorkloadPilot    4: 128 op, 732143.00 ns, 5.7199 us/op
WorkloadPilot    5: 256 op, 1426607.00 ns, 5.5727 us/op
WorkloadPilot    6: 512 op, 2670213.00 ns, 5.2153 us/op
WorkloadPilot    7: 1024 op, 5379158.00 ns, 5.2531 us/op
WorkloadPilot    8: 2048 op, 10671925.00 ns, 5.2109 us/op
WorkloadPilot    9: 4096 op, 21226874.00 ns, 5.1823 us/op
WorkloadPilot   10: 8192 op, 42134187.00 ns, 5.1433 us/op
WorkloadPilot   11: 16384 op, 85179486.00 ns, 5.1989 us/op
WorkloadPilot   12: 32768 op, 163721929.00 ns, 4.9964 us/op
WorkloadPilot   13: 65536 op, 318714891.00 ns, 4.8632 us/op
WorkloadPilot   14: 131072 op, 635075408.00 ns, 4.8452 us/op

OverheadWarmup   1: 131072 op, 450659.00 ns, 3.4383 ns/op
OverheadWarmup   2: 131072 op, 450730.00 ns, 3.4388 ns/op
OverheadWarmup   3: 131072 op, 463373.00 ns, 3.5353 ns/op
OverheadWarmup   4: 131072 op, 463854.00 ns, 3.5389 ns/op
OverheadWarmup   5: 131072 op, 488720.00 ns, 3.7286 ns/op
OverheadWarmup   6: 131072 op, 460047.00 ns, 3.5099 ns/op
OverheadWarmup   7: 131072 op, 474133.00 ns, 3.6173 ns/op
OverheadWarmup   8: 131072 op, 461219.00 ns, 3.5188 ns/op

OverheadActual   1: 131072 op, 460578.00 ns, 3.5139 ns/op
OverheadActual   2: 131072 op, 461941.00 ns, 3.5243 ns/op
OverheadActual   3: 131072 op, 477990.00 ns, 3.6468 ns/op
OverheadActual   4: 131072 op, 449377.00 ns, 3.4285 ns/op
OverheadActual   5: 131072 op, 441382.00 ns, 3.3675 ns/op
OverheadActual   6: 131072 op, 447433.00 ns, 3.4136 ns/op
OverheadActual   7: 131072 op, 446482.00 ns, 3.4064 ns/op
OverheadActual   8: 131072 op, 446622.00 ns, 3.4075 ns/op
OverheadActual   9: 131072 op, 445760.00 ns, 3.4009 ns/op
OverheadActual  10: 131072 op, 445831.00 ns, 3.4014 ns/op
OverheadActual  11: 131072 op, 440049.00 ns, 3.3573 ns/op
OverheadActual  12: 131072 op, 445960.00 ns, 3.4024 ns/op
OverheadActual  13: 131072 op, 448716.00 ns, 3.4234 ns/op
OverheadActual  14: 131072 op, 445369.00 ns, 3.3979 ns/op
OverheadActual  15: 131072 op, 445299.00 ns, 3.3974 ns/op

WorkloadWarmup   1: 131072 op, 643699719.00 ns, 4.9110 us/op
WorkloadWarmup   2: 131072 op, 639181765.00 ns, 4.8766 us/op
WorkloadWarmup   3: 131072 op, 633075463.00 ns, 4.8300 us/op

// BeforeActualRun
WorkloadActual   1: 131072 op, 635254421.00 ns, 4.8466 us/op
WorkloadActual   2: 131072 op, 632843990.00 ns, 4.8282 us/op
WorkloadActual   3: 131072 op, 633319352.00 ns, 4.8318 us/op

// AfterActualRun
WorkloadResult   1: 131072 op, 634807939.00 ns, 4.8432 us/op
WorkloadResult   2: 131072 op, 632397508.00 ns, 4.8248 us/op
WorkloadResult   3: 131072 op, 632872870.00 ns, 4.8284 us/op
// GC:  5 0 0 96470336 131072
// Threading:  0 0 131072

// AfterAll
// Benchmark Process 3236 has exited with code 0.

Mean = 4.832 μs, StdErr = 0.006 μs (0.12%), N = 3, StdDev = 0.010 μs
Min = 4.825 μs, Q1 = 4.827 μs, Median = 4.828 μs, Q3 = 4.836 μs, Max = 4.843 μs
IQR = 0.009 μs, LowerFence = 4.813 μs, UpperFence = 4.850 μs
ConfidenceInterval = [4.654 μs; 5.010 μs] (CI 99.9%), Margin = 0.178 μs (3.68% of Mean)
Skewness = 0.33, Kurtosis = 0.67, MValue = 2

// ** Remained 2 (14.3 %) benchmark(s) to run. Estimated finish 2026-10-07 15:27 (0h 0m from now) **
// **************************
// Benchmark: EncryptDecryptBenchmarks.Roundtrip_Short: Job-YFEFPZ(IterationCount=10, WarmupCount=3)
// *** Execute ***
// Launch: 1 / 1
// Execute: dotnet Encina.Messaging.Encryption.Benchmarks-Job-YFEFPZ-1.dll --anonymousPipes 146 147 --benchmarkName Encina.Messaging.Encryption.Benchmarks.EncryptDecryptBenchmarks.Roundtrip_Short --job "IterationCount=10, WarmupCount=3" --benchmarkId 12 in /home/runner/work/Encina/Encina/tests/Encina.BenchmarkTests/Encina.Messaging.Encryption.Benchmarks/bin/Release/net10.0/Encina.Messaging.Encryption.Benchmarks-Job-YFEFPZ-1/bin/Release/net10.0
// Failed to set up high priority (Permission denied). In order to run benchmarks with high priority, make sure you have the right permissions.
// BeforeAnythingElse

// Benchmark Process Environment Information:
// BenchmarkDotNet v0.15.8
// Runtime=.NET 10.0.12 (10.0.12, 10.0.1226.42308), X64 RyuJIT x86-64-v3
// GC=Concurrent Workstation
// HardwareIntrinsics=AVX2+BMI1+BMI2+F16C+FMA+LZCNT+MOVBE,AVX,SSE3+SSSE3+SSE4.1+SSE4.2+POPCNT,X86Base+SSE+SSE2,AES+PCLMUL VectorSize=256
// Job: Job-YFEFPZ(IterationCount=10, WarmupCount=3)

OverheadJitting  1: 1 op, 223496.00 ns, 223.4960 us/op
WorkloadJitting  1: 1 op, 16267123.00 ns, 16.2671 ms/op

OverheadJitting  2: 16 op, 256788.00 ns, 16.0493 us/op
WorkloadJitting  2: 16 op, 478752.00 ns, 29.9220 us/op

WorkloadPilot    1: 16 op, 175016.00 ns, 10.9385 us/op
WorkloadPilot    2: 32 op, 317451.00 ns, 9.9203 us/op
WorkloadPilot    3: 64 op, 601930.00 ns, 9.4052 us/op
WorkloadPilot    4: 128 op, 1203331.00 ns, 9.4010 us/op
WorkloadPilot    5: 256 op, 2240883.00 ns, 8.7534 us/op
WorkloadPilot    6: 512 op, 4555864.00 ns, 8.8982 us/op
WorkloadPilot    7: 1024 op, 9107641.00 ns, 8.8942 us/op
WorkloadPilot    8: 2048 op, 18313794.00 ns, 8.9423 us/op
WorkloadPilot    9: 4096 op, 36447693.00 ns, 8.8984 us/op
WorkloadPilot   10: 8192 op, 72781766.00 ns, 8.8845 us/op
WorkloadPilot   11: 16384 op, 141392034.00 ns, 8.6299 us/op
WorkloadPilot   12: 32768 op, 279857647.00 ns, 8.5406 us/op
WorkloadPilot   13: 65536 op, 550270406.00 ns, 8.3965 us/op

OverheadWarmup   1: 65536 op, 107530.00 ns, 1.6408 ns/op
OverheadWarmup   2: 65536 op, 123560.00 ns, 1.8854 ns/op
OverheadWarmup   3: 65536 op, 106568.00 ns, 1.6261 ns/op
OverheadWarmup   4: 65536 op, 106538.00 ns, 1.6256 ns/op
OverheadWarmup   5: 65536 op, 106499.00 ns, 1.6250 ns/op
OverheadWarmup   6: 65536 op, 106559.00 ns, 1.6260 ns/op
OverheadWarmup   7: 65536 op, 106549.00 ns, 1.6258 ns/op

OverheadActual   1: 65536 op, 106588.00 ns, 1.6264 ns/op
OverheadActual   2: 65536 op, 106489.00 ns, 1.6249 ns/op
OverheadActual   3: 65536 op, 106568.00 ns, 1.6261 ns/op
OverheadActual   4: 65536 op, 106598.00 ns, 1.6266 ns/op
OverheadActual   5: 65536 op, 106599.00 ns, 1.6266 ns/op
OverheadActual   6: 65536 op, 106528.00 ns, 1.6255 ns/op
OverheadActual   7: 65536 op, 106598.00 ns, 1.6266 ns/op
OverheadActual   8: 65536 op, 107380.00 ns, 1.6385 ns/op
OverheadActual   9: 65536 op, 106518.00 ns, 1.6253 ns/op
OverheadActual  10: 65536 op, 106539.00 ns, 1.6257 ns/op
OverheadActual  11: 65536 op, 122818.00 ns, 1.8741 ns/op
OverheadActual  12: 65536 op, 106549.00 ns, 1.6258 ns/op
OverheadActual  13: 65536 op, 106469.00 ns, 1.6246 ns/op
OverheadActual  14: 65536 op, 106549.00 ns, 1.6258 ns/op
OverheadActual  15: 65536 op, 106539.00 ns, 1.6257 ns/op

WorkloadWarmup   1: 65536 op, 556994688.00 ns, 8.4991 us/op
WorkloadWarmup   2: 65536 op, 557025456.00 ns, 8.4995 us/op
WorkloadWarmup   3: 65536 op, 546621421.00 ns, 8.3408 us/op

// BeforeActualRun
WorkloadActual   1: 65536 op, 551885935.00 ns, 8.4211 us/op
WorkloadActual   2: 65536 op, 547055479.00 ns, 8.3474 us/op
WorkloadActual   3: 65536 op, 546238568.00 ns, 8.3349 us/op
WorkloadActual   4: 65536 op, 547719485.00 ns, 8.3575 us/op
WorkloadActual   5: 65536 op, 545966782.00 ns, 8.3308 us/op
WorkloadActual   6: 65536 op, 547234372.00 ns, 8.3501 us/op
WorkloadActual   7: 65536 op, 546846399.00 ns, 8.3442 us/op
WorkloadActual   8: 65536 op, 545910142.00 ns, 8.3299 us/op
WorkloadActual   9: 65536 op, 546327118.00 ns, 8.3363 us/op
WorkloadActual  10: 65536 op, 545950206.00 ns, 8.3305 us/op

// AfterActualRun
WorkloadResult   1: 65536 op, 546948930.00 ns, 8.3458 us/op
WorkloadResult   2: 65536 op, 546132019.00 ns, 8.3333 us/op
WorkloadResult   3: 65536 op, 547612936.00 ns, 8.3559 us/op
WorkloadResult   4: 65536 op, 545860233.00 ns, 8.3292 us/op
WorkloadResult   5: 65536 op, 547127823.00 ns, 8.3485 us/op
WorkloadResult   6: 65536 op, 546739850.00 ns, 8.3426 us/op
WorkloadResult   7: 65536 op, 545803593.00 ns, 8.3283 us/op
WorkloadResult   8: 65536 op, 546220569.00 ns, 8.3347 us/op
WorkloadResult   9: 65536 op, 545843657.00 ns, 8.3289 us/op
// GC:  4 0 0 77595744 65536
// Threading:  0 0 65536

// AfterAll
// Benchmark Process 3245 has exited with code 0.

Mean = 8.339 μs, StdErr = 0.003 μs (0.04%), N = 9, StdDev = 0.010 μs
Min = 8.328 μs, Q1 = 8.329 μs, Median = 8.335 μs, Q3 = 8.346 μs, Max = 8.356 μs
IQR = 0.017 μs, LowerFence = 8.304 μs, UpperFence = 8.371 μs
ConfidenceInterval = [8.322 μs; 8.355 μs] (CI 99.9%), Margin = 0.017 μs (0.20% of Mean)
Skewness = 0.4, Kurtosis = 1.47, MValue = 2

// ** Remained 1 (7.1 %) benchmark(s) to run. Estimated finish 2026-10-07 15:27 (0h 0m from now) **
// **************************
// Benchmark: EncryptDecryptBenchmarks.Roundtrip_Short: ShortRun(IterationCount=3, LaunchCount=1, WarmupCount=3)
// *** Execute ***
// Launch: 1 / 1
// Execute: dotnet Encina.Messaging.Encryption.Benchmarks-Job-YFEFPZ-1.dll --anonymousPipes 146 147 --benchmarkName Encina.Messaging.Encryption.Benchmarks.EncryptDecryptBenchmarks.Roundtrip_Short --job ShortRun --benchmarkId 13 in /home/runner/work/Encina/Encina/tests/Encina.BenchmarkTests/Encina.Messaging.Encryption.Benchmarks/bin/Release/net10.0/Encina.Messaging.Encryption.Benchmarks-Job-YFEFPZ-1/bin/Release/net10.0
// Failed to set up high priority (Permission denied). In order to run benchmarks with high priority, make sure you have the right permissions.
// BeforeAnythingElse

// Benchmark Process Environment Information:
// BenchmarkDotNet v0.15.8
// Runtime=.NET 10.0.12 (10.0.12, 10.0.1226.42308), X64 RyuJIT x86-64-v3
// GC=Concurrent Workstation
// HardwareIntrinsics=AVX2+BMI1+BMI2+F16C+FMA+LZCNT+MOVBE,AVX,SSE3+SSSE3+SSE4.1+SSE4.2+POPCNT,X86Base+SSE+SSE2,AES+PCLMUL VectorSize=256
// Job: ShortRun(IterationCount=3, LaunchCount=1, WarmupCount=3)

OverheadJitting  1: 1 op, 226793.00 ns, 226.7930 us/op
WorkloadJitting  1: 1 op, 16347110.00 ns, 16.3471 ms/op

OverheadJitting  2: 16 op, 205692.00 ns, 12.8558 us/op
WorkloadJitting  2: 16 op, 457642.00 ns, 28.6026 us/op

WorkloadPilot    1: 16 op, 174766.00 ns, 10.9229 us/op
WorkloadPilot    2: 32 op, 314496.00 ns, 9.8280 us/op
WorkloadPilot    3: 64 op, 604676.00 ns, 9.4481 us/op
WorkloadPilot    4: 128 op, 1207649.00 ns, 9.4348 us/op
WorkloadPilot    5: 256 op, 2276098.00 ns, 8.8910 us/op
WorkloadPilot    6: 512 op, 4585158.00 ns, 8.9554 us/op
WorkloadPilot    7: 1024 op, 9143416.00 ns, 8.9291 us/op
WorkloadPilot    8: 2048 op, 18302611.00 ns, 8.9368 us/op
WorkloadPilot    9: 4096 op, 36611364.00 ns, 8.9383 us/op
WorkloadPilot   10: 8192 op, 72929252.00 ns, 8.9025 us/op
WorkloadPilot   11: 16384 op, 144780546.00 ns, 8.8367 us/op
WorkloadPilot   12: 32768 op, 278579134.00 ns, 8.5016 us/op
WorkloadPilot   13: 65536 op, 548967174.00 ns, 8.3766 us/op

OverheadWarmup   1: 65536 op, 132507.00 ns, 2.0219 ns/op
OverheadWarmup   2: 65536 op, 106568.00 ns, 1.6261 ns/op
OverheadWarmup   3: 65536 op, 106528.00 ns, 1.6255 ns/op
OverheadWarmup   4: 65536 op, 108111.00 ns, 1.6496 ns/op
OverheadWarmup   5: 65536 op, 106498.00 ns, 1.6250 ns/op
OverheadWarmup   6: 65536 op, 106478.00 ns, 1.6247 ns/op
OverheadWarmup   7: 65536 op, 109915.00 ns, 1.6772 ns/op
OverheadWarmup   8: 65536 op, 124221.00 ns, 1.8955 ns/op
OverheadWarmup   9: 65536 op, 106538.00 ns, 1.6256 ns/op

OverheadActual   1: 65536 op, 106588.00 ns, 1.6264 ns/op
OverheadActual   2: 65536 op, 106538.00 ns, 1.6256 ns/op
OverheadActual   3: 65536 op, 106498.00 ns, 1.6250 ns/op
OverheadActual   4: 65536 op, 106508.00 ns, 1.6252 ns/op
OverheadActual   5: 65536 op, 106559.00 ns, 1.6260 ns/op
OverheadActual   6: 65536 op, 106549.00 ns, 1.6258 ns/op
OverheadActual   7: 65536 op, 106548.00 ns, 1.6258 ns/op
OverheadActual   8: 65536 op, 106518.00 ns, 1.6253 ns/op
OverheadActual   9: 65536 op, 123069.00 ns, 1.8779 ns/op
OverheadActual  10: 65536 op, 106478.00 ns, 1.6247 ns/op
OverheadActual  11: 65536 op, 106498.00 ns, 1.6250 ns/op
OverheadActual  12: 65536 op, 135943.00 ns, 2.0743 ns/op
OverheadActual  13: 65536 op, 106559.00 ns, 1.6260 ns/op
OverheadActual  14: 65536 op, 106489.00 ns, 1.6249 ns/op
OverheadActual  15: 65536 op, 106458.00 ns, 1.6244 ns/op

WorkloadWarmup   1: 65536 op, 559785529.00 ns, 8.5416 us/op
WorkloadWarmup   2: 65536 op, 555111776.00 ns, 8.4703 us/op
WorkloadWarmup   3: 65536 op, 551330585.00 ns, 8.4126 us/op

// BeforeActualRun
WorkloadActual   1: 65536 op, 557198561.00 ns, 8.5022 us/op
WorkloadActual   2: 65536 op, 550862373.00 ns, 8.4055 us/op
WorkloadActual   3: 65536 op, 550732982.00 ns, 8.4035 us/op

// AfterActualRun
WorkloadResult   1: 65536 op, 557092023.00 ns, 8.5005 us/op
WorkloadResult   2: 65536 op, 550755835.00 ns, 8.4039 us/op
WorkloadResult   3: 65536 op, 550626444.00 ns, 8.4019 us/op
// GC:  4 0 0 77595744 65536
// Threading:  0 0 65536

// AfterAll
// Benchmark Process 3258 has exited with code 0.

Mean = 8.435 μs, StdErr = 0.033 μs (0.39%), N = 3, StdDev = 0.056 μs
Min = 8.402 μs, Q1 = 8.403 μs, Median = 8.404 μs, Q3 = 8.452 μs, Max = 8.501 μs
IQR = 0.049 μs, LowerFence = 8.329 μs, UpperFence = 8.526 μs
ConfidenceInterval = [7.407 μs; 9.464 μs] (CI 99.9%), Margin = 1.029 μs (12.20% of Mean)
Skewness = 0.38, Kurtosis = 0.67, MValue = 2

// ** Remained 0 (0.0 %) benchmark(s) to run. Estimated finish 2026-10-07 15:27 (0h 0m from now) **
// ***** BenchmarkRunner: Finish  *****

// * Export *
  artifacts/performance/MessagingEncryption/results/Encina.Messaging.Encryption.Benchmarks.EncryptDecryptBenchmarks-report.csv
  artifacts/performance/MessagingEncryption/results/Encina.Messaging.Encryption.Benchmarks.EncryptDecryptBenchmarks-report-github.md
  artifacts/performance/MessagingEncryption/results/Encina.Messaging.Encryption.Benchmarks.EncryptDecryptBenchmarks-report.html
  artifacts/performance/MessagingEncryption/results/Encina.Messaging.Encryption.Benchmarks.EncryptDecryptBenchmarks-report-full-compressed.json

// * Detailed results *
EncryptDecryptBenchmarks.Encrypt_Medium: Job-YFEFPZ(IterationCount=10, WarmupCount=3)
Runtime = .NET 10.0.12 (10.0.12, 10.0.1226.42308), X64 RyuJIT x86-64-v3; GC = Concurrent Workstation
Mean = 5.445 μs, StdErr = 0.004 μs (0.07%), N = 9, StdDev = 0.011 μs
Min = 5.435 μs, Q1 = 5.437 μs, Median = 5.441 μs, Q3 = 5.448 μs, Max = 5.469 μs
IQR = 0.011 μs, LowerFence = 5.420 μs, UpperFence = 5.465 μs
ConfidenceInterval = [5.426 μs; 5.463 μs] (CI 99.9%), Margin = 0.018 μs (0.34% of Mean)
Skewness = 1.05, Kurtosis = 2.86, MValue = 2
-------------------- Histogram --------------------
[5.429 μs ; 5.476 μs) | @@@@@@@@@
---------------------------------------------------

EncryptDecryptBenchmarks.Encrypt_Large: Job-YFEFPZ(IterationCount=10, WarmupCount=3)
Runtime = .NET 10.0.12 (10.0.12, 10.0.1226.42308), X64 RyuJIT x86-64-v3; GC = Concurrent Workstation
Mean = 32.300 μs, StdErr = 0.080 μs (0.25%), N = 10, StdDev = 0.252 μs
Min = 31.879 μs, Q1 = 32.161 μs, Median = 32.357 μs, Q3 = 32.434 μs, Max = 32.722 μs
IQR = 0.273 μs, LowerFence = 31.752 μs, UpperFence = 32.843 μs
ConfidenceInterval = [31.919 μs; 32.682 μs] (CI 99.9%), Margin = 0.381 μs (1.18% of Mean)
Skewness = -0.12, Kurtosis = 1.85, MValue = 2
-------------------- Histogram --------------------
[31.725 μs ; 32.876 μs) | @@@@@@@@@@
---------------------------------------------------

EncryptDecryptBenchmarks.Decrypt_Medium: Job-YFEFPZ(IterationCount=10, WarmupCount=3)
Runtime = .NET 10.0.12 (10.0.12, 10.0.1226.42308), X64 RyuJIT x86-64-v3; GC = Concurrent Workstation
Mean = 3.927 μs, StdErr = 0.003 μs (0.07%), N = 9, StdDev = 0.008 μs
Min = 3.917 μs, Q1 = 3.922 μs, Median = 3.928 μs, Q3 = 3.929 μs, Max = 3.942 μs
IQR = 0.007 μs, LowerFence = 3.913 μs, UpperFence = 3.939 μs
ConfidenceInterval = [3.913 μs; 3.942 μs] (CI 99.9%), Margin = 0.014 μs (0.36% of Mean)
Skewness = 0.34, Kurtosis = 1.76, MValue = 2
-------------------- Histogram --------------------
[3.912 μs ; 3.948 μs) | @@@@@@@@@
---------------------------------------------------

EncryptDecryptBenchmarks.Decrypt_Large: Job-YFEFPZ(IterationCount=10, WarmupCount=3)
Runtime = .NET 10.0.12 (10.0.12, 10.0.1226.42308), X64 RyuJIT x86-64-v3; GC = Concurrent Workstation
Mean = 26.434 μs, StdErr = 0.053 μs (0.20%), N = 10, StdDev = 0.167 μs
Min = 26.202 μs, Q1 = 26.274 μs, Median = 26.447 μs, Q3 = 26.559 μs, Max = 26.669 μs
IQR = 0.285 μs, LowerFence = 25.846 μs, UpperFence = 26.986 μs
ConfidenceInterval = [26.181 μs; 26.687 μs] (CI 99.9%), Margin = 0.253 μs (0.96% of Mean)
Skewness = -0.14, Kurtosis = 1.34, MValue = 2
-------------------- Histogram --------------------
[26.100 μs ; 26.740 μs) | @@@@@@@@@@
---------------------------------------------------

EncryptDecryptBenchmarks.Decrypt_Short: Job-YFEFPZ(IterationCount=10, WarmupCount=3)
Runtime = .NET 10.0.12 (10.0.12, 10.0.1226.42308), X64 RyuJIT x86-64-v3; GC = Concurrent Workstation
Mean = 3.237 μs, StdErr = 0.001 μs (0.04%), N = 9, StdDev = 0.004 μs
Min = 3.232 μs, Q1 = 3.234 μs, Median = 3.237 μs, Q3 = 3.238 μs, Max = 3.244 μs
IQR = 0.004 μs, LowerFence = 3.228 μs, UpperFence = 3.243 μs
ConfidenceInterval = [3.230 μs; 3.243 μs] (CI 99.9%), Margin = 0.006 μs (0.20% of Mean)
Skewness = 0.66, Kurtosis = 2.1, MValue = 2
-------------------- Histogram --------------------
[3.230 μs ; 3.247 μs) | @@@@@@@@@
---------------------------------------------------

EncryptDecryptBenchmarks.Encrypt_Short: Job-YFEFPZ(IterationCount=10, WarmupCount=3)
Runtime = .NET 10.0.12 (10.0.12, 10.0.1226.42308), X64 RyuJIT x86-64-v3; GC = Concurrent Workstation
Mean = 5.239 μs, StdErr = 0.002 μs (0.04%), N = 9, StdDev = 0.006 μs
Min = 5.233 μs, Q1 = 5.234 μs, Median = 5.239 μs, Q3 = 5.242 μs, Max = 5.251 μs
IQR = 0.008 μs, LowerFence = 5.222 μs, UpperFence = 5.254 μs
ConfidenceInterval = [5.230 μs; 5.249 μs] (CI 99.9%), Margin = 0.010 μs (0.18% of Mean)
Skewness = 0.67, Kurtosis = 2.41, MValue = 2
-------------------- Histogram --------------------
[5.229 μs ; 5.255 μs) | @@@@@@@@@
---------------------------------------------------

EncryptDecryptBenchmarks.Roundtrip_Short: Job-YFEFPZ(IterationCount=10, WarmupCount=3)
Runtime = .NET 10.0.12 (10.0.12, 10.0.1226.42308), X64 RyuJIT x86-64-v3; GC = Concurrent Workstation
Mean = 8.339 μs, StdErr = 0.003 μs (0.04%), N = 9, StdDev = 0.010 μs
Min = 8.328 μs, Q1 = 8.329 μs, Median = 8.335 μs, Q3 = 8.346 μs, Max = 8.356 μs
IQR = 0.017 μs, LowerFence = 8.304 μs, UpperFence = 8.371 μs
ConfidenceInterval = [8.322 μs; 8.355 μs] (CI 99.9%), Margin = 0.017 μs (0.20% of Mean)
Skewness = 0.4, Kurtosis = 1.47, MValue = 2
-------------------- Histogram --------------------
[8.322 μs ; 8.362 μs) | @@@@@@@@@
---------------------------------------------------

EncryptDecryptBenchmarks.Encrypt_Medium: ShortRun(IterationCount=3, LaunchCount=1, WarmupCount=3)
Runtime = .NET 10.0.12 (10.0.12, 10.0.1226.42308), X64 RyuJIT x86-64-v3; GC = Concurrent Workstation
Mean = 5.412 μs, StdErr = 0.036 μs (0.67%), N = 3, StdDev = 0.063 μs
Min = 5.371 μs, Q1 = 5.376 μs, Median = 5.380 μs, Q3 = 5.432 μs, Max = 5.484 μs
IQR = 0.057 μs, LowerFence = 5.291 μs, UpperFence = 5.517 μs
ConfidenceInterval = [4.266 μs; 6.558 μs] (CI 99.9%), Margin = 1.146 μs (21.18% of Mean)
Skewness = 0.38, Kurtosis = 0.67, MValue = 2
-------------------- Histogram --------------------
[5.370 μs ; 5.485 μs) | @@@
---------------------------------------------------

EncryptDecryptBenchmarks.Encrypt_Large: ShortRun(IterationCount=3, LaunchCount=1, WarmupCount=3)
Runtime = .NET 10.0.12 (10.0.12, 10.0.1226.42308), X64 RyuJIT x86-64-v3; GC = Concurrent Workstation
Mean = 32.105 μs, StdErr = 0.126 μs (0.39%), N = 3, StdDev = 0.219 μs
Min = 31.859 μs, Q1 = 32.019 μs, Median = 32.178 μs, Q3 = 32.228 μs, Max = 32.277 μs
IQR = 0.209 μs, LowerFence = 31.705 μs, UpperFence = 32.541 μs
ConfidenceInterval = [28.117 μs; 36.092 μs] (CI 99.9%), Margin = 3.987 μs (12.42% of Mean)
Skewness = -0.3, Kurtosis = 0.67, MValue = 2
-------------------- Histogram --------------------
[31.660 μs ; 32.476 μs) | @@@
---------------------------------------------------

EncryptDecryptBenchmarks.Decrypt_Medium: ShortRun(IterationCount=3, LaunchCount=1, WarmupCount=3)
Runtime = .NET 10.0.12 (10.0.12, 10.0.1226.42308), X64 RyuJIT x86-64-v3; GC = Concurrent Workstation
Mean = 3.966 μs, StdErr = 0.012 μs (0.30%), N = 3, StdDev = 0.020 μs
Min = 3.944 μs, Q1 = 3.956 μs, Median = 3.968 μs, Q3 = 3.976 μs, Max = 3.985 μs
IQR = 0.020 μs, LowerFence = 3.926 μs, UpperFence = 4.007 μs
ConfidenceInterval = [3.595 μs; 4.336 μs] (CI 99.9%), Margin = 0.370 μs (9.34% of Mean)
Skewness = -0.1, Kurtosis = 0.67, MValue = 2
-------------------- Histogram --------------------
[3.926 μs ; 4.003 μs) | @@@
---------------------------------------------------

EncryptDecryptBenchmarks.Decrypt_Large: ShortRun(IterationCount=3, LaunchCount=1, WarmupCount=3)
Runtime = .NET 10.0.12 (10.0.12, 10.0.1226.42308), X64 RyuJIT x86-64-v3; GC = Concurrent Workstation
Mean = 26.479 μs, StdErr = 0.087 μs (0.33%), N = 3, StdDev = 0.151 μs
Min = 26.340 μs, Q1 = 26.398 μs, Median = 26.457 μs, Q3 = 26.548 μs, Max = 26.639 μs
IQR = 0.150 μs, LowerFence = 26.173 μs, UpperFence = 26.773 μs
ConfidenceInterval = [23.722 μs; 29.235 μs] (CI 99.9%), Margin = 2.756 μs (10.41% of Mean)
Skewness = 0.14, Kurtosis = 0.67, MValue = 2
-------------------- Histogram --------------------
[26.202 μs ; 26.662 μs) | @@@
---------------------------------------------------

EncryptDecryptBenchmarks.Decrypt_Short: ShortRun(IterationCount=3, LaunchCount=1, WarmupCount=3)
Runtime = .NET 10.0.12 (10.0.12, 10.0.1226.42308), X64 RyuJIT x86-64-v3; GC = Concurrent Workstation
Mean = 3.264 μs, StdErr = 0.009 μs (0.27%), N = 3, StdDev = 0.015 μs
Min = 3.251 μs, Q1 = 3.255 μs, Median = 3.259 μs, Q3 = 3.270 μs, Max = 3.281 μs
IQR = 0.015 μs, LowerFence = 3.233 μs, UpperFence = 3.292 μs
ConfidenceInterval = [2.982 μs; 3.545 μs] (CI 99.9%), Margin = 0.282 μs (8.63% of Mean)
Skewness = 0.29, Kurtosis = 0.67, MValue = 2
-------------------- Histogram --------------------
[3.237 μs ; 3.295 μs) | @@@
---------------------------------------------------

EncryptDecryptBenchmarks.Encrypt_Short: ShortRun(IterationCount=3, LaunchCount=1, WarmupCount=3)
Runtime = .NET 10.0.12 (10.0.12, 10.0.1226.42308), X64 RyuJIT x86-64-v3; GC = Concurrent Workstation
Mean = 4.832 μs, StdErr = 0.006 μs (0.12%), N = 3, StdDev = 0.010 μs
Min = 4.825 μs, Q1 = 4.827 μs, Median = 4.828 μs, Q3 = 4.836 μs, Max = 4.843 μs
IQR = 0.009 μs, LowerFence = 4.813 μs, UpperFence = 4.850 μs
ConfidenceInterval = [4.654 μs; 5.010 μs] (CI 99.9%), Margin = 0.178 μs (3.68% of Mean)
Skewness = 0.33, Kurtosis = 0.67, MValue = 2
-------------------- Histogram --------------------
[4.816 μs ; 4.852 μs) | @@@
---------------------------------------------------

EncryptDecryptBenchmarks.Roundtrip_Short: ShortRun(IterationCount=3, LaunchCount=1, WarmupCount=3)
Runtime = .NET 10.0.12 (10.0.12, 10.0.1226.42308), X64 RyuJIT x86-64-v3; GC = Concurrent Workstation
Mean = 8.435 μs, StdErr = 0.033 μs (0.39%), N = 3, StdDev = 0.056 μs
Min = 8.402 μs, Q1 = 8.403 μs, Median = 8.404 μs, Q3 = 8.452 μs, Max = 8.501 μs
IQR = 0.049 μs, LowerFence = 8.329 μs, UpperFence = 8.526 μs
ConfidenceInterval = [7.407 μs; 9.464 μs] (CI 99.9%), Margin = 1.029 μs (12.20% of Mean)
Skewness = 0.38, Kurtosis = 0.67, MValue = 2
-------------------- Histogram --------------------
[8.400 μs ; 8.503 μs) | @@@
---------------------------------------------------

// * Summary *

BenchmarkDotNet v0.15.8, Linux Ubuntu 24.04.5 LTS (Noble Numbat)
AMD EPYC 7763 2.45GHz, 1 CPU, 4 logical and 2 physical cores
.NET SDK 10.0.401
  [Host]     : .NET 10.0.12 (10.0.12, 10.0.1226.42308), X64 RyuJIT x86-64-v3
  Job-YFEFPZ : .NET 10.0.12 (10.0.12, 10.0.1226.42308), X64 RyuJIT x86-64-v3
  ShortRun   : .NET 10.0.12 (10.0.12, 10.0.1226.42308), X64 RyuJIT x86-64-v3

WarmupCount=3  

| Method          | Job        | IterationCount | LaunchCount | Mean      | Error     | StdDev    | Ratio | RatioSD | Gen0    | Gen1   | Allocated | Alloc Ratio |
|---------------- |----------- |--------------- |------------ |----------:|----------:|----------:|------:|--------:|--------:|-------:|----------:|------------:|
| Encrypt_Medium  | Job-YFEFPZ | 10             | Default     |  5.445 μs | 0.0183 μs | 0.0109 μs |  1.04 |    0.00 |  0.2136 |      - |    3688 B |        5.01 |
| Encrypt_Large   | Job-YFEFPZ | 10             | Default     | 32.300 μs | 0.3814 μs | 0.2523 μs |  6.17 |    0.05 | 11.7188 |      - |  197227 B |      267.97 |
| Decrypt_Medium  | Job-YFEFPZ | 10             | Default     |  3.927 μs | 0.0143 μs | 0.0085 μs |  0.75 |    0.00 |  0.1373 |      - |    2416 B |        3.28 |
| Decrypt_Large   | Job-YFEFPZ | 10             | Default     | 26.434 μs | 0.2530 μs | 0.1673 μs |  5.05 |    0.03 |  7.8430 | 0.9766 |  131442 B |      178.59 |
| Decrypt_Short   | Job-YFEFPZ | 10             | Default     |  3.237 μs | 0.0064 μs | 0.0038 μs |  0.62 |    0.00 |  0.0267 |      - |     448 B |        0.61 |
| Encrypt_Short   | Job-YFEFPZ | 10             | Default     |  5.239 μs | 0.0096 μs | 0.0057 μs |  1.00 |    0.00 |  0.0381 |      - |     736 B |        1.00 |
| Roundtrip_Short | Job-YFEFPZ | 10             | Default     |  8.339 μs | 0.0168 μs | 0.0100 μs |  1.59 |    0.00 |  0.0610 |      - |    1184 B |        1.61 |
|                 |            |                |             |           |           |           |       |         |         |        |           |             |
| Encrypt_Medium  | ShortRun   | 3              | 1           |  5.412 μs | 1.1464 μs | 0.0628 μs |  1.12 |    0.01 |  0.2136 |      - |    3688 B |        5.01 |
| Encrypt_Large   | ShortRun   | 3              | 1           | 32.105 μs | 3.9873 μs | 0.2186 μs |  6.64 |    0.04 | 11.7188 |      - |  197227 B |      267.97 |
| Decrypt_Medium  | ShortRun   | 3              | 1           |  3.966 μs | 0.3705 μs | 0.0203 μs |  0.82 |    0.00 |  0.1373 |      - |    2416 B |        3.28 |
| Decrypt_Large   | ShortRun   | 3              | 1           | 26.479 μs | 2.7565 μs | 0.1511 μs |  5.48 |    0.03 |  7.8430 | 0.9766 |  131442 B |      178.59 |
| Decrypt_Short   | ShortRun   | 3              | 1           |  3.264 μs | 0.2816 μs | 0.0154 μs |  0.68 |    0.00 |  0.0267 |      - |     448 B |        0.61 |
| Encrypt_Short   | ShortRun   | 3              | 1           |  4.832 μs | 0.1777 μs | 0.0097 μs |  1.00 |    0.00 |  0.0381 |      - |     736 B |        1.00 |
| Roundtrip_Short | ShortRun   | 3              | 1           |  8.435 μs | 1.0289 μs | 0.0564 μs |  1.75 |    0.01 |  0.0610 |      - |    1184 B |        1.61 |

// * Hints *
Outliers
  EncryptDecryptBenchmarks.Encrypt_Medium: IterationCount=10, WarmupCount=3  -> 1 outlier  was  removed (5.49 μs)
  EncryptDecryptBenchmarks.Decrypt_Medium: IterationCount=10, WarmupCount=3  -> 1 outlier  was  removed (3.97 μs)
  EncryptDecryptBenchmarks.Decrypt_Short: IterationCount=10, WarmupCount=3   -> 1 outlier  was  removed (3.25 μs)
  EncryptDecryptBenchmarks.Encrypt_Short: IterationCount=10, WarmupCount=3   -> 1 outlier  was  removed (5.27 μs)
  EncryptDecryptBenchmarks.Roundtrip_Short: IterationCount=10, WarmupCount=3 -> 1 outlier  was  removed (8.42 μs)
// * Config Issues *

// * Warnings *
Configuration
  Summary -> The exporter CsvExporter is already present in configuration. There may be unexpected results.
  Summary -> The exporter HtmlExporter is already present in configuration. There may be unexpected results.
  Summary -> The exporter MarkdownExporter-github is already present in configuration. There may be unexpected results.

// * Legends *
  Mean        : Arithmetic mean of all measurements
  Error       : Half of 99.9% confidence interval
  StdDev      : Standard deviation of all measurements
  Ratio       : Mean of the ratio distribution ([Current]/[Baseline])
  RatioSD     : Standard deviation of the ratio distribution ([Current]/[Baseline])
  Gen0        : GC Generation 0 collects per 1000 operations
  Gen1        : GC Generation 1 collects per 1000 operations
  Allocated   : Allocated memory per single operation (managed only, inclusive, 1KB = 1024B)
  Alloc Ratio : Allocated memory ratio distribution ([Current]/[Baseline])
  1 μs        : 1 Microsecond (0.000001 sec)

// * Diagnostic Output - MemoryDiagnoser *


// ***** BenchmarkRunner: End *****
Run time: 00:02:02 (122.97 sec), executed benchmarks: 14

Global total time: 00:02:49 (169.57 sec), executed benchmarks: 14
// * Artifacts cleanup *
Artifacts cleanup is finished
