// Validating benchmarks:
// ***** BenchmarkRunner: Start   *****
// ***** Found 13 benchmark(s) in total *****
// ***** Building 1 exe(s) in Parallel: Start   *****
// start dotnet  restore --nodeReuse:false /p:UseSharedCompilation=false /p:Deterministic=true /p:Optimize=true /p:ArtifactsPath="/home/runner/work/Encina/Encina/tests/Encina.BenchmarkTests/Encina.Benchmarks/bin/Release/net10.0/Encina.Benchmarks-ShortRun-1/" /p:OutDir="/home/runner/work/Encina/Encina/tests/Encina.BenchmarkTests/Encina.Benchmarks/bin/Release/net10.0/Encina.Benchmarks-ShortRun-1/bin/Release/net10.0/" /p:OutputPath="/home/runner/work/Encina/Encina/tests/Encina.BenchmarkTests/Encina.Benchmarks/bin/Release/net10.0/Encina.Benchmarks-ShortRun-1/bin/Release/net10.0/" /p:PublishDir="/home/runner/work/Encina/Encina/tests/Encina.BenchmarkTests/Encina.Benchmarks/bin/Release/net10.0/Encina.Benchmarks-ShortRun-1/publish/" in /home/runner/work/Encina/Encina/tests/Encina.BenchmarkTests/Encina.Benchmarks/bin/Release/net10.0/Encina.Benchmarks-ShortRun-1
// command took 3.65 sec and exited with 0
// start dotnet  build -c Release --no-restore --nodeReuse:false /p:UseSharedCompilation=false /p:Deterministic=true /p:Optimize=true /p:ArtifactsPath="/home/runner/work/Encina/Encina/tests/Encina.BenchmarkTests/Encina.Benchmarks/bin/Release/net10.0/Encina.Benchmarks-ShortRun-1/" /p:OutDir="/home/runner/work/Encina/Encina/tests/Encina.BenchmarkTests/Encina.Benchmarks/bin/Release/net10.0/Encina.Benchmarks-ShortRun-1/bin/Release/net10.0/" /p:OutputPath="/home/runner/work/Encina/Encina/tests/Encina.BenchmarkTests/Encina.Benchmarks/bin/Release/net10.0/Encina.Benchmarks-ShortRun-1/bin/Release/net10.0/" /p:PublishDir="/home/runner/work/Encina/Encina/tests/Encina.BenchmarkTests/Encina.Benchmarks/bin/Release/net10.0/Encina.Benchmarks-ShortRun-1/publish/" --output "/home/runner/work/Encina/Encina/tests/Encina.BenchmarkTests/Encina.Benchmarks/bin/Release/net10.0/Encina.Benchmarks-ShortRun-1/bin/Release/net10.0/" in /home/runner/work/Encina/Encina/tests/Encina.BenchmarkTests/Encina.Benchmarks/bin/Release/net10.0/Encina.Benchmarks-ShortRun-1
// command took 196.4 sec and exited with 0
// ***** Done, took 00:03:20 (200.26 sec)   *****
// Found 13 benchmarks:
//   ProcessorAgreementServiceBenchmarks.'HasValidDPA (pipeline hot-path)': ShortRun(IterationCount=3, LaunchCount=1, WarmupCount=3)
//   ProcessorAgreementServiceBenchmarks.'ValidateDPA (detailed compliance check)': ShortRun(IterationCount=3, LaunchCount=1, WarmupCount=3)
//   ProcessorAgreementServiceBenchmarks.'ExecuteDPA (new agreement)': ShortRun(IterationCount=3, LaunchCount=1, WarmupCount=3)
//   ProcessorAgreementServiceBenchmarks.'AmendDPA (update terms)': ShortRun(IterationCount=3, LaunchCount=1, WarmupCount=3)
//   ProcessorAgreementServiceBenchmarks.'AuditDPA (record audit)': ShortRun(IterationCount=3, LaunchCount=1, WarmupCount=3)
//   ProcessorAgreementServiceBenchmarks.'RenewDPA (extend expiration)': ShortRun(IterationCount=3, LaunchCount=1, WarmupCount=3)
//   ProcessorAgreementServiceBenchmarks.'TerminateDPA (end agreement)': ShortRun(IterationCount=3, LaunchCount=1, WarmupCount=3)
//   ProcessorAgreementServiceBenchmarks.'GetDPA by ID (cached read)': ShortRun(IterationCount=3, LaunchCount=1, WarmupCount=3)
//   ProcessorAgreementServiceBenchmarks.'GetActiveDPA by processor ID': ShortRun(IterationCount=3, LaunchCount=1, WarmupCount=3)
//   ProcessorAgreementServiceBenchmarks.'GetExpiringDPAs (filtered scan)': ShortRun(IterationCount=3, LaunchCount=1, WarmupCount=3)
//   ProcessorAgreementServiceBenchmarks.'RegisterProcessor (new processor)': ShortRun(IterationCount=3, LaunchCount=1, WarmupCount=3)
//   ProcessorAgreementServiceBenchmarks.'GetProcessor by ID (cached read)': ShortRun(IterationCount=3, LaunchCount=1, WarmupCount=3)
//   ProcessorAgreementServiceBenchmarks.'GetFullSubProcessorChain (BFS traversal)': ShortRun(IterationCount=3, LaunchCount=1, WarmupCount=3)

// **************************
// Benchmark: ProcessorAgreementServiceBenchmarks.'HasValidDPA (pipeline hot-path)': ShortRun(IterationCount=3, LaunchCount=1, WarmupCount=3)
// *** Execute ***
// Launch: 1 / 1
// Execute: dotnet Encina.Benchmarks-ShortRun-1.dll --anonymousPipes 231 232 --benchmarkName Encina.Benchmarks.Compliance.ProcessorAgreements.ProcessorAgreementServiceBenchmarks.HasValidDPA --job ShortRun --benchmarkId 0 in /home/runner/work/Encina/Encina/tests/Encina.BenchmarkTests/Encina.Benchmarks/bin/Release/net10.0/Encina.Benchmarks-ShortRun-1/bin/Release/net10.0
// Failed to set up high priority (Permission denied). In order to run benchmarks with high priority, make sure you have the right permissions.
// BeforeAnythingElse

// Benchmark Process Environment Information:
// BenchmarkDotNet v0.15.8
// Runtime=.NET 10.0.12 (10.0.12, 10.0.1226.42308), X64 RyuJIT x86-64-v3
// GC=Concurrent Workstation
// HardwareIntrinsics=AVX2+BMI1+BMI2+F16C+FMA+LZCNT+MOVBE,AVX,SSE3+SSSE3+SSE4.1+SSE4.2+POPCNT,X86Base+SSE+SSE2,AES+PCLMUL VectorSize=256
// Job: ShortRun(IterationCount=3, LaunchCount=1, WarmupCount=3)

OverheadJitting  1: 1 op, 212608.00 ns, 212.6080 us/op
WorkloadJitting  1: 1 op, 8817686.00 ns, 8.8177 ms/op

OverheadJitting  2: 16 op, 329757.00 ns, 20.6098 us/op
WorkloadJitting  2: 16 op, 427731.00 ns, 26.7332 us/op

WorkloadPilot    1: 16 op, 67687.00 ns, 4.2304 us/op
WorkloadPilot    2: 32 op, 41297.00 ns, 1.2905 us/op
WorkloadPilot    3: 64 op, 74209.00 ns, 1.1595 us/op
WorkloadPilot    4: 128 op, 126086.00 ns, 985.0469 ns/op
WorkloadPilot    5: 256 op, 235291.00 ns, 919.1055 ns/op
WorkloadPilot    6: 512 op, 390401.00 ns, 762.5020 ns/op
WorkloadPilot    7: 1024 op, 898270.00 ns, 877.2168 ns/op
WorkloadPilot    8: 2048 op, 1692296.00 ns, 826.3164 ns/op
WorkloadPilot    9: 4096 op, 3628798.00 ns, 885.9370 ns/op
WorkloadPilot   10: 8192 op, 6757612.00 ns, 824.9038 ns/op
WorkloadPilot   11: 16384 op, 13539360.00 ns, 826.3770 ns/op
WorkloadPilot   12: 32768 op, 27025159.00 ns, 824.7424 ns/op
WorkloadPilot   13: 65536 op, 64073881.00 ns, 977.6898 ns/op
WorkloadPilot   14: 131072 op, 141166686.00 ns, 1.0770 us/op
WorkloadPilot   15: 262144 op, 303827303.00 ns, 1.1590 us/op
WorkloadPilot   16: 524288 op, 639839164.00 ns, 1.2204 us/op

OverheadWarmup   1: 524288 op, 990122.00 ns, 1.8885 ns/op
OverheadWarmup   2: 524288 op, 994320.00 ns, 1.8965 ns/op
OverheadWarmup   3: 524288 op, 989582.00 ns, 1.8875 ns/op
OverheadWarmup   4: 524288 op, 1003237.00 ns, 1.9135 ns/op
OverheadWarmup   5: 524288 op, 986045.00 ns, 1.8807 ns/op

OverheadActual   1: 524288 op, 999831.00 ns, 1.9070 ns/op
OverheadActual   2: 524288 op, 990513.00 ns, 1.8893 ns/op
OverheadActual   3: 524288 op, 1009859.00 ns, 1.9262 ns/op
OverheadActual   4: 524288 op, 1010120.00 ns, 1.9267 ns/op
OverheadActual   5: 524288 op, 1001053.00 ns, 1.9094 ns/op
OverheadActual   6: 524288 op, 1042952.00 ns, 1.9893 ns/op
OverheadActual   7: 524288 op, 1009159.00 ns, 1.9248 ns/op
OverheadActual   8: 524288 op, 991916.00 ns, 1.8919 ns/op
OverheadActual   9: 524288 op, 998639.00 ns, 1.9048 ns/op
OverheadActual  10: 524288 op, 1027814.00 ns, 1.9604 ns/op
OverheadActual  11: 524288 op, 1007676.00 ns, 1.9220 ns/op
OverheadActual  12: 524288 op, 998990.00 ns, 1.9054 ns/op
OverheadActual  13: 524288 op, 990613.00 ns, 1.8894 ns/op
OverheadActual  14: 524288 op, 1017574.00 ns, 1.9409 ns/op
OverheadActual  15: 524288 op, 995173.00 ns, 1.8981 ns/op

WorkloadWarmup   1: 524288 op, 633114461.00 ns, 1.2076 us/op
WorkloadWarmup   2: 524288 op, 612740571.00 ns, 1.1687 us/op
WorkloadWarmup   3: 524288 op, 627971583.00 ns, 1.1978 us/op

// BeforeActualRun
WorkloadActual   1: 524288 op, 629462069.00 ns, 1.2006 us/op
WorkloadActual   2: 524288 op, 607768706.00 ns, 1.1592 us/op
WorkloadActual   3: 524288 op, 608243604.00 ns, 1.1601 us/op

// AfterActualRun
WorkloadResult   1: 524288 op, 628461016.00 ns, 1.1987 us/op
WorkloadResult   2: 524288 op, 606767653.00 ns, 1.1573 us/op
WorkloadResult   3: 524288 op, 607242551.00 ns, 1.1582 us/op
// GC:  11 10 0 184549376 524288
// Threading:  0 0 524288

// AfterAll
// Benchmark Process 3971 has exited with code 0.

Mean = 1.171 μs, StdErr = 0.014 μs (1.16%), N = 3, StdDev = 0.024 μs
Min = 1.157 μs, Q1 = 1.158 μs, Median = 1.158 μs, Q3 = 1.178 μs, Max = 1.199 μs
IQR = 0.021 μs, LowerFence = 1.127 μs, UpperFence = 1.209 μs
ConfidenceInterval = [0.740 μs; 1.603 μs] (CI 99.9%), Margin = 0.431 μs (36.80% of Mean)
Skewness = 0.38, Kurtosis = 0.67, MValue = 2

// ** Remained 12 (92.3 %) benchmark(s) to run. Estimated finish 2026-10-10 18:14 (0h 3m from now) **
// **************************
// Benchmark: ProcessorAgreementServiceBenchmarks.'ValidateDPA (detailed compliance check)': ShortRun(IterationCount=3, LaunchCount=1, WarmupCount=3)
// *** Execute ***
// Launch: 1 / 1
// Execute: dotnet Encina.Benchmarks-ShortRun-1.dll --anonymousPipes 231 232 --benchmarkName Encina.Benchmarks.Compliance.ProcessorAgreements.ProcessorAgreementServiceBenchmarks.ValidateDPA --job ShortRun --benchmarkId 1 in /home/runner/work/Encina/Encina/tests/Encina.BenchmarkTests/Encina.Benchmarks/bin/Release/net10.0/Encina.Benchmarks-ShortRun-1/bin/Release/net10.0
// Failed to set up high priority (Permission denied). In order to run benchmarks with high priority, make sure you have the right permissions.
// BeforeAnythingElse

// Benchmark Process Environment Information:
// BenchmarkDotNet v0.15.8
// Runtime=.NET 10.0.12 (10.0.12, 10.0.1226.42308), X64 RyuJIT x86-64-v3
// GC=Concurrent Workstation
// HardwareIntrinsics=AVX2+BMI1+BMI2+F16C+FMA+LZCNT+MOVBE,AVX,SSE3+SSSE3+SSE4.1+SSE4.2+POPCNT,X86Base+SSE+SSE2,AES+PCLMUL VectorSize=256
// Job: ShortRun(IterationCount=3, LaunchCount=1, WarmupCount=3)

OverheadJitting  1: 1 op, 241111.00 ns, 241.1110 us/op
WorkloadJitting  1: 1 op, 8801320.00 ns, 8.8013 ms/op

OverheadJitting  2: 16 op, 593952.00 ns, 37.1220 us/op
WorkloadJitting  2: 16 op, 562062.00 ns, 35.1289 us/op

WorkloadPilot    1: 16 op, 65603.00 ns, 4.1002 us/op
WorkloadPilot    2: 32 op, 43101.00 ns, 1.3469 us/op
WorkloadPilot    3: 64 op, 100128.00 ns, 1.5645 us/op
WorkloadPilot    4: 128 op, 126587.00 ns, 988.9609 ns/op
WorkloadPilot    5: 256 op, 241703.00 ns, 944.1523 ns/op
WorkloadPilot    6: 512 op, 472184.00 ns, 922.2344 ns/op
WorkloadPilot    7: 1024 op, 940732.00 ns, 918.6836 ns/op
WorkloadPilot    8: 2048 op, 1762720.00 ns, 860.7031 ns/op
WorkloadPilot    9: 4096 op, 3441594.00 ns, 840.2329 ns/op
WorkloadPilot   10: 8192 op, 7094563.00 ns, 866.0355 ns/op
WorkloadPilot   11: 16384 op, 14341363.00 ns, 875.3273 ns/op
WorkloadPilot   12: 32768 op, 28643553.00 ns, 874.1319 ns/op
WorkloadPilot   13: 65536 op, 62021670.00 ns, 946.3756 ns/op
WorkloadPilot   14: 131072 op, 160949833.00 ns, 1.2279 us/op
WorkloadPilot   15: 262144 op, 314157212.00 ns, 1.1984 us/op
WorkloadPilot   16: 524288 op, 667038490.00 ns, 1.2723 us/op

OverheadWarmup   1: 524288 op, 1758984.00 ns, 3.3550 ns/op
OverheadWarmup   2: 524288 op, 1750557.00 ns, 3.3389 ns/op
OverheadWarmup   3: 524288 op, 1740929.00 ns, 3.3206 ns/op
OverheadWarmup   4: 524288 op, 1736571.00 ns, 3.3122 ns/op
OverheadWarmup   5: 524288 op, 1744045.00 ns, 3.3265 ns/op
OverheadWarmup   6: 524288 op, 1742773.00 ns, 3.3241 ns/op
OverheadWarmup   7: 524288 op, 1760367.00 ns, 3.3576 ns/op
OverheadWarmup   8: 524288 op, 1759532.00 ns, 3.3560 ns/op

OverheadActual   1: 524288 op, 1761415.00 ns, 3.3596 ns/op
OverheadActual   2: 524288 op, 1758680.00 ns, 3.3544 ns/op
OverheadActual   3: 524288 op, 1760604.00 ns, 3.3581 ns/op
OverheadActual   4: 524288 op, 1745446.00 ns, 3.3292 ns/op
OverheadActual   5: 524288 op, 1731610.00 ns, 3.3028 ns/op
OverheadActual   6: 524288 op, 1743893.00 ns, 3.3262 ns/op
OverheadActual   7: 524288 op, 1728405.00 ns, 3.2967 ns/op
OverheadActual   8: 524288 op, 1743714.00 ns, 3.3259 ns/op
OverheadActual   9: 524288 op, 1744746.00 ns, 3.3278 ns/op
OverheadActual  10: 524288 op, 1739205.00 ns, 3.3173 ns/op
OverheadActual  11: 524288 op, 1758762.00 ns, 3.3546 ns/op
OverheadActual  12: 524288 op, 1773479.00 ns, 3.3826 ns/op
OverheadActual  13: 524288 op, 1793207.00 ns, 3.4203 ns/op
OverheadActual  14: 524288 op, 1759543.00 ns, 3.3561 ns/op
OverheadActual  15: 524288 op, 1747391.00 ns, 3.3329 ns/op

WorkloadWarmup   1: 524288 op, 661499558.00 ns, 1.2617 us/op
WorkloadWarmup   2: 524288 op, 660375407.00 ns, 1.2596 us/op
WorkloadWarmup   3: 524288 op, 641519441.00 ns, 1.2236 us/op

// BeforeActualRun
WorkloadActual   1: 524288 op, 625204975.00 ns, 1.1925 us/op
WorkloadActual   2: 524288 op, 637540667.00 ns, 1.2160 us/op
WorkloadActual   3: 524288 op, 646582385.00 ns, 1.2333 us/op

// AfterActualRun
WorkloadResult   1: 524288 op, 623457584.00 ns, 1.1892 us/op
WorkloadResult   2: 524288 op, 635793276.00 ns, 1.2127 us/op
WorkloadResult   3: 524288 op, 644834994.00 ns, 1.2299 us/op
// GC:  13 12 0 222298112 524288
// Threading:  0 0 524288

// AfterAll
// Benchmark Process 3984 has exited with code 0.

Mean = 1.211 μs, StdErr = 0.012 μs (0.98%), N = 3, StdDev = 0.020 μs
Min = 1.189 μs, Q1 = 1.201 μs, Median = 1.213 μs, Q3 = 1.221 μs, Max = 1.230 μs
IQR = 0.020 μs, LowerFence = 1.170 μs, UpperFence = 1.252 μs
ConfidenceInterval = [0.837 μs; 1.584 μs] (CI 99.9%), Margin = 0.373 μs (30.85% of Mean)
Skewness = -0.1, Kurtosis = 0.67, MValue = 2

// ** Remained 11 (84.6 %) benchmark(s) to run. Estimated finish 2026-10-10 18:14 (0h 3m from now) **
// **************************
// Benchmark: ProcessorAgreementServiceBenchmarks.'ExecuteDPA (new agreement)': ShortRun(IterationCount=3, LaunchCount=1, WarmupCount=3)
// *** Execute ***
// Launch: 1 / 1
// Execute: dotnet Encina.Benchmarks-ShortRun-1.dll --anonymousPipes 231 232 --benchmarkName Encina.Benchmarks.Compliance.ProcessorAgreements.ProcessorAgreementServiceBenchmarks.ExecuteDPA --job ShortRun --benchmarkId 2 in /home/runner/work/Encina/Encina/tests/Encina.BenchmarkTests/Encina.Benchmarks/bin/Release/net10.0/Encina.Benchmarks-ShortRun-1/bin/Release/net10.0
// Failed to set up high priority (Permission denied). In order to run benchmarks with high priority, make sure you have the right permissions.
// BeforeAnythingElse

// Benchmark Process Environment Information:
// BenchmarkDotNet v0.15.8
// Runtime=.NET 10.0.12 (10.0.12, 10.0.1226.42308), X64 RyuJIT x86-64-v3
// GC=Concurrent Workstation
// HardwareIntrinsics=AVX2+BMI1+BMI2+F16C+FMA+LZCNT+MOVBE,AVX,SSE3+SSSE3+SSE4.1+SSE4.2+POPCNT,X86Base+SSE+SSE2,AES+PCLMUL VectorSize=256
// Job: ShortRun(IterationCount=3, LaunchCount=1, WarmupCount=3)

OverheadJitting  1: 1 op, 240831.00 ns, 240.8310 us/op
WorkloadJitting  1: 1 op, 10326161.00 ns, 10.3262 ms/op

OverheadJitting  2: 16 op, 207107.00 ns, 12.9442 us/op
WorkloadJitting  2: 16 op, 441195.00 ns, 27.5747 us/op

WorkloadPilot    1: 16 op, 177191.00 ns, 11.0744 us/op
WorkloadPilot    2: 32 op, 184846.00 ns, 5.7764 us/op
WorkloadPilot    3: 64 op, 368219.00 ns, 5.7534 us/op
WorkloadPilot    4: 128 op, 654324.00 ns, 5.1119 us/op
WorkloadPilot    5: 256 op, 1253285.00 ns, 4.8956 us/op
WorkloadPilot    6: 512 op, 2502172.00 ns, 4.8871 us/op
WorkloadPilot    7: 1024 op, 4891022.00 ns, 4.7764 us/op
WorkloadPilot    8: 2048 op, 9755032.00 ns, 4.7632 us/op
WorkloadPilot    9: 4096 op, 19685203.00 ns, 4.8060 us/op
WorkloadPilot   10: 8192 op, 49875562.00 ns, 6.0883 us/op
WorkloadPilot   11: 16384 op, 74367909.00 ns, 4.5391 us/op
WorkloadPilot   12: 32768 op, 172978939.00 ns, 5.2789 us/op
WorkloadPilot   13: 65536 op, 334336214.00 ns, 5.1016 us/op
WorkloadPilot   14: 131072 op, 654916249.00 ns, 4.9966 us/op

OverheadWarmup   1: 131072 op, 265938.00 ns, 2.0289 ns/op
OverheadWarmup   2: 131072 op, 213389.00 ns, 1.6280 ns/op
OverheadWarmup   3: 131072 op, 239679.00 ns, 1.8286 ns/op
OverheadWarmup   4: 131072 op, 213059.00 ns, 1.6255 ns/op
OverheadWarmup   5: 131072 op, 213289.00 ns, 1.6273 ns/op
OverheadWarmup   6: 131072 op, 213268.00 ns, 1.6271 ns/op

OverheadActual   1: 131072 op, 213059.00 ns, 1.6255 ns/op
OverheadActual   2: 131072 op, 213510.00 ns, 1.6290 ns/op
OverheadActual   3: 131072 op, 214061.00 ns, 1.6332 ns/op
OverheadActual   4: 131072 op, 213299.00 ns, 1.6273 ns/op
OverheadActual   5: 131072 op, 213559.00 ns, 1.6293 ns/op
OverheadActual   6: 131072 op, 213158.00 ns, 1.6263 ns/op
OverheadActual   7: 131072 op, 213379.00 ns, 1.6280 ns/op
OverheadActual   8: 131072 op, 213460.00 ns, 1.6286 ns/op
OverheadActual   9: 131072 op, 229169.00 ns, 1.7484 ns/op
OverheadActual  10: 131072 op, 213159.00 ns, 1.6263 ns/op
OverheadActual  11: 131072 op, 213389.00 ns, 1.6280 ns/op
OverheadActual  12: 131072 op, 226404.00 ns, 1.7273 ns/op
OverheadActual  13: 131072 op, 213209.00 ns, 1.6267 ns/op
OverheadActual  14: 131072 op, 213259.00 ns, 1.6270 ns/op
OverheadActual  15: 131072 op, 231232.00 ns, 1.7642 ns/op

WorkloadWarmup   1: 131072 op, 683160895.00 ns, 5.2121 us/op
WorkloadWarmup   2: 131072 op, 658692787.00 ns, 5.0254 us/op
WorkloadWarmup   3: 131072 op, 649850580.00 ns, 4.9580 us/op

// BeforeActualRun
WorkloadActual   1: 131072 op, 653243800.00 ns, 4.9839 us/op
WorkloadActual   2: 131072 op, 657655585.00 ns, 5.0175 us/op
WorkloadActual   3: 131072 op, 656785421.00 ns, 5.0109 us/op

// AfterActualRun
WorkloadResult   1: 131072 op, 653030411.00 ns, 4.9822 us/op
WorkloadResult   2: 131072 op, 657442196.00 ns, 5.0159 us/op
WorkloadResult   3: 131072 op, 656572032.00 ns, 5.0092 us/op
// GC:  13 6 0 232819264 131072
// Threading:  0 0 131072

// AfterAll
// Benchmark Process 3999 has exited with code 0.

Mean = 5.002 μs, StdErr = 0.010 μs (0.21%), N = 3, StdDev = 0.018 μs
Min = 4.982 μs, Q1 = 4.996 μs, Median = 5.009 μs, Q3 = 5.013 μs, Max = 5.016 μs
IQR = 0.017 μs, LowerFence = 4.970 μs, UpperFence = 5.038 μs
ConfidenceInterval = [4.677 μs; 5.328 μs] (CI 99.9%), Margin = 0.325 μs (6.50% of Mean)
Skewness = -0.33, Kurtosis = 0.67, MValue = 2

// ** Remained 10 (76.9 %) benchmark(s) to run. Estimated finish 2026-10-10 18:14 (0h 2m from now) **
// **************************
// Benchmark: ProcessorAgreementServiceBenchmarks.'AmendDPA (update terms)': ShortRun(IterationCount=3, LaunchCount=1, WarmupCount=3)
// *** Execute ***
// Launch: 1 / 1
// Execute: dotnet Encina.Benchmarks-ShortRun-1.dll --anonymousPipes 231 232 --benchmarkName Encina.Benchmarks.Compliance.ProcessorAgreements.ProcessorAgreementServiceBenchmarks.AmendDPA --job ShortRun --benchmarkId 3 in /home/runner/work/Encina/Encina/tests/Encina.BenchmarkTests/Encina.Benchmarks/bin/Release/net10.0/Encina.Benchmarks-ShortRun-1/bin/Release/net10.0
// Failed to set up high priority (Permission denied). In order to run benchmarks with high priority, make sure you have the right permissions.
// BeforeAnythingElse

// Benchmark Process Environment Information:
// BenchmarkDotNet v0.15.8
// Runtime=.NET 10.0.12 (10.0.12, 10.0.1226.42308), X64 RyuJIT x86-64-v3
// GC=Concurrent Workstation
// HardwareIntrinsics=AVX2+BMI1+BMI2+F16C+FMA+LZCNT+MOVBE,AVX,SSE3+SSSE3+SSE4.1+SSE4.2+POPCNT,X86Base+SSE+SSE2,AES+PCLMUL VectorSize=256
// Job: ShortRun(IterationCount=3, LaunchCount=1, WarmupCount=3)

OverheadJitting  1: 1 op, 231514.00 ns, 231.5140 us/op
WorkloadJitting  1: 1 op, 9463931.00 ns, 9.4639 ms/op

OverheadJitting  2: 16 op, 207047.00 ns, 12.9404 us/op
WorkloadJitting  2: 16 op, 341468.00 ns, 21.3418 us/op

WorkloadPilot    1: 16 op, 102993.00 ns, 6.4371 us/op
WorkloadPilot    2: 32 op, 105768.00 ns, 3.3053 us/op
WorkloadPilot    3: 64 op, 230741.00 ns, 3.6053 us/op
WorkloadPilot    4: 128 op, 368229.00 ns, 2.8768 us/op
WorkloadPilot    5: 256 op, 746728.00 ns, 2.9169 us/op
WorkloadPilot    6: 512 op, 1348574.00 ns, 2.6339 us/op
WorkloadPilot    7: 1024 op, 2654508.00 ns, 2.5923 us/op
WorkloadPilot    8: 2048 op, 5371622.00 ns, 2.6229 us/op
WorkloadPilot    9: 4096 op, 10485472.00 ns, 2.5599 us/op
WorkloadPilot   10: 8192 op, 20818580.00 ns, 2.5413 us/op
WorkloadPilot   11: 16384 op, 48666054.00 ns, 2.9703 us/op
WorkloadPilot   12: 32768 op, 102411603.00 ns, 3.1254 us/op
WorkloadPilot   13: 65536 op, 201008548.00 ns, 3.0671 us/op
WorkloadPilot   14: 131072 op, 400779911.00 ns, 3.0577 us/op
WorkloadPilot   15: 262144 op, 808398361.00 ns, 3.0838 us/op

OverheadWarmup   1: 262144 op, 425376.00 ns, 1.6227 ns/op
OverheadWarmup   2: 262144 op, 443661.00 ns, 1.6924 ns/op
OverheadWarmup   3: 262144 op, 442177.00 ns, 1.6868 ns/op
OverheadWarmup   4: 262144 op, 455272.00 ns, 1.7367 ns/op
OverheadWarmup   5: 262144 op, 425556.00 ns, 1.6234 ns/op

OverheadActual   1: 262144 op, 426258.00 ns, 1.6260 ns/op
OverheadActual   2: 262144 op, 425667.00 ns, 1.6238 ns/op
OverheadActual   3: 262144 op, 429533.00 ns, 1.6385 ns/op
OverheadActual   4: 262144 op, 426387.00 ns, 1.6265 ns/op
OverheadActual   5: 262144 op, 439122.00 ns, 1.6751 ns/op
OverheadActual   6: 262144 op, 425998.00 ns, 1.6251 ns/op
OverheadActual   7: 262144 op, 426417.00 ns, 1.6267 ns/op
OverheadActual   8: 262144 op, 425386.00 ns, 1.6227 ns/op
OverheadActual   9: 262144 op, 426178.00 ns, 1.6257 ns/op
OverheadActual  10: 262144 op, 463528.00 ns, 1.7682 ns/op
OverheadActual  11: 262144 op, 459641.00 ns, 1.7534 ns/op
OverheadActual  12: 262144 op, 447127.00 ns, 1.7057 ns/op
OverheadActual  13: 262144 op, 441206.00 ns, 1.6831 ns/op
OverheadActual  14: 262144 op, 458347.00 ns, 1.7485 ns/op
OverheadActual  15: 262144 op, 457987.00 ns, 1.7471 ns/op

WorkloadWarmup   1: 262144 op, 809290028.00 ns, 3.0872 us/op
WorkloadWarmup   2: 262144 op, 816994816.00 ns, 3.1166 us/op
WorkloadWarmup   3: 262144 op, 802886312.00 ns, 3.0628 us/op

// BeforeActualRun
WorkloadActual   1: 262144 op, 811449729.00 ns, 3.0954 us/op
WorkloadActual   2: 262144 op, 811591304.00 ns, 3.0960 us/op
WorkloadActual   3: 262144 op, 807505188.00 ns, 3.0804 us/op

// AfterActualRun
WorkloadResult   1: 262144 op, 811020196.00 ns, 3.0938 us/op
WorkloadResult   2: 262144 op, 811161771.00 ns, 3.0943 us/op
WorkloadResult   3: 262144 op, 807075655.00 ns, 3.0787 us/op
// GC:  17 8 0 289424256 262144
// Threading:  0 0 262144

// AfterAll
// Benchmark Process 4008 has exited with code 0.

Mean = 3.089 μs, StdErr = 0.005 μs (0.17%), N = 3, StdDev = 0.009 μs
Min = 3.079 μs, Q1 = 3.086 μs, Median = 3.094 μs, Q3 = 3.094 μs, Max = 3.094 μs
IQR = 0.008 μs, LowerFence = 3.075 μs, UpperFence = 3.106 μs
ConfidenceInterval = [2.928 μs; 3.250 μs] (CI 99.9%), Margin = 0.161 μs (5.23% of Mean)
Skewness = -0.38, Kurtosis = 0.67, MValue = 2

// ** Remained 9 (69.2 %) benchmark(s) to run. Estimated finish 2026-10-10 18:14 (0h 2m from now) **
// **************************
// Benchmark: ProcessorAgreementServiceBenchmarks.'AuditDPA (record audit)': ShortRun(IterationCount=3, LaunchCount=1, WarmupCount=3)
// *** Execute ***
// Launch: 1 / 1
// Execute: dotnet Encina.Benchmarks-ShortRun-1.dll --anonymousPipes 231 232 --benchmarkName Encina.Benchmarks.Compliance.ProcessorAgreements.ProcessorAgreementServiceBenchmarks.AuditDPA --job ShortRun --benchmarkId 4 in /home/runner/work/Encina/Encina/tests/Encina.BenchmarkTests/Encina.Benchmarks/bin/Release/net10.0/Encina.Benchmarks-ShortRun-1/bin/Release/net10.0
// Failed to set up high priority (Permission denied). In order to run benchmarks with high priority, make sure you have the right permissions.
// BeforeAnythingElse

// Benchmark Process Environment Information:
// BenchmarkDotNet v0.15.8
// Runtime=.NET 10.0.12 (10.0.12, 10.0.1226.42308), X64 RyuJIT x86-64-v3
// GC=Concurrent Workstation
// HardwareIntrinsics=AVX2+BMI1+BMI2+F16C+FMA+LZCNT+MOVBE,AVX,SSE3+SSSE3+SSE4.1+SSE4.2+POPCNT,X86Base+SSE+SSE2,AES+PCLMUL VectorSize=256
// Job: ShortRun(IterationCount=3, LaunchCount=1, WarmupCount=3)

OverheadJitting  1: 1 op, 252513.00 ns, 252.5130 us/op
WorkloadJitting  1: 1 op, 9090724.00 ns, 9.0907 ms/op

OverheadJitting  2: 16 op, 207178.00 ns, 12.9486 us/op
WorkloadJitting  2: 16 op, 332623.00 ns, 20.7889 us/op

WorkloadPilot    1: 16 op, 84489.00 ns, 5.2806 us/op
WorkloadPilot    2: 32 op, 54332.00 ns, 1.6979 us/op
WorkloadPilot    3: 64 op, 88756.00 ns, 1.3868 us/op
WorkloadPilot    4: 128 op, 133170.00 ns, 1.0404 us/op
WorkloadPilot    5: 256 op, 247343.00 ns, 966.1836 ns/op
WorkloadPilot    6: 512 op, 401191.00 ns, 783.5762 ns/op
WorkloadPilot    7: 1024 op, 884526.00 ns, 863.7949 ns/op
WorkloadPilot    8: 2048 op, 1559679.00 ns, 761.5620 ns/op
WorkloadPilot    9: 4096 op, 3552158.00 ns, 867.2261 ns/op
WorkloadPilot   10: 8192 op, 6571058.00 ns, 802.1311 ns/op
WorkloadPilot   11: 16384 op, 13287930.00 ns, 811.0309 ns/op
WorkloadPilot   12: 32768 op, 26835356.00 ns, 818.9501 ns/op
WorkloadPilot   13: 65536 op, 62561381.00 ns, 954.6109 ns/op
WorkloadPilot   14: 131072 op, 134452113.00 ns, 1.0258 us/op
WorkloadPilot   15: 262144 op, 289156579.00 ns, 1.1030 us/op
WorkloadPilot   16: 524288 op, 630906805.00 ns, 1.2034 us/op

OverheadWarmup   1: 524288 op, 883965.00 ns, 1.6860 ns/op
OverheadWarmup   2: 524288 op, 886359.00 ns, 1.6906 ns/op
OverheadWarmup   3: 524288 op, 885707.00 ns, 1.6894 ns/op
OverheadWarmup   4: 524288 op, 886028.00 ns, 1.6900 ns/op
OverheadWarmup   5: 524288 op, 886810.00 ns, 1.6915 ns/op
OverheadWarmup   6: 524288 op, 876921.00 ns, 1.6726 ns/op

OverheadActual   1: 524288 op, 889535.00 ns, 1.6967 ns/op
OverheadActual   2: 524288 op, 887081.00 ns, 1.6920 ns/op
OverheadActual   3: 524288 op, 889034.00 ns, 1.6957 ns/op
OverheadActual   4: 524288 op, 883954.00 ns, 1.6860 ns/op
OverheadActual   5: 524288 op, 885697.00 ns, 1.6893 ns/op
OverheadActual   6: 524288 op, 869928.00 ns, 1.6593 ns/op
OverheadActual   7: 524288 op, 888984.00 ns, 1.6956 ns/op
OverheadActual   8: 524288 op, 890707.00 ns, 1.6989 ns/op
OverheadActual   9: 524288 op, 885688.00 ns, 1.6893 ns/op
OverheadActual  10: 524288 op, 871521.00 ns, 1.6623 ns/op
OverheadActual  11: 524288 op, 874446.00 ns, 1.6679 ns/op
OverheadActual  12: 524288 op, 888193.00 ns, 1.6941 ns/op
OverheadActual  13: 524288 op, 872052.00 ns, 1.6633 ns/op
OverheadActual  14: 524288 op, 889274.00 ns, 1.6962 ns/op
OverheadActual  15: 524288 op, 886459.00 ns, 1.6908 ns/op

WorkloadWarmup   1: 524288 op, 597797872.00 ns, 1.1402 us/op
WorkloadWarmup   2: 524288 op, 593045037.00 ns, 1.1311 us/op
WorkloadWarmup   3: 524288 op, 590355274.00 ns, 1.1260 us/op

// BeforeActualRun
WorkloadActual   1: 524288 op, 605911015.00 ns, 1.1557 us/op
WorkloadActual   2: 524288 op, 597647305.00 ns, 1.1399 us/op
WorkloadActual   3: 524288 op, 609840787.00 ns, 1.1632 us/op

// AfterActualRun
WorkloadResult   1: 524288 op, 605024556.00 ns, 1.1540 us/op
WorkloadResult   2: 524288 op, 596760846.00 ns, 1.1382 us/op
WorkloadResult   3: 524288 op, 608954328.00 ns, 1.1615 us/op
// GC:  11 10 0 192937984 524288
// Threading:  0 0 524288

// AfterAll
// Benchmark Process 4020 has exited with code 0.

Mean = 1.151 μs, StdErr = 0.007 μs (0.60%), N = 3, StdDev = 0.012 μs
Min = 1.138 μs, Q1 = 1.146 μs, Median = 1.154 μs, Q3 = 1.158 μs, Max = 1.161 μs
IQR = 0.012 μs, LowerFence = 1.129 μs, UpperFence = 1.175 μs
ConfidenceInterval = [0.935 μs; 1.368 μs] (CI 99.9%), Margin = 0.217 μs (18.81% of Mean)
Skewness = -0.22, Kurtosis = 0.67, MValue = 2

// ** Remained 8 (61.5 %) benchmark(s) to run. Estimated finish 2026-10-10 18:14 (0h 2m from now) **
// **************************
// Benchmark: ProcessorAgreementServiceBenchmarks.'RenewDPA (extend expiration)': ShortRun(IterationCount=3, LaunchCount=1, WarmupCount=3)
// *** Execute ***
// Launch: 1 / 1
// Execute: dotnet Encina.Benchmarks-ShortRun-1.dll --anonymousPipes 231 232 --benchmarkName Encina.Benchmarks.Compliance.ProcessorAgreements.ProcessorAgreementServiceBenchmarks.RenewDPA --job ShortRun --benchmarkId 5 in /home/runner/work/Encina/Encina/tests/Encina.BenchmarkTests/Encina.Benchmarks/bin/Release/net10.0/Encina.Benchmarks-ShortRun-1/bin/Release/net10.0
// Failed to set up high priority (Permission denied). In order to run benchmarks with high priority, make sure you have the right permissions.
// BeforeAnythingElse

// Benchmark Process Environment Information:
// BenchmarkDotNet v0.15.8
// Runtime=.NET 10.0.12 (10.0.12, 10.0.1226.42308), X64 RyuJIT x86-64-v3
// GC=Concurrent Workstation
// HardwareIntrinsics=AVX2+BMI1+BMI2+F16C+FMA+LZCNT+MOVBE,AVX,SSE3+SSSE3+SSE4.1+SSE4.2+POPCNT,X86Base+SSE+SSE2,AES+PCLMUL VectorSize=256
// Job: ShortRun(IterationCount=3, LaunchCount=1, WarmupCount=3)

OverheadJitting  1: 1 op, 237955.00 ns, 237.9550 us/op
WorkloadJitting  1: 1 op, 9360198.00 ns, 9.3602 ms/op

OverheadJitting  2: 16 op, 209763.00 ns, 13.1102 us/op
WorkloadJitting  2: 16 op, 304730.00 ns, 19.0456 us/op

WorkloadPilot    1: 16 op, 72636.00 ns, 4.5398 us/op
WorkloadPilot    2: 32 op, 42670.00 ns, 1.3334 us/op
WorkloadPilot    3: 64 op, 78267.00 ns, 1.2229 us/op
WorkloadPilot    4: 128 op, 122419.00 ns, 956.3984 ns/op
WorkloadPilot    5: 256 op, 240781.00 ns, 940.5508 ns/op
WorkloadPilot    6: 512 op, 426759.00 ns, 833.5137 ns/op
WorkloadPilot    7: 1024 op, 929821.00 ns, 908.0283 ns/op
WorkloadPilot    8: 2048 op, 1847217.00 ns, 901.9614 ns/op
WorkloadPilot    9: 4096 op, 3417877.00 ns, 834.4426 ns/op
WorkloadPilot   10: 8192 op, 7262501.00 ns, 886.5358 ns/op
WorkloadPilot   11: 16384 op, 13651669.00 ns, 833.2318 ns/op
WorkloadPilot   12: 32768 op, 27991476.00 ns, 854.2321 ns/op
WorkloadPilot   13: 65536 op, 68036098.00 ns, 1.0381 us/op
WorkloadPilot   14: 131072 op, 147567280.00 ns, 1.1258 us/op
WorkloadPilot   15: 262144 op, 314848643.00 ns, 1.2011 us/op
WorkloadPilot   16: 524288 op, 657693772.00 ns, 1.2545 us/op

OverheadWarmup   1: 524288 op, 884605.00 ns, 1.6873 ns/op
OverheadWarmup   2: 524288 op, 879937.00 ns, 1.6783 ns/op
OverheadWarmup   3: 524288 op, 882703.00 ns, 1.6836 ns/op
OverheadWarmup   4: 524288 op, 866221.00 ns, 1.6522 ns/op
OverheadWarmup   5: 524288 op, 867083.00 ns, 1.6538 ns/op
OverheadWarmup   6: 524288 op, 865760.00 ns, 1.6513 ns/op

OverheadActual   1: 524288 op, 866071.00 ns, 1.6519 ns/op
OverheadActual   2: 524288 op, 867604.00 ns, 1.6548 ns/op
OverheadActual   3: 524288 op, 868085.00 ns, 1.6557 ns/op
OverheadActual   4: 524288 op, 865239.00 ns, 1.6503 ns/op
OverheadActual   5: 524288 op, 871181.00 ns, 1.6616 ns/op
OverheadActual   6: 524288 op, 867123.00 ns, 1.6539 ns/op
OverheadActual   7: 524288 op, 866391.00 ns, 1.6525 ns/op
OverheadActual   8: 524288 op, 865550.00 ns, 1.6509 ns/op
OverheadActual   9: 524288 op, 866051.00 ns, 1.6519 ns/op
OverheadActual  10: 524288 op, 866021.00 ns, 1.6518 ns/op
OverheadActual  11: 524288 op, 867023.00 ns, 1.6537 ns/op
OverheadActual  12: 524288 op, 865780.00 ns, 1.6513 ns/op
OverheadActual  13: 524288 op, 865840.00 ns, 1.6515 ns/op
OverheadActual  14: 524288 op, 866372.00 ns, 1.6525 ns/op
OverheadActual  15: 524288 op, 866411.00 ns, 1.6525 ns/op

WorkloadWarmup   1: 524288 op, 635342094.00 ns, 1.2118 us/op
WorkloadWarmup   2: 524288 op, 658969138.00 ns, 1.2569 us/op
WorkloadWarmup   3: 524288 op, 638708113.00 ns, 1.2182 us/op

// BeforeActualRun
WorkloadActual   1: 524288 op, 659275201.00 ns, 1.2575 us/op
WorkloadActual   2: 524288 op, 640856121.00 ns, 1.2223 us/op
WorkloadActual   3: 524288 op, 649859728.00 ns, 1.2395 us/op

// AfterActualRun
WorkloadResult   1: 524288 op, 658408829.00 ns, 1.2558 us/op
WorkloadResult   2: 524288 op, 639989749.00 ns, 1.2207 us/op
WorkloadResult   3: 524288 op, 648993356.00 ns, 1.2379 us/op
// GC:  12 11 0 205520896 524288
// Threading:  0 0 524288

// AfterAll
// Benchmark Process 4031 has exited with code 0.

Mean = 1.238 μs, StdErr = 0.010 μs (0.82%), N = 3, StdDev = 0.018 μs
Min = 1.221 μs, Q1 = 1.229 μs, Median = 1.238 μs, Q3 = 1.247 μs, Max = 1.256 μs
IQR = 0.018 μs, LowerFence = 1.203 μs, UpperFence = 1.273 μs
ConfidenceInterval = [0.918 μs; 1.559 μs] (CI 99.9%), Margin = 0.320 μs (25.89% of Mean)
Skewness = 0.01, Kurtosis = 0.67, MValue = 2

// ** Remained 7 (53.8 %) benchmark(s) to run. Estimated finish 2026-10-10 18:14 (0h 2m from now) **
// **************************
// Benchmark: ProcessorAgreementServiceBenchmarks.'TerminateDPA (end agreement)': ShortRun(IterationCount=3, LaunchCount=1, WarmupCount=3)
// *** Execute ***
// Launch: 1 / 1
// Execute: dotnet Encina.Benchmarks-ShortRun-1.dll --anonymousPipes 231 232 --benchmarkName Encina.Benchmarks.Compliance.ProcessorAgreements.ProcessorAgreementServiceBenchmarks.TerminateDPA --job ShortRun --benchmarkId 6 in /home/runner/work/Encina/Encina/tests/Encina.BenchmarkTests/Encina.Benchmarks/bin/Release/net10.0/Encina.Benchmarks-ShortRun-1/bin/Release/net10.0
// Failed to set up high priority (Permission denied). In order to run benchmarks with high priority, make sure you have the right permissions.
// BeforeAnythingElse

// Benchmark Process Environment Information:
// BenchmarkDotNet v0.15.8
// Runtime=.NET 10.0.12 (10.0.12, 10.0.1226.42308), X64 RyuJIT x86-64-v3
// GC=Concurrent Workstation
// HardwareIntrinsics=AVX2+BMI1+BMI2+F16C+FMA+LZCNT+MOVBE,AVX,SSE3+SSSE3+SSE4.1+SSE4.2+POPCNT,X86Base+SSE+SSE2,AES+PCLMUL VectorSize=256
// Job: ShortRun(IterationCount=3, LaunchCount=1, WarmupCount=3)

OverheadJitting  1: 1 op, 220221.00 ns, 220.2210 us/op
WorkloadJitting  1: 1 op, 9085650.00 ns, 9.0857 ms/op

OverheadJitting  2: 16 op, 227967.00 ns, 14.2479 us/op
WorkloadJitting  2: 16 op, 302767.00 ns, 18.9229 us/op

WorkloadPilot    1: 16 op, 60333.00 ns, 3.7708 us/op
WorkloadPilot    2: 32 op, 34835.00 ns, 1.0886 us/op
WorkloadPilot    3: 64 op, 72285.00 ns, 1.1295 us/op
WorkloadPilot    4: 128 op, 105287.00 ns, 822.5547 ns/op
WorkloadPilot    5: 256 op, 214301.00 ns, 837.1133 ns/op
WorkloadPilot    6: 512 op, 349625.00 ns, 682.8613 ns/op
WorkloadPilot    7: 1024 op, 833891.00 ns, 814.3467 ns/op
WorkloadPilot    8: 2048 op, 1496851.00 ns, 730.8843 ns/op
WorkloadPilot    9: 4096 op, 3210478.00 ns, 783.8081 ns/op
WorkloadPilot   10: 8192 op, 5964681.00 ns, 728.1105 ns/op
WorkloadPilot   11: 16384 op, 12024800.00 ns, 733.9355 ns/op
WorkloadPilot   12: 32768 op, 23705596.00 ns, 723.4374 ns/op
WorkloadPilot   13: 65536 op, 57450487.00 ns, 876.6249 ns/op
WorkloadPilot   14: 131072 op, 123521342.00 ns, 942.3931 ns/op
WorkloadPilot   15: 262144 op, 273524134.00 ns, 1.0434 us/op
WorkloadPilot   16: 524288 op, 567778054.00 ns, 1.0830 us/op

OverheadWarmup   1: 524288 op, 869147.00 ns, 1.6578 ns/op
OverheadWarmup   2: 524288 op, 894474.00 ns, 1.7061 ns/op
OverheadWarmup   3: 524288 op, 883473.00 ns, 1.6851 ns/op
OverheadWarmup   4: 524288 op, 906135.00 ns, 1.7283 ns/op
OverheadWarmup   5: 524288 op, 894464.00 ns, 1.7061 ns/op

OverheadActual   1: 524288 op, 886008.00 ns, 1.6899 ns/op
OverheadActual   2: 524288 op, 873725.00 ns, 1.6665 ns/op
OverheadActual   3: 524288 op, 883694.00 ns, 1.6855 ns/op
OverheadActual   4: 524288 op, 886318.00 ns, 1.6905 ns/op
OverheadActual   5: 524288 op, 886559.00 ns, 1.6910 ns/op
OverheadActual   6: 524288 op, 880688.00 ns, 1.6798 ns/op
OverheadActual   7: 524288 op, 871150.00 ns, 1.6616 ns/op
OverheadActual   8: 524288 op, 878003.00 ns, 1.6747 ns/op
OverheadActual   9: 524288 op, 862594.00 ns, 1.6453 ns/op
OverheadActual  10: 524288 op, 864358.00 ns, 1.6486 ns/op
OverheadActual  11: 524288 op, 862935.00 ns, 1.6459 ns/op
OverheadActual  12: 524288 op, 863436.00 ns, 1.6469 ns/op
OverheadActual  13: 524288 op, 863897.00 ns, 1.6478 ns/op
OverheadActual  14: 524288 op, 864097.00 ns, 1.6481 ns/op
OverheadActual  15: 524288 op, 850532.00 ns, 1.6223 ns/op

WorkloadWarmup   1: 524288 op, 568890526.00 ns, 1.0851 us/op
WorkloadWarmup   2: 524288 op, 561627039.00 ns, 1.0712 us/op
WorkloadWarmup   3: 524288 op, 555243714.00 ns, 1.0590 us/op

// BeforeActualRun
WorkloadActual   1: 524288 op, 575018538.00 ns, 1.0968 us/op
WorkloadActual   2: 524288 op, 549675284.00 ns, 1.0484 us/op
WorkloadActual   3: 524288 op, 563777924.00 ns, 1.0753 us/op

// AfterActualRun
WorkloadResult   1: 524288 op, 574147388.00 ns, 1.0951 us/op
WorkloadResult   2: 524288 op, 548804134.00 ns, 1.0468 us/op
WorkloadResult   3: 524288 op, 562906774.00 ns, 1.0737 us/op
// GC:  11 10 0 188743680 524288
// Threading:  0 0 524288

// AfterAll
// Benchmark Process 4046 has exited with code 0.

Mean = 1.072 μs, StdErr = 0.014 μs (1.30%), N = 3, StdDev = 0.024 μs
Min = 1.047 μs, Q1 = 1.060 μs, Median = 1.074 μs, Q3 = 1.084 μs, Max = 1.095 μs
IQR = 0.024 μs, LowerFence = 1.024 μs, UpperFence = 1.121 μs
ConfidenceInterval = [0.630 μs; 1.514 μs] (CI 99.9%), Margin = 0.442 μs (41.23% of Mean)
Skewness = -0.07, Kurtosis = 0.67, MValue = 2

// ** Remained 6 (46.2 %) benchmark(s) to run. Estimated finish 2026-10-10 18:14 (0h 1m from now) **
// **************************
// Benchmark: ProcessorAgreementServiceBenchmarks.'GetDPA by ID (cached read)': ShortRun(IterationCount=3, LaunchCount=1, WarmupCount=3)
// *** Execute ***
// Launch: 1 / 1
// Execute: dotnet Encina.Benchmarks-ShortRun-1.dll --anonymousPipes 231 232 --benchmarkName Encina.Benchmarks.Compliance.ProcessorAgreements.ProcessorAgreementServiceBenchmarks.GetDPAById --job ShortRun --benchmarkId 7 in /home/runner/work/Encina/Encina/tests/Encina.BenchmarkTests/Encina.Benchmarks/bin/Release/net10.0/Encina.Benchmarks-ShortRun-1/bin/Release/net10.0
// Failed to set up high priority (Permission denied). In order to run benchmarks with high priority, make sure you have the right permissions.
// BeforeAnythingElse

// Benchmark Process Environment Information:
// BenchmarkDotNet v0.15.8
// Runtime=.NET 10.0.12 (10.0.12, 10.0.1226.42308), X64 RyuJIT x86-64-v3
// GC=Concurrent Workstation
// HardwareIntrinsics=AVX2+BMI1+BMI2+F16C+FMA+LZCNT+MOVBE,AVX,SSE3+SSSE3+SSE4.1+SSE4.2+POPCNT,X86Base+SSE+SSE2,AES+PCLMUL VectorSize=256
// Job: ShortRun(IterationCount=3, LaunchCount=1, WarmupCount=3)

OverheadJitting  1: 1 op, 235611.00 ns, 235.6110 us/op
WorkloadJitting  1: 1 op, 8882682.00 ns, 8.8827 ms/op

OverheadJitting  2: 16 op, 486199.00 ns, 30.3874 us/op
WorkloadJitting  2: 16 op, 534620.00 ns, 33.4138 us/op

WorkloadPilot    1: 16 op, 59852.00 ns, 3.7408 us/op
WorkloadPilot    2: 32 op, 39333.00 ns, 1.2292 us/op
WorkloadPilot    3: 64 op, 69399.00 ns, 1.0844 us/op
WorkloadPilot    4: 128 op, 103935.00 ns, 811.9922 ns/op
WorkloadPilot    5: 256 op, 207538.00 ns, 810.6953 ns/op
WorkloadPilot    6: 512 op, 429003.00 ns, 837.8965 ns/op
WorkloadPilot    7: 1024 op, 830464.00 ns, 811.0000 ns/op
WorkloadPilot    8: 2048 op, 1481022.00 ns, 723.1553 ns/op
WorkloadPilot    9: 4096 op, 2946153.00 ns, 719.2756 ns/op
WorkloadPilot   10: 8192 op, 5846331.00 ns, 713.6635 ns/op
WorkloadPilot   11: 16384 op, 11705525.00 ns, 714.4485 ns/op
WorkloadPilot   12: 32768 op, 23072537.00 ns, 704.1180 ns/op
WorkloadPilot   13: 65536 op, 51654213.00 ns, 788.1807 ns/op
WorkloadPilot   14: 131072 op, 128623570.00 ns, 981.3200 ns/op
WorkloadPilot   15: 262144 op, 254625663.00 ns, 971.3198 ns/op
WorkloadPilot   16: 524288 op, 561259426.00 ns, 1.0705 us/op

OverheadWarmup   1: 524288 op, 1767067.00 ns, 3.3704 ns/op
OverheadWarmup   2: 524288 op, 1767809.00 ns, 3.3718 ns/op
OverheadWarmup   3: 524288 op, 1770654.00 ns, 3.3773 ns/op
OverheadWarmup   4: 524288 op, 1764572.00 ns, 3.3657 ns/op
OverheadWarmup   5: 524288 op, 1765644.00 ns, 3.3677 ns/op
OverheadWarmup   6: 524288 op, 1764823.00 ns, 3.3661 ns/op

OverheadActual   1: 524288 op, 1769952.00 ns, 3.3759 ns/op
OverheadActual   2: 524288 op, 2395011.00 ns, 4.5681 ns/op
OverheadActual   3: 524288 op, 1768580.00 ns, 3.3733 ns/op
OverheadActual   4: 524288 op, 1803735.00 ns, 3.4404 ns/op
OverheadActual   5: 524288 op, 1770473.00 ns, 3.3769 ns/op
OverheadActual   6: 524288 op, 1780853.00 ns, 3.3967 ns/op
OverheadActual   7: 524288 op, 1778638.00 ns, 3.3925 ns/op
OverheadActual   8: 524288 op, 1751177.00 ns, 3.3401 ns/op
OverheadActual   9: 524288 op, 1757269.00 ns, 3.3517 ns/op
OverheadActual  10: 524288 op, 1757188.00 ns, 3.3516 ns/op
OverheadActual  11: 524288 op, 1742982.00 ns, 3.3245 ns/op
OverheadActual  12: 524288 op, 1762829.00 ns, 3.3623 ns/op
OverheadActual  13: 524288 op, 1761977.00 ns, 3.3607 ns/op
OverheadActual  14: 524288 op, 1764101.00 ns, 3.3648 ns/op
OverheadActual  15: 524288 op, 1762618.00 ns, 3.3619 ns/op

WorkloadWarmup   1: 524288 op, 575845960.00 ns, 1.0983 us/op
WorkloadWarmup   2: 524288 op, 573023037.00 ns, 1.0930 us/op
WorkloadWarmup   3: 524288 op, 593751246.00 ns, 1.1325 us/op

// BeforeActualRun
WorkloadActual   1: 524288 op, 544053045.00 ns, 1.0377 us/op
WorkloadActual   2: 524288 op, 547529482.00 ns, 1.0443 us/op
WorkloadActual   3: 524288 op, 552842885.00 ns, 1.0545 us/op

// AfterActualRun
WorkloadResult   1: 524288 op, 542288944.00 ns, 1.0343 us/op
WorkloadResult   2: 524288 op, 545765381.00 ns, 1.0410 us/op
WorkloadResult   3: 524288 op, 551078784.00 ns, 1.0511 us/op
// GC:  13 12 0 222298112 524288
// Threading:  0 0 524288

// AfterAll
// Benchmark Process 4058 has exited with code 0.

Mean = 1.042 μs, StdErr = 0.005 μs (0.47%), N = 3, StdDev = 0.008 μs
Min = 1.034 μs, Q1 = 1.038 μs, Median = 1.041 μs, Q3 = 1.046 μs, Max = 1.051 μs
IQR = 0.008 μs, LowerFence = 1.025 μs, UpperFence = 1.059 μs
ConfidenceInterval = [0.888 μs; 1.196 μs] (CI 99.9%), Margin = 0.154 μs (14.78% of Mean)
Skewness = 0.14, Kurtosis = 0.67, MValue = 2

// ** Remained 5 (38.5 %) benchmark(s) to run. Estimated finish 2026-10-10 18:14 (0h 1m from now) **
// **************************
// Benchmark: ProcessorAgreementServiceBenchmarks.'GetActiveDPA by processor ID': ShortRun(IterationCount=3, LaunchCount=1, WarmupCount=3)
// *** Execute ***
// Launch: 1 / 1
// Execute: dotnet Encina.Benchmarks-ShortRun-1.dll --anonymousPipes 231 232 --benchmarkName Encina.Benchmarks.Compliance.ProcessorAgreements.ProcessorAgreementServiceBenchmarks.GetActiveDPAByProcessorId --job ShortRun --benchmarkId 8 in /home/runner/work/Encina/Encina/tests/Encina.BenchmarkTests/Encina.Benchmarks/bin/Release/net10.0/Encina.Benchmarks-ShortRun-1/bin/Release/net10.0
// Failed to set up high priority (Permission denied). In order to run benchmarks with high priority, make sure you have the right permissions.
// BeforeAnythingElse

// Benchmark Process Environment Information:
// BenchmarkDotNet v0.15.8
// Runtime=.NET 10.0.12 (10.0.12, 10.0.1226.42308), X64 RyuJIT x86-64-v3
// GC=Concurrent Workstation
// HardwareIntrinsics=AVX2+BMI1+BMI2+F16C+FMA+LZCNT+MOVBE,AVX,SSE3+SSSE3+SSE4.1+SSE4.2+POPCNT,X86Base+SSE+SSE2,AES+PCLMUL VectorSize=256
// Job: ShortRun(IterationCount=3, LaunchCount=1, WarmupCount=3)

OverheadJitting  1: 1 op, 231102.00 ns, 231.1020 us/op
WorkloadJitting  1: 1 op, 8727491.00 ns, 8.7275 ms/op

OverheadJitting  2: 16 op, 503072.00 ns, 31.4420 us/op
WorkloadJitting  2: 16 op, 527277.00 ns, 32.9548 us/op

WorkloadPilot    1: 16 op, 62607.00 ns, 3.9129 us/op
WorkloadPilot    2: 32 op, 40626.00 ns, 1.2696 us/op
WorkloadPilot    3: 64 op, 67346.00 ns, 1.0523 us/op
WorkloadPilot    4: 128 op, 102922.00 ns, 804.0781 ns/op
WorkloadPilot    5: 256 op, 198832.00 ns, 776.6875 ns/op
WorkloadPilot    6: 512 op, 379920.00 ns, 742.0313 ns/op
WorkloadPilot    7: 1024 op, 747859.00 ns, 730.3311 ns/op
WorkloadPilot    8: 2048 op, 1395391.00 ns, 681.3433 ns/op
WorkloadPilot    9: 4096 op, 2729688.00 ns, 666.4277 ns/op
WorkloadPilot   10: 8192 op, 5554814.00 ns, 678.0779 ns/op
WorkloadPilot   11: 16384 op, 11035619.00 ns, 673.5607 ns/op
WorkloadPilot   12: 32768 op, 22106455.00 ns, 674.6355 ns/op
WorkloadPilot   13: 65536 op, 49188000.00 ns, 750.5493 ns/op
WorkloadPilot   14: 131072 op, 123862659.00 ns, 944.9971 ns/op
WorkloadPilot   15: 262144 op, 246220601.00 ns, 939.2571 ns/op
WorkloadPilot   16: 524288 op, 547733053.00 ns, 1.0447 us/op

OverheadWarmup   1: 524288 op, 1784158.00 ns, 3.4030 ns/op
OverheadWarmup   2: 524288 op, 1747610.00 ns, 3.3333 ns/op
OverheadWarmup   3: 524288 op, 1731901.00 ns, 3.3033 ns/op
OverheadWarmup   4: 524288 op, 1745857.00 ns, 3.3300 ns/op
OverheadWarmup   5: 524288 op, 1774590.00 ns, 3.3848 ns/op
OverheadWarmup   6: 524288 op, 1760695.00 ns, 3.3583 ns/op
OverheadWarmup   7: 524288 op, 1733684.00 ns, 3.3067 ns/op
OverheadWarmup   8: 524288 op, 1764231.00 ns, 3.3650 ns/op
OverheadWarmup   9: 524288 op, 1751918.00 ns, 3.3415 ns/op

OverheadActual   1: 524288 op, 1797704.00 ns, 3.4288 ns/op
OverheadActual   2: 524288 op, 1767107.00 ns, 3.3705 ns/op
OverheadActual   3: 524288 op, 1751668.00 ns, 3.3410 ns/op
OverheadActual   4: 524288 op, 1748222.00 ns, 3.3345 ns/op
OverheadActual   5: 524288 op, 1743503.00 ns, 3.3255 ns/op
OverheadActual   6: 524288 op, 1730488.00 ns, 3.3006 ns/op
OverheadActual   7: 524288 op, 1744535.00 ns, 3.3274 ns/op
OverheadActual   8: 524288 op, 1730598.00 ns, 3.3009 ns/op
OverheadActual   9: 524288 op, 1744975.00 ns, 3.3283 ns/op
OverheadActual  10: 524288 op, 1754944.00 ns, 3.3473 ns/op
OverheadActual  11: 524288 op, 1743953.00 ns, 3.3263 ns/op
OverheadActual  12: 524288 op, 1760504.00 ns, 3.3579 ns/op
OverheadActual  13: 524288 op, 1743382.00 ns, 3.3252 ns/op
OverheadActual  14: 524288 op, 1752370.00 ns, 3.3424 ns/op
OverheadActual  15: 524288 op, 1745336.00 ns, 3.3290 ns/op

WorkloadWarmup   1: 524288 op, 550065406.00 ns, 1.0492 us/op
WorkloadWarmup   2: 524288 op, 563428065.00 ns, 1.0747 us/op
WorkloadWarmup   3: 524288 op, 544450155.00 ns, 1.0385 us/op

// BeforeActualRun
WorkloadActual   1: 524288 op, 521175008.00 ns, 994.0624 ns/op
WorkloadActual   2: 524288 op, 542389109.00 ns, 1.0345 us/op
WorkloadActual   3: 524288 op, 546571732.00 ns, 1.0425 us/op

// AfterActualRun
WorkloadResult   1: 524288 op, 519429672.00 ns, 990.7335 ns/op
WorkloadResult   2: 524288 op, 540643773.00 ns, 1.0312 us/op
WorkloadResult   3: 524288 op, 544826396.00 ns, 1.0392 us/op
// GC:  13 12 0 222298112 524288
// Threading:  0 0 524288

// AfterAll
// Benchmark Process 4070 has exited with code 0.

Mean = 1.020 μs, StdErr = 0.015 μs (1.47%), N = 3, StdDev = 0.026 μs
Min = 0.991 μs, Q1 = 1.011 μs, Median = 1.031 μs, Q3 = 1.035 μs, Max = 1.039 μs
IQR = 0.024 μs, LowerFence = 0.975 μs, UpperFence = 1.072 μs
ConfidenceInterval = [0.547 μs; 1.494 μs] (CI 99.9%), Margin = 0.474 μs (46.44% of Mean)
Skewness = -0.34, Kurtosis = 0.67, MValue = 2

// ** Remained 4 (30.8 %) benchmark(s) to run. Estimated finish 2026-10-10 18:14 (0h 1m from now) **
// **************************
// Benchmark: ProcessorAgreementServiceBenchmarks.'GetExpiringDPAs (filtered scan)': ShortRun(IterationCount=3, LaunchCount=1, WarmupCount=3)
// *** Execute ***
// Launch: 1 / 1
// Execute: dotnet Encina.Benchmarks-ShortRun-1.dll --anonymousPipes 231 232 --benchmarkName Encina.Benchmarks.Compliance.ProcessorAgreements.ProcessorAgreementServiceBenchmarks.GetExpiringDPAs --job ShortRun --benchmarkId 9 in /home/runner/work/Encina/Encina/tests/Encina.BenchmarkTests/Encina.Benchmarks/bin/Release/net10.0/Encina.Benchmarks-ShortRun-1/bin/Release/net10.0
// Failed to set up high priority (Permission denied). In order to run benchmarks with high priority, make sure you have the right permissions.
// BeforeAnythingElse

// Benchmark Process Environment Information:
// BenchmarkDotNet v0.15.8
// Runtime=.NET 10.0.12 (10.0.12, 10.0.1226.42308), X64 RyuJIT x86-64-v3
// GC=Concurrent Workstation
// HardwareIntrinsics=AVX2+BMI1+BMI2+F16C+FMA+LZCNT+MOVBE,AVX,SSE3+SSSE3+SSE4.1+SSE4.2+POPCNT,X86Base+SSE+SSE2,AES+PCLMUL VectorSize=256
// Job: ShortRun(IterationCount=3, LaunchCount=1, WarmupCount=3)

OverheadJitting  1: 1 op, 245429.00 ns, 245.4290 us/op
WorkloadJitting  1: 1 op, 8869909.00 ns, 8.8699 ms/op

OverheadJitting  2: 16 op, 510635.00 ns, 31.9147 us/op
WorkloadJitting  2: 16 op, 618167.00 ns, 38.6354 us/op

WorkloadPilot    1: 16 op, 81032.00 ns, 5.0645 us/op
WorkloadPilot    2: 32 op, 36137.00 ns, 1.1293 us/op
WorkloadPilot    3: 64 op, 59571.00 ns, 930.7969 ns/op
WorkloadPilot    4: 128 op, 96220.00 ns, 751.7188 ns/op
WorkloadPilot    5: 256 op, 174877.00 ns, 683.1133 ns/op
WorkloadPilot    6: 512 op, 328555.00 ns, 641.7090 ns/op
WorkloadPilot    7: 1024 op, 669843.00 ns, 654.1436 ns/op
WorkloadPilot    8: 2048 op, 1197731.00 ns, 584.8296 ns/op
WorkloadPilot    9: 4096 op, 2358915.00 ns, 575.9070 ns/op
WorkloadPilot   10: 8192 op, 4722847.00 ns, 576.5194 ns/op
WorkloadPilot   11: 16384 op, 9436559.00 ns, 575.9619 ns/op
WorkloadPilot   12: 32768 op, 18697880.00 ns, 570.6140 ns/op
WorkloadPilot   13: 65536 op, 43409252.00 ns, 662.3726 ns/op
WorkloadPilot   14: 131072 op, 108535751.00 ns, 828.0621 ns/op
WorkloadPilot   15: 262144 op, 221843367.00 ns, 846.2653 ns/op
WorkloadPilot   16: 524288 op, 433095242.00 ns, 826.0636 ns/op
WorkloadPilot   17: 1048576 op, 1023987783.00 ns, 976.5508 ns/op

OverheadWarmup   1: 1048576 op, 3456949.00 ns, 3.2968 ns/op
OverheadWarmup   2: 1048576 op, 3456118.00 ns, 3.2960 ns/op
OverheadWarmup   3: 1048576 op, 3457911.00 ns, 3.2977 ns/op
OverheadWarmup   4: 1048576 op, 3431731.00 ns, 3.2728 ns/op
OverheadWarmup   5: 1048576 op, 3477538.00 ns, 3.3164 ns/op
OverheadWarmup   6: 1048576 op, 3450056.00 ns, 3.2902 ns/op

OverheadActual   1: 1048576 op, 3437102.00 ns, 3.2779 ns/op
OverheadActual   2: 1048576 op, 3448423.00 ns, 3.2887 ns/op
OverheadActual   3: 1048576 op, 3449893.00 ns, 3.2901 ns/op
OverheadActual   4: 1048576 op, 3442379.00 ns, 3.2829 ns/op
OverheadActual   5: 1048576 op, 3459942.00 ns, 3.2997 ns/op
OverheadActual   6: 1048576 op, 3433703.00 ns, 3.2746 ns/op
OverheadActual   7: 1048576 op, 3444984.00 ns, 3.2854 ns/op
OverheadActual   8: 1048576 op, 3431008.00 ns, 3.2721 ns/op
OverheadActual   9: 1048576 op, 3425968.00 ns, 3.2673 ns/op
OverheadActual  10: 1048576 op, 3523560.00 ns, 3.3603 ns/op
OverheadActual  11: 1048576 op, 3442359.00 ns, 3.2829 ns/op
OverheadActual  12: 1048576 op, 3446918.00 ns, 3.2872 ns/op
OverheadActual  13: 1048576 op, 3422682.00 ns, 3.2641 ns/op
OverheadActual  14: 1048576 op, 3450825.00 ns, 3.2910 ns/op
OverheadActual  15: 1048576 op, 3478376.00 ns, 3.3172 ns/op

WorkloadWarmup   1: 1048576 op, 926493754.00 ns, 883.5733 ns/op
WorkloadWarmup   2: 1048576 op, 941676704.00 ns, 898.0529 ns/op
WorkloadWarmup   3: 1048576 op, 920349720.00 ns, 877.7139 ns/op

// BeforeActualRun
WorkloadActual   1: 1048576 op, 909586670.00 ns, 867.4494 ns/op
WorkloadActual   2: 1048576 op, 919463916.00 ns, 876.8691 ns/op
WorkloadActual   3: 1048576 op, 867163165.00 ns, 826.9912 ns/op

// AfterActualRun
WorkloadResult   1: 1048576 op, 906141686.00 ns, 864.1641 ns/op
WorkloadResult   2: 1048576 op, 916018932.00 ns, 873.5837 ns/op
WorkloadResult   3: 1048576 op, 863718181.00 ns, 823.7058 ns/op
// GC:  24 23 0 419430656 1048576
// Threading:  0 0 1048576

// AfterAll
// Benchmark Process 4082 has exited with code 0.

Mean = 853.818 ns, StdErr = 15.300 ns (1.79%), N = 3, StdDev = 26.500 ns
Min = 823.706 ns, Q1 = 843.935 ns, Median = 864.164 ns, Q3 = 868.874 ns, Max = 873.584 ns
IQR = 24.939 ns, LowerFence = 806.527 ns, UpperFence = 906.282 ns
ConfidenceInterval = [370.365 ns; 1,337.271 ns] (CI 99.9%), Margin = 483.453 ns (56.62% of Mean)
Skewness = -0.33, Kurtosis = 0.67, MValue = 2

// ** Remained 3 (23.1 %) benchmark(s) to run. Estimated finish 2026-10-10 18:14 (0h 1m from now) **
// **************************
// Benchmark: ProcessorAgreementServiceBenchmarks.'RegisterProcessor (new processor)': ShortRun(IterationCount=3, LaunchCount=1, WarmupCount=3)
// *** Execute ***
// Launch: 1 / 1
// Execute: dotnet Encina.Benchmarks-ShortRun-1.dll --anonymousPipes 231 232 --benchmarkName Encina.Benchmarks.Compliance.ProcessorAgreements.ProcessorAgreementServiceBenchmarks.RegisterProcessor --job ShortRun --benchmarkId 10 in /home/runner/work/Encina/Encina/tests/Encina.BenchmarkTests/Encina.Benchmarks/bin/Release/net10.0/Encina.Benchmarks-ShortRun-1/bin/Release/net10.0
// Failed to set up high priority (Permission denied). In order to run benchmarks with high priority, make sure you have the right permissions.
// BeforeAnythingElse

// Benchmark Process Environment Information:
// BenchmarkDotNet v0.15.8
// Runtime=.NET 10.0.12 (10.0.12, 10.0.1226.42308), X64 RyuJIT x86-64-v3
// GC=Concurrent Workstation
// HardwareIntrinsics=AVX2+BMI1+BMI2+F16C+FMA+LZCNT+MOVBE,AVX,SSE3+SSSE3+SSE4.1+SSE4.2+POPCNT,X86Base+SSE+SSE2,AES+PCLMUL VectorSize=256
// Job: ShortRun(IterationCount=3, LaunchCount=1, WarmupCount=3)

OverheadJitting  1: 1 op, 230431.00 ns, 230.4310 us/op
WorkloadJitting  1: 1 op, 9204511.00 ns, 9.2045 ms/op

OverheadJitting  2: 16 op, 206607.00 ns, 12.9129 us/op
WorkloadJitting  2: 16 op, 343412.00 ns, 21.4633 us/op

WorkloadPilot    1: 16 op, 78477.00 ns, 4.9048 us/op
WorkloadPilot    2: 32 op, 66965.00 ns, 2.0927 us/op
WorkloadPilot    3: 64 op, 127829.00 ns, 1.9973 us/op
WorkloadPilot    4: 128 op, 239848.00 ns, 1.8738 us/op
WorkloadPilot    5: 256 op, 341439.00 ns, 1.3337 us/op
WorkloadPilot    6: 512 op, 848478.00 ns, 1.6572 us/op
WorkloadPilot    7: 1024 op, 1598421.00 ns, 1.5610 us/op
WorkloadPilot    8: 2048 op, 3169450.00 ns, 1.5476 us/op
WorkloadPilot    9: 4096 op, 6334552.00 ns, 1.5465 us/op
WorkloadPilot   10: 8192 op, 12634178.00 ns, 1.5423 us/op
WorkloadPilot   11: 16384 op, 25467961.00 ns, 1.5544 us/op
WorkloadPilot   12: 32768 op, 60397024.00 ns, 1.8432 us/op
WorkloadPilot   13: 65536 op, 121423415.00 ns, 1.8528 us/op
WorkloadPilot   14: 131072 op, 235343661.00 ns, 1.7955 us/op
WorkloadPilot   15: 262144 op, 500617993.00 ns, 1.9097 us/op

OverheadWarmup   1: 262144 op, 443881.00 ns, 1.6933 ns/op
OverheadWarmup   2: 262144 op, 477834.00 ns, 1.8228 ns/op
OverheadWarmup   3: 262144 op, 462104.00 ns, 1.7628 ns/op
OverheadWarmup   4: 262144 op, 425546.00 ns, 1.6233 ns/op
OverheadWarmup   5: 262144 op, 425527.00 ns, 1.6233 ns/op
OverheadWarmup   6: 262144 op, 426267.00 ns, 1.6261 ns/op
OverheadWarmup   7: 262144 op, 446235.00 ns, 1.7023 ns/op
OverheadWarmup   8: 262144 op, 483966.00 ns, 1.8462 ns/op
OverheadWarmup   9: 262144 op, 425546.00 ns, 1.6233 ns/op

OverheadActual   1: 262144 op, 425346.00 ns, 1.6226 ns/op
OverheadActual   2: 262144 op, 442608.00 ns, 1.6884 ns/op
OverheadActual   3: 262144 op, 425315.00 ns, 1.6224 ns/op
OverheadActual   4: 262144 op, 481481.00 ns, 1.8367 ns/op
OverheadActual   5: 262144 op, 454931.00 ns, 1.7354 ns/op
OverheadActual   6: 262144 op, 460291.00 ns, 1.7559 ns/op
OverheadActual   7: 262144 op, 428291.00 ns, 1.6338 ns/op
OverheadActual   8: 262144 op, 425346.00 ns, 1.6226 ns/op
OverheadActual   9: 262144 op, 439052.00 ns, 1.6749 ns/op
OverheadActual  10: 262144 op, 453629.00 ns, 1.7305 ns/op
OverheadActual  11: 262144 op, 425406.00 ns, 1.6228 ns/op
OverheadActual  12: 262144 op, 456294.00 ns, 1.7406 ns/op
OverheadActual  13: 262144 op, 426207.00 ns, 1.6259 ns/op
OverheadActual  14: 262144 op, 447326.00 ns, 1.7064 ns/op
OverheadActual  15: 262144 op, 467655.00 ns, 1.7840 ns/op

WorkloadWarmup   1: 262144 op, 491360575.00 ns, 1.8744 us/op
WorkloadWarmup   2: 262144 op, 517598990.00 ns, 1.9745 us/op
WorkloadWarmup   3: 262144 op, 503704423.00 ns, 1.9215 us/op

// BeforeActualRun
WorkloadActual   1: 262144 op, 503160955.00 ns, 1.9194 us/op
WorkloadActual   2: 262144 op, 510571384.00 ns, 1.9477 us/op
WorkloadActual   3: 262144 op, 518756283.00 ns, 1.9789 us/op

// AfterActualRun
WorkloadResult   1: 262144 op, 502718347.00 ns, 1.9177 us/op
WorkloadResult   2: 262144 op, 510128776.00 ns, 1.9460 us/op
WorkloadResult   3: 262144 op, 518313675.00 ns, 1.9772 us/op
// GC:  8 7 0 148899304 262144
// Threading:  0 0 262144

// AfterAll
// Benchmark Process 4096 has exited with code 0.

Mean = 1.947 μs, StdErr = 0.017 μs (0.88%), N = 3, StdDev = 0.030 μs
Min = 1.918 μs, Q1 = 1.932 μs, Median = 1.946 μs, Q3 = 1.962 μs, Max = 1.977 μs
IQR = 0.030 μs, LowerFence = 1.887 μs, UpperFence = 2.006 μs
ConfidenceInterval = [1.404 μs; 2.490 μs] (CI 99.9%), Margin = 0.543 μs (27.88% of Mean)
Skewness = 0.03, Kurtosis = 0.67, MValue = 2

// ** Remained 2 (15.4 %) benchmark(s) to run. Estimated finish 2026-10-10 18:14 (0h 0m from now) **
// **************************
// Benchmark: ProcessorAgreementServiceBenchmarks.'GetProcessor by ID (cached read)': ShortRun(IterationCount=3, LaunchCount=1, WarmupCount=3)
// *** Execute ***
// Launch: 1 / 1
// Execute: dotnet Encina.Benchmarks-ShortRun-1.dll --anonymousPipes 231 232 --benchmarkName Encina.Benchmarks.Compliance.ProcessorAgreements.ProcessorAgreementServiceBenchmarks.GetProcessorById --job ShortRun --benchmarkId 11 in /home/runner/work/Encina/Encina/tests/Encina.BenchmarkTests/Encina.Benchmarks/bin/Release/net10.0/Encina.Benchmarks-ShortRun-1/bin/Release/net10.0
// Failed to set up high priority (Permission denied). In order to run benchmarks with high priority, make sure you have the right permissions.
// BeforeAnythingElse

// Benchmark Process Environment Information:
// BenchmarkDotNet v0.15.8
// Runtime=.NET 10.0.12 (10.0.12, 10.0.1226.42308), X64 RyuJIT x86-64-v3
// GC=Concurrent Workstation
// HardwareIntrinsics=AVX2+BMI1+BMI2+F16C+FMA+LZCNT+MOVBE,AVX,SSE3+SSSE3+SSE4.1+SSE4.2+POPCNT,X86Base+SSE+SSE2,AES+PCLMUL VectorSize=256
// Job: ShortRun(IterationCount=3, LaunchCount=1, WarmupCount=3)

OverheadJitting  1: 1 op, 232716.00 ns, 232.7160 us/op
WorkloadJitting  1: 1 op, 8816722.00 ns, 8.8167 ms/op

OverheadJitting  2: 16 op, 489266.00 ns, 30.5791 us/op
WorkloadJitting  2: 16 op, 565258.00 ns, 35.3286 us/op

WorkloadPilot    1: 16 op, 90540.00 ns, 5.6588 us/op
WorkloadPilot    2: 32 op, 82725.00 ns, 2.5852 us/op
WorkloadPilot    3: 64 op, 92343.00 ns, 1.4429 us/op
WorkloadPilot    4: 128 op, 125966.00 ns, 984.1094 ns/op
WorkloadPilot    5: 256 op, 219441.00 ns, 857.1914 ns/op
WorkloadPilot    6: 512 op, 396642.00 ns, 774.6914 ns/op
WorkloadPilot    7: 1024 op, 788145.00 ns, 769.6729 ns/op
WorkloadPilot    8: 2048 op, 1427162.00 ns, 696.8564 ns/op
WorkloadPilot    9: 4096 op, 2764053.00 ns, 674.8176 ns/op
WorkloadPilot   10: 8192 op, 5658640.00 ns, 690.7520 ns/op
WorkloadPilot   11: 16384 op, 10996581.00 ns, 671.1780 ns/op
WorkloadPilot   12: 32768 op, 21748876.00 ns, 663.7230 ns/op
WorkloadPilot   13: 65536 op, 49066224.00 ns, 748.6912 ns/op
WorkloadPilot   14: 131072 op, 123018015.00 ns, 938.5530 ns/op
WorkloadPilot   15: 262144 op, 248768795.00 ns, 948.9776 ns/op
WorkloadPilot   16: 524288 op, 539570660.00 ns, 1.0291 us/op

OverheadWarmup   1: 524288 op, 1746738.00 ns, 3.3316 ns/op
OverheadWarmup   2: 524288 op, 1744835.00 ns, 3.3280 ns/op
OverheadWarmup   3: 524288 op, 1740046.00 ns, 3.3189 ns/op
OverheadWarmup   4: 524288 op, 1759623.00 ns, 3.3562 ns/op
OverheadWarmup   5: 524288 op, 1760204.00 ns, 3.3573 ns/op
OverheadWarmup   6: 524288 op, 1733143.00 ns, 3.3057 ns/op
OverheadWarmup   7: 524288 op, 1742781.00 ns, 3.3241 ns/op
OverheadWarmup   8: 524288 op, 1743774.00 ns, 3.3260 ns/op
OverheadWarmup   9: 524288 op, 1747389.00 ns, 3.3329 ns/op
OverheadWarmup  10: 524288 op, 1745667.00 ns, 3.3296 ns/op

OverheadActual   1: 524288 op, 1746478.00 ns, 3.3311 ns/op
OverheadActual   2: 524288 op, 1738794.00 ns, 3.3165 ns/op
OverheadActual   3: 524288 op, 1765714.00 ns, 3.3678 ns/op
OverheadActual   4: 524288 op, 1754573.00 ns, 3.3466 ns/op
OverheadActual   5: 524288 op, 1767608.00 ns, 3.3714 ns/op
OverheadActual   6: 524288 op, 1757178.00 ns, 3.3516 ns/op
OverheadActual   7: 524288 op, 1766445.00 ns, 3.3692 ns/op
OverheadActual   8: 524288 op, 1767788.00 ns, 3.3718 ns/op
OverheadActual   9: 524288 op, 1765444.00 ns, 3.3673 ns/op
OverheadActual  10: 524288 op, 1767547.00 ns, 3.3713 ns/op
OverheadActual  11: 524288 op, 1768910.00 ns, 3.3739 ns/op
OverheadActual  12: 524288 op, 1770754.00 ns, 3.3774 ns/op
OverheadActual  13: 524288 op, 1768570.00 ns, 3.3733 ns/op
OverheadActual  14: 524288 op, 1766997.00 ns, 3.3703 ns/op
OverheadActual  15: 524288 op, 1777758.00 ns, 3.3908 ns/op

WorkloadWarmup   1: 524288 op, 546909355.00 ns, 1.0431 us/op
WorkloadWarmup   2: 524288 op, 520096477.00 ns, 992.0053 ns/op
WorkloadWarmup   3: 524288 op, 528920389.00 ns, 1.0088 us/op

// BeforeActualRun
WorkloadActual   1: 524288 op, 513370582.00 ns, 979.1767 ns/op
WorkloadActual   2: 524288 op, 525185280.00 ns, 1.0017 us/op
WorkloadActual   3: 524288 op, 527080956.00 ns, 1.0053 us/op

// AfterActualRun
WorkloadResult   1: 524288 op, 511603585.00 ns, 975.8064 ns/op
WorkloadResult   2: 524288 op, 523418283.00 ns, 998.3411 ns/op
WorkloadResult   3: 524288 op, 525313959.00 ns, 1.0020 us/op
// GC:  13 12 0 222298112 524288
// Threading:  0 0 524288

// AfterAll
// Benchmark Process 4104 has exited with code 0.

Mean = 992.035 ns, StdErr = 8.181 ns (0.82%), N = 3, StdDev = 14.170 ns
Min = 975.806 ns, Q1 = 987.074 ns, Median = 998.341 ns, Q3 = 1,000.149 ns, Max = 1,001.957 ns
IQR = 13.075 ns, LowerFence = 967.461 ns, UpperFence = 1,019.762 ns
ConfidenceInterval = [733.521 ns; 1,250.549 ns] (CI 99.9%), Margin = 258.514 ns (26.06% of Mean)
Skewness = -0.36, Kurtosis = 0.67, MValue = 2

// ** Remained 1 (7.7 %) benchmark(s) to run. Estimated finish 2026-10-10 18:14 (0h 0m from now) **
// **************************
// Benchmark: ProcessorAgreementServiceBenchmarks.'GetFullSubProcessorChain (BFS traversal)': ShortRun(IterationCount=3, LaunchCount=1, WarmupCount=3)
// *** Execute ***
// Launch: 1 / 1
// Execute: dotnet Encina.Benchmarks-ShortRun-1.dll --anonymousPipes 231 232 --benchmarkName Encina.Benchmarks.Compliance.ProcessorAgreements.ProcessorAgreementServiceBenchmarks.GetFullSubProcessorChain --job ShortRun --benchmarkId 12 in /home/runner/work/Encina/Encina/tests/Encina.BenchmarkTests/Encina.Benchmarks/bin/Release/net10.0/Encina.Benchmarks-ShortRun-1/bin/Release/net10.0
// Failed to set up high priority (Permission denied). In order to run benchmarks with high priority, make sure you have the right permissions.
// BeforeAnythingElse

// Benchmark Process Environment Information:
// BenchmarkDotNet v0.15.8
// Runtime=.NET 10.0.12 (10.0.12, 10.0.1226.42308), X64 RyuJIT x86-64-v3
// GC=Concurrent Workstation
// HardwareIntrinsics=AVX2+BMI1+BMI2+F16C+FMA+LZCNT+MOVBE,AVX,SSE3+SSSE3+SSE4.1+SSE4.2+POPCNT,X86Base+SSE+SSE2,AES+PCLMUL VectorSize=256
// Job: ShortRun(IterationCount=3, LaunchCount=1, WarmupCount=3)

OverheadJitting  1: 1 op, 247643.00 ns, 247.6430 us/op
WorkloadJitting  1: 1 op, 8814937.00 ns, 8.8149 ms/op

OverheadJitting  2: 16 op, 471112.00 ns, 29.4445 us/op
WorkloadJitting  2: 16 op, 583402.00 ns, 36.4626 us/op

WorkloadPilot    1: 16 op, 68158.00 ns, 4.2599 us/op
WorkloadPilot    2: 32 op, 45615.00 ns, 1.4255 us/op
WorkloadPilot    3: 64 op, 68018.00 ns, 1.0628 us/op
WorkloadPilot    4: 128 op, 98253.00 ns, 767.6016 ns/op
WorkloadPilot    5: 256 op, 192470.00 ns, 751.8359 ns/op
WorkloadPilot    6: 512 op, 385402.00 ns, 752.7383 ns/op
WorkloadPilot    7: 1024 op, 718074.00 ns, 701.2441 ns/op
WorkloadPilot    8: 2048 op, 1361248.00 ns, 664.6719 ns/op
WorkloadPilot    9: 4096 op, 2686769.00 ns, 655.9495 ns/op
WorkloadPilot   10: 8192 op, 5260806.00 ns, 642.1882 ns/op
WorkloadPilot   11: 16384 op, 10505823.00 ns, 641.2245 ns/op
WorkloadPilot   12: 32768 op, 20950591.00 ns, 639.3613 ns/op
WorkloadPilot   13: 65536 op, 46995326.00 ns, 717.0918 ns/op
WorkloadPilot   14: 131072 op, 122990611.00 ns, 938.3439 ns/op
WorkloadPilot   15: 262144 op, 253978692.00 ns, 968.8518 ns/op
WorkloadPilot   16: 524288 op, 546699190.00 ns, 1.0427 us/op

OverheadWarmup   1: 524288 op, 1735378.00 ns, 3.3100 ns/op
OverheadWarmup   2: 524288 op, 1745678.00 ns, 3.3296 ns/op
OverheadWarmup   3: 524288 op, 1745747.00 ns, 3.3297 ns/op
OverheadWarmup   4: 524288 op, 1744615.00 ns, 3.3276 ns/op
OverheadWarmup   5: 524288 op, 1737061.00 ns, 3.3132 ns/op
OverheadWarmup   6: 524288 op, 1731280.00 ns, 3.3022 ns/op
OverheadWarmup   7: 524288 op, 1761287.00 ns, 3.3594 ns/op
OverheadWarmup   8: 524288 op, 1751467.00 ns, 3.3407 ns/op

OverheadActual   1: 524288 op, 1763972.00 ns, 3.3645 ns/op
OverheadActual   2: 524288 op, 1751798.00 ns, 3.3413 ns/op
OverheadActual   3: 524288 op, 1744281.00 ns, 3.3270 ns/op
OverheadActual   4: 524288 op, 1743890.00 ns, 3.3262 ns/op
OverheadActual   5: 524288 op, 1953071.00 ns, 3.7252 ns/op
OverheadActual   6: 524288 op, 1758507.00 ns, 3.3541 ns/op
OverheadActual   7: 524288 op, 1765421.00 ns, 3.3673 ns/op
OverheadActual   8: 524288 op, 1756374.00 ns, 3.3500 ns/op
OverheadActual   9: 524288 op, 1754350.00 ns, 3.3462 ns/op
OverheadActual  10: 524288 op, 1766783.00 ns, 3.3699 ns/op
OverheadActual  11: 524288 op, 1811246.00 ns, 3.4547 ns/op
OverheadActual  12: 524288 op, 1769869.00 ns, 3.3758 ns/op
OverheadActual  13: 524288 op, 1761934.00 ns, 3.3606 ns/op
OverheadActual  14: 524288 op, 1768727.00 ns, 3.3736 ns/op
OverheadActual  15: 524288 op, 1770711.00 ns, 3.3774 ns/op

WorkloadWarmup   1: 524288 op, 563873586.00 ns, 1.0755 us/op
WorkloadWarmup   2: 524288 op, 565742023.00 ns, 1.0791 us/op
WorkloadWarmup   3: 524288 op, 553107893.00 ns, 1.0550 us/op

// BeforeActualRun
WorkloadActual   1: 524288 op, 518112050.00 ns, 988.2203 ns/op
WorkloadActual   2: 524288 op, 518956268.00 ns, 989.8305 ns/op
WorkloadActual   3: 524288 op, 524848616.00 ns, 1.0011 us/op

// AfterActualRun
WorkloadResult   1: 524288 op, 516348078.00 ns, 984.8558 ns/op
WorkloadResult   2: 524288 op, 517192296.00 ns, 986.4660 ns/op
WorkloadResult   3: 524288 op, 523084644.00 ns, 997.7048 ns/op
// GC:  13 12 0 222298112 524288
// Threading:  0 0 524288

// AfterAll
// Benchmark Process 4114 has exited with code 0.

Mean = 989.676 ns, StdErr = 4.041 ns (0.41%), N = 3, StdDev = 7.000 ns
Min = 984.856 ns, Q1 = 985.661 ns, Median = 986.466 ns, Q3 = 992.085 ns, Max = 997.705 ns
IQR = 6.424 ns, LowerFence = 976.024 ns, UpperFence = 1,001.722 ns
ConfidenceInterval = [861.970 ns; 1,117.381 ns] (CI 99.9%), Margin = 127.706 ns (12.90% of Mean)
Skewness = 0.36, Kurtosis = 0.67, MValue = 2

// ** Remained 0 (0.0 %) benchmark(s) to run. Estimated finish 2026-10-10 18:14 (0h 0m from now) **
// ***** BenchmarkRunner: Finish  *****

// * Export *
  artifacts/performance/Core/results/Encina.Benchmarks.Compliance.ProcessorAgreements.ProcessorAgreementServiceBenchmarks-report.csv
  artifacts/performance/Core/results/Encina.Benchmarks.Compliance.ProcessorAgreements.ProcessorAgreementServiceBenchmarks-report-github.md
  artifacts/performance/Core/results/Encina.Benchmarks.Compliance.ProcessorAgreements.ProcessorAgreementServiceBenchmarks-report.html
  artifacts/performance/Core/results/Encina.Benchmarks.Compliance.ProcessorAgreements.ProcessorAgreementServiceBenchmarks-report-full-compressed.json

// * Detailed results *
ProcessorAgreementServiceBenchmarks.'HasValidDPA (pipeline hot-path)': ShortRun(IterationCount=3, LaunchCount=1, WarmupCount=3)
Runtime = .NET 10.0.12 (10.0.12, 10.0.1226.42308), X64 RyuJIT x86-64-v3; GC = Concurrent Workstation
Mean = 1.171 μs, StdErr = 0.014 μs (1.16%), N = 3, StdDev = 0.024 μs
Min = 1.157 μs, Q1 = 1.158 μs, Median = 1.158 μs, Q3 = 1.178 μs, Max = 1.199 μs
IQR = 0.021 μs, LowerFence = 1.127 μs, UpperFence = 1.209 μs
ConfidenceInterval = [0.740 μs; 1.603 μs] (CI 99.9%), Margin = 0.431 μs (36.80% of Mean)
Skewness = 0.38, Kurtosis = 0.67, MValue = 2
-------------------- Histogram --------------------
[1.157 μs ; 1.200 μs) | @@@
---------------------------------------------------

ProcessorAgreementServiceBenchmarks.'ValidateDPA (detailed compliance check)': ShortRun(IterationCount=3, LaunchCount=1, WarmupCount=3)
Runtime = .NET 10.0.12 (10.0.12, 10.0.1226.42308), X64 RyuJIT x86-64-v3; GC = Concurrent Workstation
Mean = 1.211 μs, StdErr = 0.012 μs (0.98%), N = 3, StdDev = 0.020 μs
Min = 1.189 μs, Q1 = 1.201 μs, Median = 1.213 μs, Q3 = 1.221 μs, Max = 1.230 μs
IQR = 0.020 μs, LowerFence = 1.170 μs, UpperFence = 1.252 μs
ConfidenceInterval = [0.837 μs; 1.584 μs] (CI 99.9%), Margin = 0.373 μs (30.85% of Mean)
Skewness = -0.1, Kurtosis = 0.67, MValue = 2
-------------------- Histogram --------------------
[1.171 μs ; 1.203 μs) | @
[1.203 μs ; 1.240 μs) | @@
---------------------------------------------------

ProcessorAgreementServiceBenchmarks.'ExecuteDPA (new agreement)': ShortRun(IterationCount=3, LaunchCount=1, WarmupCount=3)
Runtime = .NET 10.0.12 (10.0.12, 10.0.1226.42308), X64 RyuJIT x86-64-v3; GC = Concurrent Workstation
Mean = 5.002 μs, StdErr = 0.010 μs (0.21%), N = 3, StdDev = 0.018 μs
Min = 4.982 μs, Q1 = 4.996 μs, Median = 5.009 μs, Q3 = 5.013 μs, Max = 5.016 μs
IQR = 0.017 μs, LowerFence = 4.970 μs, UpperFence = 5.038 μs
ConfidenceInterval = [4.677 μs; 5.328 μs] (CI 99.9%), Margin = 0.325 μs (6.50% of Mean)
Skewness = -0.33, Kurtosis = 0.67, MValue = 2
-------------------- Histogram --------------------
[4.966 μs ; 5.032 μs) | @@@
---------------------------------------------------

ProcessorAgreementServiceBenchmarks.'AmendDPA (update terms)': ShortRun(IterationCount=3, LaunchCount=1, WarmupCount=3)
Runtime = .NET 10.0.12 (10.0.12, 10.0.1226.42308), X64 RyuJIT x86-64-v3; GC = Concurrent Workstation
Mean = 3.089 μs, StdErr = 0.005 μs (0.17%), N = 3, StdDev = 0.009 μs
Min = 3.079 μs, Q1 = 3.086 μs, Median = 3.094 μs, Q3 = 3.094 μs, Max = 3.094 μs
IQR = 0.008 μs, LowerFence = 3.075 μs, UpperFence = 3.106 μs
ConfidenceInterval = [2.928 μs; 3.250 μs] (CI 99.9%), Margin = 0.161 μs (5.23% of Mean)
Skewness = -0.38, Kurtosis = 0.67, MValue = 2
-------------------- Histogram --------------------
[3.078 μs ; 3.095 μs) | @@@
---------------------------------------------------

ProcessorAgreementServiceBenchmarks.'AuditDPA (record audit)': ShortRun(IterationCount=3, LaunchCount=1, WarmupCount=3)
Runtime = .NET 10.0.12 (10.0.12, 10.0.1226.42308), X64 RyuJIT x86-64-v3; GC = Concurrent Workstation
Mean = 1.151 μs, StdErr = 0.007 μs (0.60%), N = 3, StdDev = 0.012 μs
Min = 1.138 μs, Q1 = 1.146 μs, Median = 1.154 μs, Q3 = 1.158 μs, Max = 1.161 μs
IQR = 0.012 μs, LowerFence = 1.129 μs, UpperFence = 1.175 μs
ConfidenceInterval = [0.935 μs; 1.368 μs] (CI 99.9%), Margin = 0.217 μs (18.81% of Mean)
Skewness = -0.22, Kurtosis = 0.67, MValue = 2
-------------------- Histogram --------------------
[1.127 μs ; 1.169 μs) | @@@
---------------------------------------------------

ProcessorAgreementServiceBenchmarks.'RenewDPA (extend expiration)': ShortRun(IterationCount=3, LaunchCount=1, WarmupCount=3)
Runtime = .NET 10.0.12 (10.0.12, 10.0.1226.42308), X64 RyuJIT x86-64-v3; GC = Concurrent Workstation
Mean = 1.238 μs, StdErr = 0.010 μs (0.82%), N = 3, StdDev = 0.018 μs
Min = 1.221 μs, Q1 = 1.229 μs, Median = 1.238 μs, Q3 = 1.247 μs, Max = 1.256 μs
IQR = 0.018 μs, LowerFence = 1.203 μs, UpperFence = 1.273 μs
ConfidenceInterval = [0.918 μs; 1.559 μs] (CI 99.9%), Margin = 0.320 μs (25.89% of Mean)
Skewness = 0.01, Kurtosis = 0.67, MValue = 2
-------------------- Histogram --------------------
[1.213 μs ; 1.245 μs) | @@
[1.245 μs ; 1.272 μs) | @
---------------------------------------------------

ProcessorAgreementServiceBenchmarks.'TerminateDPA (end agreement)': ShortRun(IterationCount=3, LaunchCount=1, WarmupCount=3)
Runtime = .NET 10.0.12 (10.0.12, 10.0.1226.42308), X64 RyuJIT x86-64-v3; GC = Concurrent Workstation
Mean = 1.072 μs, StdErr = 0.014 μs (1.30%), N = 3, StdDev = 0.024 μs
Min = 1.047 μs, Q1 = 1.060 μs, Median = 1.074 μs, Q3 = 1.084 μs, Max = 1.095 μs
IQR = 0.024 μs, LowerFence = 1.024 μs, UpperFence = 1.121 μs
ConfidenceInterval = [0.630 μs; 1.514 μs] (CI 99.9%), Margin = 0.442 μs (41.23% of Mean)
Skewness = -0.07, Kurtosis = 0.67, MValue = 2
-------------------- Histogram --------------------
[1.025 μs ; 1.062 μs) | @
[1.062 μs ; 1.106 μs) | @@
---------------------------------------------------

ProcessorAgreementServiceBenchmarks.'GetDPA by ID (cached read)': ShortRun(IterationCount=3, LaunchCount=1, WarmupCount=3)
Runtime = .NET 10.0.12 (10.0.12, 10.0.1226.42308), X64 RyuJIT x86-64-v3; GC = Concurrent Workstation
Mean = 1.042 μs, StdErr = 0.005 μs (0.47%), N = 3, StdDev = 0.008 μs
Min = 1.034 μs, Q1 = 1.038 μs, Median = 1.041 μs, Q3 = 1.046 μs, Max = 1.051 μs
IQR = 0.008 μs, LowerFence = 1.025 μs, UpperFence = 1.059 μs
ConfidenceInterval = [0.888 μs; 1.196 μs] (CI 99.9%), Margin = 0.154 μs (14.78% of Mean)
Skewness = 0.14, Kurtosis = 0.67, MValue = 2
-------------------- Histogram --------------------
[1.027 μs ; 1.059 μs) | @@@
---------------------------------------------------

ProcessorAgreementServiceBenchmarks.'GetActiveDPA by processor ID': ShortRun(IterationCount=3, LaunchCount=1, WarmupCount=3)
Runtime = .NET 10.0.12 (10.0.12, 10.0.1226.42308), X64 RyuJIT x86-64-v3; GC = Concurrent Workstation
Mean = 1.020 μs, StdErr = 0.015 μs (1.47%), N = 3, StdDev = 0.026 μs
Min = 0.991 μs, Q1 = 1.011 μs, Median = 1.031 μs, Q3 = 1.035 μs, Max = 1.039 μs
IQR = 0.024 μs, LowerFence = 0.975 μs, UpperFence = 1.072 μs
ConfidenceInterval = [0.547 μs; 1.494 μs] (CI 99.9%), Margin = 0.474 μs (46.44% of Mean)
Skewness = -0.34, Kurtosis = 0.67, MValue = 2
-------------------- Histogram --------------------
[0.967 μs ; 1.012 μs) | @
[1.012 μs ; 1.063 μs) | @@
---------------------------------------------------

ProcessorAgreementServiceBenchmarks.'GetExpiringDPAs (filtered scan)': ShortRun(IterationCount=3, LaunchCount=1, WarmupCount=3)
Runtime = .NET 10.0.12 (10.0.12, 10.0.1226.42308), X64 RyuJIT x86-64-v3; GC = Concurrent Workstation
Mean = 853.818 ns, StdErr = 15.300 ns (1.79%), N = 3, StdDev = 26.500 ns
Min = 823.706 ns, Q1 = 843.935 ns, Median = 864.164 ns, Q3 = 868.874 ns, Max = 873.584 ns
IQR = 24.939 ns, LowerFence = 806.527 ns, UpperFence = 906.282 ns
ConfidenceInterval = [370.365 ns; 1,337.271 ns] (CI 99.9%), Margin = 483.453 ns (56.62% of Mean)
Skewness = -0.33, Kurtosis = 0.67, MValue = 2
-------------------- Histogram --------------------
[799.590 ns ; 844.758 ns) | @
[844.758 ns ; 897.700 ns) | @@
---------------------------------------------------

ProcessorAgreementServiceBenchmarks.'RegisterProcessor (new processor)': ShortRun(IterationCount=3, LaunchCount=1, WarmupCount=3)
Runtime = .NET 10.0.12 (10.0.12, 10.0.1226.42308), X64 RyuJIT x86-64-v3; GC = Concurrent Workstation
Mean = 1.947 μs, StdErr = 0.017 μs (0.88%), N = 3, StdDev = 0.030 μs
Min = 1.918 μs, Q1 = 1.932 μs, Median = 1.946 μs, Q3 = 1.962 μs, Max = 1.977 μs
IQR = 0.030 μs, LowerFence = 1.887 μs, UpperFence = 2.006 μs
ConfidenceInterval = [1.404 μs; 2.490 μs] (CI 99.9%), Margin = 0.543 μs (27.88% of Mean)
Skewness = 0.03, Kurtosis = 0.67, MValue = 2
-------------------- Histogram --------------------
[1.905 μs ; 1.959 μs) | @@
[1.959 μs ; 2.004 μs) | @
---------------------------------------------------

ProcessorAgreementServiceBenchmarks.'GetProcessor by ID (cached read)': ShortRun(IterationCount=3, LaunchCount=1, WarmupCount=3)
Runtime = .NET 10.0.12 (10.0.12, 10.0.1226.42308), X64 RyuJIT x86-64-v3; GC = Concurrent Workstation
Mean = 992.035 ns, StdErr = 8.181 ns (0.82%), N = 3, StdDev = 14.170 ns
Min = 975.806 ns, Q1 = 987.074 ns, Median = 998.341 ns, Q3 = 1,000.149 ns, Max = 1,001.957 ns
IQR = 13.075 ns, LowerFence = 967.461 ns, UpperFence = 1,019.762 ns
ConfidenceInterval = [733.521 ns; 1,250.549 ns] (CI 99.9%), Margin = 258.514 ns (26.06% of Mean)
Skewness = -0.36, Kurtosis = 0.67, MValue = 2
-------------------- Histogram --------------------
[962.911 ns ;   987.254 ns) | @
[987.254 ns ; 1,014.852 ns) | @@
---------------------------------------------------

ProcessorAgreementServiceBenchmarks.'GetFullSubProcessorChain (BFS traversal)': ShortRun(IterationCount=3, LaunchCount=1, WarmupCount=3)
Runtime = .NET 10.0.12 (10.0.12, 10.0.1226.42308), X64 RyuJIT x86-64-v3; GC = Concurrent Workstation
Mean = 989.676 ns, StdErr = 4.041 ns (0.41%), N = 3, StdDev = 7.000 ns
Min = 984.856 ns, Q1 = 985.661 ns, Median = 986.466 ns, Q3 = 992.085 ns, Max = 997.705 ns
IQR = 6.424 ns, LowerFence = 976.024 ns, UpperFence = 1,001.722 ns
ConfidenceInterval = [861.970 ns; 1,117.381 ns] (CI 99.9%), Margin = 127.706 ns (12.90% of Mean)
Skewness = 0.36, Kurtosis = 0.67, MValue = 2
-------------------- Histogram --------------------
[978.486 ns ; 1,004.075 ns) | @@@
---------------------------------------------------

// * Summary *

BenchmarkDotNet v0.15.8, Linux Ubuntu 24.04.5 LTS (Noble Numbat)
AMD EPYC 7763 2.45GHz, 1 CPU, 4 logical and 2 physical cores
.NET SDK 10.0.401
  [Host]   : .NET 10.0.12 (10.0.12, 10.0.1226.42308), X64 RyuJIT x86-64-v3
  ShortRun : .NET 10.0.12 (10.0.12, 10.0.1226.42308), X64 RyuJIT x86-64-v3

Job=ShortRun  IterationCount=3  LaunchCount=1  
WarmupCount=3  

| Method                                     | Mean       | Error    | StdDev   | Ratio | RatioSD | Rank | Gen0   | Gen1   | Allocated | Alloc Ratio |
|------------------------------------------- |-----------:|---------:|---------:|------:|--------:|-----:|-------:|-------:|----------:|------------:|
| 'HasValidDPA (pipeline hot-path)'          | 1,171.4 ns | 431.1 ns | 23.63 ns |  1.00 |    0.02 |    1 | 0.0210 | 0.0191 |     352 B |        1.00 |
| 'ValidateDPA (detailed compliance check)'  | 1,210.6 ns | 373.4 ns | 20.47 ns |  1.03 |    0.02 |    1 | 0.0248 | 0.0229 |     424 B |        1.20 |
| 'ExecuteDPA (new agreement)'               | 5,002.5 ns | 325.3 ns | 17.83 ns |  4.27 |    0.07 |    4 | 0.0992 | 0.0458 |    1776 B |        5.05 |
| 'AmendDPA (update terms)'                  | 3,089.0 ns | 161.4 ns |  8.85 ns |  2.64 |    0.05 |    3 | 0.0648 | 0.0305 |    1104 B |        3.14 |
| 'AuditDPA (record audit)'                  | 1,151.2 ns | 216.6 ns | 11.87 ns |  0.98 |    0.02 |    1 | 0.0210 | 0.0191 |     368 B |        1.05 |
| 'RenewDPA (extend expiration)'             | 1,238.1 ns | 320.5 ns | 17.57 ns |  1.06 |    0.02 |    1 | 0.0229 | 0.0210 |     392 B |        1.11 |
| 'TerminateDPA (end agreement)'             | 1,071.8 ns | 441.9 ns | 24.22 ns |  0.92 |    0.02 |    1 | 0.0210 | 0.0191 |     360 B |        1.02 |
| 'GetDPA by ID (cached read)'               | 1,042.1 ns | 154.0 ns |  8.44 ns |  0.89 |    0.02 |    1 | 0.0248 | 0.0229 |     424 B |        1.20 |
| 'GetActiveDPA by processor ID'             | 1,020.4 ns | 473.8 ns | 25.97 ns |  0.87 |    0.02 |    1 | 0.0248 | 0.0229 |     424 B |        1.20 |
| 'GetExpiringDPAs (filtered scan)'          |   853.8 ns | 483.5 ns | 26.50 ns |  0.73 |    0.02 |    1 | 0.0229 | 0.0219 |     400 B |        1.14 |
| 'RegisterProcessor (new processor)'        | 1,947.0 ns | 542.9 ns | 29.76 ns |  1.66 |    0.04 |    2 | 0.0305 | 0.0267 |     568 B |        1.61 |
| 'GetProcessor by ID (cached read)'         |   992.0 ns | 258.5 ns | 14.17 ns |  0.85 |    0.02 |    1 | 0.0248 | 0.0229 |     424 B |        1.20 |
| 'GetFullSubProcessorChain (BFS traversal)' |   989.7 ns | 127.7 ns |  7.00 ns |  0.85 |    0.02 |    1 | 0.0248 | 0.0229 |     424 B |        1.20 |
// * Config Issues *

// * Warnings *
Configuration
  Summary -> The exporter CsvExporter is already present in configuration. There may be unexpected results.
  Summary -> The exporter HtmlExporter is already present in configuration. There may be unexpected results.
  Summary -> The exporter MarkdownExporter-github is already present in configuration. There may be unexpected results.

// * Legends *
  Mean        : Arithmetic mean of all measurements
  Error       : Half of 99.9% confidence interval
  StdDev      : Standard deviation of all measurements
  Ratio       : Mean of the ratio distribution ([Current]/[Baseline])
  RatioSD     : Standard deviation of the ratio distribution ([Current]/[Baseline])
  Rank        : Relative position of current benchmark mean among all benchmarks (Arabic style)
  Gen0        : GC Generation 0 collects per 1000 operations
  Gen1        : GC Generation 1 collects per 1000 operations
  Allocated   : Allocated memory per single operation (managed only, inclusive, 1KB = 1024B)
  Alloc Ratio : Allocated memory ratio distribution ([Current]/[Baseline])
  1 ns        : 1 Nanosecond (0.000000001 sec)

// * Diagnostic Output - MemoryDiagnoser *


// ***** BenchmarkRunner: End *****
Run time: 00:04:24 (264.34 sec), executed benchmarks: 13

Global total time: 00:07:44 (464.96 sec), executed benchmarks: 13
// * Artifacts cleanup *
Artifacts cleanup is finished
