// Validating benchmarks:
// ***** BenchmarkRunner: Start   *****
// ***** Found 4 benchmark(s) in total *****
// ***** Building 1 exe(s) in Parallel: Start   *****
// start dotnet  restore --nodeReuse:false /p:UseSharedCompilation=false /p:Deterministic=true /p:Optimize=true /p:ArtifactsPath="/home/runner/work/Encina/Encina/tests/Encina.BenchmarkTests/Encina.Polly.Benchmarks/bin/Release/net10.0/Encina.Polly.Benchmarks-Job-NTRUNJ-1/" /p:OutDir="/home/runner/work/Encina/Encina/tests/Encina.BenchmarkTests/Encina.Polly.Benchmarks/bin/Release/net10.0/Encina.Polly.Benchmarks-Job-NTRUNJ-1/bin/Release/net10.0/" /p:OutputPath="/home/runner/work/Encina/Encina/tests/Encina.BenchmarkTests/Encina.Polly.Benchmarks/bin/Release/net10.0/Encina.Polly.Benchmarks-Job-NTRUNJ-1/bin/Release/net10.0/" /p:PublishDir="/home/runner/work/Encina/Encina/tests/Encina.BenchmarkTests/Encina.Polly.Benchmarks/bin/Release/net10.0/Encina.Polly.Benchmarks-Job-NTRUNJ-1/publish/" in /home/runner/work/Encina/Encina/tests/Encina.BenchmarkTests/Encina.Polly.Benchmarks/bin/Release/net10.0/Encina.Polly.Benchmarks-Job-NTRUNJ-1
// command took 2.71 sec and exited with 0
// start dotnet  build -c Release --no-restore --nodeReuse:false /p:UseSharedCompilation=false /p:Deterministic=true /p:Optimize=true /p:ArtifactsPath="/home/runner/work/Encina/Encina/tests/Encina.BenchmarkTests/Encina.Polly.Benchmarks/bin/Release/net10.0/Encina.Polly.Benchmarks-Job-NTRUNJ-1/" /p:OutDir="/home/runner/work/Encina/Encina/tests/Encina.BenchmarkTests/Encina.Polly.Benchmarks/bin/Release/net10.0/Encina.Polly.Benchmarks-Job-NTRUNJ-1/bin/Release/net10.0/" /p:OutputPath="/home/runner/work/Encina/Encina/tests/Encina.BenchmarkTests/Encina.Polly.Benchmarks/bin/Release/net10.0/Encina.Polly.Benchmarks-Job-NTRUNJ-1/bin/Release/net10.0/" /p:PublishDir="/home/runner/work/Encina/Encina/tests/Encina.BenchmarkTests/Encina.Polly.Benchmarks/bin/Release/net10.0/Encina.Polly.Benchmarks-Job-NTRUNJ-1/publish/" --output "/home/runner/work/Encina/Encina/tests/Encina.BenchmarkTests/Encina.Polly.Benchmarks/bin/Release/net10.0/Encina.Polly.Benchmarks-Job-NTRUNJ-1/bin/Release/net10.0/" in /home/runner/work/Encina/Encina/tests/Encina.BenchmarkTests/Encina.Polly.Benchmarks/bin/Release/net10.0/Encina.Polly.Benchmarks-Job-NTRUNJ-1
// command took 30.94 sec and exited with 0
// ***** Done, took 00:00:33 (33.79 sec)   *****
// Found 4 benchmarks:
//   CircuitBreakerBenchmarks.NoCircuitBreakerAttribute_Baseline: Job-NTRUNJ(IterationCount=5, WarmupCount=3)
//   CircuitBreakerBenchmarks.NoCircuitBreakerAttribute_Baseline: ShortRun(IterationCount=3, LaunchCount=1, WarmupCount=3)
//   CircuitBreakerBenchmarks.WithCircuitBreakerAttribute_ClosedState: Job-NTRUNJ(IterationCount=5, WarmupCount=3)
//   CircuitBreakerBenchmarks.WithCircuitBreakerAttribute_ClosedState: ShortRun(IterationCount=3, LaunchCount=1, WarmupCount=3)

// **************************
// Benchmark: CircuitBreakerBenchmarks.NoCircuitBreakerAttribute_Baseline: Job-NTRUNJ(IterationCount=5, WarmupCount=3)
// *** Execute ***
// Launch: 1 / 1
// Execute: dotnet Encina.Polly.Benchmarks-Job-NTRUNJ-1.dll --anonymousPipes 140 141 --benchmarkName Encina.Polly.Benchmarks.CircuitBreakerBenchmarks.NoCircuitBreakerAttribute_Baseline --job "IterationCount=5, WarmupCount=3" --benchmarkId 0 in /home/runner/work/Encina/Encina/tests/Encina.BenchmarkTests/Encina.Polly.Benchmarks/bin/Release/net10.0/Encina.Polly.Benchmarks-Job-NTRUNJ-1/bin/Release/net10.0
// Failed to set up high priority (Permission denied). In order to run benchmarks with high priority, make sure you have the right permissions.
// BeforeAnythingElse

// Benchmark Process Environment Information:
// BenchmarkDotNet v0.15.8
// Runtime=.NET 10.0.12 (10.0.12, 10.0.1226.42308), X64 RyuJIT x86-64-v3
// GC=Concurrent Workstation
// HardwareIntrinsics=AVX2+BMI1+BMI2+F16C+FMA+LZCNT+MOVBE,AVX,SSE3+SSSE3+SSE4.1+SSE4.2+POPCNT,X86Base+SSE+SSE2,AES+PCLMUL VectorSize=256
// Job: Job-NTRUNJ(IterationCount=5, WarmupCount=3)

OverheadJitting  1: 1 op, 169047.00 ns, 169.0470 us/op
WorkloadJitting  1: 1 op, 47239221.00 ns, 47.2392 ms/op

WorkloadPilot    1: 2 op, 213000.00 ns, 106.5000 us/op
WorkloadPilot    2: 3 op, 36779.00 ns, 12.2597 us/op
WorkloadPilot    3: 4 op, 27892.00 ns, 6.9730 us/op
WorkloadPilot    4: 5 op, 42219.00 ns, 8.4438 us/op
WorkloadPilot    5: 6 op, 36177.00 ns, 6.0295 us/op
WorkloadPilot    6: 7 op, 41447.00 ns, 5.9210 us/op
WorkloadPilot    7: 8 op, 43151.00 ns, 5.3939 us/op
WorkloadPilot    8: 9 op, 49202.00 ns, 5.4669 us/op
WorkloadPilot    9: 10 op, 51617.00 ns, 5.1617 us/op
WorkloadPilot   10: 11 op, 53981.00 ns, 4.9074 us/op
WorkloadPilot   11: 12 op, 59382.00 ns, 4.9485 us/op
WorkloadPilot   12: 13 op, 56987.00 ns, 4.3836 us/op
WorkloadPilot   13: 14 op, 59461.00 ns, 4.2472 us/op
WorkloadPilot   14: 15 op, 65332.00 ns, 4.3555 us/op
WorkloadPilot   15: 16 op, 70993.00 ns, 4.4371 us/op
WorkloadPilot   16: 32 op, 108824.00 ns, 3.4008 us/op
WorkloadPilot   17: 64 op, 207248.00 ns, 3.2383 us/op
WorkloadPilot   18: 128 op, 384512.00 ns, 3.0040 us/op
WorkloadPilot   19: 256 op, 697740.00 ns, 2.7255 us/op
WorkloadPilot   20: 512 op, 1391140.00 ns, 2.7171 us/op
WorkloadPilot   21: 1024 op, 2775328.00 ns, 2.7103 us/op
WorkloadPilot   22: 2048 op, 5492426.00 ns, 2.6818 us/op
WorkloadPilot   23: 4096 op, 10773957.00 ns, 2.6304 us/op
WorkloadPilot   24: 8192 op, 21645827.00 ns, 2.6423 us/op
WorkloadPilot   25: 16384 op, 39567385.00 ns, 2.4150 us/op
WorkloadPilot   26: 32768 op, 73019176.00 ns, 2.2284 us/op
WorkloadPilot   27: 65536 op, 142169871.00 ns, 2.1693 us/op
WorkloadPilot   28: 131072 op, 280567750.00 ns, 2.1406 us/op
WorkloadPilot   29: 262144 op, 560285974.00 ns, 2.1373 us/op

WorkloadWarmup   1: 262144 op, 558298693.00 ns, 2.1297 us/op
WorkloadWarmup   2: 262144 op, 559452880.00 ns, 2.1341 us/op
WorkloadWarmup   3: 262144 op, 563741131.00 ns, 2.1505 us/op

// BeforeActualRun
WorkloadActual   1: 262144 op, 562870627.00 ns, 2.1472 us/op
WorkloadActual   2: 262144 op, 563618610.00 ns, 2.1500 us/op
WorkloadActual   3: 262144 op, 562557319.00 ns, 2.1460 us/op
WorkloadActual   4: 262144 op, 565239103.00 ns, 2.1562 us/op
WorkloadActual   5: 262144 op, 563161613.00 ns, 2.1483 us/op

// AfterActualRun
WorkloadResult   1: 262144 op, 562870627.00 ns, 2.1472 us/op
WorkloadResult   2: 262144 op, 563618610.00 ns, 2.1500 us/op
WorkloadResult   3: 262144 op, 562557319.00 ns, 2.1460 us/op
WorkloadResult   4: 262144 op, 563161613.00 ns, 2.1483 us/op
// GC:  21 0 0 356530448 262144
// Threading:  0 0 262144

// AfterAll
// Benchmark Process 2928 has exited with code 0.

Mean = 2.148 μs, StdErr = 0.001 μs (0.04%), N = 4, StdDev = 0.002 μs
Min = 2.146 μs, Q1 = 2.147 μs, Median = 2.148 μs, Q3 = 2.149 μs, Max = 2.150 μs
IQR = 0.002 μs, LowerFence = 2.144 μs, UpperFence = 2.151 μs
ConfidenceInterval = [2.137 μs; 2.159 μs] (CI 99.9%), Margin = 0.011 μs (0.52% of Mean)
Skewness = 0.15, Kurtosis = 0.99, MValue = 2

// ** Remained 3 (75.0 %) benchmark(s) to run. Estimated finish 2026-10-03 10:46 (0h 0m from now) **
// **************************
// Benchmark: CircuitBreakerBenchmarks.NoCircuitBreakerAttribute_Baseline: ShortRun(IterationCount=3, LaunchCount=1, WarmupCount=3)
// *** Execute ***
// Launch: 1 / 1
// Execute: dotnet Encina.Polly.Benchmarks-Job-NTRUNJ-1.dll --anonymousPipes 140 141 --benchmarkName Encina.Polly.Benchmarks.CircuitBreakerBenchmarks.NoCircuitBreakerAttribute_Baseline --job ShortRun --benchmarkId 1 in /home/runner/work/Encina/Encina/tests/Encina.BenchmarkTests/Encina.Polly.Benchmarks/bin/Release/net10.0/Encina.Polly.Benchmarks-Job-NTRUNJ-1/bin/Release/net10.0
// Failed to set up high priority (Permission denied). In order to run benchmarks with high priority, make sure you have the right permissions.
// BeforeAnythingElse

// Benchmark Process Environment Information:
// BenchmarkDotNet v0.15.8
// Runtime=.NET 10.0.12 (10.0.12, 10.0.1226.42308), X64 RyuJIT x86-64-v3
// GC=Concurrent Workstation
// HardwareIntrinsics=AVX2+BMI1+BMI2+F16C+FMA+LZCNT+MOVBE,AVX,SSE3+SSSE3+SSE4.1+SSE4.2+POPCNT,X86Base+SSE+SSE2,AES+PCLMUL VectorSize=256
// Job: ShortRun(IterationCount=3, LaunchCount=1, WarmupCount=3)

OverheadJitting  1: 1 op, 168196.00 ns, 168.1960 us/op
WorkloadJitting  1: 1 op, 46839453.00 ns, 46.8395 ms/op

WorkloadPilot    1: 2 op, 222128.00 ns, 111.0640 us/op
WorkloadPilot    2: 3 op, 35477.00 ns, 11.8257 us/op
WorkloadPilot    3: 4 op, 26861.00 ns, 6.7153 us/op
WorkloadPilot    4: 5 op, 38091.00 ns, 7.6182 us/op
WorkloadPilot    5: 6 op, 58420.00 ns, 9.7367 us/op
WorkloadPilot    6: 7 op, 40967.00 ns, 5.8524 us/op
WorkloadPilot    7: 8 op, 45606.00 ns, 5.7008 us/op
WorkloadPilot    8: 9 op, 49483.00 ns, 5.4981 us/op
WorkloadPilot    9: 10 op, 54392.00 ns, 5.4392 us/op
WorkloadPilot   10: 11 op, 52509.00 ns, 4.7735 us/op
WorkloadPilot   11: 12 op, 53951.00 ns, 4.4959 us/op
WorkloadPilot   12: 13 op, 56747.00 ns, 4.3652 us/op
WorkloadPilot   13: 14 op, 64310.00 ns, 4.5936 us/op
WorkloadPilot   14: 15 op, 67256.00 ns, 4.4837 us/op
WorkloadPilot   15: 16 op, 69200.00 ns, 4.3250 us/op
WorkloadPilot   16: 32 op, 105728.00 ns, 3.3040 us/op
WorkloadPilot   17: 64 op, 205015.00 ns, 3.2034 us/op
WorkloadPilot   18: 128 op, 385674.00 ns, 3.0131 us/op
WorkloadPilot   19: 256 op, 709922.00 ns, 2.7731 us/op
WorkloadPilot   20: 512 op, 1385521.00 ns, 2.7061 us/op
WorkloadPilot   21: 1024 op, 2772645.00 ns, 2.7077 us/op
WorkloadPilot   22: 2048 op, 5605443.00 ns, 2.7370 us/op
WorkloadPilot   23: 4096 op, 10874295.00 ns, 2.6549 us/op
WorkloadPilot   24: 8192 op, 21726819.00 ns, 2.6522 us/op
WorkloadPilot   25: 16384 op, 39144488.00 ns, 2.3892 us/op
WorkloadPilot   26: 32768 op, 71551256.00 ns, 2.1836 us/op
WorkloadPilot   27: 65536 op, 138920190.00 ns, 2.1198 us/op
WorkloadPilot   28: 131072 op, 277638841.00 ns, 2.1182 us/op
WorkloadPilot   29: 262144 op, 554331136.00 ns, 2.1146 us/op

WorkloadWarmup   1: 262144 op, 554287946.00 ns, 2.1144 us/op
WorkloadWarmup   2: 262144 op, 558438691.00 ns, 2.1303 us/op
WorkloadWarmup   3: 262144 op, 555238634.00 ns, 2.1181 us/op

// BeforeActualRun
WorkloadActual   1: 262144 op, 553655812.00 ns, 2.1120 us/op
WorkloadActual   2: 262144 op, 572767800.00 ns, 2.1849 us/op
WorkloadActual   3: 262144 op, 556507655.00 ns, 2.1229 us/op

// AfterActualRun
WorkloadResult   1: 262144 op, 553655812.00 ns, 2.1120 us/op
WorkloadResult   2: 262144 op, 572767800.00 ns, 2.1849 us/op
WorkloadResult   3: 262144 op, 556507655.00 ns, 2.1229 us/op
// GC:  21 0 0 356530448 262144
// Threading:  0 0 262144

// AfterAll
// Benchmark Process 2936 has exited with code 0.

Mean = 2.140 μs, StdErr = 0.023 μs (1.06%), N = 3, StdDev = 0.039 μs
Min = 2.112 μs, Q1 = 2.117 μs, Median = 2.123 μs, Q3 = 2.154 μs, Max = 2.185 μs
IQR = 0.036 μs, LowerFence = 2.063 μs, UpperFence = 2.209 μs
ConfidenceInterval = [1.422 μs; 2.857 μs] (CI 99.9%), Margin = 0.718 μs (33.53% of Mean)
Skewness = 0.35, Kurtosis = 0.67, MValue = 2

// ** Remained 2 (50.0 %) benchmark(s) to run. Estimated finish 2026-10-03 10:46 (0h 0m from now) **
// **************************
// Benchmark: CircuitBreakerBenchmarks.WithCircuitBreakerAttribute_ClosedState: Job-NTRUNJ(IterationCount=5, WarmupCount=3)
// *** Execute ***
// Launch: 1 / 1
// Execute: dotnet Encina.Polly.Benchmarks-Job-NTRUNJ-1.dll --anonymousPipes 140 141 --benchmarkName Encina.Polly.Benchmarks.CircuitBreakerBenchmarks.WithCircuitBreakerAttribute_ClosedState --job "IterationCount=5, WarmupCount=3" --benchmarkId 2 in /home/runner/work/Encina/Encina/tests/Encina.BenchmarkTests/Encina.Polly.Benchmarks/bin/Release/net10.0/Encina.Polly.Benchmarks-Job-NTRUNJ-1/bin/Release/net10.0
// Failed to set up high priority (Permission denied). In order to run benchmarks with high priority, make sure you have the right permissions.
// BeforeAnythingElse

// Benchmark Process Environment Information:
// BenchmarkDotNet v0.15.8
// Runtime=.NET 10.0.12 (10.0.12, 10.0.1226.42308), X64 RyuJIT x86-64-v3
// GC=Concurrent Workstation
// HardwareIntrinsics=AVX2+BMI1+BMI2+F16C+FMA+LZCNT+MOVBE,AVX,SSE3+SSSE3+SSE4.1+SSE4.2+POPCNT,X86Base+SSE+SSE2,AES+PCLMUL VectorSize=256
// Job: Job-NTRUNJ(IterationCount=5, WarmupCount=3)

OverheadJitting  1: 1 op, 174307.00 ns, 174.3070 us/op
WorkloadJitting  1: 1 op, 47887568.00 ns, 47.8876 ms/op

WorkloadPilot    1: 2 op, 246763.00 ns, 123.3815 us/op
WorkloadPilot    2: 3 op, 37039.00 ns, 12.3463 us/op
WorkloadPilot    3: 4 op, 28744.00 ns, 7.1860 us/op
WorkloadPilot    4: 5 op, 38782.00 ns, 7.7564 us/op
WorkloadPilot    5: 6 op, 36529.00 ns, 6.0882 us/op
WorkloadPilot    6: 7 op, 43652.00 ns, 6.2360 us/op
WorkloadPilot    7: 8 op, 43392.00 ns, 5.4240 us/op
WorkloadPilot    8: 9 op, 49513.00 ns, 5.5014 us/op
WorkloadPilot    9: 10 op, 69691.00 ns, 6.9691 us/op
WorkloadPilot   10: 11 op, 56977.00 ns, 5.1797 us/op
WorkloadPilot   11: 12 op, 54993.00 ns, 4.5828 us/op
WorkloadPilot   12: 13 op, 57648.00 ns, 4.4345 us/op
WorkloadPilot   13: 14 op, 59722.00 ns, 4.2659 us/op
WorkloadPilot   14: 15 op, 65272.00 ns, 4.3515 us/op
WorkloadPilot   15: 16 op, 71294.00 ns, 4.4559 us/op
WorkloadPilot   16: 32 op, 106951.00 ns, 3.3422 us/op
WorkloadPilot   17: 64 op, 206577.00 ns, 3.2278 us/op
WorkloadPilot   18: 128 op, 392547.00 ns, 3.0668 us/op
WorkloadPilot   19: 256 op, 693302.00 ns, 2.7082 us/op
WorkloadPilot   20: 512 op, 1390971.00 ns, 2.7167 us/op
WorkloadPilot   21: 1024 op, 2737530.00 ns, 2.6734 us/op
WorkloadPilot   22: 2048 op, 5443128.00 ns, 2.6578 us/op
WorkloadPilot   23: 4096 op, 10806066.00 ns, 2.6382 us/op
WorkloadPilot   24: 8192 op, 21618695.00 ns, 2.6390 us/op
WorkloadPilot   25: 16384 op, 40051196.00 ns, 2.4445 us/op
WorkloadPilot   26: 32768 op, 73147066.00 ns, 2.2323 us/op
WorkloadPilot   27: 65536 op, 140756178.00 ns, 2.1478 us/op
WorkloadPilot   28: 131072 op, 280691704.00 ns, 2.1415 us/op
WorkloadPilot   29: 262144 op, 561063267.00 ns, 2.1403 us/op

WorkloadWarmup   1: 262144 op, 559957722.00 ns, 2.1361 us/op
WorkloadWarmup   2: 262144 op, 563456160.00 ns, 2.1494 us/op
WorkloadWarmup   3: 262144 op, 562475078.00 ns, 2.1457 us/op

// BeforeActualRun
WorkloadActual   1: 262144 op, 561665127.00 ns, 2.1426 us/op
WorkloadActual   2: 262144 op, 561706625.00 ns, 2.1427 us/op
WorkloadActual   3: 262144 op, 563016006.00 ns, 2.1477 us/op
WorkloadActual   4: 262144 op, 560976811.00 ns, 2.1400 us/op
WorkloadActual   5: 262144 op, 561339591.00 ns, 2.1413 us/op

// AfterActualRun
WorkloadResult   1: 262144 op, 561665127.00 ns, 2.1426 us/op
WorkloadResult   2: 262144 op, 561706625.00 ns, 2.1427 us/op
WorkloadResult   3: 262144 op, 560976811.00 ns, 2.1400 us/op
WorkloadResult   4: 262144 op, 561339591.00 ns, 2.1413 us/op
// GC:  21 0 0 354433120 262144
// Threading:  0 0 262144

// AfterAll
// Benchmark Process 2943 has exited with code 0.

Mean = 2.142 μs, StdErr = 0.001 μs (0.03%), N = 4, StdDev = 0.001 μs
Min = 2.140 μs, Q1 = 2.141 μs, Median = 2.142 μs, Q3 = 2.143 μs, Max = 2.143 μs
IQR = 0.002 μs, LowerFence = 2.139 μs, UpperFence = 2.145 μs
ConfidenceInterval = [2.133 μs; 2.150 μs] (CI 99.9%), Margin = 0.008 μs (0.39% of Mean)
Skewness = -0.33, Kurtosis = 0.93, MValue = 2

// ** Remained 1 (25.0 %) benchmark(s) to run. Estimated finish 2026-10-03 10:46 (0h 0m from now) **
// **************************
// Benchmark: CircuitBreakerBenchmarks.WithCircuitBreakerAttribute_ClosedState: ShortRun(IterationCount=3, LaunchCount=1, WarmupCount=3)
// *** Execute ***
// Launch: 1 / 1
// Execute: dotnet Encina.Polly.Benchmarks-Job-NTRUNJ-1.dll --anonymousPipes 140 141 --benchmarkName Encina.Polly.Benchmarks.CircuitBreakerBenchmarks.WithCircuitBreakerAttribute_ClosedState --job ShortRun --benchmarkId 3 in /home/runner/work/Encina/Encina/tests/Encina.BenchmarkTests/Encina.Polly.Benchmarks/bin/Release/net10.0/Encina.Polly.Benchmarks-Job-NTRUNJ-1/bin/Release/net10.0
// Failed to set up high priority (Permission denied). In order to run benchmarks with high priority, make sure you have the right permissions.
// BeforeAnythingElse

// Benchmark Process Environment Information:
// BenchmarkDotNet v0.15.8
// Runtime=.NET 10.0.12 (10.0.12, 10.0.1226.42308), X64 RyuJIT x86-64-v3
// GC=Concurrent Workstation
// HardwareIntrinsics=AVX2+BMI1+BMI2+F16C+FMA+LZCNT+MOVBE,AVX,SSE3+SSSE3+SSE4.1+SSE4.2+POPCNT,X86Base+SSE+SSE2,AES+PCLMUL VectorSize=256
// Job: ShortRun(IterationCount=3, LaunchCount=1, WarmupCount=3)

OverheadJitting  1: 1 op, 201217.00 ns, 201.2170 us/op
WorkloadJitting  1: 1 op, 46777487.00 ns, 46.7775 ms/op

WorkloadPilot    1: 2 op, 217588.00 ns, 108.7940 us/op
WorkloadPilot    2: 3 op, 37300.00 ns, 12.4333 us/op
WorkloadPilot    3: 4 op, 30938.00 ns, 7.7345 us/op
WorkloadPilot    4: 5 op, 38232.00 ns, 7.6464 us/op
WorkloadPilot    5: 6 op, 58329.00 ns, 9.7215 us/op
WorkloadPilot    6: 7 op, 60634.00 ns, 8.6620 us/op
WorkloadPilot    7: 8 op, 55534.00 ns, 6.9418 us/op
WorkloadPilot    8: 9 op, 61295.00 ns, 6.8106 us/op
WorkloadPilot    9: 10 op, 66855.00 ns, 6.6855 us/op
WorkloadPilot   10: 11 op, 65714.00 ns, 5.9740 us/op
WorkloadPilot   11: 12 op, 67978.00 ns, 5.6648 us/op
WorkloadPilot   12: 13 op, 70713.00 ns, 5.4395 us/op
WorkloadPilot   13: 14 op, 78838.00 ns, 5.6313 us/op
WorkloadPilot   14: 15 op, 84728.00 ns, 5.6485 us/op
WorkloadPilot   15: 16 op, 81754.00 ns, 5.1096 us/op
WorkloadPilot   16: 32 op, 152956.00 ns, 4.7799 us/op
WorkloadPilot   17: 64 op, 256280.00 ns, 4.0044 us/op
WorkloadPilot   18: 128 op, 433984.00 ns, 3.3905 us/op
WorkloadPilot   19: 256 op, 685807.00 ns, 2.6789 us/op
WorkloadPilot   20: 512 op, 1460890.00 ns, 2.8533 us/op
WorkloadPilot   21: 1024 op, 2844787.00 ns, 2.7781 us/op
WorkloadPilot   22: 2048 op, 5604903.00 ns, 2.7368 us/op
WorkloadPilot   23: 4096 op, 11134306.00 ns, 2.7183 us/op
WorkloadPilot   24: 8192 op, 22232174.00 ns, 2.7139 us/op
WorkloadPilot   25: 16384 op, 40461269.00 ns, 2.4696 us/op
WorkloadPilot   26: 32768 op, 73387123.00 ns, 2.2396 us/op
WorkloadPilot   27: 65536 op, 142727246.00 ns, 2.1778 us/op
WorkloadPilot   28: 131072 op, 285105801.00 ns, 2.1752 us/op
WorkloadPilot   29: 262144 op, 571394502.00 ns, 2.1797 us/op

WorkloadWarmup   1: 262144 op, 570248322.00 ns, 2.1753 us/op
WorkloadWarmup   2: 262144 op, 595966395.00 ns, 2.2734 us/op
WorkloadWarmup   3: 262144 op, 574042730.00 ns, 2.1898 us/op

// BeforeActualRun
WorkloadActual   1: 262144 op, 569150681.00 ns, 2.1711 us/op
WorkloadActual   2: 262144 op, 570658113.00 ns, 2.1769 us/op
WorkloadActual   3: 262144 op, 571742408.00 ns, 2.1810 us/op

// AfterActualRun
WorkloadResult   1: 262144 op, 569150681.00 ns, 2.1711 us/op
WorkloadResult   2: 262144 op, 570658113.00 ns, 2.1769 us/op
WorkloadResult   3: 262144 op, 571742408.00 ns, 2.1810 us/op
// GC:  21 0 0 354433120 262144
// Threading:  0 0 262144

// AfterAll
// Benchmark Process 2949 has exited with code 0.

Mean = 2.176 μs, StdErr = 0.003 μs (0.13%), N = 3, StdDev = 0.005 μs
Min = 2.171 μs, Q1 = 2.174 μs, Median = 2.177 μs, Q3 = 2.179 μs, Max = 2.181 μs
IQR = 0.005 μs, LowerFence = 2.167 μs, UpperFence = 2.186 μs
ConfidenceInterval = [2.086 μs; 2.267 μs] (CI 99.9%), Margin = 0.091 μs (4.16% of Mean)
Skewness = -0.11, Kurtosis = 0.67, MValue = 2

// ** Remained 0 (0.0 %) benchmark(s) to run. Estimated finish 2026-10-03 10:46 (0h 0m from now) **
// ***** BenchmarkRunner: Finish  *****

// * Export *
  artifacts/performance/Polly/results/Encina.Polly.Benchmarks.CircuitBreakerBenchmarks-report.csv
  artifacts/performance/Polly/results/Encina.Polly.Benchmarks.CircuitBreakerBenchmarks-report-github.md
  artifacts/performance/Polly/results/Encina.Polly.Benchmarks.CircuitBreakerBenchmarks-report.html
  artifacts/performance/Polly/results/Encina.Polly.Benchmarks.CircuitBreakerBenchmarks-report-full-compressed.json

// * Detailed results *
CircuitBreakerBenchmarks.NoCircuitBreakerAttribute_Baseline: Job-NTRUNJ(IterationCount=5, WarmupCount=3)
Runtime = .NET 10.0.12 (10.0.12, 10.0.1226.42308), X64 RyuJIT x86-64-v3; GC = Concurrent Workstation
Mean = 2.148 μs, StdErr = 0.001 μs (0.04%), N = 4, StdDev = 0.002 μs
Min = 2.146 μs, Q1 = 2.147 μs, Median = 2.148 μs, Q3 = 2.149 μs, Max = 2.150 μs
IQR = 0.002 μs, LowerFence = 2.144 μs, UpperFence = 2.151 μs
ConfidenceInterval = [2.137 μs; 2.159 μs] (CI 99.9%), Margin = 0.011 μs (0.52% of Mean)
Skewness = 0.15, Kurtosis = 0.99, MValue = 2
-------------------- Histogram --------------------
[2.145 μs ; 2.151 μs) | @@@@
---------------------------------------------------

CircuitBreakerBenchmarks.WithCircuitBreakerAttribute_ClosedState: Job-NTRUNJ(IterationCount=5, WarmupCount=3)
Runtime = .NET 10.0.12 (10.0.12, 10.0.1226.42308), X64 RyuJIT x86-64-v3; GC = Concurrent Workstation
Mean = 2.142 μs, StdErr = 0.001 μs (0.03%), N = 4, StdDev = 0.001 μs
Min = 2.140 μs, Q1 = 2.141 μs, Median = 2.142 μs, Q3 = 2.143 μs, Max = 2.143 μs
IQR = 0.002 μs, LowerFence = 2.139 μs, UpperFence = 2.145 μs
ConfidenceInterval = [2.133 μs; 2.150 μs] (CI 99.9%), Margin = 0.008 μs (0.39% of Mean)
Skewness = -0.33, Kurtosis = 0.93, MValue = 2
-------------------- Histogram --------------------
[2.139 μs ; 2.144 μs) | @@@@
---------------------------------------------------

CircuitBreakerBenchmarks.NoCircuitBreakerAttribute_Baseline: ShortRun(IterationCount=3, LaunchCount=1, WarmupCount=3)
Runtime = .NET 10.0.12 (10.0.12, 10.0.1226.42308), X64 RyuJIT x86-64-v3; GC = Concurrent Workstation
Mean = 2.140 μs, StdErr = 0.023 μs (1.06%), N = 3, StdDev = 0.039 μs
Min = 2.112 μs, Q1 = 2.117 μs, Median = 2.123 μs, Q3 = 2.154 μs, Max = 2.185 μs
IQR = 0.036 μs, LowerFence = 2.063 μs, UpperFence = 2.209 μs
ConfidenceInterval = [1.422 μs; 2.857 μs] (CI 99.9%), Margin = 0.718 μs (33.53% of Mean)
Skewness = 0.35, Kurtosis = 0.67, MValue = 2
-------------------- Histogram --------------------
[2.076 μs ; 2.153 μs) | @@
[2.153 μs ; 2.221 μs) | @
---------------------------------------------------

CircuitBreakerBenchmarks.WithCircuitBreakerAttribute_ClosedState: ShortRun(IterationCount=3, LaunchCount=1, WarmupCount=3)
Runtime = .NET 10.0.12 (10.0.12, 10.0.1226.42308), X64 RyuJIT x86-64-v3; GC = Concurrent Workstation
Mean = 2.176 μs, StdErr = 0.003 μs (0.13%), N = 3, StdDev = 0.005 μs
Min = 2.171 μs, Q1 = 2.174 μs, Median = 2.177 μs, Q3 = 2.179 μs, Max = 2.181 μs
IQR = 0.005 μs, LowerFence = 2.167 μs, UpperFence = 2.186 μs
ConfidenceInterval = [2.086 μs; 2.267 μs] (CI 99.9%), Margin = 0.091 μs (4.16% of Mean)
Skewness = -0.11, Kurtosis = 0.67, MValue = 2
-------------------- Histogram --------------------
[2.167 μs ; 2.186 μs) | @@@
---------------------------------------------------

// * Summary *

BenchmarkDotNet v0.15.8, Linux Ubuntu 24.04.5 LTS (Noble Numbat)
AMD EPYC 7763 2.45GHz, 1 CPU, 4 logical and 2 physical cores
.NET SDK 10.0.401
  [Host]     : .NET 10.0.12 (10.0.12, 10.0.1226.42308), X64 RyuJIT x86-64-v3
  Job-NTRUNJ : .NET 10.0.12 (10.0.12, 10.0.1226.42308), X64 RyuJIT x86-64-v3
  ShortRun   : .NET 10.0.12 (10.0.12, 10.0.1226.42308), X64 RyuJIT x86-64-v3

WarmupCount=3  

| Method                                  | Job        | IterationCount | LaunchCount | Mean     | Error     | StdDev    | Ratio | RatioSD | Gen0   | Allocated | Alloc Ratio |
|---------------------------------------- |----------- |--------------- |------------ |---------:|----------:|----------:|------:|--------:|-------:|----------:|------------:|
| NoCircuitBreakerAttribute_Baseline      | Job-NTRUNJ | 5              | Default     | 2.148 μs | 0.0111 μs | 0.0017 μs |  1.00 |    0.00 | 0.0801 |   1.33 KB |        1.00 |
| WithCircuitBreakerAttribute_ClosedState | Job-NTRUNJ | 5              | Default     | 2.142 μs | 0.0084 μs | 0.0013 μs |  1.00 |    0.00 | 0.0801 |   1.32 KB |        0.99 |
|                                         |            |                |             |          |           |           |       |         |        |           |             |
| NoCircuitBreakerAttribute_Baseline      | ShortRun   | 3              | 1           | 2.140 μs | 0.7175 μs | 0.0393 μs |  1.00 |    0.02 | 0.0801 |   1.33 KB |        1.00 |
| WithCircuitBreakerAttribute_ClosedState | ShortRun   | 3              | 1           | 2.176 μs | 0.0906 μs | 0.0050 μs |  1.02 |    0.02 | 0.0801 |   1.32 KB |        0.99 |

// * Hints *
Outliers
  CircuitBreakerBenchmarks.NoCircuitBreakerAttribute_Baseline: IterationCount=5, WarmupCount=3      -> 1 outlier  was  removed (2.16 μs)
  CircuitBreakerBenchmarks.WithCircuitBreakerAttribute_ClosedState: IterationCount=5, WarmupCount=3 -> 1 outlier  was  removed (2.15 μs)
// * Config Issues *

// * Warnings *
Configuration
  Summary -> The exporter CsvExporter is already present in configuration. There may be unexpected results.
  Summary -> The exporter HtmlExporter is already present in configuration. There may be unexpected results.
  Summary -> The exporter MarkdownExporter-github is already present in configuration. There may be unexpected results.

// * Legends *
  Mean        : Arithmetic mean of all measurements
  Error       : Half of 99.9% confidence interval
  StdDev      : Standard deviation of all measurements
  Ratio       : Mean of the ratio distribution ([Current]/[Baseline])
  RatioSD     : Standard deviation of the ratio distribution ([Current]/[Baseline])
  Gen0        : GC Generation 0 collects per 1000 operations
  Allocated   : Allocated memory per single operation (managed only, inclusive, 1KB = 1024B)
  Alloc Ratio : Allocated memory ratio distribution ([Current]/[Baseline])
  1 μs        : 1 Microsecond (0.000001 sec)

// * Diagnostic Output - MemoryDiagnoser *


// ***** BenchmarkRunner: End *****
Run time: 00:00:24 (24.42 sec), executed benchmarks: 4

Global total time: 00:00:58 (58.48 sec), executed benchmarks: 4
// * Artifacts cleanup *
Artifacts cleanup is finished
