// Validating benchmarks:
// ***** BenchmarkRunner: Start   *****
// ***** Found 8 benchmark(s) in total *****
// ***** Building 1 exe(s) in Parallel: Start   *****
// start dotnet  restore --nodeReuse:false /p:UseSharedCompilation=false /p:Deterministic=true /p:Optimize=true /p:ArtifactsPath="/home/runner/work/Encina/Encina/tests/Encina.BenchmarkTests/Encina.Security.AntiTampering.Benchmarks/bin/Release/net10.0/Encina.Security.AntiTampering.Benchmarks-Job-NUBXJZ-1/" /p:OutDir="/home/runner/work/Encina/Encina/tests/Encina.BenchmarkTests/Encina.Security.AntiTampering.Benchmarks/bin/Release/net10.0/Encina.Security.AntiTampering.Benchmarks-Job-NUBXJZ-1/bin/Release/net10.0/" /p:OutputPath="/home/runner/work/Encina/Encina/tests/Encina.BenchmarkTests/Encina.Security.AntiTampering.Benchmarks/bin/Release/net10.0/Encina.Security.AntiTampering.Benchmarks-Job-NUBXJZ-1/bin/Release/net10.0/" /p:PublishDir="/home/runner/work/Encina/Encina/tests/Encina.BenchmarkTests/Encina.Security.AntiTampering.Benchmarks/bin/Release/net10.0/Encina.Security.AntiTampering.Benchmarks-Job-NUBXJZ-1/publish/" in /home/runner/work/Encina/Encina/tests/Encina.BenchmarkTests/Encina.Security.AntiTampering.Benchmarks/bin/Release/net10.0/Encina.Security.AntiTampering.Benchmarks-Job-NUBXJZ-1
// command took 2.57 sec and exited with 0
// start dotnet  build -c Release --no-restore --nodeReuse:false /p:UseSharedCompilation=false /p:Deterministic=true /p:Optimize=true /p:ArtifactsPath="/home/runner/work/Encina/Encina/tests/Encina.BenchmarkTests/Encina.Security.AntiTampering.Benchmarks/bin/Release/net10.0/Encina.Security.AntiTampering.Benchmarks-Job-NUBXJZ-1/" /p:OutDir="/home/runner/work/Encina/Encina/tests/Encina.BenchmarkTests/Encina.Security.AntiTampering.Benchmarks/bin/Release/net10.0/Encina.Security.AntiTampering.Benchmarks-Job-NUBXJZ-1/bin/Release/net10.0/" /p:OutputPath="/home/runner/work/Encina/Encina/tests/Encina.BenchmarkTests/Encina.Security.AntiTampering.Benchmarks/bin/Release/net10.0/Encina.Security.AntiTampering.Benchmarks-Job-NUBXJZ-1/bin/Release/net10.0/" /p:PublishDir="/home/runner/work/Encina/Encina/tests/Encina.BenchmarkTests/Encina.Security.AntiTampering.Benchmarks/bin/Release/net10.0/Encina.Security.AntiTampering.Benchmarks-Job-NUBXJZ-1/publish/" --output "/home/runner/work/Encina/Encina/tests/Encina.BenchmarkTests/Encina.Security.AntiTampering.Benchmarks/bin/Release/net10.0/Encina.Security.AntiTampering.Benchmarks-Job-NUBXJZ-1/bin/Release/net10.0/" in /home/runner/work/Encina/Encina/tests/Encina.BenchmarkTests/Encina.Security.AntiTampering.Benchmarks/bin/Release/net10.0/Encina.Security.AntiTampering.Benchmarks-Job-NUBXJZ-1
// command took 53.02 sec and exited with 0
// ***** Done, took 00:00:55 (55.8 sec)   *****
// Found 8 benchmarks:
//   NonceStoreBenchmarks.Add: Job-NUBXJZ(IterationCount=20, WarmupCount=5)
//   NonceStoreBenchmarks.Exists_Hit: Job-NUBXJZ(IterationCount=20, WarmupCount=5)
//   NonceStoreBenchmarks.Exists_Miss: Job-NUBXJZ(IterationCount=20, WarmupCount=5)
//   NonceStoreBenchmarks.Cleanup: Job-NUBXJZ(IterationCount=20, WarmupCount=5)
//   NonceStoreBenchmarks.Add: ShortRun(IterationCount=3, LaunchCount=1, WarmupCount=3)
//   NonceStoreBenchmarks.Exists_Hit: ShortRun(IterationCount=3, LaunchCount=1, WarmupCount=3)
//   NonceStoreBenchmarks.Exists_Miss: ShortRun(IterationCount=3, LaunchCount=1, WarmupCount=3)
//   NonceStoreBenchmarks.Cleanup: ShortRun(IterationCount=3, LaunchCount=1, WarmupCount=3)

// **************************
// Benchmark: NonceStoreBenchmarks.Add: Job-NUBXJZ(IterationCount=20, WarmupCount=5)
// *** Execute ***
// Launch: 1 / 1
// Execute: dotnet Encina.Security.AntiTampering.Benchmarks-Job-NUBXJZ-1.dll --anonymousPipes 138 139 --benchmarkName Encina.Security.AntiTampering.Benchmarks.NonceStoreBenchmarks.Add --job "IterationCount=20, WarmupCount=5" --benchmarkId 0 in /home/runner/work/Encina/Encina/tests/Encina.BenchmarkTests/Encina.Security.AntiTampering.Benchmarks/bin/Release/net10.0/Encina.Security.AntiTampering.Benchmarks-Job-NUBXJZ-1/bin/Release/net10.0
// Failed to set up high priority (Permission denied). In order to run benchmarks with high priority, make sure you have the right permissions.
// BeforeAnythingElse

// Benchmark Process Environment Information:
// BenchmarkDotNet v0.15.8
// Runtime=.NET 10.0.12 (10.0.12, 10.0.1226.42308), X64 RyuJIT x86-64-v3
// GC=Concurrent Workstation
// HardwareIntrinsics=AVX2+BMI1+BMI2+F16C+FMA+LZCNT+MOVBE,AVX,SSE3+SSSE3+SSE4.1+SSE4.2+POPCNT,X86Base+SSE+SSE2,AES+PCLMUL VectorSize=256
// Job: Job-NUBXJZ(IterationCount=20, WarmupCount=5)

OverheadJitting  1: 1 op, 236126.00 ns, 236.1260 us/op
WorkloadJitting  1: 1 op, 3729752.00 ns, 3.7298 ms/op

OverheadJitting  2: 16 op, 389177.00 ns, 24.3236 us/op
WorkloadJitting  2: 16 op, 441556.00 ns, 27.5973 us/op

WorkloadPilot    1: 16 op, 28823.00 ns, 1.8014 us/op
WorkloadPilot    2: 32 op, 1089833.00 ns, 34.0573 us/op
WorkloadPilot    3: 64 op, 73060.00 ns, 1.1416 us/op
WorkloadPilot    4: 128 op, 153331.00 ns, 1.1979 us/op
WorkloadPilot    5: 256 op, 314263.00 ns, 1.2276 us/op
WorkloadPilot    6: 512 op, 590269.00 ns, 1.1529 us/op
WorkloadPilot    7: 1024 op, 1171596.00 ns, 1.1441 us/op
WorkloadPilot    8: 2048 op, 2298795.00 ns, 1.1225 us/op
WorkloadPilot    9: 4096 op, 4669388.00 ns, 1.1400 us/op
WorkloadPilot   10: 8192 op, 11930583.00 ns, 1.4564 us/op
WorkloadPilot   11: 16384 op, 19191818.00 ns, 1.1714 us/op
WorkloadPilot   12: 32768 op, 45954176.00 ns, 1.4024 us/op
WorkloadPilot   13: 65536 op, 100321811.00 ns, 1.5308 us/op
WorkloadPilot   14: 131072 op, 234507044.00 ns, 1.7891 us/op
WorkloadPilot   15: 262144 op, 346331949.00 ns, 1.3212 us/op
WorkloadPilot   16: 524288 op, 910822394.00 ns, 1.7373 us/op

OverheadWarmup   1: 524288 op, 1159345.00 ns, 2.2113 ns/op
OverheadWarmup   2: 524288 op, 1011642.00 ns, 1.9296 ns/op
OverheadWarmup   3: 524288 op, 993115.00 ns, 1.8942 ns/op
OverheadWarmup   4: 524288 op, 1008248.00 ns, 1.9231 ns/op
OverheadWarmup   5: 524288 op, 995147.00 ns, 1.8981 ns/op
OverheadWarmup   6: 524288 op, 994897.00 ns, 1.8976 ns/op
OverheadWarmup   7: 524288 op, 995629.00 ns, 1.8990 ns/op
OverheadWarmup   8: 524288 op, 997321.00 ns, 1.9022 ns/op
OverheadWarmup   9: 524288 op, 995309.00 ns, 1.8984 ns/op

OverheadActual   1: 524288 op, 998252.00 ns, 1.9040 ns/op
OverheadActual   2: 524288 op, 995018.00 ns, 1.8978 ns/op
OverheadActual   3: 524288 op, 1122710.00 ns, 2.1414 ns/op
OverheadActual   4: 524288 op, 1108318.00 ns, 2.1139 ns/op
OverheadActual   5: 524288 op, 995529.00 ns, 1.8988 ns/op
OverheadActual   6: 524288 op, 993445.00 ns, 1.8948 ns/op
OverheadActual   7: 524288 op, 995268.00 ns, 1.8983 ns/op
OverheadActual   8: 524288 op, 993896.00 ns, 1.8957 ns/op
OverheadActual   9: 524288 op, 995869.00 ns, 1.8995 ns/op
OverheadActual  10: 524288 op, 997030.00 ns, 1.9017 ns/op
OverheadActual  11: 524288 op, 1072316.00 ns, 2.0453 ns/op
OverheadActual  12: 524288 op, 994569.00 ns, 1.8970 ns/op
OverheadActual  13: 524288 op, 1008108.00 ns, 1.9228 ns/op
OverheadActual  14: 524288 op, 995218.00 ns, 1.8982 ns/op
OverheadActual  15: 524288 op, 1140468.00 ns, 2.1753 ns/op

WorkloadWarmup   1: 524288 op, 1078588234.00 ns, 2.0572 us/op
WorkloadWarmup   2: 524288 op, 712456301.00 ns, 1.3589 us/op
WorkloadWarmup   3: 524288 op, 831876051.00 ns, 1.5867 us/op
WorkloadWarmup   4: 524288 op, 1469526170.00 ns, 2.8029 us/op
WorkloadWarmup   5: 524288 op, 718417252.00 ns, 1.3703 us/op

// BeforeActualRun
WorkloadActual   1: 524288 op, 752465229.00 ns, 1.4352 us/op
WorkloadActual   2: 524288 op, 894315100.00 ns, 1.7058 us/op
WorkloadActual   3: 524288 op, 819933106.00 ns, 1.5639 us/op
WorkloadActual   4: 524288 op, 2150926925.00 ns, 4.1026 us/op
WorkloadActual   5: 524288 op, 746557274.00 ns, 1.4239 us/op
WorkloadActual   6: 524288 op, 771751385.00 ns, 1.4720 us/op
WorkloadActual   7: 524288 op, 839361139.00 ns, 1.6010 us/op
WorkloadActual   8: 524288 op, 931107225.00 ns, 1.7759 us/op
WorkloadActual   9: 524288 op, 862649925.00 ns, 1.6454 us/op
WorkloadActual  10: 524288 op, 866259199.00 ns, 1.6523 us/op
WorkloadActual  11: 524288 op, 845970188.00 ns, 1.6136 us/op
WorkloadActual  12: 524288 op, 848971457.00 ns, 1.6193 us/op
WorkloadActual  13: 524288 op, 853584589.00 ns, 1.6281 us/op
WorkloadActual  14: 524288 op, 857188676.00 ns, 1.6350 us/op
WorkloadActual  15: 524288 op, 868173604.00 ns, 1.6559 us/op
WorkloadActual  16: 524288 op, 3532086127.00 ns, 6.7369 us/op
WorkloadActual  17: 524288 op, 797610030.00 ns, 1.5213 us/op
WorkloadActual  18: 524288 op, 812764133.00 ns, 1.5502 us/op
WorkloadActual  19: 524288 op, 841939629.00 ns, 1.6059 us/op
WorkloadActual  20: 524288 op, 978272839.00 ns, 1.8659 us/op

// AfterActualRun
WorkloadResult   1: 524288 op, 751469360.00 ns, 1.4333 us/op
WorkloadResult   2: 524288 op, 893319231.00 ns, 1.7039 us/op
WorkloadResult   3: 524288 op, 818937237.00 ns, 1.5620 us/op
WorkloadResult   4: 524288 op, 745561405.00 ns, 1.4220 us/op
WorkloadResult   5: 524288 op, 770755516.00 ns, 1.4701 us/op
WorkloadResult   6: 524288 op, 838365270.00 ns, 1.5991 us/op
WorkloadResult   7: 524288 op, 930111356.00 ns, 1.7740 us/op
WorkloadResult   8: 524288 op, 861654056.00 ns, 1.6435 us/op
WorkloadResult   9: 524288 op, 865263330.00 ns, 1.6504 us/op
WorkloadResult  10: 524288 op, 844974319.00 ns, 1.6117 us/op
WorkloadResult  11: 524288 op, 847975588.00 ns, 1.6174 us/op
WorkloadResult  12: 524288 op, 852588720.00 ns, 1.6262 us/op
WorkloadResult  13: 524288 op, 856192807.00 ns, 1.6331 us/op
WorkloadResult  14: 524288 op, 867177735.00 ns, 1.6540 us/op
WorkloadResult  15: 524288 op, 796614161.00 ns, 1.5194 us/op
WorkloadResult  16: 524288 op, 811768264.00 ns, 1.5483 us/op
WorkloadResult  17: 524288 op, 840943760.00 ns, 1.6040 us/op
// GC:  4 3 0 75497472 524288
// Threading:  0 0 524288

// AfterAll
// Benchmark Process 3120 has exited with code 0.

Mean = 1.592 μs, StdErr = 0.022 μs (1.41%), N = 17, StdDev = 0.092 μs
Min = 1.422 μs, Q1 = 1.548 μs, Median = 1.612 μs, Q3 = 1.643 μs, Max = 1.774 μs
IQR = 0.095 μs, LowerFence = 1.406 μs, UpperFence = 1.786 μs
ConfidenceInterval = [1.503 μs; 1.682 μs] (CI 99.9%), Margin = 0.090 μs (5.65% of Mean)
Skewness = -0.24, Kurtosis = 2.44, MValue = 2.6

// ** Remained 7 (87.5 %) benchmark(s) to run. Estimated finish 2026-10-02 15:43 (0h 10m from now) **
// **************************
// Benchmark: NonceStoreBenchmarks.Exists_Hit: Job-NUBXJZ(IterationCount=20, WarmupCount=5)
// *** Execute ***
// Launch: 1 / 1
// Execute: dotnet Encina.Security.AntiTampering.Benchmarks-Job-NUBXJZ-1.dll --anonymousPipes 138 139 --benchmarkName Encina.Security.AntiTampering.Benchmarks.NonceStoreBenchmarks.Exists_Hit --job "IterationCount=20, WarmupCount=5" --benchmarkId 1 in /home/runner/work/Encina/Encina/tests/Encina.BenchmarkTests/Encina.Security.AntiTampering.Benchmarks/bin/Release/net10.0/Encina.Security.AntiTampering.Benchmarks-Job-NUBXJZ-1/bin/Release/net10.0
// Failed to set up high priority (Permission denied). In order to run benchmarks with high priority, make sure you have the right permissions.
// BeforeAnythingElse

// Benchmark Process Environment Information:
// BenchmarkDotNet v0.15.8
// Runtime=.NET 10.0.12 (10.0.12, 10.0.1226.42308), X64 RyuJIT x86-64-v3
// GC=Concurrent Workstation
// HardwareIntrinsics=AVX2+BMI1+BMI2+F16C+FMA+LZCNT+MOVBE,AVX,SSE3+SSSE3+SSE4.1+SSE4.2+POPCNT,X86Base+SSE+SSE2,AES+PCLMUL VectorSize=256
// Job: Job-NUBXJZ(IterationCount=20, WarmupCount=5)

OverheadJitting  1: 1 op, 233303.00 ns, 233.3030 us/op
WorkloadJitting  1: 1 op, 3785286.00 ns, 3.7853 ms/op

OverheadJitting  2: 16 op, 378311.00 ns, 23.6444 us/op
WorkloadJitting  2: 16 op, 423029.00 ns, 26.4393 us/op

WorkloadPilot    1: 16 op, 6320.00 ns, 395.0000 ns/op
WorkloadPilot    2: 32 op, 5338.00 ns, 166.8125 ns/op
WorkloadPilot    3: 64 op, 6600.00 ns, 103.1250 ns/op
WorkloadPilot    4: 128 op, 33220.00 ns, 259.5313 ns/op
WorkloadPilot    5: 256 op, 18318.00 ns, 71.5547 ns/op
WorkloadPilot    6: 512 op, 33721.00 ns, 65.8613 ns/op
WorkloadPilot    7: 1024 op, 64678.00 ns, 63.1621 ns/op
WorkloadPilot    8: 2048 op, 126641.00 ns, 61.8364 ns/op
WorkloadPilot    9: 4096 op, 253363.00 ns, 61.8562 ns/op
WorkloadPilot   10: 8192 op, 500495.00 ns, 61.0956 ns/op
WorkloadPilot   11: 16384 op, 1008052.00 ns, 61.5266 ns/op
WorkloadPilot   12: 32768 op, 2132060.00 ns, 65.0653 ns/op
WorkloadPilot   13: 65536 op, 4043876.00 ns, 61.7047 ns/op
WorkloadPilot   14: 131072 op, 8115825.00 ns, 61.9188 ns/op
WorkloadPilot   15: 262144 op, 16248514.00 ns, 61.9832 ns/op
WorkloadPilot   16: 524288 op, 32264078.00 ns, 61.5388 ns/op
WorkloadPilot   17: 1048576 op, 64283265.00 ns, 61.3053 ns/op
WorkloadPilot   18: 2097152 op, 128355011.00 ns, 61.2044 ns/op
WorkloadPilot   19: 4194304 op, 257742760.00 ns, 61.4507 ns/op
WorkloadPilot   20: 8388608 op, 514307662.00 ns, 61.3103 ns/op

OverheadWarmup   1: 8388608 op, 15895411.00 ns, 1.8949 ns/op
OverheadWarmup   2: 8388608 op, 15908161.00 ns, 1.8964 ns/op
OverheadWarmup   3: 8388608 op, 15918035.00 ns, 1.8976 ns/op
OverheadWarmup   4: 8388608 op, 15917706.00 ns, 1.8975 ns/op
OverheadWarmup   5: 8388608 op, 15909653.00 ns, 1.8966 ns/op
OverheadWarmup   6: 8388608 op, 15938286.00 ns, 1.9000 ns/op
OverheadWarmup   7: 8388608 op, 15905867.00 ns, 1.8961 ns/op

OverheadActual   1: 8388608 op, 15936623.00 ns, 1.8998 ns/op
OverheadActual   2: 8388608 op, 15862582.00 ns, 1.8910 ns/op
OverheadActual   3: 8388608 op, 15930314.00 ns, 1.8990 ns/op
OverheadActual   4: 8388608 op, 15925727.00 ns, 1.8985 ns/op
OverheadActual   5: 8388608 op, 15898066.00 ns, 1.8952 ns/op
OverheadActual   6: 8388608 op, 15922141.00 ns, 1.8981 ns/op
OverheadActual   7: 8388608 op, 15942934.00 ns, 1.9005 ns/op
OverheadActual   8: 8388608 op, 15916233.00 ns, 1.8974 ns/op
OverheadActual   9: 8388608 op, 16428607.00 ns, 1.9584 ns/op
OverheadActual  10: 8388608 op, 16435397.00 ns, 1.9593 ns/op
OverheadActual  11: 8388608 op, 15936894.00 ns, 1.8998 ns/op
OverheadActual  12: 8388608 op, 15939348.00 ns, 1.9001 ns/op
OverheadActual  13: 8388608 op, 15895261.00 ns, 1.8949 ns/op
OverheadActual  14: 8388608 op, 15946608.00 ns, 1.9010 ns/op
OverheadActual  15: 8388608 op, 15989493.00 ns, 1.9061 ns/op

WorkloadWarmup   1: 8388608 op, 514433457.00 ns, 61.3252 ns/op
WorkloadWarmup   2: 8388608 op, 514300778.00 ns, 61.3094 ns/op
WorkloadWarmup   3: 8388608 op, 514072718.00 ns, 61.2822 ns/op
WorkloadWarmup   4: 8388608 op, 514049682.00 ns, 61.2795 ns/op
WorkloadWarmup   5: 8388608 op, 514837083.00 ns, 61.3734 ns/op

// BeforeActualRun
WorkloadActual   1: 8388608 op, 513867515.00 ns, 61.2578 ns/op
WorkloadActual   2: 8388608 op, 514049181.00 ns, 61.2794 ns/op
WorkloadActual   3: 8388608 op, 514118287.00 ns, 61.2877 ns/op
WorkloadActual   4: 8388608 op, 519754384.00 ns, 61.9596 ns/op
WorkloadActual   5: 8388608 op, 514499048.00 ns, 61.3331 ns/op
WorkloadActual   6: 8388608 op, 513909268.00 ns, 61.2628 ns/op
WorkloadActual   7: 8388608 op, 515052142.00 ns, 61.3990 ns/op
WorkloadActual   8: 8388608 op, 514258972.00 ns, 61.3044 ns/op
WorkloadActual   9: 8388608 op, 514002260.00 ns, 61.2738 ns/op
WorkloadActual  10: 8388608 op, 514306244.00 ns, 61.3101 ns/op
WorkloadActual  11: 8388608 op, 514744915.00 ns, 61.3624 ns/op
WorkloadActual  12: 8388608 op, 514325552.00 ns, 61.3124 ns/op
WorkloadActual  13: 8388608 op, 514711130.00 ns, 61.3583 ns/op
WorkloadActual  14: 8388608 op, 514616677.00 ns, 61.3471 ns/op
WorkloadActual  15: 8388608 op, 514351181.00 ns, 61.3154 ns/op
WorkloadActual  16: 8388608 op, 514503914.00 ns, 61.3336 ns/op
WorkloadActual  17: 8388608 op, 514658740.00 ns, 61.3521 ns/op
WorkloadActual  18: 8388608 op, 515091280.00 ns, 61.4037 ns/op
WorkloadActual  19: 8388608 op, 514052676.00 ns, 61.2799 ns/op
WorkloadActual  20: 8388608 op, 514636497.00 ns, 61.3495 ns/op

// AfterActualRun
WorkloadResult   1: 8388608 op, 497930892.00 ns, 59.3580 ns/op
WorkloadResult   2: 8388608 op, 498112558.00 ns, 59.3796 ns/op
WorkloadResult   3: 8388608 op, 498181664.00 ns, 59.3879 ns/op
WorkloadResult   4: 8388608 op, 498562425.00 ns, 59.4333 ns/op
WorkloadResult   5: 8388608 op, 497972645.00 ns, 59.3630 ns/op
WorkloadResult   6: 8388608 op, 499115519.00 ns, 59.4992 ns/op
WorkloadResult   7: 8388608 op, 498322349.00 ns, 59.4047 ns/op
WorkloadResult   8: 8388608 op, 498065637.00 ns, 59.3741 ns/op
WorkloadResult   9: 8388608 op, 498369621.00 ns, 59.4103 ns/op
WorkloadResult  10: 8388608 op, 498808292.00 ns, 59.4626 ns/op
WorkloadResult  11: 8388608 op, 498388929.00 ns, 59.4126 ns/op
WorkloadResult  12: 8388608 op, 498774507.00 ns, 59.4586 ns/op
WorkloadResult  13: 8388608 op, 498680054.00 ns, 59.4473 ns/op
WorkloadResult  14: 8388608 op, 498414558.00 ns, 59.4156 ns/op
WorkloadResult  15: 8388608 op, 498567291.00 ns, 59.4339 ns/op
WorkloadResult  16: 8388608 op, 498722117.00 ns, 59.4523 ns/op
WorkloadResult  17: 8388608 op, 499154657.00 ns, 59.5039 ns/op
WorkloadResult  18: 8388608 op, 498116053.00 ns, 59.3801 ns/op
WorkloadResult  19: 8388608 op, 498699874.00 ns, 59.4497 ns/op
// GC:  0 0 0 0 8388608
// Threading:  0 0 8388608

// AfterAll
// Benchmark Process 3154 has exited with code 0.

Mean = 59.422 ns, StdErr = 0.010 ns (0.02%), N = 19, StdDev = 0.043 ns
Min = 59.358 ns, Q1 = 59.384 ns, Median = 59.416 ns, Q3 = 59.451 ns, Max = 59.504 ns
IQR = 0.067 ns, LowerFence = 59.283 ns, UpperFence = 59.552 ns
ConfidenceInterval = [59.384 ns; 59.461 ns] (CI 99.9%), Margin = 0.039 ns (0.07% of Mean)
Skewness = 0.25, Kurtosis = 1.96, MValue = 2

// ** Remained 6 (75.0 %) benchmark(s) to run. Estimated finish 2026-10-02 15:38 (0h 5m from now) **
// **************************
// Benchmark: NonceStoreBenchmarks.Exists_Miss: Job-NUBXJZ(IterationCount=20, WarmupCount=5)
// *** Execute ***
// Launch: 1 / 1
// Execute: dotnet Encina.Security.AntiTampering.Benchmarks-Job-NUBXJZ-1.dll --anonymousPipes 138 139 --benchmarkName Encina.Security.AntiTampering.Benchmarks.NonceStoreBenchmarks.Exists_Miss --job "IterationCount=20, WarmupCount=5" --benchmarkId 2 in /home/runner/work/Encina/Encina/tests/Encina.BenchmarkTests/Encina.Security.AntiTampering.Benchmarks/bin/Release/net10.0/Encina.Security.AntiTampering.Benchmarks-Job-NUBXJZ-1/bin/Release/net10.0
// Failed to set up high priority (Permission denied). In order to run benchmarks with high priority, make sure you have the right permissions.
// BeforeAnythingElse

// Benchmark Process Environment Information:
// BenchmarkDotNet v0.15.8
// Runtime=.NET 10.0.12 (10.0.12, 10.0.1226.42308), X64 RyuJIT x86-64-v3
// GC=Concurrent Workstation
// HardwareIntrinsics=AVX2+BMI1+BMI2+F16C+FMA+LZCNT+MOVBE,AVX,SSE3+SSSE3+SSE4.1+SSE4.2+POPCNT,X86Base+SSE+SSE2,AES+PCLMUL VectorSize=256
// Job: Job-NUBXJZ(IterationCount=20, WarmupCount=5)

OverheadJitting  1: 1 op, 235420.00 ns, 235.4200 us/op
WorkloadJitting  1: 1 op, 3595105.00 ns, 3.5951 ms/op

OverheadJitting  2: 16 op, 406180.00 ns, 25.3863 us/op
WorkloadJitting  2: 16 op, 392829.00 ns, 24.5518 us/op

WorkloadPilot    1: 16 op, 3515.00 ns, 219.6875 ns/op
WorkloadPilot    2: 32 op, 2885.00 ns, 90.1563 ns/op
WorkloadPilot    3: 64 op, 3435.00 ns, 53.6719 ns/op
WorkloadPilot    4: 128 op, 5118.00 ns, 39.9844 ns/op
WorkloadPilot    5: 256 op, 8323.00 ns, 32.5117 ns/op
WorkloadPilot    6: 512 op, 15253.00 ns, 29.7910 ns/op
WorkloadPilot    7: 1024 op, 29224.00 ns, 28.5391 ns/op
WorkloadPilot    8: 2048 op, 58179.00 ns, 28.4077 ns/op
WorkloadPilot    9: 4096 op, 113193.00 ns, 27.6350 ns/op
WorkloadPilot   10: 8192 op, 223881.00 ns, 27.3292 ns/op
WorkloadPilot   11: 16384 op, 446902.00 ns, 27.2767 ns/op
WorkloadPilot   12: 32768 op, 922778.00 ns, 28.1609 ns/op
WorkloadPilot   13: 65536 op, 1831865.00 ns, 27.9520 ns/op
WorkloadPilot   14: 131072 op, 3731073.00 ns, 28.4658 ns/op
WorkloadPilot   15: 262144 op, 7337796.00 ns, 27.9915 ns/op
WorkloadPilot   16: 524288 op, 14590733.00 ns, 27.8296 ns/op
WorkloadPilot   17: 1048576 op, 28986657.00 ns, 27.6438 ns/op
WorkloadPilot   18: 2097152 op, 58227714.00 ns, 27.7651 ns/op
WorkloadPilot   19: 4194304 op, 115640172.00 ns, 27.5708 ns/op
WorkloadPilot   20: 8388608 op, 231372736.00 ns, 27.5818 ns/op
WorkloadPilot   21: 16777216 op, 463917700.00 ns, 27.6516 ns/op
WorkloadPilot   22: 33554432 op, 924401591.00 ns, 27.5493 ns/op

OverheadWarmup   1: 33554432 op, 63534270.00 ns, 1.8935 ns/op
OverheadWarmup   2: 33554432 op, 63470883.00 ns, 1.8916 ns/op
OverheadWarmup   3: 33554432 op, 63583845.00 ns, 1.8949 ns/op
OverheadWarmup   4: 33554432 op, 63634443.00 ns, 1.8965 ns/op
OverheadWarmup   5: 33554432 op, 63493247.00 ns, 1.8922 ns/op
OverheadWarmup   6: 33554432 op, 63709748.00 ns, 1.8987 ns/op
OverheadWarmup   7: 33554432 op, 63544384.00 ns, 1.8938 ns/op

OverheadActual   1: 33554432 op, 63506906.00 ns, 1.8927 ns/op
OverheadActual   2: 33554432 op, 63509971.00 ns, 1.8927 ns/op
OverheadActual   3: 33554432 op, 63430339.00 ns, 1.8904 ns/op
OverheadActual   4: 33554432 op, 63496590.00 ns, 1.8923 ns/op
OverheadActual   5: 33554432 op, 63423028.00 ns, 1.8902 ns/op
OverheadActual   6: 33554432 op, 63574780.00 ns, 1.8947 ns/op
OverheadActual   7: 33554432 op, 63539326.00 ns, 1.8936 ns/op
OverheadActual   8: 33554432 op, 63445132.00 ns, 1.8908 ns/op
OverheadActual   9: 33554432 op, 63431511.00 ns, 1.8904 ns/op
OverheadActual  10: 33554432 op, 63523612.00 ns, 1.8932 ns/op
OverheadActual  11: 33554432 op, 63518313.00 ns, 1.8930 ns/op
OverheadActual  12: 33554432 op, 63649263.00 ns, 1.8969 ns/op
OverheadActual  13: 33554432 op, 63458322.00 ns, 1.8912 ns/op
OverheadActual  14: 33554432 op, 63517944.00 ns, 1.8930 ns/op
OverheadActual  15: 33554432 op, 63433625.00 ns, 1.8905 ns/op

WorkloadWarmup   1: 33554432 op, 924162582.00 ns, 27.5422 ns/op
WorkloadWarmup   2: 33554432 op, 924800786.00 ns, 27.5612 ns/op
WorkloadWarmup   3: 33554432 op, 926517475.00 ns, 27.6124 ns/op
WorkloadWarmup   4: 33554432 op, 924426143.00 ns, 27.5500 ns/op
WorkloadWarmup   5: 33554432 op, 924305229.00 ns, 27.5464 ns/op

// BeforeActualRun
WorkloadActual   1: 33554432 op, 924036449.00 ns, 27.5384 ns/op
WorkloadActual   2: 33554432 op, 924001636.00 ns, 27.5374 ns/op
WorkloadActual   3: 33554432 op, 924987261.00 ns, 27.5668 ns/op
WorkloadActual   4: 33554432 op, 926488237.00 ns, 27.6115 ns/op
WorkloadActual   5: 33554432 op, 923401879.00 ns, 27.5195 ns/op
WorkloadActual   6: 33554432 op, 924433943.00 ns, 27.5503 ns/op
WorkloadActual   7: 33554432 op, 924240378.00 ns, 27.5445 ns/op
WorkloadActual   8: 33554432 op, 924219816.00 ns, 27.5439 ns/op
WorkloadActual   9: 33554432 op, 925556305.00 ns, 27.5837 ns/op
WorkloadActual  10: 33554432 op, 936515370.00 ns, 27.9103 ns/op
WorkloadActual  11: 33554432 op, 944745724.00 ns, 28.1556 ns/op
WorkloadActual  12: 33554432 op, 924580225.00 ns, 27.5546 ns/op
WorkloadActual  13: 33554432 op, 931642495.00 ns, 27.7651 ns/op
WorkloadActual  14: 33554432 op, 928924952.00 ns, 27.6841 ns/op
WorkloadActual  15: 33554432 op, 929116221.00 ns, 27.6898 ns/op
WorkloadActual  16: 33554432 op, 925964755.00 ns, 27.5959 ns/op
WorkloadActual  17: 33554432 op, 926278503.00 ns, 27.6053 ns/op
WorkloadActual  18: 33554432 op, 925153267.00 ns, 27.5717 ns/op
WorkloadActual  19: 33554432 op, 928205774.00 ns, 27.6627 ns/op
WorkloadActual  20: 33554432 op, 924312972.00 ns, 27.5467 ns/op

// AfterActualRun
WorkloadResult   1: 33554432 op, 860529543.00 ns, 25.6458 ns/op
WorkloadResult   2: 33554432 op, 860494730.00 ns, 25.6447 ns/op
WorkloadResult   3: 33554432 op, 861480355.00 ns, 25.6741 ns/op
WorkloadResult   4: 33554432 op, 862981331.00 ns, 25.7188 ns/op
WorkloadResult   5: 33554432 op, 859894973.00 ns, 25.6269 ns/op
WorkloadResult   6: 33554432 op, 860927037.00 ns, 25.6576 ns/op
WorkloadResult   7: 33554432 op, 860733472.00 ns, 25.6519 ns/op
WorkloadResult   8: 33554432 op, 860712910.00 ns, 25.6512 ns/op
WorkloadResult   9: 33554432 op, 862049399.00 ns, 25.6911 ns/op
WorkloadResult  10: 33554432 op, 861073319.00 ns, 25.6620 ns/op
WorkloadResult  11: 33554432 op, 868135589.00 ns, 25.8725 ns/op
WorkloadResult  12: 33554432 op, 865418046.00 ns, 25.7915 ns/op
WorkloadResult  13: 33554432 op, 865609315.00 ns, 25.7972 ns/op
WorkloadResult  14: 33554432 op, 862457849.00 ns, 25.7032 ns/op
WorkloadResult  15: 33554432 op, 862771597.00 ns, 25.7126 ns/op
WorkloadResult  16: 33554432 op, 861646361.00 ns, 25.6791 ns/op
WorkloadResult  17: 33554432 op, 864698868.00 ns, 25.7700 ns/op
WorkloadResult  18: 33554432 op, 860806066.00 ns, 25.6540 ns/op
// GC:  0 0 0 0 33554432
// Threading:  0 0 33554432

// AfterAll
// Benchmark Process 3166 has exited with code 0.

Mean = 25.700 ns, StdErr = 0.016 ns (0.06%), N = 18, StdDev = 0.067 ns
Min = 25.627 ns, Q1 = 25.652 ns, Median = 25.677 ns, Q3 = 25.717 ns, Max = 25.872 ns
IQR = 0.065 ns, LowerFence = 25.555 ns, UpperFence = 25.815 ns
ConfidenceInterval = [25.638 ns; 25.763 ns] (CI 99.9%), Margin = 0.062 ns (0.24% of Mean)
Skewness = 1.11, Kurtosis = 3.18, MValue = 2

// ** Remained 5 (62.5 %) benchmark(s) to run. Estimated finish 2026-10-02 15:37 (0h 3m from now) **
// **************************
// Benchmark: NonceStoreBenchmarks.Cleanup: Job-NUBXJZ(IterationCount=20, WarmupCount=5)
// *** Execute ***
// Launch: 1 / 1
// Execute: dotnet Encina.Security.AntiTampering.Benchmarks-Job-NUBXJZ-1.dll --anonymousPipes 138 139 --benchmarkName Encina.Security.AntiTampering.Benchmarks.NonceStoreBenchmarks.Cleanup --job "IterationCount=20, WarmupCount=5" --benchmarkId 3 in /home/runner/work/Encina/Encina/tests/Encina.BenchmarkTests/Encina.Security.AntiTampering.Benchmarks/bin/Release/net10.0/Encina.Security.AntiTampering.Benchmarks-Job-NUBXJZ-1/bin/Release/net10.0
// Failed to set up high priority (Permission denied). In order to run benchmarks with high priority, make sure you have the right permissions.
// BeforeAnythingElse

// Benchmark Process Environment Information:
// BenchmarkDotNet v0.15.8
// Runtime=.NET 10.0.12 (10.0.12, 10.0.1226.42308), X64 RyuJIT x86-64-v3
// GC=Concurrent Workstation
// HardwareIntrinsics=AVX2+BMI1+BMI2+F16C+FMA+LZCNT+MOVBE,AVX,SSE3+SSSE3+SSE4.1+SSE4.2+POPCNT,X86Base+SSE+SSE2,AES+PCLMUL VectorSize=256
// Job: Job-NUBXJZ(IterationCount=20, WarmupCount=5)

OverheadJitting  1: 1 op, 244330.00 ns, 244.3300 us/op
WorkloadJitting  1: 1 op, 14171600.00 ns, 14.1716 ms/op

OverheadJitting  2: 16 op, 406946.00 ns, 25.4341 us/op
WorkloadJitting  2: 16 op, 85827350.00 ns, 5.3642 ms/op

WorkloadPilot    1: 16 op, 84731057.00 ns, 5.2957 ms/op
WorkloadPilot    2: 32 op, 173270007.00 ns, 5.4147 ms/op
WorkloadPilot    3: 64 op, 351259776.00 ns, 5.4884 ms/op
WorkloadPilot    4: 128 op, 696030511.00 ns, 5.4377 ms/op

OverheadWarmup   1: 128 op, 1342.00 ns, 10.4844 ns/op
OverheadWarmup   2: 128 op, 931.00 ns, 7.2734 ns/op
OverheadWarmup   3: 128 op, 981.00 ns, 7.6641 ns/op
OverheadWarmup   4: 128 op, 721.00 ns, 5.6328 ns/op
OverheadWarmup   5: 128 op, 901.00 ns, 7.0391 ns/op
OverheadWarmup   6: 128 op, 1112.00 ns, 8.6875 ns/op
OverheadWarmup   7: 128 op, 1051.00 ns, 8.2109 ns/op

OverheadActual   1: 128 op, 731.00 ns, 5.7109 ns/op
OverheadActual   2: 128 op, 1041.00 ns, 8.1328 ns/op
OverheadActual   3: 128 op, 902.00 ns, 7.0469 ns/op
OverheadActual   4: 128 op, 681.00 ns, 5.3203 ns/op
OverheadActual   5: 128 op, 692.00 ns, 5.4063 ns/op
OverheadActual   6: 128 op, 571.00 ns, 4.4609 ns/op
OverheadActual   7: 128 op, 561.00 ns, 4.3828 ns/op
OverheadActual   8: 128 op, 571.00 ns, 4.4609 ns/op
OverheadActual   9: 128 op, 681.00 ns, 5.3203 ns/op
OverheadActual  10: 128 op, 641.00 ns, 5.0078 ns/op
OverheadActual  11: 128 op, 631.00 ns, 4.9297 ns/op
OverheadActual  12: 128 op, 560.00 ns, 4.3750 ns/op
OverheadActual  13: 128 op, 581.00 ns, 4.5391 ns/op
OverheadActual  14: 128 op, 631.00 ns, 4.9297 ns/op
OverheadActual  15: 128 op, 600.00 ns, 4.6875 ns/op
OverheadActual  16: 128 op, 601.00 ns, 4.6953 ns/op
OverheadActual  17: 128 op, 571.00 ns, 4.4609 ns/op
OverheadActual  18: 128 op, 701.00 ns, 5.4766 ns/op
OverheadActual  19: 128 op, 611.00 ns, 4.7734 ns/op
OverheadActual  20: 128 op, 801.00 ns, 6.2578 ns/op

WorkloadWarmup   1: 128 op, 691948545.00 ns, 5.4058 ms/op
WorkloadWarmup   2: 128 op, 691454785.00 ns, 5.4020 ms/op
WorkloadWarmup   3: 128 op, 692835469.00 ns, 5.4128 ms/op
WorkloadWarmup   4: 128 op, 695888150.00 ns, 5.4366 ms/op
WorkloadWarmup   5: 128 op, 691184639.00 ns, 5.3999 ms/op

// BeforeActualRun
WorkloadActual   1: 128 op, 693415621.00 ns, 5.4173 ms/op
WorkloadActual   2: 128 op, 688266152.00 ns, 5.3771 ms/op
WorkloadActual   3: 128 op, 691854152.00 ns, 5.4051 ms/op
WorkloadActual   4: 128 op, 692746111.00 ns, 5.4121 ms/op
WorkloadActual   5: 128 op, 696871456.00 ns, 5.4443 ms/op
WorkloadActual   6: 128 op, 696020438.00 ns, 5.4377 ms/op
WorkloadActual   7: 128 op, 699862831.00 ns, 5.4677 ms/op
WorkloadActual   8: 128 op, 697327405.00 ns, 5.4479 ms/op
WorkloadActual   9: 128 op, 701498089.00 ns, 5.4805 ms/op
WorkloadActual  10: 128 op, 697301852.00 ns, 5.4477 ms/op
WorkloadActual  11: 128 op, 696834546.00 ns, 5.4440 ms/op
WorkloadActual  12: 128 op, 699632855.00 ns, 5.4659 ms/op
WorkloadActual  13: 128 op, 697910918.00 ns, 5.4524 ms/op
WorkloadActual  14: 128 op, 698103361.00 ns, 5.4539 ms/op
WorkloadActual  15: 128 op, 694750804.00 ns, 5.4277 ms/op
WorkloadActual  16: 128 op, 696107614.00 ns, 5.4383 ms/op
WorkloadActual  17: 128 op, 697780969.00 ns, 5.4514 ms/op
WorkloadActual  18: 128 op, 699831559.00 ns, 5.4674 ms/op
WorkloadActual  19: 128 op, 698443908.00 ns, 5.4566 ms/op
WorkloadActual  20: 128 op, 695400178.00 ns, 5.4328 ms/op

// AfterActualRun
WorkloadResult   1: 128 op, 693414990.00 ns, 5.4173 ms/op
WorkloadResult   2: 128 op, 688265521.00 ns, 5.3771 ms/op
WorkloadResult   3: 128 op, 691853521.00 ns, 5.4051 ms/op
WorkloadResult   4: 128 op, 692745480.00 ns, 5.4121 ms/op
WorkloadResult   5: 128 op, 696870825.00 ns, 5.4443 ms/op
WorkloadResult   6: 128 op, 696019807.00 ns, 5.4377 ms/op
WorkloadResult   7: 128 op, 699862200.00 ns, 5.4677 ms/op
WorkloadResult   8: 128 op, 697326774.00 ns, 5.4479 ms/op
WorkloadResult   9: 128 op, 701497458.00 ns, 5.4804 ms/op
WorkloadResult  10: 128 op, 697301221.00 ns, 5.4477 ms/op
WorkloadResult  11: 128 op, 696833915.00 ns, 5.4440 ms/op
WorkloadResult  12: 128 op, 699632224.00 ns, 5.4659 ms/op
WorkloadResult  13: 128 op, 697910287.00 ns, 5.4524 ms/op
WorkloadResult  14: 128 op, 698102730.00 ns, 5.4539 ms/op
WorkloadResult  15: 128 op, 694750173.00 ns, 5.4277 ms/op
WorkloadResult  16: 128 op, 696106983.00 ns, 5.4383 ms/op
WorkloadResult  17: 128 op, 697780338.00 ns, 5.4514 ms/op
WorkloadResult  18: 128 op, 699830928.00 ns, 5.4674 ms/op
WorkloadResult  19: 128 op, 698443277.00 ns, 5.4566 ms/op
WorkloadResult  20: 128 op, 695399547.00 ns, 5.4328 ms/op
// GC:  1 0 0 26835968 128
// Threading:  130 0 128

// AfterAll
// Benchmark Process 3211 has exited with code 0.

Mean = 5.441 ms, StdErr = 0.005 ms (0.10%), N = 20, StdDev = 0.024 ms
Min = 5.377 ms, Q1 = 5.432 ms, Median = 5.446 ms, Q3 = 5.455 ms, Max = 5.480 ms
IQR = 0.023 ms, LowerFence = 5.397 ms, UpperFence = 5.489 ms
ConfidenceInterval = [5.420 ms; 5.463 ms] (CI 99.9%), Margin = 0.021 ms (0.39% of Mean)
Skewness = -0.81, Kurtosis = 3.3, MValue = 2

// ** Remained 4 (50.0 %) benchmark(s) to run. Estimated finish 2026-10-02 15:36 (0h 2m from now) **
// **************************
// Benchmark: NonceStoreBenchmarks.Add: ShortRun(IterationCount=3, LaunchCount=1, WarmupCount=3)
// *** Execute ***
// Launch: 1 / 1
// Execute: dotnet Encina.Security.AntiTampering.Benchmarks-Job-NUBXJZ-1.dll --anonymousPipes 138 139 --benchmarkName Encina.Security.AntiTampering.Benchmarks.NonceStoreBenchmarks.Add --job ShortRun --benchmarkId 4 in /home/runner/work/Encina/Encina/tests/Encina.BenchmarkTests/Encina.Security.AntiTampering.Benchmarks/bin/Release/net10.0/Encina.Security.AntiTampering.Benchmarks-Job-NUBXJZ-1/bin/Release/net10.0
// Failed to set up high priority (Permission denied). In order to run benchmarks with high priority, make sure you have the right permissions.
// BeforeAnythingElse

// Benchmark Process Environment Information:
// BenchmarkDotNet v0.15.8
// Runtime=.NET 10.0.12 (10.0.12, 10.0.1226.42308), X64 RyuJIT x86-64-v3
// GC=Concurrent Workstation
// HardwareIntrinsics=AVX2+BMI1+BMI2+F16C+FMA+LZCNT+MOVBE,AVX,SSE3+SSSE3+SSE4.1+SSE4.2+POPCNT,X86Base+SSE+SSE2,AES+PCLMUL VectorSize=256
// Job: ShortRun(IterationCount=3, LaunchCount=1, WarmupCount=3)

OverheadJitting  1: 1 op, 237711.00 ns, 237.7110 us/op
WorkloadJitting  1: 1 op, 3711787.00 ns, 3.7118 ms/op

OverheadJitting  2: 16 op, 411876.00 ns, 25.7423 us/op
WorkloadJitting  2: 16 op, 423013.00 ns, 26.4383 us/op

WorkloadPilot    1: 16 op, 43276.00 ns, 2.7048 us/op
WorkloadPilot    2: 32 op, 61203.00 ns, 1.9126 us/op
WorkloadPilot    3: 64 op, 83807.00 ns, 1.3095 us/op
WorkloadPilot    4: 128 op, 191661.00 ns, 1.4974 us/op
WorkloadPilot    5: 256 op, 1458228.00 ns, 5.6962 us/op
WorkloadPilot    6: 512 op, 546021.00 ns, 1.0664 us/op
WorkloadPilot    7: 1024 op, 1149048.00 ns, 1.1221 us/op
WorkloadPilot    8: 2048 op, 2302493.00 ns, 1.1243 us/op
WorkloadPilot    9: 4096 op, 4706910.00 ns, 1.1491 us/op
WorkloadPilot   10: 8192 op, 11891961.00 ns, 1.4517 us/op
WorkloadPilot   11: 16384 op, 19674131.00 ns, 1.2008 us/op
WorkloadPilot   12: 32768 op, 49216182.00 ns, 1.5020 us/op
WorkloadPilot   13: 65536 op, 102318356.00 ns, 1.5613 us/op
WorkloadPilot   14: 131072 op, 178713305.00 ns, 1.3635 us/op
WorkloadPilot   15: 262144 op, 441404876.00 ns, 1.6838 us/op
WorkloadPilot   16: 524288 op, 915590912.00 ns, 1.7464 us/op

OverheadWarmup   1: 524288 op, 1010898.00 ns, 1.9281 ns/op
OverheadWarmup   2: 524288 op, 1030236.00 ns, 1.9650 ns/op
OverheadWarmup   3: 524288 op, 1008604.00 ns, 1.9238 ns/op
OverheadWarmup   4: 524288 op, 996185.00 ns, 1.9001 ns/op
OverheadWarmup   5: 524288 op, 995424.00 ns, 1.8986 ns/op
OverheadWarmup   6: 524288 op, 1008313.00 ns, 1.9232 ns/op
OverheadWarmup   7: 524288 op, 1006571.00 ns, 1.9199 ns/op

OverheadActual   1: 524288 op, 995855.00 ns, 1.8994 ns/op
OverheadActual   2: 524288 op, 997527.00 ns, 1.9026 ns/op
OverheadActual   3: 524288 op, 994633.00 ns, 1.8971 ns/op
OverheadActual   4: 524288 op, 994753.00 ns, 1.8973 ns/op
OverheadActual   5: 524288 op, 994954.00 ns, 1.8977 ns/op
OverheadActual   6: 524288 op, 994522.00 ns, 1.8969 ns/op
OverheadActual   7: 524288 op, 1009425.00 ns, 1.9253 ns/op
OverheadActual   8: 524288 op, 997217.00 ns, 1.9020 ns/op
OverheadActual   9: 524288 op, 994012.00 ns, 1.8959 ns/op
OverheadActual  10: 524288 op, 995634.00 ns, 1.8990 ns/op
OverheadActual  11: 524288 op, 995414.00 ns, 1.8986 ns/op
OverheadActual  12: 524288 op, 994293.00 ns, 1.8965 ns/op
OverheadActual  13: 524288 op, 995033.00 ns, 1.8979 ns/op
OverheadActual  14: 524288 op, 1017187.00 ns, 1.9401 ns/op
OverheadActual  15: 524288 op, 995754.00 ns, 1.8993 ns/op

WorkloadWarmup   1: 524288 op, 1070607689.00 ns, 2.0420 us/op
WorkloadWarmup   2: 524288 op, 702075454.00 ns, 1.3391 us/op
WorkloadWarmup   3: 524288 op, 796840448.00 ns, 1.5199 us/op

// BeforeActualRun
WorkloadActual   1: 524288 op, 1485533196.00 ns, 2.8334 us/op
WorkloadActual   2: 524288 op, 735201589.00 ns, 1.4023 us/op
WorkloadActual   3: 524288 op, 759160353.00 ns, 1.4480 us/op

// AfterActualRun
WorkloadResult   1: 524288 op, 1484537782.00 ns, 2.8315 us/op
WorkloadResult   2: 524288 op, 734206175.00 ns, 1.4004 us/op
WorkloadResult   3: 524288 op, 758164939.00 ns, 1.4461 us/op
// GC:  4 3 0 75497472 524288
// Threading:  0 0 524288

// AfterAll
// Benchmark Process 3225 has exited with code 0.

Mean = 1.893 μs, StdErr = 0.470 μs (24.81%), N = 3, StdDev = 0.813 μs
Min = 1.400 μs, Q1 = 1.423 μs, Median = 1.446 μs, Q3 = 2.139 μs, Max = 2.832 μs
IQR = 0.716 μs, LowerFence = 0.350 μs, UpperFence = 3.212 μs
ConfidenceInterval = [-12.947 μs; 16.732 μs] (CI 99.9%), Margin = 14.839 μs (784.05% of Mean)
Skewness = 0.38, Kurtosis = 0.67, MValue = 2

// ** Remained 3 (37.5 %) benchmark(s) to run. Estimated finish 2026-10-02 15:36 (0h 1m from now) **
// **************************
// Benchmark: NonceStoreBenchmarks.Exists_Hit: ShortRun(IterationCount=3, LaunchCount=1, WarmupCount=3)
// *** Execute ***
// Launch: 1 / 1
// Execute: dotnet Encina.Security.AntiTampering.Benchmarks-Job-NUBXJZ-1.dll --anonymousPipes 138 139 --benchmarkName Encina.Security.AntiTampering.Benchmarks.NonceStoreBenchmarks.Exists_Hit --job ShortRun --benchmarkId 5 in /home/runner/work/Encina/Encina/tests/Encina.BenchmarkTests/Encina.Security.AntiTampering.Benchmarks/bin/Release/net10.0/Encina.Security.AntiTampering.Benchmarks-Job-NUBXJZ-1/bin/Release/net10.0
// Failed to set up high priority (Permission denied). In order to run benchmarks with high priority, make sure you have the right permissions.
// BeforeAnythingElse

// Benchmark Process Environment Information:
// BenchmarkDotNet v0.15.8
// Runtime=.NET 10.0.12 (10.0.12, 10.0.1226.42308), X64 RyuJIT x86-64-v3
// GC=Concurrent Workstation
// HardwareIntrinsics=AVX2+BMI1+BMI2+F16C+FMA+LZCNT+MOVBE,AVX,SSE3+SSSE3+SSE4.1+SSE4.2+POPCNT,X86Base+SSE+SSE2,AES+PCLMUL VectorSize=256
// Job: ShortRun(IterationCount=3, LaunchCount=1, WarmupCount=3)

OverheadJitting  1: 1 op, 230088.00 ns, 230.0880 us/op
WorkloadJitting  1: 1 op, 3618287.00 ns, 3.6183 ms/op

OverheadJitting  2: 16 op, 373455.00 ns, 23.3409 us/op
WorkloadJitting  2: 16 op, 386605.00 ns, 24.1628 us/op

WorkloadPilot    1: 16 op, 3836.00 ns, 239.7500 ns/op
WorkloadPilot    2: 32 op, 4897.00 ns, 153.0313 ns/op
WorkloadPilot    3: 64 op, 20761.00 ns, 324.3906 ns/op
WorkloadPilot    4: 128 op, 10536.00 ns, 82.3125 ns/op
WorkloadPilot    5: 256 op, 18218.00 ns, 71.1641 ns/op
WorkloadPilot    6: 512 op, 33601.00 ns, 65.6270 ns/op
WorkloadPilot    7: 1024 op, 64267.00 ns, 62.7607 ns/op
WorkloadPilot    8: 2048 op, 126061.00 ns, 61.5532 ns/op
WorkloadPilot    9: 4096 op, 253524.00 ns, 61.8955 ns/op
WorkloadPilot   10: 8192 op, 502821.00 ns, 61.3795 ns/op
WorkloadPilot   11: 16384 op, 1017681.00 ns, 62.1143 ns/op
WorkloadPilot   12: 32768 op, 2076203.00 ns, 63.3607 ns/op
WorkloadPilot   13: 65536 op, 4173036.00 ns, 63.6755 ns/op
WorkloadPilot   14: 131072 op, 8274525.00 ns, 63.1296 ns/op
WorkloadPilot   15: 262144 op, 16236747.00 ns, 61.9383 ns/op
WorkloadPilot   16: 524288 op, 32194692.00 ns, 61.4065 ns/op
WorkloadPilot   17: 1048576 op, 64417396.00 ns, 61.4332 ns/op
WorkloadPilot   18: 2097152 op, 128433984.00 ns, 61.2421 ns/op
WorkloadPilot   19: 4194304 op, 257739006.00 ns, 61.4498 ns/op
WorkloadPilot   20: 8388608 op, 515980394.00 ns, 61.5097 ns/op

OverheadWarmup   1: 8388608 op, 15871524.00 ns, 1.8920 ns/op
OverheadWarmup   2: 8388608 op, 15940739.00 ns, 1.9003 ns/op
OverheadWarmup   3: 8388608 op, 15935962.00 ns, 1.8997 ns/op
OverheadWarmup   4: 8388608 op, 15902821.00 ns, 1.8958 ns/op
OverheadWarmup   5: 8388608 op, 15951285.00 ns, 1.9015 ns/op
OverheadWarmup   6: 8388608 op, 15954760.00 ns, 1.9020 ns/op
OverheadWarmup   7: 8388608 op, 15938025.00 ns, 1.9000 ns/op

OverheadActual   1: 8388608 op, 15913378.00 ns, 1.8970 ns/op
OverheadActual   2: 8388608 op, 15939147.00 ns, 1.9001 ns/op
OverheadActual   3: 8388608 op, 15936242.00 ns, 1.8997 ns/op
OverheadActual   4: 8388608 op, 15914238.00 ns, 1.8971 ns/op
OverheadActual   5: 8388608 op, 15972697.00 ns, 1.9041 ns/op
OverheadActual   6: 8388608 op, 15950744.00 ns, 1.9015 ns/op
OverheadActual   7: 8388608 op, 15933718.00 ns, 1.8994 ns/op
OverheadActual   8: 8388608 op, 15976654.00 ns, 1.9046 ns/op
OverheadActual   9: 8388608 op, 15926757.00 ns, 1.8986 ns/op
OverheadActual  10: 8388608 op, 15921780.00 ns, 1.8980 ns/op
OverheadActual  11: 8388608 op, 15939978.00 ns, 1.9002 ns/op
OverheadActual  12: 8388608 op, 15926427.00 ns, 1.8986 ns/op
OverheadActual  13: 8388608 op, 15976492.00 ns, 1.9045 ns/op
OverheadActual  14: 8388608 op, 15942121.00 ns, 1.9004 ns/op
OverheadActual  15: 8388608 op, 15945025.00 ns, 1.9008 ns/op

WorkloadWarmup   1: 8388608 op, 515552997.00 ns, 61.4587 ns/op
WorkloadWarmup   2: 8388608 op, 514780958.00 ns, 61.3667 ns/op
WorkloadWarmup   3: 8388608 op, 516374994.00 ns, 61.5567 ns/op

// BeforeActualRun
WorkloadActual   1: 8388608 op, 514962019.00 ns, 61.3883 ns/op
WorkloadActual   2: 8388608 op, 515097145.00 ns, 61.4044 ns/op
WorkloadActual   3: 8388608 op, 514984734.00 ns, 61.3910 ns/op

// AfterActualRun
WorkloadResult   1: 8388608 op, 499022872.00 ns, 59.4882 ns/op
WorkloadResult   2: 8388608 op, 499157998.00 ns, 59.5043 ns/op
WorkloadResult   3: 8388608 op, 499045587.00 ns, 59.4909 ns/op
// GC:  0 0 0 0 8388608
// Threading:  0 0 8388608

// AfterAll
// Benchmark Process 3240 has exited with code 0.

Mean = 59.494 ns, StdErr = 0.005 ns (0.01%), N = 3, StdDev = 0.009 ns
Min = 59.488 ns, Q1 = 59.490 ns, Median = 59.491 ns, Q3 = 59.498 ns, Max = 59.504 ns
IQR = 0.008 ns, LowerFence = 59.477 ns, UpperFence = 59.510 ns
ConfidenceInterval = [59.337 ns; 59.652 ns] (CI 99.9%), Margin = 0.157 ns (0.26% of Mean)
Skewness = 0.34, Kurtosis = 0.67, MValue = 2

// ** Remained 2 (25.0 %) benchmark(s) to run. Estimated finish 2026-10-02 15:35 (0h 0m from now) **
// **************************
// Benchmark: NonceStoreBenchmarks.Exists_Miss: ShortRun(IterationCount=3, LaunchCount=1, WarmupCount=3)
// *** Execute ***
// Launch: 1 / 1
// Execute: dotnet Encina.Security.AntiTampering.Benchmarks-Job-NUBXJZ-1.dll --anonymousPipes 138 139 --benchmarkName Encina.Security.AntiTampering.Benchmarks.NonceStoreBenchmarks.Exists_Miss --job ShortRun --benchmarkId 6 in /home/runner/work/Encina/Encina/tests/Encina.BenchmarkTests/Encina.Security.AntiTampering.Benchmarks/bin/Release/net10.0/Encina.Security.AntiTampering.Benchmarks-Job-NUBXJZ-1/bin/Release/net10.0
// Failed to set up high priority (Permission denied). In order to run benchmarks with high priority, make sure you have the right permissions.
// BeforeAnythingElse

// Benchmark Process Environment Information:
// BenchmarkDotNet v0.15.8
// Runtime=.NET 10.0.12 (10.0.12, 10.0.1226.42308), X64 RyuJIT x86-64-v3
// GC=Concurrent Workstation
// HardwareIntrinsics=AVX2+BMI1+BMI2+F16C+FMA+LZCNT+MOVBE,AVX,SSE3+SSSE3+SSE4.1+SSE4.2+POPCNT,X86Base+SSE+SSE2,AES+PCLMUL VectorSize=256
// Job: ShortRun(IterationCount=3, LaunchCount=1, WarmupCount=3)

OverheadJitting  1: 1 op, 245502.00 ns, 245.5020 us/op
WorkloadJitting  1: 1 op, 3612024.00 ns, 3.6120 ms/op

OverheadJitting  2: 16 op, 369982.00 ns, 23.1239 us/op
WorkloadJitting  2: 16 op, 371174.00 ns, 23.1984 us/op

WorkloadPilot    1: 16 op, 3976.00 ns, 248.5000 ns/op
WorkloadPilot    2: 32 op, 2795.00 ns, 87.3438 ns/op
WorkloadPilot    3: 64 op, 3565.00 ns, 55.7031 ns/op
WorkloadPilot    4: 128 op, 5068.00 ns, 39.5938 ns/op
WorkloadPilot    5: 256 op, 8473.00 ns, 33.0977 ns/op
WorkloadPilot    6: 512 op, 15523.00 ns, 30.3184 ns/op
WorkloadPilot    7: 1024 op, 29465.00 ns, 28.7744 ns/op
WorkloadPilot    8: 2048 op, 57458.00 ns, 28.0557 ns/op
WorkloadPilot    9: 4096 op, 113071.00 ns, 27.6052 ns/op
WorkloadPilot   10: 8192 op, 224651.00 ns, 27.4232 ns/op
WorkloadPilot   11: 16384 op, 443163.00 ns, 27.0485 ns/op
WorkloadPilot   12: 32768 op, 910372.00 ns, 27.7823 ns/op
WorkloadPilot   13: 65536 op, 2496079.00 ns, 38.0871 ns/op
WorkloadPilot   14: 131072 op, 4770803.00 ns, 36.3983 ns/op
WorkloadPilot   15: 262144 op, 9818757.00 ns, 37.4556 ns/op
WorkloadPilot   16: 524288 op, 16179274.00 ns, 30.8595 ns/op
WorkloadPilot   17: 1048576 op, 29164046.00 ns, 27.8130 ns/op
WorkloadPilot   18: 2097152 op, 58156102.00 ns, 27.7310 ns/op
WorkloadPilot   19: 4194304 op, 115950475.00 ns, 27.6447 ns/op
WorkloadPilot   20: 8388608 op, 230921706.00 ns, 27.5280 ns/op
WorkloadPilot   21: 16777216 op, 462238505.00 ns, 27.5516 ns/op
WorkloadPilot   22: 33554432 op, 924761402.00 ns, 27.5600 ns/op

OverheadWarmup   1: 33554432 op, 68809047.00 ns, 2.0507 ns/op
OverheadWarmup   2: 33554432 op, 64131487.00 ns, 1.9113 ns/op
OverheadWarmup   3: 33554432 op, 63494883.00 ns, 1.8923 ns/op
OverheadWarmup   4: 33554432 op, 63502475.00 ns, 1.8925 ns/op
OverheadWarmup   5: 33554432 op, 63823591.00 ns, 1.9021 ns/op
OverheadWarmup   6: 33554432 op, 64045497.00 ns, 1.9087 ns/op
OverheadWarmup   7: 33554432 op, 64716743.00 ns, 1.9287 ns/op
OverheadWarmup   8: 33554432 op, 63437206.00 ns, 1.8906 ns/op
OverheadWarmup   9: 33554432 op, 63415784.00 ns, 1.8899 ns/op
OverheadWarmup  10: 33554432 op, 63450076.00 ns, 1.8910 ns/op

OverheadActual   1: 33554432 op, 63441482.00 ns, 1.8907 ns/op
OverheadActual   2: 33554432 op, 63507633.00 ns, 1.8927 ns/op
OverheadActual   3: 33554432 op, 63563979.00 ns, 1.8944 ns/op
OverheadActual   4: 33554432 op, 63439670.00 ns, 1.8906 ns/op
OverheadActual   5: 33554432 op, 64246241.00 ns, 1.9147 ns/op
OverheadActual   6: 33554432 op, 63439810.00 ns, 1.8907 ns/op
OverheadActual   7: 33554432 op, 63472349.00 ns, 1.8916 ns/op
OverheadActual   8: 33554432 op, 63526031.00 ns, 1.8932 ns/op
OverheadActual   9: 33554432 op, 63682718.00 ns, 1.8979 ns/op
OverheadActual  10: 33554432 op, 63632412.00 ns, 1.8964 ns/op
OverheadActual  11: 33554432 op, 63411878.00 ns, 1.8898 ns/op
OverheadActual  12: 33554432 op, 63420310.00 ns, 1.8901 ns/op
OverheadActual  13: 33554432 op, 64200692.00 ns, 1.9133 ns/op
OverheadActual  14: 33554432 op, 63610489.00 ns, 1.8957 ns/op
OverheadActual  15: 33554432 op, 63459871.00 ns, 1.8913 ns/op

WorkloadWarmup   1: 33554432 op, 924122065.00 ns, 27.5410 ns/op
WorkloadWarmup   2: 33554432 op, 925215160.00 ns, 27.5736 ns/op
WorkloadWarmup   3: 33554432 op, 928040931.00 ns, 27.6578 ns/op

// BeforeActualRun
WorkloadActual   1: 33554432 op, 929774371.00 ns, 27.7094 ns/op
WorkloadActual   2: 33554432 op, 923942461.00 ns, 27.5356 ns/op
WorkloadActual   3: 33554432 op, 924576811.00 ns, 27.5545 ns/op

// AfterActualRun
WorkloadResult   1: 33554432 op, 866266738.00 ns, 25.8168 ns/op
WorkloadResult   2: 33554432 op, 860434828.00 ns, 25.6430 ns/op
WorkloadResult   3: 33554432 op, 861069178.00 ns, 25.6619 ns/op
// GC:  0 0 0 0 33554432
// Threading:  0 0 33554432

// AfterAll
// Benchmark Process 3250 has exited with code 0.

Mean = 25.707 ns, StdErr = 0.055 ns (0.21%), N = 3, StdDev = 0.095 ns
Min = 25.643 ns, Q1 = 25.652 ns, Median = 25.662 ns, Q3 = 25.739 ns, Max = 25.817 ns
IQR = 0.087 ns, LowerFence = 25.522 ns, UpperFence = 25.870 ns
ConfidenceInterval = [23.968 ns; 27.447 ns] (CI 99.9%), Margin = 1.740 ns (6.77% of Mean)
Skewness = 0.37, Kurtosis = 0.67, MValue = 2

// ** Remained 1 (12.5 %) benchmark(s) to run. Estimated finish 2026-10-02 15:35 (0h 0m from now) **
// **************************
// Benchmark: NonceStoreBenchmarks.Cleanup: ShortRun(IterationCount=3, LaunchCount=1, WarmupCount=3)
// *** Execute ***
// Launch: 1 / 1
// Execute: dotnet Encina.Security.AntiTampering.Benchmarks-Job-NUBXJZ-1.dll --anonymousPipes 138 139 --benchmarkName Encina.Security.AntiTampering.Benchmarks.NonceStoreBenchmarks.Cleanup --job ShortRun --benchmarkId 7 in /home/runner/work/Encina/Encina/tests/Encina.BenchmarkTests/Encina.Security.AntiTampering.Benchmarks/bin/Release/net10.0/Encina.Security.AntiTampering.Benchmarks-Job-NUBXJZ-1/bin/Release/net10.0
// Failed to set up high priority (Permission denied). In order to run benchmarks with high priority, make sure you have the right permissions.
// BeforeAnythingElse

// Benchmark Process Environment Information:
// BenchmarkDotNet v0.15.8
// Runtime=.NET 10.0.12 (10.0.12, 10.0.1226.42308), X64 RyuJIT x86-64-v3
// GC=Concurrent Workstation
// HardwareIntrinsics=AVX2+BMI1+BMI2+F16C+FMA+LZCNT+MOVBE,AVX,SSE3+SSSE3+SSE4.1+SSE4.2+POPCNT,X86Base+SSE+SSE2,AES+PCLMUL VectorSize=256
// Job: ShortRun(IterationCount=3, LaunchCount=1, WarmupCount=3)

OverheadJitting  1: 1 op, 258382.00 ns, 258.3820 us/op
WorkloadJitting  1: 1 op, 14042130.00 ns, 14.0421 ms/op

OverheadJitting  2: 16 op, 439106.00 ns, 27.4441 us/op
WorkloadJitting  2: 16 op, 88020142.00 ns, 5.5013 ms/op

WorkloadPilot    1: 16 op, 87602594.00 ns, 5.4752 ms/op
WorkloadPilot    2: 32 op, 173418866.00 ns, 5.4193 ms/op
WorkloadPilot    3: 64 op, 346801201.00 ns, 5.4188 ms/op
WorkloadPilot    4: 128 op, 695820335.00 ns, 5.4361 ms/op

OverheadWarmup   1: 128 op, 1192.00 ns, 9.3125 ns/op
OverheadWarmup   2: 128 op, 761.00 ns, 5.9453 ns/op
OverheadWarmup   3: 128 op, 791.00 ns, 6.1797 ns/op
OverheadWarmup   4: 128 op, 741.00 ns, 5.7891 ns/op
OverheadWarmup   5: 128 op, 631.00 ns, 4.9297 ns/op
OverheadWarmup   6: 128 op, 621.00 ns, 4.8516 ns/op
OverheadWarmup   7: 128 op, 621.00 ns, 4.8516 ns/op
OverheadWarmup   8: 128 op, 861.00 ns, 6.7266 ns/op

OverheadActual   1: 128 op, 902.00 ns, 7.0469 ns/op
OverheadActual   2: 128 op, 931.00 ns, 7.2734 ns/op
OverheadActual   3: 128 op, 1062.00 ns, 8.2969 ns/op
OverheadActual   4: 128 op, 902.00 ns, 7.0469 ns/op
OverheadActual   5: 128 op, 1052.00 ns, 8.2188 ns/op
OverheadActual   6: 128 op, 721.00 ns, 5.6328 ns/op
OverheadActual   7: 128 op, 761.00 ns, 5.9453 ns/op
OverheadActual   8: 128 op, 761.00 ns, 5.9453 ns/op
OverheadActual   9: 128 op, 741.00 ns, 5.7891 ns/op
OverheadActual  10: 128 op, 771.00 ns, 6.0234 ns/op
OverheadActual  11: 128 op, 761.00 ns, 5.9453 ns/op
OverheadActual  12: 128 op, 762.00 ns, 5.9531 ns/op
OverheadActual  13: 128 op, 761.00 ns, 5.9453 ns/op
OverheadActual  14: 128 op, 781.00 ns, 6.1016 ns/op
OverheadActual  15: 128 op, 861.00 ns, 6.7266 ns/op
OverheadActual  16: 128 op, 621.00 ns, 4.8516 ns/op
OverheadActual  17: 128 op, 671.00 ns, 5.2422 ns/op
OverheadActual  18: 128 op, 671.00 ns, 5.2422 ns/op
OverheadActual  19: 128 op, 661.00 ns, 5.1641 ns/op
OverheadActual  20: 128 op, 671.00 ns, 5.2422 ns/op

WorkloadWarmup   1: 128 op, 698544163.00 ns, 5.4574 ms/op
WorkloadWarmup   2: 128 op, 696418942.00 ns, 5.4408 ms/op
WorkloadWarmup   3: 128 op, 690360273.00 ns, 5.3934 ms/op

// BeforeActualRun
WorkloadActual   1: 128 op, 694415472.00 ns, 5.4251 ms/op
WorkloadActual   2: 128 op, 689368342.00 ns, 5.3857 ms/op
WorkloadActual   3: 128 op, 691669039.00 ns, 5.4037 ms/op

// AfterActualRun
WorkloadResult   1: 128 op, 694414711.00 ns, 5.4251 ms/op
WorkloadResult   2: 128 op, 689367581.00 ns, 5.3857 ms/op
WorkloadResult   3: 128 op, 691668278.00 ns, 5.4037 ms/op
// GC:  1 0 0 26835968 128
// Threading:  130 0 128

// AfterAll
// Benchmark Process 3261 has exited with code 0.

Mean = 5.405 ms, StdErr = 0.011 ms (0.21%), N = 3, StdDev = 0.020 ms
Min = 5.386 ms, Q1 = 5.395 ms, Median = 5.404 ms, Q3 = 5.414 ms, Max = 5.425 ms
IQR = 0.020 ms, LowerFence = 5.365 ms, UpperFence = 5.444 ms
ConfidenceInterval = [5.045 ms; 5.765 ms] (CI 99.9%), Margin = 0.360 ms (6.66% of Mean)
Skewness = 0.06, Kurtosis = 0.67, MValue = 2

// ** Remained 0 (0.0 %) benchmark(s) to run. Estimated finish 2026-10-02 15:34 (0h 0m from now) **
// ***** BenchmarkRunner: Finish  *****

// * Export *
  artifacts/performance/SecurityAntiTampering/results/Encina.Security.AntiTampering.Benchmarks.NonceStoreBenchmarks-report.csv
  artifacts/performance/SecurityAntiTampering/results/Encina.Security.AntiTampering.Benchmarks.NonceStoreBenchmarks-report-github.md
  artifacts/performance/SecurityAntiTampering/results/Encina.Security.AntiTampering.Benchmarks.NonceStoreBenchmarks-report.html
  artifacts/performance/SecurityAntiTampering/results/Encina.Security.AntiTampering.Benchmarks.NonceStoreBenchmarks-report-full-compressed.json

// * Detailed results *
NonceStoreBenchmarks.Add: Job-NUBXJZ(IterationCount=20, WarmupCount=5)
Runtime = .NET 10.0.12 (10.0.12, 10.0.1226.42308), X64 RyuJIT x86-64-v3; GC = Concurrent Workstation
Mean = 1.592 μs, StdErr = 0.022 μs (1.41%), N = 17, StdDev = 0.092 μs
Min = 1.422 μs, Q1 = 1.548 μs, Median = 1.612 μs, Q3 = 1.643 μs, Max = 1.774 μs
IQR = 0.095 μs, LowerFence = 1.406 μs, UpperFence = 1.786 μs
ConfidenceInterval = [1.503 μs; 1.682 μs] (CI 99.9%), Margin = 0.090 μs (5.65% of Mean)
Skewness = -0.24, Kurtosis = 2.44, MValue = 2.6
-------------------- Histogram --------------------
[1.399 μs ; 1.493 μs) | @@@
[1.493 μs ; 1.561 μs) | @@
[1.561 μs ; 1.655 μs) | @@@@@@@@@@
[1.655 μs ; 1.692 μs) | 
[1.692 μs ; 1.786 μs) | @@
---------------------------------------------------

NonceStoreBenchmarks.Exists_Hit: Job-NUBXJZ(IterationCount=20, WarmupCount=5)
Runtime = .NET 10.0.12 (10.0.12, 10.0.1226.42308), X64 RyuJIT x86-64-v3; GC = Concurrent Workstation
Mean = 59.422 ns, StdErr = 0.010 ns (0.02%), N = 19, StdDev = 0.043 ns
Min = 59.358 ns, Q1 = 59.384 ns, Median = 59.416 ns, Q3 = 59.451 ns, Max = 59.504 ns
IQR = 0.067 ns, LowerFence = 59.283 ns, UpperFence = 59.552 ns
ConfidenceInterval = [59.384 ns; 59.461 ns] (CI 99.9%), Margin = 0.039 ns (0.07% of Mean)
Skewness = 0.25, Kurtosis = 1.96, MValue = 2
-------------------- Histogram --------------------
[59.337 ns ; 59.525 ns) | @@@@@@@@@@@@@@@@@@@
---------------------------------------------------

NonceStoreBenchmarks.Exists_Miss: Job-NUBXJZ(IterationCount=20, WarmupCount=5)
Runtime = .NET 10.0.12 (10.0.12, 10.0.1226.42308), X64 RyuJIT x86-64-v3; GC = Concurrent Workstation
Mean = 25.700 ns, StdErr = 0.016 ns (0.06%), N = 18, StdDev = 0.067 ns
Min = 25.627 ns, Q1 = 25.652 ns, Median = 25.677 ns, Q3 = 25.717 ns, Max = 25.872 ns
IQR = 0.065 ns, LowerFence = 25.555 ns, UpperFence = 25.815 ns
ConfidenceInterval = [25.638 ns; 25.763 ns] (CI 99.9%), Margin = 0.062 ns (0.24% of Mean)
Skewness = 1.11, Kurtosis = 3.18, MValue = 2
-------------------- Histogram --------------------
[25.593 ns ; 25.906 ns) | @@@@@@@@@@@@@@@@@@
---------------------------------------------------

NonceStoreBenchmarks.Cleanup: Job-NUBXJZ(IterationCount=20, WarmupCount=5)
Runtime = .NET 10.0.12 (10.0.12, 10.0.1226.42308), X64 RyuJIT x86-64-v3; GC = Concurrent Workstation
Mean = 5.441 ms, StdErr = 0.005 ms (0.10%), N = 20, StdDev = 0.024 ms
Min = 5.377 ms, Q1 = 5.432 ms, Median = 5.446 ms, Q3 = 5.455 ms, Max = 5.480 ms
IQR = 0.023 ms, LowerFence = 5.397 ms, UpperFence = 5.489 ms
ConfidenceInterval = [5.420 ms; 5.463 ms] (CI 99.9%), Margin = 0.021 ms (0.39% of Mean)
Skewness = -0.81, Kurtosis = 3.3, MValue = 2
-------------------- Histogram --------------------
[5.365 ms ; 5.492 ms) | @@@@@@@@@@@@@@@@@@@@
---------------------------------------------------

NonceStoreBenchmarks.Add: ShortRun(IterationCount=3, LaunchCount=1, WarmupCount=3)
Runtime = .NET 10.0.12 (10.0.12, 10.0.1226.42308), X64 RyuJIT x86-64-v3; GC = Concurrent Workstation
Mean = 1.893 μs, StdErr = 0.470 μs (24.81%), N = 3, StdDev = 0.813 μs
Min = 1.400 μs, Q1 = 1.423 μs, Median = 1.446 μs, Q3 = 2.139 μs, Max = 2.832 μs
IQR = 0.716 μs, LowerFence = 0.350 μs, UpperFence = 3.212 μs
ConfidenceInterval = [-12.947 μs; 16.732 μs] (CI 99.9%), Margin = 14.839 μs (784.05% of Mean)
Skewness = 0.38, Kurtosis = 0.67, MValue = 2
-------------------- Histogram --------------------
[1.376 μs ; 2.856 μs) | @@@
---------------------------------------------------

NonceStoreBenchmarks.Exists_Hit: ShortRun(IterationCount=3, LaunchCount=1, WarmupCount=3)
Runtime = .NET 10.0.12 (10.0.12, 10.0.1226.42308), X64 RyuJIT x86-64-v3; GC = Concurrent Workstation
Mean = 59.494 ns, StdErr = 0.005 ns (0.01%), N = 3, StdDev = 0.009 ns
Min = 59.488 ns, Q1 = 59.490 ns, Median = 59.491 ns, Q3 = 59.498 ns, Max = 59.504 ns
IQR = 0.008 ns, LowerFence = 59.477 ns, UpperFence = 59.510 ns
ConfidenceInterval = [59.337 ns; 59.652 ns] (CI 99.9%), Margin = 0.157 ns (0.26% of Mean)
Skewness = 0.34, Kurtosis = 0.67, MValue = 2
-------------------- Histogram --------------------
[59.480 ns ; 59.512 ns) | @@@
---------------------------------------------------

NonceStoreBenchmarks.Exists_Miss: ShortRun(IterationCount=3, LaunchCount=1, WarmupCount=3)
Runtime = .NET 10.0.12 (10.0.12, 10.0.1226.42308), X64 RyuJIT x86-64-v3; GC = Concurrent Workstation
Mean = 25.707 ns, StdErr = 0.055 ns (0.21%), N = 3, StdDev = 0.095 ns
Min = 25.643 ns, Q1 = 25.652 ns, Median = 25.662 ns, Q3 = 25.739 ns, Max = 25.817 ns
IQR = 0.087 ns, LowerFence = 25.522 ns, UpperFence = 25.870 ns
ConfidenceInterval = [23.968 ns; 27.447 ns] (CI 99.9%), Margin = 1.740 ns (6.77% of Mean)
Skewness = 0.37, Kurtosis = 0.67, MValue = 2
-------------------- Histogram --------------------
[25.556 ns ; 25.904 ns) | @@@
---------------------------------------------------

NonceStoreBenchmarks.Cleanup: ShortRun(IterationCount=3, LaunchCount=1, WarmupCount=3)
Runtime = .NET 10.0.12 (10.0.12, 10.0.1226.42308), X64 RyuJIT x86-64-v3; GC = Concurrent Workstation
Mean = 5.405 ms, StdErr = 0.011 ms (0.21%), N = 3, StdDev = 0.020 ms
Min = 5.386 ms, Q1 = 5.395 ms, Median = 5.404 ms, Q3 = 5.414 ms, Max = 5.425 ms
IQR = 0.020 ms, LowerFence = 5.365 ms, UpperFence = 5.444 ms
ConfidenceInterval = [5.045 ms; 5.765 ms] (CI 99.9%), Margin = 0.360 ms (6.66% of Mean)
Skewness = 0.06, Kurtosis = 0.67, MValue = 2
-------------------- Histogram --------------------
[5.368 ms ; 5.443 ms) | @@@
---------------------------------------------------

// * Summary *

BenchmarkDotNet v0.15.8, Linux Ubuntu 24.04.5 LTS (Noble Numbat)
AMD EPYC 9V74 2.60GHz, 1 CPU, 4 logical and 2 physical cores
.NET SDK 10.0.401
  [Host]     : .NET 10.0.12 (10.0.12, 10.0.1226.42308), X64 RyuJIT x86-64-v3
  Job-NUBXJZ : .NET 10.0.12 (10.0.12, 10.0.1226.42308), X64 RyuJIT x86-64-v3
  ShortRun   : .NET 10.0.12 (10.0.12, 10.0.1226.42308), X64 RyuJIT x86-64-v3


| Method      | Job        | IterationCount | LaunchCount | WarmupCount | Mean            | Error          | StdDev        | Median          | Ratio    | RatioSD | Gen0   | Gen1   | Allocated | Alloc Ratio |
|------------ |----------- |--------------- |------------ |------------ |----------------:|---------------:|--------------:|----------------:|---------:|--------:|-------:|-------:|----------:|------------:|
| Add         | Job-NUBXJZ | 20             | Default     | 5           |     1,592.49 ns |      89.986 ns |     92.409 ns |     1,611.66 ns |     1.00 |    0.08 | 0.0076 | 0.0057 |     144 B |        1.00 |
| Exists_Hit  | Job-NUBXJZ | 20             | Default     | 5           |        59.42 ns |       0.039 ns |      0.043 ns |        59.42 ns |     0.04 |    0.00 |      - |      - |         - |        0.00 |
| Exists_Miss | Job-NUBXJZ | 20             | Default     | 5           |        25.70 ns |       0.062 ns |      0.067 ns |        25.68 ns |     0.02 |    0.00 |      - |      - |         - |        0.00 |
| Cleanup     | Job-NUBXJZ | 20             | Default     | 5           | 5,441,386.02 ns |  21,248.811 ns | 24,470.162 ns | 5,445,984.55 ns | 3,428.00 |  198.33 | 7.8125 |      - |  209656 B |    1,455.94 |
|             |            |                |             |             |                 |                |               |                 |          |         |        |        |           |             |
| Add         | ShortRun   | 3              | 1           | 3           |     1,892.67 ns |  14,839.454 ns |    813.401 ns |     1,446.08 ns |     1.11 |    0.54 | 0.0076 | 0.0057 |     144 B |        1.00 |
| Exists_Hit  | ShortRun   | 3              | 1           | 3           |        59.49 ns |       0.157 ns |      0.009 ns |        59.49 ns |     0.03 |    0.01 |      - |      - |         - |        0.00 |
| Exists_Miss | ShortRun   | 3              | 1           | 3           |        25.71 ns |       1.740 ns |      0.095 ns |        25.66 ns |     0.02 |    0.00 |      - |      - |         - |        0.00 |
| Cleanup     | ShortRun   | 3              | 1           | 3           | 5,404,819.19 ns | 360,148.657 ns | 19,740.963 ns | 5,403,658.42 ns | 3,168.62 |  946.40 | 7.8125 |      - |  209656 B |    1,455.94 |

// * Hints *
Outliers
  NonceStoreBenchmarks.Add: IterationCount=20, WarmupCount=5         -> 3 outliers were removed (1.87 μs..6.74 μs)
  NonceStoreBenchmarks.Exists_Hit: IterationCount=20, WarmupCount=5  -> 1 outlier  was  removed (61.96 ns)
  NonceStoreBenchmarks.Exists_Miss: IterationCount=20, WarmupCount=5 -> 2 outliers were removed (27.91 ns, 28.16 ns)
  NonceStoreBenchmarks.Cleanup: IterationCount=20, WarmupCount=5     -> 1 outlier  was  detected (5.38 ms)
// * Config Issues *

// * Warnings *
Configuration
  Summary -> The exporter CsvExporter is already present in configuration. There may be unexpected results.
  Summary -> The exporter HtmlExporter is already present in configuration. There may be unexpected results.
  Summary -> The exporter MarkdownExporter-github is already present in configuration. There may be unexpected results.

// * Legends *
  Mean        : Arithmetic mean of all measurements
  Error       : Half of 99.9% confidence interval
  StdDev      : Standard deviation of all measurements
  Median      : Value separating the higher half of all measurements (50th percentile)
  Ratio       : Mean of the ratio distribution ([Current]/[Baseline])
  RatioSD     : Standard deviation of the ratio distribution ([Current]/[Baseline])
  Gen0        : GC Generation 0 collects per 1000 operations
  Gen1        : GC Generation 1 collects per 1000 operations
  Allocated   : Allocated memory per single operation (managed only, inclusive, 1KB = 1024B)
  Alloc Ratio : Allocated memory ratio distribution ([Current]/[Baseline])
  1 ns        : 1 Nanosecond (0.000000001 sec)

// * Diagnostic Output - MemoryDiagnoser *


// ***** BenchmarkRunner: End *****
Run time: 00:03:13 (193.23 sec), executed benchmarks: 8

Global total time: 00:04:09 (249.38 sec), executed benchmarks: 8
// * Artifacts cleanup *
Artifacts cleanup is finished
