// Validating benchmarks:
// ***** BenchmarkRunner: Start   *****
// ***** Found 5 benchmark(s) in total *****
// ***** Building 1 exe(s) in Parallel: Start   *****
// start dotnet  restore --nodeReuse:false /p:UseSharedCompilation=false /p:Deterministic=true /p:Optimize=true /p:ArtifactsPath="/home/runner/work/Encina/Encina/tests/Encina.BenchmarkTests/Encina.Benchmarks/bin/Release/net10.0/Encina.Benchmarks-ShortRun-1/" /p:OutDir="/home/runner/work/Encina/Encina/tests/Encina.BenchmarkTests/Encina.Benchmarks/bin/Release/net10.0/Encina.Benchmarks-ShortRun-1/bin/Release/net10.0/" /p:OutputPath="/home/runner/work/Encina/Encina/tests/Encina.BenchmarkTests/Encina.Benchmarks/bin/Release/net10.0/Encina.Benchmarks-ShortRun-1/bin/Release/net10.0/" /p:PublishDir="/home/runner/work/Encina/Encina/tests/Encina.BenchmarkTests/Encina.Benchmarks/bin/Release/net10.0/Encina.Benchmarks-ShortRun-1/publish/" in /home/runner/work/Encina/Encina/tests/Encina.BenchmarkTests/Encina.Benchmarks/bin/Release/net10.0/Encina.Benchmarks-ShortRun-1
// command took 3.67 sec and exited with 0
// start dotnet  build -c Release --no-restore --nodeReuse:false /p:UseSharedCompilation=false /p:Deterministic=true /p:Optimize=true /p:ArtifactsPath="/home/runner/work/Encina/Encina/tests/Encina.BenchmarkTests/Encina.Benchmarks/bin/Release/net10.0/Encina.Benchmarks-ShortRun-1/" /p:OutDir="/home/runner/work/Encina/Encina/tests/Encina.BenchmarkTests/Encina.Benchmarks/bin/Release/net10.0/Encina.Benchmarks-ShortRun-1/bin/Release/net10.0/" /p:OutputPath="/home/runner/work/Encina/Encina/tests/Encina.BenchmarkTests/Encina.Benchmarks/bin/Release/net10.0/Encina.Benchmarks-ShortRun-1/bin/Release/net10.0/" /p:PublishDir="/home/runner/work/Encina/Encina/tests/Encina.BenchmarkTests/Encina.Benchmarks/bin/Release/net10.0/Encina.Benchmarks-ShortRun-1/publish/" --output "/home/runner/work/Encina/Encina/tests/Encina.BenchmarkTests/Encina.Benchmarks/bin/Release/net10.0/Encina.Benchmarks-ShortRun-1/bin/Release/net10.0/" in /home/runner/work/Encina/Encina/tests/Encina.BenchmarkTests/Encina.Benchmarks/bin/Release/net10.0/Encina.Benchmarks-ShortRun-1
// command took 191.3 sec and exited with 0
// ***** Done, took 00:03:15 (195.16 sec)   *****
// Found 5 benchmarks:
//   DelegateInvocationBenchmarks.CompiledDelegate: ShortRun(IterationCount=3, LaunchCount=1, WarmupCount=3)
//   DelegateInvocationBenchmarks.DirectCall: ShortRun(IterationCount=3, LaunchCount=1, WarmupCount=3)
//   DelegateInvocationBenchmarks.ExpressionCompilation: ShortRun(IterationCount=3, LaunchCount=1, WarmupCount=3)
//   DelegateInvocationBenchmarks.GenericTypeConstruction: ShortRun(IterationCount=3, LaunchCount=1, WarmupCount=3)
//   DelegateInvocationBenchmarks.MethodInfoInvoke: ShortRun(IterationCount=3, LaunchCount=1, WarmupCount=3)

// **************************
// Benchmark: DelegateInvocationBenchmarks.CompiledDelegate: ShortRun(IterationCount=3, LaunchCount=1, WarmupCount=3)
// *** Execute ***
// Launch: 1 / 1
// Execute: dotnet Encina.Benchmarks-ShortRun-1.dll --anonymousPipes 223 224 --benchmarkName Encina.Benchmarks.DelegateInvocationBenchmarks.CompiledDelegate --job ShortRun --benchmarkId 0 in /home/runner/work/Encina/Encina/tests/Encina.BenchmarkTests/Encina.Benchmarks/bin/Release/net10.0/Encina.Benchmarks-ShortRun-1/bin/Release/net10.0
// Failed to set up high priority (Permission denied). In order to run benchmarks with high priority, make sure you have the right permissions.
// BeforeAnythingElse

// Benchmark Process Environment Information:
// BenchmarkDotNet v0.15.8
// Runtime=.NET 10.0.12 (10.0.12, 10.0.1226.42308), X64 RyuJIT x86-64-v3
// GC=Concurrent Workstation
// HardwareIntrinsics=AVX2+BMI1+BMI2+F16C+FMA+LZCNT+MOVBE,AVX,SSE3+SSSE3+SSE4.1+SSE4.2+POPCNT,X86Base+SSE+SSE2,AES+PCLMUL VectorSize=256
// Job: ShortRun(IterationCount=3, LaunchCount=1, WarmupCount=3)

OverheadJitting  1: 1 op, 229659.00 ns, 229.6590 us/op
WorkloadJitting  1: 1 op, 5543703.00 ns, 5.5437 ms/op

OverheadJitting  2: 16 op, 209360.00 ns, 13.0850 us/op
WorkloadJitting  2: 16 op, 251018.00 ns, 15.6886 us/op

WorkloadPilot    1: 16 op, 4499.00 ns, 281.1875 ns/op
WorkloadPilot    2: 32 op, 4860.00 ns, 151.8750 ns/op
WorkloadPilot    3: 64 op, 42038.00 ns, 656.8438 ns/op
WorkloadPilot    4: 128 op, 40436.00 ns, 315.9063 ns/op
WorkloadPilot    5: 256 op, 42950.00 ns, 167.7734 ns/op
WorkloadPilot    6: 512 op, 46116.00 ns, 90.0703 ns/op
WorkloadPilot    7: 1024 op, 150069.00 ns, 146.5518 ns/op
WorkloadPilot    8: 2048 op, 205814.00 ns, 100.4951 ns/op
WorkloadPilot    9: 4096 op, 286434.00 ns, 69.9302 ns/op
WorkloadPilot   10: 8192 op, 670700.00 ns, 81.8726 ns/op
WorkloadPilot   11: 16384 op, 1324629.00 ns, 80.8489 ns/op
WorkloadPilot   12: 32768 op, 2698851.00 ns, 82.3624 ns/op
WorkloadPilot   13: 65536 op, 5493780.00 ns, 83.8284 ns/op
WorkloadPilot   14: 131072 op, 11103807.00 ns, 84.7153 ns/op
WorkloadPilot   15: 262144 op, 12377510.00 ns, 47.2165 ns/op
WorkloadPilot   16: 524288 op, 23490000.00 ns, 44.8036 ns/op
WorkloadPilot   17: 1048576 op, 42574194.00 ns, 40.6019 ns/op
WorkloadPilot   18: 2097152 op, 88501087.00 ns, 42.2006 ns/op
WorkloadPilot   19: 4194304 op, 160947991.00 ns, 38.3730 ns/op
WorkloadPilot   20: 8388608 op, 330399050.00 ns, 39.3866 ns/op
WorkloadPilot   21: 16777216 op, 668424927.00 ns, 39.8412 ns/op

OverheadWarmup   1: 16777216 op, 27638005.00 ns, 1.6474 ns/op
OverheadWarmup   2: 16777216 op, 27496711.00 ns, 1.6389 ns/op
OverheadWarmup   3: 16777216 op, 27430268.00 ns, 1.6350 ns/op
OverheadWarmup   4: 16777216 op, 29476071.00 ns, 1.7569 ns/op
OverheadWarmup   5: 16777216 op, 27516408.00 ns, 1.6401 ns/op
OverheadWarmup   6: 16777216 op, 27502172.00 ns, 1.6393 ns/op
OverheadWarmup   7: 16777216 op, 29179438.00 ns, 1.7392 ns/op
OverheadWarmup   8: 16777216 op, 27557295.00 ns, 1.6425 ns/op

OverheadActual   1: 16777216 op, 27528792.00 ns, 1.6408 ns/op
OverheadActual   2: 16777216 op, 29572240.00 ns, 1.7626 ns/op
OverheadActual   3: 16777216 op, 27737550.00 ns, 1.6533 ns/op
OverheadActual   4: 16777216 op, 27771955.00 ns, 1.6553 ns/op
OverheadActual   5: 16777216 op, 27522539.00 ns, 1.6405 ns/op
OverheadActual   6: 16777216 op, 29403556.00 ns, 1.7526 ns/op
OverheadActual   7: 16777216 op, 27445326.00 ns, 1.6359 ns/op
OverheadActual   8: 16777216 op, 27466184.00 ns, 1.6371 ns/op
OverheadActual   9: 16777216 op, 29619808.00 ns, 1.7655 ns/op
OverheadActual  10: 16777216 op, 27439776.00 ns, 1.6355 ns/op
OverheadActual  11: 16777216 op, 27422152.00 ns, 1.6345 ns/op
OverheadActual  12: 16777216 op, 28445059.00 ns, 1.6955 ns/op
OverheadActual  13: 16777216 op, 27875026.00 ns, 1.6615 ns/op
OverheadActual  14: 16777216 op, 27750232.00 ns, 1.6540 ns/op
OverheadActual  15: 16777216 op, 27404329.00 ns, 1.6334 ns/op

WorkloadWarmup   1: 16777216 op, 675563318.00 ns, 40.2667 ns/op
WorkloadWarmup   2: 16777216 op, 681689186.00 ns, 40.6318 ns/op
WorkloadWarmup   3: 16777216 op, 669491431.00 ns, 39.9048 ns/op

// BeforeActualRun
WorkloadActual   1: 16777216 op, 649532649.00 ns, 38.7152 ns/op
WorkloadActual   2: 16777216 op, 655347788.00 ns, 39.0618 ns/op
WorkloadActual   3: 16777216 op, 671019839.00 ns, 39.9959 ns/op

// AfterActualRun
WorkloadResult   1: 16777216 op, 621795099.00 ns, 37.0619 ns/op
WorkloadResult   2: 16777216 op, 627610238.00 ns, 37.4085 ns/op
WorkloadResult   3: 16777216 op, 643282289.00 ns, 38.3426 ns/op
// GC:  112 0 0 1879048192 16777216
// Threading:  0 0 16777216

// AfterAll
// Benchmark Process 3904 has exited with code 0.

Mean = 37.604 ns, StdErr = 0.382 ns (1.02%), N = 3, StdDev = 0.662 ns
Min = 37.062 ns, Q1 = 37.235 ns, Median = 37.408 ns, Q3 = 37.876 ns, Max = 38.343 ns
IQR = 0.640 ns, LowerFence = 36.275 ns, UpperFence = 38.836 ns
ConfidenceInterval = [25.519 ns; 49.690 ns] (CI 99.9%), Margin = 12.086 ns (32.14% of Mean)
Skewness = 0.27, Kurtosis = 0.67, MValue = 2

// ** Remained 4 (80.0 %) benchmark(s) to run. Estimated finish 2026-10-10 14:49 (0h 0m from now) **
// **************************
// Benchmark: DelegateInvocationBenchmarks.DirectCall: ShortRun(IterationCount=3, LaunchCount=1, WarmupCount=3)
// *** Execute ***
// Launch: 1 / 1
// Execute: dotnet Encina.Benchmarks-ShortRun-1.dll --anonymousPipes 223 224 --benchmarkName Encina.Benchmarks.DelegateInvocationBenchmarks.DirectCall --job ShortRun --benchmarkId 1 in /home/runner/work/Encina/Encina/tests/Encina.BenchmarkTests/Encina.Benchmarks/bin/Release/net10.0/Encina.Benchmarks-ShortRun-1/bin/Release/net10.0
// Failed to set up high priority (Permission denied). In order to run benchmarks with high priority, make sure you have the right permissions.
// BeforeAnythingElse

// Benchmark Process Environment Information:
// BenchmarkDotNet v0.15.8
// Runtime=.NET 10.0.12 (10.0.12, 10.0.1226.42308), X64 RyuJIT x86-64-v3
// GC=Concurrent Workstation
// HardwareIntrinsics=AVX2+BMI1+BMI2+F16C+FMA+LZCNT+MOVBE,AVX,SSE3+SSSE3+SSE4.1+SSE4.2+POPCNT,X86Base+SSE+SSE2,AES+PCLMUL VectorSize=256
// Job: ShortRun(IterationCount=3, LaunchCount=1, WarmupCount=3)

OverheadJitting  1: 1000 op, 227133.00 ns, 227.1330 ns/op
WorkloadJitting  1: 1000 op, 5783059.00 ns, 5.7831 us/op

OverheadJitting  2: 16000 op, 307012.00 ns, 19.1883 ns/op
WorkloadJitting  2: 16000 op, 1642091.00 ns, 102.6307 ns/op

WorkloadPilot    1: 16000 op, 1309551.00 ns, 81.8469 ns/op
WorkloadPilot    2: 32000 op, 2110534.00 ns, 65.9542 ns/op
WorkloadPilot    3: 64000 op, 3758035.00 ns, 58.7193 ns/op
WorkloadPilot    4: 128000 op, 8222426.00 ns, 64.2377 ns/op
WorkloadPilot    5: 256000 op, 12368855.00 ns, 48.3158 ns/op
WorkloadPilot    6: 512000 op, 16877749.00 ns, 32.9644 ns/op
WorkloadPilot    7: 1024000 op, 31074029.00 ns, 30.3457 ns/op
WorkloadPilot    8: 2048000 op, 63921174.00 ns, 31.2115 ns/op
WorkloadPilot    9: 4096000 op, 125940742.00 ns, 30.7473 ns/op
WorkloadPilot   10: 8192000 op, 239787892.00 ns, 29.2710 ns/op
WorkloadPilot   11: 16384000 op, 501089104.00 ns, 30.5841 ns/op

OverheadWarmup   1: 16384000 op, 27562.00 ns, 0.0017 ns/op
OverheadWarmup   2: 16384000 op, 38081.00 ns, 0.0023 ns/op
OverheadWarmup   3: 16384000 op, 43241.00 ns, 0.0026 ns/op
OverheadWarmup   4: 16384000 op, 45835.00 ns, 0.0028 ns/op
OverheadWarmup   5: 16384000 op, 45425.00 ns, 0.0028 ns/op
OverheadWarmup   6: 16384000 op, 45314.00 ns, 0.0028 ns/op
OverheadWarmup   7: 16384000 op, 42289.00 ns, 0.0026 ns/op
OverheadWarmup   8: 16384000 op, 42739.00 ns, 0.0026 ns/op
OverheadWarmup   9: 16384000 op, 42269.00 ns, 0.0026 ns/op

OverheadActual   1: 16384000 op, 46567.00 ns, 0.0028 ns/op
OverheadActual   2: 16384000 op, 43591.00 ns, 0.0027 ns/op
OverheadActual   3: 16384000 op, 47128.00 ns, 0.0029 ns/op
OverheadActual   4: 16384000 op, 36639.00 ns, 0.0022 ns/op
OverheadActual   5: 16384000 op, 42890.00 ns, 0.0026 ns/op
OverheadActual   6: 16384000 op, 42389.00 ns, 0.0026 ns/op
OverheadActual   7: 16384000 op, 45214.00 ns, 0.0028 ns/op
OverheadActual   8: 16384000 op, 42399.00 ns, 0.0026 ns/op
OverheadActual   9: 16384000 op, 36969.00 ns, 0.0023 ns/op
OverheadActual  10: 16384000 op, 37169.00 ns, 0.0023 ns/op
OverheadActual  11: 16384000 op, 37250.00 ns, 0.0023 ns/op
OverheadActual  12: 16384000 op, 65392.00 ns, 0.0040 ns/op
OverheadActual  13: 16384000 op, 46296.00 ns, 0.0028 ns/op
OverheadActual  14: 16384000 op, 42509.00 ns, 0.0026 ns/op
OverheadActual  15: 16384000 op, 38071.00 ns, 0.0023 ns/op
OverheadActual  16: 16384000 op, 38702.00 ns, 0.0024 ns/op
OverheadActual  17: 16384000 op, 26991.00 ns, 0.0016 ns/op
OverheadActual  18: 16384000 op, 27742.00 ns, 0.0017 ns/op
OverheadActual  19: 16384000 op, 26960.00 ns, 0.0016 ns/op
OverheadActual  20: 16384000 op, 26950.00 ns, 0.0016 ns/op

WorkloadWarmup   1: 16384000 op, 504055994.00 ns, 30.7651 ns/op
WorkloadWarmup   2: 16384000 op, 508601427.00 ns, 31.0426 ns/op
WorkloadWarmup   3: 16384000 op, 505449483.00 ns, 30.8502 ns/op

// BeforeActualRun
WorkloadActual   1: 16384000 op, 495216071.00 ns, 30.2256 ns/op
WorkloadActual   2: 16384000 op, 501526102.00 ns, 30.6107 ns/op
WorkloadActual   3: 16384000 op, 495016098.00 ns, 30.2134 ns/op

// AfterActualRun
WorkloadResult   1: 16384000 op, 495175525.50 ns, 30.2231 ns/op
WorkloadResult   2: 16384000 op, 501485556.50 ns, 30.6082 ns/op
WorkloadResult   3: 16384000 op, 494975552.50 ns, 30.2109 ns/op
// GC:  109 0 0 1835008000 16384000
// Threading:  0 0 16384000

// AfterAll
// Benchmark Process 3928 has exited with code 0.

Mean = 30.347 ns, StdErr = 0.130 ns (0.43%), N = 3, StdDev = 0.226 ns
Min = 30.211 ns, Q1 = 30.217 ns, Median = 30.223 ns, Q3 = 30.416 ns, Max = 30.608 ns
IQR = 0.199 ns, LowerFence = 29.919 ns, UpperFence = 30.714 ns
ConfidenceInterval = [26.225 ns; 34.470 ns] (CI 99.9%), Margin = 4.122 ns (13.58% of Mean)
Skewness = 0.38, Kurtosis = 0.67, MValue = 2

// ** Remained 3 (60.0 %) benchmark(s) to run. Estimated finish 2026-10-10 14:49 (0h 0m from now) **
// **************************
// Benchmark: DelegateInvocationBenchmarks.ExpressionCompilation: ShortRun(IterationCount=3, LaunchCount=1, WarmupCount=3)
// *** Execute ***
// Launch: 1 / 1
// Execute: dotnet Encina.Benchmarks-ShortRun-1.dll --anonymousPipes 223 224 --benchmarkName Encina.Benchmarks.DelegateInvocationBenchmarks.ExpressionCompilation --job ShortRun --benchmarkId 2 in /home/runner/work/Encina/Encina/tests/Encina.BenchmarkTests/Encina.Benchmarks/bin/Release/net10.0/Encina.Benchmarks-ShortRun-1/bin/Release/net10.0
// Failed to set up high priority (Permission denied). In order to run benchmarks with high priority, make sure you have the right permissions.
// BeforeAnythingElse

// Benchmark Process Environment Information:
// BenchmarkDotNet v0.15.8
// Runtime=.NET 10.0.12 (10.0.12, 10.0.1226.42308), X64 RyuJIT x86-64-v3
// GC=Concurrent Workstation
// HardwareIntrinsics=AVX2+BMI1+BMI2+F16C+FMA+LZCNT+MOVBE,AVX,SSE3+SSSE3+SSE4.1+SSE4.2+POPCNT,X86Base+SSE+SSE2,AES+PCLMUL VectorSize=256
// Job: ShortRun(IterationCount=3, LaunchCount=1, WarmupCount=3)

OverheadJitting  1: 1 op, 249385.00 ns, 249.3850 us/op
WorkloadJitting  1: 1 op, 729039.00 ns, 729.0390 us/op

OverheadJitting  2: 16 op, 544725.00 ns, 34.0453 us/op
WorkloadJitting  2: 16 op, 2217554.00 ns, 138.5971 us/op

WorkloadPilot    1: 16 op, 1672317.00 ns, 104.5198 us/op
WorkloadPilot    2: 32 op, 2989322.00 ns, 93.4163 us/op
WorkloadPilot    3: 64 op, 6120076.00 ns, 95.6262 us/op
WorkloadPilot    4: 128 op, 12273026.00 ns, 95.8830 us/op
WorkloadPilot    5: 256 op, 24796506.00 ns, 96.8614 us/op
WorkloadPilot    6: 512 op, 50772361.00 ns, 99.1648 us/op
WorkloadPilot    7: 1024 op, 98360036.00 ns, 96.0547 us/op
WorkloadPilot    8: 2048 op, 195933939.00 ns, 95.6709 us/op
WorkloadPilot    9: 4096 op, 394675360.00 ns, 96.3563 us/op
WorkloadPilot   10: 8192 op, 784321966.00 ns, 95.7424 us/op

OverheadWarmup   1: 8192 op, 45575.00 ns, 5.5634 ns/op
OverheadWarmup   2: 8192 op, 37259.00 ns, 4.5482 ns/op
OverheadWarmup   3: 8192 op, 38111.00 ns, 4.6522 ns/op
OverheadWarmup   4: 8192 op, 68187.00 ns, 8.3236 ns/op
OverheadWarmup   5: 8192 op, 37119.00 ns, 4.5311 ns/op
OverheadWarmup   6: 8192 op, 37430.00 ns, 4.5691 ns/op
OverheadWarmup   7: 8192 op, 37109.00 ns, 4.5299 ns/op

OverheadActual   1: 8192 op, 39583.00 ns, 4.8319 ns/op
OverheadActual   2: 8192 op, 39895.00 ns, 4.8700 ns/op
OverheadActual   3: 8192 op, 59802.00 ns, 7.3000 ns/op
OverheadActual   4: 8192 op, 43912.00 ns, 5.3604 ns/op
OverheadActual   5: 8192 op, 42820.00 ns, 5.2271 ns/op
OverheadActual   6: 8192 op, 43040.00 ns, 5.2539 ns/op
OverheadActual   7: 8192 op, 42931.00 ns, 5.2406 ns/op
OverheadActual   8: 8192 op, 42920.00 ns, 5.2393 ns/op
OverheadActual   9: 8192 op, 42809.00 ns, 5.2257 ns/op
OverheadActual  10: 8192 op, 42800.00 ns, 5.2246 ns/op
OverheadActual  11: 8192 op, 46036.00 ns, 5.6196 ns/op
OverheadActual  12: 8192 op, 42720.00 ns, 5.2148 ns/op
OverheadActual  13: 8192 op, 42810.00 ns, 5.2258 ns/op
OverheadActual  14: 8192 op, 62116.00 ns, 7.5825 ns/op
OverheadActual  15: 8192 op, 42729.00 ns, 5.2159 ns/op

WorkloadWarmup   1: 8192 op, 796217431.00 ns, 97.1945 us/op
WorkloadWarmup   2: 8192 op, 768712574.00 ns, 93.8370 us/op
WorkloadWarmup   3: 8192 op, 765254919.00 ns, 93.4149 us/op

// BeforeActualRun
WorkloadActual   1: 8192 op, 767209782.00 ns, 93.6535 us/op
WorkloadActual   2: 8192 op, 761665014.00 ns, 92.9767 us/op
WorkloadActual   3: 8192 op, 763483680.00 ns, 93.1987 us/op

// AfterActualRun
WorkloadResult   1: 8192 op, 767166962.00 ns, 93.6483 us/op
WorkloadResult   2: 8192 op, 761622194.00 ns, 92.9715 us/op
WorkloadResult   3: 8192 op, 763440860.00 ns, 93.1935 us/op
// GC:  2 1 0 43211496 8192
// Threading:  0 0 8192

// AfterAll
// Benchmark Process 3939 has exited with code 0.

Mean = 93.271 μs, StdErr = 0.199 μs (0.21%), N = 3, StdDev = 0.345 μs
Min = 92.971 μs, Q1 = 93.082 μs, Median = 93.193 μs, Q3 = 93.421 μs, Max = 93.648 μs
IQR = 0.338 μs, LowerFence = 92.575 μs, UpperFence = 93.929 μs
ConfidenceInterval = [86.976 μs; 99.566 μs] (CI 99.9%), Margin = 6.295 μs (6.75% of Mean)
Skewness = 0.21, Kurtosis = 0.67, MValue = 2

// ** Remained 2 (40.0 %) benchmark(s) to run. Estimated finish 2026-10-10 14:49 (0h 0m from now) **
// **************************
// Benchmark: DelegateInvocationBenchmarks.GenericTypeConstruction: ShortRun(IterationCount=3, LaunchCount=1, WarmupCount=3)
// *** Execute ***
// Launch: 1 / 1
// Execute: dotnet Encina.Benchmarks-ShortRun-1.dll --anonymousPipes 223 224 --benchmarkName Encina.Benchmarks.DelegateInvocationBenchmarks.GenericTypeConstruction --job ShortRun --benchmarkId 3 in /home/runner/work/Encina/Encina/tests/Encina.BenchmarkTests/Encina.Benchmarks/bin/Release/net10.0/Encina.Benchmarks-ShortRun-1/bin/Release/net10.0
// Failed to set up high priority (Permission denied). In order to run benchmarks with high priority, make sure you have the right permissions.
// BeforeAnythingElse

// Benchmark Process Environment Information:
// BenchmarkDotNet v0.15.8
// Runtime=.NET 10.0.12 (10.0.12, 10.0.1226.42308), X64 RyuJIT x86-64-v3
// GC=Concurrent Workstation
// HardwareIntrinsics=AVX2+BMI1+BMI2+F16C+FMA+LZCNT+MOVBE,AVX,SSE3+SSSE3+SSE4.1+SSE4.2+POPCNT,X86Base+SSE+SSE2,AES+PCLMUL VectorSize=256
// Job: ShortRun(IterationCount=3, LaunchCount=1, WarmupCount=3)

OverheadJitting  1: 1 op, 223887.00 ns, 223.8870 us/op
WorkloadJitting  1: 1 op, 7437162.00 ns, 7.4372 ms/op

OverheadJitting  2: 16 op, 214300.00 ns, 13.3938 us/op
WorkloadJitting  2: 16 op, 638039.00 ns, 39.8774 us/op

WorkloadPilot    1: 16 op, 274091.00 ns, 17.1307 us/op
WorkloadPilot    2: 32 op, 225650.00 ns, 7.0516 us/op
WorkloadPilot    3: 64 op, 246650.00 ns, 3.8539 us/op
WorkloadPilot    4: 128 op, 253703.00 ns, 1.9821 us/op
WorkloadPilot    5: 256 op, 292726.00 ns, 1.1435 us/op
WorkloadPilot    6: 512 op, 291423.00 ns, 569.1855 ns/op
WorkloadPilot    7: 1024 op, 417939.00 ns, 408.1436 ns/op
WorkloadPilot    8: 2048 op, 561446.00 ns, 274.1436 ns/op
WorkloadPilot    9: 4096 op, 956082.00 ns, 233.4185 ns/op
WorkloadPilot   10: 8192 op, 1736035.00 ns, 211.9183 ns/op
WorkloadPilot   11: 16384 op, 3263863.00 ns, 199.2104 ns/op
WorkloadPilot   12: 32768 op, 6453228.00 ns, 196.9369 ns/op
WorkloadPilot   13: 65536 op, 13461630.00 ns, 205.4082 ns/op
WorkloadPilot   14: 131072 op, 25441328.00 ns, 194.1019 ns/op
WorkloadPilot   15: 262144 op, 38354575.00 ns, 146.3111 ns/op
WorkloadPilot   16: 524288 op, 72615802.00 ns, 138.5037 ns/op
WorkloadPilot   17: 1048576 op, 147978945.00 ns, 141.1237 ns/op
WorkloadPilot   18: 2097152 op, 296144589.00 ns, 141.2127 ns/op
WorkloadPilot   19: 4194304 op, 589722342.00 ns, 140.6008 ns/op

OverheadWarmup   1: 4194304 op, 6877017.00 ns, 1.6396 ns/op
OverheadWarmup   2: 4194304 op, 6866919.00 ns, 1.6372 ns/op
OverheadWarmup   3: 4194304 op, 6892706.00 ns, 1.6433 ns/op
OverheadWarmup   4: 4194304 op, 6857952.00 ns, 1.6351 ns/op
OverheadWarmup   5: 4194304 op, 6873961.00 ns, 1.6389 ns/op
OverheadWarmup   6: 4194304 op, 6877939.00 ns, 1.6398 ns/op
OverheadWarmup   7: 4194304 op, 6905410.00 ns, 1.6464 ns/op
OverheadWarmup   8: 4194304 op, 6859846.00 ns, 1.6355 ns/op

OverheadActual   1: 4194304 op, 6875775.00 ns, 1.6393 ns/op
OverheadActual   2: 4194304 op, 6871246.00 ns, 1.6382 ns/op
OverheadActual   3: 4194304 op, 6890614.00 ns, 1.6429 ns/op
OverheadActual   4: 4194304 op, 6901113.00 ns, 1.6454 ns/op
OverheadActual   5: 4194304 op, 6880865.00 ns, 1.6405 ns/op
OverheadActual   6: 4194304 op, 6884592.00 ns, 1.6414 ns/op
OverheadActual   7: 4194304 op, 6894981.00 ns, 1.6439 ns/op
OverheadActual   8: 4194304 op, 6913756.00 ns, 1.6484 ns/op
OverheadActual   9: 4194304 op, 6948992.00 ns, 1.6568 ns/op
OverheadActual  10: 4194304 op, 6888209.00 ns, 1.6423 ns/op
OverheadActual  11: 4194304 op, 6923514.00 ns, 1.6507 ns/op
OverheadActual  12: 4194304 op, 6916320.00 ns, 1.6490 ns/op
OverheadActual  13: 4194304 op, 6902716.00 ns, 1.6457 ns/op
OverheadActual  14: 4194304 op, 6879843.00 ns, 1.6403 ns/op
OverheadActual  15: 4194304 op, 6899399.00 ns, 1.6449 ns/op

WorkloadWarmup   1: 4194304 op, 599858233.00 ns, 143.0173 ns/op
WorkloadWarmup   2: 4194304 op, 594398928.00 ns, 141.7157 ns/op
WorkloadWarmup   3: 4194304 op, 573052292.00 ns, 136.6263 ns/op

// BeforeActualRun
WorkloadActual   1: 4194304 op, 585150861.00 ns, 139.5108 ns/op
WorkloadActual   2: 4194304 op, 587698710.00 ns, 140.1183 ns/op
WorkloadActual   3: 4194304 op, 596249858.00 ns, 142.1570 ns/op

// AfterActualRun
WorkloadResult   1: 4194304 op, 578255880.00 ns, 137.8669 ns/op
WorkloadResult   2: 4194304 op, 580803729.00 ns, 138.4744 ns/op
WorkloadResult   3: 4194304 op, 589354877.00 ns, 140.5132 ns/op
// GC:  44 0 0 738200352 4194304
// Threading:  0 0 4194304

// AfterAll
// Benchmark Process 3949 has exited with code 0.

Mean = 138.951 ns, StdErr = 0.800 ns (0.58%), N = 3, StdDev = 1.386 ns
Min = 137.867 ns, Q1 = 138.171 ns, Median = 138.474 ns, Q3 = 139.494 ns, Max = 140.513 ns
IQR = 1.323 ns, LowerFence = 136.186 ns, UpperFence = 141.478 ns
ConfidenceInterval = [113.664 ns; 164.239 ns] (CI 99.9%), Margin = 25.288 ns (18.20% of Mean)
Skewness = 0.3, Kurtosis = 0.67, MValue = 2

// ** Remained 1 (20.0 %) benchmark(s) to run. Estimated finish 2026-10-10 14:49 (0h 0m from now) **
// **************************
// Benchmark: DelegateInvocationBenchmarks.MethodInfoInvoke: ShortRun(IterationCount=3, LaunchCount=1, WarmupCount=3)
// *** Execute ***
// Launch: 1 / 1
// Execute: dotnet Encina.Benchmarks-ShortRun-1.dll --anonymousPipes 223 224 --benchmarkName Encina.Benchmarks.DelegateInvocationBenchmarks.MethodInfoInvoke --job ShortRun --benchmarkId 4 in /home/runner/work/Encina/Encina/tests/Encina.BenchmarkTests/Encina.Benchmarks/bin/Release/net10.0/Encina.Benchmarks-ShortRun-1/bin/Release/net10.0
// Failed to set up high priority (Permission denied). In order to run benchmarks with high priority, make sure you have the right permissions.
// BeforeAnythingElse

// Benchmark Process Environment Information:
// BenchmarkDotNet v0.15.8
// Runtime=.NET 10.0.12 (10.0.12, 10.0.1226.42308), X64 RyuJIT x86-64-v3
// GC=Concurrent Workstation
// HardwareIntrinsics=AVX2+BMI1+BMI2+F16C+FMA+LZCNT+MOVBE,AVX,SSE3+SSSE3+SSE4.1+SSE4.2+POPCNT,X86Base+SSE+SSE2,AES+PCLMUL VectorSize=256
// Job: ShortRun(IterationCount=3, LaunchCount=1, WarmupCount=3)

OverheadJitting  1: 1 op, 230961.00 ns, 230.9610 us/op
WorkloadJitting  1: 1 op, 5950491.00 ns, 5.9505 ms/op

OverheadJitting  2: 16 op, 210783.00 ns, 13.1739 us/op
WorkloadJitting  2: 16 op, 491406.00 ns, 30.7129 us/op

WorkloadPilot    1: 16 op, 6782.00 ns, 423.8750 ns/op
WorkloadPilot    2: 32 op, 23214.00 ns, 725.4375 ns/op
WorkloadPilot    3: 64 op, 30016.00 ns, 469.0000 ns/op
WorkloadPilot    4: 128 op, 41337.00 ns, 322.9453 ns/op
WorkloadPilot    5: 256 op, 59591.00 ns, 232.7773 ns/op
WorkloadPilot    6: 512 op, 146945.00 ns, 287.0020 ns/op
WorkloadPilot    7: 1024 op, 197308.00 ns, 192.6836 ns/op
WorkloadPilot    8: 2048 op, 277307.00 ns, 135.4038 ns/op
WorkloadPilot    9: 4096 op, 612692.00 ns, 149.5830 ns/op
WorkloadPilot   10: 8192 op, 1352851.00 ns, 165.1429 ns/op
WorkloadPilot   11: 16384 op, 2498728.00 ns, 152.5103 ns/op
WorkloadPilot   12: 32768 op, 5170968.00 ns, 157.8054 ns/op
WorkloadPilot   13: 65536 op, 10229937.00 ns, 156.0965 ns/op
WorkloadPilot   14: 131072 op, 15288716.00 ns, 116.6436 ns/op
WorkloadPilot   15: 262144 op, 22607847.00 ns, 86.2421 ns/op
WorkloadPilot   16: 524288 op, 46615012.00 ns, 88.9111 ns/op
WorkloadPilot   17: 1048576 op, 87943992.00 ns, 83.8699 ns/op
WorkloadPilot   18: 2097152 op, 162849351.00 ns, 77.6526 ns/op
WorkloadPilot   19: 4194304 op, 334165573.00 ns, 79.6713 ns/op
WorkloadPilot   20: 8388608 op, 669276606.00 ns, 79.7840 ns/op

OverheadWarmup   1: 8388608 op, 13813647.00 ns, 1.6467 ns/op
OverheadWarmup   2: 8388608 op, 13789091.00 ns, 1.6438 ns/op
OverheadWarmup   3: 8388608 op, 13706668.00 ns, 1.6340 ns/op
OverheadWarmup   4: 8388608 op, 15375838.00 ns, 1.8329 ns/op
OverheadWarmup   5: 8388608 op, 14046260.00 ns, 1.6744 ns/op
OverheadWarmup   6: 8388608 op, 13714662.00 ns, 1.6349 ns/op
OverheadWarmup   7: 8388608 op, 13717267.00 ns, 1.6352 ns/op
OverheadWarmup   8: 8388608 op, 13721015.00 ns, 1.6357 ns/op
OverheadWarmup   9: 8388608 op, 13749497.00 ns, 1.6391 ns/op
OverheadWarmup  10: 8388608 op, 13746652.00 ns, 1.6387 ns/op

OverheadActual   1: 8388608 op, 13795453.00 ns, 1.6445 ns/op
OverheadActual   2: 8388608 op, 13720422.00 ns, 1.6356 ns/op
OverheadActual   3: 8388608 op, 13735000.00 ns, 1.6373 ns/op
OverheadActual   4: 8388608 op, 13738567.00 ns, 1.6378 ns/op
OverheadActual   5: 8388608 op, 13786206.00 ns, 1.6434 ns/op
OverheadActual   6: 8388608 op, 13738316.00 ns, 1.6377 ns/op
OverheadActual   7: 8388608 op, 13718149.00 ns, 1.6353 ns/op
OverheadActual   8: 8388608 op, 13848572.00 ns, 1.6509 ns/op
OverheadActual   9: 8388608 op, 13747383.00 ns, 1.6388 ns/op
OverheadActual  10: 8388608 op, 13709683.00 ns, 1.6343 ns/op
OverheadActual  11: 8388608 op, 13754487.00 ns, 1.6397 ns/op
OverheadActual  12: 8388608 op, 13701057.00 ns, 1.6333 ns/op
OverheadActual  13: 8388608 op, 13721585.00 ns, 1.6357 ns/op
OverheadActual  14: 8388608 op, 13731093.00 ns, 1.6369 ns/op
OverheadActual  15: 8388608 op, 13723949.00 ns, 1.6360 ns/op

WorkloadWarmup   1: 8388608 op, 692003960.00 ns, 82.4933 ns/op
WorkloadWarmup   2: 8388608 op, 677265719.00 ns, 80.7364 ns/op
WorkloadWarmup   3: 8388608 op, 673076542.00 ns, 80.2370 ns/op

// BeforeActualRun
WorkloadActual   1: 8388608 op, 672983268.00 ns, 80.2259 ns/op
WorkloadActual   2: 8388608 op, 669986402.00 ns, 79.8686 ns/op
WorkloadActual   3: 8388608 op, 652508395.00 ns, 77.7851 ns/op

// AfterActualRun
WorkloadResult   1: 8388608 op, 659248268.00 ns, 78.5885 ns/op
WorkloadResult   2: 8388608 op, 656251402.00 ns, 78.2313 ns/op
WorkloadResult   3: 8388608 op, 638773395.00 ns, 76.1477 ns/op
// GC:  88 0 0 1476395008 8388608
// Threading:  0 0 8388608

// AfterAll
// Benchmark Process 3955 has exited with code 0.

Mean = 77.656 ns, StdErr = 0.761 ns (0.98%), N = 3, StdDev = 1.318 ns
Min = 76.148 ns, Q1 = 77.189 ns, Median = 78.231 ns, Q3 = 78.410 ns, Max = 78.589 ns
IQR = 1.220 ns, LowerFence = 75.359 ns, UpperFence = 80.240 ns
ConfidenceInterval = [53.607 ns; 101.705 ns] (CI 99.9%), Margin = 24.049 ns (30.97% of Mean)
Skewness = -0.35, Kurtosis = 0.67, MValue = 2

// ** Remained 0 (0.0 %) benchmark(s) to run. Estimated finish 2026-10-10 14:49 (0h 0m from now) **
// ***** BenchmarkRunner: Finish  *****

// * Export *
  artifacts/performance/Core/results/Encina.Benchmarks.DelegateInvocationBenchmarks-report.csv
  artifacts/performance/Core/results/Encina.Benchmarks.DelegateInvocationBenchmarks-report-github.md
  artifacts/performance/Core/results/Encina.Benchmarks.DelegateInvocationBenchmarks-report.html
  artifacts/performance/Core/results/Encina.Benchmarks.DelegateInvocationBenchmarks-report-full-compressed.json

// * Detailed results *
DelegateInvocationBenchmarks.CompiledDelegate: ShortRun(IterationCount=3, LaunchCount=1, WarmupCount=3)
Runtime = .NET 10.0.12 (10.0.12, 10.0.1226.42308), X64 RyuJIT x86-64-v3; GC = Concurrent Workstation
Mean = 37.604 ns, StdErr = 0.382 ns (1.02%), N = 3, StdDev = 0.662 ns
Min = 37.062 ns, Q1 = 37.235 ns, Median = 37.408 ns, Q3 = 37.876 ns, Max = 38.343 ns
IQR = 0.640 ns, LowerFence = 36.275 ns, UpperFence = 38.836 ns
ConfidenceInterval = [25.519 ns; 49.690 ns] (CI 99.9%), Margin = 12.086 ns (32.14% of Mean)
Skewness = 0.27, Kurtosis = 0.67, MValue = 2
-------------------- Histogram --------------------
[36.632 ns ; 37.838 ns) | @@
[37.838 ns ; 38.946 ns) | @
---------------------------------------------------

DelegateInvocationBenchmarks.DirectCall: ShortRun(IterationCount=3, LaunchCount=1, WarmupCount=3)
Runtime = .NET 10.0.12 (10.0.12, 10.0.1226.42308), X64 RyuJIT x86-64-v3; GC = Concurrent Workstation
Mean = 30.347 ns, StdErr = 0.130 ns (0.43%), N = 3, StdDev = 0.226 ns
Min = 30.211 ns, Q1 = 30.217 ns, Median = 30.223 ns, Q3 = 30.416 ns, Max = 30.608 ns
IQR = 0.199 ns, LowerFence = 29.919 ns, UpperFence = 30.714 ns
ConfidenceInterval = [26.225 ns; 34.470 ns] (CI 99.9%), Margin = 4.122 ns (13.58% of Mean)
Skewness = 0.38, Kurtosis = 0.67, MValue = 2
-------------------- Histogram --------------------
[30.204 ns ; 30.615 ns) | @@@
---------------------------------------------------

DelegateInvocationBenchmarks.ExpressionCompilation: ShortRun(IterationCount=3, LaunchCount=1, WarmupCount=3)
Runtime = .NET 10.0.12 (10.0.12, 10.0.1226.42308), X64 RyuJIT x86-64-v3; GC = Concurrent Workstation
Mean = 93.271 μs, StdErr = 0.199 μs (0.21%), N = 3, StdDev = 0.345 μs
Min = 92.971 μs, Q1 = 93.082 μs, Median = 93.193 μs, Q3 = 93.421 μs, Max = 93.648 μs
IQR = 0.338 μs, LowerFence = 92.575 μs, UpperFence = 93.929 μs
ConfidenceInterval = [86.976 μs; 99.566 μs] (CI 99.9%), Margin = 6.295 μs (6.75% of Mean)
Skewness = 0.21, Kurtosis = 0.67, MValue = 2
-------------------- Histogram --------------------
[92.657 μs ; 93.962 μs) | @@@
---------------------------------------------------

DelegateInvocationBenchmarks.GenericTypeConstruction: ShortRun(IterationCount=3, LaunchCount=1, WarmupCount=3)
Runtime = .NET 10.0.12 (10.0.12, 10.0.1226.42308), X64 RyuJIT x86-64-v3; GC = Concurrent Workstation
Mean = 138.951 ns, StdErr = 0.800 ns (0.58%), N = 3, StdDev = 1.386 ns
Min = 137.867 ns, Q1 = 138.171 ns, Median = 138.474 ns, Q3 = 139.494 ns, Max = 140.513 ns
IQR = 1.323 ns, LowerFence = 136.186 ns, UpperFence = 141.478 ns
ConfidenceInterval = [113.664 ns; 164.239 ns] (CI 99.9%), Margin = 25.288 ns (18.20% of Mean)
Skewness = 0.3, Kurtosis = 0.67, MValue = 2
-------------------- Histogram --------------------
[136.605 ns ; 141.775 ns) | @@@
---------------------------------------------------

DelegateInvocationBenchmarks.MethodInfoInvoke: ShortRun(IterationCount=3, LaunchCount=1, WarmupCount=3)
Runtime = .NET 10.0.12 (10.0.12, 10.0.1226.42308), X64 RyuJIT x86-64-v3; GC = Concurrent Workstation
Mean = 77.656 ns, StdErr = 0.761 ns (0.98%), N = 3, StdDev = 1.318 ns
Min = 76.148 ns, Q1 = 77.189 ns, Median = 78.231 ns, Q3 = 78.410 ns, Max = 78.589 ns
IQR = 1.220 ns, LowerFence = 75.359 ns, UpperFence = 80.240 ns
ConfidenceInterval = [53.607 ns; 101.705 ns] (CI 99.9%), Margin = 24.049 ns (30.97% of Mean)
Skewness = -0.35, Kurtosis = 0.67, MValue = 2
-------------------- Histogram --------------------
[74.948 ns ; 77.210 ns) | @
[77.210 ns ; 79.788 ns) | @@
---------------------------------------------------

// * Summary *

BenchmarkDotNet v0.15.8, Linux Ubuntu 24.04.5 LTS (Noble Numbat)
AMD EPYC 7763 2.45GHz, 1 CPU, 4 logical and 2 physical cores
.NET SDK 10.0.401
  [Host]   : .NET 10.0.12 (10.0.12, 10.0.1226.42308), X64 RyuJIT x86-64-v3
  ShortRun : .NET 10.0.12 (10.0.12, 10.0.1226.42308), X64 RyuJIT x86-64-v3

Job=ShortRun  IterationCount=3  LaunchCount=1  
WarmupCount=3  

| Method                  | Mean         | Error        | StdDev     | Ratio    | RatioSD | Gen0   | Gen1   | Allocated | Alloc Ratio |
|------------------------ |-------------:|-------------:|-----------:|---------:|--------:|-------:|-------:|----------:|------------:|
| CompiledDelegate        |     37.60 ns |    12.086 ns |   0.662 ns |     1.24 |    0.02 | 0.0067 |      - |     112 B |        1.00 |
| DirectCall              |     30.35 ns |     4.122 ns |   0.226 ns |     1.00 |    0.01 | 0.0067 |      - |     112 B |        1.00 |
| ExpressionCompilation   | 93,271.08 ns | 6,294.743 ns | 345.036 ns | 3,073.56 |   22.05 | 0.2441 | 0.1221 |    5275 B |       47.10 |
| GenericTypeConstruction |    138.95 ns |    25.288 ns |   1.386 ns |     4.58 |    0.05 | 0.0105 |      - |     176 B |        1.57 |
| MethodInfoInvoke        |     77.66 ns |    24.049 ns |   1.318 ns |     2.56 |    0.04 | 0.0105 |      - |     176 B |        1.57 |
// * Config Issues *

// * Warnings *
Configuration
  Summary -> The exporter CsvExporter is already present in configuration. There may be unexpected results.
  Summary -> The exporter HtmlExporter is already present in configuration. There may be unexpected results.
  Summary -> The exporter MarkdownExporter-github is already present in configuration. There may be unexpected results.

// * Legends *
  Mean        : Arithmetic mean of all measurements
  Error       : Half of 99.9% confidence interval
  StdDev      : Standard deviation of all measurements
  Ratio       : Mean of the ratio distribution ([Current]/[Baseline])
  RatioSD     : Standard deviation of the ratio distribution ([Current]/[Baseline])
  Gen0        : GC Generation 0 collects per 1000 operations
  Gen1        : GC Generation 1 collects per 1000 operations
  Allocated   : Allocated memory per single operation (managed only, inclusive, 1KB = 1024B)
  Alloc Ratio : Allocated memory ratio distribution ([Current]/[Baseline])
  1 ns        : 1 Nanosecond (0.000000001 sec)

// * Diagnostic Output - MemoryDiagnoser *


// ***** BenchmarkRunner: End *****
Run time: 00:00:31 (31.89 sec), executed benchmarks: 5

Global total time: 00:03:47 (227.35 sec), executed benchmarks: 5
// * Artifacts cleanup *
Artifacts cleanup is finished
