// Validating benchmarks:
// ***** BenchmarkRunner: Start   *****
// ***** Found 10 benchmark(s) in total *****
// ***** Building 1 exe(s) in Parallel: Start   *****
// start dotnet  restore --nodeReuse:false /p:UseSharedCompilation=false /p:Deterministic=true /p:Optimize=true /p:ArtifactsPath="/home/runner/work/Encina/Encina/tests/Encina.BenchmarkTests/Encina.IdGeneration.Benchmarks/bin/Release/net10.0/Encina.IdGeneration.Benchmarks-Job-YFEFPZ-1/" /p:OutDir="/home/runner/work/Encina/Encina/tests/Encina.BenchmarkTests/Encina.IdGeneration.Benchmarks/bin/Release/net10.0/Encina.IdGeneration.Benchmarks-Job-YFEFPZ-1/bin/Release/net10.0/" /p:OutputPath="/home/runner/work/Encina/Encina/tests/Encina.BenchmarkTests/Encina.IdGeneration.Benchmarks/bin/Release/net10.0/Encina.IdGeneration.Benchmarks-Job-YFEFPZ-1/bin/Release/net10.0/" /p:PublishDir="/home/runner/work/Encina/Encina/tests/Encina.BenchmarkTests/Encina.IdGeneration.Benchmarks/bin/Release/net10.0/Encina.IdGeneration.Benchmarks-Job-YFEFPZ-1/publish/" in /home/runner/work/Encina/Encina/tests/Encina.BenchmarkTests/Encina.IdGeneration.Benchmarks/bin/Release/net10.0/Encina.IdGeneration.Benchmarks-Job-YFEFPZ-1
// command took 2.38 sec and exited with 0
// start dotnet  build -c Release --no-restore --nodeReuse:false /p:UseSharedCompilation=false /p:Deterministic=true /p:Optimize=true /p:ArtifactsPath="/home/runner/work/Encina/Encina/tests/Encina.BenchmarkTests/Encina.IdGeneration.Benchmarks/bin/Release/net10.0/Encina.IdGeneration.Benchmarks-Job-YFEFPZ-1/" /p:OutDir="/home/runner/work/Encina/Encina/tests/Encina.BenchmarkTests/Encina.IdGeneration.Benchmarks/bin/Release/net10.0/Encina.IdGeneration.Benchmarks-Job-YFEFPZ-1/bin/Release/net10.0/" /p:OutputPath="/home/runner/work/Encina/Encina/tests/Encina.BenchmarkTests/Encina.IdGeneration.Benchmarks/bin/Release/net10.0/Encina.IdGeneration.Benchmarks-Job-YFEFPZ-1/bin/Release/net10.0/" /p:PublishDir="/home/runner/work/Encina/Encina/tests/Encina.BenchmarkTests/Encina.IdGeneration.Benchmarks/bin/Release/net10.0/Encina.IdGeneration.Benchmarks-Job-YFEFPZ-1/publish/" --output "/home/runner/work/Encina/Encina/tests/Encina.BenchmarkTests/Encina.IdGeneration.Benchmarks/bin/Release/net10.0/Encina.IdGeneration.Benchmarks-Job-YFEFPZ-1/bin/Release/net10.0/" in /home/runner/work/Encina/Encina/tests/Encina.BenchmarkTests/Encina.IdGeneration.Benchmarks/bin/Release/net10.0/Encina.IdGeneration.Benchmarks-Job-YFEFPZ-1
// command took 40.43 sec and exited with 0
// ***** Done, took 00:00:42 (42.95 sec)   *****
// Found 10 benchmarks:
//   ShardPrefixedIdBenchmarks.Generate_TimestampRandomFormat: Job-YFEFPZ(IterationCount=10, WarmupCount=3)
//   ShardPrefixedIdBenchmarks.Generate_ToString: Job-YFEFPZ(IterationCount=10, WarmupCount=3)
//   ShardPrefixedIdBenchmarks.Generate_TimestampRandomFormat: ShortRun(IterationCount=3, LaunchCount=1, WarmupCount=3)
//   ShardPrefixedIdBenchmarks.Generate_ToString: ShortRun(IterationCount=3, LaunchCount=1, WarmupCount=3)
//   ShardPrefixedIdBenchmarks.Generate_UlidFormat: Job-YFEFPZ(IterationCount=10, WarmupCount=3)
//   ShardPrefixedIdBenchmarks.Generate_UlidFormat: ShortRun(IterationCount=3, LaunchCount=1, WarmupCount=3)
//   ShardPrefixedIdBenchmarks.Generate_UuidV7Format: Job-YFEFPZ(IterationCount=10, WarmupCount=3)
//   ShardPrefixedIdBenchmarks.Generate_UuidV7Format: ShortRun(IterationCount=3, LaunchCount=1, WarmupCount=3)
//   ShardPrefixedIdBenchmarks.ExtractShardId_Ulid: Job-YFEFPZ(IterationCount=10, WarmupCount=3)
//   ShardPrefixedIdBenchmarks.ExtractShardId_Ulid: ShortRun(IterationCount=3, LaunchCount=1, WarmupCount=3)

// **************************
// Benchmark: ShardPrefixedIdBenchmarks.Generate_TimestampRandomFormat: Job-YFEFPZ(IterationCount=10, WarmupCount=3)
// *** Execute ***
// Launch: 1 / 1
// Execute: dotnet Encina.IdGeneration.Benchmarks-Job-YFEFPZ-1.dll --anonymousPipes 136 137 --benchmarkName Encina.IdGeneration.Benchmarks.ShardPrefixedIdBenchmarks.Generate_TimestampRandomFormat --job "IterationCount=10, WarmupCount=3" --benchmarkId 0 in /home/runner/work/Encina/Encina/tests/Encina.BenchmarkTests/Encina.IdGeneration.Benchmarks/bin/Release/net10.0/Encina.IdGeneration.Benchmarks-Job-YFEFPZ-1/bin/Release/net10.0
// Failed to set up high priority (Permission denied). In order to run benchmarks with high priority, make sure you have the right permissions.
// BeforeAnythingElse

// Benchmark Process Environment Information:
// BenchmarkDotNet v0.15.8
// Runtime=.NET 10.0.12 (10.0.12, 10.0.1226.42308), X64 RyuJIT x86-64-v3
// GC=Concurrent Workstation
// HardwareIntrinsics=AVX2+BMI1+BMI2+F16C+FMA+LZCNT+MOVBE,AVX,SSE3+SSSE3+SSE4.1+SSE4.2+POPCNT,X86Base+SSE+SSE2,AES+PCLMUL VectorSize=256
// Job: Job-YFEFPZ(IterationCount=10, WarmupCount=3)

OverheadJitting  1: 1 op, 234291.00 ns, 234.2910 us/op
WorkloadJitting  1: 1 op, 22488912.00 ns, 22.4889 ms/op

OverheadJitting  2: 16 op, 256865.00 ns, 16.0541 us/op
WorkloadJitting  2: 16 op, 374022.00 ns, 23.3764 us/op

WorkloadPilot    1: 16 op, 77066.00 ns, 4.8166 us/op
WorkloadPilot    2: 32 op, 76525.00 ns, 2.3914 us/op
WorkloadPilot    3: 64 op, 113811.00 ns, 1.7783 us/op
WorkloadPilot    4: 128 op, 225759.00 ns, 1.7637 us/op
WorkloadPilot    5: 256 op, 414442.00 ns, 1.6189 us/op
WorkloadPilot    6: 512 op, 826421.00 ns, 1.6141 us/op
WorkloadPilot    7: 1024 op, 1679511.00 ns, 1.6401 us/op
WorkloadPilot    8: 2048 op, 3144980.00 ns, 1.5356 us/op
WorkloadPilot    9: 4096 op, 6335528.00 ns, 1.5468 us/op
WorkloadPilot   10: 8192 op, 12760421.00 ns, 1.5577 us/op
WorkloadPilot   11: 16384 op, 24635534.00 ns, 1.5036 us/op
WorkloadPilot   12: 32768 op, 50823427.00 ns, 1.5510 us/op
WorkloadPilot   13: 65536 op, 101431520.00 ns, 1.5477 us/op
WorkloadPilot   14: 131072 op, 201174535.00 ns, 1.5348 us/op
WorkloadPilot   15: 262144 op, 385660514.00 ns, 1.4712 us/op
WorkloadPilot   16: 524288 op, 763327913.00 ns, 1.4559 us/op

OverheadWarmup   1: 524288 op, 975354.00 ns, 1.8603 ns/op
OverheadWarmup   2: 524288 op, 975544.00 ns, 1.8607 ns/op
OverheadWarmup   3: 524288 op, 968073.00 ns, 1.8465 ns/op
OverheadWarmup   4: 524288 op, 981192.00 ns, 1.8715 ns/op
OverheadWarmup   5: 524288 op, 973731.00 ns, 1.8572 ns/op

OverheadActual   1: 524288 op, 968484.00 ns, 1.8472 ns/op
OverheadActual   2: 524288 op, 968523.00 ns, 1.8473 ns/op
OverheadActual   3: 524288 op, 970787.00 ns, 1.8516 ns/op
OverheadActual   4: 524288 op, 974312.00 ns, 1.8584 ns/op
OverheadActual   5: 524288 op, 971839.00 ns, 1.8536 ns/op
OverheadActual   6: 524288 op, 969966.00 ns, 1.8501 ns/op
OverheadActual   7: 524288 op, 968594.00 ns, 1.8474 ns/op
OverheadActual   8: 524288 op, 977808.00 ns, 1.8650 ns/op
OverheadActual   9: 524288 op, 970547.00 ns, 1.8512 ns/op
OverheadActual  10: 524288 op, 1047152.00 ns, 1.9973 ns/op
OverheadActual  11: 524288 op, 964117.00 ns, 1.8389 ns/op
OverheadActual  12: 524288 op, 963035.00 ns, 1.8368 ns/op
OverheadActual  13: 524288 op, 963126.00 ns, 1.8370 ns/op
OverheadActual  14: 524288 op, 962845.00 ns, 1.8365 ns/op
OverheadActual  15: 524288 op, 962935.00 ns, 1.8367 ns/op

WorkloadWarmup   1: 524288 op, 774543746.00 ns, 1.4773 us/op
WorkloadWarmup   2: 524288 op, 771310403.00 ns, 1.4712 us/op
WorkloadWarmup   3: 524288 op, 769968887.00 ns, 1.4686 us/op

// BeforeActualRun
WorkloadActual   1: 524288 op, 766980549.00 ns, 1.4629 us/op
WorkloadActual   2: 524288 op, 764563632.00 ns, 1.4583 us/op
WorkloadActual   3: 524288 op, 765614820.00 ns, 1.4603 us/op
WorkloadActual   4: 524288 op, 766172216.00 ns, 1.4614 us/op
WorkloadActual   5: 524288 op, 769423996.00 ns, 1.4676 us/op
WorkloadActual   6: 524288 op, 776274447.00 ns, 1.4806 us/op
WorkloadActual   7: 524288 op, 767993930.00 ns, 1.4648 us/op
WorkloadActual   8: 524288 op, 766192596.00 ns, 1.4614 us/op
WorkloadActual   9: 524288 op, 763092204.00 ns, 1.4555 us/op
WorkloadActual  10: 524288 op, 780239535.00 ns, 1.4882 us/op

// AfterActualRun
WorkloadResult   1: 524288 op, 766011955.00 ns, 1.4611 us/op
WorkloadResult   2: 524288 op, 763595038.00 ns, 1.4564 us/op
WorkloadResult   3: 524288 op, 764646226.00 ns, 1.4584 us/op
WorkloadResult   4: 524288 op, 765203622.00 ns, 1.4595 us/op
WorkloadResult   5: 524288 op, 768455402.00 ns, 1.4657 us/op
WorkloadResult   6: 524288 op, 767025336.00 ns, 1.4630 us/op
WorkloadResult   7: 524288 op, 765224002.00 ns, 1.4595 us/op
WorkloadResult   8: 524288 op, 762123610.00 ns, 1.4536 us/op
// GC:  4 0 0 79202016 524288
// Threading:  0 0 524288

// AfterAll
// Benchmark Process 3236 has exited with code 0.

Mean = 1.460 μs, StdErr = 0.001 μs (0.09%), N = 8, StdDev = 0.004 μs
Min = 1.454 μs, Q1 = 1.458 μs, Median = 1.460 μs, Q3 = 1.462 μs, Max = 1.466 μs
IQR = 0.004 μs, LowerFence = 1.453 μs, UpperFence = 1.467 μs
ConfidenceInterval = [1.453 μs; 1.467 μs] (CI 99.9%), Margin = 0.007 μs (0.49% of Mean)
Skewness = 0.01, Kurtosis = 1.85, MValue = 2

// ** Remained 9 (90.0 %) benchmark(s) to run. Estimated finish 2026-09-24 9:05 (0h 1m from now) **
// **************************
// Benchmark: ShardPrefixedIdBenchmarks.Generate_ToString: Job-YFEFPZ(IterationCount=10, WarmupCount=3)
// *** Execute ***
// Launch: 1 / 1
// Execute: dotnet Encina.IdGeneration.Benchmarks-Job-YFEFPZ-1.dll --anonymousPipes 136 137 --benchmarkName Encina.IdGeneration.Benchmarks.ShardPrefixedIdBenchmarks.Generate_ToString --job "IterationCount=10, WarmupCount=3" --benchmarkId 1 in /home/runner/work/Encina/Encina/tests/Encina.BenchmarkTests/Encina.IdGeneration.Benchmarks/bin/Release/net10.0/Encina.IdGeneration.Benchmarks-Job-YFEFPZ-1/bin/Release/net10.0
// Failed to set up high priority (Permission denied). In order to run benchmarks with high priority, make sure you have the right permissions.
// BeforeAnythingElse

// Benchmark Process Environment Information:
// BenchmarkDotNet v0.15.8
// Runtime=.NET 10.0.12 (10.0.12, 10.0.1226.42308), X64 RyuJIT x86-64-v3
// GC=Concurrent Workstation
// HardwareIntrinsics=AVX2+BMI1+BMI2+F16C+FMA+LZCNT+MOVBE,AVX,SSE3+SSSE3+SSE4.1+SSE4.2+POPCNT,X86Base+SSE+SSE2,AES+PCLMUL VectorSize=256
// Job: Job-YFEFPZ(IterationCount=10, WarmupCount=3)

OverheadJitting  1: 1 op, 234111.00 ns, 234.1110 us/op
WorkloadJitting  1: 1 op, 23018405.00 ns, 23.0184 ms/op

OverheadJitting  2: 16 op, 485379.00 ns, 30.3362 us/op
WorkloadJitting  2: 16 op, 514131.00 ns, 32.1332 us/op

WorkloadPilot    1: 16 op, 52739.00 ns, 3.2962 us/op
WorkloadPilot    2: 32 op, 76195.00 ns, 2.3811 us/op
WorkloadPilot    3: 64 op, 128693.00 ns, 2.0108 us/op
WorkloadPilot    4: 128 op, 225959.00 ns, 1.7653 us/op
WorkloadPilot    5: 256 op, 422354.00 ns, 1.6498 us/op
WorkloadPilot    6: 512 op, 850627.00 ns, 1.6614 us/op
WorkloadPilot    7: 1024 op, 1668314.00 ns, 1.6292 us/op
WorkloadPilot    8: 2048 op, 3133282.00 ns, 1.5299 us/op
WorkloadPilot    9: 4096 op, 6404782.00 ns, 1.5637 us/op
WorkloadPilot   10: 8192 op, 12746529.00 ns, 1.5560 us/op
WorkloadPilot   11: 16384 op, 24696984.00 ns, 1.5074 us/op
WorkloadPilot   12: 32768 op, 51315410.00 ns, 1.5660 us/op
WorkloadPilot   13: 65536 op, 101113234.00 ns, 1.5429 us/op
WorkloadPilot   14: 131072 op, 193485900.00 ns, 1.4762 us/op
WorkloadPilot   15: 262144 op, 379442381.00 ns, 1.4475 us/op
WorkloadPilot   16: 524288 op, 762316323.00 ns, 1.4540 us/op

OverheadWarmup   1: 524288 op, 1759851.00 ns, 3.3566 ns/op
OverheadWarmup   2: 524288 op, 1952330.00 ns, 3.7238 ns/op
OverheadWarmup   3: 524288 op, 2136346.00 ns, 4.0748 ns/op
OverheadWarmup   4: 524288 op, 1945090.00 ns, 3.7100 ns/op
OverheadWarmup   5: 524288 op, 1950878.00 ns, 3.7210 ns/op
OverheadWarmup   6: 524288 op, 1947252.00 ns, 3.7141 ns/op

OverheadActual   1: 524288 op, 1767452.00 ns, 3.3711 ns/op
OverheadActual   2: 524288 op, 2161494.00 ns, 4.1227 ns/op
OverheadActual   3: 524288 op, 2140202.00 ns, 4.0821 ns/op
OverheadActual   4: 524288 op, 2128565.00 ns, 4.0599 ns/op
OverheadActual   5: 524288 op, 2127713.00 ns, 4.0583 ns/op
OverheadActual   6: 524288 op, 2131479.00 ns, 4.0655 ns/op
OverheadActual   7: 524288 op, 2135084.00 ns, 4.0723 ns/op
OverheadActual   8: 524288 op, 2134183.00 ns, 4.0706 ns/op
OverheadActual   9: 524288 op, 2132009.00 ns, 4.0665 ns/op
OverheadActual  10: 524288 op, 2132981.00 ns, 4.0683 ns/op
OverheadActual  11: 524288 op, 2133812.00 ns, 4.0699 ns/op
OverheadActual  12: 524288 op, 2132640.00 ns, 4.0677 ns/op
OverheadActual  13: 524288 op, 2130517.00 ns, 4.0636 ns/op
OverheadActual  14: 524288 op, 2131929.00 ns, 4.0663 ns/op
OverheadActual  15: 524288 op, 2147473.00 ns, 4.0960 ns/op
OverheadActual  16: 524288 op, 2127623.00 ns, 4.0581 ns/op
OverheadActual  17: 524288 op, 2132220.00 ns, 4.0669 ns/op

WorkloadWarmup   1: 524288 op, 758852434.00 ns, 1.4474 us/op
WorkloadWarmup   2: 524288 op, 764847271.00 ns, 1.4588 us/op
WorkloadWarmup   3: 524288 op, 813140156.00 ns, 1.5509 us/op

// BeforeActualRun
WorkloadActual   1: 524288 op, 752884308.00 ns, 1.4360 us/op
WorkloadActual   2: 524288 op, 747577434.00 ns, 1.4259 us/op
WorkloadActual   3: 524288 op, 763205687.00 ns, 1.4557 us/op
WorkloadActual   4: 524288 op, 751200670.00 ns, 1.4328 us/op
WorkloadActual   5: 524288 op, 750697763.00 ns, 1.4318 us/op
WorkloadActual   6: 524288 op, 752100960.00 ns, 1.4345 us/op
WorkloadActual   7: 524288 op, 756100263.00 ns, 1.4421 us/op
WorkloadActual   8: 524288 op, 748989068.00 ns, 1.4286 us/op
WorkloadActual   9: 524288 op, 755299581.00 ns, 1.4406 us/op
WorkloadActual  10: 524288 op, 752404675.00 ns, 1.4351 us/op

// AfterActualRun
WorkloadResult   1: 524288 op, 750752088.00 ns, 1.4319 us/op
WorkloadResult   2: 524288 op, 745445214.00 ns, 1.4218 us/op
WorkloadResult   3: 524288 op, 749068450.00 ns, 1.4287 us/op
WorkloadResult   4: 524288 op, 748565543.00 ns, 1.4278 us/op
WorkloadResult   5: 524288 op, 749968740.00 ns, 1.4305 us/op
WorkloadResult   6: 524288 op, 753968043.00 ns, 1.4381 us/op
WorkloadResult   7: 524288 op, 746856848.00 ns, 1.4245 us/op
WorkloadResult   8: 524288 op, 753167361.00 ns, 1.4366 us/op
WorkloadResult   9: 524288 op, 750272455.00 ns, 1.4310 us/op
// GC:  6 0 0 113246208 524288
// Threading:  0 0 524288

// AfterAll
// Benchmark Process 3247 has exited with code 0.

Mean = 1.430 μs, StdErr = 0.002 μs (0.12%), N = 9, StdDev = 0.005 μs
Min = 1.422 μs, Q1 = 1.428 μs, Median = 1.430 μs, Q3 = 1.432 μs, Max = 1.438 μs
IQR = 0.004 μs, LowerFence = 1.422 μs, UpperFence = 1.438 μs
ConfidenceInterval = [1.421 μs; 1.439 μs] (CI 99.9%), Margin = 0.009 μs (0.61% of Mean)
Skewness = 0.02, Kurtosis = 1.74, MValue = 2

// ** Remained 8 (80.0 %) benchmark(s) to run. Estimated finish 2026-09-24 9:05 (0h 1m from now) **
// **************************
// Benchmark: ShardPrefixedIdBenchmarks.Generate_TimestampRandomFormat: ShortRun(IterationCount=3, LaunchCount=1, WarmupCount=3)
// *** Execute ***
// Launch: 1 / 1
// Execute: dotnet Encina.IdGeneration.Benchmarks-Job-YFEFPZ-1.dll --anonymousPipes 136 137 --benchmarkName Encina.IdGeneration.Benchmarks.ShardPrefixedIdBenchmarks.Generate_TimestampRandomFormat --job ShortRun --benchmarkId 2 in /home/runner/work/Encina/Encina/tests/Encina.BenchmarkTests/Encina.IdGeneration.Benchmarks/bin/Release/net10.0/Encina.IdGeneration.Benchmarks-Job-YFEFPZ-1/bin/Release/net10.0
// Failed to set up high priority (Permission denied). In order to run benchmarks with high priority, make sure you have the right permissions.
// BeforeAnythingElse

// Benchmark Process Environment Information:
// BenchmarkDotNet v0.15.8
// Runtime=.NET 10.0.12 (10.0.12, 10.0.1226.42308), X64 RyuJIT x86-64-v3
// GC=Concurrent Workstation
// HardwareIntrinsics=AVX2+BMI1+BMI2+F16C+FMA+LZCNT+MOVBE,AVX,SSE3+SSSE3+SSE4.1+SSE4.2+POPCNT,X86Base+SSE+SSE2,AES+PCLMUL VectorSize=256
// Job: ShortRun(IterationCount=3, LaunchCount=1, WarmupCount=3)

OverheadJitting  1: 1 op, 231378.00 ns, 231.3780 us/op
WorkloadJitting  1: 1 op, 21837209.00 ns, 21.8372 ms/op

OverheadJitting  2: 16 op, 227812.00 ns, 14.2383 us/op
WorkloadJitting  2: 16 op, 332840.00 ns, 20.8025 us/op

WorkloadPilot    1: 16 op, 55593.00 ns, 3.4746 us/op
WorkloadPilot    2: 32 op, 76465.00 ns, 2.3895 us/op
WorkloadPilot    3: 64 op, 112228.00 ns, 1.7536 us/op
WorkloadPilot    4: 128 op, 241012.00 ns, 1.8829 us/op
WorkloadPilot    5: 256 op, 445799.00 ns, 1.7414 us/op
WorkloadPilot    6: 512 op, 847251.00 ns, 1.6548 us/op
WorkloadPilot    7: 1024 op, 1633502.00 ns, 1.5952 us/op
WorkloadPilot    8: 2048 op, 3275106.00 ns, 1.5992 us/op
WorkloadPilot    9: 4096 op, 6356341.00 ns, 1.5518 us/op
WorkloadPilot   10: 8192 op, 12734686.00 ns, 1.5545 us/op
WorkloadPilot   11: 16384 op, 25412476.00 ns, 1.5511 us/op
WorkloadPilot   12: 32768 op, 50761205.00 ns, 1.5491 us/op
WorkloadPilot   13: 65536 op, 101398713.00 ns, 1.5472 us/op
WorkloadPilot   14: 131072 op, 202475402.00 ns, 1.5448 us/op
WorkloadPilot   15: 262144 op, 384488080.00 ns, 1.4667 us/op
WorkloadPilot   16: 524288 op, 770805605.00 ns, 1.4702 us/op

OverheadWarmup   1: 524288 op, 963796.00 ns, 1.8383 ns/op
OverheadWarmup   2: 524288 op, 974843.00 ns, 1.8594 ns/op
OverheadWarmup   3: 524288 op, 973351.00 ns, 1.8565 ns/op
OverheadWarmup   4: 524288 op, 971608.00 ns, 1.8532 ns/op
OverheadWarmup   5: 524288 op, 970527.00 ns, 1.8511 ns/op
OverheadWarmup   6: 524288 op, 954603.00 ns, 1.8208 ns/op
OverheadWarmup   7: 524288 op, 967453.00 ns, 1.8453 ns/op
OverheadWarmup   8: 524288 op, 966881.00 ns, 1.8442 ns/op

OverheadActual   1: 524288 op, 977397.00 ns, 1.8642 ns/op
OverheadActual   2: 524288 op, 969095.00 ns, 1.8484 ns/op
OverheadActual   3: 524288 op, 974853.00 ns, 1.8594 ns/op
OverheadActual   4: 524288 op, 974072.00 ns, 1.8579 ns/op
OverheadActual   5: 524288 op, 972921.00 ns, 1.8557 ns/op
OverheadActual   6: 524288 op, 973061.00 ns, 1.8560 ns/op
OverheadActual   7: 524288 op, 967141.00 ns, 1.8447 ns/op
OverheadActual   8: 524288 op, 966401.00 ns, 1.8433 ns/op
OverheadActual   9: 524288 op, 967502.00 ns, 1.8454 ns/op
OverheadActual  10: 524288 op, 1017898.00 ns, 1.9415 ns/op
OverheadActual  11: 524288 op, 973662.00 ns, 1.8571 ns/op
OverheadActual  12: 524288 op, 966531.00 ns, 1.8435 ns/op
OverheadActual  13: 524288 op, 967633.00 ns, 1.8456 ns/op
OverheadActual  14: 524288 op, 973912.00 ns, 1.8576 ns/op
OverheadActual  15: 524288 op, 972981.00 ns, 1.8558 ns/op

WorkloadWarmup   1: 524288 op, 775637298.00 ns, 1.4794 us/op
WorkloadWarmup   2: 524288 op, 835853323.00 ns, 1.5943 us/op
WorkloadWarmup   3: 524288 op, 766582540.00 ns, 1.4621 us/op

// BeforeActualRun
WorkloadActual   1: 524288 op, 769651585.00 ns, 1.4680 us/op
WorkloadActual   2: 524288 op, 766469800.00 ns, 1.4619 us/op
WorkloadActual   3: 524288 op, 767113706.00 ns, 1.4632 us/op

// AfterActualRun
WorkloadResult   1: 524288 op, 768678604.00 ns, 1.4661 us/op
WorkloadResult   2: 524288 op, 765496819.00 ns, 1.4601 us/op
WorkloadResult   3: 524288 op, 766140725.00 ns, 1.4613 us/op
// GC:  4 0 0 79205816 524288
// Threading:  0 0 524288

// AfterAll
// Benchmark Process 3256 has exited with code 0.

Mean = 1.463 μs, StdErr = 0.002 μs (0.13%), N = 3, StdDev = 0.003 μs
Min = 1.460 μs, Q1 = 1.461 μs, Median = 1.461 μs, Q3 = 1.464 μs, Max = 1.466 μs
IQR = 0.003 μs, LowerFence = 1.456 μs, UpperFence = 1.468 μs
ConfidenceInterval = [1.404 μs; 1.521 μs] (CI 99.9%), Margin = 0.059 μs (4.00% of Mean)
Skewness = 0.32, Kurtosis = 0.67, MValue = 2

// ** Remained 7 (70.0 %) benchmark(s) to run. Estimated finish 2026-09-24 9:04 (0h 1m from now) **
// **************************
// Benchmark: ShardPrefixedIdBenchmarks.Generate_ToString: ShortRun(IterationCount=3, LaunchCount=1, WarmupCount=3)
// *** Execute ***
// Launch: 1 / 1
// Execute: dotnet Encina.IdGeneration.Benchmarks-Job-YFEFPZ-1.dll --anonymousPipes 136 137 --benchmarkName Encina.IdGeneration.Benchmarks.ShardPrefixedIdBenchmarks.Generate_ToString --job ShortRun --benchmarkId 3 in /home/runner/work/Encina/Encina/tests/Encina.BenchmarkTests/Encina.IdGeneration.Benchmarks/bin/Release/net10.0/Encina.IdGeneration.Benchmarks-Job-YFEFPZ-1/bin/Release/net10.0
// Failed to set up high priority (Permission denied). In order to run benchmarks with high priority, make sure you have the right permissions.
// BeforeAnythingElse

// Benchmark Process Environment Information:
// BenchmarkDotNet v0.15.8
// Runtime=.NET 10.0.12 (10.0.12, 10.0.1226.42308), X64 RyuJIT x86-64-v3
// GC=Concurrent Workstation
// HardwareIntrinsics=AVX2+BMI1+BMI2+F16C+FMA+LZCNT+MOVBE,AVX,SSE3+SSSE3+SSE4.1+SSE4.2+POPCNT,X86Base+SSE+SSE2,AES+PCLMUL VectorSize=256
// Job: ShortRun(IterationCount=3, LaunchCount=1, WarmupCount=3)

OverheadJitting  1: 1 op, 249214.00 ns, 249.2140 us/op
WorkloadJitting  1: 1 op, 23019088.00 ns, 23.0191 ms/op

OverheadJitting  2: 16 op, 468313.00 ns, 29.2696 us/op
WorkloadJitting  2: 16 op, 568282.00 ns, 35.5176 us/op

WorkloadPilot    1: 16 op, 70035.00 ns, 4.3772 us/op
WorkloadPilot    2: 32 op, 75804.00 ns, 2.3689 us/op
WorkloadPilot    3: 64 op, 115033.00 ns, 1.7974 us/op
WorkloadPilot    4: 128 op, 225849.00 ns, 1.7644 us/op
WorkloadPilot    5: 256 op, 451748.00 ns, 1.7646 us/op
WorkloadPilot    6: 512 op, 829024.00 ns, 1.6192 us/op
WorkloadPilot    7: 1024 op, 1657588.00 ns, 1.6187 us/op
WorkloadPilot    8: 2048 op, 3124560.00 ns, 1.5257 us/op
WorkloadPilot    9: 4096 op, 6422039.00 ns, 1.5679 us/op
WorkloadPilot   10: 8192 op, 12753270.00 ns, 1.5568 us/op
WorkloadPilot   11: 16384 op, 25574453.00 ns, 1.5609 us/op
WorkloadPilot   12: 32768 op, 50764690.00 ns, 1.5492 us/op
WorkloadPilot   13: 65536 op, 101292824.00 ns, 1.5456 us/op
WorkloadPilot   14: 131072 op, 194463720.00 ns, 1.4836 us/op
WorkloadPilot   15: 262144 op, 376177843.00 ns, 1.4350 us/op
WorkloadPilot   16: 524288 op, 752958292.00 ns, 1.4362 us/op

OverheadWarmup   1: 524288 op, 2140032.00 ns, 4.0818 ns/op
OverheadWarmup   2: 524288 op, 2144498.00 ns, 4.0903 ns/op
OverheadWarmup   3: 524288 op, 2130278.00 ns, 4.0632 ns/op
OverheadWarmup   4: 524288 op, 2141875.00 ns, 4.0853 ns/op
OverheadWarmup   5: 524288 op, 2122816.00 ns, 4.0490 ns/op

OverheadActual   1: 524288 op, 1776757.00 ns, 3.3889 ns/op
OverheadActual   2: 524288 op, 1783326.00 ns, 3.4014 ns/op
OverheadActual   3: 524288 op, 1758259.00 ns, 3.3536 ns/op
OverheadActual   4: 524288 op, 1760412.00 ns, 3.3577 ns/op
OverheadActual   5: 524288 op, 1760903.00 ns, 3.3587 ns/op
OverheadActual   6: 524288 op, 2127112.00 ns, 4.0571 ns/op
OverheadActual   7: 524288 op, 2144268.00 ns, 4.0899 ns/op
OverheadActual   8: 524288 op, 2122896.00 ns, 4.0491 ns/op
OverheadActual   9: 524288 op, 1759621.00 ns, 3.3562 ns/op
OverheadActual  10: 524288 op, 1765229.00 ns, 3.3669 ns/op
OverheadActual  11: 524288 op, 2132841.00 ns, 4.0681 ns/op
OverheadActual  12: 524288 op, 2130167.00 ns, 4.0630 ns/op
OverheadActual  13: 524288 op, 2138550.00 ns, 4.0790 ns/op
OverheadActual  14: 524288 op, 2130648.00 ns, 4.0639 ns/op
OverheadActual  15: 524288 op, 2129336.00 ns, 4.0614 ns/op
OverheadActual  16: 524288 op, 2140382.00 ns, 4.0825 ns/op
OverheadActual  17: 524288 op, 2145891.00 ns, 4.0930 ns/op
OverheadActual  18: 524288 op, 1765921.00 ns, 3.3682 ns/op
OverheadActual  19: 524288 op, 2137187.00 ns, 4.0764 ns/op
OverheadActual  20: 524288 op, 2190147.00 ns, 4.1774 ns/op

WorkloadWarmup   1: 524288 op, 764521656.00 ns, 1.4582 us/op
WorkloadWarmup   2: 524288 op, 762937110.00 ns, 1.4552 us/op
WorkloadWarmup   3: 524288 op, 755124128.00 ns, 1.4403 us/op

// BeforeActualRun
WorkloadActual   1: 524288 op, 754598179.00 ns, 1.4393 us/op
WorkloadActual   2: 524288 op, 751263852.00 ns, 1.4329 us/op
WorkloadActual   3: 524288 op, 751448309.00 ns, 1.4333 us/op

// AfterActualRun
WorkloadResult   1: 524288 op, 752469955.00 ns, 1.4352 us/op
WorkloadResult   2: 524288 op, 749135628.00 ns, 1.4289 us/op
WorkloadResult   3: 524288 op, 749320085.00 ns, 1.4292 us/op
// GC:  6 0 0 113246208 524288
// Threading:  0 0 524288

// AfterAll
// Benchmark Process 3264 has exited with code 0.

Mean = 1.431 μs, StdErr = 0.002 μs (0.14%), N = 3, StdDev = 0.004 μs
Min = 1.429 μs, Q1 = 1.429 μs, Median = 1.429 μs, Q3 = 1.432 μs, Max = 1.435 μs
IQR = 0.003 μs, LowerFence = 1.424 μs, UpperFence = 1.437 μs
ConfidenceInterval = [1.366 μs; 1.496 μs] (CI 99.9%), Margin = 0.065 μs (4.56% of Mean)
Skewness = 0.38, Kurtosis = 0.67, MValue = 2

// ** Remained 6 (60.0 %) benchmark(s) to run. Estimated finish 2026-09-24 9:04 (0h 0m from now) **
// **************************
// Benchmark: ShardPrefixedIdBenchmarks.Generate_UlidFormat: Job-YFEFPZ(IterationCount=10, WarmupCount=3)
// *** Execute ***
// Launch: 1 / 1
// Execute: dotnet Encina.IdGeneration.Benchmarks-Job-YFEFPZ-1.dll --anonymousPipes 136 137 --benchmarkName Encina.IdGeneration.Benchmarks.ShardPrefixedIdBenchmarks.Generate_UlidFormat --job "IterationCount=10, WarmupCount=3" --benchmarkId 4 in /home/runner/work/Encina/Encina/tests/Encina.BenchmarkTests/Encina.IdGeneration.Benchmarks/bin/Release/net10.0/Encina.IdGeneration.Benchmarks-Job-YFEFPZ-1/bin/Release/net10.0
// Failed to set up high priority (Permission denied). In order to run benchmarks with high priority, make sure you have the right permissions.
// BeforeAnythingElse

// Benchmark Process Environment Information:
// BenchmarkDotNet v0.15.8
// Runtime=.NET 10.0.12 (10.0.12, 10.0.1226.42308), X64 RyuJIT x86-64-v3
// GC=Concurrent Workstation
// HardwareIntrinsics=AVX2+BMI1+BMI2+F16C+FMA+LZCNT+MOVBE,AVX,SSE3+SSSE3+SSE4.1+SSE4.2+POPCNT,X86Base+SSE+SSE2,AES+PCLMUL VectorSize=256
// Job: Job-YFEFPZ(IterationCount=10, WarmupCount=3)

OverheadJitting  1: 1 op, 258978.00 ns, 258.9780 us/op
WorkloadJitting  1: 1 op, 22326311.00 ns, 22.3263 ms/op

OverheadJitting  2: 16 op, 226260.00 ns, 14.1413 us/op
WorkloadJitting  2: 16 op, 338798.00 ns, 21.1749 us/op

WorkloadPilot    1: 16 op, 53611.00 ns, 3.3507 us/op
WorkloadPilot    2: 32 op, 69234.00 ns, 2.1636 us/op
WorkloadPilot    3: 64 op, 109925.00 ns, 1.7176 us/op
WorkloadPilot    4: 128 op, 209835.00 ns, 1.6393 us/op
WorkloadPilot    5: 256 op, 393961.00 ns, 1.5389 us/op
WorkloadPilot    6: 512 op, 748183.00 ns, 1.4613 us/op
WorkloadPilot    7: 1024 op, 1468085.00 ns, 1.4337 us/op
WorkloadPilot    8: 2048 op, 2885663.00 ns, 1.4090 us/op
WorkloadPilot    9: 4096 op, 5685726.00 ns, 1.3881 us/op
WorkloadPilot   10: 8192 op, 11284212.00 ns, 1.3775 us/op
WorkloadPilot   11: 16384 op, 22306832.00 ns, 1.3615 us/op
WorkloadPilot   12: 32768 op, 45527585.00 ns, 1.3894 us/op
WorkloadPilot   13: 65536 op, 90191653.00 ns, 1.3762 us/op
WorkloadPilot   14: 131072 op, 179860281.00 ns, 1.3722 us/op
WorkloadPilot   15: 262144 op, 347237631.00 ns, 1.3246 us/op
WorkloadPilot   16: 524288 op, 687062091.00 ns, 1.3105 us/op

OverheadWarmup   1: 524288 op, 982235.00 ns, 1.8735 ns/op
OverheadWarmup   2: 524288 op, 988234.00 ns, 1.8849 ns/op
OverheadWarmup   3: 524288 op, 975164.00 ns, 1.8600 ns/op
OverheadWarmup   4: 524288 op, 976477.00 ns, 1.8625 ns/op
OverheadWarmup   5: 524288 op, 972059.00 ns, 1.8541 ns/op

OverheadActual   1: 524288 op, 977618.00 ns, 1.8647 ns/op
OverheadActual   2: 524288 op, 976887.00 ns, 1.8633 ns/op
OverheadActual   3: 524288 op, 973672.00 ns, 1.8571 ns/op
OverheadActual   4: 524288 op, 975345.00 ns, 1.8603 ns/op
OverheadActual   5: 524288 op, 975164.00 ns, 1.8600 ns/op
OverheadActual   6: 524288 op, 984228.00 ns, 1.8773 ns/op
OverheadActual   7: 524288 op, 974333.00 ns, 1.8584 ns/op
OverheadActual   8: 524288 op, 973121.00 ns, 1.8561 ns/op
OverheadActual   9: 524288 op, 975605.00 ns, 1.8608 ns/op
OverheadActual  10: 524288 op, 973943.00 ns, 1.8576 ns/op
OverheadActual  11: 524288 op, 975174.00 ns, 1.8600 ns/op
OverheadActual  12: 524288 op, 974433.00 ns, 1.8586 ns/op
OverheadActual  13: 524288 op, 975835.00 ns, 1.8613 ns/op
OverheadActual  14: 524288 op, 975635.00 ns, 1.8609 ns/op
OverheadActual  15: 524288 op, 975785.00 ns, 1.8612 ns/op

WorkloadWarmup   1: 524288 op, 691892863.00 ns, 1.3197 us/op
WorkloadWarmup   2: 524288 op, 688640450.00 ns, 1.3135 us/op
WorkloadWarmup   3: 524288 op, 686906018.00 ns, 1.3102 us/op

// BeforeActualRun
WorkloadActual   1: 524288 op, 697806588.00 ns, 1.3310 us/op
WorkloadActual   2: 524288 op, 699861493.00 ns, 1.3349 us/op
WorkloadActual   3: 524288 op, 687168530.00 ns, 1.3107 us/op
WorkloadActual   4: 524288 op, 700356466.00 ns, 1.3358 us/op
WorkloadActual   5: 524288 op, 699892369.00 ns, 1.3349 us/op
WorkloadActual   6: 524288 op, 687628551.00 ns, 1.3115 us/op
WorkloadActual   7: 524288 op, 693602087.00 ns, 1.3229 us/op
WorkloadActual   8: 524288 op, 687018264.00 ns, 1.3104 us/op
WorkloadActual   9: 524288 op, 689018066.00 ns, 1.3142 us/op
WorkloadActual  10: 524288 op, 700793501.00 ns, 1.3367 us/op

// AfterActualRun
WorkloadResult   1: 524288 op, 696831243.00 ns, 1.3291 us/op
WorkloadResult   2: 524288 op, 698886148.00 ns, 1.3330 us/op
WorkloadResult   3: 524288 op, 686193185.00 ns, 1.3088 us/op
WorkloadResult   4: 524288 op, 699381121.00 ns, 1.3340 us/op
WorkloadResult   5: 524288 op, 698917024.00 ns, 1.3331 us/op
WorkloadResult   6: 524288 op, 686653206.00 ns, 1.3097 us/op
WorkloadResult   7: 524288 op, 692626742.00 ns, 1.3211 us/op
WorkloadResult   8: 524288 op, 686042919.00 ns, 1.3085 us/op
WorkloadResult   9: 524288 op, 688042721.00 ns, 1.3123 us/op
WorkloadResult  10: 524288 op, 699818156.00 ns, 1.3348 us/op
// GC:  3 0 0 62914560 524288
// Threading:  0 0 524288

// AfterAll
// Benchmark Process 3270 has exited with code 0.

Mean = 1.322 μs, StdErr = 0.004 μs (0.28%), N = 10, StdDev = 0.012 μs
Min = 1.309 μs, Q1 = 1.310 μs, Median = 1.325 μs, Q3 = 1.333 μs, Max = 1.335 μs
IQR = 0.023 μs, LowerFence = 1.276 μs, UpperFence = 1.367 μs
ConfidenceInterval = [1.305 μs; 1.340 μs] (CI 99.9%), Margin = 0.017 μs (1.32% of Mean)
Skewness = -0.14, Kurtosis = 0.99, MValue = 2

// ** Remained 5 (50.0 %) benchmark(s) to run. Estimated finish 2026-09-24 9:04 (0h 0m from now) **
// **************************
// Benchmark: ShardPrefixedIdBenchmarks.Generate_UlidFormat: ShortRun(IterationCount=3, LaunchCount=1, WarmupCount=3)
// *** Execute ***
// Launch: 1 / 1
// Execute: dotnet Encina.IdGeneration.Benchmarks-Job-YFEFPZ-1.dll --anonymousPipes 136 137 --benchmarkName Encina.IdGeneration.Benchmarks.ShardPrefixedIdBenchmarks.Generate_UlidFormat --job ShortRun --benchmarkId 5 in /home/runner/work/Encina/Encina/tests/Encina.BenchmarkTests/Encina.IdGeneration.Benchmarks/bin/Release/net10.0/Encina.IdGeneration.Benchmarks-Job-YFEFPZ-1/bin/Release/net10.0
// Failed to set up high priority (Permission denied). In order to run benchmarks with high priority, make sure you have the right permissions.
// BeforeAnythingElse

// Benchmark Process Environment Information:
// BenchmarkDotNet v0.15.8
// Runtime=.NET 10.0.12 (10.0.12, 10.0.1226.42308), X64 RyuJIT x86-64-v3
// GC=Concurrent Workstation
// HardwareIntrinsics=AVX2+BMI1+BMI2+F16C+FMA+LZCNT+MOVBE,AVX,SSE3+SSSE3+SSE4.1+SSE4.2+POPCNT,X86Base+SSE+SSE2,AES+PCLMUL VectorSize=256
// Job: ShortRun(IterationCount=3, LaunchCount=1, WarmupCount=3)

OverheadJitting  1: 1 op, 226470.00 ns, 226.4700 us/op
WorkloadJitting  1: 1 op, 22255369.00 ns, 22.2554 ms/op

OverheadJitting  2: 16 op, 222544.00 ns, 13.9090 us/op
WorkloadJitting  2: 16 op, 339830.00 ns, 21.2394 us/op

WorkloadPilot    1: 16 op, 49705.00 ns, 3.1066 us/op
WorkloadPilot    2: 32 op, 90606.00 ns, 2.8314 us/op
WorkloadPilot    3: 64 op, 114953.00 ns, 1.7961 us/op
WorkloadPilot    4: 128 op, 210115.00 ns, 1.6415 us/op
WorkloadPilot    5: 256 op, 399689.00 ns, 1.5613 us/op
WorkloadPilot    6: 512 op, 740852.00 ns, 1.4470 us/op
WorkloadPilot    7: 1024 op, 1460662.00 ns, 1.4264 us/op
WorkloadPilot    8: 2048 op, 2907213.00 ns, 1.4195 us/op
WorkloadPilot    9: 4096 op, 5653083.00 ns, 1.3801 us/op
WorkloadPilot   10: 8192 op, 11303433.00 ns, 1.3798 us/op
WorkloadPilot   11: 16384 op, 22705483.00 ns, 1.3858 us/op
WorkloadPilot   12: 32768 op, 45058517.00 ns, 1.3751 us/op
WorkloadPilot   13: 65536 op, 89778306.00 ns, 1.3699 us/op
WorkloadPilot   14: 131072 op, 179811025.00 ns, 1.3718 us/op
WorkloadPilot   15: 262144 op, 346402772.00 ns, 1.3214 us/op
WorkloadPilot   16: 524288 op, 684715523.00 ns, 1.3060 us/op

OverheadWarmup   1: 524288 op, 972470.00 ns, 1.8548 ns/op
OverheadWarmup   2: 524288 op, 973220.00 ns, 1.8563 ns/op
OverheadWarmup   3: 524288 op, 973070.00 ns, 1.8560 ns/op
OverheadWarmup   4: 524288 op, 972659.00 ns, 1.8552 ns/op
OverheadWarmup   5: 524288 op, 981463.00 ns, 1.8720 ns/op
OverheadWarmup   6: 524288 op, 975273.00 ns, 1.8602 ns/op

OverheadActual   1: 524288 op, 975985.00 ns, 1.8615 ns/op
OverheadActual   2: 524288 op, 974562.00 ns, 1.8588 ns/op
OverheadActual   3: 524288 op, 970236.00 ns, 1.8506 ns/op
OverheadActual   4: 524288 op, 979390.00 ns, 1.8680 ns/op
OverheadActual   5: 524288 op, 977437.00 ns, 1.8643 ns/op
OverheadActual   6: 524288 op, 973982.00 ns, 1.8577 ns/op
OverheadActual   7: 524288 op, 980772.00 ns, 1.8707 ns/op
OverheadActual   8: 524288 op, 982305.00 ns, 1.8736 ns/op
OverheadActual   9: 524288 op, 979921.00 ns, 1.8691 ns/op
OverheadActual  10: 524288 op, 973421.00 ns, 1.8567 ns/op
OverheadActual  11: 524288 op, 975694.00 ns, 1.8610 ns/op
OverheadActual  12: 524288 op, 983346.00 ns, 1.8756 ns/op
OverheadActual  13: 524288 op, 980381.00 ns, 1.8699 ns/op
OverheadActual  14: 524288 op, 979259.00 ns, 1.8678 ns/op
OverheadActual  15: 524288 op, 979540.00 ns, 1.8683 ns/op

WorkloadWarmup   1: 524288 op, 691387104.00 ns, 1.3187 us/op
WorkloadWarmup   2: 524288 op, 689687404.00 ns, 1.3155 us/op
WorkloadWarmup   3: 524288 op, 686725930.00 ns, 1.3098 us/op

// BeforeActualRun
WorkloadActual   1: 524288 op, 704310238.00 ns, 1.3434 us/op
WorkloadActual   2: 524288 op, 739612395.00 ns, 1.4107 us/op
WorkloadActual   3: 524288 op, 702099130.00 ns, 1.3391 us/op

// AfterActualRun
WorkloadResult   1: 524288 op, 703330979.00 ns, 1.3415 us/op
WorkloadResult   2: 524288 op, 738633136.00 ns, 1.4088 us/op
WorkloadResult   3: 524288 op, 701119871.00 ns, 1.3373 us/op
// GC:  3 0 0 62914560 524288
// Threading:  0 0 524288

// AfterAll
// Benchmark Process 3280 has exited with code 0.

Mean = 1.363 μs, StdErr = 0.023 μs (1.70%), N = 3, StdDev = 0.040 μs
Min = 1.337 μs, Q1 = 1.339 μs, Median = 1.341 μs, Q3 = 1.375 μs, Max = 1.409 μs
IQR = 0.036 μs, LowerFence = 1.286 μs, UpperFence = 1.429 μs
ConfidenceInterval = [0.630 μs; 2.095 μs] (CI 99.9%), Margin = 0.732 μs (53.76% of Mean)
Skewness = 0.38, Kurtosis = 0.67, MValue = 2

// ** Remained 4 (40.0 %) benchmark(s) to run. Estimated finish 2026-09-24 9:04 (0h 0m from now) **
// **************************
// Benchmark: ShardPrefixedIdBenchmarks.Generate_UuidV7Format: Job-YFEFPZ(IterationCount=10, WarmupCount=3)
// *** Execute ***
// Launch: 1 / 1
// Execute: dotnet Encina.IdGeneration.Benchmarks-Job-YFEFPZ-1.dll --anonymousPipes 136 137 --benchmarkName Encina.IdGeneration.Benchmarks.ShardPrefixedIdBenchmarks.Generate_UuidV7Format --job "IterationCount=10, WarmupCount=3" --benchmarkId 6 in /home/runner/work/Encina/Encina/tests/Encina.BenchmarkTests/Encina.IdGeneration.Benchmarks/bin/Release/net10.0/Encina.IdGeneration.Benchmarks-Job-YFEFPZ-1/bin/Release/net10.0
// Failed to set up high priority (Permission denied). In order to run benchmarks with high priority, make sure you have the right permissions.
// BeforeAnythingElse

// Benchmark Process Environment Information:
// BenchmarkDotNet v0.15.8
// Runtime=.NET 10.0.12 (10.0.12, 10.0.1226.42308), X64 RyuJIT x86-64-v3
// GC=Concurrent Workstation
// HardwareIntrinsics=AVX2+BMI1+BMI2+F16C+FMA+LZCNT+MOVBE,AVX,SSE3+SSSE3+SSE4.1+SSE4.2+POPCNT,X86Base+SSE+SSE2,AES+PCLMUL VectorSize=256
// Job: Job-YFEFPZ(IterationCount=10, WarmupCount=3)

OverheadJitting  1: 1 op, 252099.00 ns, 252.0990 us/op
WorkloadJitting  1: 1 op, 20258571.00 ns, 20.2586 ms/op

OverheadJitting  2: 16 op, 243075.00 ns, 15.1922 us/op
WorkloadJitting  2: 16 op, 343616.00 ns, 21.4760 us/op

WorkloadPilot    1: 16 op, 50956.00 ns, 3.1848 us/op
WorkloadPilot    2: 32 op, 69024.00 ns, 2.1570 us/op
WorkloadPilot    3: 64 op, 106880.00 ns, 1.6700 us/op
WorkloadPilot    4: 128 op, 200952.00 ns, 1.5699 us/op
WorkloadPilot    5: 256 op, 376856.00 ns, 1.4721 us/op
WorkloadPilot    6: 512 op, 707913.00 ns, 1.3826 us/op
WorkloadPilot    7: 1024 op, 1494042.00 ns, 1.4590 us/op
WorkloadPilot    8: 2048 op, 2900733.00 ns, 1.4164 us/op
WorkloadPilot    9: 4096 op, 5558412.00 ns, 1.3570 us/op
WorkloadPilot   10: 8192 op, 11340458.00 ns, 1.3843 us/op
WorkloadPilot   11: 16384 op, 22181367.00 ns, 1.3538 us/op
WorkloadPilot   12: 32768 op, 45697977.00 ns, 1.3946 us/op
WorkloadPilot   13: 65536 op, 90301531.00 ns, 1.3779 us/op
WorkloadPilot   14: 131072 op, 181108902.00 ns, 1.3818 us/op
WorkloadPilot   15: 262144 op, 353068665.00 ns, 1.3469 us/op
WorkloadPilot   16: 524288 op, 692019863.00 ns, 1.3199 us/op

OverheadWarmup   1: 524288 op, 971168.00 ns, 1.8524 ns/op
OverheadWarmup   2: 524288 op, 1022034.00 ns, 1.9494 ns/op
OverheadWarmup   3: 524288 op, 1014243.00 ns, 1.9345 ns/op
OverheadWarmup   4: 524288 op, 1017257.00 ns, 1.9403 ns/op
OverheadWarmup   5: 524288 op, 1012560.00 ns, 1.9313 ns/op

OverheadActual   1: 524288 op, 975564.00 ns, 1.8607 ns/op
OverheadActual   2: 524288 op, 971738.00 ns, 1.8534 ns/op
OverheadActual   3: 524288 op, 962014.00 ns, 1.8349 ns/op
OverheadActual   4: 524288 op, 961774.00 ns, 1.8344 ns/op
OverheadActual   5: 524288 op, 974452.00 ns, 1.8586 ns/op
OverheadActual   6: 524288 op, 961714.00 ns, 1.8343 ns/op
OverheadActual   7: 524288 op, 961754.00 ns, 1.8344 ns/op
OverheadActual   8: 524288 op, 969555.00 ns, 1.8493 ns/op
OverheadActual   9: 524288 op, 965409.00 ns, 1.8414 ns/op
OverheadActual  10: 524288 op, 967472.00 ns, 1.8453 ns/op
OverheadActual  11: 524288 op, 961774.00 ns, 1.8344 ns/op
OverheadActual  12: 524288 op, 961463.00 ns, 1.8338 ns/op
OverheadActual  13: 524288 op, 975574.00 ns, 1.8608 ns/op
OverheadActual  14: 524288 op, 969375.00 ns, 1.8489 ns/op
OverheadActual  15: 524288 op, 966411.00 ns, 1.8433 ns/op

WorkloadWarmup   1: 524288 op, 704519685.00 ns, 1.3438 us/op
WorkloadWarmup   2: 524288 op, 694826587.00 ns, 1.3253 us/op
WorkloadWarmup   3: 524288 op, 696137264.00 ns, 1.3278 us/op

// BeforeActualRun
WorkloadActual   1: 524288 op, 698606610.00 ns, 1.3325 us/op
WorkloadActual   2: 524288 op, 708046469.00 ns, 1.3505 us/op
WorkloadActual   3: 524288 op, 694836120.00 ns, 1.3253 us/op
WorkloadActual   4: 524288 op, 692707376.00 ns, 1.3212 us/op
WorkloadActual   5: 524288 op, 692014566.00 ns, 1.3199 us/op
WorkloadActual   6: 524288 op, 694104282.00 ns, 1.3239 us/op
WorkloadActual   7: 524288 op, 690835637.00 ns, 1.3177 us/op
WorkloadActual   8: 524288 op, 693904964.00 ns, 1.3235 us/op
WorkloadActual   9: 524288 op, 691083615.00 ns, 1.3181 us/op
WorkloadActual  10: 524288 op, 693637917.00 ns, 1.3230 us/op

// AfterActualRun
WorkloadResult   1: 524288 op, 693869709.00 ns, 1.3235 us/op
WorkloadResult   2: 524288 op, 691740965.00 ns, 1.3194 us/op
WorkloadResult   3: 524288 op, 691048155.00 ns, 1.3181 us/op
WorkloadResult   4: 524288 op, 693137871.00 ns, 1.3221 us/op
WorkloadResult   5: 524288 op, 689869226.00 ns, 1.3158 us/op
WorkloadResult   6: 524288 op, 692938553.00 ns, 1.3217 us/op
WorkloadResult   7: 524288 op, 690117204.00 ns, 1.3163 us/op
WorkloadResult   8: 524288 op, 692671506.00 ns, 1.3212 us/op
// GC:  3 0 0 50331648 524288
// Threading:  0 0 524288

// AfterAll
// Benchmark Process 3289 has exited with code 0.

Mean = 1.320 μs, StdErr = 0.001 μs (0.08%), N = 8, StdDev = 0.003 μs
Min = 1.316 μs, Q1 = 1.318 μs, Median = 1.320 μs, Q3 = 1.322 μs, Max = 1.323 μs
IQR = 0.004 μs, LowerFence = 1.311 μs, UpperFence = 1.328 μs
ConfidenceInterval = [1.314 μs; 1.325 μs] (CI 99.9%), Margin = 0.005 μs (0.41% of Mean)
Skewness = -0.18, Kurtosis = 1.26, MValue = 2

// ** Remained 3 (30.0 %) benchmark(s) to run. Estimated finish 2026-09-24 9:04 (0h 0m from now) **
// **************************
// Benchmark: ShardPrefixedIdBenchmarks.Generate_UuidV7Format: ShortRun(IterationCount=3, LaunchCount=1, WarmupCount=3)
// *** Execute ***
// Launch: 1 / 1
// Execute: dotnet Encina.IdGeneration.Benchmarks-Job-YFEFPZ-1.dll --anonymousPipes 136 137 --benchmarkName Encina.IdGeneration.Benchmarks.ShardPrefixedIdBenchmarks.Generate_UuidV7Format --job ShortRun --benchmarkId 7 in /home/runner/work/Encina/Encina/tests/Encina.BenchmarkTests/Encina.IdGeneration.Benchmarks/bin/Release/net10.0/Encina.IdGeneration.Benchmarks-Job-YFEFPZ-1/bin/Release/net10.0
// Failed to set up high priority (Permission denied). In order to run benchmarks with high priority, make sure you have the right permissions.
// BeforeAnythingElse

// Benchmark Process Environment Information:
// BenchmarkDotNet v0.15.8
// Runtime=.NET 10.0.12 (10.0.12, 10.0.1226.42308), X64 RyuJIT x86-64-v3
// GC=Concurrent Workstation
// HardwareIntrinsics=AVX2+BMI1+BMI2+F16C+FMA+LZCNT+MOVBE,AVX,SSE3+SSSE3+SSE4.1+SSE4.2+POPCNT,X86Base+SSE+SSE2,AES+PCLMUL VectorSize=256
// Job: ShortRun(IterationCount=3, LaunchCount=1, WarmupCount=3)

OverheadJitting  1: 1 op, 251868.00 ns, 251.8680 us/op
WorkloadJitting  1: 1 op, 20903945.00 ns, 20.9039 ms/op

OverheadJitting  2: 16 op, 234572.00 ns, 14.6608 us/op
WorkloadJitting  2: 16 op, 345067.00 ns, 21.5667 us/op

WorkloadPilot    1: 16 op, 63465.00 ns, 3.9666 us/op
WorkloadPilot    2: 32 op, 85558.00 ns, 2.6737 us/op
WorkloadPilot    3: 64 op, 120701.00 ns, 1.8860 us/op
WorkloadPilot    4: 128 op, 210687.00 ns, 1.6460 us/op
WorkloadPilot    5: 256 op, 381602.00 ns, 1.4906 us/op
WorkloadPilot    6: 512 op, 701373.00 ns, 1.3699 us/op
WorkloadPilot    7: 1024 op, 1456175.00 ns, 1.4220 us/op
WorkloadPilot    8: 2048 op, 2920894.00 ns, 1.4262 us/op
WorkloadPilot    9: 4096 op, 5629409.00 ns, 1.3744 us/op
WorkloadPilot   10: 8192 op, 11317116.00 ns, 1.3815 us/op
WorkloadPilot   11: 16384 op, 22755444.00 ns, 1.3889 us/op
WorkloadPilot   12: 32768 op, 45790768.00 ns, 1.3974 us/op
WorkloadPilot   13: 65536 op, 90832241.00 ns, 1.3860 us/op
WorkloadPilot   14: 131072 op, 181673876.00 ns, 1.3861 us/op
WorkloadPilot   15: 262144 op, 356910740.00 ns, 1.3615 us/op
WorkloadPilot   16: 524288 op, 697305913.00 ns, 1.3300 us/op

OverheadWarmup   1: 524288 op, 978819.00 ns, 1.8669 ns/op
OverheadWarmup   2: 524288 op, 962134.00 ns, 1.8351 ns/op
OverheadWarmup   3: 524288 op, 963987.00 ns, 1.8387 ns/op
OverheadWarmup   4: 524288 op, 961323.00 ns, 1.8336 ns/op
OverheadWarmup   5: 524288 op, 961503.00 ns, 1.8339 ns/op
OverheadWarmup   6: 524288 op, 971989.00 ns, 1.8539 ns/op
OverheadWarmup   7: 524288 op, 962064.00 ns, 1.8350 ns/op

OverheadActual   1: 524288 op, 965719.00 ns, 1.8420 ns/op
OverheadActual   2: 524288 op, 961493.00 ns, 1.8339 ns/op
OverheadActual   3: 524288 op, 971818.00 ns, 1.8536 ns/op
OverheadActual   4: 524288 op, 964016.00 ns, 1.8387 ns/op
OverheadActual   5: 524288 op, 963376.00 ns, 1.8375 ns/op
OverheadActual   6: 524288 op, 962584.00 ns, 1.8360 ns/op
OverheadActual   7: 524288 op, 963976.00 ns, 1.8386 ns/op
OverheadActual   8: 524288 op, 961844.00 ns, 1.8346 ns/op
OverheadActual   9: 524288 op, 963687.00 ns, 1.8381 ns/op
OverheadActual  10: 524288 op, 965238.00 ns, 1.8410 ns/op
OverheadActual  11: 524288 op, 961773.00 ns, 1.8344 ns/op
OverheadActual  12: 524288 op, 960822.00 ns, 1.8326 ns/op
OverheadActual  13: 524288 op, 962314.00 ns, 1.8355 ns/op
OverheadActual  14: 524288 op, 963877.00 ns, 1.8384 ns/op
OverheadActual  15: 524288 op, 966601.00 ns, 1.8436 ns/op

WorkloadWarmup   1: 524288 op, 708388196.00 ns, 1.3511 us/op
WorkloadWarmup   2: 524288 op, 755757713.00 ns, 1.4415 us/op
WorkloadWarmup   3: 524288 op, 700195639.00 ns, 1.3355 us/op

// BeforeActualRun
WorkloadActual   1: 524288 op, 699764823.00 ns, 1.3347 us/op
WorkloadActual   2: 524288 op, 694197406.00 ns, 1.3241 us/op
WorkloadActual   3: 524288 op, 697233003.00 ns, 1.3299 us/op

// AfterActualRun
WorkloadResult   1: 524288 op, 698801136.00 ns, 1.3329 us/op
WorkloadResult   2: 524288 op, 693233719.00 ns, 1.3222 us/op
WorkloadResult   3: 524288 op, 696269316.00 ns, 1.3280 us/op
// GC:  3 0 0 50331648 524288
// Threading:  0 0 524288

// AfterAll
// Benchmark Process 3297 has exited with code 0.

Mean = 1.328 μs, StdErr = 0.003 μs (0.23%), N = 3, StdDev = 0.005 μs
Min = 1.322 μs, Q1 = 1.325 μs, Median = 1.328 μs, Q3 = 1.330 μs, Max = 1.333 μs
IQR = 0.005 μs, LowerFence = 1.317 μs, UpperFence = 1.338 μs
ConfidenceInterval = [1.231 μs; 1.425 μs] (CI 99.9%), Margin = 0.097 μs (7.31% of Mean)
Skewness = -0.06, Kurtosis = 0.67, MValue = 2

// ** Remained 2 (20.0 %) benchmark(s) to run. Estimated finish 2026-09-24 9:04 (0h 0m from now) **
// **************************
// Benchmark: ShardPrefixedIdBenchmarks.ExtractShardId_Ulid: Job-YFEFPZ(IterationCount=10, WarmupCount=3)
// *** Execute ***
// Launch: 1 / 1
// Execute: dotnet Encina.IdGeneration.Benchmarks-Job-YFEFPZ-1.dll --anonymousPipes 136 137 --benchmarkName Encina.IdGeneration.Benchmarks.ShardPrefixedIdBenchmarks.ExtractShardId_Ulid --job "IterationCount=10, WarmupCount=3" --benchmarkId 8 in /home/runner/work/Encina/Encina/tests/Encina.BenchmarkTests/Encina.IdGeneration.Benchmarks/bin/Release/net10.0/Encina.IdGeneration.Benchmarks-Job-YFEFPZ-1/bin/Release/net10.0
// Failed to set up high priority (Permission denied). In order to run benchmarks with high priority, make sure you have the right permissions.
// BeforeAnythingElse

// Benchmark Process Environment Information:
// BenchmarkDotNet v0.15.8
// Runtime=.NET 10.0.12 (10.0.12, 10.0.1226.42308), X64 RyuJIT x86-64-v3
// GC=Concurrent Workstation
// HardwareIntrinsics=AVX2+BMI1+BMI2+F16C+FMA+LZCNT+MOVBE,AVX,SSE3+SSSE3+SSE4.1+SSE4.2+POPCNT,X86Base+SSE+SSE2,AES+PCLMUL VectorSize=256
// Job: Job-YFEFPZ(IterationCount=10, WarmupCount=3)

OverheadJitting  1: 1 op, 245048.00 ns, 245.0480 us/op
WorkloadJitting  1: 1 op, 25368059.00 ns, 25.3681 ms/op

OverheadJitting  2: 16 op, 471518.00 ns, 29.4699 us/op
WorkloadJitting  2: 16 op, 511438.00 ns, 31.9649 us/op

WorkloadPilot    1: 16 op, 50195.00 ns, 3.1372 us/op
WorkloadPilot    2: 32 op, 68914.00 ns, 2.1536 us/op
WorkloadPilot    3: 64 op, 109774.00 ns, 1.7152 us/op
WorkloadPilot    4: 128 op, 237616.00 ns, 1.8564 us/op
WorkloadPilot    5: 256 op, 381934.00 ns, 1.4919 us/op
WorkloadPilot    6: 512 op, 755183.00 ns, 1.4750 us/op
WorkloadPilot    7: 1024 op, 1478870.00 ns, 1.4442 us/op
WorkloadPilot    8: 2048 op, 2954285.00 ns, 1.4425 us/op
WorkloadPilot    9: 4096 op, 5719004.00 ns, 1.3962 us/op
WorkloadPilot   10: 8192 op, 11450187.00 ns, 1.3977 us/op
WorkloadPilot   11: 16384 op, 22845273.00 ns, 1.3944 us/op
WorkloadPilot   12: 32768 op, 46381361.00 ns, 1.4154 us/op
WorkloadPilot   13: 65536 op, 91701149.00 ns, 1.3992 us/op
WorkloadPilot   14: 131072 op, 185956322.00 ns, 1.4187 us/op
WorkloadPilot   15: 262144 op, 353227996.00 ns, 1.3475 us/op
WorkloadPilot   16: 524288 op, 699726262.00 ns, 1.3346 us/op

OverheadWarmup   1: 524288 op, 1980763.00 ns, 3.7780 ns/op
OverheadWarmup   2: 524288 op, 1760092.00 ns, 3.3571 ns/op
OverheadWarmup   3: 524288 op, 1761955.00 ns, 3.3607 ns/op
OverheadWarmup   4: 524288 op, 1764348.00 ns, 3.3652 ns/op
OverheadWarmup   5: 524288 op, 1762676.00 ns, 3.3620 ns/op
OverheadWarmup   6: 524288 op, 1752771.00 ns, 3.3431 ns/op
OverheadWarmup   7: 524288 op, 1762376.00 ns, 3.3615 ns/op
OverheadWarmup   8: 524288 op, 1761554.00 ns, 3.3599 ns/op

OverheadActual   1: 524288 op, 1750738.00 ns, 3.3393 ns/op
OverheadActual   2: 524288 op, 1766692.00 ns, 3.3697 ns/op
OverheadActual   3: 524288 op, 1767843.00 ns, 3.3719 ns/op
OverheadActual   4: 524288 op, 1751449.00 ns, 3.3406 ns/op
OverheadActual   5: 524288 op, 1779842.00 ns, 3.3948 ns/op
OverheadActual   6: 524288 op, 1757639.00 ns, 3.3524 ns/op
OverheadActual   7: 524288 op, 1763987.00 ns, 3.3645 ns/op
OverheadActual   8: 524288 op, 1758520.00 ns, 3.3541 ns/op
OverheadActual   9: 524288 op, 1758149.00 ns, 3.3534 ns/op
OverheadActual  10: 524288 op, 1754664.00 ns, 3.3468 ns/op
OverheadActual  11: 524288 op, 1773622.00 ns, 3.3829 ns/op
OverheadActual  12: 524288 op, 1760763.00 ns, 3.3584 ns/op
OverheadActual  13: 524288 op, 1772101.00 ns, 3.3800 ns/op
OverheadActual  14: 524288 op, 1749456.00 ns, 3.3368 ns/op
OverheadActual  15: 524288 op, 1761124.00 ns, 3.3591 ns/op

WorkloadWarmup   1: 524288 op, 708087633.00 ns, 1.3506 us/op
WorkloadWarmup   2: 524288 op, 708508023.00 ns, 1.3514 us/op
WorkloadWarmup   3: 524288 op, 720253474.00 ns, 1.3738 us/op

// BeforeActualRun
WorkloadActual   1: 524288 op, 703447538.00 ns, 1.3417 us/op
WorkloadActual   2: 524288 op, 702356600.00 ns, 1.3396 us/op
WorkloadActual   3: 524288 op, 699587814.00 ns, 1.3344 us/op
WorkloadActual   4: 524288 op, 701506995.00 ns, 1.3380 us/op
WorkloadActual   5: 524288 op, 701823039.00 ns, 1.3386 us/op
WorkloadActual   6: 524288 op, 697684301.00 ns, 1.3307 us/op
WorkloadActual   7: 524288 op, 699138061.00 ns, 1.3335 us/op
WorkloadActual   8: 524288 op, 710310991.00 ns, 1.3548 us/op
WorkloadActual   9: 524288 op, 698079433.00 ns, 1.3315 us/op
WorkloadActual  10: 524288 op, 699601657.00 ns, 1.3344 us/op

// AfterActualRun
WorkloadResult   1: 524288 op, 701686775.00 ns, 1.3384 us/op
WorkloadResult   2: 524288 op, 700595837.00 ns, 1.3363 us/op
WorkloadResult   3: 524288 op, 697827051.00 ns, 1.3310 us/op
WorkloadResult   4: 524288 op, 699746232.00 ns, 1.3347 us/op
WorkloadResult   5: 524288 op, 700062276.00 ns, 1.3353 us/op
WorkloadResult   6: 524288 op, 695923538.00 ns, 1.3274 us/op
WorkloadResult   7: 524288 op, 697377298.00 ns, 1.3301 us/op
WorkloadResult   8: 524288 op, 696318670.00 ns, 1.3281 us/op
WorkloadResult   9: 524288 op, 697840894.00 ns, 1.3310 us/op
// GC:  3 0 0 62914560 524288
// Threading:  0 0 524288

// AfterAll
// Benchmark Process 3308 has exited with code 0.

Mean = 1.332 μs, StdErr = 0.001 μs (0.10%), N = 9, StdDev = 0.004 μs
Min = 1.327 μs, Q1 = 1.330 μs, Median = 1.331 μs, Q3 = 1.335 μs, Max = 1.338 μs
IQR = 0.005 μs, LowerFence = 1.322 μs, UpperFence = 1.343 μs
ConfidenceInterval = [1.326 μs; 1.339 μs] (CI 99.9%), Margin = 0.006 μs (0.48% of Mean)
Skewness = 0.12, Kurtosis = 1.35, MValue = 2

// ** Remained 1 (10.0 %) benchmark(s) to run. Estimated finish 2026-09-24 9:04 (0h 0m from now) **
// **************************
// Benchmark: ShardPrefixedIdBenchmarks.ExtractShardId_Ulid: ShortRun(IterationCount=3, LaunchCount=1, WarmupCount=3)
// *** Execute ***
// Launch: 1 / 1
// Execute: dotnet Encina.IdGeneration.Benchmarks-Job-YFEFPZ-1.dll --anonymousPipes 136 137 --benchmarkName Encina.IdGeneration.Benchmarks.ShardPrefixedIdBenchmarks.ExtractShardId_Ulid --job ShortRun --benchmarkId 9 in /home/runner/work/Encina/Encina/tests/Encina.BenchmarkTests/Encina.IdGeneration.Benchmarks/bin/Release/net10.0/Encina.IdGeneration.Benchmarks-Job-YFEFPZ-1/bin/Release/net10.0
// Failed to set up high priority (Permission denied). In order to run benchmarks with high priority, make sure you have the right permissions.
// BeforeAnythingElse

// Benchmark Process Environment Information:
// BenchmarkDotNet v0.15.8
// Runtime=.NET 10.0.12 (10.0.12, 10.0.1226.42308), X64 RyuJIT x86-64-v3
// GC=Concurrent Workstation
// HardwareIntrinsics=AVX2+BMI1+BMI2+F16C+FMA+LZCNT+MOVBE,AVX,SSE3+SSSE3+SSE4.1+SSE4.2+POPCNT,X86Base+SSE+SSE2,AES+PCLMUL VectorSize=256
// Job: ShortRun(IterationCount=3, LaunchCount=1, WarmupCount=3)

OverheadJitting  1: 1 op, 278899.00 ns, 278.8990 us/op
WorkloadJitting  1: 1 op, 25395768.00 ns, 25.3958 ms/op

OverheadJitting  2: 16 op, 444156.00 ns, 27.7598 us/op
WorkloadJitting  2: 16 op, 505388.00 ns, 31.5868 us/op

WorkloadPilot    1: 16 op, 57707.00 ns, 3.6067 us/op
WorkloadPilot    2: 32 op, 53971.00 ns, 1.6866 us/op
WorkloadPilot    3: 64 op, 112930.00 ns, 1.7645 us/op
WorkloadPilot    4: 128 op, 211116.00 ns, 1.6493 us/op
WorkloadPilot    5: 256 op, 400621.00 ns, 1.5649 us/op
WorkloadPilot    6: 512 op, 771939.00 ns, 1.5077 us/op
WorkloadPilot    7: 1024 op, 1558359.00 ns, 1.5218 us/op
WorkloadPilot    8: 2048 op, 3085101.00 ns, 1.5064 us/op
WorkloadPilot    9: 4096 op, 5963271.00 ns, 1.4559 us/op
WorkloadPilot   10: 8192 op, 12185099.00 ns, 1.4874 us/op
WorkloadPilot   11: 16384 op, 24284540.00 ns, 1.4822 us/op
WorkloadPilot   12: 32768 op, 50193869.00 ns, 1.5318 us/op
WorkloadPilot   13: 65536 op, 97084749.00 ns, 1.4814 us/op
WorkloadPilot   14: 131072 op, 196859696.00 ns, 1.5019 us/op
WorkloadPilot   15: 262144 op, 374022809.00 ns, 1.4268 us/op
WorkloadPilot   16: 524288 op, 731944231.00 ns, 1.3961 us/op

OverheadWarmup   1: 524288 op, 1943076.00 ns, 3.7061 ns/op
OverheadWarmup   2: 524288 op, 1761985.00 ns, 3.3607 ns/op
OverheadWarmup   3: 524288 op, 2127303.00 ns, 4.0575 ns/op
OverheadWarmup   4: 524288 op, 1758990.00 ns, 3.3550 ns/op
OverheadWarmup   5: 524288 op, 1768605.00 ns, 3.3733 ns/op
OverheadWarmup   6: 524288 op, 1762085.00 ns, 3.3609 ns/op

OverheadActual   1: 524288 op, 1760923.00 ns, 3.3587 ns/op
OverheadActual   2: 524288 op, 1749536.00 ns, 3.3370 ns/op
OverheadActual   3: 524288 op, 1762456.00 ns, 3.3616 ns/op
OverheadActual   4: 524288 op, 1772581.00 ns, 3.3809 ns/op
OverheadActual   5: 524288 op, 1749747.00 ns, 3.3374 ns/op
OverheadActual   6: 524288 op, 1760552.00 ns, 3.3580 ns/op
OverheadActual   7: 524288 op, 1757808.00 ns, 3.3528 ns/op
OverheadActual   8: 524288 op, 1774414.00 ns, 3.3844 ns/op
OverheadActual   9: 524288 op, 1761353.00 ns, 3.3595 ns/op
OverheadActual  10: 524288 op, 1758629.00 ns, 3.3543 ns/op
OverheadActual  11: 524288 op, 1765190.00 ns, 3.3668 ns/op
OverheadActual  12: 524288 op, 1755214.00 ns, 3.3478 ns/op
OverheadActual  13: 524288 op, 1764448.00 ns, 3.3654 ns/op
OverheadActual  14: 524288 op, 1765751.00 ns, 3.3679 ns/op
OverheadActual  15: 524288 op, 1765139.00 ns, 3.3667 ns/op

WorkloadWarmup   1: 524288 op, 738420962.00 ns, 1.4084 us/op
WorkloadWarmup   2: 524288 op, 735801460.00 ns, 1.4034 us/op
WorkloadWarmup   3: 524288 op, 735751798.00 ns, 1.4033 us/op

// BeforeActualRun
WorkloadActual   1: 524288 op, 736792434.00 ns, 1.4053 us/op
WorkloadActual   2: 524288 op, 732764899.00 ns, 1.3976 us/op
WorkloadActual   3: 524288 op, 746959143.00 ns, 1.4247 us/op

// AfterActualRun
WorkloadResult   1: 524288 op, 735031081.00 ns, 1.4020 us/op
WorkloadResult   2: 524288 op, 731003546.00 ns, 1.3943 us/op
WorkloadResult   3: 524288 op, 745197790.00 ns, 1.4214 us/op
// GC:  3 0 0 62914560 524288
// Threading:  0 0 524288

// AfterAll
// Benchmark Process 3315 has exited with code 0.

Mean = 1.406 μs, StdErr = 0.008 μs (0.57%), N = 3, StdDev = 0.014 μs
Min = 1.394 μs, Q1 = 1.398 μs, Median = 1.402 μs, Q3 = 1.412 μs, Max = 1.421 μs
IQR = 0.014 μs, LowerFence = 1.378 μs, UpperFence = 1.432 μs
ConfidenceInterval = [1.151 μs; 1.660 μs] (CI 99.9%), Margin = 0.255 μs (18.11% of Mean)
Skewness = 0.26, Kurtosis = 0.67, MValue = 2

// ** Remained 0 (0.0 %) benchmark(s) to run. Estimated finish 2026-09-24 9:04 (0h 0m from now) **
// ***** BenchmarkRunner: Finish  *****

// * Export *
  artifacts/performance/IdGeneration/results/Encina.IdGeneration.Benchmarks.ShardPrefixedIdBenchmarks-report.csv
  artifacts/performance/IdGeneration/results/Encina.IdGeneration.Benchmarks.ShardPrefixedIdBenchmarks-report-github.md
  artifacts/performance/IdGeneration/results/Encina.IdGeneration.Benchmarks.ShardPrefixedIdBenchmarks-report.html
  artifacts/performance/IdGeneration/results/Encina.IdGeneration.Benchmarks.ShardPrefixedIdBenchmarks-report-full-compressed.json

// * Detailed results *
ShardPrefixedIdBenchmarks.Generate_TimestampRandomFormat: Job-YFEFPZ(IterationCount=10, WarmupCount=3)
Runtime = .NET 10.0.12 (10.0.12, 10.0.1226.42308), X64 RyuJIT x86-64-v3; GC = Concurrent Workstation
Mean = 1.460 μs, StdErr = 0.001 μs (0.09%), N = 8, StdDev = 0.004 μs
Min = 1.454 μs, Q1 = 1.458 μs, Median = 1.460 μs, Q3 = 1.462 μs, Max = 1.466 μs
IQR = 0.004 μs, LowerFence = 1.453 μs, UpperFence = 1.467 μs
ConfidenceInterval = [1.453 μs; 1.467 μs] (CI 99.9%), Margin = 0.007 μs (0.49% of Mean)
Skewness = 0.01, Kurtosis = 1.85, MValue = 2
-------------------- Histogram --------------------
[1.451 μs ; 1.468 μs) | @@@@@@@@
---------------------------------------------------

ShardPrefixedIdBenchmarks.Generate_ToString: Job-YFEFPZ(IterationCount=10, WarmupCount=3)
Runtime = .NET 10.0.12 (10.0.12, 10.0.1226.42308), X64 RyuJIT x86-64-v3; GC = Concurrent Workstation
Mean = 1.430 μs, StdErr = 0.002 μs (0.12%), N = 9, StdDev = 0.005 μs
Min = 1.422 μs, Q1 = 1.428 μs, Median = 1.430 μs, Q3 = 1.432 μs, Max = 1.438 μs
IQR = 0.004 μs, LowerFence = 1.422 μs, UpperFence = 1.438 μs
ConfidenceInterval = [1.421 μs; 1.439 μs] (CI 99.9%), Margin = 0.009 μs (0.61% of Mean)
Skewness = 0.02, Kurtosis = 1.74, MValue = 2
-------------------- Histogram --------------------
[1.419 μs ; 1.441 μs) | @@@@@@@@@
---------------------------------------------------

ShardPrefixedIdBenchmarks.Generate_UlidFormat: Job-YFEFPZ(IterationCount=10, WarmupCount=3)
Runtime = .NET 10.0.12 (10.0.12, 10.0.1226.42308), X64 RyuJIT x86-64-v3; GC = Concurrent Workstation
Mean = 1.322 μs, StdErr = 0.004 μs (0.28%), N = 10, StdDev = 0.012 μs
Min = 1.309 μs, Q1 = 1.310 μs, Median = 1.325 μs, Q3 = 1.333 μs, Max = 1.335 μs
IQR = 0.023 μs, LowerFence = 1.276 μs, UpperFence = 1.367 μs
ConfidenceInterval = [1.305 μs; 1.340 μs] (CI 99.9%), Margin = 0.017 μs (1.32% of Mean)
Skewness = -0.14, Kurtosis = 0.99, MValue = 2
-------------------- Histogram --------------------
[1.301 μs ; 1.342 μs) | @@@@@@@@@@
---------------------------------------------------

ShardPrefixedIdBenchmarks.Generate_UuidV7Format: Job-YFEFPZ(IterationCount=10, WarmupCount=3)
Runtime = .NET 10.0.12 (10.0.12, 10.0.1226.42308), X64 RyuJIT x86-64-v3; GC = Concurrent Workstation
Mean = 1.320 μs, StdErr = 0.001 μs (0.08%), N = 8, StdDev = 0.003 μs
Min = 1.316 μs, Q1 = 1.318 μs, Median = 1.320 μs, Q3 = 1.322 μs, Max = 1.323 μs
IQR = 0.004 μs, LowerFence = 1.311 μs, UpperFence = 1.328 μs
ConfidenceInterval = [1.314 μs; 1.325 μs] (CI 99.9%), Margin = 0.005 μs (0.41% of Mean)
Skewness = -0.18, Kurtosis = 1.26, MValue = 2
-------------------- Histogram --------------------
[1.314 μs ; 1.325 μs) | @@@@@@@@
---------------------------------------------------

ShardPrefixedIdBenchmarks.ExtractShardId_Ulid: Job-YFEFPZ(IterationCount=10, WarmupCount=3)
Runtime = .NET 10.0.12 (10.0.12, 10.0.1226.42308), X64 RyuJIT x86-64-v3; GC = Concurrent Workstation
Mean = 1.332 μs, StdErr = 0.001 μs (0.10%), N = 9, StdDev = 0.004 μs
Min = 1.327 μs, Q1 = 1.330 μs, Median = 1.331 μs, Q3 = 1.335 μs, Max = 1.338 μs
IQR = 0.005 μs, LowerFence = 1.322 μs, UpperFence = 1.343 μs
ConfidenceInterval = [1.326 μs; 1.339 μs] (CI 99.9%), Margin = 0.006 μs (0.48% of Mean)
Skewness = 0.12, Kurtosis = 1.35, MValue = 2
-------------------- Histogram --------------------
[1.325 μs ; 1.341 μs) | @@@@@@@@@
---------------------------------------------------

ShardPrefixedIdBenchmarks.Generate_TimestampRandomFormat: ShortRun(IterationCount=3, LaunchCount=1, WarmupCount=3)
Runtime = .NET 10.0.12 (10.0.12, 10.0.1226.42308), X64 RyuJIT x86-64-v3; GC = Concurrent Workstation
Mean = 1.463 μs, StdErr = 0.002 μs (0.13%), N = 3, StdDev = 0.003 μs
Min = 1.460 μs, Q1 = 1.461 μs, Median = 1.461 μs, Q3 = 1.464 μs, Max = 1.466 μs
IQR = 0.003 μs, LowerFence = 1.456 μs, UpperFence = 1.468 μs
ConfidenceInterval = [1.404 μs; 1.521 μs] (CI 99.9%), Margin = 0.059 μs (4.00% of Mean)
Skewness = 0.32, Kurtosis = 0.67, MValue = 2
-------------------- Histogram --------------------
[1.457 μs ; 1.469 μs) | @@@
---------------------------------------------------

ShardPrefixedIdBenchmarks.Generate_ToString: ShortRun(IterationCount=3, LaunchCount=1, WarmupCount=3)
Runtime = .NET 10.0.12 (10.0.12, 10.0.1226.42308), X64 RyuJIT x86-64-v3; GC = Concurrent Workstation
Mean = 1.431 μs, StdErr = 0.002 μs (0.14%), N = 3, StdDev = 0.004 μs
Min = 1.429 μs, Q1 = 1.429 μs, Median = 1.429 μs, Q3 = 1.432 μs, Max = 1.435 μs
IQR = 0.003 μs, LowerFence = 1.424 μs, UpperFence = 1.437 μs
ConfidenceInterval = [1.366 μs; 1.496 μs] (CI 99.9%), Margin = 0.065 μs (4.56% of Mean)
Skewness = 0.38, Kurtosis = 0.67, MValue = 2
-------------------- Histogram --------------------
[1.429 μs ; 1.435 μs) | @@@
---------------------------------------------------

ShardPrefixedIdBenchmarks.Generate_UlidFormat: ShortRun(IterationCount=3, LaunchCount=1, WarmupCount=3)
Runtime = .NET 10.0.12 (10.0.12, 10.0.1226.42308), X64 RyuJIT x86-64-v3; GC = Concurrent Workstation
Mean = 1.363 μs, StdErr = 0.023 μs (1.70%), N = 3, StdDev = 0.040 μs
Min = 1.337 μs, Q1 = 1.339 μs, Median = 1.341 μs, Q3 = 1.375 μs, Max = 1.409 μs
IQR = 0.036 μs, LowerFence = 1.286 μs, UpperFence = 1.429 μs
ConfidenceInterval = [0.630 μs; 2.095 μs] (CI 99.9%), Margin = 0.732 μs (53.76% of Mean)
Skewness = 0.38, Kurtosis = 0.67, MValue = 2
-------------------- Histogram --------------------
[1.337 μs ; 1.410 μs) | @@@
---------------------------------------------------

ShardPrefixedIdBenchmarks.Generate_UuidV7Format: ShortRun(IterationCount=3, LaunchCount=1, WarmupCount=3)
Runtime = .NET 10.0.12 (10.0.12, 10.0.1226.42308), X64 RyuJIT x86-64-v3; GC = Concurrent Workstation
Mean = 1.328 μs, StdErr = 0.003 μs (0.23%), N = 3, StdDev = 0.005 μs
Min = 1.322 μs, Q1 = 1.325 μs, Median = 1.328 μs, Q3 = 1.330 μs, Max = 1.333 μs
IQR = 0.005 μs, LowerFence = 1.317 μs, UpperFence = 1.338 μs
ConfidenceInterval = [1.231 μs; 1.425 μs] (CI 99.9%), Margin = 0.097 μs (7.31% of Mean)
Skewness = -0.06, Kurtosis = 0.67, MValue = 2
-------------------- Histogram --------------------
[1.317 μs ; 1.338 μs) | @@@
---------------------------------------------------

ShardPrefixedIdBenchmarks.ExtractShardId_Ulid: ShortRun(IterationCount=3, LaunchCount=1, WarmupCount=3)
Runtime = .NET 10.0.12 (10.0.12, 10.0.1226.42308), X64 RyuJIT x86-64-v3; GC = Concurrent Workstation
Mean = 1.406 μs, StdErr = 0.008 μs (0.57%), N = 3, StdDev = 0.014 μs
Min = 1.394 μs, Q1 = 1.398 μs, Median = 1.402 μs, Q3 = 1.412 μs, Max = 1.421 μs
IQR = 0.014 μs, LowerFence = 1.378 μs, UpperFence = 1.432 μs
ConfidenceInterval = [1.151 μs; 1.660 μs] (CI 99.9%), Margin = 0.255 μs (18.11% of Mean)
Skewness = 0.26, Kurtosis = 0.67, MValue = 2
-------------------- Histogram --------------------
[1.384 μs ; 1.434 μs) | @@@
---------------------------------------------------

// * Summary *

BenchmarkDotNet v0.15.8, Linux Ubuntu 24.04.5 LTS (Noble Numbat)
AMD EPYC 9V74 2.60GHz, 1 CPU, 4 logical and 2 physical cores
.NET SDK 10.0.401
  [Host]     : .NET 10.0.12 (10.0.12, 10.0.1226.42308), X64 RyuJIT x86-64-v3
  Job-YFEFPZ : .NET 10.0.12 (10.0.12, 10.0.1226.42308), X64 RyuJIT x86-64-v3
  ShortRun   : .NET 10.0.12 (10.0.12, 10.0.1226.42308), X64 RyuJIT x86-64-v3

WarmupCount=3  

| Method                         | Job        | IterationCount | LaunchCount | Mean     | Error     | StdDev    | Ratio | RatioSD | Gen0   | Allocated | Alloc Ratio |
|------------------------------- |----------- |--------------- |------------ |---------:|----------:|----------:|------:|--------:|-------:|----------:|------------:|
| Generate_TimestampRandomFormat | Job-YFEFPZ | 10             | Default     | 1.460 μs | 0.0071 μs | 0.0037 μs |  1.10 |    0.01 | 0.0076 |     151 B |        1.26 |
| Generate_ToString              | Job-YFEFPZ | 10             | Default     | 1.430 μs | 0.0087 μs | 0.0052 μs |  1.08 |    0.01 | 0.0114 |     216 B |        1.80 |
| Generate_UlidFormat            | Job-YFEFPZ | 10             | Default     | 1.322 μs | 0.0175 μs | 0.0116 μs |  1.00 |    0.01 | 0.0057 |     120 B |        1.00 |
| Generate_UuidV7Format          | Job-YFEFPZ | 10             | Default     | 1.320 μs | 0.0054 μs | 0.0028 μs |  1.00 |    0.01 | 0.0057 |      96 B |        0.80 |
| ExtractShardId_Ulid            | Job-YFEFPZ | 10             | Default     | 1.332 μs | 0.0064 μs | 0.0038 μs |  1.01 |    0.01 | 0.0057 |     120 B |        1.00 |
|                                |            |                |             |          |           |           |       |         |        |           |             |
| Generate_TimestampRandomFormat | ShortRun   | 3              | 1           | 1.463 μs | 0.0585 μs | 0.0032 μs |  1.07 |    0.03 | 0.0076 |     151 B |        1.26 |
| Generate_ToString              | ShortRun   | 3              | 1           | 1.431 μs | 0.0652 μs | 0.0036 μs |  1.05 |    0.03 | 0.0114 |     216 B |        1.80 |
| Generate_UlidFormat            | ShortRun   | 3              | 1           | 1.363 μs | 0.7324 μs | 0.0401 μs |  1.00 |    0.04 | 0.0057 |     120 B |        1.00 |
| Generate_UuidV7Format          | ShortRun   | 3              | 1           | 1.328 μs | 0.0970 μs | 0.0053 μs |  0.97 |    0.02 | 0.0057 |      96 B |        0.80 |
| ExtractShardId_Ulid            | ShortRun   | 3              | 1           | 1.406 μs | 0.2545 μs | 0.0140 μs |  1.03 |    0.03 | 0.0057 |     120 B |        1.00 |

// * Hints *
Outliers
  ShardPrefixedIdBenchmarks.Generate_TimestampRandomFormat: IterationCount=10, WarmupCount=3 -> 2 outliers were removed (1.48 μs, 1.49 μs)
  ShardPrefixedIdBenchmarks.Generate_ToString: IterationCount=10, WarmupCount=3              -> 1 outlier  was  removed (1.46 μs)
  ShardPrefixedIdBenchmarks.Generate_UuidV7Format: IterationCount=10, WarmupCount=3          -> 2 outliers were removed (1.33 μs, 1.35 μs)
  ShardPrefixedIdBenchmarks.ExtractShardId_Ulid: IterationCount=10, WarmupCount=3            -> 1 outlier  was  removed (1.35 μs)
// * Config Issues *

// * Warnings *
Configuration
  Summary -> The exporter CsvExporter is already present in configuration. There may be unexpected results.
  Summary -> The exporter HtmlExporter is already present in configuration. There may be unexpected results.
  Summary -> The exporter MarkdownExporter-github is already present in configuration. There may be unexpected results.

// * Legends *
  Mean        : Arithmetic mean of all measurements
  Error       : Half of 99.9% confidence interval
  StdDev      : Standard deviation of all measurements
  Ratio       : Mean of the ratio distribution ([Current]/[Baseline])
  RatioSD     : Standard deviation of the ratio distribution ([Current]/[Baseline])
  Gen0        : GC Generation 0 collects per 1000 operations
  Allocated   : Allocated memory per single operation (managed only, inclusive, 1KB = 1024B)
  Alloc Ratio : Allocated memory ratio distribution ([Current]/[Baseline])
  1 μs        : 1 Microsecond (0.000001 sec)

// * Diagnostic Output - MemoryDiagnoser *


// ***** BenchmarkRunner: End *****
Run time: 00:01:34 (94.84 sec), executed benchmarks: 10

Global total time: 00:02:18 (138.14 sec), executed benchmarks: 10
// * Artifacts cleanup *
Artifacts cleanup is finished
