// Validating benchmarks:
// ***** BenchmarkRunner: Start   *****
// ***** Found 12 benchmark(s) in total *****
// ***** Building 1 exe(s) in Parallel: Start   *****
// start dotnet  restore --nodeReuse:false /p:UseSharedCompilation=false /p:Deterministic=true /p:Optimize=true /p:ArtifactsPath="/home/runner/work/Encina/Encina/tests/Encina.BenchmarkTests/Encina.Benchmarks/bin/Release/net10.0/Encina.Benchmarks-ShortRun-1/" /p:OutDir="/home/runner/work/Encina/Encina/tests/Encina.BenchmarkTests/Encina.Benchmarks/bin/Release/net10.0/Encina.Benchmarks-ShortRun-1/bin/Release/net10.0/" /p:OutputPath="/home/runner/work/Encina/Encina/tests/Encina.BenchmarkTests/Encina.Benchmarks/bin/Release/net10.0/Encina.Benchmarks-ShortRun-1/bin/Release/net10.0/" /p:PublishDir="/home/runner/work/Encina/Encina/tests/Encina.BenchmarkTests/Encina.Benchmarks/bin/Release/net10.0/Encina.Benchmarks-ShortRun-1/publish/" in /home/runner/work/Encina/Encina/tests/Encina.BenchmarkTests/Encina.Benchmarks/bin/Release/net10.0/Encina.Benchmarks-ShortRun-1
// command took 3.57 sec and exited with 0
// start dotnet  build -c Release --no-restore --nodeReuse:false /p:UseSharedCompilation=false /p:Deterministic=true /p:Optimize=true /p:ArtifactsPath="/home/runner/work/Encina/Encina/tests/Encina.BenchmarkTests/Encina.Benchmarks/bin/Release/net10.0/Encina.Benchmarks-ShortRun-1/" /p:OutDir="/home/runner/work/Encina/Encina/tests/Encina.BenchmarkTests/Encina.Benchmarks/bin/Release/net10.0/Encina.Benchmarks-ShortRun-1/bin/Release/net10.0/" /p:OutputPath="/home/runner/work/Encina/Encina/tests/Encina.BenchmarkTests/Encina.Benchmarks/bin/Release/net10.0/Encina.Benchmarks-ShortRun-1/bin/Release/net10.0/" /p:PublishDir="/home/runner/work/Encina/Encina/tests/Encina.BenchmarkTests/Encina.Benchmarks/bin/Release/net10.0/Encina.Benchmarks-ShortRun-1/publish/" --output "/home/runner/work/Encina/Encina/tests/Encina.BenchmarkTests/Encina.Benchmarks/bin/Release/net10.0/Encina.Benchmarks-ShortRun-1/bin/Release/net10.0/" in /home/runner/work/Encina/Encina/tests/Encina.BenchmarkTests/Encina.Benchmarks/bin/Release/net10.0/Encina.Benchmarks-ShortRun-1
// command took 189.9 sec and exited with 0
// ***** Done, took 00:03:13 (193.61 sec)   *****
// Found 12 benchmarks:
//   DPIAServiceBenchmarks.'Create assessment (fast path)': ShortRun(IterationCount=3, LaunchCount=1, WarmupCount=3)
//   DPIAServiceBenchmarks.'Evaluate assessment (risk engine)': ShortRun(IterationCount=3, LaunchCount=1, WarmupCount=3)
//   DPIAServiceBenchmarks.'RequiresDPIA check (pipeline hot-path)': ShortRun(IterationCount=3, LaunchCount=1, WarmupCount=3)
//   DPIAServiceBenchmarks.'Request DPO consultation': ShortRun(IterationCount=3, LaunchCount=1, WarmupCount=3)
//   DPIAServiceBenchmarks.'Approve assessment': ShortRun(IterationCount=3, LaunchCount=1, WarmupCount=3)
//   DPIAServiceBenchmarks.'Reject assessment': ShortRun(IterationCount=3, LaunchCount=1, WarmupCount=3)
//   DPIAServiceBenchmarks.'Request revision': ShortRun(IterationCount=3, LaunchCount=1, WarmupCount=3)
//   DPIAServiceBenchmarks.'Expire assessment': ShortRun(IterationCount=3, LaunchCount=1, WarmupCount=3)
//   DPIAServiceBenchmarks.'Get assessment by ID (cached)': ShortRun(IterationCount=3, LaunchCount=1, WarmupCount=3)
//   DPIAServiceBenchmarks.'Get assessment by request type (pipeline hot-path)': ShortRun(IterationCount=3, LaunchCount=1, WarmupCount=3)
//   DPIAServiceBenchmarks.'Get expired assessments': ShortRun(IterationCount=3, LaunchCount=1, WarmupCount=3)
//   DPIAServiceBenchmarks.'Get all assessments': ShortRun(IterationCount=3, LaunchCount=1, WarmupCount=3)

// **************************
// Benchmark: DPIAServiceBenchmarks.'Create assessment (fast path)': ShortRun(IterationCount=3, LaunchCount=1, WarmupCount=3)
// *** Execute ***
// Launch: 1 / 1
// Execute: dotnet Encina.Benchmarks-ShortRun-1.dll --anonymousPipes 230 231 --benchmarkName Encina.Benchmarks.Compliance.DPIA.DPIAServiceBenchmarks.CreateAssessment --job ShortRun --benchmarkId 0 in /home/runner/work/Encina/Encina/tests/Encina.BenchmarkTests/Encina.Benchmarks/bin/Release/net10.0/Encina.Benchmarks-ShortRun-1/bin/Release/net10.0
// Failed to set up high priority (Permission denied). In order to run benchmarks with high priority, make sure you have the right permissions.
// BeforeAnythingElse

// Benchmark Process Environment Information:
// BenchmarkDotNet v0.15.8
// Runtime=.NET 10.0.12 (10.0.12, 10.0.1226.42308), X64 RyuJIT x86-64-v3
// GC=Concurrent Workstation
// HardwareIntrinsics=AVX2+BMI1+BMI2+F16C+FMA+LZCNT+MOVBE,AVX,SSE3+SSSE3+SSE4.1+SSE4.2+POPCNT,X86Base+SSE+SSE2,AES+PCLMUL VectorSize=256
// Job: ShortRun(IterationCount=3, LaunchCount=1, WarmupCount=3)

OverheadJitting  1: 1 op, 219111.00 ns, 219.1110 us/op
WorkloadJitting  1: 1 op, 9086497.00 ns, 9.0865 ms/op

OverheadJitting  2: 16 op, 205376.00 ns, 12.8360 us/op
WorkloadJitting  2: 16 op, 443964.00 ns, 27.7478 us/op

WorkloadPilot    1: 16 op, 74660.00 ns, 4.6663 us/op
WorkloadPilot    2: 32 op, 56667.00 ns, 1.7708 us/op
WorkloadPilot    3: 64 op, 96211.00 ns, 1.5033 us/op
WorkloadPilot    4: 128 op, 158107.00 ns, 1.2352 us/op
WorkloadPilot    5: 256 op, 349487.00 ns, 1.3652 us/op
WorkloadPilot    6: 512 op, 633160.00 ns, 1.2366 us/op
WorkloadPilot    7: 1024 op, 1248727.00 ns, 1.2195 us/op
WorkloadPilot    8: 2048 op, 2353523.00 ns, 1.1492 us/op
WorkloadPilot    9: 4096 op, 4657934.00 ns, 1.1372 us/op
WorkloadPilot   10: 8192 op, 9225708.00 ns, 1.1262 us/op
WorkloadPilot   11: 16384 op, 18646573.00 ns, 1.1381 us/op
WorkloadPilot   12: 32768 op, 37210231.00 ns, 1.1356 us/op
WorkloadPilot   13: 65536 op, 78636386.00 ns, 1.1999 us/op
WorkloadPilot   14: 131072 op, 187480322.00 ns, 1.4304 us/op
WorkloadPilot   15: 262144 op, 380046040.00 ns, 1.4498 us/op
WorkloadPilot   16: 524288 op, 778029963.00 ns, 1.4840 us/op

OverheadWarmup   1: 524288 op, 877278.00 ns, 1.6733 ns/op
OverheadWarmup   2: 524288 op, 867520.00 ns, 1.6547 ns/op
OverheadWarmup   3: 524288 op, 863293.00 ns, 1.6466 ns/op
OverheadWarmup   4: 524288 op, 850168.00 ns, 1.6216 ns/op
OverheadWarmup   5: 524288 op, 849797.00 ns, 1.6209 ns/op
OverheadWarmup   6: 524288 op, 949775.00 ns, 1.8116 ns/op
OverheadWarmup   7: 524288 op, 849967.00 ns, 1.6212 ns/op
OverheadWarmup   8: 524288 op, 929577.00 ns, 1.7730 ns/op
OverheadWarmup   9: 524288 op, 883250.00 ns, 1.6847 ns/op

OverheadActual   1: 524288 op, 959012.00 ns, 1.8292 ns/op
OverheadActual   2: 524288 op, 954154.00 ns, 1.8199 ns/op
OverheadActual   3: 524288 op, 1035696.00 ns, 1.9754 ns/op
OverheadActual   4: 524288 op, 905712.00 ns, 1.7275 ns/op
OverheadActual   5: 524288 op, 873471.00 ns, 1.6660 ns/op
OverheadActual   6: 524288 op, 850638.00 ns, 1.6225 ns/op
OverheadActual   7: 524288 op, 882899.00 ns, 1.6840 ns/op
OverheadActual   8: 524288 op, 850959.00 ns, 1.6231 ns/op
OverheadActual   9: 524288 op, 865115.00 ns, 1.6501 ns/op
OverheadActual  10: 524288 op, 937752.00 ns, 1.7886 ns/op
OverheadActual  11: 524288 op, 850919.00 ns, 1.6230 ns/op
OverheadActual  12: 524288 op, 849857.00 ns, 1.6210 ns/op
OverheadActual  13: 524288 op, 899180.00 ns, 1.7150 ns/op
OverheadActual  14: 524288 op, 865015.00 ns, 1.6499 ns/op
OverheadActual  15: 524288 op, 872971.00 ns, 1.6651 ns/op

WorkloadWarmup   1: 524288 op, 778605222.00 ns, 1.4851 us/op
WorkloadWarmup   2: 524288 op, 756693703.00 ns, 1.4433 us/op
WorkloadWarmup   3: 524288 op, 757886273.00 ns, 1.4456 us/op

// BeforeActualRun
WorkloadActual   1: 524288 op, 754509637.00 ns, 1.4391 us/op
WorkloadActual   2: 524288 op, 739616476.00 ns, 1.4107 us/op
WorkloadActual   3: 524288 op, 767086679.00 ns, 1.4631 us/op

// AfterActualRun
WorkloadResult   1: 524288 op, 753636166.00 ns, 1.4374 us/op
WorkloadResult   2: 524288 op, 738743005.00 ns, 1.4090 us/op
WorkloadResult   3: 524288 op, 766213208.00 ns, 1.4614 us/op
// GC:  13 12 0 226492416 524288
// Threading:  0 0 524288

// AfterAll
// Benchmark Process 4189 has exited with code 0.

Mean = 1.436 μs, StdErr = 0.015 μs (1.05%), N = 3, StdDev = 0.026 μs
Min = 1.409 μs, Q1 = 1.423 μs, Median = 1.437 μs, Q3 = 1.449 μs, Max = 1.461 μs
IQR = 0.026 μs, LowerFence = 1.384 μs, UpperFence = 1.489 μs
ConfidenceInterval = [0.957 μs; 1.914 μs] (CI 99.9%), Margin = 0.479 μs (33.32% of Mean)
Skewness = -0.06, Kurtosis = 0.67, MValue = 2

// ** Remained 11 (91.7 %) benchmark(s) to run. Estimated finish 2026-09-23 19:13 (0h 4m from now) **
// **************************
// Benchmark: DPIAServiceBenchmarks.'Evaluate assessment (risk engine)': ShortRun(IterationCount=3, LaunchCount=1, WarmupCount=3)
// *** Execute ***
// Launch: 1 / 1
// Execute: dotnet Encina.Benchmarks-ShortRun-1.dll --anonymousPipes 230 231 --benchmarkName Encina.Benchmarks.Compliance.DPIA.DPIAServiceBenchmarks.EvaluateAssessment --job ShortRun --benchmarkId 1 in /home/runner/work/Encina/Encina/tests/Encina.BenchmarkTests/Encina.Benchmarks/bin/Release/net10.0/Encina.Benchmarks-ShortRun-1/bin/Release/net10.0
// Failed to set up high priority (Permission denied). In order to run benchmarks with high priority, make sure you have the right permissions.
// BeforeAnythingElse

// Benchmark Process Environment Information:
// BenchmarkDotNet v0.15.8
// Runtime=.NET 10.0.12 (10.0.12, 10.0.1226.42308), X64 RyuJIT x86-64-v3
// GC=Concurrent Workstation
// HardwareIntrinsics=AVX2+BMI1+BMI2+F16C+FMA+LZCNT+MOVBE,AVX,SSE3+SSSE3+SSE4.1+SSE4.2+POPCNT,X86Base+SSE+SSE2,AES+PCLMUL VectorSize=256
// Job: ShortRun(IterationCount=3, LaunchCount=1, WarmupCount=3)

OverheadJitting  1: 1 op, 248006.00 ns, 248.0060 us/op
WorkloadJitting  1: 1 op, 8630450.00 ns, 8.6305 ms/op

OverheadJitting  2: 16 op, 480272.00 ns, 30.0170 us/op
WorkloadJitting  2: 16 op, 529465.00 ns, 33.0916 us/op

WorkloadPilot    1: 16 op, 64401.00 ns, 4.0251 us/op
WorkloadPilot    2: 32 op, 50856.00 ns, 1.5893 us/op
WorkloadPilot    3: 64 op, 83717.00 ns, 1.3081 us/op
WorkloadPilot    4: 128 op, 164289.00 ns, 1.2835 us/op
WorkloadPilot    5: 256 op, 261441.00 ns, 1.0213 us/op
WorkloadPilot    6: 512 op, 551286.00 ns, 1.0767 us/op
WorkloadPilot    7: 1024 op, 1060513.00 ns, 1.0357 us/op
WorkloadPilot    8: 2048 op, 1982817.00 ns, 968.1724 ns/op
WorkloadPilot    9: 4096 op, 3933292.00 ns, 960.2764 ns/op
WorkloadPilot   10: 8192 op, 7827541.00 ns, 955.5104 ns/op
WorkloadPilot   11: 16384 op, 15787119.00 ns, 963.5693 ns/op
WorkloadPilot   12: 32768 op, 31046066.00 ns, 947.4507 ns/op
WorkloadPilot   13: 65536 op, 68909173.00 ns, 1.0515 us/op
WorkloadPilot   14: 131072 op, 160461570.00 ns, 1.2242 us/op
WorkloadPilot   15: 262144 op, 340654121.00 ns, 1.2995 us/op
WorkloadPilot   16: 524288 op, 718485141.00 ns, 1.3704 us/op

OverheadWarmup   1: 524288 op, 1821723.00 ns, 3.4747 ns/op
OverheadWarmup   2: 524288 op, 1742635.00 ns, 3.3238 ns/op
OverheadWarmup   3: 524288 op, 1745451.00 ns, 3.3292 ns/op
OverheadWarmup   4: 524288 op, 1733468.00 ns, 3.3063 ns/op
OverheadWarmup   5: 524288 op, 1782530.00 ns, 3.3999 ns/op
OverheadWarmup   6: 524288 op, 1858683.00 ns, 3.5452 ns/op
OverheadWarmup   7: 524288 op, 1755980.00 ns, 3.3493 ns/op

OverheadActual   1: 524288 op, 1746221.00 ns, 3.3307 ns/op
OverheadActual   2: 524288 op, 1715915.00 ns, 3.2728 ns/op
OverheadActual   3: 524288 op, 1773813.00 ns, 3.3833 ns/op
OverheadActual   4: 524288 op, 1782730.00 ns, 3.4003 ns/op
OverheadActual   5: 524288 op, 1846170.00 ns, 3.5213 ns/op
OverheadActual   6: 524288 op, 1802798.00 ns, 3.4386 ns/op
OverheadActual   7: 524288 op, 1725222.00 ns, 3.2906 ns/op
OverheadActual   8: 524288 op, 1763655.00 ns, 3.3639 ns/op
OverheadActual   9: 524288 op, 1744328.00 ns, 3.3270 ns/op
OverheadActual  10: 524288 op, 1731644.00 ns, 3.3028 ns/op
OverheadActual  11: 524288 op, 1722288.00 ns, 3.2850 ns/op
OverheadActual  12: 524288 op, 1746502.00 ns, 3.3312 ns/op
OverheadActual  13: 524288 op, 1745290.00 ns, 3.3289 ns/op
OverheadActual  14: 524288 op, 1730192.00 ns, 3.3001 ns/op
OverheadActual  15: 524288 op, 1789263.00 ns, 3.4127 ns/op

WorkloadWarmup   1: 524288 op, 667142045.00 ns, 1.2725 us/op
WorkloadWarmup   2: 524288 op, 679395995.00 ns, 1.2958 us/op
WorkloadWarmup   3: 524288 op, 676907127.00 ns, 1.2911 us/op

// BeforeActualRun
WorkloadActual   1: 524288 op, 677874946.00 ns, 1.2929 us/op
WorkloadActual   2: 524288 op, 690406017.00 ns, 1.3168 us/op
WorkloadActual   3: 524288 op, 696566054.00 ns, 1.3286 us/op

// AfterActualRun
WorkloadResult   1: 524288 op, 676128725.00 ns, 1.2896 us/op
WorkloadResult   2: 524288 op, 688659796.00 ns, 1.3135 us/op
WorkloadResult   3: 524288 op, 694819833.00 ns, 1.3253 us/op
// GC:  13 12 0 226492416 524288
// Threading:  0 0 524288

// AfterAll
// Benchmark Process 4206 has exited with code 0.

Mean = 1.309 μs, StdErr = 0.010 μs (0.80%), N = 3, StdDev = 0.018 μs
Min = 1.290 μs, Q1 = 1.302 μs, Median = 1.314 μs, Q3 = 1.319 μs, Max = 1.325 μs
IQR = 0.018 μs, LowerFence = 1.275 μs, UpperFence = 1.346 μs
ConfidenceInterval = [0.978 μs; 1.641 μs] (CI 99.9%), Margin = 0.331 μs (25.31% of Mean)
Skewness = -0.21, Kurtosis = 0.67, MValue = 2

// ** Remained 10 (83.3 %) benchmark(s) to run. Estimated finish 2026-09-23 19:13 (0h 3m from now) **
// **************************
// Benchmark: DPIAServiceBenchmarks.'RequiresDPIA check (pipeline hot-path)': ShortRun(IterationCount=3, LaunchCount=1, WarmupCount=3)
// *** Execute ***
// Launch: 1 / 1
// Execute: dotnet Encina.Benchmarks-ShortRun-1.dll --anonymousPipes 230 231 --benchmarkName Encina.Benchmarks.Compliance.DPIA.DPIAServiceBenchmarks.RequiresDPIA --job ShortRun --benchmarkId 2 in /home/runner/work/Encina/Encina/tests/Encina.BenchmarkTests/Encina.Benchmarks/bin/Release/net10.0/Encina.Benchmarks-ShortRun-1/bin/Release/net10.0
// Failed to set up high priority (Permission denied). In order to run benchmarks with high priority, make sure you have the right permissions.
// BeforeAnythingElse

// Benchmark Process Environment Information:
// BenchmarkDotNet v0.15.8
// Runtime=.NET 10.0.12 (10.0.12, 10.0.1226.42308), X64 RyuJIT x86-64-v3
// GC=Concurrent Workstation
// HardwareIntrinsics=AVX2+BMI1+BMI2+F16C+FMA+LZCNT+MOVBE,AVX,SSE3+SSSE3+SSE4.1+SSE4.2+POPCNT,X86Base+SSE+SSE2,AES+PCLMUL VectorSize=256
// Job: ShortRun(IterationCount=3, LaunchCount=1, WarmupCount=3)

OverheadJitting  1: 1 op, 209293.00 ns, 209.2930 us/op
WorkloadJitting  1: 1 op, 8551714.00 ns, 8.5517 ms/op

OverheadJitting  2: 16 op, 330171.00 ns, 20.6357 us/op
WorkloadJitting  2: 16 op, 604286.00 ns, 37.7679 us/op

WorkloadPilot    1: 16 op, 64381.00 ns, 4.0238 us/op
WorkloadPilot    2: 32 op, 32070.00 ns, 1.0022 us/op
WorkloadPilot    3: 64 op, 65734.00 ns, 1.0271 us/op
WorkloadPilot    4: 128 op, 95219.00 ns, 743.8984 ns/op
WorkloadPilot    5: 256 op, 178284.00 ns, 696.4219 ns/op
WorkloadPilot    6: 512 op, 346331.00 ns, 676.4277 ns/op
WorkloadPilot    7: 1024 op, 659089.00 ns, 643.6416 ns/op
WorkloadPilot    8: 2048 op, 1196489.00 ns, 584.2231 ns/op
WorkloadPilot    9: 4096 op, 2518454.00 ns, 614.8569 ns/op
WorkloadPilot   10: 8192 op, 4673975.00 ns, 570.5536 ns/op
WorkloadPilot   11: 16384 op, 9380622.00 ns, 572.5477 ns/op
WorkloadPilot   12: 32768 op, 18805836.00 ns, 573.9086 ns/op
WorkloadPilot   13: 65536 op, 48862229.00 ns, 745.5784 ns/op
WorkloadPilot   14: 131072 op, 105594310.00 ns, 805.6207 ns/op
WorkloadPilot   15: 262144 op, 217681805.00 ns, 830.3902 ns/op
WorkloadPilot   16: 524288 op, 457435875.00 ns, 872.4897 ns/op
WorkloadPilot   17: 1048576 op, 991057567.00 ns, 945.1461 ns/op

OverheadWarmup   1: 1048576 op, 2173666.00 ns, 2.0730 ns/op
OverheadWarmup   2: 1048576 op, 2109665.00 ns, 2.0119 ns/op
OverheadWarmup   3: 1048576 op, 2084499.00 ns, 1.9879 ns/op
OverheadWarmup   4: 1048576 op, 2033043.00 ns, 1.9389 ns/op
OverheadWarmup   5: 1048576 op, 2160913.00 ns, 2.0608 ns/op
OverheadWarmup   6: 1048576 op, 2071905.00 ns, 1.9759 ns/op
OverheadWarmup   7: 1048576 op, 2087154.00 ns, 1.9905 ns/op
OverheadWarmup   8: 1048576 op, 2029435.00 ns, 1.9354 ns/op

OverheadActual   1: 1048576 op, 2141316.00 ns, 2.0421 ns/op
OverheadActual   2: 1048576 op, 2042119.00 ns, 1.9475 ns/op
OverheadActual   3: 1048576 op, 2095459.00 ns, 1.9984 ns/op
OverheadActual   4: 1048576 op, 2066105.00 ns, 1.9704 ns/op
OverheadActual   5: 1048576 op, 2097353.00 ns, 2.0002 ns/op
OverheadActual   6: 1048576 op, 2048551.00 ns, 1.9537 ns/op
OverheadActual   7: 1048576 op, 2160802.00 ns, 2.0607 ns/op
OverheadActual   8: 1048576 op, 2186090.00 ns, 2.0848 ns/op
OverheadActual   9: 1048576 op, 2239148.00 ns, 2.1354 ns/op
OverheadActual  10: 1048576 op, 2104004.00 ns, 2.0065 ns/op
OverheadActual  11: 1048576 op, 2008444.00 ns, 1.9154 ns/op
OverheadActual  12: 1048576 op, 1987034.00 ns, 1.8950 ns/op
OverheadActual  13: 1048576 op, 2134362.00 ns, 2.0355 ns/op
OverheadActual  14: 1048576 op, 2118562.00 ns, 2.0204 ns/op
OverheadActual  15: 1048576 op, 2045595.00 ns, 1.9508 ns/op

WorkloadWarmup   1: 1048576 op, 928053287.00 ns, 885.0606 ns/op
WorkloadWarmup   2: 1048576 op, 922887829.00 ns, 880.1344 ns/op
WorkloadWarmup   3: 1048576 op, 923669655.00 ns, 880.8800 ns/op

// BeforeActualRun
WorkloadActual   1: 1048576 op, 923325588.00 ns, 880.5519 ns/op
WorkloadActual   2: 1048576 op, 923378969.00 ns, 880.6028 ns/op
WorkloadActual   3: 1048576 op, 942274011.00 ns, 898.6225 ns/op

// AfterActualRun
WorkloadResult   1: 1048576 op, 921228235.00 ns, 878.5517 ns/op
WorkloadResult   2: 1048576 op, 921281616.00 ns, 878.6026 ns/op
WorkloadResult   3: 1048576 op, 940176658.00 ns, 896.6223 ns/op
// GC:  20 19 0 352321792 1048576
// Threading:  0 0 1048576

// AfterAll
// Benchmark Process 4220 has exited with code 0.

Mean = 884.592 ns, StdErr = 6.015 ns (0.68%), N = 3, StdDev = 10.418 ns
Min = 878.552 ns, Q1 = 878.577 ns, Median = 878.603 ns, Q3 = 887.612 ns, Max = 896.622 ns
IQR = 9.035 ns, LowerFence = 865.024 ns, UpperFence = 901.165 ns
ConfidenceInterval = [694.522 ns; 1,074.663 ns] (CI 99.9%), Margin = 190.071 ns (21.49% of Mean)
Skewness = 0.38, Kurtosis = 0.67, MValue = 2

// ** Remained 9 (75.0 %) benchmark(s) to run. Estimated finish 2026-09-23 19:14 (0h 3m from now) **
// **************************
// Benchmark: DPIAServiceBenchmarks.'Request DPO consultation': ShortRun(IterationCount=3, LaunchCount=1, WarmupCount=3)
// *** Execute ***
// Launch: 1 / 1
// Execute: dotnet Encina.Benchmarks-ShortRun-1.dll --anonymousPipes 230 231 --benchmarkName Encina.Benchmarks.Compliance.DPIA.DPIAServiceBenchmarks.RequestDPOConsultation --job ShortRun --benchmarkId 3 in /home/runner/work/Encina/Encina/tests/Encina.BenchmarkTests/Encina.Benchmarks/bin/Release/net10.0/Encina.Benchmarks-ShortRun-1/bin/Release/net10.0
// Failed to set up high priority (Permission denied). In order to run benchmarks with high priority, make sure you have the right permissions.
// BeforeAnythingElse

// Benchmark Process Environment Information:
// BenchmarkDotNet v0.15.8
// Runtime=.NET 10.0.12 (10.0.12, 10.0.1226.42308), X64 RyuJIT x86-64-v3
// GC=Concurrent Workstation
// HardwareIntrinsics=AVX2+BMI1+BMI2+F16C+FMA+LZCNT+MOVBE,AVX,SSE3+SSSE3+SSE4.1+SSE4.2+POPCNT,X86Base+SSE+SSE2,AES+PCLMUL VectorSize=256
// Job: ShortRun(IterationCount=3, LaunchCount=1, WarmupCount=3)

OverheadJitting  1: 1 op, 212840.00 ns, 212.8400 us/op
WorkloadJitting  1: 1 op, 8873921.00 ns, 8.8739 ms/op

OverheadJitting  2: 16 op, 226967.00 ns, 14.1854 us/op
WorkloadJitting  2: 16 op, 342915.00 ns, 21.4322 us/op

WorkloadPilot    1: 16 op, 79008.00 ns, 4.9380 us/op
WorkloadPilot    2: 32 op, 72446.00 ns, 2.2639 us/op
WorkloadPilot    3: 64 op, 100139.00 ns, 1.5647 us/op
WorkloadPilot    4: 128 op, 149230.00 ns, 1.1659 us/op
WorkloadPilot    5: 256 op, 310594.00 ns, 1.2133 us/op
WorkloadPilot    6: 512 op, 553931.00 ns, 1.0819 us/op
WorkloadPilot    7: 1024 op, 1049092.00 ns, 1.0245 us/op
WorkloadPilot    8: 2048 op, 1962639.00 ns, 958.3198 ns/op
WorkloadPilot    9: 4096 op, 3900062.00 ns, 952.1636 ns/op
WorkloadPilot   10: 8192 op, 7708050.00 ns, 940.9241 ns/op
WorkloadPilot   11: 16384 op, 15685275.00 ns, 957.3532 ns/op
WorkloadPilot   12: 32768 op, 30296202.00 ns, 924.5667 ns/op
WorkloadPilot   13: 65536 op, 66501793.00 ns, 1.0147 us/op
WorkloadPilot   14: 131072 op, 158189292.00 ns, 1.2069 us/op
WorkloadPilot   15: 262144 op, 325617771.00 ns, 1.2421 us/op
WorkloadPilot   16: 524288 op, 670294108.00 ns, 1.2785 us/op

OverheadWarmup   1: 524288 op, 872691.00 ns, 1.6645 ns/op
OverheadWarmup   2: 524288 op, 863413.00 ns, 1.6468 ns/op
OverheadWarmup   3: 524288 op, 863584.00 ns, 1.6472 ns/op
OverheadWarmup   4: 524288 op, 863343.00 ns, 1.6467 ns/op
OverheadWarmup   5: 524288 op, 873361.00 ns, 1.6658 ns/op
OverheadWarmup   6: 524288 op, 862811.00 ns, 1.6457 ns/op

OverheadActual   1: 524288 op, 849947.00 ns, 1.6211 ns/op
OverheadActual   2: 524288 op, 871216.00 ns, 1.6617 ns/op
OverheadActual   3: 524288 op, 849836.00 ns, 1.6209 ns/op
OverheadActual   4: 524288 op, 849857.00 ns, 1.6210 ns/op
OverheadActual   5: 524288 op, 849686.00 ns, 1.6206 ns/op
OverheadActual   6: 524288 op, 849807.00 ns, 1.6209 ns/op
OverheadActual   7: 524288 op, 863562.00 ns, 1.6471 ns/op
OverheadActual   8: 524288 op, 863602.00 ns, 1.6472 ns/op
OverheadActual   9: 524288 op, 866859.00 ns, 1.6534 ns/op
OverheadActual  10: 524288 op, 852292.00 ns, 1.6256 ns/op
OverheadActual  11: 524288 op, 862941.00 ns, 1.6459 ns/op
OverheadActual  12: 524288 op, 883460.00 ns, 1.6851 ns/op
OverheadActual  13: 524288 op, 955215.00 ns, 1.8219 ns/op
OverheadActual  14: 524288 op, 864083.00 ns, 1.6481 ns/op
OverheadActual  15: 524288 op, 867290.00 ns, 1.6542 ns/op

WorkloadWarmup   1: 524288 op, 650631041.00 ns, 1.2410 us/op
WorkloadWarmup   2: 524288 op, 663011122.00 ns, 1.2646 us/op
WorkloadWarmup   3: 524288 op, 695231638.00 ns, 1.3260 us/op

// BeforeActualRun
WorkloadActual   1: 524288 op, 666532859.00 ns, 1.2713 us/op
WorkloadActual   2: 524288 op, 653667676.00 ns, 1.2468 us/op
WorkloadActual   3: 524288 op, 658661013.00 ns, 1.2563 us/op

// AfterActualRun
WorkloadResult   1: 524288 op, 665669297.00 ns, 1.2697 us/op
WorkloadResult   2: 524288 op, 652804114.00 ns, 1.2451 us/op
WorkloadResult   3: 524288 op, 657797451.00 ns, 1.2546 us/op
// GC:  13 12 0 226492416 524288
// Threading:  0 0 524288

// AfterAll
// Benchmark Process 4239 has exited with code 0.

Mean = 1.256 μs, StdErr = 0.007 μs (0.57%), N = 3, StdDev = 0.012 μs
Min = 1.245 μs, Q1 = 1.250 μs, Median = 1.255 μs, Q3 = 1.262 μs, Max = 1.270 μs
IQR = 0.012 μs, LowerFence = 1.231 μs, UpperFence = 1.281 μs
ConfidenceInterval = [1.031 μs; 1.482 μs] (CI 99.9%), Margin = 0.226 μs (17.96% of Mean)
Skewness = 0.14, Kurtosis = 0.67, MValue = 2

// ** Remained 8 (66.7 %) benchmark(s) to run. Estimated finish 2026-09-23 19:14 (0h 3m from now) **
// **************************
// Benchmark: DPIAServiceBenchmarks.'Approve assessment': ShortRun(IterationCount=3, LaunchCount=1, WarmupCount=3)
// *** Execute ***
// Launch: 1 / 1
// Execute: dotnet Encina.Benchmarks-ShortRun-1.dll --anonymousPipes 230 231 --benchmarkName Encina.Benchmarks.Compliance.DPIA.DPIAServiceBenchmarks.ApproveAssessment --job ShortRun --benchmarkId 4 in /home/runner/work/Encina/Encina/tests/Encina.BenchmarkTests/Encina.Benchmarks/bin/Release/net10.0/Encina.Benchmarks-ShortRun-1/bin/Release/net10.0
// Failed to set up high priority (Permission denied). In order to run benchmarks with high priority, make sure you have the right permissions.
// BeforeAnythingElse

// Benchmark Process Environment Information:
// BenchmarkDotNet v0.15.8
// Runtime=.NET 10.0.12 (10.0.12, 10.0.1226.42308), X64 RyuJIT x86-64-v3
// GC=Concurrent Workstation
// HardwareIntrinsics=AVX2+BMI1+BMI2+F16C+FMA+LZCNT+MOVBE,AVX,SSE3+SSSE3+SSE4.1+SSE4.2+POPCNT,X86Base+SSE+SSE2,AES+PCLMUL VectorSize=256
// Job: ShortRun(IterationCount=3, LaunchCount=1, WarmupCount=3)

OverheadJitting  1: 1 op, 209774.00 ns, 209.7740 us/op
WorkloadJitting  1: 1 op, 9201357.00 ns, 9.2014 ms/op

OverheadJitting  2: 16 op, 204705.00 ns, 12.7941 us/op
WorkloadJitting  2: 16 op, 332375.00 ns, 20.7734 us/op

WorkloadPilot    1: 16 op, 92835.00 ns, 5.8022 us/op
WorkloadPilot    2: 32 op, 84910.00 ns, 2.6534 us/op
WorkloadPilot    3: 64 op, 165872.00 ns, 2.5918 us/op
WorkloadPilot    4: 128 op, 227668.00 ns, 1.7787 us/op
WorkloadPilot    5: 256 op, 535958.00 ns, 2.0936 us/op
WorkloadPilot    6: 512 op, 1020267.00 ns, 1.9927 us/op
WorkloadPilot    7: 1024 op, 1996263.00 ns, 1.9495 us/op
WorkloadPilot    8: 2048 op, 4012634.00 ns, 1.9593 us/op
WorkloadPilot    9: 4096 op, 8000891.00 ns, 1.9533 us/op
WorkloadPilot   10: 8192 op, 16069730.00 ns, 1.9616 us/op
WorkloadPilot   11: 16384 op, 32124311.00 ns, 1.9607 us/op
WorkloadPilot   12: 32768 op, 61600323.00 ns, 1.8799 us/op
WorkloadPilot   13: 65536 op, 127064940.00 ns, 1.9389 us/op
WorkloadPilot   14: 131072 op, 292072278.00 ns, 2.2283 us/op
WorkloadPilot   15: 262144 op, 576589965.00 ns, 2.1995 us/op

OverheadWarmup   1: 262144 op, 497465.00 ns, 1.8977 ns/op
OverheadWarmup   2: 262144 op, 460165.00 ns, 1.7554 ns/op
OverheadWarmup   3: 262144 op, 566705.00 ns, 2.1618 ns/op
OverheadWarmup   4: 262144 op, 444796.00 ns, 1.6968 ns/op
OverheadWarmup   5: 262144 op, 476166.00 ns, 1.8164 ns/op
OverheadWarmup   6: 262144 op, 499610.00 ns, 1.9059 ns/op
OverheadWarmup   7: 262144 op, 498077.00 ns, 1.9000 ns/op

OverheadActual   1: 262144 op, 485953.00 ns, 1.8538 ns/op
OverheadActual   2: 262144 op, 426442.00 ns, 1.6267 ns/op
OverheadActual   3: 262144 op, 432613.00 ns, 1.6503 ns/op
OverheadActual   4: 262144 op, 441650.00 ns, 1.6848 ns/op
OverheadActual   5: 262144 op, 496854.00 ns, 1.8953 ns/op
OverheadActual   6: 262144 op, 493788.00 ns, 1.8837 ns/op
OverheadActual   7: 262144 op, 484561.00 ns, 1.8485 ns/op
OverheadActual   8: 262144 op, 496113.00 ns, 1.8925 ns/op
OverheadActual   9: 262144 op, 493878.00 ns, 1.8840 ns/op
OverheadActual  10: 262144 op, 455236.00 ns, 1.7366 ns/op
OverheadActual  11: 262144 op, 499409.00 ns, 1.9051 ns/op
OverheadActual  12: 262144 op, 498367.00 ns, 1.9011 ns/op
OverheadActual  13: 262144 op, 447892.00 ns, 1.7086 ns/op
OverheadActual  14: 262144 op, 429287.00 ns, 1.6376 ns/op
OverheadActual  15: 262144 op, 429187.00 ns, 1.6372 ns/op
OverheadActual  16: 262144 op, 483499.00 ns, 1.8444 ns/op
OverheadActual  17: 262144 op, 432433.00 ns, 1.6496 ns/op
OverheadActual  18: 262144 op, 481245.00 ns, 1.8358 ns/op
OverheadActual  19: 262144 op, 481695.00 ns, 1.8375 ns/op
OverheadActual  20: 262144 op, 497445.00 ns, 1.8976 ns/op

WorkloadWarmup   1: 262144 op, 572713351.00 ns, 2.1847 us/op
WorkloadWarmup   2: 262144 op, 577733298.00 ns, 2.2039 us/op
WorkloadWarmup   3: 262144 op, 573319541.00 ns, 2.1870 us/op

// BeforeActualRun
WorkloadActual   1: 262144 op, 582010820.00 ns, 2.2202 us/op
WorkloadActual   2: 262144 op, 573775788.00 ns, 2.1888 us/op
WorkloadActual   3: 262144 op, 588573513.00 ns, 2.2452 us/op

// AfterActualRun
WorkloadResult   1: 262144 op, 581528223.00 ns, 2.2184 us/op
WorkloadResult   2: 262144 op, 573293191.00 ns, 2.1869 us/op
WorkloadResult   3: 262144 op, 588090916.00 ns, 2.2434 us/op
// GC:  14 7 0 247487456 262144
// Threading:  0 0 262144

// AfterAll
// Benchmark Process 4271 has exited with code 0.

Mean = 2.216 μs, StdErr = 0.016 μs (0.74%), N = 3, StdDev = 0.028 μs
Min = 2.187 μs, Q1 = 2.203 μs, Median = 2.218 μs, Q3 = 2.231 μs, Max = 2.243 μs
IQR = 0.028 μs, LowerFence = 2.160 μs, UpperFence = 2.273 μs
ConfidenceInterval = [1.700 μs; 2.732 μs] (CI 99.9%), Margin = 0.516 μs (23.28% of Mean)
Skewness = -0.07, Kurtosis = 0.67, MValue = 2

// ** Remained 7 (58.3 %) benchmark(s) to run. Estimated finish 2026-09-23 19:13 (0h 2m from now) **
// **************************
// Benchmark: DPIAServiceBenchmarks.'Reject assessment': ShortRun(IterationCount=3, LaunchCount=1, WarmupCount=3)
// *** Execute ***
// Launch: 1 / 1
// Execute: dotnet Encina.Benchmarks-ShortRun-1.dll --anonymousPipes 230 231 --benchmarkName Encina.Benchmarks.Compliance.DPIA.DPIAServiceBenchmarks.RejectAssessment --job ShortRun --benchmarkId 5 in /home/runner/work/Encina/Encina/tests/Encina.BenchmarkTests/Encina.Benchmarks/bin/Release/net10.0/Encina.Benchmarks-ShortRun-1/bin/Release/net10.0
// Failed to set up high priority (Permission denied). In order to run benchmarks with high priority, make sure you have the right permissions.
// BeforeAnythingElse

// Benchmark Process Environment Information:
// BenchmarkDotNet v0.15.8
// Runtime=.NET 10.0.12 (10.0.12, 10.0.1226.42308), X64 RyuJIT x86-64-v3
// GC=Concurrent Workstation
// HardwareIntrinsics=AVX2+BMI1+BMI2+F16C+FMA+LZCNT+MOVBE,AVX,SSE3+SSSE3+SSE4.1+SSE4.2+POPCNT,X86Base+SSE+SSE2,AES+PCLMUL VectorSize=256
// Job: ShortRun(IterationCount=3, LaunchCount=1, WarmupCount=3)

OverheadJitting  1: 1 op, 213221.00 ns, 213.2210 us/op
WorkloadJitting  1: 1 op, 8939866.00 ns, 8.9399 ms/op

OverheadJitting  2: 16 op, 206458.00 ns, 12.9036 us/op
WorkloadJitting  2: 16 op, 300044.00 ns, 18.7528 us/op

WorkloadPilot    1: 16 op, 62428.00 ns, 3.9018 us/op
WorkloadPilot    2: 32 op, 39044.00 ns, 1.2201 us/op
WorkloadPilot    3: 64 op, 78989.00 ns, 1.2342 us/op
WorkloadPilot    4: 128 op, 125756.00 ns, 982.4688 ns/op
WorkloadPilot    5: 256 op, 263044.00 ns, 1.0275 us/op
WorkloadPilot    6: 512 op, 429998.00 ns, 839.8398 ns/op
WorkloadPilot    7: 1024 op, 937292.00 ns, 915.3242 ns/op
WorkloadPilot    8: 2048 op, 1742035.00 ns, 850.6030 ns/op
WorkloadPilot    9: 4096 op, 3647196.00 ns, 890.4287 ns/op
WorkloadPilot   10: 8192 op, 6896534.00 ns, 841.8621 ns/op
WorkloadPilot   11: 16384 op, 14092492.00 ns, 860.1375 ns/op
WorkloadPilot   12: 32768 op, 27660677.00 ns, 844.1369 ns/op
WorkloadPilot   13: 65536 op, 66733207.00 ns, 1.0183 us/op
WorkloadPilot   14: 131072 op, 137773352.00 ns, 1.0511 us/op
WorkloadPilot   15: 262144 op, 299943175.00 ns, 1.1442 us/op
WorkloadPilot   16: 524288 op, 646600631.00 ns, 1.2333 us/op

OverheadWarmup   1: 524288 op, 894732.00 ns, 1.7066 ns/op
OverheadWarmup   2: 524288 op, 900903.00 ns, 1.7183 ns/op
OverheadWarmup   3: 524288 op, 899961.00 ns, 1.7165 ns/op
OverheadWarmup   4: 524288 op, 884803.00 ns, 1.6876 ns/op
OverheadWarmup   5: 524288 op, 887147.00 ns, 1.6921 ns/op
OverheadWarmup   6: 524288 op, 885795.00 ns, 1.6895 ns/op

OverheadActual   1: 524288 op, 895634.00 ns, 1.7083 ns/op
OverheadActual   2: 524288 op, 891075.00 ns, 1.6996 ns/op
OverheadActual   3: 524288 op, 885745.00 ns, 1.6894 ns/op
OverheadActual   4: 524288 op, 924037.00 ns, 1.7625 ns/op
OverheadActual   5: 524288 op, 903558.00 ns, 1.7234 ns/op
OverheadActual   6: 524288 op, 895463.00 ns, 1.7080 ns/op
OverheadActual   7: 524288 op, 874735.00 ns, 1.6684 ns/op
OverheadActual   8: 524288 op, 891115.00 ns, 1.6997 ns/op
OverheadActual   9: 524288 op, 902427.00 ns, 1.7212 ns/op
OverheadActual  10: 524288 op, 894491.00 ns, 1.7061 ns/op
OverheadActual  11: 524288 op, 886116.00 ns, 1.6901 ns/op
OverheadActual  12: 524288 op, 867702.00 ns, 1.6550 ns/op
OverheadActual  13: 524288 op, 888641.00 ns, 1.6949 ns/op
OverheadActual  14: 524288 op, 900572.00 ns, 1.7177 ns/op
OverheadActual  15: 524288 op, 938254.00 ns, 1.7896 ns/op

WorkloadWarmup   1: 524288 op, 624349520.00 ns, 1.1909 us/op
WorkloadWarmup   2: 524288 op, 619679080.00 ns, 1.1819 us/op
WorkloadWarmup   3: 524288 op, 619755314.00 ns, 1.1821 us/op

// BeforeActualRun
WorkloadActual   1: 524288 op, 623362513.00 ns, 1.1890 us/op
WorkloadActual   2: 524288 op, 621624416.00 ns, 1.1857 us/op
WorkloadActual   3: 524288 op, 634195126.00 ns, 1.2096 us/op

// AfterActualRun
WorkloadResult   1: 524288 op, 622468022.00 ns, 1.1873 us/op
WorkloadResult   2: 524288 op, 620729925.00 ns, 1.1839 us/op
WorkloadResult   3: 524288 op, 633300635.00 ns, 1.2079 us/op
// GC:  11 10 0 192937984 524288
// Threading:  0 0 524288

// AfterAll
// Benchmark Process 4283 has exited with code 0.

Mean = 1.193 μs, StdErr = 0.008 μs (0.63%), N = 3, StdDev = 0.013 μs
Min = 1.184 μs, Q1 = 1.186 μs, Median = 1.187 μs, Q3 = 1.198 μs, Max = 1.208 μs
IQR = 0.012 μs, LowerFence = 1.168 μs, UpperFence = 1.216 μs
ConfidenceInterval = [0.956 μs; 1.430 μs] (CI 99.9%), Margin = 0.237 μs (19.87% of Mean)
Skewness = 0.36, Kurtosis = 0.67, MValue = 2

// ** Remained 6 (50.0 %) benchmark(s) to run. Estimated finish 2026-09-23 19:13 (0h 2m from now) **
// **************************
// Benchmark: DPIAServiceBenchmarks.'Request revision': ShortRun(IterationCount=3, LaunchCount=1, WarmupCount=3)
// *** Execute ***
// Launch: 1 / 1
// Execute: dotnet Encina.Benchmarks-ShortRun-1.dll --anonymousPipes 230 231 --benchmarkName Encina.Benchmarks.Compliance.DPIA.DPIAServiceBenchmarks.RequestRevision --job ShortRun --benchmarkId 6 in /home/runner/work/Encina/Encina/tests/Encina.BenchmarkTests/Encina.Benchmarks/bin/Release/net10.0/Encina.Benchmarks-ShortRun-1/bin/Release/net10.0
// Failed to set up high priority (Permission denied). In order to run benchmarks with high priority, make sure you have the right permissions.
// BeforeAnythingElse

// Benchmark Process Environment Information:
// BenchmarkDotNet v0.15.8
// Runtime=.NET 10.0.12 (10.0.12, 10.0.1226.42308), X64 RyuJIT x86-64-v3
// GC=Concurrent Workstation
// HardwareIntrinsics=AVX2+BMI1+BMI2+F16C+FMA+LZCNT+MOVBE,AVX,SSE3+SSSE3+SSE4.1+SSE4.2+POPCNT,X86Base+SSE+SSE2,AES+PCLMUL VectorSize=256
// Job: ShortRun(IterationCount=3, LaunchCount=1, WarmupCount=3)

OverheadJitting  1: 1 op, 261031.00 ns, 261.0310 us/op
WorkloadJitting  1: 1 op, 9015798.00 ns, 9.0158 ms/op

OverheadJitting  2: 16 op, 205987.00 ns, 12.8742 us/op
WorkloadJitting  2: 16 op, 318588.00 ns, 19.9118 us/op

WorkloadPilot    1: 16 op, 64371.00 ns, 4.0232 us/op
WorkloadPilot    2: 32 op, 38914.00 ns, 1.2161 us/op
WorkloadPilot    3: 64 op, 94087.00 ns, 1.4701 us/op
WorkloadPilot    4: 128 op, 125176.00 ns, 977.9375 ns/op
WorkloadPilot    5: 256 op, 246684.00 ns, 963.6094 ns/op
WorkloadPilot    6: 512 op, 426462.00 ns, 832.9336 ns/op
WorkloadPilot    7: 1024 op, 929097.00 ns, 907.3213 ns/op
WorkloadPilot    8: 2048 op, 1743978.00 ns, 851.5518 ns/op
WorkloadPilot    9: 4096 op, 3712168.00 ns, 906.2910 ns/op
WorkloadPilot   10: 8192 op, 6894821.00 ns, 841.6530 ns/op
WorkloadPilot   11: 16384 op, 13865145.00 ns, 846.2613 ns/op
WorkloadPilot   12: 32768 op, 27532548.00 ns, 840.2267 ns/op
WorkloadPilot   13: 65536 op, 63819442.00 ns, 973.8074 ns/op
WorkloadPilot   14: 131072 op, 137720378.00 ns, 1.0507 us/op
WorkloadPilot   15: 262144 op, 294691201.00 ns, 1.1242 us/op
WorkloadPilot   16: 524288 op, 639253725.00 ns, 1.2193 us/op

OverheadWarmup   1: 524288 op, 898579.00 ns, 1.7139 ns/op
OverheadWarmup   2: 524288 op, 885484.00 ns, 1.6889 ns/op
OverheadWarmup   3: 524288 op, 885023.00 ns, 1.6880 ns/op
OverheadWarmup   4: 524288 op, 902116.00 ns, 1.7206 ns/op
OverheadWarmup   5: 524288 op, 883150.00 ns, 1.6845 ns/op
OverheadWarmup   6: 524288 op, 881597.00 ns, 1.6815 ns/op
OverheadWarmup   7: 524288 op, 885644.00 ns, 1.6892 ns/op
OverheadWarmup   8: 524288 op, 886516.00 ns, 1.6909 ns/op
OverheadWarmup   9: 524288 op, 884283.00 ns, 1.6866 ns/op

OverheadActual   1: 524288 op, 891265.00 ns, 1.7000 ns/op
OverheadActual   2: 524288 op, 889933.00 ns, 1.6974 ns/op
OverheadActual   3: 524288 op, 886627.00 ns, 1.6911 ns/op
OverheadActual   4: 524288 op, 869494.00 ns, 1.6584 ns/op
OverheadActual   5: 524288 op, 897396.00 ns, 1.7116 ns/op
OverheadActual   6: 524288 op, 900994.00 ns, 1.7185 ns/op
OverheadActual   7: 524288 op, 891296.00 ns, 1.7000 ns/op
OverheadActual   8: 524288 op, 898549.00 ns, 1.7138 ns/op
OverheadActual   9: 524288 op, 871809.00 ns, 1.6628 ns/op
OverheadActual  10: 524288 op, 885135.00 ns, 1.6883 ns/op
OverheadActual  11: 524288 op, 899071.00 ns, 1.7148 ns/op
OverheadActual  12: 524288 op, 889723.00 ns, 1.6970 ns/op
OverheadActual  13: 524288 op, 886717.00 ns, 1.6913 ns/op
OverheadActual  14: 524288 op, 887198.00 ns, 1.6922 ns/op
OverheadActual  15: 524288 op, 888221.00 ns, 1.6941 ns/op

WorkloadWarmup   1: 524288 op, 619005374.00 ns, 1.1807 us/op
WorkloadWarmup   2: 524288 op, 615195638.00 ns, 1.1734 us/op
WorkloadWarmup   3: 524288 op, 622457793.00 ns, 1.1872 us/op

// BeforeActualRun
WorkloadActual   1: 524288 op, 632726269.00 ns, 1.2068 us/op
WorkloadActual   2: 524288 op, 622303320.00 ns, 1.1869 us/op
WorkloadActual   3: 524288 op, 623441410.00 ns, 1.1891 us/op

// AfterActualRun
WorkloadResult   1: 524288 op, 631836546.00 ns, 1.2051 us/op
WorkloadResult   2: 524288 op, 621413597.00 ns, 1.1853 us/op
WorkloadResult   3: 524288 op, 622551687.00 ns, 1.1874 us/op
// GC:  11 10 0 192937984 524288
// Threading:  0 0 524288

// AfterAll
// Benchmark Process 4297 has exited with code 0.

Mean = 1.193 μs, StdErr = 0.006 μs (0.53%), N = 3, StdDev = 0.011 μs
Min = 1.185 μs, Q1 = 1.186 μs, Median = 1.187 μs, Q3 = 1.196 μs, Max = 1.205 μs
IQR = 0.010 μs, LowerFence = 1.171 μs, UpperFence = 1.211 μs
ConfidenceInterval = [0.994 μs; 1.392 μs] (CI 99.9%), Margin = 0.199 μs (16.68% of Mean)
Skewness = 0.37, Kurtosis = 0.67, MValue = 2

// ** Remained 5 (41.7 %) benchmark(s) to run. Estimated finish 2026-09-23 19:13 (0h 1m from now) **
// **************************
// Benchmark: DPIAServiceBenchmarks.'Expire assessment': ShortRun(IterationCount=3, LaunchCount=1, WarmupCount=3)
// *** Execute ***
// Launch: 1 / 1
// Execute: dotnet Encina.Benchmarks-ShortRun-1.dll --anonymousPipes 230 231 --benchmarkName Encina.Benchmarks.Compliance.DPIA.DPIAServiceBenchmarks.ExpireAssessment --job ShortRun --benchmarkId 7 in /home/runner/work/Encina/Encina/tests/Encina.BenchmarkTests/Encina.Benchmarks/bin/Release/net10.0/Encina.Benchmarks-ShortRun-1/bin/Release/net10.0
// Failed to set up high priority (Permission denied). In order to run benchmarks with high priority, make sure you have the right permissions.
// BeforeAnythingElse

// Benchmark Process Environment Information:
// BenchmarkDotNet v0.15.8
// Runtime=.NET 10.0.12 (10.0.12, 10.0.1226.42308), X64 RyuJIT x86-64-v3
// GC=Concurrent Workstation
// HardwareIntrinsics=AVX2+BMI1+BMI2+F16C+FMA+LZCNT+MOVBE,AVX,SSE3+SSSE3+SSE4.1+SSE4.2+POPCNT,X86Base+SSE+SSE2,AES+PCLMUL VectorSize=256
// Job: ShortRun(IterationCount=3, LaunchCount=1, WarmupCount=3)

OverheadJitting  1: 1 op, 235402.00 ns, 235.4020 us/op
WorkloadJitting  1: 1 op, 8939255.00 ns, 8.9393 ms/op

OverheadJitting  2: 16 op, 204915.00 ns, 12.8072 us/op
WorkloadJitting  2: 16 op, 295235.00 ns, 18.4522 us/op

WorkloadPilot    1: 16 op, 58760.00 ns, 3.6725 us/op
WorkloadPilot    2: 32 op, 34615.00 ns, 1.0817 us/op
WorkloadPilot    3: 64 op, 66685.00 ns, 1.0420 us/op
WorkloadPilot    4: 128 op, 109054.00 ns, 851.9844 ns/op
WorkloadPilot    5: 256 op, 233118.00 ns, 910.6172 ns/op
WorkloadPilot    6: 512 op, 394141.00 ns, 769.8066 ns/op
WorkloadPilot    7: 1024 op, 801847.00 ns, 783.0537 ns/op
WorkloadPilot    8: 2048 op, 1474041.00 ns, 719.7466 ns/op
WorkloadPilot    9: 4096 op, 3157335.00 ns, 770.8337 ns/op
WorkloadPilot   10: 8192 op, 5914188.00 ns, 721.9468 ns/op
WorkloadPilot   11: 16384 op, 11719021.00 ns, 715.2723 ns/op
WorkloadPilot   12: 32768 op, 23418945.00 ns, 714.6895 ns/op
WorkloadPilot   13: 65536 op, 56240136.00 ns, 858.1564 ns/op
WorkloadPilot   14: 131072 op, 123128628.00 ns, 939.3969 ns/op
WorkloadPilot   15: 262144 op, 270012965.00 ns, 1.0300 us/op
WorkloadPilot   16: 524288 op, 555218398.00 ns, 1.0590 us/op

OverheadWarmup   1: 524288 op, 849797.00 ns, 1.6209 ns/op
OverheadWarmup   2: 524288 op, 879414.00 ns, 1.6773 ns/op
OverheadWarmup   3: 524288 op, 884533.00 ns, 1.6871 ns/op
OverheadWarmup   4: 524288 op, 864785.00 ns, 1.6494 ns/op
OverheadWarmup   5: 524288 op, 884352.00 ns, 1.6868 ns/op
OverheadWarmup   6: 524288 op, 882449.00 ns, 1.6831 ns/op

OverheadActual   1: 524288 op, 850650.00 ns, 1.6225 ns/op
OverheadActual   2: 524288 op, 884643.00 ns, 1.6873 ns/op
OverheadActual   3: 524288 op, 865136.00 ns, 1.6501 ns/op
OverheadActual   4: 524288 op, 867471.00 ns, 1.6546 ns/op
OverheadActual   5: 524288 op, 865397.00 ns, 1.6506 ns/op
OverheadActual   6: 524288 op, 863854.00 ns, 1.6477 ns/op
OverheadActual   7: 524288 op, 863613.00 ns, 1.6472 ns/op
OverheadActual   8: 524288 op, 867931.00 ns, 1.6554 ns/op
OverheadActual   9: 524288 op, 849858.00 ns, 1.6210 ns/op
OverheadActual  10: 524288 op, 864355.00 ns, 1.6486 ns/op
OverheadActual  11: 524288 op, 870186.00 ns, 1.6597 ns/op
OverheadActual  12: 524288 op, 849938.00 ns, 1.6211 ns/op
OverheadActual  13: 524288 op, 870196.00 ns, 1.6598 ns/op
OverheadActual  14: 524288 op, 867721.00 ns, 1.6550 ns/op
OverheadActual  15: 524288 op, 863653.00 ns, 1.6473 ns/op

WorkloadWarmup   1: 524288 op, 564688805.00 ns, 1.0771 us/op
WorkloadWarmup   2: 524288 op, 542376102.00 ns, 1.0345 us/op
WorkloadWarmup   3: 524288 op, 549240270.00 ns, 1.0476 us/op

// BeforeActualRun
WorkloadActual   1: 524288 op, 570498932.00 ns, 1.0881 us/op
WorkloadActual   2: 524288 op, 552509215.00 ns, 1.0538 us/op
WorkloadActual   3: 524288 op, 551142579.00 ns, 1.0512 us/op

// AfterActualRun
WorkloadResult   1: 524288 op, 569633796.00 ns, 1.0865 us/op
WorkloadResult   2: 524288 op, 551644079.00 ns, 1.0522 us/op
WorkloadResult   3: 524288 op, 550277443.00 ns, 1.0496 us/op
// GC:  11 10 0 184549376 524288
// Threading:  0 0 524288

// AfterAll
// Benchmark Process 4311 has exited with code 0.

Mean = 1.063 μs, StdErr = 0.012 μs (1.12%), N = 3, StdDev = 0.021 μs
Min = 1.050 μs, Q1 = 1.051 μs, Median = 1.052 μs, Q3 = 1.069 μs, Max = 1.086 μs
IQR = 0.018 μs, LowerFence = 1.023 μs, UpperFence = 1.097 μs
ConfidenceInterval = [0.687 μs; 1.439 μs] (CI 99.9%), Margin = 0.376 μs (35.37% of Mean)
Skewness = 0.38, Kurtosis = 0.67, MValue = 2

// ** Remained 4 (33.3 %) benchmark(s) to run. Estimated finish 2026-09-23 19:13 (0h 1m from now) **
// **************************
// Benchmark: DPIAServiceBenchmarks.'Get assessment by ID (cached)': ShortRun(IterationCount=3, LaunchCount=1, WarmupCount=3)
// *** Execute ***
// Launch: 1 / 1
// Execute: dotnet Encina.Benchmarks-ShortRun-1.dll --anonymousPipes 230 231 --benchmarkName Encina.Benchmarks.Compliance.DPIA.DPIAServiceBenchmarks.GetAssessmentById --job ShortRun --benchmarkId 8 in /home/runner/work/Encina/Encina/tests/Encina.BenchmarkTests/Encina.Benchmarks/bin/Release/net10.0/Encina.Benchmarks-ShortRun-1/bin/Release/net10.0
// Failed to set up high priority (Permission denied). In order to run benchmarks with high priority, make sure you have the right permissions.
// BeforeAnythingElse

// Benchmark Process Environment Information:
// BenchmarkDotNet v0.15.8
// Runtime=.NET 10.0.12 (10.0.12, 10.0.1226.42308), X64 RyuJIT x86-64-v3
// GC=Concurrent Workstation
// HardwareIntrinsics=AVX2+BMI1+BMI2+F16C+FMA+LZCNT+MOVBE,AVX,SSE3+SSSE3+SSE4.1+SSE4.2+POPCNT,X86Base+SSE+SSE2,AES+PCLMUL VectorSize=256
// Job: ShortRun(IterationCount=3, LaunchCount=1, WarmupCount=3)

OverheadJitting  1: 1 op, 256362.00 ns, 256.3620 us/op
WorkloadJitting  1: 1 op, 8728518.00 ns, 8.7285 ms/op

OverheadJitting  2: 16 op, 491544.00 ns, 30.7215 us/op
WorkloadJitting  2: 16 op, 560644.00 ns, 35.0403 us/op

WorkloadPilot    1: 16 op, 66596.00 ns, 4.1623 us/op
WorkloadPilot    2: 32 op, 39134.00 ns, 1.2229 us/op
WorkloadPilot    3: 64 op, 75071.00 ns, 1.1730 us/op
WorkloadPilot    4: 128 op, 105669.00 ns, 825.5391 ns/op
WorkloadPilot    5: 256 op, 231185.00 ns, 903.0664 ns/op
WorkloadPilot    6: 512 op, 424819.00 ns, 829.7246 ns/op
WorkloadPilot    7: 1024 op, 793020.00 ns, 774.4336 ns/op
WorkloadPilot    8: 2048 op, 1568038.00 ns, 765.6436 ns/op
WorkloadPilot    9: 4096 op, 2974691.00 ns, 726.2429 ns/op
WorkloadPilot   10: 8192 op, 5898938.00 ns, 720.0852 ns/op
WorkloadPilot   11: 16384 op, 11882527.00 ns, 725.2519 ns/op
WorkloadPilot   12: 32768 op, 23376523.00 ns, 713.3949 ns/op
WorkloadPilot   13: 65536 op, 52187624.00 ns, 796.3199 ns/op
WorkloadPilot   14: 131072 op, 129151521.00 ns, 985.3479 ns/op
WorkloadPilot   15: 262144 op, 257405925.00 ns, 981.9257 ns/op
WorkloadPilot   16: 524288 op, 589264197.00 ns, 1.1239 us/op

OverheadWarmup   1: 524288 op, 1724712.00 ns, 3.2896 ns/op
OverheadWarmup   2: 524288 op, 1713411.00 ns, 3.2681 ns/op
OverheadWarmup   3: 524288 op, 1745101.00 ns, 3.3285 ns/op
OverheadWarmup   4: 524288 op, 1719042.00 ns, 3.2788 ns/op
OverheadWarmup   5: 524288 op, 1726775.00 ns, 3.2936 ns/op
OverheadWarmup   6: 524288 op, 1724061.00 ns, 3.2884 ns/op

OverheadActual   1: 524288 op, 1713611.00 ns, 3.2685 ns/op
OverheadActual   2: 524288 op, 1727328.00 ns, 3.2946 ns/op
OverheadActual   3: 524288 op, 1728809.00 ns, 3.2974 ns/op
OverheadActual   4: 524288 op, 1716517.00 ns, 3.2740 ns/op
OverheadActual   5: 524288 op, 1728520.00 ns, 3.2969 ns/op
OverheadActual   6: 524288 op, 1724581.00 ns, 3.2894 ns/op
OverheadActual   7: 524288 op, 1733469.00 ns, 3.3063 ns/op
OverheadActual   8: 524288 op, 1721015.00 ns, 3.2826 ns/op
OverheadActual   9: 524288 op, 1723870.00 ns, 3.2880 ns/op
OverheadActual  10: 524288 op, 1729501.00 ns, 3.2988 ns/op
OverheadActual  11: 524288 op, 1716326.00 ns, 3.2736 ns/op
OverheadActual  12: 524288 op, 1723891.00 ns, 3.2881 ns/op
OverheadActual  13: 524288 op, 1727148.00 ns, 3.2943 ns/op
OverheadActual  14: 524288 op, 1727057.00 ns, 3.2941 ns/op
OverheadActual  15: 524288 op, 1718972.00 ns, 3.2787 ns/op

WorkloadWarmup   1: 524288 op, 562873415.00 ns, 1.0736 us/op
WorkloadWarmup   2: 524288 op, 576755364.00 ns, 1.1001 us/op
WorkloadWarmup   3: 524288 op, 558366532.00 ns, 1.0650 us/op

// BeforeActualRun
WorkloadActual   1: 524288 op, 553955147.00 ns, 1.0566 us/op
WorkloadActual   2: 524288 op, 577646809.00 ns, 1.1018 us/op
WorkloadActual   3: 524288 op, 577234125.00 ns, 1.1010 us/op

// AfterActualRun
WorkloadResult   1: 524288 op, 552230566.00 ns, 1.0533 us/op
WorkloadResult   2: 524288 op, 575922228.00 ns, 1.0985 us/op
WorkloadResult   3: 524288 op, 575509544.00 ns, 1.0977 us/op
// GC:  13 12 0 222298112 524288
// Threading:  0 0 524288

// AfterAll
// Benchmark Process 4321 has exited with code 0.

Mean = 1.083 μs, StdErr = 0.015 μs (1.38%), N = 3, StdDev = 0.026 μs
Min = 1.053 μs, Q1 = 1.075 μs, Median = 1.098 μs, Q3 = 1.098 μs, Max = 1.098 μs
IQR = 0.023 μs, LowerFence = 1.042 μs, UpperFence = 1.132 μs
ConfidenceInterval = [0.611 μs; 1.555 μs] (CI 99.9%), Margin = 0.472 μs (43.56% of Mean)
Skewness = -0.38, Kurtosis = 0.67, MValue = 2

// ** Remained 3 (25.0 %) benchmark(s) to run. Estimated finish 2026-09-23 19:13 (0h 1m from now) **
// **************************
// Benchmark: DPIAServiceBenchmarks.'Get assessment by request type (pipeline hot-path)': ShortRun(IterationCount=3, LaunchCount=1, WarmupCount=3)
// *** Execute ***
// Launch: 1 / 1
// Execute: dotnet Encina.Benchmarks-ShortRun-1.dll --anonymousPipes 230 231 --benchmarkName Encina.Benchmarks.Compliance.DPIA.DPIAServiceBenchmarks.GetAssessmentByRequestType --job ShortRun --benchmarkId 9 in /home/runner/work/Encina/Encina/tests/Encina.BenchmarkTests/Encina.Benchmarks/bin/Release/net10.0/Encina.Benchmarks-ShortRun-1/bin/Release/net10.0
// Failed to set up high priority (Permission denied). In order to run benchmarks with high priority, make sure you have the right permissions.
// BeforeAnythingElse

// Benchmark Process Environment Information:
// BenchmarkDotNet v0.15.8
// Runtime=.NET 10.0.12 (10.0.12, 10.0.1226.42308), X64 RyuJIT x86-64-v3
// GC=Concurrent Workstation
// HardwareIntrinsics=AVX2+BMI1+BMI2+F16C+FMA+LZCNT+MOVBE,AVX,SSE3+SSSE3+SSE4.1+SSE4.2+POPCNT,X86Base+SSE+SSE2,AES+PCLMUL VectorSize=256
// Job: ShortRun(IterationCount=3, LaunchCount=1, WarmupCount=3)

OverheadJitting  1: 1 op, 227238.00 ns, 227.2380 us/op
WorkloadJitting  1: 1 op, 8609417.00 ns, 8.6094 ms/op

OverheadJitting  2: 16 op, 462139.00 ns, 28.8837 us/op
WorkloadJitting  2: 16 op, 558170.00 ns, 34.8856 us/op

WorkloadPilot    1: 16 op, 61015.00 ns, 3.8134 us/op
WorkloadPilot    2: 32 op, 37220.00 ns, 1.1631 us/op
WorkloadPilot    3: 64 op, 63179.00 ns, 987.1719 ns/op
WorkloadPilot    4: 128 op, 127720.00 ns, 997.8125 ns/op
WorkloadPilot    5: 256 op, 196569.00 ns, 767.8477 ns/op
WorkloadPilot    6: 512 op, 408087.00 ns, 797.0449 ns/op
WorkloadPilot    7: 1024 op, 765359.00 ns, 747.4209 ns/op
WorkloadPilot    8: 2048 op, 1395765.00 ns, 681.5259 ns/op
WorkloadPilot    9: 4096 op, 2765760.00 ns, 675.2344 ns/op
WorkloadPilot   10: 8192 op, 5470144.00 ns, 667.7422 ns/op
WorkloadPilot   11: 16384 op, 11040788.00 ns, 673.8762 ns/op
WorkloadPilot   12: 32768 op, 22372895.00 ns, 682.7666 ns/op
WorkloadPilot   13: 65536 op, 50019875.00 ns, 763.2427 ns/op
WorkloadPilot   14: 131072 op, 121346578.00 ns, 925.8009 ns/op
WorkloadPilot   15: 262144 op, 247267244.00 ns, 943.2497 ns/op
WorkloadPilot   16: 524288 op, 508264003.00 ns, 969.4367 ns/op

OverheadWarmup   1: 524288 op, 1741213.00 ns, 3.3211 ns/op
OverheadWarmup   2: 524288 op, 1741103.00 ns, 3.3209 ns/op
OverheadWarmup   3: 524288 op, 1849277.00 ns, 3.5272 ns/op
OverheadWarmup   4: 524288 op, 1923987.00 ns, 3.6697 ns/op
OverheadWarmup   5: 524288 op, 1733299.00 ns, 3.3060 ns/op
OverheadWarmup   6: 524288 op, 1735543.00 ns, 3.3103 ns/op
OverheadWarmup   7: 524288 op, 1741634.00 ns, 3.3219 ns/op
OverheadWarmup   8: 524288 op, 1732176.00 ns, 3.3039 ns/op

OverheadActual   1: 524288 op, 1742076.00 ns, 3.3227 ns/op
OverheadActual   2: 524288 op, 1767623.00 ns, 3.3715 ns/op
OverheadActual   3: 524288 op, 1741043.00 ns, 3.3208 ns/op
OverheadActual   4: 524288 op, 1740302.00 ns, 3.3194 ns/op
OverheadActual   5: 524288 op, 1740322.00 ns, 3.3194 ns/op
OverheadActual   6: 524288 op, 1743809.00 ns, 3.3261 ns/op
OverheadActual   7: 524288 op, 1734691.00 ns, 3.3087 ns/op
OverheadActual   8: 524288 op, 1741153.00 ns, 3.3210 ns/op
OverheadActual   9: 524288 op, 1745662.00 ns, 3.3296 ns/op
OverheadActual  10: 524288 op, 1743758.00 ns, 3.3260 ns/op
OverheadActual  11: 524288 op, 1740481.00 ns, 3.3197 ns/op
OverheadActual  12: 524288 op, 1744019.00 ns, 3.3265 ns/op
OverheadActual  13: 524288 op, 1769306.00 ns, 3.3747 ns/op
OverheadActual  14: 524288 op, 1741033.00 ns, 3.3208 ns/op
OverheadActual  15: 524288 op, 1797440.00 ns, 3.4283 ns/op

WorkloadWarmup   1: 524288 op, 512077851.00 ns, 976.7110 ns/op
WorkloadWarmup   2: 524288 op, 496175736.00 ns, 946.3801 ns/op
WorkloadWarmup   3: 524288 op, 503522608.00 ns, 960.3932 ns/op

// BeforeActualRun
WorkloadActual   1: 524288 op, 487027819.00 ns, 928.9318 ns/op
WorkloadActual   2: 524288 op, 487310467.00 ns, 929.4710 ns/op
WorkloadActual   3: 524288 op, 493147160.00 ns, 940.6036 ns/op

// AfterActualRun
WorkloadResult   1: 524288 op, 485285743.00 ns, 925.6091 ns/op
WorkloadResult   2: 524288 op, 485568391.00 ns, 926.1482 ns/op
WorkloadResult   3: 524288 op, 491405084.00 ns, 937.2808 ns/op
// GC:  12 11 0 205520896 524288
// Threading:  0 0 524288

// AfterAll
// Benchmark Process 4331 has exited with code 0.

Mean = 929.679 ns, StdErr = 3.804 ns (0.41%), N = 3, StdDev = 6.589 ns
Min = 925.609 ns, Q1 = 925.879 ns, Median = 926.148 ns, Q3 = 931.715 ns, Max = 937.281 ns
IQR = 5.836 ns, LowerFence = 917.125 ns, UpperFence = 940.468 ns
ConfidenceInterval = [809.480 ns; 1,049.879 ns] (CI 99.9%), Margin = 120.200 ns (12.93% of Mean)
Skewness = 0.38, Kurtosis = 0.67, MValue = 2

// ** Remained 2 (16.7 %) benchmark(s) to run. Estimated finish 2026-09-23 19:13 (0h 0m from now) **
// **************************
// Benchmark: DPIAServiceBenchmarks.'Get expired assessments': ShortRun(IterationCount=3, LaunchCount=1, WarmupCount=3)
// *** Execute ***
// Launch: 1 / 1
// Execute: dotnet Encina.Benchmarks-ShortRun-1.dll --anonymousPipes 230 231 --benchmarkName Encina.Benchmarks.Compliance.DPIA.DPIAServiceBenchmarks.GetExpiredAssessments --job ShortRun --benchmarkId 10 in /home/runner/work/Encina/Encina/tests/Encina.BenchmarkTests/Encina.Benchmarks/bin/Release/net10.0/Encina.Benchmarks-ShortRun-1/bin/Release/net10.0
// Failed to set up high priority (Permission denied). In order to run benchmarks with high priority, make sure you have the right permissions.
// BeforeAnythingElse

// Benchmark Process Environment Information:
// BenchmarkDotNet v0.15.8
// Runtime=.NET 10.0.12 (10.0.12, 10.0.1226.42308), X64 RyuJIT x86-64-v3
// GC=Concurrent Workstation
// HardwareIntrinsics=AVX2+BMI1+BMI2+F16C+FMA+LZCNT+MOVBE,AVX,SSE3+SSSE3+SSE4.1+SSE4.2+POPCNT,X86Base+SSE+SSE2,AES+PCLMUL VectorSize=256
// Job: ShortRun(IterationCount=3, LaunchCount=1, WarmupCount=3)

OverheadJitting  1: 1 op, 227678.00 ns, 227.6780 us/op
WorkloadJitting  1: 1 op, 8659659.00 ns, 8.6597 ms/op

OverheadJitting  2: 16 op, 523104.00 ns, 32.6940 us/op
WorkloadJitting  2: 16 op, 561686.00 ns, 35.1054 us/op

WorkloadPilot    1: 16 op, 82865.00 ns, 5.1791 us/op
WorkloadPilot    2: 32 op, 53931.00 ns, 1.6853 us/op
WorkloadPilot    3: 64 op, 78908.00 ns, 1.2329 us/op
WorkloadPilot    4: 128 op, 117591.00 ns, 918.6797 ns/op
WorkloadPilot    5: 256 op, 228990.00 ns, 894.4922 ns/op
WorkloadPilot    6: 512 op, 367411.00 ns, 717.5996 ns/op
WorkloadPilot    7: 1024 op, 698994.00 ns, 682.6113 ns/op
WorkloadPilot    8: 2048 op, 1308139.00 ns, 638.7397 ns/op
WorkloadPilot    9: 4096 op, 2584679.00 ns, 631.0251 ns/op
WorkloadPilot   10: 8192 op, 5079148.00 ns, 620.0132 ns/op
WorkloadPilot   11: 16384 op, 10221916.00 ns, 623.8962 ns/op
WorkloadPilot   12: 32768 op, 20659608.00 ns, 630.4812 ns/op
WorkloadPilot   13: 65536 op, 47272748.00 ns, 721.3249 ns/op
WorkloadPilot   14: 131072 op, 118116185.00 ns, 901.1550 ns/op
WorkloadPilot   15: 262144 op, 241857093.00 ns, 922.6116 ns/op
WorkloadPilot   16: 524288 op, 461257360.00 ns, 879.7786 ns/op
WorkloadPilot   17: 1048576 op, 1035588590.00 ns, 987.6142 ns/op

OverheadWarmup   1: 1048576 op, 3641947.00 ns, 3.4732 ns/op
OverheadWarmup   2: 1048576 op, 3583306.00 ns, 3.4173 ns/op
OverheadWarmup   3: 1048576 op, 3564360.00 ns, 3.3992 ns/op
OverheadWarmup   4: 1048576 op, 3603804.00 ns, 3.4369 ns/op
OverheadWarmup   5: 1048576 op, 3671481.00 ns, 3.5014 ns/op
OverheadWarmup   6: 1048576 op, 3683235.00 ns, 3.5126 ns/op
OverheadWarmup   7: 1048576 op, 3636516.00 ns, 3.4681 ns/op
OverheadWarmup   8: 1048576 op, 3652446.00 ns, 3.4832 ns/op
OverheadWarmup   9: 1048576 op, 3581112.00 ns, 3.4152 ns/op

OverheadActual   1: 1048576 op, 3516670.00 ns, 3.3538 ns/op
OverheadActual   2: 1048576 op, 3604585.00 ns, 3.4376 ns/op
OverheadActual   3: 1048576 op, 3542189.00 ns, 3.3781 ns/op
OverheadActual   4: 1048576 op, 3533732.00 ns, 3.3700 ns/op
OverheadActual   5: 1048576 op, 3598575.00 ns, 3.4319 ns/op
OverheadActual   6: 1048576 op, 3515950.00 ns, 3.3531 ns/op
OverheadActual   7: 1048576 op, 3597683.00 ns, 3.4310 ns/op
OverheadActual   8: 1048576 op, 3514016.00 ns, 3.3512 ns/op
OverheadActual   9: 1048576 op, 3619095.00 ns, 3.4514 ns/op
OverheadActual  10: 1048576 op, 3522032.00 ns, 3.3589 ns/op
OverheadActual  11: 1048576 op, 3538182.00 ns, 3.3743 ns/op
OverheadActual  12: 1048576 op, 3510920.00 ns, 3.3483 ns/op
OverheadActual  13: 1048576 op, 3509748.00 ns, 3.3472 ns/op
OverheadActual  14: 1048576 op, 3520268.00 ns, 3.3572 ns/op
OverheadActual  15: 1048576 op, 3520589.00 ns, 3.3575 ns/op

WorkloadWarmup   1: 1048576 op, 936420788.00 ns, 893.0405 ns/op
WorkloadWarmup   2: 1048576 op, 928160635.00 ns, 885.1630 ns/op
WorkloadWarmup   3: 1048576 op, 914163771.00 ns, 871.8145 ns/op

// BeforeActualRun
WorkloadActual   1: 1048576 op, 928465532.00 ns, 885.4537 ns/op
WorkloadActual   2: 1048576 op, 962022618.00 ns, 917.4563 ns/op
WorkloadActual   3: 1048576 op, 935848502.00 ns, 892.4947 ns/op

// AfterActualRun
WorkloadResult   1: 1048576 op, 924943500.00 ns, 882.0949 ns/op
WorkloadResult   2: 1048576 op, 958500586.00 ns, 914.0974 ns/op
WorkloadResult   3: 1048576 op, 932326470.00 ns, 889.1358 ns/op
// GC:  24 23 0 419430656 1048576
// Threading:  0 0 1048576

// AfterAll
// Benchmark Process 4339 has exited with code 0.

Mean = 895.109 ns, StdErr = 9.709 ns (1.08%), N = 3, StdDev = 16.817 ns
Min = 882.095 ns, Q1 = 885.615 ns, Median = 889.136 ns, Q3 = 901.617 ns, Max = 914.097 ns
IQR = 16.001 ns, LowerFence = 861.613 ns, UpperFence = 925.618 ns
ConfidenceInterval = [588.309 ns; 1,201.909 ns] (CI 99.9%), Margin = 306.800 ns (34.28% of Mean)
Skewness = 0.31, Kurtosis = 0.67, MValue = 2

// ** Remained 1 (8.3 %) benchmark(s) to run. Estimated finish 2026-09-23 19:13 (0h 0m from now) **
// **************************
// Benchmark: DPIAServiceBenchmarks.'Get all assessments': ShortRun(IterationCount=3, LaunchCount=1, WarmupCount=3)
// *** Execute ***
// Launch: 1 / 1
// Execute: dotnet Encina.Benchmarks-ShortRun-1.dll --anonymousPipes 230 231 --benchmarkName Encina.Benchmarks.Compliance.DPIA.DPIAServiceBenchmarks.GetAllAssessments --job ShortRun --benchmarkId 11 in /home/runner/work/Encina/Encina/tests/Encina.BenchmarkTests/Encina.Benchmarks/bin/Release/net10.0/Encina.Benchmarks-ShortRun-1/bin/Release/net10.0
// Failed to set up high priority (Permission denied). In order to run benchmarks with high priority, make sure you have the right permissions.
// BeforeAnythingElse

// Benchmark Process Environment Information:
// BenchmarkDotNet v0.15.8
// Runtime=.NET 10.0.12 (10.0.12, 10.0.1226.42308), X64 RyuJIT x86-64-v3
// GC=Concurrent Workstation
// HardwareIntrinsics=AVX2+BMI1+BMI2+F16C+FMA+LZCNT+MOVBE,AVX,SSE3+SSSE3+SSE4.1+SSE4.2+POPCNT,X86Base+SSE+SSE2,AES+PCLMUL VectorSize=256
// Job: ShortRun(IterationCount=3, LaunchCount=1, WarmupCount=3)

OverheadJitting  1: 1 op, 226757.00 ns, 226.7570 us/op
WorkloadJitting  1: 1 op, 8684797.00 ns, 8.6848 ms/op

OverheadJitting  2: 16 op, 506933.00 ns, 31.6833 us/op
WorkloadJitting  2: 16 op, 589208.00 ns, 36.8255 us/op

WorkloadPilot    1: 16 op, 62327.00 ns, 3.8954 us/op
WorkloadPilot    2: 32 op, 34805.00 ns, 1.0877 us/op
WorkloadPilot    3: 64 op, 58069.00 ns, 907.3281 ns/op
WorkloadPilot    4: 128 op, 89228.00 ns, 697.0938 ns/op
WorkloadPilot    5: 256 op, 179578.00 ns, 701.4766 ns/op
WorkloadPilot    6: 512 op, 324911.00 ns, 634.5918 ns/op
WorkloadPilot    7: 1024 op, 653108.00 ns, 637.8008 ns/op
WorkloadPilot    8: 2048 op, 1198713.00 ns, 585.3091 ns/op
WorkloadPilot    9: 4096 op, 2353124.00 ns, 574.4932 ns/op
WorkloadPilot   10: 8192 op, 4691269.00 ns, 572.6647 ns/op
WorkloadPilot   11: 16384 op, 9440068.00 ns, 576.1760 ns/op
WorkloadPilot   12: 32768 op, 18618114.00 ns, 568.1797 ns/op
WorkloadPilot   13: 65536 op, 43640607.00 ns, 665.9028 ns/op
WorkloadPilot   14: 131072 op, 108332310.00 ns, 826.5099 ns/op
WorkloadPilot   15: 262144 op, 223219277.00 ns, 851.5140 ns/op
WorkloadPilot   16: 524288 op, 427809704.00 ns, 815.9823 ns/op
WorkloadPilot   17: 1048576 op, 986328490.00 ns, 940.6361 ns/op

OverheadWarmup   1: 1048576 op, 3539674.00 ns, 3.3757 ns/op
OverheadWarmup   2: 1048576 op, 3586914.00 ns, 3.4207 ns/op
OverheadWarmup   3: 1048576 op, 3469413.00 ns, 3.3087 ns/op
OverheadWarmup   4: 1048576 op, 3627169.00 ns, 3.4591 ns/op
OverheadWarmup   5: 1048576 op, 3574264.00 ns, 3.4087 ns/op

OverheadActual   1: 1048576 op, 3484005.00 ns, 3.3226 ns/op
OverheadActual   2: 1048576 op, 3491659.00 ns, 3.3299 ns/op
OverheadActual   3: 1048576 op, 3479135.00 ns, 3.3180 ns/op
OverheadActual   4: 1048576 op, 3482301.00 ns, 3.3210 ns/op
OverheadActual   5: 1048576 op, 3489325.00 ns, 3.3277 ns/op
OverheadActual   6: 1048576 op, 3499974.00 ns, 3.3378 ns/op
OverheadActual   7: 1048576 op, 3493432.00 ns, 3.3316 ns/op
OverheadActual   8: 1048576 op, 3483865.00 ns, 3.3225 ns/op
OverheadActual   9: 1048576 op, 3559767.00 ns, 3.3949 ns/op
OverheadActual  10: 1048576 op, 3505024.00 ns, 3.3427 ns/op
OverheadActual  11: 1048576 op, 3528368.00 ns, 3.3649 ns/op
OverheadActual  12: 1048576 op, 3509803.00 ns, 3.3472 ns/op
OverheadActual  13: 1048576 op, 3522031.00 ns, 3.3589 ns/op
OverheadActual  14: 1048576 op, 3508796.00 ns, 3.3462 ns/op
OverheadActual  15: 1048576 op, 3549774.00 ns, 3.3853 ns/op

WorkloadWarmup   1: 1048576 op, 880609258.00 ns, 839.8144 ns/op
WorkloadWarmup   2: 1048576 op, 882826286.00 ns, 841.9288 ns/op
WorkloadWarmup   3: 1048576 op, 853293218.00 ns, 813.7638 ns/op

// BeforeActualRun
WorkloadActual   1: 1048576 op, 859828355.00 ns, 819.9962 ns/op
WorkloadActual   2: 1048576 op, 880902580.00 ns, 840.0942 ns/op
WorkloadActual   3: 1048576 op, 852989994.00 ns, 813.4746 ns/op

// AfterActualRun
WorkloadResult   1: 1048576 op, 856328381.00 ns, 816.6584 ns/op
WorkloadResult   2: 1048576 op, 877402606.00 ns, 836.7563 ns/op
WorkloadResult   3: 1048576 op, 849490020.00 ns, 810.1368 ns/op
// GC:  24 23 0 419430656 1048576
// Threading:  0 0 1048576

// AfterAll
// Benchmark Process 4362 has exited with code 0.

Mean = 821.184 ns, StdErr = 8.011 ns (0.98%), N = 3, StdDev = 13.875 ns
Min = 810.137 ns, Q1 = 813.398 ns, Median = 816.658 ns, Q3 = 826.707 ns, Max = 836.756 ns
IQR = 13.310 ns, LowerFence = 793.433 ns, UpperFence = 846.672 ns
ConfidenceInterval = [568.056 ns; 1,074.311 ns] (CI 99.9%), Margin = 253.128 ns (30.82% of Mean)
Skewness = 0.29, Kurtosis = 0.67, MValue = 2

// ** Remained 0 (0.0 %) benchmark(s) to run. Estimated finish 2026-09-23 19:13 (0h 0m from now) **
// ***** BenchmarkRunner: Finish  *****

// * Export *
  artifacts/performance/Core/results/Encina.Benchmarks.Compliance.DPIA.DPIAServiceBenchmarks-report.csv
  artifacts/performance/Core/results/Encina.Benchmarks.Compliance.DPIA.DPIAServiceBenchmarks-report-github.md
  artifacts/performance/Core/results/Encina.Benchmarks.Compliance.DPIA.DPIAServiceBenchmarks-report.html
  artifacts/performance/Core/results/Encina.Benchmarks.Compliance.DPIA.DPIAServiceBenchmarks-report-full-compressed.json

// * Detailed results *
DPIAServiceBenchmarks.'Create assessment (fast path)': ShortRun(IterationCount=3, LaunchCount=1, WarmupCount=3)
Runtime = .NET 10.0.12 (10.0.12, 10.0.1226.42308), X64 RyuJIT x86-64-v3; GC = Concurrent Workstation
Mean = 1.436 μs, StdErr = 0.015 μs (1.05%), N = 3, StdDev = 0.026 μs
Min = 1.409 μs, Q1 = 1.423 μs, Median = 1.437 μs, Q3 = 1.449 μs, Max = 1.461 μs
IQR = 0.026 μs, LowerFence = 1.384 μs, UpperFence = 1.489 μs
ConfidenceInterval = [0.957 μs; 1.914 μs] (CI 99.9%), Margin = 0.479 μs (33.32% of Mean)
Skewness = -0.06, Kurtosis = 0.67, MValue = 2
-------------------- Histogram --------------------
[1.385 μs ; 1.426 μs) | @
[1.426 μs ; 1.473 μs) | @@
---------------------------------------------------

DPIAServiceBenchmarks.'Evaluate assessment (risk engine)': ShortRun(IterationCount=3, LaunchCount=1, WarmupCount=3)
Runtime = .NET 10.0.12 (10.0.12, 10.0.1226.42308), X64 RyuJIT x86-64-v3; GC = Concurrent Workstation
Mean = 1.309 μs, StdErr = 0.010 μs (0.80%), N = 3, StdDev = 0.018 μs
Min = 1.290 μs, Q1 = 1.302 μs, Median = 1.314 μs, Q3 = 1.319 μs, Max = 1.325 μs
IQR = 0.018 μs, LowerFence = 1.275 μs, UpperFence = 1.346 μs
ConfidenceInterval = [0.978 μs; 1.641 μs] (CI 99.9%), Margin = 0.331 μs (25.31% of Mean)
Skewness = -0.21, Kurtosis = 0.67, MValue = 2
-------------------- Histogram --------------------
[1.273 μs ; 1.303 μs) | @
[1.303 μs ; 1.342 μs) | @@
---------------------------------------------------

DPIAServiceBenchmarks.'RequiresDPIA check (pipeline hot-path)': ShortRun(IterationCount=3, LaunchCount=1, WarmupCount=3)
Runtime = .NET 10.0.12 (10.0.12, 10.0.1226.42308), X64 RyuJIT x86-64-v3; GC = Concurrent Workstation
Mean = 884.592 ns, StdErr = 6.015 ns (0.68%), N = 3, StdDev = 10.418 ns
Min = 878.552 ns, Q1 = 878.577 ns, Median = 878.603 ns, Q3 = 887.612 ns, Max = 896.622 ns
IQR = 9.035 ns, LowerFence = 865.024 ns, UpperFence = 901.165 ns
ConfidenceInterval = [694.522 ns; 1,074.663 ns] (CI 99.9%), Margin = 190.071 ns (21.49% of Mean)
Skewness = 0.38, Kurtosis = 0.67, MValue = 2
-------------------- Histogram --------------------
[878.106 ns ; 897.068 ns) | @@@
---------------------------------------------------

DPIAServiceBenchmarks.'Request DPO consultation': ShortRun(IterationCount=3, LaunchCount=1, WarmupCount=3)
Runtime = .NET 10.0.12 (10.0.12, 10.0.1226.42308), X64 RyuJIT x86-64-v3; GC = Concurrent Workstation
Mean = 1.256 μs, StdErr = 0.007 μs (0.57%), N = 3, StdDev = 0.012 μs
Min = 1.245 μs, Q1 = 1.250 μs, Median = 1.255 μs, Q3 = 1.262 μs, Max = 1.270 μs
IQR = 0.012 μs, LowerFence = 1.231 μs, UpperFence = 1.281 μs
ConfidenceInterval = [1.031 μs; 1.482 μs] (CI 99.9%), Margin = 0.226 μs (17.96% of Mean)
Skewness = 0.14, Kurtosis = 0.67, MValue = 2
-------------------- Histogram --------------------
[1.237 μs ; 1.281 μs) | @@@
---------------------------------------------------

DPIAServiceBenchmarks.'Approve assessment': ShortRun(IterationCount=3, LaunchCount=1, WarmupCount=3)
Runtime = .NET 10.0.12 (10.0.12, 10.0.1226.42308), X64 RyuJIT x86-64-v3; GC = Concurrent Workstation
Mean = 2.216 μs, StdErr = 0.016 μs (0.74%), N = 3, StdDev = 0.028 μs
Min = 2.187 μs, Q1 = 2.203 μs, Median = 2.218 μs, Q3 = 2.231 μs, Max = 2.243 μs
IQR = 0.028 μs, LowerFence = 2.160 μs, UpperFence = 2.273 μs
ConfidenceInterval = [1.700 μs; 2.732 μs] (CI 99.9%), Margin = 0.516 μs (23.28% of Mean)
Skewness = -0.07, Kurtosis = 0.67, MValue = 2
-------------------- Histogram --------------------
[2.161 μs ; 2.205 μs) | @
[2.205 μs ; 2.257 μs) | @@
---------------------------------------------------

DPIAServiceBenchmarks.'Reject assessment': ShortRun(IterationCount=3, LaunchCount=1, WarmupCount=3)
Runtime = .NET 10.0.12 (10.0.12, 10.0.1226.42308), X64 RyuJIT x86-64-v3; GC = Concurrent Workstation
Mean = 1.193 μs, StdErr = 0.008 μs (0.63%), N = 3, StdDev = 0.013 μs
Min = 1.184 μs, Q1 = 1.186 μs, Median = 1.187 μs, Q3 = 1.198 μs, Max = 1.208 μs
IQR = 0.012 μs, LowerFence = 1.168 μs, UpperFence = 1.216 μs
ConfidenceInterval = [0.956 μs; 1.430 μs] (CI 99.9%), Margin = 0.237 μs (19.87% of Mean)
Skewness = 0.36, Kurtosis = 0.67, MValue = 2
-------------------- Histogram --------------------
[1.172 μs ; 1.220 μs) | @@@
---------------------------------------------------

DPIAServiceBenchmarks.'Request revision': ShortRun(IterationCount=3, LaunchCount=1, WarmupCount=3)
Runtime = .NET 10.0.12 (10.0.12, 10.0.1226.42308), X64 RyuJIT x86-64-v3; GC = Concurrent Workstation
Mean = 1.193 μs, StdErr = 0.006 μs (0.53%), N = 3, StdDev = 0.011 μs
Min = 1.185 μs, Q1 = 1.186 μs, Median = 1.187 μs, Q3 = 1.196 μs, Max = 1.205 μs
IQR = 0.010 μs, LowerFence = 1.171 μs, UpperFence = 1.211 μs
ConfidenceInterval = [0.994 μs; 1.392 μs] (CI 99.9%), Margin = 0.199 μs (16.68% of Mean)
Skewness = 0.37, Kurtosis = 0.67, MValue = 2
-------------------- Histogram --------------------
[1.175 μs ; 1.215 μs) | @@@
---------------------------------------------------

DPIAServiceBenchmarks.'Expire assessment': ShortRun(IterationCount=3, LaunchCount=1, WarmupCount=3)
Runtime = .NET 10.0.12 (10.0.12, 10.0.1226.42308), X64 RyuJIT x86-64-v3; GC = Concurrent Workstation
Mean = 1.063 μs, StdErr = 0.012 μs (1.12%), N = 3, StdDev = 0.021 μs
Min = 1.050 μs, Q1 = 1.051 μs, Median = 1.052 μs, Q3 = 1.069 μs, Max = 1.086 μs
IQR = 0.018 μs, LowerFence = 1.023 μs, UpperFence = 1.097 μs
ConfidenceInterval = [0.687 μs; 1.439 μs] (CI 99.9%), Margin = 0.376 μs (35.37% of Mean)
Skewness = 0.38, Kurtosis = 0.67, MValue = 2
-------------------- Histogram --------------------
[1.049 μs ; 1.087 μs) | @@@
---------------------------------------------------

DPIAServiceBenchmarks.'Get assessment by ID (cached)': ShortRun(IterationCount=3, LaunchCount=1, WarmupCount=3)
Runtime = .NET 10.0.12 (10.0.12, 10.0.1226.42308), X64 RyuJIT x86-64-v3; GC = Concurrent Workstation
Mean = 1.083 μs, StdErr = 0.015 μs (1.38%), N = 3, StdDev = 0.026 μs
Min = 1.053 μs, Q1 = 1.075 μs, Median = 1.098 μs, Q3 = 1.098 μs, Max = 1.098 μs
IQR = 0.023 μs, LowerFence = 1.042 μs, UpperFence = 1.132 μs
ConfidenceInterval = [0.611 μs; 1.555 μs] (CI 99.9%), Margin = 0.472 μs (43.56% of Mean)
Skewness = -0.38, Kurtosis = 0.67, MValue = 2
-------------------- Histogram --------------------
[1.052 μs ; 1.099 μs) | @@@
---------------------------------------------------

DPIAServiceBenchmarks.'Get assessment by request type (pipeline hot-path)': ShortRun(IterationCount=3, LaunchCount=1, WarmupCount=3)
Runtime = .NET 10.0.12 (10.0.12, 10.0.1226.42308), X64 RyuJIT x86-64-v3; GC = Concurrent Workstation
Mean = 929.679 ns, StdErr = 3.804 ns (0.41%), N = 3, StdDev = 6.589 ns
Min = 925.609 ns, Q1 = 925.879 ns, Median = 926.148 ns, Q3 = 931.715 ns, Max = 937.281 ns
IQR = 5.836 ns, LowerFence = 917.125 ns, UpperFence = 940.468 ns
ConfidenceInterval = [809.480 ns; 1,049.879 ns] (CI 99.9%), Margin = 120.200 ns (12.93% of Mean)
Skewness = 0.38, Kurtosis = 0.67, MValue = 2
-------------------- Histogram --------------------
[925.449 ns ; 937.441 ns) | @@@
---------------------------------------------------

DPIAServiceBenchmarks.'Get expired assessments': ShortRun(IterationCount=3, LaunchCount=1, WarmupCount=3)
Runtime = .NET 10.0.12 (10.0.12, 10.0.1226.42308), X64 RyuJIT x86-64-v3; GC = Concurrent Workstation
Mean = 895.109 ns, StdErr = 9.709 ns (1.08%), N = 3, StdDev = 16.817 ns
Min = 882.095 ns, Q1 = 885.615 ns, Median = 889.136 ns, Q3 = 901.617 ns, Max = 914.097 ns
IQR = 16.001 ns, LowerFence = 861.613 ns, UpperFence = 925.618 ns
ConfidenceInterval = [588.309 ns; 1,201.909 ns] (CI 99.9%), Margin = 306.800 ns (34.28% of Mean)
Skewness = 0.31, Kurtosis = 0.67, MValue = 2
-------------------- Histogram --------------------
[870.311 ns ; 900.919 ns) | @@
[900.919 ns ; 929.401 ns) | @
---------------------------------------------------

DPIAServiceBenchmarks.'Get all assessments': ShortRun(IterationCount=3, LaunchCount=1, WarmupCount=3)
Runtime = .NET 10.0.12 (10.0.12, 10.0.1226.42308), X64 RyuJIT x86-64-v3; GC = Concurrent Workstation
Mean = 821.184 ns, StdErr = 8.011 ns (0.98%), N = 3, StdDev = 13.875 ns
Min = 810.137 ns, Q1 = 813.398 ns, Median = 816.658 ns, Q3 = 826.707 ns, Max = 836.756 ns
IQR = 13.310 ns, LowerFence = 793.433 ns, UpperFence = 846.672 ns
ConfidenceInterval = [568.056 ns; 1,074.311 ns] (CI 99.9%), Margin = 253.128 ns (30.82% of Mean)
Skewness = 0.29, Kurtosis = 0.67, MValue = 2
-------------------- Histogram --------------------
[800.771 ns ; 826.024 ns) | @@
[826.024 ns ; 849.383 ns) | @
---------------------------------------------------

// * Summary *

BenchmarkDotNet v0.15.8, Linux Ubuntu 24.04.5 LTS (Noble Numbat)
AMD EPYC 7763 2.45GHz, 1 CPU, 4 logical and 2 physical cores
.NET SDK 10.0.401
  [Host]   : .NET 10.0.12 (10.0.12, 10.0.1226.42308), X64 RyuJIT x86-64-v3
  ShortRun : .NET 10.0.12 (10.0.12, 10.0.1226.42308), X64 RyuJIT x86-64-v3

Job=ShortRun  IterationCount=3  LaunchCount=1  
WarmupCount=3  

| Method                                               | Mean       | Error    | StdDev   | Ratio | RatioSD | Rank | Gen0   | Gen1   | Allocated | Alloc Ratio |
|----------------------------------------------------- |-----------:|---------:|---------:|------:|--------:|-----:|-------:|-------:|----------:|------------:|
| 'Create assessment (fast path)'                      | 1,436.0 ns | 478.5 ns | 26.23 ns |  1.00 |    0.02 |    1 | 0.0248 | 0.0229 |     432 B |        1.00 |
| 'Evaluate assessment (risk engine)'                  | 1,309.5 ns | 331.4 ns | 18.17 ns |  0.91 |    0.02 |    1 | 0.0248 | 0.0229 |     432 B |        1.00 |
| 'RequiresDPIA check (pipeline hot-path)'             |   884.6 ns | 190.1 ns | 10.42 ns |  0.62 |    0.01 |    1 | 0.0191 | 0.0181 |     336 B |        0.78 |
| 'Request DPO consultation'                           | 1,256.5 ns | 225.7 ns | 12.37 ns |  0.88 |    0.02 |    1 | 0.0248 | 0.0229 |     432 B |        1.00 |
| 'Approve assessment'                                 | 2,216.2 ns | 516.0 ns | 28.28 ns |  1.54 |    0.03 |    2 | 0.0534 | 0.0267 |     944 B |        2.19 |
| 'Reject assessment'                                  | 1,193.0 ns | 237.0 ns | 12.99 ns |  0.83 |    0.02 |    1 | 0.0210 | 0.0191 |     368 B |        0.85 |
| 'Request revision'                                   | 1,192.6 ns | 199.0 ns | 10.91 ns |  0.83 |    0.01 |    1 | 0.0210 | 0.0191 |     368 B |        0.85 |
| 'Expire assessment'                                  | 1,062.7 ns | 375.9 ns | 20.60 ns |  0.74 |    0.02 |    1 | 0.0210 | 0.0191 |     352 B |        0.81 |
| 'Get assessment by ID (cached)'                      | 1,083.2 ns | 471.9 ns | 25.87 ns |  0.75 |    0.02 |    1 | 0.0248 | 0.0229 |     424 B |        0.98 |
| 'Get assessment by request type (pipeline hot-path)' |   929.7 ns | 120.2 ns |  6.59 ns |  0.65 |    0.01 |    1 | 0.0229 | 0.0210 |     392 B |        0.91 |
| 'Get expired assessments'                            |   895.1 ns | 306.8 ns | 16.82 ns |  0.62 |    0.01 |    1 | 0.0229 | 0.0219 |     400 B |        0.93 |
| 'Get all assessments'                                |   821.2 ns | 253.1 ns | 13.87 ns |  0.57 |    0.01 |    1 | 0.0229 | 0.0219 |     400 B |        0.93 |
// * Config Issues *

// * Warnings *
Configuration
  Summary -> The exporter CsvExporter is already present in configuration. There may be unexpected results.
  Summary -> The exporter HtmlExporter is already present in configuration. There may be unexpected results.
  Summary -> The exporter MarkdownExporter-github is already present in configuration. There may be unexpected results.

// * Legends *
  Mean        : Arithmetic mean of all measurements
  Error       : Half of 99.9% confidence interval
  StdDev      : Standard deviation of all measurements
  Ratio       : Mean of the ratio distribution ([Current]/[Baseline])
  RatioSD     : Standard deviation of the ratio distribution ([Current]/[Baseline])
  Rank        : Relative position of current benchmark mean among all benchmarks (Arabic style)
  Gen0        : GC Generation 0 collects per 1000 operations
  Gen1        : GC Generation 1 collects per 1000 operations
  Allocated   : Allocated memory per single operation (managed only, inclusive, 1KB = 1024B)
  Alloc Ratio : Allocated memory ratio distribution ([Current]/[Baseline])
  1 ns        : 1 Nanosecond (0.000000001 sec)

// * Diagnostic Output - MemoryDiagnoser *


// ***** BenchmarkRunner: End *****
Run time: 00:04:34 (274.45 sec), executed benchmarks: 12

Global total time: 00:07:48 (468.39 sec), executed benchmarks: 12
// * Artifacts cleanup *
Artifacts cleanup is finished
