// Validating benchmarks:
// ***** BenchmarkRunner: Start   *****
// ***** Found 16 benchmark(s) in total *****
// ***** Building 1 exe(s) in Parallel: Start   *****
// start dotnet  restore --nodeReuse:false /p:UseSharedCompilation=false /p:Deterministic=true /p:Optimize=true /p:ArtifactsPath="/home/runner/work/Encina/Encina/tests/Encina.BenchmarkTests/Encina.Benchmarks/bin/Release/net10.0/Encina.Benchmarks-ShortRun-1/" /p:OutDir="/home/runner/work/Encina/Encina/tests/Encina.BenchmarkTests/Encina.Benchmarks/bin/Release/net10.0/Encina.Benchmarks-ShortRun-1/bin/Release/net10.0/" /p:OutputPath="/home/runner/work/Encina/Encina/tests/Encina.BenchmarkTests/Encina.Benchmarks/bin/Release/net10.0/Encina.Benchmarks-ShortRun-1/bin/Release/net10.0/" /p:PublishDir="/home/runner/work/Encina/Encina/tests/Encina.BenchmarkTests/Encina.Benchmarks/bin/Release/net10.0/Encina.Benchmarks-ShortRun-1/publish/" in /home/runner/work/Encina/Encina/tests/Encina.BenchmarkTests/Encina.Benchmarks/bin/Release/net10.0/Encina.Benchmarks-ShortRun-1
// command took 3.79 sec and exited with 0
// start dotnet  build -c Release --no-restore --nodeReuse:false /p:UseSharedCompilation=false /p:Deterministic=true /p:Optimize=true /p:ArtifactsPath="/home/runner/work/Encina/Encina/tests/Encina.BenchmarkTests/Encina.Benchmarks/bin/Release/net10.0/Encina.Benchmarks-ShortRun-1/" /p:OutDir="/home/runner/work/Encina/Encina/tests/Encina.BenchmarkTests/Encina.Benchmarks/bin/Release/net10.0/Encina.Benchmarks-ShortRun-1/bin/Release/net10.0/" /p:OutputPath="/home/runner/work/Encina/Encina/tests/Encina.BenchmarkTests/Encina.Benchmarks/bin/Release/net10.0/Encina.Benchmarks-ShortRun-1/bin/Release/net10.0/" /p:PublishDir="/home/runner/work/Encina/Encina/tests/Encina.BenchmarkTests/Encina.Benchmarks/bin/Release/net10.0/Encina.Benchmarks-ShortRun-1/publish/" --output "/home/runner/work/Encina/Encina/tests/Encina.BenchmarkTests/Encina.Benchmarks/bin/Release/net10.0/Encina.Benchmarks-ShortRun-1/bin/Release/net10.0/" in /home/runner/work/Encina/Encina/tests/Encina.BenchmarkTests/Encina.Benchmarks/bin/Release/net10.0/Encina.Benchmarks-ShortRun-1
// command took 192.5 sec and exited with 0
// ***** Done, took 00:03:16 (196.44 sec)   *****
// Found 16 benchmarks:
//   ConcurrentReplicaSelectionBenchmarks.'Concurrent LeastConnections (lease)': ShortRun(IterationCount=3, LaunchCount=1, WarmupCount=3) [ThreadCount=1]
//   ConcurrentReplicaSelectionBenchmarks.'Concurrent LeastConnections (lease)': ShortRun(IterationCount=3, LaunchCount=1, WarmupCount=3) [ThreadCount=4]
//   ConcurrentReplicaSelectionBenchmarks.'Concurrent LeastConnections (lease)': ShortRun(IterationCount=3, LaunchCount=1, WarmupCount=3) [ThreadCount=8]
//   ConcurrentReplicaSelectionBenchmarks.'Concurrent LeastConnections (lease)': ShortRun(IterationCount=3, LaunchCount=1, WarmupCount=3) [ThreadCount=16]
//   ConcurrentReplicaSelectionBenchmarks.'Concurrent LeastConnections': ShortRun(IterationCount=3, LaunchCount=1, WarmupCount=3) [ThreadCount=1]
//   ConcurrentReplicaSelectionBenchmarks.'Concurrent LeastConnections': ShortRun(IterationCount=3, LaunchCount=1, WarmupCount=3) [ThreadCount=4]
//   ConcurrentReplicaSelectionBenchmarks.'Concurrent LeastConnections': ShortRun(IterationCount=3, LaunchCount=1, WarmupCount=3) [ThreadCount=8]
//   ConcurrentReplicaSelectionBenchmarks.'Concurrent LeastConnections': ShortRun(IterationCount=3, LaunchCount=1, WarmupCount=3) [ThreadCount=16]
//   ConcurrentReplicaSelectionBenchmarks.'Concurrent Random': ShortRun(IterationCount=3, LaunchCount=1, WarmupCount=3) [ThreadCount=1]
//   ConcurrentReplicaSelectionBenchmarks.'Concurrent Random': ShortRun(IterationCount=3, LaunchCount=1, WarmupCount=3) [ThreadCount=4]
//   ConcurrentReplicaSelectionBenchmarks.'Concurrent Random': ShortRun(IterationCount=3, LaunchCount=1, WarmupCount=3) [ThreadCount=8]
//   ConcurrentReplicaSelectionBenchmarks.'Concurrent Random': ShortRun(IterationCount=3, LaunchCount=1, WarmupCount=3) [ThreadCount=16]
//   ConcurrentReplicaSelectionBenchmarks.'Concurrent RoundRobin': ShortRun(IterationCount=3, LaunchCount=1, WarmupCount=3) [ThreadCount=1]
//   ConcurrentReplicaSelectionBenchmarks.'Concurrent RoundRobin': ShortRun(IterationCount=3, LaunchCount=1, WarmupCount=3) [ThreadCount=4]
//   ConcurrentReplicaSelectionBenchmarks.'Concurrent RoundRobin': ShortRun(IterationCount=3, LaunchCount=1, WarmupCount=3) [ThreadCount=8]
//   ConcurrentReplicaSelectionBenchmarks.'Concurrent RoundRobin': ShortRun(IterationCount=3, LaunchCount=1, WarmupCount=3) [ThreadCount=16]

// **************************
// Benchmark: ConcurrentReplicaSelectionBenchmarks.'Concurrent LeastConnections (lease)': ShortRun(IterationCount=3, LaunchCount=1, WarmupCount=3) [ThreadCount=1]
// *** Execute ***
// Launch: 1 / 1
// Execute: dotnet Encina.Benchmarks-ShortRun-1.dll --anonymousPipes 234 235 --benchmarkName "Encina.Benchmarks.ReadWriteSeparation.ConcurrentReplicaSelectionBenchmarks.Concurrent_LeastConnections_WithLease(ThreadCount: 1)" --job ShortRun --benchmarkId 0 in /home/runner/work/Encina/Encina/tests/Encina.BenchmarkTests/Encina.Benchmarks/bin/Release/net10.0/Encina.Benchmarks-ShortRun-1/bin/Release/net10.0
// Failed to set up high priority (Permission denied). In order to run benchmarks with high priority, make sure you have the right permissions.
// BeforeAnythingElse

// Benchmark Process Environment Information:
// BenchmarkDotNet v0.15.8
// Runtime=.NET 10.0.12 (10.0.12, 10.0.1226.42308), X64 RyuJIT x86-64-v3
// GC=Concurrent Workstation
// HardwareIntrinsics=AVX2+BMI1+BMI2+F16C+FMA+LZCNT+MOVBE,AVX,SSE3+SSSE3+SSE4.1+SSE4.2+POPCNT,X86Base+SSE+SSE2,AES+PCLMUL VectorSize=256
// Job: ShortRun(IterationCount=3, LaunchCount=1, WarmupCount=3)

OverheadJitting  1: 1 op, 174397.00 ns, 174.3970 us/op
WorkloadJitting  1: 1 op, 10175141.00 ns, 10.1751 ms/op

OverheadJitting  2: 16 op, 182622.00 ns, 11.4139 us/op
WorkloadJitting  2: 16 op, 5450666.00 ns, 340.6666 us/op

WorkloadPilot    1: 16 op, 5086964.00 ns, 317.9353 us/op
WorkloadPilot    2: 32 op, 9924210.00 ns, 310.1316 us/op
WorkloadPilot    3: 64 op, 20441282.00 ns, 319.3950 us/op
WorkloadPilot    4: 128 op, 40303688.00 ns, 314.8726 us/op
WorkloadPilot    5: 256 op, 80509887.00 ns, 314.4917 us/op
WorkloadPilot    6: 512 op, 160546164.00 ns, 313.5667 us/op
WorkloadPilot    7: 1024 op, 308229068.00 ns, 301.0049 us/op
WorkloadPilot    8: 2048 op, 614995022.00 ns, 300.2905 us/op

OverheadWarmup   1: 2048 op, 4107.00 ns, 2.0054 ns/op
OverheadWarmup   2: 2048 op, 5621.00 ns, 2.7446 ns/op
OverheadWarmup   3: 2048 op, 3787.00 ns, 1.8491 ns/op
OverheadWarmup   4: 2048 op, 3697.00 ns, 1.8052 ns/op
OverheadWarmup   5: 2048 op, 3707.00 ns, 1.8101 ns/op
OverheadWarmup   6: 2048 op, 3697.00 ns, 1.8052 ns/op

OverheadActual   1: 2048 op, 3756.00 ns, 1.8340 ns/op
OverheadActual   2: 2048 op, 3707.00 ns, 1.8101 ns/op
OverheadActual   3: 2048 op, 3727.00 ns, 1.8198 ns/op
OverheadActual   4: 2048 op, 3727.00 ns, 1.8198 ns/op
OverheadActual   5: 2048 op, 3687.00 ns, 1.8003 ns/op
OverheadActual   6: 2048 op, 4167.00 ns, 2.0347 ns/op
OverheadActual   7: 2048 op, 3707.00 ns, 1.8101 ns/op
OverheadActual   8: 2048 op, 3707.00 ns, 1.8101 ns/op
OverheadActual   9: 2048 op, 3697.00 ns, 1.8052 ns/op
OverheadActual  10: 2048 op, 3666.00 ns, 1.7900 ns/op
OverheadActual  11: 2048 op, 3707.00 ns, 1.8101 ns/op
OverheadActual  12: 2048 op, 3677.00 ns, 1.7954 ns/op
OverheadActual  13: 2048 op, 3677.00 ns, 1.7954 ns/op
OverheadActual  14: 2048 op, 3717.00 ns, 1.8149 ns/op
OverheadActual  15: 2048 op, 3687.00 ns, 1.8003 ns/op

WorkloadWarmup   1: 2048 op, 625369593.00 ns, 305.3562 us/op
WorkloadWarmup   2: 2048 op, 626407120.00 ns, 305.8629 us/op
WorkloadWarmup   3: 2048 op, 614886387.00 ns, 300.2375 us/op

// BeforeActualRun
WorkloadActual   1: 2048 op, 620118867.00 ns, 302.7924 us/op
WorkloadActual   2: 2048 op, 614446014.00 ns, 300.0225 us/op
WorkloadActual   3: 2048 op, 615280770.00 ns, 300.4301 us/op

// AfterActualRun
WorkloadResult   1: 2048 op, 620115160.00 ns, 302.7906 us/op
WorkloadResult   2: 2048 op, 614442307.00 ns, 300.0207 us/op
WorkloadResult   3: 2048 op, 615277063.00 ns, 300.4283 us/op
// GC:  4 0 0 68616192 2048
// Threading:  0 0 2048

// AfterAll
// Benchmark Process 4174 has exited with code 0.

Mean = 301.080 μs, StdErr = 0.863 μs (0.29%), N = 3, StdDev = 1.496 μs
Min = 300.021 μs, Q1 = 300.224 μs, Median = 300.428 μs, Q3 = 301.609 μs, Max = 302.791 μs
IQR = 1.385 μs, LowerFence = 298.147 μs, UpperFence = 303.687 μs
ConfidenceInterval = [273.796 μs; 328.364 μs] (CI 99.9%), Margin = 27.284 μs (9.06% of Mean)
Skewness = 0.35, Kurtosis = 0.67, MValue = 2

// ** Remained 15 (93.8 %) benchmark(s) to run. Estimated finish 2026-09-23 19:08 (0h 1m from now) **
// **************************
// Benchmark: ConcurrentReplicaSelectionBenchmarks.'Concurrent LeastConnections (lease)': ShortRun(IterationCount=3, LaunchCount=1, WarmupCount=3) [ThreadCount=4]
// *** Execute ***
// Launch: 1 / 1
// Execute: dotnet Encina.Benchmarks-ShortRun-1.dll --anonymousPipes 234 235 --benchmarkName "Encina.Benchmarks.ReadWriteSeparation.ConcurrentReplicaSelectionBenchmarks.Concurrent_LeastConnections_WithLease(ThreadCount: 4)" --job ShortRun --benchmarkId 1 in /home/runner/work/Encina/Encina/tests/Encina.BenchmarkTests/Encina.Benchmarks/bin/Release/net10.0/Encina.Benchmarks-ShortRun-1/bin/Release/net10.0
// Failed to set up high priority (Permission denied). In order to run benchmarks with high priority, make sure you have the right permissions.
// BeforeAnythingElse

// Benchmark Process Environment Information:
// BenchmarkDotNet v0.15.8
// Runtime=.NET 10.0.12 (10.0.12, 10.0.1226.42308), X64 RyuJIT x86-64-v3
// GC=Concurrent Workstation
// HardwareIntrinsics=AVX2+BMI1+BMI2+F16C+FMA+LZCNT+MOVBE,AVX,SSE3+SSSE3+SSE4.1+SSE4.2+POPCNT,X86Base+SSE+SSE2,AES+PCLMUL VectorSize=256
// Job: ShortRun(IterationCount=3, LaunchCount=1, WarmupCount=3)

OverheadJitting  1: 1 op, 182923.00 ns, 182.9230 us/op
WorkloadJitting  1: 1 op, 12479618.00 ns, 12.4796 ms/op

OverheadJitting  2: 16 op, 186209.00 ns, 11.6381 us/op
WorkloadJitting  2: 16 op, 9585732.00 ns, 599.1083 us/op

WorkloadPilot    1: 16 op, 8822298.00 ns, 551.3936 us/op
WorkloadPilot    2: 32 op, 17161658.00 ns, 536.3018 us/op
WorkloadPilot    3: 64 op, 35174717.00 ns, 549.6050 us/op
WorkloadPilot    4: 128 op, 71950546.00 ns, 562.1136 us/op
WorkloadPilot    5: 256 op, 139147008.00 ns, 543.5430 us/op
WorkloadPilot    6: 512 op, 277711919.00 ns, 542.4061 us/op
WorkloadPilot    7: 1024 op, 533942212.00 ns, 521.4279 us/op

OverheadWarmup   1: 1024 op, 3126.00 ns, 3.0527 ns/op
OverheadWarmup   2: 1024 op, 2875.00 ns, 2.8076 ns/op
OverheadWarmup   3: 1024 op, 2875.00 ns, 2.8076 ns/op
OverheadWarmup   4: 1024 op, 2885.00 ns, 2.8174 ns/op
OverheadWarmup   5: 1024 op, 2865.00 ns, 2.7979 ns/op
OverheadWarmup   6: 1024 op, 2014.00 ns, 1.9668 ns/op
OverheadWarmup   7: 1024 op, 3516.00 ns, 3.4336 ns/op

OverheadActual   1: 1024 op, 5831.00 ns, 5.6943 ns/op
OverheadActual   2: 1024 op, 3457.00 ns, 3.3760 ns/op
OverheadActual   3: 1024 op, 3757.00 ns, 3.6689 ns/op
OverheadActual   4: 1024 op, 3446.00 ns, 3.3652 ns/op
OverheadActual   5: 1024 op, 3387.00 ns, 3.3076 ns/op
OverheadActual   6: 1024 op, 3407.00 ns, 3.3271 ns/op
OverheadActual   7: 1024 op, 3506.00 ns, 3.4238 ns/op
OverheadActual   8: 1024 op, 3426.00 ns, 3.3457 ns/op
OverheadActual   9: 1024 op, 5741.00 ns, 5.6064 ns/op
OverheadActual  10: 1024 op, 3487.00 ns, 3.4053 ns/op
OverheadActual  11: 1024 op, 3557.00 ns, 3.4736 ns/op
OverheadActual  12: 1024 op, 3426.00 ns, 3.3457 ns/op
OverheadActual  13: 1024 op, 3386.00 ns, 3.3066 ns/op
OverheadActual  14: 1024 op, 3426.00 ns, 3.3457 ns/op
OverheadActual  15: 1024 op, 3337.00 ns, 3.2588 ns/op

WorkloadWarmup   1: 1024 op, 549412454.00 ns, 536.5356 us/op
WorkloadWarmup   2: 1024 op, 549447669.00 ns, 536.5700 us/op
WorkloadWarmup   3: 1024 op, 528527267.00 ns, 516.1399 us/op

// BeforeActualRun
WorkloadActual   1: 1024 op, 538639416.00 ns, 526.0151 us/op
WorkloadActual   2: 1024 op, 526017861.00 ns, 513.6893 us/op
WorkloadActual   3: 1024 op, 518918366.00 ns, 506.7562 us/op

// AfterActualRun
WorkloadResult   1: 1024 op, 538635970.00 ns, 526.0117 us/op
WorkloadResult   2: 1024 op, 526014415.00 ns, 513.6860 us/op
WorkloadResult   3: 1024 op, 518914920.00 ns, 506.7529 us/op
// GC:  2 0 0 34942080 1024
// Threading:  3070 2544 1024

// AfterAll
// Benchmark Process 4183 has exited with code 0.

Mean = 515.483 μs, StdErr = 5.632 μs (1.09%), N = 3, StdDev = 9.754 μs
Min = 506.753 μs, Q1 = 510.219 μs, Median = 513.686 μs, Q3 = 519.849 μs, Max = 526.012 μs
IQR = 9.629 μs, LowerFence = 495.775 μs, UpperFence = 534.293 μs
ConfidenceInterval = [337.526 μs; 693.441 μs] (CI 99.9%), Margin = 177.957 μs (34.52% of Mean)
Skewness = 0.18, Kurtosis = 0.67, MValue = 2

// ** Remained 14 (87.5 %) benchmark(s) to run. Estimated finish 2026-09-23 19:08 (0h 1m from now) **
// **************************
// Benchmark: ConcurrentReplicaSelectionBenchmarks.'Concurrent LeastConnections (lease)': ShortRun(IterationCount=3, LaunchCount=1, WarmupCount=3) [ThreadCount=8]
// *** Execute ***
// Launch: 1 / 1
// Execute: dotnet Encina.Benchmarks-ShortRun-1.dll --anonymousPipes 234 235 --benchmarkName "Encina.Benchmarks.ReadWriteSeparation.ConcurrentReplicaSelectionBenchmarks.Concurrent_LeastConnections_WithLease(ThreadCount: 8)" --job ShortRun --benchmarkId 2 in /home/runner/work/Encina/Encina/tests/Encina.BenchmarkTests/Encina.Benchmarks/bin/Release/net10.0/Encina.Benchmarks-ShortRun-1/bin/Release/net10.0
// Failed to set up high priority (Permission denied). In order to run benchmarks with high priority, make sure you have the right permissions.
// BeforeAnythingElse

// Benchmark Process Environment Information:
// BenchmarkDotNet v0.15.8
// Runtime=.NET 10.0.12 (10.0.12, 10.0.1226.42308), X64 RyuJIT x86-64-v3
// GC=Concurrent Workstation
// HardwareIntrinsics=AVX2+BMI1+BMI2+F16C+FMA+LZCNT+MOVBE,AVX,SSE3+SSSE3+SSE4.1+SSE4.2+POPCNT,X86Base+SSE+SSE2,AES+PCLMUL VectorSize=256
// Job: ShortRun(IterationCount=3, LaunchCount=1, WarmupCount=3)

OverheadJitting  1: 1 op, 172083.00 ns, 172.0830 us/op
WorkloadJitting  1: 1 op, 12905666.00 ns, 12.9057 ms/op

OverheadJitting  2: 16 op, 214041.00 ns, 13.3776 us/op
WorkloadJitting  2: 16 op, 9474541.00 ns, 592.1588 us/op

WorkloadPilot    1: 16 op, 8443948.00 ns, 527.7468 us/op
WorkloadPilot    2: 32 op, 17162862.00 ns, 536.3394 us/op
WorkloadPilot    3: 64 op, 34361923.00 ns, 536.9050 us/op
WorkloadPilot    4: 128 op, 71319363.00 ns, 557.1825 us/op
WorkloadPilot    5: 256 op, 140498410.00 ns, 548.8219 us/op
WorkloadPilot    6: 512 op, 275722405.00 ns, 538.5203 us/op
WorkloadPilot    7: 1024 op, 555322135.00 ns, 542.3068 us/op

OverheadWarmup   1: 1024 op, 2584.00 ns, 2.5234 ns/op
OverheadWarmup   2: 1024 op, 2184.00 ns, 2.1328 ns/op
OverheadWarmup   3: 1024 op, 2034.00 ns, 1.9863 ns/op
OverheadWarmup   4: 1024 op, 2024.00 ns, 1.9766 ns/op
OverheadWarmup   5: 1024 op, 2024.00 ns, 1.9766 ns/op
OverheadWarmup   6: 1024 op, 2034.00 ns, 1.9863 ns/op
OverheadWarmup   7: 1024 op, 2024.00 ns, 1.9766 ns/op
OverheadWarmup   8: 1024 op, 2044.00 ns, 1.9961 ns/op

OverheadActual   1: 1024 op, 2064.00 ns, 2.0156 ns/op
OverheadActual   2: 1024 op, 2064.00 ns, 2.0156 ns/op
OverheadActual   3: 1024 op, 2053.00 ns, 2.0049 ns/op
OverheadActual   4: 1024 op, 2054.00 ns, 2.0059 ns/op
OverheadActual   5: 1024 op, 2034.00 ns, 1.9863 ns/op
OverheadActual   6: 1024 op, 2034.00 ns, 1.9863 ns/op
OverheadActual   7: 1024 op, 2134.00 ns, 2.0840 ns/op
OverheadActual   8: 1024 op, 2034.00 ns, 1.9863 ns/op
OverheadActual   9: 1024 op, 2104.00 ns, 2.0547 ns/op
OverheadActual  10: 1024 op, 2155.00 ns, 2.1045 ns/op
OverheadActual  11: 1024 op, 2044.00 ns, 1.9961 ns/op
OverheadActual  12: 1024 op, 2034.00 ns, 1.9863 ns/op
OverheadActual  13: 1024 op, 2044.00 ns, 1.9961 ns/op
OverheadActual  14: 1024 op, 2044.00 ns, 1.9961 ns/op
OverheadActual  15: 1024 op, 2024.00 ns, 1.9766 ns/op

WorkloadWarmup   1: 1024 op, 576611427.00 ns, 563.0971 us/op
WorkloadWarmup   2: 1024 op, 566005226.00 ns, 552.7395 us/op
WorkloadWarmup   3: 1024 op, 556645268.00 ns, 543.5989 us/op

// BeforeActualRun
WorkloadActual   1: 1024 op, 571581331.00 ns, 558.1849 us/op
WorkloadActual   2: 1024 op, 567337756.00 ns, 554.0408 us/op
WorkloadActual   3: 1024 op, 564865867.00 ns, 551.6268 us/op

// AfterActualRun
WorkloadResult   1: 1024 op, 571579287.00 ns, 558.1829 us/op
WorkloadResult   2: 1024 op, 567335712.00 ns, 554.0388 us/op
WorkloadResult   3: 1024 op, 564863823.00 ns, 551.6248 us/op
// GC:  2 0 0 35540448 1024
// Threading:  5480 3083 1024

// AfterAll
// Benchmark Process 4195 has exited with code 0.

Mean = 554.616 μs, StdErr = 1.915 μs (0.35%), N = 3, StdDev = 3.317 μs
Min = 551.625 μs, Q1 = 552.832 μs, Median = 554.039 μs, Q3 = 556.111 μs, Max = 558.183 μs
IQR = 3.279 μs, LowerFence = 547.913 μs, UpperFence = 561.029 μs
ConfidenceInterval = [494.104 μs; 615.127 μs] (CI 99.9%), Margin = 60.512 μs (10.91% of Mean)
Skewness = 0.17, Kurtosis = 0.67, MValue = 2

// ** Remained 13 (81.2 %) benchmark(s) to run. Estimated finish 2026-09-23 19:08 (0h 1m from now) **
// **************************
// Benchmark: ConcurrentReplicaSelectionBenchmarks.'Concurrent LeastConnections (lease)': ShortRun(IterationCount=3, LaunchCount=1, WarmupCount=3) [ThreadCount=16]
// *** Execute ***
// Launch: 1 / 1
// Execute: dotnet Encina.Benchmarks-ShortRun-1.dll --anonymousPipes 234 235 --benchmarkName "Encina.Benchmarks.ReadWriteSeparation.ConcurrentReplicaSelectionBenchmarks.Concurrent_LeastConnections_WithLease(ThreadCount: 16)" --job ShortRun --benchmarkId 3 in /home/runner/work/Encina/Encina/tests/Encina.BenchmarkTests/Encina.Benchmarks/bin/Release/net10.0/Encina.Benchmarks-ShortRun-1/bin/Release/net10.0
// Failed to set up high priority (Permission denied). In order to run benchmarks with high priority, make sure you have the right permissions.
// BeforeAnythingElse

// Benchmark Process Environment Information:
// BenchmarkDotNet v0.15.8
// Runtime=.NET 10.0.12 (10.0.12, 10.0.1226.42308), X64 RyuJIT x86-64-v3
// GC=Concurrent Workstation
// HardwareIntrinsics=AVX2+BMI1+BMI2+F16C+FMA+LZCNT+MOVBE,AVX,SSE3+SSSE3+SSE4.1+SSE4.2+POPCNT,X86Base+SSE+SSE2,AES+PCLMUL VectorSize=256
// Job: ShortRun(IterationCount=3, LaunchCount=1, WarmupCount=3)

OverheadJitting  1: 1 op, 206468.00 ns, 206.4680 us/op
WorkloadJitting  1: 1 op, 12968967.00 ns, 12.9690 ms/op

OverheadJitting  2: 16 op, 183625.00 ns, 11.4766 us/op
WorkloadJitting  2: 16 op, 9174719.00 ns, 573.4199 us/op

WorkloadPilot    1: 16 op, 8934970.00 ns, 558.4356 us/op
WorkloadPilot    2: 32 op, 17471152.00 ns, 545.9735 us/op
WorkloadPilot    3: 64 op, 35108858.00 ns, 548.5759 us/op
WorkloadPilot    4: 128 op, 70649103.00 ns, 551.9461 us/op
WorkloadPilot    5: 256 op, 140700503.00 ns, 549.6113 us/op
WorkloadPilot    6: 512 op, 281437446.00 ns, 549.6825 us/op
WorkloadPilot    7: 1024 op, 538553038.00 ns, 525.9307 us/op

OverheadWarmup   1: 1024 op, 2384.00 ns, 2.3281 ns/op
OverheadWarmup   2: 1024 op, 2285.00 ns, 2.2314 ns/op
OverheadWarmup   3: 1024 op, 2234.00 ns, 2.1816 ns/op
OverheadWarmup   4: 1024 op, 2134.00 ns, 2.0840 ns/op
OverheadWarmup   5: 1024 op, 2104.00 ns, 2.0547 ns/op
OverheadWarmup   6: 1024 op, 1994.00 ns, 1.9473 ns/op
OverheadWarmup   7: 1024 op, 2023.00 ns, 1.9756 ns/op
OverheadWarmup   8: 1024 op, 2024.00 ns, 1.9766 ns/op
OverheadWarmup   9: 1024 op, 2033.00 ns, 1.9854 ns/op
OverheadWarmup  10: 1024 op, 2034.00 ns, 1.9863 ns/op

OverheadActual   1: 1024 op, 2164.00 ns, 2.1133 ns/op
OverheadActual   2: 1024 op, 2154.00 ns, 2.1035 ns/op
OverheadActual   3: 1024 op, 2364.00 ns, 2.3086 ns/op
OverheadActual   4: 1024 op, 2144.00 ns, 2.0938 ns/op
OverheadActual   5: 1024 op, 2194.00 ns, 2.1426 ns/op
OverheadActual   6: 1024 op, 2033.00 ns, 1.9854 ns/op
OverheadActual   7: 1024 op, 2044.00 ns, 1.9961 ns/op
OverheadActual   8: 1024 op, 1993.00 ns, 1.9463 ns/op
OverheadActual   9: 1024 op, 2024.00 ns, 1.9766 ns/op
OverheadActual  10: 1024 op, 2024.00 ns, 1.9766 ns/op
OverheadActual  11: 1024 op, 2014.00 ns, 1.9668 ns/op
OverheadActual  12: 1024 op, 1993.00 ns, 1.9463 ns/op
OverheadActual  13: 1024 op, 2014.00 ns, 1.9668 ns/op
OverheadActual  14: 1024 op, 2014.00 ns, 1.9668 ns/op
OverheadActual  15: 1024 op, 2024.00 ns, 1.9766 ns/op

WorkloadWarmup   1: 1024 op, 559850337.00 ns, 546.7288 us/op
WorkloadWarmup   2: 1024 op, 553764244.00 ns, 540.7854 us/op
WorkloadWarmup   3: 1024 op, 547573849.00 ns, 534.7401 us/op

// BeforeActualRun
WorkloadActual   1: 1024 op, 556886833.00 ns, 543.8348 us/op
WorkloadActual   2: 1024 op, 552426567.00 ns, 539.4791 us/op
WorkloadActual   3: 1024 op, 551724247.00 ns, 538.7932 us/op

// AfterActualRun
WorkloadResult   1: 1024 op, 556884809.00 ns, 543.8328 us/op
WorkloadResult   2: 1024 op, 552424543.00 ns, 539.4771 us/op
WorkloadResult   3: 1024 op, 551722223.00 ns, 538.7912 us/op
// GC:  2 0 0 36082864 1024
// Threading:  5646 3411 1024

// AfterAll
// Benchmark Process 4212 has exited with code 0.

Mean = 540.700 μs, StdErr = 1.579 μs (0.29%), N = 3, StdDev = 2.734 μs
Min = 538.791 μs, Q1 = 539.134 μs, Median = 539.477 μs, Q3 = 541.655 μs, Max = 543.833 μs
IQR = 2.521 μs, LowerFence = 535.353 μs, UpperFence = 545.436 μs
ConfidenceInterval = [490.815 μs; 590.585 μs] (CI 99.9%), Margin = 49.885 μs (9.23% of Mean)
Skewness = 0.36, Kurtosis = 0.67, MValue = 2

// ** Remained 12 (75.0 %) benchmark(s) to run. Estimated finish 2026-09-23 19:08 (0h 1m from now) **
// **************************
// Benchmark: ConcurrentReplicaSelectionBenchmarks.'Concurrent LeastConnections': ShortRun(IterationCount=3, LaunchCount=1, WarmupCount=3) [ThreadCount=1]
// *** Execute ***
// Launch: 1 / 1
// Execute: dotnet Encina.Benchmarks-ShortRun-1.dll --anonymousPipes 234 235 --benchmarkName "Encina.Benchmarks.ReadWriteSeparation.ConcurrentReplicaSelectionBenchmarks.Concurrent_LeastConnections(ThreadCount: 1)" --job ShortRun --benchmarkId 4 in /home/runner/work/Encina/Encina/tests/Encina.BenchmarkTests/Encina.Benchmarks/bin/Release/net10.0/Encina.Benchmarks-ShortRun-1/bin/Release/net10.0
// Failed to set up high priority (Permission denied). In order to run benchmarks with high priority, make sure you have the right permissions.
// BeforeAnythingElse

// Benchmark Process Environment Information:
// BenchmarkDotNet v0.15.8
// Runtime=.NET 10.0.12 (10.0.12, 10.0.1226.42308), X64 RyuJIT x86-64-v3
// GC=Concurrent Workstation
// HardwareIntrinsics=AVX2+BMI1+BMI2+F16C+FMA+LZCNT+MOVBE,AVX,SSE3+SSSE3+SSE4.1+SSE4.2+POPCNT,X86Base+SSE+SSE2,AES+PCLMUL VectorSize=256
// Job: ShortRun(IterationCount=3, LaunchCount=1, WarmupCount=3)

OverheadJitting  1: 1 op, 173135.00 ns, 173.1350 us/op
WorkloadJitting  1: 1 op, 9453253.00 ns, 9.4533 ms/op

OverheadJitting  2: 16 op, 224641.00 ns, 14.0401 us/op
WorkloadJitting  2: 16 op, 4733635.00 ns, 295.8522 us/op

WorkloadPilot    1: 16 op, 4390942.00 ns, 274.4339 us/op
WorkloadPilot    2: 32 op, 8628326.00 ns, 269.6352 us/op
WorkloadPilot    3: 64 op, 17561104.00 ns, 274.3923 us/op
WorkloadPilot    4: 128 op, 35128320.00 ns, 274.4400 us/op
WorkloadPilot    5: 256 op, 70051425.00 ns, 273.6384 us/op
WorkloadPilot    6: 512 op, 139840897.00 ns, 273.1268 us/op
WorkloadPilot    7: 1024 op, 265081593.00 ns, 258.8687 us/op
WorkloadPilot    8: 2048 op, 530243257.00 ns, 258.9078 us/op

OverheadWarmup   1: 2048 op, 3957.00 ns, 1.9321 ns/op
OverheadWarmup   2: 2048 op, 6181.00 ns, 3.0181 ns/op
OverheadWarmup   3: 2048 op, 8586.00 ns, 4.1924 ns/op
OverheadWarmup   4: 2048 op, 6081.00 ns, 2.9692 ns/op
OverheadWarmup   5: 2048 op, 6011.00 ns, 2.9351 ns/op
OverheadWarmup   6: 2048 op, 6021.00 ns, 2.9399 ns/op
OverheadWarmup   7: 2048 op, 5971.00 ns, 2.9155 ns/op

OverheadActual   1: 2048 op, 6342.00 ns, 3.0967 ns/op
OverheadActual   2: 2048 op, 6513.00 ns, 3.1802 ns/op
OverheadActual   3: 2048 op, 8485.00 ns, 4.1431 ns/op
OverheadActual   4: 2048 op, 5981.00 ns, 2.9204 ns/op
OverheadActual   5: 2048 op, 6152.00 ns, 3.0039 ns/op
OverheadActual   6: 2048 op, 6101.00 ns, 2.9790 ns/op
OverheadActual   7: 2048 op, 8396.00 ns, 4.0996 ns/op
OverheadActual   8: 2048 op, 5791.00 ns, 2.8276 ns/op
OverheadActual   9: 2048 op, 6031.00 ns, 2.9448 ns/op
OverheadActual  10: 2048 op, 5982.00 ns, 2.9209 ns/op
OverheadActual  11: 2048 op, 6122.00 ns, 2.9893 ns/op
OverheadActual  12: 2048 op, 8186.00 ns, 3.9971 ns/op
OverheadActual  13: 2048 op, 3677.00 ns, 1.7954 ns/op
OverheadActual  14: 2048 op, 3707.00 ns, 1.8101 ns/op
OverheadActual  15: 2048 op, 3657.00 ns, 1.7856 ns/op
OverheadActual  16: 2048 op, 3656.00 ns, 1.7852 ns/op
OverheadActual  17: 2048 op, 3807.00 ns, 1.8589 ns/op
OverheadActual  18: 2048 op, 3697.00 ns, 1.8052 ns/op
OverheadActual  19: 2048 op, 3656.00 ns, 1.7852 ns/op
OverheadActual  20: 2048 op, 3637.00 ns, 1.7759 ns/op

WorkloadWarmup   1: 2048 op, 539880264.00 ns, 263.6134 us/op
WorkloadWarmup   2: 2048 op, 538696755.00 ns, 263.0355 us/op
WorkloadWarmup   3: 2048 op, 528461863.00 ns, 258.0380 us/op

// BeforeActualRun
WorkloadActual   1: 2048 op, 537607996.00 ns, 262.5039 us/op
WorkloadActual   2: 2048 op, 529073738.00 ns, 258.3368 us/op
WorkloadActual   3: 2048 op, 529141595.00 ns, 258.3699 us/op

// AfterActualRun
WorkloadResult   1: 2048 op, 537602014.50 ns, 262.5010 us/op
WorkloadResult   2: 2048 op, 529067756.50 ns, 258.3339 us/op
WorkloadResult   3: 2048 op, 529135613.50 ns, 258.3670 us/op
// GC:  4 0 0 68616192 2048
// Threading:  0 0 2048

// AfterAll
// Benchmark Process 4226 has exited with code 0.

Mean = 259.734 μs, StdErr = 1.384 μs (0.53%), N = 3, StdDev = 2.396 μs
Min = 258.334 μs, Q1 = 258.350 μs, Median = 258.367 μs, Q3 = 260.434 μs, Max = 262.501 μs
IQR = 2.084 μs, LowerFence = 255.225 μs, UpperFence = 263.559 μs
ConfidenceInterval = [216.015 μs; 303.453 μs] (CI 99.9%), Margin = 43.719 μs (16.83% of Mean)
Skewness = 0.38, Kurtosis = 0.67, MValue = 2

// ** Remained 11 (68.8 %) benchmark(s) to run. Estimated finish 2026-09-23 19:08 (0h 0m from now) **
// **************************
// Benchmark: ConcurrentReplicaSelectionBenchmarks.'Concurrent LeastConnections': ShortRun(IterationCount=3, LaunchCount=1, WarmupCount=3) [ThreadCount=4]
// *** Execute ***
// Launch: 1 / 1
// Execute: dotnet Encina.Benchmarks-ShortRun-1.dll --anonymousPipes 234 235 --benchmarkName "Encina.Benchmarks.ReadWriteSeparation.ConcurrentReplicaSelectionBenchmarks.Concurrent_LeastConnections(ThreadCount: 4)" --job ShortRun --benchmarkId 5 in /home/runner/work/Encina/Encina/tests/Encina.BenchmarkTests/Encina.Benchmarks/bin/Release/net10.0/Encina.Benchmarks-ShortRun-1/bin/Release/net10.0
// Failed to set up high priority (Permission denied). In order to run benchmarks with high priority, make sure you have the right permissions.
// BeforeAnythingElse

// Benchmark Process Environment Information:
// BenchmarkDotNet v0.15.8
// Runtime=.NET 10.0.12 (10.0.12, 10.0.1226.42308), X64 RyuJIT x86-64-v3
// GC=Concurrent Workstation
// HardwareIntrinsics=AVX2+BMI1+BMI2+F16C+FMA+LZCNT+MOVBE,AVX,SSE3+SSSE3+SSE4.1+SSE4.2+POPCNT,X86Base+SSE+SSE2,AES+PCLMUL VectorSize=256
// Job: ShortRun(IterationCount=3, LaunchCount=1, WarmupCount=3)

OverheadJitting  1: 1 op, 201949.00 ns, 201.9490 us/op
WorkloadJitting  1: 1 op, 11949464.00 ns, 11.9495 ms/op

OverheadJitting  2: 16 op, 185868.00 ns, 11.6168 us/op
WorkloadJitting  2: 16 op, 8754361.00 ns, 547.1476 us/op

WorkloadPilot    1: 16 op, 8229660.00 ns, 514.3538 us/op
WorkloadPilot    2: 32 op, 16038092.00 ns, 501.1904 us/op
WorkloadPilot    3: 64 op, 31992790.00 ns, 499.8873 us/op
WorkloadPilot    4: 128 op, 64619269.00 ns, 504.8380 us/op
WorkloadPilot    5: 256 op, 130028068.00 ns, 507.9221 us/op
WorkloadPilot    6: 512 op, 257536639.00 ns, 503.0012 us/op
WorkloadPilot    7: 1024 op, 493021952.00 ns, 481.4668 us/op
WorkloadPilot    8: 2048 op, 988850098.00 ns, 482.8370 us/op

OverheadWarmup   1: 2048 op, 3917.00 ns, 1.9126 ns/op
OverheadWarmup   2: 2048 op, 3698.00 ns, 1.8057 ns/op
OverheadWarmup   3: 2048 op, 3727.00 ns, 1.8198 ns/op
OverheadWarmup   4: 2048 op, 3717.00 ns, 1.8149 ns/op
OverheadWarmup   5: 2048 op, 3687.00 ns, 1.8003 ns/op
OverheadWarmup   6: 2048 op, 3727.00 ns, 1.8198 ns/op
OverheadWarmup   7: 2048 op, 3787.00 ns, 1.8491 ns/op
OverheadWarmup   8: 2048 op, 6222.00 ns, 3.0381 ns/op
OverheadWarmup   9: 2048 op, 3677.00 ns, 1.7954 ns/op

OverheadActual   1: 2048 op, 3717.00 ns, 1.8149 ns/op
OverheadActual   2: 2048 op, 3978.00 ns, 1.9424 ns/op
OverheadActual   3: 2048 op, 4048.00 ns, 1.9766 ns/op
OverheadActual   4: 2048 op, 3937.00 ns, 1.9224 ns/op
OverheadActual   5: 2048 op, 3998.00 ns, 1.9521 ns/op
OverheadActual   6: 2048 op, 3797.00 ns, 1.8540 ns/op
OverheadActual   7: 2048 op, 3918.00 ns, 1.9131 ns/op
OverheadActual   8: 2048 op, 3707.00 ns, 1.8101 ns/op
OverheadActual   9: 2048 op, 3707.00 ns, 1.8101 ns/op
OverheadActual  10: 2048 op, 3677.00 ns, 1.7954 ns/op
OverheadActual  11: 2048 op, 3717.00 ns, 1.8149 ns/op
OverheadActual  12: 2048 op, 3697.00 ns, 1.8052 ns/op
OverheadActual  13: 2048 op, 3717.00 ns, 1.8149 ns/op
OverheadActual  14: 2048 op, 3707.00 ns, 1.8101 ns/op
OverheadActual  15: 2048 op, 3698.00 ns, 1.8057 ns/op

WorkloadWarmup   1: 2048 op, 999925125.00 ns, 488.2447 us/op
WorkloadWarmup   2: 2048 op, 1001823230.00 ns, 489.1715 us/op
WorkloadWarmup   3: 2048 op, 986751211.00 ns, 481.8121 us/op

// BeforeActualRun
WorkloadActual   1: 2048 op, 991505137.00 ns, 484.1334 us/op
WorkloadActual   2: 2048 op, 984769697.00 ns, 480.8446 us/op
WorkloadActual   3: 2048 op, 986544542.00 ns, 481.7112 us/op

// AfterActualRun
WorkloadResult   1: 2048 op, 991501420.00 ns, 484.1316 us/op
WorkloadResult   2: 2048 op, 984765980.00 ns, 480.8428 us/op
WorkloadResult   3: 2048 op, 986540825.00 ns, 481.7094 us/op
// GC:  4 0 0 69883216 2048
// Threading:  6144 19607 2048

// AfterAll
// Benchmark Process 4233 has exited with code 0.

Mean = 482.228 μs, StdErr = 0.984 μs (0.20%), N = 3, StdDev = 1.705 μs
Min = 480.843 μs, Q1 = 481.276 μs, Median = 481.709 μs, Q3 = 482.920 μs, Max = 484.132 μs
IQR = 1.644 μs, LowerFence = 478.809 μs, UpperFence = 485.387 μs
ConfidenceInterval = [451.130 μs; 513.326 μs] (CI 99.9%), Margin = 31.098 μs (6.45% of Mean)
Skewness = 0.28, Kurtosis = 0.67, MValue = 2

// ** Remained 10 (62.5 %) benchmark(s) to run. Estimated finish 2026-09-23 19:08 (0h 1m from now) **
// **************************
// Benchmark: ConcurrentReplicaSelectionBenchmarks.'Concurrent LeastConnections': ShortRun(IterationCount=3, LaunchCount=1, WarmupCount=3) [ThreadCount=8]
// *** Execute ***
// Launch: 1 / 1
// Execute: dotnet Encina.Benchmarks-ShortRun-1.dll --anonymousPipes 234 235 --benchmarkName "Encina.Benchmarks.ReadWriteSeparation.ConcurrentReplicaSelectionBenchmarks.Concurrent_LeastConnections(ThreadCount: 8)" --job ShortRun --benchmarkId 6 in /home/runner/work/Encina/Encina/tests/Encina.BenchmarkTests/Encina.Benchmarks/bin/Release/net10.0/Encina.Benchmarks-ShortRun-1/bin/Release/net10.0
// Failed to set up high priority (Permission denied). In order to run benchmarks with high priority, make sure you have the right permissions.
// BeforeAnythingElse

// Benchmark Process Environment Information:
// BenchmarkDotNet v0.15.8
// Runtime=.NET 10.0.12 (10.0.12, 10.0.1226.42308), X64 RyuJIT x86-64-v3
// GC=Concurrent Workstation
// HardwareIntrinsics=AVX2+BMI1+BMI2+F16C+FMA+LZCNT+MOVBE,AVX,SSE3+SSSE3+SSE4.1+SSE4.2+POPCNT,X86Base+SSE+SSE2,AES+PCLMUL VectorSize=256
// Job: ShortRun(IterationCount=3, LaunchCount=1, WarmupCount=3)

OverheadJitting  1: 1 op, 174297.00 ns, 174.2970 us/op
WorkloadJitting  1: 1 op, 12027281.00 ns, 12.0273 ms/op

OverheadJitting  2: 16 op, 182302.00 ns, 11.3939 us/op
WorkloadJitting  2: 16 op, 8684733.00 ns, 542.7958 us/op

WorkloadPilot    1: 16 op, 8143779.00 ns, 508.9862 us/op
WorkloadPilot    2: 32 op, 15312316.00 ns, 478.5099 us/op
WorkloadPilot    3: 64 op, 31860597.00 ns, 497.8218 us/op
WorkloadPilot    4: 128 op, 64419137.00 ns, 503.2745 us/op
WorkloadPilot    5: 256 op, 126086124.00 ns, 492.5239 us/op
WorkloadPilot    6: 512 op, 252218573.00 ns, 492.6144 us/op
WorkloadPilot    7: 1024 op, 489261281.00 ns, 477.7942 us/op
WorkloadPilot    8: 2048 op, 997222316.00 ns, 486.9250 us/op

OverheadWarmup   1: 2048 op, 4018.00 ns, 1.9619 ns/op
OverheadWarmup   2: 2048 op, 4158.00 ns, 2.0303 ns/op
OverheadWarmup   3: 2048 op, 3837.00 ns, 1.8735 ns/op
OverheadWarmup   4: 2048 op, 3857.00 ns, 1.8833 ns/op
OverheadWarmup   5: 2048 op, 3797.00 ns, 1.8540 ns/op

OverheadActual   1: 2048 op, 3827.00 ns, 1.8687 ns/op
OverheadActual   2: 2048 op, 3907.00 ns, 1.9077 ns/op
OverheadActual   3: 2048 op, 3887.00 ns, 1.8979 ns/op
OverheadActual   4: 2048 op, 3817.00 ns, 1.8638 ns/op
OverheadActual   5: 2048 op, 3787.00 ns, 1.8491 ns/op
OverheadActual   6: 2048 op, 3768.00 ns, 1.8398 ns/op
OverheadActual   7: 2048 op, 3777.00 ns, 1.8442 ns/op
OverheadActual   8: 2048 op, 4118.00 ns, 2.0107 ns/op
OverheadActual   9: 2048 op, 3797.00 ns, 1.8540 ns/op
OverheadActual  10: 2048 op, 3797.00 ns, 1.8540 ns/op
OverheadActual  11: 2048 op, 3687.00 ns, 1.8003 ns/op
OverheadActual  12: 2048 op, 3767.00 ns, 1.8394 ns/op
OverheadActual  13: 2048 op, 3758.00 ns, 1.8350 ns/op
OverheadActual  14: 2048 op, 3697.00 ns, 1.8052 ns/op
OverheadActual  15: 2048 op, 3677.00 ns, 1.7954 ns/op

WorkloadWarmup   1: 2048 op, 1043716596.00 ns, 509.6272 us/op
WorkloadWarmup   2: 2048 op, 1030591457.00 ns, 503.2185 us/op
WorkloadWarmup   3: 2048 op, 1024221207.00 ns, 500.1080 us/op

// BeforeActualRun
WorkloadActual   1: 2048 op, 1048247742.00 ns, 511.8397 us/op
WorkloadActual   2: 2048 op, 1022328441.00 ns, 499.1838 us/op
WorkloadActual   3: 2048 op, 1006490266.00 ns, 491.4503 us/op

// AfterActualRun
WorkloadResult   1: 2048 op, 1048243955.00 ns, 511.8379 us/op
WorkloadResult   2: 2048 op, 1022324654.00 ns, 499.1820 us/op
WorkloadResult   3: 2048 op, 1006486479.00 ns, 491.4485 us/op
// GC:  4 0 0 71425392 2048
// Threading:  12945 22830 2048

// AfterAll
// Benchmark Process 4246 has exited with code 0.

Mean = 500.823 μs, StdErr = 5.943 μs (1.19%), N = 3, StdDev = 10.293 μs
Min = 491.448 μs, Q1 = 495.315 μs, Median = 499.182 μs, Q3 = 505.510 μs, Max = 511.838 μs
IQR = 10.195 μs, LowerFence = 480.023 μs, UpperFence = 520.802 μs
ConfidenceInterval = [313.036 μs; 688.610 μs] (CI 99.9%), Margin = 187.787 μs (37.50% of Mean)
Skewness = 0.16, Kurtosis = 0.67, MValue = 2

// ** Remained 9 (56.2 %) benchmark(s) to run. Estimated finish 2026-09-23 19:08 (0h 0m from now) **
// **************************
// Benchmark: ConcurrentReplicaSelectionBenchmarks.'Concurrent LeastConnections': ShortRun(IterationCount=3, LaunchCount=1, WarmupCount=3) [ThreadCount=16]
// *** Execute ***
// Launch: 1 / 1
// Execute: dotnet Encina.Benchmarks-ShortRun-1.dll --anonymousPipes 234 235 --benchmarkName "Encina.Benchmarks.ReadWriteSeparation.ConcurrentReplicaSelectionBenchmarks.Concurrent_LeastConnections(ThreadCount: 16)" --job ShortRun --benchmarkId 7 in /home/runner/work/Encina/Encina/tests/Encina.BenchmarkTests/Encina.Benchmarks/bin/Release/net10.0/Encina.Benchmarks-ShortRun-1/bin/Release/net10.0
// Failed to set up high priority (Permission denied). In order to run benchmarks with high priority, make sure you have the right permissions.
// BeforeAnythingElse

// Benchmark Process Environment Information:
// BenchmarkDotNet v0.15.8
// Runtime=.NET 10.0.12 (10.0.12, 10.0.1226.42308), X64 RyuJIT x86-64-v3
// GC=Concurrent Workstation
// HardwareIntrinsics=AVX2+BMI1+BMI2+F16C+FMA+LZCNT+MOVBE,AVX,SSE3+SSSE3+SSE4.1+SSE4.2+POPCNT,X86Base+SSE+SSE2,AES+PCLMUL VectorSize=256
// Job: ShortRun(IterationCount=3, LaunchCount=1, WarmupCount=3)

OverheadJitting  1: 1 op, 174547.00 ns, 174.5470 us/op
WorkloadJitting  1: 1 op, 12005673.00 ns, 12.0057 ms/op

OverheadJitting  2: 16 op, 188344.00 ns, 11.7715 us/op
WorkloadJitting  2: 16 op, 8354856.00 ns, 522.1785 us/op

WorkloadPilot    1: 16 op, 8167551.00 ns, 510.4719 us/op
WorkloadPilot    2: 32 op, 15676322.00 ns, 489.8851 us/op
WorkloadPilot    3: 64 op, 31392096.00 ns, 490.5015 us/op
WorkloadPilot    4: 128 op, 63606853.00 ns, 496.9285 us/op
WorkloadPilot    5: 256 op, 128383239.00 ns, 501.4970 us/op
WorkloadPilot    6: 512 op, 256926707.00 ns, 501.8100 us/op
WorkloadPilot    7: 1024 op, 496718867.00 ns, 485.0770 us/op
WorkloadPilot    8: 2048 op, 1000632201.00 ns, 488.5899 us/op

OverheadWarmup   1: 2048 op, 8827.00 ns, 4.3101 ns/op
OverheadWarmup   2: 2048 op, 6653.00 ns, 3.2485 ns/op
OverheadWarmup   3: 2048 op, 6533.00 ns, 3.1899 ns/op
OverheadWarmup   4: 2048 op, 6332.00 ns, 3.0918 ns/op
OverheadWarmup   5: 2048 op, 6522.00 ns, 3.1846 ns/op
OverheadWarmup   6: 2048 op, 6182.00 ns, 3.0186 ns/op
OverheadWarmup   7: 2048 op, 6161.00 ns, 3.0083 ns/op
OverheadWarmup   8: 2048 op, 6241.00 ns, 3.0474 ns/op
OverheadWarmup   9: 2048 op, 6392.00 ns, 3.1211 ns/op
OverheadWarmup  10: 2048 op, 6251.00 ns, 3.0522 ns/op

OverheadActual   1: 2048 op, 8856.00 ns, 4.3242 ns/op
OverheadActual   2: 2048 op, 6282.00 ns, 3.0674 ns/op
OverheadActual   3: 2048 op, 8826.00 ns, 4.3096 ns/op
OverheadActual   4: 2048 op, 6262.00 ns, 3.0576 ns/op
OverheadActual   5: 2048 op, 8596.00 ns, 4.1973 ns/op
OverheadActual   6: 2048 op, 6212.00 ns, 3.0332 ns/op
OverheadActual   7: 2048 op, 6311.00 ns, 3.0815 ns/op
OverheadActual   8: 2048 op, 6182.00 ns, 3.0186 ns/op
OverheadActual   9: 2048 op, 6132.00 ns, 2.9941 ns/op
OverheadActual  10: 2048 op, 6282.00 ns, 3.0674 ns/op
OverheadActual  11: 2048 op, 8516.00 ns, 4.1582 ns/op
OverheadActual  12: 2048 op, 6323.00 ns, 3.0874 ns/op
OverheadActual  13: 2048 op, 6131.00 ns, 2.9937 ns/op
OverheadActual  14: 2048 op, 6081.00 ns, 2.9692 ns/op
OverheadActual  15: 2048 op, 6192.00 ns, 3.0234 ns/op
OverheadActual  16: 2048 op, 6272.00 ns, 3.0625 ns/op
OverheadActual  17: 2048 op, 6292.00 ns, 3.0723 ns/op

WorkloadWarmup   1: 2048 op, 1047968217.00 ns, 511.7032 us/op
WorkloadWarmup   2: 2048 op, 1060444815.00 ns, 517.7953 us/op
WorkloadWarmup   3: 2048 op, 1071194128.00 ns, 523.0440 us/op

// BeforeActualRun
WorkloadActual   1: 2048 op, 1087749330.00 ns, 531.1276 us/op
WorkloadActual   2: 2048 op, 1118698725.00 ns, 546.2396 us/op
WorkloadActual   3: 2048 op, 1149027443.00 ns, 561.0486 us/op

// AfterActualRun
WorkloadResult   1: 2048 op, 1087743048.00 ns, 531.1245 us/op
WorkloadResult   2: 2048 op, 1118692443.00 ns, 546.2365 us/op
WorkloadResult   3: 2048 op, 1149021161.00 ns, 561.0455 us/op
// GC:  4 0 0 74666528 2048
// Threading:  26851 35542 2048

// AfterAll
// Benchmark Process 4268 has exited with code 0.

Mean = 546.136 μs, StdErr = 8.638 μs (1.58%), N = 3, StdDev = 14.961 μs
Min = 531.125 μs, Q1 = 538.681 μs, Median = 546.237 μs, Q3 = 553.641 μs, Max = 561.045 μs
IQR = 14.960 μs, LowerFence = 516.240 μs, UpperFence = 576.082 μs
ConfidenceInterval = [273.196 μs; 819.075 μs] (CI 99.9%), Margin = 272.939 μs (49.98% of Mean)
Skewness = -0.01, Kurtosis = 0.67, MValue = 2

// ** Remained 8 (50.0 %) benchmark(s) to run. Estimated finish 2026-09-23 19:08 (0h 0m from now) **
// **************************
// Benchmark: ConcurrentReplicaSelectionBenchmarks.'Concurrent Random': ShortRun(IterationCount=3, LaunchCount=1, WarmupCount=3) [ThreadCount=1]
// *** Execute ***
// Launch: 1 / 1
// Execute: dotnet Encina.Benchmarks-ShortRun-1.dll --anonymousPipes 234 235 --benchmarkName "Encina.Benchmarks.ReadWriteSeparation.ConcurrentReplicaSelectionBenchmarks.Concurrent_Random(ThreadCount: 1)" --job ShortRun --benchmarkId 8 in /home/runner/work/Encina/Encina/tests/Encina.BenchmarkTests/Encina.Benchmarks/bin/Release/net10.0/Encina.Benchmarks-ShortRun-1/bin/Release/net10.0
// Failed to set up high priority (Permission denied). In order to run benchmarks with high priority, make sure you have the right permissions.
// BeforeAnythingElse

// Benchmark Process Environment Information:
// BenchmarkDotNet v0.15.8
// Runtime=.NET 10.0.12 (10.0.12, 10.0.1226.42308), X64 RyuJIT x86-64-v3
// GC=Concurrent Workstation
// HardwareIntrinsics=AVX2+BMI1+BMI2+F16C+FMA+LZCNT+MOVBE,AVX,SSE3+SSSE3+SSE4.1+SSE4.2+POPCNT,X86Base+SSE+SSE2,AES+PCLMUL VectorSize=256
// Job: ShortRun(IterationCount=3, LaunchCount=1, WarmupCount=3)

OverheadJitting  1: 1 op, 177663.00 ns, 177.6630 us/op
WorkloadJitting  1: 1 op, 8078823.00 ns, 8.0788 ms/op

OverheadJitting  2: 16 op, 208923.00 ns, 13.0577 us/op
WorkloadJitting  2: 16 op, 578665.00 ns, 36.1666 us/op

WorkloadPilot    1: 16 op, 340479.00 ns, 21.2799 us/op
WorkloadPilot    2: 32 op, 621856.00 ns, 19.4330 us/op
WorkloadPilot    3: 64 op, 1263160.00 ns, 19.7369 us/op
WorkloadPilot    4: 128 op, 2513154.00 ns, 19.6340 us/op
WorkloadPilot    5: 256 op, 4216048.00 ns, 16.4689 us/op
WorkloadPilot    6: 512 op, 8604800.00 ns, 16.8063 us/op
WorkloadPilot    7: 1024 op, 16973535.00 ns, 16.5757 us/op
WorkloadPilot    8: 2048 op, 33693526.00 ns, 16.4519 us/op
WorkloadPilot    9: 4096 op, 67400107.00 ns, 16.4551 us/op
WorkloadPilot   10: 8192 op, 134442614.00 ns, 16.4115 us/op
WorkloadPilot   11: 16384 op, 263070260.00 ns, 16.0565 us/op
WorkloadPilot   12: 32768 op, 521150341.00 ns, 15.9042 us/op

OverheadWarmup   1: 32768 op, 71554.00 ns, 2.1837 ns/op
OverheadWarmup   2: 32768 op, 71914.00 ns, 2.1946 ns/op
OverheadWarmup   3: 32768 op, 72646.00 ns, 2.2170 ns/op
OverheadWarmup   4: 32768 op, 68909.00 ns, 2.1029 ns/op
OverheadWarmup   5: 32768 op, 81353.00 ns, 2.4827 ns/op
OverheadWarmup   6: 32768 op, 69170.00 ns, 2.1109 ns/op

OverheadActual   1: 32768 op, 73699.00 ns, 2.2491 ns/op
OverheadActual   2: 32768 op, 70061.00 ns, 2.1381 ns/op
OverheadActual   3: 32768 op, 69931.00 ns, 2.1341 ns/op
OverheadActual   4: 32768 op, 85480.00 ns, 2.6086 ns/op
OverheadActual   5: 32768 op, 69541.00 ns, 2.1222 ns/op
OverheadActual   6: 32768 op, 69310.00 ns, 2.1152 ns/op
OverheadActual   7: 32768 op, 70322.00 ns, 2.1461 ns/op
OverheadActual   8: 32768 op, 65353.00 ns, 1.9944 ns/op
OverheadActual   9: 32768 op, 69840.00 ns, 2.1313 ns/op
OverheadActual  10: 32768 op, 70442.00 ns, 2.1497 ns/op
OverheadActual  11: 32768 op, 69451.00 ns, 2.1195 ns/op
OverheadActual  12: 32768 op, 71885.00 ns, 2.1938 ns/op
OverheadActual  13: 32768 op, 69059.00 ns, 2.1075 ns/op
OverheadActual  14: 32768 op, 85560.00 ns, 2.6111 ns/op
OverheadActual  15: 32768 op, 82314.00 ns, 2.5120 ns/op

WorkloadWarmup   1: 32768 op, 527816034.00 ns, 16.1077 us/op
WorkloadWarmup   2: 32768 op, 524024182.00 ns, 15.9919 us/op
WorkloadWarmup   3: 32768 op, 523700033.00 ns, 15.9821 us/op

// BeforeActualRun
WorkloadActual   1: 32768 op, 520079172.00 ns, 15.8716 us/op
WorkloadActual   2: 32768 op, 516240202.00 ns, 15.7544 us/op
WorkloadActual   3: 32768 op, 517183151.00 ns, 15.7832 us/op

// AfterActualRun
WorkloadResult   1: 32768 op, 520009111.00 ns, 15.8694 us/op
WorkloadResult   2: 32768 op, 516170141.00 ns, 15.7523 us/op
WorkloadResult   3: 32768 op, 517113090.00 ns, 15.7810 us/op
// GC:  2 0 0 49283072 32768
// Threading:  0 0 32768

// AfterAll
// Benchmark Process 4289 has exited with code 0.

Mean = 15.801 μs, StdErr = 0.035 μs (0.22%), N = 3, StdDev = 0.061 μs
Min = 15.752 μs, Q1 = 15.767 μs, Median = 15.781 μs, Q3 = 15.825 μs, Max = 15.869 μs
IQR = 0.059 μs, LowerFence = 15.679 μs, UpperFence = 15.913 μs
ConfidenceInterval = [14.687 μs; 16.915 μs] (CI 99.9%), Margin = 1.114 μs (7.05% of Mean)
Skewness = 0.29, Kurtosis = 0.67, MValue = 2

// ** Remained 7 (43.8 %) benchmark(s) to run. Estimated finish 2026-09-23 19:08 (0h 0m from now) **
// **************************
// Benchmark: ConcurrentReplicaSelectionBenchmarks.'Concurrent Random': ShortRun(IterationCount=3, LaunchCount=1, WarmupCount=3) [ThreadCount=4]
// *** Execute ***
// Launch: 1 / 1
// Execute: dotnet Encina.Benchmarks-ShortRun-1.dll --anonymousPipes 234 235 --benchmarkName "Encina.Benchmarks.ReadWriteSeparation.ConcurrentReplicaSelectionBenchmarks.Concurrent_Random(ThreadCount: 4)" --job ShortRun --benchmarkId 9 in /home/runner/work/Encina/Encina/tests/Encina.BenchmarkTests/Encina.Benchmarks/bin/Release/net10.0/Encina.Benchmarks-ShortRun-1/bin/Release/net10.0
// Failed to set up high priority (Permission denied). In order to run benchmarks with high priority, make sure you have the right permissions.
// BeforeAnythingElse

// Benchmark Process Environment Information:
// BenchmarkDotNet v0.15.8
// Runtime=.NET 10.0.12 (10.0.12, 10.0.1226.42308), X64 RyuJIT x86-64-v3
// GC=Concurrent Workstation
// HardwareIntrinsics=AVX2+BMI1+BMI2+F16C+FMA+LZCNT+MOVBE,AVX,SSE3+SSSE3+SSE4.1+SSE4.2+POPCNT,X86Base+SSE+SSE2,AES+PCLMUL VectorSize=256
// Job: ShortRun(IterationCount=3, LaunchCount=1, WarmupCount=3)

OverheadJitting  1: 1 op, 202079.00 ns, 202.0790 us/op
WorkloadJitting  1: 1 op, 10265703.00 ns, 10.2657 ms/op

OverheadJitting  2: 16 op, 207549.00 ns, 12.9718 us/op
WorkloadJitting  2: 16 op, 689964.00 ns, 43.1228 us/op

WorkloadPilot    1: 16 op, 326122.00 ns, 20.3826 us/op
WorkloadPilot    2: 32 op, 556193.00 ns, 17.3810 us/op
WorkloadPilot    3: 64 op, 1039138.00 ns, 16.2365 us/op
WorkloadPilot    4: 128 op, 1804755.00 ns, 14.0996 us/op
WorkloadPilot    5: 256 op, 3605522.00 ns, 14.0841 us/op
WorkloadPilot    6: 512 op, 7324687.00 ns, 14.3060 us/op
WorkloadPilot    7: 1024 op, 13215395.00 ns, 12.9057 us/op
WorkloadPilot    8: 2048 op, 26497307.00 ns, 12.9381 us/op
WorkloadPilot    9: 4096 op, 54015820.00 ns, 13.1875 us/op
WorkloadPilot   10: 8192 op, 107496409.00 ns, 13.1221 us/op
WorkloadPilot   11: 16384 op, 199924982.00 ns, 12.2025 us/op
WorkloadPilot   12: 32768 op, 403349077.00 ns, 12.3092 us/op
WorkloadPilot   13: 65536 op, 805175000.00 ns, 12.2860 us/op

OverheadWarmup   1: 65536 op, 106941.00 ns, 1.6318 ns/op
OverheadWarmup   2: 65536 op, 106620.00 ns, 1.6269 ns/op
OverheadWarmup   3: 65536 op, 106459.00 ns, 1.6244 ns/op
OverheadWarmup   4: 65536 op, 106500.00 ns, 1.6251 ns/op
OverheadWarmup   5: 65536 op, 140914.00 ns, 2.1502 ns/op
OverheadWarmup   6: 65536 op, 106500.00 ns, 1.6251 ns/op
OverheadWarmup   7: 65536 op, 106490.00 ns, 1.6249 ns/op
OverheadWarmup   8: 65536 op, 106731.00 ns, 1.6286 ns/op
OverheadWarmup   9: 65536 op, 106510.00 ns, 1.6252 ns/op

OverheadActual   1: 65536 op, 106480.00 ns, 1.6248 ns/op
OverheadActual   2: 65536 op, 106510.00 ns, 1.6252 ns/op
OverheadActual   3: 65536 op, 106510.00 ns, 1.6252 ns/op
OverheadActual   4: 65536 op, 106480.00 ns, 1.6248 ns/op
OverheadActual   5: 65536 op, 106489.00 ns, 1.6249 ns/op
OverheadActual   6: 65536 op, 139081.00 ns, 2.1222 ns/op
OverheadActual   7: 65536 op, 122420.00 ns, 1.8680 ns/op
OverheadActual   8: 65536 op, 122219.00 ns, 1.8649 ns/op
OverheadActual   9: 65536 op, 116578.00 ns, 1.7788 ns/op
OverheadActual  10: 65536 op, 141265.00 ns, 2.1555 ns/op
OverheadActual  11: 65536 op, 121337.00 ns, 1.8515 ns/op
OverheadActual  12: 65536 op, 121678.00 ns, 1.8567 ns/op
OverheadActual  13: 65536 op, 121307.00 ns, 1.8510 ns/op
OverheadActual  14: 65536 op, 123712.00 ns, 1.8877 ns/op
OverheadActual  15: 65536 op, 121187.00 ns, 1.8492 ns/op
OverheadActual  16: 65536 op, 121769.00 ns, 1.8580 ns/op
OverheadActual  17: 65536 op, 123943.00 ns, 1.8912 ns/op
OverheadActual  18: 65536 op, 124222.00 ns, 1.8955 ns/op
OverheadActual  19: 65536 op, 116138.00 ns, 1.7721 ns/op
OverheadActual  20: 65536 op, 116078.00 ns, 1.7712 ns/op

WorkloadWarmup   1: 65536 op, 833721788.00 ns, 12.7216 us/op
WorkloadWarmup   2: 65536 op, 818497615.00 ns, 12.4893 us/op
WorkloadWarmup   3: 65536 op, 792691665.00 ns, 12.0955 us/op

// BeforeActualRun
WorkloadActual   1: 65536 op, 821071669.00 ns, 12.5286 us/op
WorkloadActual   2: 65536 op, 818246054.00 ns, 12.4854 us/op
WorkloadActual   3: 65536 op, 796245681.00 ns, 12.1497 us/op

// AfterActualRun
WorkloadResult   1: 65536 op, 820950347.00 ns, 12.5267 us/op
WorkloadResult   2: 65536 op, 818124732.00 ns, 12.4836 us/op
WorkloadResult   3: 65536 op, 796124359.00 ns, 12.1479 us/op
// GC:  8 0 0 137383416 65536
// Threading:  196585 0 65536

// AfterAll
// Benchmark Process 4301 has exited with code 0.

Mean = 12.386 μs, StdErr = 0.120 μs (0.97%), N = 3, StdDev = 0.207 μs
Min = 12.148 μs, Q1 = 12.316 μs, Median = 12.484 μs, Q3 = 12.505 μs, Max = 12.527 μs
IQR = 0.189 μs, LowerFence = 12.032 μs, UpperFence = 12.789 μs
ConfidenceInterval = [8.603 μs; 16.170 μs] (CI 99.9%), Margin = 3.783 μs (30.55% of Mean)
Skewness = -0.37, Kurtosis = 0.67, MValue = 2

// ** Remained 6 (37.5 %) benchmark(s) to run. Estimated finish 2026-09-23 19:08 (0h 0m from now) **
// **************************
// Benchmark: ConcurrentReplicaSelectionBenchmarks.'Concurrent Random': ShortRun(IterationCount=3, LaunchCount=1, WarmupCount=3) [ThreadCount=8]
// *** Execute ***
// Launch: 1 / 1
// Execute: dotnet Encina.Benchmarks-ShortRun-1.dll --anonymousPipes 234 235 --benchmarkName "Encina.Benchmarks.ReadWriteSeparation.ConcurrentReplicaSelectionBenchmarks.Concurrent_Random(ThreadCount: 8)" --job ShortRun --benchmarkId 10 in /home/runner/work/Encina/Encina/tests/Encina.BenchmarkTests/Encina.Benchmarks/bin/Release/net10.0/Encina.Benchmarks-ShortRun-1/bin/Release/net10.0
// Failed to set up high priority (Permission denied). In order to run benchmarks with high priority, make sure you have the right permissions.
// BeforeAnythingElse

// Benchmark Process Environment Information:
// BenchmarkDotNet v0.15.8
// Runtime=.NET 10.0.12 (10.0.12, 10.0.1226.42308), X64 RyuJIT x86-64-v3
// GC=Concurrent Workstation
// HardwareIntrinsics=AVX2+BMI1+BMI2+F16C+FMA+LZCNT+MOVBE,AVX,SSE3+SSSE3+SSE4.1+SSE4.2+POPCNT,X86Base+SSE+SSE2,AES+PCLMUL VectorSize=256
// Job: ShortRun(IterationCount=3, LaunchCount=1, WarmupCount=3)

OverheadJitting  1: 1 op, 201478.00 ns, 201.4780 us/op
WorkloadJitting  1: 1 op, 9724691.00 ns, 9.7247 ms/op

OverheadJitting  2: 16 op, 189685.00 ns, 11.8553 us/op
WorkloadJitting  2: 16 op, 541506.00 ns, 33.8441 us/op

WorkloadPilot    1: 16 op, 401362.00 ns, 25.0851 us/op
WorkloadPilot    2: 32 op, 580268.00 ns, 18.1334 us/op
WorkloadPilot    3: 64 op, 1034049.00 ns, 16.1570 us/op
WorkloadPilot    4: 128 op, 2047460.00 ns, 15.9958 us/op
WorkloadPilot    5: 256 op, 5090769.00 ns, 19.8858 us/op
WorkloadPilot    6: 512 op, 8371903.00 ns, 16.3514 us/op
WorkloadPilot    7: 1024 op, 15464647.00 ns, 15.1022 us/op
WorkloadPilot    8: 2048 op, 30782567.00 ns, 15.0306 us/op
WorkloadPilot    9: 4096 op, 62989236.00 ns, 15.3782 us/op
WorkloadPilot   10: 8192 op, 121728041.00 ns, 14.8594 us/op
WorkloadPilot   11: 16384 op, 224838121.00 ns, 13.7230 us/op
WorkloadPilot   12: 32768 op, 445863710.00 ns, 13.6067 us/op
WorkloadPilot   13: 65536 op, 884888787.00 ns, 13.5023 us/op

OverheadWarmup   1: 65536 op, 160340.00 ns, 2.4466 ns/op
OverheadWarmup   2: 65536 op, 148518.00 ns, 2.2662 ns/op
OverheadWarmup   3: 65536 op, 150171.00 ns, 2.2914 ns/op
OverheadWarmup   4: 65536 op, 152847.00 ns, 2.3323 ns/op
OverheadWarmup   5: 65536 op, 171642.00 ns, 2.6190 ns/op
OverheadWarmup   6: 65536 op, 159910.00 ns, 2.4400 ns/op
OverheadWarmup   7: 65536 op, 153047.00 ns, 2.3353 ns/op
OverheadWarmup   8: 65536 op, 159579.00 ns, 2.4350 ns/op
OverheadWarmup   9: 65536 op, 159960.00 ns, 2.4408 ns/op
OverheadWarmup  10: 65536 op, 157946.00 ns, 2.4101 ns/op

OverheadActual   1: 65536 op, 106520.00 ns, 1.6254 ns/op
OverheadActual   2: 65536 op, 106479.00 ns, 1.6247 ns/op
OverheadActual   3: 65536 op, 106479.00 ns, 1.6247 ns/op
OverheadActual   4: 65536 op, 129733.00 ns, 1.9796 ns/op
OverheadActual   5: 65536 op, 106480.00 ns, 1.6248 ns/op
OverheadActual   6: 65536 op, 125034.00 ns, 1.9079 ns/op
OverheadActual   7: 65536 op, 106440.00 ns, 1.6241 ns/op
OverheadActual   8: 65536 op, 106650.00 ns, 1.6273 ns/op
OverheadActual   9: 65536 op, 106430.00 ns, 1.6240 ns/op
OverheadActual  10: 65536 op, 145163.00 ns, 2.2150 ns/op
OverheadActual  11: 65536 op, 121298.00 ns, 1.8509 ns/op
OverheadActual  12: 65536 op, 124323.00 ns, 1.8970 ns/op
OverheadActual  13: 65536 op, 121658.00 ns, 1.8564 ns/op
OverheadActual  14: 65536 op, 120146.00 ns, 1.8333 ns/op
OverheadActual  15: 65536 op, 121378.00 ns, 1.8521 ns/op
OverheadActual  16: 65536 op, 106430.00 ns, 1.6240 ns/op
OverheadActual  17: 65536 op, 106450.00 ns, 1.6243 ns/op
OverheadActual  18: 65536 op, 137447.00 ns, 2.0973 ns/op
OverheadActual  19: 65536 op, 106429.00 ns, 1.6240 ns/op
OverheadActual  20: 65536 op, 106449.00 ns, 1.6243 ns/op

WorkloadWarmup   1: 65536 op, 904186472.00 ns, 13.7968 us/op
WorkloadWarmup   2: 65536 op, 910448868.00 ns, 13.8923 us/op
WorkloadWarmup   3: 65536 op, 892292813.00 ns, 13.6153 us/op

// BeforeActualRun
WorkloadActual   1: 65536 op, 893481302.00 ns, 13.6334 us/op
WorkloadActual   2: 65536 op, 922856921.00 ns, 14.0817 us/op
WorkloadActual   3: 65536 op, 876318512.00 ns, 13.3716 us/op

// AfterActualRun
WorkloadResult   1: 65536 op, 893374717.00 ns, 13.6318 us/op
WorkloadResult   2: 65536 op, 922750336.00 ns, 14.0801 us/op
WorkloadResult   3: 65536 op, 876211927.00 ns, 13.3699 us/op
// GC:  9 0 0 163780256 65536
// Threading:  259668 0 65536

// AfterAll
// Benchmark Process 4313 has exited with code 0.

Mean = 13.694 μs, StdErr = 0.207 μs (1.51%), N = 3, StdDev = 0.359 μs
Min = 13.370 μs, Q1 = 13.501 μs, Median = 13.632 μs, Q3 = 13.856 μs, Max = 14.080 μs
IQR = 0.355 μs, LowerFence = 12.968 μs, UpperFence = 14.389 μs
ConfidenceInterval = [7.142 μs; 20.245 μs] (CI 99.9%), Margin = 6.552 μs (47.84% of Mean)
Skewness = 0.17, Kurtosis = 0.67, MValue = 2

// ** Remained 5 (31.2 %) benchmark(s) to run. Estimated finish 2026-09-23 19:08 (0h 0m from now) **
// **************************
// Benchmark: ConcurrentReplicaSelectionBenchmarks.'Concurrent Random': ShortRun(IterationCount=3, LaunchCount=1, WarmupCount=3) [ThreadCount=16]
// *** Execute ***
// Launch: 1 / 1
// Execute: dotnet Encina.Benchmarks-ShortRun-1.dll --anonymousPipes 234 235 --benchmarkName "Encina.Benchmarks.ReadWriteSeparation.ConcurrentReplicaSelectionBenchmarks.Concurrent_Random(ThreadCount: 16)" --job ShortRun --benchmarkId 11 in /home/runner/work/Encina/Encina/tests/Encina.BenchmarkTests/Encina.Benchmarks/bin/Release/net10.0/Encina.Benchmarks-ShortRun-1/bin/Release/net10.0
// Failed to set up high priority (Permission denied). In order to run benchmarks with high priority, make sure you have the right permissions.
// BeforeAnythingElse

// Benchmark Process Environment Information:
// BenchmarkDotNet v0.15.8
// Runtime=.NET 10.0.12 (10.0.12, 10.0.1226.42308), X64 RyuJIT x86-64-v3
// GC=Concurrent Workstation
// HardwareIntrinsics=AVX2+BMI1+BMI2+F16C+FMA+LZCNT+MOVBE,AVX,SSE3+SSSE3+SSE4.1+SSE4.2+POPCNT,X86Base+SSE+SSE2,AES+PCLMUL VectorSize=256
// Job: ShortRun(IterationCount=3, LaunchCount=1, WarmupCount=3)

OverheadJitting  1: 1 op, 171522.00 ns, 171.5220 us/op
WorkloadJitting  1: 1 op, 10831617.00 ns, 10.8316 ms/op

OverheadJitting  2: 16 op, 192010.00 ns, 12.0006 us/op
WorkloadJitting  2: 16 op, 594896.00 ns, 37.1810 us/op

WorkloadPilot    1: 16 op, 469771.00 ns, 29.3607 us/op
WorkloadPilot    2: 32 op, 601848.00 ns, 18.8078 us/op
WorkloadPilot    3: 64 op, 1069726.00 ns, 16.7145 us/op
WorkloadPilot    4: 128 op, 2019327.00 ns, 15.7760 us/op
WorkloadPilot    5: 256 op, 4128364.00 ns, 16.1264 us/op
WorkloadPilot    6: 512 op, 8263480.00 ns, 16.1396 us/op
WorkloadPilot    7: 1024 op, 16733347.00 ns, 16.3412 us/op
WorkloadPilot    8: 2048 op, 34769989.00 ns, 16.9775 us/op
WorkloadPilot    9: 4096 op, 65892486.00 ns, 16.0870 us/op
WorkloadPilot   10: 8192 op, 123617951.00 ns, 15.0901 us/op
WorkloadPilot   11: 16384 op, 240575260.00 ns, 14.6835 us/op
WorkloadPilot   12: 32768 op, 488893475.00 ns, 14.9198 us/op
WorkloadPilot   13: 65536 op, 965283153.00 ns, 14.7291 us/op

OverheadWarmup   1: 65536 op, 107241.00 ns, 1.6364 ns/op
OverheadWarmup   2: 65536 op, 159589.00 ns, 2.4351 ns/op
OverheadWarmup   3: 65536 op, 147476.00 ns, 2.2503 ns/op
OverheadWarmup   4: 65536 op, 106470.00 ns, 1.6246 ns/op
OverheadWarmup   5: 65536 op, 106620.00 ns, 1.6269 ns/op
OverheadWarmup   6: 65536 op, 106760.00 ns, 1.6290 ns/op
OverheadWarmup   7: 65536 op, 106620.00 ns, 1.6269 ns/op

OverheadActual   1: 65536 op, 125705.00 ns, 1.9181 ns/op
OverheadActual   2: 65536 op, 106651.00 ns, 1.6274 ns/op
OverheadActual   3: 65536 op, 107090.00 ns, 1.6341 ns/op
OverheadActual   4: 65536 op, 106620.00 ns, 1.6269 ns/op
OverheadActual   5: 65536 op, 106540.00 ns, 1.6257 ns/op
OverheadActual   6: 65536 op, 106560.00 ns, 1.6260 ns/op
OverheadActual   7: 65536 op, 106630.00 ns, 1.6270 ns/op
OverheadActual   8: 65536 op, 106550.00 ns, 1.6258 ns/op
OverheadActual   9: 65536 op, 106479.00 ns, 1.6247 ns/op
OverheadActual  10: 65536 op, 132449.00 ns, 2.0210 ns/op
OverheadActual  11: 65536 op, 106480.00 ns, 1.6248 ns/op
OverheadActual  12: 65536 op, 106530.00 ns, 1.6255 ns/op
OverheadActual  13: 65536 op, 106490.00 ns, 1.6249 ns/op
OverheadActual  14: 65536 op, 129433.00 ns, 1.9750 ns/op
OverheadActual  15: 65536 op, 106500.00 ns, 1.6251 ns/op

WorkloadWarmup   1: 65536 op, 974352275.00 ns, 14.8674 us/op
WorkloadWarmup   2: 65536 op, 975245610.00 ns, 14.8811 us/op
WorkloadWarmup   3: 65536 op, 964430753.00 ns, 14.7160 us/op

// BeforeActualRun
WorkloadActual   1: 65536 op, 971081319.00 ns, 14.8175 us/op
WorkloadActual   2: 65536 op, 965478212.00 ns, 14.7320 us/op
WorkloadActual   3: 65536 op, 961541618.00 ns, 14.6720 us/op

// AfterActualRun
WorkloadResult   1: 65536 op, 970974759.00 ns, 14.8159 us/op
WorkloadResult   2: 65536 op, 965371652.00 ns, 14.7304 us/op
WorkloadResult   3: 65536 op, 961435058.00 ns, 14.6703 us/op
// GC:  12 0 0 203591368 65536
// Threading:  247591 0 65536

// AfterAll
// Benchmark Process 4329 has exited with code 0.

Mean = 14.739 μs, StdErr = 0.042 μs (0.29%), N = 3, StdDev = 0.073 μs
Min = 14.670 μs, Q1 = 14.700 μs, Median = 14.730 μs, Q3 = 14.773 μs, Max = 14.816 μs
IQR = 0.073 μs, LowerFence = 14.591 μs, UpperFence = 14.882 μs
ConfidenceInterval = [13.404 μs; 16.073 μs] (CI 99.9%), Margin = 1.335 μs (9.05% of Mean)
Skewness = 0.11, Kurtosis = 0.67, MValue = 2

// ** Remained 4 (25.0 %) benchmark(s) to run. Estimated finish 2026-09-23 19:08 (0h 0m from now) **
// **************************
// Benchmark: ConcurrentReplicaSelectionBenchmarks.'Concurrent RoundRobin': ShortRun(IterationCount=3, LaunchCount=1, WarmupCount=3) [ThreadCount=1]
// *** Execute ***
// Launch: 1 / 1
// Execute: dotnet Encina.Benchmarks-ShortRun-1.dll --anonymousPipes 234 235 --benchmarkName "Encina.Benchmarks.ReadWriteSeparation.ConcurrentReplicaSelectionBenchmarks.Concurrent_RoundRobin(ThreadCount: 1)" --job ShortRun --benchmarkId 12 in /home/runner/work/Encina/Encina/tests/Encina.BenchmarkTests/Encina.Benchmarks/bin/Release/net10.0/Encina.Benchmarks-ShortRun-1/bin/Release/net10.0
// Failed to set up high priority (Permission denied). In order to run benchmarks with high priority, make sure you have the right permissions.
// BeforeAnythingElse

// Benchmark Process Environment Information:
// BenchmarkDotNet v0.15.8
// Runtime=.NET 10.0.12 (10.0.12, 10.0.1226.42308), X64 RyuJIT x86-64-v3
// GC=Concurrent Workstation
// HardwareIntrinsics=AVX2+BMI1+BMI2+F16C+FMA+LZCNT+MOVBE,AVX,SSE3+SSSE3+SSE4.1+SSE4.2+POPCNT,X86Base+SSE+SSE2,AES+PCLMUL VectorSize=256
// Job: ShortRun(IterationCount=3, LaunchCount=1, WarmupCount=3)

OverheadJitting  1: 1 op, 182863.00 ns, 182.8630 us/op
WorkloadJitting  1: 1 op, 8448981.00 ns, 8.4490 ms/op

OverheadJitting  2: 16 op, 209133.00 ns, 13.0708 us/op
WorkloadJitting  2: 16 op, 393197.00 ns, 24.5748 us/op

WorkloadPilot    1: 16 op, 178054.00 ns, 11.1284 us/op
WorkloadPilot    2: 32 op, 311845.00 ns, 9.7452 us/op
WorkloadPilot    3: 64 op, 635884.00 ns, 9.9357 us/op
WorkloadPilot    4: 128 op, 1228825.00 ns, 9.6002 us/op
WorkloadPilot    5: 256 op, 2409760.00 ns, 9.4131 us/op
WorkloadPilot    6: 512 op, 4841894.00 ns, 9.4568 us/op
WorkloadPilot    7: 1024 op, 9569332.00 ns, 9.3451 us/op
WorkloadPilot    8: 2048 op, 19755812.00 ns, 9.6464 us/op
WorkloadPilot    9: 4096 op, 38209431.00 ns, 9.3285 us/op
WorkloadPilot   10: 8192 op, 76058156.00 ns, 9.2844 us/op
WorkloadPilot   11: 16384 op, 146660727.00 ns, 8.9515 us/op
WorkloadPilot   12: 32768 op, 287465720.00 ns, 8.7728 us/op
WorkloadPilot   13: 65536 op, 569630325.00 ns, 8.6919 us/op

OverheadWarmup   1: 65536 op, 106890.00 ns, 1.6310 ns/op
OverheadWarmup   2: 65536 op, 106710.00 ns, 1.6283 ns/op
OverheadWarmup   3: 65536 op, 124543.00 ns, 1.9004 ns/op
OverheadWarmup   4: 65536 op, 106620.00 ns, 1.6269 ns/op
OverheadWarmup   5: 65536 op, 106479.00 ns, 1.6247 ns/op
OverheadWarmup   6: 65536 op, 106549.00 ns, 1.6258 ns/op
OverheadWarmup   7: 65536 op, 106810.00 ns, 1.6298 ns/op
OverheadWarmup   8: 65536 op, 106840.00 ns, 1.6302 ns/op
OverheadWarmup   9: 65536 op, 126156.00 ns, 1.9250 ns/op
OverheadWarmup  10: 65536 op, 106429.00 ns, 1.6240 ns/op

OverheadActual   1: 65536 op, 106950.00 ns, 1.6319 ns/op
OverheadActual   2: 65536 op, 106650.00 ns, 1.6273 ns/op
OverheadActual   3: 65536 op, 106680.00 ns, 1.6278 ns/op
OverheadActual   4: 65536 op, 125165.00 ns, 1.9099 ns/op
OverheadActual   5: 65536 op, 107251.00 ns, 1.6365 ns/op
OverheadActual   6: 65536 op, 144250.00 ns, 2.2011 ns/op
OverheadActual   7: 65536 op, 106449.00 ns, 1.6243 ns/op
OverheadActual   8: 65536 op, 107281.00 ns, 1.6370 ns/op
OverheadActual   9: 65536 op, 123371.00 ns, 1.8825 ns/op
OverheadActual  10: 65536 op, 106430.00 ns, 1.6240 ns/op
OverheadActual  11: 65536 op, 106500.00 ns, 1.6251 ns/op
OverheadActual  12: 65536 op, 106420.00 ns, 1.6238 ns/op
OverheadActual  13: 65536 op, 106580.00 ns, 1.6263 ns/op
OverheadActual  14: 65536 op, 106440.00 ns, 1.6241 ns/op
OverheadActual  15: 65536 op, 106480.00 ns, 1.6248 ns/op

WorkloadWarmup   1: 65536 op, 575496430.00 ns, 8.7814 us/op
WorkloadWarmup   2: 65536 op, 575929132.00 ns, 8.7880 us/op
WorkloadWarmup   3: 65536 op, 571812228.00 ns, 8.7252 us/op

// BeforeActualRun
WorkloadActual   1: 65536 op, 570669846.00 ns, 8.7077 us/op
WorkloadActual   2: 65536 op, 567760998.00 ns, 8.6633 us/op
WorkloadActual   3: 65536 op, 567674626.00 ns, 8.6620 us/op

// AfterActualRun
WorkloadResult   1: 65536 op, 570563196.00 ns, 8.7061 us/op
WorkloadResult   2: 65536 op, 567654348.00 ns, 8.6617 us/op
WorkloadResult   3: 65536 op, 567567976.00 ns, 8.6604 us/op
// GC:  5 0 0 98566144 65536
// Threading:  0 0 65536

// AfterAll
// Benchmark Process 4342 has exited with code 0.

Mean = 8.676 μs, StdErr = 0.015 μs (0.17%), N = 3, StdDev = 0.026 μs
Min = 8.660 μs, Q1 = 8.661 μs, Median = 8.662 μs, Q3 = 8.684 μs, Max = 8.706 μs
IQR = 0.023 μs, LowerFence = 8.627 μs, UpperFence = 8.718 μs
ConfidenceInterval = [8.201 μs; 9.151 μs] (CI 99.9%), Margin = 0.475 μs (5.47% of Mean)
Skewness = 0.38, Kurtosis = 0.67, MValue = 2

// ** Remained 3 (18.8 %) benchmark(s) to run. Estimated finish 2026-09-23 19:08 (0h 0m from now) **
// **************************
// Benchmark: ConcurrentReplicaSelectionBenchmarks.'Concurrent RoundRobin': ShortRun(IterationCount=3, LaunchCount=1, WarmupCount=3) [ThreadCount=4]
// *** Execute ***
// Launch: 1 / 1
// Execute: dotnet Encina.Benchmarks-ShortRun-1.dll --anonymousPipes 234 235 --benchmarkName "Encina.Benchmarks.ReadWriteSeparation.ConcurrentReplicaSelectionBenchmarks.Concurrent_RoundRobin(ThreadCount: 4)" --job ShortRun --benchmarkId 13 in /home/runner/work/Encina/Encina/tests/Encina.BenchmarkTests/Encina.Benchmarks/bin/Release/net10.0/Encina.Benchmarks-ShortRun-1/bin/Release/net10.0
// Failed to set up high priority (Permission denied). In order to run benchmarks with high priority, make sure you have the right permissions.
// BeforeAnythingElse

// Benchmark Process Environment Information:
// BenchmarkDotNet v0.15.8
// Runtime=.NET 10.0.12 (10.0.12, 10.0.1226.42308), X64 RyuJIT x86-64-v3
// GC=Concurrent Workstation
// HardwareIntrinsics=AVX2+BMI1+BMI2+F16C+FMA+LZCNT+MOVBE,AVX,SSE3+SSSE3+SSE4.1+SSE4.2+POPCNT,X86Base+SSE+SSE2,AES+PCLMUL VectorSize=256
// Job: ShortRun(IterationCount=3, LaunchCount=1, WarmupCount=3)

OverheadJitting  1: 1 op, 185318.00 ns, 185.3180 us/op
WorkloadJitting  1: 1 op, 10513894.00 ns, 10.5139 ms/op

OverheadJitting  2: 16 op, 207729.00 ns, 12.9831 us/op
WorkloadJitting  2: 16 op, 804930.00 ns, 50.3081 us/op

WorkloadPilot    1: 16 op, 411242.00 ns, 25.7026 us/op
WorkloadPilot    2: 32 op, 1187588.00 ns, 37.1121 us/op
WorkloadPilot    3: 64 op, 2402067.00 ns, 37.5323 us/op
WorkloadPilot    4: 128 op, 4766973.00 ns, 37.2420 us/op
WorkloadPilot    5: 256 op, 9856982.00 ns, 38.5038 us/op
WorkloadPilot    6: 512 op, 18713567.00 ns, 36.5499 us/op
WorkloadPilot    7: 1024 op, 38121416.00 ns, 37.2279 us/op
WorkloadPilot    8: 2048 op, 76004265.00 ns, 37.1115 us/op
WorkloadPilot    9: 4096 op, 150856569.00 ns, 36.8302 us/op
WorkloadPilot   10: 8192 op, 301389238.00 ns, 36.7907 us/op
WorkloadPilot   11: 16384 op, 587691998.00 ns, 35.8699 us/op

OverheadWarmup   1: 16384 op, 40727.00 ns, 2.4858 ns/op
OverheadWarmup   2: 16384 op, 36398.00 ns, 2.2216 ns/op
OverheadWarmup   3: 16384 op, 26911.00 ns, 1.6425 ns/op
OverheadWarmup   4: 16384 op, 26920.00 ns, 1.6431 ns/op
OverheadWarmup   5: 16384 op, 27151.00 ns, 1.6572 ns/op
OverheadWarmup   6: 16384 op, 27141.00 ns, 1.6566 ns/op
OverheadWarmup   7: 16384 op, 26910.00 ns, 1.6425 ns/op
OverheadWarmup   8: 16384 op, 26920.00 ns, 1.6431 ns/op
OverheadWarmup   9: 16384 op, 27091.00 ns, 1.6535 ns/op
OverheadWarmup  10: 16384 op, 26921.00 ns, 1.6431 ns/op

OverheadActual   1: 16384 op, 26951.00 ns, 1.6450 ns/op
OverheadActual   2: 16384 op, 26971.00 ns, 1.6462 ns/op
OverheadActual   3: 16384 op, 27031.00 ns, 1.6498 ns/op
OverheadActual   4: 16384 op, 26941.00 ns, 1.6443 ns/op
OverheadActual   5: 16384 op, 26970.00 ns, 1.6461 ns/op
OverheadActual   6: 16384 op, 26991.00 ns, 1.6474 ns/op
OverheadActual   7: 16384 op, 26941.00 ns, 1.6443 ns/op
OverheadActual   8: 16384 op, 26951.00 ns, 1.6450 ns/op
OverheadActual   9: 16384 op, 27060.00 ns, 1.6516 ns/op
OverheadActual  10: 16384 op, 42510.00 ns, 2.5946 ns/op
OverheadActual  11: 16384 op, 44443.00 ns, 2.7126 ns/op
OverheadActual  12: 16384 op, 54181.00 ns, 3.3069 ns/op
OverheadActual  13: 16384 op, 41929.00 ns, 2.5591 ns/op
OverheadActual  14: 16384 op, 46077.00 ns, 2.8123 ns/op
OverheadActual  15: 16384 op, 44534.00 ns, 2.7181 ns/op
OverheadActual  16: 16384 op, 36178.00 ns, 2.2081 ns/op
OverheadActual  17: 16384 op, 36969.00 ns, 2.2564 ns/op
OverheadActual  18: 16384 op, 39173.00 ns, 2.3909 ns/op
OverheadActual  19: 16384 op, 39274.00 ns, 2.3971 ns/op
OverheadActual  20: 16384 op, 39223.00 ns, 2.3940 ns/op

WorkloadWarmup   1: 16384 op, 598649503.00 ns, 36.5387 us/op
WorkloadWarmup   2: 16384 op, 596198789.00 ns, 36.3891 us/op
WorkloadWarmup   3: 16384 op, 586229224.00 ns, 35.7806 us/op

// BeforeActualRun
WorkloadActual   1: 16384 op, 598624596.00 ns, 36.5371 us/op
WorkloadActual   2: 16384 op, 595091292.00 ns, 36.3215 us/op
WorkloadActual   3: 16384 op, 581102707.00 ns, 35.4677 us/op

// AfterActualRun
WorkloadResult   1: 16384 op, 598588022.50 ns, 36.5349 us/op
WorkloadResult   2: 16384 op, 595054718.50 ns, 36.3193 us/op
WorkloadResult   3: 16384 op, 581066133.50 ns, 35.4655 us/op
// GC:  2 0 0 34342712 16384
// Threading:  49130 1 16384

// AfterAll
// Benchmark Process 4350 has exited with code 0.

Mean = 36.107 μs, StdErr = 0.327 μs (0.90%), N = 3, StdDev = 0.566 μs
Min = 35.465 μs, Q1 = 35.892 μs, Median = 36.319 μs, Q3 = 36.427 μs, Max = 36.535 μs
IQR = 0.535 μs, LowerFence = 35.090 μs, UpperFence = 37.229 μs
ConfidenceInterval = [25.788 μs; 46.425 μs] (CI 99.9%), Margin = 10.318 μs (28.58% of Mean)
Skewness = -0.32, Kurtosis = 0.67, MValue = 2

// ** Remained 2 (12.5 %) benchmark(s) to run. Estimated finish 2026-09-23 19:08 (0h 0m from now) **
// **************************
// Benchmark: ConcurrentReplicaSelectionBenchmarks.'Concurrent RoundRobin': ShortRun(IterationCount=3, LaunchCount=1, WarmupCount=3) [ThreadCount=8]
// *** Execute ***
// Launch: 1 / 1
// Execute: dotnet Encina.Benchmarks-ShortRun-1.dll --anonymousPipes 234 235 --benchmarkName "Encina.Benchmarks.ReadWriteSeparation.ConcurrentReplicaSelectionBenchmarks.Concurrent_RoundRobin(ThreadCount: 8)" --job ShortRun --benchmarkId 14 in /home/runner/work/Encina/Encina/tests/Encina.BenchmarkTests/Encina.Benchmarks/bin/Release/net10.0/Encina.Benchmarks-ShortRun-1/bin/Release/net10.0
// Failed to set up high priority (Permission denied). In order to run benchmarks with high priority, make sure you have the right permissions.
// BeforeAnythingElse

// Benchmark Process Environment Information:
// BenchmarkDotNet v0.15.8
// Runtime=.NET 10.0.12 (10.0.12, 10.0.1226.42308), X64 RyuJIT x86-64-v3
// GC=Concurrent Workstation
// HardwareIntrinsics=AVX2+BMI1+BMI2+F16C+FMA+LZCNT+MOVBE,AVX,SSE3+SSSE3+SSE4.1+SSE4.2+POPCNT,X86Base+SSE+SSE2,AES+PCLMUL VectorSize=256
// Job: ShortRun(IterationCount=3, LaunchCount=1, WarmupCount=3)

OverheadJitting  1: 1 op, 176822.00 ns, 176.8220 us/op
WorkloadJitting  1: 1 op, 10502388.00 ns, 10.5024 ms/op

OverheadJitting  2: 16 op, 196989.00 ns, 12.3118 us/op
WorkloadJitting  2: 16 op, 660029.00 ns, 41.2518 us/op

WorkloadPilot    1: 16 op, 370335.00 ns, 23.1459 us/op
WorkloadPilot    2: 32 op, 799239.00 ns, 24.9762 us/op
WorkloadPilot    3: 64 op, 1543064.00 ns, 24.1104 us/op
WorkloadPilot    4: 128 op, 5661087.00 ns, 44.2272 us/op
WorkloadPilot    5: 256 op, 11336221.00 ns, 44.2821 us/op
WorkloadPilot    6: 512 op, 22723027.00 ns, 44.3809 us/op
WorkloadPilot    7: 1024 op, 46137702.00 ns, 45.0563 us/op
WorkloadPilot    8: 2048 op, 92057033.00 ns, 44.9497 us/op
WorkloadPilot    9: 4096 op, 182718428.00 ns, 44.6090 us/op
WorkloadPilot   10: 8192 op, 365691954.00 ns, 44.6401 us/op
WorkloadPilot   11: 16384 op, 722256318.00 ns, 44.0830 us/op

OverheadWarmup   1: 16384 op, 27321.00 ns, 1.6675 ns/op
OverheadWarmup   2: 16384 op, 40125.00 ns, 2.4490 ns/op
OverheadWarmup   3: 16384 op, 40136.00 ns, 2.4497 ns/op
OverheadWarmup   4: 16384 op, 26930.00 ns, 1.6437 ns/op
OverheadWarmup   5: 16384 op, 27001.00 ns, 1.6480 ns/op
OverheadWarmup   6: 16384 op, 26941.00 ns, 1.6443 ns/op

OverheadActual   1: 16384 op, 27161.00 ns, 1.6578 ns/op
OverheadActual   2: 16384 op, 27011.00 ns, 1.6486 ns/op
OverheadActual   3: 16384 op, 27422.00 ns, 1.6737 ns/op
OverheadActual   4: 16384 op, 26950.00 ns, 1.6449 ns/op
OverheadActual   5: 16384 op, 26920.00 ns, 1.6431 ns/op
OverheadActual   6: 16384 op, 27071.00 ns, 1.6523 ns/op
OverheadActual   7: 16384 op, 26911.00 ns, 1.6425 ns/op
OverheadActual   8: 16384 op, 26981.00 ns, 1.6468 ns/op
OverheadActual   9: 16384 op, 27000.00 ns, 1.6479 ns/op
OverheadActual  10: 16384 op, 26941.00 ns, 1.6443 ns/op
OverheadActual  11: 16384 op, 52499.00 ns, 3.2043 ns/op
OverheadActual  12: 16384 op, 26910.00 ns, 1.6425 ns/op
OverheadActual  13: 16384 op, 26900.00 ns, 1.6418 ns/op
OverheadActual  14: 16384 op, 26910.00 ns, 1.6425 ns/op
OverheadActual  15: 16384 op, 26920.00 ns, 1.6431 ns/op

WorkloadWarmup   1: 16384 op, 727316968.00 ns, 44.3919 us/op
WorkloadWarmup   2: 16384 op, 729017630.00 ns, 44.4957 us/op
WorkloadWarmup   3: 16384 op, 723999197.00 ns, 44.1894 us/op

// BeforeActualRun
WorkloadActual   1: 16384 op, 727518046.00 ns, 44.4042 us/op
WorkloadActual   2: 16384 op, 720650585.00 ns, 43.9850 us/op
WorkloadActual   3: 16384 op, 748013522.00 ns, 45.6551 us/op

// AfterActualRun
WorkloadResult   1: 16384 op, 727491096.00 ns, 44.4025 us/op
WorkloadResult   2: 16384 op, 720623635.00 ns, 43.9834 us/op
WorkloadResult   3: 16384 op, 747986572.00 ns, 45.6535 us/op
// GC:  2 0 0 40657472 16384
// Threading:  65015 0 16384

// AfterAll
// Benchmark Process 4364 has exited with code 0.

Mean = 44.680 μs, StdErr = 0.502 μs (1.12%), N = 3, StdDev = 0.869 μs
Min = 43.983 μs, Q1 = 44.193 μs, Median = 44.403 μs, Q3 = 45.028 μs, Max = 45.653 μs
IQR = 0.835 μs, LowerFence = 42.940 μs, UpperFence = 46.281 μs
ConfidenceInterval = [28.828 μs; 60.532 μs] (CI 99.9%), Margin = 15.852 μs (35.48% of Mean)
Skewness = 0.29, Kurtosis = 0.67, MValue = 2

// ** Remained 1 (6.2 %) benchmark(s) to run. Estimated finish 2026-09-23 19:08 (0h 0m from now) **
// **************************
// Benchmark: ConcurrentReplicaSelectionBenchmarks.'Concurrent RoundRobin': ShortRun(IterationCount=3, LaunchCount=1, WarmupCount=3) [ThreadCount=16]
// *** Execute ***
// Launch: 1 / 1
// Execute: dotnet Encina.Benchmarks-ShortRun-1.dll --anonymousPipes 234 235 --benchmarkName "Encina.Benchmarks.ReadWriteSeparation.ConcurrentReplicaSelectionBenchmarks.Concurrent_RoundRobin(ThreadCount: 16)" --job ShortRun --benchmarkId 15 in /home/runner/work/Encina/Encina/tests/Encina.BenchmarkTests/Encina.Benchmarks/bin/Release/net10.0/Encina.Benchmarks-ShortRun-1/bin/Release/net10.0
// Failed to set up high priority (Permission denied). In order to run benchmarks with high priority, make sure you have the right permissions.
// BeforeAnythingElse

// Benchmark Process Environment Information:
// BenchmarkDotNet v0.15.8
// Runtime=.NET 10.0.12 (10.0.12, 10.0.1226.42308), X64 RyuJIT x86-64-v3
// GC=Concurrent Workstation
// HardwareIntrinsics=AVX2+BMI1+BMI2+F16C+FMA+LZCNT+MOVBE,AVX,SSE3+SSSE3+SSE4.1+SSE4.2+POPCNT,X86Base+SSE+SSE2,AES+PCLMUL VectorSize=256
// Job: ShortRun(IterationCount=3, LaunchCount=1, WarmupCount=3)

OverheadJitting  1: 1 op, 183003.00 ns, 183.0030 us/op
WorkloadJitting  1: 1 op, 11448890.00 ns, 11.4489 ms/op

OverheadJitting  2: 16 op, 207589.00 ns, 12.9743 us/op
WorkloadJitting  2: 16 op, 746099.00 ns, 46.6312 us/op

WorkloadPilot    1: 16 op, 545834.00 ns, 34.1146 us/op
WorkloadPilot    2: 32 op, 837140.00 ns, 26.1606 us/op
WorkloadPilot    3: 64 op, 2912231.00 ns, 45.5036 us/op
WorkloadPilot    4: 128 op, 5781312.00 ns, 45.1665 us/op
WorkloadPilot    5: 256 op, 11587320.00 ns, 45.2630 us/op
WorkloadPilot    6: 512 op, 23308120.00 ns, 45.5237 us/op
WorkloadPilot    7: 1024 op, 46516222.00 ns, 45.4260 us/op
WorkloadPilot    8: 2048 op, 92645931.00 ns, 45.2373 us/op
WorkloadPilot    9: 4096 op, 187302551.00 ns, 45.7282 us/op
WorkloadPilot   10: 8192 op, 366583078.00 ns, 44.7489 us/op
WorkloadPilot   11: 16384 op, 730107821.00 ns, 44.5622 us/op

OverheadWarmup   1: 16384 op, 43531.00 ns, 2.6569 ns/op
OverheadWarmup   2: 16384 op, 41568.00 ns, 2.5371 ns/op
OverheadWarmup   3: 16384 op, 43161.00 ns, 2.6343 ns/op
OverheadWarmup   4: 16384 op, 42579.00 ns, 2.5988 ns/op
OverheadWarmup   5: 16384 op, 42790.00 ns, 2.6117 ns/op
OverheadWarmup   6: 16384 op, 43081.00 ns, 2.6295 ns/op
OverheadWarmup   7: 16384 op, 41378.00 ns, 2.5255 ns/op

OverheadActual   1: 16384 op, 45936.00 ns, 2.8037 ns/op
OverheadActual   2: 16384 op, 43241.00 ns, 2.6392 ns/op
OverheadActual   3: 16384 op, 61575.00 ns, 3.7582 ns/op
OverheadActual   4: 16384 op, 42480.00 ns, 2.5928 ns/op
OverheadActual   5: 16384 op, 41928.00 ns, 2.5591 ns/op
OverheadActual   6: 16384 op, 27181.00 ns, 1.6590 ns/op
OverheadActual   7: 16384 op, 27051.00 ns, 1.6511 ns/op
OverheadActual   8: 16384 op, 27161.00 ns, 1.6578 ns/op
OverheadActual   9: 16384 op, 27011.00 ns, 1.6486 ns/op
OverheadActual  10: 16384 op, 27131.00 ns, 1.6559 ns/op
OverheadActual  11: 16384 op, 27080.00 ns, 1.6528 ns/op
OverheadActual  12: 16384 op, 26931.00 ns, 1.6437 ns/op
OverheadActual  13: 16384 op, 27191.00 ns, 1.6596 ns/op
OverheadActual  14: 16384 op, 27011.00 ns, 1.6486 ns/op
OverheadActual  15: 16384 op, 26910.00 ns, 1.6425 ns/op
OverheadActual  16: 16384 op, 26940.00 ns, 1.6443 ns/op
OverheadActual  17: 16384 op, 26911.00 ns, 1.6425 ns/op
OverheadActual  18: 16384 op, 26911.00 ns, 1.6425 ns/op
OverheadActual  19: 16384 op, 27001.00 ns, 1.6480 ns/op
OverheadActual  20: 16384 op, 27150.00 ns, 1.6571 ns/op

WorkloadWarmup   1: 16384 op, 734277773.00 ns, 44.8168 us/op
WorkloadWarmup   2: 16384 op, 737213932.00 ns, 44.9960 us/op
WorkloadWarmup   3: 16384 op, 726607151.00 ns, 44.3486 us/op

// BeforeActualRun
WorkloadActual   1: 16384 op, 729963755.00 ns, 44.5535 us/op
WorkloadActual   2: 16384 op, 725438432.00 ns, 44.2772 us/op
WorkloadActual   3: 16384 op, 724798869.00 ns, 44.2382 us/op

// AfterActualRun
WorkloadResult   1: 16384 op, 729936649.50 ns, 44.5518 us/op
WorkloadResult   2: 16384 op, 725411326.50 ns, 44.2756 us/op
WorkloadResult   3: 16384 op, 724771763.50 ns, 44.2366 us/op
// GC:  2 0 0 49180928 16384
// Threading:  64873 1 16384

// AfterAll
// Benchmark Process 4380 has exited with code 0.

Mean = 44.355 μs, StdErr = 0.099 μs (0.22%), N = 3, StdDev = 0.172 μs
Min = 44.237 μs, Q1 = 44.256 μs, Median = 44.276 μs, Q3 = 44.414 μs, Max = 44.552 μs
IQR = 0.158 μs, LowerFence = 44.020 μs, UpperFence = 44.650 μs
ConfidenceInterval = [41.220 μs; 47.490 μs] (CI 99.9%), Margin = 3.135 μs (7.07% of Mean)
Skewness = 0.36, Kurtosis = 0.67, MValue = 2

// ** Remained 0 (0.0 %) benchmark(s) to run. Estimated finish 2026-09-23 19:08 (0h 0m from now) **
// ***** BenchmarkRunner: Finish  *****

// * Export *
  artifacts/performance/Core/results/Encina.Benchmarks.ReadWriteSeparation.ConcurrentReplicaSelectionBenchmarks-report.csv
  artifacts/performance/Core/results/Encina.Benchmarks.ReadWriteSeparation.ConcurrentReplicaSelectionBenchmarks-report-github.md
  artifacts/performance/Core/results/Encina.Benchmarks.ReadWriteSeparation.ConcurrentReplicaSelectionBenchmarks-report.html
  artifacts/performance/Core/results/Encina.Benchmarks.ReadWriteSeparation.ConcurrentReplicaSelectionBenchmarks-report-full-compressed.json

// * Detailed results *
ConcurrentReplicaSelectionBenchmarks.'Concurrent LeastConnections (lease)': ShortRun(IterationCount=3, LaunchCount=1, WarmupCount=3) [ThreadCount=1]
Runtime = .NET 10.0.12 (10.0.12, 10.0.1226.42308), X64 RyuJIT x86-64-v3; GC = Concurrent Workstation
Mean = 301.080 μs, StdErr = 0.863 μs (0.29%), N = 3, StdDev = 1.496 μs
Min = 300.021 μs, Q1 = 300.224 μs, Median = 300.428 μs, Q3 = 301.609 μs, Max = 302.791 μs
IQR = 1.385 μs, LowerFence = 298.147 μs, UpperFence = 303.687 μs
ConfidenceInterval = [273.796 μs; 328.364 μs] (CI 99.9%), Margin = 27.284 μs (9.06% of Mean)
Skewness = 0.35, Kurtosis = 0.67, MValue = 2
-------------------- Histogram --------------------
[298.660 μs ; 304.152 μs) | @@@
---------------------------------------------------

ConcurrentReplicaSelectionBenchmarks.'Concurrent LeastConnections': ShortRun(IterationCount=3, LaunchCount=1, WarmupCount=3) [ThreadCount=1]
Runtime = .NET 10.0.12 (10.0.12, 10.0.1226.42308), X64 RyuJIT x86-64-v3; GC = Concurrent Workstation
Mean = 259.734 μs, StdErr = 1.384 μs (0.53%), N = 3, StdDev = 2.396 μs
Min = 258.334 μs, Q1 = 258.350 μs, Median = 258.367 μs, Q3 = 260.434 μs, Max = 262.501 μs
IQR = 2.084 μs, LowerFence = 255.225 μs, UpperFence = 263.559 μs
ConfidenceInterval = [216.015 μs; 303.453 μs] (CI 99.9%), Margin = 43.719 μs (16.83% of Mean)
Skewness = 0.38, Kurtosis = 0.67, MValue = 2
-------------------- Histogram --------------------
[258.237 μs ; 262.598 μs) | @@@
---------------------------------------------------

ConcurrentReplicaSelectionBenchmarks.'Concurrent Random': ShortRun(IterationCount=3, LaunchCount=1, WarmupCount=3) [ThreadCount=1]
Runtime = .NET 10.0.12 (10.0.12, 10.0.1226.42308), X64 RyuJIT x86-64-v3; GC = Concurrent Workstation
Mean = 15.801 μs, StdErr = 0.035 μs (0.22%), N = 3, StdDev = 0.061 μs
Min = 15.752 μs, Q1 = 15.767 μs, Median = 15.781 μs, Q3 = 15.825 μs, Max = 15.869 μs
IQR = 0.059 μs, LowerFence = 15.679 μs, UpperFence = 15.913 μs
ConfidenceInterval = [14.687 μs; 16.915 μs] (CI 99.9%), Margin = 1.114 μs (7.05% of Mean)
Skewness = 0.29, Kurtosis = 0.67, MValue = 2
-------------------- Histogram --------------------
[15.697 μs ; 15.925 μs) | @@@
---------------------------------------------------

ConcurrentReplicaSelectionBenchmarks.'Concurrent RoundRobin': ShortRun(IterationCount=3, LaunchCount=1, WarmupCount=3) [ThreadCount=1]
Runtime = .NET 10.0.12 (10.0.12, 10.0.1226.42308), X64 RyuJIT x86-64-v3; GC = Concurrent Workstation
Mean = 8.676 μs, StdErr = 0.015 μs (0.17%), N = 3, StdDev = 0.026 μs
Min = 8.660 μs, Q1 = 8.661 μs, Median = 8.662 μs, Q3 = 8.684 μs, Max = 8.706 μs
IQR = 0.023 μs, LowerFence = 8.627 μs, UpperFence = 8.718 μs
ConfidenceInterval = [8.201 μs; 9.151 μs] (CI 99.9%), Margin = 0.475 μs (5.47% of Mean)
Skewness = 0.38, Kurtosis = 0.67, MValue = 2
-------------------- Histogram --------------------
[8.660 μs ; 8.707 μs) | @@@
---------------------------------------------------

ConcurrentReplicaSelectionBenchmarks.'Concurrent LeastConnections (lease)': ShortRun(IterationCount=3, LaunchCount=1, WarmupCount=3) [ThreadCount=4]
Runtime = .NET 10.0.12 (10.0.12, 10.0.1226.42308), X64 RyuJIT x86-64-v3; GC = Concurrent Workstation
Mean = 515.483 μs, StdErr = 5.632 μs (1.09%), N = 3, StdDev = 9.754 μs
Min = 506.753 μs, Q1 = 510.219 μs, Median = 513.686 μs, Q3 = 519.849 μs, Max = 526.012 μs
IQR = 9.629 μs, LowerFence = 495.775 μs, UpperFence = 534.293 μs
ConfidenceInterval = [337.526 μs; 693.441 μs] (CI 99.9%), Margin = 177.957 μs (34.52% of Mean)
Skewness = 0.18, Kurtosis = 0.67, MValue = 2
-------------------- Histogram --------------------
[501.343 μs ; 519.096 μs) | @@
[519.096 μs ; 534.889 μs) | @
---------------------------------------------------

ConcurrentReplicaSelectionBenchmarks.'Concurrent LeastConnections': ShortRun(IterationCount=3, LaunchCount=1, WarmupCount=3) [ThreadCount=4]
Runtime = .NET 10.0.12 (10.0.12, 10.0.1226.42308), X64 RyuJIT x86-64-v3; GC = Concurrent Workstation
Mean = 482.228 μs, StdErr = 0.984 μs (0.20%), N = 3, StdDev = 1.705 μs
Min = 480.843 μs, Q1 = 481.276 μs, Median = 481.709 μs, Q3 = 482.920 μs, Max = 484.132 μs
IQR = 1.644 μs, LowerFence = 478.809 μs, UpperFence = 485.387 μs
ConfidenceInterval = [451.130 μs; 513.326 μs] (CI 99.9%), Margin = 31.098 μs (6.45% of Mean)
Skewness = 0.28, Kurtosis = 0.67, MValue = 2
-------------------- Histogram --------------------
[479.292 μs ; 485.683 μs) | @@@
---------------------------------------------------

ConcurrentReplicaSelectionBenchmarks.'Concurrent Random': ShortRun(IterationCount=3, LaunchCount=1, WarmupCount=3) [ThreadCount=4]
Runtime = .NET 10.0.12 (10.0.12, 10.0.1226.42308), X64 RyuJIT x86-64-v3; GC = Concurrent Workstation
Mean = 12.386 μs, StdErr = 0.120 μs (0.97%), N = 3, StdDev = 0.207 μs
Min = 12.148 μs, Q1 = 12.316 μs, Median = 12.484 μs, Q3 = 12.505 μs, Max = 12.527 μs
IQR = 0.189 μs, LowerFence = 12.032 μs, UpperFence = 12.789 μs
ConfidenceInterval = [8.603 μs; 16.170 μs] (CI 99.9%), Margin = 3.783 μs (30.55% of Mean)
Skewness = -0.37, Kurtosis = 0.67, MValue = 2
-------------------- Histogram --------------------
[11.959 μs ; 12.316 μs) | @
[12.316 μs ; 12.715 μs) | @@
---------------------------------------------------

ConcurrentReplicaSelectionBenchmarks.'Concurrent RoundRobin': ShortRun(IterationCount=3, LaunchCount=1, WarmupCount=3) [ThreadCount=4]
Runtime = .NET 10.0.12 (10.0.12, 10.0.1226.42308), X64 RyuJIT x86-64-v3; GC = Concurrent Workstation
Mean = 36.107 μs, StdErr = 0.327 μs (0.90%), N = 3, StdDev = 0.566 μs
Min = 35.465 μs, Q1 = 35.892 μs, Median = 36.319 μs, Q3 = 36.427 μs, Max = 36.535 μs
IQR = 0.535 μs, LowerFence = 35.090 μs, UpperFence = 37.229 μs
ConfidenceInterval = [25.788 μs; 46.425 μs] (CI 99.9%), Margin = 10.318 μs (28.58% of Mean)
Skewness = -0.32, Kurtosis = 0.67, MValue = 2
-------------------- Histogram --------------------
[34.951 μs ; 35.912 μs) | @
[35.912 μs ; 37.050 μs) | @@
---------------------------------------------------

ConcurrentReplicaSelectionBenchmarks.'Concurrent LeastConnections (lease)': ShortRun(IterationCount=3, LaunchCount=1, WarmupCount=3) [ThreadCount=8]
Runtime = .NET 10.0.12 (10.0.12, 10.0.1226.42308), X64 RyuJIT x86-64-v3; GC = Concurrent Workstation
Mean = 554.616 μs, StdErr = 1.915 μs (0.35%), N = 3, StdDev = 3.317 μs
Min = 551.625 μs, Q1 = 552.832 μs, Median = 554.039 μs, Q3 = 556.111 μs, Max = 558.183 μs
IQR = 3.279 μs, LowerFence = 547.913 μs, UpperFence = 561.029 μs
ConfidenceInterval = [494.104 μs; 615.127 μs] (CI 99.9%), Margin = 60.512 μs (10.91% of Mean)
Skewness = 0.17, Kurtosis = 0.67, MValue = 2
-------------------- Histogram --------------------
[548.606 μs ; 558.360 μs) | @@@
---------------------------------------------------

ConcurrentReplicaSelectionBenchmarks.'Concurrent LeastConnections': ShortRun(IterationCount=3, LaunchCount=1, WarmupCount=3) [ThreadCount=8]
Runtime = .NET 10.0.12 (10.0.12, 10.0.1226.42308), X64 RyuJIT x86-64-v3; GC = Concurrent Workstation
Mean = 500.823 μs, StdErr = 5.943 μs (1.19%), N = 3, StdDev = 10.293 μs
Min = 491.448 μs, Q1 = 495.315 μs, Median = 499.182 μs, Q3 = 505.510 μs, Max = 511.838 μs
IQR = 10.195 μs, LowerFence = 480.023 μs, UpperFence = 520.802 μs
ConfidenceInterval = [313.036 μs; 688.610 μs] (CI 99.9%), Margin = 187.787 μs (37.50% of Mean)
Skewness = 0.16, Kurtosis = 0.67, MValue = 2
-------------------- Histogram --------------------
[485.948 μs ; 504.682 μs) | @@
[504.682 μs ; 521.205 μs) | @
---------------------------------------------------

ConcurrentReplicaSelectionBenchmarks.'Concurrent Random': ShortRun(IterationCount=3, LaunchCount=1, WarmupCount=3) [ThreadCount=8]
Runtime = .NET 10.0.12 (10.0.12, 10.0.1226.42308), X64 RyuJIT x86-64-v3; GC = Concurrent Workstation
Mean = 13.694 μs, StdErr = 0.207 μs (1.51%), N = 3, StdDev = 0.359 μs
Min = 13.370 μs, Q1 = 13.501 μs, Median = 13.632 μs, Q3 = 13.856 μs, Max = 14.080 μs
IQR = 0.355 μs, LowerFence = 12.968 μs, UpperFence = 14.389 μs
ConfidenceInterval = [7.142 μs; 20.245 μs] (CI 99.9%), Margin = 6.552 μs (47.84% of Mean)
Skewness = 0.17, Kurtosis = 0.67, MValue = 2
-------------------- Histogram --------------------
[13.174 μs ; 13.828 μs) | @@
[13.828 μs ; 14.407 μs) | @
---------------------------------------------------

ConcurrentReplicaSelectionBenchmarks.'Concurrent RoundRobin': ShortRun(IterationCount=3, LaunchCount=1, WarmupCount=3) [ThreadCount=8]
Runtime = .NET 10.0.12 (10.0.12, 10.0.1226.42308), X64 RyuJIT x86-64-v3; GC = Concurrent Workstation
Mean = 44.680 μs, StdErr = 0.502 μs (1.12%), N = 3, StdDev = 0.869 μs
Min = 43.983 μs, Q1 = 44.193 μs, Median = 44.403 μs, Q3 = 45.028 μs, Max = 45.653 μs
IQR = 0.835 μs, LowerFence = 42.940 μs, UpperFence = 46.281 μs
ConfidenceInterval = [28.828 μs; 60.532 μs] (CI 99.9%), Margin = 15.852 μs (35.48% of Mean)
Skewness = 0.29, Kurtosis = 0.67, MValue = 2
-------------------- Histogram --------------------
[43.402 μs ; 44.984 μs) | @@
[44.984 μs ; 46.444 μs) | @
---------------------------------------------------

ConcurrentReplicaSelectionBenchmarks.'Concurrent LeastConnections (lease)': ShortRun(IterationCount=3, LaunchCount=1, WarmupCount=3) [ThreadCount=16]
Runtime = .NET 10.0.12 (10.0.12, 10.0.1226.42308), X64 RyuJIT x86-64-v3; GC = Concurrent Workstation
Mean = 540.700 μs, StdErr = 1.579 μs (0.29%), N = 3, StdDev = 2.734 μs
Min = 538.791 μs, Q1 = 539.134 μs, Median = 539.477 μs, Q3 = 541.655 μs, Max = 543.833 μs
IQR = 2.521 μs, LowerFence = 535.353 μs, UpperFence = 545.436 μs
ConfidenceInterval = [490.815 μs; 590.585 μs] (CI 99.9%), Margin = 49.885 μs (9.23% of Mean)
Skewness = 0.36, Kurtosis = 0.67, MValue = 2
-------------------- Histogram --------------------
[536.303 μs ; 546.321 μs) | @@@
---------------------------------------------------

ConcurrentReplicaSelectionBenchmarks.'Concurrent LeastConnections': ShortRun(IterationCount=3, LaunchCount=1, WarmupCount=3) [ThreadCount=16]
Runtime = .NET 10.0.12 (10.0.12, 10.0.1226.42308), X64 RyuJIT x86-64-v3; GC = Concurrent Workstation
Mean = 546.136 μs, StdErr = 8.638 μs (1.58%), N = 3, StdDev = 14.961 μs
Min = 531.125 μs, Q1 = 538.681 μs, Median = 546.237 μs, Q3 = 553.641 μs, Max = 561.045 μs
IQR = 14.960 μs, LowerFence = 516.240 μs, UpperFence = 576.082 μs
ConfidenceInterval = [273.196 μs; 819.075 μs] (CI 99.9%), Margin = 272.939 μs (49.98% of Mean)
Skewness = -0.01, Kurtosis = 0.67, MValue = 2
-------------------- Histogram --------------------
[517.510 μs ; 540.026 μs) | @
[540.026 μs ; 567.256 μs) | @@
---------------------------------------------------

ConcurrentReplicaSelectionBenchmarks.'Concurrent Random': ShortRun(IterationCount=3, LaunchCount=1, WarmupCount=3) [ThreadCount=16]
Runtime = .NET 10.0.12 (10.0.12, 10.0.1226.42308), X64 RyuJIT x86-64-v3; GC = Concurrent Workstation
Mean = 14.739 μs, StdErr = 0.042 μs (0.29%), N = 3, StdDev = 0.073 μs
Min = 14.670 μs, Q1 = 14.700 μs, Median = 14.730 μs, Q3 = 14.773 μs, Max = 14.816 μs
IQR = 0.073 μs, LowerFence = 14.591 μs, UpperFence = 14.882 μs
ConfidenceInterval = [13.404 μs; 16.073 μs] (CI 99.9%), Margin = 1.335 μs (9.05% of Mean)
Skewness = 0.11, Kurtosis = 0.67, MValue = 2
-------------------- Histogram --------------------
[14.604 μs ; 14.882 μs) | @@@
---------------------------------------------------

ConcurrentReplicaSelectionBenchmarks.'Concurrent RoundRobin': ShortRun(IterationCount=3, LaunchCount=1, WarmupCount=3) [ThreadCount=16]
Runtime = .NET 10.0.12 (10.0.12, 10.0.1226.42308), X64 RyuJIT x86-64-v3; GC = Concurrent Workstation
Mean = 44.355 μs, StdErr = 0.099 μs (0.22%), N = 3, StdDev = 0.172 μs
Min = 44.237 μs, Q1 = 44.256 μs, Median = 44.276 μs, Q3 = 44.414 μs, Max = 44.552 μs
IQR = 0.158 μs, LowerFence = 44.020 μs, UpperFence = 44.650 μs
ConfidenceInterval = [41.220 μs; 47.490 μs] (CI 99.9%), Margin = 3.135 μs (7.07% of Mean)
Skewness = 0.36, Kurtosis = 0.67, MValue = 2
-------------------- Histogram --------------------
[44.080 μs ; 44.708 μs) | @@@
---------------------------------------------------

// * Summary *

BenchmarkDotNet v0.15.8, Linux Ubuntu 24.04.5 LTS (Noble Numbat)
AMD EPYC 7763 2.45GHz, 1 CPU, 4 logical and 2 physical cores
.NET SDK 10.0.401
  [Host]   : .NET 10.0.12 (10.0.12, 10.0.1226.42308), X64 RyuJIT x86-64-v3
  ShortRun : .NET 10.0.12 (10.0.12, 10.0.1226.42308), X64 RyuJIT x86-64-v3

Job=ShortRun  IterationCount=3  LaunchCount=1  
WarmupCount=3  

| Method                                | ThreadCount | Mean       | Error       | StdDev     | Ratio | RatioSD | Completed Work Items | Lock Contentions | Gen0   | Allocated | Alloc Ratio |
|-------------------------------------- |------------ |-----------:|------------:|-----------:|------:|--------:|---------------------:|-----------------:|-------:|----------:|------------:|
| 'Concurrent LeastConnections (lease)' | 1           | 301.080 μs |  27.2838 μs |  1.4955 μs | 34.70 |    0.17 |                    - |                - | 1.9531 |  32.72 KB |       22.28 |
| 'Concurrent LeastConnections'         | 1           | 259.734 μs |  43.7189 μs |  2.3964 μs | 29.94 |    0.25 |                    - |                - | 1.9531 |  32.72 KB |       22.28 |
| 'Concurrent Random'                   | 1           |  15.801 μs |   1.1138 μs |  0.0611 μs |  1.82 |    0.01 |                    - |                - | 0.0610 |   1.47 KB |        1.00 |
| 'Concurrent RoundRobin'               | 1           |   8.676 μs |   0.4746 μs |  0.0260 μs |  1.00 |    0.00 |                    - |                - | 0.0763 |   1.47 KB |        1.00 |
|                                       |             |            |             |            |       |         |                      |                  |        |           |             |
| 'Concurrent LeastConnections (lease)' | 4           | 515.483 μs | 177.9573 μs |  9.7544 μs | 14.28 |    0.30 |               2.9980 |           2.4844 | 1.9531 |  33.32 KB |       16.28 |
| 'Concurrent LeastConnections'         | 4           | 482.228 μs |  31.0983 μs |  1.7046 μs | 13.36 |    0.19 |               3.0000 |           9.5737 | 1.9531 |  33.32 KB |       16.28 |
| 'Concurrent Random'                   | 4           |  12.386 μs |   3.7835 μs |  0.2074 μs |  0.34 |    0.01 |               2.9996 |                - | 0.1221 |   2.05 KB |        1.00 |
| 'Concurrent RoundRobin'               | 4           |  36.107 μs |  10.3181 μs |  0.5656 μs |  1.00 |    0.02 |               2.9987 |           0.0001 | 0.1221 |   2.05 KB |        1.00 |
|                                       |             |            |             |            |       |         |                      |                  |        |           |             |
| 'Concurrent LeastConnections (lease)' | 8           | 554.616 μs |  60.5118 μs |  3.3169 μs | 12.42 |    0.22 |               5.3516 |           3.0107 | 1.9531 |  33.89 KB |       13.98 |
| 'Concurrent LeastConnections'         | 8           | 500.823 μs | 187.7872 μs | 10.2933 μs | 11.21 |    0.27 |               6.3208 |          11.1475 | 1.9531 |  34.06 KB |       14.05 |
| 'Concurrent Random'                   | 8           |  13.694 μs |   6.5515 μs |  0.3591 μs |  0.31 |    0.01 |               3.9622 |                - | 0.1373 |   2.44 KB |        1.01 |
| 'Concurrent RoundRobin'               | 8           |  44.680 μs |  15.8517 μs |  0.8689 μs |  1.00 |    0.02 |               3.9682 |                - | 0.1221 |   2.42 KB |        1.00 |
|                                       |             |            |             |            |       |         |                      |                  |        |           |             |
| 'Concurrent LeastConnections (lease)' | 16          | 540.700 μs |  49.8849 μs |  2.7344 μs | 12.19 |    0.07 |               5.5137 |           3.3311 | 1.9531 |  34.41 KB |       11.74 |
| 'Concurrent LeastConnections'         | 16          | 546.136 μs | 272.9395 μs | 14.9607 μs | 12.31 |    0.30 |              13.1108 |          17.3545 | 1.9531 |   35.6 KB |       12.14 |
| 'Concurrent Random'                   | 16          |  14.739 μs |   1.3346 μs |  0.0732 μs |  0.33 |    0.00 |               3.7779 |                - | 0.1831 |   3.03 KB |        1.03 |
| 'Concurrent RoundRobin'               | 16          |  44.355 μs |   3.1351 μs |  0.1718 μs |  1.00 |    0.00 |               3.9595 |           0.0001 | 0.1221 |   2.93 KB |        1.00 |
// * Config Issues *

// * Warnings *
Configuration
  Summary -> The exporter CsvExporter is already present in configuration. There may be unexpected results.
  Summary -> The exporter HtmlExporter is already present in configuration. There may be unexpected results.
  Summary -> The exporter MarkdownExporter-github is already present in configuration. There may be unexpected results.

// * Legends *
  ThreadCount          : Value of the 'ThreadCount' parameter
  Mean                 : Arithmetic mean of all measurements
  Error                : Half of 99.9% confidence interval
  StdDev               : Standard deviation of all measurements
  Ratio                : Mean of the ratio distribution ([Current]/[Baseline])
  RatioSD              : Standard deviation of the ratio distribution ([Current]/[Baseline])
  Completed Work Items : The number of work items that have been processed in ThreadPool (per single operation)
  Lock Contentions     : The number of times there was contention upon trying to take a Monitor's lock (per single operation)
  Gen0                 : GC Generation 0 collects per 1000 operations
  Allocated            : Allocated memory per single operation (managed only, inclusive, 1KB = 1024B)
  Alloc Ratio          : Allocated memory ratio distribution ([Current]/[Baseline])
  1 μs                 : 1 Microsecond (0.000001 sec)

// * Diagnostic Output - ThreadingDiagnoser *

// * Diagnostic Output - MemoryDiagnoser *


// ***** BenchmarkRunner: End *****
Run time: 00:01:50 (110.82 sec), executed benchmarks: 16

Global total time: 00:05:07 (307.62 sec), executed benchmarks: 16
// * Artifacts cleanup *
Artifacts cleanup is finished
