// Validating benchmarks:
// ***** BenchmarkRunner: Start   *****
// ***** Found 8 benchmark(s) in total *****
// ***** Building 1 exe(s) in Parallel: Start   *****
// start dotnet  restore --nodeReuse:false /p:UseSharedCompilation=false /p:Deterministic=true /p:Optimize=true /p:ArtifactsPath="/home/runner/work/Encina/Encina/tests/Encina.BenchmarkTests/Encina.Security.AntiTampering.Benchmarks/bin/Release/net10.0/Encina.Security.AntiTampering.Benchmarks-Job-NUBXJZ-1/" /p:OutDir="/home/runner/work/Encina/Encina/tests/Encina.BenchmarkTests/Encina.Security.AntiTampering.Benchmarks/bin/Release/net10.0/Encina.Security.AntiTampering.Benchmarks-Job-NUBXJZ-1/bin/Release/net10.0/" /p:OutputPath="/home/runner/work/Encina/Encina/tests/Encina.BenchmarkTests/Encina.Security.AntiTampering.Benchmarks/bin/Release/net10.0/Encina.Security.AntiTampering.Benchmarks-Job-NUBXJZ-1/bin/Release/net10.0/" /p:PublishDir="/home/runner/work/Encina/Encina/tests/Encina.BenchmarkTests/Encina.Security.AntiTampering.Benchmarks/bin/Release/net10.0/Encina.Security.AntiTampering.Benchmarks-Job-NUBXJZ-1/publish/" in /home/runner/work/Encina/Encina/tests/Encina.BenchmarkTests/Encina.Security.AntiTampering.Benchmarks/bin/Release/net10.0/Encina.Security.AntiTampering.Benchmarks-Job-NUBXJZ-1
// command took 2.45 sec and exited with 0
// start dotnet  build -c Release --no-restore --nodeReuse:false /p:UseSharedCompilation=false /p:Deterministic=true /p:Optimize=true /p:ArtifactsPath="/home/runner/work/Encina/Encina/tests/Encina.BenchmarkTests/Encina.Security.AntiTampering.Benchmarks/bin/Release/net10.0/Encina.Security.AntiTampering.Benchmarks-Job-NUBXJZ-1/" /p:OutDir="/home/runner/work/Encina/Encina/tests/Encina.BenchmarkTests/Encina.Security.AntiTampering.Benchmarks/bin/Release/net10.0/Encina.Security.AntiTampering.Benchmarks-Job-NUBXJZ-1/bin/Release/net10.0/" /p:OutputPath="/home/runner/work/Encina/Encina/tests/Encina.BenchmarkTests/Encina.Security.AntiTampering.Benchmarks/bin/Release/net10.0/Encina.Security.AntiTampering.Benchmarks-Job-NUBXJZ-1/bin/Release/net10.0/" /p:PublishDir="/home/runner/work/Encina/Encina/tests/Encina.BenchmarkTests/Encina.Security.AntiTampering.Benchmarks/bin/Release/net10.0/Encina.Security.AntiTampering.Benchmarks-Job-NUBXJZ-1/publish/" --output "/home/runner/work/Encina/Encina/tests/Encina.BenchmarkTests/Encina.Security.AntiTampering.Benchmarks/bin/Release/net10.0/Encina.Security.AntiTampering.Benchmarks-Job-NUBXJZ-1/bin/Release/net10.0/" in /home/runner/work/Encina/Encina/tests/Encina.BenchmarkTests/Encina.Security.AntiTampering.Benchmarks/bin/Release/net10.0/Encina.Security.AntiTampering.Benchmarks-Job-NUBXJZ-1
// command took 51.04 sec and exited with 0
// ***** Done, took 00:00:53 (53.66 sec)   *****
// Found 8 benchmarks:
//   NonceStoreBenchmarks.Add: Job-NUBXJZ(IterationCount=20, WarmupCount=5)
//   NonceStoreBenchmarks.Exists_Hit: Job-NUBXJZ(IterationCount=20, WarmupCount=5)
//   NonceStoreBenchmarks.Exists_Miss: Job-NUBXJZ(IterationCount=20, WarmupCount=5)
//   NonceStoreBenchmarks.Cleanup: Job-NUBXJZ(IterationCount=20, WarmupCount=5)
//   NonceStoreBenchmarks.Add: ShortRun(IterationCount=3, LaunchCount=1, WarmupCount=3)
//   NonceStoreBenchmarks.Exists_Hit: ShortRun(IterationCount=3, LaunchCount=1, WarmupCount=3)
//   NonceStoreBenchmarks.Exists_Miss: ShortRun(IterationCount=3, LaunchCount=1, WarmupCount=3)
//   NonceStoreBenchmarks.Cleanup: ShortRun(IterationCount=3, LaunchCount=1, WarmupCount=3)

// **************************
// Benchmark: NonceStoreBenchmarks.Add: Job-NUBXJZ(IterationCount=20, WarmupCount=5)
// *** Execute ***
// Launch: 1 / 1
// Execute: dotnet Encina.Security.AntiTampering.Benchmarks-Job-NUBXJZ-1.dll --anonymousPipes 138 139 --benchmarkName Encina.Security.AntiTampering.Benchmarks.NonceStoreBenchmarks.Add --job "IterationCount=20, WarmupCount=5" --benchmarkId 0 in /home/runner/work/Encina/Encina/tests/Encina.BenchmarkTests/Encina.Security.AntiTampering.Benchmarks/bin/Release/net10.0/Encina.Security.AntiTampering.Benchmarks-Job-NUBXJZ-1/bin/Release/net10.0
// Failed to set up high priority (Permission denied). In order to run benchmarks with high priority, make sure you have the right permissions.
// BeforeAnythingElse

// Benchmark Process Environment Information:
// BenchmarkDotNet v0.15.8
// Runtime=.NET 10.0.12 (10.0.12, 10.0.1226.42308), X64 RyuJIT x86-64-v4
// GC=Concurrent Workstation
// HardwareIntrinsics=AVX512 BITALG+VBMI2+VNNI+VPOPCNTDQ,AVX512 IFMA+VBMI,AVX512 F+BW+CD+DQ+VL,AVX2+BMI1+BMI2+F16C+FMA+LZCNT+MOVBE,AVX,SSE3+SSSE3+SSE4.1+SSE4.2+POPCNT,X86Base+SSE+SSE2,AES+PCLMUL VectorSize=256
// Job: Job-NUBXJZ(IterationCount=20, WarmupCount=5)

OverheadJitting  1: 1 op, 214655.00 ns, 214.6550 us/op
WorkloadJitting  1: 1 op, 3544085.00 ns, 3.5441 ms/op

OverheadJitting  2: 16 op, 403769.00 ns, 25.2356 us/op
WorkloadJitting  2: 16 op, 451019.00 ns, 28.1887 us/op

WorkloadPilot    1: 16 op, 19256.00 ns, 1.2035 us/op
WorkloadPilot    2: 32 op, 52619.00 ns, 1.6443 us/op
WorkloadPilot    3: 64 op, 56358.00 ns, 880.5938 ns/op
WorkloadPilot    4: 128 op, 998226.00 ns, 7.7986 us/op
WorkloadPilot    5: 256 op, 172783.00 ns, 674.9336 ns/op
WorkloadPilot    6: 512 op, 384031.00 ns, 750.0605 ns/op
WorkloadPilot    7: 1024 op, 707903.00 ns, 691.3115 ns/op
WorkloadPilot    8: 2048 op, 1430752.00 ns, 698.6094 ns/op
WorkloadPilot    9: 4096 op, 2832497.00 ns, 691.5276 ns/op
WorkloadPilot   10: 8192 op, 7706865.00 ns, 940.7794 ns/op
WorkloadPilot   11: 16384 op, 11569386.00 ns, 706.1393 ns/op
WorkloadPilot   12: 32768 op, 28393191.00 ns, 866.4914 ns/op
WorkloadPilot   13: 65536 op, 61758432.00 ns, 942.3589 ns/op
WorkloadPilot   14: 131072 op, 124029043.00 ns, 946.2665 ns/op
WorkloadPilot   15: 262144 op, 216120165.00 ns, 824.4330 ns/op
WorkloadPilot   16: 524288 op, 592380761.00 ns, 1.1299 us/op

OverheadWarmup   1: 524288 op, 1319600.00 ns, 2.5169 ns/op
OverheadWarmup   2: 524288 op, 1315918.00 ns, 2.5099 ns/op
OverheadWarmup   3: 524288 op, 1317281.00 ns, 2.5125 ns/op
OverheadWarmup   4: 524288 op, 1314991.00 ns, 2.5081 ns/op
OverheadWarmup   5: 524288 op, 1314372.00 ns, 2.5070 ns/op
OverheadWarmup   6: 524288 op, 1332706.00 ns, 2.5419 ns/op
OverheadWarmup   7: 524288 op, 1325540.00 ns, 2.5283 ns/op

OverheadActual   1: 524288 op, 1310487.00 ns, 2.4996 ns/op
OverheadActual   2: 524288 op, 1314590.00 ns, 2.5074 ns/op
OverheadActual   3: 524288 op, 1321842.00 ns, 2.5212 ns/op
OverheadActual   4: 524288 op, 1324034.00 ns, 2.5254 ns/op
OverheadActual   5: 524288 op, 1320958.00 ns, 2.5195 ns/op
OverheadActual   6: 524288 op, 1317012.00 ns, 2.5120 ns/op
OverheadActual   7: 524288 op, 1381853.00 ns, 2.6357 ns/op
OverheadActual   8: 524288 op, 1314288.00 ns, 2.5068 ns/op
OverheadActual   9: 524288 op, 1314252.00 ns, 2.5067 ns/op
OverheadActual  10: 524288 op, 1314107.00 ns, 2.5065 ns/op
OverheadActual  11: 524288 op, 1320630.00 ns, 2.5189 ns/op
OverheadActual  12: 524288 op, 1322715.00 ns, 2.5229 ns/op
OverheadActual  13: 524288 op, 1319718.00 ns, 2.5172 ns/op
OverheadActual  14: 524288 op, 1313045.00 ns, 2.5044 ns/op
OverheadActual  15: 524288 op, 1316337.00 ns, 2.5107 ns/op

WorkloadWarmup   1: 524288 op, 688157248.00 ns, 1.3126 us/op
WorkloadWarmup   2: 524288 op, 441312318.00 ns, 841.7364 ns/op
WorkloadWarmup   3: 524288 op, 473883580.00 ns, 903.8612 ns/op
WorkloadWarmup   4: 524288 op, 1045605827.00 ns, 1.9943 us/op
WorkloadWarmup   5: 524288 op, 438265828.00 ns, 835.9257 ns/op

// BeforeActualRun
WorkloadActual   1: 524288 op, 446616403.00 ns, 851.8532 ns/op
WorkloadActual   2: 524288 op, 491194837.00 ns, 936.8798 ns/op
WorkloadActual   3: 524288 op, 507729174.00 ns, 968.4165 ns/op
WorkloadActual   4: 524288 op, 1695990794.00 ns, 3.2348 us/op
WorkloadActual   5: 524288 op, 443622289.00 ns, 846.1424 ns/op
WorkloadActual   6: 524288 op, 450191711.00 ns, 858.6725 ns/op
WorkloadActual   7: 524288 op, 451485904.00 ns, 861.1410 ns/op
WorkloadActual   8: 524288 op, 449519240.00 ns, 857.3899 ns/op
WorkloadActual   9: 524288 op, 471082905.00 ns, 898.5193 ns/op
WorkloadActual  10: 524288 op, 489542601.00 ns, 933.7284 ns/op
WorkloadActual  11: 524288 op, 496010083.00 ns, 946.0642 ns/op
WorkloadActual  12: 524288 op, 499551124.00 ns, 952.8182 ns/op
WorkloadActual  13: 524288 op, 503990614.00 ns, 961.2858 ns/op
WorkloadActual  14: 524288 op, 512041213.00 ns, 976.6411 ns/op
WorkloadActual  15: 524288 op, 530092928.00 ns, 1.0111 us/op
WorkloadActual  16: 524288 op, 2699326469.00 ns, 5.1486 us/op
WorkloadActual  17: 524288 op, 452882223.00 ns, 863.8043 ns/op
WorkloadActual  18: 524288 op, 455734524.00 ns, 869.2446 ns/op
WorkloadActual  19: 524288 op, 463322841.00 ns, 883.7182 ns/op
WorkloadActual  20: 524288 op, 459533558.00 ns, 876.4907 ns/op

// AfterActualRun
WorkloadResult   1: 524288 op, 445299391.00 ns, 849.3412 ns/op
WorkloadResult   2: 524288 op, 489877825.00 ns, 934.3678 ns/op
WorkloadResult   3: 524288 op, 506412162.00 ns, 965.9045 ns/op
WorkloadResult   4: 524288 op, 442305277.00 ns, 843.6304 ns/op
WorkloadResult   5: 524288 op, 448874699.00 ns, 856.1605 ns/op
WorkloadResult   6: 524288 op, 450168892.00 ns, 858.6290 ns/op
WorkloadResult   7: 524288 op, 448202228.00 ns, 854.8779 ns/op
WorkloadResult   8: 524288 op, 469765893.00 ns, 896.0073 ns/op
WorkloadResult   9: 524288 op, 488225589.00 ns, 931.2164 ns/op
WorkloadResult  10: 524288 op, 494693071.00 ns, 943.5522 ns/op
WorkloadResult  11: 524288 op, 498234112.00 ns, 950.3062 ns/op
WorkloadResult  12: 524288 op, 502673602.00 ns, 958.7738 ns/op
WorkloadResult  13: 524288 op, 510724201.00 ns, 974.1291 ns/op
WorkloadResult  14: 524288 op, 528775916.00 ns, 1.0086 us/op
WorkloadResult  15: 524288 op, 451565211.00 ns, 861.2923 ns/op
WorkloadResult  16: 524288 op, 454417512.00 ns, 866.7326 ns/op
WorkloadResult  17: 524288 op, 462005829.00 ns, 881.2062 ns/op
WorkloadResult  18: 524288 op, 458216546.00 ns, 873.9787 ns/op
// GC:  0 0 0 75497472 524288
// Threading:  0 0 524288

// AfterAll
// Benchmark Process 3140 has exited with code 0.

Mean = 906.037 ns, StdErr = 12.270 ns (1.35%), N = 18, StdDev = 52.058 ns
Min = 843.630 ns, Q1 = 859.295 ns, Median = 888.607 ns, Q3 = 948.618 ns, Max = 1,008.560 ns
IQR = 89.323 ns, LowerFence = 725.311 ns, UpperFence = 1,082.602 ns
ConfidenceInterval = [857.385 ns; 954.689 ns] (CI 99.9%), Margin = 48.652 ns (5.37% of Mean)
Skewness = 0.37, Kurtosis = 1.6, MValue = 3.33

// ** Remained 7 (87.5 %) benchmark(s) to run. Estimated finish 2026-10-03 9:19 (0h 10m from now) **
// **************************
// Benchmark: NonceStoreBenchmarks.Exists_Hit: Job-NUBXJZ(IterationCount=20, WarmupCount=5)
// *** Execute ***
// Launch: 1 / 1
// Execute: dotnet Encina.Security.AntiTampering.Benchmarks-Job-NUBXJZ-1.dll --anonymousPipes 138 139 --benchmarkName Encina.Security.AntiTampering.Benchmarks.NonceStoreBenchmarks.Exists_Hit --job "IterationCount=20, WarmupCount=5" --benchmarkId 1 in /home/runner/work/Encina/Encina/tests/Encina.BenchmarkTests/Encina.Security.AntiTampering.Benchmarks/bin/Release/net10.0/Encina.Security.AntiTampering.Benchmarks-Job-NUBXJZ-1/bin/Release/net10.0
// Failed to set up high priority (Permission denied). In order to run benchmarks with high priority, make sure you have the right permissions.
// BeforeAnythingElse

// Benchmark Process Environment Information:
// BenchmarkDotNet v0.15.8
// Runtime=.NET 10.0.12 (10.0.12, 10.0.1226.42308), X64 RyuJIT x86-64-v4
// GC=Concurrent Workstation
// HardwareIntrinsics=AVX512 BITALG+VBMI2+VNNI+VPOPCNTDQ,AVX512 IFMA+VBMI,AVX512 F+BW+CD+DQ+VL,AVX2+BMI1+BMI2+F16C+FMA+LZCNT+MOVBE,AVX,SSE3+SSSE3+SSE4.1+SSE4.2+POPCNT,X86Base+SSE+SSE2,AES+PCLMUL VectorSize=256
// Job: Job-NUBXJZ(IterationCount=20, WarmupCount=5)

OverheadJitting  1: 1 op, 212588.00 ns, 212.5880 us/op
WorkloadJitting  1: 1 op, 3657935.00 ns, 3.6579 ms/op

OverheadJitting  2: 16 op, 408889.00 ns, 25.5556 us/op
WorkloadJitting  2: 16 op, 455737.00 ns, 28.4836 us/op

WorkloadPilot    1: 16 op, 4813.00 ns, 300.8125 ns/op
WorkloadPilot    2: 32 op, 5133.00 ns, 160.4063 ns/op
WorkloadPilot    3: 64 op, 7019.00 ns, 109.6719 ns/op
WorkloadPilot    4: 128 op, 10332.00 ns, 80.7188 ns/op
WorkloadPilot    5: 256 op, 17909.00 ns, 69.9570 ns/op
WorkloadPilot    6: 512 op, 31240.00 ns, 61.0156 ns/op
WorkloadPilot    7: 1024 op, 58562.00 ns, 57.1895 ns/op
WorkloadPilot    8: 2048 op, 115771.00 ns, 56.5288 ns/op
WorkloadPilot    9: 4096 op, 239462.00 ns, 58.4624 ns/op
WorkloadPilot   10: 8192 op, 464607.00 ns, 56.7147 ns/op
WorkloadPilot   11: 16384 op, 937632.00 ns, 57.2285 ns/op
WorkloadPilot   12: 32768 op, 1871993.00 ns, 57.1287 ns/op
WorkloadPilot   13: 65536 op, 3784528.00 ns, 57.7473 ns/op
WorkloadPilot   14: 131072 op, 7343232.00 ns, 56.0244 ns/op
WorkloadPilot   15: 262144 op, 14595586.00 ns, 55.6777 ns/op
WorkloadPilot   16: 524288 op, 29157835.00 ns, 55.6142 ns/op
WorkloadPilot   17: 1048576 op, 58164249.00 ns, 55.4698 ns/op
WorkloadPilot   18: 2097152 op, 116165540.00 ns, 55.3920 ns/op
WorkloadPilot   19: 4194304 op, 232455557.00 ns, 55.4217 ns/op
WorkloadPilot   20: 8388608 op, 464315601.00 ns, 55.3507 ns/op
WorkloadPilot   21: 16777216 op, 928445088.00 ns, 55.3396 ns/op

OverheadWarmup   1: 16777216 op, 42091211.00 ns, 2.5088 ns/op
OverheadWarmup   2: 16777216 op, 42151967.00 ns, 2.5125 ns/op
OverheadWarmup   3: 16777216 op, 42041656.00 ns, 2.5059 ns/op
OverheadWarmup   4: 16777216 op, 42018419.00 ns, 2.5045 ns/op
OverheadWarmup   5: 16777216 op, 41970210.00 ns, 2.5016 ns/op
OverheadWarmup   6: 16777216 op, 41981197.00 ns, 2.5023 ns/op
OverheadWarmup   7: 16777216 op, 41995699.00 ns, 2.5031 ns/op
OverheadWarmup   8: 16777216 op, 41987719.00 ns, 2.5027 ns/op

OverheadActual   1: 16777216 op, 41996204.00 ns, 2.5032 ns/op
OverheadActual   2: 16777216 op, 42035422.00 ns, 2.5055 ns/op
OverheadActual   3: 16777216 op, 42031176.00 ns, 2.5053 ns/op
OverheadActual   4: 16777216 op, 42004347.00 ns, 2.5037 ns/op
OverheadActual   5: 16777216 op, 42038836.00 ns, 2.5057 ns/op
OverheadActual   6: 16777216 op, 41977257.00 ns, 2.5020 ns/op
OverheadActual   7: 16777216 op, 42003180.00 ns, 2.5036 ns/op
OverheadActual   8: 16777216 op, 41994386.00 ns, 2.5031 ns/op
OverheadActual   9: 16777216 op, 41996572.00 ns, 2.5032 ns/op
OverheadActual  10: 16777216 op, 42016291.00 ns, 2.5044 ns/op
OverheadActual  11: 16777216 op, 42094908.00 ns, 2.5091 ns/op
OverheadActual  12: 16777216 op, 41980313.00 ns, 2.5022 ns/op
OverheadActual  13: 16777216 op, 41984420.00 ns, 2.5025 ns/op
OverheadActual  14: 16777216 op, 42058683.00 ns, 2.5069 ns/op
OverheadActual  15: 16777216 op, 42055888.00 ns, 2.5067 ns/op

WorkloadWarmup   1: 16777216 op, 928311655.00 ns, 55.3317 ns/op
WorkloadWarmup   2: 16777216 op, 933767922.00 ns, 55.6569 ns/op
WorkloadWarmup   3: 16777216 op, 929511472.00 ns, 55.4032 ns/op
WorkloadWarmup   4: 16777216 op, 929148927.00 ns, 55.3816 ns/op
WorkloadWarmup   5: 16777216 op, 929034785.00 ns, 55.3748 ns/op

// BeforeActualRun
WorkloadActual   1: 16777216 op, 928883661.00 ns, 55.3658 ns/op
WorkloadActual   2: 16777216 op, 928434367.00 ns, 55.3390 ns/op
WorkloadActual   3: 16777216 op, 928846046.00 ns, 55.3635 ns/op
WorkloadActual   4: 16777216 op, 928315699.00 ns, 55.3319 ns/op
WorkloadActual   5: 16777216 op, 928720273.00 ns, 55.3560 ns/op
WorkloadActual   6: 16777216 op, 928510746.00 ns, 55.3436 ns/op
WorkloadActual   7: 16777216 op, 928782431.00 ns, 55.3597 ns/op
WorkloadActual   8: 16777216 op, 928460645.00 ns, 55.3406 ns/op
WorkloadActual   9: 16777216 op, 930220027.00 ns, 55.4454 ns/op
WorkloadActual  10: 16777216 op, 928730165.00 ns, 55.3566 ns/op
WorkloadActual  11: 16777216 op, 935907876.00 ns, 55.7845 ns/op
WorkloadActual  12: 16777216 op, 929043420.00 ns, 55.3753 ns/op
WorkloadActual  13: 16777216 op, 927798172.00 ns, 55.3011 ns/op
WorkloadActual  14: 16777216 op, 928580074.00 ns, 55.3477 ns/op
WorkloadActual  15: 16777216 op, 928234350.00 ns, 55.3271 ns/op
WorkloadActual  16: 16777216 op, 928288096.00 ns, 55.3303 ns/op
WorkloadActual  17: 16777216 op, 928571140.00 ns, 55.3472 ns/op
WorkloadActual  18: 16777216 op, 928562598.00 ns, 55.3466 ns/op
WorkloadActual  19: 16777216 op, 928548010.00 ns, 55.3458 ns/op
WorkloadActual  20: 16777216 op, 930011200.00 ns, 55.4330 ns/op

// AfterActualRun
WorkloadResult   1: 16777216 op, 886879314.00 ns, 52.8621 ns/op
WorkloadResult   2: 16777216 op, 886430020.00 ns, 52.8353 ns/op
WorkloadResult   3: 16777216 op, 886841699.00 ns, 52.8599 ns/op
WorkloadResult   4: 16777216 op, 886311352.00 ns, 52.8283 ns/op
WorkloadResult   5: 16777216 op, 886715926.00 ns, 52.8524 ns/op
WorkloadResult   6: 16777216 op, 886506399.00 ns, 52.8399 ns/op
WorkloadResult   7: 16777216 op, 886778084.00 ns, 52.8561 ns/op
WorkloadResult   8: 16777216 op, 886456298.00 ns, 52.8369 ns/op
WorkloadResult   9: 16777216 op, 886725818.00 ns, 52.8530 ns/op
WorkloadResult  10: 16777216 op, 887039073.00 ns, 52.8716 ns/op
WorkloadResult  11: 16777216 op, 885793825.00 ns, 52.7974 ns/op
WorkloadResult  12: 16777216 op, 886575727.00 ns, 52.8440 ns/op
WorkloadResult  13: 16777216 op, 886230003.00 ns, 52.8234 ns/op
WorkloadResult  14: 16777216 op, 886283749.00 ns, 52.8266 ns/op
WorkloadResult  15: 16777216 op, 886566793.00 ns, 52.8435 ns/op
WorkloadResult  16: 16777216 op, 886558251.00 ns, 52.8430 ns/op
WorkloadResult  17: 16777216 op, 886543663.00 ns, 52.8421 ns/op
// GC:  0 0 0 0 16777216
// Threading:  0 0 16777216

// AfterAll
// Benchmark Process 3174 has exited with code 0.

Mean = 52.842 ns, StdErr = 0.004 ns (0.01%), N = 17, StdDev = 0.017 ns
Min = 52.797 ns, Q1 = 52.835 ns, Median = 52.843 ns, Q3 = 52.853 ns, Max = 52.872 ns
IQR = 0.018 ns, LowerFence = 52.809 ns, UpperFence = 52.879 ns
ConfidenceInterval = [52.825 ns; 52.859 ns] (CI 99.9%), Margin = 0.017 ns (0.03% of Mean)
Skewness = -0.64, Kurtosis = 3.36, MValue = 2

// ** Remained 6 (75.0 %) benchmark(s) to run. Estimated finish 2026-10-03 9:15 (0h 5m from now) **
// **************************
// Benchmark: NonceStoreBenchmarks.Exists_Miss: Job-NUBXJZ(IterationCount=20, WarmupCount=5)
// *** Execute ***
// Launch: 1 / 1
// Execute: dotnet Encina.Security.AntiTampering.Benchmarks-Job-NUBXJZ-1.dll --anonymousPipes 138 139 --benchmarkName Encina.Security.AntiTampering.Benchmarks.NonceStoreBenchmarks.Exists_Miss --job "IterationCount=20, WarmupCount=5" --benchmarkId 2 in /home/runner/work/Encina/Encina/tests/Encina.BenchmarkTests/Encina.Security.AntiTampering.Benchmarks/bin/Release/net10.0/Encina.Security.AntiTampering.Benchmarks-Job-NUBXJZ-1/bin/Release/net10.0
// Failed to set up high priority (Permission denied). In order to run benchmarks with high priority, make sure you have the right permissions.
// BeforeAnythingElse

// Benchmark Process Environment Information:
// BenchmarkDotNet v0.15.8
// Runtime=.NET 10.0.12 (10.0.12, 10.0.1226.42308), X64 RyuJIT x86-64-v4
// GC=Concurrent Workstation
// HardwareIntrinsics=AVX512 BITALG+VBMI2+VNNI+VPOPCNTDQ,AVX512 IFMA+VBMI,AVX512 F+BW+CD+DQ+VL,AVX2+BMI1+BMI2+F16C+FMA+LZCNT+MOVBE,AVX,SSE3+SSSE3+SSE4.1+SSE4.2+POPCNT,X86Base+SSE+SSE2,AES+PCLMUL VectorSize=256
// Job: Job-NUBXJZ(IterationCount=20, WarmupCount=5)

OverheadJitting  1: 1 op, 206185.00 ns, 206.1850 us/op
WorkloadJitting  1: 1 op, 3484337.00 ns, 3.4843 ms/op

OverheadJitting  2: 16 op, 417467.00 ns, 26.0917 us/op
WorkloadJitting  2: 16 op, 408486.00 ns, 25.5304 us/op

WorkloadPilot    1: 16 op, 2752.00 ns, 172.0000 ns/op
WorkloadPilot    2: 32 op, 2793.00 ns, 87.2813 ns/op
WorkloadPilot    3: 64 op, 3603.00 ns, 56.2969 ns/op
WorkloadPilot    4: 128 op, 5188.00 ns, 40.5313 ns/op
WorkloadPilot    5: 256 op, 8095.00 ns, 31.6211 ns/op
WorkloadPilot    6: 512 op, 14022.00 ns, 27.3867 ns/op
WorkloadPilot    7: 1024 op, 25958.00 ns, 25.3496 ns/op
WorkloadPilot    8: 2048 op, 50017.00 ns, 24.4224 ns/op
WorkloadPilot    9: 4096 op, 96911.00 ns, 23.6599 ns/op
WorkloadPilot   10: 8192 op, 194419.00 ns, 23.7328 ns/op
WorkloadPilot   11: 16384 op, 370515.00 ns, 22.6144 ns/op
WorkloadPilot   12: 32768 op, 838801.00 ns, 25.5982 ns/op
WorkloadPilot   13: 65536 op, 1581149.00 ns, 24.1264 ns/op
WorkloadPilot   14: 131072 op, 3276518.00 ns, 24.9978 ns/op
WorkloadPilot   15: 262144 op, 6232304.00 ns, 23.7744 ns/op
WorkloadPilot   16: 524288 op, 12563904.00 ns, 23.9637 ns/op
WorkloadPilot   17: 1048576 op, 25242531.00 ns, 24.0732 ns/op
WorkloadPilot   18: 2097152 op, 49599453.00 ns, 23.6509 ns/op
WorkloadPilot   19: 4194304 op, 99207286.00 ns, 23.6529 ns/op
WorkloadPilot   20: 8388608 op, 198239380.00 ns, 23.6320 ns/op
WorkloadPilot   21: 16777216 op, 399341164.00 ns, 23.8026 ns/op
WorkloadPilot   22: 33554432 op, 795991762.00 ns, 23.7224 ns/op

OverheadWarmup   1: 33554432 op, 83909913.00 ns, 2.5007 ns/op
OverheadWarmup   2: 33554432 op, 83903852.00 ns, 2.5005 ns/op
OverheadWarmup   3: 33554432 op, 84220870.00 ns, 2.5100 ns/op
OverheadWarmup   4: 33554432 op, 83884395.00 ns, 2.4999 ns/op
OverheadWarmup   5: 33554432 op, 83900108.00 ns, 2.5004 ns/op
OverheadWarmup   6: 33554432 op, 83973971.00 ns, 2.5026 ns/op
OverheadWarmup   7: 33554432 op, 83893859.00 ns, 2.5002 ns/op

OverheadActual   1: 33554432 op, 83917967.00 ns, 2.5010 ns/op
OverheadActual   2: 33554432 op, 84054162.00 ns, 2.5050 ns/op
OverheadActual   3: 33554432 op, 84190540.00 ns, 2.5091 ns/op
OverheadActual   4: 33554432 op, 84463904.00 ns, 2.5172 ns/op
OverheadActual   5: 33554432 op, 83885261.00 ns, 2.5000 ns/op
OverheadActual   6: 33554432 op, 83884883.00 ns, 2.5000 ns/op
OverheadActual   7: 33554432 op, 83910045.00 ns, 2.5007 ns/op
OverheadActual   8: 33554432 op, 84034279.00 ns, 2.5044 ns/op
OverheadActual   9: 33554432 op, 83956790.00 ns, 2.5021 ns/op
OverheadActual  10: 33554432 op, 84066705.00 ns, 2.5054 ns/op
OverheadActual  11: 33554432 op, 83982839.00 ns, 2.5029 ns/op
OverheadActual  12: 33554432 op, 84058755.00 ns, 2.5051 ns/op
OverheadActual  13: 33554432 op, 83946354.00 ns, 2.5018 ns/op
OverheadActual  14: 33554432 op, 84088282.00 ns, 2.5060 ns/op
OverheadActual  15: 33554432 op, 83899745.00 ns, 2.5004 ns/op

WorkloadWarmup   1: 33554432 op, 794879716.00 ns, 23.6893 ns/op
WorkloadWarmup   2: 33554432 op, 780462594.00 ns, 23.2596 ns/op
WorkloadWarmup   3: 33554432 op, 795840770.00 ns, 23.7179 ns/op
WorkloadWarmup   4: 33554432 op, 801405444.00 ns, 23.8837 ns/op
WorkloadWarmup   5: 33554432 op, 796850407.00 ns, 23.7480 ns/op

// BeforeActualRun
WorkloadActual   1: 33554432 op, 794172971.00 ns, 23.6682 ns/op
WorkloadActual   2: 33554432 op, 800784915.00 ns, 23.8653 ns/op
WorkloadActual   3: 33554432 op, 798604910.00 ns, 23.8003 ns/op
WorkloadActual   4: 33554432 op, 794688949.00 ns, 23.6836 ns/op
WorkloadActual   5: 33554432 op, 792364387.00 ns, 23.6143 ns/op
WorkloadActual   6: 33554432 op, 792113810.00 ns, 23.6068 ns/op
WorkloadActual   7: 33554432 op, 794917351.00 ns, 23.6904 ns/op
WorkloadActual   8: 33554432 op, 813260112.00 ns, 24.2370 ns/op
WorkloadActual   9: 33554432 op, 812848233.00 ns, 24.2248 ns/op
WorkloadActual  10: 33554432 op, 810453867.00 ns, 24.1534 ns/op
WorkloadActual  11: 33554432 op, 810889689.00 ns, 24.1664 ns/op
WorkloadActual  12: 33554432 op, 798150457.00 ns, 23.7867 ns/op
WorkloadActual  13: 33554432 op, 793232869.00 ns, 23.6402 ns/op
WorkloadActual  14: 33554432 op, 798370785.00 ns, 23.7933 ns/op
WorkloadActual  15: 33554432 op, 799020419.00 ns, 23.8127 ns/op
WorkloadActual  16: 33554432 op, 783807871.00 ns, 23.3593 ns/op
WorkloadActual  17: 33554432 op, 798318212.00 ns, 23.7917 ns/op
WorkloadActual  18: 33554432 op, 798730665.00 ns, 23.8040 ns/op
WorkloadActual  19: 33554432 op, 801151446.00 ns, 23.8762 ns/op
WorkloadActual  20: 33554432 op, 797161673.00 ns, 23.7573 ns/op

// AfterActualRun
WorkloadResult   1: 33554432 op, 710190132.00 ns, 21.1653 ns/op
WorkloadResult   2: 33554432 op, 716802076.00 ns, 21.3624 ns/op
WorkloadResult   3: 33554432 op, 714622071.00 ns, 21.2974 ns/op
WorkloadResult   4: 33554432 op, 710706110.00 ns, 21.1807 ns/op
WorkloadResult   5: 33554432 op, 708381548.00 ns, 21.1114 ns/op
WorkloadResult   6: 33554432 op, 708130971.00 ns, 21.1039 ns/op
WorkloadResult   7: 33554432 op, 710934512.00 ns, 21.1875 ns/op
WorkloadResult   8: 33554432 op, 714167618.00 ns, 21.2839 ns/op
WorkloadResult   9: 33554432 op, 709250030.00 ns, 21.1373 ns/op
WorkloadResult  10: 33554432 op, 714387946.00 ns, 21.2904 ns/op
WorkloadResult  11: 33554432 op, 715037580.00 ns, 21.3098 ns/op
WorkloadResult  12: 33554432 op, 699825032.00 ns, 20.8564 ns/op
WorkloadResult  13: 33554432 op, 714335373.00 ns, 21.2889 ns/op
WorkloadResult  14: 33554432 op, 714747826.00 ns, 21.3011 ns/op
WorkloadResult  15: 33554432 op, 717168607.00 ns, 21.3733 ns/op
WorkloadResult  16: 33554432 op, 713178834.00 ns, 21.2544 ns/op
// GC:  0 0 0 0 33554432
// Threading:  0 0 33554432

// AfterAll
// Benchmark Process 3253 has exited with code 0.

Mean = 21.219 ns, StdErr = 0.032 ns (0.15%), N = 16, StdDev = 0.129 ns
Min = 20.856 ns, Q1 = 21.158 ns, Median = 21.269 ns, Q3 = 21.298 ns, Max = 21.373 ns
IQR = 0.140 ns, LowerFence = 20.948 ns, UpperFence = 21.508 ns
ConfidenceInterval = [21.088 ns; 21.350 ns] (CI 99.9%), Margin = 0.131 ns (0.62% of Mean)
Skewness = -1.22, Kurtosis = 4.27, MValue = 2

// ** Remained 5 (62.5 %) benchmark(s) to run. Estimated finish 2026-10-03 9:13 (0h 3m from now) **
// **************************
// Benchmark: NonceStoreBenchmarks.Cleanup: Job-NUBXJZ(IterationCount=20, WarmupCount=5)
// *** Execute ***
// Launch: 1 / 1
// Execute: dotnet Encina.Security.AntiTampering.Benchmarks-Job-NUBXJZ-1.dll --anonymousPipes 138 139 --benchmarkName Encina.Security.AntiTampering.Benchmarks.NonceStoreBenchmarks.Cleanup --job "IterationCount=20, WarmupCount=5" --benchmarkId 3 in /home/runner/work/Encina/Encina/tests/Encina.BenchmarkTests/Encina.Security.AntiTampering.Benchmarks/bin/Release/net10.0/Encina.Security.AntiTampering.Benchmarks-Job-NUBXJZ-1/bin/Release/net10.0
// Failed to set up high priority (Permission denied). In order to run benchmarks with high priority, make sure you have the right permissions.
// BeforeAnythingElse

// Benchmark Process Environment Information:
// BenchmarkDotNet v0.15.8
// Runtime=.NET 10.0.12 (10.0.12, 10.0.1226.42308), X64 RyuJIT x86-64-v4
// GC=Concurrent Workstation
// HardwareIntrinsics=AVX512 BITALG+VBMI2+VNNI+VPOPCNTDQ,AVX512 IFMA+VBMI,AVX512 F+BW+CD+DQ+VL,AVX2+BMI1+BMI2+F16C+FMA+LZCNT+MOVBE,AVX,SSE3+SSSE3+SSE4.1+SSE4.2+POPCNT,X86Base+SSE+SSE2,AES+PCLMUL VectorSize=256
// Job: Job-NUBXJZ(IterationCount=20, WarmupCount=5)

OverheadJitting  1: 1 op, 201652.00 ns, 201.6520 us/op
WorkloadJitting  1: 1 op, 13513007.00 ns, 13.5130 ms/op

OverheadJitting  2: 16 op, 419893.00 ns, 26.2433 us/op
WorkloadJitting  2: 16 op, 87005660.00 ns, 5.4379 ms/op

WorkloadPilot    1: 16 op, 85923839.00 ns, 5.3702 ms/op
WorkloadPilot    2: 32 op, 171838938.00 ns, 5.3700 ms/op
WorkloadPilot    3: 64 op, 344337115.00 ns, 5.3803 ms/op
WorkloadPilot    4: 128 op, 686435724.00 ns, 5.3628 ms/op

OverheadWarmup   1: 128 op, 1210.00 ns, 9.4531 ns/op
OverheadWarmup   2: 128 op, 1025.00 ns, 8.0078 ns/op
OverheadWarmup   3: 128 op, 2696.00 ns, 21.0625 ns/op
OverheadWarmup   4: 128 op, 2789.00 ns, 21.7891 ns/op
OverheadWarmup   5: 128 op, 3019.00 ns, 23.5859 ns/op
OverheadWarmup   6: 128 op, 838.00 ns, 6.5469 ns/op
OverheadWarmup   7: 128 op, 865.00 ns, 6.7578 ns/op
OverheadWarmup   8: 128 op, 2996.00 ns, 23.4063 ns/op
OverheadWarmup   9: 128 op, 2856.00 ns, 22.3125 ns/op

OverheadActual   1: 128 op, 3103.00 ns, 24.2422 ns/op
OverheadActual   2: 128 op, 3033.00 ns, 23.6953 ns/op
OverheadActual   3: 128 op, 1001.00 ns, 7.8203 ns/op
OverheadActual   4: 128 op, 3043.00 ns, 23.7734 ns/op
OverheadActual   5: 128 op, 892.00 ns, 6.9688 ns/op
OverheadActual   6: 128 op, 899.00 ns, 7.0234 ns/op
OverheadActual   7: 128 op, 2887.00 ns, 22.5547 ns/op
OverheadActual   8: 128 op, 3307.00 ns, 25.8359 ns/op
OverheadActual   9: 128 op, 2721.00 ns, 21.2578 ns/op
OverheadActual  10: 128 op, 824.00 ns, 6.4375 ns/op
OverheadActual  11: 128 op, 928.00 ns, 7.2500 ns/op
OverheadActual  12: 128 op, 855.00 ns, 6.6797 ns/op
OverheadActual  13: 128 op, 878.00 ns, 6.8594 ns/op
OverheadActual  14: 128 op, 2698.00 ns, 21.0781 ns/op
OverheadActual  15: 128 op, 918.00 ns, 7.1719 ns/op
OverheadActual  16: 128 op, 3019.00 ns, 23.5859 ns/op
OverheadActual  17: 128 op, 912.00 ns, 7.1250 ns/op
OverheadActual  18: 128 op, 2739.00 ns, 21.3984 ns/op
OverheadActual  19: 128 op, 958.00 ns, 7.4844 ns/op
OverheadActual  20: 128 op, 841.00 ns, 6.5703 ns/op

WorkloadWarmup   1: 128 op, 690511683.00 ns, 5.3946 ms/op
WorkloadWarmup   2: 128 op, 682882089.00 ns, 5.3350 ms/op
WorkloadWarmup   3: 128 op, 681446042.00 ns, 5.3238 ms/op
WorkloadWarmup   4: 128 op, 680764729.00 ns, 5.3185 ms/op
WorkloadWarmup   5: 128 op, 680481870.00 ns, 5.3163 ms/op

// BeforeActualRun
WorkloadActual   1: 128 op, 682322897.00 ns, 5.3306 ms/op
WorkloadActual   2: 128 op, 682182922.00 ns, 5.3296 ms/op
WorkloadActual   3: 128 op, 681476708.00 ns, 5.3240 ms/op
WorkloadActual   4: 128 op, 682060133.00 ns, 5.3286 ms/op
WorkloadActual   5: 128 op, 680424329.00 ns, 5.3158 ms/op
WorkloadActual   6: 128 op, 681671617.00 ns, 5.3256 ms/op
WorkloadActual   7: 128 op, 681456286.00 ns, 5.3239 ms/op
WorkloadActual   8: 128 op, 681166868.00 ns, 5.3216 ms/op
WorkloadActual   9: 128 op, 682152477.00 ns, 5.3293 ms/op
WorkloadActual  10: 128 op, 681311905.00 ns, 5.3227 ms/op
WorkloadActual  11: 128 op, 682204459.00 ns, 5.3297 ms/op
WorkloadActual  12: 128 op, 679807033.00 ns, 5.3110 ms/op
WorkloadActual  13: 128 op, 680835837.00 ns, 5.3190 ms/op
WorkloadActual  14: 128 op, 682259239.00 ns, 5.3302 ms/op
WorkloadActual  15: 128 op, 679727132.00 ns, 5.3104 ms/op
WorkloadActual  16: 128 op, 681431688.00 ns, 5.3237 ms/op
WorkloadActual  17: 128 op, 680553194.00 ns, 5.3168 ms/op
WorkloadActual  18: 128 op, 680105390.00 ns, 5.3133 ms/op
WorkloadActual  19: 128 op, 681892674.00 ns, 5.3273 ms/op
WorkloadActual  20: 128 op, 680153368.00 ns, 5.3137 ms/op

// AfterActualRun
WorkloadResult   1: 128 op, 682321917.50 ns, 5.3306 ms/op
WorkloadResult   2: 128 op, 682181942.50 ns, 5.3295 ms/op
WorkloadResult   3: 128 op, 681475728.50 ns, 5.3240 ms/op
WorkloadResult   4: 128 op, 682059153.50 ns, 5.3286 ms/op
WorkloadResult   5: 128 op, 680423349.50 ns, 5.3158 ms/op
WorkloadResult   6: 128 op, 681670637.50 ns, 5.3256 ms/op
WorkloadResult   7: 128 op, 681455306.50 ns, 5.3239 ms/op
WorkloadResult   8: 128 op, 681165888.50 ns, 5.3216 ms/op
WorkloadResult   9: 128 op, 682151497.50 ns, 5.3293 ms/op
WorkloadResult  10: 128 op, 681310925.50 ns, 5.3227 ms/op
WorkloadResult  11: 128 op, 682203479.50 ns, 5.3297 ms/op
WorkloadResult  12: 128 op, 679806053.50 ns, 5.3110 ms/op
WorkloadResult  13: 128 op, 680834857.50 ns, 5.3190 ms/op
WorkloadResult  14: 128 op, 682258259.50 ns, 5.3301 ms/op
WorkloadResult  15: 128 op, 679726152.50 ns, 5.3104 ms/op
WorkloadResult  16: 128 op, 681430708.50 ns, 5.3237 ms/op
WorkloadResult  17: 128 op, 680552214.50 ns, 5.3168 ms/op
WorkloadResult  18: 128 op, 680104410.50 ns, 5.3133 ms/op
WorkloadResult  19: 128 op, 681891694.50 ns, 5.3273 ms/op
WorkloadResult  20: 128 op, 680152388.50 ns, 5.3137 ms/op
// GC:  0 0 0 26835968 128
// Threading:  132 0 128

// AfterAll
// Benchmark Process 3296 has exited with code 0.

Mean = 5.322 ms, StdErr = 0.002 ms (0.03%), N = 20, StdDev = 0.007 ms
Min = 5.310 ms, Q1 = 5.317 ms, Median = 5.324 ms, Q3 = 5.329 ms, Max = 5.331 ms
IQR = 0.012 ms, LowerFence = 5.298 ms, UpperFence = 5.347 ms
ConfidenceInterval = [5.316 ms; 5.328 ms] (CI 99.9%), Margin = 0.006 ms (0.11% of Mean)
Skewness = -0.39, Kurtosis = 1.66, MValue = 2

// ** Remained 4 (50.0 %) benchmark(s) to run. Estimated finish 2026-10-03 9:12 (0h 2m from now) **
// **************************
// Benchmark: NonceStoreBenchmarks.Add: ShortRun(IterationCount=3, LaunchCount=1, WarmupCount=3)
// *** Execute ***
// Launch: 1 / 1
// Execute: dotnet Encina.Security.AntiTampering.Benchmarks-Job-NUBXJZ-1.dll --anonymousPipes 138 139 --benchmarkName Encina.Security.AntiTampering.Benchmarks.NonceStoreBenchmarks.Add --job ShortRun --benchmarkId 4 in /home/runner/work/Encina/Encina/tests/Encina.BenchmarkTests/Encina.Security.AntiTampering.Benchmarks/bin/Release/net10.0/Encina.Security.AntiTampering.Benchmarks-Job-NUBXJZ-1/bin/Release/net10.0
// Failed to set up high priority (Permission denied). In order to run benchmarks with high priority, make sure you have the right permissions.
// BeforeAnythingElse

// Benchmark Process Environment Information:
// BenchmarkDotNet v0.15.8
// Runtime=.NET 10.0.12 (10.0.12, 10.0.1226.42308), X64 RyuJIT x86-64-v4
// GC=Concurrent Workstation
// HardwareIntrinsics=AVX512 BITALG+VBMI2+VNNI+VPOPCNTDQ,AVX512 IFMA+VBMI,AVX512 F+BW+CD+DQ+VL,AVX2+BMI1+BMI2+F16C+FMA+LZCNT+MOVBE,AVX,SSE3+SSSE3+SSE4.1+SSE4.2+POPCNT,X86Base+SSE+SSE2,AES+PCLMUL VectorSize=256
// Job: ShortRun(IterationCount=3, LaunchCount=1, WarmupCount=3)

OverheadJitting  1: 1 op, 204282.00 ns, 204.2820 us/op
WorkloadJitting  1: 1 op, 3559632.00 ns, 3.5596 ms/op

OverheadJitting  2: 16 op, 382183.00 ns, 23.8864 us/op
WorkloadJitting  2: 16 op, 417406.00 ns, 26.0879 us/op

WorkloadPilot    1: 16 op, 19666.00 ns, 1.2291 us/op
WorkloadPilot    2: 32 op, 37796.00 ns, 1.1811 us/op
WorkloadPilot    3: 64 op, 944467.00 ns, 14.7573 us/op
WorkloadPilot    4: 128 op, 91159.00 ns, 712.1797 ns/op
WorkloadPilot    5: 256 op, 194263.00 ns, 758.8398 ns/op
WorkloadPilot    6: 512 op, 362956.00 ns, 708.8984 ns/op
WorkloadPilot    7: 1024 op, 722648.00 ns, 705.7109 ns/op
WorkloadPilot    8: 2048 op, 1419747.00 ns, 693.2358 ns/op
WorkloadPilot    9: 4096 op, 4786328.00 ns, 1.1685 us/op
WorkloadPilot   10: 8192 op, 5653487.00 ns, 690.1229 ns/op
WorkloadPilot   11: 16384 op, 11471933.00 ns, 700.1912 ns/op
WorkloadPilot   12: 32768 op, 29209070.00 ns, 891.3901 ns/op
WorkloadPilot   13: 65536 op, 62955882.00 ns, 960.6305 ns/op
WorkloadPilot   14: 131072 op, 97225395.00 ns, 741.7709 ns/op
WorkloadPilot   15: 262144 op, 264656458.00 ns, 1.0096 us/op
WorkloadPilot   16: 524288 op, 594093671.00 ns, 1.1331 us/op

OverheadWarmup   1: 524288 op, 1327424.00 ns, 2.5319 ns/op
OverheadWarmup   2: 524288 op, 1320064.00 ns, 2.5178 ns/op
OverheadWarmup   3: 524288 op, 1314396.00 ns, 2.5070 ns/op
OverheadWarmup   4: 524288 op, 1311077.00 ns, 2.5007 ns/op
OverheadWarmup   5: 524288 op, 1380278.00 ns, 2.6327 ns/op
OverheadWarmup   6: 524288 op, 1320583.00 ns, 2.5188 ns/op
OverheadWarmup   7: 524288 op, 1314776.00 ns, 2.5077 ns/op
OverheadWarmup   8: 524288 op, 1320159.00 ns, 2.5180 ns/op
OverheadWarmup   9: 524288 op, 1313002.00 ns, 2.5044 ns/op

OverheadActual   1: 524288 op, 1309697.00 ns, 2.4980 ns/op
OverheadActual   2: 524288 op, 1312908.00 ns, 2.5042 ns/op
OverheadActual   3: 524288 op, 1322817.00 ns, 2.5231 ns/op
OverheadActual   4: 524288 op, 1314942.00 ns, 2.5081 ns/op
OverheadActual   5: 524288 op, 1313493.00 ns, 2.5053 ns/op
OverheadActual   6: 524288 op, 1314342.00 ns, 2.5069 ns/op
OverheadActual   7: 524288 op, 1311007.00 ns, 2.5005 ns/op
OverheadActual   8: 524288 op, 1314299.00 ns, 2.5068 ns/op
OverheadActual   9: 524288 op, 1314057.00 ns, 2.5064 ns/op
OverheadActual  10: 524288 op, 1344339.00 ns, 2.5641 ns/op
OverheadActual  11: 524288 op, 1316911.00 ns, 2.5118 ns/op
OverheadActual  12: 524288 op, 1309669.00 ns, 2.4980 ns/op
OverheadActual  13: 524288 op, 1316230.00 ns, 2.5105 ns/op
OverheadActual  14: 524288 op, 1323332.00 ns, 2.5241 ns/op
OverheadActual  15: 524288 op, 1325661.00 ns, 2.5285 ns/op

WorkloadWarmup   1: 524288 op, 764111749.00 ns, 1.4574 us/op
WorkloadWarmup   2: 524288 op, 439504302.00 ns, 838.2879 ns/op
WorkloadWarmup   3: 524288 op, 464199512.00 ns, 885.3903 ns/op

// BeforeActualRun
WorkloadActual   1: 524288 op, 1038762600.00 ns, 1.9813 us/op
WorkloadActual   2: 524288 op, 438905162.00 ns, 837.1452 ns/op
WorkloadActual   3: 524288 op, 448605624.00 ns, 855.6473 ns/op

// AfterActualRun
WorkloadResult   1: 524288 op, 1037448258.00 ns, 1.9788 us/op
WorkloadResult   2: 524288 op, 437590820.00 ns, 834.6383 ns/op
WorkloadResult   3: 524288 op, 447291282.00 ns, 853.1404 ns/op
// GC:  0 0 0 75497472 524288
// Threading:  0 0 524288

// AfterAll
// Benchmark Process 3315 has exited with code 0.

Mean = 1.222 μs, StdErr = 0.378 μs (30.96%), N = 3, StdDev = 0.655 μs
Min = 0.835 μs, Q1 = 0.844 μs, Median = 0.853 μs, Q3 = 1.416 μs, Max = 1.979 μs
IQR = 0.572 μs, LowerFence = -0.014 μs, UpperFence = 2.274 μs
ConfidenceInterval = [-10.733 μs; 13.177 μs] (CI 99.9%), Margin = 11.955 μs (978.16% of Mean)
Skewness = 0.38, Kurtosis = 0.67, MValue = 2

// ** Remained 3 (37.5 %) benchmark(s) to run. Estimated finish 2026-10-03 9:12 (0h 1m from now) **
// **************************
// Benchmark: NonceStoreBenchmarks.Exists_Hit: ShortRun(IterationCount=3, LaunchCount=1, WarmupCount=3)
// *** Execute ***
// Launch: 1 / 1
// Execute: dotnet Encina.Security.AntiTampering.Benchmarks-Job-NUBXJZ-1.dll --anonymousPipes 140 141 --benchmarkName Encina.Security.AntiTampering.Benchmarks.NonceStoreBenchmarks.Exists_Hit --job ShortRun --benchmarkId 5 in /home/runner/work/Encina/Encina/tests/Encina.BenchmarkTests/Encina.Security.AntiTampering.Benchmarks/bin/Release/net10.0/Encina.Security.AntiTampering.Benchmarks-Job-NUBXJZ-1/bin/Release/net10.0
// Failed to set up high priority (Permission denied). In order to run benchmarks with high priority, make sure you have the right permissions.
// BeforeAnythingElse

// Benchmark Process Environment Information:
// BenchmarkDotNet v0.15.8
// Runtime=.NET 10.0.12 (10.0.12, 10.0.1226.42308), X64 RyuJIT x86-64-v4
// GC=Concurrent Workstation
// HardwareIntrinsics=AVX512 BITALG+VBMI2+VNNI+VPOPCNTDQ,AVX512 IFMA+VBMI,AVX512 F+BW+CD+DQ+VL,AVX2+BMI1+BMI2+F16C+FMA+LZCNT+MOVBE,AVX,SSE3+SSSE3+SSE4.1+SSE4.2+POPCNT,X86Base+SSE+SSE2,AES+PCLMUL VectorSize=256
// Job: ShortRun(IterationCount=3, LaunchCount=1, WarmupCount=3)

OverheadJitting  1: 1 op, 222804.00 ns, 222.8040 us/op
WorkloadJitting  1: 1 op, 3679454.00 ns, 3.6795 ms/op

OverheadJitting  2: 16 op, 392974.00 ns, 24.5609 us/op
WorkloadJitting  2: 16 op, 426248.00 ns, 26.6405 us/op

WorkloadPilot    1: 16 op, 4680.00 ns, 292.5000 ns/op
WorkloadPilot    2: 32 op, 5094.00 ns, 159.1875 ns/op
WorkloadPilot    3: 64 op, 6745.00 ns, 105.3906 ns/op
WorkloadPilot    4: 128 op, 9617.00 ns, 75.1328 ns/op
WorkloadPilot    5: 256 op, 16885.00 ns, 65.9570 ns/op
WorkloadPilot    6: 512 op, 31472.00 ns, 61.4688 ns/op
WorkloadPilot    7: 1024 op, 60225.00 ns, 58.8135 ns/op
WorkloadPilot    8: 2048 op, 117354.00 ns, 57.3018 ns/op
WorkloadPilot    9: 4096 op, 233998.00 ns, 57.1284 ns/op
WorkloadPilot   10: 8192 op, 494788.00 ns, 60.3989 ns/op
WorkloadPilot   11: 16384 op, 948465.00 ns, 57.8897 ns/op
WorkloadPilot   12: 32768 op, 1942766.00 ns, 59.2885 ns/op
WorkloadPilot   13: 65536 op, 3736921.00 ns, 57.0209 ns/op
WorkloadPilot   14: 131072 op, 7569345.00 ns, 57.7495 ns/op
WorkloadPilot   15: 262144 op, 15012187.00 ns, 57.2669 ns/op
WorkloadPilot   16: 524288 op, 29791791.00 ns, 56.8233 ns/op
WorkloadPilot   17: 1048576 op, 59463720.00 ns, 56.7090 ns/op
WorkloadPilot   18: 2097152 op, 119073779.00 ns, 56.7788 ns/op
WorkloadPilot   19: 4194304 op, 237971280.00 ns, 56.7368 ns/op
WorkloadPilot   20: 8388608 op, 475582534.00 ns, 56.6939 ns/op
WorkloadPilot   21: 16777216 op, 953996966.00 ns, 56.8627 ns/op

OverheadWarmup   1: 16777216 op, 42139506.00 ns, 2.5117 ns/op
OverheadWarmup   2: 16777216 op, 41998548.00 ns, 2.5033 ns/op
OverheadWarmup   3: 16777216 op, 42005317.00 ns, 2.5037 ns/op
OverheadWarmup   4: 16777216 op, 41959940.00 ns, 2.5010 ns/op
OverheadWarmup   5: 16777216 op, 41992625.00 ns, 2.5030 ns/op
OverheadWarmup   6: 16777216 op, 42008719.00 ns, 2.5039 ns/op
OverheadWarmup   7: 16777216 op, 41997883.00 ns, 2.5033 ns/op

OverheadActual   1: 16777216 op, 41983992.00 ns, 2.5024 ns/op
OverheadActual   2: 16777216 op, 42001159.00 ns, 2.5035 ns/op
OverheadActual   3: 16777216 op, 41996567.00 ns, 2.5032 ns/op
OverheadActual   4: 16777216 op, 42084501.00 ns, 2.5084 ns/op
OverheadActual   5: 16777216 op, 42020487.00 ns, 2.5046 ns/op
OverheadActual   6: 16777216 op, 42180397.00 ns, 2.5141 ns/op
OverheadActual   7: 16777216 op, 41986260.00 ns, 2.5026 ns/op
OverheadActual   8: 16777216 op, 41996132.00 ns, 2.5032 ns/op
OverheadActual   9: 16777216 op, 41977685.00 ns, 2.5021 ns/op
OverheadActual  10: 16777216 op, 42024383.00 ns, 2.5048 ns/op
OverheadActual  11: 16777216 op, 42059476.00 ns, 2.5069 ns/op
OverheadActual  12: 16777216 op, 42019717.00 ns, 2.5046 ns/op
OverheadActual  13: 16777216 op, 42026850.00 ns, 2.5050 ns/op
OverheadActual  14: 16777216 op, 42015831.00 ns, 2.5043 ns/op
OverheadActual  15: 16777216 op, 42021525.00 ns, 2.5047 ns/op

WorkloadWarmup   1: 16777216 op, 951548846.00 ns, 56.7167 ns/op
WorkloadWarmup   2: 16777216 op, 950997529.00 ns, 56.6839 ns/op
WorkloadWarmup   3: 16777216 op, 950677622.00 ns, 56.6648 ns/op

// BeforeActualRun
WorkloadActual   1: 16777216 op, 950217914.00 ns, 56.6374 ns/op
WorkloadActual   2: 16777216 op, 953389802.00 ns, 56.8265 ns/op
WorkloadActual   3: 16777216 op, 950426042.00 ns, 56.6498 ns/op

// AfterActualRun
WorkloadResult   1: 16777216 op, 908198197.00 ns, 54.1328 ns/op
WorkloadResult   2: 16777216 op, 911370085.00 ns, 54.3219 ns/op
WorkloadResult   3: 16777216 op, 908406325.00 ns, 54.1452 ns/op
// GC:  0 0 0 0 16777216
// Threading:  0 0 16777216

// AfterAll
// Benchmark Process 3332 has exited with code 0.

Mean = 54.200 ns, StdErr = 0.061 ns (0.11%), N = 3, StdDev = 0.106 ns
Min = 54.133 ns, Q1 = 54.139 ns, Median = 54.145 ns, Q3 = 54.234 ns, Max = 54.322 ns
IQR = 0.095 ns, LowerFence = 53.997 ns, UpperFence = 54.375 ns
ConfidenceInterval = [52.271 ns; 56.129 ns] (CI 99.9%), Margin = 1.929 ns (3.56% of Mean)
Skewness = 0.38, Kurtosis = 0.67, MValue = 2

// ** Remained 2 (25.0 %) benchmark(s) to run. Estimated finish 2026-10-03 9:11 (0h 1m from now) **
// **************************
// Benchmark: NonceStoreBenchmarks.Exists_Miss: ShortRun(IterationCount=3, LaunchCount=1, WarmupCount=3)
// *** Execute ***
// Launch: 1 / 1
// Execute: dotnet Encina.Security.AntiTampering.Benchmarks-Job-NUBXJZ-1.dll --anonymousPipes 138 139 --benchmarkName Encina.Security.AntiTampering.Benchmarks.NonceStoreBenchmarks.Exists_Miss --job ShortRun --benchmarkId 6 in /home/runner/work/Encina/Encina/tests/Encina.BenchmarkTests/Encina.Security.AntiTampering.Benchmarks/bin/Release/net10.0/Encina.Security.AntiTampering.Benchmarks-Job-NUBXJZ-1/bin/Release/net10.0
// Failed to set up high priority (Permission denied). In order to run benchmarks with high priority, make sure you have the right permissions.
// BeforeAnythingElse

// Benchmark Process Environment Information:
// BenchmarkDotNet v0.15.8
// Runtime=.NET 10.0.12 (10.0.12, 10.0.1226.42308), X64 RyuJIT x86-64-v4
// GC=Concurrent Workstation
// HardwareIntrinsics=AVX512 BITALG+VBMI2+VNNI+VPOPCNTDQ,AVX512 IFMA+VBMI,AVX512 F+BW+CD+DQ+VL,AVX2+BMI1+BMI2+F16C+FMA+LZCNT+MOVBE,AVX,SSE3+SSSE3+SSE4.1+SSE4.2+POPCNT,X86Base+SSE+SSE2,AES+PCLMUL VectorSize=256
// Job: ShortRun(IterationCount=3, LaunchCount=1, WarmupCount=3)

OverheadJitting  1: 1 op, 220657.00 ns, 220.6570 us/op
WorkloadJitting  1: 1 op, 3484024.00 ns, 3.4840 ms/op

OverheadJitting  2: 16 op, 402006.00 ns, 25.1254 us/op
WorkloadJitting  2: 16 op, 411699.00 ns, 25.7312 us/op

WorkloadPilot    1: 16 op, 4790.00 ns, 299.3750 ns/op
WorkloadPilot    2: 32 op, 5284.00 ns, 165.1250 ns/op
WorkloadPilot    3: 64 op, 6447.00 ns, 100.7344 ns/op
WorkloadPilot    4: 128 op, 8920.00 ns, 69.6875 ns/op
WorkloadPilot    5: 256 op, 12579.00 ns, 49.1367 ns/op
WorkloadPilot    6: 512 op, 20149.00 ns, 39.3535 ns/op
WorkloadPilot    7: 1024 op, 36003.00 ns, 35.1592 ns/op
WorkloadPilot    8: 2048 op, 57737.00 ns, 28.1919 ns/op
WorkloadPilot    9: 4096 op, 104050.00 ns, 25.4028 ns/op
WorkloadPilot   10: 8192 op, 217048.00 ns, 26.4951 ns/op
WorkloadPilot   11: 16384 op, 378219.00 ns, 23.0847 ns/op
WorkloadPilot   12: 32768 op, 785574.00 ns, 23.9738 ns/op
WorkloadPilot   13: 65536 op, 1495719.00 ns, 22.8229 ns/op
WorkloadPilot   14: 131072 op, 3086323.00 ns, 23.5468 ns/op
WorkloadPilot   15: 262144 op, 5955396.00 ns, 22.7180 ns/op
WorkloadPilot   16: 524288 op, 11946631.00 ns, 22.7864 ns/op
WorkloadPilot   17: 1048576 op, 23800881.00 ns, 22.6983 ns/op
WorkloadPilot   18: 2097152 op, 50243146.00 ns, 23.9578 ns/op
WorkloadPilot   19: 4194304 op, 94133327.00 ns, 22.4431 ns/op
WorkloadPilot   20: 8388608 op, 199357549.00 ns, 23.7653 ns/op
WorkloadPilot   21: 16777216 op, 405453771.00 ns, 24.1669 ns/op
WorkloadPilot   22: 33554432 op, 808554177.00 ns, 24.0968 ns/op

OverheadWarmup   1: 33554432 op, 84047513.00 ns, 2.5048 ns/op
OverheadWarmup   2: 33554432 op, 84100912.00 ns, 2.5064 ns/op
OverheadWarmup   3: 33554432 op, 83927425.00 ns, 2.5012 ns/op
OverheadWarmup   4: 33554432 op, 83949317.00 ns, 2.5019 ns/op
OverheadWarmup   5: 33554432 op, 83981205.00 ns, 2.5028 ns/op
OverheadWarmup   6: 33554432 op, 83940630.00 ns, 2.5016 ns/op

OverheadActual   1: 33554432 op, 83901711.00 ns, 2.5005 ns/op
OverheadActual   2: 33554432 op, 83993200.00 ns, 2.5032 ns/op
OverheadActual   3: 33554432 op, 84020192.00 ns, 2.5040 ns/op
OverheadActual   4: 33554432 op, 84080828.00 ns, 2.5058 ns/op
OverheadActual   5: 33554432 op, 83934034.00 ns, 2.5014 ns/op
OverheadActual   6: 33554432 op, 83880052.00 ns, 2.4998 ns/op
OverheadActual   7: 33554432 op, 83890358.00 ns, 2.5001 ns/op
OverheadActual   8: 33554432 op, 84025066.00 ns, 2.5041 ns/op
OverheadActual   9: 33554432 op, 83874172.00 ns, 2.4996 ns/op
OverheadActual  10: 33554432 op, 83987168.00 ns, 2.5030 ns/op
OverheadActual  11: 33554432 op, 83872726.00 ns, 2.4996 ns/op
OverheadActual  12: 33554432 op, 83960187.00 ns, 2.5022 ns/op
OverheadActual  13: 33554432 op, 83971171.00 ns, 2.5025 ns/op
OverheadActual  14: 33554432 op, 83928477.00 ns, 2.5013 ns/op
OverheadActual  15: 33554432 op, 83884424.00 ns, 2.5000 ns/op

WorkloadWarmup   1: 33554432 op, 814320044.00 ns, 24.2686 ns/op
WorkloadWarmup   2: 33554432 op, 796864048.00 ns, 23.7484 ns/op
WorkloadWarmup   3: 33554432 op, 809575535.00 ns, 24.1272 ns/op

// BeforeActualRun
WorkloadActual   1: 33554432 op, 809964953.00 ns, 24.1388 ns/op
WorkloadActual   2: 33554432 op, 810014168.00 ns, 24.1403 ns/op
WorkloadActual   3: 33554432 op, 806059085.00 ns, 24.0224 ns/op

// AfterActualRun
WorkloadResult   1: 33554432 op, 726030919.00 ns, 21.6374 ns/op
WorkloadResult   2: 33554432 op, 726080134.00 ns, 21.6389 ns/op
WorkloadResult   3: 33554432 op, 722125051.00 ns, 21.5210 ns/op
// GC:  0 0 0 0 33554432
// Threading:  0 0 33554432

// AfterAll
// Benchmark Process 3346 has exited with code 0.

Mean = 21.599 ns, StdErr = 0.039 ns (0.18%), N = 3, StdDev = 0.068 ns
Min = 21.521 ns, Q1 = 21.579 ns, Median = 21.637 ns, Q3 = 21.638 ns, Max = 21.639 ns
IQR = 0.059 ns, LowerFence = 21.491 ns, UpperFence = 21.727 ns
ConfidenceInterval = [20.365 ns; 22.833 ns] (CI 99.9%), Margin = 1.234 ns (5.71% of Mean)
Skewness = -0.38, Kurtosis = 0.67, MValue = 2

// ** Remained 1 (12.5 %) benchmark(s) to run. Estimated finish 2026-10-03 9:11 (0h 0m from now) **
// **************************
// Benchmark: NonceStoreBenchmarks.Cleanup: ShortRun(IterationCount=3, LaunchCount=1, WarmupCount=3)
// *** Execute ***
// Launch: 1 / 1
// Execute: dotnet Encina.Security.AntiTampering.Benchmarks-Job-NUBXJZ-1.dll --anonymousPipes 138 139 --benchmarkName Encina.Security.AntiTampering.Benchmarks.NonceStoreBenchmarks.Cleanup --job ShortRun --benchmarkId 7 in /home/runner/work/Encina/Encina/tests/Encina.BenchmarkTests/Encina.Security.AntiTampering.Benchmarks/bin/Release/net10.0/Encina.Security.AntiTampering.Benchmarks-Job-NUBXJZ-1/bin/Release/net10.0
// Failed to set up high priority (Permission denied). In order to run benchmarks with high priority, make sure you have the right permissions.
// BeforeAnythingElse

// Benchmark Process Environment Information:
// BenchmarkDotNet v0.15.8
// Runtime=.NET 10.0.12 (10.0.12, 10.0.1226.42308), X64 RyuJIT x86-64-v4
// GC=Concurrent Workstation
// HardwareIntrinsics=AVX512 BITALG+VBMI2+VNNI+VPOPCNTDQ,AVX512 IFMA+VBMI,AVX512 F+BW+CD+DQ+VL,AVX2+BMI1+BMI2+F16C+FMA+LZCNT+MOVBE,AVX,SSE3+SSSE3+SSE4.1+SSE4.2+POPCNT,X86Base+SSE+SSE2,AES+PCLMUL VectorSize=256
// Job: ShortRun(IterationCount=3, LaunchCount=1, WarmupCount=3)

OverheadJitting  1: 1 op, 197993.00 ns, 197.9930 us/op
WorkloadJitting  1: 1 op, 14158135.00 ns, 14.1581 ms/op

OverheadJitting  2: 16 op, 477173.00 ns, 29.8233 us/op
WorkloadJitting  2: 16 op, 87457591.00 ns, 5.4661 ms/op

WorkloadPilot    1: 16 op, 85591395.00 ns, 5.3495 ms/op
WorkloadPilot    2: 32 op, 170613068.00 ns, 5.3317 ms/op
WorkloadPilot    3: 64 op, 343093724.00 ns, 5.3608 ms/op
WorkloadPilot    4: 128 op, 685737037.00 ns, 5.3573 ms/op

OverheadWarmup   1: 128 op, 3658.00 ns, 28.5781 ns/op
OverheadWarmup   2: 128 op, 1099.00 ns, 8.5859 ns/op
OverheadWarmup   3: 128 op, 2439.00 ns, 19.0547 ns/op
OverheadWarmup   4: 128 op, 2780.00 ns, 21.7188 ns/op
OverheadWarmup   5: 128 op, 14065.00 ns, 109.8828 ns/op
OverheadWarmup   6: 128 op, 814.00 ns, 6.3594 ns/op
OverheadWarmup   7: 128 op, 2669.00 ns, 20.8516 ns/op
OverheadWarmup   8: 128 op, 2661.00 ns, 20.7891 ns/op

OverheadActual   1: 128 op, 851.00 ns, 6.6484 ns/op
OverheadActual   2: 128 op, 3001.00 ns, 23.4453 ns/op
OverheadActual   3: 128 op, 869.00 ns, 6.7891 ns/op
OverheadActual   4: 128 op, 864.00 ns, 6.7500 ns/op
OverheadActual   5: 128 op, 861.00 ns, 6.7266 ns/op
OverheadActual   6: 128 op, 825.00 ns, 6.4453 ns/op
OverheadActual   7: 128 op, 805.00 ns, 6.2891 ns/op
OverheadActual   8: 128 op, 821.00 ns, 6.4141 ns/op
OverheadActual   9: 128 op, 2551.00 ns, 19.9297 ns/op
OverheadActual  10: 128 op, 856.00 ns, 6.6875 ns/op
OverheadActual  11: 128 op, 2756.00 ns, 21.5313 ns/op
OverheadActual  12: 128 op, 2968.00 ns, 23.1875 ns/op
OverheadActual  13: 128 op, 854.00 ns, 6.6719 ns/op
OverheadActual  14: 128 op, 815.00 ns, 6.3672 ns/op
OverheadActual  15: 128 op, 2949.00 ns, 23.0391 ns/op
OverheadActual  16: 128 op, 2632.00 ns, 20.5625 ns/op
OverheadActual  17: 128 op, 2774.00 ns, 21.6719 ns/op
OverheadActual  18: 128 op, 2954.00 ns, 23.0781 ns/op
OverheadActual  19: 128 op, 2634.00 ns, 20.5781 ns/op
OverheadActual  20: 128 op, 2898.00 ns, 22.6406 ns/op

WorkloadWarmup   1: 128 op, 690223625.00 ns, 5.3924 ms/op
WorkloadWarmup   2: 128 op, 685716015.00 ns, 5.3572 ms/op
WorkloadWarmup   3: 128 op, 682974539.00 ns, 5.3357 ms/op

// BeforeActualRun
WorkloadActual   1: 128 op, 683429509.00 ns, 5.3393 ms/op
WorkloadActual   2: 128 op, 682486545.00 ns, 5.3319 ms/op
WorkloadActual   3: 128 op, 682541665.00 ns, 5.3324 ms/op

// AfterActualRun
WorkloadResult   1: 128 op, 683427799.00 ns, 5.3393 ms/op
WorkloadResult   2: 128 op, 682484835.00 ns, 5.3319 ms/op
WorkloadResult   3: 128 op, 682539955.00 ns, 5.3323 ms/op
// GC:  0 0 0 26835968 128
// Threading:  130 0 128

// AfterAll
// Benchmark Process 3356 has exited with code 0.

Mean = 5.335 ms, StdErr = 0.002 ms (0.04%), N = 3, StdDev = 0.004 ms
Min = 5.332 ms, Q1 = 5.332 ms, Median = 5.332 ms, Q3 = 5.336 ms, Max = 5.339 ms
IQR = 0.004 ms, LowerFence = 5.327 ms, UpperFence = 5.341 ms
ConfidenceInterval = [5.259 ms; 5.410 ms] (CI 99.9%), Margin = 0.075 ms (1.41% of Mean)
Skewness = 0.38, Kurtosis = 0.67, MValue = 2

// ** Remained 0 (0.0 %) benchmark(s) to run. Estimated finish 2026-10-03 9:10 (0h 0m from now) **
// ***** BenchmarkRunner: Finish  *****

// * Export *
  artifacts/performance/SecurityAntiTampering/results/Encina.Security.AntiTampering.Benchmarks.NonceStoreBenchmarks-report.csv
  artifacts/performance/SecurityAntiTampering/results/Encina.Security.AntiTampering.Benchmarks.NonceStoreBenchmarks-report-github.md
  artifacts/performance/SecurityAntiTampering/results/Encina.Security.AntiTampering.Benchmarks.NonceStoreBenchmarks-report.html
  artifacts/performance/SecurityAntiTampering/results/Encina.Security.AntiTampering.Benchmarks.NonceStoreBenchmarks-report-full-compressed.json

// * Detailed results *
NonceStoreBenchmarks.Add: Job-NUBXJZ(IterationCount=20, WarmupCount=5)
Runtime = .NET 10.0.12 (10.0.12, 10.0.1226.42308), X64 RyuJIT x86-64-v4; GC = Concurrent Workstation
Mean = 906.037 ns, StdErr = 12.270 ns (1.35%), N = 18, StdDev = 52.058 ns
Min = 843.630 ns, Q1 = 859.295 ns, Median = 888.607 ns, Q3 = 948.618 ns, Max = 1,008.560 ns
IQR = 89.323 ns, LowerFence = 725.311 ns, UpperFence = 1,082.602 ns
ConfidenceInterval = [857.385 ns; 954.689 ns] (CI 99.9%), Margin = 48.652 ns (5.37% of Mean)
Skewness = 0.37, Kurtosis = 1.6, MValue = 3.33
-------------------- Histogram --------------------
[836.347 ns ;   888.489 ns) | @@@@@@@@@
[888.489 ns ;   926.602 ns) | @
[926.602 ns ;   978.744 ns) | @@@@@@@
[978.744 ns ; 1,034.631 ns) | @
---------------------------------------------------

NonceStoreBenchmarks.Exists_Hit: Job-NUBXJZ(IterationCount=20, WarmupCount=5)
Runtime = .NET 10.0.12 (10.0.12, 10.0.1226.42308), X64 RyuJIT x86-64-v4; GC = Concurrent Workstation
Mean = 52.842 ns, StdErr = 0.004 ns (0.01%), N = 17, StdDev = 0.017 ns
Min = 52.797 ns, Q1 = 52.835 ns, Median = 52.843 ns, Q3 = 52.853 ns, Max = 52.872 ns
IQR = 0.018 ns, LowerFence = 52.809 ns, UpperFence = 52.879 ns
ConfidenceInterval = [52.825 ns; 52.859 ns] (CI 99.9%), Margin = 0.017 ns (0.03% of Mean)
Skewness = -0.64, Kurtosis = 3.36, MValue = 2
-------------------- Histogram --------------------
[52.788 ns ; 52.881 ns) | @@@@@@@@@@@@@@@@@
---------------------------------------------------

NonceStoreBenchmarks.Exists_Miss: Job-NUBXJZ(IterationCount=20, WarmupCount=5)
Runtime = .NET 10.0.12 (10.0.12, 10.0.1226.42308), X64 RyuJIT x86-64-v4; GC = Concurrent Workstation
Mean = 21.219 ns, StdErr = 0.032 ns (0.15%), N = 16, StdDev = 0.129 ns
Min = 20.856 ns, Q1 = 21.158 ns, Median = 21.269 ns, Q3 = 21.298 ns, Max = 21.373 ns
IQR = 0.140 ns, LowerFence = 20.948 ns, UpperFence = 21.508 ns
ConfidenceInterval = [21.088 ns; 21.350 ns] (CI 99.9%), Margin = 0.131 ns (0.62% of Mean)
Skewness = -1.22, Kurtosis = 4.27, MValue = 2
-------------------- Histogram --------------------
[20.789 ns ; 21.441 ns) | @@@@@@@@@@@@@@@@
---------------------------------------------------

NonceStoreBenchmarks.Cleanup: Job-NUBXJZ(IterationCount=20, WarmupCount=5)
Runtime = .NET 10.0.12 (10.0.12, 10.0.1226.42308), X64 RyuJIT x86-64-v4; GC = Concurrent Workstation
Mean = 5.322 ms, StdErr = 0.002 ms (0.03%), N = 20, StdDev = 0.007 ms
Min = 5.310 ms, Q1 = 5.317 ms, Median = 5.324 ms, Q3 = 5.329 ms, Max = 5.331 ms
IQR = 0.012 ms, LowerFence = 5.298 ms, UpperFence = 5.347 ms
ConfidenceInterval = [5.316 ms; 5.328 ms] (CI 99.9%), Margin = 0.006 ms (0.11% of Mean)
Skewness = -0.39, Kurtosis = 1.66, MValue = 2
-------------------- Histogram --------------------
[5.307 ms ; 5.334 ms) | @@@@@@@@@@@@@@@@@@@@
---------------------------------------------------

NonceStoreBenchmarks.Add: ShortRun(IterationCount=3, LaunchCount=1, WarmupCount=3)
Runtime = .NET 10.0.12 (10.0.12, 10.0.1226.42308), X64 RyuJIT x86-64-v4; GC = Concurrent Workstation
Mean = 1.222 μs, StdErr = 0.378 μs (30.96%), N = 3, StdDev = 0.655 μs
Min = 0.835 μs, Q1 = 0.844 μs, Median = 0.853 μs, Q3 = 1.416 μs, Max = 1.979 μs
IQR = 0.572 μs, LowerFence = -0.014 μs, UpperFence = 2.274 μs
ConfidenceInterval = [-10.733 μs; 13.177 μs] (CI 99.9%), Margin = 11.955 μs (978.16% of Mean)
Skewness = 0.38, Kurtosis = 0.67, MValue = 2
-------------------- Histogram --------------------
[0.810 μs ; 2.003 μs) | @@@
---------------------------------------------------

NonceStoreBenchmarks.Exists_Hit: ShortRun(IterationCount=3, LaunchCount=1, WarmupCount=3)
Runtime = .NET 10.0.12 (10.0.12, 10.0.1226.42308), X64 RyuJIT x86-64-v4; GC = Concurrent Workstation
Mean = 54.200 ns, StdErr = 0.061 ns (0.11%), N = 3, StdDev = 0.106 ns
Min = 54.133 ns, Q1 = 54.139 ns, Median = 54.145 ns, Q3 = 54.234 ns, Max = 54.322 ns
IQR = 0.095 ns, LowerFence = 53.997 ns, UpperFence = 54.375 ns
ConfidenceInterval = [52.271 ns; 56.129 ns] (CI 99.9%), Margin = 1.929 ns (3.56% of Mean)
Skewness = 0.38, Kurtosis = 0.67, MValue = 2
-------------------- Histogram --------------------
[54.131 ns ; 54.324 ns) | @@@
---------------------------------------------------

NonceStoreBenchmarks.Exists_Miss: ShortRun(IterationCount=3, LaunchCount=1, WarmupCount=3)
Runtime = .NET 10.0.12 (10.0.12, 10.0.1226.42308), X64 RyuJIT x86-64-v4; GC = Concurrent Workstation
Mean = 21.599 ns, StdErr = 0.039 ns (0.18%), N = 3, StdDev = 0.068 ns
Min = 21.521 ns, Q1 = 21.579 ns, Median = 21.637 ns, Q3 = 21.638 ns, Max = 21.639 ns
IQR = 0.059 ns, LowerFence = 21.491 ns, UpperFence = 21.727 ns
ConfidenceInterval = [20.365 ns; 22.833 ns] (CI 99.9%), Margin = 1.234 ns (5.71% of Mean)
Skewness = -0.38, Kurtosis = 0.67, MValue = 2
-------------------- Histogram --------------------
[21.518 ns ; 21.641 ns) | @@@
---------------------------------------------------

NonceStoreBenchmarks.Cleanup: ShortRun(IterationCount=3, LaunchCount=1, WarmupCount=3)
Runtime = .NET 10.0.12 (10.0.12, 10.0.1226.42308), X64 RyuJIT x86-64-v4; GC = Concurrent Workstation
Mean = 5.335 ms, StdErr = 0.002 ms (0.04%), N = 3, StdDev = 0.004 ms
Min = 5.332 ms, Q1 = 5.332 ms, Median = 5.332 ms, Q3 = 5.336 ms, Max = 5.339 ms
IQR = 0.004 ms, LowerFence = 5.327 ms, UpperFence = 5.341 ms
ConfidenceInterval = [5.259 ms; 5.410 ms] (CI 99.9%), Margin = 0.075 ms (1.41% of Mean)
Skewness = 0.38, Kurtosis = 0.67, MValue = 2
-------------------- Histogram --------------------
[5.332 ms ; 5.339 ms) | @@@
---------------------------------------------------

// * Summary *

BenchmarkDotNet v0.15.8, Linux Ubuntu 24.04.5 LTS (Noble Numbat)
INTEL XEON PLATINUM 8573C 2.30GHz, 1 CPU, 4 logical and 2 physical cores
.NET SDK 10.0.401
  [Host]     : .NET 10.0.12 (10.0.12, 10.0.1226.42308), X64 RyuJIT x86-64-v4
  Job-NUBXJZ : .NET 10.0.12 (10.0.12, 10.0.1226.42308), X64 RyuJIT x86-64-v4
  ShortRun   : .NET 10.0.12 (10.0.12, 10.0.1226.42308), X64 RyuJIT x86-64-v4


| Method      | Job        | IterationCount | LaunchCount | WarmupCount | Mean            | Error         | StdDev       | Median          | Ratio    | RatioSD  | Allocated | Alloc Ratio |
|------------ |----------- |--------------- |------------ |------------ |----------------:|--------------:|-------------:|----------------:|---------:|---------:|----------:|------------:|
| Add         | Job-NUBXJZ | 20             | Default     | 5           |       906.04 ns |     48.652 ns |    52.058 ns |       888.61 ns |     1.00 |     0.08 |     144 B |        1.00 |
| Exists_Hit  | Job-NUBXJZ | 20             | Default     | 5           |        52.84 ns |      0.017 ns |     0.017 ns |        52.84 ns |     0.06 |     0.00 |         - |        0.00 |
| Exists_Miss | Job-NUBXJZ | 20             | Default     | 5           |        21.22 ns |      0.131 ns |     0.129 ns |        21.27 ns |     0.02 |     0.00 |         - |        0.00 |
| Cleanup     | Job-NUBXJZ | 20             | Default     | 5           | 5,322,334.60 ns |  5,906.225 ns | 6,801.617 ns | 5,323,773.50 ns | 5,892.30 |   323.15 |  209656 B |    1,455.94 |
|             |            |                |             |             |                 |               |              |                 |          |          |           |             |
| Add         | ShortRun   | 3              | 1           | 3           |     1,222.18 ns | 11,954.968 ns |   655.292 ns |       853.14 ns |     1.17 |     0.71 |     144 B |        1.00 |
| Exists_Hit  | ShortRun   | 3              | 1           | 3           |        54.20 ns |      1.929 ns |     0.106 ns |        54.15 ns |     0.05 |     0.02 |         - |        0.00 |
| Exists_Miss | ShortRun   | 3              | 1           | 3           |        21.60 ns |      1.234 ns |     0.068 ns |        21.64 ns |     0.02 |     0.01 |         - |        0.00 |
| Cleanup     | ShortRun   | 3              | 1           | 3           | 5,334,511.95 ns | 75,430.216 ns | 4,134.585 ns | 5,332,343.40 ns | 5,113.36 | 1,814.11 |  209656 B |    1,455.94 |

// * Warnings *
MultimodalDistribution
  NonceStoreBenchmarks.Add: IterationCount=20, WarmupCount=5 -> It seems that the distribution is bimodal (mValue = 3.33)

// * Hints *
Outliers
  NonceStoreBenchmarks.Add: IterationCount=20, WarmupCount=5         -> 2 outliers were removed (3.23 μs, 5.15 μs)
  NonceStoreBenchmarks.Exists_Hit: IterationCount=20, WarmupCount=5  -> 3 outliers were removed, 4 outliers were detected (55.30 ns, 55.43 ns..55.78 ns)
  NonceStoreBenchmarks.Exists_Miss: IterationCount=20, WarmupCount=5 -> 4 outliers were removed, 5 outliers were detected (23.36 ns, 24.15 ns..24.24 ns)
// * Config Issues *

// * Warnings *
Configuration
  Summary -> The exporter CsvExporter is already present in configuration. There may be unexpected results.
  Summary -> The exporter HtmlExporter is already present in configuration. There may be unexpected results.
  Summary -> The exporter MarkdownExporter-github is already present in configuration. There may be unexpected results.

// * Legends *
  Mean        : Arithmetic mean of all measurements
  Error       : Half of 99.9% confidence interval
  StdDev      : Standard deviation of all measurements
  Median      : Value separating the higher half of all measurements (50th percentile)
  Ratio       : Mean of the ratio distribution ([Current]/[Baseline])
  RatioSD     : Standard deviation of the ratio distribution ([Current]/[Baseline])
  Allocated   : Allocated memory per single operation (managed only, inclusive, 1KB = 1024B)
  Alloc Ratio : Allocated memory ratio distribution ([Current]/[Baseline])
  1 ns        : 1 Nanosecond (0.000000001 sec)

// * Diagnostic Output - MemoryDiagnoser *


// ***** BenchmarkRunner: End *****
Run time: 00:03:29 (209.97 sec), executed benchmarks: 8

Global total time: 00:04:23 (263.92 sec), executed benchmarks: 8
// * Artifacts cleanup *
Artifacts cleanup is finished
