// Validating benchmarks:
// ***** BenchmarkRunner: Start   *****
// ***** Found 10 benchmark(s) in total *****
// ***** Building 1 exe(s) in Parallel: Start   *****
// start dotnet  restore --nodeReuse:false /p:UseSharedCompilation=false /p:Deterministic=true /p:Optimize=true /p:ArtifactsPath="/home/runner/work/Encina/Encina/tests/Encina.BenchmarkTests/Encina.Benchmarks/bin/Release/net10.0/Encina.Benchmarks-ShortRun-1/" /p:OutDir="/home/runner/work/Encina/Encina/tests/Encina.BenchmarkTests/Encina.Benchmarks/bin/Release/net10.0/Encina.Benchmarks-ShortRun-1/bin/Release/net10.0/" /p:OutputPath="/home/runner/work/Encina/Encina/tests/Encina.BenchmarkTests/Encina.Benchmarks/bin/Release/net10.0/Encina.Benchmarks-ShortRun-1/bin/Release/net10.0/" /p:PublishDir="/home/runner/work/Encina/Encina/tests/Encina.BenchmarkTests/Encina.Benchmarks/bin/Release/net10.0/Encina.Benchmarks-ShortRun-1/publish/" in /home/runner/work/Encina/Encina/tests/Encina.BenchmarkTests/Encina.Benchmarks/bin/Release/net10.0/Encina.Benchmarks-ShortRun-1
// command took 2.58 sec and exited with 0
// start dotnet  build -c Release --no-restore --nodeReuse:false /p:UseSharedCompilation=false /p:Deterministic=true /p:Optimize=true /p:ArtifactsPath="/home/runner/work/Encina/Encina/tests/Encina.BenchmarkTests/Encina.Benchmarks/bin/Release/net10.0/Encina.Benchmarks-ShortRun-1/" /p:OutDir="/home/runner/work/Encina/Encina/tests/Encina.BenchmarkTests/Encina.Benchmarks/bin/Release/net10.0/Encina.Benchmarks-ShortRun-1/bin/Release/net10.0/" /p:OutputPath="/home/runner/work/Encina/Encina/tests/Encina.BenchmarkTests/Encina.Benchmarks/bin/Release/net10.0/Encina.Benchmarks-ShortRun-1/bin/Release/net10.0/" /p:PublishDir="/home/runner/work/Encina/Encina/tests/Encina.BenchmarkTests/Encina.Benchmarks/bin/Release/net10.0/Encina.Benchmarks-ShortRun-1/publish/" --output "/home/runner/work/Encina/Encina/tests/Encina.BenchmarkTests/Encina.Benchmarks/bin/Release/net10.0/Encina.Benchmarks-ShortRun-1/bin/Release/net10.0/" in /home/runner/work/Encina/Encina/tests/Encina.BenchmarkTests/Encina.Benchmarks/bin/Release/net10.0/Encina.Benchmarks-ShortRun-1
// command took 134.93 sec and exited with 0
// ***** Done, took 00:02:17 (137.64 sec)   *****
// Found 10 benchmarks:
//   DatabaseRoutingBenchmarks.'Nested scopes (Read → ForceWrite)': ShortRun(InvocationCount=1, IterationCount=3, LaunchCount=1, UnrollFactor=1, WarmupCount=3)
//   DatabaseRoutingBenchmarks.'Read CurrentIntent (AsyncLocal)': ShortRun(InvocationCount=1, IterationCount=3, LaunchCount=1, UnrollFactor=1, WarmupCount=3)
//   DatabaseRoutingBenchmarks.DatabaseRoutingScope.ForRead(): ShortRun(InvocationCount=1, IterationCount=3, LaunchCount=1, UnrollFactor=1, WarmupCount=3)
//   DatabaseRoutingBenchmarks.'Read EffectiveIntent (null-coalesce)': ShortRun(InvocationCount=1, IterationCount=3, LaunchCount=1, UnrollFactor=1, WarmupCount=3)
//   DatabaseRoutingBenchmarks.'Read HasIntent': ShortRun(InvocationCount=1, IterationCount=3, LaunchCount=1, UnrollFactor=1, WarmupCount=3)
//   DatabaseRoutingBenchmarks.'Read IsReadIntent': ShortRun(InvocationCount=1, IterationCount=3, LaunchCount=1, UnrollFactor=1, WarmupCount=3)
//   DatabaseRoutingBenchmarks.'Read IsWriteIntent': ShortRun(InvocationCount=1, IterationCount=3, LaunchCount=1, UnrollFactor=1, WarmupCount=3)
//   DatabaseRoutingBenchmarks.DatabaseRoutingScope.ForWrite(): ShortRun(InvocationCount=1, IterationCount=3, LaunchCount=1, UnrollFactor=1, WarmupCount=3)
//   DatabaseRoutingBenchmarks.DatabaseRoutingScope.ForForceWrite(): ShortRun(InvocationCount=1, IterationCount=3, LaunchCount=1, UnrollFactor=1, WarmupCount=3)
//   DatabaseRoutingBenchmarks.DatabaseRoutingContext.Clear(): ShortRun(InvocationCount=1, IterationCount=3, LaunchCount=1, UnrollFactor=1, WarmupCount=3)

// **************************
// Benchmark: DatabaseRoutingBenchmarks.'Nested scopes (Read → ForceWrite)': ShortRun(InvocationCount=1, IterationCount=3, LaunchCount=1, UnrollFactor=1, WarmupCount=3)
// *** Execute ***
// Launch: 1 / 1
// Execute: dotnet Encina.Benchmarks-ShortRun-1.dll --anonymousPipes 228 229 --benchmarkName Encina.Benchmarks.ReadWriteSeparation.DatabaseRoutingBenchmarks.Scope_Nested --job ShortRun --benchmarkId 0 in /home/runner/work/Encina/Encina/tests/Encina.BenchmarkTests/Encina.Benchmarks/bin/Release/net10.0/Encina.Benchmarks-ShortRun-1/bin/Release/net10.0
// Failed to set up high priority (Permission denied). In order to run benchmarks with high priority, make sure you have the right permissions.
// BeforeAnythingElse

// Benchmark Process Environment Information:
// BenchmarkDotNet v0.15.8
// Runtime=.NET 10.0.12 (10.0.12, 10.0.1226.42308), X64 RyuJIT x86-64-v4
// GC=Concurrent Workstation
// HardwareIntrinsics=AVX10v1,AVX512 BF16+FP16,AVX512 BITALG+VBMI2+VNNI+VPOPCNTDQ,AVX512 IFMA+VBMI,AVX512 F+BW+CD+DQ+VL,AVX2+BMI1+BMI2+F16C+FMA+LZCNT+MOVBE,AVX,SSE3+SSSE3+SSE4.1+SSE4.2+POPCNT,X86Base+SSE+SSE2,AES+PCLMUL,AvxVnni,SERIALIZE VectorSize=256
// Job: ShortRun(InvocationCount=1, IterationCount=3, LaunchCount=1, UnrollFactor=1, WarmupCount=3)

OverheadJitting  1: 1 op, 128657.00 ns, 128.6570 us/op
WorkloadJitting  1: 1 op, 1334915.00 ns, 1.3349 ms/op

OverheadWarmup   1: 1 op, 257.00 ns, 257.0000 ns/op
OverheadWarmup   2: 1 op, 181.00 ns, 181.0000 ns/op
OverheadWarmup   3: 1 op, 136.00 ns, 136.0000 ns/op
OverheadWarmup   4: 1 op, 134.00 ns, 134.0000 ns/op
OverheadWarmup   5: 1 op, 192.00 ns, 192.0000 ns/op
OverheadWarmup   6: 1 op, 134.00 ns, 134.0000 ns/op
OverheadWarmup   7: 1 op, 99.00 ns, 99.0000 ns/op
OverheadWarmup   8: 1 op, 159.00 ns, 159.0000 ns/op
OverheadWarmup   9: 1 op, 92.00 ns, 92.0000 ns/op

OverheadActual   1: 1 op, 227.00 ns, 227.0000 ns/op
OverheadActual   2: 1 op, 248.00 ns, 248.0000 ns/op
OverheadActual   3: 1 op, 255.00 ns, 255.0000 ns/op
OverheadActual   4: 1 op, 162.00 ns, 162.0000 ns/op
OverheadActual   5: 1 op, 254.00 ns, 254.0000 ns/op
OverheadActual   6: 1 op, 218.00 ns, 218.0000 ns/op
OverheadActual   7: 1 op, 208.00 ns, 208.0000 ns/op
OverheadActual   8: 1 op, 110.00 ns, 110.0000 ns/op
OverheadActual   9: 1 op, 96.00 ns, 96.0000 ns/op
OverheadActual  10: 1 op, 87.00 ns, 87.0000 ns/op
OverheadActual  11: 1 op, 90.00 ns, 90.0000 ns/op
OverheadActual  12: 1 op, 89.00 ns, 89.0000 ns/op
OverheadActual  13: 1 op, 87.00 ns, 87.0000 ns/op
OverheadActual  14: 1 op, 86.00 ns, 86.0000 ns/op
OverheadActual  15: 1 op, 85.00 ns, 85.0000 ns/op
OverheadActual  16: 1 op, 144.00 ns, 144.0000 ns/op
OverheadActual  17: 1 op, 93.00 ns, 93.0000 ns/op
OverheadActual  18: 1 op, 214.00 ns, 214.0000 ns/op
OverheadActual  19: 1 op, 229.00 ns, 229.0000 ns/op
OverheadActual  20: 1 op, 113.00 ns, 113.0000 ns/op

WorkloadWarmup   1: 1 op, 9973.00 ns, 9.9730 us/op
WorkloadWarmup   2: 1 op, 6175.00 ns, 6.1750 us/op
WorkloadWarmup   3: 1 op, 4236.00 ns, 4.2360 us/op

// BeforeActualRun
WorkloadActual   1: 1 op, 4244.00 ns, 4.2440 us/op
WorkloadActual   2: 1 op, 4822.00 ns, 4.8220 us/op
WorkloadActual   3: 1 op, 4352.00 ns, 4.3520 us/op

// AfterActualRun
WorkloadResult   1: 1 op, 4115.50 ns, 4.1155 us/op
WorkloadResult   2: 1 op, 4693.50 ns, 4.6935 us/op
WorkloadResult   3: 1 op, 4223.50 ns, 4.2235 us/op
// GC:  0 0 0 840 1
// Threading:  0 0 1

// AfterAll
// Benchmark Process 3583 has exited with code 0.

Mean = 4.344 μs, StdErr = 0.177 μs (4.08%), N = 3, StdDev = 0.307 μs
Min = 4.115 μs, Q1 = 4.170 μs, Median = 4.223 μs, Q3 = 4.458 μs, Max = 4.694 μs
IQR = 0.289 μs, LowerFence = 3.736 μs, UpperFence = 4.892 μs
ConfidenceInterval = [-1.262 μs; 9.951 μs] (CI 99.9%), Margin = 5.607 μs (129.06% of Mean)
Skewness = 0.33, Kurtosis = 0.67, MValue = 2

// ** Remained 9 (90.0 %) benchmark(s) to run. Estimated finish 2026-10-02 15:08 (0h 0m from now) **
// **************************
// Benchmark: DatabaseRoutingBenchmarks.'Read CurrentIntent (AsyncLocal)': ShortRun(InvocationCount=1, IterationCount=3, LaunchCount=1, UnrollFactor=1, WarmupCount=3)
// *** Execute ***
// Launch: 1 / 1
// Execute: dotnet Encina.Benchmarks-ShortRun-1.dll --anonymousPipes 228 229 --benchmarkName Encina.Benchmarks.ReadWriteSeparation.DatabaseRoutingBenchmarks.Read_CurrentIntent --job ShortRun --benchmarkId 1 in /home/runner/work/Encina/Encina/tests/Encina.BenchmarkTests/Encina.Benchmarks/bin/Release/net10.0/Encina.Benchmarks-ShortRun-1/bin/Release/net10.0
// Failed to set up high priority (Permission denied). In order to run benchmarks with high priority, make sure you have the right permissions.
// BeforeAnythingElse

// Benchmark Process Environment Information:
// BenchmarkDotNet v0.15.8
// Runtime=.NET 10.0.12 (10.0.12, 10.0.1226.42308), X64 RyuJIT x86-64-v4
// GC=Concurrent Workstation
// HardwareIntrinsics=AVX10v1,AVX512 BF16+FP16,AVX512 BITALG+VBMI2+VNNI+VPOPCNTDQ,AVX512 IFMA+VBMI,AVX512 F+BW+CD+DQ+VL,AVX2+BMI1+BMI2+F16C+FMA+LZCNT+MOVBE,AVX,SSE3+SSSE3+SSE4.1+SSE4.2+POPCNT,X86Base+SSE+SSE2,AES+PCLMUL,AvxVnni,SERIALIZE VectorSize=256
// Job: ShortRun(InvocationCount=1, IterationCount=3, LaunchCount=1, UnrollFactor=1, WarmupCount=3)

OverheadJitting  1: 1 op, 169061.00 ns, 169.0610 us/op
WorkloadJitting  1: 1 op, 540081.00 ns, 540.0810 us/op

OverheadWarmup   1: 1 op, 318.00 ns, 318.0000 ns/op
OverheadWarmup   2: 1 op, 128.00 ns, 128.0000 ns/op
OverheadWarmup   3: 1 op, 105.00 ns, 105.0000 ns/op
OverheadWarmup   4: 1 op, 116.00 ns, 116.0000 ns/op
OverheadWarmup   5: 1 op, 151.00 ns, 151.0000 ns/op
OverheadWarmup   6: 1 op, 123.00 ns, 123.0000 ns/op
OverheadWarmup   7: 1 op, 110.00 ns, 110.0000 ns/op
OverheadWarmup   8: 1 op, 108.00 ns, 108.0000 ns/op
OverheadWarmup   9: 1 op, 110.00 ns, 110.0000 ns/op
OverheadWarmup  10: 1 op, 107.00 ns, 107.0000 ns/op

OverheadActual   1: 1 op, 251.00 ns, 251.0000 ns/op
OverheadActual   2: 1 op, 307.00 ns, 307.0000 ns/op
OverheadActual   3: 1 op, 275.00 ns, 275.0000 ns/op
OverheadActual   4: 1 op, 860.00 ns, 860.0000 ns/op
OverheadActual   5: 1 op, 1680.00 ns, 1.6800 us/op
OverheadActual   6: 1 op, 177.00 ns, 177.0000 ns/op
OverheadActual   7: 1 op, 129.00 ns, 129.0000 ns/op
OverheadActual   8: 1 op, 1386.00 ns, 1.3860 us/op
OverheadActual   9: 1 op, 136.00 ns, 136.0000 ns/op
OverheadActual  10: 1 op, 370.00 ns, 370.0000 ns/op
OverheadActual  11: 1 op, 170.00 ns, 170.0000 ns/op
OverheadActual  12: 1 op, 140.00 ns, 140.0000 ns/op
OverheadActual  13: 1 op, 132.00 ns, 132.0000 ns/op
OverheadActual  14: 1 op, 208.00 ns, 208.0000 ns/op
OverheadActual  15: 1 op, 170.00 ns, 170.0000 ns/op
OverheadActual  16: 1 op, 137.00 ns, 137.0000 ns/op
OverheadActual  17: 1 op, 179.00 ns, 179.0000 ns/op
OverheadActual  18: 1 op, 366.00 ns, 366.0000 ns/op
OverheadActual  19: 1 op, 259.00 ns, 259.0000 ns/op
OverheadActual  20: 1 op, 153.00 ns, 153.0000 ns/op

WorkloadWarmup   1: 1 op, 4083.00 ns, 4.0830 us/op
WorkloadWarmup   2: 1 op, 2477.00 ns, 2.4770 us/op
WorkloadWarmup   3: 1 op, 1771.00 ns, 1.7710 us/op

// BeforeActualRun
WorkloadActual   1: 1 op, 2037.00 ns, 2.0370 us/op
WorkloadActual   2: 1 op, 1642.00 ns, 1.6420 us/op
WorkloadActual   3: 1 op, 219.00 ns, 219.0000 ns/op

// AfterActualRun
WorkloadResult   1: 1 op, 1843.50 ns, 1.8435 us/op
WorkloadResult   2: 1 op, 1448.50 ns, 1.4485 us/op
WorkloadResult   3: 1 op, 25.50 ns, 25.5000 ns/op
// GC:  0 0 0 0 1
// Threading:  0 0 1

// AfterAll
// Benchmark Process 3591 has exited with code 0.

Mean = 1.106 μs, StdErr = 0.552 μs (49.92%), N = 3, StdDev = 0.956 μs
Min = 0.025 μs, Q1 = 0.737 μs, Median = 1.448 μs, Q3 = 1.646 μs, Max = 1.843 μs
IQR = 0.909 μs, LowerFence = -0.626 μs, UpperFence = 3.010 μs
ConfidenceInterval = [-16.339 μs; 18.551 μs] (CI 99.9%), Margin = 17.445 μs (1577.54% of Mean)
Skewness = -0.31, Kurtosis = 0.67, MValue = 2

// ** Remained 8 (80.0 %) benchmark(s) to run. Estimated finish 2026-10-02 15:08 (0h 0m from now) **
// **************************
// Benchmark: DatabaseRoutingBenchmarks.DatabaseRoutingScope.ForRead(): ShortRun(InvocationCount=1, IterationCount=3, LaunchCount=1, UnrollFactor=1, WarmupCount=3)
// *** Execute ***
// Launch: 1 / 1
// Execute: dotnet Encina.Benchmarks-ShortRun-1.dll --anonymousPipes 228 229 --benchmarkName Encina.Benchmarks.ReadWriteSeparation.DatabaseRoutingBenchmarks.Scope_ForRead --job ShortRun --benchmarkId 2 in /home/runner/work/Encina/Encina/tests/Encina.BenchmarkTests/Encina.Benchmarks/bin/Release/net10.0/Encina.Benchmarks-ShortRun-1/bin/Release/net10.0
// Failed to set up high priority (Permission denied). In order to run benchmarks with high priority, make sure you have the right permissions.
// BeforeAnythingElse

// Benchmark Process Environment Information:
// BenchmarkDotNet v0.15.8
// Runtime=.NET 10.0.12 (10.0.12, 10.0.1226.42308), X64 RyuJIT x86-64-v4
// GC=Concurrent Workstation
// HardwareIntrinsics=AVX10v1,AVX512 BF16+FP16,AVX512 BITALG+VBMI2+VNNI+VPOPCNTDQ,AVX512 IFMA+VBMI,AVX512 F+BW+CD+DQ+VL,AVX2+BMI1+BMI2+F16C+FMA+LZCNT+MOVBE,AVX,SSE3+SSSE3+SSE4.1+SSE4.2+POPCNT,X86Base+SSE+SSE2,AES+PCLMUL,AvxVnni,SERIALIZE VectorSize=256
// Job: ShortRun(InvocationCount=1, IterationCount=3, LaunchCount=1, UnrollFactor=1, WarmupCount=3)

OverheadJitting  1: 1 op, 126062.00 ns, 126.0620 us/op
WorkloadJitting  1: 1 op, 895395.00 ns, 895.3950 us/op

OverheadWarmup   1: 1 op, 232.00 ns, 232.0000 ns/op
OverheadWarmup   2: 1 op, 180.00 ns, 180.0000 ns/op
OverheadWarmup   3: 1 op, 173.00 ns, 173.0000 ns/op
OverheadWarmup   4: 1 op, 147.00 ns, 147.0000 ns/op
OverheadWarmup   5: 1 op, 206.00 ns, 206.0000 ns/op
OverheadWarmup   6: 1 op, 188.00 ns, 188.0000 ns/op
OverheadWarmup   7: 1 op, 137.00 ns, 137.0000 ns/op
OverheadWarmup   8: 1 op, 111.00 ns, 111.0000 ns/op
OverheadWarmup   9: 1 op, 97.00 ns, 97.0000 ns/op
OverheadWarmup  10: 1 op, 137.00 ns, 137.0000 ns/op

OverheadActual   1: 1 op, 240.00 ns, 240.0000 ns/op
OverheadActual   2: 1 op, 274.00 ns, 274.0000 ns/op
OverheadActual   3: 1 op, 222.00 ns, 222.0000 ns/op
OverheadActual   4: 1 op, 217.00 ns, 217.0000 ns/op
OverheadActual   5: 1 op, 225.00 ns, 225.0000 ns/op
OverheadActual   6: 1 op, 163.00 ns, 163.0000 ns/op
OverheadActual   7: 1 op, 153.00 ns, 153.0000 ns/op
OverheadActual   8: 1 op, 130.00 ns, 130.0000 ns/op
OverheadActual   9: 1 op, 111.00 ns, 111.0000 ns/op
OverheadActual  10: 1 op, 98.00 ns, 98.0000 ns/op
OverheadActual  11: 1 op, 125.00 ns, 125.0000 ns/op
OverheadActual  12: 1 op, 94.00 ns, 94.0000 ns/op
OverheadActual  13: 1 op, 121.00 ns, 121.0000 ns/op
OverheadActual  14: 1 op, 121.00 ns, 121.0000 ns/op
OverheadActual  15: 1 op, 118.00 ns, 118.0000 ns/op
OverheadActual  16: 1 op, 96.00 ns, 96.0000 ns/op
OverheadActual  17: 1 op, 92.00 ns, 92.0000 ns/op
OverheadActual  18: 1 op, 223.00 ns, 223.0000 ns/op
OverheadActual  19: 1 op, 130.00 ns, 130.0000 ns/op
OverheadActual  20: 1 op, 123.00 ns, 123.0000 ns/op

WorkloadWarmup   1: 1 op, 10447.00 ns, 10.4470 us/op
WorkloadWarmup   2: 1 op, 3875.00 ns, 3.8750 us/op
WorkloadWarmup   3: 1 op, 3391.00 ns, 3.3910 us/op

// BeforeActualRun
WorkloadActual   1: 1 op, 7208.00 ns, 7.2080 us/op
WorkloadActual   2: 1 op, 5448.00 ns, 5.4480 us/op
WorkloadActual   3: 1 op, 3983.00 ns, 3.9830 us/op

// AfterActualRun
WorkloadResult   1: 1 op, 7080.50 ns, 7.0805 us/op
WorkloadResult   2: 1 op, 5320.50 ns, 5.3205 us/op
WorkloadResult   3: 1 op, 3855.50 ns, 3.8555 us/op
// GC:  0 0 0 392 1
// Threading:  0 0 1

// AfterAll
// Benchmark Process 3597 has exited with code 0.

Mean = 5.419 μs, StdErr = 0.932 μs (17.20%), N = 3, StdDev = 1.615 μs
Min = 3.856 μs, Q1 = 4.588 μs, Median = 5.321 μs, Q3 = 6.200 μs, Max = 7.080 μs
IQR = 1.613 μs, LowerFence = 2.169 μs, UpperFence = 8.619 μs
ConfidenceInterval = [-24.040 μs; 34.878 μs] (CI 99.9%), Margin = 29.459 μs (543.64% of Mean)
Skewness = 0.06, Kurtosis = 0.67, MValue = 2

// ** Remained 7 (70.0 %) benchmark(s) to run. Estimated finish 2026-10-02 15:08 (0h 0m from now) **
// **************************
// Benchmark: DatabaseRoutingBenchmarks.'Read EffectiveIntent (null-coalesce)': ShortRun(InvocationCount=1, IterationCount=3, LaunchCount=1, UnrollFactor=1, WarmupCount=3)
// *** Execute ***
// Launch: 1 / 1
// Execute: dotnet Encina.Benchmarks-ShortRun-1.dll --anonymousPipes 228 229 --benchmarkName Encina.Benchmarks.ReadWriteSeparation.DatabaseRoutingBenchmarks.Read_EffectiveIntent --job ShortRun --benchmarkId 3 in /home/runner/work/Encina/Encina/tests/Encina.BenchmarkTests/Encina.Benchmarks/bin/Release/net10.0/Encina.Benchmarks-ShortRun-1/bin/Release/net10.0
// Failed to set up high priority (Permission denied). In order to run benchmarks with high priority, make sure you have the right permissions.
// BeforeAnythingElse

// Benchmark Process Environment Information:
// BenchmarkDotNet v0.15.8
// Runtime=.NET 10.0.12 (10.0.12, 10.0.1226.42308), X64 RyuJIT x86-64-v4
// GC=Concurrent Workstation
// HardwareIntrinsics=AVX10v1,AVX512 BF16+FP16,AVX512 BITALG+VBMI2+VNNI+VPOPCNTDQ,AVX512 IFMA+VBMI,AVX512 F+BW+CD+DQ+VL,AVX2+BMI1+BMI2+F16C+FMA+LZCNT+MOVBE,AVX,SSE3+SSSE3+SSE4.1+SSE4.2+POPCNT,X86Base+SSE+SSE2,AES+PCLMUL,AvxVnni,SERIALIZE VectorSize=256
// Job: ShortRun(InvocationCount=1, IterationCount=3, LaunchCount=1, UnrollFactor=1, WarmupCount=3)

OverheadJitting  1: 1 op, 154654.00 ns, 154.6540 us/op
WorkloadJitting  1: 1 op, 554783.00 ns, 554.7830 us/op

OverheadWarmup   1: 1 op, 343.00 ns, 343.0000 ns/op
OverheadWarmup   2: 1 op, 1452.00 ns, 1.4520 us/op
OverheadWarmup   3: 1 op, 126.00 ns, 126.0000 ns/op
OverheadWarmup   4: 1 op, 164.00 ns, 164.0000 ns/op
OverheadWarmup   5: 1 op, 254.00 ns, 254.0000 ns/op
OverheadWarmup   6: 1 op, 248.00 ns, 248.0000 ns/op

OverheadActual   1: 1 op, 280.00 ns, 280.0000 ns/op
OverheadActual   2: 1 op, 340.00 ns, 340.0000 ns/op
OverheadActual   3: 1 op, 1706.00 ns, 1.7060 us/op
OverheadActual   4: 1 op, 178.00 ns, 178.0000 ns/op
OverheadActual   5: 1 op, 257.00 ns, 257.0000 ns/op
OverheadActual   6: 1 op, 141.00 ns, 141.0000 ns/op
OverheadActual   7: 1 op, 147.00 ns, 147.0000 ns/op
OverheadActual   8: 1 op, 134.00 ns, 134.0000 ns/op
OverheadActual   9: 1 op, 152.00 ns, 152.0000 ns/op
OverheadActual  10: 1 op, 1916.00 ns, 1.9160 us/op
OverheadActual  11: 1 op, 137.00 ns, 137.0000 ns/op
OverheadActual  12: 1 op, 139.00 ns, 139.0000 ns/op
OverheadActual  13: 1 op, 147.00 ns, 147.0000 ns/op
OverheadActual  14: 1 op, 127.00 ns, 127.0000 ns/op
OverheadActual  15: 1 op, 144.00 ns, 144.0000 ns/op
OverheadActual  16: 1 op, 150.00 ns, 150.0000 ns/op
OverheadActual  17: 1 op, 179.00 ns, 179.0000 ns/op
OverheadActual  18: 1 op, 1717.00 ns, 1.7170 us/op
OverheadActual  19: 1 op, 413.00 ns, 413.0000 ns/op
OverheadActual  20: 1 op, 193.00 ns, 193.0000 ns/op

WorkloadWarmup   1: 1 op, 3192.00 ns, 3.1920 us/op
WorkloadWarmup   2: 1 op, 2523.00 ns, 2.5230 us/op
WorkloadWarmup   3: 1 op, 1599.00 ns, 1.5990 us/op

// BeforeActualRun
WorkloadActual   1: 1 op, 2056.00 ns, 2.0560 us/op
WorkloadActual   2: 1 op, 881.00 ns, 881.0000 ns/op
WorkloadActual   3: 1 op, 413.00 ns, 413.0000 ns/op

// AfterActualRun
WorkloadResult   1: 1 op, 1891.00 ns, 1.8910 us/op
WorkloadResult   2: 1 op, 716.00 ns, 716.0000 ns/op
WorkloadResult   3: 1 op, 248.00 ns, 248.0000 ns/op
// GC:  0 0 0 0 1
// Threading:  0 0 1

// AfterAll
// Benchmark Process 3603 has exited with code 0.

Mean = 951.667 ns, StdErr = 488.711 ns (51.35%), N = 3, StdDev = 846.473 ns
Min = 248.000 ns, Q1 = 482.000 ns, Median = 716.000 ns, Q3 = 1,303.500 ns, Max = 1,891.000 ns
IQR = 821.500 ns, LowerFence = -750.250 ns, UpperFence = 2,535.750 ns
ConfidenceInterval = [-14,491.150 ns; 16,394.483 ns] (CI 99.9%), Margin = 15,442.816 ns (1622.71% of Mean)
Skewness = 0.26, Kurtosis = 0.67, MValue = 2

// ** Remained 6 (60.0 %) benchmark(s) to run. Estimated finish 2026-10-02 15:08 (0h 0m from now) **
// **************************
// Benchmark: DatabaseRoutingBenchmarks.'Read HasIntent': ShortRun(InvocationCount=1, IterationCount=3, LaunchCount=1, UnrollFactor=1, WarmupCount=3)
// *** Execute ***
// Launch: 1 / 1
// Execute: dotnet Encina.Benchmarks-ShortRun-1.dll --anonymousPipes 228 229 --benchmarkName Encina.Benchmarks.ReadWriteSeparation.DatabaseRoutingBenchmarks.Read_HasIntent --job ShortRun --benchmarkId 4 in /home/runner/work/Encina/Encina/tests/Encina.BenchmarkTests/Encina.Benchmarks/bin/Release/net10.0/Encina.Benchmarks-ShortRun-1/bin/Release/net10.0
// Failed to set up high priority (Permission denied). In order to run benchmarks with high priority, make sure you have the right permissions.
// BeforeAnythingElse

// Benchmark Process Environment Information:
// BenchmarkDotNet v0.15.8
// Runtime=.NET 10.0.12 (10.0.12, 10.0.1226.42308), X64 RyuJIT x86-64-v4
// GC=Concurrent Workstation
// HardwareIntrinsics=AVX10v1,AVX512 BF16+FP16,AVX512 BITALG+VBMI2+VNNI+VPOPCNTDQ,AVX512 IFMA+VBMI,AVX512 F+BW+CD+DQ+VL,AVX2+BMI1+BMI2+F16C+FMA+LZCNT+MOVBE,AVX,SSE3+SSSE3+SSE4.1+SSE4.2+POPCNT,X86Base+SSE+SSE2,AES+PCLMUL,AvxVnni,SERIALIZE VectorSize=256
// Job: ShortRun(InvocationCount=1, IterationCount=3, LaunchCount=1, UnrollFactor=1, WarmupCount=3)

OverheadJitting  1: 1 op, 158224.00 ns, 158.2240 us/op
WorkloadJitting  1: 1 op, 545918.00 ns, 545.9180 us/op

OverheadWarmup   1: 1 op, 249.00 ns, 249.0000 ns/op
OverheadWarmup   2: 1 op, 218.00 ns, 218.0000 ns/op
OverheadWarmup   3: 1 op, 214.00 ns, 214.0000 ns/op
OverheadWarmup   4: 1 op, 151.00 ns, 151.0000 ns/op
OverheadWarmup   5: 1 op, 107.00 ns, 107.0000 ns/op
OverheadWarmup   6: 1 op, 103.00 ns, 103.0000 ns/op
OverheadWarmup   7: 1 op, 85.00 ns, 85.0000 ns/op
OverheadWarmup   8: 1 op, 139.00 ns, 139.0000 ns/op
OverheadWarmup   9: 1 op, 93.00 ns, 93.0000 ns/op
OverheadWarmup  10: 1 op, 133.00 ns, 133.0000 ns/op

OverheadActual   1: 1 op, 245.00 ns, 245.0000 ns/op
OverheadActual   2: 1 op, 247.00 ns, 247.0000 ns/op
OverheadActual   3: 1 op, 237.00 ns, 237.0000 ns/op
OverheadActual   4: 1 op, 163.00 ns, 163.0000 ns/op
OverheadActual   5: 1 op, 276.00 ns, 276.0000 ns/op
OverheadActual   6: 1 op, 1933.00 ns, 1.9330 us/op
OverheadActual   7: 1 op, 1491.00 ns, 1.4910 us/op
OverheadActual   8: 1 op, 90.00 ns, 90.0000 ns/op
OverheadActual   9: 1 op, 102.00 ns, 102.0000 ns/op
OverheadActual  10: 1 op, 195.00 ns, 195.0000 ns/op
OverheadActual  11: 1 op, 110.00 ns, 110.0000 ns/op
OverheadActual  12: 1 op, 136.00 ns, 136.0000 ns/op
OverheadActual  13: 1 op, 151.00 ns, 151.0000 ns/op
OverheadActual  14: 1 op, 1625.00 ns, 1.6250 us/op
OverheadActual  15: 1 op, 162.00 ns, 162.0000 ns/op
OverheadActual  16: 1 op, 1689.00 ns, 1.6890 us/op
OverheadActual  17: 1 op, 1517.00 ns, 1.5170 us/op
OverheadActual  18: 1 op, 212.00 ns, 212.0000 ns/op
OverheadActual  19: 1 op, 1509.00 ns, 1.5090 us/op
OverheadActual  20: 1 op, 1520.00 ns, 1.5200 us/op

WorkloadWarmup   1: 1 op, 1709.00 ns, 1.7090 us/op
WorkloadWarmup   2: 1 op, 327.00 ns, 327.0000 ns/op
WorkloadWarmup   3: 1 op, 283.00 ns, 283.0000 ns/op

// BeforeActualRun
WorkloadActual   1: 1 op, 423.00 ns, 423.0000 ns/op
WorkloadActual   2: 1 op, 390.00 ns, 390.0000 ns/op
WorkloadActual   3: 1 op, 1867.00 ns, 1.8670 us/op

// AfterActualRun
WorkloadResult   1: 1 op, 182.00 ns, 182.0000 ns/op
WorkloadResult   2: 1 op, 149.00 ns, 149.0000 ns/op
WorkloadResult   3: 1 op, 1626.00 ns, 1.6260 us/op
// GC:  0 0 0 0 1
// Threading:  0 0 1

// AfterAll
// Benchmark Process 3609 has exited with code 0.

Mean = 652.333 ns, StdErr = 486.927 ns (74.64%), N = 3, StdDev = 843.381 ns
Min = 149.000 ns, Q1 = 165.500 ns, Median = 182.000 ns, Q3 = 904.000 ns, Max = 1,626.000 ns
IQR = 738.500 ns, LowerFence = -942.250 ns, UpperFence = 2,011.750 ns
ConfidenceInterval = [-14,734.085 ns; 16,038.751 ns] (CI 99.9%), Margin = 15,386.418 ns (2358.67% of Mean)
Skewness = 0.38, Kurtosis = 0.67, MValue = 2

// ** Remained 5 (50.0 %) benchmark(s) to run. Estimated finish 2026-10-02 15:08 (0h 0m from now) **
// **************************
// Benchmark: DatabaseRoutingBenchmarks.'Read IsReadIntent': ShortRun(InvocationCount=1, IterationCount=3, LaunchCount=1, UnrollFactor=1, WarmupCount=3)
// *** Execute ***
// Launch: 1 / 1
// Execute: dotnet Encina.Benchmarks-ShortRun-1.dll --anonymousPipes 228 229 --benchmarkName Encina.Benchmarks.ReadWriteSeparation.DatabaseRoutingBenchmarks.Read_IsReadIntent --job ShortRun --benchmarkId 5 in /home/runner/work/Encina/Encina/tests/Encina.BenchmarkTests/Encina.Benchmarks/bin/Release/net10.0/Encina.Benchmarks-ShortRun-1/bin/Release/net10.0
// Failed to set up high priority (Permission denied). In order to run benchmarks with high priority, make sure you have the right permissions.
// BeforeAnythingElse

// Benchmark Process Environment Information:
// BenchmarkDotNet v0.15.8
// Runtime=.NET 10.0.12 (10.0.12, 10.0.1226.42308), X64 RyuJIT x86-64-v4
// GC=Concurrent Workstation
// HardwareIntrinsics=AVX10v1,AVX512 BF16+FP16,AVX512 BITALG+VBMI2+VNNI+VPOPCNTDQ,AVX512 IFMA+VBMI,AVX512 F+BW+CD+DQ+VL,AVX2+BMI1+BMI2+F16C+FMA+LZCNT+MOVBE,AVX,SSE3+SSSE3+SSE4.1+SSE4.2+POPCNT,X86Base+SSE+SSE2,AES+PCLMUL,AvxVnni,SERIALIZE VectorSize=256
// Job: ShortRun(InvocationCount=1, IterationCount=3, LaunchCount=1, UnrollFactor=1, WarmupCount=3)

OverheadJitting  1: 1 op, 161739.00 ns, 161.7390 us/op
WorkloadJitting  1: 1 op, 524599.00 ns, 524.5990 us/op

OverheadWarmup   1: 1 op, 1545.00 ns, 1.5450 us/op
OverheadWarmup   2: 1 op, 179.00 ns, 179.0000 ns/op
OverheadWarmup   3: 1 op, 114.00 ns, 114.0000 ns/op
OverheadWarmup   4: 1 op, 151.00 ns, 151.0000 ns/op
OverheadWarmup   5: 1 op, 140.00 ns, 140.0000 ns/op
OverheadWarmup   6: 1 op, 97.00 ns, 97.0000 ns/op
OverheadWarmup   7: 1 op, 1522.00 ns, 1.5220 us/op
OverheadWarmup   8: 1 op, 96.00 ns, 96.0000 ns/op

OverheadActual   1: 1 op, 273.00 ns, 273.0000 ns/op
OverheadActual   2: 1 op, 280.00 ns, 280.0000 ns/op
OverheadActual   3: 1 op, 381.00 ns, 381.0000 ns/op
OverheadActual   4: 1 op, 201.00 ns, 201.0000 ns/op
OverheadActual   5: 1 op, 206.00 ns, 206.0000 ns/op
OverheadActual   6: 1 op, 100.00 ns, 100.0000 ns/op
OverheadActual   7: 1 op, 90.00 ns, 90.0000 ns/op
OverheadActual   8: 1 op, 85.00 ns, 85.0000 ns/op
OverheadActual   9: 1 op, 93.00 ns, 93.0000 ns/op
OverheadActual  10: 1 op, 86.00 ns, 86.0000 ns/op
OverheadActual  11: 1 op, 97.00 ns, 97.0000 ns/op
OverheadActual  12: 1 op, 84.00 ns, 84.0000 ns/op
OverheadActual  13: 1 op, 83.00 ns, 83.0000 ns/op
OverheadActual  14: 1 op, 85.00 ns, 85.0000 ns/op
OverheadActual  15: 1 op, 79.00 ns, 79.0000 ns/op
OverheadActual  16: 1 op, 83.00 ns, 83.0000 ns/op
OverheadActual  17: 1 op, 84.00 ns, 84.0000 ns/op
OverheadActual  18: 1 op, 227.00 ns, 227.0000 ns/op
OverheadActual  19: 1 op, 107.00 ns, 107.0000 ns/op
OverheadActual  20: 1 op, 191.00 ns, 191.0000 ns/op

WorkloadWarmup   1: 1 op, 1718.00 ns, 1.7180 us/op
WorkloadWarmup   2: 1 op, 1665.00 ns, 1.6650 us/op
WorkloadWarmup   3: 1 op, 246.00 ns, 246.0000 ns/op

// BeforeActualRun
WorkloadActual   1: 1 op, 517.00 ns, 517.0000 ns/op
WorkloadActual   2: 1 op, 274.00 ns, 274.0000 ns/op
WorkloadActual   3: 1 op, 460.00 ns, 460.0000 ns/op

// AfterActualRun
WorkloadResult   1: 1 op, 422.00 ns, 422.0000 ns/op
WorkloadResult   2: 1 op, 179.00 ns, 179.0000 ns/op
WorkloadResult   3: 1 op, 365.00 ns, 365.0000 ns/op
// GC:  0 0 0 0 1
// Threading:  0 0 1

// AfterAll
// Benchmark Process 3615 has exited with code 0.

Mean = 322.000 ns, StdErr = 73.369 ns (22.79%), N = 3, StdDev = 127.079 ns
Min = 179.000 ns, Q1 = 272.000 ns, Median = 365.000 ns, Q3 = 393.500 ns, Max = 422.000 ns
IQR = 121.500 ns, LowerFence = 89.750 ns, UpperFence = 575.750 ns
ConfidenceInterval = [-1,996.389 ns; 2,640.389 ns] (CI 99.9%), Margin = 2,318.389 ns (720.00% of Mean)
Skewness = -0.3, Kurtosis = 0.67, MValue = 2

// ** Remained 4 (40.0 %) benchmark(s) to run. Estimated finish 2026-10-02 15:08 (0h 0m from now) **
// **************************
// Benchmark: DatabaseRoutingBenchmarks.'Read IsWriteIntent': ShortRun(InvocationCount=1, IterationCount=3, LaunchCount=1, UnrollFactor=1, WarmupCount=3)
// *** Execute ***
// Launch: 1 / 1
// Execute: dotnet Encina.Benchmarks-ShortRun-1.dll --anonymousPipes 228 229 --benchmarkName Encina.Benchmarks.ReadWriteSeparation.DatabaseRoutingBenchmarks.Read_IsWriteIntent --job ShortRun --benchmarkId 6 in /home/runner/work/Encina/Encina/tests/Encina.BenchmarkTests/Encina.Benchmarks/bin/Release/net10.0/Encina.Benchmarks-ShortRun-1/bin/Release/net10.0
// Failed to set up high priority (Permission denied). In order to run benchmarks with high priority, make sure you have the right permissions.
// BeforeAnythingElse

// Benchmark Process Environment Information:
// BenchmarkDotNet v0.15.8
// Runtime=.NET 10.0.12 (10.0.12, 10.0.1226.42308), X64 RyuJIT x86-64-v4
// GC=Concurrent Workstation
// HardwareIntrinsics=AVX10v1,AVX512 BF16+FP16,AVX512 BITALG+VBMI2+VNNI+VPOPCNTDQ,AVX512 IFMA+VBMI,AVX512 F+BW+CD+DQ+VL,AVX2+BMI1+BMI2+F16C+FMA+LZCNT+MOVBE,AVX,SSE3+SSSE3+SSE4.1+SSE4.2+POPCNT,X86Base+SSE+SSE2,AES+PCLMUL,AvxVnni,SERIALIZE VectorSize=256
// Job: ShortRun(InvocationCount=1, IterationCount=3, LaunchCount=1, UnrollFactor=1, WarmupCount=3)

OverheadJitting  1: 1 op, 147328.00 ns, 147.3280 us/op
WorkloadJitting  1: 1 op, 546731.00 ns, 546.7310 us/op

OverheadWarmup   1: 1 op, 227.00 ns, 227.0000 ns/op
OverheadWarmup   2: 1 op, 124.00 ns, 124.0000 ns/op
OverheadWarmup   3: 1 op, 359.00 ns, 359.0000 ns/op
OverheadWarmup   4: 1 op, 117.00 ns, 117.0000 ns/op
OverheadWarmup   5: 1 op, 98.00 ns, 98.0000 ns/op
OverheadWarmup   6: 1 op, 98.00 ns, 98.0000 ns/op
OverheadWarmup   7: 1 op, 90.00 ns, 90.0000 ns/op

OverheadActual   1: 1 op, 253.00 ns, 253.0000 ns/op
OverheadActual   2: 1 op, 1745.00 ns, 1.7450 us/op
OverheadActual   3: 1 op, 2450.00 ns, 2.4500 us/op
OverheadActual   4: 1 op, 1844.00 ns, 1.8440 us/op
OverheadActual   5: 1 op, 306.00 ns, 306.0000 ns/op
OverheadActual   6: 1 op, 140.00 ns, 140.0000 ns/op
OverheadActual   7: 1 op, 97.00 ns, 97.0000 ns/op
OverheadActual   8: 1 op, 98.00 ns, 98.0000 ns/op
OverheadActual   9: 1 op, 104.00 ns, 104.0000 ns/op
OverheadActual  10: 1 op, 93.00 ns, 93.0000 ns/op
OverheadActual  11: 1 op, 106.00 ns, 106.0000 ns/op
OverheadActual  12: 1 op, 347.00 ns, 347.0000 ns/op
OverheadActual  13: 1 op, 142.00 ns, 142.0000 ns/op
OverheadActual  14: 1 op, 1569.00 ns, 1.5690 us/op
OverheadActual  15: 1 op, 114.00 ns, 114.0000 ns/op
OverheadActual  16: 1 op, 93.00 ns, 93.0000 ns/op
OverheadActual  17: 1 op, 97.00 ns, 97.0000 ns/op
OverheadActual  18: 1 op, 248.00 ns, 248.0000 ns/op
OverheadActual  19: 1 op, 112.00 ns, 112.0000 ns/op
OverheadActual  20: 1 op, 125.00 ns, 125.0000 ns/op

WorkloadWarmup   1: 1 op, 1672.00 ns, 1.6720 us/op
WorkloadWarmup   2: 1 op, 1584.00 ns, 1.5840 us/op
WorkloadWarmup   3: 1 op, 245.00 ns, 245.0000 ns/op

// BeforeActualRun
WorkloadActual   1: 1 op, 427.00 ns, 427.0000 ns/op
WorkloadActual   2: 1 op, 251.00 ns, 251.0000 ns/op
WorkloadActual   3: 1 op, 262.00 ns, 262.0000 ns/op

// AfterActualRun
WorkloadResult   1: 1 op, 294.50 ns, 294.5000 ns/op
WorkloadResult   2: 1 op, 118.50 ns, 118.5000 ns/op
WorkloadResult   3: 1 op, 129.50 ns, 129.5000 ns/op
// GC:  0 0 0 0 1
// Threading:  0 0 1

// AfterAll
// Benchmark Process 3621 has exited with code 0.

Mean = 180.833 ns, StdErr = 56.922 ns (31.48%), N = 3, StdDev = 98.592 ns
Min = 118.500 ns, Q1 = 124.000 ns, Median = 129.500 ns, Q3 = 212.000 ns, Max = 294.500 ns
IQR = 88.000 ns, LowerFence = -8.000 ns, UpperFence = 344.000 ns
ConfidenceInterval = [-1,617.847 ns; 1,979.514 ns] (CI 99.9%), Margin = 1,798.681 ns (994.66% of Mean)
Skewness = 0.38, Kurtosis = 0.67, MValue = 2

// ** Remained 3 (30.0 %) benchmark(s) to run. Estimated finish 2026-10-02 15:08 (0h 0m from now) **
// **************************
// Benchmark: DatabaseRoutingBenchmarks.DatabaseRoutingScope.ForWrite(): ShortRun(InvocationCount=1, IterationCount=3, LaunchCount=1, UnrollFactor=1, WarmupCount=3)
// *** Execute ***
// Launch: 1 / 1
// Execute: dotnet Encina.Benchmarks-ShortRun-1.dll --anonymousPipes 228 229 --benchmarkName Encina.Benchmarks.ReadWriteSeparation.DatabaseRoutingBenchmarks.Scope_ForWrite --job ShortRun --benchmarkId 7 in /home/runner/work/Encina/Encina/tests/Encina.BenchmarkTests/Encina.Benchmarks/bin/Release/net10.0/Encina.Benchmarks-ShortRun-1/bin/Release/net10.0
// Failed to set up high priority (Permission denied). In order to run benchmarks with high priority, make sure you have the right permissions.
// BeforeAnythingElse

// Benchmark Process Environment Information:
// BenchmarkDotNet v0.15.8
// Runtime=.NET 10.0.12 (10.0.12, 10.0.1226.42308), X64 RyuJIT x86-64-v4
// GC=Concurrent Workstation
// HardwareIntrinsics=AVX10v1,AVX512 BF16+FP16,AVX512 BITALG+VBMI2+VNNI+VPOPCNTDQ,AVX512 IFMA+VBMI,AVX512 F+BW+CD+DQ+VL,AVX2+BMI1+BMI2+F16C+FMA+LZCNT+MOVBE,AVX,SSE3+SSSE3+SSE4.1+SSE4.2+POPCNT,X86Base+SSE+SSE2,AES+PCLMUL,AvxVnni,SERIALIZE VectorSize=256
// Job: ShortRun(InvocationCount=1, IterationCount=3, LaunchCount=1, UnrollFactor=1, WarmupCount=3)

OverheadJitting  1: 1 op, 119583.00 ns, 119.5830 us/op
WorkloadJitting  1: 1 op, 884298.00 ns, 884.2980 us/op

OverheadWarmup   1: 1 op, 210.00 ns, 210.0000 ns/op
OverheadWarmup   2: 1 op, 186.00 ns, 186.0000 ns/op
OverheadWarmup   3: 1 op, 99.00 ns, 99.0000 ns/op
OverheadWarmup   4: 1 op, 151.00 ns, 151.0000 ns/op
OverheadWarmup   5: 1 op, 101.00 ns, 101.0000 ns/op
OverheadWarmup   6: 1 op, 103.00 ns, 103.0000 ns/op
OverheadWarmup   7: 1 op, 117.00 ns, 117.0000 ns/op
OverheadWarmup   8: 1 op, 127.00 ns, 127.0000 ns/op
OverheadWarmup   9: 1 op, 104.00 ns, 104.0000 ns/op

OverheadActual   1: 1 op, 207.00 ns, 207.0000 ns/op
OverheadActual   2: 1 op, 234.00 ns, 234.0000 ns/op
OverheadActual   3: 1 op, 207.00 ns, 207.0000 ns/op
OverheadActual   4: 1 op, 151.00 ns, 151.0000 ns/op
OverheadActual   5: 1 op, 208.00 ns, 208.0000 ns/op
OverheadActual   6: 1 op, 137.00 ns, 137.0000 ns/op
OverheadActual   7: 1 op, 94.00 ns, 94.0000 ns/op
OverheadActual   8: 1 op, 85.00 ns, 85.0000 ns/op
OverheadActual   9: 1 op, 88.00 ns, 88.0000 ns/op
OverheadActual  10: 1 op, 87.00 ns, 87.0000 ns/op
OverheadActual  11: 1 op, 102.00 ns, 102.0000 ns/op
OverheadActual  12: 1 op, 95.00 ns, 95.0000 ns/op
OverheadActual  13: 1 op, 112.00 ns, 112.0000 ns/op
OverheadActual  14: 1 op, 102.00 ns, 102.0000 ns/op
OverheadActual  15: 1 op, 101.00 ns, 101.0000 ns/op
OverheadActual  16: 1 op, 87.00 ns, 87.0000 ns/op
OverheadActual  17: 1 op, 88.00 ns, 88.0000 ns/op
OverheadActual  18: 1 op, 238.00 ns, 238.0000 ns/op
OverheadActual  19: 1 op, 116.00 ns, 116.0000 ns/op
OverheadActual  20: 1 op, 94.00 ns, 94.0000 ns/op

WorkloadWarmup   1: 1 op, 10833.00 ns, 10.8330 us/op
WorkloadWarmup   2: 1 op, 4473.00 ns, 4.4730 us/op
WorkloadWarmup   3: 1 op, 3896.00 ns, 3.8960 us/op

// BeforeActualRun
WorkloadActual   1: 1 op, 6969.00 ns, 6.9690 us/op
WorkloadActual   2: 1 op, 3667.00 ns, 3.6670 us/op
WorkloadActual   3: 1 op, 3317.00 ns, 3.3170 us/op

// AfterActualRun
WorkloadResult   1: 1 op, 6867.00 ns, 6.8670 us/op
WorkloadResult   2: 1 op, 3565.00 ns, 3.5650 us/op
WorkloadResult   3: 1 op, 3215.00 ns, 3.2150 us/op
// GC:  0 0 0 392 1
// Threading:  0 0 1

// AfterAll
// Benchmark Process 3627 has exited with code 0.

Mean = 4.549 μs, StdErr = 1.163 μs (25.57%), N = 3, StdDev = 2.015 μs
Min = 3.215 μs, Q1 = 3.390 μs, Median = 3.565 μs, Q3 = 5.216 μs, Max = 6.867 μs
IQR = 1.826 μs, LowerFence = 0.651 μs, UpperFence = 7.955 μs
ConfidenceInterval = [-32.213 μs; 41.311 μs] (CI 99.9%), Margin = 36.762 μs (808.14% of Mean)
Skewness = 0.37, Kurtosis = 0.67, MValue = 2

// ** Remained 2 (20.0 %) benchmark(s) to run. Estimated finish 2026-10-02 15:08 (0h 0m from now) **
// **************************
// Benchmark: DatabaseRoutingBenchmarks.DatabaseRoutingScope.ForForceWrite(): ShortRun(InvocationCount=1, IterationCount=3, LaunchCount=1, UnrollFactor=1, WarmupCount=3)
// *** Execute ***
// Launch: 1 / 1
// Execute: dotnet Encina.Benchmarks-ShortRun-1.dll --anonymousPipes 228 229 --benchmarkName Encina.Benchmarks.ReadWriteSeparation.DatabaseRoutingBenchmarks.Scope_ForForceWrite --job ShortRun --benchmarkId 8 in /home/runner/work/Encina/Encina/tests/Encina.BenchmarkTests/Encina.Benchmarks/bin/Release/net10.0/Encina.Benchmarks-ShortRun-1/bin/Release/net10.0
// Failed to set up high priority (Permission denied). In order to run benchmarks with high priority, make sure you have the right permissions.
// BeforeAnythingElse

// Benchmark Process Environment Information:
// BenchmarkDotNet v0.15.8
// Runtime=.NET 10.0.12 (10.0.12, 10.0.1226.42308), X64 RyuJIT x86-64-v4
// GC=Concurrent Workstation
// HardwareIntrinsics=AVX10v1,AVX512 BF16+FP16,AVX512 BITALG+VBMI2+VNNI+VPOPCNTDQ,AVX512 IFMA+VBMI,AVX512 F+BW+CD+DQ+VL,AVX2+BMI1+BMI2+F16C+FMA+LZCNT+MOVBE,AVX,SSE3+SSSE3+SSE4.1+SSE4.2+POPCNT,X86Base+SSE+SSE2,AES+PCLMUL,AvxVnni,SERIALIZE VectorSize=256
// Job: ShortRun(InvocationCount=1, IterationCount=3, LaunchCount=1, UnrollFactor=1, WarmupCount=3)

OverheadJitting  1: 1 op, 146749.00 ns, 146.7490 us/op
WorkloadJitting  1: 1 op, 867920.00 ns, 867.9200 us/op

OverheadWarmup   1: 1 op, 203.00 ns, 203.0000 ns/op
OverheadWarmup   2: 1 op, 193.00 ns, 193.0000 ns/op
OverheadWarmup   3: 1 op, 121.00 ns, 121.0000 ns/op
OverheadWarmup   4: 1 op, 103.00 ns, 103.0000 ns/op
OverheadWarmup   5: 1 op, 218.00 ns, 218.0000 ns/op
OverheadWarmup   6: 1 op, 117.00 ns, 117.0000 ns/op
OverheadWarmup   7: 1 op, 120.00 ns, 120.0000 ns/op
OverheadWarmup   8: 1 op, 101.00 ns, 101.0000 ns/op

OverheadActual   1: 1 op, 236.00 ns, 236.0000 ns/op
OverheadActual   2: 1 op, 234.00 ns, 234.0000 ns/op
OverheadActual   3: 1 op, 248.00 ns, 248.0000 ns/op
OverheadActual   4: 1 op, 262.00 ns, 262.0000 ns/op
OverheadActual   5: 1 op, 252.00 ns, 252.0000 ns/op
OverheadActual   6: 1 op, 95.00 ns, 95.0000 ns/op
OverheadActual   7: 1 op, 93.00 ns, 93.0000 ns/op
OverheadActual   8: 1 op, 96.00 ns, 96.0000 ns/op
OverheadActual   9: 1 op, 97.00 ns, 97.0000 ns/op
OverheadActual  10: 1 op, 94.00 ns, 94.0000 ns/op
OverheadActual  11: 1 op, 93.00 ns, 93.0000 ns/op
OverheadActual  12: 1 op, 108.00 ns, 108.0000 ns/op
OverheadActual  13: 1 op, 110.00 ns, 110.0000 ns/op
OverheadActual  14: 1 op, 108.00 ns, 108.0000 ns/op
OverheadActual  15: 1 op, 106.00 ns, 106.0000 ns/op
OverheadActual  16: 1 op, 107.00 ns, 107.0000 ns/op
OverheadActual  17: 1 op, 108.00 ns, 108.0000 ns/op
OverheadActual  18: 1 op, 228.00 ns, 228.0000 ns/op
OverheadActual  19: 1 op, 108.00 ns, 108.0000 ns/op
OverheadActual  20: 1 op, 129.00 ns, 129.0000 ns/op

WorkloadWarmup   1: 1 op, 9928.00 ns, 9.9280 us/op
WorkloadWarmup   2: 1 op, 5466.00 ns, 5.4660 us/op
WorkloadWarmup   3: 1 op, 4349.00 ns, 4.3490 us/op

// BeforeActualRun
WorkloadActual   1: 1 op, 6508.00 ns, 6.5080 us/op
WorkloadActual   2: 1 op, 4888.00 ns, 4.8880 us/op
WorkloadActual   3: 1 op, 2084.00 ns, 2.0840 us/op

// AfterActualRun
WorkloadResult   1: 1 op, 6400.00 ns, 6.4000 us/op
WorkloadResult   2: 1 op, 4780.00 ns, 4.7800 us/op
WorkloadResult   3: 1 op, 1976.00 ns, 1.9760 us/op
// GC:  0 0 0 392 1
// Threading:  0 0 1

// AfterAll
// Benchmark Process 3633 has exited with code 0.

Mean = 4.385 μs, StdErr = 1.292 μs (29.47%), N = 3, StdDev = 2.238 μs
Min = 1.976 μs, Q1 = 3.378 μs, Median = 4.780 μs, Q3 = 5.590 μs, Max = 6.400 μs
IQR = 2.212 μs, LowerFence = 0.060 μs, UpperFence = 8.908 μs
ConfidenceInterval = [-36.449 μs; 45.219 μs] (CI 99.9%), Margin = 40.834 μs (931.15% of Mean)
Skewness = -0.17, Kurtosis = 0.67, MValue = 2

// ** Remained 1 (10.0 %) benchmark(s) to run. Estimated finish 2026-10-02 15:08 (0h 0m from now) **
// **************************
// Benchmark: DatabaseRoutingBenchmarks.DatabaseRoutingContext.Clear(): ShortRun(InvocationCount=1, IterationCount=3, LaunchCount=1, UnrollFactor=1, WarmupCount=3)
// *** Execute ***
// Launch: 1 / 1
// Execute: dotnet Encina.Benchmarks-ShortRun-1.dll --anonymousPipes 228 229 --benchmarkName Encina.Benchmarks.ReadWriteSeparation.DatabaseRoutingBenchmarks.Context_Clear --job ShortRun --benchmarkId 9 in /home/runner/work/Encina/Encina/tests/Encina.BenchmarkTests/Encina.Benchmarks/bin/Release/net10.0/Encina.Benchmarks-ShortRun-1/bin/Release/net10.0
// Failed to set up high priority (Permission denied). In order to run benchmarks with high priority, make sure you have the right permissions.
// BeforeAnythingElse

// Benchmark Process Environment Information:
// BenchmarkDotNet v0.15.8
// Runtime=.NET 10.0.12 (10.0.12, 10.0.1226.42308), X64 RyuJIT x86-64-v4
// GC=Concurrent Workstation
// HardwareIntrinsics=AVX10v1,AVX512 BF16+FP16,AVX512 BITALG+VBMI2+VNNI+VPOPCNTDQ,AVX512 IFMA+VBMI,AVX512 F+BW+CD+DQ+VL,AVX2+BMI1+BMI2+F16C+FMA+LZCNT+MOVBE,AVX,SSE3+SSSE3+SSE4.1+SSE4.2+POPCNT,X86Base+SSE+SSE2,AES+PCLMUL,AvxVnni,SERIALIZE VectorSize=256
// Job: ShortRun(InvocationCount=1, IterationCount=3, LaunchCount=1, UnrollFactor=1, WarmupCount=3)

OverheadJitting  1: 1 op, 126748.00 ns, 126.7480 us/op
WorkloadJitting  1: 1 op, 224825.00 ns, 224.8250 us/op

OverheadWarmup   1: 1 op, 221.00 ns, 221.0000 ns/op
OverheadWarmup   2: 1 op, 139.00 ns, 139.0000 ns/op
OverheadWarmup   3: 1 op, 124.00 ns, 124.0000 ns/op
OverheadWarmup   4: 1 op, 122.00 ns, 122.0000 ns/op
OverheadWarmup   5: 1 op, 127.00 ns, 127.0000 ns/op
OverheadWarmup   6: 1 op, 96.00 ns, 96.0000 ns/op
OverheadWarmup   7: 1 op, 97.00 ns, 97.0000 ns/op
OverheadWarmup   8: 1 op, 97.00 ns, 97.0000 ns/op

OverheadActual   1: 1 op, 227.00 ns, 227.0000 ns/op
OverheadActual   2: 1 op, 223.00 ns, 223.0000 ns/op
OverheadActual   3: 1 op, 217.00 ns, 217.0000 ns/op
OverheadActual   4: 1 op, 198.00 ns, 198.0000 ns/op
OverheadActual   5: 1 op, 225.00 ns, 225.0000 ns/op
OverheadActual   6: 1 op, 102.00 ns, 102.0000 ns/op
OverheadActual   7: 1 op, 121.00 ns, 121.0000 ns/op
OverheadActual   8: 1 op, 97.00 ns, 97.0000 ns/op
OverheadActual   9: 1 op, 98.00 ns, 98.0000 ns/op
OverheadActual  10: 1 op, 96.00 ns, 96.0000 ns/op
OverheadActual  11: 1 op, 137.00 ns, 137.0000 ns/op
OverheadActual  12: 1 op, 136.00 ns, 136.0000 ns/op
OverheadActual  13: 1 op, 121.00 ns, 121.0000 ns/op
OverheadActual  14: 1 op, 121.00 ns, 121.0000 ns/op
OverheadActual  15: 1 op, 86.00 ns, 86.0000 ns/op
OverheadActual  16: 1 op, 112.00 ns, 112.0000 ns/op
OverheadActual  17: 1 op, 112.00 ns, 112.0000 ns/op
OverheadActual  18: 1 op, 218.00 ns, 218.0000 ns/op
OverheadActual  19: 1 op, 137.00 ns, 137.0000 ns/op
OverheadActual  20: 1 op, 134.00 ns, 134.0000 ns/op

WorkloadWarmup   1: 1 op, 5534.00 ns, 5.5340 us/op
WorkloadWarmup   2: 1 op, 2680.00 ns, 2.6800 us/op
WorkloadWarmup   3: 1 op, 2529.00 ns, 2.5290 us/op

// BeforeActualRun
WorkloadActual   1: 1 op, 4736.00 ns, 4.7360 us/op
WorkloadActual   2: 1 op, 2813.00 ns, 2.8130 us/op
WorkloadActual   3: 1 op, 2592.00 ns, 2.5920 us/op

// AfterActualRun
WorkloadResult   1: 1 op, 4608.50 ns, 4.6085 us/op
WorkloadResult   2: 1 op, 2685.50 ns, 2.6855 us/op
WorkloadResult   3: 1 op, 2464.50 ns, 2.4645 us/op
// GC:  0 0 0 96 1
// Threading:  0 0 1

// AfterAll
// Benchmark Process 3639 has exited with code 0.

Mean = 3.253 μs, StdErr = 0.681 μs (20.93%), N = 3, StdDev = 1.179 μs
Min = 2.465 μs, Q1 = 2.575 μs, Median = 2.686 μs, Q3 = 3.647 μs, Max = 4.609 μs
IQR = 1.072 μs, LowerFence = 0.967 μs, UpperFence = 5.255 μs
ConfidenceInterval = [-18.261 μs; 24.766 μs] (CI 99.9%), Margin = 21.514 μs (661.38% of Mean)
Skewness = 0.37, Kurtosis = 0.67, MValue = 2

// ** Remained 0 (0.0 %) benchmark(s) to run. Estimated finish 2026-10-02 15:08 (0h 0m from now) **
// ***** BenchmarkRunner: Finish  *****

// * Export *
  artifacts/performance/Core/results/Encina.Benchmarks.ReadWriteSeparation.DatabaseRoutingBenchmarks-report.csv
  artifacts/performance/Core/results/Encina.Benchmarks.ReadWriteSeparation.DatabaseRoutingBenchmarks-report-github.md
  artifacts/performance/Core/results/Encina.Benchmarks.ReadWriteSeparation.DatabaseRoutingBenchmarks-report.html
  artifacts/performance/Core/results/Encina.Benchmarks.ReadWriteSeparation.DatabaseRoutingBenchmarks-report-full-compressed.json

// * Detailed results *
DatabaseRoutingBenchmarks.'Nested scopes (Read → ForceWrite)': ShortRun(InvocationCount=1, IterationCount=3, LaunchCount=1, UnrollFactor=1, WarmupCount=3)
Runtime = .NET 10.0.12 (10.0.12, 10.0.1226.42308), X64 RyuJIT x86-64-v4; GC = Concurrent Workstation
Mean = 4.344 μs, StdErr = 0.177 μs (4.08%), N = 3, StdDev = 0.307 μs
Min = 4.115 μs, Q1 = 4.170 μs, Median = 4.223 μs, Q3 = 4.458 μs, Max = 4.694 μs
IQR = 0.289 μs, LowerFence = 3.736 μs, UpperFence = 4.892 μs
ConfidenceInterval = [-1.262 μs; 9.951 μs] (CI 99.9%), Margin = 5.607 μs (129.06% of Mean)
Skewness = 0.33, Kurtosis = 0.67, MValue = 2
-------------------- Histogram --------------------
[3.836 μs ; 4.449 μs) | @@
[4.449 μs ; 4.973 μs) | @
---------------------------------------------------

DatabaseRoutingBenchmarks.'Read CurrentIntent (AsyncLocal)': ShortRun(InvocationCount=1, IterationCount=3, LaunchCount=1, UnrollFactor=1, WarmupCount=3)
Runtime = .NET 10.0.12 (10.0.12, 10.0.1226.42308), X64 RyuJIT x86-64-v4; GC = Concurrent Workstation
Mean = 1.106 μs, StdErr = 0.552 μs (49.92%), N = 3, StdDev = 0.956 μs
Min = 0.025 μs, Q1 = 0.737 μs, Median = 1.448 μs, Q3 = 1.646 μs, Max = 1.843 μs
IQR = 0.909 μs, LowerFence = -0.626 μs, UpperFence = 3.010 μs
ConfidenceInterval = [-16.339 μs; 18.551 μs] (CI 99.9%), Margin = 17.445 μs (1577.54% of Mean)
Skewness = -0.31, Kurtosis = 0.67, MValue = 2
-------------------- Histogram --------------------
[0.025 μs ; 0.776 μs) | @
[0.776 μs ; 2.714 μs) | @@
---------------------------------------------------

DatabaseRoutingBenchmarks.DatabaseRoutingScope.ForRead(): ShortRun(InvocationCount=1, IterationCount=3, LaunchCount=1, UnrollFactor=1, WarmupCount=3)
Runtime = .NET 10.0.12 (10.0.12, 10.0.1226.42308), X64 RyuJIT x86-64-v4; GC = Concurrent Workstation
Mean = 5.419 μs, StdErr = 0.932 μs (17.20%), N = 3, StdDev = 1.615 μs
Min = 3.856 μs, Q1 = 4.588 μs, Median = 5.321 μs, Q3 = 6.200 μs, Max = 7.080 μs
IQR = 1.613 μs, LowerFence = 2.169 μs, UpperFence = 8.619 μs
ConfidenceInterval = [-24.040 μs; 34.878 μs] (CI 99.9%), Margin = 29.459 μs (543.64% of Mean)
Skewness = 0.06, Kurtosis = 0.67, MValue = 2
-------------------- Histogram --------------------
[3.119 μs ; 6.057 μs) | @@
[6.057 μs ; 8.550 μs) | @
---------------------------------------------------

DatabaseRoutingBenchmarks.'Read EffectiveIntent (null-coalesce)': ShortRun(InvocationCount=1, IterationCount=3, LaunchCount=1, UnrollFactor=1, WarmupCount=3)
Runtime = .NET 10.0.12 (10.0.12, 10.0.1226.42308), X64 RyuJIT x86-64-v4; GC = Concurrent Workstation
Mean = 951.667 ns, StdErr = 488.711 ns (51.35%), N = 3, StdDev = 846.473 ns
Min = 248.000 ns, Q1 = 482.000 ns, Median = 716.000 ns, Q3 = 1,303.500 ns, Max = 1,891.000 ns
IQR = 821.500 ns, LowerFence = -750.250 ns, UpperFence = 2,535.750 ns
ConfidenceInterval = [-14,491.150 ns; 16,394.483 ns] (CI 99.9%), Margin = 15,442.816 ns (1622.71% of Mean)
Skewness = 0.26, Kurtosis = 0.67, MValue = 2
-------------------- Histogram --------------------
[  248.000 ns ; 1,252.321 ns) | @@
[1,252.321 ns ; 2,661.321 ns) | @
---------------------------------------------------

DatabaseRoutingBenchmarks.'Read HasIntent': ShortRun(InvocationCount=1, IterationCount=3, LaunchCount=1, UnrollFactor=1, WarmupCount=3)
Runtime = .NET 10.0.12 (10.0.12, 10.0.1226.42308), X64 RyuJIT x86-64-v4; GC = Concurrent Workstation
Mean = 652.333 ns, StdErr = 486.927 ns (74.64%), N = 3, StdDev = 843.381 ns
Min = 149.000 ns, Q1 = 165.500 ns, Median = 182.000 ns, Q3 = 904.000 ns, Max = 1,626.000 ns
IQR = 738.500 ns, LowerFence = -942.250 ns, UpperFence = 2,011.750 ns
ConfidenceInterval = [-14,734.085 ns; 16,038.751 ns] (CI 99.9%), Margin = 15,386.418 ns (2358.67% of Mean)
Skewness = 0.38, Kurtosis = 0.67, MValue = 2
-------------------- Histogram --------------------
[119.992 ns ; 1,655.008 ns) | @@@
---------------------------------------------------

DatabaseRoutingBenchmarks.'Read IsReadIntent': ShortRun(InvocationCount=1, IterationCount=3, LaunchCount=1, UnrollFactor=1, WarmupCount=3)
Runtime = .NET 10.0.12 (10.0.12, 10.0.1226.42308), X64 RyuJIT x86-64-v4; GC = Concurrent Workstation
Mean = 322.000 ns, StdErr = 73.369 ns (22.79%), N = 3, StdDev = 127.079 ns
Min = 179.000 ns, Q1 = 272.000 ns, Median = 365.000 ns, Q3 = 393.500 ns, Max = 422.000 ns
IQR = 121.500 ns, LowerFence = 89.750 ns, UpperFence = 575.750 ns
ConfidenceInterval = [-1,996.389 ns; 2,640.389 ns] (CI 99.9%), Margin = 2,318.389 ns (720.00% of Mean)
Skewness = -0.3, Kurtosis = 0.67, MValue = 2
-------------------- Histogram --------------------
[ 63.354 ns ; 277.854 ns) | @
[277.854 ns ; 537.646 ns) | @@
---------------------------------------------------

DatabaseRoutingBenchmarks.'Read IsWriteIntent': ShortRun(InvocationCount=1, IterationCount=3, LaunchCount=1, UnrollFactor=1, WarmupCount=3)
Runtime = .NET 10.0.12 (10.0.12, 10.0.1226.42308), X64 RyuJIT x86-64-v4; GC = Concurrent Workstation
Mean = 180.833 ns, StdErr = 56.922 ns (31.48%), N = 3, StdDev = 98.592 ns
Min = 118.500 ns, Q1 = 124.000 ns, Median = 129.500 ns, Q3 = 212.000 ns, Max = 294.500 ns
IQR = 88.000 ns, LowerFence = -8.000 ns, UpperFence = 344.000 ns
ConfidenceInterval = [-1,617.847 ns; 1,979.514 ns] (CI 99.9%), Margin = 1,798.681 ns (994.66% of Mean)
Skewness = 0.38, Kurtosis = 0.67, MValue = 2
-------------------- Histogram --------------------
[116.778 ns ; 296.222 ns) | @@@
---------------------------------------------------

DatabaseRoutingBenchmarks.DatabaseRoutingScope.ForWrite(): ShortRun(InvocationCount=1, IterationCount=3, LaunchCount=1, UnrollFactor=1, WarmupCount=3)
Runtime = .NET 10.0.12 (10.0.12, 10.0.1226.42308), X64 RyuJIT x86-64-v4; GC = Concurrent Workstation
Mean = 4.549 μs, StdErr = 1.163 μs (25.57%), N = 3, StdDev = 2.015 μs
Min = 3.215 μs, Q1 = 3.390 μs, Median = 3.565 μs, Q3 = 5.216 μs, Max = 6.867 μs
IQR = 1.826 μs, LowerFence = 0.651 μs, UpperFence = 7.955 μs
ConfidenceInterval = [-32.213 μs; 41.311 μs] (CI 99.9%), Margin = 36.762 μs (808.14% of Mean)
Skewness = 0.37, Kurtosis = 0.67, MValue = 2
-------------------- Histogram --------------------
[3.207 μs ; 6.875 μs) | @@@
---------------------------------------------------

DatabaseRoutingBenchmarks.DatabaseRoutingScope.ForForceWrite(): ShortRun(InvocationCount=1, IterationCount=3, LaunchCount=1, UnrollFactor=1, WarmupCount=3)
Runtime = .NET 10.0.12 (10.0.12, 10.0.1226.42308), X64 RyuJIT x86-64-v4; GC = Concurrent Workstation
Mean = 4.385 μs, StdErr = 1.292 μs (29.47%), N = 3, StdDev = 2.238 μs
Min = 1.976 μs, Q1 = 3.378 μs, Median = 4.780 μs, Q3 = 5.590 μs, Max = 6.400 μs
IQR = 2.212 μs, LowerFence = 0.060 μs, UpperFence = 8.908 μs
ConfidenceInterval = [-36.449 μs; 45.219 μs] (CI 99.9%), Margin = 40.834 μs (931.15% of Mean)
Skewness = -0.17, Kurtosis = 0.67, MValue = 2
-------------------- Histogram --------------------
[1.976 μs ; 3.553 μs) | @
[3.553 μs ; 8.437 μs) | @@
---------------------------------------------------

DatabaseRoutingBenchmarks.DatabaseRoutingContext.Clear(): ShortRun(InvocationCount=1, IterationCount=3, LaunchCount=1, UnrollFactor=1, WarmupCount=3)
Runtime = .NET 10.0.12 (10.0.12, 10.0.1226.42308), X64 RyuJIT x86-64-v4; GC = Concurrent Workstation
Mean = 3.253 μs, StdErr = 0.681 μs (20.93%), N = 3, StdDev = 1.179 μs
Min = 2.465 μs, Q1 = 2.575 μs, Median = 2.686 μs, Q3 = 3.647 μs, Max = 4.609 μs
IQR = 1.072 μs, LowerFence = 0.967 μs, UpperFence = 5.255 μs
ConfidenceInterval = [-18.261 μs; 24.766 μs] (CI 99.9%), Margin = 21.514 μs (661.38% of Mean)
Skewness = 0.37, Kurtosis = 0.67, MValue = 2
-------------------- Histogram --------------------
[2.463 μs ; 4.610 μs) | @@@
---------------------------------------------------

// * Summary *

BenchmarkDotNet v0.15.8, Linux Ubuntu 24.04.5 LTS (Noble Numbat)
Intel Xeon 6973P-C 2.60GHz, 1 CPU, 4 logical and 2 physical cores
.NET SDK 10.0.401
  [Host]   : .NET 10.0.12 (10.0.12, 10.0.1226.42308), X64 RyuJIT x86-64-v4
  ShortRun : .NET 10.0.12 (10.0.12, 10.0.1226.42308), X64 RyuJIT x86-64-v4

Job=ShortRun  InvocationCount=1  IterationCount=3  
LaunchCount=1  UnrollFactor=1  WarmupCount=3  

| Method                                 | Mean       | Error       | StdDev      | Median     | Allocated |
|--------------------------------------- |-----------:|------------:|------------:|-----------:|----------:|
| 'Nested scopes (Read → ForceWrite)'    | 4,344.2 ns |  5,606.5 ns |   307.31 ns | 4,223.5 ns |     840 B |
| 'Read CurrentIntent (AsyncLocal)'      | 1,105.8 ns | 17,444.9 ns |   956.21 ns | 1,448.5 ns |         - |
| DatabaseRoutingScope.ForRead()         | 5,418.8 ns | 29,459.0 ns | 1,614.75 ns | 5,320.5 ns |     392 B |
| 'Read EffectiveIntent (null-coalesce)' |   951.7 ns | 15,442.8 ns |   846.47 ns |   716.0 ns |         - |
| 'Read HasIntent'                       |   652.3 ns | 15,386.4 ns |   843.38 ns |   182.0 ns |         - |
| 'Read IsReadIntent'                    |   322.0 ns |  2,318.4 ns |   127.08 ns |   365.0 ns |         - |
| 'Read IsWriteIntent'                   |   180.8 ns |  1,798.7 ns |    98.59 ns |   129.5 ns |         - |
| DatabaseRoutingScope.ForWrite()        | 4,549.0 ns | 36,762.2 ns | 2,015.06 ns | 3,565.0 ns |     392 B |
| DatabaseRoutingScope.ForForceWrite()   | 4,385.3 ns | 40,834.0 ns | 2,238.25 ns | 4,780.0 ns |     392 B |
| DatabaseRoutingContext.Clear()         | 3,252.8 ns | 21,513.6 ns | 1,179.23 ns | 2,685.5 ns |      96 B |

// * Warnings *
MinIterationTime
  DatabaseRoutingBenchmarks.'Nested scopes (Read → ForceWrite)': ShortRun    -> The minimum observed iteration time is 4.244μs which is very small. It's recommended to increase it to at least 100ms using more operations.
  DatabaseRoutingBenchmarks.'Read CurrentIntent (AsyncLocal)': ShortRun      -> The minimum observed iteration time is 219ns which is very small. It's recommended to increase it to at least 100ms using more operations.
  DatabaseRoutingBenchmarks.DatabaseRoutingScope.ForRead(): ShortRun         -> The minimum observed iteration time is 3.983μs which is very small. It's recommended to increase it to at least 100ms using more operations.
  DatabaseRoutingBenchmarks.'Read EffectiveIntent (null-coalesce)': ShortRun -> The minimum observed iteration time is 413ns which is very small. It's recommended to increase it to at least 100ms using more operations.
  DatabaseRoutingBenchmarks.'Read HasIntent': ShortRun                       -> The minimum observed iteration time is 390ns which is very small. It's recommended to increase it to at least 100ms using more operations.
  DatabaseRoutingBenchmarks.'Read IsReadIntent': ShortRun                    -> The minimum observed iteration time is 274ns which is very small. It's recommended to increase it to at least 100ms using more operations.
  DatabaseRoutingBenchmarks.'Read IsWriteIntent': ShortRun                   -> The minimum observed iteration time is 251ns which is very small. It's recommended to increase it to at least 100ms using more operations.
  DatabaseRoutingBenchmarks.DatabaseRoutingScope.ForWrite(): ShortRun        -> The minimum observed iteration time is 3.317μs which is very small. It's recommended to increase it to at least 100ms using more operations.
  DatabaseRoutingBenchmarks.DatabaseRoutingScope.ForForceWrite(): ShortRun   -> The minimum observed iteration time is 2.084μs which is very small. It's recommended to increase it to at least 100ms using more operations.
  DatabaseRoutingBenchmarks.DatabaseRoutingContext.Clear(): ShortRun         -> The minimum observed iteration time is 2.592μs which is very small. It's recommended to increase it to at least 100ms using more operations.
// * Config Issues *

// * Warnings *
Configuration
  Summary -> The exporter CsvExporter is already present in configuration. There may be unexpected results.
  Summary -> The exporter HtmlExporter is already present in configuration. There may be unexpected results.
  Summary -> The exporter MarkdownExporter-github is already present in configuration. There may be unexpected results.

// * Legends *
  Mean      : Arithmetic mean of all measurements
  Error     : Half of 99.9% confidence interval
  StdDev    : Standard deviation of all measurements
  Median    : Value separating the higher half of all measurements (50th percentile)
  Allocated : Allocated memory per single operation (managed only, inclusive, 1KB = 1024B)
  1 ns      : 1 Nanosecond (0.000000001 sec)

// * Diagnostic Output - MemoryDiagnoser *


// ***** BenchmarkRunner: End *****
Run time: 00:00:01 (2 sec), executed benchmarks: 10

Global total time: 00:02:19 (139.87 sec), executed benchmarks: 10
// * Artifacts cleanup *
Artifacts cleanup is finished
