// Validating benchmarks:
// ***** BenchmarkRunner: Start   *****
// ***** Found 4 benchmark(s) in total *****
// ***** Building 1 exe(s) in Parallel: Start   *****
// start dotnet  restore --nodeReuse:false /p:UseSharedCompilation=false /p:Deterministic=true /p:Optimize=true /p:ArtifactsPath="/home/runner/work/Encina/Encina/tests/Encina.BenchmarkTests/Encina.Cdc.MongoDb.Benchmarks/bin/Release/net10.0/Encina.Cdc.MongoDb.Benchmarks-ShortRun-1/" /p:OutDir="/home/runner/work/Encina/Encina/tests/Encina.BenchmarkTests/Encina.Cdc.MongoDb.Benchmarks/bin/Release/net10.0/Encina.Cdc.MongoDb.Benchmarks-ShortRun-1/bin/Release/net10.0/" /p:OutputPath="/home/runner/work/Encina/Encina/tests/Encina.BenchmarkTests/Encina.Cdc.MongoDb.Benchmarks/bin/Release/net10.0/Encina.Cdc.MongoDb.Benchmarks-ShortRun-1/bin/Release/net10.0/" /p:PublishDir="/home/runner/work/Encina/Encina/tests/Encina.BenchmarkTests/Encina.Cdc.MongoDb.Benchmarks/bin/Release/net10.0/Encina.Cdc.MongoDb.Benchmarks-ShortRun-1/publish/" in /home/runner/work/Encina/Encina/tests/Encina.BenchmarkTests/Encina.Cdc.MongoDb.Benchmarks/bin/Release/net10.0/Encina.Cdc.MongoDb.Benchmarks-ShortRun-1
// command took 3 sec and exited with 0
// start dotnet  build -c Release --no-restore --nodeReuse:false /p:UseSharedCompilation=false /p:Deterministic=true /p:Optimize=true /p:ArtifactsPath="/home/runner/work/Encina/Encina/tests/Encina.BenchmarkTests/Encina.Cdc.MongoDb.Benchmarks/bin/Release/net10.0/Encina.Cdc.MongoDb.Benchmarks-ShortRun-1/" /p:OutDir="/home/runner/work/Encina/Encina/tests/Encina.BenchmarkTests/Encina.Cdc.MongoDb.Benchmarks/bin/Release/net10.0/Encina.Cdc.MongoDb.Benchmarks-ShortRun-1/bin/Release/net10.0/" /p:OutputPath="/home/runner/work/Encina/Encina/tests/Encina.BenchmarkTests/Encina.Cdc.MongoDb.Benchmarks/bin/Release/net10.0/Encina.Cdc.MongoDb.Benchmarks-ShortRun-1/bin/Release/net10.0/" /p:PublishDir="/home/runner/work/Encina/Encina/tests/Encina.BenchmarkTests/Encina.Cdc.MongoDb.Benchmarks/bin/Release/net10.0/Encina.Cdc.MongoDb.Benchmarks-ShortRun-1/publish/" --output "/home/runner/work/Encina/Encina/tests/Encina.BenchmarkTests/Encina.Cdc.MongoDb.Benchmarks/bin/Release/net10.0/Encina.Cdc.MongoDb.Benchmarks-ShortRun-1/bin/Release/net10.0/" in /home/runner/work/Encina/Encina/tests/Encina.BenchmarkTests/Encina.Cdc.MongoDb.Benchmarks/bin/Release/net10.0/Encina.Cdc.MongoDb.Benchmarks-ShortRun-1
// command took 56.51 sec and exited with 0
// ***** Done, took 00:00:59 (59.64 sec)   *****
// Found 4 benchmarks:
//   PositionBenchmarks.ComparePositions: ShortRun(IterationCount=3, LaunchCount=1, WarmupCount=3)
//   PositionBenchmarks.CreatePosition: ShortRun(IterationCount=3, LaunchCount=1, WarmupCount=3)
//   PositionBenchmarks.FromBytes: ShortRun(IterationCount=3, LaunchCount=1, WarmupCount=3)
//   PositionBenchmarks.ToBytes: ShortRun(IterationCount=3, LaunchCount=1, WarmupCount=3)

// **************************
// Benchmark: PositionBenchmarks.ComparePositions: ShortRun(IterationCount=3, LaunchCount=1, WarmupCount=3)
// *** Execute ***
// Launch: 1 / 1
// Execute: dotnet Encina.Cdc.MongoDb.Benchmarks-ShortRun-1.dll --anonymousPipes 152 153 --benchmarkName Encina.Cdc.MongoDb.Benchmarks.Benchmarks.PositionBenchmarks.ComparePositions --job ShortRun --benchmarkId 0 in /home/runner/work/Encina/Encina/tests/Encina.BenchmarkTests/Encina.Cdc.MongoDb.Benchmarks/bin/Release/net10.0/Encina.Cdc.MongoDb.Benchmarks-ShortRun-1/bin/Release/net10.0
// Failed to set up high priority (Permission denied). In order to run benchmarks with high priority, make sure you have the right permissions.
// BeforeAnythingElse

// Benchmark Process Environment Information:
// BenchmarkDotNet v0.15.8
// Runtime=.NET 10.0.12 (10.0.12, 10.0.1226.42308), X64 RyuJIT x86-64-v3
// GC=Concurrent Workstation
// HardwareIntrinsics=AVX2+BMI1+BMI2+F16C+FMA+LZCNT+MOVBE,AVX,SSE3+SSSE3+SSE4.1+SSE4.2+POPCNT,X86Base+SSE+SSE2,AES+PCLMUL VectorSize=256
// Job: ShortRun(IterationCount=3, LaunchCount=1, WarmupCount=3)

OverheadJitting  1: 1 op, 201175.00 ns, 201.1750 us/op
WorkloadJitting  1: 1 op, 2319874.00 ns, 2.3199 ms/op

OverheadJitting  2: 16 op, 322820.00 ns, 20.1763 us/op
WorkloadJitting  2: 16 op, 341375.00 ns, 21.3359 us/op

WorkloadPilot    1: 16 op, 6683.00 ns, 417.6875 ns/op
WorkloadPilot    2: 32 op, 8446.00 ns, 263.9375 ns/op
WorkloadPilot    3: 64 op, 32390.00 ns, 506.0938 ns/op
WorkloadPilot    4: 128 op, 38622.00 ns, 301.7344 ns/op
WorkloadPilot    5: 256 op, 62396.00 ns, 243.7344 ns/op
WorkloadPilot    6: 512 op, 91329.00 ns, 178.3770 ns/op
WorkloadPilot    7: 1024 op, 203659.00 ns, 198.8857 ns/op
WorkloadPilot    8: 2048 op, 388753.00 ns, 189.8208 ns/op
WorkloadPilot    9: 4096 op, 632345.00 ns, 154.3811 ns/op
WorkloadPilot   10: 8192 op, 1404792.00 ns, 171.4834 ns/op
WorkloadPilot   11: 16384 op, 2801849.00 ns, 171.0113 ns/op
WorkloadPilot   12: 32768 op, 5646227.00 ns, 172.3092 ns/op
WorkloadPilot   13: 65536 op, 11063649.00 ns, 168.8179 ns/op
WorkloadPilot   14: 131072 op, 22380028.00 ns, 170.7461 ns/op
WorkloadPilot   15: 262144 op, 38553930.00 ns, 147.0716 ns/op
WorkloadPilot   16: 524288 op, 72577786.00 ns, 138.4311 ns/op
WorkloadPilot   17: 1048576 op, 139846080.00 ns, 133.3676 ns/op
WorkloadPilot   18: 2097152 op, 280111628.00 ns, 133.5676 ns/op
WorkloadPilot   19: 4194304 op, 552234068.00 ns, 131.6629 ns/op

OverheadWarmup   1: 4194304 op, 7068692.00 ns, 1.6853 ns/op
OverheadWarmup   2: 4194304 op, 7116862.00 ns, 1.6968 ns/op
OverheadWarmup   3: 4194304 op, 7139113.00 ns, 1.7021 ns/op
OverheadWarmup   4: 4194304 op, 7026764.00 ns, 1.6753 ns/op
OverheadWarmup   5: 4194304 op, 7010574.00 ns, 1.6715 ns/op
OverheadWarmup   6: 4194304 op, 7025572.00 ns, 1.6750 ns/op
OverheadWarmup   7: 4194304 op, 7028808.00 ns, 1.6758 ns/op
OverheadWarmup   8: 4194304 op, 7024210.00 ns, 1.6747 ns/op

OverheadActual   1: 4194304 op, 7048855.00 ns, 1.6806 ns/op
OverheadActual   2: 4194304 op, 7045849.00 ns, 1.6799 ns/op
OverheadActual   3: 4194304 op, 7057731.00 ns, 1.6827 ns/op
OverheadActual   4: 4194304 op, 7054095.00 ns, 1.6818 ns/op
OverheadActual   5: 4194304 op, 7087467.00 ns, 1.6898 ns/op
OverheadActual   6: 4194304 op, 7022636.00 ns, 1.6743 ns/op
OverheadActual   7: 4194304 op, 7028918.00 ns, 1.6758 ns/op
OverheadActual   8: 4194304 op, 7069123.00 ns, 1.6854 ns/op
OverheadActual   9: 4194304 op, 7024380.00 ns, 1.6747 ns/op
OverheadActual  10: 4194304 op, 7043105.00 ns, 1.6792 ns/op
OverheadActual  11: 4194304 op, 7025792.00 ns, 1.6751 ns/op
OverheadActual  12: 4194304 op, 7039928.00 ns, 1.6784 ns/op
OverheadActual  13: 4194304 op, 7060828.00 ns, 1.6834 ns/op
OverheadActual  14: 4194304 op, 7023789.00 ns, 1.6746 ns/op
OverheadActual  15: 4194304 op, 7051810.00 ns, 1.6813 ns/op

WorkloadWarmup   1: 4194304 op, 565546608.00 ns, 134.8368 ns/op
WorkloadWarmup   2: 4194304 op, 560369392.00 ns, 133.6025 ns/op
WorkloadWarmup   3: 4194304 op, 557075579.00 ns, 132.8172 ns/op

// BeforeActualRun
WorkloadActual   1: 4194304 op, 558391305.00 ns, 133.1309 ns/op
WorkloadActual   2: 4194304 op, 554128459.00 ns, 132.1145 ns/op
WorkloadActual   3: 4194304 op, 554028063.00 ns, 132.0906 ns/op

// AfterActualRun
WorkloadResult   1: 4194304 op, 551345456.00 ns, 131.4510 ns/op
WorkloadResult   2: 4194304 op, 547082610.00 ns, 130.4347 ns/op
WorkloadResult   3: 4194304 op, 546982214.00 ns, 130.4107 ns/op
// GC:  24 0 0 402653184 4194304
// Threading:  0 0 4194304

// AfterAll
// Benchmark Process 3382 has exited with code 0.

Mean = 130.765 ns, StdErr = 0.343 ns (0.26%), N = 3, StdDev = 0.594 ns
Min = 130.411 ns, Q1 = 130.423 ns, Median = 130.435 ns, Q3 = 130.943 ns, Max = 131.451 ns
IQR = 0.520 ns, LowerFence = 129.642 ns, UpperFence = 131.723 ns
ConfidenceInterval = [119.932 ns; 141.599 ns] (CI 99.9%), Margin = 10.833 ns (8.28% of Mean)
Skewness = 0.38, Kurtosis = 0.67, MValue = 2

// ** Remained 3 (75.0 %) benchmark(s) to run. Estimated finish 2026-09-24 9:33 (0h 0m from now) **
// **************************
// Benchmark: PositionBenchmarks.CreatePosition: ShortRun(IterationCount=3, LaunchCount=1, WarmupCount=3)
// *** Execute ***
// Launch: 1 / 1
// Execute: dotnet Encina.Cdc.MongoDb.Benchmarks-ShortRun-1.dll --anonymousPipes 152 153 --benchmarkName Encina.Cdc.MongoDb.Benchmarks.Benchmarks.PositionBenchmarks.CreatePosition --job ShortRun --benchmarkId 1 in /home/runner/work/Encina/Encina/tests/Encina.BenchmarkTests/Encina.Cdc.MongoDb.Benchmarks/bin/Release/net10.0/Encina.Cdc.MongoDb.Benchmarks-ShortRun-1/bin/Release/net10.0
// Failed to set up high priority (Permission denied). In order to run benchmarks with high priority, make sure you have the right permissions.
// BeforeAnythingElse

// Benchmark Process Environment Information:
// BenchmarkDotNet v0.15.8
// Runtime=.NET 10.0.12 (10.0.12, 10.0.1226.42308), X64 RyuJIT x86-64-v3
// GC=Concurrent Workstation
// HardwareIntrinsics=AVX2+BMI1+BMI2+F16C+FMA+LZCNT+MOVBE,AVX,SSE3+SSSE3+SSE4.1+SSE4.2+POPCNT,X86Base+SSE+SSE2,AES+PCLMUL VectorSize=256
// Job: ShortRun(IterationCount=3, LaunchCount=1, WarmupCount=3)

OverheadJitting  1: 1 op, 242281.00 ns, 242.2810 us/op
WorkloadJitting  1: 1 op, 332368.00 ns, 332.3680 us/op

OverheadJitting  2: 16 op, 479381.00 ns, 29.9613 us/op
WorkloadJitting  2: 16 op, 488438.00 ns, 30.5274 us/op

WorkloadPilot    1: 16 op, 1914.00 ns, 119.6250 ns/op
WorkloadPilot    2: 32 op, 2284.00 ns, 71.3750 ns/op
WorkloadPilot    3: 64 op, 2434.00 ns, 38.0313 ns/op
WorkloadPilot    4: 128 op, 2885.00 ns, 22.5391 ns/op
WorkloadPilot    5: 256 op, 19746.00 ns, 77.1328 ns/op
WorkloadPilot    6: 512 op, 12853.00 ns, 25.1035 ns/op
WorkloadPilot    7: 1024 op, 35556.00 ns, 34.7227 ns/op
WorkloadPilot    8: 2048 op, 61955.00 ns, 30.2515 ns/op
WorkloadPilot    9: 4096 op, 107690.00 ns, 26.2915 ns/op
WorkloadPilot   10: 8192 op, 200903.00 ns, 24.5243 ns/op
WorkloadPilot   11: 16384 op, 255986.00 ns, 15.6241 ns/op
WorkloadPilot   12: 32768 op, 674925.00 ns, 20.5971 ns/op
WorkloadPilot   13: 65536 op, 1313702.00 ns, 20.0455 ns/op
WorkloadPilot   14: 131072 op, 2654135.00 ns, 20.2494 ns/op
WorkloadPilot   15: 262144 op, 5294874.00 ns, 20.1983 ns/op
WorkloadPilot   16: 524288 op, 10609705.00 ns, 20.2364 ns/op
WorkloadPilot   17: 1048576 op, 17777040.00 ns, 16.9535 ns/op
WorkloadPilot   18: 2097152 op, 30525345.00 ns, 14.5556 ns/op
WorkloadPilot   19: 4194304 op, 69443118.00 ns, 16.5565 ns/op
WorkloadPilot   20: 8388608 op, 152257596.00 ns, 18.1505 ns/op
WorkloadPilot   21: 16777216 op, 327942116.00 ns, 19.5469 ns/op
WorkloadPilot   22: 33554432 op, 634276038.00 ns, 18.9029 ns/op

OverheadWarmup   1: 33554432 op, 110996013.00 ns, 3.3079 ns/op
OverheadWarmup   2: 33554432 op, 111246609.00 ns, 3.3154 ns/op
OverheadWarmup   3: 33554432 op, 111067866.00 ns, 3.3101 ns/op
OverheadWarmup   4: 33554432 op, 111009578.00 ns, 3.3083 ns/op
OverheadWarmup   5: 33554432 op, 110891698.00 ns, 3.3048 ns/op
OverheadWarmup   6: 33554432 op, 110947072.00 ns, 3.3065 ns/op
OverheadWarmup   7: 33554432 op, 110988018.00 ns, 3.3077 ns/op
OverheadWarmup   8: 33554432 op, 111009337.00 ns, 3.3083 ns/op
OverheadWarmup   9: 33554432 op, 110933957.00 ns, 3.3061 ns/op

OverheadActual   1: 33554432 op, 111083067.00 ns, 3.3105 ns/op
OverheadActual   2: 33554432 op, 110994885.00 ns, 3.3079 ns/op
OverheadActual   3: 33554432 op, 111056519.00 ns, 3.3097 ns/op
OverheadActual   4: 33554432 op, 111334787.00 ns, 3.3180 ns/op
OverheadActual   5: 33554432 op, 110973745.00 ns, 3.3073 ns/op
OverheadActual   6: 33554432 op, 116126986.00 ns, 3.4609 ns/op
OverheadActual   7: 33554432 op, 111530360.00 ns, 3.3239 ns/op
OverheadActual   8: 33554432 op, 110974316.00 ns, 3.3073 ns/op
OverheadActual   9: 33554432 op, 110929182.00 ns, 3.3059 ns/op
OverheadActual  10: 33554432 op, 110950001.00 ns, 3.3066 ns/op
OverheadActual  11: 33554432 op, 111066487.00 ns, 3.3100 ns/op
OverheadActual  12: 33554432 op, 111119386.00 ns, 3.3116 ns/op
OverheadActual  13: 33554432 op, 111035300.00 ns, 3.3091 ns/op
OverheadActual  14: 33554432 op, 110885811.00 ns, 3.3047 ns/op
OverheadActual  15: 33554432 op, 110937999.00 ns, 3.3062 ns/op

WorkloadWarmup   1: 33554432 op, 592712907.00 ns, 17.6642 ns/op
WorkloadWarmup   2: 33554432 op, 559486131.00 ns, 16.6740 ns/op
WorkloadWarmup   3: 33554432 op, 563880751.00 ns, 16.8050 ns/op

// BeforeActualRun
WorkloadActual   1: 33554432 op, 610049449.00 ns, 18.1809 ns/op
WorkloadActual   2: 33554432 op, 498093467.00 ns, 14.8443 ns/op
WorkloadActual   3: 33554432 op, 611167789.00 ns, 18.2142 ns/op

// AfterActualRun
WorkloadResult   1: 33554432 op, 499014149.00 ns, 14.8718 ns/op
WorkloadResult   2: 33554432 op, 387058167.00 ns, 11.5352 ns/op
WorkloadResult   3: 33554432 op, 500132489.00 ns, 14.9051 ns/op
// GC:  48 0 0 805306368 33554432
// Threading:  0 0 33554432

// AfterAll
// Benchmark Process 3389 has exited with code 0.

Mean = 13.771 ns, StdErr = 1.118 ns (8.12%), N = 3, StdDev = 1.936 ns
Min = 11.535 ns, Q1 = 13.204 ns, Median = 14.872 ns, Q3 = 14.888 ns, Max = 14.905 ns
IQR = 1.685 ns, LowerFence = 10.676 ns, UpperFence = 17.416 ns
ConfidenceInterval = [-21.550 ns; 49.091 ns] (CI 99.9%), Margin = 35.321 ns (256.49% of Mean)
Skewness = -0.38, Kurtosis = 0.67, MValue = 2

// ** Remained 2 (50.0 %) benchmark(s) to run. Estimated finish 2026-09-24 9:34 (0h 0m from now) **
// **************************
// Benchmark: PositionBenchmarks.FromBytes: ShortRun(IterationCount=3, LaunchCount=1, WarmupCount=3)
// *** Execute ***
// Launch: 1 / 1
// Execute: dotnet Encina.Cdc.MongoDb.Benchmarks-ShortRun-1.dll --anonymousPipes 152 153 --benchmarkName Encina.Cdc.MongoDb.Benchmarks.Benchmarks.PositionBenchmarks.FromBytes --job ShortRun --benchmarkId 2 in /home/runner/work/Encina/Encina/tests/Encina.BenchmarkTests/Encina.Cdc.MongoDb.Benchmarks/bin/Release/net10.0/Encina.Cdc.MongoDb.Benchmarks-ShortRun-1/bin/Release/net10.0
// Failed to set up high priority (Permission denied). In order to run benchmarks with high priority, make sure you have the right permissions.
// BeforeAnythingElse

// Benchmark Process Environment Information:
// BenchmarkDotNet v0.15.8
// Runtime=.NET 10.0.12 (10.0.12, 10.0.1226.42308), X64 RyuJIT x86-64-v3
// GC=Concurrent Workstation
// HardwareIntrinsics=AVX2+BMI1+BMI2+F16C+FMA+LZCNT+MOVBE,AVX,SSE3+SSSE3+SSE4.1+SSE4.2+POPCNT,X86Base+SSE+SSE2,AES+PCLMUL VectorSize=256
// Job: ShortRun(IterationCount=3, LaunchCount=1, WarmupCount=3)

OverheadJitting  1: 1 op, 219578.00 ns, 219.5780 us/op
WorkloadJitting  1: 1 op, 20921749.00 ns, 20.9217 ms/op

OverheadJitting  2: 16 op, 450468.00 ns, 28.1543 us/op
WorkloadJitting  2: 16 op, 536618.00 ns, 33.5386 us/op

WorkloadPilot    1: 16 op, 86230.00 ns, 5.3894 us/op
WorkloadPilot    2: 32 op, 95247.00 ns, 2.9765 us/op
WorkloadPilot    3: 64 op, 111607.00 ns, 1.7439 us/op
WorkloadPilot    4: 128 op, 183851.00 ns, 1.4363 us/op
WorkloadPilot    5: 256 op, 331627.00 ns, 1.2954 us/op
WorkloadPilot    6: 512 op, 478399.00 ns, 934.3730 ns/op
WorkloadPilot    7: 1024 op, 1085849.00 ns, 1.0604 us/op
WorkloadPilot    8: 2048 op, 2156900.00 ns, 1.0532 us/op
WorkloadPilot    9: 4096 op, 4262926.00 ns, 1.0408 us/op
WorkloadPilot   10: 8192 op, 8446764.00 ns, 1.0311 us/op
WorkloadPilot   11: 16384 op, 16669522.00 ns, 1.0174 us/op
WorkloadPilot   12: 32768 op, 22649541.00 ns, 691.2091 ns/op
WorkloadPilot   13: 65536 op, 41425399.00 ns, 632.1014 ns/op
WorkloadPilot   14: 131072 op, 80443362.00 ns, 613.7341 ns/op
WorkloadPilot   15: 262144 op, 155190764.00 ns, 592.0058 ns/op
WorkloadPilot   16: 524288 op, 311490751.00 ns, 594.1215 ns/op
WorkloadPilot   17: 1048576 op, 643047841.00 ns, 613.2582 ns/op

OverheadWarmup   1: 1048576 op, 3498755.00 ns, 3.3367 ns/op
OverheadWarmup   2: 1048576 op, 3569636.00 ns, 3.4043 ns/op
OverheadWarmup   3: 1048576 op, 3538278.00 ns, 3.3744 ns/op
OverheadWarmup   4: 1048576 op, 3505257.00 ns, 3.3429 ns/op
OverheadWarmup   5: 1048576 op, 3504346.00 ns, 3.3420 ns/op
OverheadWarmup   6: 1048576 op, 3489147.00 ns, 3.3275 ns/op
OverheadWarmup   7: 1048576 op, 3493436.00 ns, 3.3316 ns/op
OverheadWarmup   8: 1048576 op, 3481463.00 ns, 3.3202 ns/op

OverheadActual   1: 1048576 op, 3495539.00 ns, 3.3336 ns/op
OverheadActual   2: 1048576 op, 3492944.00 ns, 3.3311 ns/op
OverheadActual   3: 1048576 op, 3491952.00 ns, 3.3302 ns/op
OverheadActual   4: 1048576 op, 3525284.00 ns, 3.3620 ns/op
OverheadActual   5: 1048576 op, 3506108.00 ns, 3.3437 ns/op
OverheadActual   6: 1048576 op, 3520636.00 ns, 3.3575 ns/op
OverheadActual   7: 1048576 op, 3525014.00 ns, 3.3617 ns/op
OverheadActual   8: 1048576 op, 3501840.00 ns, 3.3396 ns/op
OverheadActual   9: 1048576 op, 3539851.00 ns, 3.3759 ns/op
OverheadActual  10: 1048576 op, 3497693.00 ns, 3.3357 ns/op
OverheadActual  11: 1048576 op, 3492373.00 ns, 3.3306 ns/op
OverheadActual  12: 1048576 op, 3490370.00 ns, 3.3287 ns/op
OverheadActual  13: 1048576 op, 3491401.00 ns, 3.3297 ns/op
OverheadActual  14: 1048576 op, 3490400.00 ns, 3.3287 ns/op
OverheadActual  15: 1048576 op, 3491992.00 ns, 3.3302 ns/op

WorkloadWarmup   1: 1048576 op, 627715474.00 ns, 598.6361 ns/op
WorkloadWarmup   2: 1048576 op, 628882047.00 ns, 599.7487 ns/op
WorkloadWarmup   3: 1048576 op, 617049912.00 ns, 588.4647 ns/op

// BeforeActualRun
WorkloadActual   1: 1048576 op, 619322803.00 ns, 590.6323 ns/op
WorkloadActual   2: 1048576 op, 623396718.00 ns, 594.5174 ns/op
WorkloadActual   3: 1048576 op, 617971514.00 ns, 589.3436 ns/op

// AfterActualRun
WorkloadResult   1: 1048576 op, 615827264.00 ns, 587.2986 ns/op
WorkloadResult   2: 1048576 op, 619901179.00 ns, 591.1838 ns/op
WorkloadResult   3: 1048576 op, 614475975.00 ns, 586.0100 ns/op
// GC:  64 0 0 1073741824 1048576
// Threading:  0 0 1048576

// AfterAll
// Benchmark Process 3396 has exited with code 0.

Mean = 588.164 ns, StdErr = 1.555 ns (0.26%), N = 3, StdDev = 2.693 ns
Min = 586.010 ns, Q1 = 586.654 ns, Median = 587.299 ns, Q3 = 589.241 ns, Max = 591.184 ns
IQR = 2.587 ns, LowerFence = 582.774 ns, UpperFence = 593.122 ns
ConfidenceInterval = [539.028 ns; 637.301 ns] (CI 99.9%), Margin = 49.137 ns (8.35% of Mean)
Skewness = 0.29, Kurtosis = 0.67, MValue = 2

// ** Remained 1 (25.0 %) benchmark(s) to run. Estimated finish 2026-09-24 9:34 (0h 0m from now) **
// **************************
// Benchmark: PositionBenchmarks.ToBytes: ShortRun(IterationCount=3, LaunchCount=1, WarmupCount=3)
// *** Execute ***
// Launch: 1 / 1
// Execute: dotnet Encina.Cdc.MongoDb.Benchmarks-ShortRun-1.dll --anonymousPipes 152 153 --benchmarkName Encina.Cdc.MongoDb.Benchmarks.Benchmarks.PositionBenchmarks.ToBytes --job ShortRun --benchmarkId 3 in /home/runner/work/Encina/Encina/tests/Encina.BenchmarkTests/Encina.Cdc.MongoDb.Benchmarks/bin/Release/net10.0/Encina.Cdc.MongoDb.Benchmarks-ShortRun-1/bin/Release/net10.0
// Failed to set up high priority (Permission denied). In order to run benchmarks with high priority, make sure you have the right permissions.
// BeforeAnythingElse

// Benchmark Process Environment Information:
// BenchmarkDotNet v0.15.8
// Runtime=.NET 10.0.12 (10.0.12, 10.0.1226.42308), X64 RyuJIT x86-64-v3
// GC=Concurrent Workstation
// HardwareIntrinsics=AVX2+BMI1+BMI2+F16C+FMA+LZCNT+MOVBE,AVX,SSE3+SSSE3+SSE4.1+SSE4.2+POPCNT,X86Base+SSE+SSE2,AES+PCLMUL VectorSize=256
// Job: ShortRun(IterationCount=3, LaunchCount=1, WarmupCount=3)

OverheadJitting  1: 1 op, 208086.00 ns, 208.0860 us/op
WorkloadJitting  1: 1 op, 317009.00 ns, 317.0090 us/op

OverheadJitting  2: 16 op, 411344.00 ns, 25.7090 us/op
WorkloadJitting  2: 16 op, 449986.00 ns, 28.1241 us/op

WorkloadPilot    1: 16 op, 46776.00 ns, 2.9235 us/op
WorkloadPilot    2: 32 op, 84337.00 ns, 2.6355 us/op
WorkloadPilot    3: 64 op, 86571.00 ns, 1.3527 us/op
WorkloadPilot    4: 128 op, 158284.00 ns, 1.2366 us/op
WorkloadPilot    5: 256 op, 296110.00 ns, 1.1567 us/op
WorkloadPilot    6: 512 op, 475323.00 ns, 928.3652 ns/op
WorkloadPilot    7: 1024 op, 1051092.00 ns, 1.0265 us/op
WorkloadPilot    8: 2048 op, 2008800.00 ns, 980.8594 ns/op
WorkloadPilot    9: 4096 op, 4081560.00 ns, 996.4746 ns/op
WorkloadPilot   10: 8192 op, 8289224.00 ns, 1.0119 us/op
WorkloadPilot   11: 16384 op, 16045257.00 ns, 979.3248 ns/op
WorkloadPilot   12: 32768 op, 19134423.00 ns, 583.9362 ns/op
WorkloadPilot   13: 65536 op, 40046056.00 ns, 611.0543 ns/op
WorkloadPilot   14: 131072 op, 74862717.00 ns, 571.1572 ns/op
WorkloadPilot   15: 262144 op, 150035195.00 ns, 572.3388 ns/op
WorkloadPilot   16: 524288 op, 298853097.00 ns, 570.0170 ns/op
WorkloadPilot   17: 1048576 op, 598996713.00 ns, 571.2478 ns/op

OverheadWarmup   1: 1048576 op, 3503644.00 ns, 3.3413 ns/op
OverheadWarmup   2: 1048576 op, 3501740.00 ns, 3.3395 ns/op
OverheadWarmup   3: 1048576 op, 3498364.00 ns, 3.3363 ns/op
OverheadWarmup   4: 1048576 op, 3479829.00 ns, 3.3186 ns/op
OverheadWarmup   5: 1048576 op, 3482755.00 ns, 3.3214 ns/op
OverheadWarmup   6: 1048576 op, 3478086.00 ns, 3.3170 ns/op
OverheadWarmup   7: 1048576 op, 3494758.00 ns, 3.3329 ns/op
OverheadWarmup   8: 1048576 op, 3610903.00 ns, 3.4436 ns/op
OverheadWarmup   9: 1048576 op, 3489288.00 ns, 3.3276 ns/op

OverheadActual   1: 1048576 op, 3501931.00 ns, 3.3397 ns/op
OverheadActual   2: 1048576 op, 3472666.00 ns, 3.3118 ns/op
OverheadActual   3: 1048576 op, 3489768.00 ns, 3.3281 ns/op
OverheadActual   4: 1048576 op, 3475712.00 ns, 3.3147 ns/op
OverheadActual   5: 1048576 op, 3488105.00 ns, 3.3265 ns/op
OverheadActual   6: 1048576 op, 3468869.00 ns, 3.3082 ns/op
OverheadActual   7: 1048576 op, 3494546.00 ns, 3.3327 ns/op
OverheadActual   8: 1048576 op, 3480221.00 ns, 3.3190 ns/op
OverheadActual   9: 1048576 op, 3479379.00 ns, 3.3182 ns/op
OverheadActual  10: 1048576 op, 3492623.00 ns, 3.3308 ns/op
OverheadActual  11: 1048576 op, 3482625.00 ns, 3.3213 ns/op
OverheadActual  12: 1048576 op, 3480621.00 ns, 3.3194 ns/op
OverheadActual  13: 1048576 op, 3485741.00 ns, 3.3243 ns/op
OverheadActual  14: 1048576 op, 3485851.00 ns, 3.3244 ns/op
OverheadActual  15: 1048576 op, 3497082.00 ns, 3.3351 ns/op

WorkloadWarmup   1: 1048576 op, 602812998.00 ns, 574.8873 ns/op
WorkloadWarmup   2: 1048576 op, 601196542.00 ns, 573.3457 ns/op
WorkloadWarmup   3: 1048576 op, 601258387.00 ns, 573.4047 ns/op

// BeforeActualRun
WorkloadActual   1: 1048576 op, 600258929.00 ns, 572.4515 ns/op
WorkloadActual   2: 1048576 op, 598429982.00 ns, 570.7073 ns/op
WorkloadActual   3: 1048576 op, 597765138.00 ns, 570.0733 ns/op

// AfterActualRun
WorkloadResult   1: 1048576 op, 596773188.00 ns, 569.1273 ns/op
WorkloadResult   2: 1048576 op, 594944241.00 ns, 567.3830 ns/op
WorkloadResult   3: 1048576 op, 594279397.00 ns, 566.7490 ns/op
// GC:  63 0 0 1056964608 1048576
// Threading:  0 0 1048576

// AfterAll
// Benchmark Process 3402 has exited with code 0.

Mean = 567.753 ns, StdErr = 0.711 ns (0.13%), N = 3, StdDev = 1.232 ns
Min = 566.749 ns, Q1 = 567.066 ns, Median = 567.383 ns, Q3 = 568.255 ns, Max = 569.127 ns
IQR = 1.189 ns, LowerFence = 565.282 ns, UpperFence = 570.039 ns
ConfidenceInterval = [545.285 ns; 590.221 ns] (CI 99.9%), Margin = 22.468 ns (3.96% of Mean)
Skewness = 0.27, Kurtosis = 0.67, MValue = 2

// ** Remained 0 (0.0 %) benchmark(s) to run. Estimated finish 2026-09-24 9:34 (0h 0m from now) **
// ***** BenchmarkRunner: Finish  *****

// * Export *
  artifacts/performance/CdcMongoDb/results/Encina.Cdc.MongoDb.Benchmarks.Benchmarks.PositionBenchmarks-report.csv
  artifacts/performance/CdcMongoDb/results/Encina.Cdc.MongoDb.Benchmarks.Benchmarks.PositionBenchmarks-report-github.md
  artifacts/performance/CdcMongoDb/results/Encina.Cdc.MongoDb.Benchmarks.Benchmarks.PositionBenchmarks-report.html
  artifacts/performance/CdcMongoDb/results/Encina.Cdc.MongoDb.Benchmarks.Benchmarks.PositionBenchmarks-report-full-compressed.json

// * Detailed results *
PositionBenchmarks.ComparePositions: ShortRun(IterationCount=3, LaunchCount=1, WarmupCount=3)
Runtime = .NET 10.0.12 (10.0.12, 10.0.1226.42308), X64 RyuJIT x86-64-v3; GC = Concurrent Workstation
Mean = 130.765 ns, StdErr = 0.343 ns (0.26%), N = 3, StdDev = 0.594 ns
Min = 130.411 ns, Q1 = 130.423 ns, Median = 130.435 ns, Q3 = 130.943 ns, Max = 131.451 ns
IQR = 0.520 ns, LowerFence = 129.642 ns, UpperFence = 131.723 ns
ConfidenceInterval = [119.932 ns; 141.599 ns] (CI 99.9%), Margin = 10.833 ns (8.28% of Mean)
Skewness = 0.38, Kurtosis = 0.67, MValue = 2
-------------------- Histogram --------------------
[130.390 ns ; 131.471 ns) | @@@
---------------------------------------------------

PositionBenchmarks.CreatePosition: ShortRun(IterationCount=3, LaunchCount=1, WarmupCount=3)
Runtime = .NET 10.0.12 (10.0.12, 10.0.1226.42308), X64 RyuJIT x86-64-v3; GC = Concurrent Workstation
Mean = 13.771 ns, StdErr = 1.118 ns (8.12%), N = 3, StdDev = 1.936 ns
Min = 11.535 ns, Q1 = 13.204 ns, Median = 14.872 ns, Q3 = 14.888 ns, Max = 14.905 ns
IQR = 1.685 ns, LowerFence = 10.676 ns, UpperFence = 17.416 ns
ConfidenceInterval = [-21.550 ns; 49.091 ns] (CI 99.9%), Margin = 35.321 ns (256.49% of Mean)
Skewness = -0.38, Kurtosis = 0.67, MValue = 2
-------------------- Histogram --------------------
[11.458 ns ; 14.982 ns) | @@@
---------------------------------------------------

PositionBenchmarks.FromBytes: ShortRun(IterationCount=3, LaunchCount=1, WarmupCount=3)
Runtime = .NET 10.0.12 (10.0.12, 10.0.1226.42308), X64 RyuJIT x86-64-v3; GC = Concurrent Workstation
Mean = 588.164 ns, StdErr = 1.555 ns (0.26%), N = 3, StdDev = 2.693 ns
Min = 586.010 ns, Q1 = 586.654 ns, Median = 587.299 ns, Q3 = 589.241 ns, Max = 591.184 ns
IQR = 2.587 ns, LowerFence = 582.774 ns, UpperFence = 593.122 ns
ConfidenceInterval = [539.028 ns; 637.301 ns] (CI 99.9%), Margin = 49.137 ns (8.35% of Mean)
Skewness = 0.29, Kurtosis = 0.67, MValue = 2
-------------------- Histogram --------------------
[583.559 ns ; 593.635 ns) | @@@
---------------------------------------------------

PositionBenchmarks.ToBytes: ShortRun(IterationCount=3, LaunchCount=1, WarmupCount=3)
Runtime = .NET 10.0.12 (10.0.12, 10.0.1226.42308), X64 RyuJIT x86-64-v3; GC = Concurrent Workstation
Mean = 567.753 ns, StdErr = 0.711 ns (0.13%), N = 3, StdDev = 1.232 ns
Min = 566.749 ns, Q1 = 567.066 ns, Median = 567.383 ns, Q3 = 568.255 ns, Max = 569.127 ns
IQR = 1.189 ns, LowerFence = 565.282 ns, UpperFence = 570.039 ns
ConfidenceInterval = [545.285 ns; 590.221 ns] (CI 99.9%), Margin = 22.468 ns (3.96% of Mean)
Skewness = 0.27, Kurtosis = 0.67, MValue = 2
-------------------- Histogram --------------------
[565.628 ns ; 570.248 ns) | @@@
---------------------------------------------------

// * Summary *

BenchmarkDotNet v0.15.8, Linux Ubuntu 24.04.5 LTS (Noble Numbat)
AMD EPYC 7763 2.45GHz, 1 CPU, 4 logical and 2 physical cores
.NET SDK 10.0.401
  [Host]   : .NET 10.0.12 (10.0.12, 10.0.1226.42308), X64 RyuJIT x86-64-v3
  ShortRun : .NET 10.0.12 (10.0.12, 10.0.1226.42308), X64 RyuJIT x86-64-v3

Job=ShortRun  IterationCount=3  LaunchCount=1  
WarmupCount=3  

| Method           | Mean      | Error    | StdDev   | Ratio | RatioSD | Gen0   | Allocated | Alloc Ratio |
|----------------- |----------:|---------:|---------:|------:|--------:|-------:|----------:|------------:|
| ComparePositions | 130.77 ns | 10.83 ns | 0.594 ns |  9.63 |    1.28 | 0.0057 |      96 B |        4.00 |
| CreatePosition   |  13.77 ns | 35.32 ns | 1.936 ns |  1.01 |    0.18 | 0.0014 |      24 B |        1.00 |
| FromBytes        | 588.16 ns | 49.14 ns | 2.693 ns | 43.33 |    5.74 | 0.0610 |    1024 B |       42.67 |
| ToBytes          | 567.75 ns | 22.47 ns | 1.232 ns | 41.83 |    5.54 | 0.0601 |    1008 B |       42.00 |
// * Config Issues *

// * Warnings *
Configuration
  Summary -> The exporter CsvExporter is already present in configuration. There may be unexpected results.
  Summary -> The exporter HtmlExporter is already present in configuration. There may be unexpected results.
  Summary -> The exporter MarkdownExporter-github is already present in configuration. There may be unexpected results.

// * Legends *
  Mean        : Arithmetic mean of all measurements
  Error       : Half of 99.9% confidence interval
  StdDev      : Standard deviation of all measurements
  Ratio       : Mean of the ratio distribution ([Current]/[Baseline])
  RatioSD     : Standard deviation of the ratio distribution ([Current]/[Baseline])
  Gen0        : GC Generation 0 collects per 1000 operations
  Allocated   : Allocated memory per single operation (managed only, inclusive, 1KB = 1024B)
  Alloc Ratio : Allocated memory ratio distribution ([Current]/[Baseline])
  1 ns        : 1 Nanosecond (0.000000001 sec)

// * Diagnostic Output - MemoryDiagnoser *


// ***** BenchmarkRunner: End *****
Run time: 00:00:25 (25.78 sec), executed benchmarks: 4

Global total time: 00:01:25 (85.69 sec), executed benchmarks: 4
// * Artifacts cleanup *
Artifacts cleanup is finished
