// Validating benchmarks:
// ***** BenchmarkRunner: Start   *****
// ***** Found 7 benchmark(s) in total *****
// ***** Building 1 exe(s) in Parallel: Start   *****
// start dotnet  restore --nodeReuse:false /p:UseSharedCompilation=false /p:Deterministic=true /p:Optimize=true /p:ArtifactsPath="/home/runner/work/Encina/Encina/tests/Encina.BenchmarkTests/Encina.Benchmarks/bin/Release/net10.0/Encina.Benchmarks-ShortRun-1/" /p:OutDir="/home/runner/work/Encina/Encina/tests/Encina.BenchmarkTests/Encina.Benchmarks/bin/Release/net10.0/Encina.Benchmarks-ShortRun-1/bin/Release/net10.0/" /p:OutputPath="/home/runner/work/Encina/Encina/tests/Encina.BenchmarkTests/Encina.Benchmarks/bin/Release/net10.0/Encina.Benchmarks-ShortRun-1/bin/Release/net10.0/" /p:PublishDir="/home/runner/work/Encina/Encina/tests/Encina.BenchmarkTests/Encina.Benchmarks/bin/Release/net10.0/Encina.Benchmarks-ShortRun-1/publish/" in /home/runner/work/Encina/Encina/tests/Encina.BenchmarkTests/Encina.Benchmarks/bin/Release/net10.0/Encina.Benchmarks-ShortRun-1
// command took 2.46 sec and exited with 0
// start dotnet  build -c Release --no-restore --nodeReuse:false /p:UseSharedCompilation=false /p:Deterministic=true /p:Optimize=true /p:ArtifactsPath="/home/runner/work/Encina/Encina/tests/Encina.BenchmarkTests/Encina.Benchmarks/bin/Release/net10.0/Encina.Benchmarks-ShortRun-1/" /p:OutDir="/home/runner/work/Encina/Encina/tests/Encina.BenchmarkTests/Encina.Benchmarks/bin/Release/net10.0/Encina.Benchmarks-ShortRun-1/bin/Release/net10.0/" /p:OutputPath="/home/runner/work/Encina/Encina/tests/Encina.BenchmarkTests/Encina.Benchmarks/bin/Release/net10.0/Encina.Benchmarks-ShortRun-1/bin/Release/net10.0/" /p:PublishDir="/home/runner/work/Encina/Encina/tests/Encina.BenchmarkTests/Encina.Benchmarks/bin/Release/net10.0/Encina.Benchmarks-ShortRun-1/publish/" --output "/home/runner/work/Encina/Encina/tests/Encina.BenchmarkTests/Encina.Benchmarks/bin/Release/net10.0/Encina.Benchmarks-ShortRun-1/bin/Release/net10.0/" in /home/runner/work/Encina/Encina/tests/Encina.BenchmarkTests/Encina.Benchmarks/bin/Release/net10.0/Encina.Benchmarks-ShortRun-1
// command took 136.44 sec and exited with 0
// ***** Done, took 00:02:19 (139.11 sec)   *****
// Found 7 benchmarks:
//   CacheOptimizationBenchmarks.Cache_TryGetValue_ThenGetOrAdd: ShortRun(IterationCount=3, LaunchCount=1, WarmupCount=3)
//   CacheOptimizationBenchmarks.TypeCheck_Cached: ShortRun(IterationCount=3, LaunchCount=1, WarmupCount=3)
//   CacheOptimizationBenchmarks.TypeCheck_Direct: ShortRun(IterationCount=3, LaunchCount=1, WarmupCount=3)
//   CacheOptimizationBenchmarks.Send_Command_CacheHit: ShortRun(IterationCount=3, LaunchCount=1, WarmupCount=3)
//   CacheOptimizationBenchmarks.Cache_GetOrAdd_Direct: ShortRun(IterationCount=3, LaunchCount=1, WarmupCount=3)
//   CacheOptimizationBenchmarks.Publish_Notification_CacheHit: ShortRun(IterationCount=3, LaunchCount=1, WarmupCount=3)
//   CacheOptimizationBenchmarks.Send_Query_CacheHit: ShortRun(IterationCount=3, LaunchCount=1, WarmupCount=3)

// **************************
// Benchmark: CacheOptimizationBenchmarks.Cache_TryGetValue_ThenGetOrAdd: ShortRun(IterationCount=3, LaunchCount=1, WarmupCount=3)
// *** Execute ***
// Launch: 1 / 1
// Execute: dotnet Encina.Benchmarks-ShortRun-1.dll --anonymousPipes 225 226 --benchmarkName Encina.Benchmarks.CacheOptimizationBenchmarks.Cache_TryGetValue_ThenGetOrAdd --job ShortRun --benchmarkId 0 in /home/runner/work/Encina/Encina/tests/Encina.BenchmarkTests/Encina.Benchmarks/bin/Release/net10.0/Encina.Benchmarks-ShortRun-1/bin/Release/net10.0
// Failed to set up high priority (Permission denied). In order to run benchmarks with high priority, make sure you have the right permissions.
// BeforeAnythingElse

// Benchmark Process Environment Information:
// BenchmarkDotNet v0.15.8
// Runtime=.NET 10.0.12 (10.0.12, 10.0.1226.42308), X64 RyuJIT x86-64-v4
// GC=Concurrent Workstation
// HardwareIntrinsics=AVX10v1,AVX512 BF16+FP16,AVX512 BITALG+VBMI2+VNNI+VPOPCNTDQ,AVX512 IFMA+VBMI,AVX512 F+BW+CD+DQ+VL,AVX2+BMI1+BMI2+F16C+FMA+LZCNT+MOVBE,AVX,SSE3+SSSE3+SSE4.1+SSE4.2+POPCNT,X86Base+SSE+SSE2,AES+PCLMUL,AvxVnni,SERIALIZE VectorSize=256
// Job: ShortRun(IterationCount=3, LaunchCount=1, WarmupCount=3)

OverheadJitting  1: 1 op, 184653.00 ns, 184.6530 us/op
WorkloadJitting  1: 1 op, 491950.00 ns, 491.9500 us/op

OverheadJitting  2: 16 op, 355025.00 ns, 22.1891 us/op
WorkloadJitting  2: 16 op, 323895.00 ns, 20.2434 us/op

WorkloadPilot    1: 16 op, 3943.00 ns, 246.4375 ns/op
WorkloadPilot    2: 32 op, 4040.00 ns, 126.2500 ns/op
WorkloadPilot    3: 64 op, 3352.00 ns, 52.3750 ns/op
WorkloadPilot    4: 128 op, 5112.00 ns, 39.9375 ns/op
WorkloadPilot    5: 256 op, 9054.00 ns, 35.3672 ns/op
WorkloadPilot    6: 512 op, 19984.00 ns, 39.0313 ns/op
WorkloadPilot    7: 1024 op, 50620.00 ns, 49.4336 ns/op
WorkloadPilot    8: 2048 op, 65069.00 ns, 31.7720 ns/op
WorkloadPilot    9: 4096 op, 139485.00 ns, 34.0540 ns/op
WorkloadPilot   10: 8192 op, 276130.00 ns, 33.7073 ns/op
WorkloadPilot   11: 16384 op, 538585.00 ns, 32.8726 ns/op
WorkloadPilot   12: 32768 op, 1148048.00 ns, 35.0356 ns/op
WorkloadPilot   13: 65536 op, 2257288.00 ns, 34.4435 ns/op
WorkloadPilot   14: 131072 op, 4572395.00 ns, 34.8846 ns/op
WorkloadPilot   15: 262144 op, 9290669.00 ns, 35.4411 ns/op
WorkloadPilot   16: 524288 op, 18266317.00 ns, 34.8402 ns/op
WorkloadPilot   17: 1048576 op, 40130141.00 ns, 38.2711 ns/op
WorkloadPilot   18: 2097152 op, 85239106.00 ns, 40.6452 ns/op
WorkloadPilot   19: 4194304 op, 150304441.00 ns, 35.8354 ns/op
WorkloadPilot   20: 8388608 op, 284044610.00 ns, 33.8608 ns/op
WorkloadPilot   21: 16777216 op, 543195509.00 ns, 32.3770 ns/op

OverheadWarmup   1: 16777216 op, 39269984.00 ns, 2.3407 ns/op
OverheadWarmup   2: 16777216 op, 39289123.00 ns, 2.3418 ns/op
OverheadWarmup   3: 16777216 op, 39291305.00 ns, 2.3419 ns/op
OverheadWarmup   4: 16777216 op, 39236413.00 ns, 2.3387 ns/op
OverheadWarmup   5: 16777216 op, 39278891.00 ns, 2.3412 ns/op
OverheadWarmup   6: 16777216 op, 39310505.00 ns, 2.3431 ns/op
OverheadWarmup   7: 16777216 op, 39283095.00 ns, 2.3415 ns/op

OverheadActual   1: 16777216 op, 39380573.00 ns, 2.3473 ns/op
OverheadActual   2: 16777216 op, 39331950.00 ns, 2.3444 ns/op
OverheadActual   3: 16777216 op, 39370121.00 ns, 2.3466 ns/op
OverheadActual   4: 16777216 op, 39527907.00 ns, 2.3560 ns/op
OverheadActual   5: 16777216 op, 39309484.00 ns, 2.3430 ns/op
OverheadActual   6: 16777216 op, 39504639.00 ns, 2.3547 ns/op
OverheadActual   7: 16777216 op, 39365537.00 ns, 2.3464 ns/op
OverheadActual   8: 16777216 op, 39185134.00 ns, 2.3356 ns/op
OverheadActual   9: 16777216 op, 39209892.00 ns, 2.3371 ns/op
OverheadActual  10: 16777216 op, 39407520.00 ns, 2.3489 ns/op
OverheadActual  11: 16777216 op, 39358382.00 ns, 2.3459 ns/op
OverheadActual  12: 16777216 op, 39300029.00 ns, 2.3425 ns/op
OverheadActual  13: 16777216 op, 39263754.00 ns, 2.3403 ns/op
OverheadActual  14: 16777216 op, 39295660.00 ns, 2.3422 ns/op
OverheadActual  15: 16777216 op, 39476959.00 ns, 2.3530 ns/op

WorkloadWarmup   1: 16777216 op, 518783739.00 ns, 30.9219 ns/op
WorkloadWarmup   2: 16777216 op, 522949151.00 ns, 31.1702 ns/op
WorkloadWarmup   3: 16777216 op, 593087613.00 ns, 35.3508 ns/op

// BeforeActualRun
WorkloadActual   1: 16777216 op, 532626764.00 ns, 31.7470 ns/op
WorkloadActual   2: 16777216 op, 520051052.00 ns, 30.9975 ns/op
WorkloadActual   3: 16777216 op, 525550766.00 ns, 31.3253 ns/op

// AfterActualRun
WorkloadResult   1: 16777216 op, 493268382.00 ns, 29.4011 ns/op
WorkloadResult   2: 16777216 op, 480692670.00 ns, 28.6515 ns/op
WorkloadResult   3: 16777216 op, 486192384.00 ns, 28.9793 ns/op
// GC:  0 0 0 0 16777216
// Threading:  0 0 16777216

// AfterAll
// Benchmark Process 3665 has exited with code 0.

Mean = 29.011 ns, StdErr = 0.217 ns (0.75%), N = 3, StdDev = 0.376 ns
Min = 28.652 ns, Q1 = 28.815 ns, Median = 28.979 ns, Q3 = 29.190 ns, Max = 29.401 ns
IQR = 0.375 ns, LowerFence = 28.253 ns, UpperFence = 29.752 ns
ConfidenceInterval = [22.155 ns; 35.866 ns] (CI 99.9%), Margin = 6.855 ns (23.63% of Mean)
Skewness = 0.08, Kurtosis = 0.67, MValue = 2

// ** Remained 6 (85.7 %) benchmark(s) to run. Estimated finish 2026-10-03 10:24 (0h 0m from now) **
// **************************
// Benchmark: CacheOptimizationBenchmarks.TypeCheck_Cached: ShortRun(IterationCount=3, LaunchCount=1, WarmupCount=3)
// *** Execute ***
// Launch: 1 / 1
// Execute: dotnet Encina.Benchmarks-ShortRun-1.dll --anonymousPipes 225 226 --benchmarkName Encina.Benchmarks.CacheOptimizationBenchmarks.TypeCheck_Cached --job ShortRun --benchmarkId 1 in /home/runner/work/Encina/Encina/tests/Encina.BenchmarkTests/Encina.Benchmarks/bin/Release/net10.0/Encina.Benchmarks-ShortRun-1/bin/Release/net10.0
// Failed to set up high priority (Permission denied). In order to run benchmarks with high priority, make sure you have the right permissions.
// BeforeAnythingElse

// Benchmark Process Environment Information:
// BenchmarkDotNet v0.15.8
// Runtime=.NET 10.0.12 (10.0.12, 10.0.1226.42308), X64 RyuJIT x86-64-v4
// GC=Concurrent Workstation
// HardwareIntrinsics=AVX10v1,AVX512 BF16+FP16,AVX512 BITALG+VBMI2+VNNI+VPOPCNTDQ,AVX512 IFMA+VBMI,AVX512 F+BW+CD+DQ+VL,AVX2+BMI1+BMI2+F16C+FMA+LZCNT+MOVBE,AVX,SSE3+SSSE3+SSE4.1+SSE4.2+POPCNT,X86Base+SSE+SSE2,AES+PCLMUL,AvxVnni,SERIALIZE VectorSize=256
// Job: ShortRun(IterationCount=3, LaunchCount=1, WarmupCount=3)

OverheadJitting  1: 1 op, 182718.00 ns, 182.7180 us/op
WorkloadJitting  1: 1 op, 659569.00 ns, 659.5690 us/op

OverheadJitting  2: 16 op, 349512.00 ns, 21.8445 us/op
WorkloadJitting  2: 16 op, 361145.00 ns, 22.5716 us/op

WorkloadPilot    1: 16 op, 2169.00 ns, 135.5625 ns/op
WorkloadPilot    2: 32 op, 1998.00 ns, 62.4375 ns/op
WorkloadPilot    3: 64 op, 1901.00 ns, 29.7031 ns/op
WorkloadPilot    4: 128 op, 2429.00 ns, 18.9766 ns/op
WorkloadPilot    5: 256 op, 4075.00 ns, 15.9180 ns/op
WorkloadPilot    6: 512 op, 6924.00 ns, 13.5234 ns/op
WorkloadPilot    7: 1024 op, 12702.00 ns, 12.4043 ns/op
WorkloadPilot    8: 2048 op, 35940.00 ns, 17.5488 ns/op
WorkloadPilot    9: 4096 op, 47905.00 ns, 11.6956 ns/op
WorkloadPilot   10: 8192 op, 105818.00 ns, 12.9172 ns/op
WorkloadPilot   11: 16384 op, 189012.00 ns, 11.5364 ns/op
WorkloadPilot   12: 32768 op, 376435.00 ns, 11.4879 ns/op
WorkloadPilot   13: 65536 op, 752811.00 ns, 11.4870 ns/op
WorkloadPilot   14: 131072 op, 1512916.00 ns, 11.5426 ns/op
WorkloadPilot   15: 262144 op, 3035080.00 ns, 11.5779 ns/op
WorkloadPilot   16: 524288 op, 6077076.00 ns, 11.5911 ns/op
WorkloadPilot   17: 1048576 op, 12130141.00 ns, 11.5682 ns/op
WorkloadPilot   18: 2097152 op, 24217237.00 ns, 11.5477 ns/op
WorkloadPilot   19: 4194304 op, 48363118.00 ns, 11.5307 ns/op
WorkloadPilot   20: 8388608 op, 101129668.00 ns, 12.0556 ns/op
WorkloadPilot   21: 16777216 op, 194346331.00 ns, 11.5839 ns/op
WorkloadPilot   22: 33554432 op, 387189619.00 ns, 11.5391 ns/op
WorkloadPilot   23: 67108864 op, 815778157.00 ns, 12.1560 ns/op

OverheadWarmup   1: 67108864 op, 156107304.00 ns, 2.3262 ns/op
OverheadWarmup   2: 67108864 op, 155754852.00 ns, 2.3209 ns/op
OverheadWarmup   3: 67108864 op, 156070773.00 ns, 2.3256 ns/op
OverheadWarmup   4: 67108864 op, 155729386.00 ns, 2.3205 ns/op
OverheadWarmup   5: 67108864 op, 155940736.00 ns, 2.3237 ns/op
OverheadWarmup   6: 67108864 op, 155451542.00 ns, 2.3164 ns/op

OverheadActual   1: 67108864 op, 155828345.00 ns, 2.3220 ns/op
OverheadActual   2: 67108864 op, 159794941.00 ns, 2.3811 ns/op
OverheadActual   3: 67108864 op, 162512410.00 ns, 2.4216 ns/op
OverheadActual   4: 67108864 op, 155792785.00 ns, 2.3215 ns/op
OverheadActual   5: 67108864 op, 156012298.00 ns, 2.3248 ns/op
OverheadActual   6: 67108864 op, 156059935.00 ns, 2.3255 ns/op
OverheadActual   7: 67108864 op, 155933456.00 ns, 2.3236 ns/op
OverheadActual   8: 67108864 op, 155864447.00 ns, 2.3226 ns/op
OverheadActual   9: 67108864 op, 155731316.00 ns, 2.3206 ns/op
OverheadActual  10: 67108864 op, 155426181.00 ns, 2.3160 ns/op
OverheadActual  11: 67108864 op, 156014407.00 ns, 2.3248 ns/op
OverheadActual  12: 67108864 op, 155653189.00 ns, 2.3194 ns/op
OverheadActual  13: 67108864 op, 155743572.00 ns, 2.3208 ns/op
OverheadActual  14: 67108864 op, 161059858.00 ns, 2.4000 ns/op
OverheadActual  15: 67108864 op, 180365828.00 ns, 2.6877 ns/op

WorkloadWarmup   1: 67108864 op, 780333270.00 ns, 11.6279 ns/op
WorkloadWarmup   2: 67108864 op, 773808084.00 ns, 11.5306 ns/op
WorkloadWarmup   3: 67108864 op, 774773672.00 ns, 11.5450 ns/op

// BeforeActualRun
WorkloadActual   1: 67108864 op, 774166992.00 ns, 11.5360 ns/op
WorkloadActual   2: 67108864 op, 774247834.00 ns, 11.5372 ns/op
WorkloadActual   3: 67108864 op, 775099296.00 ns, 11.5499 ns/op

// AfterActualRun
WorkloadResult   1: 67108864 op, 618233536.00 ns, 9.2124 ns/op
WorkloadResult   2: 67108864 op, 618314378.00 ns, 9.2136 ns/op
WorkloadResult   3: 67108864 op, 619165840.00 ns, 9.2263 ns/op
// GC:  0 0 0 0 67108864
// Threading:  0 0 67108864

// AfterAll
// Benchmark Process 3674 has exited with code 0.

Mean = 9.217 ns, StdErr = 0.004 ns (0.05%), N = 3, StdDev = 0.008 ns
Min = 9.212 ns, Q1 = 9.213 ns, Median = 9.214 ns, Q3 = 9.220 ns, Max = 9.226 ns
IQR = 0.007 ns, LowerFence = 9.203 ns, UpperFence = 9.230 ns
ConfidenceInterval = [9.077 ns; 9.358 ns] (CI 99.9%), Margin = 0.140 ns (1.52% of Mean)
Skewness = 0.37, Kurtosis = 0.67, MValue = 2

// ** Remained 5 (71.4 %) benchmark(s) to run. Estimated finish 2026-10-03 10:24 (0h 0m from now) **
// **************************
// Benchmark: CacheOptimizationBenchmarks.TypeCheck_Direct: ShortRun(IterationCount=3, LaunchCount=1, WarmupCount=3)
// *** Execute ***
// Launch: 1 / 1
// Execute: dotnet Encina.Benchmarks-ShortRun-1.dll --anonymousPipes 225 226 --benchmarkName Encina.Benchmarks.CacheOptimizationBenchmarks.TypeCheck_Direct --job ShortRun --benchmarkId 2 in /home/runner/work/Encina/Encina/tests/Encina.BenchmarkTests/Encina.Benchmarks/bin/Release/net10.0/Encina.Benchmarks-ShortRun-1/bin/Release/net10.0
// Failed to set up high priority (Permission denied). In order to run benchmarks with high priority, make sure you have the right permissions.
// BeforeAnythingElse

// Benchmark Process Environment Information:
// BenchmarkDotNet v0.15.8
// Runtime=.NET 10.0.12 (10.0.12, 10.0.1226.42308), X64 RyuJIT x86-64-v4
// GC=Concurrent Workstation
// HardwareIntrinsics=AVX10v1,AVX512 BF16+FP16,AVX512 BITALG+VBMI2+VNNI+VPOPCNTDQ,AVX512 IFMA+VBMI,AVX512 F+BW+CD+DQ+VL,AVX2+BMI1+BMI2+F16C+FMA+LZCNT+MOVBE,AVX,SSE3+SSSE3+SSE4.1+SSE4.2+POPCNT,X86Base+SSE+SSE2,AES+PCLMUL,AvxVnni,SERIALIZE VectorSize=256
// Job: ShortRun(IterationCount=3, LaunchCount=1, WarmupCount=3)

OverheadJitting  1: 1 op, 153489.00 ns, 153.4890 us/op
WorkloadJitting  1: 1 op, 220242.00 ns, 220.2420 us/op

OverheadJitting  2: 16 op, 350467.00 ns, 21.9042 us/op
WorkloadJitting  2: 16 op, 330988.00 ns, 20.6868 us/op

WorkloadPilot    1: 16 op, 1417.00 ns, 88.5625 ns/op
WorkloadPilot    2: 32 op, 1096.00 ns, 34.2500 ns/op
WorkloadPilot    3: 64 op, 1866.00 ns, 29.1563 ns/op
WorkloadPilot    4: 128 op, 925.00 ns, 7.2266 ns/op
WorkloadPilot    5: 256 op, 1061.00 ns, 4.1445 ns/op
WorkloadPilot    6: 512 op, 1749.00 ns, 3.4160 ns/op
WorkloadPilot    7: 1024 op, 3067.00 ns, 2.9951 ns/op
WorkloadPilot    8: 2048 op, 5748.00 ns, 2.8066 ns/op
WorkloadPilot    9: 4096 op, 10953.00 ns, 2.6741 ns/op
WorkloadPilot   10: 8192 op, 21677.00 ns, 2.6461 ns/op
WorkloadPilot   11: 16384 op, 43258.00 ns, 2.6403 ns/op
WorkloadPilot   12: 32768 op, 89954.00 ns, 2.7452 ns/op
WorkloadPilot   13: 65536 op, 170523.00 ns, 2.6020 ns/op
WorkloadPilot   14: 131072 op, 345975.00 ns, 2.6396 ns/op
WorkloadPilot   15: 262144 op, 706980.00 ns, 2.6969 ns/op
WorkloadPilot   16: 524288 op, 1380449.00 ns, 2.6330 ns/op
WorkloadPilot   17: 1048576 op, 2760762.00 ns, 2.6329 ns/op
WorkloadPilot   18: 2097152 op, 5530015.00 ns, 2.6369 ns/op
WorkloadPilot   19: 4194304 op, 11068817.00 ns, 2.6390 ns/op
WorkloadPilot   20: 8388608 op, 22066760.00 ns, 2.6306 ns/op
WorkloadPilot   21: 16777216 op, 44126543.00 ns, 2.6301 ns/op
WorkloadPilot   22: 33554432 op, 87333779.00 ns, 2.6027 ns/op
WorkloadPilot   23: 67108864 op, 174577907.00 ns, 2.6014 ns/op
WorkloadPilot   24: 134217728 op, 350440511.00 ns, 2.6110 ns/op
WorkloadPilot   25: 268435456 op, 699462622.00 ns, 2.6057 ns/op

OverheadWarmup   1: 268435456 op, 621046805.00 ns, 2.3136 ns/op
OverheadWarmup   2: 268435456 op, 621061101.00 ns, 2.3136 ns/op
OverheadWarmup   3: 268435456 op, 619842333.00 ns, 2.3091 ns/op
OverheadWarmup   4: 268435456 op, 620618579.00 ns, 2.3120 ns/op
OverheadWarmup   5: 268435456 op, 620781745.00 ns, 2.3126 ns/op
OverheadWarmup   6: 268435456 op, 621286779.00 ns, 2.3145 ns/op
OverheadWarmup   7: 268435456 op, 620701528.00 ns, 2.3123 ns/op

OverheadActual   1: 268435456 op, 621148020.00 ns, 2.3140 ns/op
OverheadActual   2: 268435456 op, 620511389.00 ns, 2.3116 ns/op
OverheadActual   3: 268435456 op, 621719602.00 ns, 2.3161 ns/op
OverheadActual   4: 268435456 op, 621293455.00 ns, 2.3145 ns/op
OverheadActual   5: 268435456 op, 621313786.00 ns, 2.3146 ns/op
OverheadActual   6: 268435456 op, 620476887.00 ns, 2.3115 ns/op
OverheadActual   7: 268435456 op, 619728597.00 ns, 2.3087 ns/op
OverheadActual   8: 268435456 op, 620671510.00 ns, 2.3122 ns/op
OverheadActual   9: 268435456 op, 620408164.00 ns, 2.3112 ns/op
OverheadActual  10: 268435456 op, 620949743.00 ns, 2.3132 ns/op
OverheadActual  11: 268435456 op, 621066884.00 ns, 2.3137 ns/op
OverheadActual  12: 268435456 op, 621178596.00 ns, 2.3141 ns/op
OverheadActual  13: 268435456 op, 620210899.00 ns, 2.3105 ns/op
OverheadActual  14: 268435456 op, 620632949.00 ns, 2.3120 ns/op
OverheadActual  15: 268435456 op, 619473838.00 ns, 2.3077 ns/op

WorkloadWarmup   1: 268435456 op, 700660506.00 ns, 2.6102 ns/op
WorkloadWarmup   2: 268435456 op, 698272000.00 ns, 2.6013 ns/op
WorkloadWarmup   3: 268435456 op, 697502047.00 ns, 2.5984 ns/op

// BeforeActualRun
WorkloadActual   1: 268435456 op, 700640068.00 ns, 2.6101 ns/op
WorkloadActual   2: 268435456 op, 699926390.00 ns, 2.6074 ns/op
WorkloadActual   3: 268435456 op, 700402547.00 ns, 2.6092 ns/op

// AfterActualRun
WorkloadResult   1: 268435456 op, 79968558.00 ns, 0.2979 ns/op
WorkloadResult   2: 268435456 op, 79254880.00 ns, 0.2952 ns/op
WorkloadResult   3: 268435456 op, 79731037.00 ns, 0.2970 ns/op
// GC:  0 0 0 0 268435456
// Threading:  0 0 268435456

// AfterAll
// Benchmark Process 3683 has exited with code 0.

Mean = 0.297 ns, StdErr = 0.001 ns (0.26%), N = 3, StdDev = 0.001 ns
Min = 0.295 ns, Q1 = 0.296 ns, Median = 0.297 ns, Q3 = 0.297 ns, Max = 0.298 ns
IQR = 0.001 ns, LowerFence = 0.294 ns, UpperFence = 0.299 ns
ConfidenceInterval = [0.272 ns; 0.321 ns] (CI 99.9%), Margin = 0.025 ns (8.32% of Mean)
Skewness = -0.21, Kurtosis = 0.67, MValue = 2

// ** Remained 4 (57.1 %) benchmark(s) to run. Estimated finish 2026-10-03 10:24 (0h 0m from now) **
// **************************
// Benchmark: CacheOptimizationBenchmarks.Send_Command_CacheHit: ShortRun(IterationCount=3, LaunchCount=1, WarmupCount=3)
// *** Execute ***
// Launch: 1 / 1
// Execute: dotnet Encina.Benchmarks-ShortRun-1.dll --anonymousPipes 225 226 --benchmarkName Encina.Benchmarks.CacheOptimizationBenchmarks.Send_Command_CacheHit --job ShortRun --benchmarkId 3 in /home/runner/work/Encina/Encina/tests/Encina.BenchmarkTests/Encina.Benchmarks/bin/Release/net10.0/Encina.Benchmarks-ShortRun-1/bin/Release/net10.0
// Failed to set up high priority (Permission denied). In order to run benchmarks with high priority, make sure you have the right permissions.
// BeforeAnythingElse

// Benchmark Process Environment Information:
// BenchmarkDotNet v0.15.8
// Runtime=.NET 10.0.12 (10.0.12, 10.0.1226.42308), X64 RyuJIT x86-64-v4
// GC=Concurrent Workstation
// HardwareIntrinsics=AVX10v1,AVX512 BF16+FP16,AVX512 BITALG+VBMI2+VNNI+VPOPCNTDQ,AVX512 IFMA+VBMI,AVX512 F+BW+CD+DQ+VL,AVX2+BMI1+BMI2+F16C+FMA+LZCNT+MOVBE,AVX,SSE3+SSSE3+SSE4.1+SSE4.2+POPCNT,X86Base+SSE+SSE2,AES+PCLMUL,AvxVnni,SERIALIZE VectorSize=256
// Job: ShortRun(IterationCount=3, LaunchCount=1, WarmupCount=3)

OverheadJitting  1: 1 op, 141442.00 ns, 141.4420 us/op
WorkloadJitting  1: 1 op, 4235693.00 ns, 4.2357 ms/op

OverheadJitting  2: 16 op, 364710.00 ns, 22.7944 us/op
WorkloadJitting  2: 16 op, 481668.00 ns, 30.1043 us/op

WorkloadPilot    1: 16 op, 2095519.00 ns, 130.9699 us/op
WorkloadPilot    2: 32 op, 131013.00 ns, 4.0942 us/op
WorkloadPilot    3: 64 op, 183005.00 ns, 2.8595 us/op
WorkloadPilot    4: 128 op, 384750.00 ns, 3.0059 us/op
WorkloadPilot    5: 256 op, 721402.00 ns, 2.8180 us/op
WorkloadPilot    6: 512 op, 1438212.00 ns, 2.8090 us/op
WorkloadPilot    7: 1024 op, 2869175.00 ns, 2.8019 us/op
WorkloadPilot    8: 2048 op, 5688886.00 ns, 2.7778 us/op
WorkloadPilot    9: 4096 op, 11758150.00 ns, 2.8706 us/op
WorkloadPilot   10: 8192 op, 22153004.00 ns, 2.7042 us/op
WorkloadPilot   11: 16384 op, 41886257.00 ns, 2.5565 us/op
WorkloadPilot   12: 32768 op, 82890511.00 ns, 2.5296 us/op
WorkloadPilot   13: 65536 op, 136647942.00 ns, 2.0851 us/op
WorkloadPilot   14: 131072 op, 263500615.00 ns, 2.0104 us/op
WorkloadPilot   15: 262144 op, 528604342.00 ns, 2.0165 us/op

OverheadWarmup   1: 262144 op, 380517.00 ns, 1.4516 ns/op
OverheadWarmup   2: 262144 op, 379411.00 ns, 1.4473 ns/op
OverheadWarmup   3: 262144 op, 367886.00 ns, 1.4034 ns/op
OverheadWarmup   4: 262144 op, 367744.00 ns, 1.4028 ns/op
OverheadWarmup   5: 262144 op, 381335.00 ns, 1.4547 ns/op
OverheadWarmup   6: 262144 op, 379026.00 ns, 1.4459 ns/op
OverheadWarmup   7: 262144 op, 379551.00 ns, 1.4479 ns/op
OverheadWarmup   8: 262144 op, 379917.00 ns, 1.4493 ns/op
OverheadWarmup   9: 262144 op, 367812.00 ns, 1.4031 ns/op

OverheadActual   1: 262144 op, 371496.00 ns, 1.4171 ns/op
OverheadActual   2: 262144 op, 367942.00 ns, 1.4036 ns/op
OverheadActual   3: 262144 op, 379704.00 ns, 1.4485 ns/op
OverheadActual   4: 262144 op, 383337.00 ns, 1.4623 ns/op
OverheadActual   5: 262144 op, 374495.00 ns, 1.4286 ns/op
OverheadActual   6: 262144 op, 374311.00 ns, 1.4279 ns/op
OverheadActual   7: 262144 op, 370334.00 ns, 1.4127 ns/op
OverheadActual   8: 262144 op, 370933.00 ns, 1.4150 ns/op
OverheadActual   9: 262144 op, 370424.00 ns, 1.4131 ns/op
OverheadActual  10: 262144 op, 378063.00 ns, 1.4422 ns/op
OverheadActual  11: 262144 op, 386713.00 ns, 1.4752 ns/op
OverheadActual  12: 262144 op, 374090.00 ns, 1.4270 ns/op
OverheadActual  13: 262144 op, 370351.00 ns, 1.4128 ns/op
OverheadActual  14: 262144 op, 370351.00 ns, 1.4128 ns/op
OverheadActual  15: 262144 op, 369853.00 ns, 1.4109 ns/op

WorkloadWarmup   1: 262144 op, 544818690.00 ns, 2.0783 us/op
WorkloadWarmup   2: 262144 op, 616807043.00 ns, 2.3529 us/op
WorkloadWarmup   3: 262144 op, 591306880.00 ns, 2.2557 us/op

// BeforeActualRun
WorkloadActual   1: 262144 op, 598855957.00 ns, 2.2845 us/op
WorkloadActual   2: 262144 op, 587024209.00 ns, 2.2393 us/op
WorkloadActual   3: 262144 op, 590950795.00 ns, 2.2543 us/op

// AfterActualRun
WorkloadResult   1: 262144 op, 598484461.00 ns, 2.2830 us/op
WorkloadResult   2: 262144 op, 586652713.00 ns, 2.2379 us/op
WorkloadResult   3: 262144 op, 590579299.00 ns, 2.2529 us/op
// GC:  8 0 0 687867800 262144
// Threading:  0 0 262144

// AfterAll
// Benchmark Process 3695 has exited with code 0.

Mean = 2.258 μs, StdErr = 0.013 μs (0.59%), N = 3, StdDev = 0.023 μs
Min = 2.238 μs, Q1 = 2.245 μs, Median = 2.253 μs, Q3 = 2.268 μs, Max = 2.283 μs
IQR = 0.023 μs, LowerFence = 2.212 μs, UpperFence = 2.302 μs
ConfidenceInterval = [1.839 μs; 2.677 μs] (CI 99.9%), Margin = 0.419 μs (18.57% of Mean)
Skewness = 0.21, Kurtosis = 0.67, MValue = 2

// ** Remained 3 (42.9 %) benchmark(s) to run. Estimated finish 2026-10-03 10:24 (0h 0m from now) **
// **************************
// Benchmark: CacheOptimizationBenchmarks.Cache_GetOrAdd_Direct: ShortRun(IterationCount=3, LaunchCount=1, WarmupCount=3)
// *** Execute ***
// Launch: 1 / 1
// Execute: dotnet Encina.Benchmarks-ShortRun-1.dll --anonymousPipes 225 226 --benchmarkName Encina.Benchmarks.CacheOptimizationBenchmarks.Cache_GetOrAdd_Direct --job ShortRun --benchmarkId 4 in /home/runner/work/Encina/Encina/tests/Encina.BenchmarkTests/Encina.Benchmarks/bin/Release/net10.0/Encina.Benchmarks-ShortRun-1/bin/Release/net10.0
// Failed to set up high priority (Permission denied). In order to run benchmarks with high priority, make sure you have the right permissions.
// BeforeAnythingElse

// Benchmark Process Environment Information:
// BenchmarkDotNet v0.15.8
// Runtime=.NET 10.0.12 (10.0.12, 10.0.1226.42308), X64 RyuJIT x86-64-v4
// GC=Concurrent Workstation
// HardwareIntrinsics=AVX10v1,AVX512 BF16+FP16,AVX512 BITALG+VBMI2+VNNI+VPOPCNTDQ,AVX512 IFMA+VBMI,AVX512 F+BW+CD+DQ+VL,AVX2+BMI1+BMI2+F16C+FMA+LZCNT+MOVBE,AVX,SSE3+SSSE3+SSE4.1+SSE4.2+POPCNT,X86Base+SSE+SSE2,AES+PCLMUL,AvxVnni,SERIALIZE VectorSize=256
// Job: ShortRun(IterationCount=3, LaunchCount=1, WarmupCount=3)

OverheadJitting  1: 1 op, 155904.00 ns, 155.9040 us/op
WorkloadJitting  1: 1 op, 650061.00 ns, 650.0610 us/op

OverheadJitting  2: 16 op, 348190.00 ns, 21.7619 us/op
WorkloadJitting  2: 16 op, 304690.00 ns, 19.0431 us/op

WorkloadPilot    1: 16 op, 4311.00 ns, 269.4375 ns/op
WorkloadPilot    2: 32 op, 4091.00 ns, 127.8438 ns/op
WorkloadPilot    3: 64 op, 4245.00 ns, 66.3281 ns/op
WorkloadPilot    4: 128 op, 6174.00 ns, 48.2344 ns/op
WorkloadPilot    5: 256 op, 9869.00 ns, 38.5508 ns/op
WorkloadPilot    6: 512 op, 18099.00 ns, 35.3496 ns/op
WorkloadPilot    7: 1024 op, 34378.00 ns, 33.5723 ns/op
WorkloadPilot    8: 2048 op, 67645.00 ns, 33.0298 ns/op
WorkloadPilot    9: 4096 op, 131965.00 ns, 32.2180 ns/op
WorkloadPilot   10: 8192 op, 280852.00 ns, 34.2837 ns/op
WorkloadPilot   11: 16384 op, 576444.00 ns, 35.1833 ns/op
WorkloadPilot   12: 32768 op, 1072276.00 ns, 32.7233 ns/op
WorkloadPilot   13: 65536 op, 2125460.00 ns, 32.4319 ns/op
WorkloadPilot   14: 131072 op, 4260013.00 ns, 32.5013 ns/op
WorkloadPilot   15: 262144 op, 8554621.00 ns, 32.6333 ns/op
WorkloadPilot   16: 524288 op, 16974273.00 ns, 32.3759 ns/op
WorkloadPilot   17: 1048576 op, 34084854.00 ns, 32.5058 ns/op
WorkloadPilot   18: 2097152 op, 67544413.00 ns, 32.2077 ns/op
WorkloadPilot   19: 4194304 op, 135241412.00 ns, 32.2441 ns/op
WorkloadPilot   20: 8388608 op, 270343144.00 ns, 32.2274 ns/op
WorkloadPilot   21: 16777216 op, 541079514.00 ns, 32.2509 ns/op

OverheadWarmup   1: 16777216 op, 38992870.00 ns, 2.3242 ns/op
OverheadWarmup   2: 16777216 op, 39020816.00 ns, 2.3258 ns/op
OverheadWarmup   3: 16777216 op, 39004307.00 ns, 2.3248 ns/op
OverheadWarmup   4: 16777216 op, 38788033.00 ns, 2.3119 ns/op
OverheadWarmup   5: 16777216 op, 40880413.00 ns, 2.4367 ns/op
OverheadWarmup   6: 16777216 op, 40811792.00 ns, 2.4326 ns/op

OverheadActual   1: 16777216 op, 38869581.00 ns, 2.3168 ns/op
OverheadActual   2: 16777216 op, 38914811.00 ns, 2.3195 ns/op
OverheadActual   3: 16777216 op, 39166716.00 ns, 2.3345 ns/op
OverheadActual   4: 16777216 op, 38961679.00 ns, 2.3223 ns/op
OverheadActual   5: 16777216 op, 39647009.00 ns, 2.3631 ns/op
OverheadActual   6: 16777216 op, 38982436.00 ns, 2.3235 ns/op
OverheadActual   7: 16777216 op, 39013413.00 ns, 2.3254 ns/op
OverheadActual   8: 16777216 op, 38724983.00 ns, 2.3082 ns/op
OverheadActual   9: 16777216 op, 38961840.00 ns, 2.3223 ns/op
OverheadActual  10: 16777216 op, 39098023.00 ns, 2.3304 ns/op
OverheadActual  11: 16777216 op, 38771480.00 ns, 2.3110 ns/op
OverheadActual  12: 16777216 op, 38826463.00 ns, 2.3142 ns/op
OverheadActual  13: 16777216 op, 39025688.00 ns, 2.3261 ns/op
OverheadActual  14: 16777216 op, 38996122.00 ns, 2.3243 ns/op
OverheadActual  15: 16777216 op, 39044334.00 ns, 2.3272 ns/op

WorkloadWarmup   1: 16777216 op, 541610376.00 ns, 32.2825 ns/op
WorkloadWarmup   2: 16777216 op, 542362699.00 ns, 32.3273 ns/op
WorkloadWarmup   3: 16777216 op, 541946839.00 ns, 32.3025 ns/op

// BeforeActualRun
WorkloadActual   1: 16777216 op, 542359494.00 ns, 32.3271 ns/op
WorkloadActual   2: 16777216 op, 540857250.00 ns, 32.2376 ns/op
WorkloadActual   3: 16777216 op, 541061269.00 ns, 32.2498 ns/op

// AfterActualRun
WorkloadResult   1: 16777216 op, 503377058.00 ns, 30.0036 ns/op
WorkloadResult   2: 16777216 op, 501874814.00 ns, 29.9141 ns/op
WorkloadResult   3: 16777216 op, 502078833.00 ns, 29.9262 ns/op
// GC:  0 0 0 0 16777216
// Threading:  0 0 16777216

// AfterAll
// Benchmark Process 3709 has exited with code 0.

Mean = 29.948 ns, StdErr = 0.028 ns (0.09%), N = 3, StdDev = 0.049 ns
Min = 29.914 ns, Q1 = 29.920 ns, Median = 29.926 ns, Q3 = 29.965 ns, Max = 30.004 ns
IQR = 0.045 ns, LowerFence = 29.853 ns, UpperFence = 30.032 ns
ConfidenceInterval = [29.062 ns; 30.834 ns] (CI 99.9%), Margin = 0.886 ns (2.96% of Mean)
Skewness = 0.36, Kurtosis = 0.67, MValue = 2

// ** Remained 2 (28.6 %) benchmark(s) to run. Estimated finish 2026-10-03 10:24 (0h 0m from now) **
// **************************
// Benchmark: CacheOptimizationBenchmarks.Publish_Notification_CacheHit: ShortRun(IterationCount=3, LaunchCount=1, WarmupCount=3)
// *** Execute ***
// Launch: 1 / 1
// Execute: dotnet Encina.Benchmarks-ShortRun-1.dll --anonymousPipes 225 226 --benchmarkName Encina.Benchmarks.CacheOptimizationBenchmarks.Publish_Notification_CacheHit --job ShortRun --benchmarkId 5 in /home/runner/work/Encina/Encina/tests/Encina.BenchmarkTests/Encina.Benchmarks/bin/Release/net10.0/Encina.Benchmarks-ShortRun-1/bin/Release/net10.0
// Failed to set up high priority (Permission denied). In order to run benchmarks with high priority, make sure you have the right permissions.
// BeforeAnythingElse

// Benchmark Process Environment Information:
// BenchmarkDotNet v0.15.8
// Runtime=.NET 10.0.12 (10.0.12, 10.0.1226.42308), X64 RyuJIT x86-64-v4
// GC=Concurrent Workstation
// HardwareIntrinsics=AVX10v1,AVX512 BF16+FP16,AVX512 BITALG+VBMI2+VNNI+VPOPCNTDQ,AVX512 IFMA+VBMI,AVX512 F+BW+CD+DQ+VL,AVX2+BMI1+BMI2+F16C+FMA+LZCNT+MOVBE,AVX,SSE3+SSSE3+SSE4.1+SSE4.2+POPCNT,X86Base+SSE+SSE2,AES+PCLMUL,AvxVnni,SERIALIZE VectorSize=256
// Job: ShortRun(IterationCount=3, LaunchCount=1, WarmupCount=3)

OverheadJitting  1: 1 op, 121026.00 ns, 121.0260 us/op
WorkloadJitting  1: 1 op, 2651401.00 ns, 2.6514 ms/op

OverheadJitting  2: 16 op, 170367.00 ns, 10.6479 us/op
WorkloadJitting  2: 16 op, 273492.00 ns, 17.0933 us/op

WorkloadPilot    1: 16 op, 82579.00 ns, 5.1612 us/op
WorkloadPilot    2: 32 op, 120498.00 ns, 3.7656 us/op
WorkloadPilot    3: 64 op, 1375471.00 ns, 21.4917 us/op
WorkloadPilot    4: 128 op, 327680.00 ns, 2.5600 us/op
WorkloadPilot    5: 256 op, 625993.00 ns, 2.4453 us/op
WorkloadPilot    6: 512 op, 1199744.00 ns, 2.3433 us/op
WorkloadPilot    7: 1024 op, 2364651.00 ns, 2.3092 us/op
WorkloadPilot    8: 2048 op, 4664893.00 ns, 2.2778 us/op
WorkloadPilot    9: 4096 op, 10633377.00 ns, 2.5960 us/op
WorkloadPilot   10: 8192 op, 18757295.00 ns, 2.2897 us/op
WorkloadPilot   11: 16384 op, 36644227.00 ns, 2.2366 us/op
WorkloadPilot   12: 32768 op, 69853065.00 ns, 2.1317 us/op
WorkloadPilot   13: 65536 op, 125054042.00 ns, 1.9082 us/op
WorkloadPilot   14: 131072 op, 230600103.00 ns, 1.7593 us/op
WorkloadPilot   15: 262144 op, 456739754.00 ns, 1.7423 us/op
WorkloadPilot   16: 524288 op, 935015977.00 ns, 1.7834 us/op

OverheadWarmup   1: 524288 op, 731586.00 ns, 1.3954 ns/op
OverheadWarmup   2: 524288 op, 746274.00 ns, 1.4234 ns/op
OverheadWarmup   3: 524288 op, 744551.00 ns, 1.4201 ns/op
OverheadWarmup   4: 524288 op, 741050.00 ns, 1.4134 ns/op
OverheadWarmup   5: 524288 op, 742437.00 ns, 1.4161 ns/op
OverheadWarmup   6: 524288 op, 731063.00 ns, 1.3944 ns/op

OverheadActual   1: 524288 op, 731139.00 ns, 1.3945 ns/op
OverheadActual   2: 524288 op, 746530.00 ns, 1.4239 ns/op
OverheadActual   3: 524288 op, 741386.00 ns, 1.4141 ns/op
OverheadActual   4: 524288 op, 740682.00 ns, 1.4127 ns/op
OverheadActual   5: 524288 op, 740088.00 ns, 1.4116 ns/op
OverheadActual   6: 524288 op, 746552.00 ns, 1.4239 ns/op
OverheadActual   7: 524288 op, 739022.00 ns, 1.4096 ns/op
OverheadActual   8: 524288 op, 727434.00 ns, 1.3875 ns/op
OverheadActual   9: 524288 op, 741165.00 ns, 1.4137 ns/op
OverheadActual  10: 524288 op, 745398.00 ns, 1.4217 ns/op
OverheadActual  11: 524288 op, 743638.00 ns, 1.4184 ns/op
OverheadActual  12: 524288 op, 731045.00 ns, 1.3944 ns/op
OverheadActual  13: 524288 op, 740071.00 ns, 1.4116 ns/op
OverheadActual  14: 524288 op, 739405.00 ns, 1.4103 ns/op
OverheadActual  15: 524288 op, 742929.00 ns, 1.4170 ns/op

WorkloadWarmup   1: 524288 op, 922849438.00 ns, 1.7602 us/op
WorkloadWarmup   2: 524288 op, 915078204.00 ns, 1.7454 us/op
WorkloadWarmup   3: 524288 op, 920318640.00 ns, 1.7554 us/op

// BeforeActualRun
WorkloadActual   1: 524288 op, 1076141166.00 ns, 2.0526 us/op
WorkloadActual   2: 524288 op, 1061540183.00 ns, 2.0247 us/op
WorkloadActual   3: 524288 op, 1053267649.00 ns, 2.0089 us/op

// AfterActualRun
WorkloadResult   1: 524288 op, 1075400484.00 ns, 2.0512 us/op
WorkloadResult   2: 524288 op, 1060799501.00 ns, 2.0233 us/op
WorkloadResult   3: 524288 op, 1052526967.00 ns, 2.0075 us/op
// GC:  11 0 0 994052832 524288
// Threading:  0 0 524288

// AfterAll
// Benchmark Process 3717 has exited with code 0.

Mean = 2.027 μs, StdErr = 0.013 μs (0.63%), N = 3, StdDev = 0.022 μs
Min = 2.008 μs, Q1 = 2.015 μs, Median = 2.023 μs, Q3 = 2.037 μs, Max = 2.051 μs
IQR = 0.022 μs, LowerFence = 1.983 μs, UpperFence = 2.070 μs
ConfidenceInterval = [1.624 μs; 2.430 μs] (CI 99.9%), Margin = 0.403 μs (19.88% of Mean)
Skewness = 0.18, Kurtosis = 0.67, MValue = 2

// ** Remained 1 (14.3 %) benchmark(s) to run. Estimated finish 2026-10-03 10:24 (0h 0m from now) **
// **************************
// Benchmark: CacheOptimizationBenchmarks.Send_Query_CacheHit: ShortRun(IterationCount=3, LaunchCount=1, WarmupCount=3)
// *** Execute ***
// Launch: 1 / 1
// Execute: dotnet Encina.Benchmarks-ShortRun-1.dll --anonymousPipes 225 226 --benchmarkName Encina.Benchmarks.CacheOptimizationBenchmarks.Send_Query_CacheHit --job ShortRun --benchmarkId 6 in /home/runner/work/Encina/Encina/tests/Encina.BenchmarkTests/Encina.Benchmarks/bin/Release/net10.0/Encina.Benchmarks-ShortRun-1/bin/Release/net10.0
// Failed to set up high priority (Permission denied). In order to run benchmarks with high priority, make sure you have the right permissions.
// BeforeAnythingElse

// Benchmark Process Environment Information:
// BenchmarkDotNet v0.15.8
// Runtime=.NET 10.0.12 (10.0.12, 10.0.1226.42308), X64 RyuJIT x86-64-v4
// GC=Concurrent Workstation
// HardwareIntrinsics=AVX10v1,AVX512 BF16+FP16,AVX512 BITALG+VBMI2+VNNI+VPOPCNTDQ,AVX512 IFMA+VBMI,AVX512 F+BW+CD+DQ+VL,AVX2+BMI1+BMI2+F16C+FMA+LZCNT+MOVBE,AVX,SSE3+SSSE3+SSE4.1+SSE4.2+POPCNT,X86Base+SSE+SSE2,AES+PCLMUL,AvxVnni,SERIALIZE VectorSize=256
// Job: ShortRun(IterationCount=3, LaunchCount=1, WarmupCount=3)

OverheadJitting  1: 1 op, 167117.00 ns, 167.1170 us/op
WorkloadJitting  1: 1 op, 4241095.00 ns, 4.2411 ms/op

OverheadJitting  2: 16 op, 341189.00 ns, 21.3243 us/op
WorkloadJitting  2: 16 op, 475721.00 ns, 29.7326 us/op

WorkloadPilot    1: 16 op, 2100892.00 ns, 131.3058 us/op
WorkloadPilot    2: 32 op, 182039.00 ns, 5.6887 us/op
WorkloadPilot    3: 64 op, 220827.00 ns, 3.4504 us/op
WorkloadPilot    4: 128 op, 422236.00 ns, 3.2987 us/op
WorkloadPilot    5: 256 op, 794196.00 ns, 3.1023 us/op
WorkloadPilot    6: 512 op, 1532512.00 ns, 2.9932 us/op
WorkloadPilot    7: 1024 op, 3050175.00 ns, 2.9787 us/op
WorkloadPilot    8: 2048 op, 6110943.00 ns, 2.9839 us/op
WorkloadPilot    9: 4096 op, 12394781.00 ns, 3.0261 us/op
WorkloadPilot   10: 8192 op, 23479944.00 ns, 2.8662 us/op
WorkloadPilot   11: 16384 op, 44998919.00 ns, 2.7465 us/op
WorkloadPilot   12: 32768 op, 91525975.00 ns, 2.7932 us/op
WorkloadPilot   13: 65536 op, 152738574.00 ns, 2.3306 us/op
WorkloadPilot   14: 131072 op, 306296584.00 ns, 2.3369 us/op
WorkloadPilot   15: 262144 op, 614293859.00 ns, 2.3433 us/op

OverheadWarmup   1: 262144 op, 601284.00 ns, 2.2937 ns/op
OverheadWarmup   2: 262144 op, 614940.00 ns, 2.3458 ns/op
OverheadWarmup   3: 262144 op, 617953.00 ns, 2.3573 ns/op
OverheadWarmup   4: 262144 op, 604881.00 ns, 2.3074 ns/op
OverheadWarmup   5: 262144 op, 611070.00 ns, 2.3310 ns/op
OverheadWarmup   6: 262144 op, 612378.00 ns, 2.3360 ns/op
OverheadWarmup   7: 262144 op, 613857.00 ns, 2.3417 ns/op
OverheadWarmup   8: 262144 op, 627934.00 ns, 2.3954 ns/op
OverheadWarmup   9: 262144 op, 613179.00 ns, 2.3391 ns/op

OverheadActual   1: 262144 op, 605000.00 ns, 2.3079 ns/op
OverheadActual   2: 262144 op, 620260.00 ns, 2.3661 ns/op
OverheadActual   3: 262144 op, 619945.00 ns, 2.3649 ns/op
OverheadActual   4: 262144 op, 668856.00 ns, 2.5515 ns/op
OverheadActual   5: 262144 op, 620516.00 ns, 2.3671 ns/op
OverheadActual   6: 262144 op, 629027.00 ns, 2.3995 ns/op
OverheadActual   7: 262144 op, 616351.00 ns, 2.3512 ns/op
OverheadActual   8: 262144 op, 620947.00 ns, 2.3687 ns/op
OverheadActual   9: 262144 op, 600604.00 ns, 2.2911 ns/op
OverheadActual  10: 262144 op, 634792.00 ns, 2.4215 ns/op
OverheadActual  11: 262144 op, 625720.00 ns, 2.3869 ns/op
OverheadActual  12: 262144 op, 618963.00 ns, 2.3612 ns/op
OverheadActual  13: 262144 op, 610243.00 ns, 2.3279 ns/op
OverheadActual  14: 262144 op, 604869.00 ns, 2.3074 ns/op
OverheadActual  15: 262144 op, 618997.00 ns, 2.3613 ns/op

WorkloadWarmup   1: 262144 op, 619395785.00 ns, 2.3628 us/op
WorkloadWarmup   2: 262144 op, 615035699.00 ns, 2.3462 us/op
WorkloadWarmup   3: 262144 op, 610199499.00 ns, 2.3277 us/op

// BeforeActualRun
WorkloadActual   1: 262144 op, 615535966.00 ns, 2.3481 us/op
WorkloadActual   2: 262144 op, 611484577.00 ns, 2.3326 us/op
WorkloadActual   3: 262144 op, 613666437.00 ns, 2.3410 us/op

// AfterActualRun
WorkloadResult   1: 262144 op, 614916021.00 ns, 2.3457 us/op
WorkloadResult   2: 262144 op, 610864632.00 ns, 2.3303 us/op
WorkloadResult   3: 262144 op, 613046492.00 ns, 2.3386 us/op
// GC:  8 0 0 681576344 262144
// Threading:  0 0 262144

// AfterAll
// Benchmark Process 3728 has exited with code 0.

Mean = 2.338 μs, StdErr = 0.004 μs (0.19%), N = 3, StdDev = 0.008 μs
Min = 2.330 μs, Q1 = 2.334 μs, Median = 2.339 μs, Q3 = 2.342 μs, Max = 2.346 μs
IQR = 0.008 μs, LowerFence = 2.323 μs, UpperFence = 2.354 μs
ConfidenceInterval = [2.197 μs; 2.479 μs] (CI 99.9%), Margin = 0.141 μs (6.04% of Mean)
Skewness = -0.05, Kurtosis = 0.67, MValue = 2

// ** Remained 0 (0.0 %) benchmark(s) to run. Estimated finish 2026-10-03 10:24 (0h 0m from now) **
// ***** BenchmarkRunner: Finish  *****

// * Export *
  artifacts/performance/Core/results/Encina.Benchmarks.CacheOptimizationBenchmarks-report.csv
  artifacts/performance/Core/results/Encina.Benchmarks.CacheOptimizationBenchmarks-report-github.md
  artifacts/performance/Core/results/Encina.Benchmarks.CacheOptimizationBenchmarks-report.html
  artifacts/performance/Core/results/Encina.Benchmarks.CacheOptimizationBenchmarks-report-full-compressed.json

// * Detailed results *
CacheOptimizationBenchmarks.Cache_TryGetValue_ThenGetOrAdd: ShortRun(IterationCount=3, LaunchCount=1, WarmupCount=3)
Runtime = .NET 10.0.12 (10.0.12, 10.0.1226.42308), X64 RyuJIT x86-64-v4; GC = Concurrent Workstation
Mean = 29.011 ns, StdErr = 0.217 ns (0.75%), N = 3, StdDev = 0.376 ns
Min = 28.652 ns, Q1 = 28.815 ns, Median = 28.979 ns, Q3 = 29.190 ns, Max = 29.401 ns
IQR = 0.375 ns, LowerFence = 28.253 ns, UpperFence = 29.752 ns
ConfidenceInterval = [22.155 ns; 35.866 ns] (CI 99.9%), Margin = 6.855 ns (23.63% of Mean)
Skewness = 0.08, Kurtosis = 0.67, MValue = 2
-------------------- Histogram --------------------
[28.473 ns ; 29.743 ns) | @@@
---------------------------------------------------

CacheOptimizationBenchmarks.TypeCheck_Cached: ShortRun(IterationCount=3, LaunchCount=1, WarmupCount=3)
Runtime = .NET 10.0.12 (10.0.12, 10.0.1226.42308), X64 RyuJIT x86-64-v4; GC = Concurrent Workstation
Mean = 9.217 ns, StdErr = 0.004 ns (0.05%), N = 3, StdDev = 0.008 ns
Min = 9.212 ns, Q1 = 9.213 ns, Median = 9.214 ns, Q3 = 9.220 ns, Max = 9.226 ns
IQR = 0.007 ns, LowerFence = 9.203 ns, UpperFence = 9.230 ns
ConfidenceInterval = [9.077 ns; 9.358 ns] (CI 99.9%), Margin = 0.140 ns (1.52% of Mean)
Skewness = 0.37, Kurtosis = 0.67, MValue = 2
-------------------- Histogram --------------------
[9.212 ns ; 9.226 ns) | @@@
---------------------------------------------------

CacheOptimizationBenchmarks.TypeCheck_Direct: ShortRun(IterationCount=3, LaunchCount=1, WarmupCount=3)
Runtime = .NET 10.0.12 (10.0.12, 10.0.1226.42308), X64 RyuJIT x86-64-v4; GC = Concurrent Workstation
Mean = 0.297 ns, StdErr = 0.001 ns (0.26%), N = 3, StdDev = 0.001 ns
Min = 0.295 ns, Q1 = 0.296 ns, Median = 0.297 ns, Q3 = 0.297 ns, Max = 0.298 ns
IQR = 0.001 ns, LowerFence = 0.294 ns, UpperFence = 0.299 ns
ConfidenceInterval = [0.272 ns; 0.321 ns] (CI 99.9%), Margin = 0.025 ns (8.32% of Mean)
Skewness = -0.21, Kurtosis = 0.67, MValue = 2
-------------------- Histogram --------------------
[0.294 ns ; 0.299 ns) | @@@
---------------------------------------------------

CacheOptimizationBenchmarks.Send_Command_CacheHit: ShortRun(IterationCount=3, LaunchCount=1, WarmupCount=3)
Runtime = .NET 10.0.12 (10.0.12, 10.0.1226.42308), X64 RyuJIT x86-64-v4; GC = Concurrent Workstation
Mean = 2.258 μs, StdErr = 0.013 μs (0.59%), N = 3, StdDev = 0.023 μs
Min = 2.238 μs, Q1 = 2.245 μs, Median = 2.253 μs, Q3 = 2.268 μs, Max = 2.283 μs
IQR = 0.023 μs, LowerFence = 2.212 μs, UpperFence = 2.302 μs
ConfidenceInterval = [1.839 μs; 2.677 μs] (CI 99.9%), Margin = 0.419 μs (18.57% of Mean)
Skewness = 0.21, Kurtosis = 0.67, MValue = 2
-------------------- Histogram --------------------
[2.223 μs ; 2.304 μs) | @@@
---------------------------------------------------

CacheOptimizationBenchmarks.Cache_GetOrAdd_Direct: ShortRun(IterationCount=3, LaunchCount=1, WarmupCount=3)
Runtime = .NET 10.0.12 (10.0.12, 10.0.1226.42308), X64 RyuJIT x86-64-v4; GC = Concurrent Workstation
Mean = 29.948 ns, StdErr = 0.028 ns (0.09%), N = 3, StdDev = 0.049 ns
Min = 29.914 ns, Q1 = 29.920 ns, Median = 29.926 ns, Q3 = 29.965 ns, Max = 30.004 ns
IQR = 0.045 ns, LowerFence = 29.853 ns, UpperFence = 30.032 ns
ConfidenceInterval = [29.062 ns; 30.834 ns] (CI 99.9%), Margin = 0.886 ns (2.96% of Mean)
Skewness = 0.36, Kurtosis = 0.67, MValue = 2
-------------------- Histogram --------------------
[29.870 ns ; 30.048 ns) | @@@
---------------------------------------------------

CacheOptimizationBenchmarks.Publish_Notification_CacheHit: ShortRun(IterationCount=3, LaunchCount=1, WarmupCount=3)
Runtime = .NET 10.0.12 (10.0.12, 10.0.1226.42308), X64 RyuJIT x86-64-v4; GC = Concurrent Workstation
Mean = 2.027 μs, StdErr = 0.013 μs (0.63%), N = 3, StdDev = 0.022 μs
Min = 2.008 μs, Q1 = 2.015 μs, Median = 2.023 μs, Q3 = 2.037 μs, Max = 2.051 μs
IQR = 0.022 μs, LowerFence = 1.983 μs, UpperFence = 2.070 μs
ConfidenceInterval = [1.624 μs; 2.430 μs] (CI 99.9%), Margin = 0.403 μs (19.88% of Mean)
Skewness = 0.18, Kurtosis = 0.67, MValue = 2
-------------------- Histogram --------------------
[1.995 μs ; 2.071 μs) | @@@
---------------------------------------------------

CacheOptimizationBenchmarks.Send_Query_CacheHit: ShortRun(IterationCount=3, LaunchCount=1, WarmupCount=3)
Runtime = .NET 10.0.12 (10.0.12, 10.0.1226.42308), X64 RyuJIT x86-64-v4; GC = Concurrent Workstation
Mean = 2.338 μs, StdErr = 0.004 μs (0.19%), N = 3, StdDev = 0.008 μs
Min = 2.330 μs, Q1 = 2.334 μs, Median = 2.339 μs, Q3 = 2.342 μs, Max = 2.346 μs
IQR = 0.008 μs, LowerFence = 2.323 μs, UpperFence = 2.354 μs
ConfidenceInterval = [2.197 μs; 2.479 μs] (CI 99.9%), Margin = 0.141 μs (6.04% of Mean)
Skewness = -0.05, Kurtosis = 0.67, MValue = 2
-------------------- Histogram --------------------
[2.323 μs ; 2.353 μs) | @@@
---------------------------------------------------

// * Summary *

BenchmarkDotNet v0.15.8, Linux Ubuntu 24.04.5 LTS (Noble Numbat)
Intel Xeon 6973P-C 2.60GHz, 1 CPU, 4 logical and 2 physical cores
.NET SDK 10.0.401
  [Host]   : .NET 10.0.12 (10.0.12, 10.0.1226.42308), X64 RyuJIT x86-64-v4
  ShortRun : .NET 10.0.12 (10.0.12, 10.0.1226.42308), X64 RyuJIT x86-64-v4

Job=ShortRun  IterationCount=3  LaunchCount=1  
WarmupCount=3  

| Method                         | Mean          | Error       | StdDev     | Ratio  | RatioSD | Gen0   | Allocated | Alloc Ratio |
|------------------------------- |--------------:|------------:|-----------:|-------:|--------:|-------:|----------:|------------:|
| Cache_TryGetValue_ThenGetOrAdd |    29.0106 ns |   6.8554 ns |  0.3758 ns |  0.969 |    0.01 |      - |         - |          NA |
| TypeCheck_Cached               |     9.2174 ns |   0.1404 ns |  0.0077 ns |  0.308 |    0.00 |      - |         - |          NA |
| TypeCheck_Direct               |     0.2967 ns |   0.0247 ns |  0.0014 ns |  0.010 |    0.00 |      - |         - |          NA |
| Send_Command_CacheHit          | 2,257.9403 ns | 419.3981 ns | 22.9886 ns | 75.396 |    0.67 | 0.0305 |    2624 B |          NA |
| Cache_GetOrAdd_Direct          |    29.9480 ns |   0.8861 ns |  0.0486 ns |  1.000 |    0.00 |      - |         - |          NA |
| Publish_Notification_CacheHit  | 2,027.3380 ns | 403.0117 ns | 22.0904 ns | 67.695 |    0.65 | 0.0210 |    1896 B |          NA |
| Send_Query_CacheHit            | 2,338.1896 ns | 141.1163 ns |  7.7351 ns | 78.075 |    0.25 | 0.0305 |    2600 B |          NA |

// * Warnings *
ZeroMeasurement
  CacheOptimizationBenchmarks.TypeCheck_Direct: ShortRun -> The method duration is indistinguishable from the empty method duration
// * Config Issues *

// * Warnings *
Configuration
  Summary -> The exporter CsvExporter is already present in configuration. There may be unexpected results.
  Summary -> The exporter HtmlExporter is already present in configuration. There may be unexpected results.
  Summary -> The exporter MarkdownExporter-github is already present in configuration. There may be unexpected results.

// * Legends *
  Mean        : Arithmetic mean of all measurements
  Error       : Half of 99.9% confidence interval
  StdDev      : Standard deviation of all measurements
  Ratio       : Mean of the ratio distribution ([Current]/[Baseline])
  RatioSD     : Standard deviation of the ratio distribution ([Current]/[Baseline])
  Gen0        : GC Generation 0 collects per 1000 operations
  Allocated   : Allocated memory per single operation (managed only, inclusive, 1KB = 1024B)
  Alloc Ratio : Allocated memory ratio distribution ([Current]/[Baseline])
  1 ns        : 1 Nanosecond (0.000000001 sec)

// * Diagnostic Output - MemoryDiagnoser *


// ***** BenchmarkRunner: End *****
Run time: 00:01:04 (64.41 sec), executed benchmarks: 7

Global total time: 00:03:23 (203.8 sec), executed benchmarks: 7
// * Artifacts cleanup *
Artifacts cleanup is finished
