// Validating benchmarks:
// ***** BenchmarkRunner: Start   *****
// ***** Found 5 benchmark(s) in total *****
// ***** Building 1 exe(s) in Parallel: Start   *****
// start dotnet  restore --nodeReuse:false /p:UseSharedCompilation=false /p:Deterministic=true /p:Optimize=true /p:ArtifactsPath="/home/runner/work/Encina/Encina/tests/Encina.BenchmarkTests/Encina.Benchmarks/bin/Release/net10.0/Encina.Benchmarks-ShortRun-1/" /p:OutDir="/home/runner/work/Encina/Encina/tests/Encina.BenchmarkTests/Encina.Benchmarks/bin/Release/net10.0/Encina.Benchmarks-ShortRun-1/bin/Release/net10.0/" /p:OutputPath="/home/runner/work/Encina/Encina/tests/Encina.BenchmarkTests/Encina.Benchmarks/bin/Release/net10.0/Encina.Benchmarks-ShortRun-1/bin/Release/net10.0/" /p:PublishDir="/home/runner/work/Encina/Encina/tests/Encina.BenchmarkTests/Encina.Benchmarks/bin/Release/net10.0/Encina.Benchmarks-ShortRun-1/publish/" in /home/runner/work/Encina/Encina/tests/Encina.BenchmarkTests/Encina.Benchmarks/bin/Release/net10.0/Encina.Benchmarks-ShortRun-1
// command took 3.72 sec and exited with 0
// start dotnet  build -c Release --no-restore --nodeReuse:false /p:UseSharedCompilation=false /p:Deterministic=true /p:Optimize=true /p:ArtifactsPath="/home/runner/work/Encina/Encina/tests/Encina.BenchmarkTests/Encina.Benchmarks/bin/Release/net10.0/Encina.Benchmarks-ShortRun-1/" /p:OutDir="/home/runner/work/Encina/Encina/tests/Encina.BenchmarkTests/Encina.Benchmarks/bin/Release/net10.0/Encina.Benchmarks-ShortRun-1/bin/Release/net10.0/" /p:OutputPath="/home/runner/work/Encina/Encina/tests/Encina.BenchmarkTests/Encina.Benchmarks/bin/Release/net10.0/Encina.Benchmarks-ShortRun-1/bin/Release/net10.0/" /p:PublishDir="/home/runner/work/Encina/Encina/tests/Encina.BenchmarkTests/Encina.Benchmarks/bin/Release/net10.0/Encina.Benchmarks-ShortRun-1/publish/" --output "/home/runner/work/Encina/Encina/tests/Encina.BenchmarkTests/Encina.Benchmarks/bin/Release/net10.0/Encina.Benchmarks-ShortRun-1/bin/Release/net10.0/" in /home/runner/work/Encina/Encina/tests/Encina.BenchmarkTests/Encina.Benchmarks/bin/Release/net10.0/Encina.Benchmarks-ShortRun-1
// command took 186.22 sec and exited with 0
// ***** Done, took 00:03:10 (190.1 sec)   *****
// Found 5 benchmarks:
//   DelegateInvocationBenchmarks.CompiledDelegate: ShortRun(IterationCount=3, LaunchCount=1, WarmupCount=3)
//   DelegateInvocationBenchmarks.DirectCall: ShortRun(IterationCount=3, LaunchCount=1, WarmupCount=3)
//   DelegateInvocationBenchmarks.ExpressionCompilation: ShortRun(IterationCount=3, LaunchCount=1, WarmupCount=3)
//   DelegateInvocationBenchmarks.GenericTypeConstruction: ShortRun(IterationCount=3, LaunchCount=1, WarmupCount=3)
//   DelegateInvocationBenchmarks.MethodInfoInvoke: ShortRun(IterationCount=3, LaunchCount=1, WarmupCount=3)

// **************************
// Benchmark: DelegateInvocationBenchmarks.CompiledDelegate: ShortRun(IterationCount=3, LaunchCount=1, WarmupCount=3)
// *** Execute ***
// Launch: 1 / 1
// Execute: dotnet Encina.Benchmarks-ShortRun-1.dll --anonymousPipes 223 224 --benchmarkName Encina.Benchmarks.DelegateInvocationBenchmarks.CompiledDelegate --job ShortRun --benchmarkId 0 in /home/runner/work/Encina/Encina/tests/Encina.BenchmarkTests/Encina.Benchmarks/bin/Release/net10.0/Encina.Benchmarks-ShortRun-1/bin/Release/net10.0
// Failed to set up high priority (Permission denied). In order to run benchmarks with high priority, make sure you have the right permissions.
// BeforeAnythingElse

// Benchmark Process Environment Information:
// BenchmarkDotNet v0.15.8
// Runtime=.NET 10.0.12 (10.0.12, 10.0.1226.42308), X64 RyuJIT x86-64-v3
// GC=Concurrent Workstation
// HardwareIntrinsics=AVX2+BMI1+BMI2+F16C+FMA+LZCNT+MOVBE,AVX,SSE3+SSSE3+SSE4.1+SSE4.2+POPCNT,X86Base+SSE+SSE2,AES+PCLMUL VectorSize=256
// Job: ShortRun(IterationCount=3, LaunchCount=1, WarmupCount=3)

OverheadJitting  1: 1 op, 239510.00 ns, 239.5100 us/op
WorkloadJitting  1: 1 op, 5699726.00 ns, 5.6997 ms/op

OverheadJitting  2: 16 op, 246040.00 ns, 15.3775 us/op
WorkloadJitting  2: 16 op, 282865.00 ns, 17.6791 us/op

WorkloadPilot    1: 16 op, 4086.00 ns, 255.3750 ns/op
WorkloadPilot    2: 32 op, 3695.00 ns, 115.4688 ns/op
WorkloadPilot    3: 64 op, 21953.00 ns, 343.0156 ns/op
WorkloadPilot    4: 128 op, 31197.00 ns, 243.7266 ns/op
WorkloadPilot    5: 256 op, 47782.00 ns, 186.6484 ns/op
WorkloadPilot    6: 512 op, 50886.00 ns, 99.3867 ns/op
WorkloadPilot    7: 1024 op, 142323.00 ns, 138.9873 ns/op
WorkloadPilot    8: 2048 op, 236345.00 ns, 115.4028 ns/op
WorkloadPilot    9: 4096 op, 338799.00 ns, 82.7146 ns/op
WorkloadPilot   10: 8192 op, 728495.00 ns, 88.9276 ns/op
WorkloadPilot   11: 16384 op, 1547636.00 ns, 94.4602 ns/op
WorkloadPilot   12: 32768 op, 3088191.00 ns, 94.2441 ns/op
WorkloadPilot   13: 65536 op, 6184234.00 ns, 94.3639 ns/op
WorkloadPilot   14: 131072 op, 12111912.00 ns, 92.4066 ns/op
WorkloadPilot   15: 262144 op, 12347596.00 ns, 47.1023 ns/op
WorkloadPilot   16: 524288 op, 19999186.00 ns, 38.1454 ns/op
WorkloadPilot   17: 1048576 op, 39310117.00 ns, 37.4890 ns/op
WorkloadPilot   18: 2097152 op, 81923229.00 ns, 39.0640 ns/op
WorkloadPilot   19: 4194304 op, 156106365.00 ns, 37.2187 ns/op
WorkloadPilot   20: 8388608 op, 314388382.00 ns, 37.4780 ns/op
WorkloadPilot   21: 16777216 op, 628017713.00 ns, 37.4328 ns/op

OverheadWarmup   1: 16777216 op, 30631134.00 ns, 1.8258 ns/op
OverheadWarmup   2: 16777216 op, 30669973.00 ns, 1.8281 ns/op
OverheadWarmup   3: 16777216 op, 30652196.00 ns, 1.8270 ns/op
OverheadWarmup   4: 16777216 op, 30610914.00 ns, 1.8246 ns/op
OverheadWarmup   5: 16777216 op, 30565786.00 ns, 1.8219 ns/op
OverheadWarmup   6: 16777216 op, 30588460.00 ns, 1.8232 ns/op
OverheadWarmup   7: 16777216 op, 30681530.00 ns, 1.8288 ns/op
OverheadWarmup   8: 16777216 op, 31251176.00 ns, 1.8627 ns/op
OverheadWarmup   9: 16777216 op, 31462584.00 ns, 1.8753 ns/op
OverheadWarmup  10: 16777216 op, 31043985.00 ns, 1.8504 ns/op

OverheadActual   1: 16777216 op, 30591696.00 ns, 1.8234 ns/op
OverheadActual   2: 16777216 op, 30621690.00 ns, 1.8252 ns/op
OverheadActual   3: 16777216 op, 30602522.00 ns, 1.8241 ns/op
OverheadActual   4: 16777216 op, 30652256.00 ns, 1.8270 ns/op
OverheadActual   5: 16777216 op, 30589963.00 ns, 1.8233 ns/op
OverheadActual   6: 16777216 op, 30583553.00 ns, 1.8229 ns/op
OverheadActual   7: 16777216 op, 30687369.00 ns, 1.8291 ns/op
OverheadActual   8: 16777216 op, 30582512.00 ns, 1.8229 ns/op
OverheadActual   9: 16777216 op, 30598305.00 ns, 1.8238 ns/op
OverheadActual  10: 16777216 op, 30707929.00 ns, 1.8303 ns/op
OverheadActual  11: 16777216 op, 30603613.00 ns, 1.8241 ns/op
OverheadActual  12: 16777216 op, 30638355.00 ns, 1.8262 ns/op
OverheadActual  13: 16777216 op, 30583623.00 ns, 1.8229 ns/op
OverheadActual  14: 16777216 op, 30768461.00 ns, 1.8339 ns/op
OverheadActual  15: 16777216 op, 30608901.00 ns, 1.8244 ns/op

WorkloadWarmup   1: 16777216 op, 639955424.00 ns, 38.1443 ns/op
WorkloadWarmup   2: 16777216 op, 639793678.00 ns, 38.1347 ns/op
WorkloadWarmup   3: 16777216 op, 632194037.00 ns, 37.6817 ns/op

// BeforeActualRun
WorkloadActual   1: 16777216 op, 631784325.00 ns, 37.6573 ns/op
WorkloadActual   2: 16777216 op, 633477602.00 ns, 37.7582 ns/op
WorkloadActual   3: 16777216 op, 635153664.00 ns, 37.8581 ns/op

// AfterActualRun
WorkloadResult   1: 16777216 op, 601180712.00 ns, 35.8332 ns/op
WorkloadResult   2: 16777216 op, 602873989.00 ns, 35.9341 ns/op
WorkloadResult   3: 16777216 op, 604550051.00 ns, 36.0340 ns/op
// GC:  112 0 0 1879048192 16777216
// Threading:  0 0 16777216

// AfterAll
// Benchmark Process 3878 has exited with code 0.

Mean = 35.934 ns, StdErr = 0.058 ns (0.16%), N = 3, StdDev = 0.100 ns
Min = 35.833 ns, Q1 = 35.884 ns, Median = 35.934 ns, Q3 = 35.984 ns, Max = 36.034 ns
IQR = 0.100 ns, LowerFence = 35.733 ns, UpperFence = 36.135 ns
ConfidenceInterval = [34.102 ns; 37.766 ns] (CI 99.9%), Margin = 1.832 ns (5.10% of Mean)
Skewness = -0, Kurtosis = 0.67, MValue = 2

// ** Remained 4 (80.0 %) benchmark(s) to run. Estimated finish 2026-09-27 9:39 (0h 0m from now) **
// **************************
// Benchmark: DelegateInvocationBenchmarks.DirectCall: ShortRun(IterationCount=3, LaunchCount=1, WarmupCount=3)
// *** Execute ***
// Launch: 1 / 1
// Execute: dotnet Encina.Benchmarks-ShortRun-1.dll --anonymousPipes 223 224 --benchmarkName Encina.Benchmarks.DelegateInvocationBenchmarks.DirectCall --job ShortRun --benchmarkId 1 in /home/runner/work/Encina/Encina/tests/Encina.BenchmarkTests/Encina.Benchmarks/bin/Release/net10.0/Encina.Benchmarks-ShortRun-1/bin/Release/net10.0
// Failed to set up high priority (Permission denied). In order to run benchmarks with high priority, make sure you have the right permissions.
// BeforeAnythingElse

// Benchmark Process Environment Information:
// BenchmarkDotNet v0.15.8
// Runtime=.NET 10.0.12 (10.0.12, 10.0.1226.42308), X64 RyuJIT x86-64-v3
// GC=Concurrent Workstation
// HardwareIntrinsics=AVX2+BMI1+BMI2+F16C+FMA+LZCNT+MOVBE,AVX,SSE3+SSSE3+SSE4.1+SSE4.2+POPCNT,X86Base+SSE+SSE2,AES+PCLMUL VectorSize=256
// Job: ShortRun(IterationCount=3, LaunchCount=1, WarmupCount=3)

OverheadJitting  1: 1000 op, 240963.00 ns, 240.9630 ns/op
WorkloadJitting  1: 1000 op, 5975309.00 ns, 5.9753 us/op

OverheadJitting  2: 16000 op, 232639.00 ns, 14.5399 ns/op
WorkloadJitting  2: 16000 op, 1960119.00 ns, 122.5074 ns/op

WorkloadPilot    1: 16000 op, 1443913.00 ns, 90.2446 ns/op
WorkloadPilot    2: 32000 op, 2185829.00 ns, 68.3072 ns/op
WorkloadPilot    3: 64000 op, 4427381.00 ns, 69.1778 ns/op
WorkloadPilot    4: 128000 op, 9231208.00 ns, 72.1188 ns/op
WorkloadPilot    5: 256000 op, 11685600.00 ns, 45.6469 ns/op
WorkloadPilot    6: 512000 op, 15634070.00 ns, 30.5353 ns/op
WorkloadPilot    7: 1024000 op, 29513540.00 ns, 28.8218 ns/op
WorkloadPilot    8: 2048000 op, 63553330.00 ns, 31.0319 ns/op
WorkloadPilot    9: 4096000 op, 115938680.00 ns, 28.3053 ns/op
WorkloadPilot   10: 8192000 op, 230556005.00 ns, 28.1440 ns/op
WorkloadPilot   11: 16384000 op, 458421296.00 ns, 27.9798 ns/op
WorkloadPilot   12: 32768000 op, 928893471.00 ns, 28.3476 ns/op

OverheadWarmup   1: 32768000 op, 75403.00 ns, 0.0023 ns/op
OverheadWarmup   2: 32768000 op, 66590.00 ns, 0.0020 ns/op
OverheadWarmup   3: 32768000 op, 66590.00 ns, 0.0020 ns/op
OverheadWarmup   4: 32768000 op, 66380.00 ns, 0.0020 ns/op
OverheadWarmup   5: 32768000 op, 65599.00 ns, 0.0020 ns/op
OverheadWarmup   6: 32768000 op, 66400.00 ns, 0.0020 ns/op
OverheadWarmup   7: 32768000 op, 66019.00 ns, 0.0020 ns/op

OverheadActual   1: 32768000 op, 68132.00 ns, 0.0021 ns/op
OverheadActual   2: 32768000 op, 66710.00 ns, 0.0020 ns/op
OverheadActual   3: 32768000 op, 68734.00 ns, 0.0021 ns/op
OverheadActual   4: 32768000 op, 66070.00 ns, 0.0020 ns/op
OverheadActual   5: 32768000 op, 65909.00 ns, 0.0020 ns/op
OverheadActual   6: 32768000 op, 67101.00 ns, 0.0020 ns/op
OverheadActual   7: 32768000 op, 66100.00 ns, 0.0020 ns/op
OverheadActual   8: 32768000 op, 66440.00 ns, 0.0020 ns/op
OverheadActual   9: 32768000 op, 66290.00 ns, 0.0020 ns/op
OverheadActual  10: 32768000 op, 66620.00 ns, 0.0020 ns/op
OverheadActual  11: 32768000 op, 65588.00 ns, 0.0020 ns/op
OverheadActual  12: 32768000 op, 66290.00 ns, 0.0020 ns/op
OverheadActual  13: 32768000 op, 65469.00 ns, 0.0020 ns/op
OverheadActual  14: 32768000 op, 75324.00 ns, 0.0023 ns/op
OverheadActual  15: 32768000 op, 67772.00 ns, 0.0021 ns/op

WorkloadWarmup   1: 32768000 op, 933601166.00 ns, 28.4912 ns/op
WorkloadWarmup   2: 32768000 op, 922650709.00 ns, 28.1571 ns/op
WorkloadWarmup   3: 32768000 op, 913120145.00 ns, 27.8662 ns/op

// BeforeActualRun
WorkloadActual   1: 32768000 op, 914298315.00 ns, 27.9022 ns/op
WorkloadActual   2: 32768000 op, 916503219.00 ns, 27.9695 ns/op
WorkloadActual   3: 32768000 op, 919395205.00 ns, 28.0577 ns/op

// AfterActualRun
WorkloadResult   1: 32768000 op, 914231875.00 ns, 27.9001 ns/op
WorkloadResult   2: 32768000 op, 916436779.00 ns, 27.9674 ns/op
WorkloadResult   3: 32768000 op, 919328765.00 ns, 28.0557 ns/op
// GC:  219 0 0 3670016000 32768000
// Threading:  0 0 32768000

// AfterAll
// Benchmark Process 3886 has exited with code 0.

Mean = 27.974 ns, StdErr = 0.045 ns (0.16%), N = 3, StdDev = 0.078 ns
Min = 27.900 ns, Q1 = 27.934 ns, Median = 27.967 ns, Q3 = 28.012 ns, Max = 28.056 ns
IQR = 0.078 ns, LowerFence = 27.817 ns, UpperFence = 28.128 ns
ConfidenceInterval = [26.551 ns; 29.398 ns] (CI 99.9%), Margin = 1.423 ns (5.09% of Mean)
Skewness = 0.09, Kurtosis = 0.67, MValue = 2

// ** Remained 3 (60.0 %) benchmark(s) to run. Estimated finish 2026-09-27 9:39 (0h 0m from now) **
// **************************
// Benchmark: DelegateInvocationBenchmarks.ExpressionCompilation: ShortRun(IterationCount=3, LaunchCount=1, WarmupCount=3)
// *** Execute ***
// Launch: 1 / 1
// Execute: dotnet Encina.Benchmarks-ShortRun-1.dll --anonymousPipes 223 224 --benchmarkName Encina.Benchmarks.DelegateInvocationBenchmarks.ExpressionCompilation --job ShortRun --benchmarkId 2 in /home/runner/work/Encina/Encina/tests/Encina.BenchmarkTests/Encina.Benchmarks/bin/Release/net10.0/Encina.Benchmarks-ShortRun-1/bin/Release/net10.0
// Failed to set up high priority (Permission denied). In order to run benchmarks with high priority, make sure you have the right permissions.
// BeforeAnythingElse

// Benchmark Process Environment Information:
// BenchmarkDotNet v0.15.8
// Runtime=.NET 10.0.12 (10.0.12, 10.0.1226.42308), X64 RyuJIT x86-64-v3
// GC=Concurrent Workstation
// HardwareIntrinsics=AVX2+BMI1+BMI2+F16C+FMA+LZCNT+MOVBE,AVX,SSE3+SSSE3+SSE4.1+SSE4.2+POPCNT,X86Base+SSE+SSE2,AES+PCLMUL VectorSize=256
// Job: ShortRun(IterationCount=3, LaunchCount=1, WarmupCount=3)

OverheadJitting  1: 1 op, 268433.00 ns, 268.4330 us/op
WorkloadJitting  1: 1 op, 731690.00 ns, 731.6900 us/op

OverheadJitting  2: 16 op, 579001.00 ns, 36.1876 us/op
WorkloadJitting  2: 16 op, 2050361.00 ns, 128.1476 us/op

WorkloadPilot    1: 16 op, 1396829.00 ns, 87.3018 us/op
WorkloadPilot    2: 32 op, 2079705.00 ns, 64.9908 us/op
WorkloadPilot    3: 64 op, 4400634.00 ns, 68.7599 us/op
WorkloadPilot    4: 128 op, 9079625.00 ns, 70.9346 us/op
WorkloadPilot    5: 256 op, 17505158.00 ns, 68.3795 us/op
WorkloadPilot    6: 512 op, 36144070.00 ns, 70.5939 us/op
WorkloadPilot    7: 1024 op, 68326175.00 ns, 66.7248 us/op
WorkloadPilot    8: 2048 op, 137569278.00 ns, 67.1725 us/op
WorkloadPilot    9: 4096 op, 275427570.00 ns, 67.2431 us/op
WorkloadPilot   10: 8192 op, 533362060.00 ns, 65.1077 us/op

OverheadWarmup   1: 8192 op, 28153.00 ns, 3.4366 ns/op
OverheadWarmup   2: 8192 op, 41672.00 ns, 5.0869 ns/op
OverheadWarmup   3: 8192 op, 40230.00 ns, 4.9109 ns/op
OverheadWarmup   4: 8192 op, 40060.00 ns, 4.8901 ns/op
OverheadWarmup   5: 8192 op, 40371.00 ns, 4.9281 ns/op
OverheadWarmup   6: 8192 op, 39980.00 ns, 4.8804 ns/op

OverheadActual   1: 8192 op, 44246.00 ns, 5.4011 ns/op
OverheadActual   2: 8192 op, 37266.00 ns, 4.5491 ns/op
OverheadActual   3: 8192 op, 37566.00 ns, 4.5857 ns/op
OverheadActual   4: 8192 op, 36676.00 ns, 4.4771 ns/op
OverheadActual   5: 8192 op, 37426.00 ns, 4.5686 ns/op
OverheadActual   6: 8192 op, 30906.00 ns, 3.7727 ns/op
OverheadActual   7: 8192 op, 30846.00 ns, 3.7654 ns/op
OverheadActual   8: 8192 op, 27952.00 ns, 3.4121 ns/op
OverheadActual   9: 8192 op, 30766.00 ns, 3.7556 ns/op
OverheadActual  10: 8192 op, 30786.00 ns, 3.7581 ns/op
OverheadActual  11: 8192 op, 30806.00 ns, 3.7605 ns/op
OverheadActual  12: 8192 op, 30786.00 ns, 3.7581 ns/op
OverheadActual  13: 8192 op, 30787.00 ns, 3.7582 ns/op
OverheadActual  14: 8192 op, 30816.00 ns, 3.7617 ns/op
OverheadActual  15: 8192 op, 30796.00 ns, 3.7593 ns/op
OverheadActual  16: 8192 op, 30796.00 ns, 3.7593 ns/op
OverheadActual  17: 8192 op, 30796.00 ns, 3.7593 ns/op
OverheadActual  18: 8192 op, 27892.00 ns, 3.4048 ns/op
OverheadActual  19: 8192 op, 33651.00 ns, 4.1078 ns/op
OverheadActual  20: 8192 op, 33711.00 ns, 4.1151 ns/op

WorkloadWarmup   1: 8192 op, 540401659.00 ns, 65.9670 us/op
WorkloadWarmup   2: 8192 op, 553040183.00 ns, 67.5098 us/op
WorkloadWarmup   3: 8192 op, 519363512.00 ns, 63.3989 us/op

// BeforeActualRun
WorkloadActual   1: 8192 op, 530659062.00 ns, 64.7777 us/op
WorkloadActual   2: 8192 op, 519351829.00 ns, 63.3974 us/op
WorkloadActual   3: 8192 op, 514999282.00 ns, 62.8661 us/op

// AfterActualRun
WorkloadResult   1: 8192 op, 530628251.00 ns, 64.7740 us/op
WorkloadResult   2: 8192 op, 519321018.00 ns, 63.3937 us/op
WorkloadResult   3: 8192 op, 514968471.00 ns, 62.8624 us/op
// GC:  2 1 0 43211496 8192
// Threading:  0 0 8192

// AfterAll
// Benchmark Process 3953 has exited with code 0.

Mean = 63.677 μs, StdErr = 0.570 μs (0.89%), N = 3, StdDev = 0.987 μs
Min = 62.862 μs, Q1 = 63.128 μs, Median = 63.394 μs, Q3 = 64.084 μs, Max = 64.774 μs
IQR = 0.956 μs, LowerFence = 61.694 μs, UpperFence = 65.518 μs
ConfidenceInterval = [45.675 μs; 81.678 μs] (CI 99.9%), Margin = 18.001 μs (28.27% of Mean)
Skewness = 0.26, Kurtosis = 0.67, MValue = 2

// ** Remained 2 (40.0 %) benchmark(s) to run. Estimated finish 2026-09-27 9:39 (0h 0m from now) **
// **************************
// Benchmark: DelegateInvocationBenchmarks.GenericTypeConstruction: ShortRun(IterationCount=3, LaunchCount=1, WarmupCount=3)
// *** Execute ***
// Launch: 1 / 1
// Execute: dotnet Encina.Benchmarks-ShortRun-1.dll --anonymousPipes 223 224 --benchmarkName Encina.Benchmarks.DelegateInvocationBenchmarks.GenericTypeConstruction --job ShortRun --benchmarkId 3 in /home/runner/work/Encina/Encina/tests/Encina.BenchmarkTests/Encina.Benchmarks/bin/Release/net10.0/Encina.Benchmarks-ShortRun-1/bin/Release/net10.0
// Failed to set up high priority (Permission denied). In order to run benchmarks with high priority, make sure you have the right permissions.
// BeforeAnythingElse

// Benchmark Process Environment Information:
// BenchmarkDotNet v0.15.8
// Runtime=.NET 10.0.12 (10.0.12, 10.0.1226.42308), X64 RyuJIT x86-64-v3
// GC=Concurrent Workstation
// HardwareIntrinsics=AVX2+BMI1+BMI2+F16C+FMA+LZCNT+MOVBE,AVX,SSE3+SSSE3+SSE4.1+SSE4.2+POPCNT,X86Base+SSE+SSE2,AES+PCLMUL VectorSize=256
// Job: ShortRun(IterationCount=3, LaunchCount=1, WarmupCount=3)

OverheadJitting  1: 1 op, 221483.00 ns, 221.4830 us/op
WorkloadJitting  1: 1 op, 5865746.00 ns, 5.8657 ms/op

OverheadJitting  2: 16 op, 230026.00 ns, 14.3766 us/op
WorkloadJitting  2: 16 op, 645250.00 ns, 40.3281 us/op

WorkloadPilot    1: 16 op, 253491.00 ns, 15.8432 us/op
WorkloadPilot    2: 32 op, 224047.00 ns, 7.0015 us/op
WorkloadPilot    3: 64 op, 220221.00 ns, 3.4410 us/op
WorkloadPilot    4: 128 op, 223676.00 ns, 1.7475 us/op
WorkloadPilot    5: 256 op, 279581.00 ns, 1.0921 us/op
WorkloadPilot    6: 512 op, 317247.00 ns, 619.6230 ns/op
WorkloadPilot    7: 1024 op, 443246.00 ns, 432.8574 ns/op
WorkloadPilot    8: 2048 op, 590598.00 ns, 288.3779 ns/op
WorkloadPilot    9: 4096 op, 1011480.00 ns, 246.9434 ns/op
WorkloadPilot   10: 8192 op, 1792144.00 ns, 218.7676 ns/op
WorkloadPilot   11: 16384 op, 3361202.00 ns, 205.1515 ns/op
WorkloadPilot   12: 32768 op, 6525698.00 ns, 199.1485 ns/op
WorkloadPilot   13: 65536 op, 13939340.00 ns, 212.6974 ns/op
WorkloadPilot   14: 131072 op, 26614752.00 ns, 203.0544 ns/op
WorkloadPilot   15: 262144 op, 35835772.00 ns, 136.7026 ns/op
WorkloadPilot   16: 524288 op, 70749287.00 ns, 134.9436 ns/op
WorkloadPilot   17: 1048576 op, 140780424.00 ns, 134.2587 ns/op
WorkloadPilot   18: 2097152 op, 292005135.00 ns, 139.2389 ns/op
WorkloadPilot   19: 4194304 op, 552824708.00 ns, 131.8037 ns/op

OverheadWarmup   1: 4194304 op, 7703308.00 ns, 1.8366 ns/op
OverheadWarmup   2: 4194304 op, 7675897.00 ns, 1.8301 ns/op
OverheadWarmup   3: 4194304 op, 7673974.00 ns, 1.8296 ns/op
OverheadWarmup   4: 4194304 op, 7649427.00 ns, 1.8238 ns/op
OverheadWarmup   5: 4194304 op, 7656017.00 ns, 1.8253 ns/op
OverheadWarmup   6: 4194304 op, 7666462.00 ns, 1.8278 ns/op
OverheadWarmup   7: 4194304 op, 7689197.00 ns, 1.8332 ns/op
OverheadWarmup   8: 4194304 op, 7658771.00 ns, 1.8260 ns/op
OverheadWarmup   9: 4194304 op, 7654955.00 ns, 1.8251 ns/op
OverheadWarmup  10: 4194304 op, 7648366.00 ns, 1.8235 ns/op

OverheadActual   1: 4194304 op, 7684920.00 ns, 1.8322 ns/op
OverheadActual   2: 4194304 op, 7706262.00 ns, 1.8373 ns/op
OverheadActual   3: 4194304 op, 7691821.00 ns, 1.8339 ns/op
OverheadActual   4: 4194304 op, 7659172.00 ns, 1.8261 ns/op
OverheadActual   5: 4194304 op, 7652702.00 ns, 1.8245 ns/op
OverheadActual   6: 4194304 op, 7646983.00 ns, 1.8232 ns/op
OverheadActual   7: 4194304 op, 7655597.00 ns, 1.8252 ns/op
OverheadActual   8: 4194304 op, 7853323.00 ns, 1.8724 ns/op
OverheadActual   9: 4194304 op, 7661095.00 ns, 1.8265 ns/op
OverheadActual  10: 4194304 op, 7651771.00 ns, 1.8243 ns/op
OverheadActual  11: 4194304 op, 7652251.00 ns, 1.8244 ns/op
OverheadActual  12: 4194304 op, 7649007.00 ns, 1.8237 ns/op
OverheadActual  13: 4194304 op, 7640093.00 ns, 1.8215 ns/op
OverheadActual  14: 4194304 op, 7668045.00 ns, 1.8282 ns/op
OverheadActual  15: 4194304 op, 7654805.00 ns, 1.8250 ns/op

WorkloadWarmup   1: 4194304 op, 577338032.00 ns, 137.6481 ns/op
WorkloadWarmup   2: 4194304 op, 567494848.00 ns, 135.3013 ns/op
WorkloadWarmup   3: 4194304 op, 546700363.00 ns, 130.3435 ns/op

// BeforeActualRun
WorkloadActual   1: 4194304 op, 566686824.00 ns, 135.1087 ns/op
WorkloadActual   2: 4194304 op, 564096810.00 ns, 134.4912 ns/op
WorkloadActual   3: 4194304 op, 569378519.00 ns, 135.7504 ns/op

// AfterActualRun
WorkloadResult   1: 4194304 op, 559031227.00 ns, 133.2834 ns/op
WorkloadResult   2: 4194304 op, 556441213.00 ns, 132.6659 ns/op
WorkloadResult   3: 4194304 op, 561722922.00 ns, 133.9252 ns/op
// GC:  44 0 0 738200352 4194304
// Threading:  0 0 4194304

// AfterAll
// Benchmark Process 3962 has exited with code 0.

Mean = 133.292 ns, StdErr = 0.364 ns (0.27%), N = 3, StdDev = 0.630 ns
Min = 132.666 ns, Q1 = 132.975 ns, Median = 133.283 ns, Q3 = 133.604 ns, Max = 133.925 ns
IQR = 0.630 ns, LowerFence = 132.030 ns, UpperFence = 134.549 ns
ConfidenceInterval = [121.804 ns; 144.779 ns] (CI 99.9%), Margin = 11.487 ns (8.62% of Mean)
Skewness = 0.01, Kurtosis = 0.67, MValue = 2

// ** Remained 1 (20.0 %) benchmark(s) to run. Estimated finish 2026-09-27 9:39 (0h 0m from now) **
// **************************
// Benchmark: DelegateInvocationBenchmarks.MethodInfoInvoke: ShortRun(IterationCount=3, LaunchCount=1, WarmupCount=3)
// *** Execute ***
// Launch: 1 / 1
// Execute: dotnet Encina.Benchmarks-ShortRun-1.dll --anonymousPipes 223 224 --benchmarkName Encina.Benchmarks.DelegateInvocationBenchmarks.MethodInfoInvoke --job ShortRun --benchmarkId 4 in /home/runner/work/Encina/Encina/tests/Encina.BenchmarkTests/Encina.Benchmarks/bin/Release/net10.0/Encina.Benchmarks-ShortRun-1/bin/Release/net10.0
// Failed to set up high priority (Permission denied). In order to run benchmarks with high priority, make sure you have the right permissions.
// BeforeAnythingElse

// Benchmark Process Environment Information:
// BenchmarkDotNet v0.15.8
// Runtime=.NET 10.0.12 (10.0.12, 10.0.1226.42308), X64 RyuJIT x86-64-v3
// GC=Concurrent Workstation
// HardwareIntrinsics=AVX2+BMI1+BMI2+F16C+FMA+LZCNT+MOVBE,AVX,SSE3+SSSE3+SSE4.1+SSE4.2+POPCNT,X86Base+SSE+SSE2,AES+PCLMUL VectorSize=256
// Job: ShortRun(IterationCount=3, LaunchCount=1, WarmupCount=3)

OverheadJitting  1: 1 op, 253862.00 ns, 253.8620 us/op
WorkloadJitting  1: 1 op, 5878385.00 ns, 5.8784 ms/op

OverheadJitting  2: 16 op, 234713.00 ns, 14.6696 us/op
WorkloadJitting  2: 16 op, 571279.00 ns, 35.7049 us/op

WorkloadPilot    1: 16 op, 6670.00 ns, 416.8750 ns/op
WorkloadPilot    2: 32 op, 38768.00 ns, 1.2115 us/op
WorkloadPilot    3: 64 op, 29024.00 ns, 453.5000 ns/op
WorkloadPilot    4: 128 op, 47111.00 ns, 368.0547 ns/op
WorkloadPilot    5: 256 op, 77166.00 ns, 301.4297 ns/op
WorkloadPilot    6: 512 op, 114342.00 ns, 223.3242 ns/op
WorkloadPilot    7: 1024 op, 224458.00 ns, 219.1973 ns/op
WorkloadPilot    8: 2048 op, 307231.00 ns, 150.0151 ns/op
WorkloadPilot    9: 4096 op, 710908.00 ns, 173.5615 ns/op
WorkloadPilot   10: 8192 op, 1433174.00 ns, 174.9480 ns/op
WorkloadPilot   11: 16384 op, 2931817.00 ns, 178.9439 ns/op
WorkloadPilot   12: 32768 op, 5731304.00 ns, 174.9055 ns/op
WorkloadPilot   13: 65536 op, 11414697.00 ns, 174.1745 ns/op
WorkloadPilot   14: 131072 op, 16783166.00 ns, 128.0454 ns/op
WorkloadPilot   15: 262144 op, 22804865.00 ns, 86.9937 ns/op
WorkloadPilot   16: 524288 op, 47445100.00 ns, 90.4943 ns/op
WorkloadPilot   17: 1048576 op, 90414283.00 ns, 86.2258 ns/op
WorkloadPilot   18: 2097152 op, 179332227.00 ns, 85.5123 ns/op
WorkloadPilot   19: 4194304 op, 359302690.00 ns, 85.6644 ns/op
WorkloadPilot   20: 8388608 op, 722019712.00 ns, 86.0715 ns/op

OverheadWarmup   1: 8388608 op, 15347145.00 ns, 1.8295 ns/op
OverheadWarmup   2: 8388608 op, 15364631.00 ns, 1.8316 ns/op
OverheadWarmup   3: 8388608 op, 15284110.00 ns, 1.8220 ns/op
OverheadWarmup   4: 8388608 op, 15289127.00 ns, 1.8226 ns/op
OverheadWarmup   5: 8388608 op, 15284101.00 ns, 1.8220 ns/op

OverheadActual   1: 8388608 op, 15356620.00 ns, 1.8307 ns/op
OverheadActual   2: 8388608 op, 15352703.00 ns, 1.8302 ns/op
OverheadActual   3: 8388608 op, 15381477.00 ns, 1.8336 ns/op
OverheadActual   4: 8388608 op, 15357541.00 ns, 1.8308 ns/op
OverheadActual   5: 8388608 op, 15331321.00 ns, 1.8276 ns/op
OverheadActual   6: 8388608 op, 15360896.00 ns, 1.8312 ns/op
OverheadActual   7: 8388608 op, 15331802.00 ns, 1.8277 ns/op
OverheadActual   8: 8388608 op, 15309038.00 ns, 1.8250 ns/op
OverheadActual   9: 8388608 op, 15295317.00 ns, 1.8233 ns/op
OverheadActual  10: 8388608 op, 15400255.00 ns, 1.8359 ns/op
OverheadActual  11: 8388608 op, 15331311.00 ns, 1.8276 ns/op
OverheadActual  12: 8388608 op, 15307305.00 ns, 1.8248 ns/op
OverheadActual  13: 8388608 op, 15296789.00 ns, 1.8235 ns/op
OverheadActual  14: 8388608 op, 15319383.00 ns, 1.8262 ns/op
OverheadActual  15: 8388608 op, 15325332.00 ns, 1.8269 ns/op

WorkloadWarmup   1: 8388608 op, 730423053.00 ns, 87.0732 ns/op
WorkloadWarmup   2: 8388608 op, 738998904.00 ns, 88.0955 ns/op
WorkloadWarmup   3: 8388608 op, 724466746.00 ns, 86.3632 ns/op

// BeforeActualRun
WorkloadActual   1: 8388608 op, 727436627.00 ns, 86.7172 ns/op
WorkloadActual   2: 8388608 op, 727802578.00 ns, 86.7608 ns/op
WorkloadActual   3: 8388608 op, 722530671.00 ns, 86.1324 ns/op

// AfterActualRun
WorkloadResult   1: 8388608 op, 712105306.00 ns, 84.8896 ns/op
WorkloadResult   2: 8388608 op, 712471257.00 ns, 84.9332 ns/op
WorkloadResult   3: 8388608 op, 707199350.00 ns, 84.3047 ns/op
// GC:  88 0 0 1476395008 8388608
// Threading:  0 0 8388608

// AfterAll
// Benchmark Process 3968 has exited with code 0.

Mean = 84.709 ns, StdErr = 0.203 ns (0.24%), N = 3, StdDev = 0.351 ns
Min = 84.305 ns, Q1 = 84.597 ns, Median = 84.890 ns, Q3 = 84.911 ns, Max = 84.933 ns
IQR = 0.314 ns, LowerFence = 84.126 ns, UpperFence = 85.383 ns
ConfidenceInterval = [78.307 ns; 91.111 ns] (CI 99.9%), Margin = 6.402 ns (7.56% of Mean)
Skewness = -0.38, Kurtosis = 0.67, MValue = 2

// ** Remained 0 (0.0 %) benchmark(s) to run. Estimated finish 2026-09-27 9:39 (0h 0m from now) **
// ***** BenchmarkRunner: Finish  *****

// * Export *
  artifacts/performance/Core/results/Encina.Benchmarks.DelegateInvocationBenchmarks-report.csv
  artifacts/performance/Core/results/Encina.Benchmarks.DelegateInvocationBenchmarks-report-github.md
  artifacts/performance/Core/results/Encina.Benchmarks.DelegateInvocationBenchmarks-report.html
  artifacts/performance/Core/results/Encina.Benchmarks.DelegateInvocationBenchmarks-report-full-compressed.json

// * Detailed results *
DelegateInvocationBenchmarks.CompiledDelegate: ShortRun(IterationCount=3, LaunchCount=1, WarmupCount=3)
Runtime = .NET 10.0.12 (10.0.12, 10.0.1226.42308), X64 RyuJIT x86-64-v3; GC = Concurrent Workstation
Mean = 35.934 ns, StdErr = 0.058 ns (0.16%), N = 3, StdDev = 0.100 ns
Min = 35.833 ns, Q1 = 35.884 ns, Median = 35.934 ns, Q3 = 35.984 ns, Max = 36.034 ns
IQR = 0.100 ns, LowerFence = 35.733 ns, UpperFence = 36.135 ns
ConfidenceInterval = [34.102 ns; 37.766 ns] (CI 99.9%), Margin = 1.832 ns (5.10% of Mean)
Skewness = -0, Kurtosis = 0.67, MValue = 2
-------------------- Histogram --------------------
[35.742 ns ; 36.125 ns) | @@@
---------------------------------------------------

DelegateInvocationBenchmarks.DirectCall: ShortRun(IterationCount=3, LaunchCount=1, WarmupCount=3)
Runtime = .NET 10.0.12 (10.0.12, 10.0.1226.42308), X64 RyuJIT x86-64-v3; GC = Concurrent Workstation
Mean = 27.974 ns, StdErr = 0.045 ns (0.16%), N = 3, StdDev = 0.078 ns
Min = 27.900 ns, Q1 = 27.934 ns, Median = 27.967 ns, Q3 = 28.012 ns, Max = 28.056 ns
IQR = 0.078 ns, LowerFence = 27.817 ns, UpperFence = 28.128 ns
ConfidenceInterval = [26.551 ns; 29.398 ns] (CI 99.9%), Margin = 1.423 ns (5.09% of Mean)
Skewness = 0.09, Kurtosis = 0.67, MValue = 2
-------------------- Histogram --------------------
[27.829 ns ; 28.127 ns) | @@@
---------------------------------------------------

DelegateInvocationBenchmarks.ExpressionCompilation: ShortRun(IterationCount=3, LaunchCount=1, WarmupCount=3)
Runtime = .NET 10.0.12 (10.0.12, 10.0.1226.42308), X64 RyuJIT x86-64-v3; GC = Concurrent Workstation
Mean = 63.677 μs, StdErr = 0.570 μs (0.89%), N = 3, StdDev = 0.987 μs
Min = 62.862 μs, Q1 = 63.128 μs, Median = 63.394 μs, Q3 = 64.084 μs, Max = 64.774 μs
IQR = 0.956 μs, LowerFence = 61.694 μs, UpperFence = 65.518 μs
ConfidenceInterval = [45.675 μs; 81.678 μs] (CI 99.9%), Margin = 18.001 μs (28.27% of Mean)
Skewness = 0.26, Kurtosis = 0.67, MValue = 2
-------------------- Histogram --------------------
[62.230 μs ; 64.026 μs) | @@
[64.026 μs ; 65.672 μs) | @
---------------------------------------------------

DelegateInvocationBenchmarks.GenericTypeConstruction: ShortRun(IterationCount=3, LaunchCount=1, WarmupCount=3)
Runtime = .NET 10.0.12 (10.0.12, 10.0.1226.42308), X64 RyuJIT x86-64-v3; GC = Concurrent Workstation
Mean = 133.292 ns, StdErr = 0.364 ns (0.27%), N = 3, StdDev = 0.630 ns
Min = 132.666 ns, Q1 = 132.975 ns, Median = 133.283 ns, Q3 = 133.604 ns, Max = 133.925 ns
IQR = 0.630 ns, LowerFence = 132.030 ns, UpperFence = 134.549 ns
ConfidenceInterval = [121.804 ns; 144.779 ns] (CI 99.9%), Margin = 11.487 ns (8.62% of Mean)
Skewness = 0.01, Kurtosis = 0.67, MValue = 2
-------------------- Histogram --------------------
[132.093 ns ; 134.498 ns) | @@@
---------------------------------------------------

DelegateInvocationBenchmarks.MethodInfoInvoke: ShortRun(IterationCount=3, LaunchCount=1, WarmupCount=3)
Runtime = .NET 10.0.12 (10.0.12, 10.0.1226.42308), X64 RyuJIT x86-64-v3; GC = Concurrent Workstation
Mean = 84.709 ns, StdErr = 0.203 ns (0.24%), N = 3, StdDev = 0.351 ns
Min = 84.305 ns, Q1 = 84.597 ns, Median = 84.890 ns, Q3 = 84.911 ns, Max = 84.933 ns
IQR = 0.314 ns, LowerFence = 84.126 ns, UpperFence = 85.383 ns
ConfidenceInterval = [78.307 ns; 91.111 ns] (CI 99.9%), Margin = 6.402 ns (7.56% of Mean)
Skewness = -0.38, Kurtosis = 0.67, MValue = 2
-------------------- Histogram --------------------
[84.300 ns ; 84.938 ns) | @@@
---------------------------------------------------

// * Summary *

BenchmarkDotNet v0.15.8, Linux Ubuntu 24.04.5 LTS (Noble Numbat)
AMD EPYC 9V74 2.60GHz, 1 CPU, 4 logical and 2 physical cores
.NET SDK 10.0.401
  [Host]   : .NET 10.0.12 (10.0.12, 10.0.1226.42308), X64 RyuJIT x86-64-v3
  ShortRun : .NET 10.0.12 (10.0.12, 10.0.1226.42308), X64 RyuJIT x86-64-v3

Job=ShortRun  IterationCount=3  LaunchCount=1  
WarmupCount=3  

| Method                  | Mean         | Error         | StdDev     | Ratio    | RatioSD | Gen0   | Gen1   | Allocated | Alloc Ratio |
|------------------------ |-------------:|--------------:|-----------:|---------:|--------:|-------:|-------:|----------:|------------:|
| CompiledDelegate        |     35.93 ns |      1.832 ns |   0.100 ns |     1.28 |    0.00 | 0.0067 |      - |     112 B |        1.00 |
| DirectCall              |     27.97 ns |      1.423 ns |   0.078 ns |     1.00 |    0.00 | 0.0067 |      - |     112 B |        1.00 |
| ExpressionCompilation   | 63,676.67 ns | 18,001.381 ns | 986.716 ns | 2,276.26 |   31.04 | 0.2441 | 0.1221 |    5275 B |       47.10 |
| GenericTypeConstruction |    133.29 ns |     11.487 ns |   0.630 ns |     4.76 |    0.02 | 0.0105 |      - |     176 B |        1.57 |
| MethodInfoInvoke        |     84.71 ns |      6.402 ns |   0.351 ns |     3.03 |    0.01 | 0.0105 |      - |     176 B |        1.57 |
// * Config Issues *

// * Warnings *
Configuration
  Summary -> The exporter CsvExporter is already present in configuration. There may be unexpected results.
  Summary -> The exporter HtmlExporter is already present in configuration. There may be unexpected results.
  Summary -> The exporter MarkdownExporter-github is already present in configuration. There may be unexpected results.

// * Legends *
  Mean        : Arithmetic mean of all measurements
  Error       : Half of 99.9% confidence interval
  StdDev      : Standard deviation of all measurements
  Ratio       : Mean of the ratio distribution ([Current]/[Baseline])
  RatioSD     : Standard deviation of the ratio distribution ([Current]/[Baseline])
  Gen0        : GC Generation 0 collects per 1000 operations
  Gen1        : GC Generation 1 collects per 1000 operations
  Allocated   : Allocated memory per single operation (managed only, inclusive, 1KB = 1024B)
  Alloc Ratio : Allocated memory ratio distribution ([Current]/[Baseline])
  1 ns        : 1 Nanosecond (0.000000001 sec)

// * Diagnostic Output - MemoryDiagnoser *


// ***** BenchmarkRunner: End *****
Run time: 00:00:33 (33.62 sec), executed benchmarks: 5

Global total time: 00:03:44 (224.06 sec), executed benchmarks: 5
// * Artifacts cleanup *
Artifacts cleanup is finished
