// Validating benchmarks:
// ***** BenchmarkRunner: Start   *****
// ***** Found 2 benchmark(s) in total *****
// ***** Building 1 exe(s) in Parallel: Start   *****
// start dotnet  restore --nodeReuse:false /p:UseSharedCompilation=false /p:Deterministic=true /p:Optimize=true /p:ArtifactsPath="/home/runner/work/Encina/Encina/tests/Encina.BenchmarkTests/Encina.MongoDB.Benchmarks/bin/Release/net10.0/Encina.MongoDB.Benchmarks-ShortRun-1/" /p:OutDir="/home/runner/work/Encina/Encina/tests/Encina.BenchmarkTests/Encina.MongoDB.Benchmarks/bin/Release/net10.0/Encina.MongoDB.Benchmarks-ShortRun-1/bin/Release/net10.0/" /p:OutputPath="/home/runner/work/Encina/Encina/tests/Encina.BenchmarkTests/Encina.MongoDB.Benchmarks/bin/Release/net10.0/Encina.MongoDB.Benchmarks-ShortRun-1/bin/Release/net10.0/" /p:PublishDir="/home/runner/work/Encina/Encina/tests/Encina.BenchmarkTests/Encina.MongoDB.Benchmarks/bin/Release/net10.0/Encina.MongoDB.Benchmarks-ShortRun-1/publish/" in /home/runner/work/Encina/Encina/tests/Encina.BenchmarkTests/Encina.MongoDB.Benchmarks/bin/Release/net10.0/Encina.MongoDB.Benchmarks-ShortRun-1
// command took 2.81 sec and exited with 0
// start dotnet  build -c Release --no-restore --nodeReuse:false /p:UseSharedCompilation=false /p:Deterministic=true /p:Optimize=true /p:ArtifactsPath="/home/runner/work/Encina/Encina/tests/Encina.BenchmarkTests/Encina.MongoDB.Benchmarks/bin/Release/net10.0/Encina.MongoDB.Benchmarks-ShortRun-1/" /p:OutDir="/home/runner/work/Encina/Encina/tests/Encina.BenchmarkTests/Encina.MongoDB.Benchmarks/bin/Release/net10.0/Encina.MongoDB.Benchmarks-ShortRun-1/bin/Release/net10.0/" /p:OutputPath="/home/runner/work/Encina/Encina/tests/Encina.BenchmarkTests/Encina.MongoDB.Benchmarks/bin/Release/net10.0/Encina.MongoDB.Benchmarks-ShortRun-1/bin/Release/net10.0/" /p:PublishDir="/home/runner/work/Encina/Encina/tests/Encina.BenchmarkTests/Encina.MongoDB.Benchmarks/bin/Release/net10.0/Encina.MongoDB.Benchmarks-ShortRun-1/publish/" --output "/home/runner/work/Encina/Encina/tests/Encina.BenchmarkTests/Encina.MongoDB.Benchmarks/bin/Release/net10.0/Encina.MongoDB.Benchmarks-ShortRun-1/bin/Release/net10.0/" in /home/runner/work/Encina/Encina/tests/Encina.BenchmarkTests/Encina.MongoDB.Benchmarks/bin/Release/net10.0/Encina.MongoDB.Benchmarks-ShortRun-1
// command took 105.44 sec and exited with 0
// ***** Done, took 00:01:48 (108.5 sec)   *****
// Found 2 benchmarks:
//   OutboxStoreBenchmarks.AddAsync_Single: ShortRun(IterationCount=3, LaunchCount=1, WarmupCount=3)
//   OutboxStoreBenchmarks.GetPendingMessagesAsync_Batch100: ShortRun(IterationCount=3, LaunchCount=1, WarmupCount=3)

// **************************
// Benchmark: OutboxStoreBenchmarks.AddAsync_Single: ShortRun(IterationCount=3, LaunchCount=1, WarmupCount=3)
// *** Execute ***
// Launch: 1 / 1
// Execute: dotnet Encina.MongoDB.Benchmarks-ShortRun-1.dll --anonymousPipes 148 149 --benchmarkName Encina.MongoDB.Benchmarks.Benchmarks.OutboxStoreBenchmarks.AddAsync_Single --job ShortRun --benchmarkId 0 in /home/runner/work/Encina/Encina/tests/Encina.BenchmarkTests/Encina.MongoDB.Benchmarks/bin/Release/net10.0/Encina.MongoDB.Benchmarks-ShortRun-1/bin/Release/net10.0
// Failed to set up high priority (Permission denied). In order to run benchmarks with high priority, make sure you have the right permissions.
// BeforeAnythingElse

// Benchmark Process Environment Information:
// BenchmarkDotNet v0.15.8
// Runtime=.NET 10.0.12 (10.0.12, 10.0.1226.42308), X64 RyuJIT x86-64-v4
// GC=Concurrent Workstation
// HardwareIntrinsics=AVX10v1,AVX512 BF16+FP16,AVX512 BITALG+VBMI2+VNNI+VPOPCNTDQ,AVX512 IFMA+VBMI,AVX512 F+BW+CD+DQ+VL,AVX2+BMI1+BMI2+F16C+FMA+LZCNT+MOVBE,AVX,SSE3+SSSE3+SSE4.1+SSE4.2+POPCNT,X86Base+SSE+SSE2,AES+PCLMUL,AvxVnni,SERIALIZE VectorSize=256
// Job: ShortRun(IterationCount=3, LaunchCount=1, WarmupCount=3)

[testcontainers.org 00:00:00.28] Connected to Docker:
  Host: unix:///var/run/docker.sock
  Server Version: 28.0.4
  Kernel Version: 6.17.0-1022-azure
  API Version: 1.48
  Operating System: Ubuntu 24.04.5 LTS
  Total Memory: 15.61 GB
[testcontainers.org 00:00:00.34] Searching Docker registry credential in CredsStore
[testcontainers.org 00:00:00.34] Searching Docker registry credential in CredHelpers
[testcontainers.org 00:00:00.34] Searching Docker registry credential in Auths
[testcontainers.org 00:00:00.34] Searching Docker registry credential in Auths
[testcontainers.org 00:00:00.34] Docker registry credential https://index.docker.io/v1/ found
[testcontainers.org 00:00:01.34] Docker image testcontainers/ryuk:0.14.0@sha256:7c1a8a9a47c780ed0f983770a662f80deb115d95cce3e2daa3d12115b8cd28f0 created
[testcontainers.org 00:00:01.53] Docker container ad5db871342b created
[testcontainers.org 00:00:01.60] Start Docker container ad5db871342b
[testcontainers.org 00:00:02.44] Wait for Docker container ad5db871342b to complete readiness checks
[testcontainers.org 00:00:03.47] Docker container ad5db871342b ready
[testcontainers.org 00:00:14.44] Docker image mongo:7 created
[testcontainers.org 00:00:14.56] Docker container 13d7e1570d4d created
[testcontainers.org 00:00:14.56] Start Docker container 13d7e1570d4d
[testcontainers.org 00:00:14.75] Wait for Docker container 13d7e1570d4d to complete readiness checks
[testcontainers.org 00:00:23.82] Docker container 13d7e1570d4d ready
OverheadJitting  1: 1 op, 169223.00 ns, 169.2230 us/op
WorkloadJitting  1: 1 op, 1236869.00 ns, 1.2369 ms/op

OverheadJitting  2: 16 op, 333724.00 ns, 20.8578 us/op
WorkloadJitting  2: 16 op, 5821224.00 ns, 363.8265 us/op

WorkloadPilot    1: 16 op, 4997225.00 ns, 312.3266 us/op
WorkloadPilot    2: 32 op, 9913888.00 ns, 309.8090 us/op
WorkloadPilot    3: 64 op, 19246824.00 ns, 300.7316 us/op
WorkloadPilot    4: 128 op, 36171528.00 ns, 282.5901 us/op
WorkloadPilot    5: 256 op, 65147726.00 ns, 254.4833 us/op
WorkloadPilot    6: 512 op, 146403039.00 ns, 285.9434 us/op
WorkloadPilot    7: 1024 op, 278741311.00 ns, 272.2083 us/op
WorkloadPilot    8: 2048 op, 565083960.00 ns, 275.9199 us/op

OverheadWarmup   1: 2048 op, 5897.00 ns, 2.8794 ns/op
OverheadWarmup   2: 2048 op, 6281.00 ns, 3.0669 ns/op
OverheadWarmup   3: 2048 op, 5782.00 ns, 2.8232 ns/op
OverheadWarmup   4: 2048 op, 5634.00 ns, 2.7510 ns/op
OverheadWarmup   5: 2048 op, 5732.00 ns, 2.7988 ns/op
OverheadWarmup   6: 2048 op, 5558.00 ns, 2.7139 ns/op

OverheadActual   1: 2048 op, 5632.00 ns, 2.7500 ns/op
OverheadActual   2: 2048 op, 5645.00 ns, 2.7563 ns/op
OverheadActual   3: 2048 op, 5712.00 ns, 2.7891 ns/op
OverheadActual   4: 2048 op, 5581.00 ns, 2.7251 ns/op
OverheadActual   5: 2048 op, 5566.00 ns, 2.7178 ns/op
OverheadActual   6: 2048 op, 5582.00 ns, 2.7256 ns/op
OverheadActual   7: 2048 op, 5525.00 ns, 2.6978 ns/op
OverheadActual   8: 2048 op, 5461.00 ns, 2.6665 ns/op
OverheadActual   9: 2048 op, 5515.00 ns, 2.6929 ns/op
OverheadActual  10: 2048 op, 5465.00 ns, 2.6685 ns/op
OverheadActual  11: 2048 op, 5655.00 ns, 2.7612 ns/op
OverheadActual  12: 2048 op, 21122.00 ns, 10.3135 ns/op
OverheadActual  13: 2048 op, 5429.00 ns, 2.6509 ns/op
OverheadActual  14: 2048 op, 5438.00 ns, 2.6553 ns/op
OverheadActual  15: 2048 op, 5387.00 ns, 2.6304 ns/op

WorkloadWarmup   1: 2048 op, 560320971.00 ns, 273.5942 us/op
WorkloadWarmup   2: 2048 op, 645670587.00 ns, 315.2688 us/op
WorkloadWarmup   3: 2048 op, 608654116.00 ns, 297.1944 us/op

// BeforeActualRun
WorkloadActual   1: 2048 op, 571490263.00 ns, 279.0480 us/op
WorkloadActual   2: 2048 op, 598021893.00 ns, 292.0029 us/op
WorkloadActual   3: 2048 op, 614786248.00 ns, 300.1886 us/op

// AfterActualRun
WorkloadResult   1: 2048 op, 571484697.00 ns, 279.0453 us/op
WorkloadResult   2: 2048 op, 598016327.00 ns, 292.0002 us/op
WorkloadResult   3: 2048 op, 614780682.00 ns, 300.1859 us/op
// GC:  0 0 0 43614624 2048
// Threading:  2049 2 2048

[testcontainers.org 00:00:29.99] Delete Docker container 13d7e1570d4d
// AfterAll
// Benchmark Process 3315 has exited with code 0.

Mean = 290.410 μs, StdErr = 6.154 μs (2.12%), N = 3, StdDev = 10.660 μs
Min = 279.045 μs, Q1 = 285.523 μs, Median = 292.000 μs, Q3 = 296.093 μs, Max = 300.186 μs
IQR = 10.570 μs, LowerFence = 269.667 μs, UpperFence = 311.948 μs
ConfidenceInterval = [95.940 μs; 484.881 μs] (CI 99.9%), Margin = 194.471 μs (66.96% of Mean)
Skewness = -0.15, Kurtosis = 0.67, MValue = 2

// ** Remained 1 (50.0 %) benchmark(s) to run. Estimated finish 2026-09-24 7:31 (0h 0m from now) **
// **************************
// Benchmark: OutboxStoreBenchmarks.GetPendingMessagesAsync_Batch100: ShortRun(IterationCount=3, LaunchCount=1, WarmupCount=3)
// *** Execute ***
// Launch: 1 / 1
// Execute: dotnet Encina.MongoDB.Benchmarks-ShortRun-1.dll --anonymousPipes 148 149 --benchmarkName Encina.MongoDB.Benchmarks.Benchmarks.OutboxStoreBenchmarks.GetPendingMessagesAsync_Batch100 --job ShortRun --benchmarkId 1 in /home/runner/work/Encina/Encina/tests/Encina.BenchmarkTests/Encina.MongoDB.Benchmarks/bin/Release/net10.0/Encina.MongoDB.Benchmarks-ShortRun-1/bin/Release/net10.0
// Failed to set up high priority (Permission denied). In order to run benchmarks with high priority, make sure you have the right permissions.
// BeforeAnythingElse

// Benchmark Process Environment Information:
// BenchmarkDotNet v0.15.8
// Runtime=.NET 10.0.12 (10.0.12, 10.0.1226.42308), X64 RyuJIT x86-64-v4
// GC=Concurrent Workstation
// HardwareIntrinsics=AVX10v1,AVX512 BF16+FP16,AVX512 BITALG+VBMI2+VNNI+VPOPCNTDQ,AVX512 IFMA+VBMI,AVX512 F+BW+CD+DQ+VL,AVX2+BMI1+BMI2+F16C+FMA+LZCNT+MOVBE,AVX,SSE3+SSSE3+SSE4.1+SSE4.2+POPCNT,X86Base+SSE+SSE2,AES+PCLMUL,AvxVnni,SERIALIZE VectorSize=256
// Job: ShortRun(IterationCount=3, LaunchCount=1, WarmupCount=3)

[testcontainers.org 00:00:00.23] Connected to Docker:
  Host: unix:///var/run/docker.sock
  Server Version: 28.0.4
  Kernel Version: 6.17.0-1022-azure
  API Version: 1.48
  Operating System: Ubuntu 24.04.5 LTS
  Total Memory: 15.61 GB
[testcontainers.org 00:00:00.50] Docker container c0b6634e0d50 created
[testcontainers.org 00:00:00.57] Start Docker container c0b6634e0d50
[testcontainers.org 00:00:00.69] Wait for Docker container c0b6634e0d50 to complete readiness checks
[testcontainers.org 00:00:01.72] Docker container c0b6634e0d50 ready
[testcontainers.org 00:00:02.07] Docker container a4f0db1e6746 created
[testcontainers.org 00:00:02.08] Start Docker container a4f0db1e6746
[testcontainers.org 00:00:02.37] Wait for Docker container a4f0db1e6746 to complete readiness checks
[testcontainers.org 00:00:05.39] Docker container a4f0db1e6746 ready
OverheadJitting  1: 1 op, 175585.00 ns, 175.5850 us/op
WorkloadJitting  1: 1 op, 107254429.00 ns, 107.2544 ms/op

WorkloadPilot    1: 2 op, 2438136.00 ns, 1.2191 ms/op
WorkloadPilot    2: 3 op, 2620628.00 ns, 873.5427 us/op
WorkloadPilot    3: 4 op, 3137283.00 ns, 784.3208 us/op
WorkloadPilot    4: 5 op, 3754636.00 ns, 750.9272 us/op
WorkloadPilot    5: 6 op, 4450157.00 ns, 741.6928 us/op
WorkloadPilot    6: 7 op, 4878306.00 ns, 696.9009 us/op
WorkloadPilot    7: 8 op, 5422493.00 ns, 677.8116 us/op
WorkloadPilot    8: 9 op, 6063212.00 ns, 673.6902 us/op
WorkloadPilot    9: 10 op, 6990673.00 ns, 699.0673 us/op
WorkloadPilot   10: 11 op, 7547998.00 ns, 686.1816 us/op
WorkloadPilot   11: 12 op, 8172777.00 ns, 681.0648 us/op
WorkloadPilot   12: 13 op, 8844885.00 ns, 680.3758 us/op
WorkloadPilot   13: 14 op, 9478683.00 ns, 677.0488 us/op
WorkloadPilot   14: 15 op, 10157730.00 ns, 677.1820 us/op
WorkloadPilot   15: 16 op, 11205003.00 ns, 700.3127 us/op
WorkloadPilot   16: 32 op, 21889091.00 ns, 684.0341 us/op
WorkloadPilot   17: 64 op, 44715846.00 ns, 698.6851 us/op
WorkloadPilot   18: 128 op, 85146928.00 ns, 665.2104 us/op
WorkloadPilot   19: 256 op, 178273334.00 ns, 696.3802 us/op
WorkloadPilot   20: 512 op, 329816342.00 ns, 644.1725 us/op
WorkloadPilot   21: 1024 op, 621214655.00 ns, 606.6549 us/op

WorkloadWarmup   1: 1024 op, 687197282.00 ns, 671.0911 us/op
WorkloadWarmup   2: 1024 op, 639313155.00 ns, 624.3293 us/op
WorkloadWarmup   3: 1024 op, 658974831.00 ns, 643.5301 us/op

// BeforeActualRun
WorkloadActual   1: 1024 op, 666060486.00 ns, 650.4497 us/op
WorkloadActual   2: 1024 op, 665408496.00 ns, 649.8130 us/op
WorkloadActual   3: 1024 op, 670987074.00 ns, 655.2608 us/op

// AfterActualRun
WorkloadResult   1: 1024 op, 666060486.00 ns, 650.4497 us/op
WorkloadResult   2: 1024 op, 665408496.00 ns, 649.8130 us/op
WorkloadResult   3: 1024 op, 670987074.00 ns, 655.2608 us/op
// GC:  1 0 0 98185256 1024
// Threading:  1024 0 1024

[testcontainers.org 00:00:12.28] Delete Docker container a4f0db1e6746
// AfterAll
// Benchmark Process 3799 has exited with code 0.

Mean = 651.841 μs, StdErr = 1.720 μs (0.26%), N = 3, StdDev = 2.979 μs
Min = 649.813 μs, Q1 = 650.131 μs, Median = 650.450 μs, Q3 = 652.855 μs, Max = 655.261 μs
IQR = 2.724 μs, LowerFence = 646.045 μs, UpperFence = 656.941 μs
ConfidenceInterval = [597.501 μs; 706.181 μs] (CI 99.9%), Margin = 54.340 μs (8.34% of Mean)
Skewness = 0.37, Kurtosis = 0.67, MValue = 2

// ** Remained 0 (0.0 %) benchmark(s) to run. Estimated finish 2026-09-24 7:31 (0h 0m from now) **
// ***** BenchmarkRunner: Finish  *****

// * Export *
  artifacts/performance/MongoDB/results/Encina.MongoDB.Benchmarks.Benchmarks.OutboxStoreBenchmarks-report.csv
  artifacts/performance/MongoDB/results/Encina.MongoDB.Benchmarks.Benchmarks.OutboxStoreBenchmarks-report-github.md
  artifacts/performance/MongoDB/results/Encina.MongoDB.Benchmarks.Benchmarks.OutboxStoreBenchmarks-report.html
  artifacts/performance/MongoDB/results/Encina.MongoDB.Benchmarks.Benchmarks.OutboxStoreBenchmarks-report-full-compressed.json

// * Detailed results *
OutboxStoreBenchmarks.AddAsync_Single: ShortRun(IterationCount=3, LaunchCount=1, WarmupCount=3)
Runtime = .NET 10.0.12 (10.0.12, 10.0.1226.42308), X64 RyuJIT x86-64-v4; GC = Concurrent Workstation
Mean = 290.410 μs, StdErr = 6.154 μs (2.12%), N = 3, StdDev = 10.660 μs
Min = 279.045 μs, Q1 = 285.523 μs, Median = 292.000 μs, Q3 = 296.093 μs, Max = 300.186 μs
IQR = 10.570 μs, LowerFence = 269.667 μs, UpperFence = 311.948 μs
ConfidenceInterval = [95.940 μs; 484.881 μs] (CI 99.9%), Margin = 194.471 μs (66.96% of Mean)
Skewness = -0.15, Kurtosis = 0.67, MValue = 2
-------------------- Histogram --------------------
[269.345 μs ; 286.392 μs) | @
[286.392 μs ; 305.794 μs) | @@
---------------------------------------------------

OutboxStoreBenchmarks.GetPendingMessagesAsync_Batch100: ShortRun(IterationCount=3, LaunchCount=1, WarmupCount=3)
Runtime = .NET 10.0.12 (10.0.12, 10.0.1226.42308), X64 RyuJIT x86-64-v4; GC = Concurrent Workstation
Mean = 651.841 μs, StdErr = 1.720 μs (0.26%), N = 3, StdDev = 2.979 μs
Min = 649.813 μs, Q1 = 650.131 μs, Median = 650.450 μs, Q3 = 652.855 μs, Max = 655.261 μs
IQR = 2.724 μs, LowerFence = 646.045 μs, UpperFence = 656.941 μs
ConfidenceInterval = [597.501 μs; 706.181 μs] (CI 99.9%), Margin = 54.340 μs (8.34% of Mean)
Skewness = 0.37, Kurtosis = 0.67, MValue = 2
-------------------- Histogram --------------------
[647.102 μs ; 657.971 μs) | @@@
---------------------------------------------------

// * Summary *

BenchmarkDotNet v0.15.8, Linux Ubuntu 24.04.5 LTS (Noble Numbat)
Intel Xeon 6973P-C 4.00GHz, 1 CPU, 4 logical and 2 physical cores
.NET SDK 10.0.401
  [Host]   : .NET 10.0.12 (10.0.12, 10.0.1226.42308), X64 RyuJIT x86-64-v4
  ShortRun : .NET 10.0.12 (10.0.12, 10.0.1226.42308), X64 RyuJIT x86-64-v4

Job=ShortRun  IterationCount=3  LaunchCount=1  
WarmupCount=3  

| Method                           | Mean     | Error     | StdDev   | Ratio | RatioSD | Gen0   | Allocated | Alloc Ratio |
|--------------------------------- |---------:|----------:|---------:|------:|--------:|-------:|----------:|------------:|
| AddAsync_Single                  | 290.4 μs | 194.47 μs | 10.66 μs |  1.00 |    0.05 |      - |   20.8 KB |        1.00 |
| GetPendingMessagesAsync_Batch100 | 651.8 μs |  54.34 μs |  2.98 μs |  2.25 |    0.07 | 0.9766 |  93.64 KB |        4.50 |
// * Config Issues *

// * Warnings *
Configuration
  Summary -> The exporter CsvExporter is already present in configuration. There may be unexpected results.
  Summary -> The exporter HtmlExporter is already present in configuration. There may be unexpected results.
  Summary -> The exporter MarkdownExporter-github is already present in configuration. There may be unexpected results.

// * Legends *
  Mean        : Arithmetic mean of all measurements
  Error       : Half of 99.9% confidence interval
  StdDev      : Standard deviation of all measurements
  Ratio       : Mean of the ratio distribution ([Current]/[Baseline])
  RatioSD     : Standard deviation of the ratio distribution ([Current]/[Baseline])
  Gen0        : GC Generation 0 collects per 1000 operations
  Allocated   : Allocated memory per single operation (managed only, inclusive, 1KB = 1024B)
  Alloc Ratio : Allocated memory ratio distribution ([Current]/[Baseline])
  1 μs        : 1 Microsecond (0.000001 sec)

// * Diagnostic Output - MemoryDiagnoser *


// ***** BenchmarkRunner: End *****
Run time: 00:00:43 (43.44 sec), executed benchmarks: 2

Global total time: 00:02:32 (152.28 sec), executed benchmarks: 2
// * Artifacts cleanup *
Artifacts cleanup is finished
