// Validating benchmarks:
// ***** BenchmarkRunner: Start   *****
// ***** Found 6 benchmark(s) in total *****
// ***** Building 1 exe(s) in Parallel: Start   *****
// start dotnet  restore --nodeReuse:false /p:UseSharedCompilation=false /p:Deterministic=true /p:Optimize=true /p:ArtifactsPath="/home/runner/work/Encina/Encina/tests/Encina.BenchmarkTests/Encina.Refit.Benchmarks/bin/Release/net10.0/Encina.Refit.Benchmarks-ShortRun-1/" /p:OutDir="/home/runner/work/Encina/Encina/tests/Encina.BenchmarkTests/Encina.Refit.Benchmarks/bin/Release/net10.0/Encina.Refit.Benchmarks-ShortRun-1/bin/Release/net10.0/" /p:OutputPath="/home/runner/work/Encina/Encina/tests/Encina.BenchmarkTests/Encina.Refit.Benchmarks/bin/Release/net10.0/Encina.Refit.Benchmarks-ShortRun-1/bin/Release/net10.0/" /p:PublishDir="/home/runner/work/Encina/Encina/tests/Encina.BenchmarkTests/Encina.Refit.Benchmarks/bin/Release/net10.0/Encina.Refit.Benchmarks-ShortRun-1/publish/" in /home/runner/work/Encina/Encina/tests/Encina.BenchmarkTests/Encina.Refit.Benchmarks/bin/Release/net10.0/Encina.Refit.Benchmarks-ShortRun-1
// command took 2.62 sec and exited with 0
// start dotnet  build -c Release --no-restore --nodeReuse:false /p:UseSharedCompilation=false /p:Deterministic=true /p:Optimize=true /p:ArtifactsPath="/home/runner/work/Encina/Encina/tests/Encina.BenchmarkTests/Encina.Refit.Benchmarks/bin/Release/net10.0/Encina.Refit.Benchmarks-ShortRun-1/" /p:OutDir="/home/runner/work/Encina/Encina/tests/Encina.BenchmarkTests/Encina.Refit.Benchmarks/bin/Release/net10.0/Encina.Refit.Benchmarks-ShortRun-1/bin/Release/net10.0/" /p:OutputPath="/home/runner/work/Encina/Encina/tests/Encina.BenchmarkTests/Encina.Refit.Benchmarks/bin/Release/net10.0/Encina.Refit.Benchmarks-ShortRun-1/bin/Release/net10.0/" /p:PublishDir="/home/runner/work/Encina/Encina/tests/Encina.BenchmarkTests/Encina.Refit.Benchmarks/bin/Release/net10.0/Encina.Refit.Benchmarks-ShortRun-1/publish/" --output "/home/runner/work/Encina/Encina/tests/Encina.BenchmarkTests/Encina.Refit.Benchmarks/bin/Release/net10.0/Encina.Refit.Benchmarks-ShortRun-1/bin/Release/net10.0/" in /home/runner/work/Encina/Encina/tests/Encina.BenchmarkTests/Encina.Refit.Benchmarks/bin/Release/net10.0/Encina.Refit.Benchmarks-ShortRun-1
// command took 29.07 sec and exited with 0
// ***** Done, took 00:00:31 (31.83 sec)   *****
// Found 6 benchmarks:
//   RestApiRequestHandlerBenchmarks.DirectRefitCall_Baseline: ShortRun(IterationCount=3, LaunchCount=1, WarmupCount=3)
//   RestApiRequestHandlerBenchmarks.EncinaRefitCall: ShortRun(IterationCount=3, LaunchCount=1, WarmupCount=3)
//   RestApiRequestHandlerBenchmarks.DirectRefitCall_Batch10: ShortRun(IterationCount=3, LaunchCount=1, WarmupCount=3)
//   RestApiRequestHandlerBenchmarks.EncinaRefitCall_Batch10: ShortRun(IterationCount=3, LaunchCount=1, WarmupCount=3)
//   RestApiRequestHandlerBenchmarks.DirectRefitCall_Sequential5: ShortRun(IterationCount=3, LaunchCount=1, WarmupCount=3)
//   RestApiRequestHandlerBenchmarks.EncinaRefitCall_Sequential5: ShortRun(IterationCount=3, LaunchCount=1, WarmupCount=3)

// **************************
// Benchmark: RestApiRequestHandlerBenchmarks.DirectRefitCall_Baseline: ShortRun(IterationCount=3, LaunchCount=1, WarmupCount=3)
// *** Execute ***
// Launch: 1 / 1
// Execute: dotnet Encina.Refit.Benchmarks-ShortRun-1.dll --anonymousPipes 152 153 --benchmarkName Encina.Refit.Benchmarks.RestApiRequestHandlerBenchmarks.DirectRefitCall_Baseline --job ShortRun --benchmarkId 0 in /home/runner/work/Encina/Encina/tests/Encina.BenchmarkTests/Encina.Refit.Benchmarks/bin/Release/net10.0/Encina.Refit.Benchmarks-ShortRun-1/bin/Release/net10.0
// Failed to set up high priority (Permission denied). In order to run benchmarks with high priority, make sure you have the right permissions.
// BeforeAnythingElse

// Benchmark Process Environment Information:
// BenchmarkDotNet v0.15.8
// Runtime=.NET 10.0.12 (10.0.12, 10.0.1226.42308), X64 RyuJIT x86-64-v3
// GC=Concurrent Workstation
// HardwareIntrinsics=AVX2+BMI1+BMI2+F16C+FMA+LZCNT+MOVBE,AVX,SSE3+SSSE3+SSE4.1+SSE4.2+POPCNT,X86Base+SSE+SSE2,AES+PCLMUL VectorSize=256
// Job: ShortRun(IterationCount=3, LaunchCount=1, WarmupCount=3)

OverheadJitting  1: 1 op, 241309.00 ns, 241.3090 us/op
WorkloadJitting  1: 1 op, 410402299.00 ns, 410.4023 ms/op

OverheadJitting  2: 1 op, 351.00 ns, 351.0000 ns/op
WorkloadJitting  2: 1 op, 13690592.00 ns, 13.6906 ms/op

OverheadJitting  3: 16 op, 499109.00 ns, 31.1943 us/op
WorkloadJitting  3: 16 op, 206213200.00 ns, 12.8883 ms/op

WorkloadPilot    1: 16 op, 207331251.00 ns, 12.9582 ms/op
WorkloadPilot    2: 32 op, 391715761.00 ns, 12.2411 ms/op
WorkloadPilot    3: 64 op, 824032934.00 ns, 12.8755 ms/op

OverheadWarmup   1: 64 op, 922.00 ns, 14.4063 ns/op
OverheadWarmup   2: 64 op, 711.00 ns, 11.1094 ns/op
OverheadWarmup   3: 64 op, 712.00 ns, 11.1250 ns/op
OverheadWarmup   4: 64 op, 731.00 ns, 11.4219 ns/op
OverheadWarmup   5: 64 op, 711.00 ns, 11.1094 ns/op
OverheadWarmup   6: 64 op, 722.00 ns, 11.2813 ns/op
OverheadWarmup   7: 64 op, 711.00 ns, 11.1094 ns/op

OverheadActual   1: 64 op, 741.00 ns, 11.5781 ns/op
OverheadActual   2: 64 op, 731.00 ns, 11.4219 ns/op
OverheadActual   3: 64 op, 721.00 ns, 11.2656 ns/op
OverheadActual   4: 64 op, 721.00 ns, 11.2656 ns/op
OverheadActual   5: 64 op, 741.00 ns, 11.5781 ns/op
OverheadActual   6: 64 op, 701.00 ns, 10.9531 ns/op
OverheadActual   7: 64 op, 741.00 ns, 11.5781 ns/op
OverheadActual   8: 64 op, 722.00 ns, 11.2813 ns/op
OverheadActual   9: 64 op, 732.00 ns, 11.4375 ns/op
OverheadActual  10: 64 op, 711.00 ns, 11.1094 ns/op
OverheadActual  11: 64 op, 711.00 ns, 11.1094 ns/op
OverheadActual  12: 64 op, 692.00 ns, 10.8125 ns/op
OverheadActual  13: 64 op, 712.00 ns, 11.1250 ns/op
OverheadActual  14: 64 op, 712.00 ns, 11.1250 ns/op
OverheadActual  15: 64 op, 712.00 ns, 11.1250 ns/op

WorkloadWarmup   1: 64 op, 823570391.00 ns, 12.8683 ms/op
WorkloadWarmup   2: 64 op, 833757897.00 ns, 13.0275 ms/op
WorkloadWarmup   3: 64 op, 779033073.00 ns, 12.1724 ms/op

// BeforeActualRun
WorkloadActual   1: 64 op, 821907656.00 ns, 12.8423 ms/op
WorkloadActual   2: 64 op, 905637642.00 ns, 14.1506 ms/op
WorkloadActual   3: 64 op, 916079102.00 ns, 14.3137 ms/op

// AfterActualRun
WorkloadResult   1: 64 op, 821906935.00 ns, 12.8423 ms/op
WorkloadResult   2: 64 op, 905636921.00 ns, 14.1506 ms/op
WorkloadResult   3: 64 op, 916078381.00 ns, 14.3137 ms/op
// GC:  0 0 0 645120 64
// Threading:  64 0 64

// AfterAll
// Benchmark Process 2877 has exited with code 0.

Mean = 13.769 ms, StdErr = 0.466 ms (3.38%), N = 3, StdDev = 0.807 ms
Min = 12.842 ms, Q1 = 13.496 ms, Median = 14.151 ms, Q3 = 14.232 ms, Max = 14.314 ms
IQR = 0.736 ms, LowerFence = 12.393 ms, UpperFence = 15.336 ms
ConfidenceInterval = [-0.946 ms; 28.484 ms] (CI 99.9%), Margin = 14.715 ms (106.87% of Mean)
Skewness = -0.37, Kurtosis = 0.67, MValue = 2

// ** Remained 5 (83.3 %) benchmark(s) to run. Estimated finish 2026-09-22 21:16 (0h 0m from now) **
// **************************
// Benchmark: RestApiRequestHandlerBenchmarks.EncinaRefitCall: ShortRun(IterationCount=3, LaunchCount=1, WarmupCount=3)
// *** Execute ***
// Launch: 1 / 1
// Execute: dotnet Encina.Refit.Benchmarks-ShortRun-1.dll --anonymousPipes 152 153 --benchmarkName Encina.Refit.Benchmarks.RestApiRequestHandlerBenchmarks.EncinaRefitCall --job ShortRun --benchmarkId 1 in /home/runner/work/Encina/Encina/tests/Encina.BenchmarkTests/Encina.Refit.Benchmarks/bin/Release/net10.0/Encina.Refit.Benchmarks-ShortRun-1/bin/Release/net10.0
// Failed to set up high priority (Permission denied). In order to run benchmarks with high priority, make sure you have the right permissions.
// BeforeAnythingElse

// Benchmark Process Environment Information:
// BenchmarkDotNet v0.15.8
// Runtime=.NET 10.0.12 (10.0.12, 10.0.1226.42308), X64 RyuJIT x86-64-v3
// GC=Concurrent Workstation
// HardwareIntrinsics=AVX2+BMI1+BMI2+F16C+FMA+LZCNT+MOVBE,AVX,SSE3+SSSE3+SSE4.1+SSE4.2+POPCNT,X86Base+SSE+SSE2,AES+PCLMUL VectorSize=256
// Job: ShortRun(IterationCount=3, LaunchCount=1, WarmupCount=3)

OverheadJitting  1: 1 op, 241709.00 ns, 241.7090 us/op

System.Reflection.TargetInvocationException: Exception has been thrown by the target of an invocation.
 ---> LanguageExt.ResultIsNullException: Result is null.
   at Encina.Refit.Benchmarks.RestApiRequestHandlerBenchmarks.EncinaRefitCall()
   at BenchmarkDotNet.Autogenerated.Runnable_1.<.ctor>b__3_2() in /home/runner/work/Encina/Encina/tests/Encina.BenchmarkTests/Encina.Refit.Benchmarks/bin/Release/net10.0/Encina.Refit.Benchmarks-ShortRun-1/Encina.Refit.Benchmarks-ShortRun-1.notcs:line 400
   at BenchmarkDotNet.Autogenerated.Runnable_1.WorkloadActionNoUnroll(Int64 invokeCount) in /home/runner/work/Encina/Encina/tests/Encina.BenchmarkTests/Encina.Refit.Benchmarks/bin/Release/net10.0/Encina.Refit.Benchmarks-ShortRun-1/Encina.Refit.Benchmarks-ShortRun-1.notcs:line 516
   at BenchmarkDotNet.Engines.Engine.Measure(Action`1 action, Int64 invokeCount)
   at BenchmarkDotNet.Engines.Engine.RunIteration(IterationData data)
   at BenchmarkDotNet.Engines.EngineFactory.Jit(Engine engine, Int32 jitIndex, Int32 invokeCount, Int32 unrollFactor)
   at BenchmarkDotNet.Engines.EngineFactory.CreateReadyToRun(EngineParameters engineParameters)
   at BenchmarkDotNet.Autogenerated.Runnable_1.Run(IHost host, String benchmarkName) in /home/runner/work/Encina/Encina/tests/Encina.BenchmarkTests/Encina.Refit.Benchmarks/bin/Release/net10.0/Encina.Refit.Benchmarks-ShortRun-1/Encina.Refit.Benchmarks-ShortRun-1.notcs:line 379
   at System.Reflection.MethodBaseInvoker.InterpretedInvoke_Method(Object obj, IntPtr* args)
   at System.Reflection.MethodBaseInvoker.InvokeDirectByRefWithFewArgs(Object obj, Span`1 copyOfArgs, BindingFlags invokeAttr)
   --- End of inner exception stack trace ---
   at System.Reflection.MethodBaseInvoker.InvokeDirectByRefWithFewArgs(Object obj, Span`1 copyOfArgs, BindingFlags invokeAttr)
   at System.Reflection.MethodBaseInvoker.InvokeWithFewArgs(Object obj, BindingFlags invokeAttr, Binder binder, Object[] parameters, CultureInfo culture)
   at System.Reflection.RuntimeMethodInfo.Invoke(Object obj, BindingFlags invokeAttr, Binder binder, Object[] parameters, CultureInfo culture)
   at BenchmarkDotNet.Autogenerated.UniqueProgramName.AfterAssemblyLoadingAttached(String[] args) in /home/runner/work/Encina/Encina/tests/Encina.BenchmarkTests/Encina.Refit.Benchmarks/bin/Release/net10.0/Encina.Refit.Benchmarks-ShortRun-1/Encina.Refit.Benchmarks-ShortRun-1.notcs:line 57
// AfterAll
No Workload Results were obtained from the run.
// Benchmark Process 2891 has exited with code 255.

// ** Remained 4 (66.7 %) benchmark(s) to run. Estimated finish 2026-09-22 21:16 (0h 0m from now) **
// **************************
// Benchmark: RestApiRequestHandlerBenchmarks.DirectRefitCall_Batch10: ShortRun(IterationCount=3, LaunchCount=1, WarmupCount=3)
// *** Execute ***
// Launch: 1 / 1
// Execute: dotnet Encina.Refit.Benchmarks-ShortRun-1.dll --anonymousPipes 152 153 --benchmarkName Encina.Refit.Benchmarks.RestApiRequestHandlerBenchmarks.DirectRefitCall_Batch10 --job ShortRun --benchmarkId 2 in /home/runner/work/Encina/Encina/tests/Encina.BenchmarkTests/Encina.Refit.Benchmarks/bin/Release/net10.0/Encina.Refit.Benchmarks-ShortRun-1/bin/Release/net10.0
// Failed to set up high priority (Permission denied). In order to run benchmarks with high priority, make sure you have the right permissions.
// BeforeAnythingElse

// Benchmark Process Environment Information:
// BenchmarkDotNet v0.15.8
// Runtime=.NET 10.0.12 (10.0.12, 10.0.1226.42308), X64 RyuJIT x86-64-v3
// GC=Concurrent Workstation
// HardwareIntrinsics=AVX2+BMI1+BMI2+F16C+FMA+LZCNT+MOVBE,AVX,SSE3+SSSE3+SSE4.1+SSE4.2+POPCNT,X86Base+SSE+SSE2,AES+PCLMUL VectorSize=256
// Job: ShortRun(IterationCount=3, LaunchCount=1, WarmupCount=3)

OverheadJitting  1: 1 op, 247640.00 ns, 247.6400 us/op
WorkloadJitting  1: 1 op, 321562151.00 ns, 321.5622 ms/op

WorkloadPilot    1: 2 op, 87142594.00 ns, 43.5713 ms/op
WorkloadPilot    2: 3 op, 118127805.00 ns, 39.3759 ms/op
WorkloadPilot    3: 4 op, 156902271.00 ns, 39.2256 ms/op
WorkloadPilot    4: 5 op, 189935551.00 ns, 37.9871 ms/op
WorkloadPilot    5: 6 op, 245200263.00 ns, 40.8667 ms/op
WorkloadPilot    6: 7 op, 252183992.00 ns, 36.0263 ms/op
WorkloadPilot    7: 8 op, 312602426.00 ns, 39.0753 ms/op
WorkloadPilot    8: 9 op, 337995398.00 ns, 37.5550 ms/op
WorkloadPilot    9: 10 op, 369498051.00 ns, 36.9498 ms/op
WorkloadPilot   10: 11 op, 447060179.00 ns, 40.6418 ms/op
WorkloadPilot   11: 12 op, 458049575.00 ns, 38.1708 ms/op
WorkloadPilot   12: 13 op, 481055839.00 ns, 37.0043 ms/op
WorkloadPilot   13: 14 op, 516890755.00 ns, 36.9208 ms/op

WorkloadWarmup   1: 14 op, 503743207.00 ns, 35.9817 ms/op
WorkloadWarmup   2: 14 op, 544587004.00 ns, 38.8991 ms/op
WorkloadWarmup   3: 14 op, 540296443.00 ns, 38.5926 ms/op

// BeforeActualRun
WorkloadActual   1: 14 op, 611180024.00 ns, 43.6557 ms/op
WorkloadActual   2: 14 op, 564038004.00 ns, 40.2884 ms/op
WorkloadActual   3: 14 op, 505896141.00 ns, 36.1354 ms/op

// AfterActualRun
WorkloadResult   1: 14 op, 611180024.00 ns, 43.6557 ms/op
WorkloadResult   2: 14 op, 564038004.00 ns, 40.2884 ms/op
WorkloadResult   3: 14 op, 505896141.00 ns, 36.1354 ms/op
// GC:  0 0 0 1402368 14
// Threading:  143 0 14

// AfterAll
// Benchmark Process 2899 has exited with code 0.

Mean = 40.027 ms, StdErr = 2.175 ms (5.43%), N = 3, StdDev = 3.767 ms
Min = 36.135 ms, Q1 = 38.212 ms, Median = 40.288 ms, Q3 = 41.972 ms, Max = 43.656 ms
IQR = 3.760 ms, LowerFence = 32.572 ms, UpperFence = 47.612 ms
ConfidenceInterval = [-28.697 ms; 108.750 ms] (CI 99.9%), Margin = 68.724 ms (171.70% of Mean)
Skewness = -0.07, Kurtosis = 0.67, MValue = 2

// ** Remained 3 (50.0 %) benchmark(s) to run. Estimated finish 2026-09-22 21:16 (0h 0m from now) **
// **************************
// Benchmark: RestApiRequestHandlerBenchmarks.EncinaRefitCall_Batch10: ShortRun(IterationCount=3, LaunchCount=1, WarmupCount=3)
// *** Execute ***
// Launch: 1 / 1
// Execute: dotnet Encina.Refit.Benchmarks-ShortRun-1.dll --anonymousPipes 152 153 --benchmarkName Encina.Refit.Benchmarks.RestApiRequestHandlerBenchmarks.EncinaRefitCall_Batch10 --job ShortRun --benchmarkId 3 in /home/runner/work/Encina/Encina/tests/Encina.BenchmarkTests/Encina.Refit.Benchmarks/bin/Release/net10.0/Encina.Refit.Benchmarks-ShortRun-1/bin/Release/net10.0
// Failed to set up high priority (Permission denied). In order to run benchmarks with high priority, make sure you have the right permissions.
// BeforeAnythingElse

// Benchmark Process Environment Information:
// BenchmarkDotNet v0.15.8
// Runtime=.NET 10.0.12 (10.0.12, 10.0.1226.42308), X64 RyuJIT x86-64-v3
// GC=Concurrent Workstation
// HardwareIntrinsics=AVX2+BMI1+BMI2+F16C+FMA+LZCNT+MOVBE,AVX,SSE3+SSSE3+SSE4.1+SSE4.2+POPCNT,X86Base+SSE+SSE2,AES+PCLMUL VectorSize=256
// Job: ShortRun(IterationCount=3, LaunchCount=1, WarmupCount=3)

OverheadJitting  1: 1 op, 255936.00 ns, 255.9360 us/op
WorkloadJitting  1: 1 op, 49761876.00 ns, 49.7619 ms/op

WorkloadPilot    1: 2 op, 390376.00 ns, 195.1880 us/op
WorkloadPilot    2: 3 op, 163184.00 ns, 54.3947 us/op
WorkloadPilot    3: 4 op, 158535.00 ns, 39.6338 us/op
WorkloadPilot    4: 5 op, 137596.00 ns, 27.5192 us/op
WorkloadPilot    5: 6 op, 208468.00 ns, 34.7447 us/op
WorkloadPilot    6: 7 op, 209831.00 ns, 29.9759 us/op
WorkloadPilot    7: 8 op, 220390.00 ns, 27.5488 us/op
WorkloadPilot    8: 9 op, 226010.00 ns, 25.1122 us/op
WorkloadPilot    9: 10 op, 279119.00 ns, 27.9119 us/op
WorkloadPilot   10: 11 op, 318212.00 ns, 28.9284 us/op
WorkloadPilot   11: 12 op, 321459.00 ns, 26.7883 us/op
WorkloadPilot   12: 13 op, 365250.00 ns, 28.0962 us/op
WorkloadPilot   13: 14 op, 366753.00 ns, 26.1966 us/op
WorkloadPilot   14: 15 op, 358918.00 ns, 23.9279 us/op
WorkloadPilot   15: 16 op, 282376.00 ns, 17.6485 us/op
WorkloadPilot   16: 32 op, 636074.00 ns, 19.8773 us/op
WorkloadPilot   17: 64 op, 1005472.00 ns, 15.7105 us/op
WorkloadPilot   18: 128 op, 2142688.00 ns, 16.7398 us/op
WorkloadPilot   19: 256 op, 4188777.00 ns, 16.3624 us/op
WorkloadPilot   20: 512 op, 8207990.00 ns, 16.0312 us/op
WorkloadPilot   21: 1024 op, 16245222.00 ns, 15.8645 us/op
WorkloadPilot   22: 2048 op, 28129445.00 ns, 13.7351 us/op
WorkloadPilot   23: 4096 op, 46273252.00 ns, 11.2972 us/op
WorkloadPilot   24: 8192 op, 127786161.00 ns, 15.5989 us/op
WorkloadPilot   25: 16384 op, 301112794.00 ns, 18.3785 us/op
WorkloadPilot   26: 32768 op, 604129345.00 ns, 18.4366 us/op

WorkloadWarmup   1: 32768 op, 614740919.00 ns, 18.7604 us/op
WorkloadWarmup   2: 32768 op, 605454782.00 ns, 18.4770 us/op
WorkloadWarmup   3: 32768 op, 605052804.00 ns, 18.4647 us/op

// BeforeActualRun
WorkloadActual   1: 32768 op, 556831344.00 ns, 16.9931 us/op
WorkloadActual   2: 32768 op, 497960702.00 ns, 15.1966 us/op
WorkloadActual   3: 32768 op, 500862744.00 ns, 15.2851 us/op

// AfterActualRun
WorkloadResult   1: 32768 op, 556831344.00 ns, 16.9931 us/op
WorkloadResult   2: 32768 op, 497960702.00 ns, 15.1966 us/op
WorkloadResult   3: 32768 op, 500862744.00 ns, 15.2851 us/op
// GC:  21 0 0 356007936 32768
// Threading:  32773 0 32768

// AfterAll
// Benchmark Process 2914 has exited with code 0.

Mean = 15.825 μs, StdErr = 0.585 μs (3.69%), N = 3, StdDev = 1.013 μs
Min = 15.197 μs, Q1 = 15.241 μs, Median = 15.285 μs, Q3 = 16.139 μs, Max = 16.993 μs
IQR = 0.898 μs, LowerFence = 13.893 μs, UpperFence = 17.487 μs
ConfidenceInterval = [-2.650 μs; 34.300 μs] (CI 99.9%), Margin = 18.475 μs (116.74% of Mean)
Skewness = 0.38, Kurtosis = 0.67, MValue = 2

// ** Remained 2 (33.3 %) benchmark(s) to run. Estimated finish 2026-09-22 21:16 (0h 0m from now) **
// **************************
// Benchmark: RestApiRequestHandlerBenchmarks.DirectRefitCall_Sequential5: ShortRun(IterationCount=3, LaunchCount=1, WarmupCount=3)
// *** Execute ***
// Launch: 1 / 1
// Execute: dotnet Encina.Refit.Benchmarks-ShortRun-1.dll --anonymousPipes 152 153 --benchmarkName Encina.Refit.Benchmarks.RestApiRequestHandlerBenchmarks.DirectRefitCall_Sequential5 --job ShortRun --benchmarkId 4 in /home/runner/work/Encina/Encina/tests/Encina.BenchmarkTests/Encina.Refit.Benchmarks/bin/Release/net10.0/Encina.Refit.Benchmarks-ShortRun-1/bin/Release/net10.0
// Failed to set up high priority (Permission denied). In order to run benchmarks with high priority, make sure you have the right permissions.
// BeforeAnythingElse

// Benchmark Process Environment Information:
// BenchmarkDotNet v0.15.8
// Runtime=.NET 10.0.12 (10.0.12, 10.0.1226.42308), X64 RyuJIT x86-64-v3
// GC=Concurrent Workstation
// HardwareIntrinsics=AVX2+BMI1+BMI2+F16C+FMA+LZCNT+MOVBE,AVX,SSE3+SSSE3+SSE4.1+SSE4.2+POPCNT,X86Base+SSE+SSE2,AES+PCLMUL VectorSize=256
// Job: ShortRun(IterationCount=3, LaunchCount=1, WarmupCount=3)

OverheadJitting  1: 1 op, 276495.00 ns, 276.4950 us/op
WorkloadJitting  1: 1 op, 429262622.00 ns, 429.2626 ms/op

OverheadJitting  2: 1 op, 260.00 ns, 260.0000 ns/op
WorkloadJitting  2: 1 op, 151000363.00 ns, 151.0004 ms/op

WorkloadPilot    1: 2 op, 334477143.00 ns, 167.2386 ms/op
WorkloadPilot    2: 3 op, 441620679.00 ns, 147.2069 ms/op
WorkloadPilot    3: 4 op, 572482184.00 ns, 143.1205 ms/op

WorkloadWarmup   1: 4 op, 614998804.00 ns, 153.7497 ms/op
WorkloadWarmup   2: 4 op, 579559544.00 ns, 144.8899 ms/op
WorkloadWarmup   3: 4 op, 604569193.00 ns, 151.1423 ms/op

// BeforeActualRun
WorkloadActual   1: 4 op, 576188551.00 ns, 144.0471 ms/op
WorkloadActual   2: 4 op, 567091518.00 ns, 141.7729 ms/op
WorkloadActual   3: 4 op, 569007765.00 ns, 142.2519 ms/op

// AfterActualRun
WorkloadResult   1: 4 op, 576188551.00 ns, 144.0471 ms/op
WorkloadResult   2: 4 op, 567091518.00 ns, 141.7729 ms/op
WorkloadResult   3: 4 op, 569007765.00 ns, 142.2519 ms/op
// GC:  0 0 0 197576 4
// Threading:  20 0 4

// AfterAll
// Benchmark Process 2926 has exited with code 0.

Mean = 142.691 ms, StdErr = 0.692 ms (0.49%), N = 3, StdDev = 1.199 ms
Min = 141.773 ms, Q1 = 142.012 ms, Median = 142.252 ms, Q3 = 143.150 ms, Max = 144.047 ms
IQR = 1.137 ms, LowerFence = 140.307 ms, UpperFence = 144.855 ms
ConfidenceInterval = [120.818 ms; 164.563 ms] (CI 99.9%), Margin = 21.873 ms (15.33% of Mean)
Skewness = 0.32, Kurtosis = 0.67, MValue = 2

// ** Remained 1 (16.7 %) benchmark(s) to run. Estimated finish 2026-09-22 21:16 (0h 0m from now) **
// **************************
// Benchmark: RestApiRequestHandlerBenchmarks.EncinaRefitCall_Sequential5: ShortRun(IterationCount=3, LaunchCount=1, WarmupCount=3)
// *** Execute ***
// Launch: 1 / 1
// Execute: dotnet Encina.Refit.Benchmarks-ShortRun-1.dll --anonymousPipes 152 153 --benchmarkName Encina.Refit.Benchmarks.RestApiRequestHandlerBenchmarks.EncinaRefitCall_Sequential5 --job ShortRun --benchmarkId 5 in /home/runner/work/Encina/Encina/tests/Encina.BenchmarkTests/Encina.Refit.Benchmarks/bin/Release/net10.0/Encina.Refit.Benchmarks-ShortRun-1/bin/Release/net10.0
// Failed to set up high priority (Permission denied). In order to run benchmarks with high priority, make sure you have the right permissions.
// BeforeAnythingElse

// Benchmark Process Environment Information:
// BenchmarkDotNet v0.15.8
// Runtime=.NET 10.0.12 (10.0.12, 10.0.1226.42308), X64 RyuJIT x86-64-v3
// GC=Concurrent Workstation
// HardwareIntrinsics=AVX2+BMI1+BMI2+F16C+FMA+LZCNT+MOVBE,AVX,SSE3+SSSE3+SSE4.1+SSE4.2+POPCNT,X86Base+SSE+SSE2,AES+PCLMUL VectorSize=256
// Job: ShortRun(IterationCount=3, LaunchCount=1, WarmupCount=3)

OverheadJitting  1: 1 op, 243894.00 ns, 243.8940 us/op
WorkloadJitting  1: 1 op, 45356997.00 ns, 45.3570 ms/op

WorkloadPilot    1: 2 op, 35816.00 ns, 17.9080 us/op
WorkloadPilot    2: 3 op, 44503.00 ns, 14.8343 us/op
WorkloadPilot    3: 4 op, 38261.00 ns, 9.5653 us/op
WorkloadPilot    4: 5 op, 54682.00 ns, 10.9364 us/op
WorkloadPilot    5: 6 op, 64410.00 ns, 10.7350 us/op
WorkloadPilot    6: 7 op, 60923.00 ns, 8.7033 us/op
WorkloadPilot    7: 8 op, 72515.00 ns, 9.0644 us/op
WorkloadPilot    8: 9 op, 114744.00 ns, 12.7493 us/op
WorkloadPilot    9: 10 op, 83666.00 ns, 8.3666 us/op
WorkloadPilot   10: 11 op, 93474.00 ns, 8.4976 us/op
WorkloadPilot   11: 12 op, 106228.00 ns, 8.8523 us/op
WorkloadPilot   12: 13 op, 115044.00 ns, 8.8495 us/op
WorkloadPilot   13: 14 op, 183612.00 ns, 13.1151 us/op
WorkloadPilot   14: 15 op, 197278.00 ns, 13.1519 us/op
WorkloadPilot   15: 16 op, 142345.00 ns, 8.8966 us/op
WorkloadPilot   16: 32 op, 243654.00 ns, 7.6142 us/op
WorkloadPilot   17: 64 op, 461650.00 ns, 7.2133 us/op
WorkloadPilot   18: 128 op, 762049.00 ns, 5.9535 us/op
WorkloadPilot   19: 256 op, 1662716.00 ns, 6.4950 us/op
WorkloadPilot   20: 512 op, 3220578.00 ns, 6.2902 us/op
WorkloadPilot   21: 1024 op, 6431026.00 ns, 6.2803 us/op
WorkloadPilot   22: 2048 op, 12738793.00 ns, 6.2201 us/op
WorkloadPilot   23: 4096 op, 22422567.00 ns, 5.4743 us/op
WorkloadPilot   24: 8192 op, 37281268.00 ns, 4.5509 us/op
WorkloadPilot   25: 16384 op, 68321343.00 ns, 4.1700 us/op
WorkloadPilot   26: 32768 op, 136992126.00 ns, 4.1807 us/op
WorkloadPilot   27: 65536 op, 274316040.00 ns, 4.1857 us/op
WorkloadPilot   28: 131072 op, 545562516.00 ns, 4.1623 us/op

WorkloadWarmup   1: 131072 op, 546936636.00 ns, 4.1728 us/op
WorkloadWarmup   2: 131072 op, 548020854.00 ns, 4.1811 us/op
WorkloadWarmup   3: 131072 op, 550804584.00 ns, 4.2023 us/op

// BeforeActualRun
WorkloadActual   1: 131072 op, 546451546.00 ns, 4.1691 us/op
WorkloadActual   2: 131072 op, 551243120.00 ns, 4.2057 us/op
WorkloadActual   3: 131072 op, 552551776.00 ns, 4.2156 us/op

// AfterActualRun
WorkloadResult   1: 131072 op, 546451546.00 ns, 4.1691 us/op
WorkloadResult   2: 131072 op, 551243120.00 ns, 4.2057 us/op
WorkloadResult   3: 131072 op, 552551776.00 ns, 4.2156 us/op
// GC:  39 0 0 660632320 131072
// Threading:  0 0 131072

// AfterAll
// Benchmark Process 2947 has exited with code 0.

Mean = 4.197 μs, StdErr = 0.014 μs (0.34%), N = 3, StdDev = 0.025 μs
Min = 4.169 μs, Q1 = 4.187 μs, Median = 4.206 μs, Q3 = 4.211 μs, Max = 4.216 μs
IQR = 0.023 μs, LowerFence = 4.152 μs, UpperFence = 4.246 μs
ConfidenceInterval = [3.750 μs; 4.644 μs] (CI 99.9%), Margin = 0.447 μs (10.65% of Mean)
Skewness = -0.31, Kurtosis = 0.67, MValue = 2

// ** Remained 0 (0.0 %) benchmark(s) to run. Estimated finish 2026-09-22 21:16 (0h 0m from now) **
// ***** BenchmarkRunner: Finish  *****

// * Export *
  artifacts/performance/Refit/results/Encina.Refit.Benchmarks.RestApiRequestHandlerBenchmarks-report.csv
  artifacts/performance/Refit/results/Encina.Refit.Benchmarks.RestApiRequestHandlerBenchmarks-report-github.md
  artifacts/performance/Refit/results/Encina.Refit.Benchmarks.RestApiRequestHandlerBenchmarks-report.html
  artifacts/performance/Refit/results/Encina.Refit.Benchmarks.RestApiRequestHandlerBenchmarks-report-full-compressed.json

// * Detailed results *
RestApiRequestHandlerBenchmarks.EncinaRefitCall: ShortRun(IterationCount=3, LaunchCount=1, WarmupCount=3)
Runtime = .NET 10.0.12 (10.0.12, 10.0.1226.42308), X64 RyuJIT x86-64-v3; GC = Concurrent Workstation
There are not any results runs

RestApiRequestHandlerBenchmarks.EncinaRefitCall_Sequential5: ShortRun(IterationCount=3, LaunchCount=1, WarmupCount=3)
Runtime = .NET 10.0.12 (10.0.12, 10.0.1226.42308), X64 RyuJIT x86-64-v3; GC = Concurrent Workstation
Mean = 4.197 μs, StdErr = 0.014 μs (0.34%), N = 3, StdDev = 0.025 μs
Min = 4.169 μs, Q1 = 4.187 μs, Median = 4.206 μs, Q3 = 4.211 μs, Max = 4.216 μs
IQR = 0.023 μs, LowerFence = 4.152 μs, UpperFence = 4.246 μs
ConfidenceInterval = [3.750 μs; 4.644 μs] (CI 99.9%), Margin = 0.447 μs (10.65% of Mean)
Skewness = -0.31, Kurtosis = 0.67, MValue = 2
-------------------- Histogram --------------------
[4.169 μs ; 4.238 μs) | @@@
---------------------------------------------------

RestApiRequestHandlerBenchmarks.EncinaRefitCall_Batch10: ShortRun(IterationCount=3, LaunchCount=1, WarmupCount=3)
Runtime = .NET 10.0.12 (10.0.12, 10.0.1226.42308), X64 RyuJIT x86-64-v3; GC = Concurrent Workstation
Mean = 15.825 μs, StdErr = 0.585 μs (3.69%), N = 3, StdDev = 1.013 μs
Min = 15.197 μs, Q1 = 15.241 μs, Median = 15.285 μs, Q3 = 16.139 μs, Max = 16.993 μs
IQR = 0.898 μs, LowerFence = 13.893 μs, UpperFence = 17.487 μs
ConfidenceInterval = [-2.650 μs; 34.300 μs] (CI 99.9%), Margin = 18.475 μs (116.74% of Mean)
Skewness = 0.38, Kurtosis = 0.67, MValue = 2
-------------------- Histogram --------------------
[15.173 μs ; 17.016 μs) | @@@
---------------------------------------------------

RestApiRequestHandlerBenchmarks.DirectRefitCall_Baseline: ShortRun(IterationCount=3, LaunchCount=1, WarmupCount=3)
Runtime = .NET 10.0.12 (10.0.12, 10.0.1226.42308), X64 RyuJIT x86-64-v3; GC = Concurrent Workstation
Mean = 13.769 ms, StdErr = 0.466 ms (3.38%), N = 3, StdDev = 0.807 ms
Min = 12.842 ms, Q1 = 13.496 ms, Median = 14.151 ms, Q3 = 14.232 ms, Max = 14.314 ms
IQR = 0.736 ms, LowerFence = 12.393 ms, UpperFence = 15.336 ms
ConfidenceInterval = [-0.946 ms; 28.484 ms] (CI 99.9%), Margin = 14.715 ms (106.87% of Mean)
Skewness = -0.37, Kurtosis = 0.67, MValue = 2
-------------------- Histogram --------------------
[12.108 ms ; 13.498 ms) | @
[13.498 ms ; 15.048 ms) | @@
---------------------------------------------------

RestApiRequestHandlerBenchmarks.DirectRefitCall_Batch10: ShortRun(IterationCount=3, LaunchCount=1, WarmupCount=3)
Runtime = .NET 10.0.12 (10.0.12, 10.0.1226.42308), X64 RyuJIT x86-64-v3; GC = Concurrent Workstation
Mean = 40.027 ms, StdErr = 2.175 ms (5.43%), N = 3, StdDev = 3.767 ms
Min = 36.135 ms, Q1 = 38.212 ms, Median = 40.288 ms, Q3 = 41.972 ms, Max = 43.656 ms
IQR = 3.760 ms, LowerFence = 32.572 ms, UpperFence = 47.612 ms
ConfidenceInterval = [-28.697 ms; 108.750 ms] (CI 99.9%), Margin = 68.724 ms (171.70% of Mean)
Skewness = -0.07, Kurtosis = 0.67, MValue = 2
-------------------- Histogram --------------------
[32.707 ms ; 38.544 ms) | @
[38.544 ms ; 45.400 ms) | @@
---------------------------------------------------

RestApiRequestHandlerBenchmarks.DirectRefitCall_Sequential5: ShortRun(IterationCount=3, LaunchCount=1, WarmupCount=3)
Runtime = .NET 10.0.12 (10.0.12, 10.0.1226.42308), X64 RyuJIT x86-64-v3; GC = Concurrent Workstation
Mean = 142.691 ms, StdErr = 0.692 ms (0.49%), N = 3, StdDev = 1.199 ms
Min = 141.773 ms, Q1 = 142.012 ms, Median = 142.252 ms, Q3 = 143.150 ms, Max = 144.047 ms
IQR = 1.137 ms, LowerFence = 140.307 ms, UpperFence = 144.855 ms
ConfidenceInterval = [120.818 ms; 164.563 ms] (CI 99.9%), Margin = 21.873 ms (15.33% of Mean)
Skewness = 0.32, Kurtosis = 0.67, MValue = 2
-------------------- Histogram --------------------
[140.682 ms ; 145.138 ms) | @@@
---------------------------------------------------

// * Summary *

BenchmarkDotNet v0.15.8, Linux Ubuntu 24.04.5 LTS (Noble Numbat)
AMD EPYC 7763 2.45GHz, 1 CPU, 4 logical and 2 physical cores
.NET SDK 10.0.401
  [Host]   : .NET 10.0.12 (10.0.12, 10.0.1226.42308), X64 RyuJIT x86-64-v3
  ShortRun : .NET 10.0.12 (10.0.12, 10.0.1226.42308), X64 RyuJIT x86-64-v3

Job=ShortRun  IterationCount=3  LaunchCount=1  
WarmupCount=3  

| Method                      | Mean           | Error          | StdDev        | Ratio  | RatioSD | Rank | Gen0   | Allocated | Alloc Ratio |
|---------------------------- |---------------:|---------------:|--------------:|-------:|--------:|-----:|-------:|----------:|------------:|
| EncinaRefitCall             |             NA |             NA |            NA |      ? |       ? |    ? |     NA |        NA |           ? |
| EncinaRefitCall_Sequential5 |       4.197 μs |      0.4470 μs |     0.0245 μs |  0.000 |    0.00 |    1 | 0.2975 |   4.92 KB |        0.50 |
| EncinaRefitCall_Batch10     |      15.825 μs |     18.4748 μs |     1.0127 μs |  0.001 |    0.00 |    2 | 0.6409 |  10.61 KB |        1.08 |
| DirectRefitCall_Baseline    |  13,768.866 μs | 14,714.8173 μs |   806.5688 μs |  1.002 |    0.07 |    3 |      - |   9.84 KB |        1.00 |
| DirectRefitCall_Batch10     |  40,026.528 μs | 68,723.6138 μs | 3,766.9732 μs |  2.914 |    0.28 |    4 |      - |  97.82 KB |        9.94 |
| DirectRefitCall_Sequential5 | 142,690.653 μs | 21,872.7971 μs | 1,198.9218 μs | 10.388 |    0.55 |    5 |      - |  48.24 KB |        4.90 |

Benchmarks with issues:
  RestApiRequestHandlerBenchmarks.EncinaRefitCall: ShortRun(IterationCount=3, LaunchCount=1, WarmupCount=3)

// * Warnings *
BaselineCustomAnalyzer
  Summary -> A question mark '?' symbol indicates that it was not possible to compute the (Ratio, RatioSD, Alloc Ratio) column(s) because the baseline or benchmark could not be found, or the baseline value is too close to zero.
// * Config Issues *

// * Warnings *
Configuration
  Summary -> The exporter CsvExporter is already present in configuration. There may be unexpected results.
  Summary -> The exporter HtmlExporter is already present in configuration. There may be unexpected results.
  Summary -> The exporter MarkdownExporter-github is already present in configuration. There may be unexpected results.

// * Legends *
  Mean        : Arithmetic mean of all measurements
  Error       : Half of 99.9% confidence interval
  StdDev      : Standard deviation of all measurements
  Ratio       : Mean of the ratio distribution ([Current]/[Baseline])
  RatioSD     : Standard deviation of the ratio distribution ([Current]/[Baseline])
  Rank        : Relative position of current benchmark mean among all benchmarks (Arabic style)
  Gen0        : GC Generation 0 collects per 1000 operations
  Allocated   : Allocated memory per single operation (managed only, inclusive, 1KB = 1024B)
  Alloc Ratio : Allocated memory ratio distribution ([Current]/[Baseline])
  1 μs        : 1 Microsecond (0.000001 sec)

// * Diagnostic Output - MemoryDiagnoser *


// ***** BenchmarkRunner: End *****
Run time: 00:00:34 (34.84 sec), executed benchmarks: 6

Global total time: 00:01:06 (66.95 sec), executed benchmarks: 6
// * Artifacts cleanup *
Artifacts cleanup is finished
