// Validating benchmarks:
// ***** BenchmarkRunner: Start   *****
// ***** Found 14 benchmark(s) in total *****
// ***** Building 1 exe(s) in Parallel: Start   *****
// start dotnet  restore --nodeReuse:false /p:UseSharedCompilation=false /p:Deterministic=true /p:Optimize=true /p:ArtifactsPath="/home/runner/work/Encina/Encina/tests/Encina.BenchmarkTests/Encina.Security.Encryption.Benchmarks/bin/Release/net10.0/Encina.Security.Encryption.Benchmarks-Job-YFEFPZ-1/" /p:OutDir="/home/runner/work/Encina/Encina/tests/Encina.BenchmarkTests/Encina.Security.Encryption.Benchmarks/bin/Release/net10.0/Encina.Security.Encryption.Benchmarks-Job-YFEFPZ-1/bin/Release/net10.0/" /p:OutputPath="/home/runner/work/Encina/Encina/tests/Encina.BenchmarkTests/Encina.Security.Encryption.Benchmarks/bin/Release/net10.0/Encina.Security.Encryption.Benchmarks-Job-YFEFPZ-1/bin/Release/net10.0/" /p:PublishDir="/home/runner/work/Encina/Encina/tests/Encina.BenchmarkTests/Encina.Security.Encryption.Benchmarks/bin/Release/net10.0/Encina.Security.Encryption.Benchmarks-Job-YFEFPZ-1/publish/" in /home/runner/work/Encina/Encina/tests/Encina.BenchmarkTests/Encina.Security.Encryption.Benchmarks/bin/Release/net10.0/Encina.Security.Encryption.Benchmarks-Job-YFEFPZ-1
// command took 2.49 sec and exited with 0
// start dotnet  build -c Release --no-restore --nodeReuse:false /p:UseSharedCompilation=false /p:Deterministic=true /p:Optimize=true /p:ArtifactsPath="/home/runner/work/Encina/Encina/tests/Encina.BenchmarkTests/Encina.Security.Encryption.Benchmarks/bin/Release/net10.0/Encina.Security.Encryption.Benchmarks-Job-YFEFPZ-1/" /p:OutDir="/home/runner/work/Encina/Encina/tests/Encina.BenchmarkTests/Encina.Security.Encryption.Benchmarks/bin/Release/net10.0/Encina.Security.Encryption.Benchmarks-Job-YFEFPZ-1/bin/Release/net10.0/" /p:OutputPath="/home/runner/work/Encina/Encina/tests/Encina.BenchmarkTests/Encina.Security.Encryption.Benchmarks/bin/Release/net10.0/Encina.Security.Encryption.Benchmarks-Job-YFEFPZ-1/bin/Release/net10.0/" /p:PublishDir="/home/runner/work/Encina/Encina/tests/Encina.BenchmarkTests/Encina.Security.Encryption.Benchmarks/bin/Release/net10.0/Encina.Security.Encryption.Benchmarks-Job-YFEFPZ-1/publish/" --output "/home/runner/work/Encina/Encina/tests/Encina.BenchmarkTests/Encina.Security.Encryption.Benchmarks/bin/Release/net10.0/Encina.Security.Encryption.Benchmarks-Job-YFEFPZ-1/bin/Release/net10.0/" in /home/runner/work/Encina/Encina/tests/Encina.BenchmarkTests/Encina.Security.Encryption.Benchmarks/bin/Release/net10.0/Encina.Security.Encryption.Benchmarks-Job-YFEFPZ-1
// command took 31.26 sec and exited with 0
// ***** Done, took 00:00:33 (33.9 sec)   *****
// Found 14 benchmarks:
//   AesGcmFieldEncryptorBenchmarks.EncryptString_Medium: Job-YFEFPZ(IterationCount=10, WarmupCount=3)
//   AesGcmFieldEncryptorBenchmarks.EncryptDecryptRoundtrip: Job-YFEFPZ(IterationCount=10, WarmupCount=3)
//   AesGcmFieldEncryptorBenchmarks.EncryptBytes_Short: Job-YFEFPZ(IterationCount=10, WarmupCount=3)
//   AesGcmFieldEncryptorBenchmarks.EncryptBytes_Medium: Job-YFEFPZ(IterationCount=10, WarmupCount=3)
//   AesGcmFieldEncryptorBenchmarks.EncryptString_Medium: ShortRun(IterationCount=3, LaunchCount=1, WarmupCount=3)
//   AesGcmFieldEncryptorBenchmarks.EncryptDecryptRoundtrip: ShortRun(IterationCount=3, LaunchCount=1, WarmupCount=3)
//   AesGcmFieldEncryptorBenchmarks.EncryptBytes_Short: ShortRun(IterationCount=3, LaunchCount=1, WarmupCount=3)
//   AesGcmFieldEncryptorBenchmarks.EncryptBytes_Medium: ShortRun(IterationCount=3, LaunchCount=1, WarmupCount=3)
//   AesGcmFieldEncryptorBenchmarks.DecryptString_Short: Job-YFEFPZ(IterationCount=10, WarmupCount=3)
//   AesGcmFieldEncryptorBenchmarks.DecryptString_Short: ShortRun(IterationCount=3, LaunchCount=1, WarmupCount=3)
//   AesGcmFieldEncryptorBenchmarks.EncryptString_Long: Job-YFEFPZ(IterationCount=10, WarmupCount=3)
//   AesGcmFieldEncryptorBenchmarks.EncryptString_Long: ShortRun(IterationCount=3, LaunchCount=1, WarmupCount=3)
//   AesGcmFieldEncryptorBenchmarks.EncryptString_Short: Job-YFEFPZ(IterationCount=10, WarmupCount=3)
//   AesGcmFieldEncryptorBenchmarks.EncryptString_Short: ShortRun(IterationCount=3, LaunchCount=1, WarmupCount=3)

// **************************
// Benchmark: AesGcmFieldEncryptorBenchmarks.EncryptString_Medium: Job-YFEFPZ(IterationCount=10, WarmupCount=3)
// *** Execute ***
// Launch: 1 / 1
// Execute: dotnet Encina.Security.Encryption.Benchmarks-Job-YFEFPZ-1.dll --anonymousPipes 146 147 --benchmarkName Encina.Security.Encryption.Benchmarks.AesGcmFieldEncryptorBenchmarks.EncryptString_Medium --job "IterationCount=10, WarmupCount=3" --benchmarkId 0 in /home/runner/work/Encina/Encina/tests/Encina.BenchmarkTests/Encina.Security.Encryption.Benchmarks/bin/Release/net10.0/Encina.Security.Encryption.Benchmarks-Job-YFEFPZ-1/bin/Release/net10.0
// Failed to set up high priority (Permission denied). In order to run benchmarks with high priority, make sure you have the right permissions.
// BeforeAnythingElse

// Benchmark Process Environment Information:
// BenchmarkDotNet v0.15.8
// Runtime=.NET 10.0.12 (10.0.12, 10.0.1226.42308), X64 RyuJIT x86-64-v3
// GC=Concurrent Workstation
// HardwareIntrinsics=AVX2+BMI1+BMI2+F16C+FMA+LZCNT+MOVBE,AVX,SSE3+SSSE3+SSE4.1+SSE4.2+POPCNT,X86Base+SSE+SSE2,AES+PCLMUL VectorSize=256
// Job: Job-YFEFPZ(IterationCount=10, WarmupCount=3)

OverheadJitting  1: 1 op, 226181.00 ns, 226.1810 us/op
WorkloadJitting  1: 1 op, 3015215.00 ns, 3.0152 ms/op

OverheadJitting  2: 16 op, 208929.00 ns, 13.0581 us/op
WorkloadJitting  2: 16 op, 474333.00 ns, 29.6458 us/op

WorkloadPilot    1: 16 op, 132657.00 ns, 8.2911 us/op
WorkloadPilot    2: 32 op, 208478.00 ns, 6.5149 us/op
WorkloadPilot    3: 64 op, 384566.00 ns, 6.0088 us/op
WorkloadPilot    4: 128 op, 746550.00 ns, 5.8324 us/op
WorkloadPilot    5: 256 op, 1373528.00 ns, 5.3653 us/op
WorkloadPilot    6: 512 op, 2760942.00 ns, 5.3925 us/op
WorkloadPilot    7: 1024 op, 5501545.00 ns, 5.3726 us/op
WorkloadPilot    8: 2048 op, 11029369.00 ns, 5.3854 us/op
WorkloadPilot    9: 4096 op, 22036447.00 ns, 5.3800 us/op
WorkloadPilot   10: 8192 op, 43722892.00 ns, 5.3373 us/op
WorkloadPilot   11: 16384 op, 83947438.00 ns, 5.1237 us/op
WorkloadPilot   12: 32768 op, 165049358.00 ns, 5.0369 us/op
WorkloadPilot   13: 65536 op, 318063685.00 ns, 4.8533 us/op
WorkloadPilot   14: 131072 op, 639995142.00 ns, 4.8828 us/op

OverheadWarmup   1: 131072 op, 215552.00 ns, 1.6445 ns/op
OverheadWarmup   2: 131072 op, 231501.00 ns, 1.7662 ns/op
OverheadWarmup   3: 131072 op, 230338.00 ns, 1.7573 ns/op
OverheadWarmup   4: 131072 op, 246369.00 ns, 1.8796 ns/op
OverheadWarmup   5: 131072 op, 229908.00 ns, 1.7541 ns/op

OverheadActual   1: 131072 op, 232573.00 ns, 1.7744 ns/op
OverheadActual   2: 131072 op, 230679.00 ns, 1.7599 ns/op
OverheadActual   3: 131072 op, 245286.00 ns, 1.8714 ns/op
OverheadActual   4: 131072 op, 231010.00 ns, 1.7625 ns/op
OverheadActual   5: 131072 op, 230950.00 ns, 1.7620 ns/op
OverheadActual   6: 131072 op, 229938.00 ns, 1.7543 ns/op
OverheadActual   7: 131072 op, 231030.00 ns, 1.7626 ns/op
OverheadActual   8: 131072 op, 252421.00 ns, 1.9258 ns/op
OverheadActual   9: 131072 op, 224728.00 ns, 1.7145 ns/op
OverheadActual  10: 131072 op, 230259.00 ns, 1.7567 ns/op
OverheadActual  11: 131072 op, 230358.00 ns, 1.7575 ns/op
OverheadActual  12: 131072 op, 230159.00 ns, 1.7560 ns/op
OverheadActual  13: 131072 op, 252119.00 ns, 1.9235 ns/op
OverheadActual  14: 131072 op, 224618.00 ns, 1.7137 ns/op
OverheadActual  15: 131072 op, 224889.00 ns, 1.7158 ns/op

WorkloadWarmup   1: 131072 op, 649998971.00 ns, 4.9591 us/op
WorkloadWarmup   2: 131072 op, 645919765.00 ns, 4.9280 us/op
WorkloadWarmup   3: 131072 op, 639454235.00 ns, 4.8786 us/op

// BeforeActualRun
WorkloadActual   1: 131072 op, 645374729.00 ns, 4.9238 us/op
WorkloadActual   2: 131072 op, 639665949.00 ns, 4.8803 us/op
WorkloadActual   3: 131072 op, 641571417.00 ns, 4.8948 us/op
WorkloadActual   4: 131072 op, 641448708.00 ns, 4.8939 us/op
WorkloadActual   5: 131072 op, 639505005.00 ns, 4.8790 us/op
WorkloadActual   6: 131072 op, 654572032.00 ns, 4.9940 us/op
WorkloadActual   7: 131072 op, 638493369.00 ns, 4.8713 us/op
WorkloadActual   8: 131072 op, 643380993.00 ns, 4.9086 us/op
WorkloadActual   9: 131072 op, 639301925.00 ns, 4.8775 us/op
WorkloadActual  10: 131072 op, 636938404.00 ns, 4.8595 us/op

// AfterActualRun
WorkloadResult   1: 131072 op, 645144050.00 ns, 4.9221 us/op
WorkloadResult   2: 131072 op, 639435270.00 ns, 4.8785 us/op
WorkloadResult   3: 131072 op, 641340738.00 ns, 4.8930 us/op
WorkloadResult   4: 131072 op, 641218029.00 ns, 4.8921 us/op
WorkloadResult   5: 131072 op, 639274326.00 ns, 4.8773 us/op
WorkloadResult   6: 131072 op, 638262690.00 ns, 4.8696 us/op
WorkloadResult   7: 131072 op, 643150314.00 ns, 4.9068 us/op
WorkloadResult   8: 131072 op, 639071246.00 ns, 4.8757 us/op
WorkloadResult   9: 131072 op, 636707725.00 ns, 4.8577 us/op
// GC:  9 0 0 153094336 131072
// Threading:  0 0 131072

// AfterAll
// Benchmark Process 3209 has exited with code 0.

Mean = 4.886 μs, StdErr = 0.007 μs (0.13%), N = 9, StdDev = 0.020 μs
Min = 4.858 μs, Q1 = 4.876 μs, Median = 4.879 μs, Q3 = 4.893 μs, Max = 4.922 μs
IQR = 0.017 μs, LowerFence = 4.850 μs, UpperFence = 4.919 μs
ConfidenceInterval = [4.853 μs; 4.919 μs] (CI 99.9%), Margin = 0.033 μs (0.68% of Mean)
Skewness = 0.41, Kurtosis = 1.91, MValue = 2

// ** Remained 13 (92.9 %) benchmark(s) to run. Estimated finish 2026-09-23 13:24 (0h 2m from now) **
// **************************
// Benchmark: AesGcmFieldEncryptorBenchmarks.EncryptDecryptRoundtrip: Job-YFEFPZ(IterationCount=10, WarmupCount=3)
// *** Execute ***
// Launch: 1 / 1
// Execute: dotnet Encina.Security.Encryption.Benchmarks-Job-YFEFPZ-1.dll --anonymousPipes 146 147 --benchmarkName Encina.Security.Encryption.Benchmarks.AesGcmFieldEncryptorBenchmarks.EncryptDecryptRoundtrip --job "IterationCount=10, WarmupCount=3" --benchmarkId 1 in /home/runner/work/Encina/Encina/tests/Encina.BenchmarkTests/Encina.Security.Encryption.Benchmarks/bin/Release/net10.0/Encina.Security.Encryption.Benchmarks-Job-YFEFPZ-1/bin/Release/net10.0
// Failed to set up high priority (Permission denied). In order to run benchmarks with high priority, make sure you have the right permissions.
// BeforeAnythingElse

// Benchmark Process Environment Information:
// BenchmarkDotNet v0.15.8
// Runtime=.NET 10.0.12 (10.0.12, 10.0.1226.42308), X64 RyuJIT x86-64-v3
// GC=Concurrent Workstation
// HardwareIntrinsics=AVX2+BMI1+BMI2+F16C+FMA+LZCNT+MOVBE,AVX,SSE3+SSSE3+SSE4.1+SSE4.2+POPCNT,X86Base+SSE+SSE2,AES+PCLMUL VectorSize=256
// Job: Job-YFEFPZ(IterationCount=10, WarmupCount=3)

OverheadJitting  1: 1 op, 228806.00 ns, 228.8060 us/op
WorkloadJitting  1: 1 op, 15737918.00 ns, 15.7379 ms/op

OverheadJitting  2: 16 op, 429700.00 ns, 26.8563 us/op
WorkloadJitting  2: 16 op, 636946.00 ns, 39.8091 us/op

WorkloadPilot    1: 16 op, 169275.00 ns, 10.5797 us/op
WorkloadPilot    2: 32 op, 296743.00 ns, 9.2732 us/op
WorkloadPilot    3: 64 op, 562397.00 ns, 8.7875 us/op
WorkloadPilot    4: 128 op, 1102623.00 ns, 8.6142 us/op
WorkloadPilot    5: 256 op, 2184108.00 ns, 8.5317 us/op
WorkloadPilot    6: 512 op, 4257789.00 ns, 8.3160 us/op
WorkloadPilot    7: 1024 op, 8461558.00 ns, 8.2632 us/op
WorkloadPilot    8: 2048 op, 16906033.00 ns, 8.2549 us/op
WorkloadPilot    9: 4096 op, 34293113.00 ns, 8.3723 us/op
WorkloadPilot   10: 8192 op, 67825969.00 ns, 8.2795 us/op
WorkloadPilot   11: 16384 op, 133299368.00 ns, 8.1359 us/op
WorkloadPilot   12: 32768 op, 269909681.00 ns, 8.2370 us/op
WorkloadPilot   13: 65536 op, 527545255.00 ns, 8.0497 us/op

OverheadWarmup   1: 65536 op, 216753.00 ns, 3.3074 ns/op
OverheadWarmup   2: 65536 op, 216613.00 ns, 3.3053 ns/op
OverheadWarmup   3: 65536 op, 216443.00 ns, 3.3027 ns/op
OverheadWarmup   4: 65536 op, 250687.00 ns, 3.8252 ns/op
OverheadWarmup   5: 65536 op, 216514.00 ns, 3.3037 ns/op
OverheadWarmup   6: 65536 op, 216443.00 ns, 3.3027 ns/op
OverheadWarmup   7: 65536 op, 216614.00 ns, 3.3053 ns/op
OverheadWarmup   8: 65536 op, 242562.00 ns, 3.7012 ns/op
OverheadWarmup   9: 65536 op, 216423.00 ns, 3.3024 ns/op

OverheadActual   1: 65536 op, 216453.00 ns, 3.3028 ns/op
OverheadActual   2: 65536 op, 216433.00 ns, 3.3025 ns/op
OverheadActual   3: 65536 op, 216483.00 ns, 3.3033 ns/op
OverheadActual   4: 65536 op, 216493.00 ns, 3.3034 ns/op
OverheadActual   5: 65536 op, 236540.00 ns, 3.6093 ns/op
OverheadActual   6: 65536 op, 216433.00 ns, 3.3025 ns/op
OverheadActual   7: 65536 op, 216473.00 ns, 3.3031 ns/op
OverheadActual   8: 65536 op, 216483.00 ns, 3.3033 ns/op
OverheadActual   9: 65536 op, 216443.00 ns, 3.3027 ns/op
OverheadActual  10: 65536 op, 247400.00 ns, 3.7750 ns/op
OverheadActual  11: 65536 op, 216424.00 ns, 3.3024 ns/op
OverheadActual  12: 65536 op, 216433.00 ns, 3.3025 ns/op
OverheadActual  13: 65536 op, 216423.00 ns, 3.3024 ns/op
OverheadActual  14: 65536 op, 249324.00 ns, 3.8044 ns/op
OverheadActual  15: 65536 op, 216503.00 ns, 3.3036 ns/op

WorkloadWarmup   1: 65536 op, 534169671.00 ns, 8.1508 us/op
WorkloadWarmup   2: 65536 op, 533054084.00 ns, 8.1338 us/op
WorkloadWarmup   3: 65536 op, 527422286.00 ns, 8.0478 us/op

// BeforeActualRun
WorkloadActual   1: 65536 op, 527236150.00 ns, 8.0450 us/op
WorkloadActual   2: 65536 op, 523784002.00 ns, 7.9923 us/op
WorkloadActual   3: 65536 op, 525149828.00 ns, 8.0132 us/op
WorkloadActual   4: 65536 op, 524456276.00 ns, 8.0026 us/op
WorkloadActual   5: 65536 op, 527330940.00 ns, 8.0464 us/op
WorkloadActual   6: 65536 op, 523985590.00 ns, 7.9954 us/op
WorkloadActual   7: 65536 op, 523838916.00 ns, 7.9931 us/op
WorkloadActual   8: 65536 op, 523845018.00 ns, 7.9932 us/op
WorkloadActual   9: 65536 op, 525082763.00 ns, 8.0121 us/op
WorkloadActual  10: 65536 op, 528779537.00 ns, 8.0685 us/op

// AfterActualRun
WorkloadResult   1: 65536 op, 527019677.00 ns, 8.0417 us/op
WorkloadResult   2: 65536 op, 523567529.00 ns, 7.9890 us/op
WorkloadResult   3: 65536 op, 524933355.00 ns, 8.0098 us/op
WorkloadResult   4: 65536 op, 524239803.00 ns, 7.9993 us/op
WorkloadResult   5: 65536 op, 527114467.00 ns, 8.0431 us/op
WorkloadResult   6: 65536 op, 523769117.00 ns, 7.9921 us/op
WorkloadResult   7: 65536 op, 523622443.00 ns, 7.9898 us/op
WorkloadResult   8: 65536 op, 523628545.00 ns, 7.9899 us/op
WorkloadResult   9: 65536 op, 524866290.00 ns, 8.0088 us/op
WorkloadResult  10: 65536 op, 528563064.00 ns, 8.0652 us/op
// GC:  2 0 0 43516576 65536
// Threading:  0 0 65536

// AfterAll
// Benchmark Process 3218 has exited with code 0.

Mean = 8.013 μs, StdErr = 0.009 μs (0.11%), N = 10, StdDev = 0.027 μs
Min = 7.989 μs, Q1 = 7.990 μs, Median = 8.004 μs, Q3 = 8.034 μs, Max = 8.065 μs
IQR = 0.043 μs, LowerFence = 7.926 μs, UpperFence = 8.099 μs
ConfidenceInterval = [7.971 μs; 8.054 μs] (CI 99.9%), Margin = 0.041 μs (0.52% of Mean)
Skewness = 0.71, Kurtosis = 1.8, MValue = 2

// ** Remained 12 (85.7 %) benchmark(s) to run. Estimated finish 2026-09-23 13:24 (0h 1m from now) **
// **************************
// Benchmark: AesGcmFieldEncryptorBenchmarks.EncryptBytes_Short: Job-YFEFPZ(IterationCount=10, WarmupCount=3)
// *** Execute ***
// Launch: 1 / 1
// Execute: dotnet Encina.Security.Encryption.Benchmarks-Job-YFEFPZ-1.dll --anonymousPipes 146 147 --benchmarkName Encina.Security.Encryption.Benchmarks.AesGcmFieldEncryptorBenchmarks.EncryptBytes_Short --job "IterationCount=10, WarmupCount=3" --benchmarkId 2 in /home/runner/work/Encina/Encina/tests/Encina.BenchmarkTests/Encina.Security.Encryption.Benchmarks/bin/Release/net10.0/Encina.Security.Encryption.Benchmarks-Job-YFEFPZ-1/bin/Release/net10.0
// Failed to set up high priority (Permission denied). In order to run benchmarks with high priority, make sure you have the right permissions.
// BeforeAnythingElse

// Benchmark Process Environment Information:
// BenchmarkDotNet v0.15.8
// Runtime=.NET 10.0.12 (10.0.12, 10.0.1226.42308), X64 RyuJIT x86-64-v3
// GC=Concurrent Workstation
// HardwareIntrinsics=AVX2+BMI1+BMI2+F16C+FMA+LZCNT+MOVBE,AVX,SSE3+SSSE3+SSE4.1+SSE4.2+POPCNT,X86Base+SSE+SSE2,AES+PCLMUL VectorSize=256
// Job: Job-YFEFPZ(IterationCount=10, WarmupCount=3)

OverheadJitting  1: 1 op, 229358.00 ns, 229.3580 us/op
WorkloadJitting  1: 1 op, 5707819.00 ns, 5.7078 ms/op

OverheadJitting  2: 16 op, 222033.00 ns, 13.8771 us/op
WorkloadJitting  2: 16 op, 372704.00 ns, 23.2940 us/op

WorkloadPilot    1: 16 op, 151563.00 ns, 9.4727 us/op
WorkloadPilot    2: 32 op, 197818.00 ns, 6.1818 us/op
WorkloadPilot    3: 64 op, 348189.00 ns, 5.4405 us/op
WorkloadPilot    4: 128 op, 686939.00 ns, 5.3667 us/op
WorkloadPilot    5: 256 op, 1314838.00 ns, 5.1361 us/op
WorkloadPilot    6: 512 op, 2555950.00 ns, 4.9921 us/op
WorkloadPilot    7: 1024 op, 4934178.00 ns, 4.8185 us/op
WorkloadPilot    8: 2048 op, 10015221.00 ns, 4.8902 us/op
WorkloadPilot    9: 4096 op, 19807676.00 ns, 4.8359 us/op
WorkloadPilot   10: 8192 op, 39808902.00 ns, 4.8595 us/op
WorkloadPilot   11: 16384 op, 78241992.00 ns, 4.7755 us/op
WorkloadPilot   12: 32768 op, 158994771.00 ns, 4.8521 us/op
WorkloadPilot   13: 65536 op, 305338003.00 ns, 4.6591 us/op
WorkloadPilot   14: 131072 op, 604718861.00 ns, 4.6136 us/op

OverheadWarmup   1: 131072 op, 212966.00 ns, 1.6248 ns/op
OverheadWarmup   2: 131072 op, 228196.00 ns, 1.7410 ns/op
OverheadWarmup   3: 131072 op, 227905.00 ns, 1.7388 ns/op
OverheadWarmup   4: 131072 op, 227794.00 ns, 1.7379 ns/op
OverheadWarmup   5: 131072 op, 228846.00 ns, 1.7460 ns/op
OverheadWarmup   6: 131072 op, 247681.00 ns, 1.8897 ns/op
OverheadWarmup   7: 131072 op, 224308.00 ns, 1.7113 ns/op

OverheadActual   1: 131072 op, 231871.00 ns, 1.7690 ns/op
OverheadActual   2: 131072 op, 228175.00 ns, 1.7408 ns/op
OverheadActual   3: 131072 op, 241579.00 ns, 1.8431 ns/op
OverheadActual   4: 131072 op, 227825.00 ns, 1.7382 ns/op
OverheadActual   5: 131072 op, 227704.00 ns, 1.7372 ns/op
OverheadActual   6: 131072 op, 214069.00 ns, 1.6332 ns/op
OverheadActual   7: 131072 op, 212636.00 ns, 1.6223 ns/op
OverheadActual   8: 131072 op, 212616.00 ns, 1.6221 ns/op
OverheadActual   9: 131072 op, 244305.00 ns, 1.8639 ns/op
OverheadActual  10: 131072 op, 212605.00 ns, 1.6220 ns/op
OverheadActual  11: 131072 op, 212616.00 ns, 1.6221 ns/op
OverheadActual  12: 131072 op, 212626.00 ns, 1.6222 ns/op
OverheadActual  13: 131072 op, 227865.00 ns, 1.7385 ns/op
OverheadActual  14: 131072 op, 212595.00 ns, 1.6220 ns/op
OverheadActual  15: 131072 op, 212615.00 ns, 1.6221 ns/op
OverheadActual  16: 131072 op, 212586.00 ns, 1.6219 ns/op
OverheadActual  17: 131072 op, 212626.00 ns, 1.6222 ns/op

WorkloadWarmup   1: 131072 op, 617449799.00 ns, 4.7108 us/op
WorkloadWarmup   2: 131072 op, 613163838.00 ns, 4.6781 us/op
WorkloadWarmup   3: 131072 op, 607060958.00 ns, 4.6315 us/op

// BeforeActualRun
WorkloadActual   1: 131072 op, 607438118.00 ns, 4.6344 us/op
WorkloadActual   2: 131072 op, 604959354.00 ns, 4.6155 us/op
WorkloadActual   3: 131072 op, 604994119.00 ns, 4.6157 us/op
WorkloadActual   4: 131072 op, 606580509.00 ns, 4.6278 us/op
WorkloadActual   5: 131072 op, 603817544.00 ns, 4.6068 us/op
WorkloadActual   6: 131072 op, 605742775.00 ns, 4.6215 us/op
WorkloadActual   7: 131072 op, 606931443.00 ns, 4.6305 us/op
WorkloadActual   8: 131072 op, 607745784.00 ns, 4.6367 us/op
WorkloadActual   9: 131072 op, 605415084.00 ns, 4.6190 us/op
WorkloadActual  10: 131072 op, 604669515.00 ns, 4.6133 us/op

// AfterActualRun
WorkloadResult   1: 131072 op, 607225482.00 ns, 4.6328 us/op
WorkloadResult   2: 131072 op, 604746718.00 ns, 4.6139 us/op
WorkloadResult   3: 131072 op, 604781483.00 ns, 4.6141 us/op
WorkloadResult   4: 131072 op, 606367873.00 ns, 4.6262 us/op
WorkloadResult   5: 131072 op, 603604908.00 ns, 4.6051 us/op
WorkloadResult   6: 131072 op, 605530139.00 ns, 4.6198 us/op
WorkloadResult   7: 131072 op, 606718807.00 ns, 4.6289 us/op
WorkloadResult   8: 131072 op, 607533148.00 ns, 4.6351 us/op
WorkloadResult   9: 131072 op, 605202448.00 ns, 4.6173 us/op
WorkloadResult  10: 131072 op, 604456879.00 ns, 4.6116 us/op
// GC:  3 0 0 58721152 131072
// Threading:  0 0 131072

// AfterAll
// Benchmark Process 3226 has exited with code 0.

Mean = 4.620 μs, StdErr = 0.003 μs (0.07%), N = 10, StdDev = 0.010 μs
Min = 4.605 μs, Q1 = 4.614 μs, Median = 4.619 μs, Q3 = 4.628 μs, Max = 4.635 μs
IQR = 0.014 μs, LowerFence = 4.592 μs, UpperFence = 4.650 μs
ConfidenceInterval = [4.606 μs; 4.635 μs] (CI 99.9%), Margin = 0.015 μs (0.32% of Mean)
Skewness = 0.09, Kurtosis = 1.47, MValue = 2

// ** Remained 11 (78.6 %) benchmark(s) to run. Estimated finish 2026-09-23 13:24 (0h 1m from now) **
// **************************
// Benchmark: AesGcmFieldEncryptorBenchmarks.EncryptBytes_Medium: Job-YFEFPZ(IterationCount=10, WarmupCount=3)
// *** Execute ***
// Launch: 1 / 1
// Execute: dotnet Encina.Security.Encryption.Benchmarks-Job-YFEFPZ-1.dll --anonymousPipes 146 147 --benchmarkName Encina.Security.Encryption.Benchmarks.AesGcmFieldEncryptorBenchmarks.EncryptBytes_Medium --job "IterationCount=10, WarmupCount=3" --benchmarkId 3 in /home/runner/work/Encina/Encina/tests/Encina.BenchmarkTests/Encina.Security.Encryption.Benchmarks/bin/Release/net10.0/Encina.Security.Encryption.Benchmarks-Job-YFEFPZ-1/bin/Release/net10.0
// Failed to set up high priority (Permission denied). In order to run benchmarks with high priority, make sure you have the right permissions.
// BeforeAnythingElse

// Benchmark Process Environment Information:
// BenchmarkDotNet v0.15.8
// Runtime=.NET 10.0.12 (10.0.12, 10.0.1226.42308), X64 RyuJIT x86-64-v3
// GC=Concurrent Workstation
// HardwareIntrinsics=AVX2+BMI1+BMI2+F16C+FMA+LZCNT+MOVBE,AVX,SSE3+SSSE3+SSE4.1+SSE4.2+POPCNT,X86Base+SSE+SSE2,AES+PCLMUL VectorSize=256
// Job: Job-YFEFPZ(IterationCount=10, WarmupCount=3)

OverheadJitting  1: 1 op, 220491.00 ns, 220.4910 us/op
WorkloadJitting  1: 1 op, 5228367.00 ns, 5.2284 ms/op

OverheadJitting  2: 16 op, 241790.00 ns, 15.1119 us/op
WorkloadJitting  2: 16 op, 383634.00 ns, 23.9771 us/op

WorkloadPilot    1: 16 op, 123861.00 ns, 7.7413 us/op
WorkloadPilot    2: 32 op, 201816.00 ns, 6.3068 us/op
WorkloadPilot    3: 64 op, 377764.00 ns, 5.9026 us/op
WorkloadPilot    4: 128 op, 743965.00 ns, 5.8122 us/op
WorkloadPilot    5: 256 op, 1358510.00 ns, 5.3067 us/op
WorkloadPilot    6: 512 op, 2700960.00 ns, 5.2753 us/op
WorkloadPilot    7: 1024 op, 5482299.00 ns, 5.3538 us/op
WorkloadPilot    8: 2048 op, 10869252.00 ns, 5.3073 us/op
WorkloadPilot    9: 4096 op, 21690454.00 ns, 5.2955 us/op
WorkloadPilot   10: 8192 op, 43733334.00 ns, 5.3385 us/op
WorkloadPilot   11: 16384 op, 83431292.00 ns, 5.0922 us/op
WorkloadPilot   12: 32768 op, 163386432.00 ns, 4.9862 us/op
WorkloadPilot   13: 65536 op, 315314565.00 ns, 4.8113 us/op
WorkloadPilot   14: 131072 op, 634975097.00 ns, 4.8445 us/op

OverheadWarmup   1: 131072 op, 213031.00 ns, 1.6253 ns/op
OverheadWarmup   2: 131072 op, 212581.00 ns, 1.6219 ns/op
OverheadWarmup   3: 131072 op, 212580.00 ns, 1.6219 ns/op
OverheadWarmup   4: 131072 op, 236616.00 ns, 1.8052 ns/op
OverheadWarmup   5: 131072 op, 239612.00 ns, 1.8281 ns/op
OverheadWarmup   6: 131072 op, 222439.00 ns, 1.6971 ns/op
OverheadWarmup   7: 131072 op, 212581.00 ns, 1.6219 ns/op
OverheadWarmup   8: 131072 op, 212561.00 ns, 1.6217 ns/op
OverheadWarmup   9: 131072 op, 237719.00 ns, 1.8137 ns/op
OverheadWarmup  10: 131072 op, 212540.00 ns, 1.6216 ns/op

OverheadActual   1: 131072 op, 212621.00 ns, 1.6222 ns/op
OverheadActual   2: 131072 op, 212531.00 ns, 1.6215 ns/op
OverheadActual   3: 131072 op, 212601.00 ns, 1.6220 ns/op
OverheadActual   4: 131072 op, 212631.00 ns, 1.6222 ns/op
OverheadActual   5: 131072 op, 212651.00 ns, 1.6224 ns/op
OverheadActual   6: 131072 op, 228170.00 ns, 1.7408 ns/op
OverheadActual   7: 131072 op, 212631.00 ns, 1.6222 ns/op
OverheadActual   8: 131072 op, 225946.00 ns, 1.7238 ns/op
OverheadActual   9: 131072 op, 212531.00 ns, 1.6215 ns/op
OverheadActual  10: 131072 op, 229643.00 ns, 1.7520 ns/op
OverheadActual  11: 131072 op, 212671.00 ns, 1.6226 ns/op
OverheadActual  12: 131072 op, 212571.00 ns, 1.6218 ns/op
OverheadActual  13: 131072 op, 212631.00 ns, 1.6222 ns/op
OverheadActual  14: 131072 op, 228972.00 ns, 1.7469 ns/op
OverheadActual  15: 131072 op, 212591.00 ns, 1.6219 ns/op

WorkloadWarmup   1: 131072 op, 640726642.00 ns, 4.8884 us/op
WorkloadWarmup   2: 131072 op, 636509782.00 ns, 4.8562 us/op
WorkloadWarmup   3: 131072 op, 629690384.00 ns, 4.8042 us/op

// BeforeActualRun
WorkloadActual   1: 131072 op, 634744193.00 ns, 4.8427 us/op
WorkloadActual   2: 131072 op, 631240979.00 ns, 4.8160 us/op
WorkloadActual   3: 131072 op, 644469694.00 ns, 4.9169 us/op
WorkloadActual   4: 131072 op, 630207474.00 ns, 4.8081 us/op
WorkloadActual   5: 131072 op, 629897057.00 ns, 4.8057 us/op
WorkloadActual   6: 131072 op, 633206680.00 ns, 4.8310 us/op
WorkloadActual   7: 131072 op, 631083396.00 ns, 4.8148 us/op
WorkloadActual   8: 131072 op, 630150148.00 ns, 4.8077 us/op
WorkloadActual   9: 131072 op, 638852121.00 ns, 4.8741 us/op
WorkloadActual  10: 131072 op, 632434484.00 ns, 4.8251 us/op

// AfterActualRun
WorkloadResult   1: 131072 op, 634531562.00 ns, 4.8411 us/op
WorkloadResult   2: 131072 op, 631028348.00 ns, 4.8144 us/op
WorkloadResult   3: 131072 op, 629994843.00 ns, 4.8065 us/op
WorkloadResult   4: 131072 op, 629684426.00 ns, 4.8041 us/op
WorkloadResult   5: 131072 op, 632994049.00 ns, 4.8294 us/op
WorkloadResult   6: 131072 op, 630870765.00 ns, 4.8132 us/op
WorkloadResult   7: 131072 op, 629937517.00 ns, 4.8060 us/op
WorkloadResult   8: 131072 op, 638639490.00 ns, 4.8724 us/op
WorkloadResult   9: 131072 op, 632221853.00 ns, 4.8235 us/op
// GC:  9 0 0 153094336 131072
// Threading:  0 0 131072

// AfterAll
// Benchmark Process 3235 has exited with code 0.

Mean = 4.823 μs, StdErr = 0.007 μs (0.15%), N = 9, StdDev = 0.022 μs
Min = 4.804 μs, Q1 = 4.806 μs, Median = 4.814 μs, Q3 = 4.829 μs, Max = 4.872 μs
IQR = 0.023 μs, LowerFence = 4.772 μs, UpperFence = 4.864 μs
ConfidenceInterval = [4.786 μs; 4.860 μs] (CI 99.9%), Margin = 0.037 μs (0.77% of Mean)
Skewness = 1.08, Kurtosis = 2.91, MValue = 2

// ** Remained 10 (71.4 %) benchmark(s) to run. Estimated finish 2026-09-23 13:24 (0h 1m from now) **
// **************************
// Benchmark: AesGcmFieldEncryptorBenchmarks.EncryptString_Medium: ShortRun(IterationCount=3, LaunchCount=1, WarmupCount=3)
// *** Execute ***
// Launch: 1 / 1
// Execute: dotnet Encina.Security.Encryption.Benchmarks-Job-YFEFPZ-1.dll --anonymousPipes 146 147 --benchmarkName Encina.Security.Encryption.Benchmarks.AesGcmFieldEncryptorBenchmarks.EncryptString_Medium --job ShortRun --benchmarkId 4 in /home/runner/work/Encina/Encina/tests/Encina.BenchmarkTests/Encina.Security.Encryption.Benchmarks/bin/Release/net10.0/Encina.Security.Encryption.Benchmarks-Job-YFEFPZ-1/bin/Release/net10.0
// Failed to set up high priority (Permission denied). In order to run benchmarks with high priority, make sure you have the right permissions.
// BeforeAnythingElse

// Benchmark Process Environment Information:
// BenchmarkDotNet v0.15.8
// Runtime=.NET 10.0.12 (10.0.12, 10.0.1226.42308), X64 RyuJIT x86-64-v3
// GC=Concurrent Workstation
// HardwareIntrinsics=AVX2+BMI1+BMI2+F16C+FMA+LZCNT+MOVBE,AVX,SSE3+SSSE3+SSE4.1+SSE4.2+POPCNT,X86Base+SSE+SSE2,AES+PCLMUL VectorSize=256
// Job: ShortRun(IterationCount=3, LaunchCount=1, WarmupCount=3)

OverheadJitting  1: 1 op, 247914.00 ns, 247.9140 us/op
WorkloadJitting  1: 1 op, 2975245.00 ns, 2.9752 ms/op

OverheadJitting  2: 16 op, 209923.00 ns, 13.1202 us/op
WorkloadJitting  2: 16 op, 374981.00 ns, 23.4363 us/op

WorkloadPilot    1: 16 op, 131626.00 ns, 8.2266 us/op
WorkloadPilot    2: 32 op, 225502.00 ns, 7.0469 us/op
WorkloadPilot    3: 64 op, 421508.00 ns, 6.5861 us/op
WorkloadPilot    4: 128 op, 837677.00 ns, 6.5444 us/op
WorkloadPilot    5: 256 op, 1562682.00 ns, 6.1042 us/op
WorkloadPilot    6: 512 op, 3097373.00 ns, 6.0496 us/op
WorkloadPilot    7: 1024 op, 6110639.00 ns, 5.9674 us/op
WorkloadPilot    8: 2048 op, 12139103.00 ns, 5.9273 us/op
WorkloadPilot    9: 4096 op, 24271405.00 ns, 5.9256 us/op
WorkloadPilot   10: 8192 op, 48421772.00 ns, 5.9109 us/op
WorkloadPilot   11: 16384 op, 95550916.00 ns, 5.8320 us/op
WorkloadPilot   12: 32768 op, 180117789.00 ns, 5.4968 us/op
WorkloadPilot   13: 65536 op, 353860075.00 ns, 5.3995 us/op
WorkloadPilot   14: 131072 op, 708350998.00 ns, 5.4043 us/op

OverheadWarmup   1: 131072 op, 226995.00 ns, 1.7318 ns/op
OverheadWarmup   2: 131072 op, 230922.00 ns, 1.7618 ns/op
OverheadWarmup   3: 131072 op, 232004.00 ns, 1.7701 ns/op
OverheadWarmup   4: 131072 op, 246351.00 ns, 1.8795 ns/op
OverheadWarmup   5: 131072 op, 229840.00 ns, 1.7535 ns/op
OverheadWarmup   6: 131072 op, 229820.00 ns, 1.7534 ns/op
OverheadWarmup   7: 131072 op, 232275.00 ns, 1.7721 ns/op
OverheadWarmup   8: 131072 op, 229459.00 ns, 1.7506 ns/op

OverheadActual   1: 131072 op, 248545.00 ns, 1.8962 ns/op
OverheadActual   2: 131072 op, 230581.00 ns, 1.7592 ns/op
OverheadActual   3: 131072 op, 247282.00 ns, 1.8866 ns/op
OverheadActual   4: 131072 op, 231623.00 ns, 1.7671 ns/op
OverheadActual   5: 131072 op, 237234.00 ns, 1.8100 ns/op
OverheadActual   6: 131072 op, 230532.00 ns, 1.7588 ns/op
OverheadActual   7: 131072 op, 230331.00 ns, 1.7573 ns/op
OverheadActual   8: 131072 op, 232245.00 ns, 1.7719 ns/op
OverheadActual   9: 131072 op, 247062.00 ns, 1.8849 ns/op
OverheadActual  10: 131072 op, 229820.00 ns, 1.7534 ns/op
OverheadActual  11: 131072 op, 230261.00 ns, 1.7568 ns/op
OverheadActual  12: 131072 op, 230551.00 ns, 1.7590 ns/op
OverheadActual  13: 131072 op, 233767.00 ns, 1.7835 ns/op
OverheadActual  14: 131072 op, 246771.00 ns, 1.8827 ns/op
OverheadActual  15: 131072 op, 232545.00 ns, 1.7742 ns/op

WorkloadWarmup   1: 131072 op, 707373049.00 ns, 5.3968 us/op
WorkloadWarmup   2: 131072 op, 709588781.00 ns, 5.4137 us/op
WorkloadWarmup   3: 131072 op, 701188911.00 ns, 5.3496 us/op

// BeforeActualRun
WorkloadActual   1: 131072 op, 706158475.00 ns, 5.3876 us/op
WorkloadActual   2: 131072 op, 708834366.00 ns, 5.4080 us/op
WorkloadActual   3: 131072 op, 702942376.00 ns, 5.3630 us/op

// AfterActualRun
WorkloadResult   1: 131072 op, 705926230.00 ns, 5.3858 us/op
WorkloadResult   2: 131072 op, 708602121.00 ns, 5.4062 us/op
WorkloadResult   3: 131072 op, 702710131.00 ns, 5.3613 us/op
// GC:  9 0 0 153094336 131072
// Threading:  0 0 131072

// AfterAll
// Benchmark Process 3242 has exited with code 0.

Mean = 5.384 μs, StdErr = 0.013 μs (0.24%), N = 3, StdDev = 0.023 μs
Min = 5.361 μs, Q1 = 5.374 μs, Median = 5.386 μs, Q3 = 5.396 μs, Max = 5.406 μs
IQR = 0.022 μs, LowerFence = 5.340 μs, UpperFence = 5.430 μs
ConfidenceInterval = [4.974 μs; 5.795 μs] (CI 99.9%), Margin = 0.411 μs (7.63% of Mean)
Skewness = -0.06, Kurtosis = 0.67, MValue = 2

// ** Remained 9 (64.3 %) benchmark(s) to run. Estimated finish 2026-09-23 13:24 (0h 1m from now) **
// **************************
// Benchmark: AesGcmFieldEncryptorBenchmarks.EncryptDecryptRoundtrip: ShortRun(IterationCount=3, LaunchCount=1, WarmupCount=3)
// *** Execute ***
// Launch: 1 / 1
// Execute: dotnet Encina.Security.Encryption.Benchmarks-Job-YFEFPZ-1.dll --anonymousPipes 146 147 --benchmarkName Encina.Security.Encryption.Benchmarks.AesGcmFieldEncryptorBenchmarks.EncryptDecryptRoundtrip --job ShortRun --benchmarkId 5 in /home/runner/work/Encina/Encina/tests/Encina.BenchmarkTests/Encina.Security.Encryption.Benchmarks/bin/Release/net10.0/Encina.Security.Encryption.Benchmarks-Job-YFEFPZ-1/bin/Release/net10.0
// Failed to set up high priority (Permission denied). In order to run benchmarks with high priority, make sure you have the right permissions.
// BeforeAnythingElse

// Benchmark Process Environment Information:
// BenchmarkDotNet v0.15.8
// Runtime=.NET 10.0.12 (10.0.12, 10.0.1226.42308), X64 RyuJIT x86-64-v3
// GC=Concurrent Workstation
// HardwareIntrinsics=AVX2+BMI1+BMI2+F16C+FMA+LZCNT+MOVBE,AVX,SSE3+SSSE3+SSE4.1+SSE4.2+POPCNT,X86Base+SSE+SSE2,AES+PCLMUL VectorSize=256
// Job: ShortRun(IterationCount=3, LaunchCount=1, WarmupCount=3)

OverheadJitting  1: 1 op, 233844.00 ns, 233.8440 us/op
WorkloadJitting  1: 1 op, 15659264.00 ns, 15.6593 ms/op

OverheadJitting  2: 16 op, 456355.00 ns, 28.5222 us/op
WorkloadJitting  2: 16 op, 637750.00 ns, 39.8594 us/op

WorkloadPilot    1: 16 op, 177898.00 ns, 11.1186 us/op
WorkloadPilot    2: 32 op, 320698.00 ns, 10.0218 us/op
WorkloadPilot    3: 64 op, 601140.00 ns, 9.3928 us/op
WorkloadPilot    4: 128 op, 1196459.00 ns, 9.3473 us/op
WorkloadPilot    5: 256 op, 2362362.00 ns, 9.2280 us/op
WorkloadPilot    6: 512 op, 4570600.00 ns, 8.9270 us/op
WorkloadPilot    7: 1024 op, 9319869.00 ns, 9.1014 us/op
WorkloadPilot    8: 2048 op, 18763734.00 ns, 9.1620 us/op
WorkloadPilot    9: 4096 op, 36816508.00 ns, 8.9884 us/op
WorkloadPilot   10: 8192 op, 73741582.00 ns, 9.0017 us/op
WorkloadPilot   11: 16384 op, 147592010.00 ns, 9.0083 us/op
WorkloadPilot   12: 32768 op, 290333380.00 ns, 8.8603 us/op
WorkloadPilot   13: 65536 op, 574997005.00 ns, 8.7738 us/op

OverheadWarmup   1: 65536 op, 216751.00 ns, 3.3074 ns/op
OverheadWarmup   2: 65536 op, 230026.00 ns, 3.5099 ns/op
OverheadWarmup   3: 65536 op, 216601.00 ns, 3.3051 ns/op
OverheadWarmup   4: 65536 op, 216621.00 ns, 3.3054 ns/op
OverheadWarmup   5: 65536 op, 216490.00 ns, 3.3034 ns/op

OverheadActual   1: 65536 op, 278297.00 ns, 4.2465 ns/op
OverheadActual   2: 65536 op, 216551.00 ns, 3.3043 ns/op
OverheadActual   3: 65536 op, 240677.00 ns, 3.6724 ns/op
OverheadActual   4: 65536 op, 216541.00 ns, 3.3042 ns/op
OverheadActual   5: 65536 op, 216480.00 ns, 3.3032 ns/op
OverheadActual   6: 65536 op, 216471.00 ns, 3.3031 ns/op
OverheadActual   7: 65536 op, 216490.00 ns, 3.3034 ns/op
OverheadActual   8: 65536 op, 236448.00 ns, 3.6079 ns/op
OverheadActual   9: 65536 op, 216490.00 ns, 3.3034 ns/op
OverheadActual  10: 65536 op, 216531.00 ns, 3.3040 ns/op
OverheadActual  11: 65536 op, 216460.00 ns, 3.3029 ns/op
OverheadActual  12: 65536 op, 216471.00 ns, 3.3031 ns/op
OverheadActual  13: 65536 op, 250856.00 ns, 3.8278 ns/op
OverheadActual  14: 65536 op, 218325.00 ns, 3.3314 ns/op
OverheadActual  15: 65536 op, 216481.00 ns, 3.3032 ns/op

WorkloadWarmup   1: 65536 op, 582010459.00 ns, 8.8808 us/op
WorkloadWarmup   2: 65536 op, 589344311.00 ns, 8.9927 us/op
WorkloadWarmup   3: 65536 op, 574083299.00 ns, 8.7598 us/op

// BeforeActualRun
WorkloadActual   1: 65536 op, 573106460.00 ns, 8.7449 us/op
WorkloadActual   2: 65536 op, 570286487.00 ns, 8.7019 us/op
WorkloadActual   3: 65536 op, 573074370.00 ns, 8.7444 us/op

// AfterActualRun
WorkloadResult   1: 65536 op, 572889929.00 ns, 8.7416 us/op
WorkloadResult   2: 65536 op, 570069956.00 ns, 8.6986 us/op
WorkloadResult   3: 65536 op, 572857839.00 ns, 8.7411 us/op
// GC:  2 0 0 43516576 65536
// Threading:  0 0 65536

// AfterAll
// Benchmark Process 3250 has exited with code 0.

Mean = 8.727 μs, StdErr = 0.014 μs (0.16%), N = 3, StdDev = 0.025 μs
Min = 8.699 μs, Q1 = 8.720 μs, Median = 8.741 μs, Q3 = 8.741 μs, Max = 8.742 μs
IQR = 0.022 μs, LowerFence = 8.688 μs, UpperFence = 8.774 μs
ConfidenceInterval = [8.276 μs; 9.178 μs] (CI 99.9%), Margin = 0.451 μs (5.16% of Mean)
Skewness = -0.38, Kurtosis = 0.67, MValue = 2

// ** Remained 8 (57.1 %) benchmark(s) to run. Estimated finish 2026-09-23 13:24 (0h 1m from now) **
// **************************
// Benchmark: AesGcmFieldEncryptorBenchmarks.EncryptBytes_Short: ShortRun(IterationCount=3, LaunchCount=1, WarmupCount=3)
// *** Execute ***
// Launch: 1 / 1
// Execute: dotnet Encina.Security.Encryption.Benchmarks-Job-YFEFPZ-1.dll --anonymousPipes 146 147 --benchmarkName Encina.Security.Encryption.Benchmarks.AesGcmFieldEncryptorBenchmarks.EncryptBytes_Short --job ShortRun --benchmarkId 6 in /home/runner/work/Encina/Encina/tests/Encina.BenchmarkTests/Encina.Security.Encryption.Benchmarks/bin/Release/net10.0/Encina.Security.Encryption.Benchmarks-Job-YFEFPZ-1/bin/Release/net10.0
// Failed to set up high priority (Permission denied). In order to run benchmarks with high priority, make sure you have the right permissions.
// BeforeAnythingElse

// Benchmark Process Environment Information:
// BenchmarkDotNet v0.15.8
// Runtime=.NET 10.0.12 (10.0.12, 10.0.1226.42308), X64 RyuJIT x86-64-v3
// GC=Concurrent Workstation
// HardwareIntrinsics=AVX2+BMI1+BMI2+F16C+FMA+LZCNT+MOVBE,AVX,SSE3+SSSE3+SSE4.1+SSE4.2+POPCNT,X86Base+SSE+SSE2,AES+PCLMUL VectorSize=256
// Job: ShortRun(IterationCount=3, LaunchCount=1, WarmupCount=3)

OverheadJitting  1: 1 op, 250187.00 ns, 250.1870 us/op
WorkloadJitting  1: 1 op, 5324750.00 ns, 5.3248 ms/op

OverheadJitting  2: 16 op, 244306.00 ns, 15.2691 us/op
WorkloadJitting  2: 16 op, 395557.00 ns, 24.7223 us/op

WorkloadPilot    1: 16 op, 131515.00 ns, 8.2197 us/op
WorkloadPilot    2: 32 op, 186677.00 ns, 5.8337 us/op
WorkloadPilot    3: 64 op, 340064.00 ns, 5.3135 us/op
WorkloadPilot    4: 128 op, 644531.00 ns, 5.0354 us/op
WorkloadPilot    5: 256 op, 1293640.00 ns, 5.0533 us/op
WorkloadPilot    6: 512 op, 2534973.00 ns, 4.9511 us/op
WorkloadPilot    7: 1024 op, 5012628.00 ns, 4.8951 us/op
WorkloadPilot    8: 2048 op, 10134661.00 ns, 4.9486 us/op
WorkloadPilot    9: 4096 op, 20129412.00 ns, 4.9144 us/op
WorkloadPilot   10: 8192 op, 40230771.00 ns, 4.9110 us/op
WorkloadPilot   11: 16384 op, 80226714.00 ns, 4.8967 us/op
WorkloadPilot   12: 32768 op, 159746441.00 ns, 4.8751 us/op
WorkloadPilot   13: 65536 op, 311447524.00 ns, 4.7523 us/op
WorkloadPilot   14: 131072 op, 613743076.00 ns, 4.6825 us/op

OverheadWarmup   1: 131072 op, 212977.00 ns, 1.6249 ns/op
OverheadWarmup   2: 131072 op, 212757.00 ns, 1.6232 ns/op
OverheadWarmup   3: 131072 op, 212696.00 ns, 1.6227 ns/op
OverheadWarmup   4: 131072 op, 248553.00 ns, 1.8963 ns/op
OverheadWarmup   5: 131072 op, 212686.00 ns, 1.6227 ns/op
OverheadWarmup   6: 131072 op, 212676.00 ns, 1.6226 ns/op
OverheadWarmup   7: 131072 op, 212587.00 ns, 1.6219 ns/op
OverheadWarmup   8: 131072 op, 216864.00 ns, 1.6545 ns/op
OverheadWarmup   9: 131072 op, 239547.00 ns, 1.8276 ns/op
OverheadWarmup  10: 131072 op, 212605.00 ns, 1.6220 ns/op

OverheadActual   1: 131072 op, 212556.00 ns, 1.6217 ns/op
OverheadActual   2: 131072 op, 213017.00 ns, 1.6252 ns/op
OverheadActual   3: 131072 op, 213016.00 ns, 1.6252 ns/op
OverheadActual   4: 131072 op, 212897.00 ns, 1.6243 ns/op
OverheadActual   5: 131072 op, 241300.00 ns, 1.8410 ns/op
OverheadActual   6: 131072 op, 212666.00 ns, 1.6225 ns/op
OverheadActual   7: 131072 op, 215982.00 ns, 1.6478 ns/op
OverheadActual   8: 131072 op, 212647.00 ns, 1.6224 ns/op
OverheadActual   9: 131072 op, 213227.00 ns, 1.6268 ns/op
OverheadActual  10: 131072 op, 247842.00 ns, 1.8909 ns/op
OverheadActual  11: 131072 op, 228766.00 ns, 1.7453 ns/op
OverheadActual  12: 131072 op, 212616.00 ns, 1.6221 ns/op
OverheadActual  13: 131072 op, 212556.00 ns, 1.6217 ns/op
OverheadActual  14: 131072 op, 212626.00 ns, 1.6222 ns/op
OverheadActual  15: 131072 op, 240268.00 ns, 1.8331 ns/op

WorkloadWarmup   1: 131072 op, 624657313.00 ns, 4.7658 us/op
WorkloadWarmup   2: 131072 op, 634794102.00 ns, 4.8431 us/op
WorkloadWarmup   3: 131072 op, 615457186.00 ns, 4.6956 us/op

// BeforeActualRun
WorkloadActual   1: 131072 op, 615855341.00 ns, 4.6986 us/op
WorkloadActual   2: 131072 op, 615343163.00 ns, 4.6947 us/op
WorkloadActual   3: 131072 op, 615236234.00 ns, 4.6939 us/op

// AfterActualRun
WorkloadResult   1: 131072 op, 615642325.00 ns, 4.6970 us/op
WorkloadResult   2: 131072 op, 615130147.00 ns, 4.6931 us/op
WorkloadResult   3: 131072 op, 615023218.00 ns, 4.6923 us/op
// GC:  3 0 0 58721152 131072
// Threading:  0 0 131072

// AfterAll
// Benchmark Process 3257 has exited with code 0.

Mean = 4.694 μs, StdErr = 0.001 μs (0.03%), N = 3, StdDev = 0.003 μs
Min = 4.692 μs, Q1 = 4.693 μs, Median = 4.693 μs, Q3 = 4.695 μs, Max = 4.697 μs
IQR = 0.002 μs, LowerFence = 4.689 μs, UpperFence = 4.699 μs
ConfidenceInterval = [4.648 μs; 4.740 μs] (CI 99.9%), Margin = 0.046 μs (0.98% of Mean)
Skewness = 0.34, Kurtosis = 0.67, MValue = 2

// ** Remained 7 (50.0 %) benchmark(s) to run. Estimated finish 2026-09-23 13:24 (0h 0m from now) **
// **************************
// Benchmark: AesGcmFieldEncryptorBenchmarks.EncryptBytes_Medium: ShortRun(IterationCount=3, LaunchCount=1, WarmupCount=3)
// *** Execute ***
// Launch: 1 / 1
// Execute: dotnet Encina.Security.Encryption.Benchmarks-Job-YFEFPZ-1.dll --anonymousPipes 146 147 --benchmarkName Encina.Security.Encryption.Benchmarks.AesGcmFieldEncryptorBenchmarks.EncryptBytes_Medium --job ShortRun --benchmarkId 7 in /home/runner/work/Encina/Encina/tests/Encina.BenchmarkTests/Encina.Security.Encryption.Benchmarks/bin/Release/net10.0/Encina.Security.Encryption.Benchmarks-Job-YFEFPZ-1/bin/Release/net10.0
// Failed to set up high priority (Permission denied). In order to run benchmarks with high priority, make sure you have the right permissions.
// BeforeAnythingElse

// Benchmark Process Environment Information:
// BenchmarkDotNet v0.15.8
// Runtime=.NET 10.0.12 (10.0.12, 10.0.1226.42308), X64 RyuJIT x86-64-v3
// GC=Concurrent Workstation
// HardwareIntrinsics=AVX2+BMI1+BMI2+F16C+FMA+LZCNT+MOVBE,AVX,SSE3+SSSE3+SSE4.1+SSE4.2+POPCNT,X86Base+SSE+SSE2,AES+PCLMUL VectorSize=256
// Job: ShortRun(IterationCount=3, LaunchCount=1, WarmupCount=3)

OverheadJitting  1: 1 op, 226272.00 ns, 226.2720 us/op
WorkloadJitting  1: 1 op, 5337074.00 ns, 5.3371 ms/op

OverheadJitting  2: 16 op, 237914.00 ns, 14.8696 us/op
WorkloadJitting  2: 16 op, 391481.00 ns, 24.4676 us/op

WorkloadPilot    1: 16 op, 152395.00 ns, 9.5247 us/op
WorkloadPilot    2: 32 op, 227474.00 ns, 7.1086 us/op
WorkloadPilot    3: 64 op, 397382.00 ns, 6.2091 us/op
WorkloadPilot    4: 128 op, 768605.00 ns, 6.0047 us/op
WorkloadPilot    5: 256 op, 1438266.00 ns, 5.6182 us/op
WorkloadPilot    6: 512 op, 2932946.00 ns, 5.7284 us/op
WorkloadPilot    7: 1024 op, 5864508.00 ns, 5.7271 us/op
WorkloadPilot    8: 2048 op, 11586430.00 ns, 5.6574 us/op
WorkloadPilot    9: 4096 op, 23216612.00 ns, 5.6681 us/op
WorkloadPilot   10: 8192 op, 46759295.00 ns, 5.7079 us/op
WorkloadPilot   11: 16384 op, 91999512.00 ns, 5.6152 us/op
WorkloadPilot   12: 32768 op, 173102539.00 ns, 5.2827 us/op
WorkloadPilot   13: 65536 op, 340263021.00 ns, 5.1920 us/op
WorkloadPilot   14: 131072 op, 683897687.00 ns, 5.2177 us/op

OverheadWarmup   1: 131072 op, 231211.00 ns, 1.7640 ns/op
OverheadWarmup   2: 131072 op, 212727.00 ns, 1.6230 ns/op
OverheadWarmup   3: 131072 op, 212566.00 ns, 1.6217 ns/op
OverheadWarmup   4: 131072 op, 230279.00 ns, 1.7569 ns/op
OverheadWarmup   5: 131072 op, 212577.00 ns, 1.6218 ns/op
OverheadWarmup   6: 131072 op, 212667.00 ns, 1.6225 ns/op
OverheadWarmup   7: 131072 op, 212587.00 ns, 1.6219 ns/op

OverheadActual   1: 131072 op, 212727.00 ns, 1.6230 ns/op
OverheadActual   2: 131072 op, 214671.00 ns, 1.6378 ns/op
OverheadActual   3: 131072 op, 212707.00 ns, 1.6228 ns/op
OverheadActual   4: 131072 op, 212808.00 ns, 1.6236 ns/op
OverheadActual   5: 131072 op, 212717.00 ns, 1.6229 ns/op
OverheadActual   6: 131072 op, 212627.00 ns, 1.6222 ns/op
OverheadActual   7: 131072 op, 212597.00 ns, 1.6220 ns/op
OverheadActual   8: 131072 op, 212596.00 ns, 1.6220 ns/op
OverheadActual   9: 131072 op, 229989.00 ns, 1.7547 ns/op
OverheadActual  10: 131072 op, 212557.00 ns, 1.6217 ns/op
OverheadActual  11: 131072 op, 212617.00 ns, 1.6221 ns/op
OverheadActual  12: 131072 op, 212557.00 ns, 1.6217 ns/op
OverheadActual  13: 131072 op, 240589.00 ns, 1.8355 ns/op
OverheadActual  14: 131072 op, 212597.00 ns, 1.6220 ns/op
OverheadActual  15: 131072 op, 212627.00 ns, 1.6222 ns/op

WorkloadWarmup   1: 131072 op, 692430467.00 ns, 5.2828 us/op
WorkloadWarmup   2: 131072 op, 688052574.00 ns, 5.2494 us/op
WorkloadWarmup   3: 131072 op, 682761966.00 ns, 5.2091 us/op

// BeforeActualRun
WorkloadActual   1: 131072 op, 684665982.00 ns, 5.2236 us/op
WorkloadActual   2: 131072 op, 683753748.00 ns, 5.2166 us/op
WorkloadActual   3: 131072 op, 685179205.00 ns, 5.2275 us/op

// AfterActualRun
WorkloadResult   1: 131072 op, 684453355.00 ns, 5.2220 us/op
WorkloadResult   2: 131072 op, 683541121.00 ns, 5.2150 us/op
WorkloadResult   3: 131072 op, 684966578.00 ns, 5.2259 us/op
// GC:  9 0 0 153094336 131072
// Threading:  0 0 131072

// AfterAll
// Benchmark Process 3267 has exited with code 0.

Mean = 5.221 μs, StdErr = 0.003 μs (0.06%), N = 3, StdDev = 0.006 μs
Min = 5.215 μs, Q1 = 5.218 μs, Median = 5.222 μs, Q3 = 5.224 μs, Max = 5.226 μs
IQR = 0.005 μs, LowerFence = 5.210 μs, UpperFence = 5.232 μs
ConfidenceInterval = [5.120 μs; 5.321 μs] (CI 99.9%), Margin = 0.100 μs (1.92% of Mean)
Skewness = -0.18, Kurtosis = 0.67, MValue = 2

// ** Remained 6 (42.9 %) benchmark(s) to run. Estimated finish 2026-09-23 13:24 (0h 0m from now) **
// **************************
// Benchmark: AesGcmFieldEncryptorBenchmarks.DecryptString_Short: Job-YFEFPZ(IterationCount=10, WarmupCount=3)
// *** Execute ***
// Launch: 1 / 1
// Execute: dotnet Encina.Security.Encryption.Benchmarks-Job-YFEFPZ-1.dll --anonymousPipes 146 147 --benchmarkName Encina.Security.Encryption.Benchmarks.AesGcmFieldEncryptorBenchmarks.DecryptString_Short --job "IterationCount=10, WarmupCount=3" --benchmarkId 8 in /home/runner/work/Encina/Encina/tests/Encina.BenchmarkTests/Encina.Security.Encryption.Benchmarks/bin/Release/net10.0/Encina.Security.Encryption.Benchmarks-Job-YFEFPZ-1/bin/Release/net10.0
// Failed to set up high priority (Permission denied). In order to run benchmarks with high priority, make sure you have the right permissions.
// BeforeAnythingElse

// Benchmark Process Environment Information:
// BenchmarkDotNet v0.15.8
// Runtime=.NET 10.0.12 (10.0.12, 10.0.1226.42308), X64 RyuJIT x86-64-v3
// GC=Concurrent Workstation
// HardwareIntrinsics=AVX2+BMI1+BMI2+F16C+FMA+LZCNT+MOVBE,AVX,SSE3+SSSE3+SSE4.1+SSE4.2+POPCNT,X86Base+SSE+SSE2,AES+PCLMUL VectorSize=256
// Job: Job-YFEFPZ(IterationCount=10, WarmupCount=3)

OverheadJitting  1: 1 op, 252723.00 ns, 252.7230 us/op
WorkloadJitting  1: 1 op, 15640248.00 ns, 15.6402 ms/op

OverheadJitting  2: 16 op, 432950.00 ns, 27.0594 us/op
WorkloadJitting  2: 16 op, 597918.00 ns, 37.3699 us/op

WorkloadPilot    1: 16 op, 127148.00 ns, 7.9468 us/op
WorkloadPilot    2: 32 op, 153016.00 ns, 4.7818 us/op
WorkloadPilot    3: 64 op, 260107.00 ns, 4.0642 us/op
WorkloadPilot    4: 128 op, 464530.00 ns, 3.6291 us/op
WorkloadPilot    5: 256 op, 927886.00 ns, 3.6246 us/op
WorkloadPilot    6: 512 op, 1795468.00 ns, 3.5068 us/op
WorkloadPilot    7: 1024 op, 3450104.00 ns, 3.3692 us/op
WorkloadPilot    8: 2048 op, 6986961.00 ns, 3.4116 us/op
WorkloadPilot    9: 4096 op, 13843817.00 ns, 3.3798 us/op
WorkloadPilot   10: 8192 op, 27670303.00 ns, 3.3777 us/op
WorkloadPilot   11: 16384 op, 54224929.00 ns, 3.3096 us/op
WorkloadPilot   12: 32768 op, 112071584.00 ns, 3.4202 us/op
WorkloadPilot   13: 65536 op, 217781046.00 ns, 3.3231 us/op
WorkloadPilot   14: 131072 op, 422916356.00 ns, 3.2266 us/op
WorkloadPilot   15: 262144 op, 847620887.00 ns, 3.2334 us/op

OverheadWarmup   1: 262144 op, 897168.00 ns, 3.4224 ns/op
OverheadWarmup   2: 262144 op, 881258.00 ns, 3.3617 ns/op
OverheadWarmup   3: 262144 op, 864227.00 ns, 3.2968 ns/op
OverheadWarmup   4: 262144 op, 881339.00 ns, 3.3620 ns/op
OverheadWarmup   5: 262144 op, 880217.00 ns, 3.3578 ns/op
OverheadWarmup   6: 262144 op, 883864.00 ns, 3.3717 ns/op
OverheadWarmup   7: 262144 op, 882541.00 ns, 3.3666 ns/op

OverheadActual   1: 262144 op, 884124.00 ns, 3.3727 ns/op
OverheadActual   2: 262144 op, 887420.00 ns, 3.3852 ns/op
OverheadActual   3: 262144 op, 882110.00 ns, 3.3650 ns/op
OverheadActual   4: 262144 op, 889775.00 ns, 3.3942 ns/op
OverheadActual   5: 262144 op, 864397.00 ns, 3.2974 ns/op
OverheadActual   6: 262144 op, 884264.00 ns, 3.3732 ns/op
OverheadActual   7: 262144 op, 880537.00 ns, 3.3590 ns/op
OverheadActual   8: 262144 op, 890596.00 ns, 3.3974 ns/op
OverheadActual   9: 262144 op, 882371.00 ns, 3.3660 ns/op
OverheadActual  10: 262144 op, 864227.00 ns, 3.2968 ns/op
OverheadActual  11: 262144 op, 885938.00 ns, 3.3796 ns/op
OverheadActual  12: 262144 op, 882070.00 ns, 3.3648 ns/op
OverheadActual  13: 262144 op, 883854.00 ns, 3.3716 ns/op
OverheadActual  14: 262144 op, 882531.00 ns, 3.3666 ns/op
OverheadActual  15: 262144 op, 864187.00 ns, 3.2966 ns/op

WorkloadWarmup   1: 262144 op, 852391531.00 ns, 3.2516 us/op
WorkloadWarmup   2: 262144 op, 866091217.00 ns, 3.3039 us/op
WorkloadWarmup   3: 262144 op, 848469324.00 ns, 3.2367 us/op

// BeforeActualRun
WorkloadActual   1: 262144 op, 858350809.00 ns, 3.2743 us/op
WorkloadActual   2: 262144 op, 846787833.00 ns, 3.2302 us/op
WorkloadActual   3: 262144 op, 848332388.00 ns, 3.2361 us/op
WorkloadActual   4: 262144 op, 849133459.00 ns, 3.2392 us/op
WorkloadActual   5: 262144 op, 846834599.00 ns, 3.2304 us/op
WorkloadActual   6: 262144 op, 854945532.00 ns, 3.2614 us/op
WorkloadActual   7: 262144 op, 848642828.00 ns, 3.2373 us/op
WorkloadActual   8: 262144 op, 847622391.00 ns, 3.2334 us/op
WorkloadActual   9: 262144 op, 857535842.00 ns, 3.2712 us/op
WorkloadActual  10: 262144 op, 848346203.00 ns, 3.2362 us/op

// AfterActualRun
WorkloadResult   1: 262144 op, 857468278.00 ns, 3.2710 us/op
WorkloadResult   2: 262144 op, 845905302.00 ns, 3.2269 us/op
WorkloadResult   3: 262144 op, 847449857.00 ns, 3.2328 us/op
WorkloadResult   4: 262144 op, 848250928.00 ns, 3.2358 us/op
WorkloadResult   5: 262144 op, 845952068.00 ns, 3.2271 us/op
WorkloadResult   6: 262144 op, 854063001.00 ns, 3.2580 us/op
WorkloadResult   7: 262144 op, 847760297.00 ns, 3.2339 us/op
WorkloadResult   8: 262144 op, 846739860.00 ns, 3.2301 us/op
WorkloadResult   9: 262144 op, 856653311.00 ns, 3.2679 us/op
WorkloadResult  10: 262144 op, 847463672.00 ns, 3.2328 us/op
// GC:  5 0 0 83887424 262144
// Threading:  0 0 262144

// AfterAll
// Benchmark Process 3274 has exited with code 0.

Mean = 3.242 μs, StdErr = 0.005 μs (0.17%), N = 10, StdDev = 0.017 μs
Min = 3.227 μs, Q1 = 3.231 μs, Median = 3.233 μs, Q3 = 3.252 μs, Max = 3.271 μs
IQR = 0.022 μs, LowerFence = 3.198 μs, UpperFence = 3.285 μs
ConfidenceInterval = [3.216 μs; 3.267 μs] (CI 99.9%), Margin = 0.026 μs (0.80% of Mean)
Skewness = 0.76, Kurtosis = 1.66, MValue = 2

// ** Remained 5 (35.7 %) benchmark(s) to run. Estimated finish 2026-09-23 13:24 (0h 0m from now) **
// **************************
// Benchmark: AesGcmFieldEncryptorBenchmarks.DecryptString_Short: ShortRun(IterationCount=3, LaunchCount=1, WarmupCount=3)
// *** Execute ***
// Launch: 1 / 1
// Execute: dotnet Encina.Security.Encryption.Benchmarks-Job-YFEFPZ-1.dll --anonymousPipes 146 147 --benchmarkName Encina.Security.Encryption.Benchmarks.AesGcmFieldEncryptorBenchmarks.DecryptString_Short --job ShortRun --benchmarkId 9 in /home/runner/work/Encina/Encina/tests/Encina.BenchmarkTests/Encina.Security.Encryption.Benchmarks/bin/Release/net10.0/Encina.Security.Encryption.Benchmarks-Job-YFEFPZ-1/bin/Release/net10.0
// Failed to set up high priority (Permission denied). In order to run benchmarks with high priority, make sure you have the right permissions.
// BeforeAnythingElse

// Benchmark Process Environment Information:
// BenchmarkDotNet v0.15.8
// Runtime=.NET 10.0.12 (10.0.12, 10.0.1226.42308), X64 RyuJIT x86-64-v3
// GC=Concurrent Workstation
// HardwareIntrinsics=AVX2+BMI1+BMI2+F16C+FMA+LZCNT+MOVBE,AVX,SSE3+SSSE3+SSE4.1+SSE4.2+POPCNT,X86Base+SSE+SSE2,AES+PCLMUL VectorSize=256
// Job: ShortRun(IterationCount=3, LaunchCount=1, WarmupCount=3)

OverheadJitting  1: 1 op, 224047.00 ns, 224.0470 us/op
WorkloadJitting  1: 1 op, 15761230.00 ns, 15.7612 ms/op

OverheadJitting  2: 16 op, 461209.00 ns, 28.8256 us/op
WorkloadJitting  2: 16 op, 595768.00 ns, 37.2355 us/op

WorkloadPilot    1: 16 op, 130152.00 ns, 8.1345 us/op
WorkloadPilot    2: 32 op, 153496.00 ns, 4.7968 us/op
WorkloadPilot    3: 64 op, 265384.00 ns, 4.1466 us/op
WorkloadPilot    4: 128 op, 468863.00 ns, 3.6630 us/op
WorkloadPilot    5: 256 op, 937694.00 ns, 3.6629 us/op
WorkloadPilot    6: 512 op, 1806249.00 ns, 3.5278 us/op
WorkloadPilot    7: 1024 op, 3450899.00 ns, 3.3700 us/op
WorkloadPilot    8: 2048 op, 6974444.00 ns, 3.4055 us/op
WorkloadPilot    9: 4096 op, 13905668.00 ns, 3.3949 us/op
WorkloadPilot   10: 8192 op, 27660817.00 ns, 3.3766 us/op
WorkloadPilot   11: 16384 op, 55608197.00 ns, 3.3941 us/op
WorkloadPilot   12: 32768 op, 112497806.00 ns, 3.4332 us/op
WorkloadPilot   13: 65536 op, 218103892.00 ns, 3.3280 us/op
WorkloadPilot   14: 131072 op, 425994845.00 ns, 3.2501 us/op
WorkloadPilot   15: 262144 op, 848829652.00 ns, 3.2380 us/op

OverheadWarmup   1: 262144 op, 886950.00 ns, 3.3834 ns/op
OverheadWarmup   2: 262144 op, 895326.00 ns, 3.4154 ns/op
OverheadWarmup   3: 262144 op, 904312.00 ns, 3.4497 ns/op
OverheadWarmup   4: 262144 op, 879846.00 ns, 3.3563 ns/op
OverheadWarmup   5: 262144 op, 891960.00 ns, 3.4026 ns/op
OverheadWarmup   6: 262144 op, 881350.00 ns, 3.3621 ns/op

OverheadActual   1: 262144 op, 888803.00 ns, 3.3905 ns/op
OverheadActual   2: 262144 op, 884145.00 ns, 3.3727 ns/op
OverheadActual   3: 262144 op, 882231.00 ns, 3.3654 ns/op
OverheadActual   4: 262144 op, 893332.00 ns, 3.4078 ns/op
OverheadActual   5: 262144 op, 883694.00 ns, 3.3710 ns/op
OverheadActual   6: 262144 op, 888112.00 ns, 3.3879 ns/op
OverheadActual   7: 262144 op, 864338.00 ns, 3.2972 ns/op
OverheadActual   8: 262144 op, 880157.00 ns, 3.3575 ns/op
OverheadActual   9: 262144 op, 881209.00 ns, 3.3615 ns/op
OverheadActual  10: 262144 op, 883414.00 ns, 3.3700 ns/op
OverheadActual  11: 262144 op, 884185.00 ns, 3.3729 ns/op
OverheadActual  12: 262144 op, 864278.00 ns, 3.2970 ns/op
OverheadActual  13: 262144 op, 894354.00 ns, 3.4117 ns/op
OverheadActual  14: 262144 op, 890256.00 ns, 3.3961 ns/op
OverheadActual  15: 262144 op, 894995.00 ns, 3.4141 ns/op

WorkloadWarmup   1: 262144 op, 861041549.00 ns, 3.2846 us/op
WorkloadWarmup   2: 262144 op, 855184897.00 ns, 3.2623 us/op
WorkloadWarmup   3: 262144 op, 849872203.00 ns, 3.2420 us/op

// BeforeActualRun
WorkloadActual   1: 262144 op, 851816736.00 ns, 3.2494 us/op
WorkloadActual   2: 262144 op, 854627185.00 ns, 3.2601 us/op
WorkloadActual   3: 262144 op, 847849755.00 ns, 3.2343 us/op

// AfterActualRun
WorkloadResult   1: 262144 op, 850932591.00 ns, 3.2461 us/op
WorkloadResult   2: 262144 op, 853743040.00 ns, 3.2568 us/op
WorkloadResult   3: 262144 op, 846965610.00 ns, 3.2309 us/op
// GC:  5 0 0 83887424 262144
// Threading:  0 0 262144

// AfterAll
// Benchmark Process 3283 has exited with code 0.

Mean = 3.245 μs, StdErr = 0.007 μs (0.23%), N = 3, StdDev = 0.013 μs
Min = 3.231 μs, Q1 = 3.238 μs, Median = 3.246 μs, Q3 = 3.251 μs, Max = 3.257 μs
IQR = 0.013 μs, LowerFence = 3.219 μs, UpperFence = 3.271 μs
ConfidenceInterval = [3.008 μs; 3.482 μs] (CI 99.9%), Margin = 0.237 μs (7.30% of Mean)
Skewness = -0.11, Kurtosis = 0.67, MValue = 2

// ** Remained 4 (28.6 %) benchmark(s) to run. Estimated finish 2026-09-23 13:24 (0h 0m from now) **
// **************************
// Benchmark: AesGcmFieldEncryptorBenchmarks.EncryptString_Long: Job-YFEFPZ(IterationCount=10, WarmupCount=3)
// *** Execute ***
// Launch: 1 / 1
// Execute: dotnet Encina.Security.Encryption.Benchmarks-Job-YFEFPZ-1.dll --anonymousPipes 146 147 --benchmarkName Encina.Security.Encryption.Benchmarks.AesGcmFieldEncryptorBenchmarks.EncryptString_Long --job "IterationCount=10, WarmupCount=3" --benchmarkId 10 in /home/runner/work/Encina/Encina/tests/Encina.BenchmarkTests/Encina.Security.Encryption.Benchmarks/bin/Release/net10.0/Encina.Security.Encryption.Benchmarks-Job-YFEFPZ-1/bin/Release/net10.0
// Failed to set up high priority (Permission denied). In order to run benchmarks with high priority, make sure you have the right permissions.
// BeforeAnythingElse

// Benchmark Process Environment Information:
// BenchmarkDotNet v0.15.8
// Runtime=.NET 10.0.12 (10.0.12, 10.0.1226.42308), X64 RyuJIT x86-64-v3
// GC=Concurrent Workstation
// HardwareIntrinsics=AVX2+BMI1+BMI2+F16C+FMA+LZCNT+MOVBE,AVX,SSE3+SSSE3+SSE4.1+SSE4.2+POPCNT,X86Base+SSE+SSE2,AES+PCLMUL VectorSize=256
// Job: Job-YFEFPZ(IterationCount=10, WarmupCount=3)

OverheadJitting  1: 1 op, 228116.00 ns, 228.1160 us/op
WorkloadJitting  1: 1 op, 3066157.00 ns, 3.0662 ms/op

OverheadJitting  2: 16 op, 211284.00 ns, 13.2053 us/op
WorkloadJitting  2: 16 op, 532555.00 ns, 33.2847 us/op

WorkloadPilot    1: 16 op, 178423.00 ns, 11.1514 us/op
WorkloadPilot    2: 32 op, 410638.00 ns, 12.8324 us/op
WorkloadPilot    3: 64 op, 907265.00 ns, 14.1760 us/op
WorkloadPilot    4: 128 op, 1750499.00 ns, 13.6758 us/op
WorkloadPilot    5: 256 op, 3466705.00 ns, 13.5418 us/op
WorkloadPilot    6: 512 op, 6862327.00 ns, 13.4030 us/op
WorkloadPilot    7: 1024 op, 13266128.00 ns, 12.9552 us/op
WorkloadPilot    8: 2048 op, 19386248.00 ns, 9.4659 us/op
WorkloadPilot    9: 4096 op, 32395477.00 ns, 7.9091 us/op
WorkloadPilot   10: 8192 op, 66423203.00 ns, 8.1083 us/op
WorkloadPilot   11: 16384 op, 126605458.00 ns, 7.7274 us/op
WorkloadPilot   12: 32768 op, 251910788.00 ns, 7.6877 us/op
WorkloadPilot   13: 65536 op, 502863538.00 ns, 7.6731 us/op

OverheadWarmup   1: 65536 op, 108182.00 ns, 1.6507 ns/op
OverheadWarmup   2: 65536 op, 124041.00 ns, 1.8927 ns/op
OverheadWarmup   3: 65536 op, 126155.00 ns, 1.9250 ns/op
OverheadWarmup   4: 65536 op, 124142.00 ns, 1.8943 ns/op
OverheadWarmup   5: 65536 op, 123530.00 ns, 1.8849 ns/op
OverheadWarmup   6: 65536 op, 123391.00 ns, 1.8828 ns/op
OverheadWarmup   7: 65536 op, 123531.00 ns, 1.8849 ns/op
OverheadWarmup   8: 65536 op, 125495.00 ns, 1.9149 ns/op
OverheadWarmup   9: 65536 op, 123350.00 ns, 1.8822 ns/op

OverheadActual   1: 65536 op, 123600.00 ns, 1.8860 ns/op
OverheadActual   2: 65536 op, 124051.00 ns, 1.8929 ns/op
OverheadActual   3: 65536 op, 123761.00 ns, 1.8884 ns/op
OverheadActual   4: 65536 op, 123340.00 ns, 1.8820 ns/op
OverheadActual   5: 65536 op, 126006.00 ns, 1.9227 ns/op
OverheadActual   6: 65536 op, 123450.00 ns, 1.8837 ns/op
OverheadActual   7: 65536 op, 145111.00 ns, 2.2142 ns/op
OverheadActual   8: 65536 op, 123120.00 ns, 1.8787 ns/op
OverheadActual   9: 65536 op, 122899.00 ns, 1.8753 ns/op
OverheadActual  10: 65536 op, 143258.00 ns, 2.1859 ns/op
OverheadActual  11: 65536 op, 117519.00 ns, 1.7932 ns/op
OverheadActual  12: 65536 op, 123039.00 ns, 1.8774 ns/op
OverheadActual  13: 65536 op, 139892.00 ns, 2.1346 ns/op
OverheadActual  14: 65536 op, 123211.00 ns, 1.8801 ns/op
OverheadActual  15: 65536 op, 127718.00 ns, 1.9488 ns/op

WorkloadWarmup   1: 65536 op, 517574394.00 ns, 7.8976 us/op
WorkloadWarmup   2: 65536 op, 511332286.00 ns, 7.8023 us/op
WorkloadWarmup   3: 65536 op, 504514623.00 ns, 7.6983 us/op

// BeforeActualRun
WorkloadActual   1: 65536 op, 509392833.00 ns, 7.7727 us/op
WorkloadActual   2: 65536 op, 508632053.00 ns, 7.7611 us/op
WorkloadActual   3: 65536 op, 508983709.00 ns, 7.7665 us/op
WorkloadActual   4: 65536 op, 507767909.00 ns, 7.7479 us/op
WorkloadActual   5: 65536 op, 504971866.00 ns, 7.7053 us/op
WorkloadActual   6: 65536 op, 511958626.00 ns, 7.8119 us/op
WorkloadActual   7: 65536 op, 514466119.00 ns, 7.8501 us/op
WorkloadActual   8: 65536 op, 507525406.00 ns, 7.7442 us/op
WorkloadActual   9: 65536 op, 508205266.00 ns, 7.7546 us/op
WorkloadActual  10: 65536 op, 507411355.00 ns, 7.7425 us/op

// AfterActualRun
WorkloadResult   1: 65536 op, 509269233.00 ns, 7.7708 us/op
WorkloadResult   2: 65536 op, 508508453.00 ns, 7.7592 us/op
WorkloadResult   3: 65536 op, 508860109.00 ns, 7.7646 us/op
WorkloadResult   4: 65536 op, 507644309.00 ns, 7.7460 us/op
WorkloadResult   5: 65536 op, 504848266.00 ns, 7.7034 us/op
WorkloadResult   6: 65536 op, 507401806.00 ns, 7.7423 us/op
WorkloadResult   7: 65536 op, 508081666.00 ns, 7.7527 us/op
WorkloadResult   8: 65536 op, 507287755.00 ns, 7.7406 us/op
// GC:  49 2 0 831531968 65536
// Threading:  0 0 65536

// AfterAll
// Benchmark Process 3291 has exited with code 0.

Mean = 7.747 μs, StdErr = 0.007 μs (0.09%), N = 8, StdDev = 0.021 μs
Min = 7.703 μs, Q1 = 7.742 μs, Median = 7.749 μs, Q3 = 7.761 μs, Max = 7.771 μs
IQR = 0.019 μs, LowerFence = 7.714 μs, UpperFence = 7.789 μs
ConfidenceInterval = [7.708 μs; 7.787 μs] (CI 99.9%), Margin = 0.040 μs (0.51% of Mean)
Skewness = -0.93, Kurtosis = 2.8, MValue = 2

// ** Remained 3 (21.4 %) benchmark(s) to run. Estimated finish 2026-09-23 13:24 (0h 0m from now) **
// **************************
// Benchmark: AesGcmFieldEncryptorBenchmarks.EncryptString_Long: ShortRun(IterationCount=3, LaunchCount=1, WarmupCount=3)
// *** Execute ***
// Launch: 1 / 1
// Execute: dotnet Encina.Security.Encryption.Benchmarks-Job-YFEFPZ-1.dll --anonymousPipes 146 147 --benchmarkName Encina.Security.Encryption.Benchmarks.AesGcmFieldEncryptorBenchmarks.EncryptString_Long --job ShortRun --benchmarkId 11 in /home/runner/work/Encina/Encina/tests/Encina.BenchmarkTests/Encina.Security.Encryption.Benchmarks/bin/Release/net10.0/Encina.Security.Encryption.Benchmarks-Job-YFEFPZ-1/bin/Release/net10.0
// Failed to set up high priority (Permission denied). In order to run benchmarks with high priority, make sure you have the right permissions.
// BeforeAnythingElse

// Benchmark Process Environment Information:
// BenchmarkDotNet v0.15.8
// Runtime=.NET 10.0.12 (10.0.12, 10.0.1226.42308), X64 RyuJIT x86-64-v3
// GC=Concurrent Workstation
// HardwareIntrinsics=AVX2+BMI1+BMI2+F16C+FMA+LZCNT+MOVBE,AVX,SSE3+SSSE3+SSE4.1+SSE4.2+POPCNT,X86Base+SSE+SSE2,AES+PCLMUL VectorSize=256
// Job: ShortRun(IterationCount=3, LaunchCount=1, WarmupCount=3)

OverheadJitting  1: 1 op, 223899.00 ns, 223.8990 us/op
WorkloadJitting  1: 1 op, 3031451.00 ns, 3.0315 ms/op

OverheadJitting  2: 16 op, 238305.00 ns, 14.8941 us/op
WorkloadJitting  2: 16 op, 530381.00 ns, 33.1488 us/op

WorkloadPilot    1: 16 op, 157414.00 ns, 9.8384 us/op
WorkloadPilot    2: 32 op, 418201.00 ns, 13.0688 us/op
WorkloadPilot    3: 64 op, 832074.00 ns, 13.0012 us/op
WorkloadPilot    4: 128 op, 1648147.00 ns, 12.8761 us/op
WorkloadPilot    5: 256 op, 3294333.00 ns, 12.8685 us/op
WorkloadPilot    6: 512 op, 6551855.00 ns, 12.7966 us/op
WorkloadPilot    7: 1024 op, 13154677.00 ns, 12.8464 us/op
WorkloadPilot    8: 2048 op, 18425712.00 ns, 8.9969 us/op
WorkloadPilot    9: 4096 op, 30645622.00 ns, 7.4818 us/op
WorkloadPilot   10: 8192 op, 60169820.00 ns, 7.3449 us/op
WorkloadPilot   11: 16384 op, 122211947.00 ns, 7.4592 us/op
WorkloadPilot   12: 32768 op, 244478378.00 ns, 7.4609 us/op
WorkloadPilot   13: 65536 op, 483426667.00 ns, 7.3765 us/op
WorkloadPilot   14: 131072 op, 968884939.00 ns, 7.3920 us/op

OverheadWarmup   1: 131072 op, 233536.00 ns, 1.7817 ns/op
OverheadWarmup   2: 131072 op, 230661.00 ns, 1.7598 ns/op
OverheadWarmup   3: 131072 op, 230320.00 ns, 1.7572 ns/op
OverheadWarmup   4: 131072 op, 215052.00 ns, 1.6407 ns/op
OverheadWarmup   5: 131072 op, 233336.00 ns, 1.7802 ns/op
OverheadWarmup   6: 131072 op, 215192.00 ns, 1.6418 ns/op
OverheadWarmup   7: 131072 op, 215091.00 ns, 1.6410 ns/op
OverheadWarmup   8: 131072 op, 225051.00 ns, 1.7170 ns/op
OverheadWarmup   9: 131072 op, 229749.00 ns, 1.7528 ns/op
OverheadWarmup  10: 131072 op, 215112.00 ns, 1.6412 ns/op

OverheadActual   1: 131072 op, 215182.00 ns, 1.6417 ns/op
OverheadActual   2: 131072 op, 215212.00 ns, 1.6419 ns/op
OverheadActual   3: 131072 op, 215092.00 ns, 1.6410 ns/op
OverheadActual   4: 131072 op, 215092.00 ns, 1.6410 ns/op
OverheadActual   5: 131072 op, 215101.00 ns, 1.6411 ns/op
OverheadActual   6: 131072 op, 224008.00 ns, 1.7090 ns/op
OverheadActual   7: 131072 op, 218468.00 ns, 1.6668 ns/op
OverheadActual   8: 131072 op, 232463.00 ns, 1.7736 ns/op
OverheadActual   9: 131072 op, 215072.00 ns, 1.6409 ns/op
OverheadActual  10: 131072 op, 215102.00 ns, 1.6411 ns/op
OverheadActual  11: 131072 op, 215111.00 ns, 1.6412 ns/op
OverheadActual  12: 131072 op, 290773.00 ns, 2.2184 ns/op
OverheadActual  13: 131072 op, 215051.00 ns, 1.6407 ns/op
OverheadActual  14: 131072 op, 215041.00 ns, 1.6406 ns/op
OverheadActual  15: 131072 op, 215121.00 ns, 1.6412 ns/op

WorkloadWarmup   1: 131072 op, 976153974.00 ns, 7.4475 us/op
WorkloadWarmup   2: 131072 op, 981128304.00 ns, 7.4854 us/op
WorkloadWarmup   3: 131072 op, 979574963.00 ns, 7.4736 us/op

// BeforeActualRun
WorkloadActual   1: 131072 op, 974436316.00 ns, 7.4344 us/op
WorkloadActual   2: 131072 op, 970857101.00 ns, 7.4071 us/op
WorkloadActual   3: 131072 op, 963448529.00 ns, 7.3505 us/op

// AfterActualRun
WorkloadResult   1: 131072 op, 974221205.00 ns, 7.4327 us/op
WorkloadResult   2: 131072 op, 970641990.00 ns, 7.4054 us/op
WorkloadResult   3: 131072 op, 963233418.00 ns, 7.3489 us/op
// GC:  99 4 0 1663063936 131072
// Threading:  0 0 131072

// AfterAll
// Benchmark Process 3299 has exited with code 0.

Mean = 7.396 μs, StdErr = 0.025 μs (0.33%), N = 3, StdDev = 0.043 μs
Min = 7.349 μs, Q1 = 7.377 μs, Median = 7.405 μs, Q3 = 7.419 μs, Max = 7.433 μs
IQR = 0.042 μs, LowerFence = 7.314 μs, UpperFence = 7.482 μs
ConfidenceInterval = [6.616 μs; 8.176 μs] (CI 99.9%), Margin = 0.780 μs (10.55% of Mean)
Skewness = -0.22, Kurtosis = 0.67, MValue = 2

// ** Remained 2 (14.3 %) benchmark(s) to run. Estimated finish 2026-09-23 13:24 (0h 0m from now) **
// **************************
// Benchmark: AesGcmFieldEncryptorBenchmarks.EncryptString_Short: Job-YFEFPZ(IterationCount=10, WarmupCount=3)
// *** Execute ***
// Launch: 1 / 1
// Execute: dotnet Encina.Security.Encryption.Benchmarks-Job-YFEFPZ-1.dll --anonymousPipes 146 147 --benchmarkName Encina.Security.Encryption.Benchmarks.AesGcmFieldEncryptorBenchmarks.EncryptString_Short --job "IterationCount=10, WarmupCount=3" --benchmarkId 12 in /home/runner/work/Encina/Encina/tests/Encina.BenchmarkTests/Encina.Security.Encryption.Benchmarks/bin/Release/net10.0/Encina.Security.Encryption.Benchmarks-Job-YFEFPZ-1/bin/Release/net10.0
// Failed to set up high priority (Permission denied). In order to run benchmarks with high priority, make sure you have the right permissions.
// BeforeAnythingElse

// Benchmark Process Environment Information:
// BenchmarkDotNet v0.15.8
// Runtime=.NET 10.0.12 (10.0.12, 10.0.1226.42308), X64 RyuJIT x86-64-v3
// GC=Concurrent Workstation
// HardwareIntrinsics=AVX2+BMI1+BMI2+F16C+FMA+LZCNT+MOVBE,AVX,SSE3+SSSE3+SSE4.1+SSE4.2+POPCNT,X86Base+SSE+SSE2,AES+PCLMUL VectorSize=256
// Job: Job-YFEFPZ(IterationCount=10, WarmupCount=3)

OverheadJitting  1: 1 op, 219439.00 ns, 219.4390 us/op
WorkloadJitting  1: 1 op, 2967226.00 ns, 2.9672 ms/op

OverheadJitting  2: 16 op, 228737.00 ns, 14.2961 us/op
WorkloadJitting  2: 16 op, 361555.00 ns, 22.5972 us/op

WorkloadPilot    1: 16 op, 115555.00 ns, 7.2222 us/op
WorkloadPilot    2: 32 op, 184925.00 ns, 5.7789 us/op
WorkloadPilot    3: 64 op, 336097.00 ns, 5.2515 us/op
WorkloadPilot    4: 128 op, 675320.00 ns, 5.2759 us/op
WorkloadPilot    5: 256 op, 1313030.00 ns, 5.1290 us/op
WorkloadPilot    6: 512 op, 2522998.00 ns, 4.9277 us/op
WorkloadPilot    7: 1024 op, 4971026.00 ns, 4.8545 us/op
WorkloadPilot    8: 2048 op, 9886239.00 ns, 4.8273 us/op
WorkloadPilot    9: 4096 op, 19877763.00 ns, 4.8530 us/op
WorkloadPilot   10: 8192 op, 39795741.00 ns, 4.8579 us/op
WorkloadPilot   11: 16384 op, 77928268.00 ns, 4.7564 us/op
WorkloadPilot   12: 32768 op, 157905029.00 ns, 4.8189 us/op
WorkloadPilot   13: 65536 op, 307834434.00 ns, 4.6972 us/op
WorkloadPilot   14: 131072 op, 607007887.00 ns, 4.6311 us/op

OverheadWarmup   1: 131072 op, 215513.00 ns, 1.6442 ns/op
OverheadWarmup   2: 131072 op, 232123.00 ns, 1.7710 ns/op
OverheadWarmup   3: 131072 op, 215221.00 ns, 1.6420 ns/op
OverheadWarmup   4: 131072 op, 215362.00 ns, 1.6431 ns/op
OverheadWarmup   5: 131072 op, 215202.00 ns, 1.6419 ns/op

OverheadActual   1: 131072 op, 252862.00 ns, 1.9292 ns/op
OverheadActual   2: 131072 op, 233255.00 ns, 1.7796 ns/op
OverheadActual   3: 131072 op, 215172.00 ns, 1.6416 ns/op
OverheadActual   4: 131072 op, 215162.00 ns, 1.6416 ns/op
OverheadActual   5: 131072 op, 215141.00 ns, 1.6414 ns/op
OverheadActual   6: 131072 op, 232283.00 ns, 1.7722 ns/op
OverheadActual   7: 131072 op, 215071.00 ns, 1.6409 ns/op
OverheadActual   8: 131072 op, 215081.00 ns, 1.6409 ns/op
OverheadActual   9: 131072 op, 215152.00 ns, 1.6415 ns/op
OverheadActual  10: 131072 op, 239046.00 ns, 1.8238 ns/op
OverheadActual  11: 131072 op, 215061.00 ns, 1.6408 ns/op
OverheadActual  12: 131072 op, 215121.00 ns, 1.6412 ns/op
OverheadActual  13: 131072 op, 215082.00 ns, 1.6409 ns/op
OverheadActual  14: 131072 op, 215081.00 ns, 1.6409 ns/op
OverheadActual  15: 131072 op, 215131.00 ns, 1.6413 ns/op

WorkloadWarmup   1: 131072 op, 616442733.00 ns, 4.7031 us/op
WorkloadWarmup   2: 131072 op, 609488355.00 ns, 4.6500 us/op
WorkloadWarmup   3: 131072 op, 608259592.00 ns, 4.6407 us/op

// BeforeActualRun
WorkloadActual   1: 131072 op, 609091472.00 ns, 4.6470 us/op
WorkloadActual   2: 131072 op, 606270375.00 ns, 4.6255 us/op
WorkloadActual   3: 131072 op, 606789026.00 ns, 4.6294 us/op
WorkloadActual   4: 131072 op, 606676426.00 ns, 4.6286 us/op
WorkloadActual   5: 131072 op, 607442654.00 ns, 4.6344 us/op
WorkloadActual   6: 131072 op, 610315120.00 ns, 4.6563 us/op
WorkloadActual   7: 131072 op, 607074850.00 ns, 4.6316 us/op
WorkloadActual   8: 131072 op, 606072438.00 ns, 4.6240 us/op
WorkloadActual   9: 131072 op, 606256482.00 ns, 4.6254 us/op
WorkloadActual  10: 131072 op, 605521800.00 ns, 4.6198 us/op

// AfterActualRun
WorkloadResult   1: 131072 op, 606055234.00 ns, 4.6238 us/op
WorkloadResult   2: 131072 op, 606573885.00 ns, 4.6278 us/op
WorkloadResult   3: 131072 op, 606461285.00 ns, 4.6269 us/op
WorkloadResult   4: 131072 op, 607227513.00 ns, 4.6328 us/op
WorkloadResult   5: 131072 op, 606859709.00 ns, 4.6300 us/op
WorkloadResult   6: 131072 op, 605857297.00 ns, 4.6223 us/op
WorkloadResult   7: 131072 op, 606041341.00 ns, 4.6237 us/op
WorkloadResult   8: 131072 op, 605306659.00 ns, 4.6181 us/op
// GC:  3 0 0 58721152 131072
// Threading:  0 0 131072

// AfterAll
// Benchmark Process 3306 has exited with code 0.

Mean = 4.626 μs, StdErr = 0.002 μs (0.04%), N = 8, StdDev = 0.005 μs
Min = 4.618 μs, Q1 = 4.623 μs, Median = 4.625 μs, Q3 = 4.628 μs, Max = 4.633 μs
IQR = 0.005 μs, LowerFence = 4.616 μs, UpperFence = 4.636 μs
ConfidenceInterval = [4.617 μs; 4.635 μs] (CI 99.9%), Margin = 0.009 μs (0.19% of Mean)
Skewness = -0.05, Kurtosis = 1.71, MValue = 2

// ** Remained 1 (7.1 %) benchmark(s) to run. Estimated finish 2026-09-23 13:24 (0h 0m from now) **
// **************************
// Benchmark: AesGcmFieldEncryptorBenchmarks.EncryptString_Short: ShortRun(IterationCount=3, LaunchCount=1, WarmupCount=3)
// *** Execute ***
// Launch: 1 / 1
// Execute: dotnet Encina.Security.Encryption.Benchmarks-Job-YFEFPZ-1.dll --anonymousPipes 146 147 --benchmarkName Encina.Security.Encryption.Benchmarks.AesGcmFieldEncryptorBenchmarks.EncryptString_Short --job ShortRun --benchmarkId 13 in /home/runner/work/Encina/Encina/tests/Encina.BenchmarkTests/Encina.Security.Encryption.Benchmarks/bin/Release/net10.0/Encina.Security.Encryption.Benchmarks-Job-YFEFPZ-1/bin/Release/net10.0
// Failed to set up high priority (Permission denied). In order to run benchmarks with high priority, make sure you have the right permissions.
// BeforeAnythingElse

// Benchmark Process Environment Information:
// BenchmarkDotNet v0.15.8
// Runtime=.NET 10.0.12 (10.0.12, 10.0.1226.42308), X64 RyuJIT x86-64-v3
// GC=Concurrent Workstation
// HardwareIntrinsics=AVX2+BMI1+BMI2+F16C+FMA+LZCNT+MOVBE,AVX,SSE3+SSSE3+SSE4.1+SSE4.2+POPCNT,X86Base+SSE+SSE2,AES+PCLMUL VectorSize=256
// Job: ShortRun(IterationCount=3, LaunchCount=1, WarmupCount=3)

OverheadJitting  1: 1 op, 229047.00 ns, 229.0470 us/op
WorkloadJitting  1: 1 op, 3036741.00 ns, 3.0367 ms/op

OverheadJitting  2: 16 op, 230471.00 ns, 14.4044 us/op
WorkloadJitting  2: 16 op, 374589.00 ns, 23.4118 us/op

WorkloadPilot    1: 16 op, 170148.00 ns, 10.6343 us/op
WorkloadPilot    2: 32 op, 224359.00 ns, 7.0112 us/op
WorkloadPilot    3: 64 op, 402812.00 ns, 6.2939 us/op
WorkloadPilot    4: 128 op, 711298.00 ns, 5.5570 us/op
WorkloadPilot    5: 256 op, 1400375.00 ns, 5.4702 us/op
WorkloadPilot    6: 512 op, 2773609.00 ns, 5.4172 us/op
WorkloadPilot    7: 1024 op, 5360459.00 ns, 5.2348 us/op
WorkloadPilot    8: 2048 op, 10801249.00 ns, 5.2740 us/op
WorkloadPilot    9: 4096 op, 21602858.00 ns, 5.2741 us/op
WorkloadPilot   10: 8192 op, 45634181.00 ns, 5.5706 us/op
WorkloadPilot   11: 16384 op, 86557086.00 ns, 5.2830 us/op
WorkloadPilot   12: 32768 op, 172720014.00 ns, 5.2710 us/op
WorkloadPilot   13: 65536 op, 343533858.00 ns, 5.2419 us/op
WorkloadPilot   14: 131072 op, 659784483.00 ns, 5.0338 us/op

OverheadWarmup   1: 131072 op, 215453.00 ns, 1.6438 ns/op
OverheadWarmup   2: 131072 op, 215422.00 ns, 1.6435 ns/op
OverheadWarmup   3: 131072 op, 227785.00 ns, 1.7379 ns/op
OverheadWarmup   4: 131072 op, 215072.00 ns, 1.6409 ns/op
OverheadWarmup   5: 131072 op, 232874.00 ns, 1.7767 ns/op
OverheadWarmup   6: 131072 op, 215884.00 ns, 1.6471 ns/op

OverheadActual   1: 131072 op, 215913.00 ns, 1.6473 ns/op
OverheadActual   2: 131072 op, 234408.00 ns, 1.7884 ns/op
OverheadActual   3: 131072 op, 215252.00 ns, 1.6422 ns/op
OverheadActual   4: 131072 op, 234508.00 ns, 1.7892 ns/op
OverheadActual   5: 131072 op, 215152.00 ns, 1.6415 ns/op
OverheadActual   6: 131072 op, 232234.00 ns, 1.7718 ns/op
OverheadActual   7: 131072 op, 215161.00 ns, 1.6415 ns/op
OverheadActual   8: 131072 op, 215231.00 ns, 1.6421 ns/op
OverheadActual   9: 131072 op, 215172.00 ns, 1.6416 ns/op
OverheadActual  10: 131072 op, 232705.00 ns, 1.7754 ns/op
OverheadActual  11: 131072 op, 215242.00 ns, 1.6422 ns/op
OverheadActual  12: 131072 op, 215132.00 ns, 1.6413 ns/op
OverheadActual  13: 131072 op, 215172.00 ns, 1.6416 ns/op
OverheadActual  14: 131072 op, 233717.00 ns, 1.7831 ns/op
OverheadActual  15: 131072 op, 215072.00 ns, 1.6409 ns/op

WorkloadWarmup   1: 131072 op, 664339328.00 ns, 5.0685 us/op
WorkloadWarmup   2: 131072 op, 664550733.00 ns, 5.0701 us/op
WorkloadWarmup   3: 131072 op, 661532016.00 ns, 5.0471 us/op

// BeforeActualRun
WorkloadActual   1: 131072 op, 661216118.00 ns, 5.0447 us/op
WorkloadActual   2: 131072 op, 658546004.00 ns, 5.0243 us/op
WorkloadActual   3: 131072 op, 658782825.00 ns, 5.0261 us/op

// AfterActualRun
WorkloadResult   1: 131072 op, 661000876.00 ns, 5.0430 us/op
WorkloadResult   2: 131072 op, 658330762.00 ns, 5.0227 us/op
WorkloadResult   3: 131072 op, 658567583.00 ns, 5.0245 us/op
// GC:  3 0 0 58721152 131072
// Threading:  0 0 131072

// AfterAll
// Benchmark Process 3314 has exited with code 0.

Mean = 5.030 μs, StdErr = 0.007 μs (0.13%), N = 3, StdDev = 0.011 μs
Min = 5.023 μs, Q1 = 5.024 μs, Median = 5.024 μs, Q3 = 5.034 μs, Max = 5.043 μs
IQR = 0.010 μs, LowerFence = 5.008 μs, UpperFence = 5.049 μs
ConfidenceInterval = [4.824 μs; 5.236 μs] (CI 99.9%), Margin = 0.206 μs (4.09% of Mean)
Skewness = 0.37, Kurtosis = 0.67, MValue = 2

// ** Remained 0 (0.0 %) benchmark(s) to run. Estimated finish 2026-09-23 13:24 (0h 0m from now) **
// ***** BenchmarkRunner: Finish  *****

// * Export *
  artifacts/performance/SecurityEncryption/results/Encina.Security.Encryption.Benchmarks.AesGcmFieldEncryptorBenchmarks-report.csv
  artifacts/performance/SecurityEncryption/results/Encina.Security.Encryption.Benchmarks.AesGcmFieldEncryptorBenchmarks-report-github.md
  artifacts/performance/SecurityEncryption/results/Encina.Security.Encryption.Benchmarks.AesGcmFieldEncryptorBenchmarks-report.html
  artifacts/performance/SecurityEncryption/results/Encina.Security.Encryption.Benchmarks.AesGcmFieldEncryptorBenchmarks-report-full-compressed.json

// * Detailed results *
AesGcmFieldEncryptorBenchmarks.EncryptString_Medium: Job-YFEFPZ(IterationCount=10, WarmupCount=3)
Runtime = .NET 10.0.12 (10.0.12, 10.0.1226.42308), X64 RyuJIT x86-64-v3; GC = Concurrent Workstation
Mean = 4.886 μs, StdErr = 0.007 μs (0.13%), N = 9, StdDev = 0.020 μs
Min = 4.858 μs, Q1 = 4.876 μs, Median = 4.879 μs, Q3 = 4.893 μs, Max = 4.922 μs
IQR = 0.017 μs, LowerFence = 4.850 μs, UpperFence = 4.919 μs
ConfidenceInterval = [4.853 μs; 4.919 μs] (CI 99.9%), Margin = 0.033 μs (0.68% of Mean)
Skewness = 0.41, Kurtosis = 1.91, MValue = 2
-------------------- Histogram --------------------
[4.845 μs ; 4.935 μs) | @@@@@@@@@
---------------------------------------------------

AesGcmFieldEncryptorBenchmarks.EncryptDecryptRoundtrip: Job-YFEFPZ(IterationCount=10, WarmupCount=3)
Runtime = .NET 10.0.12 (10.0.12, 10.0.1226.42308), X64 RyuJIT x86-64-v3; GC = Concurrent Workstation
Mean = 8.013 μs, StdErr = 0.009 μs (0.11%), N = 10, StdDev = 0.027 μs
Min = 7.989 μs, Q1 = 7.990 μs, Median = 8.004 μs, Q3 = 8.034 μs, Max = 8.065 μs
IQR = 0.043 μs, LowerFence = 7.926 μs, UpperFence = 8.099 μs
ConfidenceInterval = [7.971 μs; 8.054 μs] (CI 99.9%), Margin = 0.041 μs (0.52% of Mean)
Skewness = 0.71, Kurtosis = 1.8, MValue = 2
-------------------- Histogram --------------------
[7.972 μs ; 8.082 μs) | @@@@@@@@@@
---------------------------------------------------

AesGcmFieldEncryptorBenchmarks.EncryptBytes_Short: Job-YFEFPZ(IterationCount=10, WarmupCount=3)
Runtime = .NET 10.0.12 (10.0.12, 10.0.1226.42308), X64 RyuJIT x86-64-v3; GC = Concurrent Workstation
Mean = 4.620 μs, StdErr = 0.003 μs (0.07%), N = 10, StdDev = 0.010 μs
Min = 4.605 μs, Q1 = 4.614 μs, Median = 4.619 μs, Q3 = 4.628 μs, Max = 4.635 μs
IQR = 0.014 μs, LowerFence = 4.592 μs, UpperFence = 4.650 μs
ConfidenceInterval = [4.606 μs; 4.635 μs] (CI 99.9%), Margin = 0.015 μs (0.32% of Mean)
Skewness = 0.09, Kurtosis = 1.47, MValue = 2
-------------------- Histogram --------------------
[4.599 μs ; 4.641 μs) | @@@@@@@@@@
---------------------------------------------------

AesGcmFieldEncryptorBenchmarks.EncryptBytes_Medium: Job-YFEFPZ(IterationCount=10, WarmupCount=3)
Runtime = .NET 10.0.12 (10.0.12, 10.0.1226.42308), X64 RyuJIT x86-64-v3; GC = Concurrent Workstation
Mean = 4.823 μs, StdErr = 0.007 μs (0.15%), N = 9, StdDev = 0.022 μs
Min = 4.804 μs, Q1 = 4.806 μs, Median = 4.814 μs, Q3 = 4.829 μs, Max = 4.872 μs
IQR = 0.023 μs, LowerFence = 4.772 μs, UpperFence = 4.864 μs
ConfidenceInterval = [4.786 μs; 4.860 μs] (CI 99.9%), Margin = 0.037 μs (0.77% of Mean)
Skewness = 1.08, Kurtosis = 2.91, MValue = 2
-------------------- Histogram --------------------
[4.790 μs ; 4.886 μs) | @@@@@@@@@
---------------------------------------------------

AesGcmFieldEncryptorBenchmarks.DecryptString_Short: Job-YFEFPZ(IterationCount=10, WarmupCount=3)
Runtime = .NET 10.0.12 (10.0.12, 10.0.1226.42308), X64 RyuJIT x86-64-v3; GC = Concurrent Workstation
Mean = 3.242 μs, StdErr = 0.005 μs (0.17%), N = 10, StdDev = 0.017 μs
Min = 3.227 μs, Q1 = 3.231 μs, Median = 3.233 μs, Q3 = 3.252 μs, Max = 3.271 μs
IQR = 0.022 μs, LowerFence = 3.198 μs, UpperFence = 3.285 μs
ConfidenceInterval = [3.216 μs; 3.267 μs] (CI 99.9%), Margin = 0.026 μs (0.80% of Mean)
Skewness = 0.76, Kurtosis = 1.66, MValue = 2
-------------------- Histogram --------------------
[3.216 μs ; 3.281 μs) | @@@@@@@@@@
---------------------------------------------------

AesGcmFieldEncryptorBenchmarks.EncryptString_Long: Job-YFEFPZ(IterationCount=10, WarmupCount=3)
Runtime = .NET 10.0.12 (10.0.12, 10.0.1226.42308), X64 RyuJIT x86-64-v3; GC = Concurrent Workstation
Mean = 7.747 μs, StdErr = 0.007 μs (0.09%), N = 8, StdDev = 0.021 μs
Min = 7.703 μs, Q1 = 7.742 μs, Median = 7.749 μs, Q3 = 7.761 μs, Max = 7.771 μs
IQR = 0.019 μs, LowerFence = 7.714 μs, UpperFence = 7.789 μs
ConfidenceInterval = [7.708 μs; 7.787 μs] (CI 99.9%), Margin = 0.040 μs (0.51% of Mean)
Skewness = -0.93, Kurtosis = 2.8, MValue = 2
-------------------- Histogram --------------------
[7.690 μs ; 7.784 μs) | @@@@@@@@
---------------------------------------------------

AesGcmFieldEncryptorBenchmarks.EncryptString_Short: Job-YFEFPZ(IterationCount=10, WarmupCount=3)
Runtime = .NET 10.0.12 (10.0.12, 10.0.1226.42308), X64 RyuJIT x86-64-v3; GC = Concurrent Workstation
Mean = 4.626 μs, StdErr = 0.002 μs (0.04%), N = 8, StdDev = 0.005 μs
Min = 4.618 μs, Q1 = 4.623 μs, Median = 4.625 μs, Q3 = 4.628 μs, Max = 4.633 μs
IQR = 0.005 μs, LowerFence = 4.616 μs, UpperFence = 4.636 μs
ConfidenceInterval = [4.617 μs; 4.635 μs] (CI 99.9%), Margin = 0.009 μs (0.19% of Mean)
Skewness = -0.05, Kurtosis = 1.71, MValue = 2
-------------------- Histogram --------------------
[4.615 μs ; 4.636 μs) | @@@@@@@@
---------------------------------------------------

AesGcmFieldEncryptorBenchmarks.EncryptString_Medium: ShortRun(IterationCount=3, LaunchCount=1, WarmupCount=3)
Runtime = .NET 10.0.12 (10.0.12, 10.0.1226.42308), X64 RyuJIT x86-64-v3; GC = Concurrent Workstation
Mean = 5.384 μs, StdErr = 0.013 μs (0.24%), N = 3, StdDev = 0.023 μs
Min = 5.361 μs, Q1 = 5.374 μs, Median = 5.386 μs, Q3 = 5.396 μs, Max = 5.406 μs
IQR = 0.022 μs, LowerFence = 5.340 μs, UpperFence = 5.430 μs
ConfidenceInterval = [4.974 μs; 5.795 μs] (CI 99.9%), Margin = 0.411 μs (7.63% of Mean)
Skewness = -0.06, Kurtosis = 0.67, MValue = 2
-------------------- Histogram --------------------
[5.341 μs ; 5.427 μs) | @@@
---------------------------------------------------

AesGcmFieldEncryptorBenchmarks.EncryptDecryptRoundtrip: ShortRun(IterationCount=3, LaunchCount=1, WarmupCount=3)
Runtime = .NET 10.0.12 (10.0.12, 10.0.1226.42308), X64 RyuJIT x86-64-v3; GC = Concurrent Workstation
Mean = 8.727 μs, StdErr = 0.014 μs (0.16%), N = 3, StdDev = 0.025 μs
Min = 8.699 μs, Q1 = 8.720 μs, Median = 8.741 μs, Q3 = 8.741 μs, Max = 8.742 μs
IQR = 0.022 μs, LowerFence = 8.688 μs, UpperFence = 8.774 μs
ConfidenceInterval = [8.276 μs; 9.178 μs] (CI 99.9%), Margin = 0.451 μs (5.16% of Mean)
Skewness = -0.38, Kurtosis = 0.67, MValue = 2
-------------------- Histogram --------------------
[8.698 μs ; 8.743 μs) | @@@
---------------------------------------------------

AesGcmFieldEncryptorBenchmarks.EncryptBytes_Short: ShortRun(IterationCount=3, LaunchCount=1, WarmupCount=3)
Runtime = .NET 10.0.12 (10.0.12, 10.0.1226.42308), X64 RyuJIT x86-64-v3; GC = Concurrent Workstation
Mean = 4.694 μs, StdErr = 0.001 μs (0.03%), N = 3, StdDev = 0.003 μs
Min = 4.692 μs, Q1 = 4.693 μs, Median = 4.693 μs, Q3 = 4.695 μs, Max = 4.697 μs
IQR = 0.002 μs, LowerFence = 4.689 μs, UpperFence = 4.699 μs
ConfidenceInterval = [4.648 μs; 4.740 μs] (CI 99.9%), Margin = 0.046 μs (0.98% of Mean)
Skewness = 0.34, Kurtosis = 0.67, MValue = 2
-------------------- Histogram --------------------
[4.690 μs ; 4.699 μs) | @@@
---------------------------------------------------

AesGcmFieldEncryptorBenchmarks.EncryptBytes_Medium: ShortRun(IterationCount=3, LaunchCount=1, WarmupCount=3)
Runtime = .NET 10.0.12 (10.0.12, 10.0.1226.42308), X64 RyuJIT x86-64-v3; GC = Concurrent Workstation
Mean = 5.221 μs, StdErr = 0.003 μs (0.06%), N = 3, StdDev = 0.006 μs
Min = 5.215 μs, Q1 = 5.218 μs, Median = 5.222 μs, Q3 = 5.224 μs, Max = 5.226 μs
IQR = 0.005 μs, LowerFence = 5.210 μs, UpperFence = 5.232 μs
ConfidenceInterval = [5.120 μs; 5.321 μs] (CI 99.9%), Margin = 0.100 μs (1.92% of Mean)
Skewness = -0.18, Kurtosis = 0.67, MValue = 2
-------------------- Histogram --------------------
[5.210 μs ; 5.231 μs) | @@@
---------------------------------------------------

AesGcmFieldEncryptorBenchmarks.DecryptString_Short: ShortRun(IterationCount=3, LaunchCount=1, WarmupCount=3)
Runtime = .NET 10.0.12 (10.0.12, 10.0.1226.42308), X64 RyuJIT x86-64-v3; GC = Concurrent Workstation
Mean = 3.245 μs, StdErr = 0.007 μs (0.23%), N = 3, StdDev = 0.013 μs
Min = 3.231 μs, Q1 = 3.238 μs, Median = 3.246 μs, Q3 = 3.251 μs, Max = 3.257 μs
IQR = 0.013 μs, LowerFence = 3.219 μs, UpperFence = 3.271 μs
ConfidenceInterval = [3.008 μs; 3.482 μs] (CI 99.9%), Margin = 0.237 μs (7.30% of Mean)
Skewness = -0.11, Kurtosis = 0.67, MValue = 2
-------------------- Histogram --------------------
[3.219 μs ; 3.269 μs) | @@@
---------------------------------------------------

AesGcmFieldEncryptorBenchmarks.EncryptString_Long: ShortRun(IterationCount=3, LaunchCount=1, WarmupCount=3)
Runtime = .NET 10.0.12 (10.0.12, 10.0.1226.42308), X64 RyuJIT x86-64-v3; GC = Concurrent Workstation
Mean = 7.396 μs, StdErr = 0.025 μs (0.33%), N = 3, StdDev = 0.043 μs
Min = 7.349 μs, Q1 = 7.377 μs, Median = 7.405 μs, Q3 = 7.419 μs, Max = 7.433 μs
IQR = 0.042 μs, LowerFence = 7.314 μs, UpperFence = 7.482 μs
ConfidenceInterval = [6.616 μs; 8.176 μs] (CI 99.9%), Margin = 0.780 μs (10.55% of Mean)
Skewness = -0.22, Kurtosis = 0.67, MValue = 2
-------------------- Histogram --------------------
[7.345 μs ; 7.472 μs) | @@@
---------------------------------------------------

AesGcmFieldEncryptorBenchmarks.EncryptString_Short: ShortRun(IterationCount=3, LaunchCount=1, WarmupCount=3)
Runtime = .NET 10.0.12 (10.0.12, 10.0.1226.42308), X64 RyuJIT x86-64-v3; GC = Concurrent Workstation
Mean = 5.030 μs, StdErr = 0.007 μs (0.13%), N = 3, StdDev = 0.011 μs
Min = 5.023 μs, Q1 = 5.024 μs, Median = 5.024 μs, Q3 = 5.034 μs, Max = 5.043 μs
IQR = 0.010 μs, LowerFence = 5.008 μs, UpperFence = 5.049 μs
ConfidenceInterval = [4.824 μs; 5.236 μs] (CI 99.9%), Margin = 0.206 μs (4.09% of Mean)
Skewness = 0.37, Kurtosis = 0.67, MValue = 2
-------------------- Histogram --------------------
[5.023 μs ; 5.043 μs) | @@@
---------------------------------------------------

// * Summary *

BenchmarkDotNet v0.15.8, Linux Ubuntu 24.04.5 LTS (Noble Numbat)
AMD EPYC 7763 3.03GHz, 1 CPU, 4 logical and 2 physical cores
.NET SDK 10.0.401
  [Host]     : .NET 10.0.12 (10.0.12, 10.0.1226.42308), X64 RyuJIT x86-64-v3
  Job-YFEFPZ : .NET 10.0.12 (10.0.12, 10.0.1226.42308), X64 RyuJIT x86-64-v3
  ShortRun   : .NET 10.0.12 (10.0.12, 10.0.1226.42308), X64 RyuJIT x86-64-v3

WarmupCount=3  

| Method                  | Job        | IterationCount | LaunchCount | Mean     | Error     | StdDev    | Ratio | Gen0   | Gen1   | Allocated | Alloc Ratio |
|------------------------ |----------- |--------------- |------------ |---------:|----------:|----------:|------:|-------:|-------:|----------:|------------:|
| EncryptString_Medium    | Job-YFEFPZ | 10             | Default     | 4.886 μs | 0.0332 μs | 0.0198 μs |  1.06 | 0.0687 |      - |    1168 B |        2.61 |
| EncryptDecryptRoundtrip | Job-YFEFPZ | 10             | Default     | 8.013 μs | 0.0414 μs | 0.0274 μs |  1.73 | 0.0305 |      - |     664 B |        1.48 |
| EncryptBytes_Short      | Job-YFEFPZ | 10             | Default     | 4.620 μs | 0.0149 μs | 0.0099 μs |  1.00 | 0.0229 |      - |     448 B |        1.00 |
| EncryptBytes_Medium     | Job-YFEFPZ | 10             | Default     | 4.823 μs | 0.0371 μs | 0.0221 μs |  1.04 | 0.0687 |      - |    1168 B |        2.61 |
| DecryptString_Short     | Job-YFEFPZ | 10             | Default     | 3.242 μs | 0.0259 μs | 0.0171 μs |  0.70 | 0.0191 |      - |     320 B |        0.71 |
| EncryptString_Long      | Job-YFEFPZ | 10             | Default     | 7.747 μs | 0.0397 μs | 0.0208 μs |  1.67 | 0.7477 | 0.0305 |   12688 B |       28.32 |
| EncryptString_Short     | Job-YFEFPZ | 10             | Default     | 4.626 μs | 0.0089 μs | 0.0046 μs |  1.00 | 0.0229 |      - |     448 B |        1.00 |
|                         |            |                |             |          |           |           |       |        |        |           |             |
| EncryptString_Medium    | ShortRun   | 3              | 1           | 5.384 μs | 0.4106 μs | 0.0225 μs |  1.07 | 0.0687 |      - |    1168 B |        2.61 |
| EncryptDecryptRoundtrip | ShortRun   | 3              | 1           | 8.727 μs | 0.4507 μs | 0.0247 μs |  1.73 | 0.0305 |      - |     664 B |        1.48 |
| EncryptBytes_Short      | ShortRun   | 3              | 1           | 4.694 μs | 0.0461 μs | 0.0025 μs |  0.93 | 0.0229 |      - |     448 B |        1.00 |
| EncryptBytes_Medium     | ShortRun   | 3              | 1           | 5.221 μs | 0.1005 μs | 0.0055 μs |  1.04 | 0.0687 |      - |    1168 B |        2.61 |
| DecryptString_Short     | ShortRun   | 3              | 1           | 3.245 μs | 0.2370 μs | 0.0130 μs |  0.65 | 0.0191 |      - |     320 B |        0.71 |
| EncryptString_Long      | ShortRun   | 3              | 1           | 7.396 μs | 0.7800 μs | 0.0428 μs |  1.47 | 0.7553 | 0.0305 |   12688 B |       28.32 |
| EncryptString_Short     | ShortRun   | 3              | 1           | 5.030 μs | 0.2057 μs | 0.0113 μs |  1.00 | 0.0229 |      - |     448 B |        1.00 |

// * Hints *
Outliers
  AesGcmFieldEncryptorBenchmarks.EncryptString_Medium: IterationCount=10, WarmupCount=3 -> 1 outlier  was  removed (4.99 μs)
  AesGcmFieldEncryptorBenchmarks.EncryptBytes_Medium: IterationCount=10, WarmupCount=3  -> 1 outlier  was  removed (4.92 μs)
  AesGcmFieldEncryptorBenchmarks.EncryptString_Long: IterationCount=10, WarmupCount=3   -> 2 outliers were removed, 3 outliers were detected (7.71 μs, 7.81 μs, 7.85 μs)
  AesGcmFieldEncryptorBenchmarks.EncryptString_Short: IterationCount=10, WarmupCount=3  -> 2 outliers were removed (4.65 μs, 4.66 μs)
// * Config Issues *

// * Warnings *
Configuration
  Summary -> The exporter CsvExporter is already present in configuration. There may be unexpected results.
  Summary -> The exporter HtmlExporter is already present in configuration. There may be unexpected results.
  Summary -> The exporter MarkdownExporter-github is already present in configuration. There may be unexpected results.

// * Legends *
  Mean        : Arithmetic mean of all measurements
  Error       : Half of 99.9% confidence interval
  StdDev      : Standard deviation of all measurements
  Ratio       : Mean of the ratio distribution ([Current]/[Baseline])
  Gen0        : GC Generation 0 collects per 1000 operations
  Gen1        : GC Generation 1 collects per 1000 operations
  Allocated   : Allocated memory per single operation (managed only, inclusive, 1KB = 1024B)
  Alloc Ratio : Allocated memory ratio distribution ([Current]/[Baseline])
  1 μs        : 1 Microsecond (0.000001 sec)

// * Diagnostic Output - MemoryDiagnoser *


// ***** BenchmarkRunner: End *****
Run time: 00:02:01 (121.12 sec), executed benchmarks: 14

Global total time: 00:02:35 (155.36 sec), executed benchmarks: 14
// * Artifacts cleanup *
Artifacts cleanup is finished
