// Validating benchmarks:
// ***** BenchmarkRunner: Start   *****
// ***** Found 1 benchmark(s) in total *****
// ***** Building 1 exe(s) in Parallel: Start   *****
// start dotnet  restore --nodeReuse:false /p:UseSharedCompilation=false /p:Deterministic=true /p:Optimize=true /p:ArtifactsPath="/home/runner/work/Encina/Encina/tests/Encina.BenchmarkTests/Encina.Cdc.PostgreSql.Benchmarks/bin/Release/net10.0/Encina.Cdc.PostgreSql.Benchmarks-ShortRun-1/" /p:OutDir="/home/runner/work/Encina/Encina/tests/Encina.BenchmarkTests/Encina.Cdc.PostgreSql.Benchmarks/bin/Release/net10.0/Encina.Cdc.PostgreSql.Benchmarks-ShortRun-1/bin/Release/net10.0/" /p:OutputPath="/home/runner/work/Encina/Encina/tests/Encina.BenchmarkTests/Encina.Cdc.PostgreSql.Benchmarks/bin/Release/net10.0/Encina.Cdc.PostgreSql.Benchmarks-ShortRun-1/bin/Release/net10.0/" /p:PublishDir="/home/runner/work/Encina/Encina/tests/Encina.BenchmarkTests/Encina.Cdc.PostgreSql.Benchmarks/bin/Release/net10.0/Encina.Cdc.PostgreSql.Benchmarks-ShortRun-1/publish/" in /home/runner/work/Encina/Encina/tests/Encina.BenchmarkTests/Encina.Cdc.PostgreSql.Benchmarks/bin/Release/net10.0/Encina.Cdc.PostgreSql.Benchmarks-ShortRun-1
// command took 1.88 sec and exited with 0
// start dotnet  build -c Release --no-restore --nodeReuse:false /p:UseSharedCompilation=false /p:Deterministic=true /p:Optimize=true /p:ArtifactsPath="/home/runner/work/Encina/Encina/tests/Encina.BenchmarkTests/Encina.Cdc.PostgreSql.Benchmarks/bin/Release/net10.0/Encina.Cdc.PostgreSql.Benchmarks-ShortRun-1/" /p:OutDir="/home/runner/work/Encina/Encina/tests/Encina.BenchmarkTests/Encina.Cdc.PostgreSql.Benchmarks/bin/Release/net10.0/Encina.Cdc.PostgreSql.Benchmarks-ShortRun-1/bin/Release/net10.0/" /p:OutputPath="/home/runner/work/Encina/Encina/tests/Encina.BenchmarkTests/Encina.Cdc.PostgreSql.Benchmarks/bin/Release/net10.0/Encina.Cdc.PostgreSql.Benchmarks-ShortRun-1/bin/Release/net10.0/" /p:PublishDir="/home/runner/work/Encina/Encina/tests/Encina.BenchmarkTests/Encina.Cdc.PostgreSql.Benchmarks/bin/Release/net10.0/Encina.Cdc.PostgreSql.Benchmarks-ShortRun-1/publish/" --output "/home/runner/work/Encina/Encina/tests/Encina.BenchmarkTests/Encina.Cdc.PostgreSql.Benchmarks/bin/Release/net10.0/Encina.Cdc.PostgreSql.Benchmarks-ShortRun-1/bin/Release/net10.0/" in /home/runner/work/Encina/Encina/tests/Encina.BenchmarkTests/Encina.Cdc.PostgreSql.Benchmarks/bin/Release/net10.0/Encina.Cdc.PostgreSql.Benchmarks-ShortRun-1
// command took 34.12 sec and exited with 0
// ***** Done, took 00:00:36 (36.08 sec)   *****
// Found 1 benchmarks:
//   ConnectorBenchmarks.GetCurrentPositionAsync: ShortRun(IterationCount=3, LaunchCount=1, WarmupCount=3)

// **************************
// Benchmark: ConnectorBenchmarks.GetCurrentPositionAsync: ShortRun(IterationCount=3, LaunchCount=1, WarmupCount=3)
// *** Execute ***
// Launch: 1 / 1
// Execute: dotnet Encina.Cdc.PostgreSql.Benchmarks-ShortRun-1.dll --anonymousPipes 149 150 --benchmarkName Encina.Cdc.PostgreSql.Benchmarks.Benchmarks.ConnectorBenchmarks.GetCurrentPositionAsync --job ShortRun --benchmarkId 0 in /home/runner/work/Encina/Encina/tests/Encina.BenchmarkTests/Encina.Cdc.PostgreSql.Benchmarks/bin/Release/net10.0/Encina.Cdc.PostgreSql.Benchmarks-ShortRun-1/bin/Release/net10.0
// Failed to set up high priority (Permission denied). In order to run benchmarks with high priority, make sure you have the right permissions.
// BeforeAnythingElse

// Benchmark Process Environment Information:
// BenchmarkDotNet v0.15.8
// Runtime=.NET 10.0.12 (10.0.12, 10.0.1226.42308), X64 RyuJIT x86-64-v4
// GC=Concurrent Workstation
// HardwareIntrinsics=AVX512 BITALG+VBMI2+VNNI+VPOPCNTDQ,AVX512 IFMA+VBMI,AVX512 F+BW+CD+DQ+VL,AVX2+BMI1+BMI2+F16C+FMA+LZCNT+MOVBE,AVX,SSE3+SSSE3+SSE4.1+SSE4.2+POPCNT,X86Base+SSE+SSE2,AES+PCLMUL,AvxVnni VectorSize=256
// Job: ShortRun(IterationCount=3, LaunchCount=1, WarmupCount=3)

[testcontainers.org 00:00:00.18] Connected to Docker:
  Host: unix:///var/run/docker.sock
  Server Version: 28.0.4
  Kernel Version: 6.17.0-1022-azure
  API Version: 1.48
  Operating System: Ubuntu 24.04.5 LTS
  Total Memory: 15.61 GB
[testcontainers.org 00:00:00.22] Searching Docker registry credential in CredsStore
[testcontainers.org 00:00:00.22] Searching Docker registry credential in CredHelpers
[testcontainers.org 00:00:00.22] Searching Docker registry credential in Auths
[testcontainers.org 00:00:00.22] Searching Docker registry credential in Auths
[testcontainers.org 00:00:00.23] Docker registry credential https://index.docker.io/v1/ found
[testcontainers.org 00:00:01.03] Docker image testcontainers/ryuk:0.14.0@sha256:7c1a8a9a47c780ed0f983770a662f80deb115d95cce3e2daa3d12115b8cd28f0 created
[testcontainers.org 00:00:01.14] Docker container 57462f8aa6a5 created
[testcontainers.org 00:00:01.20] Start Docker container 57462f8aa6a5
[testcontainers.org 00:00:01.36] Wait for Docker container 57462f8aa6a5 to complete readiness checks
[testcontainers.org 00:00:02.38] Docker container 57462f8aa6a5 ready
[testcontainers.org 00:00:06.54] Docker image postgres:17-alpine created
[testcontainers.org 00:00:06.54] Docker container 8691ff5737ec created
[testcontainers.org 00:00:06.55] Start Docker container 8691ff5737ec
[testcontainers.org 00:00:06.63] Wait for Docker container 8691ff5737ec to complete readiness checks
[testcontainers.org 00:00:06.64] Execute "pg_isready --host localhost --dbname encina_cdc_bench --username postgres" at Docker container 8691ff5737ec
[testcontainers.org 00:00:07.69] Execute "pg_isready --host localhost --dbname encina_cdc_bench --username postgres" at Docker container 8691ff5737ec
[testcontainers.org 00:00:08.71] Execute "pg_isready --host localhost --dbname encina_cdc_bench --username postgres" at Docker container 8691ff5737ec
[testcontainers.org 00:00:08.74] Docker container 8691ff5737ec ready
OverheadJitting  1: 1 op, 147703.00 ns, 147.7030 us/op
WorkloadJitting  1: 1 op, 301618636.00 ns, 301.6186 ms/op

WorkloadPilot    1: 2 op, 3215489.00 ns, 1.6077 ms/op
WorkloadPilot    2: 3 op, 478367.00 ns, 159.4557 us/op
WorkloadPilot    3: 4 op, 473108.00 ns, 118.2770 us/op
WorkloadPilot    4: 5 op, 724042.00 ns, 144.8084 us/op
WorkloadPilot    5: 6 op, 639860.00 ns, 106.6433 us/op
WorkloadPilot    6: 7 op, 780797.00 ns, 111.5424 us/op
WorkloadPilot    7: 8 op, 986457.00 ns, 123.3071 us/op
WorkloadPilot    8: 9 op, 1118577.00 ns, 124.2863 us/op
WorkloadPilot    9: 10 op, 1241683.00 ns, 124.1683 us/op
WorkloadPilot   10: 11 op, 1283711.00 ns, 116.7010 us/op
WorkloadPilot   11: 12 op, 1441855.00 ns, 120.1546 us/op
WorkloadPilot   12: 13 op, 1503507.00 ns, 115.6544 us/op
WorkloadPilot   13: 14 op, 1725767.00 ns, 123.2691 us/op
WorkloadPilot   14: 15 op, 1849619.00 ns, 123.3079 us/op
WorkloadPilot   15: 16 op, 1976807.00 ns, 123.5504 us/op
WorkloadPilot   16: 32 op, 3660020.00 ns, 114.3756 us/op
WorkloadPilot   17: 64 op, 6924077.00 ns, 108.1887 us/op
WorkloadPilot   18: 128 op, 12273495.00 ns, 95.8867 us/op
WorkloadPilot   19: 256 op, 24525497.00 ns, 95.8027 us/op
WorkloadPilot   20: 512 op, 41953561.00 ns, 81.9405 us/op
WorkloadPilot   21: 1024 op, 86322449.00 ns, 84.2993 us/op
WorkloadPilot   22: 2048 op, 173185704.00 ns, 84.5633 us/op
WorkloadPilot   23: 4096 op, 353940770.00 ns, 86.4113 us/op
WorkloadPilot   24: 8192 op, 698686230.00 ns, 85.2888 us/op

WorkloadWarmup   1: 8192 op, 727825981.00 ns, 88.8459 us/op
WorkloadWarmup   2: 8192 op, 722321796.00 ns, 88.1740 us/op
WorkloadWarmup   3: 8192 op, 713798768.00 ns, 87.1336 us/op

// BeforeActualRun
WorkloadActual   1: 8192 op, 694082117.00 ns, 84.7268 us/op
WorkloadActual   2: 8192 op, 710230551.00 ns, 86.6981 us/op
WorkloadActual   3: 8192 op, 712765093.00 ns, 87.0075 us/op

// AfterActualRun
WorkloadResult   1: 8192 op, 694082117.00 ns, 84.7268 us/op
WorkloadResult   2: 8192 op, 710230551.00 ns, 86.6981 us/op
WorkloadResult   3: 8192 op, 712765093.00 ns, 87.0075 us/op
// GC:  1 0 0 19322440 8192
// Threading:  15802 31 8192

[testcontainers.org 00:00:15.66] Delete Docker container 8691ff5737ec
// AfterAll
// Benchmark Process 2920 has exited with code 0.

Mean = 86.144 μs, StdErr = 0.714 μs (0.83%), N = 3, StdDev = 1.237 μs
Min = 84.727 μs, Q1 = 85.712 μs, Median = 86.698 μs, Q3 = 86.853 μs, Max = 87.007 μs
IQR = 1.140 μs, LowerFence = 84.002 μs, UpperFence = 88.563 μs
ConfidenceInterval = [63.574 μs; 108.714 μs] (CI 99.9%), Margin = 22.570 μs (26.20% of Mean)
Skewness = -0.36, Kurtosis = 0.67, MValue = 2

// ** Remained 0 (0.0 %) benchmark(s) to run. Estimated finish 2026-10-07 13:16 (0h 0m from now) **
// ***** BenchmarkRunner: Finish  *****

// * Export *
  artifacts/performance/CdcPostgreSql/results/Encina.Cdc.PostgreSql.Benchmarks.Benchmarks.ConnectorBenchmarks-report.csv
  artifacts/performance/CdcPostgreSql/results/Encina.Cdc.PostgreSql.Benchmarks.Benchmarks.ConnectorBenchmarks-report-github.md
  artifacts/performance/CdcPostgreSql/results/Encina.Cdc.PostgreSql.Benchmarks.Benchmarks.ConnectorBenchmarks-report.html
  artifacts/performance/CdcPostgreSql/results/Encina.Cdc.PostgreSql.Benchmarks.Benchmarks.ConnectorBenchmarks-report-full-compressed.json

// * Detailed results *
ConnectorBenchmarks.GetCurrentPositionAsync: ShortRun(IterationCount=3, LaunchCount=1, WarmupCount=3)
Runtime = .NET 10.0.12 (10.0.12, 10.0.1226.42308), X64 RyuJIT x86-64-v4; GC = Concurrent Workstation
Mean = 86.144 μs, StdErr = 0.714 μs (0.83%), N = 3, StdDev = 1.237 μs
Min = 84.727 μs, Q1 = 85.712 μs, Median = 86.698 μs, Q3 = 86.853 μs, Max = 87.007 μs
IQR = 1.140 μs, LowerFence = 84.002 μs, UpperFence = 88.563 μs
ConfidenceInterval = [63.574 μs; 108.714 μs] (CI 99.9%), Margin = 22.570 μs (26.20% of Mean)
Skewness = -0.36, Kurtosis = 0.67, MValue = 2
-------------------- Histogram --------------------
[83.601 μs ; 85.727 μs) | @
[85.727 μs ; 88.133 μs) | @@
---------------------------------------------------

// * Summary *

BenchmarkDotNet v0.15.8, Linux Ubuntu 24.04.5 LTS (Noble Numbat)
AMD EPYC 9V45 4.53GHz, 1 CPU, 4 logical and 2 physical cores
.NET SDK 10.0.401
  [Host]   : .NET 10.0.12 (10.0.12, 10.0.1226.42308), X64 RyuJIT x86-64-v4
  ShortRun : .NET 10.0.12 (10.0.12, 10.0.1226.42308), X64 RyuJIT x86-64-v4

Job=ShortRun  IterationCount=3  LaunchCount=1  
WarmupCount=3  

| Method                  | Mean     | Error    | StdDev   | Ratio | RatioSD | Gen0   | Allocated | Alloc Ratio |
|------------------------ |---------:|---------:|---------:|------:|--------:|-------:|----------:|------------:|
| GetCurrentPositionAsync | 86.14 μs | 22.57 μs | 1.237 μs |  1.00 |    0.02 | 0.1221 |    2.3 KB |        1.00 |
// * Config Issues *

// * Warnings *
Configuration
  Summary -> The exporter CsvExporter is already present in configuration. There may be unexpected results.
  Summary -> The exporter HtmlExporter is already present in configuration. There may be unexpected results.
  Summary -> The exporter MarkdownExporter-github is already present in configuration. There may be unexpected results.

// * Legends *
  Mean        : Arithmetic mean of all measurements
  Error       : Half of 99.9% confidence interval
  StdDev      : Standard deviation of all measurements
  Ratio       : Mean of the ratio distribution ([Current]/[Baseline])
  RatioSD     : Standard deviation of the ratio distribution ([Current]/[Baseline])
  Gen0        : GC Generation 0 collects per 1000 operations
  Allocated   : Allocated memory per single operation (managed only, inclusive, 1KB = 1024B)
  Alloc Ratio : Allocated memory ratio distribution ([Current]/[Baseline])
  1 μs        : 1 Microsecond (0.000001 sec)

// * Diagnostic Output - MemoryDiagnoser *


// ***** BenchmarkRunner: End *****
Run time: 00:00:16 (16.29 sec), executed benchmarks: 1

Global total time: 00:00:52 (52.53 sec), executed benchmarks: 1
// * Artifacts cleanup *
Artifacts cleanup is finished
