// Validating benchmarks:
// ***** BenchmarkRunner: Start   *****
// ***** Found 8 benchmark(s) in total *****
// ***** Building 1 exe(s) in Parallel: Start   *****
// start dotnet  restore --nodeReuse:false /p:UseSharedCompilation=false /p:Deterministic=true /p:Optimize=true /p:ArtifactsPath="/home/runner/work/Encina/Encina/tests/Encina.BenchmarkTests/Encina.Benchmarks/bin/Release/net10.0/Encina.Benchmarks-DefaultJob-1/" /p:OutDir="/home/runner/work/Encina/Encina/tests/Encina.BenchmarkTests/Encina.Benchmarks/bin/Release/net10.0/Encina.Benchmarks-DefaultJob-1/bin/Release/net10.0/" /p:OutputPath="/home/runner/work/Encina/Encina/tests/Encina.BenchmarkTests/Encina.Benchmarks/bin/Release/net10.0/Encina.Benchmarks-DefaultJob-1/bin/Release/net10.0/" /p:PublishDir="/home/runner/work/Encina/Encina/tests/Encina.BenchmarkTests/Encina.Benchmarks/bin/Release/net10.0/Encina.Benchmarks-DefaultJob-1/publish/" in /home/runner/work/Encina/Encina/tests/Encina.BenchmarkTests/Encina.Benchmarks/bin/Release/net10.0/Encina.Benchmarks-DefaultJob-1
// command took 2.2 sec and exited with 0
// start dotnet  build -c Release --no-restore --nodeReuse:false /p:UseSharedCompilation=false /p:Deterministic=true /p:Optimize=true /p:ArtifactsPath="/home/runner/work/Encina/Encina/tests/Encina.BenchmarkTests/Encina.Benchmarks/bin/Release/net10.0/Encina.Benchmarks-DefaultJob-1/" /p:OutDir="/home/runner/work/Encina/Encina/tests/Encina.BenchmarkTests/Encina.Benchmarks/bin/Release/net10.0/Encina.Benchmarks-DefaultJob-1/bin/Release/net10.0/" /p:OutputPath="/home/runner/work/Encina/Encina/tests/Encina.BenchmarkTests/Encina.Benchmarks/bin/Release/net10.0/Encina.Benchmarks-DefaultJob-1/bin/Release/net10.0/" /p:PublishDir="/home/runner/work/Encina/Encina/tests/Encina.BenchmarkTests/Encina.Benchmarks/bin/Release/net10.0/Encina.Benchmarks-DefaultJob-1/publish/" --output "/home/runner/work/Encina/Encina/tests/Encina.BenchmarkTests/Encina.Benchmarks/bin/Release/net10.0/Encina.Benchmarks-DefaultJob-1/bin/Release/net10.0/" in /home/runner/work/Encina/Encina/tests/Encina.BenchmarkTests/Encina.Benchmarks/bin/Release/net10.0/Encina.Benchmarks-DefaultJob-1
// command took 113.79 sec and exited with 0
// ***** Done, took 00:01:56 (116.11 sec)   *****
// Found 8 benchmarks:
//   ReplicaSelectionBenchmarks.'LeastConnections.AcquireReplica (lease)': DefaultJob
//   ReplicaSelectionBenchmarks.'LeastConnections.AcquireReplica (lease)': ShortRun(IterationCount=3, LaunchCount=1, WarmupCount=3)
//   ReplicaSelectionBenchmarks.LeastConnections.SelectReplica: DefaultJob
//   ReplicaSelectionBenchmarks.LeastConnections.SelectReplica: ShortRun(IterationCount=3, LaunchCount=1, WarmupCount=3)
//   ReplicaSelectionBenchmarks.Random.SelectReplica: DefaultJob
//   ReplicaSelectionBenchmarks.Random.SelectReplica: ShortRun(IterationCount=3, LaunchCount=1, WarmupCount=3)
//   ReplicaSelectionBenchmarks.RoundRobin.SelectReplica: DefaultJob
//   ReplicaSelectionBenchmarks.RoundRobin.SelectReplica: ShortRun(IterationCount=3, LaunchCount=1, WarmupCount=3)

// **************************
// Benchmark: ReplicaSelectionBenchmarks.'LeastConnections.AcquireReplica (lease)': DefaultJob
// *** Execute ***
// Launch: 1 / 1
// Execute: dotnet Encina.Benchmarks-DefaultJob-1.dll --anonymousPipes 226 227 --benchmarkName Encina.Benchmarks.ReadWriteSeparation.ReplicaSelectionBenchmarks.LeastConnections_AcquireReplica_WithLease --job Default --benchmarkId 0 in /home/runner/work/Encina/Encina/tests/Encina.BenchmarkTests/Encina.Benchmarks/bin/Release/net10.0/Encina.Benchmarks-DefaultJob-1/bin/Release/net10.0
// Failed to set up high priority (Permission denied). In order to run benchmarks with high priority, make sure you have the right permissions.
// BeforeAnythingElse

// Benchmark Process Environment Information:
// BenchmarkDotNet v0.15.8
// Runtime=.NET 10.0.12 (10.0.12, 10.0.1226.42308), X64 RyuJIT x86-64-v4
// GC=Concurrent Workstation
// HardwareIntrinsics=AVX512 BITALG+VBMI2+VNNI+VPOPCNTDQ,AVX512 IFMA+VBMI,AVX512 F+BW+CD+DQ+VL,AVX2+BMI1+BMI2+F16C+FMA+LZCNT+MOVBE,AVX,SSE3+SSSE3+SSE4.1+SSE4.2+POPCNT,X86Base+SSE+SSE2,AES+PCLMUL,AvxVnni VectorSize=256
// Job: DefaultJob

OverheadJitting  1: 1 op, 153970.00 ns, 153.9700 us/op
WorkloadJitting  1: 1 op, 1778162.00 ns, 1.7782 ms/op

OverheadJitting  2: 16 op, 280529.00 ns, 17.5331 us/op
WorkloadJitting  2: 16 op, 287248.00 ns, 17.9530 us/op

WorkloadPilot    1: 16 op, 8202.00 ns, 512.6250 ns/op
WorkloadPilot    2: 32 op, 12659.00 ns, 395.5938 ns/op
WorkloadPilot    3: 64 op, 10486.00 ns, 163.8438 ns/op
WorkloadPilot    4: 128 op, 25277.00 ns, 197.4766 ns/op
WorkloadPilot    5: 256 op, 44447.00 ns, 173.6211 ns/op
WorkloadPilot    6: 512 op, 81892.00 ns, 159.9453 ns/op
WorkloadPilot    7: 1024 op, 180939.00 ns, 176.6982 ns/op
WorkloadPilot    8: 2048 op, 346977.00 ns, 169.4224 ns/op
WorkloadPilot    9: 4096 op, 705962.00 ns, 172.3540 ns/op
WorkloadPilot   10: 8192 op, 1410162.00 ns, 172.1389 ns/op
WorkloadPilot   11: 16384 op, 2644763.00 ns, 161.4235 ns/op
WorkloadPilot   12: 32768 op, 5395776.00 ns, 164.6660 ns/op
WorkloadPilot   13: 65536 op, 10846593.00 ns, 165.5059 ns/op
WorkloadPilot   14: 131072 op, 21682720.00 ns, 165.4260 ns/op
WorkloadPilot   15: 262144 op, 43284800.00 ns, 165.1184 ns/op
WorkloadPilot   16: 524288 op, 86362369.00 ns, 164.7231 ns/op
WorkloadPilot   17: 1048576 op, 160586441.00 ns, 153.1472 ns/op
WorkloadPilot   18: 2097152 op, 325580915.00 ns, 155.2491 ns/op
WorkloadPilot   19: 4194304 op, 646085029.00 ns, 154.0387 ns/op

OverheadWarmup   1: 4194304 op, 9143173.00 ns, 2.1799 ns/op
OverheadWarmup   2: 4194304 op, 9602288.00 ns, 2.2894 ns/op
OverheadWarmup   3: 4194304 op, 9299015.00 ns, 2.2171 ns/op
OverheadWarmup   4: 4194304 op, 8573133.00 ns, 2.0440 ns/op
OverheadWarmup   5: 4194304 op, 8650178.00 ns, 2.0624 ns/op
OverheadWarmup   6: 4194304 op, 8815934.00 ns, 2.1019 ns/op
OverheadWarmup   7: 4194304 op, 8632751.00 ns, 2.0582 ns/op

OverheadActual   1: 4194304 op, 8632201.00 ns, 2.0581 ns/op
OverheadActual   2: 4194304 op, 9112547.00 ns, 2.1726 ns/op
OverheadActual   3: 4194304 op, 9010646.00 ns, 2.1483 ns/op
OverheadActual   4: 4194304 op, 9309230.00 ns, 2.2195 ns/op
OverheadActual   5: 4194304 op, 8730127.00 ns, 2.0814 ns/op
OverheadActual   6: 4194304 op, 8722255.00 ns, 2.0795 ns/op
OverheadActual   7: 4194304 op, 8934552.00 ns, 2.1302 ns/op
OverheadActual   8: 4194304 op, 8985968.00 ns, 2.1424 ns/op
OverheadActual   9: 4194304 op, 9011056.00 ns, 2.1484 ns/op
OverheadActual  10: 4194304 op, 8568716.00 ns, 2.0429 ns/op
OverheadActual  11: 4194304 op, 8791989.00 ns, 2.0962 ns/op
OverheadActual  12: 4194304 op, 8858248.00 ns, 2.1120 ns/op
OverheadActual  13: 4194304 op, 8653042.00 ns, 2.0630 ns/op
OverheadActual  14: 4194304 op, 8813090.00 ns, 2.1012 ns/op
OverheadActual  15: 4194304 op, 8877206.00 ns, 2.1165 ns/op

WorkloadWarmup   1: 4194304 op, 648274183.00 ns, 154.5606 ns/op
WorkloadWarmup   2: 4194304 op, 648338650.00 ns, 154.5760 ns/op
WorkloadWarmup   3: 4194304 op, 649496516.00 ns, 154.8520 ns/op
WorkloadWarmup   4: 4194304 op, 640761131.00 ns, 152.7694 ns/op
WorkloadWarmup   5: 4194304 op, 655024588.00 ns, 156.1700 ns/op
WorkloadWarmup   6: 4194304 op, 641928924.00 ns, 153.0478 ns/op

// BeforeActualRun
WorkloadActual   1: 4194304 op, 651791396.00 ns, 155.3992 ns/op
WorkloadActual   2: 4194304 op, 645672364.00 ns, 153.9403 ns/op
WorkloadActual   3: 4194304 op, 644279197.00 ns, 153.6081 ns/op
WorkloadActual   4: 4194304 op, 649708781.00 ns, 154.9026 ns/op
WorkloadActual   5: 4194304 op, 687660686.00 ns, 163.9511 ns/op
WorkloadActual   6: 4194304 op, 671812622.00 ns, 160.1726 ns/op
WorkloadActual   7: 4194304 op, 643320078.00 ns, 153.3795 ns/op
WorkloadActual   8: 4194304 op, 641596999.00 ns, 152.9686 ns/op
WorkloadActual   9: 4194304 op, 644805521.00 ns, 153.7336 ns/op
WorkloadActual  10: 4194304 op, 643744450.00 ns, 153.4806 ns/op
WorkloadActual  11: 4194304 op, 642323742.00 ns, 153.1419 ns/op
WorkloadActual  12: 4194304 op, 651258919.00 ns, 155.2722 ns/op
WorkloadActual  13: 4194304 op, 644241017.00 ns, 153.5990 ns/op
WorkloadActual  14: 4194304 op, 643807612.00 ns, 153.4957 ns/op
WorkloadActual  15: 4194304 op, 643979428.00 ns, 153.5367 ns/op

// AfterActualRun
WorkloadResult   1: 4194304 op, 642933148.00 ns, 153.2872 ns/op
WorkloadResult   2: 4194304 op, 636814116.00 ns, 151.8283 ns/op
WorkloadResult   3: 4194304 op, 635420949.00 ns, 151.4962 ns/op
WorkloadResult   4: 4194304 op, 640850533.00 ns, 152.7907 ns/op
WorkloadResult   5: 4194304 op, 634461830.00 ns, 151.2675 ns/op
WorkloadResult   6: 4194304 op, 632738751.00 ns, 150.8567 ns/op
WorkloadResult   7: 4194304 op, 635947273.00 ns, 151.6216 ns/op
WorkloadResult   8: 4194304 op, 634886202.00 ns, 151.3687 ns/op
WorkloadResult   9: 4194304 op, 633465494.00 ns, 151.0299 ns/op
WorkloadResult  10: 4194304 op, 642400671.00 ns, 153.1603 ns/op
WorkloadResult  11: 4194304 op, 635382769.00 ns, 151.4871 ns/op
WorkloadResult  12: 4194304 op, 634949364.00 ns, 151.3837 ns/op
WorkloadResult  13: 4194304 op, 635121180.00 ns, 151.4247 ns/op
// GC:  8 0 0 134217728 4194304
// Threading:  0 0 4194304

// AfterAll
// Benchmark Process 3663 has exited with code 0.

Mean = 151.769 ns, StdErr = 0.220 ns (0.14%), N = 13, StdDev = 0.792 ns
Min = 150.857 ns, Q1 = 151.369 ns, Median = 151.487 ns, Q3 = 151.828 ns, Max = 153.287 ns
IQR = 0.460 ns, LowerFence = 150.679 ns, UpperFence = 152.518 ns
ConfidenceInterval = [150.821 ns; 152.717 ns] (CI 99.9%), Margin = 0.948 ns (0.62% of Mean)
Skewness = 0.89, Kurtosis = 2.21, MValue = 2

// ** Remained 7 (87.5 %) benchmark(s) to run. Estimated finish 2026-10-05 18:13 (0h 1m from now) **
// **************************
// Benchmark: ReplicaSelectionBenchmarks.'LeastConnections.AcquireReplica (lease)': ShortRun(IterationCount=3, LaunchCount=1, WarmupCount=3)
// *** Execute ***
// Launch: 1 / 1
// Execute: dotnet Encina.Benchmarks-DefaultJob-1.dll --anonymousPipes 226 227 --benchmarkName Encina.Benchmarks.ReadWriteSeparation.ReplicaSelectionBenchmarks.LeastConnections_AcquireReplica_WithLease --job ShortRun --benchmarkId 1 in /home/runner/work/Encina/Encina/tests/Encina.BenchmarkTests/Encina.Benchmarks/bin/Release/net10.0/Encina.Benchmarks-DefaultJob-1/bin/Release/net10.0
// Failed to set up high priority (Permission denied). In order to run benchmarks with high priority, make sure you have the right permissions.
// BeforeAnythingElse

// Benchmark Process Environment Information:
// BenchmarkDotNet v0.15.8
// Runtime=.NET 10.0.12 (10.0.12, 10.0.1226.42308), X64 RyuJIT x86-64-v4
// GC=Concurrent Workstation
// HardwareIntrinsics=AVX512 BITALG+VBMI2+VNNI+VPOPCNTDQ,AVX512 IFMA+VBMI,AVX512 F+BW+CD+DQ+VL,AVX2+BMI1+BMI2+F16C+FMA+LZCNT+MOVBE,AVX,SSE3+SSSE3+SSE4.1+SSE4.2+POPCNT,X86Base+SSE+SSE2,AES+PCLMUL,AvxVnni VectorSize=256
// Job: ShortRun(IterationCount=3, LaunchCount=1, WarmupCount=3)

OverheadJitting  1: 1 op, 140259.00 ns, 140.2590 us/op
WorkloadJitting  1: 1 op, 1639525.00 ns, 1.6395 ms/op

OverheadJitting  2: 16 op, 278425.00 ns, 17.4016 us/op
WorkloadJitting  2: 16 op, 301540.00 ns, 18.8463 us/op

WorkloadPilot    1: 16 op, 9053.00 ns, 565.8125 ns/op
WorkloadPilot    2: 32 op, 12289.00 ns, 384.0313 ns/op
WorkloadPilot    3: 64 op, 18808.00 ns, 293.8750 ns/op
WorkloadPilot    4: 128 op, 34622.00 ns, 270.4844 ns/op
WorkloadPilot    5: 256 op, 53149.00 ns, 207.6133 ns/op
WorkloadPilot    6: 512 op, 89072.00 ns, 173.9688 ns/op
WorkloadPilot    7: 1024 op, 179698.00 ns, 175.4863 ns/op
WorkloadPilot    8: 2048 op, 357854.00 ns, 174.7334 ns/op
WorkloadPilot    9: 4096 op, 698962.00 ns, 170.6450 ns/op
WorkloadPilot   10: 8192 op, 1414139.00 ns, 172.6244 ns/op
WorkloadPilot   11: 16384 op, 2686987.00 ns, 164.0007 ns/op
WorkloadPilot   12: 32768 op, 5358640.00 ns, 163.5327 ns/op
WorkloadPilot   13: 65536 op, 10778010.00 ns, 164.4594 ns/op
WorkloadPilot   14: 131072 op, 21878942.00 ns, 166.9231 ns/op
WorkloadPilot   15: 262144 op, 42979634.00 ns, 163.9543 ns/op
WorkloadPilot   16: 524288 op, 87056594.00 ns, 166.0473 ns/op
WorkloadPilot   17: 1048576 op, 161242466.00 ns, 153.7728 ns/op
WorkloadPilot   18: 2097152 op, 335707248.00 ns, 160.0777 ns/op
WorkloadPilot   19: 4194304 op, 651010964.00 ns, 155.2131 ns/op

OverheadWarmup   1: 4194304 op, 9851318.00 ns, 2.3487 ns/op
OverheadWarmup   2: 4194304 op, 9737689.00 ns, 2.3216 ns/op
OverheadWarmup   3: 4194304 op, 9202051.00 ns, 2.1939 ns/op
OverheadWarmup   4: 4194304 op, 8751949.00 ns, 2.0866 ns/op
OverheadWarmup   5: 4194304 op, 8997976.00 ns, 2.1453 ns/op
OverheadWarmup   6: 4194304 op, 8961792.00 ns, 2.1367 ns/op
OverheadWarmup   7: 4194304 op, 9030815.00 ns, 2.1531 ns/op
OverheadWarmup   8: 4194304 op, 8954371.00 ns, 2.1349 ns/op

OverheadActual   1: 4194304 op, 9983786.00 ns, 2.3803 ns/op
OverheadActual   2: 4194304 op, 9791460.00 ns, 2.3345 ns/op
OverheadActual   3: 4194304 op, 9804048.00 ns, 2.3375 ns/op
OverheadActual   4: 4194304 op, 9362399.00 ns, 2.2322 ns/op
OverheadActual   5: 4194304 op, 8663137.00 ns, 2.0655 ns/op
OverheadActual   6: 4194304 op, 8436549.00 ns, 2.0114 ns/op
OverheadActual   7: 4194304 op, 8840221.00 ns, 2.1077 ns/op
OverheadActual   8: 4194304 op, 8394497.00 ns, 2.0014 ns/op
OverheadActual   9: 4194304 op, 8673442.00 ns, 2.0679 ns/op
OverheadActual  10: 4194304 op, 8581406.00 ns, 2.0460 ns/op
OverheadActual  11: 4194304 op, 8508226.00 ns, 2.0285 ns/op
OverheadActual  12: 4194304 op, 8786571.00 ns, 2.0949 ns/op
OverheadActual  13: 4194304 op, 8675135.00 ns, 2.0683 ns/op
OverheadActual  14: 4194304 op, 8670919.00 ns, 2.0673 ns/op
OverheadActual  15: 4194304 op, 8576839.00 ns, 2.0449 ns/op
OverheadActual  16: 4194304 op, 8389760.00 ns, 2.0003 ns/op
OverheadActual  17: 4194304 op, 8674614.00 ns, 2.0682 ns/op

WorkloadWarmup   1: 4194304 op, 662899130.00 ns, 158.0475 ns/op
WorkloadWarmup   2: 4194304 op, 652204925.00 ns, 155.4978 ns/op
WorkloadWarmup   3: 4194304 op, 645270756.00 ns, 153.8445 ns/op

// BeforeActualRun
WorkloadActual   1: 4194304 op, 669824185.00 ns, 159.6985 ns/op
WorkloadActual   2: 4194304 op, 653001099.00 ns, 155.6876 ns/op
WorkloadActual   3: 4194304 op, 645315922.00 ns, 153.8553 ns/op

// AfterActualRun
WorkloadResult   1: 4194304 op, 661150743.00 ns, 157.6306 ns/op
WorkloadResult   2: 4194304 op, 644327657.00 ns, 153.6197 ns/op
WorkloadResult   3: 4194304 op, 636642480.00 ns, 151.7874 ns/op
// GC:  8 0 0 134217728 4194304
// Threading:  0 0 4194304

// AfterAll
// Benchmark Process 3677 has exited with code 0.

Mean = 154.346 ns, StdErr = 1.725 ns (1.12%), N = 3, StdDev = 2.989 ns
Min = 151.787 ns, Q1 = 152.704 ns, Median = 153.620 ns, Q3 = 155.625 ns, Max = 157.631 ns
IQR = 2.922 ns, LowerFence = 148.321 ns, UpperFence = 160.008 ns
ConfidenceInterval = [99.824 ns; 208.868 ns] (CI 99.9%), Margin = 54.522 ns (35.32% of Mean)
Skewness = 0.23, Kurtosis = 0.67, MValue = 2

// ** Remained 6 (75.0 %) benchmark(s) to run. Estimated finish 2026-10-05 18:12 (0h 1m from now) **
// **************************
// Benchmark: ReplicaSelectionBenchmarks.LeastConnections.SelectReplica: DefaultJob
// *** Execute ***
// Launch: 1 / 1
// Execute: dotnet Encina.Benchmarks-DefaultJob-1.dll --anonymousPipes 226 227 --benchmarkName Encina.Benchmarks.ReadWriteSeparation.ReplicaSelectionBenchmarks.LeastConnections_SelectReplica --job Default --benchmarkId 2 in /home/runner/work/Encina/Encina/tests/Encina.BenchmarkTests/Encina.Benchmarks/bin/Release/net10.0/Encina.Benchmarks-DefaultJob-1/bin/Release/net10.0
// Failed to set up high priority (Permission denied). In order to run benchmarks with high priority, make sure you have the right permissions.
// BeforeAnythingElse

// Benchmark Process Environment Information:
// BenchmarkDotNet v0.15.8
// Runtime=.NET 10.0.12 (10.0.12, 10.0.1226.42308), X64 RyuJIT x86-64-v4
// GC=Concurrent Workstation
// HardwareIntrinsics=AVX512 BITALG+VBMI2+VNNI+VPOPCNTDQ,AVX512 IFMA+VBMI,AVX512 F+BW+CD+DQ+VL,AVX2+BMI1+BMI2+F16C+FMA+LZCNT+MOVBE,AVX,SSE3+SSSE3+SSE4.1+SSE4.2+POPCNT,X86Base+SSE+SSE2,AES+PCLMUL,AvxVnni VectorSize=256
// Job: DefaultJob

OverheadJitting  1: 1 op, 140659.00 ns, 140.6590 us/op
WorkloadJitting  1: 1 op, 1341339.00 ns, 1.3413 ms/op

OverheadJitting  2: 16 op, 288160.00 ns, 18.0100 us/op
WorkloadJitting  2: 16 op, 300808.00 ns, 18.8005 us/op

WorkloadPilot    1: 16 op, 6059.00 ns, 378.6875 ns/op
WorkloadPilot    2: 32 op, 7121.00 ns, 222.5313 ns/op
WorkloadPilot    3: 64 op, 9514.00 ns, 148.6563 ns/op
WorkloadPilot    4: 128 op, 22574.00 ns, 176.3594 ns/op
WorkloadPilot    5: 256 op, 42554.00 ns, 166.2266 ns/op
WorkloadPilot    6: 512 op, 72468.00 ns, 141.5391 ns/op
WorkloadPilot    7: 1024 op, 146619.00 ns, 143.1826 ns/op
WorkloadPilot    8: 2048 op, 305014.00 ns, 148.9326 ns/op
WorkloadPilot    9: 4096 op, 601486.00 ns, 146.8472 ns/op
WorkloadPilot   10: 8192 op, 1194190.00 ns, 145.7751 ns/op
WorkloadPilot   11: 16384 op, 2324484.00 ns, 141.8752 ns/op
WorkloadPilot   12: 32768 op, 4626895.00 ns, 141.2016 ns/op
WorkloadPilot   13: 65536 op, 9453647.00 ns, 144.2512 ns/op
WorkloadPilot   14: 131072 op, 18526507.00 ns, 141.3460 ns/op
WorkloadPilot   15: 262144 op, 37213753.00 ns, 141.9592 ns/op
WorkloadPilot   16: 524288 op, 74423200.00 ns, 141.9510 ns/op
WorkloadPilot   17: 1048576 op, 138062710.00 ns, 131.6669 ns/op
WorkloadPilot   18: 2097152 op, 281162889.00 ns, 134.0689 ns/op
WorkloadPilot   19: 4194304 op, 551505744.00 ns, 131.4892 ns/op

OverheadWarmup   1: 4194304 op, 9083555.00 ns, 2.1657 ns/op
OverheadWarmup   2: 4194304 op, 9397533.00 ns, 2.2405 ns/op
OverheadWarmup   3: 4194304 op, 8700114.00 ns, 2.0743 ns/op
OverheadWarmup   4: 4194304 op, 9055273.00 ns, 2.1589 ns/op
OverheadWarmup   5: 4194304 op, 8949246.00 ns, 2.1337 ns/op

OverheadActual   1: 4194304 op, 10327098.00 ns, 2.4622 ns/op
OverheadActual   2: 4194304 op, 8975344.00 ns, 2.1399 ns/op
OverheadActual   3: 4194304 op, 8876327.00 ns, 2.1163 ns/op
OverheadActual   4: 4194304 op, 9187440.00 ns, 2.1905 ns/op
OverheadActual   5: 4194304 op, 8881655.00 ns, 2.1176 ns/op
OverheadActual   6: 4194304 op, 8475620.00 ns, 2.0207 ns/op
OverheadActual   7: 4194304 op, 8591642.00 ns, 2.0484 ns/op
OverheadActual   8: 4194304 op, 8596119.00 ns, 2.0495 ns/op
OverheadActual   9: 4194304 op, 8864599.00 ns, 2.1135 ns/op
OverheadActual  10: 4194304 op, 9212869.00 ns, 2.1965 ns/op
OverheadActual  11: 4194304 op, 8866903.00 ns, 2.1140 ns/op
OverheadActual  12: 4194304 op, 8588177.00 ns, 2.0476 ns/op
OverheadActual  13: 4194304 op, 8387579.00 ns, 1.9998 ns/op
OverheadActual  14: 4194304 op, 8891579.00 ns, 2.1199 ns/op
OverheadActual  15: 4194304 op, 8511704.00 ns, 2.0293 ns/op

WorkloadWarmup   1: 4194304 op, 557752431.00 ns, 132.9785 ns/op
WorkloadWarmup   2: 4194304 op, 557809617.00 ns, 132.9922 ns/op
WorkloadWarmup   3: 4194304 op, 549247438.00 ns, 130.9508 ns/op
WorkloadWarmup   4: 4194304 op, 551278485.00 ns, 131.4350 ns/op
WorkloadWarmup   5: 4194304 op, 552132728.00 ns, 131.6387 ns/op
WorkloadWarmup   6: 4194304 op, 547250783.00 ns, 130.4748 ns/op

// BeforeActualRun
WorkloadActual   1: 4194304 op, 556974883.00 ns, 132.7932 ns/op
WorkloadActual   2: 4194304 op, 550476770.00 ns, 131.2439 ns/op
WorkloadActual   3: 4194304 op, 548345129.00 ns, 130.7357 ns/op
WorkloadActual   4: 4194304 op, 547504518.00 ns, 130.5352 ns/op
WorkloadActual   5: 4194304 op, 551383416.00 ns, 131.4601 ns/op
WorkloadActual   6: 4194304 op, 555239040.00 ns, 132.3793 ns/op
WorkloadActual   7: 4194304 op, 548339773.00 ns, 130.7344 ns/op
WorkloadActual   8: 4194304 op, 552330461.00 ns, 131.6858 ns/op
WorkloadActual   9: 4194304 op, 561127261.00 ns, 133.7832 ns/op
WorkloadActual  10: 4194304 op, 550655816.00 ns, 131.2866 ns/op
WorkloadActual  11: 4194304 op, 578818015.00 ns, 138.0010 ns/op
WorkloadActual  12: 4194304 op, 588709888.00 ns, 140.3594 ns/op
WorkloadActual  13: 4194304 op, 572240754.00 ns, 136.4328 ns/op
WorkloadActual  14: 4194304 op, 551032717.00 ns, 131.3764 ns/op
WorkloadActual  15: 4194304 op, 550968381.00 ns, 131.3611 ns/op

// AfterActualRun
WorkloadResult   1: 4194304 op, 548107980.00 ns, 130.6791 ns/op
WorkloadResult   2: 4194304 op, 541609867.00 ns, 129.1299 ns/op
WorkloadResult   3: 4194304 op, 539478226.00 ns, 128.6216 ns/op
WorkloadResult   4: 4194304 op, 538637615.00 ns, 128.4212 ns/op
WorkloadResult   5: 4194304 op, 542516513.00 ns, 129.3460 ns/op
WorkloadResult   6: 4194304 op, 546372137.00 ns, 130.2653 ns/op
WorkloadResult   7: 4194304 op, 539472870.00 ns, 128.6204 ns/op
WorkloadResult   8: 4194304 op, 543463558.00 ns, 129.5718 ns/op
WorkloadResult   9: 4194304 op, 552260358.00 ns, 131.6691 ns/op
WorkloadResult  10: 4194304 op, 541788913.00 ns, 129.1725 ns/op
WorkloadResult  11: 4194304 op, 542165814.00 ns, 129.2624 ns/op
WorkloadResult  12: 4194304 op, 542101478.00 ns, 129.2471 ns/op
// GC:  8 0 0 134217728 4194304
// Threading:  0 0 4194304

// AfterAll
// Benchmark Process 3683 has exited with code 0.

Mean = 129.501 ns, StdErr = 0.272 ns (0.21%), N = 12, StdDev = 0.943 ns
Min = 128.421 ns, Q1 = 129.003 ns, Median = 129.255 ns, Q3 = 129.745 ns, Max = 131.669 ns
IQR = 0.742 ns, LowerFence = 127.889 ns, UpperFence = 130.859 ns
ConfidenceInterval = [128.293 ns; 130.708 ns] (CI 99.9%), Margin = 1.208 ns (0.93% of Mean)
Skewness = 0.95, Kurtosis = 2.84, MValue = 2

// ** Remained 5 (62.5 %) benchmark(s) to run. Estimated finish 2026-10-05 18:13 (0h 1m from now) **
// **************************
// Benchmark: ReplicaSelectionBenchmarks.LeastConnections.SelectReplica: ShortRun(IterationCount=3, LaunchCount=1, WarmupCount=3)
// *** Execute ***
// Launch: 1 / 1
// Execute: dotnet Encina.Benchmarks-DefaultJob-1.dll --anonymousPipes 226 227 --benchmarkName Encina.Benchmarks.ReadWriteSeparation.ReplicaSelectionBenchmarks.LeastConnections_SelectReplica --job ShortRun --benchmarkId 3 in /home/runner/work/Encina/Encina/tests/Encina.BenchmarkTests/Encina.Benchmarks/bin/Release/net10.0/Encina.Benchmarks-DefaultJob-1/bin/Release/net10.0
// Failed to set up high priority (Permission denied). In order to run benchmarks with high priority, make sure you have the right permissions.
// BeforeAnythingElse

// Benchmark Process Environment Information:
// BenchmarkDotNet v0.15.8
// Runtime=.NET 10.0.12 (10.0.12, 10.0.1226.42308), X64 RyuJIT x86-64-v4
// GC=Concurrent Workstation
// HardwareIntrinsics=AVX512 BITALG+VBMI2+VNNI+VPOPCNTDQ,AVX512 IFMA+VBMI,AVX512 F+BW+CD+DQ+VL,AVX2+BMI1+BMI2+F16C+FMA+LZCNT+MOVBE,AVX,SSE3+SSSE3+SSE4.1+SSE4.2+POPCNT,X86Base+SSE+SSE2,AES+PCLMUL,AvxVnni VectorSize=256
// Job: ShortRun(IterationCount=3, LaunchCount=1, WarmupCount=3)

OverheadJitting  1: 1 op, 168020.00 ns, 168.0200 us/op
WorkloadJitting  1: 1 op, 1344755.00 ns, 1.3448 ms/op

OverheadJitting  2: 16 op, 271655.00 ns, 16.9784 us/op
WorkloadJitting  2: 16 op, 294128.00 ns, 18.3830 us/op

WorkloadPilot    1: 16 op, 5969.00 ns, 373.0625 ns/op
WorkloadPilot    2: 32 op, 7111.00 ns, 222.2188 ns/op
WorkloadPilot    3: 64 op, 12248.00 ns, 191.3750 ns/op
WorkloadPilot    4: 128 op, 33069.00 ns, 258.3516 ns/op
WorkloadPilot    5: 256 op, 41502.00 ns, 162.1172 ns/op
WorkloadPilot    6: 512 op, 78297.00 ns, 152.9238 ns/op
WorkloadPilot    7: 1024 op, 158546.00 ns, 154.8301 ns/op
WorkloadPilot    8: 2048 op, 317573.00 ns, 155.0649 ns/op
WorkloadPilot    9: 4096 op, 628437.00 ns, 153.4270 ns/op
WorkloadPilot   10: 8192 op, 1243353.00 ns, 151.7765 ns/op
WorkloadPilot   11: 16384 op, 2431183.00 ns, 148.3876 ns/op
WorkloadPilot   12: 32768 op, 4934534.00 ns, 150.5900 ns/op
WorkloadPilot   13: 65536 op, 9817181.00 ns, 149.7983 ns/op
WorkloadPilot   14: 131072 op, 19236849.00 ns, 146.7655 ns/op
WorkloadPilot   15: 262144 op, 37875487.00 ns, 144.4835 ns/op
WorkloadPilot   16: 524288 op, 75895810.00 ns, 144.7598 ns/op
WorkloadPilot   17: 1048576 op, 139069159.00 ns, 132.6267 ns/op
WorkloadPilot   18: 2097152 op, 281446146.00 ns, 134.2040 ns/op
WorkloadPilot   19: 4194304 op, 553124671.00 ns, 131.8752 ns/op

OverheadWarmup   1: 4194304 op, 9024617.00 ns, 2.1516 ns/op
OverheadWarmup   2: 4194304 op, 8921834.00 ns, 2.1271 ns/op
OverheadWarmup   3: 4194304 op, 8712131.00 ns, 2.0771 ns/op
OverheadWarmup   4: 4194304 op, 8465503.00 ns, 2.0183 ns/op
OverheadWarmup   5: 4194304 op, 8570479.00 ns, 2.0434 ns/op
OverheadWarmup   6: 4194304 op, 8716407.00 ns, 2.0782 ns/op
OverheadWarmup   7: 4194304 op, 8452734.00 ns, 2.0153 ns/op
OverheadWarmup   8: 4194304 op, 8451662.00 ns, 2.0150 ns/op
OverheadWarmup   9: 4194304 op, 8537751.00 ns, 2.0356 ns/op
OverheadWarmup  10: 4194304 op, 8455878.00 ns, 2.0160 ns/op

OverheadActual   1: 4194304 op, 10080914.00 ns, 2.4035 ns/op
OverheadActual   2: 4194304 op, 9880895.00 ns, 2.3558 ns/op
OverheadActual   3: 4194304 op, 9731652.00 ns, 2.3202 ns/op
OverheadActual   4: 4194304 op, 9660597.00 ns, 2.3033 ns/op
OverheadActual   5: 4194304 op, 9227170.00 ns, 2.1999 ns/op
OverheadActual   6: 4194304 op, 8457671.00 ns, 2.0165 ns/op
OverheadActual   7: 4194304 op, 8440595.00 ns, 2.0124 ns/op
OverheadActual   8: 4194304 op, 8470040.00 ns, 2.0194 ns/op
OverheadActual   9: 4194304 op, 9105908.00 ns, 2.1710 ns/op
OverheadActual  10: 4194304 op, 8712251.00 ns, 2.0772 ns/op
OverheadActual  11: 4194304 op, 8721645.00 ns, 2.0794 ns/op
OverheadActual  12: 4194304 op, 8708726.00 ns, 2.0763 ns/op
OverheadActual  13: 4194304 op, 8712191.00 ns, 2.0771 ns/op
OverheadActual  14: 4194304 op, 8820212.00 ns, 2.1029 ns/op
OverheadActual  15: 4194304 op, 8716688.00 ns, 2.0782 ns/op
OverheadActual  16: 4194304 op, 9079799.00 ns, 2.1648 ns/op
OverheadActual  17: 4194304 op, 8678781.00 ns, 2.0692 ns/op
OverheadActual  18: 4194304 op, 9005368.00 ns, 2.1470 ns/op

WorkloadWarmup   1: 4194304 op, 564052936.00 ns, 134.4807 ns/op
WorkloadWarmup   2: 4194304 op, 561007792.00 ns, 133.7547 ns/op
WorkloadWarmup   3: 4194304 op, 555284055.00 ns, 132.3900 ns/op

// BeforeActualRun
WorkloadActual   1: 4194304 op, 558612247.00 ns, 133.1835 ns/op
WorkloadActual   2: 4194304 op, 552873380.00 ns, 131.8153 ns/op
WorkloadActual   3: 4194304 op, 554522398.00 ns, 132.2084 ns/op

// AfterActualRun
WorkloadResult   1: 4194304 op, 549841318.50 ns, 131.0924 ns/op
WorkloadResult   2: 4194304 op, 544102451.50 ns, 129.7241 ns/op
WorkloadResult   3: 4194304 op, 545751469.50 ns, 130.1173 ns/op
// GC:  8 0 0 134217728 4194304
// Threading:  0 0 4194304

// AfterAll
// Benchmark Process 3694 has exited with code 0.

Mean = 130.311 ns, StdErr = 0.407 ns (0.31%), N = 3, StdDev = 0.704 ns
Min = 129.724 ns, Q1 = 129.921 ns, Median = 130.117 ns, Q3 = 130.605 ns, Max = 131.092 ns
IQR = 0.684 ns, LowerFence = 128.895 ns, UpperFence = 131.631 ns
ConfidenceInterval = [117.459 ns; 143.163 ns] (CI 99.9%), Margin = 12.852 ns (9.86% of Mean)
Skewness = 0.25, Kurtosis = 0.67, MValue = 2

// ** Remained 4 (50.0 %) benchmark(s) to run. Estimated finish 2026-10-05 18:12 (0h 0m from now) **
// **************************
// Benchmark: ReplicaSelectionBenchmarks.Random.SelectReplica: DefaultJob
// *** Execute ***
// Launch: 1 / 1
// Execute: dotnet Encina.Benchmarks-DefaultJob-1.dll --anonymousPipes 226 227 --benchmarkName Encina.Benchmarks.ReadWriteSeparation.ReplicaSelectionBenchmarks.Random_SelectReplica --job Default --benchmarkId 4 in /home/runner/work/Encina/Encina/tests/Encina.BenchmarkTests/Encina.Benchmarks/bin/Release/net10.0/Encina.Benchmarks-DefaultJob-1/bin/Release/net10.0
// Failed to set up high priority (Permission denied). In order to run benchmarks with high priority, make sure you have the right permissions.
// BeforeAnythingElse

// Benchmark Process Environment Information:
// BenchmarkDotNet v0.15.8
// Runtime=.NET 10.0.12 (10.0.12, 10.0.1226.42308), X64 RyuJIT x86-64-v4
// GC=Concurrent Workstation
// HardwareIntrinsics=AVX512 BITALG+VBMI2+VNNI+VPOPCNTDQ,AVX512 IFMA+VBMI,AVX512 F+BW+CD+DQ+VL,AVX2+BMI1+BMI2+F16C+FMA+LZCNT+MOVBE,AVX,SSE3+SSSE3+SSE4.1+SSE4.2+POPCNT,X86Base+SSE+SSE2,AES+PCLMUL,AvxVnni VectorSize=256
// Job: DefaultJob

OverheadJitting  1: 1 op, 154420.00 ns, 154.4200 us/op
WorkloadJitting  1: 1 op, 425394.00 ns, 425.3940 us/op

OverheadJitting  2: 16 op, 292486.00 ns, 18.2804 us/op
WorkloadJitting  2: 16 op, 293978.00 ns, 18.3736 us/op

WorkloadPilot    1: 16 op, 2534.00 ns, 158.3750 ns/op
WorkloadPilot    2: 32 op, 2614.00 ns, 81.6875 ns/op
WorkloadPilot    3: 64 op, 2504.00 ns, 39.1250 ns/op
WorkloadPilot    4: 128 op, 1572.00 ns, 12.2813 ns/op
WorkloadPilot    5: 256 op, 2543.00 ns, 9.9336 ns/op
WorkloadPilot    6: 512 op, 8823.00 ns, 17.2324 ns/op
WorkloadPilot    7: 1024 op, 15063.00 ns, 14.7100 ns/op
WorkloadPilot    8: 2048 op, 18317.00 ns, 8.9438 ns/op
WorkloadPilot    9: 4096 op, 41822.00 ns, 10.2104 ns/op
WorkloadPilot   10: 8192 op, 71937.00 ns, 8.7814 ns/op
WorkloadPilot   11: 16384 op, 149873.00 ns, 9.1475 ns/op
WorkloadPilot   12: 32768 op, 292186.00 ns, 8.9168 ns/op
WorkloadPilot   13: 65536 op, 586564.00 ns, 8.9503 ns/op
WorkloadPilot   14: 131072 op, 1191977.00 ns, 9.0941 ns/op
WorkloadPilot   15: 262144 op, 2352366.00 ns, 8.9736 ns/op
WorkloadPilot   16: 524288 op, 4648158.00 ns, 8.8657 ns/op
WorkloadPilot   17: 1048576 op, 9268874.00 ns, 8.8395 ns/op
WorkloadPilot   18: 2097152 op, 19119972.00 ns, 9.1171 ns/op
WorkloadPilot   19: 4194304 op, 39012044.00 ns, 9.3012 ns/op
WorkloadPilot   20: 8388608 op, 75891120.00 ns, 9.0469 ns/op
WorkloadPilot   21: 16777216 op, 149788216.00 ns, 8.9281 ns/op
WorkloadPilot   22: 33554432 op, 301082819.00 ns, 8.9730 ns/op
WorkloadPilot   23: 67108864 op, 593530666.00 ns, 8.8443 ns/op

OverheadWarmup   1: 67108864 op, 137923733.00 ns, 2.0552 ns/op
OverheadWarmup   2: 67108864 op, 137651037.00 ns, 2.0512 ns/op
OverheadWarmup   3: 67108864 op, 136067758.00 ns, 2.0276 ns/op
OverheadWarmup   4: 67108864 op, 135543355.00 ns, 2.0198 ns/op
OverheadWarmup   5: 67108864 op, 135308025.00 ns, 2.0162 ns/op
OverheadWarmup   6: 67108864 op, 136311290.00 ns, 2.0312 ns/op
OverheadWarmup   7: 67108864 op, 135633029.00 ns, 2.0211 ns/op
OverheadWarmup   8: 67108864 op, 136361636.00 ns, 2.0319 ns/op
OverheadWarmup   9: 67108864 op, 135779418.00 ns, 2.0233 ns/op

OverheadActual   1: 67108864 op, 136406732.00 ns, 2.0326 ns/op
OverheadActual   2: 67108864 op, 138387325.00 ns, 2.0621 ns/op
OverheadActual   3: 67108864 op, 137040216.00 ns, 2.0421 ns/op
OverheadActual   4: 67108864 op, 136381815.00 ns, 2.0322 ns/op
OverheadActual   5: 67108864 op, 135174306.00 ns, 2.0143 ns/op
OverheadActual   6: 67108864 op, 135491318.00 ns, 2.0190 ns/op
OverheadActual   7: 67108864 op, 135827802.00 ns, 2.0240 ns/op
OverheadActual   8: 67108864 op, 135760723.00 ns, 2.0230 ns/op
OverheadActual   9: 67108864 op, 135740984.00 ns, 2.0227 ns/op
OverheadActual  10: 67108864 op, 135822805.00 ns, 2.0239 ns/op
OverheadActual  11: 67108864 op, 138476361.00 ns, 2.0635 ns/op
OverheadActual  12: 67108864 op, 135642537.00 ns, 2.0212 ns/op
OverheadActual  13: 67108864 op, 135792110.00 ns, 2.0235 ns/op
OverheadActual  14: 67108864 op, 141399197.00 ns, 2.1070 ns/op
OverheadActual  15: 67108864 op, 142938512.00 ns, 2.1299 ns/op

WorkloadWarmup   1: 67108864 op, 601080952.00 ns, 8.9568 ns/op
WorkloadWarmup   2: 67108864 op, 593898656.00 ns, 8.8498 ns/op
WorkloadWarmup   3: 67108864 op, 604744223.00 ns, 9.0114 ns/op
WorkloadWarmup   4: 67108864 op, 603665194.00 ns, 8.9953 ns/op
WorkloadWarmup   5: 67108864 op, 593809474.00 ns, 8.8485 ns/op
WorkloadWarmup   6: 67108864 op, 600715608.00 ns, 8.9514 ns/op
WorkloadWarmup   7: 67108864 op, 592581633.00 ns, 8.8302 ns/op

// BeforeActualRun
WorkloadActual   1: 67108864 op, 606410236.00 ns, 9.0362 ns/op
WorkloadActual   2: 67108864 op, 607520411.00 ns, 9.0528 ns/op
WorkloadActual   3: 67108864 op, 598463881.00 ns, 8.9178 ns/op
WorkloadActual   4: 67108864 op, 609826408.00 ns, 9.0871 ns/op
WorkloadActual   5: 67108864 op, 597545440.00 ns, 8.9041 ns/op
WorkloadActual   6: 67108864 op, 599800945.00 ns, 8.9377 ns/op
WorkloadActual   7: 67108864 op, 600634469.00 ns, 8.9502 ns/op
WorkloadActual   8: 67108864 op, 596321723.00 ns, 8.8859 ns/op
WorkloadActual   9: 67108864 op, 595344935.00 ns, 8.8713 ns/op
WorkloadActual  10: 67108864 op, 615167559.00 ns, 9.1667 ns/op
WorkloadActual  11: 67108864 op, 607690192.00 ns, 9.0553 ns/op
WorkloadActual  12: 67108864 op, 596537528.00 ns, 8.8891 ns/op
WorkloadActual  13: 67108864 op, 599929675.00 ns, 8.9396 ns/op
WorkloadActual  14: 67108864 op, 598146787.00 ns, 8.9131 ns/op
WorkloadActual  15: 67108864 op, 594430837.00 ns, 8.8577 ns/op

// AfterActualRun
WorkloadResult   1: 67108864 op, 470582434.00 ns, 7.0122 ns/op
WorkloadResult   2: 67108864 op, 471692609.00 ns, 7.0288 ns/op
WorkloadResult   3: 67108864 op, 462636079.00 ns, 6.8938 ns/op
WorkloadResult   4: 67108864 op, 473998606.00 ns, 7.0631 ns/op
WorkloadResult   5: 67108864 op, 461717638.00 ns, 6.8801 ns/op
WorkloadResult   6: 67108864 op, 463973143.00 ns, 6.9137 ns/op
WorkloadResult   7: 67108864 op, 464806667.00 ns, 6.9262 ns/op
WorkloadResult   8: 67108864 op, 460493921.00 ns, 6.8619 ns/op
WorkloadResult   9: 67108864 op, 459517133.00 ns, 6.8473 ns/op
WorkloadResult  10: 67108864 op, 479339757.00 ns, 7.1427 ns/op
WorkloadResult  11: 67108864 op, 471862390.00 ns, 7.0313 ns/op
WorkloadResult  12: 67108864 op, 460709726.00 ns, 6.8651 ns/op
WorkloadResult  13: 67108864 op, 464101873.00 ns, 6.9157 ns/op
WorkloadResult  14: 67108864 op, 462318985.00 ns, 6.8891 ns/op
WorkloadResult  15: 67108864 op, 458603035.00 ns, 6.8337 ns/op
// GC:  0 0 0 0 67108864
// Threading:  0 0 67108864

// AfterAll
// Benchmark Process 3701 has exited with code 0.

Mean = 6.940 ns, StdErr = 0.024 ns (0.34%), N = 15, StdDev = 0.092 ns
Min = 6.834 ns, Q1 = 6.873 ns, Median = 6.914 ns, Q3 = 7.020 ns, Max = 7.143 ns
IQR = 0.148 ns, LowerFence = 6.651 ns, UpperFence = 7.242 ns
ConfidenceInterval = [6.842 ns; 7.039 ns] (CI 99.9%), Margin = 0.099 ns (1.42% of Mean)
Skewness = 0.73, Kurtosis = 2.18, MValue = 2

// ** Remained 3 (37.5 %) benchmark(s) to run. Estimated finish 2026-10-05 18:13 (0h 0m from now) **
// **************************
// Benchmark: ReplicaSelectionBenchmarks.Random.SelectReplica: ShortRun(IterationCount=3, LaunchCount=1, WarmupCount=3)
// *** Execute ***
// Launch: 1 / 1
// Execute: dotnet Encina.Benchmarks-DefaultJob-1.dll --anonymousPipes 226 227 --benchmarkName Encina.Benchmarks.ReadWriteSeparation.ReplicaSelectionBenchmarks.Random_SelectReplica --job ShortRun --benchmarkId 5 in /home/runner/work/Encina/Encina/tests/Encina.BenchmarkTests/Encina.Benchmarks/bin/Release/net10.0/Encina.Benchmarks-DefaultJob-1/bin/Release/net10.0
// Failed to set up high priority (Permission denied). In order to run benchmarks with high priority, make sure you have the right permissions.
// BeforeAnythingElse

// Benchmark Process Environment Information:
// BenchmarkDotNet v0.15.8
// Runtime=.NET 10.0.12 (10.0.12, 10.0.1226.42308), X64 RyuJIT x86-64-v4
// GC=Concurrent Workstation
// HardwareIntrinsics=AVX512 BITALG+VBMI2+VNNI+VPOPCNTDQ,AVX512 IFMA+VBMI,AVX512 F+BW+CD+DQ+VL,AVX2+BMI1+BMI2+F16C+FMA+LZCNT+MOVBE,AVX,SSE3+SSSE3+SSE4.1+SSE4.2+POPCNT,X86Base+SSE+SSE2,AES+PCLMUL,AvxVnni VectorSize=256
// Job: ShortRun(IterationCount=3, LaunchCount=1, WarmupCount=3)

OverheadJitting  1: 1 op, 151336.00 ns, 151.3360 us/op
WorkloadJitting  1: 1 op, 442139.00 ns, 442.1390 us/op

OverheadJitting  2: 16 op, 292506.00 ns, 18.2816 us/op
WorkloadJitting  2: 16 op, 307939.00 ns, 19.2462 us/op

WorkloadPilot    1: 16 op, 1132.00 ns, 70.7500 ns/op
WorkloadPilot    2: 32 op, 981.00 ns, 30.6563 ns/op
WorkloadPilot    3: 64 op, 881.00 ns, 13.7656 ns/op
WorkloadPilot    4: 128 op, 3465.00 ns, 27.0703 ns/op
WorkloadPilot    5: 256 op, 2634.00 ns, 10.2891 ns/op
WorkloadPilot    6: 512 op, 8883.00 ns, 17.3496 ns/op
WorkloadPilot    7: 1024 op, 14401.00 ns, 14.0635 ns/op
WorkloadPilot    8: 2048 op, 18288.00 ns, 8.9297 ns/op
WorkloadPilot    9: 4096 op, 36234.00 ns, 8.8462 ns/op
WorkloadPilot   10: 8192 op, 76845.00 ns, 9.3805 ns/op
WorkloadPilot   11: 16384 op, 153869.00 ns, 9.3914 ns/op
WorkloadPilot   12: 32768 op, 287970.00 ns, 8.7881 ns/op
WorkloadPilot   13: 65536 op, 596429.00 ns, 9.1008 ns/op
WorkloadPilot   14: 131072 op, 1165427.00 ns, 8.8915 ns/op
WorkloadPilot   15: 262144 op, 2388430.00 ns, 9.1111 ns/op
WorkloadPilot   16: 524288 op, 4578975.00 ns, 8.7337 ns/op
WorkloadPilot   17: 1048576 op, 9257720.00 ns, 8.8288 ns/op
WorkloadPilot   18: 2097152 op, 19357576.00 ns, 9.2304 ns/op
WorkloadPilot   19: 4194304 op, 38412300.00 ns, 9.1582 ns/op
WorkloadPilot   20: 8388608 op, 75346166.00 ns, 8.9820 ns/op
WorkloadPilot   21: 16777216 op, 152222574.00 ns, 9.0732 ns/op
WorkloadPilot   22: 33554432 op, 301005649.00 ns, 8.9707 ns/op
WorkloadPilot   23: 67108864 op, 584448301.00 ns, 8.7090 ns/op

OverheadWarmup   1: 67108864 op, 141610422.00 ns, 2.1102 ns/op
OverheadWarmup   2: 67108864 op, 137144589.00 ns, 2.0436 ns/op
OverheadWarmup   3: 67108864 op, 136964871.00 ns, 2.0409 ns/op
OverheadWarmup   4: 67108864 op, 136558174.00 ns, 2.0349 ns/op
OverheadWarmup   5: 67108864 op, 136686156.00 ns, 2.0368 ns/op
OverheadWarmup   6: 67108864 op, 137032192.00 ns, 2.0419 ns/op
OverheadWarmup   7: 67108864 op, 137597144.00 ns, 2.0504 ns/op
OverheadWarmup   8: 67108864 op, 137788951.00 ns, 2.0532 ns/op
OverheadWarmup   9: 67108864 op, 139021334.00 ns, 2.0716 ns/op
OverheadWarmup  10: 67108864 op, 135999120.00 ns, 2.0265 ns/op

OverheadActual   1: 67108864 op, 138706720.00 ns, 2.0669 ns/op
OverheadActual   2: 67108864 op, 138396708.00 ns, 2.0623 ns/op
OverheadActual   3: 67108864 op, 142283260.00 ns, 2.1202 ns/op
OverheadActual   4: 67108864 op, 138514499.00 ns, 2.0640 ns/op
OverheadActual   5: 67108864 op, 136138238.00 ns, 2.0286 ns/op
OverheadActual   6: 67108864 op, 136313670.00 ns, 2.0312 ns/op
OverheadActual   7: 67108864 op, 136619676.00 ns, 2.0358 ns/op
OverheadActual   8: 67108864 op, 136018359.00 ns, 2.0268 ns/op
OverheadActual   9: 67108864 op, 136869740.00 ns, 2.0395 ns/op
OverheadActual  10: 67108864 op, 137273071.00 ns, 2.0455 ns/op
OverheadActual  11: 67108864 op, 136443974.00 ns, 2.0332 ns/op
OverheadActual  12: 67108864 op, 136403534.00 ns, 2.0326 ns/op
OverheadActual  13: 67108864 op, 136798453.00 ns, 2.0385 ns/op
OverheadActual  14: 67108864 op, 137050859.00 ns, 2.0422 ns/op
OverheadActual  15: 67108864 op, 136634969.00 ns, 2.0360 ns/op

WorkloadWarmup   1: 67108864 op, 600086262.00 ns, 8.9420 ns/op
WorkloadWarmup   2: 67108864 op, 607506959.00 ns, 9.0526 ns/op
WorkloadWarmup   3: 67108864 op, 601829948.00 ns, 8.9680 ns/op

// BeforeActualRun
WorkloadActual   1: 67108864 op, 603831471.00 ns, 8.9978 ns/op
WorkloadActual   2: 67108864 op, 602456982.00 ns, 8.9773 ns/op
WorkloadActual   3: 67108864 op, 585791638.00 ns, 8.7290 ns/op

// AfterActualRun
WorkloadResult   1: 67108864 op, 467033018.00 ns, 6.9593 ns/op
WorkloadResult   2: 67108864 op, 465658529.00 ns, 6.9389 ns/op
WorkloadResult   3: 67108864 op, 448993185.00 ns, 6.6905 ns/op
// GC:  0 0 0 0 67108864
// Threading:  0 0 67108864

// AfterAll
// Benchmark Process 3711 has exited with code 0.

Mean = 6.863 ns, StdErr = 0.086 ns (1.26%), N = 3, StdDev = 0.150 ns
Min = 6.691 ns, Q1 = 6.815 ns, Median = 6.939 ns, Q3 = 6.949 ns, Max = 6.959 ns
IQR = 0.134 ns, LowerFence = 6.613 ns, UpperFence = 7.151 ns
ConfidenceInterval = [4.133 ns; 9.593 ns] (CI 99.9%), Margin = 2.730 ns (39.78% of Mean)
Skewness = -0.38, Kurtosis = 0.67, MValue = 2

// ** Remained 2 (25.0 %) benchmark(s) to run. Estimated finish 2026-10-05 18:12 (0h 0m from now) **
// **************************
// Benchmark: ReplicaSelectionBenchmarks.RoundRobin.SelectReplica: DefaultJob
// *** Execute ***
// Launch: 1 / 1
// Execute: dotnet Encina.Benchmarks-DefaultJob-1.dll --anonymousPipes 226 227 --benchmarkName Encina.Benchmarks.ReadWriteSeparation.ReplicaSelectionBenchmarks.RoundRobin_SelectReplica --job Default --benchmarkId 6 in /home/runner/work/Encina/Encina/tests/Encina.BenchmarkTests/Encina.Benchmarks/bin/Release/net10.0/Encina.Benchmarks-DefaultJob-1/bin/Release/net10.0
// Failed to set up high priority (Permission denied). In order to run benchmarks with high priority, make sure you have the right permissions.
// BeforeAnythingElse

// Benchmark Process Environment Information:
// BenchmarkDotNet v0.15.8
// Runtime=.NET 10.0.12 (10.0.12, 10.0.1226.42308), X64 RyuJIT x86-64-v4
// GC=Concurrent Workstation
// HardwareIntrinsics=AVX512 BITALG+VBMI2+VNNI+VPOPCNTDQ,AVX512 IFMA+VBMI,AVX512 F+BW+CD+DQ+VL,AVX2+BMI1+BMI2+F16C+FMA+LZCNT+MOVBE,AVX,SSE3+SSSE3+SSE4.1+SSE4.2+POPCNT,X86Base+SSE+SSE2,AES+PCLMUL,AvxVnni VectorSize=256
// Job: DefaultJob

OverheadJitting  1: 1 op, 162062.00 ns, 162.0620 us/op
WorkloadJitting  1: 1 op, 392936.00 ns, 392.9360 us/op

OverheadJitting  2: 16 op, 303202.00 ns, 18.9501 us/op
WorkloadJitting  2: 16 op, 318845.00 ns, 19.9278 us/op

WorkloadPilot    1: 16 op, 671.00 ns, 41.9375 ns/op
WorkloadPilot    2: 32 op, 721.00 ns, 22.5313 ns/op
WorkloadPilot    3: 64 op, 701.00 ns, 10.9531 ns/op
WorkloadPilot    4: 128 op, 1132.00 ns, 8.8438 ns/op
WorkloadPilot    5: 256 op, 2083.00 ns, 8.1367 ns/op
WorkloadPilot    6: 512 op, 3815.00 ns, 7.4512 ns/op
WorkloadPilot    7: 1024 op, 7421.00 ns, 7.2471 ns/op
WorkloadPilot    8: 2048 op, 14893.00 ns, 7.2720 ns/op
WorkloadPilot    9: 4096 op, 29184.00 ns, 7.1250 ns/op
WorkloadPilot   10: 8192 op, 58046.00 ns, 7.0857 ns/op
WorkloadPilot   11: 16384 op, 116033.00 ns, 7.0821 ns/op
WorkloadPilot   12: 32768 op, 231635.00 ns, 7.0689 ns/op
WorkloadPilot   13: 65536 op, 463070.00 ns, 7.0659 ns/op
WorkloadPilot   14: 131072 op, 941663.00 ns, 7.1843 ns/op
WorkloadPilot   15: 262144 op, 1876778.00 ns, 7.1593 ns/op
WorkloadPilot   16: 524288 op, 3740554.00 ns, 7.1345 ns/op
WorkloadPilot   17: 1048576 op, 7477714.00 ns, 7.1313 ns/op
WorkloadPilot   18: 2097152 op, 15001687.00 ns, 7.1534 ns/op
WorkloadPilot   19: 4194304 op, 29902094.00 ns, 7.1292 ns/op
WorkloadPilot   20: 8388608 op, 59767642.00 ns, 7.1249 ns/op
WorkloadPilot   21: 16777216 op, 119358071.00 ns, 7.1143 ns/op
WorkloadPilot   22: 33554432 op, 238368505.00 ns, 7.1039 ns/op
WorkloadPilot   23: 67108864 op, 476660665.00 ns, 7.1028 ns/op
WorkloadPilot   24: 134217728 op, 954144839.00 ns, 7.1089 ns/op

OverheadWarmup   1: 134217728 op, 271461623.00 ns, 2.0225 ns/op
OverheadWarmup   2: 134217728 op, 275791387.00 ns, 2.0548 ns/op
OverheadWarmup   3: 134217728 op, 272772778.00 ns, 2.0323 ns/op
OverheadWarmup   4: 134217728 op, 272630947.00 ns, 2.0313 ns/op
OverheadWarmup   5: 134217728 op, 271616094.00 ns, 2.0237 ns/op
OverheadWarmup   6: 134217728 op, 271567062.00 ns, 2.0233 ns/op
OverheadWarmup   7: 134217728 op, 272022840.00 ns, 2.0267 ns/op
OverheadWarmup   8: 134217728 op, 271514072.00 ns, 2.0229 ns/op

OverheadActual   1: 134217728 op, 271480582.00 ns, 2.0227 ns/op
OverheadActual   2: 134217728 op, 273195659.00 ns, 2.0355 ns/op
OverheadActual   3: 134217728 op, 271678056.00 ns, 2.0242 ns/op
OverheadActual   4: 134217728 op, 274437328.00 ns, 2.0447 ns/op
OverheadActual   5: 134217728 op, 273811797.00 ns, 2.0401 ns/op
OverheadActual   6: 134217728 op, 276681794.00 ns, 2.0614 ns/op
OverheadActual   7: 134217728 op, 273324811.00 ns, 2.0364 ns/op
OverheadActual   8: 134217728 op, 272865306.00 ns, 2.0330 ns/op
OverheadActual   9: 134217728 op, 272609775.00 ns, 2.0311 ns/op
OverheadActual  10: 134217728 op, 273836911.00 ns, 2.0402 ns/op
OverheadActual  11: 134217728 op, 273280334.00 ns, 2.0361 ns/op
OverheadActual  12: 134217728 op, 275546882.00 ns, 2.0530 ns/op
OverheadActual  13: 134217728 op, 274142879.00 ns, 2.0425 ns/op
OverheadActual  14: 134217728 op, 274805544.00 ns, 2.0475 ns/op
OverheadActual  15: 134217728 op, 273308460.00 ns, 2.0363 ns/op

WorkloadWarmup   1: 134217728 op, 953436438.00 ns, 7.1037 ns/op
WorkloadWarmup   2: 134217728 op, 953471019.00 ns, 7.1039 ns/op
WorkloadWarmup   3: 134217728 op, 952870725.00 ns, 7.0994 ns/op
WorkloadWarmup   4: 134217728 op, 954356759.00 ns, 7.1105 ns/op
WorkloadWarmup   5: 134217728 op, 955670779.00 ns, 7.1203 ns/op
WorkloadWarmup   6: 134217728 op, 953454274.00 ns, 7.1038 ns/op

// BeforeActualRun
WorkloadActual   1: 134217728 op, 954055331.00 ns, 7.1083 ns/op
WorkloadActual   2: 134217728 op, 953292426.00 ns, 7.1026 ns/op
WorkloadActual   3: 134217728 op, 953515477.00 ns, 7.1042 ns/op
WorkloadActual   4: 134217728 op, 955531612.00 ns, 7.1193 ns/op
WorkloadActual   5: 134217728 op, 955922934.00 ns, 7.1222 ns/op
WorkloadActual   6: 134217728 op, 953224713.00 ns, 7.1021 ns/op
WorkloadActual   7: 134217728 op, 953789805.00 ns, 7.1063 ns/op
WorkloadActual   8: 134217728 op, 953274317.00 ns, 7.1024 ns/op
WorkloadActual   9: 134217728 op, 957096304.00 ns, 7.1309 ns/op
WorkloadActual  10: 134217728 op, 954166197.00 ns, 7.1091 ns/op
WorkloadActual  11: 134217728 op, 957925141.00 ns, 7.1371 ns/op
WorkloadActual  12: 134217728 op, 953238562.00 ns, 7.1022 ns/op
WorkloadActual  13: 134217728 op, 953360544.00 ns, 7.1031 ns/op
WorkloadActual  14: 134217728 op, 953877624.00 ns, 7.1069 ns/op
WorkloadActual  15: 134217728 op, 957386265.00 ns, 7.1331 ns/op

// AfterActualRun
WorkloadResult   1: 134217728 op, 680730520.00 ns, 5.0718 ns/op
WorkloadResult   2: 134217728 op, 679967615.00 ns, 5.0662 ns/op
WorkloadResult   3: 134217728 op, 680190666.00 ns, 5.0678 ns/op
WorkloadResult   4: 134217728 op, 682206801.00 ns, 5.0828 ns/op
WorkloadResult   5: 134217728 op, 682598123.00 ns, 5.0858 ns/op
WorkloadResult   6: 134217728 op, 679899902.00 ns, 5.0656 ns/op
WorkloadResult   7: 134217728 op, 680464994.00 ns, 5.0699 ns/op
WorkloadResult   8: 134217728 op, 679949506.00 ns, 5.0660 ns/op
WorkloadResult   9: 134217728 op, 683771493.00 ns, 5.0945 ns/op
WorkloadResult  10: 134217728 op, 680841386.00 ns, 5.0727 ns/op
WorkloadResult  11: 134217728 op, 684600330.00 ns, 5.1007 ns/op
WorkloadResult  12: 134217728 op, 679913751.00 ns, 5.0658 ns/op
WorkloadResult  13: 134217728 op, 680035733.00 ns, 5.0667 ns/op
WorkloadResult  14: 134217728 op, 680552813.00 ns, 5.0705 ns/op
WorkloadResult  15: 134217728 op, 684061454.00 ns, 5.0967 ns/op
// GC:  0 0 0 0 134217728
// Threading:  0 0 134217728

// AfterAll
// Benchmark Process 3719 has exited with code 0.

Mean = 5.076 ns, StdErr = 0.003 ns (0.06%), N = 15, StdDev = 0.012 ns
Min = 5.066 ns, Q1 = 5.066 ns, Median = 5.071 ns, Q3 = 5.084 ns, Max = 5.101 ns
IQR = 0.018 ns, LowerFence = 5.040 ns, UpperFence = 5.111 ns
ConfidenceInterval = [5.063 ns; 5.090 ns] (CI 99.9%), Margin = 0.013 ns (0.26% of Mean)
Skewness = 0.82, Kurtosis = 1.97, MValue = 2

// ** Remained 1 (12.5 %) benchmark(s) to run. Estimated finish 2026-10-05 18:13 (0h 0m from now) **
// **************************
// Benchmark: ReplicaSelectionBenchmarks.RoundRobin.SelectReplica: ShortRun(IterationCount=3, LaunchCount=1, WarmupCount=3)
// *** Execute ***
// Launch: 1 / 1
// Execute: dotnet Encina.Benchmarks-DefaultJob-1.dll --anonymousPipes 226 227 --benchmarkName Encina.Benchmarks.ReadWriteSeparation.ReplicaSelectionBenchmarks.RoundRobin_SelectReplica --job ShortRun --benchmarkId 7 in /home/runner/work/Encina/Encina/tests/Encina.BenchmarkTests/Encina.Benchmarks/bin/Release/net10.0/Encina.Benchmarks-DefaultJob-1/bin/Release/net10.0
// Failed to set up high priority (Permission denied). In order to run benchmarks with high priority, make sure you have the right permissions.
// BeforeAnythingElse

// Benchmark Process Environment Information:
// BenchmarkDotNet v0.15.8
// Runtime=.NET 10.0.12 (10.0.12, 10.0.1226.42308), X64 RyuJIT x86-64-v4
// GC=Concurrent Workstation
// HardwareIntrinsics=AVX512 BITALG+VBMI2+VNNI+VPOPCNTDQ,AVX512 IFMA+VBMI,AVX512 F+BW+CD+DQ+VL,AVX2+BMI1+BMI2+F16C+FMA+LZCNT+MOVBE,AVX,SSE3+SSSE3+SSE4.1+SSE4.2+POPCNT,X86Base+SSE+SSE2,AES+PCLMUL,AvxVnni VectorSize=256
// Job: ShortRun(IterationCount=3, LaunchCount=1, WarmupCount=3)

OverheadJitting  1: 1 op, 140229.00 ns, 140.2290 us/op
WorkloadJitting  1: 1 op, 358164.00 ns, 358.1640 us/op

OverheadJitting  2: 16 op, 267619.00 ns, 16.7262 us/op
WorkloadJitting  2: 16 op, 304784.00 ns, 19.0490 us/op

WorkloadPilot    1: 16 op, 701.00 ns, 43.8125 ns/op
WorkloadPilot    2: 32 op, 691.00 ns, 21.5938 ns/op
WorkloadPilot    3: 64 op, 681.00 ns, 10.6406 ns/op
WorkloadPilot    4: 128 op, 1011.00 ns, 7.8984 ns/op
WorkloadPilot    5: 256 op, 1963.00 ns, 7.6680 ns/op
WorkloadPilot    6: 512 op, 3756.00 ns, 7.3359 ns/op
WorkloadPilot    7: 1024 op, 7371.00 ns, 7.1982 ns/op
WorkloadPilot    8: 2048 op, 14622.00 ns, 7.1396 ns/op
WorkloadPilot    9: 4096 op, 29174.00 ns, 7.1226 ns/op
WorkloadPilot   10: 8192 op, 58136.00 ns, 7.0967 ns/op
WorkloadPilot   11: 16384 op, 115943.00 ns, 7.0766 ns/op
WorkloadPilot   12: 32768 op, 231555.00 ns, 7.0665 ns/op
WorkloadPilot   13: 65536 op, 470571.00 ns, 7.1803 ns/op
WorkloadPilot   14: 131072 op, 938499.00 ns, 7.1602 ns/op
WorkloadPilot   15: 262144 op, 1866352.00 ns, 7.1196 ns/op
WorkloadPilot   16: 524288 op, 3766274.00 ns, 7.1836 ns/op
WorkloadPilot   17: 1048576 op, 7467913.00 ns, 7.1220 ns/op
WorkloadPilot   18: 2097152 op, 14958910.00 ns, 7.1330 ns/op
WorkloadPilot   19: 4194304 op, 29825752.00 ns, 7.1110 ns/op
WorkloadPilot   20: 8388608 op, 59594669.00 ns, 7.1042 ns/op
WorkloadPilot   21: 16777216 op, 119269309.00 ns, 7.1090 ns/op
WorkloadPilot   22: 33554432 op, 238626468.00 ns, 7.1116 ns/op
WorkloadPilot   23: 67108864 op, 476780822.00 ns, 7.1046 ns/op
WorkloadPilot   24: 134217728 op, 953596986.00 ns, 7.1049 ns/op

OverheadWarmup   1: 134217728 op, 275304996.00 ns, 2.0512 ns/op
OverheadWarmup   2: 134217728 op, 274369661.00 ns, 2.0442 ns/op
OverheadWarmup   3: 134217728 op, 274120317.00 ns, 2.0424 ns/op
OverheadWarmup   4: 134217728 op, 272471739.00 ns, 2.0301 ns/op
OverheadWarmup   5: 134217728 op, 276776327.00 ns, 2.0621 ns/op
OverheadWarmup   6: 134217728 op, 278152198.00 ns, 2.0724 ns/op
OverheadWarmup   7: 134217728 op, 273436568.00 ns, 2.0373 ns/op
OverheadWarmup   8: 134217728 op, 275522528.00 ns, 2.0528 ns/op
OverheadWarmup   9: 134217728 op, 273741582.00 ns, 2.0395 ns/op

OverheadActual   1: 134217728 op, 274148468.00 ns, 2.0426 ns/op
OverheadActual   2: 134217728 op, 273806329.00 ns, 2.0400 ns/op
OverheadActual   3: 134217728 op, 275700963.00 ns, 2.0541 ns/op
OverheadActual   4: 134217728 op, 273479011.00 ns, 2.0376 ns/op
OverheadActual   5: 134217728 op, 273710065.00 ns, 2.0393 ns/op
OverheadActual   6: 134217728 op, 273392843.00 ns, 2.0369 ns/op
OverheadActual   7: 134217728 op, 273380975.00 ns, 2.0368 ns/op
OverheadActual   8: 134217728 op, 273717337.00 ns, 2.0394 ns/op
OverheadActual   9: 134217728 op, 273281016.00 ns, 2.0361 ns/op
OverheadActual  10: 134217728 op, 273929903.00 ns, 2.0409 ns/op
OverheadActual  11: 134217728 op, 274847281.00 ns, 2.0478 ns/op
OverheadActual  12: 134217728 op, 273360554.00 ns, 2.0367 ns/op
OverheadActual  13: 134217728 op, 273959797.00 ns, 2.0412 ns/op
OverheadActual  14: 134217728 op, 274912017.00 ns, 2.0483 ns/op
OverheadActual  15: 134217728 op, 277119839.00 ns, 2.0647 ns/op

WorkloadWarmup   1: 134217728 op, 954544219.00 ns, 7.1119 ns/op
WorkloadWarmup   2: 134217728 op, 953410810.00 ns, 7.1035 ns/op
WorkloadWarmup   3: 134217728 op, 953593963.00 ns, 7.1048 ns/op

// BeforeActualRun
WorkloadActual   1: 134217728 op, 954901973.00 ns, 7.1146 ns/op
WorkloadActual   2: 134217728 op, 954026749.00 ns, 7.1081 ns/op
WorkloadActual   3: 134217728 op, 956378444.00 ns, 7.1256 ns/op

// AfterActualRun
WorkloadResult   1: 134217728 op, 681095644.00 ns, 5.0746 ns/op
WorkloadResult   2: 134217728 op, 680220420.00 ns, 5.0680 ns/op
WorkloadResult   3: 134217728 op, 682572115.00 ns, 5.0856 ns/op
// GC:  0 0 0 0 134217728
// Threading:  0 0 134217728

// AfterAll
// Benchmark Process 3752 has exited with code 0.

Mean = 5.076 ns, StdErr = 0.005 ns (0.10%), N = 3, StdDev = 0.009 ns
Min = 5.068 ns, Q1 = 5.071 ns, Median = 5.075 ns, Q3 = 5.080 ns, Max = 5.086 ns
IQR = 0.009 ns, LowerFence = 5.058 ns, UpperFence = 5.093 ns
ConfidenceInterval = [4.914 ns; 5.238 ns] (CI 99.9%), Margin = 0.162 ns (3.18% of Mean)
Skewness = 0.16, Kurtosis = 0.67, MValue = 2

// ** Remained 0 (0.0 %) benchmark(s) to run. Estimated finish 2026-10-05 18:13 (0h 0m from now) **
// ***** BenchmarkRunner: Finish  *****

// * Export *
  artifacts/performance/Core/results/Encina.Benchmarks.ReadWriteSeparation.ReplicaSelectionBenchmarks-report.csv
  artifacts/performance/Core/results/Encina.Benchmarks.ReadWriteSeparation.ReplicaSelectionBenchmarks-report-github.md
  artifacts/performance/Core/results/Encina.Benchmarks.ReadWriteSeparation.ReplicaSelectionBenchmarks-report.html
  artifacts/performance/Core/results/Encina.Benchmarks.ReadWriteSeparation.ReplicaSelectionBenchmarks-report-full-compressed.json

// * Detailed results *
ReplicaSelectionBenchmarks.'LeastConnections.AcquireReplica (lease)': DefaultJob
Runtime = .NET 10.0.12 (10.0.12, 10.0.1226.42308), X64 RyuJIT x86-64-v4; GC = Concurrent Workstation
Mean = 151.769 ns, StdErr = 0.220 ns (0.14%), N = 13, StdDev = 0.792 ns
Min = 150.857 ns, Q1 = 151.369 ns, Median = 151.487 ns, Q3 = 151.828 ns, Max = 153.287 ns
IQR = 0.460 ns, LowerFence = 150.679 ns, UpperFence = 152.518 ns
ConfidenceInterval = [150.821 ns; 152.717 ns] (CI 99.9%), Margin = 0.948 ns (0.62% of Mean)
Skewness = 0.89, Kurtosis = 2.21, MValue = 2
-------------------- Histogram --------------------
[150.415 ns ; 153.729 ns) | @@@@@@@@@@@@@
---------------------------------------------------

ReplicaSelectionBenchmarks.LeastConnections.SelectReplica: DefaultJob
Runtime = .NET 10.0.12 (10.0.12, 10.0.1226.42308), X64 RyuJIT x86-64-v4; GC = Concurrent Workstation
Mean = 129.501 ns, StdErr = 0.272 ns (0.21%), N = 12, StdDev = 0.943 ns
Min = 128.421 ns, Q1 = 129.003 ns, Median = 129.255 ns, Q3 = 129.745 ns, Max = 131.669 ns
IQR = 0.742 ns, LowerFence = 127.889 ns, UpperFence = 130.859 ns
ConfidenceInterval = [128.293 ns; 130.708 ns] (CI 99.9%), Margin = 1.208 ns (0.93% of Mean)
Skewness = 0.95, Kurtosis = 2.84, MValue = 2
-------------------- Histogram --------------------
[127.881 ns ; 132.210 ns) | @@@@@@@@@@@@
---------------------------------------------------

ReplicaSelectionBenchmarks.Random.SelectReplica: DefaultJob
Runtime = .NET 10.0.12 (10.0.12, 10.0.1226.42308), X64 RyuJIT x86-64-v4; GC = Concurrent Workstation
Mean = 6.940 ns, StdErr = 0.024 ns (0.34%), N = 15, StdDev = 0.092 ns
Min = 6.834 ns, Q1 = 6.873 ns, Median = 6.914 ns, Q3 = 7.020 ns, Max = 7.143 ns
IQR = 0.148 ns, LowerFence = 6.651 ns, UpperFence = 7.242 ns
ConfidenceInterval = [6.842 ns; 7.039 ns] (CI 99.9%), Margin = 0.099 ns (1.42% of Mean)
Skewness = 0.73, Kurtosis = 2.18, MValue = 2
-------------------- Histogram --------------------
[6.811 ns ; 6.967 ns) | @@@@@@@@@@
[6.967 ns ; 7.192 ns) | @@@@@
---------------------------------------------------

ReplicaSelectionBenchmarks.RoundRobin.SelectReplica: DefaultJob
Runtime = .NET 10.0.12 (10.0.12, 10.0.1226.42308), X64 RyuJIT x86-64-v4; GC = Concurrent Workstation
Mean = 5.076 ns, StdErr = 0.003 ns (0.06%), N = 15, StdDev = 0.012 ns
Min = 5.066 ns, Q1 = 5.066 ns, Median = 5.071 ns, Q3 = 5.084 ns, Max = 5.101 ns
IQR = 0.018 ns, LowerFence = 5.040 ns, UpperFence = 5.111 ns
ConfidenceInterval = [5.063 ns; 5.090 ns] (CI 99.9%), Margin = 0.013 ns (0.26% of Mean)
Skewness = 0.82, Kurtosis = 1.97, MValue = 2
-------------------- Histogram --------------------
[5.059 ns ; 5.107 ns) | @@@@@@@@@@@@@@@
---------------------------------------------------

ReplicaSelectionBenchmarks.'LeastConnections.AcquireReplica (lease)': ShortRun(IterationCount=3, LaunchCount=1, WarmupCount=3)
Runtime = .NET 10.0.12 (10.0.12, 10.0.1226.42308), X64 RyuJIT x86-64-v4; GC = Concurrent Workstation
Mean = 154.346 ns, StdErr = 1.725 ns (1.12%), N = 3, StdDev = 2.989 ns
Min = 151.787 ns, Q1 = 152.704 ns, Median = 153.620 ns, Q3 = 155.625 ns, Max = 157.631 ns
IQR = 2.922 ns, LowerFence = 148.321 ns, UpperFence = 160.008 ns
ConfidenceInterval = [99.824 ns; 208.868 ns] (CI 99.9%), Margin = 54.522 ns (35.32% of Mean)
Skewness = 0.23, Kurtosis = 0.67, MValue = 2
-------------------- Histogram --------------------
[149.984 ns ; 155.423 ns) | @@
[155.423 ns ; 160.350 ns) | @
---------------------------------------------------

ReplicaSelectionBenchmarks.LeastConnections.SelectReplica: ShortRun(IterationCount=3, LaunchCount=1, WarmupCount=3)
Runtime = .NET 10.0.12 (10.0.12, 10.0.1226.42308), X64 RyuJIT x86-64-v4; GC = Concurrent Workstation
Mean = 130.311 ns, StdErr = 0.407 ns (0.31%), N = 3, StdDev = 0.704 ns
Min = 129.724 ns, Q1 = 129.921 ns, Median = 130.117 ns, Q3 = 130.605 ns, Max = 131.092 ns
IQR = 0.684 ns, LowerFence = 128.895 ns, UpperFence = 131.631 ns
ConfidenceInterval = [117.459 ns; 143.163 ns] (CI 99.9%), Margin = 12.852 ns (9.86% of Mean)
Skewness = 0.25, Kurtosis = 0.67, MValue = 2
-------------------- Histogram --------------------
[129.083 ns ; 131.220 ns) | @@@
---------------------------------------------------

ReplicaSelectionBenchmarks.Random.SelectReplica: ShortRun(IterationCount=3, LaunchCount=1, WarmupCount=3)
Runtime = .NET 10.0.12 (10.0.12, 10.0.1226.42308), X64 RyuJIT x86-64-v4; GC = Concurrent Workstation
Mean = 6.863 ns, StdErr = 0.086 ns (1.26%), N = 3, StdDev = 0.150 ns
Min = 6.691 ns, Q1 = 6.815 ns, Median = 6.939 ns, Q3 = 6.949 ns, Max = 6.959 ns
IQR = 0.134 ns, LowerFence = 6.613 ns, UpperFence = 7.151 ns
ConfidenceInterval = [4.133 ns; 9.593 ns] (CI 99.9%), Margin = 2.730 ns (39.78% of Mean)
Skewness = -0.38, Kurtosis = 0.67, MValue = 2
-------------------- Histogram --------------------
[6.689 ns ; 6.961 ns) | @@@
---------------------------------------------------

ReplicaSelectionBenchmarks.RoundRobin.SelectReplica: ShortRun(IterationCount=3, LaunchCount=1, WarmupCount=3)
Runtime = .NET 10.0.12 (10.0.12, 10.0.1226.42308), X64 RyuJIT x86-64-v4; GC = Concurrent Workstation
Mean = 5.076 ns, StdErr = 0.005 ns (0.10%), N = 3, StdDev = 0.009 ns
Min = 5.068 ns, Q1 = 5.071 ns, Median = 5.075 ns, Q3 = 5.080 ns, Max = 5.086 ns
IQR = 0.009 ns, LowerFence = 5.058 ns, UpperFence = 5.093 ns
ConfidenceInterval = [4.914 ns; 5.238 ns] (CI 99.9%), Margin = 0.162 ns (3.18% of Mean)
Skewness = 0.16, Kurtosis = 0.67, MValue = 2
-------------------- Histogram --------------------
[5.060 ns ; 5.094 ns) | @@@
---------------------------------------------------

// * Summary *

BenchmarkDotNet v0.15.8, Linux Ubuntu 24.04.5 LTS (Noble Numbat)
AMD EPYC 9V45 4.53GHz, 1 CPU, 4 logical and 2 physical cores
.NET SDK 10.0.401
  [Host]     : .NET 10.0.12 (10.0.12, 10.0.1226.42308), X64 RyuJIT x86-64-v4
  DefaultJob : .NET 10.0.12 (10.0.12, 10.0.1226.42308), X64 RyuJIT x86-64-v4
  ShortRun   : .NET 10.0.12 (10.0.12, 10.0.1226.42308), X64 RyuJIT x86-64-v4


| Method                                    | Job        | IterationCount | LaunchCount | WarmupCount | Mean       | Error      | StdDev    | Ratio | RatioSD | Rank | Gen0   | Allocated | Alloc Ratio |
|------------------------------------------ |----------- |--------------- |------------ |------------ |-----------:|-----------:|----------:|------:|--------:|-----:|-------:|----------:|------------:|
| 'LeastConnections.AcquireReplica (lease)' | DefaultJob | Default        | Default     | Default     | 151.769 ns |  0.9481 ns | 0.7917 ns | 29.90 |    0.17 |    4 | 0.0019 |      32 B |          NA |
| LeastConnections.SelectReplica            | DefaultJob | Default        | Default     | Default     | 129.501 ns |  1.2080 ns | 0.9431 ns | 25.51 |    0.19 |    3 | 0.0019 |      32 B |          NA |
| Random.SelectReplica                      | DefaultJob | Default        | Default     | Default     |   6.940 ns |  0.0986 ns | 0.0922 ns |  1.37 |    0.02 |    2 |      - |         - |          NA |
| RoundRobin.SelectReplica                  | DefaultJob | Default        | Default     | Default     |   5.076 ns |  0.0133 ns | 0.0125 ns |  1.00 |    0.00 |    1 |      - |         - |          NA |
|                                           |            |                |             |             |            |            |           |       |         |      |        |           |             |
| 'LeastConnections.AcquireReplica (lease)' | ShortRun   | 3              | 1           | 3           | 154.346 ns | 54.5221 ns | 2.9885 ns | 30.41 |    0.51 |    3 | 0.0019 |      32 B |          NA |
| LeastConnections.SelectReplica            | ShortRun   | 3              | 1           | 3           | 130.311 ns | 12.8518 ns | 0.7045 ns | 25.67 |    0.13 |    3 | 0.0019 |      32 B |          NA |
| Random.SelectReplica                      | ShortRun   | 3              | 1           | 3           |   6.863 ns |  2.7300 ns | 0.1496 ns |  1.35 |    0.03 |    2 |      - |         - |          NA |
| RoundRobin.SelectReplica                  | ShortRun   | 3              | 1           | 3           |   5.076 ns |  0.1616 ns | 0.0089 ns |  1.00 |    0.00 |    1 |      - |         - |          NA |

// * Hints *
Outliers
  ReplicaSelectionBenchmarks.'LeastConnections.AcquireReplica (lease)': Default -> 2 outliers were removed (160.17 ns, 163.95 ns)
  ReplicaSelectionBenchmarks.LeastConnections.SelectReplica: Default            -> 3 outliers were removed (136.43 ns..140.36 ns)
// * Config Issues *

// * Warnings *
Configuration
  Summary -> The exporter CsvExporter is already present in configuration. There may be unexpected results.
  Summary -> The exporter HtmlExporter is already present in configuration. There may be unexpected results.
  Summary -> The exporter MarkdownExporter-github is already present in configuration. There may be unexpected results.

// * Legends *
  Mean        : Arithmetic mean of all measurements
  Error       : Half of 99.9% confidence interval
  StdDev      : Standard deviation of all measurements
  Ratio       : Mean of the ratio distribution ([Current]/[Baseline])
  RatioSD     : Standard deviation of the ratio distribution ([Current]/[Baseline])
  Rank        : Relative position of current benchmark mean among all benchmarks (Arabic style)
  Gen0        : GC Generation 0 collects per 1000 operations
  Allocated   : Allocated memory per single operation (managed only, inclusive, 1KB = 1024B)
  Alloc Ratio : Allocated memory ratio distribution ([Current]/[Baseline])
  1 ns        : 1 Nanosecond (0.000000001 sec)

// * Diagnostic Output - MemoryDiagnoser *


// ***** BenchmarkRunner: End *****
Run time: 00:01:53 (113.91 sec), executed benchmarks: 8

Global total time: 00:03:50 (230.22 sec), executed benchmarks: 8
// * Artifacts cleanup *
Artifacts cleanup is finished
