// Validating benchmarks:
// ***** BenchmarkRunner: Start   *****
// ***** Found 12 benchmark(s) in total *****
// ***** Building 1 exe(s) in Parallel: Start   *****
// start dotnet  restore --nodeReuse:false /p:UseSharedCompilation=false /p:Deterministic=true /p:Optimize=true /p:ArtifactsPath="/home/runner/work/Encina/Encina/tests/Encina.BenchmarkTests/Encina.AwsLambda.Benchmarks/bin/Release/net10.0/Encina.AwsLambda.Benchmarks-DefaultJob-1/" /p:OutDir="/home/runner/work/Encina/Encina/tests/Encina.BenchmarkTests/Encina.AwsLambda.Benchmarks/bin/Release/net10.0/Encina.AwsLambda.Benchmarks-DefaultJob-1/bin/Release/net10.0/" /p:OutputPath="/home/runner/work/Encina/Encina/tests/Encina.BenchmarkTests/Encina.AwsLambda.Benchmarks/bin/Release/net10.0/Encina.AwsLambda.Benchmarks-DefaultJob-1/bin/Release/net10.0/" /p:PublishDir="/home/runner/work/Encina/Encina/tests/Encina.BenchmarkTests/Encina.AwsLambda.Benchmarks/bin/Release/net10.0/Encina.AwsLambda.Benchmarks-DefaultJob-1/publish/" in /home/runner/work/Encina/Encina/tests/Encina.BenchmarkTests/Encina.AwsLambda.Benchmarks/bin/Release/net10.0/Encina.AwsLambda.Benchmarks-DefaultJob-1
// command took 1.63 sec and exited with 0
// start dotnet  build -c Release --no-restore --nodeReuse:false /p:UseSharedCompilation=false /p:Deterministic=true /p:Optimize=true /p:ArtifactsPath="/home/runner/work/Encina/Encina/tests/Encina.BenchmarkTests/Encina.AwsLambda.Benchmarks/bin/Release/net10.0/Encina.AwsLambda.Benchmarks-DefaultJob-1/" /p:OutDir="/home/runner/work/Encina/Encina/tests/Encina.BenchmarkTests/Encina.AwsLambda.Benchmarks/bin/Release/net10.0/Encina.AwsLambda.Benchmarks-DefaultJob-1/bin/Release/net10.0/" /p:OutputPath="/home/runner/work/Encina/Encina/tests/Encina.BenchmarkTests/Encina.AwsLambda.Benchmarks/bin/Release/net10.0/Encina.AwsLambda.Benchmarks-DefaultJob-1/bin/Release/net10.0/" /p:PublishDir="/home/runner/work/Encina/Encina/tests/Encina.BenchmarkTests/Encina.AwsLambda.Benchmarks/bin/Release/net10.0/Encina.AwsLambda.Benchmarks-DefaultJob-1/publish/" --output "/home/runner/work/Encina/Encina/tests/Encina.BenchmarkTests/Encina.AwsLambda.Benchmarks/bin/Release/net10.0/Encina.AwsLambda.Benchmarks-DefaultJob-1/bin/Release/net10.0/" in /home/runner/work/Encina/Encina/tests/Encina.BenchmarkTests/Encina.AwsLambda.Benchmarks/bin/Release/net10.0/Encina.AwsLambda.Benchmarks-DefaultJob-1
// command took 28.57 sec and exited with 0
// ***** Done, took 00:00:30 (30.41 sec)   *****
// Found 12 benchmarks:
//   ApiGatewayResponseBenchmarks.ToCreatedResponse_Success: DefaultJob
//   ApiGatewayResponseBenchmarks.ToNoContentResponse_Success: DefaultJob
//   ApiGatewayResponseBenchmarks.ToHttpApiResponse_Success: DefaultJob
//   ApiGatewayResponseBenchmarks.ToHttpApiResponse_Error: DefaultJob
//   ApiGatewayResponseBenchmarks.ToCreatedResponse_Success: ShortRun(IterationCount=3, LaunchCount=1, WarmupCount=3)
//   ApiGatewayResponseBenchmarks.ToNoContentResponse_Success: ShortRun(IterationCount=3, LaunchCount=1, WarmupCount=3)
//   ApiGatewayResponseBenchmarks.ToHttpApiResponse_Success: ShortRun(IterationCount=3, LaunchCount=1, WarmupCount=3)
//   ApiGatewayResponseBenchmarks.ToHttpApiResponse_Error: ShortRun(IterationCount=3, LaunchCount=1, WarmupCount=3)
//   ApiGatewayResponseBenchmarks.ToApiGatewayResponse_Error: DefaultJob
//   ApiGatewayResponseBenchmarks.ToApiGatewayResponse_Error: ShortRun(IterationCount=3, LaunchCount=1, WarmupCount=3)
//   ApiGatewayResponseBenchmarks.ToApiGatewayResponse_Success: DefaultJob
//   ApiGatewayResponseBenchmarks.ToApiGatewayResponse_Success: ShortRun(IterationCount=3, LaunchCount=1, WarmupCount=3)

// **************************
// Benchmark: ApiGatewayResponseBenchmarks.ToCreatedResponse_Success: DefaultJob
// *** Execute ***
// Launch: 1 / 1
// Execute: dotnet Encina.AwsLambda.Benchmarks-DefaultJob-1.dll --anonymousPipes 140 141 --benchmarkName Encina.AwsLambda.Benchmarks.ApiGatewayResponseBenchmarks.ToCreatedResponse_Success --job Default --benchmarkId 0 in /home/runner/work/Encina/Encina/tests/Encina.BenchmarkTests/Encina.AwsLambda.Benchmarks/bin/Release/net10.0/Encina.AwsLambda.Benchmarks-DefaultJob-1/bin/Release/net10.0
// Failed to set up high priority (Permission denied). In order to run benchmarks with high priority, make sure you have the right permissions.
// BeforeAnythingElse

// Benchmark Process Environment Information:
// BenchmarkDotNet v0.15.8
// Runtime=.NET 10.0.12 (10.0.12, 10.0.1226.42308), X64 RyuJIT x86-64-v4
// GC=Concurrent Workstation
// HardwareIntrinsics=AVX10v1,AVX512 BF16+FP16,AVX512 BITALG+VBMI2+VNNI+VPOPCNTDQ,AVX512 IFMA+VBMI,AVX512 F+BW+CD+DQ+VL,AVX2+BMI1+BMI2+F16C+FMA+LZCNT+MOVBE,AVX,SSE3+SSSE3+SSE4.1+SSE4.2+POPCNT,X86Base+SSE+SSE2,AES+PCLMUL,AvxVnni,SERIALIZE VectorSize=256
// Job: DefaultJob

OverheadJitting  1: 1 op, 189187.00 ns, 189.1870 us/op
WorkloadJitting  1: 1 op, 22311104.00 ns, 22.3111 ms/op

OverheadJitting  2: 16 op, 376036.00 ns, 23.5023 us/op
WorkloadJitting  2: 16 op, 496478.00 ns, 31.0299 us/op

WorkloadPilot    1: 16 op, 42995.00 ns, 2.6872 us/op
WorkloadPilot    2: 32 op, 53575.00 ns, 1.6742 us/op
WorkloadPilot    3: 64 op, 77048.00 ns, 1.2039 us/op
WorkloadPilot    4: 128 op, 153362.00 ns, 1.1981 us/op
WorkloadPilot    5: 256 op, 249271.00 ns, 973.7148 ns/op
WorkloadPilot    6: 512 op, 468756.00 ns, 915.5391 ns/op
WorkloadPilot    7: 1024 op, 868966.00 ns, 848.5996 ns/op
WorkloadPilot    8: 2048 op, 1785323.00 ns, 871.7397 ns/op
WorkloadPilot    9: 4096 op, 3502340.00 ns, 855.0635 ns/op
WorkloadPilot   10: 8192 op, 7102523.00 ns, 867.0072 ns/op
WorkloadPilot   11: 16384 op, 13984086.00 ns, 853.5209 ns/op
WorkloadPilot   12: 32768 op, 28355939.00 ns, 865.3546 ns/op
WorkloadPilot   13: 65536 op, 54810102.00 ns, 836.3358 ns/op
WorkloadPilot   14: 131072 op, 104712728.00 ns, 798.8947 ns/op
WorkloadPilot   15: 262144 op, 188506972.00 ns, 719.0970 ns/op
WorkloadPilot   16: 524288 op, 367223709.00 ns, 700.4236 ns/op
WorkloadPilot   17: 1048576 op, 741533122.00 ns, 707.1811 ns/op

OverheadWarmup   1: 1048576 op, 2739964.00 ns, 2.6130 ns/op
OverheadWarmup   2: 1048576 op, 2722191.00 ns, 2.5961 ns/op
OverheadWarmup   3: 1048576 op, 2716365.00 ns, 2.5905 ns/op
OverheadWarmup   4: 1048576 op, 2730547.00 ns, 2.6041 ns/op
OverheadWarmup   5: 1048576 op, 2721672.00 ns, 2.5956 ns/op
OverheadWarmup   6: 1048576 op, 2710245.00 ns, 2.5847 ns/op
OverheadWarmup   7: 1048576 op, 2744341.00 ns, 2.6172 ns/op
OverheadWarmup   8: 1048576 op, 2813435.00 ns, 2.6831 ns/op
OverheadWarmup   9: 1048576 op, 2788821.00 ns, 2.6596 ns/op

OverheadActual   1: 1048576 op, 2800589.00 ns, 2.6708 ns/op
OverheadActual   2: 1048576 op, 2736199.00 ns, 2.6094 ns/op
OverheadActual   3: 1048576 op, 2731126.00 ns, 2.6046 ns/op
OverheadActual   4: 1048576 op, 2713540.00 ns, 2.5878 ns/op
OverheadActual   5: 1048576 op, 2717773.00 ns, 2.5919 ns/op
OverheadActual   6: 1048576 op, 2706567.00 ns, 2.5812 ns/op
OverheadActual   7: 1048576 op, 2748982.00 ns, 2.6216 ns/op
OverheadActual   8: 1048576 op, 2714264.00 ns, 2.5885 ns/op
OverheadActual   9: 1048576 op, 2738502.00 ns, 2.6116 ns/op
OverheadActual  10: 1048576 op, 2738914.00 ns, 2.6120 ns/op
OverheadActual  11: 1048576 op, 2731351.00 ns, 2.6048 ns/op
OverheadActual  12: 1048576 op, 2702776.00 ns, 2.5776 ns/op
OverheadActual  13: 1048576 op, 2609997.00 ns, 2.4891 ns/op
OverheadActual  14: 1048576 op, 2579400.00 ns, 2.4599 ns/op
OverheadActual  15: 1048576 op, 2570262.00 ns, 2.4512 ns/op

WorkloadWarmup   1: 1048576 op, 744068612.00 ns, 709.5991 ns/op
WorkloadWarmup   2: 1048576 op, 724653910.00 ns, 691.0838 ns/op
WorkloadWarmup   3: 1048576 op, 681919077.00 ns, 650.3287 ns/op
WorkloadWarmup   4: 1048576 op, 673178340.00 ns, 641.9929 ns/op
WorkloadWarmup   5: 1048576 op, 674458916.00 ns, 643.2141 ns/op
WorkloadWarmup   6: 1048576 op, 673798115.00 ns, 642.5840 ns/op
WorkloadWarmup   7: 1048576 op, 673879702.00 ns, 642.6618 ns/op
WorkloadWarmup   8: 1048576 op, 684491006.00 ns, 652.7815 ns/op
WorkloadWarmup   9: 1048576 op, 757694707.00 ns, 722.5940 ns/op
WorkloadWarmup  10: 1048576 op, 766569325.00 ns, 731.0575 ns/op
WorkloadWarmup  11: 1048576 op, 770979213.00 ns, 735.2631 ns/op
WorkloadWarmup  12: 1048576 op, 749649199.00 ns, 714.9212 ns/op

// BeforeActualRun
WorkloadActual   1: 1048576 op, 680352288.00 ns, 648.8345 ns/op
WorkloadActual   2: 1048576 op, 673335829.00 ns, 642.1431 ns/op
WorkloadActual   3: 1048576 op, 673806980.00 ns, 642.5924 ns/op
WorkloadActual   4: 1048576 op, 737401317.00 ns, 703.2407 ns/op
WorkloadActual   5: 1048576 op, 768728070.00 ns, 733.1162 ns/op
WorkloadActual   6: 1048576 op, 764493192.00 ns, 729.0775 ns/op
WorkloadActual   7: 1048576 op, 687333085.00 ns, 655.4919 ns/op
WorkloadActual   8: 1048576 op, 674445154.00 ns, 643.2010 ns/op
WorkloadActual   9: 1048576 op, 680730556.00 ns, 649.1952 ns/op
WorkloadActual  10: 1048576 op, 705834413.00 ns, 673.1362 ns/op
WorkloadActual  11: 1048576 op, 674633179.00 ns, 643.3803 ns/op
WorkloadActual  12: 1048576 op, 721180332.00 ns, 687.7712 ns/op
WorkloadActual  13: 1048576 op, 694886167.00 ns, 662.6951 ns/op
WorkloadActual  14: 1048576 op, 674817453.00 ns, 643.5561 ns/op
WorkloadActual  15: 1048576 op, 672813327.00 ns, 641.6448 ns/op
WorkloadActual  16: 1048576 op, 675367582.00 ns, 644.0807 ns/op
WorkloadActual  17: 1048576 op, 674363719.00 ns, 643.1234 ns/op
WorkloadActual  18: 1048576 op, 674013996.00 ns, 642.7898 ns/op
WorkloadActual  19: 1048576 op, 673415478.00 ns, 642.2190 ns/op
WorkloadActual  20: 1048576 op, 673876042.00 ns, 642.6583 ns/op
WorkloadActual  21: 1048576 op, 674087516.00 ns, 642.8600 ns/op

// AfterActualRun
WorkloadResult   1: 1048576 op, 677634515.00 ns, 646.2426 ns/op
WorkloadResult   2: 1048576 op, 670618056.00 ns, 639.5512 ns/op
WorkloadResult   3: 1048576 op, 671089207.00 ns, 640.0005 ns/op
WorkloadResult   4: 1048576 op, 684615312.00 ns, 652.9000 ns/op
WorkloadResult   5: 1048576 op, 671727381.00 ns, 640.6092 ns/op
WorkloadResult   6: 1048576 op, 678012783.00 ns, 646.6034 ns/op
WorkloadResult   7: 1048576 op, 703116640.00 ns, 670.5443 ns/op
WorkloadResult   8: 1048576 op, 671915406.00 ns, 640.7885 ns/op
WorkloadResult   9: 1048576 op, 718462559.00 ns, 685.1793 ns/op
WorkloadResult  10: 1048576 op, 692168394.00 ns, 660.1032 ns/op
WorkloadResult  11: 1048576 op, 672099680.00 ns, 640.9642 ns/op
WorkloadResult  12: 1048576 op, 670095554.00 ns, 639.0529 ns/op
WorkloadResult  13: 1048576 op, 672649809.00 ns, 641.4888 ns/op
WorkloadResult  14: 1048576 op, 671645946.00 ns, 640.5315 ns/op
WorkloadResult  15: 1048576 op, 671296223.00 ns, 640.1980 ns/op
WorkloadResult  16: 1048576 op, 670697705.00 ns, 639.6272 ns/op
WorkloadResult  17: 1048576 op, 671158269.00 ns, 640.0664 ns/op
WorkloadResult  18: 1048576 op, 671369743.00 ns, 640.2681 ns/op
// GC:  6 0 0 503316480 1048576
// Threading:  0 0 1048576

// AfterAll
// Benchmark Process 2760 has exited with code 0.

Mean = 646.929 ns, StdErr = 3.008 ns (0.46%), N = 18, StdDev = 12.762 ns
Min = 639.053 ns, Q1 = 640.099 ns, Median = 640.699 ns, Q3 = 646.513 ns, Max = 685.179 ns
IQR = 6.414 ns, LowerFence = 630.478 ns, UpperFence = 656.134 ns
ConfidenceInterval = [635.001 ns; 658.856 ns] (CI 99.9%), Margin = 11.927 ns (1.84% of Mean)
Skewness = 1.82, Kurtosis = 5.25, MValue = 2

// ** Remained 11 (91.7 %) benchmark(s) to run. Estimated finish 2026-09-23 22:40 (0h 4m from now) **
// **************************
// Benchmark: ApiGatewayResponseBenchmarks.ToNoContentResponse_Success: DefaultJob
// *** Execute ***
// Launch: 1 / 1
// Execute: dotnet Encina.AwsLambda.Benchmarks-DefaultJob-1.dll --anonymousPipes 140 141 --benchmarkName Encina.AwsLambda.Benchmarks.ApiGatewayResponseBenchmarks.ToNoContentResponse_Success --job Default --benchmarkId 1 in /home/runner/work/Encina/Encina/tests/Encina.BenchmarkTests/Encina.AwsLambda.Benchmarks/bin/Release/net10.0/Encina.AwsLambda.Benchmarks-DefaultJob-1/bin/Release/net10.0
// Failed to set up high priority (Permission denied). In order to run benchmarks with high priority, make sure you have the right permissions.
// BeforeAnythingElse

// Benchmark Process Environment Information:
// BenchmarkDotNet v0.15.8
// Runtime=.NET 10.0.12 (10.0.12, 10.0.1226.42308), X64 RyuJIT x86-64-v4
// GC=Concurrent Workstation
// HardwareIntrinsics=AVX10v1,AVX512 BF16+FP16,AVX512 BITALG+VBMI2+VNNI+VPOPCNTDQ,AVX512 IFMA+VBMI,AVX512 F+BW+CD+DQ+VL,AVX2+BMI1+BMI2+F16C+FMA+LZCNT+MOVBE,AVX,SSE3+SSSE3+SSE4.1+SSE4.2+POPCNT,X86Base+SSE+SSE2,AES+PCLMUL,AvxVnni,SERIALIZE VectorSize=256
// Job: DefaultJob

OverheadJitting  1: 1 op, 170230.00 ns, 170.2300 us/op
WorkloadJitting  1: 1 op, 1571886.00 ns, 1.5719 ms/op

OverheadJitting  2: 16 op, 321388.00 ns, 20.0868 us/op
WorkloadJitting  2: 16 op, 317022.00 ns, 19.8139 us/op

WorkloadPilot    1: 16 op, 3290.00 ns, 205.6250 ns/op
WorkloadPilot    2: 32 op, 3431.00 ns, 107.2188 ns/op
WorkloadPilot    3: 64 op, 4372.00 ns, 68.3125 ns/op
WorkloadPilot    4: 128 op, 14425.00 ns, 112.6953 ns/op
WorkloadPilot    5: 256 op, 18915.00 ns, 73.8867 ns/op
WorkloadPilot    6: 512 op, 22027.00 ns, 43.0215 ns/op
WorkloadPilot    7: 1024 op, 39487.00 ns, 38.5615 ns/op
WorkloadPilot    8: 2048 op, 71500.00 ns, 34.9121 ns/op
WorkloadPilot    9: 4096 op, 149025.00 ns, 36.3831 ns/op
WorkloadPilot   10: 8192 op, 176987.00 ns, 21.6049 ns/op
WorkloadPilot   11: 16384 op, 410127.00 ns, 25.0322 ns/op
WorkloadPilot   12: 32768 op, 853363.00 ns, 26.0426 ns/op
WorkloadPilot   13: 65536 op, 1691806.00 ns, 25.8149 ns/op
WorkloadPilot   14: 131072 op, 3475137.00 ns, 26.5132 ns/op
WorkloadPilot   15: 262144 op, 7300602.00 ns, 27.8496 ns/op
WorkloadPilot   16: 524288 op, 12383877.00 ns, 23.6204 ns/op
WorkloadPilot   17: 1048576 op, 22485879.00 ns, 21.4442 ns/op
WorkloadPilot   18: 2097152 op, 46044489.00 ns, 21.9557 ns/op
WorkloadPilot   19: 4194304 op, 67092230.00 ns, 15.9960 ns/op
WorkloadPilot   20: 8388608 op, 137671127.00 ns, 16.4117 ns/op
WorkloadPilot   21: 16777216 op, 284000420.00 ns, 16.9277 ns/op
WorkloadPilot   22: 33554432 op, 568426150.00 ns, 16.9404 ns/op

OverheadWarmup   1: 33554432 op, 80818634.00 ns, 2.4086 ns/op
OverheadWarmup   2: 33554432 op, 80174267.00 ns, 2.3894 ns/op
OverheadWarmup   3: 33554432 op, 79442410.00 ns, 2.3676 ns/op
OverheadWarmup   4: 33554432 op, 80143698.00 ns, 2.3885 ns/op
OverheadWarmup   5: 33554432 op, 79718705.00 ns, 2.3758 ns/op
OverheadWarmup   6: 33554432 op, 79520303.00 ns, 2.3699 ns/op
OverheadWarmup   7: 33554432 op, 79966879.00 ns, 2.3832 ns/op
OverheadWarmup   8: 33554432 op, 79535527.00 ns, 2.3703 ns/op

OverheadActual   1: 33554432 op, 79438096.00 ns, 2.3674 ns/op
OverheadActual   2: 33554432 op, 79335396.00 ns, 2.3644 ns/op
OverheadActual   3: 33554432 op, 83797553.00 ns, 2.4974 ns/op
OverheadActual   4: 33554432 op, 80845575.00 ns, 2.4094 ns/op
OverheadActual   5: 33554432 op, 80265808.00 ns, 2.3921 ns/op
OverheadActual   6: 33554432 op, 80827260.00 ns, 2.4088 ns/op
OverheadActual   7: 33554432 op, 81377310.00 ns, 2.4252 ns/op
OverheadActual   8: 33554432 op, 81235452.00 ns, 2.4210 ns/op
OverheadActual   9: 33554432 op, 81423199.00 ns, 2.4266 ns/op
OverheadActual  10: 33554432 op, 81422238.00 ns, 2.4266 ns/op
OverheadActual  11: 33554432 op, 80731923.00 ns, 2.4060 ns/op
OverheadActual  12: 33554432 op, 79696099.00 ns, 2.3751 ns/op
OverheadActual  13: 33554432 op, 79664364.00 ns, 2.3742 ns/op
OverheadActual  14: 33554432 op, 79509906.00 ns, 2.3696 ns/op
OverheadActual  15: 33554432 op, 79785122.00 ns, 2.3778 ns/op

WorkloadWarmup   1: 33554432 op, 591916197.00 ns, 17.6405 ns/op
WorkloadWarmup   2: 33554432 op, 570809710.00 ns, 17.0115 ns/op
WorkloadWarmup   3: 33554432 op, 546584859.00 ns, 16.2895 ns/op
WorkloadWarmup   4: 33554432 op, 536970497.00 ns, 16.0030 ns/op
WorkloadWarmup   5: 33554432 op, 494749415.00 ns, 14.7447 ns/op
WorkloadWarmup   6: 33554432 op, 558154862.00 ns, 16.6343 ns/op
WorkloadWarmup   7: 33554432 op, 562657881.00 ns, 16.7685 ns/op
WorkloadWarmup   8: 33554432 op, 570440335.00 ns, 17.0004 ns/op
WorkloadWarmup   9: 33554432 op, 566212495.00 ns, 16.8744 ns/op
WorkloadWarmup  10: 33554432 op, 559430129.00 ns, 16.6723 ns/op
WorkloadWarmup  11: 33554432 op, 574039227.00 ns, 17.1077 ns/op
WorkloadWarmup  12: 33554432 op, 544962276.00 ns, 16.2411 ns/op

// BeforeActualRun
WorkloadActual   1: 33554432 op, 571745916.00 ns, 17.0394 ns/op
WorkloadActual   2: 33554432 op, 584621275.00 ns, 17.4231 ns/op
WorkloadActual   3: 33554432 op, 562664695.00 ns, 16.7687 ns/op
WorkloadActual   4: 33554432 op, 570761382.00 ns, 17.0100 ns/op
WorkloadActual   5: 33554432 op, 569845637.00 ns, 16.9827 ns/op
WorkloadActual   6: 33554432 op, 568666051.00 ns, 16.9476 ns/op
WorkloadActual   7: 33554432 op, 565561536.00 ns, 16.8550 ns/op
WorkloadActual   8: 33554432 op, 569144532.00 ns, 16.9618 ns/op
WorkloadActual   9: 33554432 op, 570220041.00 ns, 16.9939 ns/op
WorkloadActual  10: 33554432 op, 559612994.00 ns, 16.6778 ns/op
WorkloadActual  11: 33554432 op, 565941776.00 ns, 16.8664 ns/op
WorkloadActual  12: 33554432 op, 559753657.00 ns, 16.6820 ns/op
WorkloadActual  13: 33554432 op, 573163197.00 ns, 17.0816 ns/op
WorkloadActual  14: 33554432 op, 568616108.00 ns, 16.9461 ns/op
WorkloadActual  15: 33554432 op, 570602928.00 ns, 17.0053 ns/op

// AfterActualRun
WorkloadResult   1: 33554432 op, 491013993.00 ns, 14.6334 ns/op
WorkloadResult   2: 33554432 op, 481932772.00 ns, 14.3627 ns/op
WorkloadResult   3: 33554432 op, 490029459.00 ns, 14.6040 ns/op
WorkloadResult   4: 33554432 op, 489113714.00 ns, 14.5767 ns/op
WorkloadResult   5: 33554432 op, 487934128.00 ns, 14.5416 ns/op
WorkloadResult   6: 33554432 op, 484829613.00 ns, 14.4490 ns/op
WorkloadResult   7: 33554432 op, 488412609.00 ns, 14.5558 ns/op
WorkloadResult   8: 33554432 op, 489488118.00 ns, 14.5879 ns/op
WorkloadResult   9: 33554432 op, 478881071.00 ns, 14.2718 ns/op
WorkloadResult  10: 33554432 op, 485209853.00 ns, 14.4604 ns/op
WorkloadResult  11: 33554432 op, 479021734.00 ns, 14.2760 ns/op
WorkloadResult  12: 33554432 op, 492431274.00 ns, 14.6756 ns/op
WorkloadResult  13: 33554432 op, 487884185.00 ns, 14.5401 ns/op
WorkloadResult  14: 33554432 op, 489871005.00 ns, 14.5993 ns/op
// GC:  19 0 0 1610612736 33554432
// Threading:  0 0 33554432

// AfterAll
// Benchmark Process 2774 has exited with code 0.

Mean = 14.510 ns, StdErr = 0.034 ns (0.24%), N = 14, StdDev = 0.128 ns
Min = 14.272 ns, Q1 = 14.452 ns, Median = 14.549 ns, Q3 = 14.596 ns, Max = 14.676 ns
IQR = 0.145 ns, LowerFence = 14.235 ns, UpperFence = 14.813 ns
ConfidenceInterval = [14.365 ns; 14.654 ns] (CI 99.9%), Margin = 0.145 ns (1.00% of Mean)
Skewness = -0.7, Kurtosis = 2.09, MValue = 2

// ** Remained 10 (83.3 %) benchmark(s) to run. Estimated finish 2026-09-23 22:39 (0h 3m from now) **
// **************************
// Benchmark: ApiGatewayResponseBenchmarks.ToHttpApiResponse_Success: DefaultJob
// *** Execute ***
// Launch: 1 / 1
// Execute: dotnet Encina.AwsLambda.Benchmarks-DefaultJob-1.dll --anonymousPipes 140 141 --benchmarkName Encina.AwsLambda.Benchmarks.ApiGatewayResponseBenchmarks.ToHttpApiResponse_Success --job Default --benchmarkId 2 in /home/runner/work/Encina/Encina/tests/Encina.BenchmarkTests/Encina.AwsLambda.Benchmarks/bin/Release/net10.0/Encina.AwsLambda.Benchmarks-DefaultJob-1/bin/Release/net10.0
// Failed to set up high priority (Permission denied). In order to run benchmarks with high priority, make sure you have the right permissions.
// BeforeAnythingElse

// Benchmark Process Environment Information:
// BenchmarkDotNet v0.15.8
// Runtime=.NET 10.0.12 (10.0.12, 10.0.1226.42308), X64 RyuJIT x86-64-v4
// GC=Concurrent Workstation
// HardwareIntrinsics=AVX10v1,AVX512 BF16+FP16,AVX512 BITALG+VBMI2+VNNI+VPOPCNTDQ,AVX512 IFMA+VBMI,AVX512 F+BW+CD+DQ+VL,AVX2+BMI1+BMI2+F16C+FMA+LZCNT+MOVBE,AVX,SSE3+SSSE3+SSE4.1+SSE4.2+POPCNT,X86Base+SSE+SSE2,AES+PCLMUL,AvxVnni,SERIALIZE VectorSize=256
// Job: DefaultJob

OverheadJitting  1: 1 op, 166632.00 ns, 166.6320 us/op
WorkloadJitting  1: 1 op, 19684087.00 ns, 19.6841 ms/op

OverheadJitting  2: 16 op, 333250.00 ns, 20.8281 us/op
WorkloadJitting  2: 16 op, 451020.00 ns, 28.1888 us/op

WorkloadPilot    1: 16 op, 33635.00 ns, 2.1022 us/op
WorkloadPilot    2: 32 op, 59483.00 ns, 1.8588 us/op
WorkloadPilot    3: 64 op, 66078.00 ns, 1.0325 us/op
WorkloadPilot    4: 128 op, 117052.00 ns, 914.4688 ns/op
WorkloadPilot    5: 256 op, 190836.00 ns, 745.4531 ns/op
WorkloadPilot    6: 512 op, 328102.00 ns, 640.8242 ns/op
WorkloadPilot    7: 1024 op, 665850.00 ns, 650.2441 ns/op
WorkloadPilot    8: 2048 op, 1431965.00 ns, 699.2017 ns/op
WorkloadPilot    9: 4096 op, 2819778.00 ns, 688.4224 ns/op
WorkloadPilot   10: 8192 op, 5378237.00 ns, 656.5231 ns/op
WorkloadPilot   11: 16384 op, 10707472.00 ns, 653.5322 ns/op
WorkloadPilot   12: 32768 op, 21376623.00 ns, 652.3628 ns/op
WorkloadPilot   13: 65536 op, 39939315.00 ns, 609.4256 ns/op
WorkloadPilot   14: 131072 op, 80549523.00 ns, 614.5441 ns/op
WorkloadPilot   15: 262144 op, 143435064.00 ns, 547.1613 ns/op
WorkloadPilot   16: 524288 op, 270428063.00 ns, 515.8006 ns/op
WorkloadPilot   17: 1048576 op, 551418005.00 ns, 525.8732 ns/op

OverheadWarmup   1: 1048576 op, 2535259.00 ns, 2.4178 ns/op
OverheadWarmup   2: 1048576 op, 2554428.00 ns, 2.4361 ns/op
OverheadWarmup   3: 1048576 op, 2537327.00 ns, 2.4198 ns/op
OverheadWarmup   4: 1048576 op, 2536940.00 ns, 2.4194 ns/op
OverheadWarmup   5: 1048576 op, 2529732.00 ns, 2.4125 ns/op
OverheadWarmup   6: 1048576 op, 2532419.00 ns, 2.4151 ns/op
OverheadWarmup   7: 1048576 op, 2549665.00 ns, 2.4316 ns/op
OverheadWarmup   8: 1048576 op, 2558243.00 ns, 2.4397 ns/op
OverheadWarmup   9: 1048576 op, 2558452.00 ns, 2.4399 ns/op
OverheadWarmup  10: 1048576 op, 2544334.00 ns, 2.4265 ns/op

OverheadActual   1: 1048576 op, 2560300.00 ns, 2.4417 ns/op
OverheadActual   2: 1048576 op, 2542073.00 ns, 2.4243 ns/op
OverheadActual   3: 1048576 op, 2555113.00 ns, 2.4367 ns/op
OverheadActual   4: 1048576 op, 2553548.00 ns, 2.4353 ns/op
OverheadActual   5: 1048576 op, 2550831.00 ns, 2.4327 ns/op
OverheadActual   6: 1048576 op, 2547361.00 ns, 2.4294 ns/op
OverheadActual   7: 1048576 op, 2535368.00 ns, 2.4179 ns/op
OverheadActual   8: 1048576 op, 2497127.00 ns, 2.3814 ns/op
OverheadActual   9: 1048576 op, 2483767.00 ns, 2.3687 ns/op
OverheadActual  10: 1048576 op, 2494866.00 ns, 2.3793 ns/op
OverheadActual  11: 1048576 op, 2482444.00 ns, 2.3674 ns/op
OverheadActual  12: 1048576 op, 2480388.00 ns, 2.3655 ns/op
OverheadActual  13: 1048576 op, 2490644.00 ns, 2.3753 ns/op
OverheadActual  14: 1048576 op, 2490075.00 ns, 2.3747 ns/op
OverheadActual  15: 1048576 op, 2478452.00 ns, 2.3636 ns/op

WorkloadWarmup   1: 1048576 op, 550546821.00 ns, 525.0424 ns/op
WorkloadWarmup   2: 1048576 op, 546110739.00 ns, 520.8118 ns/op
WorkloadWarmup   3: 1048576 op, 538935380.00 ns, 513.9688 ns/op
WorkloadWarmup   4: 1048576 op, 538674675.00 ns, 513.7202 ns/op
WorkloadWarmup   5: 1048576 op, 541925553.00 ns, 516.8205 ns/op
WorkloadWarmup   6: 1048576 op, 545542278.00 ns, 520.2697 ns/op
WorkloadWarmup   7: 1048576 op, 538969643.00 ns, 514.0015 ns/op
WorkloadWarmup   8: 1048576 op, 543795970.00 ns, 518.6042 ns/op
WorkloadWarmup   9: 1048576 op, 543106740.00 ns, 517.9469 ns/op

// BeforeActualRun
WorkloadActual   1: 1048576 op, 604705649.00 ns, 576.6922 ns/op
WorkloadActual   2: 1048576 op, 615274541.00 ns, 586.7715 ns/op
WorkloadActual   3: 1048576 op, 585105797.00 ns, 558.0004 ns/op
WorkloadActual   4: 1048576 op, 543061416.00 ns, 517.9037 ns/op
WorkloadActual   5: 1048576 op, 540200481.00 ns, 515.1753 ns/op
WorkloadActual   6: 1048576 op, 543929574.00 ns, 518.7317 ns/op
WorkloadActual   7: 1048576 op, 544736047.00 ns, 519.5008 ns/op
WorkloadActual   8: 1048576 op, 540775607.00 ns, 515.7238 ns/op
WorkloadActual   9: 1048576 op, 549341908.00 ns, 523.8933 ns/op
WorkloadActual  10: 1048576 op, 617412674.00 ns, 588.8106 ns/op
WorkloadActual  11: 1048576 op, 594272012.00 ns, 566.7420 ns/op
WorkloadActual  12: 1048576 op, 539670040.00 ns, 514.6695 ns/op
WorkloadActual  13: 1048576 op, 544801592.00 ns, 519.5633 ns/op
WorkloadActual  14: 1048576 op, 540124098.00 ns, 515.1025 ns/op
WorkloadActual  15: 1048576 op, 544060620.00 ns, 518.8566 ns/op
WorkloadActual  16: 1048576 op, 539469582.00 ns, 514.4783 ns/op
WorkloadActual  17: 1048576 op, 540266689.00 ns, 515.2385 ns/op
WorkloadActual  18: 1048576 op, 543010826.00 ns, 517.8555 ns/op
WorkloadActual  19: 1048576 op, 541060387.00 ns, 515.9954 ns/op
WorkloadActual  20: 1048576 op, 540513576.00 ns, 515.4739 ns/op
WorkloadActual  21: 1048576 op, 540186151.00 ns, 515.1617 ns/op

// AfterActualRun
WorkloadResult   1: 1048576 op, 540564289.00 ns, 515.5223 ns/op
WorkloadResult   2: 1048576 op, 537703354.00 ns, 512.7939 ns/op
WorkloadResult   3: 1048576 op, 541432447.00 ns, 516.3502 ns/op
WorkloadResult   4: 1048576 op, 542238920.00 ns, 517.1193 ns/op
WorkloadResult   5: 1048576 op, 538278480.00 ns, 513.3424 ns/op
WorkloadResult   6: 1048576 op, 546844781.00 ns, 521.5118 ns/op
WorkloadResult   7: 1048576 op, 537172913.00 ns, 512.2880 ns/op
WorkloadResult   8: 1048576 op, 542304465.00 ns, 517.1818 ns/op
WorkloadResult   9: 1048576 op, 537626971.00 ns, 512.7210 ns/op
WorkloadResult  10: 1048576 op, 541563493.00 ns, 516.4752 ns/op
WorkloadResult  11: 1048576 op, 536972455.00 ns, 512.0968 ns/op
WorkloadResult  12: 1048576 op, 537769562.00 ns, 512.8570 ns/op
WorkloadResult  13: 1048576 op, 540513699.00 ns, 515.4740 ns/op
WorkloadResult  14: 1048576 op, 538563260.00 ns, 513.6139 ns/op
WorkloadResult  15: 1048576 op, 538016449.00 ns, 513.0925 ns/op
WorkloadResult  16: 1048576 op, 537689024.00 ns, 512.7802 ns/op
// GC:  6 0 0 520093696 1048576
// Threading:  0 0 1048576

// AfterAll
// Benchmark Process 2785 has exited with code 0.

Mean = 514.701 ns, StdErr = 0.640 ns (0.12%), N = 16, StdDev = 2.561 ns
Min = 512.097 ns, Q1 = 512.790 ns, Median = 513.478 ns, Q3 = 516.381 ns, Max = 521.512 ns
IQR = 3.591 ns, LowerFence = 507.404 ns, UpperFence = 521.768 ns
ConfidenceInterval = [512.093 ns; 517.309 ns] (CI 99.9%), Margin = 2.608 ns (0.51% of Mean)
Skewness = 1.07, Kurtosis = 3.47, MValue = 2

// ** Remained 9 (75.0 %) benchmark(s) to run. Estimated finish 2026-09-23 22:39 (0h 3m from now) **
// **************************
// Benchmark: ApiGatewayResponseBenchmarks.ToHttpApiResponse_Error: DefaultJob
// *** Execute ***
// Launch: 1 / 1
// Execute: dotnet Encina.AwsLambda.Benchmarks-DefaultJob-1.dll --anonymousPipes 140 141 --benchmarkName Encina.AwsLambda.Benchmarks.ApiGatewayResponseBenchmarks.ToHttpApiResponse_Error --job Default --benchmarkId 3 in /home/runner/work/Encina/Encina/tests/Encina.BenchmarkTests/Encina.AwsLambda.Benchmarks/bin/Release/net10.0/Encina.AwsLambda.Benchmarks-DefaultJob-1/bin/Release/net10.0
// Failed to set up high priority (Permission denied). In order to run benchmarks with high priority, make sure you have the right permissions.
// BeforeAnythingElse

// Benchmark Process Environment Information:
// BenchmarkDotNet v0.15.8
// Runtime=.NET 10.0.12 (10.0.12, 10.0.1226.42308), X64 RyuJIT x86-64-v4
// GC=Concurrent Workstation
// HardwareIntrinsics=AVX10v1,AVX512 BF16+FP16,AVX512 BITALG+VBMI2+VNNI+VPOPCNTDQ,AVX512 IFMA+VBMI,AVX512 F+BW+CD+DQ+VL,AVX2+BMI1+BMI2+F16C+FMA+LZCNT+MOVBE,AVX,SSE3+SSSE3+SSE4.1+SSE4.2+POPCNT,X86Base+SSE+SSE2,AES+PCLMUL,AvxVnni,SERIALIZE VectorSize=256
// Job: DefaultJob

OverheadJitting  1: 1 op, 169643.00 ns, 169.6430 us/op
WorkloadJitting  1: 1 op, 31274007.00 ns, 31.2740 ms/op

OverheadJitting  2: 16 op, 323238.00 ns, 20.2024 us/op
WorkloadJitting  2: 16 op, 454271.00 ns, 28.3919 us/op

WorkloadPilot    1: 16 op, 61205.00 ns, 3.8253 us/op
WorkloadPilot    2: 32 op, 75842.00 ns, 2.3701 us/op
WorkloadPilot    3: 64 op, 83060.00 ns, 1.2978 us/op
WorkloadPilot    4: 128 op, 188425.00 ns, 1.4721 us/op
WorkloadPilot    5: 256 op, 478121.00 ns, 1.8677 us/op
WorkloadPilot    6: 512 op, 686809.00 ns, 1.3414 us/op
WorkloadPilot    7: 1024 op, 1390750.00 ns, 1.3582 us/op
WorkloadPilot    8: 2048 op, 2870696.00 ns, 1.4017 us/op
WorkloadPilot    9: 4096 op, 5600828.00 ns, 1.3674 us/op
WorkloadPilot   10: 8192 op, 10967183.00 ns, 1.3388 us/op
WorkloadPilot   11: 16384 op, 21386148.00 ns, 1.3053 us/op
WorkloadPilot   12: 32768 op, 41464173.00 ns, 1.2654 us/op
WorkloadPilot   13: 65536 op, 82347262.00 ns, 1.2565 us/op
WorkloadPilot   14: 131072 op, 136431147.00 ns, 1.0409 us/op
WorkloadPilot   15: 262144 op, 265259875.00 ns, 1.0119 us/op
WorkloadPilot   16: 524288 op, 530223949.00 ns, 1.0113 us/op

OverheadWarmup   1: 524288 op, 1491858.00 ns, 2.8455 ns/op
OverheadWarmup   2: 524288 op, 1481929.00 ns, 2.8266 ns/op
OverheadWarmup   3: 524288 op, 1346060.00 ns, 2.5674 ns/op
OverheadWarmup   4: 524288 op, 1275984.00 ns, 2.4337 ns/op
OverheadWarmup   5: 524288 op, 1243571.00 ns, 2.3719 ns/op
OverheadWarmup   6: 524288 op, 1241074.00 ns, 2.3672 ns/op
OverheadWarmup   7: 524288 op, 1239537.00 ns, 2.3642 ns/op
OverheadWarmup   8: 524288 op, 1264301.00 ns, 2.4115 ns/op
OverheadWarmup   9: 524288 op, 1256000.00 ns, 2.3956 ns/op
OverheadWarmup  10: 524288 op, 1251733.00 ns, 2.3875 ns/op

OverheadActual   1: 524288 op, 1245663.00 ns, 2.3759 ns/op
OverheadActual   2: 524288 op, 1236429.00 ns, 2.3583 ns/op
OverheadActual   3: 524288 op, 1243926.00 ns, 2.3726 ns/op
OverheadActual   4: 524288 op, 1236298.00 ns, 2.3581 ns/op
OverheadActual   5: 524288 op, 1254748.00 ns, 2.3932 ns/op
OverheadActual   6: 524288 op, 1243370.00 ns, 2.3715 ns/op
OverheadActual   7: 524288 op, 1237088.00 ns, 2.3596 ns/op
OverheadActual   8: 524288 op, 1245813.00 ns, 2.3762 ns/op
OverheadActual   9: 524288 op, 1247554.00 ns, 2.3795 ns/op
OverheadActual  10: 524288 op, 1239423.00 ns, 2.3640 ns/op
OverheadActual  11: 524288 op, 1256709.00 ns, 2.3970 ns/op
OverheadActual  12: 524288 op, 1236573.00 ns, 2.3586 ns/op
OverheadActual  13: 524288 op, 1246824.00 ns, 2.3781 ns/op
OverheadActual  14: 524288 op, 1242857.00 ns, 2.3706 ns/op
OverheadActual  15: 524288 op, 1241624.00 ns, 2.3682 ns/op

WorkloadWarmup   1: 524288 op, 538127047.00 ns, 1.0264 us/op
WorkloadWarmup   2: 524288 op, 532088124.00 ns, 1.0149 us/op
WorkloadWarmup   3: 524288 op, 531682443.00 ns, 1.0141 us/op
WorkloadWarmup   4: 524288 op, 527929483.00 ns, 1.0069 us/op
WorkloadWarmup   5: 524288 op, 530472021.00 ns, 1.0118 us/op
WorkloadWarmup   6: 524288 op, 529886131.00 ns, 1.0107 us/op
WorkloadWarmup   7: 524288 op, 528819210.00 ns, 1.0086 us/op
WorkloadWarmup   8: 524288 op, 584575840.00 ns, 1.1150 us/op
WorkloadWarmup   9: 524288 op, 566343803.00 ns, 1.0802 us/op

// BeforeActualRun
WorkloadActual   1: 524288 op, 530401684.00 ns, 1.0117 us/op
WorkloadActual   2: 524288 op, 532798311.00 ns, 1.0162 us/op
WorkloadActual   3: 524288 op, 528172740.00 ns, 1.0074 us/op
WorkloadActual   4: 524288 op, 527852386.00 ns, 1.0068 us/op
WorkloadActual   5: 524288 op, 527864462.00 ns, 1.0068 us/op
WorkloadActual   6: 524288 op, 527527045.00 ns, 1.0062 us/op
WorkloadActual   7: 524288 op, 532336852.00 ns, 1.0154 us/op
WorkloadActual   8: 524288 op, 532419704.00 ns, 1.0155 us/op
WorkloadActual   9: 524288 op, 528449081.00 ns, 1.0079 us/op
WorkloadActual  10: 524288 op, 529672262.00 ns, 1.0103 us/op
WorkloadActual  11: 524288 op, 544479746.00 ns, 1.0385 us/op
WorkloadActual  12: 524288 op, 528952727.00 ns, 1.0089 us/op
WorkloadActual  13: 524288 op, 551490623.00 ns, 1.0519 us/op
WorkloadActual  14: 524288 op, 531215954.00 ns, 1.0132 us/op
WorkloadActual  15: 524288 op, 529468756.00 ns, 1.0099 us/op

// AfterActualRun
WorkloadResult   1: 524288 op, 529158314.00 ns, 1.0093 us/op
WorkloadResult   2: 524288 op, 531554941.00 ns, 1.0139 us/op
WorkloadResult   3: 524288 op, 526929370.00 ns, 1.0050 us/op
WorkloadResult   4: 524288 op, 526609016.00 ns, 1.0044 us/op
WorkloadResult   5: 524288 op, 526621092.00 ns, 1.0045 us/op
WorkloadResult   6: 524288 op, 526283675.00 ns, 1.0038 us/op
WorkloadResult   7: 524288 op, 531093482.00 ns, 1.0130 us/op
WorkloadResult   8: 524288 op, 531176334.00 ns, 1.0131 us/op
WorkloadResult   9: 524288 op, 527205711.00 ns, 1.0056 us/op
WorkloadResult  10: 524288 op, 528428892.00 ns, 1.0079 us/op
WorkloadResult  11: 524288 op, 527709357.00 ns, 1.0065 us/op
WorkloadResult  12: 524288 op, 529972584.00 ns, 1.0108 us/op
WorkloadResult  13: 524288 op, 528225386.00 ns, 1.0075 us/op
// GC:  7 0 0 645922816 524288
// Threading:  0 0 524288

// AfterAll
// Benchmark Process 2815 has exited with code 0.

Mean = 1.008 μs, StdErr = 0.001 μs (0.10%), N = 13, StdDev = 0.004 μs
Min = 1.004 μs, Q1 = 1.005 μs, Median = 1.008 μs, Q3 = 1.011 μs, Max = 1.014 μs
IQR = 0.006 μs, LowerFence = 0.996 μs, UpperFence = 1.020 μs
ConfidenceInterval = [1.004 μs; 1.012 μs] (CI 99.9%), Margin = 0.004 μs (0.43% of Mean)
Skewness = 0.38, Kurtosis = 1.47, MValue = 2

// ** Remained 8 (66.7 %) benchmark(s) to run. Estimated finish 2026-09-23 22:38 (0h 2m from now) **
// **************************
// Benchmark: ApiGatewayResponseBenchmarks.ToCreatedResponse_Success: ShortRun(IterationCount=3, LaunchCount=1, WarmupCount=3)
// *** Execute ***
// Launch: 1 / 1
// Execute: dotnet Encina.AwsLambda.Benchmarks-DefaultJob-1.dll --anonymousPipes 140 141 --benchmarkName Encina.AwsLambda.Benchmarks.ApiGatewayResponseBenchmarks.ToCreatedResponse_Success --job ShortRun --benchmarkId 4 in /home/runner/work/Encina/Encina/tests/Encina.BenchmarkTests/Encina.AwsLambda.Benchmarks/bin/Release/net10.0/Encina.AwsLambda.Benchmarks-DefaultJob-1/bin/Release/net10.0
// Failed to set up high priority (Permission denied). In order to run benchmarks with high priority, make sure you have the right permissions.
// BeforeAnythingElse

// Benchmark Process Environment Information:
// BenchmarkDotNet v0.15.8
// Runtime=.NET 10.0.12 (10.0.12, 10.0.1226.42308), X64 RyuJIT x86-64-v4
// GC=Concurrent Workstation
// HardwareIntrinsics=AVX10v1,AVX512 BF16+FP16,AVX512 BITALG+VBMI2+VNNI+VPOPCNTDQ,AVX512 IFMA+VBMI,AVX512 F+BW+CD+DQ+VL,AVX2+BMI1+BMI2+F16C+FMA+LZCNT+MOVBE,AVX,SSE3+SSSE3+SSE4.1+SSE4.2+POPCNT,X86Base+SSE+SSE2,AES+PCLMUL,AvxVnni,SERIALIZE VectorSize=256
// Job: ShortRun(IterationCount=3, LaunchCount=1, WarmupCount=3)

OverheadJitting  1: 1 op, 172092.00 ns, 172.0920 us/op
WorkloadJitting  1: 1 op, 20643945.00 ns, 20.6439 ms/op

OverheadJitting  2: 16 op, 317555.00 ns, 19.8472 us/op
WorkloadJitting  2: 16 op, 445339.00 ns, 27.8337 us/op

WorkloadPilot    1: 16 op, 37007.00 ns, 2.3129 us/op
WorkloadPilot    2: 32 op, 50808.00 ns, 1.5878 us/op
WorkloadPilot    3: 64 op, 85401.00 ns, 1.3344 us/op
WorkloadPilot    4: 128 op, 128143.00 ns, 1.0011 us/op
WorkloadPilot    5: 256 op, 258314.00 ns, 1.0090 us/op
WorkloadPilot    6: 512 op, 427836.00 ns, 835.6172 ns/op
WorkloadPilot    7: 1024 op, 786967.00 ns, 768.5225 ns/op
WorkloadPilot    8: 2048 op, 1610416.00 ns, 786.3359 ns/op
WorkloadPilot    9: 4096 op, 3197103.00 ns, 780.5427 ns/op
WorkloadPilot   10: 8192 op, 6311913.00 ns, 770.4972 ns/op
WorkloadPilot   11: 16384 op, 12507854.00 ns, 763.4188 ns/op
WorkloadPilot   12: 32768 op, 25924827.00 ns, 791.1629 ns/op
WorkloadPilot   13: 65536 op, 50848149.00 ns, 775.8812 ns/op
WorkloadPilot   14: 131072 op, 97521488.00 ns, 744.0299 ns/op
WorkloadPilot   15: 262144 op, 179915927.00 ns, 686.3248 ns/op
WorkloadPilot   16: 524288 op, 344619772.00 ns, 657.3101 ns/op
WorkloadPilot   17: 1048576 op, 687618267.00 ns, 655.7639 ns/op

OverheadWarmup   1: 1048576 op, 2447400.00 ns, 2.3340 ns/op
OverheadWarmup   2: 1048576 op, 2484245.00 ns, 2.3692 ns/op
OverheadWarmup   3: 1048576 op, 2481327.00 ns, 2.3664 ns/op
OverheadWarmup   4: 1048576 op, 2477877.00 ns, 2.3631 ns/op
OverheadWarmup   5: 1048576 op, 2480276.00 ns, 2.3654 ns/op
OverheadWarmup   6: 1048576 op, 2493693.00 ns, 2.3782 ns/op
OverheadWarmup   7: 1048576 op, 2480638.00 ns, 2.3657 ns/op

OverheadActual   1: 1048576 op, 2458606.00 ns, 2.3447 ns/op
OverheadActual   2: 1048576 op, 2510977.00 ns, 2.3947 ns/op
OverheadActual   3: 1048576 op, 2464349.00 ns, 2.3502 ns/op
OverheadActual   4: 1048576 op, 2496106.00 ns, 2.3805 ns/op
OverheadActual   5: 1048576 op, 2452502.00 ns, 2.3389 ns/op
OverheadActual   6: 1048576 op, 2482016.00 ns, 2.3670 ns/op
OverheadActual   7: 1048576 op, 2461974.00 ns, 2.3479 ns/op
OverheadActual   8: 1048576 op, 2460791.00 ns, 2.3468 ns/op
OverheadActual   9: 1048576 op, 2468489.00 ns, 2.3541 ns/op
OverheadActual  10: 1048576 op, 2459536.00 ns, 2.3456 ns/op
OverheadActual  11: 1048576 op, 2467767.00 ns, 2.3534 ns/op
OverheadActual  12: 1048576 op, 2460707.00 ns, 2.3467 ns/op
OverheadActual  13: 1048576 op, 2452835.00 ns, 2.3392 ns/op
OverheadActual  14: 1048576 op, 2466391.00 ns, 2.3521 ns/op
OverheadActual  15: 1048576 op, 2464780.00 ns, 2.3506 ns/op

WorkloadWarmup   1: 1048576 op, 704055770.00 ns, 671.4399 ns/op
WorkloadWarmup   2: 1048576 op, 700404513.00 ns, 667.9578 ns/op
WorkloadWarmup   3: 1048576 op, 757606088.00 ns, 722.5095 ns/op

// BeforeActualRun
WorkloadActual   1: 1048576 op, 714591736.00 ns, 681.4878 ns/op
WorkloadActual   2: 1048576 op, 689760592.00 ns, 657.8070 ns/op
WorkloadActual   3: 1048576 op, 687196474.00 ns, 655.3616 ns/op

// AfterActualRun
WorkloadResult   1: 1048576 op, 712127387.00 ns, 679.1376 ns/op
WorkloadResult   2: 1048576 op, 687296243.00 ns, 655.4568 ns/op
WorkloadResult   3: 1048576 op, 684732125.00 ns, 653.0114 ns/op
// GC:  6 0 0 503316480 1048576
// Threading:  0 0 1048576

// AfterAll
// Benchmark Process 2822 has exited with code 0.

Mean = 662.535 ns, StdErr = 8.331 ns (1.26%), N = 3, StdDev = 14.430 ns
Min = 653.011 ns, Q1 = 654.234 ns, Median = 655.457 ns, Q3 = 667.297 ns, Max = 679.138 ns
IQR = 13.063 ns, LowerFence = 634.639 ns, UpperFence = 686.892 ns
ConfidenceInterval = [399.280 ns; 925.791 ns] (CI 99.9%), Margin = 263.256 ns (39.73% of Mean)
Skewness = 0.37, Kurtosis = 0.67, MValue = 2

// ** Remained 7 (58.3 %) benchmark(s) to run. Estimated finish 2026-09-23 22:38 (0h 1m from now) **
// **************************
// Benchmark: ApiGatewayResponseBenchmarks.ToNoContentResponse_Success: ShortRun(IterationCount=3, LaunchCount=1, WarmupCount=3)
// *** Execute ***
// Launch: 1 / 1
// Execute: dotnet Encina.AwsLambda.Benchmarks-DefaultJob-1.dll --anonymousPipes 140 141 --benchmarkName Encina.AwsLambda.Benchmarks.ApiGatewayResponseBenchmarks.ToNoContentResponse_Success --job ShortRun --benchmarkId 5 in /home/runner/work/Encina/Encina/tests/Encina.BenchmarkTests/Encina.AwsLambda.Benchmarks/bin/Release/net10.0/Encina.AwsLambda.Benchmarks-DefaultJob-1/bin/Release/net10.0
// Failed to set up high priority (Permission denied). In order to run benchmarks with high priority, make sure you have the right permissions.
// BeforeAnythingElse

// Benchmark Process Environment Information:
// BenchmarkDotNet v0.15.8
// Runtime=.NET 10.0.12 (10.0.12, 10.0.1226.42308), X64 RyuJIT x86-64-v4
// GC=Concurrent Workstation
// HardwareIntrinsics=AVX10v1,AVX512 BF16+FP16,AVX512 BITALG+VBMI2+VNNI+VPOPCNTDQ,AVX512 IFMA+VBMI,AVX512 F+BW+CD+DQ+VL,AVX2+BMI1+BMI2+F16C+FMA+LZCNT+MOVBE,AVX,SSE3+SSSE3+SSE4.1+SSE4.2+POPCNT,X86Base+SSE+SSE2,AES+PCLMUL,AvxVnni,SERIALIZE VectorSize=256
// Job: ShortRun(IterationCount=3, LaunchCount=1, WarmupCount=3)

OverheadJitting  1: 1 op, 161760.00 ns, 161.7600 us/op
WorkloadJitting  1: 1 op, 1523229.00 ns, 1.5232 ms/op

OverheadJitting  2: 16 op, 294904.00 ns, 18.4315 us/op
WorkloadJitting  2: 16 op, 334366.00 ns, 20.8979 us/op

WorkloadPilot    1: 16 op, 3179.00 ns, 198.6875 ns/op
WorkloadPilot    2: 32 op, 3097.00 ns, 96.7813 ns/op
WorkloadPilot    3: 64 op, 3265.00 ns, 51.0156 ns/op
WorkloadPilot    4: 128 op, 11527.00 ns, 90.0547 ns/op
WorkloadPilot    5: 256 op, 27224.00 ns, 106.3438 ns/op
WorkloadPilot    6: 512 op, 17698.00 ns, 34.5664 ns/op
WorkloadPilot    7: 1024 op, 44165.00 ns, 43.1299 ns/op
WorkloadPilot    8: 2048 op, 72434.00 ns, 35.3682 ns/op
WorkloadPilot    9: 4096 op, 130618.00 ns, 31.8892 ns/op
WorkloadPilot   10: 8192 op, 202539.00 ns, 24.7240 ns/op
WorkloadPilot   11: 16384 op, 473065.00 ns, 28.8736 ns/op
WorkloadPilot   12: 32768 op, 857907.00 ns, 26.1812 ns/op
WorkloadPilot   13: 65536 op, 1703103.00 ns, 25.9873 ns/op
WorkloadPilot   14: 131072 op, 3308093.00 ns, 25.2387 ns/op
WorkloadPilot   15: 262144 op, 7125912.00 ns, 27.1832 ns/op
WorkloadPilot   16: 524288 op, 12942753.00 ns, 24.6863 ns/op
WorkloadPilot   17: 1048576 op, 22986605.00 ns, 21.9217 ns/op
WorkloadPilot   18: 2097152 op, 45532574.00 ns, 21.7116 ns/op
WorkloadPilot   19: 4194304 op, 71228004.00 ns, 16.9821 ns/op
WorkloadPilot   20: 8388608 op, 154855252.00 ns, 18.4602 ns/op
WorkloadPilot   21: 16777216 op, 320490448.00 ns, 19.1027 ns/op
WorkloadPilot   22: 33554432 op, 586653999.00 ns, 17.4837 ns/op

OverheadWarmup   1: 33554432 op, 79176898.00 ns, 2.3597 ns/op
OverheadWarmup   2: 33554432 op, 79209901.00 ns, 2.3606 ns/op
OverheadWarmup   3: 33554432 op, 79314575.00 ns, 2.3638 ns/op
OverheadWarmup   4: 33554432 op, 79166947.00 ns, 2.3594 ns/op
OverheadWarmup   5: 33554432 op, 79168662.00 ns, 2.3594 ns/op
OverheadWarmup   6: 33554432 op, 79190347.00 ns, 2.3601 ns/op
OverheadWarmup   7: 33554432 op, 79134913.00 ns, 2.3584 ns/op

OverheadActual   1: 33554432 op, 79165683.00 ns, 2.3593 ns/op
OverheadActual   2: 33554432 op, 79261826.00 ns, 2.3622 ns/op
OverheadActual   3: 33554432 op, 79560069.00 ns, 2.3711 ns/op
OverheadActual   4: 33554432 op, 79653953.00 ns, 2.3739 ns/op
OverheadActual   5: 33554432 op, 79257985.00 ns, 2.3621 ns/op
OverheadActual   6: 33554432 op, 79131580.00 ns, 2.3583 ns/op
OverheadActual   7: 33554432 op, 79152679.00 ns, 2.3589 ns/op
OverheadActual   8: 33554432 op, 79108857.00 ns, 2.3576 ns/op
OverheadActual   9: 33554432 op, 79205306.00 ns, 2.3605 ns/op
OverheadActual  10: 33554432 op, 79317480.00 ns, 2.3638 ns/op
OverheadActual  11: 33554432 op, 79331772.00 ns, 2.3643 ns/op
OverheadActual  12: 33554432 op, 79203372.00 ns, 2.3604 ns/op
OverheadActual  13: 33554432 op, 83074353.00 ns, 2.4758 ns/op
OverheadActual  14: 33554432 op, 79290106.00 ns, 2.3630 ns/op
OverheadActual  15: 33554432 op, 79240417.00 ns, 2.3615 ns/op

WorkloadWarmup   1: 33554432 op, 589973542.00 ns, 17.5826 ns/op
WorkloadWarmup   2: 33554432 op, 575452807.00 ns, 17.1498 ns/op
WorkloadWarmup   3: 33554432 op, 568155247.00 ns, 16.9323 ns/op

// BeforeActualRun
WorkloadActual   1: 33554432 op, 570095357.00 ns, 16.9902 ns/op
WorkloadActual   2: 33554432 op, 573808904.00 ns, 17.1008 ns/op
WorkloadActual   3: 33554432 op, 565911104.00 ns, 16.8655 ns/op

// AfterActualRun
WorkloadResult   1: 33554432 op, 490837372.00 ns, 14.6281 ns/op
WorkloadResult   2: 33554432 op, 494550919.00 ns, 14.7388 ns/op
WorkloadResult   3: 33554432 op, 486653119.00 ns, 14.5034 ns/op
// GC:  19 0 0 1610612736 33554432
// Threading:  0 0 33554432

// AfterAll
// Benchmark Process 2829 has exited with code 0.

Mean = 14.623 ns, StdErr = 0.068 ns (0.46%), N = 3, StdDev = 0.118 ns
Min = 14.503 ns, Q1 = 14.566 ns, Median = 14.628 ns, Q3 = 14.683 ns, Max = 14.739 ns
IQR = 0.118 ns, LowerFence = 14.389 ns, UpperFence = 14.860 ns
ConfidenceInterval = [12.475 ns; 16.772 ns] (CI 99.9%), Margin = 2.148 ns (14.69% of Mean)
Skewness = -0.04, Kurtosis = 0.67, MValue = 2

// ** Remained 6 (50.0 %) benchmark(s) to run. Estimated finish 2026-09-23 22:38 (0h 1m from now) **
// **************************
// Benchmark: ApiGatewayResponseBenchmarks.ToHttpApiResponse_Success: ShortRun(IterationCount=3, LaunchCount=1, WarmupCount=3)
// *** Execute ***
// Launch: 1 / 1
// Execute: dotnet Encina.AwsLambda.Benchmarks-DefaultJob-1.dll --anonymousPipes 140 141 --benchmarkName Encina.AwsLambda.Benchmarks.ApiGatewayResponseBenchmarks.ToHttpApiResponse_Success --job ShortRun --benchmarkId 6 in /home/runner/work/Encina/Encina/tests/Encina.BenchmarkTests/Encina.AwsLambda.Benchmarks/bin/Release/net10.0/Encina.AwsLambda.Benchmarks-DefaultJob-1/bin/Release/net10.0
// Failed to set up high priority (Permission denied). In order to run benchmarks with high priority, make sure you have the right permissions.
// BeforeAnythingElse

// Benchmark Process Environment Information:
// BenchmarkDotNet v0.15.8
// Runtime=.NET 10.0.12 (10.0.12, 10.0.1226.42308), X64 RyuJIT x86-64-v4
// GC=Concurrent Workstation
// HardwareIntrinsics=AVX10v1,AVX512 BF16+FP16,AVX512 BITALG+VBMI2+VNNI+VPOPCNTDQ,AVX512 IFMA+VBMI,AVX512 F+BW+CD+DQ+VL,AVX2+BMI1+BMI2+F16C+FMA+LZCNT+MOVBE,AVX,SSE3+SSSE3+SSE4.1+SSE4.2+POPCNT,X86Base+SSE+SSE2,AES+PCLMUL,AvxVnni,SERIALIZE VectorSize=256
// Job: ShortRun(IterationCount=3, LaunchCount=1, WarmupCount=3)

OverheadJitting  1: 1 op, 164815.00 ns, 164.8150 us/op
WorkloadJitting  1: 1 op, 19758230.00 ns, 19.7582 ms/op

OverheadJitting  2: 16 op, 301464.00 ns, 18.8415 us/op
WorkloadJitting  2: 16 op, 421505.00 ns, 26.3441 us/op

WorkloadPilot    1: 16 op, 35271.00 ns, 2.2044 us/op
WorkloadPilot    2: 32 op, 44449.00 ns, 1.3890 us/op
WorkloadPilot    3: 64 op, 59641.00 ns, 931.8906 ns/op
WorkloadPilot    4: 128 op, 120064.00 ns, 938.0000 ns/op
WorkloadPilot    5: 256 op, 183396.00 ns, 716.3906 ns/op
WorkloadPilot    6: 512 op, 341945.00 ns, 667.8613 ns/op
WorkloadPilot    7: 1024 op, 639692.00 ns, 624.6992 ns/op
WorkloadPilot    8: 2048 op, 1369056.00 ns, 668.4844 ns/op
WorkloadPilot    9: 4096 op, 2578646.00 ns, 629.5522 ns/op
WorkloadPilot   10: 8192 op, 5115055.00 ns, 624.3964 ns/op
WorkloadPilot   11: 16384 op, 10291854.00 ns, 628.1649 ns/op
WorkloadPilot   12: 32768 op, 21684724.00 ns, 661.7653 ns/op
WorkloadPilot   13: 65536 op, 38844117.00 ns, 592.7142 ns/op
WorkloadPilot   14: 131072 op, 75415652.00 ns, 575.3758 ns/op
WorkloadPilot   15: 262144 op, 136195189.00 ns, 519.5434 ns/op
WorkloadPilot   16: 524288 op, 255365857.00 ns, 487.0717 ns/op
WorkloadPilot   17: 1048576 op, 511014125.00 ns, 487.3410 ns/op

OverheadWarmup   1: 1048576 op, 2492463.00 ns, 2.3770 ns/op
OverheadWarmup   2: 1048576 op, 2490397.00 ns, 2.3750 ns/op
OverheadWarmup   3: 1048576 op, 2512968.00 ns, 2.3966 ns/op
OverheadWarmup   4: 1048576 op, 2474431.00 ns, 2.3598 ns/op
OverheadWarmup   5: 1048576 op, 2488125.00 ns, 2.3729 ns/op
OverheadWarmup   6: 1048576 op, 2496420.00 ns, 2.3808 ns/op
OverheadWarmup   7: 1048576 op, 2500539.00 ns, 2.3847 ns/op
OverheadWarmup   8: 1048576 op, 2488415.00 ns, 2.3731 ns/op

OverheadActual   1: 1048576 op, 2485117.00 ns, 2.3700 ns/op
OverheadActual   2: 1048576 op, 2515233.00 ns, 2.3987 ns/op
OverheadActual   3: 1048576 op, 2501509.00 ns, 2.3856 ns/op
OverheadActual   4: 1048576 op, 2490935.00 ns, 2.3755 ns/op
OverheadActual   5: 1048576 op, 2512398.00 ns, 2.3960 ns/op
OverheadActual   6: 1048576 op, 2517622.00 ns, 2.4010 ns/op
OverheadActual   7: 1048576 op, 2519040.00 ns, 2.4023 ns/op
OverheadActual   8: 1048576 op, 2495043.00 ns, 2.3795 ns/op
OverheadActual   9: 1048576 op, 2493312.00 ns, 2.3778 ns/op
OverheadActual  10: 1048576 op, 2495498.00 ns, 2.3799 ns/op
OverheadActual  11: 1048576 op, 2510396.00 ns, 2.3941 ns/op
OverheadActual  12: 1048576 op, 2535076.00 ns, 2.4176 ns/op
OverheadActual  13: 1048576 op, 2520102.00 ns, 2.4034 ns/op
OverheadActual  14: 1048576 op, 2517044.00 ns, 2.4004 ns/op
OverheadActual  15: 1048576 op, 2491164.00 ns, 2.3758 ns/op

WorkloadWarmup   1: 1048576 op, 514004240.00 ns, 490.1926 ns/op
WorkloadWarmup   2: 1048576 op, 513704458.00 ns, 489.9067 ns/op
WorkloadWarmup   3: 1048576 op, 510649119.00 ns, 486.9929 ns/op

// BeforeActualRun
WorkloadActual   1: 1048576 op, 513313886.00 ns, 489.5343 ns/op
WorkloadActual   2: 1048576 op, 516978781.00 ns, 493.0294 ns/op
WorkloadActual   3: 1048576 op, 511384182.00 ns, 487.6940 ns/op

// AfterActualRun
WorkloadResult   1: 1048576 op, 510803490.00 ns, 487.1402 ns/op
WorkloadResult   2: 1048576 op, 514468385.00 ns, 490.6353 ns/op
WorkloadResult   3: 1048576 op, 508873786.00 ns, 485.2999 ns/op
// GC:  6 0 0 520093696 1048576
// Threading:  0 0 1048576

// AfterAll
// Benchmark Process 2839 has exited with code 0.

Mean = 487.692 ns, StdErr = 1.565 ns (0.32%), N = 3, StdDev = 2.710 ns
Min = 485.300 ns, Q1 = 486.220 ns, Median = 487.140 ns, Q3 = 488.888 ns, Max = 490.635 ns
IQR = 2.668 ns, LowerFence = 482.218 ns, UpperFence = 492.889 ns
ConfidenceInterval = [438.249 ns; 537.135 ns] (CI 99.9%), Margin = 49.443 ns (10.14% of Mean)
Skewness = 0.2, Kurtosis = 0.67, MValue = 2

// ** Remained 5 (41.7 %) benchmark(s) to run. Estimated finish 2026-09-23 22:37 (0h 1m from now) **
// **************************
// Benchmark: ApiGatewayResponseBenchmarks.ToHttpApiResponse_Error: ShortRun(IterationCount=3, LaunchCount=1, WarmupCount=3)
// *** Execute ***
// Launch: 1 / 1
// Execute: dotnet Encina.AwsLambda.Benchmarks-DefaultJob-1.dll --anonymousPipes 140 141 --benchmarkName Encina.AwsLambda.Benchmarks.ApiGatewayResponseBenchmarks.ToHttpApiResponse_Error --job ShortRun --benchmarkId 7 in /home/runner/work/Encina/Encina/tests/Encina.BenchmarkTests/Encina.AwsLambda.Benchmarks/bin/Release/net10.0/Encina.AwsLambda.Benchmarks-DefaultJob-1/bin/Release/net10.0
// Failed to set up high priority (Permission denied). In order to run benchmarks with high priority, make sure you have the right permissions.
// BeforeAnythingElse

// Benchmark Process Environment Information:
// BenchmarkDotNet v0.15.8
// Runtime=.NET 10.0.12 (10.0.12, 10.0.1226.42308), X64 RyuJIT x86-64-v4
// GC=Concurrent Workstation
// HardwareIntrinsics=AVX10v1,AVX512 BF16+FP16,AVX512 BITALG+VBMI2+VNNI+VPOPCNTDQ,AVX512 IFMA+VBMI,AVX512 F+BW+CD+DQ+VL,AVX2+BMI1+BMI2+F16C+FMA+LZCNT+MOVBE,AVX,SSE3+SSSE3+SSE4.1+SSE4.2+POPCNT,X86Base+SSE+SSE2,AES+PCLMUL,AvxVnni,SERIALIZE VectorSize=256
// Job: ShortRun(IterationCount=3, LaunchCount=1, WarmupCount=3)

OverheadJitting  1: 1 op, 165230.00 ns, 165.2300 us/op
WorkloadJitting  1: 1 op, 30425547.00 ns, 30.4255 ms/op

OverheadJitting  2: 16 op, 313506.00 ns, 19.5941 us/op
WorkloadJitting  2: 16 op, 473944.00 ns, 29.6215 us/op

WorkloadPilot    1: 16 op, 53526.00 ns, 3.3454 us/op
WorkloadPilot    2: 32 op, 74171.00 ns, 2.3178 us/op
WorkloadPilot    3: 64 op, 113687.00 ns, 1.7764 us/op
WorkloadPilot    4: 128 op, 152765.00 ns, 1.1935 us/op
WorkloadPilot    5: 256 op, 358980.00 ns, 1.4023 us/op
WorkloadPilot    6: 512 op, 685874.00 ns, 1.3396 us/op
WorkloadPilot    7: 1024 op, 1395540.00 ns, 1.3628 us/op
WorkloadPilot    8: 2048 op, 2843335.00 ns, 1.3883 us/op
WorkloadPilot    9: 4096 op, 5477805.00 ns, 1.3374 us/op
WorkloadPilot   10: 8192 op, 10894583.00 ns, 1.3299 us/op
WorkloadPilot   11: 16384 op, 21576717.00 ns, 1.3169 us/op
WorkloadPilot   12: 32768 op, 40938262.00 ns, 1.2493 us/op
WorkloadPilot   13: 65536 op, 79522007.00 ns, 1.2134 us/op
WorkloadPilot   14: 131072 op, 131841630.00 ns, 1.0059 us/op
WorkloadPilot   15: 262144 op, 260914163.00 ns, 995.3085 ns/op
WorkloadPilot   16: 524288 op, 546966414.00 ns, 1.0433 us/op

OverheadWarmup   1: 524288 op, 1438162.00 ns, 2.7431 ns/op
OverheadWarmup   2: 524288 op, 1430278.00 ns, 2.7280 ns/op
OverheadWarmup   3: 524288 op, 1446966.00 ns, 2.7599 ns/op
OverheadWarmup   4: 524288 op, 1416032.00 ns, 2.7009 ns/op
OverheadWarmup   5: 524288 op, 1436340.00 ns, 2.7396 ns/op
OverheadWarmup   6: 524288 op, 1433783.00 ns, 2.7347 ns/op

OverheadActual   1: 524288 op, 1428470.00 ns, 2.7246 ns/op
OverheadActual   2: 524288 op, 1427712.00 ns, 2.7231 ns/op
OverheadActual   3: 524288 op, 1449439.00 ns, 2.7646 ns/op
OverheadActual   4: 524288 op, 1450618.00 ns, 2.7668 ns/op
OverheadActual   5: 524288 op, 1430261.00 ns, 2.7280 ns/op
OverheadActual   6: 524288 op, 1433764.00 ns, 2.7347 ns/op
OverheadActual   7: 524288 op, 1419720.00 ns, 2.7079 ns/op
OverheadActual   8: 524288 op, 1437343.00 ns, 2.7415 ns/op
OverheadActual   9: 524288 op, 1447647.00 ns, 2.7612 ns/op
OverheadActual  10: 524288 op, 1429551.00 ns, 2.7267 ns/op
OverheadActual  11: 524288 op, 1419467.00 ns, 2.7074 ns/op
OverheadActual  12: 524288 op, 1439983.00 ns, 2.7465 ns/op
OverheadActual  13: 524288 op, 1434013.00 ns, 2.7352 ns/op
OverheadActual  14: 524288 op, 1453843.00 ns, 2.7730 ns/op
OverheadActual  15: 524288 op, 1445899.00 ns, 2.7578 ns/op

WorkloadWarmup   1: 524288 op, 593384967.00 ns, 1.1318 us/op
WorkloadWarmup   2: 524288 op, 544554614.00 ns, 1.0387 us/op
WorkloadWarmup   3: 524288 op, 520191526.00 ns, 992.1866 ns/op

// BeforeActualRun
WorkloadActual   1: 524288 op, 520509000.00 ns, 992.7921 ns/op
WorkloadActual   2: 524288 op, 527769053.00 ns, 1.0066 us/op
WorkloadActual   3: 524288 op, 521472452.00 ns, 994.6298 ns/op

// AfterActualRun
WorkloadResult   1: 524288 op, 519074987.00 ns, 990.0570 ns/op
WorkloadResult   2: 524288 op, 526335040.00 ns, 1.0039 us/op
WorkloadResult   3: 524288 op, 520038439.00 ns, 991.8946 ns/op
// GC:  7 0 0 645922816 524288
// Threading:  0 0 524288

// AfterAll
// Benchmark Process 2849 has exited with code 0.

Mean = 995.285 ns, StdErr = 4.342 ns (0.44%), N = 3, StdDev = 7.521 ns
Min = 990.057 ns, Q1 = 990.976 ns, Median = 991.895 ns, Q3 = 997.900 ns, Max = 1,003.904 ns
IQR = 6.924 ns, LowerFence = 980.590 ns, UpperFence = 1,008.285 ns
ConfidenceInterval = [858.080 ns; 1,132.491 ns] (CI 99.9%), Margin = 137.205 ns (13.79% of Mean)
Skewness = 0.36, Kurtosis = 0.67, MValue = 2

// ** Remained 4 (33.3 %) benchmark(s) to run. Estimated finish 2026-09-23 22:37 (0h 0m from now) **
// **************************
// Benchmark: ApiGatewayResponseBenchmarks.ToApiGatewayResponse_Error: DefaultJob
// *** Execute ***
// Launch: 1 / 1
// Execute: dotnet Encina.AwsLambda.Benchmarks-DefaultJob-1.dll --anonymousPipes 140 141 --benchmarkName Encina.AwsLambda.Benchmarks.ApiGatewayResponseBenchmarks.ToApiGatewayResponse_Error --job Default --benchmarkId 8 in /home/runner/work/Encina/Encina/tests/Encina.BenchmarkTests/Encina.AwsLambda.Benchmarks/bin/Release/net10.0/Encina.AwsLambda.Benchmarks-DefaultJob-1/bin/Release/net10.0
// Failed to set up high priority (Permission denied). In order to run benchmarks with high priority, make sure you have the right permissions.
// BeforeAnythingElse

// Benchmark Process Environment Information:
// BenchmarkDotNet v0.15.8
// Runtime=.NET 10.0.12 (10.0.12, 10.0.1226.42308), X64 RyuJIT x86-64-v4
// GC=Concurrent Workstation
// HardwareIntrinsics=AVX10v1,AVX512 BF16+FP16,AVX512 BITALG+VBMI2+VNNI+VPOPCNTDQ,AVX512 IFMA+VBMI,AVX512 F+BW+CD+DQ+VL,AVX2+BMI1+BMI2+F16C+FMA+LZCNT+MOVBE,AVX,SSE3+SSSE3+SSE4.1+SSE4.2+POPCNT,X86Base+SSE+SSE2,AES+PCLMUL,AvxVnni,SERIALIZE VectorSize=256
// Job: DefaultJob

OverheadJitting  1: 1 op, 169798.00 ns, 169.7980 us/op
WorkloadJitting  1: 1 op, 29908031.00 ns, 29.9080 ms/op

OverheadJitting  2: 16 op, 336888.00 ns, 21.0555 us/op
WorkloadJitting  2: 16 op, 466969.00 ns, 29.1856 us/op

WorkloadPilot    1: 16 op, 50509.00 ns, 3.1568 us/op
WorkloadPilot    2: 32 op, 77342.00 ns, 2.4169 us/op
WorkloadPilot    3: 64 op, 113640.00 ns, 1.7756 us/op
WorkloadPilot    4: 128 op, 180317.00 ns, 1.4087 us/op
WorkloadPilot    5: 256 op, 360313.00 ns, 1.4075 us/op
WorkloadPilot    6: 512 op, 695220.00 ns, 1.3579 us/op
WorkloadPilot    7: 1024 op, 1355064.00 ns, 1.3233 us/op
WorkloadPilot    8: 2048 op, 2893507.00 ns, 1.4128 us/op
WorkloadPilot    9: 4096 op, 5495100.00 ns, 1.3416 us/op
WorkloadPilot   10: 8192 op, 12458867.00 ns, 1.5209 us/op
WorkloadPilot   11: 16384 op, 21315869.00 ns, 1.3010 us/op
WorkloadPilot   12: 32768 op, 39329772.00 ns, 1.2002 us/op
WorkloadPilot   13: 65536 op, 81007466.00 ns, 1.2361 us/op
WorkloadPilot   14: 131072 op, 133494461.00 ns, 1.0185 us/op
WorkloadPilot   15: 262144 op, 262914327.00 ns, 1.0029 us/op
WorkloadPilot   16: 524288 op, 524284104.00 ns, 999.9926 ns/op

OverheadWarmup   1: 524288 op, 1239624.00 ns, 2.3644 ns/op
OverheadWarmup   2: 524288 op, 1260207.00 ns, 2.4037 ns/op
OverheadWarmup   3: 524288 op, 1240831.00 ns, 2.3667 ns/op
OverheadWarmup   4: 524288 op, 1241543.00 ns, 2.3681 ns/op
OverheadWarmup   5: 524288 op, 1235593.00 ns, 2.3567 ns/op

OverheadActual   1: 524288 op, 1253020.00 ns, 2.3899 ns/op
OverheadActual   2: 524288 op, 1239049.00 ns, 2.3633 ns/op
OverheadActual   3: 524288 op, 1240850.00 ns, 2.3667 ns/op
OverheadActual   4: 524288 op, 1251238.00 ns, 2.3865 ns/op
OverheadActual   5: 524288 op, 1237761.00 ns, 2.3608 ns/op
OverheadActual   6: 524288 op, 1251290.00 ns, 2.3866 ns/op
OverheadActual   7: 524288 op, 1236513.00 ns, 2.3585 ns/op
OverheadActual   8: 524288 op, 1237954.00 ns, 2.3612 ns/op
OverheadActual   9: 524288 op, 1245762.00 ns, 2.3761 ns/op
OverheadActual  10: 524288 op, 1237938.00 ns, 2.3612 ns/op
OverheadActual  11: 524288 op, 1239792.00 ns, 2.3647 ns/op
OverheadActual  12: 524288 op, 1243205.00 ns, 2.3712 ns/op
OverheadActual  13: 524288 op, 1238045.00 ns, 2.3614 ns/op
OverheadActual  14: 524288 op, 1251195.00 ns, 2.3865 ns/op
OverheadActual  15: 524288 op, 1236978.00 ns, 2.3593 ns/op

WorkloadWarmup   1: 524288 op, 531400742.00 ns, 1.0136 us/op
WorkloadWarmup   2: 524288 op, 523639165.00 ns, 998.7624 ns/op
WorkloadWarmup   3: 524288 op, 521503000.00 ns, 994.6880 ns/op
WorkloadWarmup   4: 524288 op, 521888974.00 ns, 995.4242 ns/op
WorkloadWarmup   5: 524288 op, 523260154.00 ns, 998.0395 ns/op
WorkloadWarmup   6: 524288 op, 521306870.00 ns, 994.3139 ns/op
WorkloadWarmup   7: 524288 op, 525612272.00 ns, 1.0025 us/op
WorkloadWarmup   8: 524288 op, 522809374.00 ns, 997.1797 ns/op

// BeforeActualRun
WorkloadActual   1: 524288 op, 523948842.00 ns, 999.3531 ns/op
WorkloadActual   2: 524288 op, 523742721.00 ns, 998.9600 ns/op
WorkloadActual   3: 524288 op, 521250747.00 ns, 994.2069 ns/op
WorkloadActual   4: 524288 op, 520683873.00 ns, 993.1257 ns/op
WorkloadActual   5: 524288 op, 522094630.00 ns, 995.8165 ns/op
WorkloadActual   6: 524288 op, 521495227.00 ns, 994.6732 ns/op
WorkloadActual   7: 524288 op, 525622151.00 ns, 1.0025 us/op
WorkloadActual   8: 524288 op, 522052577.00 ns, 995.7363 ns/op
WorkloadActual   9: 524288 op, 522412812.00 ns, 996.4234 ns/op
WorkloadActual  10: 524288 op, 521892479.00 ns, 995.4309 ns/op
WorkloadActual  11: 524288 op, 526909071.00 ns, 1.0050 us/op
WorkloadActual  12: 524288 op, 521669757.00 ns, 995.0061 ns/op
WorkloadActual  13: 524288 op, 520966756.00 ns, 993.6652 ns/op
WorkloadActual  14: 524288 op, 522317130.00 ns, 996.2409 ns/op
WorkloadActual  15: 524288 op, 524576208.00 ns, 1.0005 us/op

// AfterActualRun
WorkloadResult   1: 524288 op, 522709050.00 ns, 996.9884 ns/op
WorkloadResult   2: 524288 op, 522502929.00 ns, 996.5952 ns/op
WorkloadResult   3: 524288 op, 520010955.00 ns, 991.8422 ns/op
WorkloadResult   4: 524288 op, 519444081.00 ns, 990.7610 ns/op
WorkloadResult   5: 524288 op, 520854838.00 ns, 993.4518 ns/op
WorkloadResult   6: 524288 op, 520255435.00 ns, 992.3085 ns/op
WorkloadResult   7: 524288 op, 524382359.00 ns, 1.0002 us/op
WorkloadResult   8: 524288 op, 520812785.00 ns, 993.3716 ns/op
WorkloadResult   9: 524288 op, 521173020.00 ns, 994.0586 ns/op
WorkloadResult  10: 524288 op, 520652687.00 ns, 993.0662 ns/op
WorkloadResult  11: 524288 op, 525669279.00 ns, 1.0026 us/op
WorkloadResult  12: 524288 op, 520429965.00 ns, 992.6414 ns/op
WorkloadResult  13: 524288 op, 519726964.00 ns, 991.3005 ns/op
WorkloadResult  14: 524288 op, 521077338.00 ns, 993.8761 ns/op
WorkloadResult  15: 524288 op, 523336416.00 ns, 998.1850 ns/op
// GC:  7 0 0 645922816 524288
// Threading:  0 0 524288

// AfterAll
// Benchmark Process 2855 has exited with code 0.

Mean = 994.751 ns, StdErr = 0.890 ns (0.09%), N = 15, StdDev = 3.446 ns
Min = 990.761 ns, Q1 = 992.475 ns, Median = 993.452 ns, Q3 = 996.792 ns, Max = 1,002.635 ns
IQR = 4.317 ns, LowerFence = 986.000 ns, UpperFence = 1,003.267 ns
ConfidenceInterval = [991.067 ns; 998.434 ns] (CI 99.9%), Margin = 3.683 ns (0.37% of Mean)
Skewness = 0.89, Kurtosis = 2.58, MValue = 2

// ** Remained 3 (25.0 %) benchmark(s) to run. Estimated finish 2026-09-23 22:37 (0h 0m from now) **
// **************************
// Benchmark: ApiGatewayResponseBenchmarks.ToApiGatewayResponse_Error: ShortRun(IterationCount=3, LaunchCount=1, WarmupCount=3)
// *** Execute ***
// Launch: 1 / 1
// Execute: dotnet Encina.AwsLambda.Benchmarks-DefaultJob-1.dll --anonymousPipes 140 141 --benchmarkName Encina.AwsLambda.Benchmarks.ApiGatewayResponseBenchmarks.ToApiGatewayResponse_Error --job ShortRun --benchmarkId 9 in /home/runner/work/Encina/Encina/tests/Encina.BenchmarkTests/Encina.AwsLambda.Benchmarks/bin/Release/net10.0/Encina.AwsLambda.Benchmarks-DefaultJob-1/bin/Release/net10.0
// Failed to set up high priority (Permission denied). In order to run benchmarks with high priority, make sure you have the right permissions.
// BeforeAnythingElse

// Benchmark Process Environment Information:
// BenchmarkDotNet v0.15.8
// Runtime=.NET 10.0.12 (10.0.12, 10.0.1226.42308), X64 RyuJIT x86-64-v4
// GC=Concurrent Workstation
// HardwareIntrinsics=AVX10v1,AVX512 BF16+FP16,AVX512 BITALG+VBMI2+VNNI+VPOPCNTDQ,AVX512 IFMA+VBMI,AVX512 F+BW+CD+DQ+VL,AVX2+BMI1+BMI2+F16C+FMA+LZCNT+MOVBE,AVX,SSE3+SSSE3+SSE4.1+SSE4.2+POPCNT,X86Base+SSE+SSE2,AES+PCLMUL,AvxVnni,SERIALIZE VectorSize=256
// Job: ShortRun(IterationCount=3, LaunchCount=1, WarmupCount=3)

OverheadJitting  1: 1 op, 164735.00 ns, 164.7350 us/op
WorkloadJitting  1: 1 op, 29785339.00 ns, 29.7853 ms/op

OverheadJitting  2: 16 op, 308453.00 ns, 19.2783 us/op
WorkloadJitting  2: 16 op, 459350.00 ns, 28.7094 us/op

WorkloadPilot    1: 16 op, 52066.00 ns, 3.2541 us/op
WorkloadPilot    2: 32 op, 70840.00 ns, 2.2138 us/op
WorkloadPilot    3: 64 op, 81950.00 ns, 1.2805 us/op
WorkloadPilot    4: 128 op, 195321.00 ns, 1.5259 us/op
WorkloadPilot    5: 256 op, 398518.00 ns, 1.5567 us/op
WorkloadPilot    6: 512 op, 689849.00 ns, 1.3474 us/op
WorkloadPilot    7: 1024 op, 1370710.00 ns, 1.3386 us/op
WorkloadPilot    8: 2048 op, 2841602.00 ns, 1.3875 us/op
WorkloadPilot    9: 4096 op, 5537282.00 ns, 1.3519 us/op
WorkloadPilot   10: 8192 op, 11037540.00 ns, 1.3474 us/op
WorkloadPilot   11: 16384 op, 21422679.00 ns, 1.3075 us/op
WorkloadPilot   12: 32768 op, 40068831.00 ns, 1.2228 us/op
WorkloadPilot   13: 65536 op, 80499129.00 ns, 1.2283 us/op
WorkloadPilot   14: 131072 op, 135021942.00 ns, 1.0301 us/op
WorkloadPilot   15: 262144 op, 267438456.00 ns, 1.0202 us/op
WorkloadPilot   16: 524288 op, 533953209.00 ns, 1.0184 us/op

OverheadWarmup   1: 524288 op, 1448560.00 ns, 2.7629 ns/op
OverheadWarmup   2: 524288 op, 1458006.00 ns, 2.7809 ns/op
OverheadWarmup   3: 524288 op, 1459727.00 ns, 2.7842 ns/op
OverheadWarmup   4: 524288 op, 1340360.00 ns, 2.5565 ns/op
OverheadWarmup   5: 524288 op, 1342643.00 ns, 2.5609 ns/op
OverheadWarmup   6: 524288 op, 1237492.00 ns, 2.3603 ns/op

OverheadActual   1: 524288 op, 1242113.00 ns, 2.3691 ns/op
OverheadActual   2: 524288 op, 1231898.00 ns, 2.3497 ns/op
OverheadActual   3: 524288 op, 1257013.00 ns, 2.3976 ns/op
OverheadActual   4: 524288 op, 1245966.00 ns, 2.3765 ns/op
OverheadActual   5: 524288 op, 1245199.00 ns, 2.3750 ns/op
OverheadActual   6: 524288 op, 1236028.00 ns, 2.3575 ns/op
OverheadActual   7: 524288 op, 1240423.00 ns, 2.3659 ns/op
OverheadActual   8: 524288 op, 1246418.00 ns, 2.3774 ns/op
OverheadActual   9: 524288 op, 1250217.00 ns, 2.3846 ns/op
OverheadActual  10: 524288 op, 1239163.00 ns, 2.3635 ns/op
OverheadActual  11: 524288 op, 1237965.00 ns, 2.3612 ns/op
OverheadActual  12: 524288 op, 1243871.00 ns, 2.3725 ns/op
OverheadActual  13: 524288 op, 1249369.00 ns, 2.3830 ns/op
OverheadActual  14: 524288 op, 1236923.00 ns, 2.3592 ns/op
OverheadActual  15: 524288 op, 1241889.00 ns, 2.3687 ns/op

WorkloadWarmup   1: 524288 op, 548079215.00 ns, 1.0454 us/op
WorkloadWarmup   2: 524288 op, 532888600.00 ns, 1.0164 us/op
WorkloadWarmup   3: 524288 op, 533820914.00 ns, 1.0182 us/op

// BeforeActualRun
WorkloadActual   1: 524288 op, 532290814.00 ns, 1.0153 us/op
WorkloadActual   2: 524288 op, 532278253.00 ns, 1.0152 us/op
WorkloadActual   3: 524288 op, 531846496.00 ns, 1.0144 us/op

// AfterActualRun
WorkloadResult   1: 524288 op, 531048701.00 ns, 1.0129 us/op
WorkloadResult   2: 524288 op, 531036140.00 ns, 1.0129 us/op
WorkloadResult   3: 524288 op, 530604383.00 ns, 1.0120 us/op
// GC:  7 0 0 645922816 524288
// Threading:  0 0 524288

// AfterAll
// Benchmark Process 2862 has exited with code 0.

Mean = 1.013 μs, StdErr = 0.000 μs (0.03%), N = 3, StdDev = 0.000 μs
Min = 1.012 μs, Q1 = 1.012 μs, Median = 1.013 μs, Q3 = 1.013 μs, Max = 1.013 μs
IQR = 0.000 μs, LowerFence = 1.012 μs, UpperFence = 1.014 μs
ConfidenceInterval = [1.004 μs; 1.021 μs] (CI 99.9%), Margin = 0.009 μs (0.87% of Mean)
Skewness = -0.38, Kurtosis = 0.67, MValue = 2

// ** Remained 2 (16.7 %) benchmark(s) to run. Estimated finish 2026-09-23 22:37 (0h 0m from now) **
// **************************
// Benchmark: ApiGatewayResponseBenchmarks.ToApiGatewayResponse_Success: DefaultJob
// *** Execute ***
// Launch: 1 / 1
// Execute: dotnet Encina.AwsLambda.Benchmarks-DefaultJob-1.dll --anonymousPipes 140 141 --benchmarkName Encina.AwsLambda.Benchmarks.ApiGatewayResponseBenchmarks.ToApiGatewayResponse_Success --job Default --benchmarkId 10 in /home/runner/work/Encina/Encina/tests/Encina.BenchmarkTests/Encina.AwsLambda.Benchmarks/bin/Release/net10.0/Encina.AwsLambda.Benchmarks-DefaultJob-1/bin/Release/net10.0
// Failed to set up high priority (Permission denied). In order to run benchmarks with high priority, make sure you have the right permissions.
// BeforeAnythingElse

// Benchmark Process Environment Information:
// BenchmarkDotNet v0.15.8
// Runtime=.NET 10.0.12 (10.0.12, 10.0.1226.42308), X64 RyuJIT x86-64-v4
// GC=Concurrent Workstation
// HardwareIntrinsics=AVX10v1,AVX512 BF16+FP16,AVX512 BITALG+VBMI2+VNNI+VPOPCNTDQ,AVX512 IFMA+VBMI,AVX512 F+BW+CD+DQ+VL,AVX2+BMI1+BMI2+F16C+FMA+LZCNT+MOVBE,AVX,SSE3+SSSE3+SSE4.1+SSE4.2+POPCNT,X86Base+SSE+SSE2,AES+PCLMUL,AvxVnni,SERIALIZE VectorSize=256
// Job: DefaultJob

OverheadJitting  1: 1 op, 177158.00 ns, 177.1580 us/op
WorkloadJitting  1: 1 op, 19904693.00 ns, 19.9047 ms/op

OverheadJitting  2: 16 op, 338071.00 ns, 21.1294 us/op
WorkloadJitting  2: 16 op, 481741.00 ns, 30.1088 us/op

WorkloadPilot    1: 16 op, 34996.00 ns, 2.1873 us/op
WorkloadPilot    2: 32 op, 49334.00 ns, 1.5417 us/op
WorkloadPilot    3: 64 op, 64426.00 ns, 1.0067 us/op
WorkloadPilot    4: 128 op, 102572.00 ns, 801.3438 ns/op
WorkloadPilot    5: 256 op, 181129.00 ns, 707.5352 ns/op
WorkloadPilot    6: 512 op, 318799.00 ns, 622.6543 ns/op
WorkloadPilot    7: 1024 op, 626722.00 ns, 612.0332 ns/op
WorkloadPilot    8: 2048 op, 1320150.00 ns, 644.6045 ns/op
WorkloadPilot    9: 4096 op, 2623352.00 ns, 640.4668 ns/op
WorkloadPilot   10: 8192 op, 5138982.00 ns, 627.3171 ns/op
WorkloadPilot   11: 16384 op, 10030461.00 ns, 612.2108 ns/op
WorkloadPilot   12: 32768 op, 19956992.00 ns, 609.0391 ns/op
WorkloadPilot   13: 65536 op, 37407929.00 ns, 570.7997 ns/op
WorkloadPilot   14: 131072 op, 75166047.00 ns, 573.4714 ns/op
WorkloadPilot   15: 262144 op, 136256602.00 ns, 519.7777 ns/op
WorkloadPilot   16: 524288 op, 257253562.00 ns, 490.6722 ns/op
WorkloadPilot   17: 1048576 op, 511111093.00 ns, 487.4335 ns/op

OverheadWarmup   1: 1048576 op, 2498564.00 ns, 2.3828 ns/op
OverheadWarmup   2: 1048576 op, 2505965.00 ns, 2.3899 ns/op
OverheadWarmup   3: 1048576 op, 2499407.00 ns, 2.3836 ns/op
OverheadWarmup   4: 1048576 op, 2487064.00 ns, 2.3718 ns/op
OverheadWarmup   5: 1048576 op, 2486465.00 ns, 2.3713 ns/op
OverheadWarmup   6: 1048576 op, 2484147.00 ns, 2.3691 ns/op
OverheadWarmup   7: 1048576 op, 2482320.00 ns, 2.3673 ns/op
OverheadWarmup   8: 1048576 op, 2515624.00 ns, 2.3991 ns/op
OverheadWarmup   9: 1048576 op, 2489912.00 ns, 2.3746 ns/op

OverheadActual   1: 1048576 op, 2496144.00 ns, 2.3805 ns/op
OverheadActual   2: 1048576 op, 2488922.00 ns, 2.3736 ns/op
OverheadActual   3: 1048576 op, 2487806.00 ns, 2.3726 ns/op
OverheadActual   4: 1048576 op, 2483210.00 ns, 2.3682 ns/op
OverheadActual   5: 1048576 op, 2483124.00 ns, 2.3681 ns/op
OverheadActual   6: 1048576 op, 2473251.00 ns, 2.3587 ns/op
OverheadActual   7: 1048576 op, 2480396.00 ns, 2.3655 ns/op
OverheadActual   8: 1048576 op, 2479021.00 ns, 2.3642 ns/op
OverheadActual   9: 1048576 op, 2494459.00 ns, 2.3789 ns/op
OverheadActual  10: 1048576 op, 2501691.00 ns, 2.3858 ns/op
OverheadActual  11: 1048576 op, 2486076.00 ns, 2.3709 ns/op
OverheadActual  12: 1048576 op, 2475633.00 ns, 2.3609 ns/op
OverheadActual  13: 1048576 op, 2482022.00 ns, 2.3670 ns/op
OverheadActual  14: 1048576 op, 2502702.00 ns, 2.3868 ns/op
OverheadActual  15: 1048576 op, 2497367.00 ns, 2.3817 ns/op

WorkloadWarmup   1: 1048576 op, 512899070.00 ns, 489.1387 ns/op
WorkloadWarmup   2: 1048576 op, 513546885.00 ns, 489.7565 ns/op
WorkloadWarmup   3: 1048576 op, 510144119.00 ns, 486.5113 ns/op
WorkloadWarmup   4: 1048576 op, 510056763.00 ns, 486.4280 ns/op
WorkloadWarmup   5: 1048576 op, 511132727.00 ns, 487.4542 ns/op
WorkloadWarmup   6: 1048576 op, 513830053.00 ns, 490.0265 ns/op
WorkloadWarmup   7: 1048576 op, 510346469.00 ns, 486.7043 ns/op

// BeforeActualRun
WorkloadActual   1: 1048576 op, 563210146.00 ns, 537.1191 ns/op
WorkloadActual   2: 1048576 op, 568081214.00 ns, 541.7645 ns/op
WorkloadActual   3: 1048576 op, 514430109.00 ns, 490.5988 ns/op
WorkloadActual   4: 1048576 op, 511839645.00 ns, 488.1283 ns/op
WorkloadActual   5: 1048576 op, 511305343.00 ns, 487.6188 ns/op
WorkloadActual   6: 1048576 op, 510498531.00 ns, 486.8493 ns/op
WorkloadActual   7: 1048576 op, 511080394.00 ns, 487.4042 ns/op
WorkloadActual   8: 1048576 op, 515092777.00 ns, 491.2308 ns/op
WorkloadActual   9: 1048576 op, 514765195.00 ns, 490.9183 ns/op
WorkloadActual  10: 1048576 op, 519540668.00 ns, 495.4726 ns/op
WorkloadActual  11: 1048576 op, 515685230.00 ns, 491.7958 ns/op
WorkloadActual  12: 1048576 op, 514647637.00 ns, 490.8062 ns/op
WorkloadActual  13: 1048576 op, 538034656.00 ns, 513.1098 ns/op
WorkloadActual  14: 1048576 op, 540507979.00 ns, 515.4686 ns/op
WorkloadActual  15: 1048576 op, 520459488.00 ns, 496.3488 ns/op
WorkloadActual  16: 1048576 op, 516390761.00 ns, 492.4686 ns/op
WorkloadActual  17: 1048576 op, 512954684.00 ns, 489.1917 ns/op

// AfterActualRun
WorkloadResult   1: 1048576 op, 511944033.00 ns, 488.2279 ns/op
WorkloadResult   2: 1048576 op, 509353569.00 ns, 485.7574 ns/op
WorkloadResult   3: 1048576 op, 508819267.00 ns, 485.2479 ns/op
WorkloadResult   4: 1048576 op, 508012455.00 ns, 484.4784 ns/op
WorkloadResult   5: 1048576 op, 508594318.00 ns, 485.0333 ns/op
WorkloadResult   6: 1048576 op, 512606701.00 ns, 488.8598 ns/op
WorkloadResult   7: 1048576 op, 512279119.00 ns, 488.5474 ns/op
WorkloadResult   8: 1048576 op, 517054592.00 ns, 493.1017 ns/op
WorkloadResult   9: 1048576 op, 513199154.00 ns, 489.4249 ns/op
WorkloadResult  10: 1048576 op, 512161561.00 ns, 488.4353 ns/op
WorkloadResult  11: 1048576 op, 517973412.00 ns, 493.9779 ns/op
WorkloadResult  12: 1048576 op, 513904685.00 ns, 490.0977 ns/op
WorkloadResult  13: 1048576 op, 510468608.00 ns, 486.8208 ns/op
// GC:  6 0 0 520093696 1048576
// Threading:  0 0 1048576

// AfterAll
// Benchmark Process 2871 has exited with code 0.

Mean = 488.309 ns, StdErr = 0.814 ns (0.17%), N = 13, StdDev = 2.936 ns
Min = 484.478 ns, Q1 = 485.757 ns, Median = 488.435 ns, Q3 = 489.425 ns, Max = 493.978 ns
IQR = 3.667 ns, LowerFence = 480.256 ns, UpperFence = 494.926 ns
ConfidenceInterval = [484.793 ns; 491.824 ns] (CI 99.9%), Margin = 3.516 ns (0.72% of Mean)
Skewness = 0.49, Kurtosis = 2.11, MValue = 2

// ** Remained 1 (8.3 %) benchmark(s) to run. Estimated finish 2026-09-23 22:37 (0h 0m from now) **
// **************************
// Benchmark: ApiGatewayResponseBenchmarks.ToApiGatewayResponse_Success: ShortRun(IterationCount=3, LaunchCount=1, WarmupCount=3)
// *** Execute ***
// Launch: 1 / 1
// Execute: dotnet Encina.AwsLambda.Benchmarks-DefaultJob-1.dll --anonymousPipes 140 141 --benchmarkName Encina.AwsLambda.Benchmarks.ApiGatewayResponseBenchmarks.ToApiGatewayResponse_Success --job ShortRun --benchmarkId 11 in /home/runner/work/Encina/Encina/tests/Encina.BenchmarkTests/Encina.AwsLambda.Benchmarks/bin/Release/net10.0/Encina.AwsLambda.Benchmarks-DefaultJob-1/bin/Release/net10.0
// Failed to set up high priority (Permission denied). In order to run benchmarks with high priority, make sure you have the right permissions.
// BeforeAnythingElse

// Benchmark Process Environment Information:
// BenchmarkDotNet v0.15.8
// Runtime=.NET 10.0.12 (10.0.12, 10.0.1226.42308), X64 RyuJIT x86-64-v4
// GC=Concurrent Workstation
// HardwareIntrinsics=AVX10v1,AVX512 BF16+FP16,AVX512 BITALG+VBMI2+VNNI+VPOPCNTDQ,AVX512 IFMA+VBMI,AVX512 F+BW+CD+DQ+VL,AVX2+BMI1+BMI2+F16C+FMA+LZCNT+MOVBE,AVX,SSE3+SSSE3+SSE4.1+SSE4.2+POPCNT,X86Base+SSE+SSE2,AES+PCLMUL,AvxVnni,SERIALIZE VectorSize=256
// Job: ShortRun(IterationCount=3, LaunchCount=1, WarmupCount=3)

OverheadJitting  1: 1 op, 167242.00 ns, 167.2420 us/op
WorkloadJitting  1: 1 op, 20174593.00 ns, 20.1746 ms/op

OverheadJitting  2: 16 op, 316068.00 ns, 19.7543 us/op
WorkloadJitting  2: 16 op, 435761.00 ns, 27.2351 us/op

WorkloadPilot    1: 16 op, 42425.00 ns, 2.6516 us/op
WorkloadPilot    2: 32 op, 47221.00 ns, 1.4757 us/op
WorkloadPilot    3: 64 op, 64320.00 ns, 1.0050 us/op
WorkloadPilot    4: 128 op, 115373.00 ns, 901.3516 ns/op
WorkloadPilot    5: 256 op, 186956.00 ns, 730.2969 ns/op
WorkloadPilot    6: 512 op, 321809.00 ns, 628.5332 ns/op
WorkloadPilot    7: 1024 op, 725393.00 ns, 708.3916 ns/op
WorkloadPilot    8: 2048 op, 1312434.00 ns, 640.8369 ns/op
WorkloadPilot    9: 4096 op, 2768593.00 ns, 675.9260 ns/op
WorkloadPilot   10: 8192 op, 5138967.00 ns, 627.3153 ns/op
WorkloadPilot   11: 16384 op, 10369399.00 ns, 632.8979 ns/op
WorkloadPilot   12: 32768 op, 21008383.00 ns, 641.1250 ns/op
WorkloadPilot   13: 65536 op, 37557092.00 ns, 573.0757 ns/op
WorkloadPilot   14: 131072 op, 76569172.00 ns, 584.1764 ns/op
WorkloadPilot   15: 262144 op, 137128296.00 ns, 523.1029 ns/op
WorkloadPilot   16: 524288 op, 259124691.00 ns, 494.2411 ns/op
WorkloadPilot   17: 1048576 op, 550656238.00 ns, 525.1467 ns/op

OverheadWarmup   1: 1048576 op, 2748759.00 ns, 2.6214 ns/op
OverheadWarmup   2: 1048576 op, 2801119.00 ns, 2.6714 ns/op
OverheadWarmup   3: 1048576 op, 2855512.00 ns, 2.7232 ns/op
OverheadWarmup   4: 1048576 op, 2826158.00 ns, 2.6952 ns/op
OverheadWarmup   5: 1048576 op, 2827956.00 ns, 2.6969 ns/op
OverheadWarmup   6: 1048576 op, 2829202.00 ns, 2.6981 ns/op
OverheadWarmup   7: 1048576 op, 2824923.00 ns, 2.6941 ns/op

OverheadActual   1: 1048576 op, 2826758.00 ns, 2.6958 ns/op
OverheadActual   2: 1048576 op, 2828859.00 ns, 2.6978 ns/op
OverheadActual   3: 1048576 op, 2836684.00 ns, 2.7053 ns/op
OverheadActual   4: 1048576 op, 2815951.00 ns, 2.6855 ns/op
OverheadActual   5: 1048576 op, 2860838.00 ns, 2.7283 ns/op
OverheadActual   6: 1048576 op, 2863143.00 ns, 2.7305 ns/op
OverheadActual   7: 1048576 op, 2837987.00 ns, 2.7065 ns/op
OverheadActual   8: 1048576 op, 2830950.00 ns, 2.6998 ns/op
OverheadActual   9: 1048576 op, 2841662.00 ns, 2.7100 ns/op
OverheadActual  10: 1048576 op, 2848025.00 ns, 2.7161 ns/op
OverheadActual  11: 1048576 op, 2826509.00 ns, 2.6956 ns/op
OverheadActual  12: 1048576 op, 2827116.00 ns, 2.6961 ns/op
OverheadActual  13: 1048576 op, 2840302.00 ns, 2.7087 ns/op
OverheadActual  14: 1048576 op, 2837777.00 ns, 2.7063 ns/op
OverheadActual  15: 1048576 op, 2821319.00 ns, 2.6906 ns/op

WorkloadWarmup   1: 1048576 op, 537992676.00 ns, 513.0698 ns/op
WorkloadWarmup   2: 1048576 op, 517143461.00 ns, 493.1864 ns/op
WorkloadWarmup   3: 1048576 op, 514300808.00 ns, 490.4755 ns/op

// BeforeActualRun
WorkloadActual   1: 1048576 op, 515469115.00 ns, 491.5897 ns/op
WorkloadActual   2: 1048576 op, 516773290.00 ns, 492.8334 ns/op
WorkloadActual   3: 1048576 op, 514955389.00 ns, 491.0997 ns/op

// AfterActualRun
WorkloadResult   1: 1048576 op, 512632431.00 ns, 488.8844 ns/op
WorkloadResult   2: 1048576 op, 513936606.00 ns, 490.1281 ns/op
WorkloadResult   3: 1048576 op, 512118705.00 ns, 488.3945 ns/op
// GC:  6 0 0 520093696 1048576
// Threading:  0 0 1048576

// AfterAll
// Benchmark Process 2879 has exited with code 0.

Mean = 489.136 ns, StdErr = 0.516 ns (0.11%), N = 3, StdDev = 0.894 ns
Min = 488.394 ns, Q1 = 488.639 ns, Median = 488.884 ns, Q3 = 489.506 ns, Max = 490.128 ns
IQR = 0.867 ns, LowerFence = 487.339 ns, UpperFence = 490.807 ns
ConfidenceInterval = [472.831 ns; 505.441 ns] (CI 99.9%), Margin = 16.305 ns (3.33% of Mean)
Skewness = 0.26, Kurtosis = 0.67, MValue = 2

// ** Remained 0 (0.0 %) benchmark(s) to run. Estimated finish 2026-09-23 22:37 (0h 0m from now) **
// ***** BenchmarkRunner: Finish  *****

// * Export *
  artifacts/performance/AwsLambda/results/Encina.AwsLambda.Benchmarks.ApiGatewayResponseBenchmarks-report.csv
  artifacts/performance/AwsLambda/results/Encina.AwsLambda.Benchmarks.ApiGatewayResponseBenchmarks-report-github.md
  artifacts/performance/AwsLambda/results/Encina.AwsLambda.Benchmarks.ApiGatewayResponseBenchmarks-report.html
  artifacts/performance/AwsLambda/results/Encina.AwsLambda.Benchmarks.ApiGatewayResponseBenchmarks-report-full-compressed.json

// * Detailed results *
ApiGatewayResponseBenchmarks.ToCreatedResponse_Success: DefaultJob
Runtime = .NET 10.0.12 (10.0.12, 10.0.1226.42308), X64 RyuJIT x86-64-v4; GC = Concurrent Workstation
Mean = 646.929 ns, StdErr = 3.008 ns (0.46%), N = 18, StdDev = 12.762 ns
Min = 639.053 ns, Q1 = 640.099 ns, Median = 640.699 ns, Q3 = 646.513 ns, Max = 685.179 ns
IQR = 6.414 ns, LowerFence = 630.478 ns, UpperFence = 656.134 ns
ConfidenceInterval = [635.001 ns; 658.856 ns] (CI 99.9%), Margin = 11.927 ns (1.84% of Mean)
Skewness = 1.82, Kurtosis = 5.25, MValue = 2
-------------------- Histogram --------------------
[636.400 ns ; 663.067 ns) | @@@@@@@@@@@@@@@@
[663.067 ns ; 677.250 ns) | @
[677.250 ns ; 691.571 ns) | @
---------------------------------------------------

ApiGatewayResponseBenchmarks.ToNoContentResponse_Success: DefaultJob
Runtime = .NET 10.0.12 (10.0.12, 10.0.1226.42308), X64 RyuJIT x86-64-v4; GC = Concurrent Workstation
Mean = 14.510 ns, StdErr = 0.034 ns (0.24%), N = 14, StdDev = 0.128 ns
Min = 14.272 ns, Q1 = 14.452 ns, Median = 14.549 ns, Q3 = 14.596 ns, Max = 14.676 ns
IQR = 0.145 ns, LowerFence = 14.235 ns, UpperFence = 14.813 ns
ConfidenceInterval = [14.365 ns; 14.654 ns] (CI 99.9%), Margin = 0.145 ns (1.00% of Mean)
Skewness = -0.7, Kurtosis = 2.09, MValue = 2
-------------------- Histogram --------------------
[14.202 ns ; 14.745 ns) | @@@@@@@@@@@@@@
---------------------------------------------------

ApiGatewayResponseBenchmarks.ToHttpApiResponse_Success: DefaultJob
Runtime = .NET 10.0.12 (10.0.12, 10.0.1226.42308), X64 RyuJIT x86-64-v4; GC = Concurrent Workstation
Mean = 514.701 ns, StdErr = 0.640 ns (0.12%), N = 16, StdDev = 2.561 ns
Min = 512.097 ns, Q1 = 512.790 ns, Median = 513.478 ns, Q3 = 516.381 ns, Max = 521.512 ns
IQR = 3.591 ns, LowerFence = 507.404 ns, UpperFence = 521.768 ns
ConfidenceInterval = [512.093 ns; 517.309 ns] (CI 99.9%), Margin = 2.608 ns (0.51% of Mean)
Skewness = 1.07, Kurtosis = 3.47, MValue = 2
-------------------- Histogram --------------------
[510.763 ns ; 522.846 ns) | @@@@@@@@@@@@@@@@
---------------------------------------------------

ApiGatewayResponseBenchmarks.ToHttpApiResponse_Error: DefaultJob
Runtime = .NET 10.0.12 (10.0.12, 10.0.1226.42308), X64 RyuJIT x86-64-v4; GC = Concurrent Workstation
Mean = 1.008 μs, StdErr = 0.001 μs (0.10%), N = 13, StdDev = 0.004 μs
Min = 1.004 μs, Q1 = 1.005 μs, Median = 1.008 μs, Q3 = 1.011 μs, Max = 1.014 μs
IQR = 0.006 μs, LowerFence = 0.996 μs, UpperFence = 1.020 μs
ConfidenceInterval = [1.004 μs; 1.012 μs] (CI 99.9%), Margin = 0.004 μs (0.43% of Mean)
Skewness = 0.38, Kurtosis = 1.47, MValue = 2
-------------------- Histogram --------------------
[1.002 μs ; 1.016 μs) | @@@@@@@@@@@@@
---------------------------------------------------

ApiGatewayResponseBenchmarks.ToApiGatewayResponse_Error: DefaultJob
Runtime = .NET 10.0.12 (10.0.12, 10.0.1226.42308), X64 RyuJIT x86-64-v4; GC = Concurrent Workstation
Mean = 994.751 ns, StdErr = 0.890 ns (0.09%), N = 15, StdDev = 3.446 ns
Min = 990.761 ns, Q1 = 992.475 ns, Median = 993.452 ns, Q3 = 996.792 ns, Max = 1,002.635 ns
IQR = 4.317 ns, LowerFence = 986.000 ns, UpperFence = 1,003.267 ns
ConfidenceInterval = [991.067 ns; 998.434 ns] (CI 99.9%), Margin = 3.683 ns (0.37% of Mean)
Skewness = 0.89, Kurtosis = 2.58, MValue = 2
-------------------- Histogram --------------------
[988.927 ns ; 1,004.468 ns) | @@@@@@@@@@@@@@@
---------------------------------------------------

ApiGatewayResponseBenchmarks.ToApiGatewayResponse_Success: DefaultJob
Runtime = .NET 10.0.12 (10.0.12, 10.0.1226.42308), X64 RyuJIT x86-64-v4; GC = Concurrent Workstation
Mean = 488.309 ns, StdErr = 0.814 ns (0.17%), N = 13, StdDev = 2.936 ns
Min = 484.478 ns, Q1 = 485.757 ns, Median = 488.435 ns, Q3 = 489.425 ns, Max = 493.978 ns
IQR = 3.667 ns, LowerFence = 480.256 ns, UpperFence = 494.926 ns
ConfidenceInterval = [484.793 ns; 491.824 ns] (CI 99.9%), Margin = 3.516 ns (0.72% of Mean)
Skewness = 0.49, Kurtosis = 2.11, MValue = 2
-------------------- Histogram --------------------
[483.575 ns ; 495.617 ns) | @@@@@@@@@@@@@
---------------------------------------------------

ApiGatewayResponseBenchmarks.ToCreatedResponse_Success: ShortRun(IterationCount=3, LaunchCount=1, WarmupCount=3)
Runtime = .NET 10.0.12 (10.0.12, 10.0.1226.42308), X64 RyuJIT x86-64-v4; GC = Concurrent Workstation
Mean = 662.535 ns, StdErr = 8.331 ns (1.26%), N = 3, StdDev = 14.430 ns
Min = 653.011 ns, Q1 = 654.234 ns, Median = 655.457 ns, Q3 = 667.297 ns, Max = 679.138 ns
IQR = 13.063 ns, LowerFence = 634.639 ns, UpperFence = 686.892 ns
ConfidenceInterval = [399.280 ns; 925.791 ns] (CI 99.9%), Margin = 263.256 ns (39.73% of Mean)
Skewness = 0.37, Kurtosis = 0.67, MValue = 2
-------------------- Histogram --------------------
[652.943 ns ; 679.206 ns) | @@@
---------------------------------------------------

ApiGatewayResponseBenchmarks.ToNoContentResponse_Success: ShortRun(IterationCount=3, LaunchCount=1, WarmupCount=3)
Runtime = .NET 10.0.12 (10.0.12, 10.0.1226.42308), X64 RyuJIT x86-64-v4; GC = Concurrent Workstation
Mean = 14.623 ns, StdErr = 0.068 ns (0.46%), N = 3, StdDev = 0.118 ns
Min = 14.503 ns, Q1 = 14.566 ns, Median = 14.628 ns, Q3 = 14.683 ns, Max = 14.739 ns
IQR = 0.118 ns, LowerFence = 14.389 ns, UpperFence = 14.860 ns
ConfidenceInterval = [12.475 ns; 16.772 ns] (CI 99.9%), Margin = 2.148 ns (14.69% of Mean)
Skewness = -0.04, Kurtosis = 0.67, MValue = 2
-------------------- Histogram --------------------
[14.396 ns ; 14.846 ns) | @@@
---------------------------------------------------

ApiGatewayResponseBenchmarks.ToHttpApiResponse_Success: ShortRun(IterationCount=3, LaunchCount=1, WarmupCount=3)
Runtime = .NET 10.0.12 (10.0.12, 10.0.1226.42308), X64 RyuJIT x86-64-v4; GC = Concurrent Workstation
Mean = 487.692 ns, StdErr = 1.565 ns (0.32%), N = 3, StdDev = 2.710 ns
Min = 485.300 ns, Q1 = 486.220 ns, Median = 487.140 ns, Q3 = 488.888 ns, Max = 490.635 ns
IQR = 2.668 ns, LowerFence = 482.218 ns, UpperFence = 492.889 ns
ConfidenceInterval = [438.249 ns; 537.135 ns] (CI 99.9%), Margin = 49.443 ns (10.14% of Mean)
Skewness = 0.2, Kurtosis = 0.67, MValue = 2
-------------------- Histogram --------------------
[482.834 ns ; 491.082 ns) | @@@
---------------------------------------------------

ApiGatewayResponseBenchmarks.ToHttpApiResponse_Error: ShortRun(IterationCount=3, LaunchCount=1, WarmupCount=3)
Runtime = .NET 10.0.12 (10.0.12, 10.0.1226.42308), X64 RyuJIT x86-64-v4; GC = Concurrent Workstation
Mean = 995.285 ns, StdErr = 4.342 ns (0.44%), N = 3, StdDev = 7.521 ns
Min = 990.057 ns, Q1 = 990.976 ns, Median = 991.895 ns, Q3 = 997.900 ns, Max = 1,003.904 ns
IQR = 6.924 ns, LowerFence = 980.590 ns, UpperFence = 1,008.285 ns
ConfidenceInterval = [858.080 ns; 1,132.491 ns] (CI 99.9%), Margin = 137.205 ns (13.79% of Mean)
Skewness = 0.36, Kurtosis = 0.67, MValue = 2
-------------------- Histogram --------------------
[983.213 ns ; 1,010.749 ns) | @@@
---------------------------------------------------

ApiGatewayResponseBenchmarks.ToApiGatewayResponse_Error: ShortRun(IterationCount=3, LaunchCount=1, WarmupCount=3)
Runtime = .NET 10.0.12 (10.0.12, 10.0.1226.42308), X64 RyuJIT x86-64-v4; GC = Concurrent Workstation
Mean = 1.013 μs, StdErr = 0.000 μs (0.03%), N = 3, StdDev = 0.000 μs
Min = 1.012 μs, Q1 = 1.012 μs, Median = 1.013 μs, Q3 = 1.013 μs, Max = 1.013 μs
IQR = 0.000 μs, LowerFence = 1.012 μs, UpperFence = 1.014 μs
ConfidenceInterval = [1.004 μs; 1.021 μs] (CI 99.9%), Margin = 0.009 μs (0.87% of Mean)
Skewness = -0.38, Kurtosis = 0.67, MValue = 2
-------------------- Histogram --------------------
[1.012 μs ; 1.013 μs) | @@@
---------------------------------------------------

ApiGatewayResponseBenchmarks.ToApiGatewayResponse_Success: ShortRun(IterationCount=3, LaunchCount=1, WarmupCount=3)
Runtime = .NET 10.0.12 (10.0.12, 10.0.1226.42308), X64 RyuJIT x86-64-v4; GC = Concurrent Workstation
Mean = 489.136 ns, StdErr = 0.516 ns (0.11%), N = 3, StdDev = 0.894 ns
Min = 488.394 ns, Q1 = 488.639 ns, Median = 488.884 ns, Q3 = 489.506 ns, Max = 490.128 ns
IQR = 0.867 ns, LowerFence = 487.339 ns, UpperFence = 490.807 ns
ConfidenceInterval = [472.831 ns; 505.441 ns] (CI 99.9%), Margin = 16.305 ns (3.33% of Mean)
Skewness = 0.26, Kurtosis = 0.67, MValue = 2
-------------------- Histogram --------------------
[487.581 ns ; 490.942 ns) | @@@
---------------------------------------------------

// * Summary *

BenchmarkDotNet v0.15.8, Linux Ubuntu 24.04.5 LTS (Noble Numbat)
Intel Xeon 6973P-C 2.60GHz, 1 CPU, 4 logical and 2 physical cores
.NET SDK 10.0.401
  [Host]     : .NET 10.0.12 (10.0.12, 10.0.1226.42308), X64 RyuJIT x86-64-v4
  DefaultJob : .NET 10.0.12 (10.0.12, 10.0.1226.42308), X64 RyuJIT x86-64-v4
  ShortRun   : .NET 10.0.12 (10.0.12, 10.0.1226.42308), X64 RyuJIT x86-64-v4


| Method                       | Job        | IterationCount | LaunchCount | WarmupCount | Mean        | Error      | StdDev    | Ratio | RatioSD | Gen0   | Allocated | Alloc Ratio |
|----------------------------- |----------- |--------------- |------------ |------------ |------------:|-----------:|----------:|------:|--------:|-------:|----------:|------------:|
| ToCreatedResponse_Success    | DefaultJob | Default        | Default     | Default     |   646.93 ns |  11.927 ns | 12.762 ns |  1.32 |    0.03 | 0.0057 |     480 B |        0.97 |
| ToNoContentResponse_Success  | DefaultJob | Default        | Default     | Default     |    14.51 ns |   0.145 ns |  0.128 ns |  0.03 |    0.00 | 0.0006 |      48 B |        0.10 |
| ToHttpApiResponse_Success    | DefaultJob | Default        | Default     | Default     |   514.70 ns |   2.608 ns |  2.561 ns |  1.05 |    0.01 | 0.0057 |     496 B |        1.00 |
| ToHttpApiResponse_Error      | DefaultJob | Default        | Default     | Default     | 1,008.10 ns |   4.307 ns |  3.597 ns |  2.06 |    0.01 | 0.0134 |    1232 B |        2.48 |
| ToApiGatewayResponse_Error   | DefaultJob | Default        | Default     | Default     |   994.75 ns |   3.683 ns |  3.446 ns |  2.04 |    0.01 | 0.0134 |    1232 B |        2.48 |
| ToApiGatewayResponse_Success | DefaultJob | Default        | Default     | Default     |   488.31 ns |   3.516 ns |  2.936 ns |  1.00 |    0.01 | 0.0057 |     496 B |        1.00 |
|                              |            |                |             |             |             |            |           |       |         |        |           |             |
| ToCreatedResponse_Success    | ShortRun   | 3              | 1           | 3           |   662.54 ns | 263.256 ns | 14.430 ns |  1.35 |    0.03 | 0.0057 |     480 B |        0.97 |
| ToNoContentResponse_Success  | ShortRun   | 3              | 1           | 3           |    14.62 ns |   2.148 ns |  0.118 ns |  0.03 |    0.00 | 0.0006 |      48 B |        0.10 |
| ToHttpApiResponse_Success    | ShortRun   | 3              | 1           | 3           |   487.69 ns |  49.443 ns |  2.710 ns |  1.00 |    0.01 | 0.0057 |     496 B |        1.00 |
| ToHttpApiResponse_Error      | ShortRun   | 3              | 1           | 3           |   995.29 ns | 137.205 ns |  7.521 ns |  2.03 |    0.01 | 0.0134 |    1232 B |        2.48 |
| ToApiGatewayResponse_Error   | ShortRun   | 3              | 1           | 3           | 1,012.60 ns |   8.803 ns |  0.483 ns |  2.07 |    0.00 | 0.0134 |    1232 B |        2.48 |
| ToApiGatewayResponse_Success | ShortRun   | 3              | 1           | 3           |   489.14 ns |  16.305 ns |  0.894 ns |  1.00 |    0.00 | 0.0057 |     496 B |        1.00 |

// * Hints *
Outliers
  ApiGatewayResponseBenchmarks.ToCreatedResponse_Success: Default    -> 3 outliers were removed (703.24 ns..733.12 ns)
  ApiGatewayResponseBenchmarks.ToNoContentResponse_Success: Default  -> 1 outlier  was  removed (17.42 ns)
  ApiGatewayResponseBenchmarks.ToHttpApiResponse_Success: Default    -> 5 outliers were removed (558.00 ns..588.81 ns)
  ApiGatewayResponseBenchmarks.ToHttpApiResponse_Error: Default      -> 2 outliers were removed (1.04 μs, 1.05 μs)
  ApiGatewayResponseBenchmarks.ToApiGatewayResponse_Success: Default -> 4 outliers were removed (513.11 ns..541.76 ns)
// * Config Issues *

// * Warnings *
Configuration
  Summary -> The exporter CsvExporter is already present in configuration. There may be unexpected results.
  Summary -> The exporter HtmlExporter is already present in configuration. There may be unexpected results.
  Summary -> The exporter MarkdownExporter-github is already present in configuration. There may be unexpected results.

// * Legends *
  Mean        : Arithmetic mean of all measurements
  Error       : Half of 99.9% confidence interval
  StdDev      : Standard deviation of all measurements
  Ratio       : Mean of the ratio distribution ([Current]/[Baseline])
  RatioSD     : Standard deviation of the ratio distribution ([Current]/[Baseline])
  Gen0        : GC Generation 0 collects per 1000 operations
  Allocated   : Allocated memory per single operation (managed only, inclusive, 1KB = 1024B)
  Alloc Ratio : Allocated memory ratio distribution ([Current]/[Baseline])
  1 ns        : 1 Nanosecond (0.000000001 sec)

// * Diagnostic Output - MemoryDiagnoser *


// ***** BenchmarkRunner: End *****
Run time: 00:02:21 (141.22 sec), executed benchmarks: 12

Global total time: 00:02:51 (171.92 sec), executed benchmarks: 12
// * Artifacts cleanup *
Artifacts cleanup is finished
