// Validating benchmarks:
// ***** BenchmarkRunner: Start   *****
// ***** Found 8 benchmark(s) in total *****
// ***** Building 1 exe(s) in Parallel: Start   *****
// start dotnet  restore --nodeReuse:false /p:UseSharedCompilation=false /p:Deterministic=true /p:Optimize=true /p:ArtifactsPath="/home/runner/work/Encina/Encina/tests/Encina.BenchmarkTests/Encina.Benchmarks/bin/Release/net10.0/Encina.Benchmarks-DefaultJob-1/" /p:OutDir="/home/runner/work/Encina/Encina/tests/Encina.BenchmarkTests/Encina.Benchmarks/bin/Release/net10.0/Encina.Benchmarks-DefaultJob-1/bin/Release/net10.0/" /p:OutputPath="/home/runner/work/Encina/Encina/tests/Encina.BenchmarkTests/Encina.Benchmarks/bin/Release/net10.0/Encina.Benchmarks-DefaultJob-1/bin/Release/net10.0/" /p:PublishDir="/home/runner/work/Encina/Encina/tests/Encina.BenchmarkTests/Encina.Benchmarks/bin/Release/net10.0/Encina.Benchmarks-DefaultJob-1/publish/" in /home/runner/work/Encina/Encina/tests/Encina.BenchmarkTests/Encina.Benchmarks/bin/Release/net10.0/Encina.Benchmarks-DefaultJob-1
// command took 3.74 sec and exited with 0
// start dotnet  build -c Release --no-restore --nodeReuse:false /p:UseSharedCompilation=false /p:Deterministic=true /p:Optimize=true /p:ArtifactsPath="/home/runner/work/Encina/Encina/tests/Encina.BenchmarkTests/Encina.Benchmarks/bin/Release/net10.0/Encina.Benchmarks-DefaultJob-1/" /p:OutDir="/home/runner/work/Encina/Encina/tests/Encina.BenchmarkTests/Encina.Benchmarks/bin/Release/net10.0/Encina.Benchmarks-DefaultJob-1/bin/Release/net10.0/" /p:OutputPath="/home/runner/work/Encina/Encina/tests/Encina.BenchmarkTests/Encina.Benchmarks/bin/Release/net10.0/Encina.Benchmarks-DefaultJob-1/bin/Release/net10.0/" /p:PublishDir="/home/runner/work/Encina/Encina/tests/Encina.BenchmarkTests/Encina.Benchmarks/bin/Release/net10.0/Encina.Benchmarks-DefaultJob-1/publish/" --output "/home/runner/work/Encina/Encina/tests/Encina.BenchmarkTests/Encina.Benchmarks/bin/Release/net10.0/Encina.Benchmarks-DefaultJob-1/bin/Release/net10.0/" in /home/runner/work/Encina/Encina/tests/Encina.BenchmarkTests/Encina.Benchmarks/bin/Release/net10.0/Encina.Benchmarks-DefaultJob-1
// command took 191.94 sec and exited with 0
// ***** Done, took 00:03:15 (195.87 sec)   *****
// Found 8 benchmarks:
//   ReplicaSelectionBenchmarks.'LeastConnections.AcquireReplica (lease)': DefaultJob
//   ReplicaSelectionBenchmarks.'LeastConnections.AcquireReplica (lease)': ShortRun(IterationCount=3, LaunchCount=1, WarmupCount=3)
//   ReplicaSelectionBenchmarks.LeastConnections.SelectReplica: DefaultJob
//   ReplicaSelectionBenchmarks.LeastConnections.SelectReplica: ShortRun(IterationCount=3, LaunchCount=1, WarmupCount=3)
//   ReplicaSelectionBenchmarks.Random.SelectReplica: DefaultJob
//   ReplicaSelectionBenchmarks.Random.SelectReplica: ShortRun(IterationCount=3, LaunchCount=1, WarmupCount=3)
//   ReplicaSelectionBenchmarks.RoundRobin.SelectReplica: DefaultJob
//   ReplicaSelectionBenchmarks.RoundRobin.SelectReplica: ShortRun(IterationCount=3, LaunchCount=1, WarmupCount=3)

// **************************
// Benchmark: ReplicaSelectionBenchmarks.'LeastConnections.AcquireReplica (lease)': DefaultJob
// *** Execute ***
// Launch: 1 / 1
// Execute: dotnet Encina.Benchmarks-DefaultJob-1.dll --anonymousPipes 226 227 --benchmarkName Encina.Benchmarks.ReadWriteSeparation.ReplicaSelectionBenchmarks.LeastConnections_AcquireReplica_WithLease --job Default --benchmarkId 0 in /home/runner/work/Encina/Encina/tests/Encina.BenchmarkTests/Encina.Benchmarks/bin/Release/net10.0/Encina.Benchmarks-DefaultJob-1/bin/Release/net10.0
// Failed to set up high priority (Permission denied). In order to run benchmarks with high priority, make sure you have the right permissions.
// BeforeAnythingElse

// Benchmark Process Environment Information:
// BenchmarkDotNet v0.15.8
// Runtime=.NET 10.0.12 (10.0.12, 10.0.1226.42308), X64 RyuJIT x86-64-v3
// GC=Concurrent Workstation
// HardwareIntrinsics=AVX2+BMI1+BMI2+F16C+FMA+LZCNT+MOVBE,AVX,SSE3+SSSE3+SSE4.1+SSE4.2+POPCNT,X86Base+SSE+SSE2,AES+PCLMUL VectorSize=256
// Job: DefaultJob

OverheadJitting  1: 1 op, 220963.00 ns, 220.9630 us/op
WorkloadJitting  1: 1 op, 2279718.00 ns, 2.2797 ms/op

OverheadJitting  2: 16 op, 500895.00 ns, 31.3059 us/op
WorkloadJitting  2: 16 op, 472413.00 ns, 29.5258 us/op

WorkloadPilot    1: 16 op, 14257.00 ns, 891.0625 ns/op
WorkloadPilot    2: 32 op, 23184.00 ns, 724.5000 ns/op
WorkloadPilot    3: 64 op, 40827.00 ns, 637.9219 ns/op
WorkloadPilot    4: 128 op, 70752.00 ns, 552.7500 ns/op
WorkloadPilot    5: 256 op, 102882.00 ns, 401.8828 ns/op
WorkloadPilot    6: 512 op, 167303.00 ns, 326.7637 ns/op
WorkloadPilot    7: 1024 op, 332771.00 ns, 324.9717 ns/op
WorkloadPilot    8: 2048 op, 664401.00 ns, 324.4146 ns/op
WorkloadPilot    9: 4096 op, 1273940.00 ns, 311.0205 ns/op
WorkloadPilot   10: 8192 op, 2516671.00 ns, 307.2108 ns/op
WorkloadPilot   11: 16384 op, 4934358.00 ns, 301.1693 ns/op
WorkloadPilot   12: 32768 op, 9914471.00 ns, 302.5656 ns/op
WorkloadPilot   13: 65536 op, 19673241.00 ns, 300.1898 ns/op
WorkloadPilot   14: 131072 op, 39333578.00 ns, 300.0914 ns/op
WorkloadPilot   15: 262144 op, 78301282.00 ns, 298.6957 ns/op
WorkloadPilot   16: 524288 op, 157317499.00 ns, 300.0593 ns/op
WorkloadPilot   17: 1048576 op, 300671083.00 ns, 286.7423 ns/op
WorkloadPilot   18: 2097152 op, 604646678.00 ns, 288.3180 ns/op

OverheadWarmup   1: 2097152 op, 6872168.00 ns, 3.2769 ns/op
OverheadWarmup   2: 2097152 op, 6864544.00 ns, 3.2733 ns/op
OverheadWarmup   3: 2097152 op, 6870976.00 ns, 3.2763 ns/op
OverheadWarmup   4: 2097152 op, 6884281.00 ns, 3.2827 ns/op
OverheadWarmup   5: 2097152 op, 6882277.00 ns, 3.2817 ns/op
OverheadWarmup   6: 2097152 op, 6863632.00 ns, 3.2728 ns/op
OverheadWarmup   7: 2097152 op, 6870865.00 ns, 3.2763 ns/op
OverheadWarmup   8: 2097152 op, 6855827.00 ns, 3.2691 ns/op

OverheadActual   1: 2097152 op, 6884521.00 ns, 3.2828 ns/op
OverheadActual   2: 2097152 op, 6872599.00 ns, 3.2771 ns/op
OverheadActual   3: 2097152 op, 6877297.00 ns, 3.2794 ns/op
OverheadActual   4: 2097152 op, 6941126.00 ns, 3.3098 ns/op
OverheadActual   5: 2097152 op, 6908105.00 ns, 3.2940 ns/op
OverheadActual   6: 2097152 op, 6886935.00 ns, 3.2839 ns/op
OverheadActual   7: 2097152 op, 6843444.00 ns, 3.2632 ns/op
OverheadActual   8: 2097152 op, 6951055.00 ns, 3.3145 ns/op
OverheadActual   9: 2097152 op, 6871647.00 ns, 3.2767 ns/op
OverheadActual  10: 2097152 op, 6871466.00 ns, 3.2766 ns/op
OverheadActual  11: 2097152 op, 6878339.00 ns, 3.2798 ns/op
OverheadActual  12: 2097152 op, 6869984.00 ns, 3.2759 ns/op
OverheadActual  13: 2097152 op, 6883269.00 ns, 3.2822 ns/op
OverheadActual  14: 2097152 op, 6867890.00 ns, 3.2749 ns/op
OverheadActual  15: 2097152 op, 6867199.00 ns, 3.2745 ns/op

WorkloadWarmup   1: 2097152 op, 609528650.00 ns, 290.6459 ns/op
WorkloadWarmup   2: 2097152 op, 602577365.00 ns, 287.3313 ns/op
WorkloadWarmup   3: 2097152 op, 600767724.00 ns, 286.4684 ns/op
WorkloadWarmup   4: 2097152 op, 600911262.00 ns, 286.5368 ns/op
WorkloadWarmup   5: 2097152 op, 603179399.00 ns, 287.6184 ns/op
WorkloadWarmup   6: 2097152 op, 602523714.00 ns, 287.3057 ns/op
WorkloadWarmup   7: 2097152 op, 599125857.00 ns, 285.6855 ns/op
WorkloadWarmup   8: 2097152 op, 599382036.00 ns, 285.8076 ns/op
WorkloadWarmup   9: 2097152 op, 601136997.00 ns, 286.6445 ns/op
WorkloadWarmup  10: 2097152 op, 599629926.00 ns, 285.9258 ns/op

// BeforeActualRun
WorkloadActual   1: 2097152 op, 601532702.00 ns, 286.8331 ns/op
WorkloadActual   2: 2097152 op, 598425136.00 ns, 285.3513 ns/op
WorkloadActual   3: 2097152 op, 602297651.00 ns, 287.1979 ns/op
WorkloadActual   4: 2097152 op, 599972476.00 ns, 286.0892 ns/op
WorkloadActual   5: 2097152 op, 601525948.00 ns, 286.8299 ns/op
WorkloadActual   6: 2097152 op, 601241367.00 ns, 286.6942 ns/op
WorkloadActual   7: 2097152 op, 600172490.00 ns, 286.1845 ns/op
WorkloadActual   8: 2097152 op, 603422251.00 ns, 287.7342 ns/op
WorkloadActual   9: 2097152 op, 600995428.00 ns, 286.5770 ns/op
WorkloadActual  10: 2097152 op, 622609299.00 ns, 296.8832 ns/op
WorkloadActual  11: 2097152 op, 600103422.00 ns, 286.1516 ns/op
WorkloadActual  12: 2097152 op, 602011813.00 ns, 287.0616 ns/op
WorkloadActual  13: 2097152 op, 599280944.00 ns, 285.7594 ns/op
WorkloadActual  14: 2097152 op, 601086979.00 ns, 286.6206 ns/op
WorkloadActual  15: 2097152 op, 601415252.00 ns, 286.7771 ns/op

// AfterActualRun
WorkloadResult   1: 2097152 op, 594655405.00 ns, 283.5538 ns/op
WorkloadResult   2: 2097152 op, 591547839.00 ns, 282.0720 ns/op
WorkloadResult   3: 2097152 op, 595420354.00 ns, 283.9185 ns/op
WorkloadResult   4: 2097152 op, 593095179.00 ns, 282.8098 ns/op
WorkloadResult   5: 2097152 op, 594648651.00 ns, 283.5506 ns/op
WorkloadResult   6: 2097152 op, 594364070.00 ns, 283.4149 ns/op
WorkloadResult   7: 2097152 op, 593295193.00 ns, 282.9052 ns/op
WorkloadResult   8: 2097152 op, 596544954.00 ns, 284.4548 ns/op
WorkloadResult   9: 2097152 op, 594118131.00 ns, 283.2976 ns/op
WorkloadResult  10: 2097152 op, 593226125.00 ns, 282.8723 ns/op
WorkloadResult  11: 2097152 op, 595134516.00 ns, 283.7823 ns/op
WorkloadResult  12: 2097152 op, 592403647.00 ns, 282.4801 ns/op
WorkloadResult  13: 2097152 op, 594209682.00 ns, 283.3413 ns/op
WorkloadResult  14: 2097152 op, 594537955.00 ns, 283.4978 ns/op
// GC:  4 0 0 67108864 2097152
// Threading:  0 0 2097152

// AfterAll
// Benchmark Process 3875 has exited with code 0.

Mean = 283.282 ns, StdErr = 0.164 ns (0.06%), N = 14, StdDev = 0.613 ns
Min = 282.072 ns, Q1 = 282.880 ns, Median = 283.378 ns, Q3 = 283.553 ns, Max = 284.455 ns
IQR = 0.672 ns, LowerFence = 281.872 ns, UpperFence = 284.562 ns
ConfidenceInterval = [282.591 ns; 283.974 ns] (CI 99.9%), Margin = 0.691 ns (0.24% of Mean)
Skewness = -0.15, Kurtosis = 2.42, MValue = 2

// ** Remained 7 (87.5 %) benchmark(s) to run. Estimated finish 2026-10-09 21:03 (0h 2m from now) **
// **************************
// Benchmark: ReplicaSelectionBenchmarks.'LeastConnections.AcquireReplica (lease)': ShortRun(IterationCount=3, LaunchCount=1, WarmupCount=3)
// *** Execute ***
// Launch: 1 / 1
// Execute: dotnet Encina.Benchmarks-DefaultJob-1.dll --anonymousPipes 226 227 --benchmarkName Encina.Benchmarks.ReadWriteSeparation.ReplicaSelectionBenchmarks.LeastConnections_AcquireReplica_WithLease --job ShortRun --benchmarkId 1 in /home/runner/work/Encina/Encina/tests/Encina.BenchmarkTests/Encina.Benchmarks/bin/Release/net10.0/Encina.Benchmarks-DefaultJob-1/bin/Release/net10.0
// Failed to set up high priority (Permission denied). In order to run benchmarks with high priority, make sure you have the right permissions.
// BeforeAnythingElse

// Benchmark Process Environment Information:
// BenchmarkDotNet v0.15.8
// Runtime=.NET 10.0.12 (10.0.12, 10.0.1226.42308), X64 RyuJIT x86-64-v3
// GC=Concurrent Workstation
// HardwareIntrinsics=AVX2+BMI1+BMI2+F16C+FMA+LZCNT+MOVBE,AVX,SSE3+SSSE3+SSE4.1+SSE4.2+POPCNT,X86Base+SSE+SSE2,AES+PCLMUL VectorSize=256
// Job: ShortRun(IterationCount=3, LaunchCount=1, WarmupCount=3)

OverheadJitting  1: 1 op, 209612.00 ns, 209.6120 us/op
WorkloadJitting  1: 1 op, 2290720.00 ns, 2.2907 ms/op

OverheadJitting  2: 16 op, 450492.00 ns, 28.1558 us/op
WorkloadJitting  2: 16 op, 450551.00 ns, 28.1594 us/op

WorkloadPilot    1: 16 op, 9598.00 ns, 599.8750 ns/op
WorkloadPilot    2: 32 op, 13895.00 ns, 434.2188 ns/op
WorkloadPilot    3: 64 op, 22573.00 ns, 352.7031 ns/op
WorkloadPilot    4: 128 op, 48511.00 ns, 378.9922 ns/op
WorkloadPilot    5: 256 op, 83686.00 ns, 326.8984 ns/op
WorkloadPilot    6: 512 op, 153607.00 ns, 300.0137 ns/op
WorkloadPilot    7: 1024 op, 340065.00 ns, 332.0947 ns/op
WorkloadPilot    8: 2048 op, 650265.00 ns, 317.5122 ns/op
WorkloadPilot    9: 4096 op, 1268711.00 ns, 309.7439 ns/op
WorkloadPilot   10: 8192 op, 2505230.00 ns, 305.8142 ns/op
WorkloadPilot   11: 16384 op, 4787725.00 ns, 292.2195 ns/op
WorkloadPilot   12: 32768 op, 9576872.00 ns, 292.2629 ns/op
WorkloadPilot   13: 65536 op, 19107258.00 ns, 291.5536 ns/op
WorkloadPilot   14: 131072 op, 38468229.00 ns, 293.4893 ns/op
WorkloadPilot   15: 262144 op, 76843906.00 ns, 293.1362 ns/op
WorkloadPilot   16: 524288 op, 154230766.00 ns, 294.1718 ns/op
WorkloadPilot   17: 1048576 op, 293026656.00 ns, 279.4520 ns/op
WorkloadPilot   18: 2097152 op, 594425513.00 ns, 283.4442 ns/op

OverheadWarmup   1: 2097152 op, 6919507.00 ns, 3.2995 ns/op
OverheadWarmup   2: 2097152 op, 6917674.00 ns, 3.2986 ns/op
OverheadWarmup   3: 2097152 op, 6944444.00 ns, 3.3114 ns/op
OverheadWarmup   4: 2097152 op, 6860928.00 ns, 3.2715 ns/op
OverheadWarmup   5: 2097152 op, 6877129.00 ns, 3.2793 ns/op
OverheadWarmup   6: 2097152 op, 6872550.00 ns, 3.2771 ns/op

OverheadActual   1: 2097152 op, 6904088.00 ns, 3.2921 ns/op
OverheadActual   2: 2097152 op, 6888720.00 ns, 3.2848 ns/op
OverheadActual   3: 2097152 op, 6890874.00 ns, 3.2858 ns/op
OverheadActual   4: 2097152 op, 6892847.00 ns, 3.2868 ns/op
OverheadActual   5: 2097152 op, 6880505.00 ns, 3.2809 ns/op
OverheadActual   6: 2097152 op, 6888158.00 ns, 3.2845 ns/op
OverheadActual   7: 2097152 op, 6940419.00 ns, 3.3094 ns/op
OverheadActual   8: 2097152 op, 6943142.00 ns, 3.3107 ns/op
OverheadActual   9: 2097152 op, 6870466.00 ns, 3.2761 ns/op
OverheadActual  10: 2097152 op, 6887958.00 ns, 3.2844 ns/op
OverheadActual  11: 2097152 op, 6859365.00 ns, 3.2708 ns/op
OverheadActual  12: 2097152 op, 6874924.00 ns, 3.2782 ns/op
OverheadActual  13: 2097152 op, 6869053.00 ns, 3.2754 ns/op
OverheadActual  14: 2097152 op, 6876237.00 ns, 3.2788 ns/op
OverheadActual  15: 2097152 op, 6877930.00 ns, 3.2797 ns/op

WorkloadWarmup   1: 2097152 op, 592968631.00 ns, 282.7495 ns/op
WorkloadWarmup   2: 2097152 op, 588234958.00 ns, 280.4923 ns/op
WorkloadWarmup   3: 2097152 op, 584944450.00 ns, 278.9232 ns/op

// BeforeActualRun
WorkloadActual   1: 2097152 op, 588492399.00 ns, 280.6150 ns/op
WorkloadActual   2: 2097152 op, 585306657.00 ns, 279.0960 ns/op
WorkloadActual   3: 2097152 op, 584806695.00 ns, 278.8576 ns/op

// AfterActualRun
WorkloadResult   1: 2097152 op, 581604441.00 ns, 277.3306 ns/op
WorkloadResult   2: 2097152 op, 578418699.00 ns, 275.8115 ns/op
WorkloadResult   3: 2097152 op, 577918737.00 ns, 275.5731 ns/op
// GC:  4 0 0 67108864 2097152
// Threading:  0 0 2097152

// AfterAll
// Benchmark Process 3892 has exited with code 0.

Mean = 276.238 ns, StdErr = 0.550 ns (0.20%), N = 3, StdDev = 0.953 ns
Min = 275.573 ns, Q1 = 275.692 ns, Median = 275.812 ns, Q3 = 276.571 ns, Max = 277.331 ns
IQR = 0.879 ns, LowerFence = 274.374 ns, UpperFence = 277.889 ns
ConfidenceInterval = [258.846 ns; 293.631 ns] (CI 99.9%), Margin = 17.393 ns (6.30% of Mean)
Skewness = 0.36, Kurtosis = 0.67, MValue = 2

// ** Remained 6 (75.0 %) benchmark(s) to run. Estimated finish 2026-10-09 21:02 (0h 1m from now) **
// **************************
// Benchmark: ReplicaSelectionBenchmarks.LeastConnections.SelectReplica: DefaultJob
// *** Execute ***
// Launch: 1 / 1
// Execute: dotnet Encina.Benchmarks-DefaultJob-1.dll --anonymousPipes 226 227 --benchmarkName Encina.Benchmarks.ReadWriteSeparation.ReplicaSelectionBenchmarks.LeastConnections_SelectReplica --job Default --benchmarkId 2 in /home/runner/work/Encina/Encina/tests/Encina.BenchmarkTests/Encina.Benchmarks/bin/Release/net10.0/Encina.Benchmarks-DefaultJob-1/bin/Release/net10.0
// Failed to set up high priority (Permission denied). In order to run benchmarks with high priority, make sure you have the right permissions.
// BeforeAnythingElse

// Benchmark Process Environment Information:
// BenchmarkDotNet v0.15.8
// Runtime=.NET 10.0.12 (10.0.12, 10.0.1226.42308), X64 RyuJIT x86-64-v3
// GC=Concurrent Workstation
// HardwareIntrinsics=AVX2+BMI1+BMI2+F16C+FMA+LZCNT+MOVBE,AVX,SSE3+SSSE3+SSE4.1+SSE4.2+POPCNT,X86Base+SSE+SSE2,AES+PCLMUL VectorSize=256
// Job: DefaultJob

OverheadJitting  1: 1 op, 216837.00 ns, 216.8370 us/op
WorkloadJitting  1: 1 op, 1773270.00 ns, 1.7733 ms/op

OverheadJitting  2: 16 op, 464292.00 ns, 29.0183 us/op
WorkloadJitting  2: 16 op, 495771.00 ns, 30.9857 us/op

WorkloadPilot    1: 16 op, 12624.00 ns, 789.0000 ns/op
WorkloadPilot    2: 32 op, 19306.00 ns, 603.3125 ns/op
WorkloadPilot    3: 64 op, 20488.00 ns, 320.1250 ns/op
WorkloadPilot    4: 128 op, 47960.00 ns, 374.6875 ns/op
WorkloadPilot    5: 256 op, 76213.00 ns, 297.7070 ns/op
WorkloadPilot    6: 512 op, 138290.00 ns, 270.0977 ns/op
WorkloadPilot    7: 1024 op, 276399.00 ns, 269.9209 ns/op
WorkloadPilot    8: 2048 op, 559371.00 ns, 273.1304 ns/op
WorkloadPilot    9: 4096 op, 1134380.00 ns, 276.9482 ns/op
WorkloadPilot   10: 8192 op, 2274261.00 ns, 277.6198 ns/op
WorkloadPilot   11: 16384 op, 4284245.00 ns, 261.4896 ns/op
WorkloadPilot   12: 32768 op, 8728582.00 ns, 266.3752 ns/op
WorkloadPilot   13: 65536 op, 17295449.00 ns, 263.9076 ns/op
WorkloadPilot   14: 131072 op, 34776158.00 ns, 265.3210 ns/op
WorkloadPilot   15: 262144 op, 69663214.00 ns, 265.7441 ns/op
WorkloadPilot   16: 524288 op, 137476244.00 ns, 262.2151 ns/op
WorkloadPilot   17: 1048576 op, 261483975.00 ns, 249.3706 ns/op
WorkloadPilot   18: 2097152 op, 528983607.00 ns, 252.2390 ns/op

OverheadWarmup   1: 2097152 op, 6957566.00 ns, 3.3176 ns/op
OverheadWarmup   2: 2097152 op, 6948379.00 ns, 3.3132 ns/op
OverheadWarmup   3: 2097152 op, 6947016.00 ns, 3.3126 ns/op
OverheadWarmup   4: 2097152 op, 6947056.00 ns, 3.3126 ns/op
OverheadWarmup   5: 2097152 op, 6947216.00 ns, 3.3127 ns/op
OverheadWarmup   6: 2097152 op, 6949631.00 ns, 3.3138 ns/op
OverheadWarmup   7: 2097152 op, 7000527.00 ns, 3.3381 ns/op
OverheadWarmup   8: 2097152 op, 6971081.00 ns, 3.3241 ns/op
OverheadWarmup   9: 2097152 op, 6949090.00 ns, 3.3136 ns/op
OverheadWarmup  10: 2097152 op, 6957877.00 ns, 3.3178 ns/op

OverheadActual   1: 2097152 op, 6927570.00 ns, 3.3033 ns/op
OverheadActual   2: 2097152 op, 6954040.00 ns, 3.3159 ns/op
OverheadActual   3: 2097152 op, 6959940.00 ns, 3.3188 ns/op
OverheadActual   4: 2097152 op, 6949481.00 ns, 3.3138 ns/op
OverheadActual   5: 2097152 op, 6961604.00 ns, 3.3196 ns/op
OverheadActual   6: 2097152 op, 6957476.00 ns, 3.3176 ns/op
OverheadActual   7: 2097152 op, 6941986.00 ns, 3.3102 ns/op
OverheadActual   8: 2097152 op, 6949871.00 ns, 3.3140 ns/op
OverheadActual   9: 2097152 op, 6961494.00 ns, 3.3195 ns/op
OverheadActual  10: 2097152 op, 6968456.00 ns, 3.3228 ns/op
OverheadActual  11: 2097152 op, 6952687.00 ns, 3.3153 ns/op
OverheadActual  12: 2097152 op, 6944721.00 ns, 3.3115 ns/op
OverheadActual  13: 2097152 op, 6952075.00 ns, 3.3150 ns/op
OverheadActual  14: 2097152 op, 6944782.00 ns, 3.3115 ns/op
OverheadActual  15: 2097152 op, 6948108.00 ns, 3.3131 ns/op

WorkloadWarmup   1: 2097152 op, 533139722.00 ns, 254.2208 ns/op
WorkloadWarmup   2: 2097152 op, 523047539.00 ns, 249.4085 ns/op
WorkloadWarmup   3: 2097152 op, 521740074.00 ns, 248.7851 ns/op
WorkloadWarmup   4: 2097152 op, 522338257.00 ns, 249.0703 ns/op
WorkloadWarmup   5: 2097152 op, 522518285.00 ns, 249.1561 ns/op
WorkloadWarmup   6: 2097152 op, 522642502.00 ns, 249.2154 ns/op
WorkloadWarmup   7: 2097152 op, 520187001.00 ns, 248.0445 ns/op
WorkloadWarmup   8: 2097152 op, 524207071.00 ns, 249.9614 ns/op
WorkloadWarmup   9: 2097152 op, 520433551.00 ns, 248.1621 ns/op

// BeforeActualRun
WorkloadActual   1: 2097152 op, 528590891.00 ns, 252.0518 ns/op
WorkloadActual   2: 2097152 op, 545775806.00 ns, 260.2462 ns/op
WorkloadActual   3: 2097152 op, 521405341.00 ns, 248.6254 ns/op
WorkloadActual   4: 2097152 op, 523174908.00 ns, 249.4692 ns/op
WorkloadActual   5: 2097152 op, 524436558.00 ns, 250.0708 ns/op
WorkloadActual   6: 2097152 op, 537828323.00 ns, 256.4565 ns/op
WorkloadActual   7: 2097152 op, 526801369.00 ns, 251.1985 ns/op
WorkloadActual   8: 2097152 op, 522650832.00 ns, 249.2193 ns/op
WorkloadActual   9: 2097152 op, 522438576.00 ns, 249.1181 ns/op
WorkloadActual  10: 2097152 op, 526099818.00 ns, 250.8639 ns/op
WorkloadActual  11: 2097152 op, 522834926.00 ns, 249.3071 ns/op
WorkloadActual  12: 2097152 op, 520578129.00 ns, 248.2310 ns/op
WorkloadActual  13: 2097152 op, 523031033.00 ns, 249.4006 ns/op
WorkloadActual  14: 2097152 op, 521151570.00 ns, 248.5044 ns/op
WorkloadActual  15: 2097152 op, 521637018.00 ns, 248.7359 ns/op

// AfterActualRun
WorkloadResult   1: 2097152 op, 521638816.00 ns, 248.7368 ns/op
WorkloadResult   2: 2097152 op, 514453266.00 ns, 245.3104 ns/op
WorkloadResult   3: 2097152 op, 516222833.00 ns, 246.1542 ns/op
WorkloadResult   4: 2097152 op, 517484483.00 ns, 246.7558 ns/op
WorkloadResult   5: 2097152 op, 519849294.00 ns, 247.8835 ns/op
WorkloadResult   6: 2097152 op, 515698757.00 ns, 245.9043 ns/op
WorkloadResult   7: 2097152 op, 515486501.00 ns, 245.8031 ns/op
WorkloadResult   8: 2097152 op, 519147743.00 ns, 247.5489 ns/op
WorkloadResult   9: 2097152 op, 515882851.00 ns, 245.9921 ns/op
WorkloadResult  10: 2097152 op, 513626054.00 ns, 244.9160 ns/op
WorkloadResult  11: 2097152 op, 516078958.00 ns, 246.0856 ns/op
WorkloadResult  12: 2097152 op, 514199495.00 ns, 245.1894 ns/op
WorkloadResult  13: 2097152 op, 514684943.00 ns, 245.4209 ns/op
// GC:  4 0 0 67108864 2097152
// Threading:  0 0 2097152

// AfterAll
// Benchmark Process 3898 has exited with code 0.

Mean = 246.285 ns, StdErr = 0.317 ns (0.13%), N = 13, StdDev = 1.143 ns
Min = 244.916 ns, Q1 = 245.421 ns, Median = 245.992 ns, Q3 = 246.756 ns, Max = 248.737 ns
IQR = 1.335 ns, LowerFence = 243.419 ns, UpperFence = 248.758 ns
ConfidenceInterval = [244.916 ns; 247.653 ns] (CI 99.9%), Margin = 1.369 ns (0.56% of Mean)
Skewness = 0.79, Kurtosis = 2.33, MValue = 2

// ** Remained 5 (62.5 %) benchmark(s) to run. Estimated finish 2026-10-09 21:02 (0h 1m from now) **
// **************************
// Benchmark: ReplicaSelectionBenchmarks.LeastConnections.SelectReplica: ShortRun(IterationCount=3, LaunchCount=1, WarmupCount=3)
// *** Execute ***
// Launch: 1 / 1
// Execute: dotnet Encina.Benchmarks-DefaultJob-1.dll --anonymousPipes 226 227 --benchmarkName Encina.Benchmarks.ReadWriteSeparation.ReplicaSelectionBenchmarks.LeastConnections_SelectReplica --job ShortRun --benchmarkId 3 in /home/runner/work/Encina/Encina/tests/Encina.BenchmarkTests/Encina.Benchmarks/bin/Release/net10.0/Encina.Benchmarks-DefaultJob-1/bin/Release/net10.0
// Failed to set up high priority (Permission denied). In order to run benchmarks with high priority, make sure you have the right permissions.
// BeforeAnythingElse

// Benchmark Process Environment Information:
// BenchmarkDotNet v0.15.8
// Runtime=.NET 10.0.12 (10.0.12, 10.0.1226.42308), X64 RyuJIT x86-64-v3
// GC=Concurrent Workstation
// HardwareIntrinsics=AVX2+BMI1+BMI2+F16C+FMA+LZCNT+MOVBE,AVX,SSE3+SSSE3+SSE4.1+SSE4.2+POPCNT,X86Base+SSE+SSE2,AES+PCLMUL VectorSize=256
// Job: ShortRun(IterationCount=3, LaunchCount=1, WarmupCount=3)

OverheadJitting  1: 1 op, 208460.00 ns, 208.4600 us/op
WorkloadJitting  1: 1 op, 1826183.00 ns, 1.8262 ms/op

OverheadJitting  2: 16 op, 456744.00 ns, 28.5465 us/op
WorkloadJitting  2: 16 op, 465851.00 ns, 29.1157 us/op

WorkloadPilot    1: 16 op, 8697.00 ns, 543.5625 ns/op
WorkloadPilot    2: 32 op, 12784.00 ns, 399.5000 ns/op
WorkloadPilot    3: 64 op, 19857.00 ns, 310.2656 ns/op
WorkloadPilot    4: 128 op, 46848.00 ns, 366.0000 ns/op
WorkloadPilot    5: 256 op, 90509.00 ns, 353.5508 ns/op
WorkloadPilot    6: 512 op, 132297.00 ns, 258.3926 ns/op
WorkloadPilot    7: 1024 op, 263863.00 ns, 257.6787 ns/op
WorkloadPilot    8: 2048 op, 527555.00 ns, 257.5952 ns/op
WorkloadPilot    9: 4096 op, 1075701.00 ns, 262.6223 ns/op
WorkloadPilot   10: 8192 op, 2122286.00 ns, 259.0681 ns/op
WorkloadPilot   11: 16384 op, 4106174.00 ns, 250.6210 ns/op
WorkloadPilot   12: 32768 op, 8582078.00 ns, 261.9042 ns/op
WorkloadPilot   13: 65536 op, 16677157.00 ns, 254.4732 ns/op
WorkloadPilot   14: 131072 op, 33151404.00 ns, 252.9251 ns/op
WorkloadPilot   15: 262144 op, 66492571.00 ns, 253.6490 ns/op
WorkloadPilot   16: 524288 op, 132649456.00 ns, 253.0088 ns/op
WorkloadPilot   17: 1048576 op, 250723037.00 ns, 239.1081 ns/op
WorkloadPilot   18: 2097152 op, 511795221.00 ns, 244.0430 ns/op

OverheadWarmup   1: 2097152 op, 6947424.00 ns, 3.3128 ns/op
OverheadWarmup   2: 2097152 op, 6944469.00 ns, 3.3114 ns/op
OverheadWarmup   3: 2097152 op, 6947906.00 ns, 3.3130 ns/op
OverheadWarmup   4: 2097152 op, 6943337.00 ns, 3.3108 ns/op
OverheadWarmup   5: 2097152 op, 6941453.00 ns, 3.3099 ns/op
OverheadWarmup   6: 2097152 op, 7030292.00 ns, 3.3523 ns/op
OverheadWarmup   7: 2097152 op, 6940291.00 ns, 3.3094 ns/op

OverheadActual   1: 2097152 op, 6947344.00 ns, 3.3128 ns/op
OverheadActual   2: 2097152 op, 6997960.00 ns, 3.3369 ns/op
OverheadActual   3: 2097152 op, 6961461.00 ns, 3.3195 ns/op
OverheadActual   4: 2097152 op, 7057185.00 ns, 3.3651 ns/op
OverheadActual   5: 2097152 op, 6998081.00 ns, 3.3369 ns/op
OverheadActual   6: 2097152 op, 6957233.00 ns, 3.3175 ns/op
OverheadActual   7: 2097152 op, 6946142.00 ns, 3.3122 ns/op
OverheadActual   8: 2097152 op, 6958986.00 ns, 3.3183 ns/op
OverheadActual   9: 2097152 op, 6955731.00 ns, 3.3168 ns/op
OverheadActual  10: 2097152 op, 6964377.00 ns, 3.3209 ns/op
OverheadActual  11: 2097152 op, 7000475.00 ns, 3.3381 ns/op
OverheadActual  12: 2097152 op, 6957705.00 ns, 3.3177 ns/op
OverheadActual  13: 2097152 op, 6962123.00 ns, 3.3198 ns/op
OverheadActual  14: 2097152 op, 6963025.00 ns, 3.3202 ns/op
OverheadActual  15: 2097152 op, 6963115.00 ns, 3.3203 ns/op

WorkloadWarmup   1: 2097152 op, 511413658.00 ns, 243.8610 ns/op
WorkloadWarmup   2: 2097152 op, 504855387.00 ns, 240.7338 ns/op
WorkloadWarmup   3: 2097152 op, 505637931.00 ns, 241.1070 ns/op

// BeforeActualRun
WorkloadActual   1: 2097152 op, 506530915.00 ns, 241.5328 ns/op
WorkloadActual   2: 2097152 op, 503985481.00 ns, 240.3190 ns/op
WorkloadActual   3: 2097152 op, 505841414.00 ns, 241.2040 ns/op

// AfterActualRun
WorkloadResult   1: 2097152 op, 499568792.00 ns, 238.2130 ns/op
WorkloadResult   2: 2097152 op, 497023358.00 ns, 236.9992 ns/op
WorkloadResult   3: 2097152 op, 498879291.00 ns, 237.8842 ns/op
// GC:  4 0 0 67108864 2097152
// Threading:  0 0 2097152

// AfterAll
// Benchmark Process 3905 has exited with code 0.

Mean = 237.699 ns, StdErr = 0.362 ns (0.15%), N = 3, StdDev = 0.628 ns
Min = 236.999 ns, Q1 = 237.442 ns, Median = 237.884 ns, Q3 = 238.049 ns, Max = 238.213 ns
IQR = 0.607 ns, LowerFence = 236.531 ns, UpperFence = 238.959 ns
ConfidenceInterval = [226.246 ns; 249.151 ns] (CI 99.9%), Margin = 11.453 ns (4.82% of Mean)
Skewness = -0.27, Kurtosis = 0.67, MValue = 2

// ** Remained 4 (50.0 %) benchmark(s) to run. Estimated finish 2026-10-09 21:02 (0h 0m from now) **
// **************************
// Benchmark: ReplicaSelectionBenchmarks.Random.SelectReplica: DefaultJob
// *** Execute ***
// Launch: 1 / 1
// Execute: dotnet Encina.Benchmarks-DefaultJob-1.dll --anonymousPipes 226 227 --benchmarkName Encina.Benchmarks.ReadWriteSeparation.ReplicaSelectionBenchmarks.Random_SelectReplica --job Default --benchmarkId 4 in /home/runner/work/Encina/Encina/tests/Encina.BenchmarkTests/Encina.Benchmarks/bin/Release/net10.0/Encina.Benchmarks-DefaultJob-1/bin/Release/net10.0
// Failed to set up high priority (Permission denied). In order to run benchmarks with high priority, make sure you have the right permissions.
// BeforeAnythingElse

// Benchmark Process Environment Information:
// BenchmarkDotNet v0.15.8
// Runtime=.NET 10.0.12 (10.0.12, 10.0.1226.42308), X64 RyuJIT x86-64-v3
// GC=Concurrent Workstation
// HardwareIntrinsics=AVX2+BMI1+BMI2+F16C+FMA+LZCNT+MOVBE,AVX,SSE3+SSSE3+SSE4.1+SSE4.2+POPCNT,X86Base+SSE+SSE2,AES+PCLMUL VectorSize=256
// Job: DefaultJob

OverheadJitting  1: 1 op, 220603.00 ns, 220.6030 us/op
WorkloadJitting  1: 1 op, 596376.00 ns, 596.3760 us/op

OverheadJitting  2: 16 op, 449040.00 ns, 28.0650 us/op
WorkloadJitting  2: 16 op, 481030.00 ns, 30.0644 us/op

WorkloadPilot    1: 16 op, 1452.00 ns, 90.7500 ns/op
WorkloadPilot    2: 32 op, 1563.00 ns, 48.8438 ns/op
WorkloadPilot    3: 64 op, 2084.00 ns, 32.5625 ns/op
WorkloadPilot    4: 128 op, 3006.00 ns, 23.4844 ns/op
WorkloadPilot    5: 256 op, 4829.00 ns, 18.8633 ns/op
WorkloadPilot    6: 512 op, 15609.00 ns, 30.4863 ns/op
WorkloadPilot    7: 1024 op, 29385.00 ns, 28.6963 ns/op
WorkloadPilot    8: 2048 op, 57538.00 ns, 28.0947 ns/op
WorkloadPilot    9: 4096 op, 114424.00 ns, 27.9355 ns/op
WorkloadPilot   10: 8192 op, 253074.00 ns, 30.8928 ns/op
WorkloadPilot   11: 16384 op, 478064.00 ns, 29.1787 ns/op
WorkloadPilot   12: 32768 op, 932115.00 ns, 28.4459 ns/op
WorkloadPilot   13: 65536 op, 1876822.00 ns, 28.6380 ns/op
WorkloadPilot   14: 131072 op, 2699614.00 ns, 20.5964 ns/op
WorkloadPilot   15: 262144 op, 4138746.00 ns, 15.7881 ns/op
WorkloadPilot   16: 524288 op, 7762579.00 ns, 14.8059 ns/op
WorkloadPilot   17: 1048576 op, 15197553.00 ns, 14.4935 ns/op
WorkloadPilot   18: 2097152 op, 30421937.00 ns, 14.5063 ns/op
WorkloadPilot   19: 4194304 op, 60901663.00 ns, 14.5201 ns/op
WorkloadPilot   20: 8388608 op, 122713348.00 ns, 14.6286 ns/op
WorkloadPilot   21: 16777216 op, 243007489.00 ns, 14.4844 ns/op
WorkloadPilot   22: 33554432 op, 486940930.00 ns, 14.5120 ns/op
WorkloadPilot   23: 67108864 op, 987695303.00 ns, 14.7178 ns/op

OverheadWarmup   1: 67108864 op, 222146706.00 ns, 3.3102 ns/op
OverheadWarmup   2: 67108864 op, 222209003.00 ns, 3.3112 ns/op
OverheadWarmup   3: 67108864 op, 221965677.00 ns, 3.3075 ns/op
OverheadWarmup   4: 67108864 op, 221990002.00 ns, 3.3079 ns/op
OverheadWarmup   5: 67108864 op, 222099488.00 ns, 3.3095 ns/op
OverheadWarmup   6: 67108864 op, 221919872.00 ns, 3.3069 ns/op

OverheadActual   1: 67108864 op, 222119072.00 ns, 3.3098 ns/op
OverheadActual   2: 67108864 op, 222888444.00 ns, 3.3213 ns/op
OverheadActual   3: 67108864 op, 222180781.00 ns, 3.3108 ns/op
OverheadActual   4: 67108864 op, 222116580.00 ns, 3.3098 ns/op
OverheadActual   5: 67108864 op, 222157056.00 ns, 3.3104 ns/op
OverheadActual   6: 67108864 op, 221870526.00 ns, 3.3061 ns/op
OverheadActual   7: 67108864 op, 221904109.00 ns, 3.3066 ns/op
OverheadActual   8: 67108864 op, 222097368.00 ns, 3.3095 ns/op
OverheadActual   9: 67108864 op, 221977095.00 ns, 3.3077 ns/op
OverheadActual  10: 67108864 op, 221894411.00 ns, 3.3065 ns/op
OverheadActual  11: 67108864 op, 221830611.00 ns, 3.3055 ns/op
OverheadActual  12: 67108864 op, 222005328.00 ns, 3.3081 ns/op
OverheadActual  13: 67108864 op, 222167311.00 ns, 3.3106 ns/op
OverheadActual  14: 67108864 op, 222645867.00 ns, 3.3177 ns/op
OverheadActual  15: 67108864 op, 221965003.00 ns, 3.3075 ns/op

WorkloadWarmup   1: 67108864 op, 1000990217.00 ns, 14.9159 ns/op
WorkloadWarmup   2: 67108864 op, 972674573.00 ns, 14.4940 ns/op
WorkloadWarmup   3: 67108864 op, 974136641.00 ns, 14.5158 ns/op
WorkloadWarmup   4: 67108864 op, 972749764.00 ns, 14.4951 ns/op
WorkloadWarmup   5: 67108864 op, 972547229.00 ns, 14.4921 ns/op
WorkloadWarmup   6: 67108864 op, 975565341.00 ns, 14.5371 ns/op
WorkloadWarmup   7: 67108864 op, 974533728.00 ns, 14.5217 ns/op

// BeforeActualRun
WorkloadActual   1: 67108864 op, 977819603.00 ns, 14.5706 ns/op
WorkloadActual   2: 67108864 op, 972860345.00 ns, 14.4967 ns/op
WorkloadActual   3: 67108864 op, 974278481.00 ns, 14.5179 ns/op
WorkloadActual   4: 67108864 op, 971847748.00 ns, 14.4817 ns/op
WorkloadActual   5: 67108864 op, 972068541.00 ns, 14.4850 ns/op
WorkloadActual   6: 67108864 op, 973955125.00 ns, 14.5131 ns/op
WorkloadActual   7: 67108864 op, 974205048.00 ns, 14.5168 ns/op
WorkloadActual   8: 67108864 op, 972601322.00 ns, 14.4929 ns/op
WorkloadActual   9: 67108864 op, 974596595.00 ns, 14.5226 ns/op
WorkloadActual  10: 67108864 op, 972110685.00 ns, 14.4856 ns/op
WorkloadActual  11: 67108864 op, 972364587.00 ns, 14.4894 ns/op
WorkloadActual  12: 67108864 op, 972270826.00 ns, 14.4880 ns/op
WorkloadActual  13: 67108864 op, 972847290.00 ns, 14.4966 ns/op
WorkloadActual  14: 67108864 op, 974704092.00 ns, 14.5242 ns/op
WorkloadActual  15: 67108864 op, 973773187.00 ns, 14.5104 ns/op

// AfterActualRun
WorkloadResult   1: 67108864 op, 750762977.00 ns, 11.1872 ns/op
WorkloadResult   2: 67108864 op, 752181113.00 ns, 11.2084 ns/op
WorkloadResult   3: 67108864 op, 749750380.00 ns, 11.1722 ns/op
WorkloadResult   4: 67108864 op, 749971173.00 ns, 11.1754 ns/op
WorkloadResult   5: 67108864 op, 751857757.00 ns, 11.2036 ns/op
WorkloadResult   6: 67108864 op, 752107680.00 ns, 11.2073 ns/op
WorkloadResult   7: 67108864 op, 750503954.00 ns, 11.1834 ns/op
WorkloadResult   8: 67108864 op, 752499227.00 ns, 11.2131 ns/op
WorkloadResult   9: 67108864 op, 750013317.00 ns, 11.1761 ns/op
WorkloadResult  10: 67108864 op, 750267219.00 ns, 11.1799 ns/op
WorkloadResult  11: 67108864 op, 750173458.00 ns, 11.1785 ns/op
WorkloadResult  12: 67108864 op, 750749922.00 ns, 11.1870 ns/op
WorkloadResult  13: 67108864 op, 752606724.00 ns, 11.2147 ns/op
WorkloadResult  14: 67108864 op, 751675819.00 ns, 11.2008 ns/op
// GC:  0 0 0 0 67108864
// Threading:  0 0 67108864

// AfterAll
// Benchmark Process 3914 has exited with code 0.

Mean = 11.192 ns, StdErr = 0.004 ns (0.04%), N = 14, StdDev = 0.015 ns
Min = 11.172 ns, Q1 = 11.179 ns, Median = 11.187 ns, Q3 = 11.206 ns, Max = 11.215 ns
IQR = 0.028 ns, LowerFence = 11.137 ns, UpperFence = 11.248 ns
ConfidenceInterval = [11.175 ns; 11.209 ns] (CI 99.9%), Margin = 0.017 ns (0.15% of Mean)
Skewness = 0.2, Kurtosis = 1.26, MValue = 2

// ** Remained 3 (37.5 %) benchmark(s) to run. Estimated finish 2026-10-09 21:03 (0h 0m from now) **
// **************************
// Benchmark: ReplicaSelectionBenchmarks.Random.SelectReplica: ShortRun(IterationCount=3, LaunchCount=1, WarmupCount=3)
// *** Execute ***
// Launch: 1 / 1
// Execute: dotnet Encina.Benchmarks-DefaultJob-1.dll --anonymousPipes 226 227 --benchmarkName Encina.Benchmarks.ReadWriteSeparation.ReplicaSelectionBenchmarks.Random_SelectReplica --job ShortRun --benchmarkId 5 in /home/runner/work/Encina/Encina/tests/Encina.BenchmarkTests/Encina.Benchmarks/bin/Release/net10.0/Encina.Benchmarks-DefaultJob-1/bin/Release/net10.0
// Failed to set up high priority (Permission denied). In order to run benchmarks with high priority, make sure you have the right permissions.
// BeforeAnythingElse

// Benchmark Process Environment Information:
// BenchmarkDotNet v0.15.8
// Runtime=.NET 10.0.12 (10.0.12, 10.0.1226.42308), X64 RyuJIT x86-64-v3
// GC=Concurrent Workstation
// HardwareIntrinsics=AVX2+BMI1+BMI2+F16C+FMA+LZCNT+MOVBE,AVX,SSE3+SSSE3+SSE4.1+SSE4.2+POPCNT,X86Base+SSE+SSE2,AES+PCLMUL VectorSize=256
// Job: ShortRun(IterationCount=3, LaunchCount=1, WarmupCount=3)

OverheadJitting  1: 1 op, 213519.00 ns, 213.5190 us/op
WorkloadJitting  1: 1 op, 614049.00 ns, 614.0490 us/op

OverheadJitting  2: 16 op, 527296.00 ns, 32.9560 us/op
WorkloadJitting  2: 16 op, 474819.00 ns, 29.6762 us/op

WorkloadPilot    1: 16 op, 1402.00 ns, 87.6250 ns/op
WorkloadPilot    2: 32 op, 1503.00 ns, 46.9688 ns/op
WorkloadPilot    3: 64 op, 2144.00 ns, 33.5000 ns/op
WorkloadPilot    4: 128 op, 2916.00 ns, 22.7813 ns/op
WorkloadPilot    5: 256 op, 4829.00 ns, 18.8633 ns/op
WorkloadPilot    6: 512 op, 8626.00 ns, 16.8477 ns/op
WorkloadPilot    7: 1024 op, 16140.00 ns, 15.7617 ns/op
WorkloadPilot    8: 2048 op, 31388.00 ns, 15.3262 ns/op
WorkloadPilot    9: 4096 op, 61224.00 ns, 14.9473 ns/op
WorkloadPilot   10: 8192 op, 121217.00 ns, 14.7970 ns/op
WorkloadPilot   11: 16384 op, 241993.00 ns, 14.7701 ns/op
WorkloadPilot   12: 32768 op, 533328.00 ns, 16.2759 ns/op
WorkloadPilot   13: 65536 op, 993789.00 ns, 15.1640 ns/op
WorkloadPilot   14: 131072 op, 1966961.00 ns, 15.0067 ns/op
WorkloadPilot   15: 262144 op, 3913284.00 ns, 14.9280 ns/op
WorkloadPilot   16: 524288 op, 7820115.00 ns, 14.9157 ns/op
WorkloadPilot   17: 1048576 op, 15603402.00 ns, 14.8806 ns/op
WorkloadPilot   18: 2097152 op, 31077572.00 ns, 14.8189 ns/op
WorkloadPilot   19: 4194304 op, 62244863.00 ns, 14.8403 ns/op
WorkloadPilot   20: 8388608 op, 124168625.00 ns, 14.8021 ns/op
WorkloadPilot   21: 16777216 op, 248352339.00 ns, 14.8030 ns/op
WorkloadPilot   22: 33554432 op, 505181312.00 ns, 15.0556 ns/op

OverheadWarmup   1: 33554432 op, 110994981.00 ns, 3.3079 ns/op
OverheadWarmup   2: 33554432 op, 111003477.00 ns, 3.3082 ns/op
OverheadWarmup   3: 33554432 op, 111001432.00 ns, 3.3081 ns/op
OverheadWarmup   4: 33554432 op, 111060263.00 ns, 3.3099 ns/op
OverheadWarmup   5: 33554432 op, 111027011.00 ns, 3.3089 ns/op

OverheadActual   1: 33554432 op, 111008897.00 ns, 3.3083 ns/op
OverheadActual   2: 33554432 op, 111342972.00 ns, 3.3183 ns/op
OverheadActual   3: 33554432 op, 110931572.00 ns, 3.3060 ns/op
OverheadActual   4: 33554432 op, 111184625.00 ns, 3.3136 ns/op
OverheadActual   5: 33554432 op, 110948724.00 ns, 3.3065 ns/op
OverheadActual   6: 33554432 op, 110908158.00 ns, 3.3053 ns/op
OverheadActual   7: 33554432 op, 111181920.00 ns, 3.3135 ns/op
OverheadActual   8: 33554432 op, 110939316.00 ns, 3.3062 ns/op
OverheadActual   9: 33554432 op, 111164288.00 ns, 3.3130 ns/op
OverheadActual  10: 33554432 op, 111295533.00 ns, 3.3169 ns/op
OverheadActual  11: 33554432 op, 111063639.00 ns, 3.3100 ns/op
OverheadActual  12: 33554432 op, 110970545.00 ns, 3.3072 ns/op
OverheadActual  13: 33554432 op, 111201167.00 ns, 3.3141 ns/op
OverheadActual  14: 33554432 op, 111037921.00 ns, 3.3092 ns/op
OverheadActual  15: 33554432 op, 110870778.00 ns, 3.3042 ns/op

WorkloadWarmup   1: 33554432 op, 496994942.00 ns, 14.8116 ns/op
WorkloadWarmup   2: 33554432 op, 496630392.00 ns, 14.8007 ns/op
WorkloadWarmup   3: 33554432 op, 498647266.00 ns, 14.8608 ns/op

// BeforeActualRun
WorkloadActual   1: 33554432 op, 496682688.00 ns, 14.8023 ns/op
WorkloadActual   2: 33554432 op, 497137408.00 ns, 14.8158 ns/op
WorkloadActual   3: 33554432 op, 497185973.00 ns, 14.8173 ns/op

// AfterActualRun
WorkloadResult   1: 33554432 op, 385644767.00 ns, 11.4931 ns/op
WorkloadResult   2: 33554432 op, 386099487.00 ns, 11.5067 ns/op
WorkloadResult   3: 33554432 op, 386148052.00 ns, 11.5081 ns/op
// GC:  0 0 0 0 33554432
// Threading:  0 0 33554432

// AfterAll
// Benchmark Process 3930 has exited with code 0.

Mean = 11.503 ns, StdErr = 0.005 ns (0.04%), N = 3, StdDev = 0.008 ns
Min = 11.493 ns, Q1 = 11.500 ns, Median = 11.507 ns, Q3 = 11.507 ns, Max = 11.508 ns
IQR = 0.007 ns, LowerFence = 11.489 ns, UpperFence = 11.519 ns
ConfidenceInterval = [11.352 ns; 11.654 ns] (CI 99.9%), Margin = 0.151 ns (1.31% of Mean)
Skewness = -0.37, Kurtosis = 0.67, MValue = 2

// ** Remained 2 (25.0 %) benchmark(s) to run. Estimated finish 2026-10-09 21:02 (0h 0m from now) **
// **************************
// Benchmark: ReplicaSelectionBenchmarks.RoundRobin.SelectReplica: DefaultJob
// *** Execute ***
// Launch: 1 / 1
// Execute: dotnet Encina.Benchmarks-DefaultJob-1.dll --anonymousPipes 226 227 --benchmarkName Encina.Benchmarks.ReadWriteSeparation.ReplicaSelectionBenchmarks.RoundRobin_SelectReplica --job Default --benchmarkId 6 in /home/runner/work/Encina/Encina/tests/Encina.BenchmarkTests/Encina.Benchmarks/bin/Release/net10.0/Encina.Benchmarks-DefaultJob-1/bin/Release/net10.0
// Failed to set up high priority (Permission denied). In order to run benchmarks with high priority, make sure you have the right permissions.
// BeforeAnythingElse

// Benchmark Process Environment Information:
// BenchmarkDotNet v0.15.8
// Runtime=.NET 10.0.12 (10.0.12, 10.0.1226.42308), X64 RyuJIT x86-64-v3
// GC=Concurrent Workstation
// HardwareIntrinsics=AVX2+BMI1+BMI2+F16C+FMA+LZCNT+MOVBE,AVX,SSE3+SSSE3+SSE4.1+SSE4.2+POPCNT,X86Base+SSE+SSE2,AES+PCLMUL VectorSize=256
// Job: DefaultJob

OverheadJitting  1: 1 op, 216314.00 ns, 216.3140 us/op
WorkloadJitting  1: 1 op, 513701.00 ns, 513.7010 us/op

OverheadJitting  2: 16 op, 428552.00 ns, 26.7845 us/op
WorkloadJitting  2: 16 op, 585836.00 ns, 36.6148 us/op

WorkloadPilot    1: 16 op, 731.00 ns, 45.6875 ns/op
WorkloadPilot    2: 32 op, 871.00 ns, 27.2188 ns/op
WorkloadPilot    3: 64 op, 1132.00 ns, 17.6875 ns/op
WorkloadPilot    4: 128 op, 1654.00 ns, 12.9219 ns/op
WorkloadPilot    5: 256 op, 2555.00 ns, 9.9805 ns/op
WorkloadPilot    6: 512 op, 4408.00 ns, 8.6094 ns/op
WorkloadPilot    7: 1024 op, 8145.00 ns, 7.9541 ns/op
WorkloadPilot    8: 2048 op, 15580.00 ns, 7.6074 ns/op
WorkloadPilot    9: 4096 op, 30647.00 ns, 7.4822 ns/op
WorkloadPilot   10: 8192 op, 60213.00 ns, 7.3502 ns/op
WorkloadPilot   11: 16384 op, 136104.00 ns, 8.3071 ns/op
WorkloadPilot   12: 32768 op, 240250.00 ns, 7.3318 ns/op
WorkloadPilot   13: 65536 op, 479978.00 ns, 7.3239 ns/op
WorkloadPilot   14: 131072 op, 976868.00 ns, 7.4529 ns/op
WorkloadPilot   15: 262144 op, 1937666.00 ns, 7.3916 ns/op
WorkloadPilot   16: 524288 op, 3894297.00 ns, 7.4278 ns/op
WorkloadPilot   17: 1048576 op, 7760821.00 ns, 7.4013 ns/op
WorkloadPilot   18: 2097152 op, 15453294.00 ns, 7.3687 ns/op
WorkloadPilot   19: 4194304 op, 31019940.00 ns, 7.3957 ns/op
WorkloadPilot   20: 8388608 op, 61996971.00 ns, 7.3906 ns/op
WorkloadPilot   21: 16777216 op, 123640871.00 ns, 7.3696 ns/op
WorkloadPilot   22: 33554432 op, 247295560.00 ns, 7.3700 ns/op
WorkloadPilot   23: 67108864 op, 495267103.00 ns, 7.3801 ns/op
WorkloadPilot   24: 134217728 op, 989523406.00 ns, 7.3725 ns/op

OverheadWarmup   1: 134217728 op, 443646147.00 ns, 3.3054 ns/op
OverheadWarmup   2: 134217728 op, 444066553.00 ns, 3.3086 ns/op
OverheadWarmup   3: 134217728 op, 443861680.00 ns, 3.3070 ns/op
OverheadWarmup   4: 134217728 op, 444061534.00 ns, 3.3085 ns/op
OverheadWarmup   5: 134217728 op, 445731849.00 ns, 3.3210 ns/op
OverheadWarmup   6: 134217728 op, 458740780.00 ns, 3.4179 ns/op
OverheadWarmup   7: 134217728 op, 444105747.00 ns, 3.3088 ns/op

OverheadActual   1: 134217728 op, 444697769.00 ns, 3.3133 ns/op
OverheadActual   2: 134217728 op, 444412636.00 ns, 3.3111 ns/op
OverheadActual   3: 134217728 op, 443743994.00 ns, 3.3062 ns/op
OverheadActual   4: 134217728 op, 448598061.00 ns, 3.3423 ns/op
OverheadActual   5: 134217728 op, 443959965.00 ns, 3.3078 ns/op
OverheadActual   6: 134217728 op, 444133012.00 ns, 3.3090 ns/op
OverheadActual   7: 134217728 op, 443885521.00 ns, 3.3072 ns/op
OverheadActual   8: 134217728 op, 444000325.00 ns, 3.3081 ns/op
OverheadActual   9: 134217728 op, 444434245.00 ns, 3.3113 ns/op
OverheadActual  10: 134217728 op, 444095924.00 ns, 3.3088 ns/op
OverheadActual  11: 134217728 op, 444320262.00 ns, 3.3104 ns/op
OverheadActual  12: 134217728 op, 443801119.00 ns, 3.3066 ns/op
OverheadActual  13: 134217728 op, 444543912.00 ns, 3.3121 ns/op
OverheadActual  14: 134217728 op, 446904120.00 ns, 3.3297 ns/op
OverheadActual  15: 134217728 op, 444236126.00 ns, 3.3098 ns/op

WorkloadWarmup   1: 134217728 op, 990704770.00 ns, 7.3813 ns/op
WorkloadWarmup   2: 134217728 op, 990199192.00 ns, 7.3776 ns/op
WorkloadWarmup   3: 134217728 op, 990479458.00 ns, 7.3796 ns/op
WorkloadWarmup   4: 134217728 op, 994273495.00 ns, 7.4079 ns/op
WorkloadWarmup   5: 134217728 op, 994023715.00 ns, 7.4061 ns/op
WorkloadWarmup   6: 134217728 op, 994256741.00 ns, 7.4078 ns/op
WorkloadWarmup   7: 134217728 op, 994021000.00 ns, 7.4060 ns/op

// BeforeActualRun
WorkloadActual   1: 134217728 op, 993987197.00 ns, 7.4058 ns/op
WorkloadActual   2: 134217728 op, 994006423.00 ns, 7.4059 ns/op
WorkloadActual   3: 134217728 op, 993854859.00 ns, 7.4048 ns/op
WorkloadActual   4: 134217728 op, 994057719.00 ns, 7.4063 ns/op
WorkloadActual   5: 134217728 op, 1000494814.00 ns, 7.4543 ns/op
WorkloadActual   6: 134217728 op, 994319708.00 ns, 7.4083 ns/op
WorkloadActual   7: 134217728 op, 994235219.00 ns, 7.4076 ns/op
WorkloadActual   8: 134217728 op, 1023533282.00 ns, 7.6259 ns/op
WorkloadActual   9: 134217728 op, 1022886683.00 ns, 7.6211 ns/op
WorkloadActual  10: 134217728 op, 1024456420.00 ns, 7.6328 ns/op
WorkloadActual  11: 134217728 op, 1023835167.00 ns, 7.6282 ns/op
WorkloadActual  12: 134217728 op, 1038011774.00 ns, 7.7338 ns/op
WorkloadActual  13: 134217728 op, 1023107282.00 ns, 7.6227 ns/op
WorkloadActual  14: 134217728 op, 1022428320.00 ns, 7.6177 ns/op
WorkloadActual  15: 134217728 op, 1022678619.00 ns, 7.6195 ns/op

// AfterActualRun
WorkloadResult   1: 134217728 op, 549751071.00 ns, 4.0960 ns/op
WorkloadResult   2: 134217728 op, 549770297.00 ns, 4.0961 ns/op
WorkloadResult   3: 134217728 op, 549618733.00 ns, 4.0950 ns/op
WorkloadResult   4: 134217728 op, 549821593.00 ns, 4.0965 ns/op
WorkloadResult   5: 134217728 op, 556258688.00 ns, 4.1445 ns/op
WorkloadResult   6: 134217728 op, 550083582.00 ns, 4.0984 ns/op
WorkloadResult   7: 134217728 op, 549999093.00 ns, 4.0978 ns/op
WorkloadResult   8: 134217728 op, 579297156.00 ns, 4.3161 ns/op
WorkloadResult   9: 134217728 op, 578650557.00 ns, 4.3113 ns/op
WorkloadResult  10: 134217728 op, 580220294.00 ns, 4.3230 ns/op
WorkloadResult  11: 134217728 op, 579599041.00 ns, 4.3183 ns/op
WorkloadResult  12: 134217728 op, 593775648.00 ns, 4.4240 ns/op
WorkloadResult  13: 134217728 op, 578871156.00 ns, 4.3129 ns/op
WorkloadResult  14: 134217728 op, 578192194.00 ns, 4.3079 ns/op
WorkloadResult  15: 134217728 op, 578442493.00 ns, 4.3097 ns/op
// GC:  0 0 0 0 134217728
// Threading:  0 0 134217728

// AfterAll
// Benchmark Process 3938 has exited with code 0.

Mean = 4.223 ns, StdErr = 0.031 ns (0.73%), N = 15, StdDev = 0.120 ns
Min = 4.095 ns, Q1 = 4.097 ns, Median = 4.308 ns, Q3 = 4.315 ns, Max = 4.424 ns
IQR = 0.217 ns, LowerFence = 3.771 ns, UpperFence = 4.641 ns
ConfidenceInterval = [4.095 ns; 4.351 ns] (CI 99.9%), Margin = 0.128 ns (3.03% of Mean)
Skewness = 0.03, Kurtosis = 1.2, MValue = 3.75

// ** Remained 1 (12.5 %) benchmark(s) to run. Estimated finish 2026-10-09 21:03 (0h 0m from now) **
// **************************
// Benchmark: ReplicaSelectionBenchmarks.RoundRobin.SelectReplica: ShortRun(IterationCount=3, LaunchCount=1, WarmupCount=3)
// *** Execute ***
// Launch: 1 / 1
// Execute: dotnet Encina.Benchmarks-DefaultJob-1.dll --anonymousPipes 226 227 --benchmarkName Encina.Benchmarks.ReadWriteSeparation.ReplicaSelectionBenchmarks.RoundRobin_SelectReplica --job ShortRun --benchmarkId 7 in /home/runner/work/Encina/Encina/tests/Encina.BenchmarkTests/Encina.Benchmarks/bin/Release/net10.0/Encina.Benchmarks-DefaultJob-1/bin/Release/net10.0
// Failed to set up high priority (Permission denied). In order to run benchmarks with high priority, make sure you have the right permissions.
// BeforeAnythingElse

// Benchmark Process Environment Information:
// BenchmarkDotNet v0.15.8
// Runtime=.NET 10.0.12 (10.0.12, 10.0.1226.42308), X64 RyuJIT x86-64-v3
// GC=Concurrent Workstation
// HardwareIntrinsics=AVX2+BMI1+BMI2+F16C+FMA+LZCNT+MOVBE,AVX,SSE3+SSSE3+SSE4.1+SSE4.2+POPCNT,X86Base+SSE+SSE2,AES+PCLMUL VectorSize=256
// Job: ShortRun(IterationCount=3, LaunchCount=1, WarmupCount=3)

OverheadJitting  1: 1 op, 211035.00 ns, 211.0350 us/op
WorkloadJitting  1: 1 op, 532626.00 ns, 532.6260 us/op

OverheadJitting  2: 16 op, 427580.00 ns, 26.7238 us/op
WorkloadJitting  2: 16 op, 472354.00 ns, 29.5221 us/op

WorkloadPilot    1: 16 op, 932.00 ns, 58.2500 ns/op
WorkloadPilot    2: 32 op, 1463.00 ns, 45.7188 ns/op
WorkloadPilot    3: 64 op, 1122.00 ns, 17.5313 ns/op
WorkloadPilot    4: 128 op, 2675.00 ns, 20.8984 ns/op
WorkloadPilot    5: 256 op, 4448.00 ns, 17.3750 ns/op
WorkloadPilot    6: 512 op, 7865.00 ns, 15.3613 ns/op
WorkloadPilot    7: 1024 op, 14507.00 ns, 14.1670 ns/op
WorkloadPilot    8: 2048 op, 27642.00 ns, 13.4971 ns/op
WorkloadPilot    9: 4096 op, 69160.00 ns, 16.8848 ns/op
WorkloadPilot   10: 8192 op, 72375.00 ns, 8.8348 ns/op
WorkloadPilot   11: 16384 op, 130293.00 ns, 7.9525 ns/op
WorkloadPilot   12: 32768 op, 275145.00 ns, 8.3968 ns/op
WorkloadPilot   13: 65536 op, 506738.00 ns, 7.7322 ns/op
WorkloadPilot   14: 131072 op, 973331.00 ns, 7.4259 ns/op
WorkloadPilot   15: 262144 op, 1929511.00 ns, 7.3605 ns/op
WorkloadPilot   16: 524288 op, 3834054.00 ns, 7.3129 ns/op
WorkloadPilot   17: 1048576 op, 7604911.00 ns, 7.2526 ns/op
WorkloadPilot   18: 2097152 op, 15142976.00 ns, 7.2207 ns/op
WorkloadPilot   19: 4194304 op, 30294077.00 ns, 7.2227 ns/op
WorkloadPilot   20: 8388608 op, 60619082.00 ns, 7.2264 ns/op
WorkloadPilot   21: 16777216 op, 121124339.00 ns, 7.2196 ns/op
WorkloadPilot   22: 33554432 op, 241836727.00 ns, 7.2073 ns/op
WorkloadPilot   23: 67108864 op, 483982093.00 ns, 7.2119 ns/op
WorkloadPilot   24: 134217728 op, 973397734.00 ns, 7.2524 ns/op

OverheadWarmup   1: 134217728 op, 444662929.00 ns, 3.3130 ns/op
OverheadWarmup   2: 134217728 op, 443965754.00 ns, 3.3078 ns/op
OverheadWarmup   3: 134217728 op, 443678496.00 ns, 3.3057 ns/op
OverheadWarmup   4: 134217728 op, 444487690.00 ns, 3.3117 ns/op
OverheadWarmup   5: 134217728 op, 445159448.00 ns, 3.3167 ns/op
OverheadWarmup   6: 134217728 op, 444421451.00 ns, 3.3112 ns/op
OverheadWarmup   7: 134217728 op, 444068461.00 ns, 3.3086 ns/op
OverheadWarmup   8: 134217728 op, 444289174.00 ns, 3.3102 ns/op
OverheadWarmup   9: 134217728 op, 444200037.00 ns, 3.3095 ns/op

OverheadActual   1: 134217728 op, 444055746.00 ns, 3.3085 ns/op
OverheadActual   2: 134217728 op, 444385564.00 ns, 3.3109 ns/op
OverheadActual   3: 134217728 op, 443937115.00 ns, 3.3076 ns/op
OverheadActual   4: 134217728 op, 444794509.00 ns, 3.3140 ns/op
OverheadActual   5: 134217728 op, 444203282.00 ns, 3.3096 ns/op
OverheadActual   6: 134217728 op, 445715052.00 ns, 3.3208 ns/op
OverheadActual   7: 134217728 op, 444675747.00 ns, 3.3131 ns/op
OverheadActual   8: 134217728 op, 464767409.00 ns, 3.4628 ns/op
OverheadActual   9: 134217728 op, 458079914.00 ns, 3.4130 ns/op
OverheadActual  10: 134217728 op, 444227247.00 ns, 3.3098 ns/op
OverheadActual  11: 134217728 op, 444341932.00 ns, 3.3106 ns/op
OverheadActual  12: 134217728 op, 443885898.00 ns, 3.3072 ns/op
OverheadActual  13: 134217728 op, 444023025.00 ns, 3.3082 ns/op
OverheadActual  14: 134217728 op, 443937376.00 ns, 3.3076 ns/op
OverheadActual  15: 134217728 op, 444332090.00 ns, 3.3105 ns/op

WorkloadWarmup   1: 134217728 op, 967080626.00 ns, 7.2053 ns/op
WorkloadWarmup   2: 134217728 op, 967261846.00 ns, 7.2067 ns/op
WorkloadWarmup   3: 134217728 op, 967589438.00 ns, 7.2091 ns/op

// BeforeActualRun
WorkloadActual   1: 134217728 op, 973131925.00 ns, 7.2504 ns/op
WorkloadActual   2: 134217728 op, 968038079.00 ns, 7.2124 ns/op
WorkloadActual   3: 134217728 op, 972015375.00 ns, 7.2421 ns/op

// AfterActualRun
WorkloadResult   1: 134217728 op, 528799835.00 ns, 3.9399 ns/op
WorkloadResult   2: 134217728 op, 523705989.00 ns, 3.9019 ns/op
WorkloadResult   3: 134217728 op, 527683285.00 ns, 3.9315 ns/op
// GC:  0 0 0 0 134217728
// Threading:  0 0 134217728

// AfterAll
// Benchmark Process 3952 has exited with code 0.

Mean = 3.924 ns, StdErr = 0.012 ns (0.29%), N = 3, StdDev = 0.020 ns
Min = 3.902 ns, Q1 = 3.917 ns, Median = 3.932 ns, Q3 = 3.936 ns, Max = 3.940 ns
IQR = 0.019 ns, LowerFence = 3.888 ns, UpperFence = 3.964 ns
ConfidenceInterval = [3.561 ns; 4.288 ns] (CI 99.9%), Margin = 0.364 ns (9.27% of Mean)
Skewness = -0.31, Kurtosis = 0.67, MValue = 2

// ** Remained 0 (0.0 %) benchmark(s) to run. Estimated finish 2026-10-09 21:03 (0h 0m from now) **
// ***** BenchmarkRunner: Finish  *****

// * Export *
  artifacts/performance/Core/results/Encina.Benchmarks.ReadWriteSeparation.ReplicaSelectionBenchmarks-report.csv
  artifacts/performance/Core/results/Encina.Benchmarks.ReadWriteSeparation.ReplicaSelectionBenchmarks-report-github.md
  artifacts/performance/Core/results/Encina.Benchmarks.ReadWriteSeparation.ReplicaSelectionBenchmarks-report.html
  artifacts/performance/Core/results/Encina.Benchmarks.ReadWriteSeparation.ReplicaSelectionBenchmarks-report-full-compressed.json

// * Detailed results *
ReplicaSelectionBenchmarks.'LeastConnections.AcquireReplica (lease)': DefaultJob
Runtime = .NET 10.0.12 (10.0.12, 10.0.1226.42308), X64 RyuJIT x86-64-v3; GC = Concurrent Workstation
Mean = 283.282 ns, StdErr = 0.164 ns (0.06%), N = 14, StdDev = 0.613 ns
Min = 282.072 ns, Q1 = 282.880 ns, Median = 283.378 ns, Q3 = 283.553 ns, Max = 284.455 ns
IQR = 0.672 ns, LowerFence = 281.872 ns, UpperFence = 284.562 ns
ConfidenceInterval = [282.591 ns; 283.974 ns] (CI 99.9%), Margin = 0.691 ns (0.24% of Mean)
Skewness = -0.15, Kurtosis = 2.42, MValue = 2
-------------------- Histogram --------------------
[281.738 ns ; 284.789 ns) | @@@@@@@@@@@@@@
---------------------------------------------------

ReplicaSelectionBenchmarks.LeastConnections.SelectReplica: DefaultJob
Runtime = .NET 10.0.12 (10.0.12, 10.0.1226.42308), X64 RyuJIT x86-64-v3; GC = Concurrent Workstation
Mean = 246.285 ns, StdErr = 0.317 ns (0.13%), N = 13, StdDev = 1.143 ns
Min = 244.916 ns, Q1 = 245.421 ns, Median = 245.992 ns, Q3 = 246.756 ns, Max = 248.737 ns
IQR = 1.335 ns, LowerFence = 243.419 ns, UpperFence = 248.758 ns
ConfidenceInterval = [244.916 ns; 247.653 ns] (CI 99.9%), Margin = 1.369 ns (0.56% of Mean)
Skewness = 0.79, Kurtosis = 2.33, MValue = 2
-------------------- Histogram --------------------
[244.278 ns ; 249.375 ns) | @@@@@@@@@@@@@
---------------------------------------------------

ReplicaSelectionBenchmarks.Random.SelectReplica: DefaultJob
Runtime = .NET 10.0.12 (10.0.12, 10.0.1226.42308), X64 RyuJIT x86-64-v3; GC = Concurrent Workstation
Mean = 11.192 ns, StdErr = 0.004 ns (0.04%), N = 14, StdDev = 0.015 ns
Min = 11.172 ns, Q1 = 11.179 ns, Median = 11.187 ns, Q3 = 11.206 ns, Max = 11.215 ns
IQR = 0.028 ns, LowerFence = 11.137 ns, UpperFence = 11.248 ns
ConfidenceInterval = [11.175 ns; 11.209 ns] (CI 99.9%), Margin = 0.017 ns (0.15% of Mean)
Skewness = 0.2, Kurtosis = 1.26, MValue = 2
-------------------- Histogram --------------------
[11.164 ns ; 11.223 ns) | @@@@@@@@@@@@@@
---------------------------------------------------

ReplicaSelectionBenchmarks.RoundRobin.SelectReplica: DefaultJob
Runtime = .NET 10.0.12 (10.0.12, 10.0.1226.42308), X64 RyuJIT x86-64-v3; GC = Concurrent Workstation
Mean = 4.223 ns, StdErr = 0.031 ns (0.73%), N = 15, StdDev = 0.120 ns
Min = 4.095 ns, Q1 = 4.097 ns, Median = 4.308 ns, Q3 = 4.315 ns, Max = 4.424 ns
IQR = 0.217 ns, LowerFence = 3.771 ns, UpperFence = 4.641 ns
ConfidenceInterval = [4.095 ns; 4.351 ns] (CI 99.9%), Margin = 0.128 ns (3.03% of Mean)
Skewness = 0.03, Kurtosis = 1.2, MValue = 3.75
-------------------- Histogram --------------------
[4.056 ns ; 4.183 ns) | @@@@@@@
[4.183 ns ; 4.302 ns) | 
[4.302 ns ; 4.430 ns) | @@@@@@@@
---------------------------------------------------

ReplicaSelectionBenchmarks.'LeastConnections.AcquireReplica (lease)': ShortRun(IterationCount=3, LaunchCount=1, WarmupCount=3)
Runtime = .NET 10.0.12 (10.0.12, 10.0.1226.42308), X64 RyuJIT x86-64-v3; GC = Concurrent Workstation
Mean = 276.238 ns, StdErr = 0.550 ns (0.20%), N = 3, StdDev = 0.953 ns
Min = 275.573 ns, Q1 = 275.692 ns, Median = 275.812 ns, Q3 = 276.571 ns, Max = 277.331 ns
IQR = 0.879 ns, LowerFence = 274.374 ns, UpperFence = 277.889 ns
ConfidenceInterval = [258.846 ns; 293.631 ns] (CI 99.9%), Margin = 17.393 ns (6.30% of Mean)
Skewness = 0.36, Kurtosis = 0.67, MValue = 2
-------------------- Histogram --------------------
[274.706 ns ; 278.198 ns) | @@@
---------------------------------------------------

ReplicaSelectionBenchmarks.LeastConnections.SelectReplica: ShortRun(IterationCount=3, LaunchCount=1, WarmupCount=3)
Runtime = .NET 10.0.12 (10.0.12, 10.0.1226.42308), X64 RyuJIT x86-64-v3; GC = Concurrent Workstation
Mean = 237.699 ns, StdErr = 0.362 ns (0.15%), N = 3, StdDev = 0.628 ns
Min = 236.999 ns, Q1 = 237.442 ns, Median = 237.884 ns, Q3 = 238.049 ns, Max = 238.213 ns
IQR = 0.607 ns, LowerFence = 236.531 ns, UpperFence = 238.959 ns
ConfidenceInterval = [226.246 ns; 249.151 ns] (CI 99.9%), Margin = 11.453 ns (4.82% of Mean)
Skewness = -0.27, Kurtosis = 0.67, MValue = 2
-------------------- Histogram --------------------
[236.428 ns ; 238.784 ns) | @@@
---------------------------------------------------

ReplicaSelectionBenchmarks.Random.SelectReplica: ShortRun(IterationCount=3, LaunchCount=1, WarmupCount=3)
Runtime = .NET 10.0.12 (10.0.12, 10.0.1226.42308), X64 RyuJIT x86-64-v3; GC = Concurrent Workstation
Mean = 11.503 ns, StdErr = 0.005 ns (0.04%), N = 3, StdDev = 0.008 ns
Min = 11.493 ns, Q1 = 11.500 ns, Median = 11.507 ns, Q3 = 11.507 ns, Max = 11.508 ns
IQR = 0.007 ns, LowerFence = 11.489 ns, UpperFence = 11.519 ns
ConfidenceInterval = [11.352 ns; 11.654 ns] (CI 99.9%), Margin = 0.151 ns (1.31% of Mean)
Skewness = -0.37, Kurtosis = 0.67, MValue = 2
-------------------- Histogram --------------------
[11.493 ns ; 11.508 ns) | @@@
---------------------------------------------------

ReplicaSelectionBenchmarks.RoundRobin.SelectReplica: ShortRun(IterationCount=3, LaunchCount=1, WarmupCount=3)
Runtime = .NET 10.0.12 (10.0.12, 10.0.1226.42308), X64 RyuJIT x86-64-v3; GC = Concurrent Workstation
Mean = 3.924 ns, StdErr = 0.012 ns (0.29%), N = 3, StdDev = 0.020 ns
Min = 3.902 ns, Q1 = 3.917 ns, Median = 3.932 ns, Q3 = 3.936 ns, Max = 3.940 ns
IQR = 0.019 ns, LowerFence = 3.888 ns, UpperFence = 3.964 ns
ConfidenceInterval = [3.561 ns; 4.288 ns] (CI 99.9%), Margin = 0.364 ns (9.27% of Mean)
Skewness = -0.31, Kurtosis = 0.67, MValue = 2
-------------------- Histogram --------------------
[3.884 ns ; 3.958 ns) | @@@
---------------------------------------------------

// * Summary *

BenchmarkDotNet v0.15.8, Linux Ubuntu 24.04.5 LTS (Noble Numbat)
AMD EPYC 7763 2.45GHz, 1 CPU, 4 logical and 2 physical cores
.NET SDK 10.0.401
  [Host]     : .NET 10.0.12 (10.0.12, 10.0.1226.42308), X64 RyuJIT x86-64-v3
  DefaultJob : .NET 10.0.12 (10.0.12, 10.0.1226.42308), X64 RyuJIT x86-64-v3
  ShortRun   : .NET 10.0.12 (10.0.12, 10.0.1226.42308), X64 RyuJIT x86-64-v3


| Method                                    | Job        | IterationCount | LaunchCount | WarmupCount | Mean       | Error      | StdDev    | Ratio | RatioSD | Rank | Gen0   | Allocated | Alloc Ratio |
|------------------------------------------ |----------- |--------------- |------------ |------------ |-----------:|-----------:|----------:|------:|--------:|-----:|-------:|----------:|------------:|
| 'LeastConnections.AcquireReplica (lease)' | DefaultJob | Default        | Default     | Default     | 283.282 ns |  0.6915 ns | 0.6130 ns | 67.13 |    1.85 |    4 | 0.0019 |      32 B |          NA |
| LeastConnections.SelectReplica            | DefaultJob | Default        | Default     | Default     | 246.285 ns |  1.3687 ns | 1.1430 ns | 58.36 |    1.62 |    3 | 0.0019 |      32 B |          NA |
| Random.SelectReplica                      | DefaultJob | Default        | Default     | Default     |  11.192 ns |  0.0173 ns | 0.0153 ns |  2.65 |    0.07 |    2 |      - |         - |          NA |
| RoundRobin.SelectReplica                  | DefaultJob | Default        | Default     | Default     |   4.223 ns |  0.1280 ns | 0.1197 ns |  1.00 |    0.04 |    1 |      - |         - |          NA |
|                                           |            |                |             |             |            |            |           |       |         |      |        |           |             |
| 'LeastConnections.AcquireReplica (lease)' | ShortRun   | 3              | 1           | 3           | 276.238 ns | 17.3925 ns | 0.9533 ns | 70.39 |    0.38 |    3 | 0.0019 |      32 B |          NA |
| LeastConnections.SelectReplica            | ShortRun   | 3              | 1           | 3           | 237.699 ns | 11.4527 ns | 0.6278 ns | 60.57 |    0.30 |    3 | 0.0019 |      32 B |          NA |
| Random.SelectReplica                      | ShortRun   | 3              | 1           | 3           |  11.503 ns |  0.1509 ns | 0.0083 ns |  2.93 |    0.01 |    2 |      - |         - |          NA |
| RoundRobin.SelectReplica                  | ShortRun   | 3              | 1           | 3           |   3.924 ns |  0.3639 ns | 0.0199 ns |  1.00 |    0.01 |    1 |      - |         - |          NA |

// * Warnings *
MultimodalDistribution
  ReplicaSelectionBenchmarks.RoundRobin.SelectReplica: Default -> It seems that the distribution is bimodal (mValue = 3.75)

// * Hints *
Outliers
  ReplicaSelectionBenchmarks.'LeastConnections.AcquireReplica (lease)': Default -> 1 outlier  was  removed (296.88 ns)
  ReplicaSelectionBenchmarks.LeastConnections.SelectReplica: Default            -> 2 outliers were removed (256.46 ns, 260.25 ns)
  ReplicaSelectionBenchmarks.Random.SelectReplica: Default                      -> 1 outlier  was  removed (14.57 ns)
// * Config Issues *

// * Warnings *
Configuration
  Summary -> The exporter CsvExporter is already present in configuration. There may be unexpected results.
  Summary -> The exporter HtmlExporter is already present in configuration. There may be unexpected results.
  Summary -> The exporter MarkdownExporter-github is already present in configuration. There may be unexpected results.

// * Legends *
  Mean        : Arithmetic mean of all measurements
  Error       : Half of 99.9% confidence interval
  StdDev      : Standard deviation of all measurements
  Ratio       : Mean of the ratio distribution ([Current]/[Baseline])
  RatioSD     : Standard deviation of the ratio distribution ([Current]/[Baseline])
  Rank        : Relative position of current benchmark mean among all benchmarks (Arabic style)
  Gen0        : GC Generation 0 collects per 1000 operations
  Allocated   : Allocated memory per single operation (managed only, inclusive, 1KB = 1024B)
  Alloc Ratio : Allocated memory ratio distribution ([Current]/[Baseline])
  1 ns        : 1 Nanosecond (0.000000001 sec)

// * Diagnostic Output - MemoryDiagnoser *


// ***** BenchmarkRunner: End *****
Run time: 00:02:14 (134.22 sec), executed benchmarks: 8

Global total time: 00:05:30 (330.46 sec), executed benchmarks: 8
// * Artifacts cleanup *
Artifacts cleanup is finished
